[train] runs/gt_dual_gpu at 1feb485+dirty seed=1 {'minutes': 2.0, 'warm_minutes': 0.5, 'snapshot_every': 1.0, 'ladder_games': 0, 'note': 'dual-gpu-fp16-oversubscribed'}
[train] dual-gpu-fp16-oversubscribed
[cpu] pinned to 36 physical cores
[train] CUDA stream priority -1
[train] search inference on cuda:0,cuda:1
[cfg] PUBFEAT=897 CFEAT=15 architecture=gt-cfr nodes=256 expand=4 iters=16 budget=120s warm=30s snapshot_every=1min device=cuda:1 draft=random train_gen_ratio=64.0 recent_mix=0.5/0.2 canonical_views=2 cap=2000000 matmul=high
[t=   1.6s] greedy ep  0 games=  96 dec= 18968 rows= 18118 horizon=0.30 L=2.22073 L/var=15.08 tgt=-0.065/0.384 pstd=0.088 gen=0.1s train=1.4s
[t=   2.7s] greedy ep  1 games=  96 dec= 18844 rows= 18051 horizon=0.33 L=0.54212 L/var=3.12 tgt=-0.083/0.417 pstd=0.061 gen=0.1s train=0.9s
[t=   3.8s] greedy ep  2 games=  96 dec= 18181 rows= 17414 horizon=0.27 L=0.45004 L/var=2.85 tgt=-0.076/0.397 pstd=0.044 gen=0.1s train=0.8s
[t=   4.8s] greedy ep  3 games=  96 dec= 17989 rows= 17120 horizon=0.26 L=0.33691 L/var=2.22 tgt=-0.077/0.389 pstd=0.041 gen=0.1s train=0.8s
[t=   5.9s] greedy ep  4 games=  96 dec= 18823 rows= 18078 horizon=0.29 L=0.29780 L/var=1.94 tgt=-0.064/0.392 pstd=0.033 gen=0.1s train=0.9s
[t=   7.1s] greedy ep  5 games=  96 dec= 18924 rows= 18146 horizon=0.33 L=0.27908 L/var=1.89 tgt=-0.051/0.384 pstd=0.061 gen=0.1s train=1.0s
[t=   8.2s] greedy ep  6 games=  96 dec= 17615 rows= 16921 horizon=0.26 L=0.28205 L/var=1.75 tgt=-0.082/0.402 pstd=0.058 gen=0.1s train=0.9s
[t=   9.4s] greedy ep  7 games=  96 dec= 18608 rows= 17786 horizon=0.36 L=0.23962 L/var=1.38 tgt=-0.092/0.417 pstd=0.075 gen=0.1s train=0.9s
[t=  10.6s] greedy ep  8 games=  96 dec= 19040 rows= 18296 horizon=0.36 L=0.22336 L/var=1.41 tgt=-0.064/0.398 pstd=0.068 gen=0.1s train=1.0s
[t=  11.8s] greedy ep  9 games=  96 dec= 18200 rows= 17459 horizon=0.27 L=0.22421 L/var=1.33 tgt=-0.090/0.411 pstd=0.077 gen=0.1s train=0.9s
[t=  13.0s] greedy ep 10 games=  96 dec= 17927 rows= 17200 horizon=0.24 L=0.22521 L/var=1.38 tgt=-0.082/0.404 pstd=0.073 gen=0.1s train=0.9s
[t=  14.1s] greedy ep 11 games=  96 dec= 17941 rows= 17162 horizon=0.28 L=0.22283 L/var=1.39 tgt=-0.100/0.400 pstd=0.076 gen=0.1s train=0.9s
[t=  15.3s] greedy ep 12 games=  96 dec= 17384 rows= 16648 horizon=0.25 L=0.21683 L/var=1.59 tgt=-0.053/0.370 pstd=0.080 gen=0.1s train=0.9s
[t=  16.4s] greedy ep 13 games=  96 dec= 18153 rows= 17377 horizon=0.28 L=0.22044 L/var=1.38 tgt=-0.090/0.400 pstd=0.092 gen=0.1s train=0.9s
[t=  17.6s] greedy ep 14 games=  96 dec= 18097 rows= 17377 horizon=0.26 L=0.22121 L/var=1.47 tgt=-0.061/0.388 pstd=0.120 gen=0.1s train=0.9s
[t=  18.8s] greedy ep 15 games=  96 dec= 18356 rows= 17581 horizon=0.30 L=0.22932 L/var=1.39 tgt=-0.075/0.407 pstd=0.131 gen=0.1s train=0.9s
[t=  20.0s] greedy ep 16 games=  96 dec= 19141 rows= 18328 horizon=0.32 L=0.21698 L/var=1.35 tgt=-0.060/0.400 pstd=0.149 gen=0.1s train=1.0s
[t=  21.2s] greedy ep 17 games=  96 dec= 18885 rows= 18173 horizon=0.30 L=0.21444 L/var=1.28 tgt=-0.075/0.410 pstd=0.109 gen=0.1s train=1.0s
[t=  22.4s] greedy ep 18 games=  96 dec= 17886 rows= 17103 horizon=0.25 L=0.21358 L/var=1.43 tgt=-0.064/0.386 pstd=0.146 gen=0.1s train=0.9s
[t=  23.6s] greedy ep 19 games=  96 dec= 17738 rows= 16961 horizon=0.23 L=0.20967 L/var=1.12 tgt=-0.108/0.433 pstd=0.158 gen=0.1s train=0.9s
[t=  24.8s] greedy ep 20 games=  96 dec= 17716 rows= 17039 horizon=0.28 L=0.20695 L/var=1.12 tgt=-0.090/0.429 pstd=0.146 gen=0.1s train=0.9s
[t=  25.9s] greedy ep 21 games=  96 dec= 17777 rows= 17032 horizon=0.23 L=0.19988 L/var=1.24 tgt=-0.097/0.401 pstd=0.182 gen=0.1s train=0.9s
[t=  27.1s] greedy ep 22 games=  96 dec= 18472 rows= 17732 horizon=0.33 L=0.20000 L/var=1.27 tgt=-0.079/0.396 pstd=0.174 gen=0.1s train=0.9s
[t=  28.3s] greedy ep 23 games=  96 dec= 18429 rows= 17627 horizon=0.27 L=0.20003 L/var=1.31 tgt=-0.079/0.391 pstd=0.165 gen=0.1s train=0.9s
[t=  29.5s] greedy ep 24 games=  96 dec= 18992 rows= 18327 horizon=0.35 L=0.20698 L/var=1.22 tgt=-0.080/0.412 pstd=0.202 gen=0.1s train=1.0s
[t=  30.7s] greedy ep 25 games=  96 dec= 18039 rows= 17262 horizon=0.23 L=0.21446 L/var=1.23 tgt=-0.097/0.418 pstd=0.164 gen=0.1s train=0.9s
[t=  30.7s] --- snapshot snap_00.pt (init) ---
[t=  30.7s] --- switching to GT-CFR ---
[t=  51.4s] GT-CFR solves=8 rate=0.4/s rows=91 games=0 caps=3 L=0.00000 L/var=0.00 tgt=-0.066/0.059 gen=20.58s train=0.00s gpu=0.00s
[t=  60.5s] --- lr -> 5.00e-04 ---
[t=  61.6s] GT-CFR solves=640 rate=20.8/s rows=108 games=0 caps=134 L=0.00745 L/var=2.58 tgt=-0.052/0.054 gen=22.19s train=0.25s gpu=0.00s
[t=  71.7s] GT-CFR solves=1296 rate=31.7/s rows=98 games=0 caps=217 L=0.00277 L/var=0.84 tgt=-0.045/0.058 gen=4.50s train=0.20s gpu=0.00s
[t=  81.8s] GT-CFR solves=1872 rate=36.7/s rows=136 games=0 caps=217 L=0.00250 L/var=0.67 tgt=-0.075/0.061 gen=5.20s train=0.26s gpu=0.00s
[t=  90.9s] --- snapshot snap_01.pt (s1) ---
[t=  91.1s] --- lr -> 2.50e-04 ---
[t=  92.0s] GT-CFR solves=2400 rate=39.2/s rows=78 games=0 caps=246 L=0.00227 L/var=0.94 tgt=-0.055/0.049 gen=5.93s train=0.27s gpu=0.00s
[t= 102.2s] GT-CFR solves=2944 rate=41.2/s rows=89 games=0 caps=352 L=0.00224 L/var=1.27 tgt=-0.033/0.042 gen=6.63s train=0.31s gpu=0.00s
[t= 112.3s] GT-CFR solves=3440 rate=42.2/s rows=70 games=0 caps=423 L=0.00212 L/var=0.77 tgt=-0.059/0.052 gen=7.23s train=0.37s gpu=0.00s
Traceback (most recent call last):
  File "/workspace/warchest-engine/train/train.py", line 891, in <module>
    main()
  File "/workspace/warchest-engine/train/train.py", line 870, in main
    run_search_pipeline()
  File "/workspace/warchest-engine/train/train.py", line 606, in run_search_pipeline
    raise error
  File "/workspace/warchest-engine/train/train.py", line 579, in generate
    data = stream.generate(args.gen_solves)
           ^^^^^^^^^^^^^^^^^^^^^^^^^^^^^^^^
pyo3_runtime.PanicException: GPU inference server stopped
