[train] CUDA stream priority -1
[gpu] solve services up on [0, 1]
[cfg] PUBFEAT=897 CFEAT=16 hidden=384 head=384 dg=64 rank=64 depth=2 iters=64 budget=1500s warm=300s device=cuda:1 draft=random snapshots=3 (every 6.7min) train_gen_ratio=4.0 recent_mix=0.5/0.2 augment=True cap=2000000 matmul=high
[t=   2.2s] greedy ep  0 games=  96 dec= 19020 rows= 18171 horizon=0.30 nodecap=0 over=0 card=0 exact=0 drop=0 cfgs= 27.4 L=0.08116 P=nan old=0.01408 new=0.00409 tgt=-0.023/0.480 pstd=0.465 capv=0.040 lr=1.0e-03 gen=0.1s conv=0.0s add=0.1s train=2.0s sps=0
[t=   4.0s] greedy ep  1 games=  96 dec= 18777 rows= 17977 horizon=0.32 nodecap=0 over=0 card=0 exact=0 drop=0 cfgs= 26.6 L=0.03394 P=nan old=0.01366 new=0.00363 tgt=-0.059/0.493 pstd=0.466 capv=0.040 lr=1.0e-03 gen=0.1s conv=0.0s add=0.1s train=1.6s sps=0
[t=   5.8s] greedy ep  2 games=  96 dec= 18179 rows= 17397 horizon=0.26 nodecap=0 over=0 card=0 exact=0 drop=0 cfgs= 27.9 L=0.03056 P=nan old=0.01056 new=0.00384 tgt=-0.018/0.516 pstd=0.470 capv=0.040 lr=1.0e-03 gen=0.1s conv=0.0s add=0.1s train=1.6s sps=0
[t=   7.6s] greedy ep  3 games=  96 dec= 17876 rows= 17033 horizon=0.26 nodecap=0 over=0 card=0 exact=0 drop=0 cfgs= 26.4 L=0.02656 P=nan old=0.01196 new=0.00560 tgt=-0.027/0.498 pstd=0.467 capv=0.040 lr=1.0e-03 gen=0.1s conv=0.0s add=0.1s train=1.7s sps=0
[t=   9.8s] greedy ep  4 games=  96 dec= 19004 rows= 18249 horizon=0.31 nodecap=0 over=0 card=0 exact=0 drop=0 cfgs= 28.3 L=0.02298 P=nan old=0.00828 new=0.00444 tgt=-0.025/0.465 pstd=0.464 capv=0.040 lr=1.0e-03 gen=0.1s conv=0.0s add=0.1s train=2.0s sps=0
[t=  12.0s] greedy ep  5 games=  96 dec= 19345 rows= 18536 horizon=0.35 nodecap=0 over=0 card=0 exact=0 drop=0 cfgs= 26.4 L=0.02003 P=nan old=0.00994 new=0.00436 tgt=-0.026/0.492 pstd=0.473 capv=0.040 lr=1.0e-03 gen=0.1s conv=0.0s add=0.1s train=2.0s sps=0
[t=  14.1s] greedy ep  6 games=  96 dec= 17785 rows= 17102 horizon=0.28 nodecap=0 over=0 card=0 exact=0 drop=0 cfgs= 26.9 L=0.02299 P=nan old=0.01090 new=0.00690 tgt=-0.040/0.500 pstd=0.474 capv=0.040 lr=1.0e-03 gen=0.1s conv=0.0s add=0.1s train=1.8s sps=0
[t=  16.2s] greedy ep  7 games=  96 dec= 18319 rows= 17483 horizon=0.32 nodecap=0 over=0 card=0 exact=0 drop=0 cfgs= 27.7 L=0.02026 P=nan old=0.01132 new=0.00543 tgt=-0.059/0.503 pstd=0.464 capv=0.040 lr=1.0e-03 gen=0.1s conv=0.0s add=0.1s train=1.9s sps=0
[t=  18.4s] greedy ep  8 games=  96 dec= 18824 rows= 18083 horizon=0.34 nodecap=0 over=0 card=0 exact=0 drop=0 cfgs= 26.1 L=0.01809 P=nan old=0.01180 new=0.00587 tgt=-0.018/0.491 pstd=0.471 capv=0.040 lr=1.0e-03 gen=0.1s conv=0.0s add=0.1s train=2.0s sps=0
[t=  20.5s] greedy ep  9 games=  96 dec= 18100 rows= 17381 horizon=0.26 nodecap=0 over=0 card=0 exact=0 drop=0 cfgs= 26.3 L=0.01809 P=nan old=0.01043 new=0.00608 tgt=-0.043/0.522 pstd=0.471 capv=0.040 lr=1.0e-03 gen=0.1s conv=0.0s add=0.1s train=1.9s sps=0
[t=  22.5s] greedy ep 10 games=  96 dec= 17757 rows= 17029 horizon=0.23 nodecap=0 over=0 card=0 exact=0 drop=0 cfgs= 28.7 L=0.01855 P=nan old=0.01107 new=0.00720 tgt=-0.035/0.525 pstd=0.479 capv=0.040 lr=1.0e-03 gen=0.1s conv=0.0s add=0.1s train=1.9s sps=0
[t=  24.6s] greedy ep 11 games=  96 dec= 18043 rows= 17250 horizon=0.28 nodecap=0 over=0 card=0 exact=0 drop=0 cfgs= 27.7 L=0.01716 P=nan old=0.01194 new=0.00767 tgt=-0.047/0.493 pstd=0.472 capv=0.040 lr=1.0e-03 gen=0.1s conv=0.0s add=0.1s train=1.8s sps=0
[t=  26.6s] greedy ep 12 games=  96 dec= 17420 rows= 16700 horizon=0.25 nodecap=0 over=0 card=0 exact=0 drop=0 cfgs= 27.9 L=0.01948 P=nan old=0.01212 new=0.00730 tgt=-0.028/0.502 pstd=0.479 capv=0.040 lr=1.0e-03 gen=0.1s conv=0.0s add=0.1s train=1.8s sps=0
[t=  28.8s] greedy ep 13 games=  96 dec= 18339 rows= 17564 horizon=0.29 nodecap=0 over=0 card=0 exact=0 drop=0 cfgs= 27.2 L=0.01787 P=nan old=0.01211 new=0.00793 tgt=-0.034/0.497 pstd=0.475 capv=0.040 lr=1.0e-03 gen=0.1s conv=0.0s add=0.1s train=1.9s sps=0
[t=  30.8s] greedy ep 14 games=  96 dec= 17985 rows= 17266 horizon=0.25 nodecap=0 over=0 card=0 exact=0 drop=0 cfgs= 27.8 L=0.01851 P=nan old=0.01247 new=0.00799 tgt=-0.037/0.515 pstd=0.467 capv=0.040 lr=1.0e-03 gen=0.1s conv=0.0s add=0.1s train=1.9s sps=0
[t=  32.8s] greedy ep 15 games=  96 dec= 18309 rows= 17520 horizon=0.30 nodecap=0 over=0 card=0 exact=0 drop=0 cfgs= 26.8 L=0.01777 P=nan old=0.01296 new=0.00872 tgt=-0.021/0.493 pstd=0.475 capv=0.040 lr=1.0e-03 gen=0.1s conv=0.0s add=0.1s train=1.8s sps=0
[t=  34.3s] greedy ep 16 games=  96 dec= 19097 rows= 18291 horizon=0.33 nodecap=0 over=0 card=0 exact=0 drop=0 cfgs= 27.3 L=0.01694 P=nan old=0.01388 new=0.00811 tgt=+0.006/0.479 pstd=0.477 capv=0.040 lr=1.0e-03 gen=0.1s conv=0.0s add=0.1s train=1.3s sps=0
[t=  35.5s] greedy ep 17 games=  96 dec= 18142 rows= 17461 horizon=0.26 nodecap=0 over=0 card=0 exact=0 drop=0 cfgs= 27.3 L=0.01663 P=nan old=0.01249 new=0.00883 tgt=-0.054/0.518 pstd=0.468 capv=0.040 lr=1.0e-03 gen=0.1s conv=0.0s add=0.0s train=1.0s sps=0
[t=  36.9s] greedy ep 18 games=  96 dec= 17690 rows= 16896 horizon=0.22 nodecap=0 over=0 card=0 exact=0 drop=0 cfgs= 26.3 L=0.01773 P=nan old=0.01275 new=0.00730 tgt=-0.021/0.516 pstd=0.460 capv=0.040 lr=1.0e-03 gen=0.1s conv=0.0s add=0.0s train=1.2s sps=0
[t=  38.7s] greedy ep 19 games=  96 dec= 17806 rows= 17037 horizon=0.25 nodecap=0 over=0 card=0 exact=0 drop=0 cfgs= 27.5 L=0.01800 P=nan old=0.01369 new=0.00907 tgt=-0.059/0.527 pstd=0.460 capv=0.040 lr=1.0e-03 gen=0.1s conv=0.0s add=0.1s train=1.6s sps=0
[t=  40.7s] greedy ep 20 games=  96 dec= 17813 rows= 17128 horizon=0.28 nodecap=0 over=0 card=0 exact=0 drop=0 cfgs= 27.0 L=0.01630 P=nan old=0.01363 new=0.00786 tgt=-0.068/0.519 pstd=0.466 capv=0.040 lr=1.0e-03 gen=0.1s conv=0.0s add=0.1s train=1.8s sps=0
[t=  42.7s] greedy ep 21 games=  96 dec= 17800 rows= 17085 horizon=0.25 nodecap=0 over=0 card=0 exact=0 drop=0 cfgs= 28.0 L=0.01662 P=nan old=0.01585 new=0.00922 tgt=-0.054/0.513 pstd=0.456 capv=0.040 lr=1.0e-03 gen=0.1s conv=0.0s add=0.1s train=1.8s sps=0
[t=  44.8s] greedy ep 22 games=  96 dec= 18528 rows= 17771 horizon=0.31 nodecap=0 over=0 card=0 exact=0 drop=0 cfgs= 26.7 L=0.01584 P=nan old=0.01251 new=0.00940 tgt=-0.028/0.488 pstd=0.459 capv=0.040 lr=1.0e-03 gen=0.1s conv=0.0s add=0.1s train=1.9s sps=0
[t=  46.9s] greedy ep 23 games=  96 dec= 18486 rows= 17685 horizon=0.28 nodecap=0 over=0 card=0 exact=0 drop=0 cfgs= 25.6 L=0.01517 P=nan old=0.01360 new=0.00916 tgt=-0.008/0.478 pstd=0.461 capv=0.040 lr=1.0e-03 gen=0.1s conv=0.0s add=0.1s train=1.9s sps=0
[t=  49.0s] greedy ep 24 games=  96 dec= 19060 rows= 18394 horizon=0.35 nodecap=0 over=0 card=0 exact=0 drop=0 cfgs= 25.6 L=0.01713 P=nan old=0.01540 new=0.01089 tgt=-0.011/0.480 pstd=0.461 capv=0.040 lr=1.0e-03 gen=0.1s conv=0.0s add=0.1s train=2.0s sps=0
[t=  51.1s] greedy ep 25 games=  96 dec= 18086 rows= 17335 horizon=0.23 nodecap=0 over=0 card=0 exact=0 drop=0 cfgs= 27.3 L=0.01932 P=nan old=0.01432 new=0.00955 tgt=-0.026/0.520 pstd=0.466 capv=0.040 lr=1.0e-03 gen=0.1s conv=0.0s add=0.1s train=1.8s sps=0
[t=  53.3s] greedy ep 26 games=  96 dec= 19692 rows= 18851 horizon=0.33 nodecap=0 over=0 card=0 exact=0 drop=0 cfgs= 26.5 L=0.01686 P=nan old=0.01527 new=0.00897 tgt=-0.031/0.495 pstd=0.469 capv=0.040 lr=1.0e-03 gen=0.1s conv=0.0s add=0.1s train=2.0s sps=0
[t=  55.4s] greedy ep 27 games=  96 dec= 18267 rows= 17486 horizon=0.26 nodecap=0 over=0 card=0 exact=0 drop=0 cfgs= 28.3 L=0.01614 P=nan old=0.01688 new=0.00975 tgt=-0.023/0.486 pstd=0.465 capv=0.040 lr=1.0e-03 gen=0.1s conv=0.0s add=0.1s train=1.8s sps=0
[t=  57.5s] greedy ep 28 games=  96 dec= 19074 rows= 18289 horizon=0.30 nodecap=0 over=0 card=0 exact=0 drop=0 cfgs= 27.0 L=0.01708 P=nan old=0.01525 new=0.00942 tgt=-0.044/0.496 pstd=0.471 capv=0.040 lr=1.0e-03 gen=0.1s conv=0.0s add=0.1s train=1.9s sps=0
[t=  59.7s] greedy ep 29 games=  96 dec= 18686 rows= 17929 horizon=0.26 nodecap=0 over=0 card=0 exact=0 drop=0 cfgs= 28.4 L=0.01750 P=nan old=0.01608 new=0.01089 tgt=-0.052/0.512 pstd=0.461 capv=0.040 lr=1.0e-03 gen=0.1s conv=0.0s add=0.1s train=1.9s sps=0
[t=  61.6s] greedy ep 30 games=  96 dec= 19082 rows= 18260 horizon=0.30 nodecap=0 over=0 card=0 exact=0 drop=0 cfgs= 27.4 L=0.01782 P=nan old=0.01536 new=0.00971 tgt=-0.028/0.480 pstd=0.467 capv=0.040 lr=1.0e-03 gen=0.1s conv=0.0s add=0.1s train=1.7s sps=0
[t=  63.4s] greedy ep 31 games=  96 dec= 18482 rows= 17679 horizon=0.27 nodecap=0 over=0 card=0 exact=0 drop=0 cfgs= 28.1 L=0.01663 P=nan old=0.01390 new=0.00868 tgt=-0.042/0.504 pstd=0.465 capv=0.040 lr=1.0e-03 gen=0.1s conv=0.0s add=0.1s train=1.6s sps=0
[t=  65.2s] greedy ep 32 games=  96 dec= 18699 rows= 17926 horizon=0.32 nodecap=0 over=0 card=0 exact=0 drop=0 cfgs= 26.5 L=0.01681 P=nan old=0.01527 new=0.00992 tgt=-0.012/0.483 pstd=0.457 capv=0.040 lr=1.0e-03 gen=0.1s conv=0.0s add=0.1s train=1.6s sps=0
[t=  67.1s] greedy ep 33 games=  96 dec= 18814 rows= 17970 horizon=0.31 nodecap=0 over=0 card=0 exact=0 drop=0 cfgs= 27.4 L=0.01599 P=nan old=0.01494 new=0.01002 tgt=-0.000/0.514 pstd=0.459 capv=0.040 lr=1.0e-03 gen=0.1s conv=0.0s add=0.1s train=1.6s sps=0
[t=  68.9s] greedy ep 34 games=  96 dec= 18975 rows= 18126 horizon=0.32 nodecap=0 over=0 card=0 exact=0 drop=0 cfgs= 26.1 L=0.01644 P=nan old=0.01426 new=0.01060 tgt=+0.015/0.454 pstd=0.460 capv=0.040 lr=1.0e-03 gen=0.1s conv=0.0s add=0.1s train=1.7s sps=0
[t=  70.7s] greedy ep 35 games=  96 dec= 17981 rows= 17250 horizon=0.25 nodecap=0 over=0 card=0 exact=0 drop=0 cfgs= 27.3 L=0.01793 P=nan old=0.01672 new=0.01042 tgt=-0.035/0.521 pstd=0.451 capv=0.040 lr=1.0e-03 gen=0.1s conv=0.0s add=0.1s train=1.6s sps=0
[t=  72.6s] greedy ep 36 games=  96 dec= 19092 rows= 18239 horizon=0.28 nodecap=0 over=0 card=0 exact=0 drop=0 cfgs= 26.9 L=0.01748 P=nan old=0.01546 new=0.01126 tgt=-0.049/0.487 pstd=0.454 capv=0.040 lr=1.0e-03 gen=0.1s conv=0.0s add=0.1s train=1.7s sps=0
[t=  74.5s] greedy ep 37 games=  96 dec= 18212 rows= 17370 horizon=0.32 nodecap=0 over=0 card=0 exact=0 drop=0 cfgs= 27.9 L=0.01575 P=nan old=0.01579 new=0.01209 tgt=-0.034/0.532 pstd=0.464 capv=0.040 lr=1.0e-03 gen=0.1s conv=0.0s add=0.1s train=1.6s sps=0
[t=  76.4s] greedy ep 38 games=  96 dec= 19351 rows= 18505 horizon=0.33 nodecap=0 over=0 card=0 exact=0 drop=0 cfgs= 26.4 L=0.01659 P=nan old=0.01515 new=0.01062 tgt=-0.019/0.471 pstd=0.453 capv=0.040 lr=1.0e-03 gen=0.1s conv=0.0s add=0.1s train=1.7s sps=0
[t=  78.3s] greedy ep 39 games=  96 dec= 18608 rows= 17838 horizon=0.27 nodecap=0 over=0 card=0 exact=0 drop=0 cfgs= 27.1 L=0.01774 P=nan old=0.01853 new=0.01256 tgt=-0.038/0.510 pstd=0.459 capv=0.040 lr=1.0e-03 gen=0.1s conv=0.0s add=0.1s train=1.7s sps=0
[t=  80.1s] greedy ep 40 games=  96 dec= 18599 rows= 17855 horizon=0.32 nodecap=0 over=0 card=0 exact=0 drop=0 cfgs= 28.4 L=0.01662 P=nan old=0.01672 new=0.01049 tgt=+0.005/0.467 pstd=0.452 capv=0.040 lr=1.0e-03 gen=0.1s conv=0.0s add=0.1s train=1.6s sps=0
[t=  81.3s] greedy ep 41 games=  96 dec= 18879 rows= 18021 horizon=0.30 nodecap=0 over=0 card=0 exact=0 drop=0 cfgs= 28.3 L=0.01641 P=nan old=0.01575 new=0.01053 tgt=-0.041/0.500 pstd=0.446 capv=0.040 lr=1.0e-03 gen=0.1s conv=0.0s add=0.1s train=1.0s sps=0
[t=  83.1s] greedy ep 42 games=  96 dec= 18947 rows= 18147 horizon=0.34 nodecap=0 over=0 card=0 exact=0 drop=0 cfgs= 28.4 L=0.01731 P=nan old=0.01546 new=0.01004 tgt=-0.025/0.504 pstd=0.470 capv=0.040 lr=1.0e-03 gen=0.1s conv=0.0s add=0.1s train=1.6s sps=0
[t=  85.0s] greedy ep 43 games=  96 dec= 19299 rows= 18456 horizon=0.33 nodecap=0 over=0 card=0 exact=0 drop=0 cfgs= 26.1 L=0.01728 P=nan old=0.01638 new=0.01026 tgt=-0.062/0.468 pstd=0.450 capv=0.040 lr=1.0e-03 gen=0.1s conv=0.0s add=0.1s train=1.7s sps=0
[t=  86.8s] greedy ep 44 games=  96 dec= 18356 rows= 17540 horizon=0.27 nodecap=0 over=0 card=0 exact=0 drop=0 cfgs= 28.6 L=0.01668 P=nan old=0.01806 new=0.01043 tgt=-0.013/0.488 pstd=0.457 capv=0.040 lr=1.0e-03 gen=0.1s conv=0.0s add=0.1s train=1.6s sps=0
[t=  88.6s] greedy ep 45 games=  96 dec= 17718 rows= 17069 horizon=0.27 nodecap=0 over=0 card=0 exact=0 drop=0 cfgs= 28.9 L=0.01809 P=nan old=0.01702 new=0.01140 tgt=-0.085/0.518 pstd=0.474 capv=0.040 lr=1.0e-03 gen=0.1s conv=0.0s add=0.1s train=1.5s sps=0
[t=  90.3s] greedy ep 46 games=  96 dec= 18039 rows= 17287 horizon=0.28 nodecap=0 over=0 card=0 exact=0 drop=0 cfgs= 28.7 L=0.01803 P=nan old=0.01690 new=0.01109 tgt=-0.014/0.496 pstd=0.458 capv=0.040 lr=1.0e-03 gen=0.1s conv=0.0s add=0.1s train=1.5s sps=0
[t=  92.2s] greedy ep 47 games=  96 dec= 18992 rows= 18184 horizon=0.29 nodecap=0 over=0 card=0 exact=0 drop=0 cfgs= 27.2 L=0.01783 P=nan old=0.01699 new=0.01118 tgt=-0.022/0.475 pstd=0.474 capv=0.040 lr=1.0e-03 gen=0.1s conv=0.0s add=0.1s train=1.6s sps=0
[t=  94.0s] greedy ep 48 games=  96 dec= 18106 rows= 17409 horizon=0.29 nodecap=0 over=0 card=0 exact=0 drop=0 cfgs= 27.3 L=0.01678 P=nan old=0.01584 new=0.01132 tgt=-0.037/0.510 pstd=0.479 capv=0.040 lr=1.0e-03 gen=0.1s conv=0.0s add=0.1s train=1.6s sps=0
[t=  95.9s] greedy ep 49 games=  96 dec= 19697 rows= 18918 horizon=0.41 nodecap=0 over=0 card=0 exact=0 drop=0 cfgs= 25.9 L=0.01607 P=nan old=0.01664 new=0.00998 tgt=-0.000/0.452 pstd=0.474 capv=0.040 lr=1.0e-03 gen=0.1s conv=0.0s add=0.1s train=1.7s sps=0
[t=  97.6s] greedy ep 50 games=  96 dec= 17764 rows= 16989 horizon=0.24 nodecap=0 over=0 card=0 exact=0 drop=0 cfgs= 28.3 L=0.01658 P=nan old=0.01576 new=0.01032 tgt=-0.058/0.549 pstd=0.465 capv=0.040 lr=1.0e-03 gen=0.1s conv=0.0s add=0.1s train=1.5s sps=0
[t=  99.3s] greedy ep 51 games=  96 dec= 17871 rows= 17065 horizon=0.25 nodecap=0 over=0 card=0 exact=0 drop=0 cfgs= 28.4 L=0.01660 P=nan old=0.01726 new=0.00907 tgt=-0.026/0.525 pstd=0.463 capv=0.040 lr=1.0e-03 gen=0.1s conv=0.0s add=0.1s train=1.5s sps=0
[t= 101.2s] greedy ep 52 games=  96 dec= 18957 rows= 18241 horizon=0.34 nodecap=0 over=0 card=0 exact=0 drop=0 cfgs= 28.0 L=0.01648 P=nan old=0.01693 new=0.00961 tgt=-0.040/0.470 pstd=0.463 capv=0.040 lr=1.0e-03 gen=0.1s conv=0.0s add=0.1s train=1.6s sps=0
[t= 102.9s] greedy ep 53 games=  96 dec= 17594 rows= 16819 horizon=0.21 nodecap=0 over=0 card=0 exact=0 drop=0 cfgs= 28.1 L=0.01745 P=nan old=0.02060 new=0.01495 tgt=-0.032/0.511 pstd=0.463 capv=0.040 lr=1.0e-03 gen=0.1s conv=0.0s add=0.1s train=1.5s sps=0
[t= 104.7s] greedy ep 54 games=  96 dec= 17878 rows= 17181 horizon=0.24 nodecap=0 over=0 card=0 exact=0 drop=0 cfgs= 30.5 L=0.01713 P=nan old=0.01826 new=0.01216 tgt=-0.006/0.496 pstd=0.457 capv=0.040 lr=1.0e-03 gen=0.1s conv=0.0s add=0.1s train=1.5s sps=0
[t= 106.4s] greedy ep 55 games=  96 dec= 17837 rows= 16988 horizon=0.25 nodecap=0 over=0 card=0 exact=0 drop=0 cfgs= 27.0 L=0.01678 P=nan old=0.02048 new=0.01186 tgt=-0.005/0.470 pstd=0.480 capv=0.040 lr=1.0e-03 gen=0.1s conv=0.0s add=0.1s train=1.5s sps=0
[t= 108.2s] greedy ep 56 games=  96 dec= 18409 rows= 17611 horizon=0.27 nodecap=0 over=0 card=0 exact=0 drop=0 cfgs= 28.1 L=0.01744 P=nan old=0.01842 new=0.01106 tgt=-0.028/0.483 pstd=0.472 capv=0.040 lr=1.0e-03 gen=0.1s conv=0.0s add=0.1s train=1.6s sps=0
[t= 110.0s] greedy ep 57 games=  96 dec= 18651 rows= 17847 horizon=0.27 nodecap=0 over=0 card=0 exact=0 drop=0 cfgs= 26.4 L=0.01688 P=nan old=0.01589 new=0.01027 tgt=-0.015/0.515 pstd=0.467 capv=0.040 lr=1.0e-03 gen=0.1s conv=0.0s add=0.1s train=1.6s sps=0
[t= 111.9s] greedy ep 58 games=  96 dec= 19562 rows= 18696 horizon=0.35 nodecap=0 over=0 card=0 exact=0 drop=0 cfgs= 25.2 L=0.01662 P=nan old=0.01812 new=0.01338 tgt=-0.048/0.493 pstd=0.455 capv=0.040 lr=1.0e-03 gen=0.1s conv=0.0s add=0.1s train=1.7s sps=0
[t= 113.8s] greedy ep 59 games=  96 dec= 19397 rows= 18534 horizon=0.34 nodecap=0 over=0 card=0 exact=0 drop=0 cfgs= 25.2 L=0.01690 P=nan old=0.01655 new=0.01046 tgt=-0.046/0.466 pstd=0.454 capv=0.040 lr=1.0e-03 gen=0.1s conv=0.0s add=0.1s train=1.7s sps=0
[t= 115.6s] greedy ep 60 games=  96 dec= 18865 rows= 17960 horizon=0.31 nodecap=0 over=0 card=0 exact=0 drop=0 cfgs= 26.1 L=0.01647 P=nan old=0.01849 new=0.01111 tgt=-0.032/0.477 pstd=0.460 capv=0.040 lr=1.0e-03 gen=0.1s conv=0.0s add=0.1s train=1.6s sps=0
[t= 117.4s] greedy ep 61 games=  96 dec= 18309 rows= 17564 horizon=0.24 nodecap=0 over=0 card=0 exact=0 drop=0 cfgs= 29.6 L=0.01633 P=nan old=0.01475 new=0.01012 tgt=-0.007/0.527 pstd=0.464 capv=0.040 lr=1.0e-03 gen=0.1s conv=0.0s add=0.1s train=1.6s sps=0
[t= 119.3s] greedy ep 62 games=  96 dec= 18751 rows= 17895 horizon=0.29 nodecap=0 over=0 card=0 exact=0 drop=0 cfgs= 26.6 L=0.01629 P=nan old=0.01606 new=0.01046 tgt=-0.034/0.506 pstd=0.481 capv=0.040 lr=1.0e-03 gen=0.1s conv=0.0s add=0.1s train=1.6s sps=0
[t= 121.2s] greedy ep 63 games=  96 dec= 19579 rows= 18798 horizon=0.32 nodecap=0 over=0 card=0 exact=0 drop=0 cfgs= 26.5 L=0.01737 P=nan old=0.01714 new=0.01190 tgt=-0.007/0.477 pstd=0.446 capv=0.040 lr=1.0e-03 gen=0.1s conv=0.0s add=0.1s train=1.7s sps=0
[t= 123.0s] greedy ep 64 games=  96 dec= 18159 rows= 17393 horizon=0.27 nodecap=0 over=0 card=0 exact=0 drop=0 cfgs= 27.6 L=0.01719 P=nan old=0.01920 new=0.01174 tgt=-0.058/0.514 pstd=0.481 capv=0.040 lr=1.0e-03 gen=0.1s conv=0.0s add=0.1s train=1.6s sps=0
[t= 124.8s] greedy ep 65 games=  96 dec= 18155 rows= 17405 horizon=0.28 nodecap=0 over=0 card=0 exact=0 drop=0 cfgs= 30.4 L=0.01588 P=nan old=0.01664 new=0.01144 tgt=-0.026/0.503 pstd=0.465 capv=0.040 lr=1.0e-03 gen=0.1s conv=0.0s add=0.1s train=1.6s sps=0
[t= 126.6s] greedy ep 66 games=  96 dec= 18370 rows= 17668 horizon=0.30 nodecap=0 over=0 card=0 exact=0 drop=0 cfgs= 27.4 L=0.01606 P=nan old=0.01808 new=0.01251 tgt=-0.038/0.493 pstd=0.466 capv=0.040 lr=1.0e-03 gen=0.1s conv=0.0s add=0.1s train=1.6s sps=0
[t= 128.4s] greedy ep 67 games=  96 dec= 18765 rows= 17982 horizon=0.33 nodecap=0 over=0 card=0 exact=0 drop=0 cfgs= 28.7 L=0.01602 P=nan old=0.01810 new=0.01163 tgt=-0.023/0.513 pstd=0.459 capv=0.040 lr=1.0e-03 gen=0.1s conv=0.0s add=0.1s train=1.6s sps=0
[t= 130.2s] greedy ep 68 games=  96 dec= 18374 rows= 17494 horizon=0.26 nodecap=0 over=0 card=0 exact=0 drop=0 cfgs= 28.3 L=0.01729 P=nan old=0.01836 new=0.01245 tgt=-0.023/0.498 pstd=0.444 capv=0.040 lr=1.0e-03 gen=0.1s conv=0.0s add=0.1s train=1.6s sps=0
[t= 132.0s] greedy ep 69 games=  96 dec= 18297 rows= 17504 horizon=0.27 nodecap=0 over=0 card=0 exact=0 drop=0 cfgs= 27.7 L=0.01559 P=nan old=0.01655 new=0.01181 tgt=-0.056/0.516 pstd=0.470 capv=0.040 lr=1.0e-03 gen=0.1s conv=0.0s add=0.1s train=1.5s sps=0
[t= 133.9s] greedy ep 70 games=  96 dec= 18939 rows= 18157 horizon=0.34 nodecap=0 over=0 card=0 exact=0 drop=0 cfgs= 25.9 L=0.01599 P=nan old=0.01779 new=0.01221 tgt=-0.037/0.479 pstd=0.468 capv=0.040 lr=1.0e-03 gen=0.1s conv=0.0s add=0.1s train=1.6s sps=0
[t= 135.7s] greedy ep 71 games=  96 dec= 18073 rows= 17354 horizon=0.26 nodecap=0 over=0 card=0 exact=0 drop=0 cfgs= 29.8 L=0.01669 P=nan old=0.01613 new=0.01141 tgt=-0.025/0.513 pstd=0.451 capv=0.040 lr=1.0e-03 gen=0.1s conv=0.0s add=0.1s train=1.6s sps=0
[t= 137.6s] greedy ep 72 games=  96 dec= 19252 rows= 18480 horizon=0.35 nodecap=0 over=0 card=0 exact=0 drop=0 cfgs= 27.7 L=0.01514 P=nan old=0.01744 new=0.01008 tgt=-0.069/0.494 pstd=0.453 capv=0.040 lr=1.0e-03 gen=0.1s conv=0.0s add=0.1s train=1.7s sps=0
[t= 139.3s] greedy ep 73 games=  96 dec= 17654 rows= 16887 horizon=0.21 nodecap=0 over=0 card=0 exact=0 drop=0 cfgs= 27.9 L=0.01665 P=nan old=0.01871 new=0.01282 tgt=-0.039/0.521 pstd=0.447 capv=0.040 lr=1.0e-03 gen=0.1s conv=0.0s add=0.1s train=1.5s sps=0
[t= 141.1s] greedy ep 74 games=  96 dec= 18653 rows= 17839 horizon=0.28 nodecap=0 over=0 card=0 exact=0 drop=0 cfgs= 26.6 L=0.01626 P=nan old=0.01593 new=0.01146 tgt=-0.062/0.527 pstd=0.462 capv=0.040 lr=1.0e-03 gen=0.1s conv=0.0s add=0.1s train=1.6s sps=0
[t= 143.0s] greedy ep 75 games=  96 dec= 19581 rows= 18815 horizon=0.40 nodecap=0 over=0 card=0 exact=0 drop=0 cfgs= 24.2 L=0.01586 P=nan old=0.01520 new=0.01018 tgt=+0.011/0.466 pstd=0.458 capv=0.040 lr=1.0e-03 gen=0.1s conv=0.0s add=0.1s train=1.7s sps=0
[t= 144.9s] greedy ep 76 games=  96 dec= 18751 rows= 17915 horizon=0.24 nodecap=0 over=0 card=0 exact=0 drop=0 cfgs= 25.7 L=0.01748 P=nan old=0.01914 new=0.01043 tgt=-0.030/0.490 pstd=0.476 capv=0.040 lr=1.0e-03 gen=0.1s conv=0.0s add=0.1s train=1.6s sps=0
[t= 146.7s] greedy ep 77 games=  96 dec= 18346 rows= 17518 horizon=0.25 nodecap=0 over=0 card=0 exact=0 drop=0 cfgs= 27.1 L=0.01710 P=nan old=0.01520 new=0.01193 tgt=-0.053/0.521 pstd=0.474 capv=0.040 lr=1.0e-03 gen=0.1s conv=0.0s add=0.1s train=1.6s sps=0
[t= 148.5s] greedy ep 78 games=  96 dec= 17947 rows= 17157 horizon=0.25 nodecap=0 over=0 card=0 exact=0 drop=0 cfgs= 26.8 L=0.01625 P=nan old=0.01863 new=0.01106 tgt=-0.047/0.514 pstd=0.473 capv=0.040 lr=1.0e-03 gen=0.1s conv=0.0s add=0.1s train=1.6s sps=0
[t= 150.3s] greedy ep 79 games=  96 dec= 18509 rows= 17723 horizon=0.30 nodecap=0 over=0 card=0 exact=0 drop=0 cfgs= 28.3 L=0.01594 P=nan old=0.01686 new=0.01265 tgt=-0.004/0.488 pstd=0.479 capv=0.040 lr=1.0e-03 gen=0.1s conv=0.0s add=0.1s train=1.6s sps=0
[t= 152.1s] greedy ep 80 games=  96 dec= 18005 rows= 17281 horizon=0.26 nodecap=0 over=0 card=0 exact=0 drop=0 cfgs= 28.7 L=0.01657 P=nan old=0.01772 new=0.01098 tgt=-0.025/0.514 pstd=0.469 capv=0.040 lr=1.0e-03 gen=0.1s conv=0.0s add=0.1s train=1.6s sps=0
[t= 153.9s] greedy ep 81 games=  96 dec= 17458 rows= 16682 horizon=0.25 nodecap=0 over=0 card=0 exact=0 drop=0 cfgs= 28.7 L=0.01633 P=nan old=0.01694 new=0.01260 tgt=-0.024/0.534 pstd=0.464 capv=0.040 lr=1.0e-03 gen=0.1s conv=0.0s add=0.1s train=1.5s sps=0
[t= 155.6s] greedy ep 82 games=  96 dec= 17724 rows= 16956 horizon=0.25 nodecap=0 over=0 card=0 exact=0 drop=0 cfgs= 28.6 L=0.01690 P=nan old=0.01660 new=0.01138 tgt=-0.035/0.507 pstd=0.441 capv=0.040 lr=1.0e-03 gen=0.1s conv=0.0s add=0.1s train=1.5s sps=0
[t= 157.3s] greedy ep 83 games=  96 dec= 16961 rows= 16184 horizon=0.19 nodecap=0 over=0 card=0 exact=0 drop=0 cfgs= 30.2 L=0.01637 P=nan old=0.01686 new=0.01178 tgt=-0.027/0.537 pstd=0.450 capv=0.040 lr=1.0e-03 gen=0.1s conv=0.0s add=0.1s train=1.5s sps=0
[t= 159.2s] greedy ep 84 games=  96 dec= 19354 rows= 18540 horizon=0.39 nodecap=0 over=0 card=0 exact=0 drop=0 cfgs= 25.4 L=0.01639 P=nan old=0.01811 new=0.01162 tgt=-0.046/0.473 pstd=0.474 capv=0.040 lr=1.0e-03 gen=0.1s conv=0.0s add=0.1s train=1.7s sps=0
[t= 161.1s] greedy ep 85 games=  96 dec= 18656 rows= 17880 horizon=0.29 nodecap=0 over=0 card=0 exact=0 drop=0 cfgs= 27.6 L=0.01660 P=nan old=0.02188 new=0.01350 tgt=-0.043/0.499 pstd=0.459 capv=0.040 lr=1.0e-03 gen=0.1s conv=0.0s add=0.1s train=1.6s sps=0
[t= 162.9s] greedy ep 86 games=  96 dec= 18285 rows= 17486 horizon=0.26 nodecap=0 over=0 card=0 exact=0 drop=0 cfgs= 28.0 L=0.01680 P=nan old=0.01957 new=0.01333 tgt=-0.025/0.501 pstd=0.473 capv=0.040 lr=1.0e-03 gen=0.1s conv=0.0s add=0.1s train=1.6s sps=0
[t= 164.6s] greedy ep 87 games=  96 dec= 17389 rows= 16649 horizon=0.25 nodecap=0 over=0 card=0 exact=0 drop=0 cfgs= 28.5 L=0.01717 P=nan old=0.02066 new=0.01462 tgt=-0.037/0.504 pstd=0.448 capv=0.040 lr=1.0e-03 gen=0.1s conv=0.0s add=0.1s train=1.5s sps=0
[t= 166.4s] greedy ep 88 games=  96 dec= 18703 rows= 17828 horizon=0.27 nodecap=0 over=0 card=0 exact=0 drop=0 cfgs= 25.5 L=0.01673 P=nan old=0.01907 new=0.01292 tgt=-0.028/0.509 pstd=0.446 capv=0.040 lr=1.0e-03 gen=0.1s conv=0.0s add=0.1s train=1.6s sps=0
[t= 168.1s] greedy ep 89 games=  96 dec= 17445 rows= 16716 horizon=0.25 nodecap=0 over=0 card=0 exact=0 drop=0 cfgs= 28.9 L=0.01619 P=nan old=0.01787 new=0.01273 tgt=-0.056/0.523 pstd=0.469 capv=0.040 lr=1.0e-03 gen=0.1s conv=0.0s add=0.1s train=1.5s sps=0
[t= 170.0s] greedy ep 90 games=  96 dec= 18622 rows= 17824 horizon=0.30 nodecap=0 over=0 card=0 exact=0 drop=0 cfgs= 28.3 L=0.01551 P=nan old=0.01578 new=0.01097 tgt=-0.052/0.508 pstd=0.460 capv=0.040 lr=1.0e-03 gen=0.1s conv=0.0s add=0.1s train=1.6s sps=0
[t= 171.9s] greedy ep 91 games=  96 dec= 19065 rows= 18324 horizon=0.34 nodecap=0 over=0 card=0 exact=0 drop=0 cfgs= 26.2 L=0.01574 P=nan old=0.01620 new=0.01170 tgt=-0.025/0.461 pstd=0.453 capv=0.040 lr=1.0e-03 gen=0.1s conv=0.0s add=0.1s train=1.7s sps=0
[t= 173.8s] greedy ep 92 games=  96 dec= 18963 rows= 18229 horizon=0.31 nodecap=0 over=0 card=0 exact=0 drop=0 cfgs= 24.1 L=0.01608 P=nan old=0.01716 new=0.01051 tgt=-0.041/0.481 pstd=0.462 capv=0.040 lr=1.0e-03 gen=0.1s conv=0.0s add=0.1s train=1.7s sps=0
[t= 175.6s] greedy ep 93 games=  96 dec= 18277 rows= 17540 horizon=0.33 nodecap=0 over=0 card=0 exact=0 drop=0 cfgs= 26.8 L=0.01519 P=nan old=0.01947 new=0.00975 tgt=-0.073/0.495 pstd=0.464 capv=0.040 lr=1.0e-03 gen=0.1s conv=0.0s add=0.1s train=1.6s sps=0
[t= 177.5s] greedy ep 94 games=  96 dec= 18603 rows= 17822 horizon=0.32 nodecap=0 over=0 card=0 exact=0 drop=0 cfgs= 25.2 L=0.01557 P=nan old=0.01636 new=0.01147 tgt=-0.047/0.488 pstd=0.452 capv=0.040 lr=1.0e-03 gen=0.1s conv=0.0s add=0.1s train=1.6s sps=0
[t= 179.3s] greedy ep 95 games=  96 dec= 19081 rows= 18248 horizon=0.26 nodecap=0 over=0 card=0 exact=0 drop=0 cfgs= 27.4 L=0.01662 P=nan old=0.01849 new=0.01223 tgt=-0.044/0.504 pstd=0.473 capv=0.040 lr=1.0e-03 gen=0.1s conv=0.0s add=0.1s train=1.6s sps=0
[t= 181.1s] greedy ep 96 games=  96 dec= 17938 rows= 17156 horizon=0.24 nodecap=0 over=0 card=0 exact=0 drop=0 cfgs= 28.8 L=0.01572 P=nan old=0.01900 new=0.01408 tgt=-0.034/0.506 pstd=0.478 capv=0.040 lr=1.0e-03 gen=0.1s conv=0.0s add=0.1s train=1.6s sps=0
[t= 182.9s] greedy ep 97 games=  96 dec= 17223 rows= 16545 horizon=0.23 nodecap=0 over=0 card=0 exact=0 drop=0 cfgs= 27.7 L=0.01589 P=nan old=0.01789 new=0.01146 tgt=-0.036/0.520 pstd=0.455 capv=0.040 lr=1.0e-03 gen=0.1s conv=0.0s add=0.1s train=1.5s sps=0
[t= 184.7s] greedy ep 98 games=  96 dec= 18276 rows= 17527 horizon=0.31 nodecap=0 over=0 card=0 exact=0 drop=0 cfgs= 27.9 L=0.01578 P=nan old=0.01631 new=0.01029 tgt=-0.037/0.487 pstd=0.462 capv=0.040 lr=1.0e-03 gen=0.1s conv=0.0s add=0.1s train=1.6s sps=0
[t= 186.5s] greedy ep 99 games=  96 dec= 18883 rows= 18017 horizon=0.28 nodecap=0 over=0 card=0 exact=0 drop=0 cfgs= 26.9 L=0.01665 P=nan old=0.01774 new=0.01092 tgt=-0.005/0.487 pstd=0.481 capv=0.040 lr=1.0e-03 gen=0.1s conv=0.0s add=0.1s train=1.6s sps=0
[t= 188.4s] greedy ep100 games=  96 dec= 18125 rows= 17397 horizon=0.29 nodecap=0 over=0 card=0 exact=0 drop=0 cfgs= 28.4 L=0.01560 P=nan old=0.01818 new=0.01243 tgt=-0.037/0.513 pstd=0.461 capv=0.040 lr=1.0e-03 gen=0.1s conv=0.0s add=0.1s train=1.6s sps=0
[t= 190.2s] greedy ep101 games=  96 dec= 18105 rows= 17321 horizon=0.27 nodecap=0 over=0 card=0 exact=0 drop=0 cfgs= 28.4 L=0.01607 P=nan old=0.01623 new=0.01133 tgt=-0.041/0.507 pstd=0.471 capv=0.040 lr=1.0e-03 gen=0.1s conv=0.0s add=0.1s train=1.6s sps=0
[t= 191.8s] greedy ep102 games=  96 dec= 17331 rows= 16510 horizon=0.19 nodecap=0 over=0 card=0 exact=0 drop=0 cfgs= 28.9 L=0.01606 P=nan old=0.01745 new=0.01191 tgt=-0.068/0.530 pstd=0.470 capv=0.040 lr=1.0e-03 gen=0.1s conv=0.0s add=0.1s train=1.4s sps=0
[t= 193.5s] greedy ep103 games=  96 dec= 17633 rows= 16824 horizon=0.23 nodecap=0 over=0 card=0 exact=0 drop=0 cfgs= 26.9 L=0.01638 P=nan old=0.01917 new=0.01277 tgt=-0.065/0.514 pstd=0.454 capv=0.040 lr=1.0e-03 gen=0.1s conv=0.0s add=0.1s train=1.5s sps=0
[t= 195.3s] greedy ep104 games=  96 dec= 18563 rows= 17702 horizon=0.24 nodecap=0 over=0 card=0 exact=0 drop=0 cfgs= 27.6 L=0.01659 P=nan old=0.01712 new=0.01131 tgt=-0.027/0.505 pstd=0.452 capv=0.040 lr=1.0e-03 gen=0.1s conv=0.0s add=0.1s train=1.6s sps=0
[t= 197.2s] greedy ep105 games=  96 dec= 18582 rows= 17738 horizon=0.27 nodecap=0 over=0 card=0 exact=0 drop=0 cfgs= 27.1 L=0.01619 P=nan old=0.01608 new=0.01340 tgt=-0.034/0.514 pstd=0.458 capv=0.040 lr=1.0e-03 gen=0.1s conv=0.0s add=0.1s train=1.6s sps=0
[t= 199.0s] greedy ep106 games=  96 dec= 18088 rows= 17403 horizon=0.26 nodecap=0 over=0 card=0 exact=0 drop=0 cfgs= 27.4 L=0.01598 P=nan old=0.01860 new=0.01239 tgt=-0.052/0.503 pstd=0.459 capv=0.040 lr=1.0e-03 gen=0.1s conv=0.0s add=0.1s train=1.6s sps=0
[t= 200.9s] greedy ep107 games=  96 dec= 18041 rows= 17276 horizon=0.30 nodecap=0 over=0 card=0 exact=0 drop=0 cfgs= 27.1 L=0.01577 P=nan old=0.01633 new=0.01086 tgt=-0.053/0.485 pstd=0.447 capv=0.040 lr=1.0e-03 gen=0.1s conv=0.0s add=0.1s train=1.7s sps=0
[t= 203.0s] greedy ep108 games=  96 dec= 18150 rows= 17355 horizon=0.26 nodecap=0 over=0 card=0 exact=0 drop=0 cfgs= 27.5 L=0.01598 P=nan old=0.01533 new=0.01309 tgt=-0.008/0.496 pstd=0.457 capv=0.040 lr=1.0e-03 gen=0.1s conv=0.0s add=0.1s train=1.8s sps=0
[t= 204.8s] greedy ep109 games=  96 dec= 18283 rows= 17484 horizon=0.25 nodecap=0 over=0 card=0 exact=0 drop=0 cfgs= 27.7 L=0.01615 P=nan old=0.01713 new=0.01229 tgt=-0.026/0.495 pstd=0.455 capv=0.040 lr=1.0e-03 gen=0.1s conv=0.0s add=0.1s train=1.6s sps=0
[t= 206.5s] greedy ep110 games=  96 dec= 17390 rows= 16648 horizon=0.23 nodecap=0 over=0 card=0 exact=0 drop=0 cfgs= 25.7 L=0.01626 P=nan old=0.01728 new=0.01209 tgt=-0.053/0.529 pstd=0.458 capv=0.040 lr=1.0e-03 gen=0.1s conv=0.0s add=0.1s train=1.5s sps=0
[t= 208.4s] greedy ep111 games=  96 dec= 19431 rows= 18629 horizon=0.38 nodecap=0 over=0 card=0 exact=0 drop=0 cfgs= 26.4 L=0.01611 P=nan old=0.01596 new=0.01166 tgt=-0.035/0.475 pstd=0.453 capv=0.040 lr=1.0e-03 gen=0.1s conv=0.0s add=0.1s train=1.7s sps=0
[t= 210.2s] greedy ep112 games=  96 dec= 18006 rows= 17317 horizon=0.29 nodecap=0 over=0 card=0 exact=0 drop=0 cfgs= 26.2 L=0.01530 P=nan old=0.01679 new=0.00920 tgt=-0.006/0.487 pstd=0.463 capv=0.040 lr=1.0e-03 gen=0.1s conv=0.0s add=0.1s train=1.6s sps=0
[t= 212.0s] greedy ep113 games=  96 dec= 18270 rows= 17487 horizon=0.29 nodecap=0 over=0 card=0 exact=0 drop=0 cfgs= 26.4 L=0.01608 P=nan old=0.01672 new=0.01194 tgt=-0.031/0.524 pstd=0.441 capv=0.040 lr=1.0e-03 gen=0.1s conv=0.0s add=0.1s train=1.6s sps=0
[t= 213.9s] greedy ep114 games=  96 dec= 19126 rows= 18338 horizon=0.35 nodecap=0 over=0 card=0 exact=0 drop=0 cfgs= 26.4 L=0.01600 P=nan old=0.01785 new=0.01238 tgt=-0.045/0.492 pstd=0.433 capv=0.040 lr=1.0e-03 gen=0.1s conv=0.0s add=0.1s train=1.7s sps=0
[t= 215.6s] greedy ep115 games=  96 dec= 17661 rows= 16911 horizon=0.16 nodecap=0 over=0 card=0 exact=0 drop=0 cfgs= 28.4 L=0.01653 P=nan old=0.01757 new=0.01158 tgt=-0.005/0.519 pstd=0.438 capv=0.040 lr=1.0e-03 gen=0.1s conv=0.0s add=0.1s train=1.5s sps=0
[t= 217.4s] greedy ep116 games=  96 dec= 18378 rows= 17513 horizon=0.28 nodecap=0 over=0 card=0 exact=0 drop=0 cfgs= 29.8 L=0.01619 P=nan old=0.01798 new=0.01034 tgt=-0.016/0.485 pstd=0.430 capv=0.040 lr=1.0e-03 gen=0.1s conv=0.0s add=0.1s train=1.6s sps=0
[t= 219.2s] greedy ep117 games=  96 dec= 17969 rows= 17144 horizon=0.28 nodecap=0 over=0 card=0 exact=0 drop=0 cfgs= 26.2 L=0.01580 P=nan old=0.01748 new=0.01123 tgt=-0.027/0.511 pstd=0.448 capv=0.040 lr=1.0e-03 gen=0.1s conv=0.0s add=0.1s train=1.5s sps=0
[t= 221.0s] greedy ep118 games=  96 dec= 19031 rows= 18297 horizon=0.38 nodecap=0 over=0 card=0 exact=0 drop=0 cfgs= 28.1 L=0.01541 P=nan old=0.01787 new=0.01211 tgt=-0.095/0.498 pstd=0.424 capv=0.040 lr=1.0e-03 gen=0.1s conv=0.0s add=0.1s train=1.7s sps=0
[t= 222.9s] greedy ep119 games=  96 dec= 18724 rows= 17931 horizon=0.27 nodecap=0 over=0 card=0 exact=0 drop=0 cfgs= 26.8 L=0.01536 P=nan old=0.01587 new=0.01114 tgt=-0.051/0.498 pstd=0.437 capv=0.040 lr=1.0e-03 gen=0.1s conv=0.0s add=0.1s train=1.6s sps=0
[t= 224.8s] greedy ep120 games=  96 dec= 18952 rows= 18033 horizon=0.28 nodecap=0 over=0 card=0 exact=0 drop=0 cfgs= 25.5 L=0.01546 P=nan old=0.01682 new=0.01134 tgt=-0.039/0.480 pstd=0.425 capv=0.040 lr=1.0e-03 gen=0.1s conv=0.0s add=0.1s train=1.6s sps=0
[t= 226.6s] greedy ep121 games=  96 dec= 18610 rows= 17842 horizon=0.31 nodecap=0 over=0 card=0 exact=0 drop=0 cfgs= 26.4 L=0.01509 P=nan old=0.01474 new=0.00996 tgt=-0.010/0.467 pstd=0.430 capv=0.040 lr=1.0e-03 gen=0.1s conv=0.0s add=0.1s train=1.6s sps=0
[t= 228.5s] greedy ep122 games=  96 dec= 19327 rows= 18551 horizon=0.38 nodecap=0 over=0 card=0 exact=0 drop=0 cfgs= 26.0 L=0.01463 P=nan old=0.01544 new=0.01126 tgt=-0.032/0.468 pstd=0.414 capv=0.040 lr=1.0e-03 gen=0.1s conv=0.0s add=0.1s train=1.6s sps=0
[t= 230.3s] greedy ep123 games=  96 dec= 18773 rows= 17922 horizon=0.27 nodecap=0 over=0 card=0 exact=0 drop=0 cfgs= 27.1 L=0.01476 P=nan old=0.01686 new=0.01149 tgt=-0.018/0.516 pstd=0.422 capv=0.040 lr=1.0e-03 gen=0.1s conv=0.0s add=0.1s train=1.6s sps=0
[t= 232.2s] greedy ep124 games=  96 dec= 18792 rows= 17985 horizon=0.31 nodecap=0 over=0 card=0 exact=0 drop=0 cfgs= 28.7 L=0.01448 P=nan old=0.01583 new=0.00978 tgt=-0.053/0.492 pstd=0.425 capv=0.040 lr=1.0e-03 gen=0.1s conv=0.0s add=0.1s train=1.6s sps=0
[t= 234.0s] greedy ep125 games=  96 dec= 18881 rows= 18013 horizon=0.27 nodecap=0 over=0 card=0 exact=0 drop=0 cfgs= 26.8 L=0.01440 P=nan old=0.01621 new=0.00955 tgt=-0.011/0.486 pstd=0.414 capv=0.040 lr=1.0e-03 gen=0.1s conv=0.0s add=0.1s train=1.6s sps=0
[t= 236.0s] greedy ep126 games=  96 dec= 19520 rows= 18707 horizon=0.34 nodecap=0 over=0 card=0 exact=0 drop=0 cfgs= 27.0 L=0.01423 P=nan old=0.01557 new=0.01092 tgt=-0.016/0.480 pstd=0.415 capv=0.040 lr=1.0e-03 gen=0.1s conv=0.0s add=0.1s train=1.7s sps=0
[t= 237.7s] greedy ep127 games=  96 dec= 17220 rows= 16519 horizon=0.18 nodecap=0 over=0 card=0 exact=0 drop=0 cfgs= 30.1 L=0.01482 P=nan old=0.01396 new=0.01089 tgt=-0.010/0.537 pstd=0.428 capv=0.040 lr=1.0e-03 gen=0.1s conv=0.0s add=0.1s train=1.5s sps=0
[t= 239.6s] greedy ep128 games=  96 dec= 19220 rows= 18541 horizon=0.38 nodecap=0 over=0 card=0 exact=0 drop=0 cfgs= 25.2 L=0.01460 P=nan old=0.01608 new=0.01040 tgt=-0.043/0.470 pstd=0.423 capv=0.040 lr=1.0e-03 gen=0.1s conv=0.0s add=0.1s train=1.7s sps=0
[t= 241.4s] greedy ep129 games=  96 dec= 18267 rows= 17549 horizon=0.30 nodecap=0 over=0 card=0 exact=0 drop=0 cfgs= 26.8 L=0.01407 P=nan old=0.01626 new=0.01047 tgt=-0.018/0.469 pstd=0.430 capv=0.040 lr=1.0e-03 gen=0.1s conv=0.0s add=0.1s train=1.6s sps=0
[t= 243.2s] greedy ep130 games=  96 dec= 18111 rows= 17341 horizon=0.27 nodecap=0 over=0 card=0 exact=0 drop=0 cfgs= 28.1 L=0.01416 P=nan old=0.01421 new=0.01083 tgt=-0.048/0.487 pstd=0.420 capv=0.040 lr=1.0e-03 gen=0.1s conv=0.0s add=0.1s train=1.6s sps=0
[t= 245.0s] greedy ep131 games=  96 dec= 17369 rows= 16572 horizon=0.18 nodecap=0 over=0 card=0 exact=0 drop=0 cfgs= 28.7 L=0.01408 P=nan old=0.01629 new=0.01102 tgt=-0.047/0.529 pstd=0.393 capv=0.040 lr=1.0e-03 gen=0.1s conv=0.0s add=0.1s train=1.5s sps=0
[t= 246.8s] greedy ep132 games=  96 dec= 18942 rows= 18118 horizon=0.28 nodecap=0 over=0 card=0 exact=0 drop=0 cfgs= 25.9 L=0.01422 P=nan old=0.01550 new=0.01025 tgt=-0.025/0.490 pstd=0.423 capv=0.040 lr=1.0e-03 gen=0.1s conv=0.0s add=0.1s train=1.6s sps=0
[t= 248.7s] greedy ep133 games=  96 dec= 18303 rows= 17559 horizon=0.31 nodecap=0 over=0 card=0 exact=0 drop=0 cfgs= 28.8 L=0.01376 P=nan old=0.01437 new=0.00966 tgt=-0.065/0.522 pstd=0.425 capv=0.040 lr=1.0e-03 gen=0.1s conv=0.0s add=0.1s train=1.6s sps=0
[t= 250.4s] greedy ep134 games=  96 dec= 17224 rows= 16483 horizon=0.23 nodecap=0 over=0 card=0 exact=0 drop=0 cfgs= 27.3 L=0.01417 P=nan old=0.01532 new=0.00880 tgt=-0.008/0.505 pstd=0.424 capv=0.040 lr=1.0e-03 gen=0.1s conv=0.0s add=0.1s train=1.5s sps=0
[t= 252.1s] greedy ep135 games=  96 dec= 17667 rows= 16876 horizon=0.20 nodecap=0 over=0 card=0 exact=0 drop=0 cfgs= 28.8 L=0.01359 P=nan old=0.01337 new=0.00946 tgt=-0.045/0.534 pstd=0.406 capv=0.040 lr=1.0e-03 gen=0.1s conv=0.0s add=0.1s train=1.5s sps=0
[t= 253.9s] greedy ep136 games=  96 dec= 17728 rows= 16967 horizon=0.21 nodecap=0 over=0 card=0 exact=0 drop=0 cfgs= 30.7 L=0.01421 P=nan old=0.01585 new=0.01122 tgt=-0.055/0.531 pstd=0.395 capv=0.040 lr=1.0e-03 gen=0.1s conv=0.0s add=0.1s train=1.5s sps=0
[t= 255.8s] greedy ep137 games=  96 dec= 18877 rows= 18184 horizon=0.33 nodecap=0 over=0 card=0 exact=0 drop=0 cfgs= 25.5 L=0.01364 P=nan old=0.01446 new=0.00989 tgt=-0.049/0.496 pstd=0.401 capv=0.040 lr=1.0e-03 gen=0.1s conv=0.0s add=0.1s train=1.7s sps=0
[t= 257.6s] greedy ep138 games=  96 dec= 18602 rows= 17715 horizon=0.25 nodecap=0 over=0 card=0 exact=0 drop=0 cfgs= 29.2 L=0.01336 P=nan old=0.01358 new=0.00956 tgt=-0.009/0.503 pstd=0.408 capv=0.040 lr=1.0e-03 gen=0.1s conv=0.0s add=0.1s train=1.6s sps=0
[t= 259.5s] greedy ep139 games=  96 dec= 19305 rows= 18517 horizon=0.35 nodecap=0 over=0 card=0 exact=0 drop=0 cfgs= 26.5 L=0.01334 P=nan old=0.01235 new=0.00986 tgt=-0.025/0.475 pstd=0.417 capv=0.040 lr=1.0e-03 gen=0.1s conv=0.0s add=0.1s train=1.7s sps=0
[t= 261.3s] greedy ep140 games=  96 dec= 18226 rows= 17475 horizon=0.29 nodecap=0 over=0 card=0 exact=0 drop=0 cfgs= 27.6 L=0.01296 P=nan old=0.01504 new=0.00888 tgt=-0.066/0.504 pstd=0.391 capv=0.040 lr=1.0e-03 gen=0.1s conv=0.0s add=0.1s train=1.6s sps=0
[t= 263.2s] greedy ep141 games=  96 dec= 19035 rows= 18235 horizon=0.30 nodecap=0 over=0 card=0 exact=0 drop=0 cfgs= 26.1 L=0.01324 P=nan old=0.01365 new=0.00968 tgt=-0.002/0.470 pstd=0.416 capv=0.040 lr=1.0e-03 gen=0.1s conv=0.0s add=0.1s train=1.6s sps=0
[t= 265.0s] greedy ep142 games=  96 dec= 18470 rows= 17713 horizon=0.26 nodecap=0 over=0 card=0 exact=0 drop=0 cfgs= 26.3 L=0.01332 P=nan old=0.01418 new=0.00948 tgt=-0.063/0.516 pstd=0.398 capv=0.040 lr=1.0e-03 gen=0.1s conv=0.0s add=0.1s train=1.6s sps=0
[t= 266.8s] greedy ep143 games=  96 dec= 18596 rows= 17790 horizon=0.27 nodecap=0 over=0 card=0 exact=0 drop=0 cfgs= 25.5 L=0.01326 P=nan old=0.01322 new=0.00923 tgt=-0.021/0.508 pstd=0.399 capv=0.040 lr=1.0e-03 gen=0.1s conv=0.0s add=0.1s train=1.6s sps=0
[t= 268.7s] greedy ep144 games=  96 dec= 18889 rows= 18076 horizon=0.32 nodecap=0 over=0 card=0 exact=0 drop=0 cfgs= 28.6 L=0.01310 P=nan old=0.01400 new=0.01079 tgt=-0.053/0.496 pstd=0.408 capv=0.040 lr=1.0e-03 gen=0.1s conv=0.0s add=0.1s train=1.6s sps=0
[t= 270.5s] greedy ep145 games=  96 dec= 17677 rows= 16862 horizon=0.23 nodecap=0 over=0 card=0 exact=0 drop=0 cfgs= 29.6 L=0.01343 P=nan old=0.01316 new=0.00853 tgt=-0.032/0.506 pstd=0.389 capv=0.040 lr=1.0e-03 gen=0.1s conv=0.0s add=0.1s train=1.5s sps=0
[t= 272.3s] greedy ep146 games=  96 dec= 18448 rows= 17699 horizon=0.30 nodecap=0 over=0 card=0 exact=0 drop=0 cfgs= 26.6 L=0.01291 P=nan old=0.01270 new=0.00887 tgt=-0.013/0.485 pstd=0.390 capv=0.040 lr=1.0e-03 gen=0.1s conv=0.0s add=0.1s train=1.6s sps=0
[t= 274.1s] greedy ep147 games=  96 dec= 17426 rows= 16673 horizon=0.22 nodecap=0 over=0 card=0 exact=0 drop=0 cfgs= 29.1 L=0.01333 P=nan old=0.01288 new=0.00879 tgt=-0.043/0.511 pstd=0.393 capv=0.040 lr=1.0e-03 gen=0.1s conv=0.0s add=0.1s train=1.5s sps=0
[t= 276.0s] greedy ep148 games=  96 dec= 18915 rows= 18108 horizon=0.28 nodecap=0 over=0 card=0 exact=0 drop=0 cfgs= 25.8 L=0.01322 P=nan old=0.01380 new=0.00777 tgt=-0.035/0.534 pstd=0.404 capv=0.040 lr=1.0e-03 gen=0.1s conv=0.0s add=0.1s train=1.6s sps=0
[t= 277.8s] greedy ep149 games=  96 dec= 18639 rows= 17753 horizon=0.28 nodecap=0 over=0 card=0 exact=0 drop=0 cfgs= 26.8 L=0.01298 P=nan old=0.01350 new=0.00846 tgt=-0.005/0.479 pstd=0.403 capv=0.040 lr=1.0e-03 gen=0.1s conv=0.0s add=0.1s train=1.6s sps=0
[t= 279.6s] greedy ep150 games=  96 dec= 18776 rows= 18003 horizon=0.31 nodecap=0 over=0 card=0 exact=0 drop=0 cfgs= 27.7 L=0.01246 P=nan old=0.01285 new=0.00814 tgt=-0.036/0.491 pstd=0.400 capv=0.040 lr=1.0e-03 gen=0.1s conv=0.0s add=0.1s train=1.6s sps=0
[t= 281.6s] greedy ep151 games=  96 dec= 19367 rows= 18525 horizon=0.35 nodecap=0 over=0 card=0 exact=0 drop=0 cfgs= 26.8 L=0.01221 P=nan old=0.01334 new=0.00901 tgt=-0.055/0.486 pstd=0.385 capv=0.040 lr=1.0e-03 gen=0.1s conv=0.0s add=0.1s train=1.7s sps=0
[t= 283.4s] greedy ep152 games=  96 dec= 18370 rows= 17585 horizon=0.28 nodecap=0 over=0 card=0 exact=0 drop=0 cfgs= 27.0 L=0.01205 P=nan old=0.01219 new=0.00762 tgt=-0.042/0.519 pstd=0.386 capv=0.040 lr=1.0e-03 gen=0.1s conv=0.0s add=0.1s train=1.6s sps=0
[t= 285.3s] greedy ep153 games=  96 dec= 19458 rows= 18558 horizon=0.38 nodecap=0 over=0 card=0 exact=0 drop=0 cfgs= 26.1 L=0.01207 P=nan old=0.01090 new=0.00930 tgt=-0.021/0.493 pstd=0.385 capv=0.040 lr=1.0e-03 gen=0.1s conv=0.0s add=0.1s train=1.7s sps=0
[t= 287.1s] greedy ep154 games=  96 dec= 18177 rows= 17428 horizon=0.26 nodecap=0 over=0 card=0 exact=0 drop=0 cfgs= 27.6 L=0.01208 P=nan old=0.01250 new=0.00908 tgt=-0.029/0.515 pstd=0.378 capv=0.040 lr=1.0e-03 gen=0.1s conv=0.0s add=0.1s train=1.6s sps=0
[t= 288.9s] greedy ep155 games=  96 dec= 18096 rows= 17273 horizon=0.25 nodecap=0 over=0 card=0 exact=0 drop=0 cfgs= 27.5 L=0.01228 P=nan old=0.01238 new=0.01113 tgt=+0.008/0.500 pstd=0.385 capv=0.040 lr=1.0e-03 gen=0.1s conv=0.0s add=0.1s train=1.6s sps=0
[t= 290.6s] greedy ep156 games=  96 dec= 17280 rows= 16532 horizon=0.21 nodecap=0 over=0 card=0 exact=0 drop=0 cfgs= 27.2 L=0.01247 P=nan old=0.01352 new=0.00936 tgt=-0.013/0.519 pstd=0.380 capv=0.040 lr=1.0e-03 gen=0.1s conv=0.0s add=0.1s train=1.5s sps=0
[t= 292.4s] greedy ep157 games=  96 dec= 18516 rows= 17728 horizon=0.27 nodecap=0 over=0 card=0 exact=0 drop=0 cfgs= 28.6 L=0.01178 P=nan old=0.01344 new=0.00618 tgt=-0.034/0.505 pstd=0.385 capv=0.040 lr=1.0e-03 gen=0.1s conv=0.0s add=0.1s train=1.6s sps=0
[t= 294.3s] greedy ep158 games=  96 dec= 18809 rows= 18049 horizon=0.29 nodecap=0 over=0 card=0 exact=0 drop=0 cfgs= 27.2 L=0.01146 P=nan old=0.01189 new=0.00754 tgt=-0.057/0.504 pstd=0.380 capv=0.040 lr=1.0e-03 gen=0.1s conv=0.0s add=0.1s train=1.7s sps=0
[t= 296.2s] greedy ep159 games=  96 dec= 18025 rows= 17288 horizon=0.26 nodecap=0 over=0 card=0 exact=0 drop=0 cfgs= 27.3 L=0.01201 P=nan old=0.01306 new=0.00756 tgt=-0.048/0.530 pstd=0.382 capv=0.040 lr=1.0e-03 gen=0.1s conv=0.0s add=0.1s train=1.6s sps=0
[t= 297.9s] greedy ep160 games=  96 dec= 17543 rows= 16807 horizon=0.24 nodecap=0 over=0 card=0 exact=0 drop=0 cfgs= 28.6 L=0.01218 P=nan old=0.01192 new=0.00836 tgt=-0.038/0.505 pstd=0.376 capv=0.040 lr=1.0e-03 gen=0.1s conv=0.0s add=0.1s train=1.5s sps=0
[t= 299.7s] greedy ep161 games=  96 dec= 17549 rows= 16825 horizon=0.23 nodecap=0 over=0 card=0 exact=0 drop=0 cfgs= 30.4 L=0.01162 P=nan old=0.01267 new=0.00963 tgt=-0.055/0.541 pstd=0.374 capv=0.040 lr=1.0e-03 gen=0.1s conv=0.0s add=0.1s train=1.5s sps=0
[t= 301.6s] greedy ep162 games=  96 dec= 18822 rows= 17980 horizon=0.34 nodecap=0 over=0 card=0 exact=0 drop=0 cfgs= 28.1 L=0.01113 P=nan old=0.01341 new=0.00879 tgt=-0.041/0.489 pstd=0.369 capv=0.040 lr=1.0e-03 gen=0.1s conv=0.0s add=0.1s train=1.6s sps=0
[t= 301.6s] --- snapshot snap_00.pt (init) ---
[t= 301.6s] --- switching to ReBeL ---
v5 GEMM compute=fast-f16
[t= 311.6s] rebel stream solves=16384 raw=1635/s balanced=1635/s debt=0 rows steps=64 over=0 card=0 drop=0 L=0.02693 tgt=-0.004/0.231 cfg/b=43845 prep=0.31s gpu=0.00s conv=0.03s add=0.61s train=1.84s
[t= 321.6s] rebel stream solves=45056 raw=2249/s balanced=2249/s debt=0 rows steps=176 over=0 card=0 drop=0 L=0.00492 tgt=-0.003/0.197 cfg/b=48499 prep=0.53s gpu=0.00s conv=0.05s add=1.08s train=3.19s
[t= 331.7s] rebel stream solves=62464 raw=2078/s balanced=2078/s debt=0 rows steps=244 over=0 card=0 drop=0 L=0.00290 tgt=+0.001/0.211 cfg/b=30443 prep=0.35s gpu=0.00s conv=0.01s add=0.52s train=2.06s
[t= 341.7s] rebel stream solves=80896 raw=2016/s balanced=2016/s debt=0 rows steps=316 over=0 card=0 drop=0 L=0.00257 tgt=+0.002/0.219 cfg/b=26596 prep=0.44s gpu=0.00s conv=0.01s add=0.40s train=2.27s
[t= 351.8s] rebel stream solves=95232 raw=1898/s balanced=1898/s debt=0 rows steps=372 over=0 card=0 drop=0 L=0.00235 tgt=+0.003/0.235 cfg/b=21896 prep=0.34s gpu=0.00s conv=0.01s add=0.28s train=1.73s
[t= 361.8s] rebel stream solves=111616 raw=1855/s balanced=1855/s debt=0 rows steps=436 over=0 card=0 drop=0 L=0.00218 tgt=+0.006/0.251 cfg/b=20068 prep=0.39s gpu=0.00s conv=0.01s add=0.29s train=1.97s
[t= 371.8s] rebel stream solves=124928 raw=1779/s balanced=1779/s debt=0 rows steps=488 over=0 card=0 drop=0 L=0.00219 tgt=+0.013/0.275 cfg/b=18367 prep=0.31s gpu=0.00s conv=0.01s add=0.19s train=1.64s
[t= 381.8s] rebel stream solves=137216 raw=1710/s balanced=1710/s debt=0 rows steps=536 over=0 card=0 drop=0 L=0.00232 tgt=+0.022/0.291 cfg/b=17371 prep=0.33s gpu=0.00s conv=0.00s add=0.19s train=1.52s
[t= 391.8s] rebel stream solves=149504 raw=1657/s balanced=1657/s debt=0 rows steps=584 over=0 card=0 drop=0 L=0.00270 tgt=+0.013/0.300 cfg/b=16788 prep=0.29s gpu=0.00s conv=0.01s add=0.20s train=1.47s
[t= 401.9s] rebel stream solves=161792 raw=1614/s balanced=1614/s debt=0 rows steps=632 over=0 card=0 drop=0 L=0.00301 tgt=+0.035/0.305 cfg/b=16259 prep=0.32s gpu=0.00s conv=0.01s add=0.19s train=1.48s
[t= 411.9s] rebel stream solves=175104 raw=1588/s balanced=1588/s debt=0 rows steps=684 over=0 card=0 drop=0 L=0.00357 tgt=+0.050/0.318 cfg/b=15989 prep=0.33s gpu=0.00s conv=0.01s add=0.22s train=1.61s
[t= 421.9s] rebel stream solves=189440 raw=1575/s balanced=1575/s debt=0 rows steps=740 over=0 card=0 drop=0 L=0.00405 tgt=+0.043/0.314 cfg/b=15612 prep=0.30s gpu=0.00s conv=0.01s add=0.25s train=1.69s
[t= 431.9s] rebel stream solves=203776 raw=1564/s balanced=1564/s debt=0 rows steps=796 over=0 card=0 drop=0 L=0.00503 tgt=+0.043/0.313 cfg/b=15602 prep=0.34s gpu=0.00s conv=0.01s add=0.28s train=1.70s
[t= 441.9s] rebel stream solves=217088 raw=1547/s balanced=1547/s debt=0 rows steps=848 over=0 card=0 drop=0 L=0.00605 tgt=+0.039/0.310 cfg/b=15821 prep=0.30s gpu=0.00s conv=0.01s add=0.27s train=1.52s
[t= 452.0s] rebel stream solves=231424 raw=1539/s balanced=1539/s debt=0 rows steps=904 over=0 card=0 drop=0 L=0.00679 tgt=+0.045/0.295 cfg/b=15833 prep=0.29s gpu=0.00s conv=0.01s add=0.30s train=1.62s
[t= 462.0s] rebel stream solves=246784 raw=1538/s balanced=1538/s debt=0 rows steps=964 over=0 card=0 drop=0 L=0.00731 tgt=+0.039/0.277 cfg/b=16236 prep=0.36s gpu=0.00s conv=0.01s add=0.34s train=1.81s
[t= 472.1s] rebel stream solves=263168 raw=1544/s balanced=1544/s debt=0 rows steps=1028 over=0 card=0 drop=0 L=0.00780 tgt=+0.036/0.277 cfg/b=16429 prep=0.32s gpu=0.00s conv=0.01s add=0.35s train=1.83s
[t= 482.1s] rebel stream solves=279552 raw=1549/s balanced=1549/s debt=0 rows steps=1092 over=0 card=0 drop=0 L=0.00816 tgt=+0.020/0.264 cfg/b=15670 prep=0.36s gpu=0.00s conv=0.01s add=0.42s train=1.87s
[t= 492.1s] rebel stream solves=295936 raw=1553/s balanced=1553/s debt=0 rows steps=1156 over=0 card=0 drop=0 L=0.00843 tgt=+0.015/0.248 cfg/b=15579 prep=0.34s gpu=0.00s conv=0.01s add=0.45s train=1.84s
[t= 502.2s] rebel stream solves=314368 raw=1567/s balanced=1567/s debt=0 rows steps=1228 over=0 card=0 drop=0 L=0.00827 tgt=+0.015/0.236 cfg/b=16186 prep=0.40s gpu=0.00s conv=0.01s add=0.46s train=2.06s
[t= 512.3s] rebel stream solves=330752 raw=1570/s balanced=1570/s debt=0 rows steps=1292 over=0 card=0 drop=0 L=0.00813 tgt=+0.010/0.241 cfg/b=16490 prep=0.36s gpu=0.00s conv=0.01s add=0.46s train=1.88s
[t= 522.3s] rebel stream solves=345088 raw=1564/s balanced=1564/s debt=0 rows steps=1348 over=0 card=0 drop=0 L=0.00811 tgt=+0.008/0.237 cfg/b=16941 prep=0.37s gpu=0.00s conv=0.01s add=0.39s train=1.58s
[t= 532.3s] rebel stream solves=359424 raw=1558/s balanced=1558/s debt=0 rows steps=1404 over=0 card=0 drop=0 L=0.00785 tgt=+0.008/0.230 cfg/b=17371 prep=0.29s gpu=0.00s conv=0.01s add=0.38s train=1.61s
[t= 542.3s] rebel stream solves=373760 raw=1553/s balanced=1553/s debt=0 rows steps=1460 over=0 card=0 drop=0 L=0.00791 tgt=+0.008/0.236 cfg/b=17787 prep=0.29s gpu=0.00s conv=0.01s add=0.38s train=1.58s
[t= 552.3s] rebel stream solves=388096 raw=1548/s balanced=1548/s debt=0 rows steps=1516 over=0 card=0 drop=0 L=0.00791 tgt=+0.005/0.242 cfg/b=18221 prep=0.32s gpu=0.00s conv=0.02s add=0.44s train=1.51s
[t= 562.5s] rebel stream solves=399360 raw=1531/s balanced=1531/s debt=0 rows steps=1560 over=0 card=0 drop=0 L=0.00793 tgt=-0.005/0.250 cfg/b=18849 prep=0.24s gpu=0.00s conv=0.01s add=0.37s train=1.26s
[t= 572.5s] rebel stream solves=410624 raw=1516/s balanced=1516/s debt=0 rows steps=1604 over=0 card=0 drop=0 L=0.00784 tgt=+0.000/0.252 cfg/b=19296 prep=0.22s gpu=0.00s conv=0.01s add=0.32s train=1.27s
[t= 582.5s] rebel stream solves=420864 raw=1498/s balanced=1498/s debt=0 rows steps=1644 over=0 card=0 drop=0 L=0.00815 tgt=+0.002/0.251 cfg/b=19565 prep=0.21s gpu=0.00s conv=0.01s add=0.29s train=1.11s
[t= 592.5s] rebel stream solves=432128 raw=1485/s balanced=1485/s debt=0 rows steps=1688 over=0 card=0 drop=0 L=0.00821 tgt=-0.004/0.244 cfg/b=20185 prep=0.24s gpu=0.00s conv=0.01s add=0.35s train=1.20s
[t= 602.5s] rebel stream solves=442368 raw=1470/s balanced=1470/s debt=0 rows steps=1728 over=0 card=0 drop=0 L=0.00851 tgt=-0.002/0.243 cfg/b=20982 prep=0.21s gpu=0.00s conv=0.01s add=0.33s train=1.18s
[t= 612.6s] rebel stream solves=452608 raw=1455/s balanced=1455/s debt=0 rows steps=1768 over=0 card=0 drop=0 L=0.00846 tgt=-0.003/0.252 cfg/b=21779 prep=0.23s gpu=0.00s conv=0.01s add=0.29s train=1.16s
[t= 622.6s] rebel stream solves=463872 raw=1445/s balanced=1445/s debt=0 rows steps=1812 over=0 card=0 drop=0 L=0.00862 tgt=-0.010/0.254 cfg/b=22048 prep=0.25s gpu=0.00s conv=0.01s add=0.35s train=1.28s
[t= 632.7s] rebel stream solves=472064 raw=1426/s balanced=1426/s debt=0 rows steps=1844 over=0 card=0 drop=0 L=0.00882 tgt=-0.022/0.267 cfg/b=22862 prep=0.20s gpu=0.00s conv=0.00s add=0.23s train=0.91s
[t= 642.9s] rebel stream solves=483328 raw=1416/s balanced=1416/s debt=0 rows steps=1888 over=0 card=0 drop=0 L=0.00884 tgt=-0.017/0.269 cfg/b=23210 prep=0.22s gpu=0.00s conv=0.01s add=0.42s train=1.21s
[t= 652.9s] rebel stream solves=493568 raw=1405/s balanced=1405/s debt=0 rows steps=1928 over=0 card=0 drop=0 L=0.00897 tgt=-0.022/0.274 cfg/b=23415 prep=0.22s gpu=0.00s conv=0.01s add=0.37s train=1.13s
[t= 663.1s] rebel stream solves=504832 raw=1397/s balanced=1397/s debt=0 rows steps=1972 over=0 card=0 drop=0 L=0.00876 tgt=-0.013/0.266 cfg/b=24283 prep=0.25s gpu=0.00s conv=0.01s add=0.46s train=1.26s
[t= 673.1s] rebel stream solves=515072 raw=1386/s balanced=1386/s debt=0 rows steps=2012 over=0 card=0 drop=0 L=0.00874 tgt=-0.007/0.249 cfg/b=25016 prep=0.21s gpu=0.00s conv=0.01s add=0.35s train=1.11s
[t= 683.1s] rebel stream solves=526336 raw=1380/s balanced=1380/s debt=0 rows steps=2056 over=0 card=0 drop=0 L=0.00908 tgt=-0.006/0.242 cfg/b=25621 prep=0.24s gpu=0.00s conv=0.01s add=0.44s train=1.25s
[t= 693.2s] rebel stream solves=536576 raw=1370/s balanced=1370/s debt=0 rows steps=2096 over=0 card=0 drop=0 L=0.00875 tgt=-0.010/0.242 cfg/b=26414 prep=0.31s gpu=0.00s conv=0.01s add=0.41s train=1.23s
[t= 697.6s] --- lr -> 5.00e-04 ---
[t= 701.6s] --- snapshot snap_01.pt (s1) ---
[t= 703.2s] rebel stream solves=546816 raw=1362/s balanced=1362/s debt=0 rows steps=2136 over=0 card=0 drop=0 L=0.00872 tgt=-0.009/0.254 cfg/b=27572 prep=0.21s gpu=0.00s conv=0.01s add=0.41s train=1.09s
[t= 713.2s] rebel stream solves=556032 raw=1351/s balanced=1351/s debt=0 rows steps=2172 over=0 card=0 drop=0 L=0.00868 tgt=-0.004/0.245 cfg/b=28047 prep=0.16s gpu=0.00s conv=0.01s add=0.36s train=0.92s
[t= 723.2s] rebel stream solves=566272 raw=1343/s balanced=1343/s debt=0 rows steps=2212 over=0 card=0 drop=0 L=0.00860 tgt=-0.008/0.248 cfg/b=28891 prep=0.19s gpu=0.00s conv=0.01s add=0.44s train=1.03s
[t= 733.3s] rebel stream solves=577536 raw=1338/s balanced=1338/s debt=0 rows steps=2256 over=0 card=0 drop=0 L=0.00893 tgt=-0.015/0.255 cfg/b=29450 prep=0.24s gpu=0.00s conv=0.01s add=0.50s train=1.19s
[t= 743.3s] rebel stream solves=584704 raw=1324/s balanced=1324/s debt=0 rows steps=2284 over=1 card=0 drop=0 L=0.00882 tgt=-0.013/0.255 cfg/b=30434 prep=0.36s gpu=0.00s conv=0.01s add=0.35s train=1.00s
[t= 753.4s] rebel stream solves=595968 raw=1319/s balanced=1319/s debt=0 rows steps=2328 over=1 card=0 drop=0 L=0.00848 tgt=-0.015/0.254 cfg/b=31159 prep=0.24s gpu=0.00s conv=0.01s add=0.58s train=1.23s
[t= 763.5s] rebel stream solves=605184 raw=1310/s balanced=1310/s debt=0 rows steps=2364 over=1 card=0 drop=0 L=0.00862 tgt=-0.018/0.257 cfg/b=32409 prep=0.16s gpu=0.00s conv=0.01s add=0.43s train=0.98s
[t= 773.5s] rebel stream solves=614400 raw=1302/s balanced=1302/s debt=0 rows steps=2400 over=1 card=0 drop=0 L=0.00874 tgt=-0.017/0.257 cfg/b=32676 prep=0.18s gpu=0.00s conv=0.01s add=0.47s train=1.08s
[t= 783.6s] rebel stream solves=624640 raw=1296/s balanced=1296/s debt=0 rows steps=2440 over=1 card=0 drop=0 L=0.00844 tgt=-0.022/0.259 cfg/b=34050 prep=0.22s gpu=0.00s conv=0.01s add=0.51s train=1.10s
[t= 793.6s] rebel stream solves=633856 raw=1288/s balanced=1288/s debt=0 rows steps=2476 over=1 card=0 drop=0 L=0.00878 tgt=-0.022/0.268 cfg/b=34345 prep=0.18s gpu=0.00s conv=0.01s add=0.49s train=0.99s
[t= 803.7s] rebel stream solves=644096 raw=1283/s balanced=1283/s debt=0 rows steps=2516 over=1 card=0 drop=0 L=0.00886 tgt=-0.020/0.267 cfg/b=35302 prep=0.18s gpu=0.00s conv=0.01s add=0.56s train=1.05s
[t= 813.7s] rebel stream solves=654336 raw=1278/s balanced=1278/s debt=0 rows steps=2556 over=1 card=0 drop=0 L=0.00859 tgt=-0.020/0.267 cfg/b=35551 prep=0.19s gpu=0.00s conv=0.01s add=0.51s train=1.02s
[t= 823.7s] rebel stream solves=664576 raw=1273/s balanced=1273/s debt=0 rows steps=2596 over=1 card=0 drop=0 L=0.00831 tgt=-0.021/0.279 cfg/b=36639 prep=0.22s gpu=0.00s conv=0.02s add=0.53s train=1.07s
[t= 833.8s] rebel stream solves=673792 raw=1266/s balanced=1266/s debt=0 rows steps=2632 over=1 card=0 drop=0 L=0.00895 tgt=-0.020/0.279 cfg/b=37132 prep=0.14s gpu=0.00s conv=0.01s add=0.50s train=0.90s
[t= 843.8s] rebel stream solves=684032 raw=1262/s balanced=1262/s debt=0 rows steps=2672 over=1 card=0 drop=0 L=0.00910 tgt=-0.024/0.276 cfg/b=37807 prep=0.26s gpu=0.00s conv=0.01s add=0.51s train=1.21s
[t= 853.9s] rebel stream solves=694272 raw=1257/s balanced=1257/s debt=0 rows steps=2712 over=1 card=0 drop=0 L=0.00882 tgt=-0.026/0.277 cfg/b=38250 prep=0.18s gpu=0.00s conv=0.01s add=0.55s train=1.09s
[t= 864.0s] rebel stream solves=703488 raw=1251/s balanced=1251/s debt=0 rows steps=2748 over=1 card=0 drop=0 L=0.00950 tgt=-0.026/0.281 cfg/b=39219 prep=0.18s gpu=0.00s conv=0.02s add=0.52s train=1.02s
[t= 874.0s] rebel stream solves=712704 raw=1245/s balanced=1245/s debt=0 rows steps=2784 over=1 card=0 drop=0 L=0.00925 tgt=-0.025/0.282 cfg/b=40373 prep=0.17s gpu=0.00s conv=0.02s add=0.48s train=0.95s
[t= 884.0s] rebel stream solves=721920 raw=1240/s balanced=1240/s debt=0 rows steps=2820 over=1 card=0 drop=0 L=0.00923 tgt=-0.026/0.293 cfg/b=39962 prep=0.18s gpu=0.00s conv=0.02s add=0.53s train=0.98s
[t= 894.0s] rebel stream solves=731136 raw=1234/s balanced=1234/s debt=0 rows steps=2856 over=1 card=0 drop=0 L=0.00951 tgt=-0.017/0.279 cfg/b=40693 prep=0.18s gpu=0.00s conv=0.01s add=0.45s train=1.00s
[t= 904.0s] rebel stream solves=740352 raw=1229/s balanced=1229/s debt=0 rows steps=2892 over=1 card=0 drop=0 L=0.00962 tgt=-0.011/0.273 cfg/b=40358 prep=0.18s gpu=0.00s conv=0.02s add=0.49s train=1.03s
[t= 914.1s] rebel stream solves=750592 raw=1226/s balanced=1226/s debt=0 rows steps=2932 over=1 card=0 drop=0 L=0.00947 tgt=-0.019/0.273 cfg/b=40578 prep=0.35s gpu=0.00s conv=0.02s add=0.54s train=1.29s
[t= 924.1s] rebel stream solves=760832 raw=1222/s balanced=1222/s debt=0 rows steps=2972 over=1 card=0 drop=0 L=0.00942 tgt=-0.019/0.275 cfg/b=40809 prep=0.19s gpu=0.00s conv=0.01s add=0.58s train=1.05s
[t= 934.1s] rebel stream solves=771072 raw=1219/s balanced=1219/s debt=0 rows steps=3012 over=1 card=0 drop=0 L=0.00997 tgt=-0.020/0.289 cfg/b=40686 prep=0.21s gpu=0.00s conv=0.01s add=0.54s train=1.12s
[t= 944.1s] rebel stream solves=782336 raw=1218/s balanced=1218/s debt=0 rows steps=3056 over=1 card=0 drop=0 L=0.00963 tgt=-0.026/0.295 cfg/b=40754 prep=0.26s gpu=0.00s conv=0.01s add=0.58s train=1.28s
[t= 954.2s] rebel stream solves=793600 raw=1216/s balanced=1216/s debt=0 rows steps=3100 over=1 card=0 drop=0 L=0.00944 tgt=-0.025/0.309 cfg/b=41208 prep=0.21s gpu=0.00s conv=0.02s add=0.62s train=1.20s
[t= 964.3s] rebel stream solves=803840 raw=1213/s balanced=1213/s debt=0 rows steps=3140 over=1 card=0 drop=0 L=0.00923 tgt=-0.019/0.302 cfg/b=40983 prep=0.19s gpu=0.00s conv=0.02s add=0.53s train=1.09s
[t= 974.3s] rebel stream solves=815104 raw=1212/s balanced=1212/s debt=0 rows steps=3184 over=1 card=0 drop=0 L=0.00945 tgt=-0.015/0.304 cfg/b=41863 prep=0.23s gpu=0.00s conv=0.02s add=0.60s train=1.18s
[t= 984.4s] rebel stream solves=825344 raw=1209/s balanced=1209/s debt=0 rows steps=3224 over=1 card=0 drop=0 L=0.00962 tgt=-0.016/0.303 cfg/b=41847 prep=0.21s gpu=0.00s conv=0.02s add=0.47s train=1.12s
[t= 994.4s] rebel stream solves=835584 raw=1206/s balanced=1206/s debt=0 rows steps=3264 over=1 card=0 drop=0 L=0.00916 tgt=-0.013/0.303 cfg/b=42495 prep=0.27s gpu=0.00s conv=0.02s add=0.50s train=1.18s
[t=1004.4s] rebel stream solves=847872 raw=1206/s balanced=1206/s debt=0 rows steps=3312 over=1 card=0 drop=0 L=0.00958 tgt=-0.016/0.299 cfg/b=41376 prep=0.24s gpu=0.00s conv=0.02s add=0.55s train=1.33s
[t=1014.5s] rebel stream solves=859136 raw=1205/s balanced=1205/s debt=0 rows steps=3356 over=1 card=0 drop=0 L=0.00976 tgt=-0.012/0.292 cfg/b=41146 prep=0.23s gpu=0.00s conv=0.02s add=0.59s train=1.18s
[t=1024.5s] rebel stream solves=870400 raw=1204/s balanced=1204/s debt=0 rows steps=3400 over=1 card=0 drop=0 L=0.00946 tgt=-0.020/0.304 cfg/b=41564 prep=0.23s gpu=0.00s conv=0.02s add=0.56s train=1.23s
[t=1034.6s] rebel stream solves=881664 raw=1203/s balanced=1203/s debt=0 rows steps=3444 over=1 card=0 drop=0 L=0.00977 tgt=-0.020/0.300 cfg/b=41416 prep=0.20s gpu=0.00s conv=0.02s add=0.55s train=1.22s
[t=1044.6s] rebel stream solves=892928 raw=1202/s balanced=1202/s debt=0 rows steps=3488 over=1 card=0 drop=0 L=0.01009 tgt=-0.010/0.297 cfg/b=41227 prep=0.21s gpu=0.00s conv=0.02s add=0.62s train=1.21s
[t=1054.8s] rebel stream solves=905216 raw=1202/s balanced=1202/s debt=0 rows steps=3536 over=1 card=0 drop=0 L=0.00997 tgt=-0.015/0.303 cfg/b=42148 prep=0.28s gpu=0.00s conv=0.02s add=0.64s train=1.40s
[t=1064.8s] rebel stream solves=916480 raw=1201/s balanced=1201/s debt=0 rows steps=3580 over=1 card=0 drop=0 L=0.01000 tgt=-0.015/0.299 cfg/b=41670 prep=0.22s gpu=0.00s conv=0.01s add=0.57s train=1.19s
[t=1074.8s] rebel stream solves=928768 raw=1201/s balanced=1201/s debt=0 rows steps=3628 over=1 card=0 drop=0 L=0.01049 tgt=-0.017/0.305 cfg/b=41556 prep=0.25s gpu=0.00s conv=0.01s add=0.67s train=1.34s
[t=1084.8s] rebel stream solves=940032 raw=1200/s balanced=1200/s debt=0 rows steps=3672 over=1 card=0 drop=0 L=0.01016 tgt=-0.007/0.294 cfg/b=41299 prep=0.23s gpu=0.00s conv=0.02s add=0.53s train=1.25s
[t=1094.9s] rebel stream solves=951296 raw=1199/s balanced=1199/s debt=0 rows steps=3716 over=1 card=0 drop=0 L=0.00972 tgt=-0.012/0.309 cfg/b=41125 prep=0.21s gpu=0.00s conv=0.02s add=0.58s train=1.20s
[t=1101.6s] --- snapshot snap_02.pt (s2) ---
[t=1104.9s] rebel stream solves=961536 raw=1197/s balanced=1197/s debt=0 rows steps=3756 over=1 card=0 drop=0 L=0.00988 tgt=-0.009/0.304 cfg/b=40794 prep=0.27s gpu=0.00s conv=0.02s add=0.53s train=1.15s
[t=1105.6s] --- lr -> 2.50e-04 ---
[t=1114.9s] rebel stream solves=971776 raw=1195/s balanced=1195/s debt=0 rows steps=3796 over=1 card=0 drop=0 L=0.00999 tgt=-0.010/0.296 cfg/b=40922 prep=0.21s gpu=0.00s conv=0.01s add=0.44s train=1.15s
[t=1124.9s] rebel stream solves=982016 raw=1193/s balanced=1193/s debt=0 rows steps=3836 over=1 card=0 drop=0 L=0.00990 tgt=-0.012/0.312 cfg/b=40666 prep=0.22s gpu=0.00s conv=0.02s add=0.51s train=1.13s
[t=1135.0s] rebel stream solves=992256 raw=1191/s balanced=1191/s debt=0 rows steps=3876 over=1 card=0 drop=0 L=0.00966 tgt=-0.017/0.308 cfg/b=40928 prep=0.22s gpu=0.00s conv=0.01s add=0.56s train=1.20s
[t=1145.0s] rebel stream solves=1001472 raw=1187/s balanced=1187/s debt=0 rows steps=3912 over=1 card=0 drop=0 L=0.00984 tgt=-0.017/0.314 cfg/b=41161 prep=0.17s gpu=0.00s conv=0.01s add=0.46s train=1.02s
[t=1155.0s] rebel stream solves=1011712 raw=1186/s balanced=1186/s debt=0 rows steps=3952 over=1 card=0 drop=0 L=0.01009 tgt=-0.010/0.308 cfg/b=40256 prep=0.19s gpu=0.00s conv=0.01s add=0.50s train=1.04s
[t=1165.0s] rebel stream solves=1020928 raw=1182/s balanced=1182/s debt=0 rows steps=3988 over=1 card=0 drop=0 L=0.00999 tgt=-0.019/0.318 cfg/b=41107 prep=0.17s gpu=0.00s conv=0.02s add=0.50s train=0.98s
[t=1175.1s] rebel stream solves=1031168 raw=1181/s balanced=1181/s debt=0 rows steps=4028 over=1 card=0 drop=0 L=0.01030 tgt=-0.017/0.317 cfg/b=41449 prep=0.22s gpu=0.00s conv=0.02s add=0.49s train=1.14s
[t=1185.1s] rebel stream solves=1041408 raw=1179/s balanced=1179/s debt=0 rows steps=4068 over=1 card=0 drop=0 L=0.01043 tgt=-0.019/0.318 cfg/b=41244 prep=0.21s gpu=0.00s conv=0.01s add=0.52s train=1.13s
[t=1195.2s] rebel stream solves=1051648 raw=1177/s balanced=1177/s debt=0 rows steps=4108 over=1 card=0 drop=0 L=0.00996 tgt=-0.021/0.318 cfg/b=41114 prep=0.20s gpu=0.00s conv=0.01s add=0.56s train=1.14s
[t=1205.2s] rebel stream solves=1061888 raw=1175/s balanced=1175/s debt=0 rows steps=4148 over=1 card=0 drop=0 L=0.01012 tgt=-0.028/0.331 cfg/b=41481 prep=0.18s gpu=0.00s conv=0.01s add=0.49s train=1.10s
[t=1215.2s] rebel stream solves=1074176 raw=1176/s balanced=1176/s debt=0 rows steps=4196 over=1 card=0 drop=0 L=0.01014 tgt=-0.033/0.327 cfg/b=41098 prep=0.20s gpu=0.00s conv=0.01s add=0.64s train=1.26s
[t=1225.5s] rebel stream solves=1085440 raw=1175/s balanced=1175/s debt=0 rows steps=4240 over=1 card=0 drop=0 L=0.00990 tgt=-0.014/0.319 cfg/b=42027 prep=0.21s gpu=0.00s conv=0.02s add=0.59s train=1.17s
[t=1235.5s] rebel stream solves=1095680 raw=1173/s balanced=1173/s debt=0 rows steps=4280 over=1 card=0 drop=0 L=0.01091 tgt=-0.014/0.321 cfg/b=42118 prep=0.19s gpu=0.00s conv=0.02s add=0.55s train=1.06s
[t=1245.5s] rebel stream solves=1105920 raw=1172/s balanced=1172/s debt=0 rows steps=4320 over=1 card=0 drop=0 L=0.01069 tgt=-0.025/0.334 cfg/b=42509 prep=0.18s gpu=0.00s conv=0.01s add=0.52s train=1.08s
[t=1255.6s] rebel stream solves=1116160 raw=1170/s balanced=1170/s debt=0 rows steps=4360 over=1 card=0 drop=0 L=0.01061 tgt=-0.023/0.331 cfg/b=42202 prep=0.18s gpu=0.00s conv=0.01s add=0.47s train=1.08s
[t=1265.6s] rebel stream solves=1125376 raw=1167/s balanced=1167/s debt=0 rows steps=4396 over=1 card=0 drop=0 L=0.01016 tgt=-0.026/0.338 cfg/b=41475 prep=0.18s gpu=0.00s conv=0.01s add=0.45s train=0.99s
[t=1275.6s] rebel stream solves=1135616 raw=1166/s balanced=1166/s debt=0 rows steps=4436 over=1 card=0 drop=0 L=0.00985 tgt=-0.015/0.326 cfg/b=42328 prep=0.21s gpu=0.00s conv=0.01s add=0.53s train=1.16s
[t=1285.6s] rebel stream solves=1145856 raw=1164/s balanced=1164/s debt=0 rows steps=4476 over=1 card=0 drop=0 L=0.01033 tgt=-0.013/0.335 cfg/b=41517 prep=0.20s gpu=0.00s conv=0.02s add=0.45s train=1.12s
[t=1295.7s] rebel stream solves=1156096 raw=1163/s balanced=1163/s debt=0 rows steps=4516 over=1 card=0 drop=0 L=0.00995 tgt=-0.015/0.330 cfg/b=41279 prep=0.23s gpu=0.00s conv=0.02s add=0.48s train=1.18s
[t=1305.7s] rebel stream solves=1165312 raw=1161/s balanced=1161/s debt=0 rows steps=4552 over=1 card=0 drop=0 L=0.01005 tgt=-0.016/0.332 cfg/b=40825 prep=0.17s gpu=0.00s conv=0.02s add=0.51s train=0.94s
[t=1315.7s] rebel stream solves=1174528 raw=1158/s balanced=1158/s debt=0 rows steps=4588 over=1 card=0 drop=0 L=0.00972 tgt=-0.023/0.341 cfg/b=40658 prep=0.17s gpu=0.00s conv=0.02s add=0.44s train=0.95s
[t=1325.8s] rebel stream solves=1183744 raw=1156/s balanced=1156/s debt=0 rows steps=4624 over=1 card=0 drop=0 L=0.01000 tgt=-0.016/0.340 cfg/b=40713 prep=0.17s gpu=0.00s conv=0.01s add=0.43s train=0.99s
[t=1335.8s] rebel stream solves=1192960 raw=1154/s balanced=1154/s debt=0 rows steps=4660 over=1 card=0 drop=0 L=0.00975 tgt=-0.018/0.352 cfg/b=40106 prep=0.19s gpu=0.00s conv=0.01s add=0.41s train=1.02s
[t=1345.8s] rebel stream solves=1203200 raw=1152/s balanced=1152/s debt=0 rows steps=4700 over=1 card=0 drop=0 L=0.01027 tgt=-0.016/0.341 cfg/b=40114 prep=0.18s gpu=0.00s conv=0.01s add=0.52s train=1.10s
[t=1355.9s] rebel stream solves=1212416 raw=1150/s balanced=1150/s debt=0 rows steps=4736 over=1 card=0 drop=0 L=0.01007 tgt=-0.012/0.343 cfg/b=39732 prep=0.18s gpu=0.00s conv=0.01s add=0.43s train=0.98s
[t=1365.9s] rebel stream solves=1223680 raw=1150/s balanced=1150/s debt=0 rows steps=4780 over=1 card=0 drop=0 L=0.01027 tgt=-0.012/0.351 cfg/b=40175 prep=0.23s gpu=0.00s conv=0.01s add=0.55s train=1.26s
[t=1376.0s] rebel stream solves=1232896 raw=1148/s balanced=1148/s debt=0 rows steps=4816 over=1 card=0 drop=0 L=0.01029 tgt=-0.003/0.347 cfg/b=39998 prep=0.19s gpu=0.00s conv=0.02s add=0.46s train=1.00s
[t=1386.0s] rebel stream solves=1243136 raw=1146/s balanced=1146/s debt=0 rows steps=4856 over=1 card=0 drop=0 L=0.01078 tgt=-0.005/0.339 cfg/b=39155 prep=0.27s gpu=0.00s conv=0.01s add=0.44s train=1.22s
[t=1396.0s] rebel stream solves=1254400 raw=1146/s balanced=1146/s debt=0 rows steps=4900 over=1 card=0 drop=0 L=0.01017 tgt=-0.008/0.339 cfg/b=39326 prep=0.20s gpu=0.00s conv=0.02s add=0.53s train=1.16s
[t=1406.1s] rebel stream solves=1264640 raw=1145/s balanced=1145/s debt=0 rows steps=4940 over=1 card=0 drop=0 L=0.01007 tgt=-0.015/0.343 cfg/b=38574 prep=0.20s gpu=0.00s conv=0.02s add=0.58s train=1.10s
[t=1416.1s] rebel stream solves=1275904 raw=1145/s balanced=1145/s debt=0 rows steps=4984 over=1 card=0 drop=0 L=0.01015 tgt=-0.009/0.347 cfg/b=38860 prep=0.23s gpu=0.00s conv=0.01s add=0.52s train=1.23s
[t=1426.2s] rebel stream solves=1287168 raw=1145/s balanced=1145/s debt=0 rows steps=5028 over=1 card=0 drop=0 L=0.01016 tgt=-0.011/0.365 cfg/b=38573 prep=0.20s gpu=0.00s conv=0.01s add=0.46s train=1.22s
[t=1436.4s] rebel stream solves=1298432 raw=1144/s balanced=1144/s debt=0 rows steps=5072 over=1 card=0 drop=0 L=0.01047 tgt=-0.006/0.345 cfg/b=39100 prep=0.25s gpu=0.00s conv=0.02s add=0.46s train=1.30s
[t=1446.4s] rebel stream solves=1308672 raw=1143/s balanced=1143/s debt=0 rows steps=5112 over=1 card=0 drop=0 L=0.01050 tgt=-0.003/0.339 cfg/b=38610 prep=0.20s gpu=0.00s conv=0.01s add=0.46s train=1.12s
[t=1456.5s] rebel stream solves=1320960 raw=1144/s balanced=1144/s debt=0 rows steps=5160 over=1 card=0 drop=0 L=0.01055 tgt=-0.013/0.349 cfg/b=38529 prep=0.25s gpu=0.00s conv=0.01s add=0.60s train=1.41s
[t=1466.5s] rebel stream solves=1331200 raw=1143/s balanced=1143/s debt=0 rows steps=5200 over=1 card=0 drop=0 L=0.01020 tgt=-0.014/0.356 cfg/b=38446 prep=0.20s gpu=0.00s conv=0.01s add=0.51s train=1.12s
[t=1476.5s] rebel stream solves=1342464 raw=1143/s balanced=1143/s debt=0 rows steps=5244 over=1 card=0 drop=0 L=0.01006 tgt=-0.005/0.351 cfg/b=38032 prep=0.20s gpu=0.00s conv=0.01s add=0.48s train=1.20s
[t=1480.0s] --- stopping GPU admission; draining ---
[t=1482.5s] rebel stream solves=1348070 raw=1142/s balanced=1141/s debt=920 rows steps=5265 over=1 card=0 drop=0 L=0.01004 tgt=-0.012/0.354 cfg/b=38404 prep=0.11s gpu=0.00s conv=0.01s add=0.27s train=0.58s
[gpu-summary] solves=1348070 optimizer_rows=5391360 debt=920 raw=1124.9/s balanced=1124.7/s over=1 card=0 exact=0 censored=4608 dropped=0 overrun=0.00s
[t=1500.0s] --- snapshot snap_03.pt (final) ---
[report] runs/projection-zero_sumFalse-s1/report.html
