[train] runs/value_v4_depth1_precise30 at a9b0298+dirty seed=94 {'minutes': 30.0, 'warm_minutes': 5.0, 'ladder_games': 0, 'seed': 94, 'note': 'precise-depth-one-production-verification'}
[train] precise-depth-one-production-verification
[cpu] pinned to 36 physical cores
[train] CUDA stream priority -1
[gpu] solve services up on [0, 1]
[cfg] PUBFEAT=897 CFEAT=15 architecture=v4 depth=1 iters=32 budget=1800s warm=300s snapshot_every=6min device=cuda:1 draft=random train_gen_ratio=4.0 recent_mix=0.5/0.2 canonical_views=2 cap=2000000 matmul=high
[t=   1.1s] greedy ep  0 games=  96 dec= 17587 rows= 16896 horizon=0.28 L=0.12018 L/var=0.67 tgt=-0.110/0.423 pstd=0.363 gen=0.1s train=0.9s
[t=   1.7s] greedy ep  1 games=  96 dec= 18281 rows= 17559 horizon=0.27 L=0.08854 L/var=0.55 tgt=-0.073/0.401 pstd=0.397 gen=0.1s train=0.4s
[t=   2.3s] greedy ep  2 games=  96 dec= 18717 rows= 17992 horizon=0.32 L=0.05753 L/var=0.31 tgt=-0.085/0.428 pstd=0.379 gen=0.1s train=0.4s
[t=   2.9s] greedy ep  3 games=  96 dec= 18592 rows= 17802 horizon=0.30 L=0.04988 L/var=0.33 tgt=-0.074/0.391 pstd=0.370 gen=0.1s train=0.4s
[t=   3.5s] greedy ep  4 games=  96 dec= 18863 rows= 18068 horizon=0.31 L=0.03486 L/var=0.21 tgt=-0.081/0.410 pstd=0.420 gen=0.1s train=0.4s
[t=   4.1s] greedy ep  5 games=  96 dec= 18552 rows= 17758 horizon=0.25 L=0.02041 L/var=0.13 tgt=-0.081/0.402 pstd=0.416 gen=0.1s train=0.4s
[t=   4.7s] greedy ep  6 games=  96 dec= 18497 rows= 17692 horizon=0.35 L=0.01445 L/var=0.09 tgt=-0.075/0.411 pstd=0.412 gen=0.1s train=0.4s
[t=   5.3s] greedy ep  7 games=  96 dec= 18734 rows= 18005 horizon=0.32 L=0.01510 L/var=0.09 tgt=-0.061/0.403 pstd=0.435 gen=0.1s train=0.4s
[t=   5.9s] greedy ep  8 games=  96 dec= 18648 rows= 17923 horizon=0.31 L=0.00905 L/var=0.05 tgt=-0.087/0.409 pstd=0.413 gen=0.1s train=0.4s
[t=   6.5s] greedy ep  9 games=  96 dec= 17837 rows= 17052 horizon=0.27 L=0.00852 L/var=0.05 tgt=-0.076/0.394 pstd=0.404 gen=0.1s train=0.4s
[t=   7.1s] greedy ep 10 games=  96 dec= 16984 rows= 16290 horizon=0.22 L=0.00655 L/var=0.04 tgt=-0.083/0.410 pstd=0.418 gen=0.1s train=0.4s
[t=   7.7s] greedy ep 11 games=  96 dec= 19864 rows= 19000 horizon=0.36 L=0.00595 L/var=0.03 tgt=-0.091/0.425 pstd=0.409 gen=0.1s train=0.5s
[t=   8.3s] greedy ep 12 games=  96 dec= 18263 rows= 17487 horizon=0.29 L=0.00989 L/var=0.06 tgt=-0.087/0.394 pstd=0.426 gen=0.1s train=0.4s
[t=   8.9s] greedy ep 13 games=  96 dec= 17778 rows= 16984 horizon=0.27 L=0.00538 L/var=0.03 tgt=-0.051/0.399 pstd=0.415 gen=0.1s train=0.4s
[t=   9.5s] greedy ep 14 games=  96 dec= 19132 rows= 18388 horizon=0.38 L=0.00510 L/var=0.03 tgt=-0.086/0.397 pstd=0.423 gen=0.1s train=0.4s
[t=  10.2s] greedy ep 15 games=  96 dec= 18308 rows= 17614 horizon=0.29 L=0.00524 L/var=0.03 tgt=-0.084/0.405 pstd=0.410 gen=0.1s train=0.4s
[t=  10.8s] greedy ep 16 games=  96 dec= 18011 rows= 17285 horizon=0.25 L=0.00485 L/var=0.03 tgt=-0.065/0.397 pstd=0.431 gen=0.1s train=0.4s
[t=  11.4s] greedy ep 17 games=  96 dec= 17941 rows= 17112 horizon=0.24 L=0.00454 L/var=0.03 tgt=-0.079/0.389 pstd=0.422 gen=0.1s train=0.4s
[t=  12.0s] greedy ep 18 games=  96 dec= 18188 rows= 17461 horizon=0.29 L=0.00474 L/var=0.03 tgt=-0.076/0.397 pstd=0.414 gen=0.1s train=0.4s
[t=  12.6s] greedy ep 19 games=  96 dec= 18062 rows= 17291 horizon=0.26 L=0.00496 L/var=0.03 tgt=-0.077/0.410 pstd=0.414 gen=0.1s train=0.4s
[t=  13.2s] greedy ep 20 games=  96 dec= 18070 rows= 17311 horizon=0.26 L=0.00457 L/var=0.03 tgt=-0.081/0.393 pstd=0.409 gen=0.1s train=0.4s
[t=  13.8s] greedy ep 21 games=  96 dec= 17098 rows= 16385 horizon=0.19 L=0.00404 L/var=0.02 tgt=-0.092/0.423 pstd=0.420 gen=0.1s train=0.4s
[t=  14.4s] greedy ep 22 games=  96 dec= 18003 rows= 17173 horizon=0.30 L=0.00449 L/var=0.03 tgt=-0.046/0.416 pstd=0.400 gen=0.1s train=0.4s
[t=  15.0s] greedy ep 23 games=  96 dec= 17764 rows= 16987 horizon=0.28 L=0.00391 L/var=0.03 tgt=-0.079/0.394 pstd=0.416 gen=0.1s train=0.4s
[t=  15.6s] greedy ep 24 games=  96 dec= 18171 rows= 17369 horizon=0.27 L=0.00450 L/var=0.03 tgt=-0.078/0.400 pstd=0.424 gen=0.1s train=0.4s
[t=  16.2s] greedy ep 25 games=  96 dec= 18682 rows= 17913 horizon=0.29 L=0.00371 L/var=0.03 tgt=-0.062/0.371 pstd=0.425 gen=0.1s train=0.4s
[t=  16.9s] greedy ep 26 games=  96 dec= 19086 rows= 18313 horizon=0.31 L=0.00427 L/var=0.03 tgt=-0.081/0.389 pstd=0.416 gen=0.1s train=0.5s
[t=  17.5s] greedy ep 27 games=  96 dec= 18177 rows= 17381 horizon=0.26 L=0.00438 L/var=0.03 tgt=-0.086/0.404 pstd=0.424 gen=0.1s train=0.4s
[t=  18.1s] greedy ep 28 games=  96 dec= 19075 rows= 18311 horizon=0.32 L=0.00545 L/var=0.03 tgt=-0.066/0.401 pstd=0.431 gen=0.1s train=0.5s
[t=  18.8s] greedy ep 29 games=  96 dec= 18709 rows= 17999 horizon=0.33 L=0.00612 L/var=0.04 tgt=-0.070/0.388 pstd=0.424 gen=0.1s train=0.4s
[t=  19.4s] greedy ep 30 games=  96 dec= 18768 rows= 18069 horizon=0.34 L=0.00355 L/var=0.03 tgt=-0.049/0.364 pstd=0.423 gen=0.1s train=0.5s
[t=  20.0s] greedy ep 31 games=  96 dec= 19021 rows= 18256 horizon=0.27 L=0.00285 L/var=0.02 tgt=-0.062/0.372 pstd=0.418 gen=0.1s train=0.5s
[t=  20.6s] greedy ep 32 games=  96 dec= 19030 rows= 18333 horizon=0.31 L=0.00239 L/var=0.01 tgt=-0.063/0.401 pstd=0.417 gen=0.1s train=0.4s
[t=  21.3s] greedy ep 33 games=  96 dec= 17899 rows= 17118 horizon=0.23 L=0.00238 L/var=0.01 tgt=-0.092/0.409 pstd=0.420 gen=0.1s train=0.4s
[t=  21.9s] greedy ep 34 games=  96 dec= 18435 rows= 17644 horizon=0.27 L=0.00344 L/var=0.02 tgt=-0.067/0.416 pstd=0.405 gen=0.1s train=0.4s
[t=  22.5s] greedy ep 35 games=  96 dec= 18447 rows= 17635 horizon=0.29 L=0.00410 L/var=0.03 tgt=-0.062/0.378 pstd=0.415 gen=0.1s train=0.4s
[t=  23.1s] greedy ep 36 games=  96 dec= 18332 rows= 17633 horizon=0.32 L=0.00278 L/var=0.02 tgt=-0.059/0.389 pstd=0.420 gen=0.1s train=0.4s
[t=  23.7s] greedy ep 37 games=  96 dec= 18158 rows= 17407 horizon=0.28 L=0.00243 L/var=0.02 tgt=-0.083/0.403 pstd=0.418 gen=0.1s train=0.4s
[t=  24.3s] greedy ep 38 games=  96 dec= 19035 rows= 18242 horizon=0.28 L=0.00206 L/var=0.01 tgt=-0.053/0.398 pstd=0.419 gen=0.1s train=0.4s
[t=  25.0s] greedy ep 39 games=  96 dec= 18090 rows= 17259 horizon=0.29 L=0.00211 L/var=0.01 tgt=-0.094/0.395 pstd=0.414 gen=0.1s train=0.4s
[t=  25.6s] greedy ep 40 games=  96 dec= 17886 rows= 17062 horizon=0.24 L=0.00194 L/var=0.01 tgt=-0.108/0.424 pstd=0.419 gen=0.1s train=0.4s
[t=  26.2s] greedy ep 41 games=  96 dec= 18382 rows= 17648 horizon=0.28 L=0.00218 L/var=0.01 tgt=-0.082/0.386 pstd=0.419 gen=0.1s train=0.4s
[t=  26.8s] greedy ep 42 games=  96 dec= 17642 rows= 16903 horizon=0.21 L=0.00224 L/var=0.01 tgt=-0.068/0.404 pstd=0.419 gen=0.1s train=0.4s
[t=  27.4s] greedy ep 43 games=  96 dec= 17721 rows= 17024 horizon=0.20 L=0.00252 L/var=0.02 tgt=-0.051/0.400 pstd=0.413 gen=0.1s train=0.4s
[t=  28.0s] greedy ep 44 games=  96 dec= 17671 rows= 16915 horizon=0.26 L=0.00201 L/var=0.01 tgt=-0.075/0.389 pstd=0.416 gen=0.1s train=0.4s
[t=  28.7s] greedy ep 45 games=  96 dec= 18833 rows= 17985 horizon=0.29 L=0.00189 L/var=0.01 tgt=-0.077/0.413 pstd=0.424 gen=0.1s train=0.4s
[t=  29.3s] greedy ep 46 games=  96 dec= 19029 rows= 18199 horizon=0.34 L=0.00169 L/var=0.01 tgt=-0.110/0.408 pstd=0.417 gen=0.1s train=0.5s
[t=  29.9s] greedy ep 47 games=  96 dec= 18435 rows= 17710 horizon=0.30 L=0.00167 L/var=0.01 tgt=-0.069/0.412 pstd=0.409 gen=0.1s train=0.4s
[t=  30.5s] greedy ep 48 games=  96 dec= 18009 rows= 17220 horizon=0.30 L=0.00174 L/var=0.01 tgt=-0.061/0.391 pstd=0.413 gen=0.1s train=0.4s
[t=  31.2s] greedy ep 49 games=  96 dec= 18160 rows= 17324 horizon=0.21 L=0.00269 L/var=0.02 tgt=-0.076/0.395 pstd=0.417 gen=0.1s train=0.4s
[t=  31.8s] greedy ep 50 games=  96 dec= 19113 rows= 18234 horizon=0.34 L=0.00217 L/var=0.01 tgt=-0.084/0.396 pstd=0.417 gen=0.1s train=0.5s
[t=  32.4s] greedy ep 51 games=  96 dec= 18400 rows= 17577 horizon=0.21 L=0.00189 L/var=0.01 tgt=-0.081/0.406 pstd=0.410 gen=0.1s train=0.4s
[t=  33.1s] greedy ep 52 games=  96 dec= 18286 rows= 17438 horizon=0.34 L=0.00180 L/var=0.01 tgt=-0.065/0.420 pstd=0.416 gen=0.1s train=0.5s
[t=  33.8s] greedy ep 53 games=  96 dec= 18984 rows= 18207 horizon=0.32 L=0.00164 L/var=0.01 tgt=-0.073/0.396 pstd=0.416 gen=0.1s train=0.5s
[t=  34.4s] greedy ep 54 games=  96 dec= 18021 rows= 17301 horizon=0.24 L=0.00170 L/var=0.01 tgt=-0.086/0.392 pstd=0.417 gen=0.1s train=0.5s
[t=  35.1s] greedy ep 55 games=  96 dec= 18827 rows= 18023 horizon=0.32 L=0.00178 L/var=0.01 tgt=-0.082/0.392 pstd=0.427 gen=0.1s train=0.5s
[t=  35.8s] greedy ep 56 games=  96 dec= 19347 rows= 18518 horizon=0.34 L=0.00183 L/var=0.01 tgt=-0.068/0.408 pstd=0.413 gen=0.1s train=0.5s
[t=  36.5s] greedy ep 57 games=  96 dec= 18751 rows= 18035 horizon=0.33 L=0.00164 L/var=0.01 tgt=-0.075/0.379 pstd=0.422 gen=0.1s train=0.5s
[t=  37.2s] greedy ep 58 games=  96 dec= 18701 rows= 17906 horizon=0.31 L=0.00175 L/var=0.01 tgt=-0.058/0.392 pstd=0.411 gen=0.1s train=0.5s
[t=  37.8s] greedy ep 59 games=  96 dec= 17997 rows= 17251 horizon=0.27 L=0.00163 L/var=0.01 tgt=-0.068/0.388 pstd=0.415 gen=0.1s train=0.5s
[t=  38.5s] greedy ep 60 games=  96 dec= 18317 rows= 17574 horizon=0.29 L=0.00140 L/var=0.01 tgt=-0.074/0.421 pstd=0.421 gen=0.1s train=0.5s
[t=  39.2s] greedy ep 61 games=  96 dec= 19025 rows= 18203 horizon=0.35 L=0.00133 L/var=0.01 tgt=-0.079/0.421 pstd=0.412 gen=0.1s train=0.5s
[t=  39.9s] greedy ep 62 games=  96 dec= 18661 rows= 17778 horizon=0.31 L=0.00444 L/var=0.02 tgt=-0.078/0.423 pstd=0.425 gen=0.1s train=0.5s
[t=  40.6s] greedy ep 63 games=  96 dec= 19192 rows= 18345 horizon=0.36 L=0.01216 L/var=0.07 tgt=-0.074/0.411 pstd=0.415 gen=0.1s train=0.5s
[t=  41.2s] greedy ep 64 games=  96 dec= 18036 rows= 17273 horizon=0.26 L=0.00443 L/var=0.03 tgt=-0.084/0.410 pstd=0.414 gen=0.1s train=0.5s
[t=  41.9s] greedy ep 65 games=  96 dec= 17830 rows= 17131 horizon=0.28 L=0.00255 L/var=0.01 tgt=-0.076/0.420 pstd=0.421 gen=0.1s train=0.5s
[t=  42.6s] greedy ep 66 games=  96 dec= 19045 rows= 18215 horizon=0.31 L=0.00184 L/var=0.01 tgt=-0.054/0.382 pstd=0.415 gen=0.1s train=0.5s
[t=  43.2s] greedy ep 67 games=  96 dec= 18330 rows= 17521 horizon=0.28 L=0.00153 L/var=0.01 tgt=-0.087/0.399 pstd=0.419 gen=0.1s train=0.5s
[t=  43.9s] greedy ep 68 games=  96 dec= 17274 rows= 16492 horizon=0.20 L=0.00140 L/var=0.01 tgt=-0.063/0.405 pstd=0.423 gen=0.1s train=0.4s
[t=  44.5s] greedy ep 69 games=  96 dec= 17783 rows= 17078 horizon=0.24 L=0.00132 L/var=0.01 tgt=-0.097/0.414 pstd=0.415 gen=0.1s train=0.5s
[t=  45.2s] greedy ep 70 games=  96 dec= 18988 rows= 18130 horizon=0.31 L=0.00125 L/var=0.01 tgt=-0.062/0.381 pstd=0.419 gen=0.1s train=0.5s
[t=  45.9s] greedy ep 71 games=  96 dec= 18873 rows= 18011 horizon=0.31 L=0.00120 L/var=0.01 tgt=-0.057/0.420 pstd=0.419 gen=0.1s train=0.5s
[t=  46.6s] greedy ep 72 games=  96 dec= 17467 rows= 16721 horizon=0.23 L=0.00119 L/var=0.01 tgt=-0.071/0.427 pstd=0.416 gen=0.1s train=0.4s
[t=  47.2s] greedy ep 73 games=  96 dec= 18301 rows= 17493 horizon=0.25 L=0.00122 L/var=0.01 tgt=-0.085/0.414 pstd=0.423 gen=0.1s train=0.5s
[t=  47.9s] greedy ep 74 games=  96 dec= 19001 rows= 18142 horizon=0.31 L=0.00143 L/var=0.01 tgt=-0.090/0.425 pstd=0.419 gen=0.1s train=0.5s
[t=  48.6s] greedy ep 75 games=  96 dec= 18962 rows= 18202 horizon=0.34 L=0.00124 L/var=0.01 tgt=-0.075/0.408 pstd=0.411 gen=0.1s train=0.5s
[t=  49.3s] greedy ep 76 games=  96 dec= 18156 rows= 17361 horizon=0.26 L=0.00125 L/var=0.01 tgt=-0.074/0.390 pstd=0.420 gen=0.1s train=0.5s
[t=  50.0s] greedy ep 77 games=  96 dec= 17791 rows= 17077 horizon=0.28 L=0.00121 L/var=0.01 tgt=-0.058/0.382 pstd=0.416 gen=0.1s train=0.5s
[t=  50.6s] greedy ep 78 games=  96 dec= 19109 rows= 18281 horizon=0.28 L=0.00155 L/var=0.01 tgt=-0.068/0.391 pstd=0.418 gen=0.1s train=0.5s
[t=  51.3s] greedy ep 79 games=  96 dec= 19151 rows= 18431 horizon=0.32 L=0.00129 L/var=0.01 tgt=-0.090/0.403 pstd=0.418 gen=0.1s train=0.5s
[t=  52.0s] greedy ep 80 games=  96 dec= 18306 rows= 17589 horizon=0.26 L=0.00118 L/var=0.01 tgt=-0.067/0.403 pstd=0.419 gen=0.1s train=0.5s
[t=  52.7s] greedy ep 81 games=  96 dec= 18798 rows= 17944 horizon=0.33 L=0.00117 L/var=0.01 tgt=-0.072/0.404 pstd=0.419 gen=0.1s train=0.5s
[t=  53.4s] greedy ep 82 games=  96 dec= 19102 rows= 18351 horizon=0.34 L=0.00112 L/var=0.01 tgt=-0.098/0.424 pstd=0.414 gen=0.1s train=0.5s
[t=  54.1s] greedy ep 83 games=  96 dec= 18201 rows= 17424 horizon=0.28 L=0.00105 L/var=0.01 tgt=-0.066/0.410 pstd=0.413 gen=0.1s train=0.5s
[t=  54.8s] greedy ep 84 games=  96 dec= 18935 rows= 18091 horizon=0.30 L=0.00125 L/var=0.01 tgt=-0.073/0.397 pstd=0.413 gen=0.1s train=0.5s
[t=  55.5s] greedy ep 85 games=  96 dec= 19005 rows= 18201 horizon=0.29 L=0.00113 L/var=0.01 tgt=-0.061/0.418 pstd=0.417 gen=0.1s train=0.5s
[t=  56.1s] greedy ep 86 games=  96 dec= 17623 rows= 16780 horizon=0.25 L=0.00143 L/var=0.01 tgt=-0.072/0.386 pstd=0.416 gen=0.1s train=0.4s
[t=  56.8s] greedy ep 87 games=  96 dec= 19105 rows= 18359 horizon=0.35 L=0.00109 L/var=0.01 tgt=-0.074/0.413 pstd=0.415 gen=0.1s train=0.5s
[t=  57.5s] greedy ep 88 games=  96 dec= 19246 rows= 18454 horizon=0.35 L=0.00098 L/var=0.01 tgt=-0.064/0.387 pstd=0.423 gen=0.1s train=0.5s
[t=  58.1s] greedy ep 89 games=  96 dec= 18477 rows= 17670 horizon=0.28 L=0.00156 L/var=0.01 tgt=-0.076/0.420 pstd=0.418 gen=0.1s train=0.4s
[t=  58.8s] greedy ep 90 games=  96 dec= 18888 rows= 18137 horizon=0.32 L=0.00102 L/var=0.01 tgt=-0.096/0.407 pstd=0.419 gen=0.1s train=0.4s
[t=  59.4s] greedy ep 91 games=  96 dec= 18262 rows= 17526 horizon=0.26 L=0.00089 L/var=0.01 tgt=-0.070/0.383 pstd=0.420 gen=0.1s train=0.4s
[t=  60.1s] greedy ep 92 games=  96 dec= 18361 rows= 17610 horizon=0.31 L=0.00201 L/var=0.01 tgt=-0.081/0.381 pstd=0.419 gen=0.1s train=0.4s
[t=  60.7s] greedy ep 93 games=  96 dec= 19064 rows= 18198 horizon=0.33 L=0.00165 L/var=0.01 tgt=-0.089/0.406 pstd=0.418 gen=0.1s train=0.4s
[t=  61.4s] greedy ep 94 games=  96 dec= 18675 rows= 17941 horizon=0.30 L=0.00210 L/var=0.01 tgt=-0.086/0.408 pstd=0.432 gen=0.1s train=0.4s
[t=  62.0s] greedy ep 95 games=  96 dec= 18247 rows= 17441 horizon=0.22 L=0.00230 L/var=0.01 tgt=-0.087/0.408 pstd=0.426 gen=0.1s train=0.4s
[t=  62.6s] greedy ep 96 games=  96 dec= 17192 rows= 16438 horizon=0.22 L=0.00122 L/var=0.01 tgt=-0.072/0.398 pstd=0.408 gen=0.1s train=0.4s
[t=  63.2s] greedy ep 97 games=  96 dec= 19340 rows= 18455 horizon=0.39 L=0.00090 L/var=0.01 tgt=-0.076/0.401 pstd=0.413 gen=0.1s train=0.5s
[t=  63.8s] greedy ep 98 games=  96 dec= 17762 rows= 17023 horizon=0.22 L=0.00081 L/var=0.00 tgt=-0.070/0.403 pstd=0.418 gen=0.1s train=0.4s
[t=  64.5s] greedy ep 99 games=  96 dec= 18584 rows= 17856 horizon=0.32 L=0.00076 L/var=0.00 tgt=-0.089/0.429 pstd=0.418 gen=0.1s train=0.4s
[t=  65.1s] greedy ep100 games=  96 dec= 20006 rows= 19114 horizon=0.43 L=0.00074 L/var=0.00 tgt=-0.068/0.401 pstd=0.417 gen=0.1s train=0.5s
[t=  65.8s] greedy ep101 games=  96 dec= 19103 rows= 18319 horizon=0.39 L=0.00073 L/var=0.00 tgt=-0.064/0.389 pstd=0.418 gen=0.1s train=0.4s
[t=  66.4s] greedy ep102 games=  96 dec= 17703 rows= 17043 horizon=0.25 L=0.00068 L/var=0.00 tgt=-0.068/0.393 pstd=0.414 gen=0.1s train=0.4s
[t=  67.1s] greedy ep103 games=  96 dec= 18265 rows= 17450 horizon=0.25 L=0.00084 L/var=0.00 tgt=-0.095/0.447 pstd=0.421 gen=0.1s train=0.4s
[t=  67.7s] greedy ep104 games=  96 dec= 19145 rows= 18339 horizon=0.33 L=0.00080 L/var=0.00 tgt=-0.068/0.401 pstd=0.415 gen=0.1s train=0.5s
[t=  68.4s] greedy ep105 games=  96 dec= 18636 rows= 17816 horizon=0.29 L=0.00081 L/var=0.00 tgt=-0.064/0.402 pstd=0.414 gen=0.1s train=0.4s
[t=  69.0s] greedy ep106 games=  96 dec= 17707 rows= 16943 horizon=0.25 L=0.00095 L/var=0.01 tgt=-0.085/0.387 pstd=0.421 gen=0.1s train=0.4s
[t=  69.6s] greedy ep107 games=  96 dec= 18301 rows= 17621 horizon=0.33 L=0.00104 L/var=0.01 tgt=-0.057/0.390 pstd=0.417 gen=0.1s train=0.4s
[t=  70.2s] greedy ep108 games=  96 dec= 18643 rows= 17822 horizon=0.30 L=0.00069 L/var=0.00 tgt=-0.064/0.400 pstd=0.420 gen=0.1s train=0.4s
[t=  70.8s] greedy ep109 games=  96 dec= 18000 rows= 17264 horizon=0.30 L=0.00067 L/var=0.00 tgt=-0.054/0.381 pstd=0.414 gen=0.1s train=0.4s
[t=  71.5s] greedy ep110 games=  96 dec= 17712 rows= 17037 horizon=0.23 L=0.00110 L/var=0.01 tgt=-0.083/0.390 pstd=0.415 gen=0.1s train=0.4s
[t=  72.2s] greedy ep111 games=  96 dec= 19420 rows= 18573 horizon=0.33 L=0.00069 L/var=0.00 tgt=-0.073/0.414 pstd=0.420 gen=0.1s train=0.5s
[t=  72.9s] greedy ep112 games=  96 dec= 18695 rows= 17950 horizon=0.34 L=0.00066 L/var=0.00 tgt=-0.046/0.397 pstd=0.418 gen=0.1s train=0.5s
[t=  73.7s] greedy ep113 games=  96 dec= 18629 rows= 17807 horizon=0.30 L=0.00130 L/var=0.01 tgt=-0.081/0.399 pstd=0.412 gen=0.1s train=0.5s
[t=  74.4s] greedy ep114 games=  96 dec= 18484 rows= 17599 horizon=0.29 L=0.00077 L/var=0.01 tgt=-0.054/0.389 pstd=0.415 gen=0.1s train=0.5s
[t=  75.2s] greedy ep115 games=  96 dec= 19007 rows= 18230 horizon=0.32 L=0.00061 L/var=0.00 tgt=-0.065/0.398 pstd=0.416 gen=0.1s train=0.5s
[t=  75.9s] greedy ep116 games=  96 dec= 18669 rows= 17880 horizon=0.26 L=0.00063 L/var=0.00 tgt=-0.080/0.380 pstd=0.415 gen=0.1s train=0.5s
[t=  76.6s] greedy ep117 games=  96 dec= 18109 rows= 17288 horizon=0.24 L=0.00158 L/var=0.01 tgt=-0.072/0.395 pstd=0.419 gen=0.1s train=0.5s
[t=  77.3s] greedy ep118 games=  96 dec= 18476 rows= 17749 horizon=0.28 L=0.00089 L/var=0.01 tgt=-0.079/0.384 pstd=0.416 gen=0.1s train=0.5s
[t=  78.1s] greedy ep119 games=  96 dec= 18882 rows= 18037 horizon=0.30 L=0.00062 L/var=0.00 tgt=-0.050/0.397 pstd=0.418 gen=0.1s train=0.5s
[t=  78.9s] greedy ep120 games=  96 dec= 19062 rows= 18240 horizon=0.31 L=0.00061 L/var=0.00 tgt=-0.072/0.386 pstd=0.414 gen=0.1s train=0.5s
[t=  79.6s] greedy ep121 games=  96 dec= 18076 rows= 17320 horizon=0.26 L=0.00058 L/var=0.00 tgt=-0.090/0.435 pstd=0.417 gen=0.1s train=0.5s
[t=  80.3s] greedy ep122 games=  96 dec= 17913 rows= 17188 horizon=0.25 L=0.00099 L/var=0.01 tgt=-0.080/0.401 pstd=0.413 gen=0.1s train=0.5s
[t=  81.1s] greedy ep123 games=  96 dec= 18330 rows= 17492 horizon=0.26 L=0.00095 L/var=0.00 tgt=-0.095/0.447 pstd=0.418 gen=0.1s train=0.5s
[t=  81.8s] greedy ep124 games=  96 dec= 18733 rows= 17897 horizon=0.27 L=0.00063 L/var=0.00 tgt=-0.067/0.389 pstd=0.418 gen=0.1s train=0.5s
[t=  82.5s] greedy ep125 games=  96 dec= 18541 rows= 17673 horizon=0.27 L=0.00056 L/var=0.00 tgt=-0.062/0.386 pstd=0.417 gen=0.1s train=0.5s
[t=  83.3s] greedy ep126 games=  96 dec= 19346 rows= 18529 horizon=0.36 L=0.00061 L/var=0.00 tgt=-0.086/0.400 pstd=0.416 gen=0.1s train=0.5s
[t=  84.0s] greedy ep127 games=  96 dec= 18418 rows= 17658 horizon=0.32 L=0.00064 L/var=0.00 tgt=-0.082/0.404 pstd=0.416 gen=0.1s train=0.5s
[t=  84.6s] greedy ep128 games=  96 dec= 18478 rows= 17720 horizon=0.28 L=0.00055 L/var=0.00 tgt=-0.056/0.402 pstd=0.420 gen=0.1s train=0.4s
[t=  85.4s] greedy ep129 games=  96 dec= 19023 rows= 18187 horizon=0.30 L=0.00062 L/var=0.00 tgt=-0.069/0.399 pstd=0.416 gen=0.1s train=0.5s
[t=  86.1s] greedy ep130 games=  96 dec= 18026 rows= 17205 horizon=0.27 L=0.00074 L/var=0.00 tgt=-0.086/0.395 pstd=0.419 gen=0.1s train=0.5s
[t=  86.9s] greedy ep131 games=  96 dec= 18720 rows= 17948 horizon=0.27 L=0.00069 L/var=0.00 tgt=-0.088/0.404 pstd=0.418 gen=0.1s train=0.5s
[t=  87.6s] greedy ep132 games=  96 dec= 17886 rows= 17145 horizon=0.26 L=0.00080 L/var=0.01 tgt=-0.078/0.398 pstd=0.416 gen=0.1s train=0.5s
[t=  88.4s] greedy ep133 games=  96 dec= 18982 rows= 18019 horizon=0.29 L=0.00047 L/var=0.00 tgt=-0.084/0.411 pstd=0.419 gen=0.1s train=0.5s
[t=  89.1s] greedy ep134 games=  96 dec= 18577 rows= 17774 horizon=0.30 L=0.00046 L/var=0.00 tgt=-0.068/0.401 pstd=0.416 gen=0.1s train=0.5s
[t=  89.8s] greedy ep135 games=  96 dec= 17934 rows= 17173 horizon=0.25 L=0.00751 L/var=0.06 tgt=-0.067/0.369 pstd=0.313 gen=0.1s train=0.5s
[t=  90.6s] greedy ep136 games=  96 dec= 17919 rows= 17200 horizon=0.28 L=0.00850 L/var=0.06 tgt=-0.090/0.387 pstd=0.399 gen=0.1s train=0.5s
[t=  91.3s] greedy ep137 games=  96 dec= 17902 rows= 17022 horizon=0.30 L=0.00620 L/var=0.03 tgt=-0.064/0.434 pstd=0.409 gen=0.1s train=0.5s
[t=  92.1s] greedy ep138 games=  96 dec= 17970 rows= 17216 horizon=0.28 L=0.00240 L/var=0.01 tgt=-0.079/0.429 pstd=0.419 gen=0.1s train=0.5s
[t=  92.8s] greedy ep139 games=  96 dec= 17955 rows= 17169 horizon=0.26 L=0.00112 L/var=0.01 tgt=-0.073/0.381 pstd=0.415 gen=0.1s train=0.5s
[t=  93.6s] greedy ep140 games=  96 dec= 19014 rows= 18167 horizon=0.27 L=0.00075 L/var=0.00 tgt=-0.071/0.393 pstd=0.418 gen=0.1s train=0.5s
[t=  94.4s] greedy ep141 games=  96 dec= 19270 rows= 18462 horizon=0.38 L=0.00062 L/var=0.00 tgt=-0.055/0.400 pstd=0.417 gen=0.1s train=0.5s
[t=  95.1s] greedy ep142 games=  96 dec= 18407 rows= 17690 horizon=0.34 L=0.00053 L/var=0.00 tgt=-0.087/0.417 pstd=0.415 gen=0.1s train=0.5s
[t=  95.9s] greedy ep143 games=  96 dec= 17979 rows= 17248 horizon=0.26 L=0.00051 L/var=0.00 tgt=-0.051/0.388 pstd=0.416 gen=0.1s train=0.5s
[t=  96.6s] greedy ep144 games=  96 dec= 19216 rows= 18326 horizon=0.40 L=0.00048 L/var=0.00 tgt=-0.068/0.381 pstd=0.417 gen=0.1s train=0.5s
[t=  97.4s] greedy ep145 games=  96 dec= 17257 rows= 16450 horizon=0.21 L=0.00053 L/var=0.00 tgt=-0.076/0.402 pstd=0.416 gen=0.1s train=0.5s
[t=  98.1s] greedy ep146 games=  96 dec= 18319 rows= 17582 horizon=0.33 L=0.00052 L/var=0.00 tgt=-0.081/0.405 pstd=0.415 gen=0.1s train=0.5s
[t=  98.9s] greedy ep147 games=  96 dec= 18486 rows= 17691 horizon=0.27 L=0.00047 L/var=0.00 tgt=-0.086/0.361 pstd=0.417 gen=0.1s train=0.5s
[t=  99.6s] greedy ep148 games=  96 dec= 17152 rows= 16357 horizon=0.20 L=0.00047 L/var=0.00 tgt=-0.059/0.388 pstd=0.415 gen=0.1s train=0.5s
[t= 100.3s] greedy ep149 games=  96 dec= 18008 rows= 17281 horizon=0.27 L=0.00042 L/var=0.00 tgt=-0.063/0.388 pstd=0.418 gen=0.1s train=0.5s
[t= 101.1s] greedy ep150 games=  96 dec= 18502 rows= 17706 horizon=0.30 L=0.00041 L/var=0.00 tgt=-0.094/0.405 pstd=0.416 gen=0.1s train=0.5s
[t= 101.9s] greedy ep151 games=  96 dec= 19274 rows= 18503 horizon=0.39 L=0.00059 L/var=0.00 tgt=-0.072/0.412 pstd=0.416 gen=0.1s train=0.5s
[t= 102.6s] greedy ep152 games=  96 dec= 18292 rows= 17542 horizon=0.29 L=0.00056 L/var=0.00 tgt=-0.040/0.400 pstd=0.423 gen=0.1s train=0.5s
[t= 103.3s] greedy ep153 games=  96 dec= 18422 rows= 17709 horizon=0.31 L=0.00043 L/var=0.00 tgt=-0.092/0.405 pstd=0.418 gen=0.1s train=0.5s
[t= 104.1s] greedy ep154 games=  96 dec= 18196 rows= 17478 horizon=0.32 L=0.00039 L/var=0.00 tgt=-0.044/0.404 pstd=0.416 gen=0.1s train=0.5s
[t= 104.8s] greedy ep155 games=  96 dec= 18872 rows= 18114 horizon=0.34 L=0.00038 L/var=0.00 tgt=-0.080/0.418 pstd=0.420 gen=0.1s train=0.5s
[t= 105.6s] greedy ep156 games=  96 dec= 18031 rows= 17339 horizon=0.25 L=0.00039 L/var=0.00 tgt=-0.081/0.411 pstd=0.418 gen=0.1s train=0.5s
[t= 106.4s] greedy ep157 games=  96 dec= 19156 rows= 18332 horizon=0.28 L=0.00044 L/var=0.00 tgt=-0.094/0.431 pstd=0.417 gen=0.1s train=0.5s
[t= 107.1s] greedy ep158 games=  96 dec= 17510 rows= 16782 horizon=0.24 L=0.00037 L/var=0.00 tgt=-0.093/0.406 pstd=0.417 gen=0.1s train=0.5s
[t= 107.8s] greedy ep159 games=  96 dec= 18337 rows= 17542 horizon=0.28 L=0.00041 L/var=0.00 tgt=-0.057/0.376 pstd=0.418 gen=0.1s train=0.5s
[t= 108.6s] greedy ep160 games=  96 dec= 18450 rows= 17647 horizon=0.26 L=0.00036 L/var=0.00 tgt=-0.077/0.408 pstd=0.415 gen=0.1s train=0.5s
[t= 109.3s] greedy ep161 games=  96 dec= 17991 rows= 17225 horizon=0.26 L=0.00040 L/var=0.00 tgt=-0.076/0.384 pstd=0.417 gen=0.1s train=0.5s
[t= 110.1s] greedy ep162 games=  96 dec= 18956 rows= 18091 horizon=0.31 L=0.00037 L/var=0.00 tgt=-0.067/0.380 pstd=0.417 gen=0.1s train=0.5s
[t= 110.9s] greedy ep163 games=  96 dec= 18657 rows= 17863 horizon=0.33 L=0.00033 L/var=0.00 tgt=-0.077/0.428 pstd=0.418 gen=0.1s train=0.5s
[t= 111.7s] greedy ep164 games=  96 dec= 18166 rows= 17431 horizon=0.24 L=0.00123 L/var=0.01 tgt=-0.095/0.410 pstd=0.418 gen=0.1s train=0.5s
[t= 112.4s] greedy ep165 games=  96 dec= 18331 rows= 17448 horizon=0.26 L=0.00103 L/var=0.01 tgt=-0.086/0.426 pstd=0.416 gen=0.1s train=0.5s
[t= 113.2s] greedy ep166 games=  96 dec= 17803 rows= 17042 horizon=0.19 L=0.00052 L/var=0.00 tgt=-0.073/0.377 pstd=0.415 gen=0.1s train=0.5s
[t= 113.9s] greedy ep167 games=  96 dec= 17515 rows= 16821 horizon=0.22 L=0.00037 L/var=0.00 tgt=-0.099/0.420 pstd=0.417 gen=0.1s train=0.5s
[t= 114.7s] greedy ep168 games=  96 dec= 18852 rows= 17973 horizon=0.30 L=0.00035 L/var=0.00 tgt=-0.090/0.403 pstd=0.412 gen=0.1s train=0.5s
[t= 115.4s] greedy ep169 games=  96 dec= 19041 rows= 18257 horizon=0.31 L=0.00031 L/var=0.00 tgt=-0.061/0.408 pstd=0.415 gen=0.1s train=0.5s
[t= 116.2s] greedy ep170 games=  96 dec= 18203 rows= 17481 horizon=0.30 L=0.00030 L/var=0.00 tgt=-0.063/0.388 pstd=0.414 gen=0.1s train=0.5s
[t= 116.9s] greedy ep171 games=  96 dec= 18149 rows= 17333 horizon=0.25 L=0.00030 L/var=0.00 tgt=-0.077/0.382 pstd=0.418 gen=0.1s train=0.5s
[t= 117.7s] greedy ep172 games=  96 dec= 18695 rows= 17935 horizon=0.28 L=0.00029 L/var=0.00 tgt=-0.073/0.398 pstd=0.417 gen=0.1s train=0.5s
[t= 118.4s] greedy ep173 games=  96 dec= 17949 rows= 17192 horizon=0.25 L=0.00029 L/var=0.00 tgt=-0.066/0.442 pstd=0.418 gen=0.1s train=0.5s
[t= 119.2s] greedy ep174 games=  96 dec= 19242 rows= 18475 horizon=0.35 L=0.00031 L/var=0.00 tgt=-0.084/0.418 pstd=0.418 gen=0.1s train=0.5s
[t= 120.0s] greedy ep175 games=  96 dec= 19041 rows= 18270 horizon=0.35 L=0.00033 L/var=0.00 tgt=-0.081/0.418 pstd=0.415 gen=0.1s train=0.5s
[t= 120.7s] greedy ep176 games=  96 dec= 18237 rows= 17551 horizon=0.30 L=0.00029 L/var=0.00 tgt=-0.075/0.410 pstd=0.414 gen=0.1s train=0.5s
[t= 121.5s] greedy ep177 games=  96 dec= 18577 rows= 17799 horizon=0.32 L=0.00029 L/var=0.00 tgt=-0.063/0.413 pstd=0.414 gen=0.1s train=0.5s
[t= 122.2s] greedy ep178 games=  96 dec= 19477 rows= 18616 horizon=0.33 L=0.00062 L/var=0.00 tgt=-0.075/0.398 pstd=0.420 gen=0.1s train=0.5s
[t= 123.0s] greedy ep179 games=  96 dec= 18529 rows= 17813 horizon=0.30 L=0.00050 L/var=0.00 tgt=-0.065/0.399 pstd=0.416 gen=0.1s train=0.5s
[t= 123.8s] greedy ep180 games=  96 dec= 19163 rows= 18366 horizon=0.35 L=0.00036 L/var=0.00 tgt=-0.065/0.377 pstd=0.414 gen=0.1s train=0.5s
[t= 124.5s] greedy ep181 games=  96 dec= 19313 rows= 18510 horizon=0.36 L=0.00029 L/var=0.00 tgt=-0.067/0.397 pstd=0.418 gen=0.1s train=0.5s
[t= 125.3s] greedy ep182 games=  96 dec= 18967 rows= 18073 horizon=0.33 L=0.00027 L/var=0.00 tgt=-0.094/0.426 pstd=0.418 gen=0.1s train=0.5s
[t= 126.1s] greedy ep183 games=  96 dec= 18782 rows= 18007 horizon=0.31 L=0.00041 L/var=0.00 tgt=-0.066/0.394 pstd=0.417 gen=0.1s train=0.5s
[t= 126.9s] greedy ep184 games=  96 dec= 17794 rows= 17041 horizon=0.27 L=0.00058 L/var=0.00 tgt=-0.067/0.391 pstd=0.415 gen=0.1s train=0.5s
[t= 127.7s] greedy ep185 games=  96 dec= 19495 rows= 18767 horizon=0.39 L=0.00035 L/var=0.00 tgt=-0.096/0.420 pstd=0.417 gen=0.1s train=0.5s
[t= 128.4s] greedy ep186 games=  96 dec= 18388 rows= 17673 horizon=0.28 L=0.00031 L/var=0.00 tgt=-0.077/0.390 pstd=0.418 gen=0.1s train=0.5s
[t= 129.2s] greedy ep187 games=  96 dec= 18149 rows= 17365 horizon=0.27 L=0.00028 L/var=0.00 tgt=-0.064/0.403 pstd=0.416 gen=0.1s train=0.5s
[t= 129.9s] greedy ep188 games=  96 dec= 18700 rows= 17910 horizon=0.34 L=0.00031 L/var=0.00 tgt=-0.083/0.384 pstd=0.418 gen=0.1s train=0.5s
[t= 130.7s] greedy ep189 games=  96 dec= 19250 rows= 18477 horizon=0.35 L=0.00029 L/var=0.00 tgt=-0.085/0.394 pstd=0.417 gen=0.1s train=0.5s
[t= 131.4s] greedy ep190 games=  96 dec= 18491 rows= 17706 horizon=0.27 L=0.00047 L/var=0.00 tgt=-0.078/0.391 pstd=0.416 gen=0.1s train=0.5s
[t= 132.1s] greedy ep191 games=  96 dec= 17699 rows= 16934 horizon=0.21 L=0.00043 L/var=0.00 tgt=-0.079/0.406 pstd=0.415 gen=0.1s train=0.5s
[t= 132.9s] greedy ep192 games=  96 dec= 18786 rows= 18027 horizon=0.30 L=0.00042 L/var=0.00 tgt=-0.071/0.387 pstd=0.418 gen=0.1s train=0.5s
[t= 133.6s] greedy ep193 games=  96 dec= 16958 rows= 16201 horizon=0.22 L=0.00028 L/var=0.00 tgt=-0.078/0.400 pstd=0.417 gen=0.1s train=0.5s
[t= 134.4s] greedy ep194 games=  96 dec= 17772 rows= 17058 horizon=0.24 L=0.00026 L/var=0.00 tgt=-0.087/0.401 pstd=0.417 gen=0.1s train=0.5s
[t= 135.2s] greedy ep195 games=  96 dec= 18677 rows= 18034 horizon=0.32 L=0.00041 L/var=0.00 tgt=-0.053/0.397 pstd=0.418 gen=0.1s train=0.5s
[t= 135.9s] greedy ep196 games=  96 dec= 18312 rows= 17586 horizon=0.32 L=0.00035 L/var=0.00 tgt=-0.081/0.418 pstd=0.417 gen=0.1s train=0.5s
[t= 136.7s] greedy ep197 games=  96 dec= 18619 rows= 17864 horizon=0.28 L=0.00031 L/var=0.00 tgt=-0.086/0.428 pstd=0.417 gen=0.1s train=0.5s
[t= 137.5s] greedy ep198 games=  96 dec= 18132 rows= 17348 horizon=0.23 L=0.00024 L/var=0.00 tgt=-0.073/0.402 pstd=0.419 gen=0.1s train=0.5s
[t= 138.2s] greedy ep199 games=  96 dec= 18673 rows= 17899 horizon=0.35 L=0.00055 L/var=0.00 tgt=-0.070/0.409 pstd=0.417 gen=0.1s train=0.5s
[t= 139.0s] greedy ep200 games=  96 dec= 18955 rows= 18214 horizon=0.32 L=0.00049 L/var=0.00 tgt=-0.076/0.404 pstd=0.416 gen=0.1s train=0.5s
[t= 139.8s] greedy ep201 games=  96 dec= 19048 rows= 18297 horizon=0.32 L=0.00027 L/var=0.00 tgt=-0.074/0.391 pstd=0.417 gen=0.1s train=0.5s
[t= 140.5s] greedy ep202 games=  96 dec= 17941 rows= 17211 horizon=0.27 L=0.00024 L/var=0.00 tgt=-0.057/0.387 pstd=0.417 gen=0.1s train=0.5s
[t= 141.3s] greedy ep203 games=  96 dec= 19416 rows= 18574 horizon=0.31 L=0.00028 L/var=0.00 tgt=-0.064/0.408 pstd=0.413 gen=0.1s train=0.5s
[t= 142.1s] greedy ep204 games=  96 dec= 18804 rows= 18036 horizon=0.33 L=0.00025 L/var=0.00 tgt=-0.057/0.386 pstd=0.417 gen=0.1s train=0.5s
[t= 142.8s] greedy ep205 games=  96 dec= 17354 rows= 16537 horizon=0.18 L=0.00026 L/var=0.00 tgt=-0.058/0.393 pstd=0.414 gen=0.1s train=0.5s
[t= 143.5s] greedy ep206 games=  96 dec= 18276 rows= 17474 horizon=0.26 L=0.00086 L/var=0.01 tgt=-0.089/0.412 pstd=0.416 gen=0.1s train=0.4s
[t= 144.1s] greedy ep207 games=  96 dec= 18159 rows= 17356 horizon=0.26 L=0.00035 L/var=0.00 tgt=-0.073/0.407 pstd=0.417 gen=0.1s train=0.4s
[t= 144.8s] greedy ep208 games=  96 dec= 18947 rows= 18174 horizon=0.33 L=0.00029 L/var=0.00 tgt=-0.079/0.395 pstd=0.416 gen=0.1s train=0.5s
[t= 145.5s] greedy ep209 games=  96 dec= 19003 rows= 18200 horizon=0.32 L=0.00023 L/var=0.00 tgt=-0.083/0.375 pstd=0.417 gen=0.1s train=0.5s
[t= 146.1s] greedy ep210 games=  96 dec= 18549 rows= 17728 horizon=0.31 L=0.00023 L/var=0.00 tgt=-0.070/0.406 pstd=0.417 gen=0.1s train=0.4s
[t= 146.8s] greedy ep211 games=  96 dec= 18690 rows= 17990 horizon=0.30 L=0.00024 L/var=0.00 tgt=-0.066/0.422 pstd=0.418 gen=0.1s train=0.5s
[t= 147.4s] greedy ep212 games=  96 dec= 19041 rows= 18121 horizon=0.27 L=0.00056 L/var=0.00 tgt=-0.088/0.403 pstd=0.416 gen=0.1s train=0.5s
[t= 148.1s] greedy ep213 games=  96 dec= 18506 rows= 17714 horizon=0.30 L=0.00042 L/var=0.00 tgt=-0.066/0.395 pstd=0.417 gen=0.1s train=0.4s
[t= 148.7s] greedy ep214 games=  96 dec= 18673 rows= 17865 horizon=0.24 L=0.00026 L/var=0.00 tgt=-0.069/0.403 pstd=0.414 gen=0.1s train=0.4s
[t= 149.4s] greedy ep215 games=  96 dec= 18748 rows= 17969 horizon=0.36 L=0.00022 L/var=0.00 tgt=-0.090/0.406 pstd=0.414 gen=0.1s train=0.4s
[t= 150.0s] greedy ep216 games=  96 dec= 18207 rows= 17447 horizon=0.30 L=0.00019 L/var=0.00 tgt=-0.083/0.431 pstd=0.415 gen=0.1s train=0.4s
[t= 150.7s] greedy ep217 games=  96 dec= 19026 rows= 18245 horizon=0.35 L=0.00024 L/var=0.00 tgt=-0.084/0.396 pstd=0.414 gen=0.1s train=0.5s
[t= 151.4s] greedy ep218 games=  96 dec= 18788 rows= 17907 horizon=0.29 L=0.00097 L/var=0.01 tgt=-0.061/0.388 pstd=0.413 gen=0.1s train=0.4s
[t= 152.0s] greedy ep219 games=  96 dec= 17832 rows= 16995 horizon=0.24 L=0.00035 L/var=0.00 tgt=-0.075/0.399 pstd=0.413 gen=0.1s train=0.4s
[t= 152.7s] greedy ep220 games=  96 dec= 19169 rows= 18293 horizon=0.32 L=0.00023 L/var=0.00 tgt=-0.064/0.398 pstd=0.417 gen=0.1s train=0.5s
[t= 153.3s] greedy ep221 games=  96 dec= 18601 rows= 17745 horizon=0.30 L=0.00020 L/var=0.00 tgt=-0.076/0.408 pstd=0.415 gen=0.1s train=0.4s
[t= 153.9s] greedy ep222 games=  96 dec= 18624 rows= 17815 horizon=0.30 L=0.00018 L/var=0.00 tgt=-0.062/0.372 pstd=0.416 gen=0.1s train=0.4s
[t= 154.6s] greedy ep223 games=  96 dec= 19115 rows= 18216 horizon=0.30 L=0.00019 L/var=0.00 tgt=-0.106/0.406 pstd=0.420 gen=0.1s train=0.5s
[t= 155.3s] greedy ep224 games=  96 dec= 18676 rows= 17912 horizon=0.32 L=0.00042 L/var=0.00 tgt=-0.073/0.384 pstd=0.420 gen=0.1s train=0.5s
[t= 156.1s] greedy ep225 games=  96 dec= 18723 rows= 17964 horizon=0.29 L=0.00029 L/var=0.00 tgt=-0.094/0.414 pstd=0.419 gen=0.1s train=0.5s
[t= 156.8s] greedy ep226 games=  96 dec= 18025 rows= 17285 horizon=0.25 L=0.00022 L/var=0.00 tgt=-0.060/0.399 pstd=0.413 gen=0.1s train=0.5s
[t= 157.5s] greedy ep227 games=  96 dec= 17938 rows= 17179 horizon=0.24 L=0.00020 L/var=0.00 tgt=-0.033/0.386 pstd=0.417 gen=0.1s train=0.5s
[t= 158.3s] greedy ep228 games=  96 dec= 18734 rows= 17872 horizon=0.27 L=0.00060 L/var=0.00 tgt=-0.072/0.403 pstd=0.416 gen=0.1s train=0.5s
[t= 159.0s] greedy ep229 games=  96 dec= 17257 rows= 16493 horizon=0.18 L=0.00050 L/var=0.00 tgt=-0.090/0.392 pstd=0.415 gen=0.1s train=0.5s
[t= 159.7s] greedy ep230 games=  96 dec= 17625 rows= 16801 horizon=0.21 L=0.00030 L/var=0.00 tgt=-0.083/0.408 pstd=0.416 gen=0.1s train=0.5s
[t= 160.4s] greedy ep231 games=  96 dec= 18839 rows= 18016 horizon=0.29 L=0.00022 L/var=0.00 tgt=-0.104/0.405 pstd=0.417 gen=0.1s train=0.5s
[t= 161.2s] greedy ep232 games=  96 dec= 17081 rows= 16328 horizon=0.21 L=0.00020 L/var=0.00 tgt=-0.091/0.399 pstd=0.417 gen=0.1s train=0.5s
[t= 161.9s] greedy ep233 games=  96 dec= 19662 rows= 18874 horizon=0.39 L=0.00021 L/var=0.00 tgt=-0.062/0.382 pstd=0.416 gen=0.1s train=0.5s
[t= 162.6s] greedy ep234 games=  96 dec= 17678 rows= 16922 horizon=0.22 L=0.00017 L/var=0.00 tgt=-0.055/0.399 pstd=0.415 gen=0.1s train=0.5s
[t= 163.4s] greedy ep235 games=  96 dec= 17986 rows= 17209 horizon=0.27 L=0.00023 L/var=0.00 tgt=-0.094/0.405 pstd=0.418 gen=0.1s train=0.5s
[t= 164.1s] greedy ep236 games=  96 dec= 18818 rows= 18101 horizon=0.34 L=0.00033 L/var=0.00 tgt=-0.060/0.374 pstd=0.417 gen=0.1s train=0.5s
[t= 164.8s] greedy ep237 games=  96 dec= 17643 rows= 16845 horizon=0.22 L=0.00021 L/var=0.00 tgt=-0.075/0.417 pstd=0.417 gen=0.1s train=0.4s
[t= 165.5s] greedy ep238 games=  96 dec= 17963 rows= 17192 horizon=0.28 L=0.00030 L/var=0.00 tgt=-0.059/0.388 pstd=0.417 gen=0.1s train=0.4s
[t= 166.1s] greedy ep239 games=  96 dec= 18615 rows= 17906 horizon=0.31 L=0.00036 L/var=0.00 tgt=-0.063/0.391 pstd=0.415 gen=0.1s train=0.4s
[t= 166.8s] greedy ep240 games=  96 dec= 18695 rows= 17844 horizon=0.27 L=0.00030 L/var=0.00 tgt=-0.068/0.404 pstd=0.415 gen=0.1s train=0.4s
[t= 167.4s] greedy ep241 games=  96 dec= 17958 rows= 17187 horizon=0.23 L=0.00023 L/var=0.00 tgt=-0.066/0.388 pstd=0.414 gen=0.1s train=0.4s
[t= 168.0s] greedy ep242 games=  96 dec= 18667 rows= 17889 horizon=0.28 L=0.00021 L/var=0.00 tgt=-0.059/0.391 pstd=0.416 gen=0.1s train=0.4s
[t= 168.7s] greedy ep243 games=  96 dec= 18896 rows= 18013 horizon=0.25 L=0.00017 L/var=0.00 tgt=-0.078/0.396 pstd=0.416 gen=0.1s train=0.5s
[t= 169.3s] greedy ep244 games=  96 dec= 18699 rows= 17825 horizon=0.23 L=0.00049 L/var=0.00 tgt=-0.085/0.421 pstd=0.412 gen=0.1s train=0.4s
[t= 170.0s] greedy ep245 games=  96 dec= 17837 rows= 17115 horizon=0.23 L=0.00033 L/var=0.00 tgt=-0.046/0.391 pstd=0.418 gen=0.1s train=0.4s
[t= 170.6s] greedy ep246 games=  96 dec= 18917 rows= 18054 horizon=0.30 L=0.00018 L/var=0.00 tgt=-0.060/0.393 pstd=0.417 gen=0.1s train=0.5s
[t= 171.3s] greedy ep247 games=  96 dec= 18383 rows= 17498 horizon=0.27 L=0.00016 L/var=0.00 tgt=-0.080/0.410 pstd=0.416 gen=0.1s train=0.4s
[t= 171.9s] greedy ep248 games=  96 dec= 18193 rows= 17427 horizon=0.28 L=0.00019 L/var=0.00 tgt=-0.058/0.412 pstd=0.416 gen=0.1s train=0.4s
[t= 172.5s] greedy ep249 games=  96 dec= 18269 rows= 17551 horizon=0.33 L=0.00061 L/var=0.00 tgt=-0.078/0.397 pstd=0.412 gen=0.1s train=0.4s
[t= 173.3s] greedy ep250 games=  96 dec= 18457 rows= 17660 horizon=0.29 L=0.00035 L/var=0.00 tgt=-0.063/0.397 pstd=0.414 gen=0.1s train=0.5s
[t= 174.0s] greedy ep251 games=  96 dec= 18179 rows= 17394 horizon=0.26 L=0.00022 L/var=0.00 tgt=-0.072/0.383 pstd=0.417 gen=0.1s train=0.5s
[t= 174.7s] greedy ep252 games=  96 dec= 17761 rows= 16990 horizon=0.24 L=0.00016 L/var=0.00 tgt=-0.084/0.420 pstd=0.419 gen=0.1s train=0.5s
[t= 175.4s] greedy ep253 games=  96 dec= 19228 rows= 18333 horizon=0.33 L=0.00018 L/var=0.00 tgt=-0.073/0.408 pstd=0.416 gen=0.1s train=0.5s
[t= 176.1s] greedy ep254 games=  96 dec= 19049 rows= 18266 horizon=0.32 L=0.00017 L/var=0.00 tgt=-0.052/0.375 pstd=0.412 gen=0.1s train=0.4s
[t= 176.7s] greedy ep255 games=  96 dec= 18968 rows= 18179 horizon=0.31 L=0.00014 L/var=0.00 tgt=-0.051/0.388 pstd=0.417 gen=0.1s train=0.4s
[t= 177.4s] greedy ep256 games=  96 dec= 18212 rows= 17444 horizon=0.27 L=0.00060 L/var=0.00 tgt=-0.089/0.397 pstd=0.416 gen=0.1s train=0.4s
[t= 178.0s] greedy ep257 games=  96 dec= 17557 rows= 16715 horizon=0.19 L=0.00024 L/var=0.00 tgt=-0.058/0.395 pstd=0.415 gen=0.1s train=0.4s
[t= 178.6s] greedy ep258 games=  96 dec= 18027 rows= 17264 horizon=0.27 L=0.00017 L/var=0.00 tgt=-0.106/0.396 pstd=0.413 gen=0.1s train=0.4s
[t= 179.3s] greedy ep259 games=  96 dec= 19144 rows= 18420 horizon=0.34 L=0.00018 L/var=0.00 tgt=-0.060/0.382 pstd=0.419 gen=0.1s train=0.4s
[t= 179.9s] greedy ep260 games=  96 dec= 18699 rows= 17855 horizon=0.32 L=0.00017 L/var=0.00 tgt=-0.065/0.361 pstd=0.417 gen=0.1s train=0.4s
[t= 180.5s] greedy ep261 games=  96 dec= 17945 rows= 17102 horizon=0.22 L=0.00019 L/var=0.00 tgt=-0.064/0.415 pstd=0.416 gen=0.1s train=0.4s
[t= 181.2s] greedy ep262 games=  96 dec= 18649 rows= 17832 horizon=0.29 L=0.00021 L/var=0.00 tgt=-0.083/0.397 pstd=0.420 gen=0.1s train=0.4s
[t= 181.8s] greedy ep263 games=  96 dec= 18161 rows= 17418 horizon=0.27 L=0.00015 L/var=0.00 tgt=-0.100/0.427 pstd=0.416 gen=0.1s train=0.4s
[t= 182.5s] greedy ep264 games=  96 dec= 19096 rows= 18368 horizon=0.38 L=0.00033 L/var=0.00 tgt=-0.076/0.405 pstd=0.415 gen=0.1s train=0.5s
[t= 183.1s] greedy ep265 games=  96 dec= 18304 rows= 17502 horizon=0.26 L=0.00020 L/var=0.00 tgt=-0.065/0.395 pstd=0.418 gen=0.1s train=0.4s
[t= 183.7s] greedy ep266 games=  96 dec= 18025 rows= 17285 horizon=0.28 L=0.00019 L/var=0.00 tgt=-0.089/0.406 pstd=0.414 gen=0.1s train=0.4s
[t= 184.3s] greedy ep267 games=  96 dec= 18086 rows= 17317 horizon=0.24 L=0.00036 L/var=0.00 tgt=-0.090/0.399 pstd=0.418 gen=0.1s train=0.4s
[t= 185.0s] greedy ep268 games=  96 dec= 18272 rows= 17555 horizon=0.29 L=0.00048 L/var=0.00 tgt=-0.064/0.399 pstd=0.416 gen=0.1s train=0.4s
[t= 185.6s] greedy ep269 games=  96 dec= 17938 rows= 17139 horizon=0.23 L=0.00034 L/var=0.00 tgt=-0.068/0.377 pstd=0.415 gen=0.1s train=0.4s
[t= 186.3s] greedy ep270 games=  96 dec= 19258 rows= 18421 horizon=0.33 L=0.00023 L/var=0.00 tgt=-0.063/0.409 pstd=0.415 gen=0.1s train=0.4s
[t= 186.9s] greedy ep271 games=  96 dec= 17752 rows= 16983 horizon=0.24 L=0.00014 L/var=0.00 tgt=-0.072/0.418 pstd=0.416 gen=0.1s train=0.4s
[t= 187.6s] greedy ep272 games=  96 dec= 19482 rows= 18653 horizon=0.41 L=0.00013 L/var=0.00 tgt=-0.097/0.433 pstd=0.418 gen=0.1s train=0.4s
[t= 188.2s] greedy ep273 games=  96 dec= 17438 rows= 16648 horizon=0.22 L=0.00016 L/var=0.00 tgt=-0.074/0.413 pstd=0.416 gen=0.1s train=0.4s
[t= 188.8s] greedy ep274 games=  96 dec= 18505 rows= 17796 horizon=0.30 L=0.00015 L/var=0.00 tgt=-0.072/0.402 pstd=0.421 gen=0.1s train=0.4s
[t= 189.5s] greedy ep275 games=  96 dec= 19200 rows= 18448 horizon=0.34 L=0.00024 L/var=0.00 tgt=-0.057/0.390 pstd=0.419 gen=0.1s train=0.4s
[t= 190.1s] greedy ep276 games=  96 dec= 19316 rows= 18520 horizon=0.31 L=0.00016 L/var=0.00 tgt=-0.069/0.405 pstd=0.419 gen=0.1s train=0.4s
[t= 190.7s] greedy ep277 games=  96 dec= 17574 rows= 16820 horizon=0.23 L=0.00030 L/var=0.00 tgt=-0.073/0.424 pstd=0.417 gen=0.1s train=0.4s
[t= 191.4s] greedy ep278 games=  96 dec= 19448 rows= 18607 horizon=0.35 L=0.00031 L/var=0.00 tgt=-0.056/0.395 pstd=0.416 gen=0.1s train=0.4s
[t= 192.0s] greedy ep279 games=  96 dec= 17932 rows= 17158 horizon=0.23 L=0.00023 L/var=0.00 tgt=-0.061/0.377 pstd=0.417 gen=0.1s train=0.4s
[t= 192.7s] greedy ep280 games=  96 dec= 18438 rows= 17662 horizon=0.29 L=0.00016 L/var=0.00 tgt=-0.071/0.397 pstd=0.409 gen=0.1s train=0.4s
[t= 193.3s] greedy ep281 games=  96 dec= 17915 rows= 17120 horizon=0.23 L=0.00018 L/var=0.00 tgt=-0.086/0.420 pstd=0.421 gen=0.1s train=0.4s
[t= 194.0s] greedy ep282 games=  96 dec= 18821 rows= 18096 horizon=0.34 L=0.00013 L/var=0.00 tgt=-0.065/0.401 pstd=0.417 gen=0.1s train=0.4s
[t= 194.6s] greedy ep283 games=  96 dec= 18006 rows= 17205 horizon=0.29 L=0.00028 L/var=0.00 tgt=-0.074/0.401 pstd=0.415 gen=0.1s train=0.4s
[t= 195.2s] greedy ep284 games=  96 dec= 17141 rows= 16483 horizon=0.23 L=0.00029 L/var=0.00 tgt=-0.078/0.402 pstd=0.417 gen=0.1s train=0.4s
[t= 195.8s] greedy ep285 games=  96 dec= 18211 rows= 17424 horizon=0.28 L=0.00017 L/var=0.00 tgt=-0.094/0.399 pstd=0.417 gen=0.1s train=0.4s
[t= 196.5s] greedy ep286 games=  96 dec= 18423 rows= 17509 horizon=0.23 L=0.00022 L/var=0.00 tgt=-0.068/0.400 pstd=0.416 gen=0.1s train=0.4s
[t= 197.1s] greedy ep287 games=  96 dec= 19363 rows= 18615 horizon=0.39 L=0.00014 L/var=0.00 tgt=-0.076/0.412 pstd=0.417 gen=0.1s train=0.4s
[t= 197.8s] greedy ep288 games=  96 dec= 18633 rows= 17900 horizon=0.34 L=0.00018 L/var=0.00 tgt=-0.075/0.403 pstd=0.417 gen=0.1s train=0.4s
[t= 198.4s] greedy ep289 games=  96 dec= 18196 rows= 17465 horizon=0.31 L=0.00011 L/var=0.00 tgt=-0.068/0.394 pstd=0.411 gen=0.1s train=0.4s
[t= 199.1s] greedy ep290 games=  96 dec= 18954 rows= 18052 horizon=0.29 L=0.00047 L/var=0.00 tgt=-0.055/0.387 pstd=0.411 gen=0.1s train=0.4s
[t= 199.8s] greedy ep291 games=  96 dec= 18664 rows= 17946 horizon=0.33 L=0.00036 L/var=0.00 tgt=-0.079/0.408 pstd=0.419 gen=0.1s train=0.4s
[t= 200.4s] greedy ep292 games=  96 dec= 17910 rows= 17201 horizon=0.26 L=0.00019 L/var=0.00 tgt=-0.091/0.392 pstd=0.416 gen=0.1s train=0.4s
[t= 201.0s] greedy ep293 games=  96 dec= 19211 rows= 18443 horizon=0.39 L=0.00025 L/var=0.00 tgt=-0.070/0.425 pstd=0.417 gen=0.1s train=0.4s
[t= 201.7s] greedy ep294 games=  96 dec= 17982 rows= 17317 horizon=0.28 L=0.00015 L/var=0.00 tgt=-0.065/0.404 pstd=0.413 gen=0.1s train=0.4s
[t= 202.3s] greedy ep295 games=  96 dec= 20106 rows= 19381 horizon=0.44 L=0.00014 L/var=0.00 tgt=-0.050/0.399 pstd=0.414 gen=0.1s train=0.5s
[t= 203.0s] greedy ep296 games=  96 dec= 18471 rows= 17768 horizon=0.32 L=0.00012 L/var=0.00 tgt=-0.059/0.396 pstd=0.416 gen=0.1s train=0.4s
[t= 203.6s] greedy ep297 games=  96 dec= 19026 rows= 18220 horizon=0.33 L=0.00010 L/var=0.00 tgt=-0.083/0.409 pstd=0.416 gen=0.1s train=0.4s
[t= 204.3s] greedy ep298 games=  96 dec= 18710 rows= 17850 horizon=0.30 L=0.00023 L/var=0.00 tgt=-0.064/0.378 pstd=0.413 gen=0.1s train=0.4s
[t= 204.9s] greedy ep299 games=  96 dec= 18023 rows= 17245 horizon=0.24 L=0.00016 L/var=0.00 tgt=-0.042/0.395 pstd=0.415 gen=0.1s train=0.4s
[t= 205.5s] greedy ep300 games=  96 dec= 17585 rows= 16825 horizon=0.22 L=0.00016 L/var=0.00 tgt=-0.075/0.404 pstd=0.418 gen=0.1s train=0.4s
[t= 206.2s] greedy ep301 games=  96 dec= 18538 rows= 17711 horizon=0.28 L=0.00022 L/var=0.00 tgt=-0.085/0.396 pstd=0.411 gen=0.1s train=0.4s
[t= 206.8s] greedy ep302 games=  96 dec= 17695 rows= 16923 horizon=0.24 L=0.00015 L/var=0.00 tgt=-0.054/0.409 pstd=0.418 gen=0.1s train=0.4s
[t= 207.4s] greedy ep303 games=  96 dec= 18289 rows= 17460 horizon=0.26 L=0.00018 L/var=0.00 tgt=-0.086/0.395 pstd=0.418 gen=0.1s train=0.4s
[t= 208.1s] greedy ep304 games=  96 dec= 18984 rows= 18273 horizon=0.35 L=0.00011 L/var=0.00 tgt=-0.064/0.411 pstd=0.414 gen=0.1s train=0.4s
[t= 208.7s] greedy ep305 games=  96 dec= 17546 rows= 16680 horizon=0.20 L=0.00022 L/var=0.00 tgt=-0.066/0.430 pstd=0.416 gen=0.1s train=0.4s
[t= 209.3s] greedy ep306 games=  96 dec= 17888 rows= 17087 horizon=0.23 L=0.00020 L/var=0.00 tgt=-0.084/0.415 pstd=0.417 gen=0.1s train=0.4s
[t= 210.0s] greedy ep307 games=  96 dec= 18975 rows= 18241 horizon=0.31 L=0.00016 L/var=0.00 tgt=-0.070/0.374 pstd=0.415 gen=0.1s train=0.5s
[t= 210.6s] greedy ep308 games=  96 dec= 17681 rows= 16942 horizon=0.28 L=0.00012 L/var=0.00 tgt=-0.076/0.404 pstd=0.415 gen=0.1s train=0.4s
[t= 211.3s] greedy ep309 games=  96 dec= 18317 rows= 17604 horizon=0.25 L=0.00029 L/var=0.00 tgt=-0.087/0.402 pstd=0.416 gen=0.1s train=0.4s
[t= 212.0s] greedy ep310 games=  96 dec= 18639 rows= 17869 horizon=0.32 L=0.00024 L/var=0.00 tgt=-0.108/0.420 pstd=0.415 gen=0.1s train=0.5s
[t= 212.8s] greedy ep311 games=  96 dec= 18333 rows= 17607 horizon=0.34 L=0.00011 L/var=0.00 tgt=-0.079/0.416 pstd=0.416 gen=0.1s train=0.5s
[t= 213.5s] greedy ep312 games=  96 dec= 18310 rows= 17492 horizon=0.24 L=0.00012 L/var=0.00 tgt=-0.065/0.407 pstd=0.419 gen=0.1s train=0.5s
[t= 214.3s] greedy ep313 games=  96 dec= 18818 rows= 18048 horizon=0.29 L=0.00030 L/var=0.00 tgt=-0.086/0.392 pstd=0.413 gen=0.1s train=0.5s
[t= 215.1s] greedy ep314 games=  96 dec= 18511 rows= 17755 horizon=0.36 L=0.00014 L/var=0.00 tgt=-0.083/0.389 pstd=0.418 gen=0.1s train=0.5s
[t= 215.8s] greedy ep315 games=  96 dec= 18540 rows= 17790 horizon=0.31 L=0.00011 L/var=0.00 tgt=-0.067/0.409 pstd=0.417 gen=0.1s train=0.5s
[t= 216.6s] greedy ep316 games=  96 dec= 17945 rows= 17256 horizon=0.26 L=0.00023 L/var=0.00 tgt=-0.087/0.417 pstd=0.419 gen=0.1s train=0.5s
[t= 217.3s] greedy ep317 games=  96 dec= 17764 rows= 16974 horizon=0.27 L=0.00012 L/var=0.00 tgt=-0.068/0.399 pstd=0.419 gen=0.1s train=0.5s
[t= 218.1s] greedy ep318 games=  96 dec= 18284 rows= 17572 horizon=0.28 L=0.00012 L/var=0.00 tgt=-0.084/0.386 pstd=0.415 gen=0.1s train=0.5s
[t= 218.8s] greedy ep319 games=  96 dec= 17885 rows= 17159 horizon=0.24 L=0.00024 L/var=0.00 tgt=-0.074/0.413 pstd=0.416 gen=0.1s train=0.5s
[t= 219.6s] greedy ep320 games=  96 dec= 18131 rows= 17385 horizon=0.26 L=0.00014 L/var=0.00 tgt=-0.069/0.385 pstd=0.417 gen=0.1s train=0.5s
[t= 220.4s] greedy ep321 games=  96 dec= 19187 rows= 18292 horizon=0.29 L=0.00015 L/var=0.00 tgt=-0.088/0.396 pstd=0.416 gen=0.1s train=0.5s
[t= 221.1s] greedy ep322 games=  96 dec= 17848 rows= 17217 horizon=0.26 L=0.00011 L/var=0.00 tgt=-0.082/0.430 pstd=0.414 gen=0.1s train=0.5s
[t= 221.9s] greedy ep323 games=  96 dec= 18609 rows= 17674 horizon=0.31 L=0.00025 L/var=0.00 tgt=-0.075/0.384 pstd=0.411 gen=0.1s train=0.5s
[t= 222.6s] greedy ep324 games=  96 dec= 18130 rows= 17413 horizon=0.27 L=0.00021 L/var=0.00 tgt=-0.060/0.405 pstd=0.418 gen=0.1s train=0.5s
[t= 223.4s] greedy ep325 games=  96 dec= 18449 rows= 17683 horizon=0.31 L=0.00014 L/var=0.00 tgt=-0.107/0.395 pstd=0.416 gen=0.1s train=0.5s
[t= 224.2s] greedy ep326 games=  96 dec= 19787 rows= 18939 horizon=0.42 L=0.00011 L/var=0.00 tgt=-0.072/0.386 pstd=0.414 gen=0.1s train=0.5s
[t= 224.9s] greedy ep327 games=  96 dec= 16980 rows= 16315 horizon=0.21 L=0.00017 L/var=0.00 tgt=-0.087/0.423 pstd=0.416 gen=0.1s train=0.5s
[t= 225.6s] greedy ep328 games=  96 dec= 18531 rows= 17640 horizon=0.32 L=0.00022 L/var=0.00 tgt=-0.109/0.440 pstd=0.419 gen=0.1s train=0.5s
[t= 226.4s] greedy ep329 games=  96 dec= 17873 rows= 17174 horizon=0.27 L=0.00012 L/var=0.00 tgt=-0.080/0.399 pstd=0.418 gen=0.1s train=0.5s
[t= 227.2s] greedy ep330 games=  96 dec= 18335 rows= 17646 horizon=0.31 L=0.00021 L/var=0.00 tgt=-0.071/0.384 pstd=0.418 gen=0.1s train=0.5s
[t= 227.9s] greedy ep331 games=  96 dec= 17593 rows= 16826 horizon=0.21 L=0.00020 L/var=0.00 tgt=-0.060/0.395 pstd=0.422 gen=0.1s train=0.5s
[t= 228.7s] greedy ep332 games=  96 dec= 18720 rows= 17942 horizon=0.34 L=0.00012 L/var=0.00 tgt=-0.088/0.404 pstd=0.417 gen=0.1s train=0.5s
[t= 229.4s] greedy ep333 games=  96 dec= 18233 rows= 17546 horizon=0.29 L=0.00010 L/var=0.00 tgt=-0.087/0.424 pstd=0.419 gen=0.1s train=0.5s
[t= 230.2s] greedy ep334 games=  96 dec= 17422 rows= 16654 horizon=0.20 L=0.00028 L/var=0.00 tgt=-0.086/0.396 pstd=0.414 gen=0.1s train=0.5s
[t= 230.9s] greedy ep335 games=  96 dec= 18210 rows= 17471 horizon=0.22 L=0.00045 L/var=0.00 tgt=-0.079/0.406 pstd=0.420 gen=0.1s train=0.5s
[t= 231.7s] greedy ep336 games=  96 dec= 19288 rows= 18503 horizon=0.40 L=0.00019 L/var=0.00 tgt=-0.062/0.387 pstd=0.417 gen=0.1s train=0.5s
[t= 232.4s] greedy ep337 games=  96 dec= 18007 rows= 17294 horizon=0.29 L=0.00013 L/var=0.00 tgt=-0.075/0.434 pstd=0.418 gen=0.1s train=0.5s
[t= 233.2s] greedy ep338 games=  96 dec= 17915 rows= 17106 horizon=0.27 L=0.00011 L/var=0.00 tgt=-0.063/0.384 pstd=0.417 gen=0.1s train=0.5s
[t= 233.9s] greedy ep339 games=  96 dec= 18476 rows= 17722 horizon=0.30 L=0.00009 L/var=0.00 tgt=-0.088/0.385 pstd=0.413 gen=0.1s train=0.5s
[t= 234.7s] greedy ep340 games=  96 dec= 18508 rows= 17690 horizon=0.28 L=0.00011 L/var=0.00 tgt=-0.063/0.400 pstd=0.418 gen=0.1s train=0.5s
[t= 235.4s] greedy ep341 games=  96 dec= 18776 rows= 18099 horizon=0.34 L=0.00008 L/var=0.00 tgt=-0.076/0.402 pstd=0.416 gen=0.1s train=0.5s
[t= 236.2s] greedy ep342 games=  96 dec= 18455 rows= 17660 horizon=0.27 L=0.00007 L/var=0.00 tgt=-0.096/0.409 pstd=0.415 gen=0.1s train=0.5s
[t= 237.0s] greedy ep343 games=  96 dec= 19626 rows= 18762 horizon=0.34 L=0.00041 L/var=0.00 tgt=-0.084/0.393 pstd=0.414 gen=0.1s train=0.5s
[t= 237.7s] greedy ep344 games=  96 dec= 18001 rows= 17232 horizon=0.24 L=0.00039 L/var=0.00 tgt=-0.075/0.399 pstd=0.412 gen=0.1s train=0.5s
[t= 238.4s] greedy ep345 games=  96 dec= 18452 rows= 17644 horizon=0.28 L=0.00015 L/var=0.00 tgt=-0.082/0.391 pstd=0.417 gen=0.1s train=0.5s
[t= 239.1s] greedy ep346 games=  96 dec= 17399 rows= 16707 horizon=0.24 L=0.00013 L/var=0.00 tgt=-0.096/0.427 pstd=0.415 gen=0.1s train=0.5s
[t= 239.9s] greedy ep347 games=  96 dec= 19200 rows= 18497 horizon=0.31 L=0.00009 L/var=0.00 tgt=-0.067/0.394 pstd=0.417 gen=0.1s train=0.5s
[t= 240.7s] greedy ep348 games=  96 dec= 18972 rows= 18147 horizon=0.30 L=0.00009 L/var=0.00 tgt=-0.071/0.386 pstd=0.417 gen=0.1s train=0.5s
[t= 241.5s] greedy ep349 games=  96 dec= 19405 rows= 18580 horizon=0.32 L=0.00009 L/var=0.00 tgt=-0.080/0.402 pstd=0.416 gen=0.1s train=0.5s
[t= 242.2s] greedy ep350 games=  96 dec= 19071 rows= 18248 horizon=0.35 L=0.00010 L/var=0.00 tgt=-0.046/0.410 pstd=0.416 gen=0.1s train=0.5s
[t= 243.0s] greedy ep351 games=  96 dec= 17791 rows= 17071 horizon=0.20 L=0.00009 L/var=0.00 tgt=-0.053/0.387 pstd=0.420 gen=0.1s train=0.5s
[t= 243.7s] greedy ep352 games=  96 dec= 17563 rows= 16797 horizon=0.20 L=0.00013 L/var=0.00 tgt=-0.079/0.412 pstd=0.418 gen=0.1s train=0.5s
[t= 244.5s] greedy ep353 games=  96 dec= 18765 rows= 17952 horizon=0.31 L=0.00012 L/var=0.00 tgt=-0.067/0.394 pstd=0.415 gen=0.1s train=0.5s
[t= 245.2s] greedy ep354 games=  96 dec= 18919 rows= 18103 horizon=0.30 L=0.00012 L/var=0.00 tgt=-0.055/0.399 pstd=0.418 gen=0.1s train=0.5s
[t= 246.0s] greedy ep355 games=  96 dec= 18269 rows= 17528 horizon=0.29 L=0.00009 L/var=0.00 tgt=-0.064/0.376 pstd=0.415 gen=0.1s train=0.5s
[t= 246.8s] greedy ep356 games=  96 dec= 19129 rows= 18253 horizon=0.26 L=0.00039 L/var=0.00 tgt=-0.070/0.410 pstd=0.418 gen=0.1s train=0.5s
[t= 247.6s] greedy ep357 games=  96 dec= 18408 rows= 17658 horizon=0.27 L=0.00017 L/var=0.00 tgt=-0.073/0.401 pstd=0.415 gen=0.1s train=0.5s
[t= 248.3s] greedy ep358 games=  96 dec= 19076 rows= 18263 horizon=0.33 L=0.00011 L/var=0.00 tgt=-0.058/0.403 pstd=0.418 gen=0.1s train=0.5s
[t= 249.1s] greedy ep359 games=  96 dec= 17480 rows= 16656 horizon=0.21 L=0.00012 L/var=0.00 tgt=-0.079/0.393 pstd=0.418 gen=0.1s train=0.5s
[t= 249.8s] greedy ep360 games=  96 dec= 19156 rows= 18345 horizon=0.33 L=0.00008 L/var=0.00 tgt=-0.069/0.410 pstd=0.420 gen=0.1s train=0.5s
[t= 250.6s] greedy ep361 games=  96 dec= 18937 rows= 18097 horizon=0.32 L=0.00014 L/var=0.00 tgt=-0.068/0.402 pstd=0.419 gen=0.1s train=0.5s
[t= 251.4s] greedy ep362 games=  96 dec= 17821 rows= 17000 horizon=0.23 L=0.00015 L/var=0.00 tgt=-0.068/0.403 pstd=0.417 gen=0.1s train=0.5s
[t= 252.2s] greedy ep363 games=  96 dec= 18901 rows= 17993 horizon=0.28 L=0.00009 L/var=0.00 tgt=-0.080/0.423 pstd=0.418 gen=0.1s train=0.5s
[t= 252.9s] greedy ep364 games=  96 dec= 18498 rows= 17733 horizon=0.29 L=0.00014 L/var=0.00 tgt=-0.068/0.376 pstd=0.417 gen=0.1s train=0.5s
[t= 253.6s] greedy ep365 games=  96 dec= 17739 rows= 17087 horizon=0.28 L=0.00012 L/var=0.00 tgt=-0.082/0.392 pstd=0.416 gen=0.1s train=0.5s
[t= 254.4s] greedy ep366 games=  96 dec= 17702 rows= 17081 horizon=0.28 L=0.00012 L/var=0.00 tgt=-0.068/0.371 pstd=0.418 gen=0.1s train=0.5s
[t= 255.1s] greedy ep367 games=  96 dec= 17974 rows= 17208 horizon=0.22 L=0.00016 L/var=0.00 tgt=-0.073/0.375 pstd=0.414 gen=0.1s train=0.5s
[t= 255.9s] greedy ep368 games=  96 dec= 18221 rows= 17383 horizon=0.29 L=0.00009 L/var=0.00 tgt=-0.049/0.379 pstd=0.418 gen=0.1s train=0.5s
[t= 256.6s] greedy ep369 games=  96 dec= 18884 rows= 18066 horizon=0.30 L=0.00011 L/var=0.00 tgt=-0.069/0.373 pstd=0.417 gen=0.1s train=0.5s
[t= 257.4s] greedy ep370 games=  96 dec= 18192 rows= 17328 horizon=0.25 L=0.00017 L/var=0.00 tgt=-0.067/0.405 pstd=0.413 gen=0.1s train=0.5s
[t= 258.1s] greedy ep371 games=  96 dec= 18422 rows= 17649 horizon=0.30 L=0.00011 L/var=0.00 tgt=-0.059/0.389 pstd=0.416 gen=0.1s train=0.5s
[t= 258.9s] greedy ep372 games=  96 dec= 19751 rows= 18972 horizon=0.41 L=0.00020 L/var=0.00 tgt=-0.100/0.403 pstd=0.416 gen=0.1s train=0.5s
[t= 259.7s] greedy ep373 games=  96 dec= 18161 rows= 17493 horizon=0.28 L=0.00027 L/var=0.00 tgt=-0.065/0.401 pstd=0.418 gen=0.1s train=0.5s
[t= 260.4s] greedy ep374 games=  96 dec= 17811 rows= 17088 horizon=0.26 L=0.00010 L/var=0.00 tgt=-0.045/0.390 pstd=0.414 gen=0.1s train=0.5s
[t= 261.1s] greedy ep375 games=  96 dec= 17643 rows= 16897 horizon=0.26 L=0.00009 L/var=0.00 tgt=-0.070/0.413 pstd=0.412 gen=0.1s train=0.5s
[t= 261.9s] greedy ep376 games=  96 dec= 18978 rows= 18238 horizon=0.31 L=0.00008 L/var=0.00 tgt=-0.073/0.387 pstd=0.415 gen=0.1s train=0.5s
[t= 262.6s] greedy ep377 games=  96 dec= 18397 rows= 17595 horizon=0.31 L=0.00015 L/var=0.00 tgt=-0.048/0.391 pstd=0.416 gen=0.1s train=0.5s
[t= 263.4s] greedy ep378 games=  96 dec= 18005 rows= 17218 horizon=0.17 L=0.00032 L/var=0.00 tgt=-0.082/0.402 pstd=0.413 gen=0.1s train=0.5s
[t= 264.1s] greedy ep379 games=  96 dec= 18055 rows= 17306 horizon=0.28 L=0.00011 L/var=0.00 tgt=-0.074/0.431 pstd=0.416 gen=0.1s train=0.5s
[t= 264.9s] greedy ep380 games=  96 dec= 18253 rows= 17517 horizon=0.30 L=0.00007 L/var=0.00 tgt=-0.070/0.389 pstd=0.418 gen=0.1s train=0.5s
[t= 265.6s] greedy ep381 games=  96 dec= 18541 rows= 17712 horizon=0.26 L=0.00009 L/var=0.00 tgt=-0.081/0.391 pstd=0.417 gen=0.1s train=0.5s
[t= 266.4s] greedy ep382 games=  96 dec= 17817 rows= 17009 horizon=0.26 L=0.00009 L/var=0.00 tgt=-0.088/0.403 pstd=0.416 gen=0.1s train=0.5s
[t= 267.1s] greedy ep383 games=  96 dec= 18928 rows= 18132 horizon=0.30 L=0.00014 L/var=0.00 tgt=-0.068/0.403 pstd=0.415 gen=0.1s train=0.5s
[t= 267.9s] greedy ep384 games=  96 dec= 18910 rows= 18089 horizon=0.28 L=0.00008 L/var=0.00 tgt=-0.070/0.392 pstd=0.415 gen=0.1s train=0.5s
[t= 268.7s] greedy ep385 games=  96 dec= 18276 rows= 17544 horizon=0.31 L=0.00010 L/var=0.00 tgt=-0.088/0.404 pstd=0.418 gen=0.1s train=0.5s
[t= 269.4s] greedy ep386 games=  96 dec= 19220 rows= 18425 horizon=0.30 L=0.00014 L/var=0.00 tgt=-0.058/0.399 pstd=0.417 gen=0.1s train=0.5s
[t= 270.2s] greedy ep387 games=  96 dec= 18857 rows= 18073 horizon=0.33 L=0.00007 L/var=0.00 tgt=-0.074/0.403 pstd=0.415 gen=0.1s train=0.5s
[t= 270.9s] greedy ep388 games=  96 dec= 18426 rows= 17751 horizon=0.35 L=0.00017 L/var=0.00 tgt=-0.079/0.402 pstd=0.415 gen=0.1s train=0.5s
[t= 271.7s] greedy ep389 games=  96 dec= 18041 rows= 17227 horizon=0.23 L=0.00027 L/var=0.00 tgt=-0.092/0.441 pstd=0.417 gen=0.1s train=0.5s
[t= 272.5s] greedy ep390 games=  96 dec= 19196 rows= 18315 horizon=0.32 L=0.00011 L/var=0.00 tgt=-0.054/0.370 pstd=0.416 gen=0.1s train=0.5s
[t= 273.2s] greedy ep391 games=  96 dec= 18414 rows= 17631 horizon=0.30 L=0.00010 L/var=0.00 tgt=-0.076/0.396 pstd=0.415 gen=0.1s train=0.5s
[t= 273.9s] greedy ep392 games=  96 dec= 17962 rows= 17260 horizon=0.27 L=0.00006 L/var=0.00 tgt=-0.058/0.386 pstd=0.416 gen=0.1s train=0.5s
[t= 274.7s] greedy ep393 games=  96 dec= 18151 rows= 17307 horizon=0.26 L=0.00013 L/var=0.00 tgt=-0.085/0.409 pstd=0.416 gen=0.1s train=0.5s
[t= 275.4s] greedy ep394 games=  96 dec= 19761 rows= 18906 horizon=0.38 L=0.00012 L/var=0.00 tgt=-0.055/0.365 pstd=0.416 gen=0.1s train=0.5s
[t= 276.2s] greedy ep395 games=  96 dec= 18109 rows= 17254 horizon=0.26 L=0.00009 L/var=0.00 tgt=-0.070/0.425 pstd=0.415 gen=0.1s train=0.5s
[t= 276.9s] greedy ep396 games=  96 dec= 17924 rows= 17147 horizon=0.26 L=0.00011 L/var=0.00 tgt=-0.102/0.400 pstd=0.413 gen=0.1s train=0.5s
[t= 277.7s] greedy ep397 games=  96 dec= 18403 rows= 17640 horizon=0.33 L=0.00009 L/var=0.00 tgt=-0.064/0.397 pstd=0.415 gen=0.1s train=0.5s
[t= 278.4s] greedy ep398 games=  96 dec= 17766 rows= 16918 horizon=0.23 L=0.00010 L/var=0.00 tgt=-0.060/0.394 pstd=0.421 gen=0.1s train=0.5s
[t= 279.2s] greedy ep399 games=  96 dec= 18726 rows= 17868 horizon=0.28 L=0.00017 L/var=0.00 tgt=-0.059/0.371 pstd=0.417 gen=0.1s train=0.5s
[t= 280.0s] greedy ep400 games=  96 dec= 18743 rows= 17957 horizon=0.33 L=0.00014 L/var=0.00 tgt=-0.088/0.409 pstd=0.418 gen=0.1s train=0.5s
[t= 280.7s] greedy ep401 games=  96 dec= 17592 rows= 16853 horizon=0.28 L=0.00008 L/var=0.00 tgt=-0.082/0.413 pstd=0.416 gen=0.1s train=0.5s
[t= 281.5s] greedy ep402 games=  96 dec= 18216 rows= 17449 horizon=0.25 L=0.00010 L/var=0.00 tgt=-0.093/0.401 pstd=0.415 gen=0.1s train=0.5s
[t= 282.2s] greedy ep403 games=  96 dec= 18320 rows= 17546 horizon=0.28 L=0.00010 L/var=0.00 tgt=-0.109/0.433 pstd=0.420 gen=0.1s train=0.5s
[t= 283.0s] greedy ep404 games=  96 dec= 19009 rows= 18222 horizon=0.25 L=0.00014 L/var=0.00 tgt=-0.067/0.373 pstd=0.417 gen=0.1s train=0.5s
[t= 283.7s] greedy ep405 games=  96 dec= 17065 rows= 16399 horizon=0.21 L=0.00009 L/var=0.00 tgt=-0.038/0.405 pstd=0.415 gen=0.1s train=0.5s
[t= 284.4s] greedy ep406 games=  96 dec= 17055 rows= 16384 horizon=0.21 L=0.00017 L/var=0.00 tgt=-0.081/0.403 pstd=0.415 gen=0.1s train=0.5s
[t= 285.2s] greedy ep407 games=  96 dec= 17947 rows= 17165 horizon=0.23 L=0.00007 L/var=0.00 tgt=-0.077/0.431 pstd=0.418 gen=0.1s train=0.5s
[t= 285.9s] greedy ep408 games=  96 dec= 18403 rows= 17645 horizon=0.27 L=0.00020 L/var=0.00 tgt=-0.057/0.378 pstd=0.417 gen=0.1s train=0.5s
[t= 286.6s] greedy ep409 games=  96 dec= 18070 rows= 17249 horizon=0.22 L=0.00010 L/var=0.00 tgt=-0.126/0.462 pstd=0.414 gen=0.1s train=0.4s
[t= 287.2s] greedy ep410 games=  96 dec= 18524 rows= 17754 horizon=0.29 L=0.00013 L/var=0.00 tgt=-0.057/0.416 pstd=0.417 gen=0.1s train=0.4s
[t= 287.9s] greedy ep411 games=  96 dec= 18040 rows= 17280 horizon=0.21 L=0.00013 L/var=0.00 tgt=-0.069/0.394 pstd=0.415 gen=0.1s train=0.4s
[t= 288.6s] greedy ep412 games=  96 dec= 17929 rows= 17085 horizon=0.19 L=0.00007 L/var=0.00 tgt=-0.076/0.435 pstd=0.419 gen=0.1s train=0.4s
[t= 289.2s] greedy ep413 games=  96 dec= 18441 rows= 17747 horizon=0.36 L=0.00015 L/var=0.00 tgt=-0.091/0.410 pstd=0.417 gen=0.1s train=0.4s
[t= 289.9s] greedy ep414 games=  96 dec= 18805 rows= 17998 horizon=0.32 L=0.00010 L/var=0.00 tgt=-0.080/0.397 pstd=0.419 gen=0.1s train=0.5s
[t= 290.6s] greedy ep415 games=  96 dec= 18767 rows= 17980 horizon=0.32 L=0.00008 L/var=0.00 tgt=-0.054/0.387 pstd=0.417 gen=0.1s train=0.5s
[t= 291.3s] greedy ep416 games=  96 dec= 18393 rows= 17618 horizon=0.33 L=0.00015 L/var=0.00 tgt=-0.060/0.400 pstd=0.418 gen=0.1s train=0.4s
[t= 291.9s] greedy ep417 games=  96 dec= 18752 rows= 17964 horizon=0.33 L=0.00009 L/var=0.00 tgt=-0.089/0.426 pstd=0.415 gen=0.1s train=0.5s
[t= 292.6s] greedy ep418 games=  96 dec= 18262 rows= 17497 horizon=0.24 L=0.00020 L/var=0.00 tgt=-0.072/0.363 pstd=0.419 gen=0.1s train=0.4s
[t= 293.2s] greedy ep419 games=  96 dec= 18703 rows= 17996 horizon=0.24 L=0.00010 L/var=0.00 tgt=-0.064/0.420 pstd=0.415 gen=0.1s train=0.5s
[t= 293.9s] greedy ep420 games=  96 dec= 18560 rows= 17770 horizon=0.31 L=0.00010 L/var=0.00 tgt=-0.078/0.408 pstd=0.419 gen=0.1s train=0.4s
[t= 294.5s] greedy ep421 games=  96 dec= 18255 rows= 17438 horizon=0.32 L=0.00007 L/var=0.00 tgt=-0.104/0.413 pstd=0.418 gen=0.1s train=0.4s
[t= 295.2s] greedy ep422 games=  96 dec= 18884 rows= 18050 horizon=0.28 L=0.00007 L/var=0.00 tgt=-0.046/0.410 pstd=0.417 gen=0.1s train=0.5s
[t= 295.8s] greedy ep423 games=  96 dec= 18476 rows= 17768 horizon=0.28 L=0.00016 L/var=0.00 tgt=-0.082/0.398 pstd=0.420 gen=0.1s train=0.4s
[t= 296.5s] greedy ep424 games=  96 dec= 18822 rows= 17998 horizon=0.31 L=0.00009 L/var=0.00 tgt=-0.084/0.405 pstd=0.418 gen=0.1s train=0.5s
[t= 297.1s] greedy ep425 games=  96 dec= 18438 rows= 17634 horizon=0.30 L=0.00009 L/var=0.00 tgt=-0.081/0.390 pstd=0.419 gen=0.1s train=0.4s
[t= 297.8s] greedy ep426 games=  96 dec= 18402 rows= 17607 horizon=0.29 L=0.00010 L/var=0.00 tgt=-0.061/0.389 pstd=0.414 gen=0.1s train=0.4s
[t= 298.4s] greedy ep427 games=  96 dec= 18022 rows= 17320 horizon=0.29 L=0.00011 L/var=0.00 tgt=-0.053/0.405 pstd=0.415 gen=0.1s train=0.4s
[t= 299.0s] greedy ep428 games=  96 dec= 18247 rows= 17467 horizon=0.24 L=0.00012 L/var=0.00 tgt=-0.099/0.402 pstd=0.414 gen=0.1s train=0.4s
[t= 299.7s] greedy ep429 games=  96 dec= 18621 rows= 17818 horizon=0.26 L=0.00014 L/var=0.00 tgt=-0.081/0.428 pstd=0.416 gen=0.1s train=0.4s
[t= 300.3s] greedy ep430 games=  96 dec= 18445 rows= 17669 horizon=0.29 L=0.00007 L/var=0.00 tgt=-0.095/0.425 pstd=0.418 gen=0.1s train=0.4s
[t= 300.4s] --- snapshot snap_00.pt (init) ---
[t= 300.4s] --- switching to ReBeL ---
[t= 310.4s] rebel stream solves=66560 raw=6630/s balanced=6630/s debt=0 rows steps=260 horizon=0.00 games=0 over=0 card=0 drop=0 L=0.04147 L/var=2.61 tgt=-0.007/0.126 cfg/b=59021 prep=0.89s gpu=0.00s conv=0.07s add=1.62s train=7.56s
[t= 320.4s] rebel stream solves=146432 raw=7306/s balanced=7306/s debt=0 rows steps=572 horizon=0.00 games=0 over=0 card=0 drop=0 L=0.00221 L/var=0.62 tgt=+0.009/0.060 cfg/b=30955 prep=1.05s gpu=0.00s conv=0.02s add=0.81s train=8.11s
[t= 330.6s] rebel stream solves=229376 raw=7595/s balanced=7595/s debt=0 rows steps=896 horizon=0.00 games=7 over=0 card=0 drop=0 L=0.00119 L/var=0.15 tgt=-0.003/0.091 cfg/b=19759 prep=1.13s gpu=0.00s conv=0.02s add=0.56s train=8.25s
[t= 340.7s] rebel stream solves=313344 raw=7778/s balanced=7778/s debt=0 rows steps=1224 horizon=0.00 games=202 over=0 card=0 drop=0 L=0.00130 L/var=0.08 tgt=+0.011/0.130 cfg/b=14507 prep=1.17s gpu=0.00s conv=0.01s add=0.48s train=8.33s
[t= 350.7s] rebel stream solves=391168 raw=7772/s balanced=7772/s debt=0 rows steps=1528 horizon=0.00 games=930 over=0 card=0 drop=0 L=0.00348 L/var=0.13 tgt=+0.027/0.165 cfg/b=9907 prep=1.10s gpu=0.00s conv=0.02s add=0.67s train=7.57s
[t= 360.8s] rebel stream solves=470016 raw=7778/s balanced=7778/s debt=0 rows steps=1836 horizon=0.00 games=1209 over=0 card=0 drop=0 L=0.00487 L/var=0.23 tgt=+0.038/0.145 cfg/b=12866 prep=1.05s gpu=0.00s conv=0.02s add=0.95s train=7.69s
[t= 371.0s] rebel stream solves=552960 raw=7831/s balanced=7831/s debt=0 rows steps=2160 horizon=0.00 games=946 over=0 card=0 drop=0 L=0.00476 L/var=0.19 tgt=+0.048/0.159 cfg/b=14991 prep=1.08s gpu=0.00s conv=0.02s add=0.94s train=7.93s
[t= 381.1s] rebel stream solves=635904 raw=7879/s balanced=7879/s debt=0 rows steps=2484 horizon=0.00 games=815 over=0 card=0 drop=0 L=0.00445 L/var=0.12 tgt=+0.063/0.189 cfg/b=15303 prep=1.10s gpu=0.00s conv=0.02s add=0.85s train=8.02s
[t= 391.2s] rebel stream solves=718848 raw=7918/s balanced=7918/s debt=0 rows steps=2808 horizon=0.00 games=909 over=0 card=0 drop=0 L=0.00410 L/var=0.10 tgt=+0.075/0.207 cfg/b=15423 prep=1.11s gpu=0.00s conv=0.02s add=0.84s train=7.98s
[t= 401.3s] rebel stream solves=800768 raw=7936/s balanced=7936/s debt=0 rows steps=3128 horizon=0.00 games=945 over=0 card=0 drop=0 L=0.00434 L/var=0.07 tgt=+0.083/0.255 cfg/b=15470 prep=1.10s gpu=0.00s conv=0.02s add=0.88s train=8.03s
[t= 411.3s] rebel stream solves=883712 raw=7965/s balanced=7965/s debt=0 rows steps=3452 horizon=0.00 games=1041 over=0 card=0 drop=0 L=0.00467 L/var=0.06 tgt=+0.106/0.273 cfg/b=15969 prep=1.08s gpu=0.00s conv=0.02s add=1.00s train=7.98s
[t= 421.4s] rebel stream solves=963584 raw=7962/s balanced=7962/s debt=0 rows steps=3764 horizon=0.00 games=971 over=0 card=0 drop=0 L=0.00532 L/var=0.06 tgt=+0.116/0.293 cfg/b=17160 prep=1.02s gpu=0.00s conv=0.02s add=0.96s train=7.74s
[t= 431.5s] rebel stream solves=1044480 raw=7968/s balanced=7968/s debt=0 rows steps=4080 horizon=0.00 games=909 over=0 card=0 drop=0 L=0.00537 L/var=0.06 tgt=+0.126/0.308 cfg/b=18268 prep=1.06s gpu=0.00s conv=0.02s add=1.01s train=7.89s
[t= 441.5s] rebel stream solves=1124352 raw=7968/s balanced=7968/s debt=0 rows steps=4392 horizon=0.00 games=901 over=0 card=0 drop=0 L=0.00549 L/var=0.05 tgt=+0.129/0.318 cfg/b=19248 prep=1.06s gpu=0.00s conv=0.02s add=1.06s train=7.76s
[t= 451.5s] rebel stream solves=1204224 raw=7969/s balanced=7969/s debt=0 rows steps=4704 horizon=0.10 games=1081 over=0 card=0 drop=0 L=0.00564 L/var=0.05 tgt=+0.121/0.324 cfg/b=20154 prep=1.07s gpu=0.00s conv=0.02s add=1.08s train=7.88s
[t= 461.5s] rebel stream solves=1281024 raw=7950/s balanced=7950/s debt=0 rows steps=5004 horizon=0.00 games=907 over=0 card=0 drop=0 L=0.00572 L/var=0.05 tgt=+0.120/0.329 cfg/b=21322 prep=1.03s gpu=0.00s conv=0.02s add=1.10s train=7.68s
[t= 471.7s] rebel stream solves=1359872 raw=7938/s balanced=7938/s debt=0 rows steps=5312 horizon=0.00 games=950 over=0 card=0 drop=0 L=0.00547 L/var=0.05 tgt=+0.120/0.330 cfg/b=21562 prep=1.06s gpu=0.00s conv=0.02s add=1.14s train=7.84s
[t= 481.7s] rebel stream solves=1437696 raw=7927/s balanced=7927/s debt=0 rows steps=5616 horizon=0.00 games=906 over=0 card=0 drop=0 L=0.00526 L/var=0.04 tgt=+0.126/0.344 cfg/b=22041 prep=1.05s gpu=0.00s conv=0.03s add=1.12s train=7.73s
[t= 491.9s] rebel stream solves=1515520 raw=7914/s balanced=7914/s debt=0 rows steps=5920 horizon=0.00 games=989 over=0 card=0 drop=0 L=0.00548 L/var=0.05 tgt=+0.123/0.345 cfg/b=22534 prep=1.05s gpu=0.00s conv=0.02s add=1.12s train=7.83s
[t= 502.0s] rebel stream solves=1592320 raw=7899/s balanced=7899/s debt=0 rows steps=6220 horizon=0.01 games=957 over=0 card=0 drop=0 L=0.00535 L/var=0.04 tgt=+0.125/0.350 cfg/b=22940 prep=1.05s gpu=0.00s conv=0.02s add=1.13s train=7.72s
[t= 512.0s] rebel stream solves=1666048 raw=7873/s balanced=7873/s debt=0 rows steps=6508 horizon=0.01 games=929 over=0 card=0 drop=0 L=0.00549 L/var=0.05 tgt=+0.115/0.344 cfg/b=23425 prep=1.00s gpu=0.00s conv=0.03s add=1.19s train=7.53s
[t= 522.2s] rebel stream solves=1744896 raw=7868/s balanced=7868/s debt=0 rows steps=6816 horizon=0.00 games=992 over=0 card=0 drop=0 L=0.00523 L/var=0.04 tgt=+0.110/0.350 cfg/b=23780 prep=1.02s gpu=0.00s conv=0.02s add=1.24s train=7.71s
[t= 532.3s] rebel stream solves=1822720 raw=7858/s balanced=7858/s debt=0 rows steps=7120 horizon=0.00 games=915 over=0 card=0 drop=0 L=0.00529 L/var=0.04 tgt=+0.121/0.355 cfg/b=24292 prep=1.06s gpu=0.00s conv=0.03s add=1.15s train=7.77s
[t= 542.4s] rebel stream solves=1899520 raw=7849/s balanced=7849/s debt=0 rows steps=7420 horizon=0.01 games=906 over=0 card=0 drop=0 L=0.00532 L/var=0.04 tgt=+0.122/0.364 cfg/b=24289 prep=1.00s gpu=0.00s conv=0.02s add=1.17s train=7.64s
[t= 552.5s] rebel stream solves=1973248 raw=7827/s balanced=7827/s debt=0 rows steps=7708 horizon=0.00 games=923 over=0 card=0 drop=0 L=0.00550 L/var=0.04 tgt=+0.127/0.371 cfg/b=24768 prep=1.03s gpu=0.00s conv=0.03s add=1.22s train=7.51s
[t= 562.6s] rebel stream solves=2048000 raw=7812/s balanced=7812/s debt=0 rows steps=8000 horizon=0.00 games=929 over=0 card=0 drop=0 L=0.00555 L/var=0.04 tgt=+0.114/0.374 cfg/b=25153 prep=1.03s gpu=0.00s conv=0.02s add=1.20s train=7.56s
[t= 572.7s] rebel stream solves=2124800 raw=7804/s balanced=7804/s debt=0 rows steps=8300 horizon=0.00 games=935 over=0 card=0 drop=0 L=0.00578 L/var=0.04 tgt=+0.122/0.377 cfg/b=25090 prep=1.03s gpu=0.00s conv=0.03s add=1.19s train=7.71s
[t= 582.8s] rebel stream solves=2200576 raw=7793/s balanced=7793/s debt=0 rows steps=8596 horizon=0.00 games=926 over=0 card=0 drop=0 L=0.00562 L/var=0.04 tgt=+0.118/0.374 cfg/b=25502 prep=1.04s gpu=0.00s conv=0.03s add=1.19s train=7.67s
[t= 592.9s] rebel stream solves=2274304 raw=7776/s balanced=7776/s debt=0 rows steps=8884 horizon=0.00 games=928 over=0 card=0 drop=0 L=0.00572 L/var=0.04 tgt=+0.122/0.372 cfg/b=25692 prep=1.07s gpu=0.00s conv=0.03s add=1.25s train=7.64s
[t= 603.0s] rebel stream solves=2351104 raw=7769/s balanced=7769/s debt=0 rows steps=9184 horizon=0.01 games=944 over=0 card=0 drop=0 L=0.00571 L/var=0.04 tgt=+0.121/0.378 cfg/b=25831 prep=1.08s gpu=0.00s conv=0.02s add=1.20s train=7.82s
[t= 613.1s] rebel stream solves=2424832 raw=7754/s balanced=7754/s debt=0 rows steps=9472 horizon=0.00 games=904 over=0 card=0 drop=0 L=0.00567 L/var=0.04 tgt=+0.120/0.384 cfg/b=26205 prep=1.02s gpu=0.00s conv=0.03s add=1.21s train=7.67s
[t= 623.2s] rebel stream solves=2500608 raw=7746/s balanced=7746/s debt=0 rows steps=9768 horizon=0.00 games=930 over=0 card=0 drop=0 L=0.00591 L/var=0.04 tgt=+0.116/0.386 cfg/b=25954 prep=1.06s gpu=0.00s conv=0.03s add=1.22s train=7.78s
[t= 633.2s] rebel stream solves=2576384 raw=7740/s balanced=7740/s debt=0 rows steps=10064 horizon=0.00 games=959 over=0 card=0 drop=0 L=0.00589 L/var=0.04 tgt=+0.121/0.386 cfg/b=25994 prep=1.02s gpu=0.00s conv=0.03s add=1.23s train=7.65s
[t= 643.4s] rebel stream solves=2650112 raw=7727/s balanced=7727/s debt=0 rows steps=10352 horizon=0.00 games=929 over=0 card=0 drop=0 L=0.00588 L/var=0.04 tgt=+0.120/0.393 cfg/b=26040 prep=1.01s gpu=0.00s conv=0.03s add=1.18s train=7.63s
[t= 653.4s] rebel stream solves=2725888 raw=7721/s balanced=7721/s debt=0 rows steps=10648 horizon=0.00 games=968 over=0 card=0 drop=0 L=0.00577 L/var=0.04 tgt=+0.122/0.391 cfg/b=26131 prep=1.03s gpu=0.00s conv=0.03s add=1.21s train=7.76s
[t= 660.4s] --- snapshot snap_01.pt (s1) ---
[t= 663.6s] rebel stream solves=2801664 raw=7714/s balanced=7714/s debt=0 rows steps=10944 horizon=0.00 games=874 over=0 card=0 drop=0 L=0.00564 L/var=0.04 tgt=+0.124/0.387 cfg/b=25994 prep=1.06s gpu=0.00s conv=0.03s add=1.22s train=7.66s
[t= 673.6s] rebel stream solves=2878464 raw=7713/s balanced=7713/s debt=0 rows steps=11244 horizon=0.00 games=906 over=0 card=0 drop=0 L=0.00582 L/var=0.04 tgt=+0.128/0.396 cfg/b=25736 prep=1.04s gpu=0.00s conv=0.03s add=1.23s train=7.71s
[t= 683.7s] rebel stream solves=2954240 raw=7707/s balanced=7707/s debt=0 rows steps=11540 horizon=0.00 games=912 over=0 card=0 drop=0 L=0.00590 L/var=0.04 tgt=+0.131/0.398 cfg/b=25518 prep=1.11s gpu=0.00s conv=0.02s add=1.15s train=7.76s
[t= 693.7s] rebel stream solves=3028992 raw=7700/s balanced=7700/s debt=0 rows steps=11832 horizon=0.00 games=950 over=0 card=0 drop=0 L=0.00600 L/var=0.04 tgt=+0.134/0.400 cfg/b=25322 prep=1.11s gpu=0.00s conv=0.03s add=1.19s train=7.81s
[t= 703.9s] rebel stream solves=3103744 raw=7693/s balanced=7693/s debt=0 rows steps=12124 horizon=0.00 games=950 over=0 card=0 drop=0 L=0.00608 L/var=0.04 tgt=+0.123/0.404 cfg/b=25691 prep=1.05s gpu=0.00s conv=0.03s add=1.21s train=7.71s
[t= 713.9s] rebel stream solves=3179520 raw=7689/s balanced=7689/s debt=0 rows steps=12420 horizon=0.00 games=898 over=0 card=0 drop=0 L=0.00597 L/var=0.03 tgt=+0.126/0.413 cfg/b=25689 prep=1.04s gpu=0.00s conv=0.03s add=1.21s train=7.64s
[t= 723.9s] rebel stream solves=3253248 raw=7681/s balanced=7681/s debt=0 rows steps=12708 horizon=0.00 games=856 over=0 card=0 drop=0 L=0.00598 L/var=0.03 tgt=+0.130/0.419 cfg/b=25441 prep=1.02s gpu=0.00s conv=0.02s add=1.13s train=7.57s
[t= 734.0s] rebel stream solves=3328000 raw=7675/s balanced=7675/s debt=0 rows steps=13000 horizon=0.00 games=938 over=0 card=0 drop=0 L=0.00600 L/var=0.03 tgt=+0.126/0.423 cfg/b=25329 prep=1.03s gpu=0.00s conv=0.03s add=1.18s train=7.67s
[t= 744.0s] rebel stream solves=3401728 raw=7668/s balanced=7668/s debt=0 rows steps=13288 horizon=0.00 games=917 over=0 card=0 drop=0 L=0.00602 L/var=0.03 tgt=+0.131/0.423 cfg/b=25519 prep=1.02s gpu=0.00s conv=0.03s add=1.19s train=7.49s
[t= 754.0s] rebel stream solves=3478528 raw=7668/s balanced=7668/s debt=0 rows steps=13588 horizon=0.00 games=950 over=0 card=0 drop=0 L=0.00592 L/var=0.03 tgt=+0.138/0.416 cfg/b=25448 prep=1.05s gpu=0.00s conv=0.03s add=1.23s train=7.74s
[t= 764.2s] rebel stream solves=3555328 raw=7666/s balanced=7666/s debt=0 rows steps=13888 horizon=0.00 games=944 over=0 card=0 drop=0 L=0.00581 L/var=0.03 tgt=+0.128/0.422 cfg/b=25367 prep=1.06s gpu=0.00s conv=0.03s add=1.17s train=7.72s
[t= 774.2s] rebel stream solves=3633152 raw=7667/s balanced=7667/s debt=0 rows steps=14192 horizon=0.00 games=872 over=0 card=0 drop=0 L=0.00587 L/var=0.03 tgt=+0.128/0.436 cfg/b=25352 prep=1.05s gpu=0.00s conv=0.03s add=1.18s train=7.78s
[t= 784.2s] rebel stream solves=3707904 raw=7663/s balanced=7663/s debt=0 rows steps=14484 horizon=0.00 games=925 over=0 card=0 drop=0 L=0.00588 L/var=0.03 tgt=+0.142/0.435 cfg/b=24877 prep=1.05s gpu=0.00s conv=0.02s add=1.15s train=7.54s
[t= 794.4s] rebel stream solves=3783680 raw=7660/s balanced=7660/s debt=0 rows steps=14780 horizon=0.00 games=926 over=0 card=0 drop=0 L=0.00606 L/var=0.03 tgt=+0.151/0.427 cfg/b=24558 prep=1.12s gpu=0.00s conv=0.03s add=1.17s train=7.73s
[t= 795.5s] --- lr -> 5.00e-04 ---
[t= 804.5s] rebel stream solves=3858432 raw=7655/s balanced=7655/s debt=0 rows steps=15072 horizon=0.00 games=901 over=0 card=0 drop=0 L=0.00572 L/var=0.03 tgt=+0.152/0.431 cfg/b=24496 prep=1.05s gpu=0.00s conv=0.02s add=1.14s train=7.65s
[t= 814.7s] rebel stream solves=3936256 raw=7654/s balanced=7654/s debt=0 rows steps=15376 horizon=0.01 games=892 over=0 card=0 drop=0 L=0.00588 L/var=0.03 tgt=+0.153/0.447 cfg/b=24493 prep=1.09s gpu=0.00s conv=0.03s add=1.16s train=7.90s
[t= 824.7s] rebel stream solves=4012032 raw=7651/s balanced=7651/s debt=0 rows steps=15672 horizon=0.00 games=866 over=0 card=0 drop=0 L=0.00584 L/var=0.03 tgt=+0.155/0.463 cfg/b=24419 prep=1.09s gpu=0.00s conv=0.02s add=1.21s train=7.75s
[t= 834.8s] rebel stream solves=4087808 raw=7649/s balanced=7649/s debt=0 rows steps=15968 horizon=0.00 games=924 over=0 card=0 drop=0 L=0.00587 L/var=0.03 tgt=+0.167/0.455 cfg/b=24100 prep=1.06s gpu=0.00s conv=0.02s add=1.15s train=7.72s
[t= 844.9s] rebel stream solves=4162560 raw=7644/s balanced=7644/s debt=0 rows steps=16260 horizon=0.00 games=774 over=0 card=0 drop=0 L=0.00592 L/var=0.03 tgt=+0.164/0.469 cfg/b=24420 prep=1.07s gpu=0.00s conv=0.02s add=1.13s train=7.70s
[t= 855.0s] rebel stream solves=4238336 raw=7642/s balanced=7642/s debt=0 rows steps=16556 horizon=0.00 games=930 over=0 card=0 drop=0 L=0.00596 L/var=0.03 tgt=+0.173/0.472 cfg/b=23996 prep=1.05s gpu=0.00s conv=0.02s add=1.13s train=7.70s
[t= 865.0s] rebel stream solves=4312064 raw=7637/s balanced=7637/s debt=0 rows steps=16844 horizon=0.00 games=896 over=0 card=0 drop=0 L=0.00589 L/var=0.03 tgt=+0.175/0.466 cfg/b=24320 prep=1.06s gpu=0.00s conv=0.02s add=1.18s train=7.54s
[t= 875.1s] rebel stream solves=4384768 raw=7629/s balanced=7629/s debt=0 rows steps=17128 horizon=0.01 games=757 over=0 card=0 drop=0 L=0.00578 L/var=0.03 tgt=+0.180/0.479 cfg/b=24337 prep=1.10s gpu=0.00s conv=0.02s add=1.11s train=7.62s
[t= 885.2s] rebel stream solves=4458496 raw=7624/s balanced=7624/s debt=0 rows steps=17416 horizon=0.01 games=834 over=0 card=0 drop=0 L=0.00591 L/var=0.03 tgt=+0.179/0.479 cfg/b=24060 prep=1.10s gpu=0.00s conv=0.02s add=1.12s train=7.57s
[t= 895.2s] rebel stream solves=4533248 raw=7621/s balanced=7621/s debt=0 rows steps=17708 horizon=0.01 games=837 over=0 card=0 drop=0 L=0.00593 L/var=0.03 tgt=+0.186/0.485 cfg/b=24068 prep=1.10s gpu=0.00s conv=0.02s add=1.11s train=7.72s
[t= 905.4s] rebel stream solves=4608000 raw=7617/s balanced=7617/s debt=0 rows steps=18000 horizon=0.01 games=850 over=0 card=0 drop=0 L=0.00602 L/var=0.03 tgt=+0.182/0.480 cfg/b=23886 prep=1.09s gpu=0.00s conv=0.02s add=1.18s train=7.58s
[t= 915.4s] rebel stream solves=4684800 raw=7618/s balanced=7618/s debt=0 rows steps=18300 horizon=0.01 games=846 over=0 card=0 drop=0 L=0.00603 L/var=0.03 tgt=+0.193/0.477 cfg/b=23857 prep=1.04s gpu=0.00s conv=0.02s add=1.12s train=7.60s
[t= 925.5s] rebel stream solves=4760576 raw=7616/s balanced=7616/s debt=0 rows steps=18596 horizon=0.01 games=846 over=0 card=0 drop=0 L=0.00608 L/var=0.03 tgt=+0.195/0.476 cfg/b=23569 prep=1.10s gpu=0.00s conv=0.02s add=1.10s train=7.76s
[t= 935.6s] rebel stream solves=4835328 raw=7612/s balanced=7612/s debt=0 rows steps=18888 horizon=0.01 games=863 over=0 card=0 drop=0 L=0.00630 L/var=0.03 tgt=+0.189/0.489 cfg/b=23278 prep=1.11s gpu=0.00s conv=0.02s add=1.13s train=7.66s
[t= 945.7s] rebel stream solves=4908032 raw=7606/s balanced=7606/s debt=0 rows steps=19172 horizon=0.01 games=840 over=0 card=0 drop=0 L=0.00617 L/var=0.03 tgt=+0.190/0.483 cfg/b=23264 prep=1.11s gpu=0.00s conv=0.03s add=1.15s train=7.45s
[t= 955.8s] rebel stream solves=4981760 raw=7601/s balanced=7601/s debt=0 rows steps=19460 horizon=0.01 games=804 over=1 card=0 drop=0 L=0.00619 L/var=0.03 tgt=+0.197/0.495 cfg/b=23577 prep=1.10s gpu=0.00s conv=0.02s add=1.10s train=7.61s
[t= 965.8s] rebel stream solves=5055488 raw=7597/s balanced=7597/s debt=0 rows steps=19748 horizon=0.01 games=746 over=1 card=0 drop=0 L=0.00607 L/var=0.02 tgt=+0.209/0.499 cfg/b=23282 prep=1.03s gpu=0.00s conv=0.02s add=1.05s train=7.50s
[t= 975.9s] rebel stream solves=5128192 raw=7591/s balanced=7591/s debt=0 rows steps=20032 horizon=0.01 games=809 over=1 card=0 drop=0 L=0.00618 L/var=0.02 tgt=+0.214/0.509 cfg/b=22944 prep=1.04s gpu=0.00s conv=0.02s add=1.05s train=7.50s
[t= 986.0s] rebel stream solves=5200896 raw=7586/s balanced=7586/s debt=0 rows steps=20316 horizon=0.01 games=751 over=1 card=0 drop=0 L=0.00595 L/var=0.02 tgt=+0.226/0.513 cfg/b=23240 prep=1.06s gpu=0.00s conv=0.02s add=1.13s train=7.56s
[t= 996.1s] rebel stream solves=5273600 raw=7580/s balanced=7580/s debt=0 rows steps=20600 horizon=0.02 games=811 over=1 card=0 drop=0 L=0.00592 L/var=0.02 tgt=+0.221/0.509 cfg/b=23159 prep=1.04s gpu=0.00s conv=0.02s add=1.07s train=7.46s
[t=1006.2s] rebel stream solves=5349376 raw=7578/s balanced=7578/s debt=0 rows steps=20896 horizon=0.02 games=723 over=1 card=0 drop=0 L=0.00596 L/var=0.02 tgt=+0.229/0.514 cfg/b=22835 prep=1.18s gpu=0.00s conv=0.02s add=1.06s train=7.87s
[t=1016.3s] rebel stream solves=5424128 raw=7576/s balanced=7576/s debt=0 rows steps=21188 horizon=0.02 games=821 over=1 card=0 drop=0 L=0.00610 L/var=0.02 tgt=+0.233/0.517 cfg/b=22768 prep=1.08s gpu=0.00s conv=0.03s add=1.11s train=7.68s
[t=1020.5s] --- snapshot snap_02.pt (s2) ---
[t=1026.3s] rebel stream solves=5496832 raw=7572/s balanced=7572/s debt=0 rows steps=21472 horizon=0.02 games=813 over=1 card=0 drop=0 L=0.00601 L/var=0.02 tgt=+0.232/0.520 cfg/b=22604 prep=1.05s gpu=0.00s conv=0.02s add=1.10s train=7.52s
[t=1036.4s] rebel stream solves=5567488 raw=7564/s balanced=7564/s debt=0 rows steps=21748 horizon=0.03 games=764 over=1 card=0 drop=0 L=0.00598 L/var=0.02 tgt=+0.227/0.509 cfg/b=22606 prep=1.14s gpu=0.00s conv=0.02s add=1.04s train=7.45s
[t=1046.5s] rebel stream solves=5637120 raw=7555/s balanced=7555/s debt=0 rows steps=22020 horizon=0.03 games=684 over=1 card=0 drop=0 L=0.00592 L/var=0.02 tgt=+0.227/0.513 cfg/b=22528 prep=1.06s gpu=0.00s conv=0.02s add=1.03s train=7.23s
[t=1056.7s] rebel stream solves=5709824 raw=7549/s balanced=7549/s debt=0 rows steps=22304 horizon=0.02 games=809 over=1 card=0 drop=0 L=0.00624 L/var=0.02 tgt=+0.230/0.511 cfg/b=22240 prep=1.05s gpu=0.00s conv=0.02s add=1.05s train=7.53s
[t=1066.8s] rebel stream solves=5782528 raw=7544/s balanced=7544/s debt=0 rows steps=22588 horizon=0.03 games=726 over=1 card=0 drop=0 L=0.00603 L/var=0.02 tgt=+0.234/0.509 cfg/b=22428 prep=1.09s gpu=0.00s conv=0.02s add=1.13s train=7.52s
[t=1076.9s] rebel stream solves=5858304 raw=7544/s balanced=7544/s debt=0 rows steps=22884 horizon=0.01 games=777 over=1 card=0 drop=0 L=0.00604 L/var=0.02 tgt=+0.226/0.521 cfg/b=22276 prep=1.04s gpu=0.00s conv=0.03s add=1.05s train=7.53s
[t=1087.0s] rebel stream solves=5932032 raw=7541/s balanced=7541/s debt=0 rows steps=23172 horizon=0.03 games=809 over=1 card=0 drop=0 L=0.00616 L/var=0.02 tgt=+0.231/0.521 cfg/b=22182 prep=1.06s gpu=0.00s conv=0.02s add=1.07s train=7.68s
[t=1097.2s] rebel stream solves=6004736 raw=7536/s balanced=7536/s debt=0 rows steps=23456 horizon=0.01 games=752 over=1 card=0 drop=0 L=0.00603 L/var=0.02 tgt=+0.226/0.524 cfg/b=22188 prep=1.04s gpu=0.00s conv=0.02s add=1.06s train=7.53s
[t=1107.3s] rebel stream solves=6075392 raw=7529/s balanced=7529/s debt=0 rows steps=23732 horizon=0.03 games=713 over=1 card=0 drop=0 L=0.00604 L/var=0.02 tgt=+0.227/0.524 cfg/b=22122 prep=1.04s gpu=0.00s conv=0.02s add=1.06s train=7.27s
[t=1117.3s] rebel stream solves=6146048 raw=7523/s balanced=7523/s debt=0 rows steps=24008 horizon=0.02 games=742 over=1 card=0 drop=0 L=0.00607 L/var=0.02 tgt=+0.234/0.527 cfg/b=22157 prep=1.01s gpu=0.00s conv=0.02s add=1.03s train=7.28s
[t=1127.4s] rebel stream solves=6214656 raw=7514/s balanced=7514/s debt=0 rows steps=24276 horizon=0.03 games=695 over=1 card=0 drop=0 L=0.00598 L/var=0.02 tgt=+0.230/0.539 cfg/b=21972 prep=1.00s gpu=0.00s conv=0.02s add=1.00s train=7.15s
[t=1137.4s] rebel stream solves=6288384 raw=7513/s balanced=7513/s debt=0 rows steps=24564 horizon=0.01 games=776 over=1 card=0 drop=0 L=0.00592 L/var=0.02 tgt=+0.230/0.530 cfg/b=21780 prep=1.08s gpu=0.00s conv=0.02s add=1.04s train=7.62s
[t=1147.6s] rebel stream solves=6361088 raw=7508/s balanced=7508/s debt=0 rows steps=24848 horizon=0.04 games=732 over=1 card=0 drop=0 L=0.00612 L/var=0.02 tgt=+0.232/0.536 cfg/b=21576 prep=1.17s gpu=0.00s conv=0.02s add=1.04s train=7.54s
[t=1157.6s] rebel stream solves=6430720 raw=7502/s balanced=7502/s debt=0 rows steps=25120 horizon=0.03 games=728 over=1 card=0 drop=0 L=0.00607 L/var=0.02 tgt=+0.247/0.525 cfg/b=21710 prep=1.04s gpu=0.00s conv=0.03s add=1.00s train=7.18s
[t=1167.7s] rebel stream solves=6497280 raw=7491/s balanced=7491/s debt=0 rows steps=25380 horizon=0.04 games=693 over=1 card=0 drop=0 L=0.00604 L/var=0.02 tgt=+0.252/0.525 cfg/b=21660 prep=1.11s gpu=0.00s conv=0.02s add=1.01s train=7.13s
[t=1177.8s] rebel stream solves=6567936 raw=7486/s balanced=7486/s debt=0 rows steps=25656 horizon=0.04 games=669 over=1 card=0 drop=0 L=0.00588 L/var=0.02 tgt=+0.256/0.526 cfg/b=21653 prep=1.03s gpu=0.00s conv=0.02s add=1.03s train=7.17s
[t=1187.9s] rebel stream solves=6641664 raw=7483/s balanced=7483/s debt=0 rows steps=25944 horizon=0.04 games=772 over=1 card=0 drop=0 L=0.00609 L/var=0.02 tgt=+0.250/0.534 cfg/b=21682 prep=1.21s gpu=0.00s conv=0.02s add=1.08s train=7.65s
[t=1198.0s] rebel stream solves=6714368 raw=7480/s balanced=7480/s debt=0 rows steps=26228 horizon=0.04 games=758 over=1 card=0 drop=0 L=0.00606 L/var=0.02 tgt=+0.247/0.524 cfg/b=21488 prep=1.10s gpu=0.00s conv=0.02s add=1.00s train=7.52s
[t=1208.1s] rebel stream solves=6787072 raw=7477/s balanced=7477/s debt=0 rows steps=26512 horizon=0.03 games=739 over=1 card=0 drop=0 L=0.00590 L/var=0.02 tgt=+0.260/0.530 cfg/b=21484 prep=1.10s gpu=0.00s conv=0.02s add=1.02s train=7.52s
[t=1218.2s] rebel stream solves=6861824 raw=7476/s balanced=7476/s debt=0 rows steps=26804 horizon=0.05 games=712 over=1 card=0 drop=0 L=0.00608 L/var=0.02 tgt=+0.266/0.530 cfg/b=21579 prep=1.10s gpu=0.00s conv=0.02s add=1.06s train=7.64s
[t=1228.2s] rebel stream solves=6932480 raw=7471/s balanced=7471/s debt=0 rows steps=27080 horizon=0.04 games=706 over=1 card=0 drop=0 L=0.00598 L/var=0.02 tgt=+0.267/0.536 cfg/b=21346 prep=1.11s gpu=0.00s conv=0.02s add=1.02s train=7.32s
[t=1238.3s] rebel stream solves=7008256 raw=7472/s balanced=7472/s debt=0 rows steps=27376 horizon=0.05 games=740 over=1 card=0 drop=0 L=0.00601 L/var=0.02 tgt=+0.262/0.536 cfg/b=21335 prep=1.14s gpu=0.00s conv=0.02s add=1.03s train=7.75s
[t=1248.4s] rebel stream solves=7085056 raw=7474/s balanced=7474/s debt=0 rows steps=27676 horizon=0.03 games=797 over=1 card=0 drop=0 L=0.00580 L/var=0.02 tgt=+0.251/0.536 cfg/b=21358 prep=1.13s gpu=0.00s conv=0.02s add=1.03s train=7.80s
[t=1258.6s] rebel stream solves=7159808 raw=7472/s balanced=7472/s debt=0 rows steps=27968 horizon=0.05 games=741 over=1 card=0 drop=0 L=0.00590 L/var=0.02 tgt=+0.263/0.539 cfg/b=21425 prep=1.12s gpu=0.00s conv=0.02s add=1.07s train=7.66s
[t=1268.6s] rebel stream solves=7232512 raw=7470/s balanced=7470/s debt=0 rows steps=28252 horizon=0.04 games=729 over=1 card=0 drop=0 L=0.00582 L/var=0.02 tgt=+0.271/0.534 cfg/b=21424 prep=1.05s gpu=0.00s conv=0.02s add=1.06s train=7.47s
[t=1278.7s] rebel stream solves=7306240 raw=7468/s balanced=7468/s debt=0 rows steps=28540 horizon=0.05 games=694 over=1 card=0 drop=0 L=0.00608 L/var=0.02 tgt=+0.263/0.539 cfg/b=21418 prep=1.05s gpu=0.00s conv=0.02s add=1.02s train=7.48s
[t=1288.8s] rebel stream solves=7379968 raw=7467/s balanced=7467/s debt=0 rows steps=28828 horizon=0.03 games=743 over=1 card=0 drop=0 L=0.00582 L/var=0.02 tgt=+0.269/0.540 cfg/b=21327 prep=1.10s gpu=0.00s conv=0.02s add=1.00s train=7.61s
[t=1298.9s] rebel stream solves=7452672 raw=7464/s balanced=7464/s debt=0 rows steps=29112 horizon=0.03 games=736 over=1 card=0 drop=0 L=0.00583 L/var=0.02 tgt=+0.258/0.540 cfg/b=21142 prep=1.13s gpu=0.00s conv=0.02s add=1.03s train=7.45s
[t=1305.5s] --- lr -> 2.50e-04 ---
[t=1308.9s] rebel stream solves=7527424 raw=7464/s balanced=7464/s debt=0 rows steps=29404 horizon=0.02 games=760 over=1 card=0 drop=0 L=0.00575 L/var=0.02 tgt=+0.267/0.538 cfg/b=21192 prep=1.06s gpu=0.00s conv=0.02s add=1.08s train=7.50s
[t=1319.0s] rebel stream solves=7602176 raw=7463/s balanced=7463/s debt=0 rows steps=29696 horizon=0.04 games=733 over=1 card=0 drop=0 L=0.00554 L/var=0.02 tgt=+0.268/0.545 cfg/b=21434 prep=1.15s gpu=0.00s conv=0.02s add=1.04s train=7.60s
[t=1329.1s] rebel stream solves=7677952 raw=7463/s balanced=7463/s debt=0 rows steps=29992 horizon=0.04 games=770 over=1 card=0 drop=0 L=0.00563 L/var=0.02 tgt=+0.276/0.543 cfg/b=21420 prep=1.10s gpu=0.00s conv=0.02s add=1.03s train=7.79s
[t=1339.2s] rebel stream solves=7745536 raw=7456/s balanced=7456/s debt=0 rows steps=30256 horizon=0.03 games=665 over=1 card=0 drop=0 L=0.00575 L/var=0.02 tgt=+0.279/0.537 cfg/b=21152 prep=1.05s gpu=0.00s conv=0.02s add=0.99s train=7.07s
[t=1349.2s] rebel stream solves=7816192 raw=7452/s balanced=7452/s debt=0 rows steps=30532 horizon=0.04 games=680 over=1 card=0 drop=0 L=0.00579 L/var=0.02 tgt=+0.280/0.541 cfg/b=21401 prep=1.15s gpu=0.00s conv=0.02s add=1.02s train=7.42s
[t=1359.5s] rebel stream solves=7884800 raw=7445/s balanced=7445/s debt=0 rows steps=30800 horizon=0.04 games=705 over=1 card=0 drop=0 L=0.00576 L/var=0.02 tgt=+0.262/0.554 cfg/b=21235 prep=1.03s gpu=0.00s conv=0.02s add=0.99s train=7.23s
[t=1369.6s] rebel stream solves=7952384 raw=7438/s balanced=7438/s debt=0 rows steps=31064 horizon=0.03 games=656 over=1 card=0 drop=0 L=0.00576 L/var=0.02 tgt=+0.264/0.548 cfg/b=21534 prep=1.02s gpu=0.00s conv=0.02s add=1.04s train=7.06s
[t=1379.7s] rebel stream solves=8023040 raw=7434/s balanced=7434/s debt=0 rows steps=31340 horizon=0.03 games=676 over=1 card=0 drop=0 L=0.00580 L/var=0.02 tgt=+0.272/0.551 cfg/b=21694 prep=1.03s gpu=0.00s conv=0.02s add=1.07s train=7.26s
[t=1380.5s] --- snapshot snap_03.pt (s3) ---
[t=1389.8s] rebel stream solves=8089600 raw=7425/s balanced=7425/s debt=0 rows steps=31600 horizon=0.03 games=627 over=1 card=0 drop=0 L=0.00596 L/var=0.02 tgt=+0.272/0.551 cfg/b=21558 prep=1.06s gpu=0.00s conv=0.02s add=1.02s train=6.98s
[t=1399.9s] rebel stream solves=8156160 raw=7418/s balanced=7418/s debt=0 rows steps=31860 horizon=0.05 games=630 over=1 card=0 drop=0 L=0.00587 L/var=0.02 tgt=+0.259/0.560 cfg/b=21303 prep=0.98s gpu=0.00s conv=0.02s add=0.96s train=6.91s
[t=1410.0s] rebel stream solves=8222720 raw=7410/s balanced=7410/s debt=0 rows steps=32120 horizon=0.04 games=709 over=2 card=0 drop=0 L=0.00601 L/var=0.02 tgt=+0.266/0.544 cfg/b=21272 prep=1.04s gpu=0.00s conv=0.02s add=1.00s train=7.02s
[t=1420.0s] rebel stream solves=8293376 raw=7407/s balanced=7407/s debt=0 rows steps=32396 horizon=0.04 games=669 over=2 card=0 drop=0 L=0.00585 L/var=0.02 tgt=+0.268/0.544 cfg/b=21570 prep=1.11s gpu=0.00s conv=0.02s add=1.02s train=7.40s
[t=1430.0s] rebel stream solves=8360960 raw=7401/s balanced=7401/s debt=0 rows steps=32660 horizon=0.03 games=659 over=2 card=0 drop=0 L=0.00596 L/var=0.02 tgt=+0.276/0.540 cfg/b=21294 prep=1.05s gpu=0.00s conv=0.02s add=1.05s train=7.02s
[t=1440.1s] rebel stream solves=8429568 raw=7396/s balanced=7396/s debt=0 rows steps=32928 horizon=0.06 games=648 over=2 card=0 drop=0 L=0.00588 L/var=0.02 tgt=+0.281/0.541 cfg/b=21625 prep=1.13s gpu=0.00s conv=0.02s add=1.00s train=7.22s
[t=1450.2s] rebel stream solves=8499200 raw=7392/s balanced=7392/s debt=0 rows steps=33200 horizon=0.04 games=682 over=2 card=0 drop=0 L=0.00594 L/var=0.02 tgt=+0.280/0.549 cfg/b=21552 prep=1.10s gpu=0.00s conv=0.02s add=1.01s train=7.30s
[t=1460.2s] rebel stream solves=8565760 raw=7385/s balanced=7385/s debt=0 rows steps=33460 horizon=0.03 games=641 over=2 card=0 drop=0 L=0.00589 L/var=0.02 tgt=+0.274/0.552 cfg/b=21358 prep=1.03s gpu=0.00s conv=0.02s add=0.99s train=6.97s
[t=1470.2s] rebel stream solves=8627200 raw=7375/s balanced=7375/s debt=0 rows steps=33700 horizon=0.03 games=557 over=2 card=0 drop=0 L=0.00592 L/var=0.02 tgt=+0.273/0.550 cfg/b=21381 prep=0.93s gpu=0.00s conv=0.02s add=0.98s train=6.41s
[t=1480.2s] rebel stream solves=8697856 raw=7372/s balanced=7372/s debt=0 rows steps=33976 horizon=0.04 games=677 over=2 card=0 drop=0 L=0.00578 L/var=0.02 tgt=+0.283/0.550 cfg/b=21510 prep=1.18s gpu=0.00s conv=0.02s add=1.03s train=7.48s
[t=1490.3s] rebel stream solves=8769536 raw=7370/s balanced=7370/s debt=0 rows steps=34256 horizon=0.03 games=719 over=2 card=0 drop=0 L=0.00581 L/var=0.02 tgt=+0.272/0.541 cfg/b=21369 prep=1.04s gpu=0.00s conv=0.02s add=1.03s train=7.30s
[t=1500.4s] rebel stream solves=8838144 raw=7365/s balanced=7365/s debt=0 rows steps=34524 horizon=0.04 games=631 over=2 card=0 drop=0 L=0.00575 L/var=0.02 tgt=+0.271/0.544 cfg/b=21301 prep=1.09s gpu=0.00s conv=0.02s add=1.02s train=7.22s
[t=1510.5s] rebel stream solves=8908800 raw=7362/s balanced=7362/s debt=0 rows steps=34800 horizon=0.04 games=619 over=2 card=0 drop=0 L=0.00576 L/var=0.02 tgt=+0.274/0.552 cfg/b=21274 prep=1.05s gpu=0.00s conv=0.02s add=1.03s train=7.21s
[t=1520.5s] rebel stream solves=8984576 raw=7364/s balanced=7364/s debt=0 rows steps=35096 horizon=0.03 games=716 over=2 card=0 drop=0 L=0.00581 L/var=0.02 tgt=+0.269/0.561 cfg/b=20856 prep=1.09s gpu=0.00s conv=0.02s add=1.06s train=7.68s
[t=1530.6s] rebel stream solves=9056256 raw=7362/s balanced=7362/s debt=0 rows steps=35376 horizon=0.04 games=701 over=2 card=0 drop=0 L=0.00583 L/var=0.02 tgt=+0.279/0.562 cfg/b=21064 prep=1.16s gpu=0.00s conv=0.02s add=0.99s train=7.55s
[t=1540.7s] rebel stream solves=9126912 raw=7359/s balanced=7359/s debt=0 rows steps=35652 horizon=0.03 games=675 over=2 card=0 drop=0 L=0.00578 L/var=0.02 tgt=+0.277/0.552 cfg/b=21065 prep=1.08s gpu=0.00s conv=0.02s add=1.00s train=7.40s
[t=1550.8s] rebel stream solves=9193472 raw=7352/s balanced=7352/s debt=0 rows steps=35912 horizon=0.04 games=623 over=2 card=0 drop=0 L=0.00573 L/var=0.02 tgt=+0.269/0.551 cfg/b=20901 prep=1.03s gpu=0.00s conv=0.02s add=0.98s train=6.94s
[t=1560.9s] rebel stream solves=9265152 raw=7350/s balanced=7350/s debt=0 rows steps=36192 horizon=0.04 games=617 over=2 card=0 drop=0 L=0.00575 L/var=0.02 tgt=+0.279/0.549 cfg/b=20900 prep=1.18s gpu=0.00s conv=0.02s add=1.03s train=7.57s
[t=1571.0s] rebel stream solves=9333760 raw=7346/s balanced=7346/s debt=0 rows steps=36460 horizon=0.05 games=635 over=2 card=0 drop=0 L=0.00557 L/var=0.02 tgt=+0.270/0.552 cfg/b=20762 prep=1.06s gpu=0.00s conv=0.02s add=0.97s train=7.12s
[t=1581.2s] rebel stream solves=9404416 raw=7343/s balanced=7343/s debt=0 rows steps=36736 horizon=0.05 games=671 over=2 card=0 drop=0 L=0.00577 L/var=0.02 tgt=+0.268/0.546 cfg/b=20559 prep=1.06s gpu=0.00s conv=0.02s add=0.99s train=7.28s
[t=1591.2s] rebel stream solves=9476096 raw=7341/s balanced=7341/s debt=0 rows steps=37016 horizon=0.06 games=684 over=3 card=0 drop=0 L=0.00587 L/var=0.02 tgt=+0.253/0.548 cfg/b=20481 prep=1.02s gpu=0.00s conv=0.02s add=1.00s train=7.19s
[t=1601.2s] rebel stream solves=9547776 raw=7340/s balanced=7340/s debt=0 rows steps=37296 horizon=0.04 games=669 over=3 card=0 drop=0 L=0.00575 L/var=0.02 tgt=+0.256/0.550 cfg/b=20288 prep=1.03s gpu=0.00s conv=0.02s add=1.00s train=7.39s
[t=1611.3s] rebel stream solves=9615360 raw=7335/s balanced=7335/s debt=0 rows steps=37560 horizon=0.03 games=626 over=3 card=0 drop=0 L=0.00557 L/var=0.02 tgt=+0.261/0.547 cfg/b=20296 prep=1.00s gpu=0.00s conv=0.02s add=0.95s train=6.93s
[t=1621.3s] rebel stream solves=9679872 raw=7328/s balanced=7328/s debt=0 rows steps=37812 horizon=0.06 games=615 over=3 card=0 drop=0 L=0.00561 L/var=0.02 tgt=+0.261/0.543 cfg/b=20357 prep=0.99s gpu=0.00s conv=0.02s add=0.96s train=6.71s
[t=1631.4s] rebel stream solves=9748480 raw=7324/s balanced=7324/s debt=0 rows steps=38080 horizon=0.04 games=667 over=3 card=0 drop=0 L=0.00576 L/var=0.02 tgt=+0.264/0.544 cfg/b=20271 prep=1.07s gpu=0.00s conv=0.02s add=1.02s train=7.20s
[t=1641.6s] rebel stream solves=9817088 raw=7320/s balanced=7320/s debt=0 rows steps=38348 horizon=0.06 games=606 over=3 card=0 drop=0 L=0.00570 L/var=0.02 tgt=+0.259/0.550 cfg/b=20543 prep=1.05s gpu=0.00s conv=0.02s add=1.01s train=7.14s
[t=1651.6s] rebel stream solves=9886720 raw=7317/s balanced=7317/s debt=0 rows steps=38620 horizon=0.04 games=668 over=3 card=0 drop=0 L=0.00584 L/var=0.02 tgt=+0.259/0.550 cfg/b=20608 prep=1.12s gpu=0.00s conv=0.02s add=0.99s train=7.28s
[t=1661.7s] rebel stream solves=9958400 raw=7315/s balanced=7315/s debt=0 rows steps=38900 horizon=0.05 games=661 over=3 card=0 drop=0 L=0.00575 L/var=0.02 tgt=+0.261/0.548 cfg/b=20598 prep=1.08s gpu=0.00s conv=0.02s add=0.98s train=7.40s
[t=1671.7s] rebel stream solves=10030080 raw=7314/s balanced=7314/s debt=0 rows steps=39180 horizon=0.03 games=635 over=3 card=0 drop=0 L=0.00587 L/var=0.02 tgt=+0.258/0.547 cfg/b=20358 prep=1.15s gpu=0.00s conv=0.02s add=1.00s train=7.48s
[t=1681.8s] rebel stream solves=10102784 raw=7314/s balanced=7314/s debt=0 rows steps=39464 horizon=0.04 games=714 over=3 card=0 drop=0 L=0.00567 L/var=0.02 tgt=+0.260/0.546 cfg/b=20312 prep=1.09s gpu=0.00s conv=0.02s add=1.05s train=7.43s
[t=1691.9s] rebel stream solves=10177536 raw=7314/s balanced=7314/s debt=0 rows steps=39756 horizon=0.04 games=698 over=3 card=0 drop=0 L=0.00568 L/var=0.02 tgt=+0.249/0.547 cfg/b=20248 prep=1.11s gpu=0.00s conv=0.02s add=1.01s train=7.62s
[t=1701.9s] rebel stream solves=10250240 raw=7314/s balanced=7314/s debt=0 rows steps=40040 horizon=0.04 games=701 over=3 card=0 drop=0 L=0.00570 L/var=0.02 tgt=+0.251/0.549 cfg/b=20146 prep=1.11s gpu=0.00s conv=0.02s add=0.99s train=7.46s
[t=1711.9s] rebel stream solves=10323968 raw=7314/s balanced=7314/s debt=0 rows steps=40328 horizon=0.04 games=690 over=3 card=0 drop=0 L=0.00572 L/var=0.02 tgt=+0.245/0.547 cfg/b=20141 prep=1.02s gpu=0.00s conv=0.02s add=1.00s train=7.48s
[t=1722.0s] rebel stream solves=10398720 raw=7315/s balanced=7315/s debt=0 rows steps=40620 horizon=0.04 games=729 over=3 card=0 drop=0 L=0.00576 L/var=0.02 tgt=+0.246/0.548 cfg/b=20260 prep=1.10s gpu=0.00s conv=0.02s add=1.05s train=7.56s
[t=1732.1s] rebel stream solves=10473472 raw=7315/s balanced=7315/s debt=0 rows steps=40912 horizon=0.05 games=701 over=3 card=0 drop=0 L=0.00562 L/var=0.02 tgt=+0.243/0.551 cfg/b=20202 prep=1.19s gpu=0.00s conv=0.02s add=0.97s train=7.83s
[t=1740.6s] --- snapshot snap_04.pt (s4) ---
[t=1742.3s] rebel stream solves=10548224 raw=7316/s balanced=7316/s debt=0 rows steps=41204 horizon=0.05 games=707 over=3 card=0 drop=0 L=0.00560 L/var=0.02 tgt=+0.252/0.547 cfg/b=20406 prep=1.13s gpu=0.00s conv=0.02s add=1.02s train=7.68s
[t=1752.3s] rebel stream solves=10624000 raw=7317/s balanced=7317/s debt=0 rows steps=41500 horizon=0.05 games=713 over=3 card=0 drop=0 L=0.00554 L/var=0.02 tgt=+0.245/0.553 cfg/b=20438 prep=1.11s gpu=0.00s conv=0.02s add=1.05s train=7.73s
[t=1762.3s] rebel stream solves=10696704 raw=7317/s balanced=7317/s debt=0 rows steps=41784 horizon=0.03 games=651 over=3 card=0 drop=0 L=0.00550 L/var=0.02 tgt=+0.249/0.551 cfg/b=20310 prep=1.05s gpu=0.00s conv=0.02s add=1.01s train=7.46s
[t=1772.4s] rebel stream solves=10772480 raw=7318/s balanced=7318/s debt=0 rows steps=42080 horizon=0.05 games=710 over=3 card=0 drop=0 L=0.00560 L/var=0.02 tgt=+0.254/0.549 cfg/b=20137 prep=1.14s gpu=0.00s conv=0.02s add=0.99s train=7.76s
[t=1780.1s] --- stopping GPU admission; draining ---
[t=1780.7s] rebel stream solves=10835186 raw=7319/s balanced=7319/s debt=968 rows steps=42324 horizon=0.03 games=618 over=3 card=0 drop=0 L=0.00572 L/var=0.02 tgt=+0.266/0.549 cfg/b=20127 prep=0.91s gpu=0.00s conv=0.02s add=0.84s train=6.30s
[gpu-summary] solves=10835186 optimizer_rows=43339776 debt=968 raw=7225.3/s balanced=7225.1/s horizon=0.02 games=113694 over=3 card=0 exact=0 censored=4608 dropped=0 overrun=0.00s
[report] runs/value_v4_depth1_precise30/report.html
