[train] runs/gt_v11_target at 1feb485+dirty seed=1 {'minutes': 1.0, 'warm_minutes': 0.2, 'snapshot_every': 1.0, 'ladder_games': 0, 'nodes': 64, 'expand': 1, 'iters': 8, 'config_cap': 256, 'gen_workers': 72, 'gen_solves': 1, 'gpu_inference': False, 'note': 'v11-native-cpu-target'}
[train] v11-native-cpu-target
[cpu] pinned to 36 physical cores
[train] CUDA stream priority -1
[train] search inference on CPU
[cfg] PUBFEAT=897 CFEAT=15 architecture=gt-cfr nodes=64 expand=1 iters=8 budget=60s warm=12s snapshot_every=1min device=cuda:1 draft=random train_gen_ratio=64.0 recent_mix=0.5/0.2 canonical_views=2 cap=2000000 matmul=high
[t=   1.3s] greedy ep  0 games=  96 dec= 18968 rows= 18118 horizon=0.30 L=0.34058 L/var=2.31 tgt=-0.065/0.384 pstd=0.038 gen=0.1s train=1.1s
[t=   2.1s] greedy ep  1 games=  96 dec= 18844 rows= 18051 horizon=0.33 L=0.20454 L/var=1.18 tgt=-0.083/0.417 pstd=0.086 gen=0.1s train=0.7s
[t=   3.0s] greedy ep  2 games=  96 dec= 18181 rows= 17414 horizon=0.27 L=0.21842 L/var=1.38 tgt=-0.076/0.397 pstd=0.160 gen=0.1s train=0.7s
[t=   3.9s] greedy ep  3 games=  96 dec= 17989 rows= 17120 horizon=0.26 L=0.18412 L/var=1.21 tgt=-0.077/0.389 pstd=0.289 gen=0.1s train=0.7s
[t=   4.9s] greedy ep  4 games=  96 dec= 18823 rows= 18078 horizon=0.29 L=0.14462 L/var=0.94 tgt=-0.064/0.392 pstd=0.360 gen=0.1s train=0.7s
[t=   5.8s] greedy ep  5 games=  96 dec= 18924 rows= 18146 horizon=0.33 L=0.12389 L/var=0.84 tgt=-0.051/0.384 pstd=0.329 gen=0.1s train=0.7s
[t=   6.7s] greedy ep  6 games=  96 dec= 17615 rows= 16921 horizon=0.26 L=0.07828 L/var=0.49 tgt=-0.082/0.402 pstd=0.323 gen=0.1s train=0.7s
[t=   7.7s] greedy ep  7 games=  96 dec= 18608 rows= 17786 horizon=0.36 L=0.04497 L/var=0.26 tgt=-0.092/0.417 pstd=0.347 gen=0.1s train=0.7s
[t=   8.6s] greedy ep  8 games=  96 dec= 19040 rows= 18296 horizon=0.36 L=0.03345 L/var=0.21 tgt=-0.064/0.398 pstd=0.376 gen=0.1s train=0.7s
[t=   9.5s] greedy ep  9 games=  96 dec= 18200 rows= 17459 horizon=0.27 L=0.02918 L/var=0.17 tgt=-0.090/0.411 pstd=0.377 gen=0.1s train=0.7s
[t=  10.4s] greedy ep 10 games=  96 dec= 17927 rows= 17200 horizon=0.24 L=0.02650 L/var=0.16 tgt=-0.082/0.404 pstd=0.378 gen=0.1s train=0.7s
[t=  11.4s] greedy ep 11 games=  96 dec= 17941 rows= 17162 horizon=0.28 L=0.02345 L/var=0.15 tgt=-0.100/0.400 pstd=0.378 gen=0.1s train=0.7s
[t=  12.2s] greedy ep 12 games=  96 dec= 17384 rows= 16648 horizon=0.25 L=0.02151 L/var=0.16 tgt=-0.053/0.370 pstd=0.385 gen=0.1s train=0.7s
[t=  12.2s] --- snapshot snap_00.pt (init) ---
[t=  12.2s] --- switching to GT-CFR ---
[t=  22.3s] GT-CFR solves=3313 rate=330.4/s rows=2 games=0 caps=16 L=0.02251 L/var=3.87 tgt=-0.120/0.076 gen=0.03s train=0.04s gpu=0.00s
[t=  28.1s] --- lr -> 5.00e-04 ---
[t=  32.3s] GT-CFR solves=6768 rate=337.5/s rows=7 games=0 caps=20 L=0.03525 L/var=0.43 tgt=+0.201/0.286 gen=0.03s train=0.04s gpu=0.00s
[t=  42.3s] GT-CFR solves=10352 rate=344.3/s rows=4 games=0 caps=21 L=0.04105 L/var=30.02 tgt=-0.009/0.037 gen=0.03s train=0.04s gpu=0.00s
[t=  44.4s] --- lr -> 2.50e-04 ---
[t=  52.3s] GT-CFR solves=13920 rate=347.4/s rows=5 games=0 caps=25 L=0.03969 L/var=4.02 tgt=-0.110/0.099 gen=0.03s train=0.04s gpu=0.00s
[GT-CFR-summary] solves=16752 optimizer_rows=1072128 rate=327.4/s horizon=0.03 games=39 caps=25
[t=  63.4s] --- snapshot snap_01.pt (final) ---
