[train] runs/gt_125m at 1feb485+dirty seed=95 {'minutes': 125.0, 'warm_minutes': 5.0, 'snapshot_every': 25.0, 'ladder_games': 0, 'nodes': 256, 'expand': 4, 'iters': 16, 'config_cap': 256, 'batch': 2048, 'replay_ratio': 0.5, 'target_every': 5.0, 'recent_mix': 0.5, 'recent_frac': 0.2, 'cap': 10000000, 'cfgs_per_row': 16, 'seed': 95, 'note': 'production-gt-cfr-row-invariant-replay'}
[train] production-gt-cfr-row-invariant-replay
[train] CUDA stream priority -1
[train] search inference on CPU
[cfg] PUBFEAT=897 CFEAT=15 architecture=gt-cfr nodes=256 expand=4 iters=16 budget=7500s warm=300s snapshot_every=25min device=cuda:1 draft=random replay_ratio=0.5 recent_mix=0.5/0.2 canonical_views=2 cap=10000000 matmul=high
[t=   1.1s] greedy ep  0 games=  96 dec= 18853 rows= 18069 horizon=0.29 L=0.45699 L/var=2.95 tgt=-0.043/0.394 pstd=0.025 gen=0.1s train=0.9s
[t=   1.6s] greedy ep  1 games=  96 dec= 19648 rows= 18830 horizon=0.34 L=0.25829 L/var=1.57 tgt=-0.090/0.406 pstd=0.030 gen=0.1s train=0.3s
[t=   2.1s] greedy ep  2 games=  96 dec= 19176 rows= 18356 horizon=0.35 L=0.22687 L/var=1.32 tgt=-0.088/0.415 pstd=0.032 gen=0.1s train=0.3s
[t=   2.7s] greedy ep  3 games=  96 dec= 18652 rows= 17858 horizon=0.29 L=0.22599 L/var=1.19 tgt=-0.096/0.436 pstd=0.054 gen=0.1s train=0.3s
[t=   3.2s] greedy ep  4 games=  96 dec= 19078 rows= 18228 horizon=0.35 L=0.21815 L/var=1.27 tgt=-0.093/0.414 pstd=0.079 gen=0.1s train=0.4s
[t=   3.7s] greedy ep  5 games=  96 dec= 18818 rows= 18043 horizon=0.35 L=0.22323 L/var=1.23 tgt=-0.089/0.427 pstd=0.093 gen=0.1s train=0.3s
[t=   4.3s] greedy ep  6 games=  96 dec= 18874 rows= 18050 horizon=0.28 L=0.20862 L/var=1.36 tgt=-0.083/0.391 pstd=0.108 gen=0.1s train=0.3s
[t=   4.8s] greedy ep  7 games=  96 dec= 18496 rows= 17707 horizon=0.27 L=0.20425 L/var=1.48 tgt=-0.094/0.372 pstd=0.094 gen=0.1s train=0.3s
[t=   5.3s] greedy ep  8 games=  96 dec= 18882 rows= 18018 horizon=0.28 L=0.19389 L/var=1.43 tgt=-0.063/0.368 pstd=0.130 gen=0.1s train=0.3s
[t=   5.9s] greedy ep  9 games=  96 dec= 18567 rows= 17820 horizon=0.30 L=0.19289 L/var=1.22 tgt=-0.059/0.398 pstd=0.205 gen=0.1s train=0.4s
[t=   6.5s] greedy ep 10 games=  96 dec= 18793 rows= 18035 horizon=0.29 L=0.15679 L/var=1.02 tgt=-0.092/0.393 pstd=0.289 gen=0.1s train=0.4s
[t=   7.1s] greedy ep 11 games=  96 dec= 18170 rows= 17446 horizon=0.32 L=0.15790 L/var=0.94 tgt=-0.053/0.410 pstd=0.234 gen=0.1s train=0.3s
[t=   7.5s] greedy ep 12 games=  96 dec= 17686 rows= 16974 horizon=0.27 L=0.11079 L/var=0.71 tgt=-0.071/0.394 pstd=0.255 gen=0.1s train=0.3s
[t=   8.1s] greedy ep 13 games=  96 dec= 19259 rows= 18477 horizon=0.39 L=0.08032 L/var=0.58 tgt=-0.042/0.373 pstd=0.308 gen=0.1s train=0.3s
[t=   8.6s] greedy ep 14 games=  96 dec= 18669 rows= 17882 horizon=0.30 L=0.07964 L/var=0.52 tgt=-0.086/0.392 pstd=0.292 gen=0.1s train=0.4s
[t=   9.2s] greedy ep 15 games=  96 dec= 18379 rows= 17558 horizon=0.27 L=0.06104 L/var=0.38 tgt=-0.082/0.400 pstd=0.320 gen=0.1s train=0.3s
[t=   9.7s] greedy ep 16 games=  96 dec= 17832 rows= 17106 horizon=0.24 L=0.05740 L/var=0.33 tgt=-0.081/0.418 pstd=0.337 gen=0.1s train=0.3s
[t=  10.2s] greedy ep 17 games=  96 dec= 19410 rows= 18581 horizon=0.32 L=0.04116 L/var=0.24 tgt=-0.081/0.416 pstd=0.348 gen=0.1s train=0.4s
[t=  10.7s] greedy ep 18 games=  96 dec= 18273 rows= 17416 horizon=0.23 L=0.03443 L/var=0.22 tgt=-0.070/0.393 pstd=0.349 gen=0.1s train=0.3s
[t=  11.2s] greedy ep 19 games=  96 dec= 17525 rows= 16824 horizon=0.25 L=0.03529 L/var=0.24 tgt=-0.059/0.385 pstd=0.354 gen=0.1s train=0.3s
[t=  11.8s] greedy ep 20 games=  96 dec= 17691 rows= 16922 horizon=0.22 L=0.03113 L/var=0.20 tgt=-0.087/0.399 pstd=0.364 gen=0.1s train=0.3s
[t=  12.3s] greedy ep 21 games=  96 dec= 19033 rows= 18205 horizon=0.35 L=0.02708 L/var=0.19 tgt=-0.058/0.382 pstd=0.357 gen=0.1s train=0.4s
[t=  12.8s] greedy ep 22 games=  96 dec= 18692 rows= 17986 horizon=0.33 L=0.02518 L/var=0.15 tgt=-0.077/0.410 pstd=0.371 gen=0.1s train=0.3s
[t=  13.4s] greedy ep 23 games=  96 dec= 18345 rows= 17557 horizon=0.27 L=0.02278 L/var=0.15 tgt=-0.071/0.392 pstd=0.367 gen=0.1s train=0.4s
[t=  13.9s] greedy ep 24 games=  96 dec= 17545 rows= 16862 horizon=0.24 L=0.02030 L/var=0.13 tgt=-0.075/0.391 pstd=0.374 gen=0.1s train=0.3s
[t=  14.4s] greedy ep 25 games=  96 dec= 18771 rows= 17942 horizon=0.35 L=0.02587 L/var=0.16 tgt=-0.039/0.399 pstd=0.368 gen=0.1s train=0.3s
[t=  15.0s] greedy ep 26 games=  96 dec= 18524 rows= 17729 horizon=0.31 L=0.02166 L/var=0.13 tgt=-0.078/0.401 pstd=0.377 gen=0.1s train=0.4s
[t=  15.6s] greedy ep 27 games=  96 dec= 18467 rows= 17765 horizon=0.29 L=0.02243 L/var=0.13 tgt=-0.075/0.418 pstd=0.373 gen=0.1s train=0.4s
[t=  16.1s] greedy ep 28 games=  96 dec= 18349 rows= 17482 horizon=0.28 L=0.01854 L/var=0.12 tgt=-0.078/0.393 pstd=0.372 gen=0.1s train=0.3s
[t=  16.6s] greedy ep 29 games=  96 dec= 17979 rows= 17287 horizon=0.27 L=0.01705 L/var=0.12 tgt=-0.080/0.383 pstd=0.375 gen=0.1s train=0.3s
[t=  17.1s] greedy ep 30 games=  96 dec= 19069 rows= 18180 horizon=0.31 L=0.01463 L/var=0.09 tgt=-0.067/0.404 pstd=0.383 gen=0.1s train=0.3s
[t=  17.7s] greedy ep 31 games=  96 dec= 18861 rows= 18112 horizon=0.34 L=0.01526 L/var=0.08 tgt=-0.102/0.425 pstd=0.379 gen=0.1s train=0.4s
[t=  18.2s] greedy ep 32 games=  96 dec= 19129 rows= 18332 horizon=0.34 L=0.01549 L/var=0.10 tgt=-0.086/0.394 pstd=0.379 gen=0.1s train=0.3s
[t=  18.8s] greedy ep 33 games=  96 dec= 18913 rows= 17958 horizon=0.27 L=0.01475 L/var=0.09 tgt=-0.095/0.398 pstd=0.375 gen=0.1s train=0.3s
[t=  19.2s] greedy ep 34 games=  96 dec= 17630 rows= 16913 horizon=0.21 L=0.01741 L/var=0.10 tgt=-0.083/0.414 pstd=0.382 gen=0.1s train=0.3s
[t=  19.8s] greedy ep 35 games=  96 dec= 18569 rows= 17779 horizon=0.31 L=0.01365 L/var=0.08 tgt=-0.066/0.408 pstd=0.381 gen=0.1s train=0.3s
[t=  20.3s] greedy ep 36 games=  96 dec= 18706 rows= 17959 horizon=0.30 L=0.01339 L/var=0.08 tgt=-0.095/0.408 pstd=0.386 gen=0.1s train=0.3s
[t=  20.8s] greedy ep 37 games=  96 dec= 19117 rows= 18316 horizon=0.33 L=0.01240 L/var=0.08 tgt=-0.068/0.390 pstd=0.382 gen=0.1s train=0.4s
[t=  21.4s] greedy ep 38 games=  96 dec= 18646 rows= 17879 horizon=0.28 L=0.01121 L/var=0.07 tgt=-0.077/0.406 pstd=0.383 gen=0.1s train=0.3s
[t=  21.9s] greedy ep 39 games=  96 dec= 18107 rows= 17347 horizon=0.28 L=0.01017 L/var=0.06 tgt=-0.068/0.419 pstd=0.378 gen=0.1s train=0.3s
[t=  22.4s] greedy ep 40 games=  96 dec= 18950 rows= 18159 horizon=0.33 L=0.00959 L/var=0.07 tgt=-0.068/0.378 pstd=0.384 gen=0.1s train=0.3s
[t=  22.9s] greedy ep 41 games=  96 dec= 18590 rows= 17770 horizon=0.28 L=0.01050 L/var=0.07 tgt=-0.059/0.387 pstd=0.379 gen=0.1s train=0.3s
[t=  23.5s] greedy ep 42 games=  96 dec= 18858 rows= 17987 horizon=0.28 L=0.01004 L/var=0.06 tgt=-0.082/0.395 pstd=0.386 gen=0.1s train=0.3s
[t=  24.0s] greedy ep 43 games=  96 dec= 17876 rows= 17106 horizon=0.27 L=0.00932 L/var=0.05 tgt=-0.093/0.428 pstd=0.388 gen=0.1s train=0.3s
[t=  24.5s] greedy ep 44 games=  96 dec= 18395 rows= 17544 horizon=0.26 L=0.00847 L/var=0.05 tgt=-0.059/0.411 pstd=0.387 gen=0.1s train=0.3s
[t=  25.0s] greedy ep 45 games=  96 dec= 18304 rows= 17541 horizon=0.27 L=0.00861 L/var=0.05 tgt=-0.086/0.400 pstd=0.390 gen=0.1s train=0.3s
[t=  25.6s] greedy ep 46 games=  96 dec= 18963 rows= 18276 horizon=0.36 L=0.00898 L/var=0.06 tgt=-0.057/0.400 pstd=0.384 gen=0.1s train=0.3s
[t=  26.1s] greedy ep 47 games=  96 dec= 17323 rows= 16593 horizon=0.24 L=0.00867 L/var=0.05 tgt=-0.099/0.413 pstd=0.386 gen=0.1s train=0.3s
[t=  26.6s] greedy ep 48 games=  96 dec= 19310 rows= 18515 horizon=0.32 L=0.00784 L/var=0.05 tgt=-0.070/0.402 pstd=0.379 gen=0.1s train=0.4s
[t=  27.2s] greedy ep 49 games=  96 dec= 18285 rows= 17559 horizon=0.26 L=0.00714 L/var=0.05 tgt=-0.076/0.382 pstd=0.381 gen=0.1s train=0.4s
[t=  27.7s] greedy ep 50 games=  96 dec= 18926 rows= 18168 horizon=0.30 L=0.00697 L/var=0.04 tgt=-0.079/0.416 pstd=0.381 gen=0.1s train=0.3s
[t=  28.3s] greedy ep 51 games=  96 dec= 18443 rows= 17663 horizon=0.29 L=0.00742 L/var=0.05 tgt=-0.068/0.388 pstd=0.385 gen=0.1s train=0.3s
[t=  28.8s] greedy ep 52 games=  96 dec= 18192 rows= 17487 horizon=0.27 L=0.00676 L/var=0.04 tgt=-0.086/0.395 pstd=0.388 gen=0.1s train=0.3s
[t=  29.3s] greedy ep 53 games=  96 dec= 18972 rows= 18164 horizon=0.32 L=0.01021 L/var=0.06 tgt=-0.068/0.407 pstd=0.396 gen=0.1s train=0.4s
[t=  29.9s] greedy ep 54 games=  96 dec= 18781 rows= 18082 horizon=0.35 L=0.01254 L/var=0.08 tgt=-0.067/0.406 pstd=0.367 gen=0.1s train=0.3s
[t=  30.4s] greedy ep 55 games=  96 dec= 18170 rows= 17299 horizon=0.23 L=0.00913 L/var=0.06 tgt=-0.070/0.385 pstd=0.373 gen=0.1s train=0.3s
[t=  30.9s] greedy ep 56 games=  96 dec= 18827 rows= 18033 horizon=0.31 L=0.00668 L/var=0.04 tgt=-0.056/0.392 pstd=0.381 gen=0.1s train=0.3s
[t=  31.5s] greedy ep 57 games=  96 dec= 18588 rows= 17840 horizon=0.33 L=0.00647 L/var=0.04 tgt=-0.078/0.393 pstd=0.382 gen=0.1s train=0.4s
[t=  32.0s] greedy ep 58 games=  96 dec= 18407 rows= 17575 horizon=0.28 L=0.00616 L/var=0.04 tgt=-0.055/0.393 pstd=0.385 gen=0.1s train=0.4s
[t=  32.6s] greedy ep 59 games=  96 dec= 18148 rows= 17468 horizon=0.25 L=0.00618 L/var=0.04 tgt=-0.079/0.397 pstd=0.390 gen=0.1s train=0.3s
[t=  33.1s] greedy ep 60 games=  96 dec= 19240 rows= 18506 horizon=0.39 L=0.00624 L/var=0.04 tgt=-0.058/0.394 pstd=0.379 gen=0.1s train=0.3s
[t=  33.6s] greedy ep 61 games=  96 dec= 17480 rows= 16650 horizon=0.21 L=0.00607 L/var=0.04 tgt=-0.082/0.415 pstd=0.384 gen=0.1s train=0.3s
[t=  34.1s] greedy ep 62 games=  96 dec= 17696 rows= 16904 horizon=0.23 L=0.00588 L/var=0.04 tgt=-0.078/0.393 pstd=0.392 gen=0.1s train=0.3s
[t=  34.6s] greedy ep 63 games=  96 dec= 18115 rows= 17315 horizon=0.25 L=0.00810 L/var=0.04 tgt=-0.074/0.425 pstd=0.381 gen=0.1s train=0.3s
[t=  35.1s] greedy ep 64 games=  96 dec= 17961 rows= 17228 horizon=0.30 L=0.00656 L/var=0.04 tgt=-0.081/0.430 pstd=0.384 gen=0.1s train=0.3s
[t=  35.8s] greedy ep 65 games=  96 dec= 19091 rows= 18359 horizon=0.33 L=0.00593 L/var=0.04 tgt=-0.054/0.380 pstd=0.376 gen=0.1s train=0.4s
[t=  36.4s] greedy ep 66 games=  96 dec= 18892 rows= 18141 horizon=0.34 L=0.00552 L/var=0.03 tgt=-0.083/0.425 pstd=0.384 gen=0.1s train=0.4s
[t=  36.9s] greedy ep 67 games=  96 dec= 18700 rows= 17909 horizon=0.33 L=0.00560 L/var=0.03 tgt=-0.068/0.402 pstd=0.387 gen=0.1s train=0.4s
[t=  37.5s] greedy ep 68 games=  96 dec= 17768 rows= 16989 horizon=0.26 L=0.00620 L/var=0.04 tgt=-0.080/0.398 pstd=0.394 gen=0.1s train=0.3s
[t=  38.0s] greedy ep 69 games=  96 dec= 18920 rows= 18066 horizon=0.31 L=0.00655 L/var=0.05 tgt=-0.081/0.373 pstd=0.384 gen=0.1s train=0.3s
[t=  38.5s] greedy ep 70 games=  96 dec= 18272 rows= 17482 horizon=0.23 L=0.00614 L/var=0.04 tgt=-0.079/0.393 pstd=0.373 gen=0.1s train=0.4s
[t=  39.1s] greedy ep 71 games=  96 dec= 19474 rows= 18684 horizon=0.42 L=0.00544 L/var=0.04 tgt=-0.081/0.388 pstd=0.380 gen=0.1s train=0.3s
[t=  39.6s] greedy ep 72 games=  96 dec= 18516 rows= 17831 horizon=0.32 L=0.00501 L/var=0.03 tgt=-0.063/0.392 pstd=0.385 gen=0.1s train=0.3s
[t=  40.2s] greedy ep 73 games=  96 dec= 18517 rows= 17766 horizon=0.31 L=0.00504 L/var=0.03 tgt=-0.085/0.409 pstd=0.386 gen=0.1s train=0.3s
[t=  40.7s] greedy ep 74 games=  96 dec= 18370 rows= 17557 horizon=0.25 L=0.00547 L/var=0.04 tgt=-0.051/0.375 pstd=0.380 gen=0.1s train=0.4s
[t=  41.3s] greedy ep 75 games=  96 dec= 18616 rows= 17846 horizon=0.31 L=0.00614 L/var=0.04 tgt=-0.054/0.385 pstd=0.375 gen=0.1s train=0.4s
[t=  41.8s] greedy ep 76 games=  96 dec= 18935 rows= 18095 horizon=0.31 L=0.00788 L/var=0.05 tgt=-0.087/0.404 pstd=0.406 gen=0.1s train=0.3s
[t=  42.4s] greedy ep 77 games=  96 dec= 18457 rows= 17724 horizon=0.29 L=0.00815 L/var=0.05 tgt=-0.071/0.393 pstd=0.378 gen=0.1s train=0.4s
[t=  42.9s] greedy ep 78 games=  96 dec= 17709 rows= 17003 horizon=0.25 L=0.00509 L/var=0.03 tgt=-0.063/0.403 pstd=0.378 gen=0.1s train=0.3s
[t=  43.4s] greedy ep 79 games=  96 dec= 18236 rows= 17407 horizon=0.22 L=0.00496 L/var=0.03 tgt=-0.070/0.392 pstd=0.382 gen=0.1s train=0.3s
[t=  43.9s] greedy ep 80 games=  96 dec= 18576 rows= 17800 horizon=0.31 L=0.00468 L/var=0.03 tgt=-0.085/0.414 pstd=0.386 gen=0.1s train=0.3s
[t=  44.5s] greedy ep 81 games=  96 dec= 17602 rows= 16911 horizon=0.23 L=0.00520 L/var=0.03 tgt=-0.088/0.416 pstd=0.382 gen=0.1s train=0.3s
[t=  45.0s] greedy ep 82 games=  96 dec= 18011 rows= 17307 horizon=0.28 L=0.00507 L/var=0.03 tgt=-0.110/0.422 pstd=0.382 gen=0.1s train=0.3s
[t=  45.5s] greedy ep 83 games=  96 dec= 19229 rows= 18365 horizon=0.28 L=0.00575 L/var=0.04 tgt=-0.096/0.384 pstd=0.384 gen=0.1s train=0.3s
[t=  46.0s] greedy ep 84 games=  96 dec= 17370 rows= 16534 horizon=0.22 L=0.00573 L/var=0.04 tgt=-0.078/0.400 pstd=0.385 gen=0.1s train=0.3s
[t=  46.6s] greedy ep 85 games=  96 dec= 18514 rows= 17718 horizon=0.31 L=0.00530 L/var=0.03 tgt=-0.067/0.409 pstd=0.381 gen=0.1s train=0.3s
[t=  47.1s] greedy ep 86 games=  96 dec= 18400 rows= 17629 horizon=0.30 L=0.00528 L/var=0.03 tgt=-0.054/0.416 pstd=0.391 gen=0.1s train=0.4s
[t=  47.7s] greedy ep 87 games=  96 dec= 18328 rows= 17540 horizon=0.28 L=0.00613 L/var=0.04 tgt=-0.057/0.416 pstd=0.378 gen=0.1s train=0.3s
[t=  48.2s] greedy ep 88 games=  96 dec= 18836 rows= 18104 horizon=0.34 L=0.00541 L/var=0.03 tgt=-0.069/0.451 pstd=0.377 gen=0.1s train=0.3s
[t=  48.7s] greedy ep 89 games=  96 dec= 18112 rows= 17376 horizon=0.29 L=0.00680 L/var=0.04 tgt=-0.099/0.422 pstd=0.379 gen=0.1s train=0.3s
[t=  49.3s] greedy ep 90 games=  96 dec= 18009 rows= 17292 horizon=0.29 L=0.00805 L/var=0.05 tgt=-0.067/0.396 pstd=0.388 gen=0.1s train=0.3s
[t=  49.8s] greedy ep 91 games=  96 dec= 19007 rows= 18272 horizon=0.31 L=0.00701 L/var=0.05 tgt=-0.071/0.393 pstd=0.392 gen=0.1s train=0.4s
[t=  50.3s] greedy ep 92 games=  96 dec= 18386 rows= 17545 horizon=0.28 L=0.00618 L/var=0.03 tgt=-0.079/0.427 pstd=0.377 gen=0.1s train=0.4s
[t=  50.9s] greedy ep 93 games=  96 dec= 17611 rows= 16917 horizon=0.24 L=0.00468 L/var=0.03 tgt=-0.089/0.416 pstd=0.380 gen=0.1s train=0.3s
[t=  51.4s] greedy ep 94 games=  96 dec= 18028 rows= 17248 horizon=0.23 L=0.00447 L/var=0.03 tgt=-0.088/0.397 pstd=0.384 gen=0.1s train=0.3s
[t=  51.9s] greedy ep 95 games=  96 dec= 18694 rows= 17878 horizon=0.30 L=0.00446 L/var=0.03 tgt=-0.061/0.389 pstd=0.388 gen=0.1s train=0.4s
[t=  52.5s] greedy ep 96 games=  96 dec= 18817 rows= 18070 horizon=0.31 L=0.00411 L/var=0.03 tgt=-0.091/0.405 pstd=0.390 gen=0.1s train=0.3s
[t=  53.0s] greedy ep 97 games=  96 dec= 17744 rows= 16965 horizon=0.22 L=0.00422 L/var=0.03 tgt=-0.087/0.408 pstd=0.382 gen=0.1s train=0.3s
[t=  53.5s] greedy ep 98 games=  96 dec= 18854 rows= 18081 horizon=0.32 L=0.00425 L/var=0.03 tgt=-0.075/0.405 pstd=0.385 gen=0.1s train=0.3s
[t=  54.1s] greedy ep 99 games=  96 dec= 18115 rows= 17468 horizon=0.29 L=0.00406 L/var=0.03 tgt=-0.088/0.402 pstd=0.386 gen=0.1s train=0.3s
[t=  54.6s] greedy ep100 games=  96 dec= 17901 rows= 17067 horizon=0.24 L=0.00399 L/var=0.02 tgt=-0.064/0.404 pstd=0.385 gen=0.1s train=0.3s
[t=  55.1s] greedy ep101 games=  96 dec= 17329 rows= 16564 horizon=0.18 L=0.00384 L/var=0.02 tgt=-0.094/0.419 pstd=0.383 gen=0.1s train=0.3s
[t=  55.7s] greedy ep102 games=  96 dec= 19175 rows= 18365 horizon=0.30 L=0.00406 L/var=0.02 tgt=-0.085/0.413 pstd=0.387 gen=0.1s train=0.4s
[t=  56.2s] greedy ep103 games=  96 dec= 19349 rows= 18446 horizon=0.34 L=0.00411 L/var=0.02 tgt=-0.090/0.408 pstd=0.386 gen=0.1s train=0.3s
[t=  56.8s] greedy ep104 games=  96 dec= 18780 rows= 17994 horizon=0.29 L=0.00634 L/var=0.04 tgt=-0.043/0.400 pstd=0.392 gen=0.1s train=0.4s
[t=  57.3s] greedy ep105 games=  96 dec= 18193 rows= 17415 horizon=0.31 L=0.00684 L/var=0.04 tgt=-0.064/0.394 pstd=0.374 gen=0.1s train=0.4s
[t=  57.9s] greedy ep106 games=  96 dec= 18319 rows= 17592 horizon=0.30 L=0.00533 L/var=0.03 tgt=-0.074/0.433 pstd=0.379 gen=0.1s train=0.4s
[t=  58.4s] greedy ep107 games=  96 dec= 18453 rows= 17669 horizon=0.27 L=0.00403 L/var=0.02 tgt=-0.065/0.402 pstd=0.391 gen=0.1s train=0.3s
[t=  59.0s] greedy ep108 games=  96 dec= 19645 rows= 18855 horizon=0.39 L=0.00375 L/var=0.02 tgt=-0.073/0.414 pstd=0.384 gen=0.1s train=0.4s
[t=  59.6s] greedy ep109 games=  96 dec= 18220 rows= 17470 horizon=0.26 L=0.00363 L/var=0.02 tgt=-0.051/0.395 pstd=0.386 gen=0.1s train=0.3s
[t=  60.1s] greedy ep110 games=  96 dec= 19366 rows= 18466 horizon=0.34 L=0.00391 L/var=0.03 tgt=-0.074/0.395 pstd=0.389 gen=0.1s train=0.4s
[t=  60.6s] greedy ep111 games=  96 dec= 17474 rows= 16655 horizon=0.23 L=0.00370 L/var=0.02 tgt=-0.093/0.413 pstd=0.389 gen=0.1s train=0.3s
[t=  61.2s] greedy ep112 games=  96 dec= 18454 rows= 17765 horizon=0.29 L=0.00433 L/var=0.03 tgt=-0.070/0.392 pstd=0.385 gen=0.1s train=0.3s
[t=  61.7s] greedy ep113 games=  96 dec= 18390 rows= 17620 horizon=0.32 L=0.00397 L/var=0.02 tgt=-0.084/0.412 pstd=0.389 gen=0.1s train=0.3s
[t=  62.2s] greedy ep114 games=  96 dec= 18074 rows= 17390 horizon=0.25 L=0.00387 L/var=0.02 tgt=-0.077/0.413 pstd=0.389 gen=0.1s train=0.3s
[t=  62.8s] greedy ep115 games=  96 dec= 18082 rows= 17334 horizon=0.27 L=0.00487 L/var=0.03 tgt=-0.064/0.378 pstd=0.387 gen=0.1s train=0.3s
[t=  63.3s] greedy ep116 games=  96 dec= 18772 rows= 18031 horizon=0.34 L=0.00602 L/var=0.04 tgt=-0.053/0.378 pstd=0.392 gen=0.1s train=0.3s
[t=  63.9s] greedy ep117 games=  96 dec= 18903 rows= 18078 horizon=0.28 L=0.00534 L/var=0.03 tgt=-0.055/0.409 pstd=0.374 gen=0.1s train=0.3s
[t=  64.5s] greedy ep118 games=  96 dec= 18299 rows= 17525 horizon=0.24 L=0.00439 L/var=0.03 tgt=-0.101/0.393 pstd=0.388 gen=0.1s train=0.4s
[t=  65.0s] greedy ep119 games=  96 dec= 18037 rows= 17324 horizon=0.27 L=0.00466 L/var=0.03 tgt=-0.113/0.423 pstd=0.393 gen=0.1s train=0.3s
[t=  65.5s] greedy ep120 games=  96 dec= 18139 rows= 17418 horizon=0.25 L=0.00447 L/var=0.03 tgt=-0.078/0.408 pstd=0.378 gen=0.1s train=0.3s
[t=  66.1s] greedy ep121 games=  96 dec= 19044 rows= 18264 horizon=0.32 L=0.00462 L/var=0.03 tgt=-0.083/0.400 pstd=0.391 gen=0.1s train=0.3s
[t=  66.6s] greedy ep122 games=  96 dec= 17722 rows= 16951 horizon=0.26 L=0.00428 L/var=0.03 tgt=-0.079/0.397 pstd=0.386 gen=0.1s train=0.3s
[t=  67.1s] greedy ep123 games=  96 dec= 17658 rows= 16990 horizon=0.23 L=0.00346 L/var=0.02 tgt=-0.073/0.403 pstd=0.387 gen=0.1s train=0.3s
[t=  67.7s] greedy ep124 games=  96 dec= 19187 rows= 18459 horizon=0.35 L=0.00346 L/var=0.02 tgt=-0.053/0.403 pstd=0.387 gen=0.1s train=0.4s
[t=  68.2s] greedy ep125 games=  96 dec= 19478 rows= 18670 horizon=0.38 L=0.00347 L/var=0.02 tgt=-0.061/0.383 pstd=0.384 gen=0.1s train=0.4s
[t=  68.8s] greedy ep126 games=  96 dec= 18706 rows= 18051 horizon=0.31 L=0.00427 L/var=0.03 tgt=-0.057/0.386 pstd=0.382 gen=0.1s train=0.3s
[t=  69.3s] greedy ep127 games=  96 dec= 17748 rows= 16959 horizon=0.21 L=0.00666 L/var=0.04 tgt=-0.058/0.397 pstd=0.365 gen=0.1s train=0.3s
[t=  69.9s] greedy ep128 games=  96 dec= 18849 rows= 18000 horizon=0.25 L=0.00774 L/var=0.05 tgt=-0.092/0.412 pstd=0.395 gen=0.1s train=0.4s
[t=  70.4s] greedy ep129 games=  96 dec= 19027 rows= 18186 horizon=0.33 L=0.00535 L/var=0.03 tgt=-0.073/0.401 pstd=0.373 gen=0.1s train=0.3s
[t=  71.0s] greedy ep130 games=  96 dec= 18257 rows= 17535 horizon=0.29 L=0.00401 L/var=0.03 tgt=-0.063/0.385 pstd=0.381 gen=0.1s train=0.4s
[t=  71.5s] greedy ep131 games=  96 dec= 18325 rows= 17546 horizon=0.30 L=0.00349 L/var=0.02 tgt=-0.071/0.397 pstd=0.394 gen=0.1s train=0.4s
[t=  72.0s] greedy ep132 games=  96 dec= 17681 rows= 16849 horizon=0.23 L=0.00346 L/var=0.02 tgt=-0.080/0.417 pstd=0.388 gen=0.1s train=0.3s
[t=  72.6s] greedy ep133 games=  96 dec= 19329 rows= 18584 horizon=0.39 L=0.00402 L/var=0.03 tgt=-0.086/0.389 pstd=0.384 gen=0.1s train=0.3s
[t=  73.2s] greedy ep134 games=  96 dec= 18581 rows= 17770 horizon=0.26 L=0.00373 L/var=0.02 tgt=-0.083/0.394 pstd=0.389 gen=0.1s train=0.3s
[t=  73.7s] greedy ep135 games=  96 dec= 17697 rows= 16960 horizon=0.21 L=0.00383 L/var=0.02 tgt=-0.098/0.429 pstd=0.389 gen=0.1s train=0.3s
[t=  74.2s] greedy ep136 games=  96 dec= 18737 rows= 17959 horizon=0.27 L=0.00520 L/var=0.03 tgt=-0.075/0.405 pstd=0.379 gen=0.1s train=0.3s
[t=  74.7s] greedy ep137 games=  96 dec= 18130 rows= 17349 horizon=0.26 L=0.00422 L/var=0.02 tgt=-0.093/0.412 pstd=0.383 gen=0.1s train=0.3s
[t=  75.2s] greedy ep138 games=  96 dec= 17758 rows= 17071 horizon=0.23 L=0.00397 L/var=0.02 tgt=-0.087/0.413 pstd=0.386 gen=0.1s train=0.3s
[t=  75.8s] greedy ep139 games=  96 dec= 18995 rows= 18206 horizon=0.36 L=0.00350 L/var=0.02 tgt=-0.088/0.398 pstd=0.389 gen=0.1s train=0.4s
[t=  76.4s] greedy ep140 games=  96 dec= 18262 rows= 17544 horizon=0.30 L=0.00336 L/var=0.02 tgt=-0.089/0.395 pstd=0.385 gen=0.1s train=0.4s
[t=  76.9s] greedy ep141 games=  96 dec= 18842 rows= 18025 horizon=0.29 L=0.00340 L/var=0.02 tgt=-0.054/0.383 pstd=0.389 gen=0.1s train=0.3s
[t=  77.5s] greedy ep142 games=  96 dec= 18683 rows= 17902 horizon=0.27 L=0.00352 L/var=0.02 tgt=-0.071/0.395 pstd=0.387 gen=0.1s train=0.4s
[t=  78.0s] greedy ep143 games=  96 dec= 18305 rows= 17550 horizon=0.29 L=0.00360 L/var=0.03 tgt=-0.040/0.379 pstd=0.384 gen=0.1s train=0.3s
[t=  78.6s] greedy ep144 games=  96 dec= 18099 rows= 17296 horizon=0.22 L=0.00322 L/var=0.02 tgt=-0.065/0.408 pstd=0.388 gen=0.1s train=0.3s
[t=  79.1s] greedy ep145 games=  96 dec= 18425 rows= 17718 horizon=0.29 L=0.00352 L/var=0.03 tgt=-0.061/0.367 pstd=0.385 gen=0.1s train=0.3s
[t=  79.6s] greedy ep146 games=  96 dec= 17807 rows= 17049 horizon=0.26 L=0.00352 L/var=0.02 tgt=-0.075/0.398 pstd=0.385 gen=0.1s train=0.3s
[t=  80.2s] greedy ep147 games=  96 dec= 18780 rows= 17959 horizon=0.33 L=0.00324 L/var=0.02 tgt=-0.048/0.388 pstd=0.387 gen=0.1s train=0.3s
[t=  80.8s] greedy ep148 games=  96 dec= 18264 rows= 17519 horizon=0.30 L=0.00335 L/var=0.02 tgt=-0.073/0.411 pstd=0.393 gen=0.1s train=0.4s
[t=  81.3s] greedy ep149 games=  96 dec= 18573 rows= 17775 horizon=0.31 L=0.00484 L/var=0.03 tgt=-0.057/0.404 pstd=0.390 gen=0.1s train=0.4s
[t=  81.9s] greedy ep150 games=  96 dec= 18706 rows= 17863 horizon=0.28 L=0.00459 L/var=0.03 tgt=-0.076/0.408 pstd=0.377 gen=0.1s train=0.4s
[t=  82.4s] greedy ep151 games=  96 dec= 18756 rows= 17995 horizon=0.36 L=0.00450 L/var=0.03 tgt=-0.080/0.400 pstd=0.386 gen=0.1s train=0.3s
[t=  83.0s] greedy ep152 games=  96 dec= 19514 rows= 18734 horizon=0.36 L=0.00363 L/var=0.02 tgt=-0.071/0.393 pstd=0.384 gen=0.1s train=0.4s
[t=  83.6s] greedy ep153 games=  96 dec= 18649 rows= 17892 horizon=0.33 L=0.00350 L/var=0.02 tgt=-0.084/0.403 pstd=0.389 gen=0.1s train=0.4s
[t=  84.1s] greedy ep154 games=  96 dec= 19354 rows= 18483 horizon=0.32 L=0.00355 L/var=0.02 tgt=-0.081/0.402 pstd=0.387 gen=0.1s train=0.4s
[t=  84.7s] greedy ep155 games=  96 dec= 17944 rows= 17191 horizon=0.25 L=0.00317 L/var=0.02 tgt=-0.059/0.382 pstd=0.385 gen=0.1s train=0.3s
[t=  85.2s] greedy ep156 games=  96 dec= 17976 rows= 17152 horizon=0.21 L=0.00321 L/var=0.02 tgt=-0.061/0.405 pstd=0.385 gen=0.1s train=0.3s
[t=  85.7s] greedy ep157 games=  96 dec= 17368 rows= 16647 horizon=0.20 L=0.00325 L/var=0.02 tgt=-0.100/0.424 pstd=0.391 gen=0.1s train=0.3s
[t=  86.3s] greedy ep158 games=  96 dec= 19134 rows= 18369 horizon=0.33 L=0.00365 L/var=0.02 tgt=-0.067/0.401 pstd=0.389 gen=0.1s train=0.4s
[t=  86.8s] greedy ep159 games=  96 dec= 18687 rows= 17865 horizon=0.25 L=0.00525 L/var=0.03 tgt=-0.058/0.404 pstd=0.383 gen=0.1s train=0.3s
[t=  87.4s] greedy ep160 games=  96 dec= 19087 rows= 18332 horizon=0.33 L=0.00353 L/var=0.02 tgt=-0.043/0.409 pstd=0.389 gen=0.1s train=0.3s
[t=  87.9s] greedy ep161 games=  96 dec= 18271 rows= 17508 horizon=0.26 L=0.00419 L/var=0.03 tgt=-0.092/0.408 pstd=0.393 gen=0.1s train=0.4s
[t=  88.5s] greedy ep162 games=  96 dec= 18957 rows= 18136 horizon=0.35 L=0.00419 L/var=0.03 tgt=-0.067/0.398 pstd=0.387 gen=0.1s train=0.3s
[t=  89.1s] greedy ep163 games=  96 dec= 19329 rows= 18496 horizon=0.39 L=0.00883 L/var=0.06 tgt=-0.059/0.385 pstd=0.363 gen=0.1s train=0.3s
[t=  89.6s] greedy ep164 games=  96 dec= 18683 rows= 17902 horizon=0.33 L=0.00745 L/var=0.05 tgt=-0.062/0.401 pstd=0.398 gen=0.1s train=0.3s
[t=  90.1s] greedy ep165 games=  96 dec= 18194 rows= 17393 horizon=0.25 L=0.00462 L/var=0.03 tgt=-0.080/0.404 pstd=0.386 gen=0.1s train=0.3s
[t=  90.7s] greedy ep166 games=  96 dec= 18226 rows= 17440 horizon=0.25 L=0.00342 L/var=0.02 tgt=-0.069/0.385 pstd=0.382 gen=0.1s train=0.3s
[t=  91.2s] greedy ep167 games=  96 dec= 18250 rows= 17416 horizon=0.23 L=0.00342 L/var=0.02 tgt=-0.080/0.419 pstd=0.392 gen=0.1s train=0.3s
[t=  91.7s] greedy ep168 games=  96 dec= 17832 rows= 17162 horizon=0.30 L=0.00320 L/var=0.02 tgt=-0.082/0.395 pstd=0.392 gen=0.1s train=0.3s
[t=  92.3s] greedy ep169 games=  96 dec= 18265 rows= 17512 horizon=0.28 L=0.00347 L/var=0.02 tgt=-0.060/0.388 pstd=0.387 gen=0.1s train=0.4s
[t=  92.9s] greedy ep170 games=  96 dec= 18535 rows= 17809 horizon=0.32 L=0.00309 L/var=0.02 tgt=-0.082/0.441 pstd=0.385 gen=0.1s train=0.3s
[t=  93.4s] greedy ep171 games=  96 dec= 18681 rows= 17918 horizon=0.34 L=0.00302 L/var=0.02 tgt=-0.056/0.398 pstd=0.391 gen=0.1s train=0.4s
[t=  94.0s] greedy ep172 games=  96 dec= 19139 rows= 18372 horizon=0.33 L=0.00309 L/var=0.02 tgt=-0.081/0.390 pstd=0.383 gen=0.1s train=0.3s
[t=  94.5s] greedy ep173 games=  96 dec= 18084 rows= 17272 horizon=0.25 L=0.00351 L/var=0.02 tgt=-0.069/0.401 pstd=0.391 gen=0.1s train=0.3s
[t=  95.1s] greedy ep174 games=  96 dec= 18780 rows= 17953 horizon=0.29 L=0.00463 L/var=0.03 tgt=-0.096/0.421 pstd=0.379 gen=0.1s train=0.4s
[t=  95.6s] greedy ep175 games=  96 dec= 18203 rows= 17456 horizon=0.27 L=0.00354 L/var=0.02 tgt=-0.072/0.417 pstd=0.392 gen=0.1s train=0.3s
[t=  96.2s] greedy ep176 games=  96 dec= 18609 rows= 17781 horizon=0.29 L=0.00385 L/var=0.02 tgt=-0.075/0.403 pstd=0.382 gen=0.1s train=0.4s
[t=  96.7s] greedy ep177 games=  96 dec= 17843 rows= 17052 horizon=0.28 L=0.00311 L/var=0.02 tgt=-0.066/0.396 pstd=0.385 gen=0.1s train=0.3s
[t=  97.2s] greedy ep178 games=  96 dec= 18053 rows= 17258 horizon=0.23 L=0.00315 L/var=0.02 tgt=-0.064/0.394 pstd=0.388 gen=0.1s train=0.3s
[t=  97.8s] greedy ep179 games=  96 dec= 17899 rows= 17155 horizon=0.26 L=0.00332 L/var=0.02 tgt=-0.096/0.411 pstd=0.393 gen=0.1s train=0.3s
[t=  98.3s] greedy ep180 games=  96 dec= 18344 rows= 17539 horizon=0.27 L=0.00346 L/var=0.02 tgt=-0.068/0.398 pstd=0.384 gen=0.1s train=0.3s
[t=  98.9s] greedy ep181 games=  96 dec= 19487 rows= 18628 horizon=0.31 L=0.00329 L/var=0.02 tgt=-0.079/0.393 pstd=0.389 gen=0.1s train=0.3s
[t=  99.4s] greedy ep182 games=  96 dec= 19581 rows= 18743 horizon=0.34 L=0.00416 L/var=0.03 tgt=-0.056/0.400 pstd=0.375 gen=0.1s train=0.3s
[t= 100.0s] greedy ep183 games=  96 dec= 18980 rows= 18170 horizon=0.35 L=0.00353 L/var=0.02 tgt=-0.071/0.414 pstd=0.394 gen=0.1s train=0.3s
[t= 100.5s] greedy ep184 games=  96 dec= 17880 rows= 17121 horizon=0.29 L=0.00330 L/var=0.02 tgt=-0.058/0.393 pstd=0.386 gen=0.1s train=0.3s
[t= 101.0s] greedy ep185 games=  96 dec= 18714 rows= 17979 horizon=0.36 L=0.00356 L/var=0.02 tgt=-0.069/0.408 pstd=0.385 gen=0.1s train=0.3s
[t= 101.6s] greedy ep186 games=  96 dec= 18926 rows= 18148 horizon=0.36 L=0.00336 L/var=0.02 tgt=-0.090/0.418 pstd=0.399 gen=0.1s train=0.4s
[t= 102.1s] greedy ep187 games=  96 dec= 19039 rows= 18250 horizon=0.34 L=0.00723 L/var=0.05 tgt=-0.073/0.399 pstd=0.362 gen=0.1s train=0.3s
[t= 102.7s] greedy ep188 games=  96 dec= 18807 rows= 18097 horizon=0.35 L=0.00538 L/var=0.03 tgt=-0.071/0.398 pstd=0.392 gen=0.1s train=0.3s
[t= 103.3s] greedy ep189 games=  96 dec= 18526 rows= 17715 horizon=0.27 L=0.00464 L/var=0.03 tgt=-0.073/0.378 pstd=0.381 gen=0.1s train=0.3s
[t= 103.8s] greedy ep190 games=  96 dec= 19300 rows= 18503 horizon=0.30 L=0.00455 L/var=0.03 tgt=-0.069/0.408 pstd=0.381 gen=0.1s train=0.4s
[t= 104.4s] greedy ep191 games=  96 dec= 18595 rows= 17867 horizon=0.30 L=0.00437 L/var=0.03 tgt=-0.052/0.368 pstd=0.389 gen=0.1s train=0.3s
[t= 104.9s] greedy ep192 games=  96 dec= 17815 rows= 17118 horizon=0.26 L=0.00379 L/var=0.02 tgt=-0.096/0.403 pstd=0.386 gen=0.1s train=0.3s
[t= 105.5s] greedy ep193 games=  96 dec= 18241 rows= 17519 horizon=0.27 L=0.00317 L/var=0.02 tgt=-0.070/0.392 pstd=0.390 gen=0.1s train=0.4s
[t= 106.1s] greedy ep194 games=  96 dec= 18375 rows= 17595 horizon=0.31 L=0.00292 L/var=0.02 tgt=-0.091/0.388 pstd=0.388 gen=0.1s train=0.4s
[t= 106.7s] greedy ep195 games=  96 dec= 18343 rows= 17542 horizon=0.25 L=0.00298 L/var=0.02 tgt=-0.061/0.389 pstd=0.387 gen=0.1s train=0.4s
[t= 107.3s] greedy ep196 games=  96 dec= 18699 rows= 17846 horizon=0.27 L=0.00319 L/var=0.02 tgt=-0.064/0.393 pstd=0.386 gen=0.1s train=0.4s
[t= 107.9s] greedy ep197 games=  96 dec= 18400 rows= 17624 horizon=0.22 L=0.00398 L/var=0.03 tgt=-0.058/0.381 pstd=0.382 gen=0.1s train=0.4s
[t= 108.5s] greedy ep198 games=  96 dec= 18763 rows= 17973 horizon=0.30 L=0.00360 L/var=0.02 tgt=-0.050/0.399 pstd=0.385 gen=0.1s train=0.4s
[t= 109.0s] greedy ep199 games=  96 dec= 17769 rows= 16975 horizon=0.21 L=0.00326 L/var=0.02 tgt=-0.055/0.399 pstd=0.387 gen=0.1s train=0.3s
[t= 109.5s] greedy ep200 games=  96 dec= 18099 rows= 17317 horizon=0.21 L=0.00271 L/var=0.02 tgt=-0.079/0.411 pstd=0.386 gen=0.1s train=0.3s
[t= 110.1s] greedy ep201 games=  96 dec= 19401 rows= 18629 horizon=0.35 L=0.00287 L/var=0.02 tgt=-0.085/0.388 pstd=0.391 gen=0.1s train=0.4s
[t= 110.7s] greedy ep202 games=  96 dec= 19269 rows= 18381 horizon=0.31 L=0.00288 L/var=0.02 tgt=-0.063/0.390 pstd=0.383 gen=0.1s train=0.4s
[t= 111.3s] greedy ep203 games=  96 dec= 18076 rows= 17302 horizon=0.24 L=0.00287 L/var=0.02 tgt=-0.081/0.394 pstd=0.387 gen=0.1s train=0.3s
[t= 111.9s] greedy ep204 games=  96 dec= 18394 rows= 17607 horizon=0.30 L=0.00305 L/var=0.02 tgt=-0.068/0.396 pstd=0.391 gen=0.1s train=0.4s
[t= 112.4s] greedy ep205 games=  96 dec= 18305 rows= 17526 horizon=0.26 L=0.00307 L/var=0.02 tgt=-0.080/0.419 pstd=0.384 gen=0.1s train=0.4s
[t= 113.0s] greedy ep206 games=  96 dec= 18763 rows= 17956 horizon=0.31 L=0.00317 L/var=0.02 tgt=-0.075/0.395 pstd=0.388 gen=0.1s train=0.4s
[t= 113.6s] greedy ep207 games=  96 dec= 16846 rows= 16080 horizon=0.20 L=0.00278 L/var=0.01 tgt=-0.094/0.436 pstd=0.388 gen=0.1s train=0.3s
[t= 114.2s] greedy ep208 games=  96 dec= 19273 rows= 18493 horizon=0.42 L=0.00296 L/var=0.02 tgt=-0.064/0.415 pstd=0.387 gen=0.1s train=0.4s
[t= 114.7s] greedy ep209 games=  96 dec= 18178 rows= 17433 horizon=0.29 L=0.00281 L/var=0.02 tgt=-0.060/0.388 pstd=0.387 gen=0.1s train=0.4s
[t= 115.3s] greedy ep210 games=  96 dec= 18645 rows= 17902 horizon=0.26 L=0.00281 L/var=0.02 tgt=-0.063/0.397 pstd=0.389 gen=0.1s train=0.4s
[t= 115.9s] greedy ep211 games=  96 dec= 18462 rows= 17542 horizon=0.28 L=0.00290 L/var=0.02 tgt=-0.060/0.390 pstd=0.386 gen=0.1s train=0.4s
[t= 116.5s] greedy ep212 games=  96 dec= 18386 rows= 17654 horizon=0.28 L=0.00303 L/var=0.02 tgt=-0.065/0.406 pstd=0.388 gen=0.1s train=0.4s
[t= 117.0s] greedy ep213 games=  96 dec= 18949 rows= 18154 horizon=0.31 L=0.00250 L/var=0.02 tgt=-0.065/0.388 pstd=0.391 gen=0.1s train=0.4s
[t= 117.6s] greedy ep214 games=  96 dec= 18514 rows= 17719 horizon=0.26 L=0.00275 L/var=0.02 tgt=-0.070/0.388 pstd=0.385 gen=0.1s train=0.4s
[t= 118.2s] greedy ep215 games=  96 dec= 18792 rows= 18037 horizon=0.34 L=0.00415 L/var=0.02 tgt=-0.099/0.409 pstd=0.384 gen=0.1s train=0.4s
[t= 118.7s] greedy ep216 games=  96 dec= 17946 rows= 17150 horizon=0.26 L=0.00565 L/var=0.04 tgt=-0.054/0.381 pstd=0.382 gen=0.1s train=0.3s
[t= 119.3s] greedy ep217 games=  96 dec= 17498 rows= 16838 horizon=0.28 L=0.00429 L/var=0.03 tgt=-0.058/0.390 pstd=0.380 gen=0.1s train=0.3s
[t= 119.8s] greedy ep218 games=  96 dec= 17952 rows= 17223 horizon=0.26 L=0.00392 L/var=0.02 tgt=-0.074/0.397 pstd=0.388 gen=0.1s train=0.3s
[t= 120.4s] greedy ep219 games=  96 dec= 19368 rows= 18591 horizon=0.38 L=0.00302 L/var=0.02 tgt=-0.064/0.372 pstd=0.386 gen=0.1s train=0.4s
[t= 121.0s] greedy ep220 games=  96 dec= 17976 rows= 17256 horizon=0.28 L=0.00269 L/var=0.02 tgt=-0.075/0.416 pstd=0.383 gen=0.1s train=0.3s
[t= 121.5s] greedy ep221 games=  96 dec= 17686 rows= 16924 horizon=0.27 L=0.00272 L/var=0.02 tgt=-0.069/0.384 pstd=0.389 gen=0.1s train=0.3s
[t= 122.1s] greedy ep222 games=  96 dec= 18382 rows= 17598 horizon=0.26 L=0.00278 L/var=0.02 tgt=-0.075/0.390 pstd=0.386 gen=0.1s train=0.4s
[t= 122.7s] greedy ep223 games=  96 dec= 18096 rows= 17390 horizon=0.26 L=0.00282 L/var=0.02 tgt=-0.066/0.394 pstd=0.388 gen=0.1s train=0.4s
[t= 123.3s] greedy ep224 games=  96 dec= 19163 rows= 18302 horizon=0.29 L=0.00267 L/var=0.02 tgt=-0.090/0.415 pstd=0.389 gen=0.1s train=0.4s
[t= 123.8s] greedy ep225 games=  96 dec= 18415 rows= 17705 horizon=0.32 L=0.00280 L/var=0.02 tgt=-0.060/0.408 pstd=0.387 gen=0.1s train=0.4s
[t= 124.4s] greedy ep226 games=  96 dec= 18477 rows= 17640 horizon=0.29 L=0.00284 L/var=0.02 tgt=-0.054/0.403 pstd=0.389 gen=0.1s train=0.4s
[t= 125.0s] greedy ep227 games=  96 dec= 18652 rows= 17859 horizon=0.34 L=0.00316 L/var=0.02 tgt=-0.072/0.416 pstd=0.384 gen=0.1s train=0.4s
[t= 125.5s] greedy ep228 games=  96 dec= 18021 rows= 17273 horizon=0.27 L=0.00343 L/var=0.02 tgt=-0.076/0.385 pstd=0.382 gen=0.1s train=0.3s
[t= 126.1s] greedy ep229 games=  96 dec= 18549 rows= 17770 horizon=0.29 L=0.00309 L/var=0.02 tgt=-0.082/0.411 pstd=0.390 gen=0.1s train=0.3s
[t= 126.7s] greedy ep230 games=  96 dec= 19141 rows= 18308 horizon=0.33 L=0.00275 L/var=0.02 tgt=-0.067/0.397 pstd=0.387 gen=0.1s train=0.4s
[t= 127.2s] greedy ep231 games=  96 dec= 18527 rows= 17619 horizon=0.27 L=0.00328 L/var=0.02 tgt=-0.060/0.413 pstd=0.384 gen=0.1s train=0.4s
[t= 127.9s] greedy ep232 games=  96 dec= 17714 rows= 16837 horizon=0.20 L=0.00402 L/var=0.02 tgt=-0.070/0.407 pstd=0.391 gen=0.1s train=0.3s
[t= 128.4s] greedy ep233 games=  96 dec= 18674 rows= 17880 horizon=0.35 L=0.00338 L/var=0.02 tgt=-0.062/0.401 pstd=0.388 gen=0.1s train=0.4s
[t= 129.0s] greedy ep234 games=  96 dec= 18391 rows= 17655 horizon=0.31 L=0.00378 L/var=0.02 tgt=-0.072/0.411 pstd=0.381 gen=0.1s train=0.4s
[t= 129.6s] greedy ep235 games=  96 dec= 19394 rows= 18616 horizon=0.34 L=0.00455 L/var=0.03 tgt=-0.066/0.388 pstd=0.395 gen=0.1s train=0.4s
[t= 130.2s] greedy ep236 games=  96 dec= 19038 rows= 18211 horizon=0.32 L=0.00759 L/var=0.05 tgt=-0.058/0.383 pstd=0.388 gen=0.1s train=0.4s
[t= 130.8s] greedy ep237 games=  96 dec= 18922 rows= 18125 horizon=0.33 L=0.00374 L/var=0.02 tgt=-0.088/0.408 pstd=0.391 gen=0.1s train=0.4s
[t= 131.4s] greedy ep238 games=  96 dec= 18876 rows= 18057 horizon=0.33 L=0.00287 L/var=0.02 tgt=-0.102/0.407 pstd=0.386 gen=0.1s train=0.4s
[t= 131.9s] greedy ep239 games=  96 dec= 17188 rows= 16394 horizon=0.17 L=0.00278 L/var=0.02 tgt=-0.084/0.424 pstd=0.392 gen=0.1s train=0.3s
[t= 132.4s] greedy ep240 games=  96 dec= 17419 rows= 16701 horizon=0.23 L=0.00276 L/var=0.02 tgt=-0.094/0.405 pstd=0.391 gen=0.1s train=0.3s
[t= 133.0s] greedy ep241 games=  96 dec= 18485 rows= 17642 horizon=0.33 L=0.00294 L/var=0.01 tgt=-0.080/0.453 pstd=0.386 gen=0.1s train=0.4s
[t= 133.6s] greedy ep242 games=  96 dec= 17475 rows= 16653 horizon=0.24 L=0.00313 L/var=0.02 tgt=-0.096/0.403 pstd=0.385 gen=0.1s train=0.3s
[t= 134.1s] greedy ep243 games=  96 dec= 18678 rows= 17868 horizon=0.30 L=0.00374 L/var=0.02 tgt=-0.095/0.397 pstd=0.384 gen=0.1s train=0.4s
[t= 134.7s] greedy ep244 games=  96 dec= 19023 rows= 18252 horizon=0.31 L=0.00317 L/var=0.02 tgt=-0.074/0.389 pstd=0.387 gen=0.1s train=0.4s
[t= 135.3s] greedy ep245 games=  96 dec= 18759 rows= 17955 horizon=0.29 L=0.00334 L/var=0.02 tgt=-0.069/0.383 pstd=0.385 gen=0.1s train=0.4s
[t= 135.9s] greedy ep246 games=  96 dec= 17255 rows= 16598 horizon=0.24 L=0.00277 L/var=0.02 tgt=-0.078/0.405 pstd=0.394 gen=0.1s train=0.3s
[t= 136.5s] greedy ep247 games=  96 dec= 19005 rows= 18166 horizon=0.32 L=0.00292 L/var=0.02 tgt=-0.084/0.404 pstd=0.385 gen=0.1s train=0.4s
[t= 137.0s] greedy ep248 games=  96 dec= 17091 rows= 16380 horizon=0.23 L=0.00270 L/var=0.02 tgt=-0.072/0.405 pstd=0.386 gen=0.1s train=0.3s
[t= 137.5s] greedy ep249 games=  96 dec= 18065 rows= 17269 horizon=0.29 L=0.00280 L/var=0.02 tgt=-0.060/0.387 pstd=0.391 gen=0.1s train=0.3s
[t= 138.1s] greedy ep250 games=  96 dec= 18790 rows= 17962 horizon=0.33 L=0.00240 L/var=0.01 tgt=-0.106/0.416 pstd=0.387 gen=0.1s train=0.4s
[t= 138.7s] greedy ep251 games=  96 dec= 18893 rows= 18047 horizon=0.31 L=0.00239 L/var=0.02 tgt=-0.075/0.379 pstd=0.387 gen=0.1s train=0.4s
[t= 139.3s] greedy ep252 games=  96 dec= 18898 rows= 18101 horizon=0.33 L=0.00238 L/var=0.01 tgt=-0.072/0.400 pstd=0.390 gen=0.1s train=0.4s
[t= 139.9s] greedy ep253 games=  96 dec= 17806 rows= 17010 horizon=0.21 L=0.00251 L/var=0.01 tgt=-0.081/0.410 pstd=0.389 gen=0.1s train=0.3s
[t= 140.4s] greedy ep254 games=  96 dec= 18065 rows= 17292 horizon=0.26 L=0.00374 L/var=0.03 tgt=-0.063/0.385 pstd=0.382 gen=0.1s train=0.3s
[t= 141.0s] greedy ep255 games=  96 dec= 18331 rows= 17565 horizon=0.31 L=0.00442 L/var=0.03 tgt=-0.082/0.408 pstd=0.388 gen=0.1s train=0.4s
[t= 141.6s] greedy ep256 games=  96 dec= 18288 rows= 17561 horizon=0.33 L=0.00460 L/var=0.03 tgt=-0.086/0.415 pstd=0.387 gen=0.1s train=0.4s
[t= 142.1s] greedy ep257 games=  96 dec= 18579 rows= 17783 horizon=0.35 L=0.00344 L/var=0.02 tgt=-0.073/0.409 pstd=0.382 gen=0.1s train=0.4s
[t= 142.7s] greedy ep258 games=  96 dec= 18191 rows= 17404 horizon=0.27 L=0.00275 L/var=0.02 tgt=-0.078/0.411 pstd=0.383 gen=0.1s train=0.3s
[t= 143.2s] greedy ep259 games=  96 dec= 17620 rows= 16859 horizon=0.24 L=0.00294 L/var=0.02 tgt=-0.065/0.396 pstd=0.393 gen=0.1s train=0.3s
[t= 143.8s] greedy ep260 games=  96 dec= 18246 rows= 17406 horizon=0.25 L=0.00294 L/var=0.02 tgt=-0.071/0.399 pstd=0.385 gen=0.1s train=0.3s
[t= 144.4s] greedy ep261 games=  96 dec= 18642 rows= 17836 horizon=0.30 L=0.00275 L/var=0.02 tgt=-0.058/0.397 pstd=0.385 gen=0.1s train=0.4s
[t= 144.9s] greedy ep262 games=  96 dec= 17750 rows= 17010 horizon=0.26 L=0.00357 L/var=0.02 tgt=-0.081/0.407 pstd=0.390 gen=0.1s train=0.3s
[t= 145.5s] greedy ep263 games=  96 dec= 18911 rows= 18084 horizon=0.32 L=0.00354 L/var=0.02 tgt=-0.084/0.390 pstd=0.388 gen=0.1s train=0.4s
[t= 146.1s] greedy ep264 games=  96 dec= 18850 rows= 18036 horizon=0.34 L=0.00314 L/var=0.02 tgt=-0.076/0.391 pstd=0.387 gen=0.1s train=0.4s
[t= 146.7s] greedy ep265 games=  96 dec= 18337 rows= 17535 horizon=0.25 L=0.00243 L/var=0.02 tgt=-0.071/0.397 pstd=0.388 gen=0.1s train=0.4s
[t= 147.3s] greedy ep266 games=  96 dec= 19113 rows= 18345 horizon=0.35 L=0.00257 L/var=0.01 tgt=-0.091/0.416 pstd=0.386 gen=0.1s train=0.4s
[t= 147.8s] greedy ep267 games=  96 dec= 17967 rows= 17274 horizon=0.29 L=0.00241 L/var=0.01 tgt=-0.077/0.404 pstd=0.387 gen=0.1s train=0.3s
[t= 148.4s] greedy ep268 games=  96 dec= 18711 rows= 17974 horizon=0.33 L=0.00235 L/var=0.02 tgt=-0.051/0.384 pstd=0.390 gen=0.1s train=0.4s
[t= 149.0s] greedy ep269 games=  96 dec= 18476 rows= 17630 horizon=0.28 L=0.00234 L/var=0.01 tgt=-0.052/0.403 pstd=0.387 gen=0.1s train=0.4s
[t= 149.6s] greedy ep270 games=  96 dec= 18663 rows= 17870 horizon=0.27 L=0.00264 L/var=0.02 tgt=-0.089/0.380 pstd=0.386 gen=0.1s train=0.4s
[t= 150.2s] greedy ep271 games=  96 dec= 18415 rows= 17684 horizon=0.33 L=0.00313 L/var=0.02 tgt=-0.078/0.401 pstd=0.388 gen=0.1s train=0.4s
[t= 150.8s] greedy ep272 games=  96 dec= 19191 rows= 18415 horizon=0.36 L=0.00270 L/var=0.01 tgt=-0.080/0.426 pstd=0.386 gen=0.1s train=0.4s
[t= 151.3s] greedy ep273 games=  96 dec= 17681 rows= 16895 horizon=0.21 L=0.00221 L/var=0.01 tgt=-0.084/0.390 pstd=0.387 gen=0.1s train=0.3s
[t= 152.0s] greedy ep274 games=  96 dec= 18921 rows= 18114 horizon=0.34 L=0.00274 L/var=0.02 tgt=-0.102/0.410 pstd=0.388 gen=0.1s train=0.4s
[t= 152.6s] greedy ep275 games=  96 dec= 18307 rows= 17627 horizon=0.33 L=0.00442 L/var=0.03 tgt=-0.078/0.402 pstd=0.370 gen=0.1s train=0.4s
[t= 153.2s] greedy ep276 games=  96 dec= 17876 rows= 17086 horizon=0.21 L=0.00541 L/var=0.03 tgt=-0.080/0.405 pstd=0.385 gen=0.1s train=0.4s
[t= 153.9s] greedy ep277 games=  96 dec= 19460 rows= 18556 horizon=0.35 L=0.00369 L/var=0.03 tgt=-0.067/0.367 pstd=0.387 gen=0.1s train=0.4s
[t= 154.4s] greedy ep278 games=  96 dec= 18698 rows= 17871 horizon=0.29 L=0.00250 L/var=0.02 tgt=-0.070/0.406 pstd=0.388 gen=0.1s train=0.4s
[t= 155.0s] greedy ep279 games=  96 dec= 17687 rows= 16935 horizon=0.23 L=0.00229 L/var=0.01 tgt=-0.103/0.440 pstd=0.392 gen=0.1s train=0.3s
[t= 155.6s] greedy ep280 games=  96 dec= 18749 rows= 17966 horizon=0.31 L=0.00235 L/var=0.02 tgt=-0.069/0.396 pstd=0.387 gen=0.1s train=0.4s
[t= 156.2s] greedy ep281 games=  96 dec= 19248 rows= 18434 horizon=0.40 L=0.00251 L/var=0.02 tgt=-0.061/0.386 pstd=0.388 gen=0.1s train=0.4s
[t= 156.8s] greedy ep282 games=  96 dec= 18189 rows= 17424 horizon=0.26 L=0.00267 L/var=0.02 tgt=-0.079/0.390 pstd=0.391 gen=0.1s train=0.4s
[t= 157.3s] greedy ep283 games=  96 dec= 17317 rows= 16572 horizon=0.19 L=0.00332 L/var=0.02 tgt=-0.090/0.416 pstd=0.386 gen=0.1s train=0.3s
[t= 157.9s] greedy ep284 games=  96 dec= 17890 rows= 17175 horizon=0.26 L=0.00277 L/var=0.02 tgt=-0.082/0.407 pstd=0.391 gen=0.1s train=0.3s
[t= 158.4s] greedy ep285 games=  96 dec= 17932 rows= 17090 horizon=0.18 L=0.00297 L/var=0.02 tgt=-0.100/0.404 pstd=0.383 gen=0.1s train=0.3s
[t= 159.0s] greedy ep286 games=  96 dec= 18097 rows= 17240 horizon=0.27 L=0.00363 L/var=0.02 tgt=-0.081/0.392 pstd=0.392 gen=0.1s train=0.3s
[t= 159.6s] greedy ep287 games=  96 dec= 19456 rows= 18660 horizon=0.39 L=0.00279 L/var=0.02 tgt=-0.075/0.398 pstd=0.382 gen=0.1s train=0.4s
[t= 160.1s] greedy ep288 games=  96 dec= 17718 rows= 16878 horizon=0.21 L=0.00285 L/var=0.02 tgt=-0.044/0.393 pstd=0.391 gen=0.1s train=0.3s
[t= 160.7s] greedy ep289 games=  96 dec= 18086 rows= 17378 horizon=0.29 L=0.00281 L/var=0.02 tgt=-0.074/0.407 pstd=0.387 gen=0.1s train=0.3s
[t= 161.3s] greedy ep290 games=  96 dec= 17860 rows= 17125 horizon=0.26 L=0.00249 L/var=0.01 tgt=-0.081/0.418 pstd=0.383 gen=0.1s train=0.3s
[t= 161.9s] greedy ep291 games=  96 dec= 18322 rows= 17523 horizon=0.30 L=0.00243 L/var=0.02 tgt=-0.058/0.390 pstd=0.393 gen=0.1s train=0.4s
[t= 162.5s] greedy ep292 games=  96 dec= 18659 rows= 18001 horizon=0.38 L=0.00243 L/var=0.01 tgt=-0.099/0.432 pstd=0.388 gen=0.1s train=0.4s
[t= 163.1s] greedy ep293 games=  96 dec= 18892 rows= 18020 horizon=0.33 L=0.00259 L/var=0.02 tgt=-0.057/0.378 pstd=0.387 gen=0.1s train=0.4s
[t= 163.6s] greedy ep294 games=  96 dec= 17676 rows= 16850 horizon=0.25 L=0.00258 L/var=0.02 tgt=-0.067/0.392 pstd=0.387 gen=0.1s train=0.3s
[t= 164.2s] greedy ep295 games=  96 dec= 17626 rows= 16870 horizon=0.23 L=0.00270 L/var=0.02 tgt=-0.068/0.402 pstd=0.384 gen=0.1s train=0.3s
[t= 164.7s] greedy ep296 games=  96 dec= 18062 rows= 17301 horizon=0.27 L=0.00311 L/var=0.02 tgt=-0.083/0.402 pstd=0.388 gen=0.1s train=0.3s
[t= 165.3s] greedy ep297 games=  96 dec= 18381 rows= 17563 horizon=0.25 L=0.00328 L/var=0.02 tgt=-0.068/0.380 pstd=0.377 gen=0.1s train=0.4s
[t= 165.9s] greedy ep298 games=  96 dec= 18443 rows= 17630 horizon=0.32 L=0.00307 L/var=0.02 tgt=-0.069/0.398 pstd=0.390 gen=0.1s train=0.4s
[t= 166.5s] greedy ep299 games=  96 dec= 18880 rows= 18048 horizon=0.33 L=0.00266 L/var=0.02 tgt=-0.069/0.419 pstd=0.386 gen=0.1s train=0.4s
[t= 167.1s] greedy ep300 games=  96 dec= 17665 rows= 16906 horizon=0.23 L=0.00233 L/var=0.01 tgt=-0.087/0.407 pstd=0.390 gen=0.1s train=0.3s
[t= 167.6s] greedy ep301 games=  96 dec= 17213 rows= 16387 horizon=0.20 L=0.00217 L/var=0.01 tgt=-0.099/0.444 pstd=0.389 gen=0.1s train=0.3s
[t= 168.2s] greedy ep302 games=  96 dec= 18057 rows= 17273 horizon=0.28 L=0.00215 L/var=0.02 tgt=-0.096/0.370 pstd=0.385 gen=0.1s train=0.3s
[t= 168.8s] greedy ep303 games=  96 dec= 18472 rows= 17674 horizon=0.27 L=0.00257 L/var=0.02 tgt=-0.067/0.387 pstd=0.391 gen=0.1s train=0.4s
[t= 169.4s] greedy ep304 games=  96 dec= 18765 rows= 17911 horizon=0.28 L=0.00241 L/var=0.01 tgt=-0.079/0.402 pstd=0.387 gen=0.1s train=0.4s
[t= 170.0s] greedy ep305 games=  96 dec= 18920 rows= 18063 horizon=0.30 L=0.00219 L/var=0.01 tgt=-0.080/0.411 pstd=0.387 gen=0.1s train=0.4s
[t= 170.6s] greedy ep306 games=  96 dec= 17774 rows= 17037 horizon=0.28 L=0.00211 L/var=0.01 tgt=-0.069/0.396 pstd=0.390 gen=0.1s train=0.3s
[t= 171.2s] greedy ep307 games=  96 dec= 18984 rows= 18227 horizon=0.30 L=0.00204 L/var=0.01 tgt=-0.070/0.396 pstd=0.388 gen=0.1s train=0.4s
[t= 171.7s] greedy ep308 games=  96 dec= 17980 rows= 17203 horizon=0.27 L=0.00245 L/var=0.01 tgt=-0.059/0.416 pstd=0.387 gen=0.1s train=0.3s
[t= 172.3s] greedy ep309 games=  96 dec= 17823 rows= 17014 horizon=0.24 L=0.00230 L/var=0.02 tgt=-0.072/0.376 pstd=0.388 gen=0.1s train=0.3s
[t= 172.8s] greedy ep310 games=  96 dec= 17653 rows= 16923 horizon=0.24 L=0.00244 L/var=0.02 tgt=-0.064/0.388 pstd=0.386 gen=0.1s train=0.3s
[t= 173.4s] greedy ep311 games=  96 dec= 18583 rows= 17799 horizon=0.32 L=0.00255 L/var=0.02 tgt=-0.053/0.393 pstd=0.388 gen=0.1s train=0.4s
[t= 174.0s] greedy ep312 games=  96 dec= 17339 rows= 16557 horizon=0.25 L=0.00320 L/var=0.02 tgt=-0.063/0.407 pstd=0.391 gen=0.1s train=0.3s
[t= 174.6s] greedy ep313 games=  96 dec= 19183 rows= 18295 horizon=0.31 L=0.00288 L/var=0.02 tgt=-0.071/0.392 pstd=0.388 gen=0.1s train=0.4s
[t= 175.2s] greedy ep314 games=  96 dec= 18273 rows= 17523 horizon=0.25 L=0.00371 L/var=0.02 tgt=-0.099/0.423 pstd=0.377 gen=0.1s train=0.4s
[t= 175.8s] greedy ep315 games=  96 dec= 19164 rows= 18350 horizon=0.39 L=0.00333 L/var=0.02 tgt=-0.084/0.426 pstd=0.391 gen=0.1s train=0.4s
[t= 176.4s] greedy ep316 games=  96 dec= 18059 rows= 17362 horizon=0.28 L=0.00249 L/var=0.02 tgt=-0.065/0.405 pstd=0.388 gen=0.1s train=0.3s
[t= 177.0s] greedy ep317 games=  96 dec= 18294 rows= 17503 horizon=0.27 L=0.00212 L/var=0.01 tgt=-0.064/0.411 pstd=0.391 gen=0.1s train=0.4s
[t= 177.6s] greedy ep318 games=  96 dec= 18946 rows= 18170 horizon=0.26 L=0.00227 L/var=0.01 tgt=-0.054/0.402 pstd=0.387 gen=0.1s train=0.4s
[t= 178.2s] greedy ep319 games=  96 dec= 18853 rows= 18071 horizon=0.30 L=0.00251 L/var=0.02 tgt=-0.051/0.386 pstd=0.385 gen=0.1s train=0.4s
[t= 178.7s] greedy ep320 games=  96 dec= 18675 rows= 17899 horizon=0.34 L=0.00242 L/var=0.02 tgt=-0.071/0.401 pstd=0.385 gen=0.1s train=0.4s
[t= 179.3s] greedy ep321 games=  96 dec= 18684 rows= 17954 horizon=0.33 L=0.00201 L/var=0.01 tgt=-0.088/0.408 pstd=0.391 gen=0.1s train=0.4s
[t= 179.9s] greedy ep322 games=  96 dec= 17956 rows= 17155 horizon=0.22 L=0.00211 L/var=0.01 tgt=-0.061/0.403 pstd=0.386 gen=0.1s train=0.3s
[t= 180.6s] greedy ep323 games=  96 dec= 18463 rows= 17696 horizon=0.33 L=0.00221 L/var=0.01 tgt=-0.068/0.419 pstd=0.387 gen=0.1s train=0.4s
[t= 181.2s] greedy ep324 games=  96 dec= 17979 rows= 17183 horizon=0.27 L=0.00300 L/var=0.02 tgt=-0.071/0.372 pstd=0.387 gen=0.1s train=0.3s
[t= 181.8s] greedy ep325 games=  96 dec= 18502 rows= 17753 horizon=0.28 L=0.00238 L/var=0.01 tgt=-0.062/0.415 pstd=0.382 gen=0.1s train=0.4s
[t= 182.4s] greedy ep326 games=  96 dec= 18799 rows= 17939 horizon=0.31 L=0.00328 L/var=0.02 tgt=-0.066/0.407 pstd=0.386 gen=0.1s train=0.4s
[t= 183.0s] greedy ep327 games=  96 dec= 18593 rows= 17675 horizon=0.25 L=0.00374 L/var=0.02 tgt=-0.079/0.406 pstd=0.392 gen=0.1s train=0.4s
[t= 183.6s] greedy ep328 games=  96 dec= 18833 rows= 17945 horizon=0.30 L=0.00582 L/var=0.04 tgt=-0.076/0.392 pstd=0.401 gen=0.1s train=0.4s
[t= 184.1s] greedy ep329 games=  96 dec= 17863 rows= 17140 horizon=0.28 L=0.00597 L/var=0.04 tgt=-0.076/0.382 pstd=0.368 gen=0.1s train=0.3s
[t= 184.7s] greedy ep330 games=  96 dec= 17917 rows= 17202 horizon=0.22 L=0.00341 L/var=0.02 tgt=-0.078/0.379 pstd=0.385 gen=0.1s train=0.3s
[t= 185.3s] greedy ep331 games=  96 dec= 19048 rows= 18299 horizon=0.30 L=0.00302 L/var=0.02 tgt=-0.065/0.407 pstd=0.385 gen=0.1s train=0.4s
[t= 185.9s] greedy ep332 games=  96 dec= 19421 rows= 18605 horizon=0.41 L=0.00240 L/var=0.01 tgt=-0.081/0.407 pstd=0.386 gen=0.1s train=0.4s
[t= 186.5s] greedy ep333 games=  96 dec= 18794 rows= 18006 horizon=0.29 L=0.00229 L/var=0.01 tgt=-0.083/0.395 pstd=0.388 gen=0.1s train=0.4s
[t= 187.1s] greedy ep334 games=  96 dec= 18745 rows= 17964 horizon=0.32 L=0.00231 L/var=0.01 tgt=-0.050/0.414 pstd=0.386 gen=0.1s train=0.4s
[t= 187.7s] greedy ep335 games=  96 dec= 18224 rows= 17513 horizon=0.28 L=0.00239 L/var=0.01 tgt=-0.065/0.401 pstd=0.390 gen=0.1s train=0.4s
[t= 188.3s] greedy ep336 games=  96 dec= 18089 rows= 17361 horizon=0.29 L=0.00301 L/var=0.02 tgt=-0.083/0.383 pstd=0.389 gen=0.1s train=0.3s
[t= 188.8s] greedy ep337 games=  96 dec= 18070 rows= 17224 horizon=0.23 L=0.00240 L/var=0.02 tgt=-0.064/0.395 pstd=0.388 gen=0.1s train=0.3s
[t= 189.4s] greedy ep338 games=  96 dec= 17719 rows= 16938 horizon=0.21 L=0.00196 L/var=0.01 tgt=-0.083/0.412 pstd=0.386 gen=0.1s train=0.3s
[t= 190.0s] greedy ep339 games=  96 dec= 18859 rows= 18081 horizon=0.34 L=0.00195 L/var=0.01 tgt=-0.085/0.416 pstd=0.390 gen=0.1s train=0.4s
[t= 190.6s] greedy ep340 games=  96 dec= 18567 rows= 17767 horizon=0.29 L=0.00208 L/var=0.01 tgt=-0.059/0.386 pstd=0.386 gen=0.1s train=0.4s
[t= 191.2s] greedy ep341 games=  96 dec= 18208 rows= 17504 horizon=0.29 L=0.00207 L/var=0.01 tgt=-0.104/0.415 pstd=0.392 gen=0.1s train=0.4s
[t= 191.9s] greedy ep342 games=  96 dec= 18150 rows= 17456 horizon=0.29 L=0.00239 L/var=0.01 tgt=-0.063/0.404 pstd=0.387 gen=0.1s train=0.4s
[t= 192.5s] greedy ep343 games=  96 dec= 18854 rows= 18135 horizon=0.30 L=0.00203 L/var=0.01 tgt=-0.072/0.406 pstd=0.386 gen=0.1s train=0.4s
[t= 193.1s] greedy ep344 games=  96 dec= 17494 rows= 16776 horizon=0.24 L=0.00210 L/var=0.01 tgt=-0.105/0.435 pstd=0.391 gen=0.1s train=0.3s
[t= 193.7s] greedy ep345 games=  96 dec= 19433 rows= 18651 horizon=0.36 L=0.00187 L/var=0.01 tgt=-0.101/0.411 pstd=0.386 gen=0.1s train=0.4s
[t= 194.2s] greedy ep346 games=  96 dec= 17823 rows= 17051 horizon=0.29 L=0.00204 L/var=0.01 tgt=-0.069/0.404 pstd=0.387 gen=0.1s train=0.3s
[t= 194.8s] greedy ep347 games=  96 dec= 18564 rows= 17742 horizon=0.30 L=0.00229 L/var=0.01 tgt=-0.088/0.433 pstd=0.388 gen=0.1s train=0.4s
[t= 195.4s] greedy ep348 games=  96 dec= 18245 rows= 17521 horizon=0.29 L=0.00238 L/var=0.01 tgt=-0.082/0.405 pstd=0.387 gen=0.1s train=0.4s
[t= 196.1s] greedy ep349 games=  96 dec= 19112 rows= 18344 horizon=0.31 L=0.00211 L/var=0.01 tgt=-0.070/0.397 pstd=0.390 gen=0.1s train=0.4s
[t= 196.7s] greedy ep350 games=  96 dec= 18516 rows= 17848 horizon=0.31 L=0.00193 L/var=0.01 tgt=-0.062/0.408 pstd=0.389 gen=0.1s train=0.4s
[t= 197.2s] greedy ep351 games=  96 dec= 17948 rows= 17243 horizon=0.28 L=0.00219 L/var=0.01 tgt=-0.079/0.409 pstd=0.390 gen=0.1s train=0.3s
[t= 197.8s] greedy ep352 games=  96 dec= 18477 rows= 17743 horizon=0.29 L=0.00239 L/var=0.02 tgt=-0.067/0.378 pstd=0.389 gen=0.1s train=0.4s
[t= 198.4s] greedy ep353 games=  96 dec= 18129 rows= 17317 horizon=0.28 L=0.00314 L/var=0.02 tgt=-0.078/0.427 pstd=0.390 gen=0.1s train=0.3s
[t= 198.9s] greedy ep354 games=  96 dec= 18145 rows= 17391 horizon=0.29 L=0.00272 L/var=0.01 tgt=-0.098/0.427 pstd=0.378 gen=0.1s train=0.3s
[t= 199.6s] greedy ep355 games=  96 dec= 19174 rows= 18396 horizon=0.35 L=0.00245 L/var=0.01 tgt=-0.089/0.435 pstd=0.393 gen=0.1s train=0.4s
[t= 200.1s] greedy ep356 games=  96 dec= 17628 rows= 16879 horizon=0.22 L=0.00327 L/var=0.02 tgt=-0.091/0.417 pstd=0.373 gen=0.1s train=0.3s
[t= 200.7s] greedy ep357 games=  96 dec= 18292 rows= 17458 horizon=0.28 L=0.00699 L/var=0.04 tgt=-0.061/0.397 pstd=0.373 gen=0.1s train=0.4s
[t= 201.3s] greedy ep358 games=  96 dec= 17705 rows= 16980 horizon=0.22 L=0.00342 L/var=0.02 tgt=-0.060/0.415 pstd=0.377 gen=0.1s train=0.3s
[t= 201.8s] greedy ep359 games=  96 dec= 17753 rows= 16946 horizon=0.22 L=0.00269 L/var=0.02 tgt=-0.073/0.421 pstd=0.399 gen=0.1s train=0.3s
[t= 202.4s] greedy ep360 games=  96 dec= 17360 rows= 16588 horizon=0.22 L=0.00230 L/var=0.01 tgt=-0.089/0.402 pstd=0.385 gen=0.1s train=0.3s
[t= 202.9s] greedy ep361 games=  96 dec= 18083 rows= 17331 horizon=0.29 L=0.00238 L/var=0.01 tgt=-0.087/0.415 pstd=0.390 gen=0.1s train=0.3s
[t= 203.6s] greedy ep362 games=  96 dec= 18592 rows= 17769 horizon=0.20 L=0.00204 L/var=0.01 tgt=-0.090/0.405 pstd=0.386 gen=0.1s train=0.4s
[t= 204.1s] greedy ep363 games=  96 dec= 17865 rows= 17109 horizon=0.18 L=0.00210 L/var=0.01 tgt=-0.071/0.398 pstd=0.385 gen=0.1s train=0.3s
[t= 204.7s] greedy ep364 games=  96 dec= 18647 rows= 17823 horizon=0.31 L=0.00190 L/var=0.01 tgt=-0.080/0.407 pstd=0.391 gen=0.1s train=0.4s
[t= 205.3s] greedy ep365 games=  96 dec= 18671 rows= 17859 horizon=0.28 L=0.00209 L/var=0.01 tgt=-0.082/0.396 pstd=0.388 gen=0.1s train=0.4s
[t= 205.9s] greedy ep366 games=  96 dec= 18873 rows= 18140 horizon=0.32 L=0.00208 L/var=0.01 tgt=-0.070/0.406 pstd=0.389 gen=0.1s train=0.4s
[t= 206.5s] greedy ep367 games=  96 dec= 18622 rows= 17895 horizon=0.29 L=0.00216 L/var=0.01 tgt=-0.074/0.431 pstd=0.385 gen=0.1s train=0.4s
[t= 207.0s] greedy ep368 games=  96 dec= 17915 rows= 17116 horizon=0.26 L=0.00178 L/var=0.01 tgt=-0.076/0.406 pstd=0.387 gen=0.1s train=0.3s
[t= 207.7s] greedy ep369 games=  96 dec= 18958 rows= 18188 horizon=0.36 L=0.00186 L/var=0.01 tgt=-0.068/0.401 pstd=0.386 gen=0.1s train=0.4s
[t= 208.3s] greedy ep370 games=  96 dec= 18740 rows= 17982 horizon=0.34 L=0.00181 L/var=0.01 tgt=-0.062/0.397 pstd=0.390 gen=0.1s train=0.4s
[t= 208.9s] greedy ep371 games=  96 dec= 18730 rows= 17930 horizon=0.32 L=0.00182 L/var=0.01 tgt=-0.070/0.396 pstd=0.389 gen=0.1s train=0.4s
[t= 209.5s] greedy ep372 games=  96 dec= 18305 rows= 17536 horizon=0.28 L=0.00192 L/var=0.01 tgt=-0.080/0.403 pstd=0.390 gen=0.1s train=0.4s
[t= 210.1s] greedy ep373 games=  96 dec= 18752 rows= 17976 horizon=0.35 L=0.00238 L/var=0.02 tgt=-0.070/0.391 pstd=0.380 gen=0.1s train=0.4s
[t= 210.7s] greedy ep374 games=  96 dec= 18772 rows= 17932 horizon=0.26 L=0.00246 L/var=0.02 tgt=-0.080/0.382 pstd=0.397 gen=0.1s train=0.4s
[t= 211.2s] greedy ep375 games=  96 dec= 18531 rows= 17777 horizon=0.26 L=0.00298 L/var=0.02 tgt=-0.073/0.379 pstd=0.377 gen=0.1s train=0.4s
[t= 211.8s] greedy ep376 games=  96 dec= 17605 rows= 16845 horizon=0.24 L=0.00275 L/var=0.02 tgt=-0.071/0.388 pstd=0.401 gen=0.1s train=0.3s
[t= 212.4s] greedy ep377 games=  96 dec= 18241 rows= 17463 horizon=0.32 L=0.00316 L/var=0.02 tgt=-0.087/0.422 pstd=0.384 gen=0.1s train=0.4s
[t= 213.0s] greedy ep378 games=  96 dec= 19633 rows= 18744 horizon=0.29 L=0.00202 L/var=0.01 tgt=-0.062/0.378 pstd=0.389 gen=0.1s train=0.4s
[t= 213.6s] greedy ep379 games=  96 dec= 18003 rows= 17258 horizon=0.26 L=0.00214 L/var=0.01 tgt=-0.055/0.379 pstd=0.389 gen=0.1s train=0.3s
[t= 214.1s] greedy ep380 games=  96 dec= 19317 rows= 18491 horizon=0.36 L=0.00238 L/var=0.01 tgt=-0.064/0.416 pstd=0.384 gen=0.1s train=0.4s
[t= 214.7s] greedy ep381 games=  96 dec= 17310 rows= 16536 horizon=0.18 L=0.00214 L/var=0.01 tgt=-0.061/0.399 pstd=0.397 gen=0.1s train=0.3s
[t= 215.2s] greedy ep382 games=  96 dec= 17866 rows= 17236 horizon=0.29 L=0.00267 L/var=0.02 tgt=-0.056/0.401 pstd=0.382 gen=0.1s train=0.3s
[t= 215.8s] greedy ep383 games=  96 dec= 18965 rows= 18169 horizon=0.33 L=0.00242 L/var=0.02 tgt=-0.071/0.364 pstd=0.392 gen=0.1s train=0.4s
[t= 216.4s] greedy ep384 games=  96 dec= 18936 rows= 18080 horizon=0.31 L=0.00192 L/var=0.01 tgt=-0.087/0.398 pstd=0.387 gen=0.1s train=0.4s
[t= 217.0s] greedy ep385 games=  96 dec= 19401 rows= 18676 horizon=0.40 L=0.00172 L/var=0.01 tgt=-0.087/0.391 pstd=0.390 gen=0.1s train=0.4s
[t= 217.6s] greedy ep386 games=  96 dec= 17838 rows= 17042 horizon=0.25 L=0.00195 L/var=0.01 tgt=-0.075/0.394 pstd=0.385 gen=0.1s train=0.3s
[t= 218.1s] greedy ep387 games=  96 dec= 18027 rows= 17288 horizon=0.28 L=0.00180 L/var=0.01 tgt=-0.072/0.401 pstd=0.391 gen=0.1s train=0.3s
[t= 218.7s] greedy ep388 games=  96 dec= 18295 rows= 17455 horizon=0.23 L=0.00195 L/var=0.01 tgt=-0.087/0.378 pstd=0.385 gen=0.1s train=0.4s
[t= 219.3s] greedy ep389 games=  96 dec= 18497 rows= 17811 horizon=0.29 L=0.00235 L/var=0.01 tgt=-0.079/0.406 pstd=0.387 gen=0.1s train=0.4s
[t= 219.9s] greedy ep390 games=  96 dec= 18738 rows= 17942 horizon=0.33 L=0.00245 L/var=0.02 tgt=-0.061/0.402 pstd=0.393 gen=0.1s train=0.4s
[t= 220.4s] greedy ep391 games=  96 dec= 17933 rows= 17136 horizon=0.26 L=0.00266 L/var=0.01 tgt=-0.077/0.432 pstd=0.382 gen=0.1s train=0.3s
[t= 221.0s] greedy ep392 games=  96 dec= 18767 rows= 17978 horizon=0.31 L=0.00314 L/var=0.02 tgt=-0.086/0.405 pstd=0.394 gen=0.1s train=0.4s
[t= 221.6s] greedy ep393 games=  96 dec= 18988 rows= 18120 horizon=0.28 L=0.00253 L/var=0.02 tgt=-0.072/0.407 pstd=0.385 gen=0.1s train=0.4s
[t= 222.1s] greedy ep394 games=  96 dec= 17842 rows= 17060 horizon=0.20 L=0.00200 L/var=0.01 tgt=-0.081/0.401 pstd=0.392 gen=0.1s train=0.3s
[t= 222.7s] greedy ep395 games=  96 dec= 18414 rows= 17709 horizon=0.30 L=0.00192 L/var=0.01 tgt=-0.083/0.411 pstd=0.387 gen=0.1s train=0.4s
[t= 223.3s] greedy ep396 games=  96 dec= 18295 rows= 17490 horizon=0.32 L=0.00170 L/var=0.01 tgt=-0.064/0.377 pstd=0.387 gen=0.1s train=0.4s
[t= 223.9s] greedy ep397 games=  96 dec= 17385 rows= 16674 horizon=0.23 L=0.00169 L/var=0.01 tgt=-0.071/0.420 pstd=0.391 gen=0.1s train=0.3s
[t= 224.4s] greedy ep398 games=  96 dec= 18658 rows= 17776 horizon=0.25 L=0.00192 L/var=0.01 tgt=-0.080/0.409 pstd=0.387 gen=0.1s train=0.4s
[t= 225.0s] greedy ep399 games=  96 dec= 19280 rows= 18500 horizon=0.34 L=0.00193 L/var=0.01 tgt=-0.079/0.396 pstd=0.393 gen=0.1s train=0.4s
[t= 225.6s] greedy ep400 games=  96 dec= 17764 rows= 17024 horizon=0.26 L=0.00192 L/var=0.01 tgt=-0.063/0.376 pstd=0.388 gen=0.1s train=0.3s
[t= 226.2s] greedy ep401 games=  96 dec= 19315 rows= 18447 horizon=0.33 L=0.00191 L/var=0.01 tgt=-0.073/0.408 pstd=0.388 gen=0.1s train=0.4s
[t= 226.8s] greedy ep402 games=  96 dec= 18268 rows= 17507 horizon=0.30 L=0.00212 L/var=0.01 tgt=-0.073/0.398 pstd=0.388 gen=0.1s train=0.4s
[t= 227.4s] greedy ep403 games=  96 dec= 19240 rows= 18453 horizon=0.35 L=0.00187 L/var=0.01 tgt=-0.103/0.402 pstd=0.390 gen=0.1s train=0.4s
[t= 227.9s] greedy ep404 games=  96 dec= 17712 rows= 16959 horizon=0.26 L=0.00196 L/var=0.01 tgt=-0.072/0.392 pstd=0.387 gen=0.1s train=0.3s
[t= 228.5s] greedy ep405 games=  96 dec= 17806 rows= 17031 horizon=0.27 L=0.00219 L/var=0.01 tgt=-0.078/0.394 pstd=0.386 gen=0.1s train=0.3s
[t= 229.0s] greedy ep406 games=  96 dec= 17745 rows= 17044 horizon=0.29 L=0.00205 L/var=0.01 tgt=-0.077/0.406 pstd=0.393 gen=0.1s train=0.3s
[t= 229.4s] greedy ep407 games=  96 dec= 17948 rows= 17147 horizon=0.25 L=0.00237 L/var=0.02 tgt=-0.063/0.388 pstd=0.385 gen=0.1s train=0.2s
[t= 229.9s] greedy ep408 games=  96 dec= 17971 rows= 17197 horizon=0.26 L=0.00186 L/var=0.01 tgt=-0.099/0.418 pstd=0.390 gen=0.1s train=0.2s
[t= 230.4s] greedy ep409 games=  96 dec= 18268 rows= 17498 horizon=0.28 L=0.00186 L/var=0.01 tgt=-0.070/0.407 pstd=0.391 gen=0.1s train=0.3s
[t= 230.9s] greedy ep410 games=  96 dec= 18248 rows= 17468 horizon=0.28 L=0.00253 L/var=0.02 tgt=-0.061/0.386 pstd=0.389 gen=0.1s train=0.3s
[t= 231.4s] greedy ep411 games=  96 dec= 19358 rows= 18504 horizon=0.31 L=0.00191 L/var=0.01 tgt=-0.086/0.412 pstd=0.390 gen=0.1s train=0.3s
[t= 231.9s] greedy ep412 games=  96 dec= 18607 rows= 17766 horizon=0.28 L=0.00244 L/var=0.01 tgt=-0.075/0.409 pstd=0.387 gen=0.1s train=0.3s
[t= 232.5s] greedy ep413 games=  96 dec= 18979 rows= 18245 horizon=0.27 L=0.00281 L/var=0.02 tgt=-0.075/0.408 pstd=0.388 gen=0.1s train=0.3s
[t= 232.9s] greedy ep414 games=  96 dec= 17985 rows= 17145 horizon=0.25 L=0.00179 L/var=0.01 tgt=-0.073/0.420 pstd=0.389 gen=0.1s train=0.2s
[t= 233.4s] greedy ep415 games=  96 dec= 17919 rows= 17151 horizon=0.26 L=0.00162 L/var=0.01 tgt=-0.062/0.385 pstd=0.385 gen=0.1s train=0.3s
[t= 233.9s] greedy ep416 games=  96 dec= 19259 rows= 18406 horizon=0.35 L=0.00166 L/var=0.01 tgt=-0.086/0.378 pstd=0.390 gen=0.1s train=0.3s
[t= 234.4s] greedy ep417 games=  96 dec= 17874 rows= 17144 horizon=0.24 L=0.00201 L/var=0.01 tgt=-0.066/0.389 pstd=0.385 gen=0.1s train=0.3s
[t= 234.9s] greedy ep418 games=  96 dec= 18434 rows= 17741 horizon=0.28 L=0.00182 L/var=0.01 tgt=-0.089/0.394 pstd=0.386 gen=0.1s train=0.3s
[t= 235.4s] greedy ep419 games=  96 dec= 17755 rows= 16946 horizon=0.24 L=0.00159 L/var=0.01 tgt=-0.070/0.387 pstd=0.391 gen=0.1s train=0.2s
[t= 235.9s] greedy ep420 games=  96 dec= 18209 rows= 17479 horizon=0.27 L=0.00158 L/var=0.01 tgt=-0.136/0.426 pstd=0.387 gen=0.1s train=0.3s
[t= 236.4s] greedy ep421 games=  96 dec= 18894 rows= 18069 horizon=0.29 L=0.00183 L/var=0.01 tgt=-0.092/0.386 pstd=0.389 gen=0.1s train=0.3s
[t= 236.9s] greedy ep422 games=  96 dec= 18993 rows= 18159 horizon=0.28 L=0.00171 L/var=0.01 tgt=-0.079/0.390 pstd=0.390 gen=0.1s train=0.3s
[t= 237.4s] greedy ep423 games=  96 dec= 18857 rows= 18127 horizon=0.34 L=0.00251 L/var=0.02 tgt=-0.072/0.389 pstd=0.384 gen=0.1s train=0.3s
[t= 237.9s] greedy ep424 games=  96 dec= 18095 rows= 17311 horizon=0.26 L=0.00305 L/var=0.02 tgt=-0.057/0.402 pstd=0.390 gen=0.1s train=0.3s
[t= 238.4s] greedy ep425 games=  96 dec= 18555 rows= 17676 horizon=0.25 L=0.00259 L/var=0.02 tgt=-0.088/0.406 pstd=0.381 gen=0.1s train=0.3s
[t= 238.9s] greedy ep426 games=  96 dec= 17883 rows= 17050 horizon=0.30 L=0.00267 L/var=0.01 tgt=-0.084/0.425 pstd=0.394 gen=0.1s train=0.2s
[t= 239.4s] greedy ep427 games=  96 dec= 18471 rows= 17775 horizon=0.29 L=0.00518 L/var=0.03 tgt=-0.100/0.420 pstd=0.351 gen=0.1s train=0.3s
[t= 239.9s] greedy ep428 games=  96 dec= 18081 rows= 17315 horizon=0.27 L=0.01211 L/var=0.07 tgt=-0.089/0.421 pstd=0.395 gen=0.1s train=0.2s
[t= 240.4s] greedy ep429 games=  96 dec= 18482 rows= 17686 horizon=0.32 L=0.00745 L/var=0.05 tgt=-0.080/0.397 pstd=0.346 gen=0.1s train=0.3s
[t= 240.9s] greedy ep430 games=  96 dec= 17868 rows= 17160 horizon=0.28 L=0.00540 L/var=0.03 tgt=-0.086/0.400 pstd=0.392 gen=0.1s train=0.3s
[t= 241.4s] greedy ep431 games=  96 dec= 19091 rows= 18326 horizon=0.33 L=0.00349 L/var=0.02 tgt=-0.069/0.386 pstd=0.381 gen=0.1s train=0.3s
[t= 241.9s] greedy ep432 games=  96 dec= 19122 rows= 18278 horizon=0.34 L=0.00258 L/var=0.01 tgt=-0.071/0.423 pstd=0.388 gen=0.1s train=0.3s
[t= 242.4s] greedy ep433 games=  96 dec= 18484 rows= 17644 horizon=0.28 L=0.00196 L/var=0.01 tgt=-0.047/0.381 pstd=0.390 gen=0.1s train=0.3s
[t= 242.9s] greedy ep434 games=  96 dec= 19637 rows= 18722 horizon=0.29 L=0.00185 L/var=0.01 tgt=-0.076/0.412 pstd=0.384 gen=0.1s train=0.3s
[t= 243.4s] greedy ep435 games=  96 dec= 18821 rows= 18046 horizon=0.32 L=0.00164 L/var=0.01 tgt=-0.076/0.436 pstd=0.395 gen=0.1s train=0.3s
[t= 243.9s] greedy ep436 games=  96 dec= 19156 rows= 18407 horizon=0.35 L=0.00156 L/var=0.01 tgt=-0.072/0.410 pstd=0.386 gen=0.1s train=0.3s
[t= 244.4s] greedy ep437 games=  96 dec= 18757 rows= 17984 horizon=0.30 L=0.00154 L/var=0.01 tgt=-0.070/0.394 pstd=0.392 gen=0.1s train=0.3s
[t= 244.9s] greedy ep438 games=  96 dec= 18690 rows= 17995 horizon=0.39 L=0.00149 L/var=0.01 tgt=-0.064/0.399 pstd=0.388 gen=0.1s train=0.3s
[t= 245.4s] greedy ep439 games=  96 dec= 18599 rows= 17834 horizon=0.30 L=0.00181 L/var=0.01 tgt=-0.072/0.387 pstd=0.389 gen=0.1s train=0.3s
[t= 245.9s] greedy ep440 games=  96 dec= 19210 rows= 18361 horizon=0.30 L=0.00154 L/var=0.01 tgt=-0.078/0.387 pstd=0.388 gen=0.1s train=0.3s
[t= 246.4s] greedy ep441 games=  96 dec= 18465 rows= 17674 horizon=0.30 L=0.00143 L/var=0.01 tgt=-0.066/0.387 pstd=0.389 gen=0.1s train=0.3s
[t= 246.9s] greedy ep442 games=  96 dec= 18445 rows= 17750 horizon=0.31 L=0.00152 L/var=0.01 tgt=-0.067/0.390 pstd=0.390 gen=0.1s train=0.3s
[t= 247.4s] greedy ep443 games=  96 dec= 18245 rows= 17477 horizon=0.28 L=0.00147 L/var=0.01 tgt=-0.061/0.408 pstd=0.388 gen=0.1s train=0.3s
[t= 247.9s] greedy ep444 games=  96 dec= 18441 rows= 17776 horizon=0.33 L=0.00145 L/var=0.01 tgt=-0.061/0.386 pstd=0.390 gen=0.1s train=0.3s
[t= 248.4s] greedy ep445 games=  96 dec= 18031 rows= 17185 horizon=0.22 L=0.00149 L/var=0.01 tgt=-0.096/0.418 pstd=0.389 gen=0.1s train=0.3s
[t= 249.0s] greedy ep446 games=  96 dec= 18550 rows= 17736 horizon=0.31 L=0.00155 L/var=0.01 tgt=-0.077/0.388 pstd=0.390 gen=0.1s train=0.3s
[t= 249.5s] greedy ep447 games=  96 dec= 19386 rows= 18553 horizon=0.34 L=0.00143 L/var=0.01 tgt=-0.074/0.432 pstd=0.387 gen=0.1s train=0.3s
[t= 250.0s] greedy ep448 games=  96 dec= 17939 rows= 17128 horizon=0.24 L=0.00146 L/var=0.01 tgt=-0.073/0.415 pstd=0.390 gen=0.1s train=0.2s
[t= 250.4s] greedy ep449 games=  96 dec= 18155 rows= 17334 horizon=0.31 L=0.00141 L/var=0.01 tgt=-0.066/0.382 pstd=0.391 gen=0.1s train=0.3s
[t= 251.0s] greedy ep450 games=  96 dec= 18219 rows= 17514 horizon=0.31 L=0.00141 L/var=0.01 tgt=-0.091/0.432 pstd=0.390 gen=0.1s train=0.3s
[t= 251.5s] greedy ep451 games=  96 dec= 18143 rows= 17359 horizon=0.23 L=0.00154 L/var=0.01 tgt=-0.086/0.412 pstd=0.391 gen=0.1s train=0.3s
[t= 252.1s] greedy ep452 games=  96 dec= 19031 rows= 18176 horizon=0.34 L=0.00166 L/var=0.01 tgt=-0.111/0.442 pstd=0.386 gen=0.1s train=0.4s
[t= 252.7s] greedy ep453 games=  96 dec= 18718 rows= 18008 horizon=0.28 L=0.00181 L/var=0.01 tgt=-0.069/0.401 pstd=0.391 gen=0.1s train=0.4s
[t= 253.3s] greedy ep454 games=  96 dec= 18994 rows= 18162 horizon=0.29 L=0.00167 L/var=0.01 tgt=-0.074/0.384 pstd=0.390 gen=0.1s train=0.4s
[t= 253.9s] greedy ep455 games=  96 dec= 17945 rows= 17150 horizon=0.28 L=0.00149 L/var=0.01 tgt=-0.082/0.409 pstd=0.389 gen=0.1s train=0.3s
[t= 254.5s] greedy ep456 games=  96 dec= 18494 rows= 17648 horizon=0.29 L=0.00132 L/var=0.01 tgt=-0.059/0.404 pstd=0.390 gen=0.1s train=0.4s
[t= 255.1s] greedy ep457 games=  96 dec= 18397 rows= 17540 horizon=0.21 L=0.00135 L/var=0.01 tgt=-0.060/0.403 pstd=0.392 gen=0.1s train=0.4s
[t= 255.7s] greedy ep458 games=  96 dec= 18842 rows= 18049 horizon=0.33 L=0.00163 L/var=0.01 tgt=-0.080/0.372 pstd=0.386 gen=0.1s train=0.4s
[t= 256.3s] greedy ep459 games=  96 dec= 18644 rows= 17822 horizon=0.27 L=0.00158 L/var=0.01 tgt=-0.081/0.386 pstd=0.390 gen=0.1s train=0.4s
[t= 256.9s] greedy ep460 games=  96 dec= 18830 rows= 18071 horizon=0.34 L=0.00143 L/var=0.01 tgt=-0.064/0.410 pstd=0.390 gen=0.1s train=0.4s
[t= 257.5s] greedy ep461 games=  96 dec= 18056 rows= 17352 horizon=0.26 L=0.00149 L/var=0.01 tgt=-0.081/0.400 pstd=0.387 gen=0.1s train=0.3s
[t= 258.1s] greedy ep462 games=  96 dec= 18711 rows= 17819 horizon=0.26 L=0.00142 L/var=0.01 tgt=-0.096/0.413 pstd=0.392 gen=0.1s train=0.4s
[t= 258.7s] greedy ep463 games=  96 dec= 18732 rows= 17967 horizon=0.31 L=0.00161 L/var=0.01 tgt=-0.083/0.407 pstd=0.388 gen=0.1s train=0.4s
[t= 259.2s] greedy ep464 games=  96 dec= 17950 rows= 17114 horizon=0.26 L=0.00148 L/var=0.01 tgt=-0.049/0.387 pstd=0.392 gen=0.1s train=0.3s
[t= 259.8s] greedy ep465 games=  96 dec= 17656 rows= 16822 horizon=0.20 L=0.00209 L/var=0.01 tgt=-0.065/0.397 pstd=0.388 gen=0.1s train=0.3s
[t= 260.4s] greedy ep466 games=  96 dec= 19117 rows= 18299 horizon=0.33 L=0.00151 L/var=0.01 tgt=-0.075/0.406 pstd=0.389 gen=0.1s train=0.4s
[t= 261.0s] greedy ep467 games=  96 dec= 18731 rows= 17933 horizon=0.26 L=0.00146 L/var=0.01 tgt=-0.078/0.395 pstd=0.390 gen=0.1s train=0.4s
[t= 261.5s] greedy ep468 games=  96 dec= 17855 rows= 17142 horizon=0.24 L=0.00166 L/var=0.01 tgt=-0.083/0.405 pstd=0.390 gen=0.1s train=0.3s
[t= 262.1s] greedy ep469 games=  96 dec= 19195 rows= 18301 horizon=0.33 L=0.00147 L/var=0.01 tgt=-0.084/0.423 pstd=0.388 gen=0.1s train=0.4s
[t= 262.8s] greedy ep470 games=  96 dec= 19291 rows= 18541 horizon=0.34 L=0.00169 L/var=0.01 tgt=-0.077/0.400 pstd=0.386 gen=0.1s train=0.4s
[t= 263.4s] greedy ep471 games=  96 dec= 18309 rows= 17504 horizon=0.25 L=0.00163 L/var=0.01 tgt=-0.090/0.408 pstd=0.393 gen=0.1s train=0.4s
[t= 263.9s] greedy ep472 games=  96 dec= 17987 rows= 17204 horizon=0.26 L=0.00160 L/var=0.01 tgt=-0.092/0.431 pstd=0.387 gen=0.1s train=0.3s
[t= 264.5s] greedy ep473 games=  96 dec= 18857 rows= 18043 horizon=0.31 L=0.00157 L/var=0.01 tgt=-0.076/0.406 pstd=0.390 gen=0.1s train=0.4s
[t= 265.1s] greedy ep474 games=  96 dec= 17889 rows= 17137 horizon=0.29 L=0.00127 L/var=0.01 tgt=-0.084/0.390 pstd=0.387 gen=0.1s train=0.3s
[t= 265.7s] greedy ep475 games=  96 dec= 18110 rows= 17326 horizon=0.27 L=0.00138 L/var=0.01 tgt=-0.086/0.391 pstd=0.393 gen=0.1s train=0.3s
[t= 266.3s] greedy ep476 games=  96 dec= 19655 rows= 18805 horizon=0.38 L=0.00135 L/var=0.01 tgt=-0.074/0.395 pstd=0.388 gen=0.1s train=0.4s
[t= 266.9s] greedy ep477 games=  96 dec= 19034 rows= 18264 horizon=0.33 L=0.00133 L/var=0.01 tgt=-0.073/0.390 pstd=0.391 gen=0.1s train=0.4s
[t= 267.5s] greedy ep478 games=  96 dec= 18020 rows= 17329 horizon=0.31 L=0.00129 L/var=0.01 tgt=-0.065/0.402 pstd=0.389 gen=0.1s train=0.3s
[t= 268.1s] greedy ep479 games=  96 dec= 18305 rows= 17554 horizon=0.23 L=0.00241 L/var=0.01 tgt=-0.100/0.411 pstd=0.388 gen=0.1s train=0.4s
[t= 268.7s] greedy ep480 games=  96 dec= 18106 rows= 17291 horizon=0.28 L=0.00221 L/var=0.01 tgt=-0.077/0.415 pstd=0.394 gen=0.1s train=0.3s
[t= 269.3s] greedy ep481 games=  96 dec= 18492 rows= 17728 horizon=0.28 L=0.00218 L/var=0.01 tgt=-0.067/0.406 pstd=0.389 gen=0.1s train=0.4s
[t= 269.8s] greedy ep482 games=  96 dec= 18602 rows= 17830 horizon=0.35 L=0.00154 L/var=0.01 tgt=-0.087/0.407 pstd=0.390 gen=0.1s train=0.4s
[t= 270.4s] greedy ep483 games=  96 dec= 18675 rows= 17911 horizon=0.30 L=0.00144 L/var=0.01 tgt=-0.064/0.388 pstd=0.393 gen=0.1s train=0.3s
[t= 271.1s] greedy ep484 games=  96 dec= 18006 rows= 17152 horizon=0.26 L=0.00154 L/var=0.01 tgt=-0.073/0.413 pstd=0.385 gen=0.1s train=0.4s
[t= 271.6s] greedy ep485 games=  96 dec= 16861 rows= 16091 horizon=0.19 L=0.00128 L/var=0.01 tgt=-0.099/0.417 pstd=0.393 gen=0.1s train=0.3s
[t= 272.2s] greedy ep486 games=  96 dec= 18239 rows= 17484 horizon=0.27 L=0.00143 L/var=0.01 tgt=-0.073/0.419 pstd=0.387 gen=0.1s train=0.4s
[t= 272.8s] greedy ep487 games=  96 dec= 18252 rows= 17458 horizon=0.31 L=0.00139 L/var=0.01 tgt=-0.092/0.425 pstd=0.391 gen=0.1s train=0.4s
[t= 273.5s] greedy ep488 games=  96 dec= 18595 rows= 17837 horizon=0.28 L=0.00185 L/var=0.01 tgt=-0.071/0.407 pstd=0.392 gen=0.1s train=0.4s
[t= 274.1s] greedy ep489 games=  96 dec= 18452 rows= 17651 horizon=0.27 L=0.00126 L/var=0.01 tgt=-0.044/0.386 pstd=0.387 gen=0.1s train=0.4s
[t= 274.6s] greedy ep490 games=  96 dec= 18032 rows= 17211 horizon=0.23 L=0.00238 L/var=0.01 tgt=-0.053/0.406 pstd=0.393 gen=0.1s train=0.3s
[t= 275.1s] greedy ep491 games=  96 dec= 17883 rows= 17109 horizon=0.18 L=0.00233 L/var=0.02 tgt=-0.100/0.391 pstd=0.384 gen=0.1s train=0.3s
[t= 275.7s] greedy ep492 games=  96 dec= 18524 rows= 17705 horizon=0.32 L=0.00289 L/var=0.02 tgt=-0.098/0.412 pstd=0.405 gen=0.1s train=0.3s
[t= 276.3s] greedy ep493 games=  96 dec= 18021 rows= 17274 horizon=0.27 L=0.00724 L/var=0.04 tgt=-0.097/0.433 pstd=0.351 gen=0.1s train=0.3s
[t= 276.8s] greedy ep494 games=  96 dec= 18436 rows= 17623 horizon=0.28 L=0.00385 L/var=0.03 tgt=-0.082/0.381 pstd=0.400 gen=0.1s train=0.4s
[t= 277.4s] greedy ep495 games=  96 dec= 17835 rows= 17172 horizon=0.25 L=0.00224 L/var=0.01 tgt=-0.073/0.391 pstd=0.384 gen=0.1s train=0.3s
[t= 278.0s] greedy ep496 games=  96 dec= 18997 rows= 18229 horizon=0.32 L=0.00154 L/var=0.01 tgt=-0.058/0.379 pstd=0.396 gen=0.1s train=0.4s
[t= 278.6s] greedy ep497 games=  96 dec= 20061 rows= 19235 horizon=0.43 L=0.00135 L/var=0.01 tgt=-0.077/0.385 pstd=0.386 gen=0.1s train=0.4s
[t= 279.2s] greedy ep498 games=  96 dec= 18841 rows= 18066 horizon=0.28 L=0.00131 L/var=0.01 tgt=-0.072/0.403 pstd=0.392 gen=0.1s train=0.4s
[t= 279.8s] greedy ep499 games=  96 dec= 19184 rows= 18430 horizon=0.35 L=0.00125 L/var=0.01 tgt=-0.068/0.382 pstd=0.388 gen=0.1s train=0.4s
[t= 280.4s] greedy ep500 games=  96 dec= 18123 rows= 17332 horizon=0.26 L=0.00127 L/var=0.01 tgt=-0.073/0.418 pstd=0.390 gen=0.1s train=0.3s
[t= 281.0s] greedy ep501 games=  96 dec= 17777 rows= 17031 horizon=0.21 L=0.00117 L/var=0.01 tgt=-0.090/0.387 pstd=0.390 gen=0.1s train=0.3s
[t= 281.6s] greedy ep502 games=  96 dec= 18127 rows= 17386 horizon=0.24 L=0.00122 L/var=0.01 tgt=-0.083/0.397 pstd=0.390 gen=0.1s train=0.3s
[t= 282.1s] greedy ep503 games=  96 dec= 18130 rows= 17330 horizon=0.25 L=0.00129 L/var=0.01 tgt=-0.053/0.405 pstd=0.389 gen=0.1s train=0.3s
[t= 282.7s] greedy ep504 games=  96 dec= 19730 rows= 18996 horizon=0.42 L=0.00133 L/var=0.01 tgt=-0.084/0.399 pstd=0.389 gen=0.1s train=0.4s
[t= 283.4s] greedy ep505 games=  96 dec= 18685 rows= 17908 horizon=0.32 L=0.00150 L/var=0.01 tgt=-0.081/0.404 pstd=0.390 gen=0.1s train=0.4s
[t= 284.0s] greedy ep506 games=  96 dec= 19475 rows= 18641 horizon=0.36 L=0.00143 L/var=0.01 tgt=-0.057/0.389 pstd=0.389 gen=0.1s train=0.4s
[t= 284.6s] greedy ep507 games=  96 dec= 19216 rows= 18364 horizon=0.35 L=0.00130 L/var=0.01 tgt=-0.059/0.383 pstd=0.391 gen=0.1s train=0.4s
[t= 285.2s] greedy ep508 games=  96 dec= 17583 rows= 16799 horizon=0.21 L=0.00129 L/var=0.01 tgt=-0.063/0.424 pstd=0.390 gen=0.1s train=0.3s
[t= 285.8s] greedy ep509 games=  96 dec= 17891 rows= 17063 horizon=0.22 L=0.00129 L/var=0.01 tgt=-0.086/0.418 pstd=0.390 gen=0.1s train=0.3s
[t= 286.4s] greedy ep510 games=  96 dec= 18397 rows= 17602 horizon=0.30 L=0.00132 L/var=0.01 tgt=-0.067/0.411 pstd=0.391 gen=0.1s train=0.4s
[t= 287.1s] greedy ep511 games=  96 dec= 17728 rows= 16971 horizon=0.26 L=0.00113 L/var=0.01 tgt=-0.094/0.422 pstd=0.390 gen=0.1s train=0.4s
[t= 287.7s] greedy ep512 games=  96 dec= 17526 rows= 16741 horizon=0.26 L=0.00113 L/var=0.01 tgt=-0.051/0.400 pstd=0.389 gen=0.1s train=0.4s
[t= 288.3s] greedy ep513 games=  96 dec= 18877 rows= 18173 horizon=0.35 L=0.00121 L/var=0.01 tgt=-0.072/0.402 pstd=0.392 gen=0.1s train=0.4s
[t= 289.0s] greedy ep514 games=  96 dec= 18210 rows= 17442 horizon=0.27 L=0.00119 L/var=0.01 tgt=-0.101/0.401 pstd=0.389 gen=0.1s train=0.4s
[t= 289.6s] greedy ep515 games=  96 dec= 17716 rows= 17042 horizon=0.28 L=0.00136 L/var=0.01 tgt=-0.063/0.394 pstd=0.392 gen=0.1s train=0.4s
[t= 290.2s] greedy ep516 games=  96 dec= 18581 rows= 17765 horizon=0.32 L=0.00114 L/var=0.01 tgt=-0.074/0.414 pstd=0.388 gen=0.1s train=0.4s
[t= 290.8s] greedy ep517 games=  96 dec= 18509 rows= 17778 horizon=0.29 L=0.00113 L/var=0.01 tgt=-0.079/0.384 pstd=0.391 gen=0.1s train=0.4s
[t= 291.4s] greedy ep518 games=  96 dec= 17761 rows= 16994 horizon=0.25 L=0.00112 L/var=0.01 tgt=-0.081/0.402 pstd=0.390 gen=0.1s train=0.4s
[t= 292.0s] greedy ep519 games=  96 dec= 18663 rows= 17906 horizon=0.28 L=0.00109 L/var=0.01 tgt=-0.089/0.411 pstd=0.393 gen=0.1s train=0.4s
[t= 292.7s] greedy ep520 games=  96 dec= 18902 rows= 18084 horizon=0.35 L=0.00109 L/var=0.01 tgt=-0.063/0.341 pstd=0.391 gen=0.1s train=0.4s
[t= 293.3s] greedy ep521 games=  96 dec= 18239 rows= 17481 horizon=0.27 L=0.00106 L/var=0.01 tgt=-0.086/0.414 pstd=0.390 gen=0.1s train=0.4s
[t= 294.0s] greedy ep522 games=  96 dec= 19310 rows= 18542 horizon=0.36 L=0.00110 L/var=0.01 tgt=-0.078/0.411 pstd=0.389 gen=0.1s train=0.4s
[t= 294.5s] greedy ep523 games=  96 dec= 17099 rows= 16379 horizon=0.21 L=0.00234 L/var=0.02 tgt=-0.073/0.377 pstd=0.389 gen=0.1s train=0.4s
[t= 295.2s] greedy ep524 games=  96 dec= 18745 rows= 17954 horizon=0.31 L=0.00187 L/var=0.01 tgt=-0.056/0.404 pstd=0.391 gen=0.1s train=0.4s
[t= 295.8s] greedy ep525 games=  96 dec= 19080 rows= 18245 horizon=0.27 L=0.00163 L/var=0.01 tgt=-0.075/0.387 pstd=0.392 gen=0.1s train=0.4s
[t= 296.4s] greedy ep526 games=  96 dec= 18020 rows= 17202 horizon=0.26 L=0.00168 L/var=0.01 tgt=-0.068/0.395 pstd=0.389 gen=0.1s train=0.4s
[t= 297.1s] greedy ep527 games=  96 dec= 18118 rows= 17413 horizon=0.26 L=0.00154 L/var=0.01 tgt=-0.065/0.432 pstd=0.390 gen=0.1s train=0.4s
[t= 297.7s] greedy ep528 games=  96 dec= 18345 rows= 17544 horizon=0.29 L=0.00124 L/var=0.01 tgt=-0.080/0.416 pstd=0.390 gen=0.1s train=0.4s
[t= 298.4s] greedy ep529 games=  96 dec= 18723 rows= 17867 horizon=0.28 L=0.00152 L/var=0.01 tgt=-0.065/0.394 pstd=0.386 gen=0.1s train=0.4s
[t= 299.0s] greedy ep530 games=  96 dec= 18617 rows= 17844 horizon=0.33 L=0.00164 L/var=0.01 tgt=-0.067/0.398 pstd=0.391 gen=0.1s train=0.4s
[t= 299.6s] greedy ep531 games=  96 dec= 17977 rows= 17173 horizon=0.30 L=0.00123 L/var=0.01 tgt=-0.073/0.386 pstd=0.388 gen=0.1s train=0.4s
[t= 300.3s] greedy ep532 games=  96 dec= 18590 rows= 17788 horizon=0.29 L=0.00106 L/var=0.01 tgt=-0.087/0.399 pstd=0.390 gen=0.1s train=0.4s
[t= 300.3s] --- snapshot snap_00.pt (init) ---
[t= 300.3s] --- switching to GT-CFR ---
[t= 310.5s] GT-CFR solves=4616 rate=451.0/s rows=76085 games=9 caps=18 L=0.06979 L/var=1.15 tgt=-0.026/0.247 gen=0.44s train=0.79s gpu=0.00s
[t= 320.5s] GT-CFR solves=12696 rate=627.1/s rows=239450 games=49 caps=71 L=0.06850 L/var=0.67 tgt=-0.052/0.321 gen=0.36s train=2.30s gpu=0.00s
[t= 330.6s] GT-CFR solves=20272 rate=670.0/s rows=217060 games=41 caps=79 L=0.06826 L/var=0.59 tgt=-0.051/0.342 gen=0.37s train=2.10s gpu=0.00s
[t= 340.6s] GT-CFR solves=27768 rate=689.5/s rows=225222 games=37 caps=115 L=0.07183 L/var=0.66 tgt=-0.025/0.329 gen=0.38s train=2.17s gpu=0.00s
[t= 350.6s] GT-CFR solves=34712 rate=689.6/s rows=192737 games=35 caps=140 L=0.07078 L/var=0.79 tgt=-0.020/0.298 gen=0.40s train=1.86s gpu=0.00s
[t= 360.7s] GT-CFR solves=42464 rate=703.5/s rows=249596 games=36 caps=161 L=0.06694 L/var=0.58 tgt=-0.015/0.339 gen=0.35s train=2.43s gpu=0.00s
[t= 370.7s] GT-CFR solves=49840 rate=708.2/s rows=211665 games=40 caps=182 L=0.06888 L/var=0.85 tgt=-0.032/0.285 gen=0.40s train=1.97s gpu=0.00s
[t= 380.7s] GT-CFR solves=57472 rate=714.9/s rows=230278 games=36 caps=232 L=0.05931 L/var=0.54 tgt=-0.011/0.332 gen=0.36s train=2.18s gpu=0.00s
[t= 390.7s] GT-CFR solves=64936 rate=718.4/s rows=221179 games=38 caps=264 L=0.06370 L/var=0.64 tgt=-0.024/0.316 gen=0.38s train=2.11s gpu=0.00s
[t= 400.7s] GT-CFR solves=72832 rate=725.3/s rows=242964 games=38 caps=293 L=0.06633 L/var=0.59 tgt=-0.042/0.336 gen=0.39s train=2.33s gpu=0.00s
[t= 410.7s] GT-CFR solves=80184 rate=726.2/s rows=206583 games=40 caps=315 L=0.06628 L/var=0.51 tgt=-0.091/0.360 gen=0.38s train=1.96s gpu=0.00s
[t= 420.7s] GT-CFR solves=87264 rate=724.7/s rows=213317 games=40 caps=340 L=0.06458 L/var=0.71 tgt=-0.011/0.303 gen=0.40s train=2.02s gpu=0.00s
[t= 430.7s] GT-CFR solves=93656 rate=718.0/s rows=150064 games=36 caps=376 L=0.06568 L/var=0.60 tgt=-0.032/0.330 gen=0.44s train=1.45s gpu=0.00s
[t= 440.7s] GT-CFR solves=100016 rate=712.2/s rows=165962 games=32 caps=384 L=0.06491 L/var=0.60 tgt=-0.007/0.330 gen=0.44s train=1.55s gpu=0.00s
[t= 450.8s] GT-CFR solves=106320 rate=706.6/s rows=176797 games=37 caps=424 L=0.06543 L/var=0.71 tgt=-0.026/0.305 gen=0.41s train=1.72s gpu=0.00s
[t= 460.8s] GT-CFR solves=113248 rate=705.7/s rows=221996 games=33 caps=459 L=0.06590 L/var=0.77 tgt=-0.018/0.293 gen=0.41s train=2.09s gpu=0.00s
[t= 470.8s] GT-CFR solves=119976 rate=703.7/s rows=192847 games=37 caps=478 L=0.06321 L/var=0.54 tgt=-0.035/0.343 gen=0.50s train=1.85s gpu=0.00s
[t= 480.8s] GT-CFR solves=126784 rate=702.4/s rows=194825 games=33 caps=505 L=0.06266 L/var=0.60 tgt=-0.030/0.324 gen=0.44s train=1.82s gpu=0.00s
[t= 490.8s] GT-CFR solves=133712 rate=701.9/s rows=200828 games=41 caps=534 L=0.06160 L/var=0.57 tgt=+0.006/0.330 gen=0.38s train=1.80s gpu=0.00s
[t= 500.8s] GT-CFR solves=139688 rate=696.6/s rows=147993 games=36 caps=543 L=0.06153 L/var=0.63 tgt=-0.029/0.313 gen=0.49s train=1.33s gpu=0.00s
[t= 510.8s] GT-CFR solves=146568 rate=696.2/s rows=196407 games=35 caps=558 L=0.06237 L/var=0.72 tgt=-0.038/0.293 gen=0.47s train=1.81s gpu=0.00s
[t= 520.9s] GT-CFR solves=153328 rate=695.0/s rows=184465 games=35 caps=578 L=0.06081 L/var=0.69 tgt=-0.022/0.298 gen=0.41s train=1.75s gpu=0.00s
[t= 530.9s] GT-CFR solves=160400 rate=695.6/s rows=210105 games=34 caps=607 L=0.05954 L/var=0.59 tgt=-0.045/0.317 gen=0.39s train=1.99s gpu=0.00s
[t= 540.9s] GT-CFR solves=167984 rate=698.2/s rows=228822 games=42 caps=624 L=0.06050 L/var=0.56 tgt=-0.034/0.330 gen=0.39s train=2.21s gpu=0.00s
[t= 550.9s] GT-CFR solves=174984 rate=698.2/s rows=176548 games=42 caps=648 L=0.06015 L/var=0.70 tgt=-0.016/0.294 gen=0.37s train=1.68s gpu=0.00s
[t= 560.9s] GT-CFR solves=182024 rate=698.4/s rows=207669 games=36 caps=691 L=0.06036 L/var=0.61 tgt=-0.022/0.314 gen=0.40s train=1.88s gpu=0.00s
[t= 570.9s] GT-CFR solves=189680 rate=700.8/s rows=235360 games=39 caps=713 L=0.06115 L/var=0.59 tgt=-0.017/0.323 gen=0.40s train=2.08s gpu=0.00s
[t= 580.9s] GT-CFR solves=196888 rate=701.5/s rows=205742 games=40 caps=736 L=0.06223 L/var=0.58 tgt=-0.035/0.328 gen=0.36s train=1.77s gpu=0.00s
[t= 590.9s] GT-CFR solves=204000 rate=701.9/s rows=198838 games=42 caps=753 L=0.06223 L/var=0.58 tgt=-0.017/0.326 gen=0.40s train=1.85s gpu=0.00s
[t= 600.3s] --- target network refresh ---
[t= 601.0s] GT-CFR solves=211056 rate=701.9/s rows=195828 games=36 caps=773 L=0.06166 L/var=0.59 tgt=-0.011/0.324 gen=0.46s train=1.84s gpu=0.00s
[t= 611.0s] GT-CFR solves=215984 rate=695.2/s rows=66119 games=31 caps=978 L=0.06146 L/var=1.35 tgt=+0.031/0.214 gen=0.50s train=0.61s gpu=0.00s
[t= 621.0s] GT-CFR solves=220904 rate=688.9/s rows=62081 games=35 caps=1171 L=0.06124 L/var=1.75 tgt=+0.003/0.187 gen=0.57s train=0.60s gpu=0.00s
[t= 631.0s] GT-CFR solves=226152 rate=683.8/s rows=68265 games=28 caps=1381 L=0.05941 L/var=2.15 tgt=+0.008/0.166 gen=0.65s train=0.69s gpu=0.00s
[t= 641.1s] GT-CFR solves=231432 rate=679.1/s rows=69473 games=31 caps=1563 L=0.05860 L/var=1.96 tgt=-0.000/0.173 gen=0.54s train=0.65s gpu=0.00s
[t= 651.1s] GT-CFR solves=236312 rate=673.7/s rows=61367 games=26 caps=1778 L=0.05777 L/var=1.45 tgt=+0.025/0.200 gen=0.53s train=0.60s gpu=0.00s
[t= 661.1s] GT-CFR solves=241312 rate=668.9/s rows=67190 games=30 caps=1957 L=0.05653 L/var=1.38 tgt=+0.030/0.203 gen=0.53s train=0.70s gpu=0.00s
[t= 671.1s] GT-CFR solves=246808 rate=665.7/s rows=70857 games=36 caps=2167 L=0.05522 L/var=1.28 tgt=+0.036/0.208 gen=0.65s train=0.68s gpu=0.00s
[t= 681.1s] GT-CFR solves=252600 rate=663.4/s rows=69702 games=36 caps=2334 L=0.05489 L/var=1.02 tgt=+0.032/0.232 gen=0.49s train=0.64s gpu=0.00s
[t= 691.1s] GT-CFR solves=258600 rate=661.7/s rows=92432 games=34 caps=2507 L=0.05370 L/var=1.13 tgt=+0.026/0.218 gen=0.54s train=0.87s gpu=0.00s
[t= 701.1s] GT-CFR solves=264200 rate=659.2/s rows=76056 games=35 caps=2708 L=0.05181 L/var=2.03 tgt=+0.013/0.160 gen=0.48s train=0.69s gpu=0.00s
[t= 711.1s] GT-CFR solves=269592 rate=656.2/s rows=65560 games=31 caps=2975 L=0.05098 L/var=1.44 tgt=+0.014/0.188 gen=0.52s train=0.65s gpu=0.00s
[t= 721.2s] GT-CFR solves=274936 rate=653.3/s rows=66350 games=37 caps=3346 L=0.05013 L/var=1.70 tgt=+0.014/0.172 gen=0.56s train=0.72s gpu=0.00s
[t= 731.2s] GT-CFR solves=279832 rate=649.5/s rows=50297 games=34 caps=3574 L=0.04893 L/var=0.91 tgt=+0.056/0.231 gen=0.58s train=0.51s gpu=0.00s
[t= 741.2s] GT-CFR solves=285272 rate=647.1/s rows=76669 games=31 caps=3736 L=0.04771 L/var=1.43 tgt=+0.022/0.183 gen=0.54s train=0.82s gpu=0.00s
[t= 751.2s] GT-CFR solves=290056 rate=643.3/s rows=56451 games=33 caps=3861 L=0.04659 L/var=1.22 tgt=+0.031/0.196 gen=0.51s train=0.57s gpu=0.00s
[t= 761.2s] GT-CFR solves=294832 rate=639.7/s rows=59098 games=30 caps=4008 L=0.04660 L/var=1.46 tgt=+0.021/0.179 gen=0.57s train=0.65s gpu=0.00s
[t= 771.3s] GT-CFR solves=299616 rate=636.2/s rows=61507 games=30 caps=4131 L=0.04490 L/var=1.58 tgt=+0.020/0.168 gen=0.62s train=0.66s gpu=0.00s
[t= 781.3s] GT-CFR solves=304104 rate=632.3/s rows=53807 games=33 caps=4349 L=0.04351 L/var=1.58 tgt=+0.016/0.166 gen=0.58s train=0.59s gpu=0.00s
[t= 791.3s] GT-CFR solves=309024 rate=629.4/s rows=70425 games=27 caps=4507 L=0.04321 L/var=1.25 tgt=+0.024/0.186 gen=0.53s train=0.75s gpu=0.00s
[t= 801.3s] GT-CFR solves=314040 rate=626.9/s rows=77920 games=30 caps=4690 L=0.04198 L/var=1.01 tgt=+0.038/0.204 gen=0.50s train=0.79s gpu=0.00s
[t= 811.3s] GT-CFR solves=318304 rate=622.9/s rows=58846 games=26 caps=4882 L=0.04157 L/var=0.98 tgt=+0.031/0.206 gen=0.63s train=0.60s gpu=0.00s
[t= 821.3s] GT-CFR solves=322696 rate=619.4/s rows=65767 games=30 caps=5005 L=0.04065 L/var=1.01 tgt=+0.027/0.201 gen=0.67s train=0.74s gpu=0.00s
[t= 831.3s] GT-CFR solves=326696 rate=615.2/s rows=46594 games=23 caps=5177 L=0.04075 L/var=1.30 tgt=+0.019/0.177 gen=0.67s train=0.47s gpu=0.00s
[t= 841.3s] GT-CFR solves=330864 rate=611.5/s rows=44947 games=31 caps=5349 L=0.03958 L/var=1.42 tgt=+0.018/0.167 gen=0.78s train=0.48s gpu=0.00s
[t= 851.3s] GT-CFR solves=334952 rate=607.9/s rows=42794 games=24 caps=5515 L=0.03933 L/var=1.03 tgt=+0.029/0.196 gen=0.59s train=0.43s gpu=0.00s
[t= 861.3s] GT-CFR solves=339304 rate=604.8/s rows=59520 games=33 caps=5686 L=0.03952 L/var=0.95 tgt=+0.016/0.204 gen=0.78s train=0.63s gpu=0.00s
[t= 871.3s] GT-CFR solves=343512 rate=601.6/s rows=49628 games=24 caps=5850 L=0.03905 L/var=1.34 tgt=+0.021/0.171 gen=0.53s train=0.50s gpu=0.00s
[t= 881.4s] GT-CFR solves=347672 rate=598.3/s rows=57022 games=27 caps=6008 L=0.03940 L/var=0.93 tgt=+0.020/0.205 gen=0.56s train=0.61s gpu=0.00s
[t= 891.5s] GT-CFR solves=351544 rate=594.7/s rows=49831 games=23 caps=6099 L=0.03963 L/var=0.97 tgt=+0.025/0.202 gen=0.53s train=0.51s gpu=0.00s
[t= 900.3s] --- target network refresh ---
[t= 901.5s] GT-CFR solves=355376 rate=591.1/s rows=41547 games=24 caps=6314 L=0.03929 L/var=1.26 tgt=+0.012/0.177 gen=0.78s train=0.43s gpu=0.00s
[t= 911.5s] GT-CFR solves=358760 rate=587.0/s rows=36518 games=20 caps=6658 L=0.03915 L/var=2.94 tgt=+0.001/0.115 gen=0.61s train=0.39s gpu=0.00s
[t= 921.5s] GT-CFR solves=362520 rate=583.6/s rows=45692 games=25 caps=6873 L=0.03854 L/var=2.08 tgt=+0.002/0.136 gen=0.79s train=0.47s gpu=0.00s
[t= 931.5s] GT-CFR solves=365576 rate=579.2/s rows=38633 games=20 caps=7050 L=0.03981 L/var=2.92 tgt=-0.007/0.117 gen=1.05s train=0.57s gpu=0.00s
[t= 941.5s] GT-CFR solves=369056 rate=575.6/s rows=49297 games=20 caps=7262 L=0.03820 L/var=2.68 tgt=-0.004/0.119 gen=0.76s train=0.52s gpu=0.00s
[t= 951.5s] GT-CFR solves=372408 rate=571.9/s rows=43034 games=23 caps=7554 L=0.03828 L/var=2.35 tgt=-0.003/0.128 gen=0.68s train=0.45s gpu=0.00s
[t= 961.5s] GT-CFR solves=375856 rate=568.4/s rows=46967 games=26 caps=7756 L=0.03817 L/var=2.50 tgt=-0.009/0.124 gen=1.18s train=0.52s gpu=0.00s
[t= 971.6s] GT-CFR solves=378960 rate=564.5/s rows=38260 games=19 caps=8011 L=0.03767 L/var=4.15 tgt=+0.002/0.095 gen=0.69s train=0.39s gpu=0.00s
[t= 981.6s] GT-CFR solves=381888 rate=560.6/s rows=33936 games=19 caps=8251 L=0.03720 L/var=3.10 tgt=+0.004/0.110 gen=0.80s train=0.37s gpu=0.00s
[t= 991.6s] GT-CFR solves=384952 rate=556.9/s rows=38040 games=19 caps=8484 L=0.03794 L/var=3.18 tgt=+0.003/0.109 gen=1.04s train=0.48s gpu=0.00s
[t=1001.6s] GT-CFR solves=388504 rate=554.0/s rows=48961 games=25 caps=8632 L=0.03792 L/var=3.00 tgt=-0.004/0.113 gen=0.95s train=0.53s gpu=0.00s
[t=1011.6s] GT-CFR solves=392112 rate=551.2/s rows=50158 games=19 caps=8895 L=0.03741 L/var=3.86 tgt=-0.002/0.098 gen=0.76s train=0.54s gpu=0.00s
[t=1021.7s] GT-CFR solves=395624 rate=548.4/s rows=40348 games=20 caps=9045 L=0.03704 L/var=3.75 tgt=-0.003/0.099 gen=0.70s train=0.44s gpu=0.00s
[t=1031.7s] GT-CFR solves=399144 rate=545.8/s rows=45195 games=23 caps=9284 L=0.03724 L/var=3.38 tgt=+0.013/0.105 gen=0.70s train=0.48s gpu=0.00s
[t=1041.7s] GT-CFR solves=402640 rate=543.1/s rows=49342 games=24 caps=9471 L=0.03762 L/var=2.57 tgt=+0.003/0.121 gen=0.81s train=0.53s gpu=0.00s
[t=1051.7s] GT-CFR solves=406072 rate=540.4/s rows=35759 games=24 caps=9731 L=0.03706 L/var=4.26 tgt=-0.005/0.093 gen=0.95s train=0.37s gpu=0.00s
[t=1061.7s] GT-CFR solves=409392 rate=537.7/s rows=48177 games=22 caps=9952 L=0.03632 L/var=2.94 tgt=+0.005/0.111 gen=0.70s train=0.54s gpu=0.00s
[t=1071.8s] GT-CFR solves=413080 rate=535.4/s rows=53515 games=25 caps=10214 L=0.03656 L/var=2.85 tgt=+0.006/0.113 gen=0.59s train=0.57s gpu=0.00s
[t=1081.9s] GT-CFR solves=416728 rate=533.2/s rows=50061 games=24 caps=10472 L=0.03713 L/var=3.32 tgt=+0.002/0.106 gen=0.64s train=0.56s gpu=0.00s
[t=1091.9s] GT-CFR solves=420280 rate=531.0/s rows=46710 games=20 caps=10823 L=0.03711 L/var=1.63 tgt=+0.019/0.151 gen=1.19s train=0.48s gpu=0.00s
[t=1101.9s] GT-CFR solves=424408 rate=529.5/s rows=63611 games=28 caps=11101 L=0.03619 L/var=2.98 tgt=+0.003/0.110 gen=0.67s train=0.65s gpu=0.00s
[t=1111.9s] GT-CFR solves=428456 rate=527.9/s rows=45292 games=29 caps=11335 L=0.03607 L/var=2.91 tgt=+0.003/0.111 gen=0.71s train=0.52s gpu=0.00s
[t=1121.9s] GT-CFR solves=432616 rate=526.5/s rows=60022 games=22 caps=11599 L=0.03548 L/var=2.55 tgt=+0.001/0.118 gen=0.56s train=0.62s gpu=0.00s
[t=1131.9s] GT-CFR solves=436640 rate=525.0/s rows=45132 games=27 caps=11813 L=0.03522 L/var=2.60 tgt=-0.012/0.116 gen=0.61s train=0.51s gpu=0.00s
[t=1142.0s] GT-CFR solves=440880 rate=523.8/s rows=66803 games=28 caps=11992 L=0.03613 L/var=2.13 tgt=-0.008/0.130 gen=0.79s train=0.76s gpu=0.00s
[t=1152.0s] GT-CFR solves=444968 rate=522.5/s rows=52640 games=28 caps=12289 L=0.03579 L/var=2.86 tgt=+0.000/0.112 gen=0.72s train=0.53s gpu=0.00s
[t=1162.0s] GT-CFR solves=449128 rate=521.2/s rows=57308 games=25 caps=12521 L=0.03548 L/var=3.58 tgt=-0.010/0.100 gen=0.75s train=0.61s gpu=0.00s
[t=1172.0s] GT-CFR solves=453272 rate=520.0/s rows=61969 games=24 caps=12715 L=0.03499 L/var=2.66 tgt=-0.006/0.115 gen=0.86s train=0.66s gpu=0.00s
[t=1182.1s] GT-CFR solves=456976 rate=518.3/s rows=43615 games=27 caps=13036 L=0.03464 L/var=2.38 tgt=-0.004/0.121 gen=0.74s train=0.49s gpu=0.00s
[t=1192.1s] GT-CFR solves=460656 rate=516.5/s rows=47606 games=24 caps=13327 L=0.03527 L/var=1.97 tgt=+0.006/0.134 gen=0.83s train=0.54s gpu=0.00s
[t=1200.3s] --- target network refresh ---
[t=1202.1s] GT-CFR solves=464544 rate=515.1/s rows=46891 games=23 caps=13527 L=0.03405 L/var=3.26 tgt=+0.004/0.102 gen=0.64s train=0.50s gpu=0.00s
[t=1212.1s] GT-CFR solves=468432 rate=513.7/s rows=40679 games=22 caps=13811 L=0.03423 L/var=3.69 tgt=+0.016/0.096 gen=0.76s train=0.45s gpu=0.00s
[t=1222.2s] GT-CFR solves=472656 rate=512.7/s rows=52693 games=23 caps=13966 L=0.03333 L/var=3.93 tgt=+0.015/0.092 gen=0.57s train=0.58s gpu=0.00s
[t=1232.2s] GT-CFR solves=476776 rate=511.6/s rows=48209 games=28 caps=14163 L=0.03283 L/var=3.29 tgt=+0.014/0.100 gen=0.71s train=0.52s gpu=0.00s
[t=1242.2s] GT-CFR solves=480800 rate=510.5/s rows=45728 games=25 caps=14352 L=0.03326 L/var=3.25 tgt=+0.018/0.101 gen=0.72s train=0.49s gpu=0.00s
[t=1252.2s] GT-CFR solves=484840 rate=509.3/s rows=46133 games=24 caps=14591 L=0.03178 L/var=2.91 tgt=+0.012/0.105 gen=0.62s train=0.49s gpu=0.00s
[t=1262.2s] GT-CFR solves=488896 rate=508.3/s rows=55167 games=26 caps=14846 L=0.03115 L/var=3.72 tgt=+0.009/0.092 gen=0.69s train=0.63s gpu=0.00s
[t=1272.2s] GT-CFR solves=492864 rate=507.1/s rows=40437 games=25 caps=15106 L=0.02999 L/var=3.79 tgt=+0.008/0.089 gen=0.60s train=0.47s gpu=0.00s
[t=1282.2s] GT-CFR solves=496816 rate=506.0/s rows=43556 games=24 caps=15370 L=0.02995 L/var=2.73 tgt=+0.011/0.105 gen=0.72s train=0.46s gpu=0.00s
[t=1292.2s] GT-CFR solves=500904 rate=505.0/s rows=44153 games=25 caps=15543 L=0.02974 L/var=3.25 tgt=+0.013/0.096 gen=0.96s train=0.51s gpu=0.00s
[t=1302.2s] GT-CFR solves=504488 rate=503.5/s rows=37991 games=26 caps=15779 L=0.02811 L/var=3.40 tgt=+0.010/0.091 gen=0.92s train=0.43s gpu=0.00s
[t=1312.3s] GT-CFR solves=508088 rate=502.1/s rows=39884 games=24 caps=16070 L=0.02742 L/var=2.75 tgt=+0.011/0.100 gen=0.68s train=0.48s gpu=0.00s
[t=1322.3s] GT-CFR solves=512384 rate=501.4/s rows=51125 games=28 caps=16344 L=0.02730 L/var=2.48 tgt=+0.017/0.105 gen=0.73s train=0.57s gpu=0.00s
[t=1332.3s] GT-CFR solves=516632 rate=500.6/s rows=46548 games=23 caps=16576 L=0.02677 L/var=2.35 tgt=+0.016/0.107 gen=0.62s train=0.56s gpu=0.00s
[t=1342.3s] GT-CFR solves=520904 rate=499.9/s rows=53487 games=28 caps=16882 L=0.02509 L/var=2.96 tgt=+0.014/0.092 gen=0.62s train=0.63s gpu=0.00s
[t=1352.3s] GT-CFR solves=525336 rate=499.4/s rows=56519 games=21 caps=17133 L=0.02405 L/var=3.10 tgt=+0.003/0.088 gen=0.62s train=0.69s gpu=0.00s
[t=1362.3s] GT-CFR solves=529336 rate=498.4/s rows=40735 games=25 caps=17385 L=0.02312 L/var=3.29 tgt=+0.008/0.084 gen=0.64s train=0.48s gpu=0.00s
[t=1372.3s] GT-CFR solves=532752 rate=497.0/s rows=38605 games=23 caps=17560 L=0.02226 L/var=2.56 tgt=+0.014/0.093 gen=0.85s train=0.46s gpu=0.00s
[t=1382.3s] GT-CFR solves=536104 rate=495.5/s rows=37577 games=21 caps=17779 L=0.02027 L/var=1.69 tgt=+0.029/0.110 gen=0.70s train=0.46s gpu=0.00s
[t=1392.4s] GT-CFR solves=539544 rate=494.1/s rows=42198 games=25 caps=17957 L=0.01953 L/var=2.12 tgt=+0.016/0.096 gen=0.84s train=0.50s gpu=0.00s
[t=1402.4s] GT-CFR solves=542696 rate=492.4/s rows=40483 games=20 caps=18170 L=0.01895 L/var=1.89 tgt=+0.005/0.100 gen=0.85s train=0.50s gpu=0.00s
[t=1412.4s] GT-CFR solves=545744 rate=490.7/s rows=37720 games=18 caps=18330 L=0.01657 L/var=1.22 tgt=+0.015/0.117 gen=0.86s train=0.51s gpu=0.00s
[t=1422.4s] GT-CFR solves=548976 rate=489.2/s rows=41008 games=24 caps=18489 L=0.01579 L/var=1.56 tgt=+0.003/0.100 gen=0.73s train=0.53s gpu=0.00s
[t=1432.5s] GT-CFR solves=552208 rate=487.7/s rows=39749 games=20 caps=18662 L=0.01404 L/var=1.54 tgt=+0.003/0.096 gen=0.74s train=0.52s gpu=0.00s
[t=1442.5s] GT-CFR solves=555504 rate=486.3/s rows=39002 games=19 caps=18902 L=0.01374 L/var=1.39 tgt=+0.011/0.099 gen=1.02s train=0.56s gpu=0.00s
[t=1452.5s] GT-CFR solves=558976 rate=485.1/s rows=35534 games=23 caps=19227 L=0.01363 L/var=2.11 tgt=+0.009/0.080 gen=0.85s train=0.47s gpu=0.00s
[t=1462.5s] GT-CFR solves=562456 rate=483.9/s rows=34871 games=25 caps=19442 L=0.01353 L/var=1.62 tgt=+0.010/0.092 gen=0.67s train=0.41s gpu=0.00s
[t=1472.5s] GT-CFR solves=565624 rate=482.5/s rows=32972 games=17 caps=19634 L=0.01364 L/var=1.81 tgt=+0.013/0.087 gen=0.77s train=0.43s gpu=0.00s
[t=1482.6s] GT-CFR solves=568536 rate=480.9/s rows=29598 games=20 caps=19793 L=0.01314 L/var=1.78 tgt=+0.006/0.086 gen=1.10s train=0.38s gpu=0.00s
[t=1492.6s] GT-CFR solves=571696 rate=479.5/s rows=35231 games=23 caps=19964 L=0.01295 L/var=1.95 tgt=+0.014/0.081 gen=1.01s train=0.48s gpu=0.00s
