[train] runs/gt_heterogeneous at 1feb485+dirty seed=1 {'minutes': 1.0, 'warm_minutes': 0.2, 'snapshot_every': 1.0, 'ladder_games': 0, 'nodes': 64, 'expand': 1, 'iters': 8, 'config_cap': 256, 'gen_workers': 144, 'gen_solves': 1, 'gpu_inference': True, 'note': 'v10-half-cpu-half-gpu'}
[train] v10-half-cpu-half-gpu
[cpu] pinned to 36 physical cores
[train] CUDA stream priority -1
[train] search inference on cuda:0
[cfg] PUBFEAT=897 CFEAT=15 architecture=gt-cfr nodes=64 expand=1 iters=8 budget=60s warm=12s snapshot_every=1min device=cuda:1 draft=random train_gen_ratio=64.0 recent_mix=0.5/0.2 canonical_views=2 cap=2000000 matmul=high
[t=   1.3s] greedy ep  0 games=  96 dec= 18968 rows= 18118 horizon=0.30 L=0.29018 L/var=1.97 tgt=-0.065/0.384 pstd=0.076 gen=0.1s train=1.1s
[t=   2.2s] greedy ep  1 games=  96 dec= 18844 rows= 18051 horizon=0.33 L=0.20290 L/var=1.17 tgt=-0.083/0.417 pstd=0.094 gen=0.1s train=0.7s
[t=   3.1s] greedy ep  2 games=  96 dec= 18181 rows= 17414 horizon=0.27 L=0.22034 L/var=1.39 tgt=-0.076/0.397 pstd=0.133 gen=0.1s train=0.7s
[t=   3.9s] greedy ep  3 games=  96 dec= 17989 rows= 17120 horizon=0.26 L=0.20403 L/var=1.35 tgt=-0.077/0.389 pstd=0.155 gen=0.1s train=0.7s
[t=   4.9s] greedy ep  4 games=  96 dec= 18823 rows= 18078 horizon=0.29 L=0.18206 L/var=1.18 tgt=-0.064/0.392 pstd=0.187 gen=0.1s train=0.7s
[t=   5.8s] greedy ep  5 games=  96 dec= 18924 rows= 18146 horizon=0.33 L=0.19924 L/var=1.35 tgt=-0.051/0.384 pstd=0.070 gen=0.1s train=0.7s
[t=   6.7s] greedy ep  6 games=  96 dec= 17615 rows= 16921 horizon=0.26 L=0.18169 L/var=1.13 tgt=-0.082/0.402 pstd=0.306 gen=0.1s train=0.7s
[t=   7.6s] greedy ep  7 games=  96 dec= 18608 rows= 17786 horizon=0.36 L=0.09619 L/var=0.55 tgt=-0.092/0.417 pstd=0.500 gen=0.1s train=0.7s
[t=   8.5s] greedy ep  8 games=  96 dec= 19040 rows= 18296 horizon=0.36 L=0.10837 L/var=0.68 tgt=-0.064/0.398 pstd=0.345 gen=0.1s train=0.7s
[t=   9.4s] greedy ep  9 games=  96 dec= 18200 rows= 17459 horizon=0.27 L=0.06230 L/var=0.37 tgt=-0.090/0.411 pstd=0.367 gen=0.1s train=0.7s
[t=  10.3s] greedy ep 10 games=  96 dec= 17927 rows= 17200 horizon=0.24 L=0.05034 L/var=0.31 tgt=-0.082/0.404 pstd=0.364 gen=0.1s train=0.7s
[t=  11.2s] greedy ep 11 games=  96 dec= 17941 rows= 17162 horizon=0.28 L=0.04120 L/var=0.26 tgt=-0.100/0.400 pstd=0.382 gen=0.1s train=0.7s
[t=  12.1s] greedy ep 12 games=  96 dec= 17384 rows= 16648 horizon=0.25 L=0.02763 L/var=0.20 tgt=-0.053/0.370 pstd=0.363 gen=0.1s train=0.6s
[t=  12.1s] --- snapshot snap_00.pt (init) ---
[t=  12.1s] --- switching to GT-CFR ---
[t=  22.2s] GT-CFR solves=2128 rate=210.8/s rows=3 games=0 caps=188 L=0.00563 L/var=2.59 tgt=+0.019/0.047 gen=0.06s train=0.06s gpu=0.00s
[t=  28.0s] --- lr -> 5.00e-04 ---
[t=  32.2s] GT-CFR solves=4384 rate=218.2/s rows=8 games=0 caps=411 L=0.01309 L/var=1.72 tgt=-0.001/0.087 gen=0.05s train=0.06s gpu=0.00s
[t=  42.2s] GT-CFR solves=6640 rate=220.2/s rows=4 games=0 caps=526 L=0.03265 L/var=74.62 tgt=+0.029/0.021 gen=0.11s train=0.06s gpu=0.00s
[t=  44.3s] --- lr -> 2.50e-04 ---
[t=  52.3s] GT-CFR solves=8896 rate=221.4/s rows=3 games=0 caps=578 L=0.04908 L/var=18.45 tgt=-0.004/0.052 gen=0.08s train=0.06s gpu=0.00s
[GT-CFR-summary] solves=10560 optimizer_rows=675840 rate=188.2/s horizon=0.00 games=5 caps=634
[inference] board=7640 rows/s 206 rows/batch 6.3 req/batch 5.2 ms/batch config=26198 rows/s 978 rows/batch 6.5 req/batch 2.0 ms/batch values=68276 rows/s 528 rows/batch 6.4 req/batch 2.5 ms/batch
[t=  68.2s] --- snapshot snap_01.pt (final) ---
