[train] runs/gt_18worker_smoke at 1feb485+dirty seed=95 {'minutes': 3.0, 'warm_minutes': 1.0, 'snapshot_every': 1.0, 'ladder_games': 0, 'nodes': 256, 'expand': 4, 'iters': 16, 'config_cap': 256, 'batch': 2048, 'replay_ratio': 0.5, 'target_every': 5.0, 'cap': 10000000, 'cfgs_per_row': 16, 'gen_workers': 18, 'seed': 95, 'note': 'memory-safe-supervised-workers'}
[train] memory-safe-supervised-workers
[train] CUDA stream priority -1
[train] search inference on CPU
[cfg] PUBFEAT=897 CFEAT=15 architecture=gt-cfr nodes=256 expand=4 iters=16 budget=180s warm=60s snapshot_every=1min device=cuda:1 draft=random replay_ratio=0.5 recent_mix=0.5/0.2 canonical_views=2 cap=10000000 matmul=high
[t=   1.2s] greedy ep  0 games=  96 dec= 18853 rows= 18069 horizon=0.29 L=0.45699 L/var=2.95 tgt=-0.043/0.394 pstd=0.025 gen=0.1s train=1.0s
[t=   1.7s] greedy ep  1 games=  96 dec= 19648 rows= 18830 horizon=0.34 L=0.25828 L/var=1.57 tgt=-0.090/0.406 pstd=0.030 gen=0.1s train=0.3s
[t=   2.2s] greedy ep  2 games=  96 dec= 19176 rows= 18356 horizon=0.35 L=0.22686 L/var=1.32 tgt=-0.088/0.415 pstd=0.032 gen=0.1s train=0.3s
[t=   2.7s] greedy ep  3 games=  96 dec= 18652 rows= 17858 horizon=0.29 L=0.22598 L/var=1.19 tgt=-0.096/0.436 pstd=0.054 gen=0.1s train=0.3s
[t=   3.3s] greedy ep  4 games=  96 dec= 19078 rows= 18228 horizon=0.35 L=0.21814 L/var=1.27 tgt=-0.093/0.414 pstd=0.079 gen=0.1s train=0.3s
[t=   3.8s] greedy ep  5 games=  96 dec= 18818 rows= 18043 horizon=0.35 L=0.22323 L/var=1.23 tgt=-0.089/0.427 pstd=0.093 gen=0.1s train=0.3s
[t=   4.3s] greedy ep  6 games=  96 dec= 18874 rows= 18050 horizon=0.28 L=0.20862 L/var=1.36 tgt=-0.083/0.391 pstd=0.108 gen=0.1s train=0.3s
[t=   4.8s] greedy ep  7 games=  96 dec= 18496 rows= 17707 horizon=0.27 L=0.20425 L/var=1.48 tgt=-0.094/0.372 pstd=0.094 gen=0.1s train=0.3s
[t=   5.4s] greedy ep  8 games=  96 dec= 18882 rows= 18018 horizon=0.28 L=0.19389 L/var=1.43 tgt=-0.063/0.368 pstd=0.130 gen=0.1s train=0.3s
[t=   5.9s] greedy ep  9 games=  96 dec= 18567 rows= 17820 horizon=0.30 L=0.19345 L/var=1.22 tgt=-0.059/0.398 pstd=0.222 gen=0.1s train=0.3s
[t=   6.4s] greedy ep 10 games=  96 dec= 18793 rows= 18035 horizon=0.29 L=0.17934 L/var=1.16 tgt=-0.092/0.393 pstd=0.193 gen=0.1s train=0.3s
[t=   6.9s] greedy ep 11 games=  96 dec= 18170 rows= 17446 horizon=0.32 L=0.14259 L/var=0.85 tgt=-0.053/0.410 pstd=0.289 gen=0.1s train=0.3s
[t=   7.4s] greedy ep 12 games=  96 dec= 17686 rows= 16974 horizon=0.27 L=0.08740 L/var=0.56 tgt=-0.071/0.394 pstd=0.306 gen=0.1s train=0.3s
[t=   8.0s] greedy ep 13 games=  96 dec= 19259 rows= 18477 horizon=0.39 L=0.09007 L/var=0.65 tgt=-0.042/0.373 pstd=0.247 gen=0.1s train=0.3s
[t=   8.5s] greedy ep 14 games=  96 dec= 18669 rows= 17882 horizon=0.30 L=0.09442 L/var=0.62 tgt=-0.086/0.392 pstd=0.320 gen=0.1s train=0.3s
[t=   9.0s] greedy ep 15 games=  96 dec= 18379 rows= 17558 horizon=0.27 L=0.07198 L/var=0.45 tgt=-0.082/0.400 pstd=0.332 gen=0.1s train=0.3s
[t=   9.5s] greedy ep 16 games=  96 dec= 17832 rows= 17106 horizon=0.24 L=0.05427 L/var=0.31 tgt=-0.081/0.418 pstd=0.323 gen=0.1s train=0.3s
[t=  10.0s] greedy ep 17 games=  96 dec= 19410 rows= 18581 horizon=0.32 L=0.04211 L/var=0.24 tgt=-0.081/0.416 pstd=0.332 gen=0.1s train=0.3s
[t=  10.6s] greedy ep 18 games=  96 dec= 18273 rows= 17416 horizon=0.23 L=0.03505 L/var=0.23 tgt=-0.070/0.393 pstd=0.350 gen=0.1s train=0.4s
[t=  11.1s] greedy ep 19 games=  96 dec= 17525 rows= 16824 horizon=0.25 L=0.03378 L/var=0.23 tgt=-0.059/0.385 pstd=0.362 gen=0.1s train=0.3s
[t=  11.6s] greedy ep 20 games=  96 dec= 17691 rows= 16922 horizon=0.22 L=0.03134 L/var=0.20 tgt=-0.087/0.399 pstd=0.371 gen=0.1s train=0.3s
[t=  12.1s] greedy ep 21 games=  96 dec= 19033 rows= 18205 horizon=0.35 L=0.02856 L/var=0.20 tgt=-0.058/0.382 pstd=0.370 gen=0.1s train=0.3s
[t=  12.6s] greedy ep 22 games=  96 dec= 18692 rows= 17986 horizon=0.33 L=0.02588 L/var=0.15 tgt=-0.077/0.410 pstd=0.372 gen=0.1s train=0.3s
[t=  13.2s] greedy ep 23 games=  96 dec= 18345 rows= 17557 horizon=0.27 L=0.02427 L/var=0.16 tgt=-0.071/0.392 pstd=0.366 gen=0.1s train=0.3s
[t=  13.7s] greedy ep 24 games=  96 dec= 17545 rows= 16862 horizon=0.24 L=0.02273 L/var=0.15 tgt=-0.075/0.391 pstd=0.374 gen=0.1s train=0.3s
[t=  14.2s] greedy ep 25 games=  96 dec= 18771 rows= 17942 horizon=0.35 L=0.02108 L/var=0.13 tgt=-0.039/0.399 pstd=0.375 gen=0.1s train=0.4s
[t=  14.8s] greedy ep 26 games=  96 dec= 18524 rows= 17729 horizon=0.31 L=0.02008 L/var=0.12 tgt=-0.078/0.401 pstd=0.379 gen=0.1s train=0.4s
[t=  15.3s] greedy ep 27 games=  96 dec= 18467 rows= 17765 horizon=0.29 L=0.01848 L/var=0.11 tgt=-0.075/0.418 pstd=0.376 gen=0.1s train=0.4s
[t=  15.9s] greedy ep 28 games=  96 dec= 18349 rows= 17482 horizon=0.28 L=0.01959 L/var=0.13 tgt=-0.078/0.393 pstd=0.380 gen=0.1s train=0.3s
[t=  16.4s] greedy ep 29 games=  96 dec= 17979 rows= 17287 horizon=0.27 L=0.02071 L/var=0.14 tgt=-0.080/0.383 pstd=0.368 gen=0.1s train=0.3s
[t=  16.9s] greedy ep 30 games=  96 dec= 19069 rows= 18180 horizon=0.31 L=0.01835 L/var=0.11 tgt=-0.067/0.404 pstd=0.375 gen=0.1s train=0.3s
[t=  17.4s] greedy ep 31 games=  96 dec= 18861 rows= 18112 horizon=0.34 L=0.01834 L/var=0.10 tgt=-0.102/0.425 pstd=0.374 gen=0.1s train=0.4s
[t=  18.0s] greedy ep 32 games=  96 dec= 19129 rows= 18332 horizon=0.34 L=0.01496 L/var=0.10 tgt=-0.086/0.394 pstd=0.376 gen=0.1s train=0.3s
[t=  18.5s] greedy ep 33 games=  96 dec= 18913 rows= 17958 horizon=0.27 L=0.01470 L/var=0.09 tgt=-0.095/0.398 pstd=0.369 gen=0.1s train=0.4s
[t=  19.0s] greedy ep 34 games=  96 dec= 17630 rows= 16913 horizon=0.21 L=0.01784 L/var=0.10 tgt=-0.083/0.414 pstd=0.376 gen=0.1s train=0.3s
[t=  19.6s] greedy ep 35 games=  96 dec= 18569 rows= 17779 horizon=0.31 L=0.01400 L/var=0.08 tgt=-0.066/0.408 pstd=0.376 gen=0.1s train=0.3s
[t=  20.1s] greedy ep 36 games=  96 dec= 18706 rows= 17959 horizon=0.30 L=0.01336 L/var=0.08 tgt=-0.095/0.408 pstd=0.381 gen=0.1s train=0.3s
[t=  20.7s] greedy ep 37 games=  96 dec= 19117 rows= 18316 horizon=0.33 L=0.01246 L/var=0.08 tgt=-0.068/0.390 pstd=0.381 gen=0.1s train=0.4s
[t=  21.3s] greedy ep 38 games=  96 dec= 18646 rows= 17879 horizon=0.28 L=0.01161 L/var=0.07 tgt=-0.077/0.406 pstd=0.383 gen=0.1s train=0.4s
[t=  21.8s] greedy ep 39 games=  96 dec= 18107 rows= 17347 horizon=0.28 L=0.01036 L/var=0.06 tgt=-0.068/0.419 pstd=0.378 gen=0.1s train=0.3s
[t=  22.3s] greedy ep 40 games=  96 dec= 18950 rows= 18159 horizon=0.33 L=0.00972 L/var=0.07 tgt=-0.068/0.378 pstd=0.385 gen=0.1s train=0.3s
[t=  22.9s] greedy ep 41 games=  96 dec= 18590 rows= 17770 horizon=0.28 L=0.01084 L/var=0.07 tgt=-0.059/0.387 pstd=0.377 gen=0.1s train=0.3s
[t=  23.4s] greedy ep 42 games=  96 dec= 18858 rows= 17987 horizon=0.28 L=0.01024 L/var=0.07 tgt=-0.082/0.395 pstd=0.382 gen=0.1s train=0.3s
[t=  23.9s] greedy ep 43 games=  96 dec= 17876 rows= 17106 horizon=0.27 L=0.00952 L/var=0.05 tgt=-0.093/0.428 pstd=0.384 gen=0.1s train=0.3s
[t=  24.4s] greedy ep 44 games=  96 dec= 18395 rows= 17544 horizon=0.26 L=0.00859 L/var=0.05 tgt=-0.059/0.411 pstd=0.384 gen=0.1s train=0.4s
[t=  24.9s] greedy ep 45 games=  96 dec= 18304 rows= 17541 horizon=0.27 L=0.00836 L/var=0.05 tgt=-0.086/0.400 pstd=0.388 gen=0.1s train=0.3s
[t=  25.5s] greedy ep 46 games=  96 dec= 18963 rows= 18276 horizon=0.36 L=0.00868 L/var=0.05 tgt=-0.057/0.400 pstd=0.385 gen=0.1s train=0.3s
[t=  26.0s] greedy ep 47 games=  96 dec= 17323 rows= 16593 horizon=0.24 L=0.00849 L/var=0.05 tgt=-0.099/0.413 pstd=0.390 gen=0.1s train=0.3s
[t=  26.5s] greedy ep 48 games=  96 dec= 19310 rows= 18515 horizon=0.32 L=0.00832 L/var=0.05 tgt=-0.070/0.402 pstd=0.389 gen=0.1s train=0.4s
[t=  27.1s] greedy ep 49 games=  96 dec= 18285 rows= 17559 horizon=0.26 L=0.00777 L/var=0.05 tgt=-0.076/0.382 pstd=0.385 gen=0.1s train=0.3s
[t=  27.6s] greedy ep 50 games=  96 dec= 18926 rows= 18168 horizon=0.30 L=0.00713 L/var=0.04 tgt=-0.079/0.416 pstd=0.384 gen=0.1s train=0.4s
[t=  28.2s] greedy ep 51 games=  96 dec= 18443 rows= 17663 horizon=0.29 L=0.00814 L/var=0.05 tgt=-0.068/0.388 pstd=0.386 gen=0.1s train=0.4s
[t=  28.7s] greedy ep 52 games=  96 dec= 18192 rows= 17487 horizon=0.27 L=0.00683 L/var=0.04 tgt=-0.086/0.395 pstd=0.386 gen=0.1s train=0.4s
[t=  29.2s] greedy ep 53 games=  96 dec= 18972 rows= 18164 horizon=0.32 L=0.00845 L/var=0.05 tgt=-0.068/0.407 pstd=0.397 gen=0.1s train=0.3s
[t=  29.7s] greedy ep 54 games=  96 dec= 18781 rows= 18082 horizon=0.35 L=0.01091 L/var=0.07 tgt=-0.067/0.406 pstd=0.382 gen=0.1s train=0.3s
[t=  30.2s] greedy ep 55 games=  96 dec= 18170 rows= 17299 horizon=0.23 L=0.00883 L/var=0.06 tgt=-0.070/0.385 pstd=0.380 gen=0.1s train=0.3s
[t=  30.8s] greedy ep 56 games=  96 dec= 18827 rows= 18033 horizon=0.31 L=0.00740 L/var=0.05 tgt=-0.056/0.392 pstd=0.387 gen=0.1s train=0.3s
[t=  31.3s] greedy ep 57 games=  96 dec= 18588 rows= 17840 horizon=0.33 L=0.00768 L/var=0.05 tgt=-0.078/0.393 pstd=0.377 gen=0.1s train=0.3s
[t=  31.9s] greedy ep 58 games=  96 dec= 18407 rows= 17575 horizon=0.28 L=0.00640 L/var=0.04 tgt=-0.055/0.393 pstd=0.384 gen=0.1s train=0.3s
[t=  32.5s] greedy ep 59 games=  96 dec= 18148 rows= 17468 horizon=0.25 L=0.00623 L/var=0.04 tgt=-0.079/0.397 pstd=0.386 gen=0.1s train=0.4s
[t=  33.0s] greedy ep 60 games=  96 dec= 19240 rows= 18506 horizon=0.39 L=0.00604 L/var=0.04 tgt=-0.058/0.394 pstd=0.379 gen=0.1s train=0.4s
[t=  33.5s] greedy ep 61 games=  96 dec= 17480 rows= 16650 horizon=0.21 L=0.00594 L/var=0.03 tgt=-0.082/0.415 pstd=0.382 gen=0.1s train=0.3s
[t=  34.0s] greedy ep 62 games=  96 dec= 17696 rows= 16904 horizon=0.23 L=0.00606 L/var=0.04 tgt=-0.078/0.393 pstd=0.394 gen=0.1s train=0.3s
[t=  34.5s] greedy ep 63 games=  96 dec= 18115 rows= 17315 horizon=0.25 L=0.00848 L/var=0.05 tgt=-0.074/0.425 pstd=0.381 gen=0.1s train=0.3s
[t=  35.0s] greedy ep 64 games=  96 dec= 17961 rows= 17228 horizon=0.30 L=0.00624 L/var=0.03 tgt=-0.081/0.430 pstd=0.386 gen=0.1s train=0.3s
[t=  35.6s] greedy ep 65 games=  96 dec= 19091 rows= 18359 horizon=0.33 L=0.00743 L/var=0.05 tgt=-0.054/0.380 pstd=0.378 gen=0.1s train=0.3s
[t=  36.1s] greedy ep 66 games=  96 dec= 18892 rows= 18141 horizon=0.34 L=0.00591 L/var=0.03 tgt=-0.083/0.425 pstd=0.381 gen=0.1s train=0.3s
[t=  36.7s] greedy ep 67 games=  96 dec= 18700 rows= 17909 horizon=0.33 L=0.00546 L/var=0.03 tgt=-0.068/0.402 pstd=0.383 gen=0.1s train=0.4s
[t=  37.3s] greedy ep 68 games=  96 dec= 17768 rows= 16989 horizon=0.26 L=0.00563 L/var=0.04 tgt=-0.080/0.398 pstd=0.387 gen=0.1s train=0.3s
[t=  37.8s] greedy ep 69 games=  96 dec= 18920 rows= 18066 horizon=0.31 L=0.00537 L/var=0.04 tgt=-0.081/0.373 pstd=0.387 gen=0.1s train=0.3s
[t=  38.3s] greedy ep 70 games=  96 dec= 18272 rows= 17482 horizon=0.23 L=0.00616 L/var=0.04 tgt=-0.079/0.393 pstd=0.391 gen=0.1s train=0.3s
[t=  38.9s] greedy ep 71 games=  96 dec= 19474 rows= 18684 horizon=0.42 L=0.00646 L/var=0.04 tgt=-0.081/0.388 pstd=0.374 gen=0.1s train=0.4s
[t=  39.4s] greedy ep 72 games=  96 dec= 18516 rows= 17831 horizon=0.32 L=0.00633 L/var=0.04 tgt=-0.063/0.392 pstd=0.377 gen=0.1s train=0.3s
[t=  40.0s] greedy ep 73 games=  96 dec= 18517 rows= 17766 horizon=0.31 L=0.00556 L/var=0.03 tgt=-0.085/0.409 pstd=0.386 gen=0.1s train=0.4s
[t=  40.6s] greedy ep 74 games=  96 dec= 18370 rows= 17557 horizon=0.25 L=0.00511 L/var=0.04 tgt=-0.051/0.375 pstd=0.384 gen=0.1s train=0.4s
[t=  41.1s] greedy ep 75 games=  96 dec= 18616 rows= 17846 horizon=0.31 L=0.00487 L/var=0.03 tgt=-0.054/0.385 pstd=0.388 gen=0.1s train=0.4s
[t=  41.7s] greedy ep 76 games=  96 dec= 18935 rows= 18095 horizon=0.31 L=0.00562 L/var=0.03 tgt=-0.087/0.404 pstd=0.394 gen=0.1s train=0.3s
[t=  42.2s] greedy ep 77 games=  96 dec= 18457 rows= 17724 horizon=0.29 L=0.00598 L/var=0.04 tgt=-0.071/0.393 pstd=0.386 gen=0.1s train=0.3s
[t=  42.7s] greedy ep 78 games=  96 dec= 17709 rows= 17003 horizon=0.25 L=0.00727 L/var=0.04 tgt=-0.063/0.403 pstd=0.365 gen=0.1s train=0.3s
[t=  43.2s] greedy ep 79 games=  96 dec= 18236 rows= 17407 horizon=0.22 L=0.00553 L/var=0.04 tgt=-0.070/0.392 pstd=0.372 gen=0.1s train=0.3s
[t=  43.8s] greedy ep 80 games=  96 dec= 18576 rows= 17800 horizon=0.31 L=0.00498 L/var=0.03 tgt=-0.085/0.414 pstd=0.387 gen=0.1s train=0.3s
[t=  44.3s] greedy ep 81 games=  96 dec= 17602 rows= 16911 horizon=0.23 L=0.00609 L/var=0.04 tgt=-0.088/0.416 pstd=0.383 gen=0.1s train=0.3s
[t=  44.8s] greedy ep 82 games=  96 dec= 18011 rows= 17307 horizon=0.28 L=0.00546 L/var=0.03 tgt=-0.110/0.422 pstd=0.382 gen=0.1s train=0.3s
[t=  45.4s] greedy ep 83 games=  96 dec= 19229 rows= 18365 horizon=0.28 L=0.00577 L/var=0.04 tgt=-0.096/0.384 pstd=0.383 gen=0.1s train=0.4s
[t=  45.9s] greedy ep 84 games=  96 dec= 17370 rows= 16534 horizon=0.22 L=0.00480 L/var=0.03 tgt=-0.078/0.400 pstd=0.385 gen=0.1s train=0.3s
[t=  46.4s] greedy ep 85 games=  96 dec= 18514 rows= 17718 horizon=0.31 L=0.00474 L/var=0.03 tgt=-0.067/0.409 pstd=0.384 gen=0.1s train=0.3s
[t=  47.0s] greedy ep 86 games=  96 dec= 18400 rows= 17629 horizon=0.30 L=0.00488 L/var=0.03 tgt=-0.054/0.416 pstd=0.392 gen=0.1s train=0.4s
[t=  47.5s] greedy ep 87 games=  96 dec= 18328 rows= 17540 horizon=0.28 L=0.00562 L/var=0.03 tgt=-0.057/0.416 pstd=0.378 gen=0.1s train=0.3s
[t=  48.1s] greedy ep 88 games=  96 dec= 18836 rows= 18104 horizon=0.34 L=0.00587 L/var=0.03 tgt=-0.069/0.451 pstd=0.376 gen=0.1s train=0.3s
[t=  48.6s] greedy ep 89 games=  96 dec= 18112 rows= 17376 horizon=0.29 L=0.00648 L/var=0.04 tgt=-0.099/0.422 pstd=0.387 gen=0.1s train=0.3s
[t=  49.1s] greedy ep 90 games=  96 dec= 18009 rows= 17292 horizon=0.29 L=0.00619 L/var=0.04 tgt=-0.067/0.396 pstd=0.388 gen=0.1s train=0.3s
[t=  49.7s] greedy ep 91 games=  96 dec= 19007 rows= 18272 horizon=0.31 L=0.00673 L/var=0.04 tgt=-0.071/0.393 pstd=0.390 gen=0.1s train=0.4s
[t=  50.2s] greedy ep 92 games=  96 dec= 18386 rows= 17545 horizon=0.28 L=0.00559 L/var=0.03 tgt=-0.079/0.427 pstd=0.382 gen=0.1s train=0.3s
[t=  50.7s] greedy ep 93 games=  96 dec= 17611 rows= 16917 horizon=0.24 L=0.00466 L/var=0.03 tgt=-0.089/0.416 pstd=0.385 gen=0.1s train=0.3s
[t=  51.2s] greedy ep 94 games=  96 dec= 18028 rows= 17248 horizon=0.23 L=0.00424 L/var=0.03 tgt=-0.088/0.397 pstd=0.388 gen=0.1s train=0.3s
[t=  51.8s] greedy ep 95 games=  96 dec= 18694 rows= 17878 horizon=0.30 L=0.00450 L/var=0.03 tgt=-0.061/0.389 pstd=0.389 gen=0.1s train=0.3s
[t=  52.3s] greedy ep 96 games=  96 dec= 18817 rows= 18070 horizon=0.31 L=0.00404 L/var=0.02 tgt=-0.091/0.405 pstd=0.389 gen=0.1s train=0.4s
[t=  52.9s] greedy ep 97 games=  96 dec= 17744 rows= 16965 horizon=0.22 L=0.00398 L/var=0.02 tgt=-0.087/0.408 pstd=0.383 gen=0.1s train=0.3s
[t=  53.4s] greedy ep 98 games=  96 dec= 18854 rows= 18081 horizon=0.32 L=0.00450 L/var=0.03 tgt=-0.075/0.405 pstd=0.384 gen=0.1s train=0.3s
[t=  53.9s] greedy ep 99 games=  96 dec= 18115 rows= 17468 horizon=0.29 L=0.00399 L/var=0.02 tgt=-0.088/0.402 pstd=0.385 gen=0.1s train=0.3s
[t=  54.4s] greedy ep100 games=  96 dec= 17901 rows= 17067 horizon=0.24 L=0.00417 L/var=0.03 tgt=-0.064/0.404 pstd=0.384 gen=0.1s train=0.3s
[t=  54.9s] greedy ep101 games=  96 dec= 17329 rows= 16564 horizon=0.18 L=0.00415 L/var=0.02 tgt=-0.094/0.419 pstd=0.382 gen=0.1s train=0.3s
[t=  55.5s] greedy ep102 games=  96 dec= 19175 rows= 18365 horizon=0.30 L=0.00391 L/var=0.02 tgt=-0.085/0.413 pstd=0.391 gen=0.1s train=0.3s
[t=  56.0s] greedy ep103 games=  96 dec= 19349 rows= 18446 horizon=0.34 L=0.00508 L/var=0.03 tgt=-0.090/0.408 pstd=0.392 gen=0.1s train=0.3s
[t=  56.6s] greedy ep104 games=  96 dec= 18780 rows= 17994 horizon=0.29 L=0.00526 L/var=0.03 tgt=-0.043/0.400 pstd=0.382 gen=0.1s train=0.4s
[t=  57.1s] greedy ep105 games=  96 dec= 18193 rows= 17415 horizon=0.31 L=0.00434 L/var=0.03 tgt=-0.064/0.394 pstd=0.389 gen=0.1s train=0.3s
[t=  57.7s] greedy ep106 games=  96 dec= 18319 rows= 17592 horizon=0.30 L=0.00387 L/var=0.02 tgt=-0.074/0.433 pstd=0.389 gen=0.1s train=0.3s
[t=  58.3s] greedy ep107 games=  96 dec= 18453 rows= 17669 horizon=0.27 L=0.00573 L/var=0.04 tgt=-0.065/0.402 pstd=0.380 gen=0.1s train=0.4s
[t=  58.8s] greedy ep108 games=  96 dec= 19645 rows= 18855 horizon=0.39 L=0.00758 L/var=0.04 tgt=-0.073/0.414 pstd=0.383 gen=0.1s train=0.4s
[t=  59.4s] greedy ep109 games=  96 dec= 18220 rows= 17470 horizon=0.26 L=0.00558 L/var=0.04 tgt=-0.051/0.395 pstd=0.395 gen=0.1s train=0.3s
[t=  59.9s] greedy ep110 games=  96 dec= 19366 rows= 18466 horizon=0.34 L=0.00437 L/var=0.03 tgt=-0.074/0.395 pstd=0.383 gen=0.1s train=0.4s
[t=  60.5s] greedy ep111 games=  96 dec= 17474 rows= 16655 horizon=0.23 L=0.00425 L/var=0.02 tgt=-0.093/0.413 pstd=0.384 gen=0.1s train=0.3s
[t=  60.5s] --- snapshot snap_00.pt (init) ---
[t=  60.5s] --- switching to GT-CFR ---
Traceback (most recent call last):
  File "/workspace/warchest-engine/train/train.py", line 592, in receive
    return results.get(timeout=1.0)
           ^^^^^^^^^^^^^^^^^^^^^^^^
  File "/venv/main/lib/python3.12/multiprocessing/queues.py", line 114, in get
    raise Empty
_queue.Empty

During handling of the above exception, another exception occurred:

Traceback (most recent call last):
  File "/workspace/warchest-engine/train/train.py", line 947, in <module>
    main()
  File "/workspace/warchest-engine/train/train.py", line 927, in main
    run_search_pipeline()
  File "/workspace/warchest-engine/train/train.py", line 616, in run_search_pipeline
    _worker, data, error, gen_s = receive()
                                  ^^^^^^^^^
  File "/workspace/warchest-engine/train/train.py", line 593, in receive
    except queue.Empty:
           ^^^^^
NameError: name 'queue' is not defined. Did you forget to import 'queue'?
