[cfg] FEAT=1178 NHAND=56 hidden=384 depth=2 iters=8 budget=600s warm=90s device=cpu draft=starter gate_every=1200s promote=0.55 train_gen_ratio=4.0
[t=   1.0s] greedy ep  0 games=  96 dec= 17663 cap=0.33 cfgs= 23.5 L=0.09316 tgt=+0.009/0.481 pstd=0.472 capv=0.000 lr=1.0e-03 gen=0.2s train=0.8s
[t=   1.8s] greedy ep  1 games=  96 dec= 17463 cap=0.31 cfgs= 24.8 L=0.05741 tgt=+0.010/0.496 pstd=0.480 capv=0.000 lr=1.0e-03 gen=0.1s train=0.7s
[t=   2.7s] greedy ep  2 games=  96 dec= 16863 cap=0.28 cfgs= 25.5 L=0.05775 tgt=+0.001/0.536 pstd=0.480 capv=0.000 lr=1.0e-03 gen=0.1s train=0.7s
[t=   3.7s] greedy ep  3 games=  96 dec= 17691 cap=0.33 cfgs= 23.6 L=0.05396 tgt=+0.012/0.485 pstd=0.470 capv=0.000 lr=1.0e-03 gen=0.2s train=0.8s
[t=   4.6s] greedy ep  4 games=  96 dec= 17283 cap=0.30 cfgs= 24.6 L=0.05145 tgt=+0.005/0.508 pstd=0.482 capv=0.000 lr=1.0e-03 gen=0.1s train=0.7s
[t=   5.5s] greedy ep  5 games=  96 dec= 17735 cap=0.32 cfgs= 23.0 L=0.05253 tgt=+0.002/0.487 pstd=0.489 capv=0.000 lr=1.0e-03 gen=0.1s train=0.8s
[t=   6.4s] greedy ep  6 games=  96 dec= 18025 cap=0.38 cfgs= 23.9 L=0.05219 tgt=+0.004/0.490 pstd=0.498 capv=0.000 lr=1.0e-03 gen=0.1s train=0.7s
[t=   7.4s] greedy ep  7 games=  96 dec= 18138 cap=0.33 cfgs= 23.5 L=0.05248 tgt=+0.005/0.470 pstd=0.488 capv=0.000 lr=1.0e-03 gen=0.1s train=0.8s
[t=   8.3s] greedy ep  8 games=  96 dec= 16418 cap=0.24 cfgs= 24.6 L=0.05542 tgt=+0.012/0.524 pstd=0.493 capv=0.000 lr=1.0e-03 gen=0.1s train=0.7s
[t=   9.2s] greedy ep  9 games=  96 dec= 17028 cap=0.28 cfgs= 24.5 L=0.05762 tgt=+0.015/0.483 pstd=0.488 capv=0.000 lr=1.0e-03 gen=0.1s train=0.7s
[t=  10.0s] greedy ep 10 games=  96 dec= 17118 cap=0.27 cfgs= 23.3 L=0.06059 tgt=+0.011/0.499 pstd=0.495 capv=0.000 lr=1.0e-03 gen=0.1s train=0.7s
[t=  10.9s] greedy ep 11 games=  96 dec= 16602 cap=0.26 cfgs= 26.8 L=0.05853 tgt=+0.017/0.519 pstd=0.461 capv=0.000 lr=1.0e-03 gen=0.2s train=0.7s
[t=  11.8s] greedy ep 12 games=  96 dec= 16834 cap=0.25 cfgs= 25.5 L=0.06368 tgt=+0.014/0.492 pstd=0.469 capv=0.000 lr=1.0e-03 gen=0.1s train=0.7s
[t=  12.8s] greedy ep 13 games=  96 dec= 16975 cap=0.28 cfgs= 24.8 L=0.06438 tgt=+0.003/0.495 pstd=0.452 capv=0.000 lr=1.0e-03 gen=0.3s train=0.7s
[t=  13.8s] greedy ep 14 games=  96 dec= 18236 cap=0.36 cfgs= 24.7 L=0.06266 tgt=+0.000/0.469 pstd=0.474 capv=0.000 lr=1.0e-03 gen=0.1s train=0.8s
[t=  14.6s] greedy ep 15 games=  96 dec= 16830 cap=0.26 cfgs= 25.4 L=0.06558 tgt=-0.003/0.519 pstd=0.459 capv=0.000 lr=1.0e-03 gen=0.1s train=0.7s
[t=  15.4s] greedy ep 16 games=  96 dec= 16653 cap=0.26 cfgs= 24.9 L=0.06545 tgt=+0.015/0.518 pstd=0.452 capv=0.000 lr=1.0e-03 gen=0.1s train=0.7s
[t=  16.4s] greedy ep 17 games=  96 dec= 18020 cap=0.35 cfgs= 24.0 L=0.06413 tgt=+0.017/0.479 pstd=0.457 capv=0.000 lr=1.0e-03 gen=0.1s train=0.7s
[t=  17.2s] greedy ep 18 games=  96 dec= 17357 cap=0.30 cfgs= 24.2 L=0.06390 tgt=+0.012/0.496 pstd=0.444 capv=0.000 lr=1.0e-03 gen=0.1s train=0.7s
[t=  18.3s] greedy ep 19 games=  96 dec= 18933 cap=0.46 cfgs= 23.3 L=0.06813 tgt=-0.004/0.450 pstd=0.424 capv=0.000 lr=1.0e-03 gen=0.1s train=0.9s
[t=  19.2s] greedy ep 20 games=  96 dec= 17217 cap=0.26 cfgs= 25.7 L=0.06877 tgt=+0.022/0.520 pstd=0.450 capv=0.000 lr=1.0e-03 gen=0.1s train=0.8s
[t=  20.2s] greedy ep 21 games=  96 dec= 17364 cap=0.30 cfgs= 23.6 L=0.06625 tgt=+0.009/0.475 pstd=0.450 capv=0.000 lr=1.0e-03 gen=0.1s train=0.8s
[t=  21.1s] greedy ep 22 games=  96 dec= 17748 cap=0.36 cfgs= 25.1 L=0.06820 tgt=-0.007/0.466 pstd=0.458 capv=0.000 lr=1.0e-03 gen=0.1s train=0.8s
[t=  21.9s] greedy ep 23 games=  96 dec= 16126 cap=0.22 cfgs= 25.7 L=0.06930 tgt=+0.011/0.519 pstd=0.445 capv=0.000 lr=1.0e-03 gen=0.1s train=0.7s
[t=  22.9s] greedy ep 24 games=  96 dec= 18560 cap=0.42 cfgs= 22.9 L=0.06814 tgt=+0.008/0.444 pstd=0.479 capv=0.000 lr=1.0e-03 gen=0.1s train=0.8s
[t=  23.8s] greedy ep 25 games=  96 dec= 17402 cap=0.31 cfgs= 23.9 L=0.06909 tgt=+0.004/0.502 pstd=0.442 capv=0.000 lr=1.0e-03 gen=0.1s train=0.7s
[t=  24.8s] greedy ep 26 games=  96 dec= 18245 cap=0.38 cfgs= 22.2 L=0.06880 tgt=+0.019/0.462 pstd=0.444 capv=0.000 lr=1.0e-03 gen=0.2s train=0.8s
[t=  25.8s] greedy ep 27 games=  96 dec= 18252 cap=0.36 cfgs= 23.2 L=0.07090 tgt=+0.011/0.468 pstd=0.437 capv=0.000 lr=1.0e-03 gen=0.1s train=0.8s
[t=  26.6s] greedy ep 28 games=  96 dec= 16622 cap=0.24 cfgs= 26.2 L=0.06887 tgt=+0.021/0.528 pstd=0.448 capv=0.000 lr=1.0e-03 gen=0.1s train=0.7s
[t=  27.6s] greedy ep 29 games=  96 dec= 17551 cap=0.35 cfgs= 23.7 L=0.07196 tgt=+0.010/0.467 pstd=0.421 capv=0.000 lr=1.0e-03 gen=0.1s train=0.8s
[t=  28.5s] greedy ep 30 games=  96 dec= 17764 cap=0.34 cfgs= 22.7 L=0.07316 tgt=+0.010/0.498 pstd=0.469 capv=0.000 lr=1.0e-03 gen=0.1s train=0.8s
[t=  29.5s] greedy ep 31 games=  96 dec= 17543 cap=0.35 cfgs= 24.1 L=0.07038 tgt=+0.006/0.487 pstd=0.474 capv=0.000 lr=1.0e-03 gen=0.2s train=0.8s
[t=  30.5s] greedy ep 32 games=  96 dec= 17410 cap=0.28 cfgs= 25.0 L=0.07232 tgt=+0.012/0.520 pstd=0.465 capv=0.000 lr=1.0e-03 gen=0.2s train=0.8s
[t=  31.4s] greedy ep 33 games=  96 dec= 17308 cap=0.26 cfgs= 22.5 L=0.07368 tgt=+0.013/0.529 pstd=0.469 capv=0.000 lr=1.0e-03 gen=0.1s train=0.8s
[t=  32.4s] greedy ep 34 games=  96 dec= 17440 cap=0.33 cfgs= 24.1 L=0.07370 tgt=+0.002/0.502 pstd=0.462 capv=0.000 lr=1.0e-03 gen=0.2s train=0.8s
[t=  33.4s] greedy ep 35 games=  96 dec= 17831 cap=0.33 cfgs= 24.0 L=0.07367 tgt=+0.011/0.490 pstd=0.458 capv=0.000 lr=1.0e-03 gen=0.1s train=0.8s
[t=  34.4s] greedy ep 36 games=  96 dec= 17393 cap=0.25 cfgs= 24.2 L=0.07442 tgt=+0.017/0.508 pstd=0.434 capv=0.000 lr=1.0e-03 gen=0.1s train=0.9s
[t=  35.5s] greedy ep 37 games=  96 dec= 17234 cap=0.30 cfgs= 24.6 L=0.07449 tgt=+0.017/0.498 pstd=0.467 capv=0.000 lr=1.0e-03 gen=0.1s train=0.9s
[t=  36.5s] greedy ep 38 games=  96 dec= 16631 cap=0.25 cfgs= 25.1 L=0.07634 tgt=+0.009/0.532 pstd=0.487 capv=0.000 lr=1.0e-03 gen=0.2s train=0.9s
[t=  37.6s] greedy ep 39 games=  96 dec= 17350 cap=0.29 cfgs= 25.2 L=0.08056 tgt=+0.014/0.500 pstd=0.473 capv=0.000 lr=1.0e-03 gen=0.2s train=0.9s
[t=  38.6s] greedy ep 40 games=  96 dec= 16594 cap=0.24 cfgs= 26.4 L=0.07764 tgt=+0.006/0.496 pstd=0.455 capv=0.000 lr=1.0e-03 gen=0.1s train=0.8s
[t=  39.5s] greedy ep 41 games=  96 dec= 17185 cap=0.29 cfgs= 25.2 L=0.07580 tgt=-0.003/0.500 pstd=0.417 capv=0.000 lr=1.0e-03 gen=0.1s train=0.8s
[t=  40.8s] greedy ep 42 games=  96 dec= 19091 cap=0.45 cfgs= 22.7 L=0.07748 tgt=-0.006/0.451 pstd=0.438 capv=0.000 lr=1.0e-03 gen=0.2s train=1.0s
[t=  41.7s] greedy ep 43 games=  96 dec= 16718 cap=0.28 cfgs= 23.9 L=0.07884 tgt=-0.008/0.515 pstd=0.442 capv=0.000 lr=1.0e-03 gen=0.1s train=0.8s
[t=  42.7s] greedy ep 44 games=  96 dec= 16386 cap=0.21 cfgs= 25.6 L=0.07935 tgt=+0.003/0.525 pstd=0.434 capv=0.000 lr=1.0e-03 gen=0.1s train=0.8s
[t=  43.9s] greedy ep 45 games=  96 dec= 17749 cap=0.35 cfgs= 24.9 L=0.08016 tgt=+0.003/0.491 pstd=0.438 capv=0.000 lr=1.0e-03 gen=0.2s train=1.0s
[t=  45.2s] greedy ep 46 games=  96 dec= 17746 cap=0.30 cfgs= 23.9 L=0.08111 tgt=+0.004/0.494 pstd=0.436 capv=0.000 lr=1.0e-03 gen=0.3s train=1.0s
[t=  46.2s] greedy ep 47 games=  96 dec= 17606 cap=0.33 cfgs= 24.3 L=0.07826 tgt=+0.017/0.465 pstd=0.433 capv=0.000 lr=1.0e-03 gen=0.1s train=0.9s
[t=  47.3s] greedy ep 48 games=  96 dec= 17550 cap=0.31 cfgs= 25.5 L=0.08037 tgt=-0.000/0.500 pstd=0.433 capv=0.000 lr=1.0e-03 gen=0.1s train=0.9s
[t=  48.4s] greedy ep 49 games=  96 dec= 17250 cap=0.32 cfgs= 23.5 L=0.08047 tgt=+0.008/0.487 pstd=0.436 capv=0.000 lr=1.0e-03 gen=0.1s train=0.9s
[t=  49.4s] greedy ep 50 games=  96 dec= 17832 cap=0.32 cfgs= 23.7 L=0.08260 tgt=+0.017/0.486 pstd=0.426 capv=0.000 lr=1.0e-03 gen=0.1s train=0.9s
[t=  50.5s] greedy ep 51 games=  96 dec= 17923 cap=0.38 cfgs= 22.9 L=0.08141 tgt=+0.012/0.464 pstd=0.413 capv=0.000 lr=1.0e-03 gen=0.1s train=1.0s
[t=  51.7s] greedy ep 52 games=  96 dec= 17105 cap=0.30 cfgs= 23.7 L=0.08197 tgt=-0.009/0.489 pstd=0.428 capv=0.000 lr=1.0e-03 gen=0.1s train=0.9s
[t=  52.8s] greedy ep 53 games=  96 dec= 17117 cap=0.27 cfgs= 25.4 L=0.08347 tgt=+0.003/0.491 pstd=0.390 capv=0.000 lr=1.0e-03 gen=0.1s train=1.0s
[t=  53.9s] greedy ep 54 games=  96 dec= 17527 cap=0.30 cfgs= 25.8 L=0.08163 tgt=+0.003/0.515 pstd=0.430 capv=0.000 lr=1.0e-03 gen=0.2s train=0.9s
[t=  55.0s] greedy ep 55 games=  96 dec= 18462 cap=0.38 cfgs= 20.9 L=0.08216 tgt=+0.008/0.483 pstd=0.405 capv=0.000 lr=1.0e-03 gen=0.1s train=1.0s
[t=  56.1s] greedy ep 56 games=  96 dec= 16363 cap=0.24 cfgs= 25.6 L=0.08273 tgt=-0.003/0.525 pstd=0.419 capv=0.000 lr=1.0e-03 gen=0.2s train=0.9s
[t=  57.2s] greedy ep 57 games=  96 dec= 17612 cap=0.27 cfgs= 24.4 L=0.08466 tgt=+0.023/0.481 pstd=0.405 capv=0.000 lr=1.0e-03 gen=0.2s train=1.0s
[t=  58.3s] greedy ep 58 games=  96 dec= 17001 cap=0.28 cfgs= 25.3 L=0.08343 tgt=+0.014/0.494 pstd=0.440 capv=0.000 lr=1.0e-03 gen=0.1s train=0.9s
[t=  59.6s] greedy ep 59 games=  96 dec= 16968 cap=0.30 cfgs= 24.4 L=0.08458 tgt=+0.014/0.485 pstd=0.442 capv=0.000 lr=1.0e-03 gen=0.1s train=1.2s
[t=  60.9s] greedy ep 60 games=  96 dec= 16654 cap=0.27 cfgs= 25.3 L=0.08451 tgt=+0.004/0.516 pstd=0.431 capv=0.000 lr=1.0e-03 gen=0.1s train=1.1s
[t=  62.0s] greedy ep 61 games=  96 dec= 17045 cap=0.27 cfgs= 24.9 L=0.08350 tgt=+0.016/0.508 pstd=0.437 capv=0.000 lr=1.0e-03 gen=0.1s train=1.0s
[t=  63.1s] greedy ep 62 games=  96 dec= 16734 cap=0.26 cfgs= 24.1 L=0.08304 tgt=+0.004/0.507 pstd=0.442 capv=0.000 lr=1.0e-03 gen=0.1s train=0.9s
[t=  64.2s] greedy ep 63 games=  96 dec= 17926 cap=0.35 cfgs= 23.7 L=0.08298 tgt=+0.010/0.478 pstd=0.412 capv=0.000 lr=1.0e-03 gen=0.1s train=1.0s
[t=  65.2s] greedy ep 64 games=  96 dec= 17017 cap=0.30 cfgs= 25.5 L=0.08342 tgt=+0.007/0.480 pstd=0.430 capv=0.000 lr=1.0e-03 gen=0.2s train=0.8s
[t=  66.2s] greedy ep 65 games=  96 dec= 16910 cap=0.25 cfgs= 25.7 L=0.08405 tgt=+0.001/0.489 pstd=0.428 capv=0.000 lr=1.0e-03 gen=0.1s train=0.9s
[t=  67.3s] greedy ep 66 games=  96 dec= 17575 cap=0.30 cfgs= 24.0 L=0.08285 tgt=+0.001/0.473 pstd=0.409 capv=0.000 lr=1.0e-03 gen=0.1s train=0.9s
[t=  68.3s] greedy ep 67 games=  96 dec= 16018 cap=0.20 cfgs= 26.3 L=0.08610 tgt=+0.011/0.520 pstd=0.427 capv=0.000 lr=1.0e-03 gen=0.1s train=0.8s
[t=  69.5s] greedy ep 68 games=  96 dec= 17157 cap=0.26 cfgs= 26.1 L=0.08358 tgt=+0.030/0.516 pstd=0.420 capv=0.000 lr=1.0e-03 gen=0.1s train=0.9s
[t=  70.5s] greedy ep 69 games=  96 dec= 17396 cap=0.28 cfgs= 25.1 L=0.08410 tgt=+0.007/0.494 pstd=0.416 capv=0.000 lr=1.0e-03 gen=0.2s train=0.9s
[t=  71.7s] greedy ep 70 games=  96 dec= 17599 cap=0.35 cfgs= 25.2 L=0.08487 tgt=+0.001/0.503 pstd=0.407 capv=0.000 lr=1.0e-03 gen=0.2s train=0.9s
[t=  72.8s] greedy ep 71 games=  96 dec= 17152 cap=0.28 cfgs= 24.5 L=0.08328 tgt=+0.007/0.515 pstd=0.438 capv=0.000 lr=1.0e-03 gen=0.1s train=0.9s
[t=  73.9s] greedy ep 72 games=  96 dec= 17020 cap=0.28 cfgs= 26.2 L=0.08311 tgt=-0.001/0.491 pstd=0.446 capv=0.000 lr=1.0e-03 gen=0.1s train=1.0s
[t=  74.9s] greedy ep 73 games=  96 dec= 16518 cap=0.26 cfgs= 26.4 L=0.08537 tgt=+0.004/0.509 pstd=0.423 capv=0.000 lr=1.0e-03 gen=0.1s train=0.9s
[t=  76.0s] greedy ep 74 games=  96 dec= 17098 cap=0.30 cfgs= 24.2 L=0.08213 tgt=+0.016/0.516 pstd=0.426 capv=0.000 lr=1.0e-03 gen=0.1s train=0.9s
[t=  77.2s] greedy ep 75 games=  96 dec= 17980 cap=0.32 cfgs= 24.2 L=0.08549 tgt=-0.002/0.476 pstd=0.396 capv=0.000 lr=1.0e-03 gen=0.1s train=1.0s
[t=  78.4s] greedy ep 76 games=  96 dec= 16831 cap=0.26 cfgs= 24.3 L=0.08377 tgt=+0.010/0.509 pstd=0.424 capv=0.000 lr=1.0e-03 gen=0.3s train=1.0s
[t=  79.8s] greedy ep 77 games=  96 dec= 16709 cap=0.27 cfgs= 26.1 L=0.08302 tgt=+0.011/0.497 pstd=0.393 capv=0.000 lr=1.0e-03 gen=0.2s train=1.1s
[t=  81.0s] greedy ep 78 games=  96 dec= 17854 cap=0.30 cfgs= 24.5 L=0.08295 tgt=+0.012/0.472 pstd=0.431 capv=0.000 lr=1.0e-03 gen=0.2s train=1.0s
[t=  82.2s] greedy ep 79 games=  96 dec= 18235 cap=0.38 cfgs= 23.0 L=0.08111 tgt=+0.003/0.466 pstd=0.383 capv=0.000 lr=1.0e-03 gen=0.2s train=1.0s
[t=  83.4s] greedy ep 80 games=  96 dec= 17541 cap=0.31 cfgs= 23.8 L=0.08214 tgt=+0.006/0.496 pstd=0.448 capv=0.000 lr=1.0e-03 gen=0.2s train=1.0s
[t=  84.5s] greedy ep 81 games=  96 dec= 17872 cap=0.31 cfgs= 24.7 L=0.08370 tgt=+0.020/0.500 pstd=0.420 capv=0.000 lr=1.0e-03 gen=0.1s train=1.0s
[t=  85.5s] greedy ep 82 games=  96 dec= 16629 cap=0.24 cfgs= 25.5 L=0.08373 tgt=+0.009/0.492 pstd=0.445 capv=0.000 lr=1.0e-03 gen=0.1s train=0.8s
[t=  86.5s] greedy ep 83 games=  96 dec= 17074 cap=0.32 cfgs= 23.3 L=0.08181 tgt=-0.000/0.504 pstd=0.433 capv=0.000 lr=1.0e-03 gen=0.2s train=0.9s
[t=  87.5s] greedy ep 84 games=  96 dec= 17286 cap=0.32 cfgs= 25.5 L=0.08273 tgt=-0.003/0.496 pstd=0.411 capv=0.000 lr=1.0e-03 gen=0.1s train=0.8s
[t=  88.6s] greedy ep 85 games=  96 dec= 17290 cap=0.29 cfgs= 26.2 L=0.08386 tgt=+0.013/0.511 pstd=0.446 capv=0.000 lr=1.0e-03 gen=0.1s train=0.9s
[t=  89.7s] greedy ep 86 games=  96 dec= 17424 cap=0.27 cfgs= 25.2 L=0.08236 tgt=+0.005/0.502 pstd=0.457 capv=0.000 lr=1.0e-03 gen=0.1s train=0.9s
[t=  90.7s] greedy ep 87 games=  96 dec= 16692 cap=0.24 cfgs= 24.4 L=0.08224 tgt=+0.012/0.498 pstd=0.438 capv=0.000 lr=1.0e-03 gen=0.1s train=0.8s
[t=  90.7s] --- initial checkpoint saved, switching to ReBeL ---
[t=  95.3s] rebel  ep 88 games=  48 dec=  8628 cap=0.19 cfgs= 22.0 L=0.01720 tgt=+0.002/0.412 pstd=0.400 capv=0.000 lr=1.0e-03 gen=4.4s train=0.2s
[t= 100.2s] rebel  ep 89 games=  48 dec=  7823 cap=0.04 cfgs= 29.2 L=0.01205 tgt=+0.009/0.412 pstd=0.389 capv=0.000 lr=1.0e-03 gen=4.8s train=0.1s
[t= 104.1s] rebel  ep 90 games=  48 dec=  6560 cap=0.02 cfgs= 25.8 L=0.01052 tgt=+0.018/0.384 pstd=0.389 capv=0.000 lr=1.0e-03 gen=3.8s train=0.1s
[t= 108.2s] rebel  ep 91 games=  48 dec=  6984 cap=0.06 cfgs= 24.7 L=0.00985 tgt=+0.029/0.421 pstd=0.395 capv=0.000 lr=1.0e-03 gen=3.9s train=0.1s
[t= 112.4s] rebel  ep 92 games=  48 dec=  7052 cap=0.02 cfgs= 27.7 L=0.00955 tgt=-0.004/0.427 pstd=0.388 capv=0.000 lr=1.0e-03 gen=4.1s train=0.1s
[t= 116.5s] rebel  ep 93 games=  48 dec=  6209 cap=0.04 cfgs= 29.5 L=0.00973 tgt=+0.003/0.394 pstd=0.390 capv=0.000 lr=1.0e-03 gen=4.0s train=0.1s
[t= 120.5s] rebel  ep 94 games=  48 dec=  6064 cap=0.02 cfgs= 26.0 L=0.00960 tgt=+0.002/0.409 pstd=0.387 capv=0.000 lr=1.0e-03 gen=3.8s train=0.1s
[t= 124.8s] rebel  ep 95 games=  48 dec=  6367 cap=0.00 cfgs= 26.3 L=0.00908 tgt=+0.012/0.413 pstd=0.386 capv=0.000 lr=1.0e-03 gen=4.2s train=0.1s
[t= 129.2s] rebel  ep 96 games=  48 dec=  7012 cap=0.08 cfgs= 25.8 L=0.00915 tgt=+0.012/0.375 pstd=0.394 capv=0.000 lr=1.0e-03 gen=4.2s train=0.1s
[t= 133.7s] rebel  ep 97 games=  48 dec=  7046 cap=0.04 cfgs= 24.6 L=0.00877 tgt=+0.014/0.398 pstd=0.387 capv=0.000 lr=1.0e-03 gen=4.4s train=0.1s
[t= 138.0s] rebel  ep 98 games=  48 dec=  6362 cap=0.06 cfgs= 27.5 L=0.00850 tgt=+0.006/0.368 pstd=0.386 capv=0.000 lr=1.0e-03 gen=4.2s train=0.1s
[t= 142.3s] rebel  ep 99 games=  48 dec=  5876 cap=0.02 cfgs= 27.3 L=0.00858 tgt=+0.019/0.402 pstd=0.384 capv=0.000 lr=1.0e-03 gen=4.2s train=0.1s
[t= 146.8s] rebel  ep100 games=  48 dec=  6659 cap=0.04 cfgs= 26.5 L=0.00844 tgt=+0.015/0.389 pstd=0.384 capv=0.000 lr=1.0e-03 gen=4.4s train=0.1s
[t= 151.3s] rebel  ep101 games=  48 dec=  6493 cap=0.06 cfgs= 26.4 L=0.00841 tgt=+0.007/0.397 pstd=0.386 capv=0.000 lr=1.0e-03 gen=4.4s train=0.1s
[t= 155.9s] rebel  ep102 games=  48 dec=  6530 cap=0.04 cfgs= 28.1 L=0.00800 tgt=+0.007/0.394 pstd=0.380 capv=0.000 lr=1.0e-03 gen=4.4s train=0.1s
[t= 159.9s] rebel  ep103 games=  48 dec=  5773 cap=0.02 cfgs= 26.8 L=0.00827 tgt=+0.004/0.386 pstd=0.382 capv=0.000 lr=1.0e-03 gen=3.9s train=0.1s
[t= 164.2s] rebel  ep104 games=  48 dec=  6079 cap=0.04 cfgs= 27.0 L=0.00811 tgt=-0.002/0.362 pstd=0.386 capv=0.000 lr=1.0e-03 gen=4.1s train=0.1s
[t= 168.9s] rebel  ep105 games=  48 dec=  6532 cap=0.02 cfgs= 27.5 L=0.00792 tgt=+0.021/0.384 pstd=0.383 capv=0.000 lr=1.0e-03 gen=4.6s train=0.1s
[t= 173.1s] rebel  ep106 games=  48 dec=  5688 cap=0.00 cfgs= 28.0 L=0.00805 tgt=-0.001/0.383 pstd=0.388 capv=0.000 lr=1.0e-03 gen=4.1s train=0.1s
[t= 177.1s] rebel  ep107 games=  48 dec=  5756 cap=0.02 cfgs= 25.6 L=0.00806 tgt=+0.010/0.393 pstd=0.384 capv=0.000 lr=1.0e-03 gen=3.8s train=0.1s
[t= 181.5s] rebel  ep108 games=  48 dec=  6356 cap=0.04 cfgs= 25.8 L=0.00802 tgt=-0.003/0.371 pstd=0.384 capv=0.000 lr=1.0e-03 gen=4.3s train=0.1s
[t= 185.7s] rebel  ep109 games=  48 dec=  5643 cap=0.00 cfgs= 28.0 L=0.00818 tgt=+0.008/0.390 pstd=0.385 capv=0.000 lr=1.0e-03 gen=4.1s train=0.1s
[t= 190.2s] rebel  ep110 games=  48 dec=  5833 cap=0.00 cfgs= 29.1 L=0.00756 tgt=+0.016/0.382 pstd=0.386 capv=0.000 lr=1.0e-03 gen=4.4s train=0.1s
[t= 195.0s] rebel  ep111 games=  48 dec=  6299 cap=0.00 cfgs= 27.5 L=0.00804 tgt=+0.002/0.398 pstd=0.381 capv=0.000 lr=1.0e-03 gen=4.7s train=0.1s
[t= 199.0s] rebel  ep112 games=  48 dec=  5289 cap=0.00 cfgs= 27.4 L=0.00741 tgt=-0.003/0.394 pstd=0.379 capv=0.000 lr=1.0e-03 gen=3.9s train=0.1s
[t= 203.3s] rebel  ep113 games=  48 dec=  6158 cap=0.02 cfgs= 23.5 L=0.00829 tgt=+0.002/0.398 pstd=0.379 capv=0.000 lr=1.0e-03 gen=4.2s train=0.1s
[t= 207.6s] rebel  ep114 games=  48 dec=  6356 cap=0.00 cfgs= 24.3 L=0.00776 tgt=+0.003/0.372 pstd=0.380 capv=0.000 lr=1.0e-03 gen=4.1s train=0.1s
[t= 211.8s] rebel  ep115 games=  48 dec=  6148 cap=0.04 cfgs= 25.7 L=0.00807 tgt=+0.006/0.392 pstd=0.379 capv=0.000 lr=1.0e-03 gen=4.1s train=0.1s
[t= 215.8s] rebel  ep116 games=  48 dec=  6429 cap=0.04 cfgs= 24.4 L=0.00810 tgt=-0.008/0.386 pstd=0.374 capv=0.000 lr=1.0e-03 gen=3.9s train=0.1s
[t= 220.0s] rebel  ep117 games=  48 dec=  5762 cap=0.04 cfgs= 27.5 L=0.00787 tgt=-0.004/0.394 pstd=0.374 capv=0.000 lr=1.0e-03 gen=4.1s train=0.1s
[t= 224.1s] rebel  ep118 games=  48 dec=  5599 cap=0.02 cfgs= 25.5 L=0.00778 tgt=+0.017/0.397 pstd=0.380 capv=0.000 lr=1.0e-03 gen=4.0s train=0.1s
[t= 228.2s] rebel  ep119 games=  48 dec=  5747 cap=0.02 cfgs= 26.9 L=0.00755 tgt=+0.002/0.379 pstd=0.377 capv=0.000 lr=1.0e-03 gen=4.0s train=0.1s
[t= 232.6s] rebel  ep120 games=  48 dec=  6041 cap=0.02 cfgs= 26.9 L=0.00747 tgt=-0.008/0.424 pstd=0.380 capv=0.000 lr=1.0e-03 gen=4.2s train=0.1s
[t= 236.8s] rebel  ep121 games=  48 dec=  6127 cap=0.06 cfgs= 24.7 L=0.00781 tgt=+0.005/0.370 pstd=0.384 capv=0.000 lr=1.0e-03 gen=4.0s train=0.1s
[t= 241.3s] rebel  ep122 games=  48 dec=  6177 cap=0.00 cfgs= 26.6 L=0.00765 tgt=+0.002/0.410 pstd=0.383 capv=0.000 lr=1.0e-03 gen=4.4s train=0.1s
[t= 245.8s] rebel  ep123 games=  48 dec=  6432 cap=0.08 cfgs= 24.9 L=0.00754 tgt=+0.007/0.414 pstd=0.382 capv=0.000 lr=1.0e-03 gen=4.3s train=0.1s
[t= 249.7s] rebel  ep124 games=  48 dec=  5422 cap=0.00 cfgs= 26.2 L=0.00775 tgt=+0.006/0.406 pstd=0.380 capv=0.000 lr=1.0e-03 gen=3.9s train=0.1s
[t= 253.9s] rebel  ep125 games=  48 dec=  5896 cap=0.02 cfgs= 27.2 L=0.00747 tgt=+0.012/0.430 pstd=0.375 capv=0.000 lr=1.0e-03 gen=4.0s train=0.1s
[t= 258.1s] rebel  ep126 games=  48 dec=  5904 cap=0.04 cfgs= 27.8 L=0.00726 tgt=+0.009/0.426 pstd=0.377 capv=0.000 lr=1.0e-03 gen=4.1s train=0.1s
[t= 262.6s] rebel  ep127 games=  48 dec=  5898 cap=0.00 cfgs= 27.9 L=0.00775 tgt=+0.003/0.375 pstd=0.384 capv=0.000 lr=1.0e-03 gen=4.4s train=0.1s
[t= 262.6s] --- lr -> 5.00e-04 ---
[t= 266.6s] rebel  ep128 games=  48 dec=  5488 cap=0.02 cfgs= 27.2 L=0.00750 tgt=-0.003/0.377 pstd=0.384 capv=0.000 lr=5.0e-04 gen=3.9s train=0.1s
[t= 270.6s] rebel  ep129 games=  48 dec=  5657 cap=0.04 cfgs= 25.9 L=0.00753 tgt=+0.007/0.383 pstd=0.380 capv=0.000 lr=5.0e-04 gen=3.9s train=0.1s
[t= 274.9s] rebel  ep130 games=  48 dec=  6064 cap=0.00 cfgs= 25.7 L=0.00725 tgt=-0.001/0.395 pstd=0.379 capv=0.000 lr=5.0e-04 gen=4.2s train=0.1s
[t= 279.3s] rebel  ep131 games=  48 dec=  6325 cap=0.04 cfgs= 26.9 L=0.00772 tgt=+0.003/0.388 pstd=0.379 capv=0.000 lr=5.0e-04 gen=4.2s train=0.1s
[t= 283.5s] rebel  ep132 games=  48 dec=  6066 cap=0.00 cfgs= 22.8 L=0.00755 tgt=+0.011/0.386 pstd=0.378 capv=0.000 lr=5.0e-04 gen=4.1s train=0.1s
[t= 287.8s] rebel  ep133 games=  48 dec=  6418 cap=0.04 cfgs= 24.5 L=0.00741 tgt=+0.002/0.397 pstd=0.382 capv=0.000 lr=5.0e-04 gen=4.1s train=0.1s
[t= 292.3s] rebel  ep134 games=  48 dec=  6037 cap=0.00 cfgs= 27.9 L=0.00768 tgt=+0.004/0.395 pstd=0.377 capv=0.000 lr=5.0e-04 gen=4.4s train=0.1s
[t= 296.6s] rebel  ep135 games=  48 dec=  6119 cap=0.04 cfgs= 24.6 L=0.00748 tgt=+0.004/0.362 pstd=0.378 capv=0.000 lr=5.0e-04 gen=4.2s train=0.1s
[t= 300.7s] rebel  ep136 games=  48 dec=  5613 cap=0.02 cfgs= 26.2 L=0.00758 tgt=+0.008/0.376 pstd=0.385 capv=0.000 lr=5.0e-04 gen=4.0s train=0.1s
[t= 305.1s] rebel  ep137 games=  48 dec=  5577 cap=0.00 cfgs= 29.7 L=0.00771 tgt=+0.004/0.407 pstd=0.382 capv=0.000 lr=5.0e-04 gen=4.3s train=0.1s
[t= 309.6s] rebel  ep138 games=  48 dec=  5944 cap=0.00 cfgs= 27.0 L=0.00744 tgt=+0.011/0.383 pstd=0.382 capv=0.000 lr=5.0e-04 gen=4.3s train=0.1s
[t= 314.0s] rebel  ep139 games=  48 dec=  6101 cap=0.04 cfgs= 28.1 L=0.00769 tgt=+0.006/0.383 pstd=0.380 capv=0.000 lr=5.0e-04 gen=4.3s train=0.1s
[t= 318.3s] rebel  ep140 games=  48 dec=  5670 cap=0.00 cfgs= 28.7 L=0.00758 tgt=+0.003/0.392 pstd=0.378 capv=0.000 lr=5.0e-04 gen=4.1s train=0.1s
[t= 322.9s] rebel  ep141 games=  48 dec=  6314 cap=0.02 cfgs= 24.5 L=0.00753 tgt=+0.028/0.395 pstd=0.383 capv=0.000 lr=5.0e-04 gen=4.5s train=0.1s
[t= 327.8s] rebel  ep142 games=  48 dec=  5719 cap=0.00 cfgs= 29.3 L=0.00747 tgt=-0.003/0.415 pstd=0.385 capv=0.000 lr=5.0e-04 gen=4.8s train=0.1s
[t= 332.4s] rebel  ep143 games=  48 dec=  6302 cap=0.04 cfgs= 24.9 L=0.00758 tgt=+0.007/0.380 pstd=0.381 capv=0.000 lr=5.0e-04 gen=4.6s train=0.1s
[t= 336.8s] rebel  ep144 games=  48 dec=  5686 cap=0.04 cfgs= 27.0 L=0.00781 tgt=+0.000/0.394 pstd=0.380 capv=0.000 lr=5.0e-04 gen=4.3s train=0.1s
[t= 340.9s] rebel  ep145 games=  48 dec=  5609 cap=0.02 cfgs= 26.4 L=0.00750 tgt=+0.004/0.389 pstd=0.379 capv=0.000 lr=5.0e-04 gen=4.0s train=0.1s
[t= 345.0s] rebel  ep146 games=  48 dec=  5277 cap=0.00 cfgs= 26.8 L=0.00740 tgt=+0.007/0.384 pstd=0.380 capv=0.000 lr=5.0e-04 gen=4.0s train=0.1s
[t= 349.3s] rebel  ep147 games=  48 dec=  5499 cap=0.00 cfgs= 29.2 L=0.00769 tgt=+0.003/0.390 pstd=0.383 capv=0.000 lr=5.0e-04 gen=4.2s train=0.1s
[t= 354.1s] rebel  ep148 games=  48 dec=  6117 cap=0.02 cfgs= 25.9 L=0.00793 tgt=-0.000/0.386 pstd=0.381 capv=0.000 lr=5.0e-04 gen=4.6s train=0.1s
[t= 358.6s] rebel  ep149 games=  48 dec=  5462 cap=0.00 cfgs= 27.0 L=0.00744 tgt=-0.009/0.376 pstd=0.386 capv=0.000 lr=5.0e-04 gen=4.4s train=0.1s
[t= 363.0s] rebel  ep150 games=  48 dec=  5943 cap=0.04 cfgs= 26.1 L=0.00802 tgt=-0.004/0.379 pstd=0.384 capv=0.000 lr=5.0e-04 gen=4.3s train=0.1s
[t= 367.2s] rebel  ep151 games=  48 dec=  5168 cap=0.00 cfgs= 28.0 L=0.00748 tgt=-0.002/0.377 pstd=0.383 capv=0.000 lr=5.0e-04 gen=4.1s train=0.1s
[t= 371.5s] rebel  ep152 games=  48 dec=  5697 cap=0.02 cfgs= 24.2 L=0.00778 tgt=+0.007/0.392 pstd=0.381 capv=0.000 lr=5.0e-04 gen=4.2s train=0.1s
[t= 376.0s] rebel  ep153 games=  48 dec=  5660 cap=0.00 cfgs= 24.5 L=0.00801 tgt=+0.002/0.398 pstd=0.383 capv=0.000 lr=5.0e-04 gen=4.4s train=0.2s
[t= 380.7s] rebel  ep154 games=  48 dec=  5860 cap=0.02 cfgs= 25.6 L=0.00772 tgt=+0.015/0.392 pstd=0.382 capv=0.000 lr=5.0e-04 gen=4.5s train=0.2s
[t= 384.8s] rebel  ep155 games=  48 dec=  5337 cap=0.00 cfgs= 24.2 L=0.00770 tgt=-0.004/0.425 pstd=0.383 capv=0.000 lr=5.0e-04 gen=4.0s train=0.1s
[t= 389.4s] rebel  ep156 games=  48 dec=  5697 cap=0.00 cfgs= 26.3 L=0.00785 tgt=+0.009/0.409 pstd=0.379 capv=0.000 lr=5.0e-04 gen=4.5s train=0.1s
[t= 393.7s] rebel  ep157 games=  48 dec=  5820 cap=0.00 cfgs= 23.5 L=0.00813 tgt=-0.006/0.369 pstd=0.382 capv=0.000 lr=5.0e-04 gen=4.1s train=0.1s
[t= 398.4s] rebel  ep158 games=  48 dec=  6456 cap=0.06 cfgs= 24.7 L=0.00761 tgt=+0.004/0.392 pstd=0.387 capv=0.000 lr=5.0e-04 gen=4.6s train=0.1s
[t= 402.8s] rebel  ep159 games=  48 dec=  5752 cap=0.02 cfgs= 26.3 L=0.00754 tgt=+0.006/0.389 pstd=0.380 capv=0.000 lr=5.0e-04 gen=4.3s train=0.1s
[t= 407.2s] rebel  ep160 games=  48 dec=  5097 cap=0.00 cfgs= 28.3 L=0.00731 tgt=-0.001/0.400 pstd=0.383 capv=0.000 lr=5.0e-04 gen=4.2s train=0.1s
[t= 411.8s] rebel  ep161 games=  48 dec=  5957 cap=0.04 cfgs= 24.6 L=0.00770 tgt=-0.005/0.399 pstd=0.381 capv=0.000 lr=5.0e-04 gen=4.5s train=0.1s
[t= 416.0s] rebel  ep162 games=  48 dec=  5289 cap=0.02 cfgs= 28.7 L=0.00805 tgt=+0.011/0.402 pstd=0.388 capv=0.000 lr=5.0e-04 gen=4.1s train=0.1s
[t= 420.3s] rebel  ep163 games=  48 dec=  5442 cap=0.04 cfgs= 26.1 L=0.00755 tgt=-0.000/0.401 pstd=0.380 capv=0.000 lr=5.0e-04 gen=4.2s train=0.1s
[t= 424.7s] rebel  ep164 games=  48 dec=  5727 cap=0.00 cfgs= 26.5 L=0.00772 tgt=+0.013/0.400 pstd=0.381 capv=0.000 lr=5.0e-04 gen=4.3s train=0.1s
[t= 429.5s] rebel  ep165 games=  48 dec=  6096 cap=0.02 cfgs= 28.6 L=0.00769 tgt=+0.006/0.381 pstd=0.377 capv=0.000 lr=5.0e-04 gen=4.6s train=0.1s
[t= 433.4s] rebel  ep166 games=  48 dec=  5534 cap=0.02 cfgs= 24.7 L=0.00776 tgt=+0.000/0.411 pstd=0.381 capv=0.000 lr=5.0e-04 gen=3.8s train=0.1s
[t= 433.4s] --- lr -> 2.50e-04 ---
[t= 437.8s] rebel  ep167 games=  48 dec=  6081 cap=0.02 cfgs= 21.4 L=0.00774 tgt=+0.007/0.387 pstd=0.384 capv=0.000 lr=2.5e-04 gen=4.2s train=0.1s
[t= 442.3s] rebel  ep168 games=  48 dec=  5751 cap=0.02 cfgs= 26.4 L=0.00748 tgt=+0.012/0.421 pstd=0.382 capv=0.000 lr=2.5e-04 gen=4.4s train=0.1s
[t= 446.7s] rebel  ep169 games=  48 dec=  6139 cap=0.06 cfgs= 24.8 L=0.00717 tgt=+0.008/0.377 pstd=0.385 capv=0.000 lr=2.5e-04 gen=4.3s train=0.1s
[t= 451.2s] rebel  ep170 games=  48 dec=  5276 cap=0.00 cfgs= 27.5 L=0.00727 tgt=-0.004/0.394 pstd=0.377 capv=0.000 lr=2.5e-04 gen=4.4s train=0.1s
[t= 455.6s] rebel  ep171 games=  48 dec=  5913 cap=0.04 cfgs= 25.0 L=0.00726 tgt=+0.000/0.379 pstd=0.383 capv=0.000 lr=2.5e-04 gen=4.2s train=0.1s
[t= 459.9s] rebel  ep172 games=  48 dec=  5576 cap=0.02 cfgs= 25.7 L=0.00771 tgt=-0.000/0.405 pstd=0.383 capv=0.000 lr=2.5e-04 gen=4.2s train=0.1s
[t= 464.6s] rebel  ep173 games=  48 dec=  6001 cap=0.00 cfgs= 26.5 L=0.00746 tgt=+0.002/0.399 pstd=0.384 capv=0.000 lr=2.5e-04 gen=4.6s train=0.1s
[t= 469.0s] rebel  ep174 games=  48 dec=  5599 cap=0.00 cfgs= 27.0 L=0.00740 tgt=+0.007/0.416 pstd=0.381 capv=0.000 lr=2.5e-04 gen=4.2s train=0.1s
[t= 473.6s] rebel  ep175 games=  48 dec=  5670 cap=0.00 cfgs= 26.8 L=0.00727 tgt=-0.010/0.370 pstd=0.381 capv=0.000 lr=2.5e-04 gen=4.5s train=0.1s
[t= 477.7s] rebel  ep176 games=  48 dec=  5724 cap=0.02 cfgs= 23.1 L=0.00750 tgt=-0.011/0.387 pstd=0.381 capv=0.000 lr=2.5e-04 gen=3.9s train=0.1s
[t= 482.0s] rebel  ep177 games=  48 dec=  5576 cap=0.00 cfgs= 24.9 L=0.00707 tgt=+0.004/0.386 pstd=0.383 capv=0.000 lr=2.5e-04 gen=4.3s train=0.1s
[t= 486.1s] rebel  ep178 games=  48 dec=  5457 cap=0.00 cfgs= 22.7 L=0.00775 tgt=+0.005/0.396 pstd=0.384 capv=0.000 lr=2.5e-04 gen=4.0s train=0.1s
[t= 490.4s] rebel  ep179 games=  48 dec=  6071 cap=0.06 cfgs= 22.2 L=0.00719 tgt=+0.015/0.371 pstd=0.381 capv=0.000 lr=2.5e-04 gen=4.1s train=0.1s
[t= 494.7s] rebel  ep180 games=  48 dec=  5830 cap=0.04 cfgs= 24.0 L=0.00764 tgt=+0.004/0.381 pstd=0.380 capv=0.000 lr=2.5e-04 gen=4.2s train=0.1s
[t= 499.2s] rebel  ep181 games=  48 dec=  5995 cap=0.04 cfgs= 24.2 L=0.00763 tgt=+0.006/0.398 pstd=0.387 capv=0.000 lr=2.5e-04 gen=4.4s train=0.1s
[t= 503.4s] rebel  ep182 games=  48 dec=  5404 cap=0.00 cfgs= 26.2 L=0.00759 tgt=-0.004/0.393 pstd=0.377 capv=0.000 lr=2.5e-04 gen=4.1s train=0.1s
[t= 507.5s] rebel  ep183 games=  48 dec=  5124 cap=0.00 cfgs= 26.1 L=0.00745 tgt=+0.003/0.390 pstd=0.383 capv=0.000 lr=2.5e-04 gen=4.0s train=0.1s
[t= 512.0s] rebel  ep184 games=  48 dec=  5947 cap=0.00 cfgs= 24.6 L=0.00786 tgt=+0.002/0.381 pstd=0.380 capv=0.000 lr=2.5e-04 gen=4.4s train=0.1s
[t= 516.7s] rebel  ep185 games=  48 dec=  5960 cap=0.04 cfgs= 24.4 L=0.00761 tgt=+0.004/0.402 pstd=0.386 capv=0.000 lr=2.5e-04 gen=4.6s train=0.1s
[t= 521.2s] rebel  ep186 games=  48 dec=  5714 cap=0.02 cfgs= 25.3 L=0.00755 tgt=+0.009/0.355 pstd=0.383 capv=0.000 lr=2.5e-04 gen=4.3s train=0.1s
[t= 525.4s] rebel  ep187 games=  48 dec=  5138 cap=0.00 cfgs= 28.6 L=0.00764 tgt=+0.008/0.419 pstd=0.384 capv=0.000 lr=2.5e-04 gen=4.2s train=0.1s
[t= 530.0s] rebel  ep188 games=  48 dec=  5677 cap=0.02 cfgs= 26.0 L=0.00729 tgt=-0.010/0.406 pstd=0.379 capv=0.000 lr=2.5e-04 gen=4.4s train=0.1s
[t= 534.7s] rebel  ep189 games=  48 dec=  5467 cap=0.00 cfgs= 25.9 L=0.00755 tgt=+0.007/0.404 pstd=0.380 capv=0.000 lr=2.5e-04 gen=4.6s train=0.1s
[t= 540.1s] rebel  ep190 games=  48 dec=  5054 cap=0.00 cfgs= 30.5 L=0.00807 tgt=-0.001/0.417 pstd=0.377 capv=0.000 lr=2.5e-04 gen=5.2s train=0.2s
[t= 547.7s] rebel  ep191 games=  48 dec=  6321 cap=0.04 cfgs= 23.0 L=0.00749 tgt=+0.001/0.358 pstd=0.386 capv=0.000 lr=2.5e-04 gen=7.1s train=0.5s
[t= 553.8s] rebel  ep192 games=  48 dec=  5754 cap=0.00 cfgs= 25.0 L=0.00790 tgt=+0.011/0.400 pstd=0.377 capv=0.000 lr=2.5e-04 gen=5.9s train=0.2s
[t= 559.1s] rebel  ep193 games=  48 dec=  5704 cap=0.00 cfgs= 29.2 L=0.00762 tgt=-0.010/0.404 pstd=0.383 capv=0.000 lr=2.5e-04 gen=5.1s train=0.1s
[t= 563.7s] rebel  ep194 games=  48 dec=  5227 cap=0.02 cfgs= 25.3 L=0.00730 tgt=-0.000/0.368 pstd=0.379 capv=0.000 lr=2.5e-04 gen=4.5s train=0.1s
[t= 568.4s] rebel  ep195 games=  48 dec=  5333 cap=0.02 cfgs= 24.5 L=0.00745 tgt=-0.001/0.387 pstd=0.384 capv=0.000 lr=2.5e-04 gen=4.5s train=0.1s
[t= 573.5s] rebel  ep196 games=  48 dec=  5366 cap=0.04 cfgs= 29.3 L=0.00766 tgt=-0.009/0.381 pstd=0.385 capv=0.000 lr=2.5e-04 gen=4.9s train=0.1s
[t= 578.5s] rebel  ep197 games=  48 dec=  5559 cap=0.02 cfgs= 26.9 L=0.00776 tgt=-0.003/0.398 pstd=0.381 capv=0.000 lr=2.5e-04 gen=4.9s train=0.1s
[t= 583.4s] rebel  ep198 games=  48 dec=  5601 cap=0.02 cfgs= 28.0 L=0.00789 tgt=+0.009/0.373 pstd=0.383 capv=0.000 lr=2.5e-04 gen=4.8s train=0.1s
[t= 588.3s] rebel  ep199 games=  48 dec=  5482 cap=0.02 cfgs= 24.1 L=0.00731 tgt=-0.006/0.403 pstd=0.383 capv=0.000 lr=2.5e-04 gen=4.7s train=0.2s
[t= 593.6s] rebel  ep200 games=  48 dec=  5847 cap=0.04 cfgs= 25.6 L=0.00740 tgt=+0.011/0.385 pstd=0.385 capv=0.000 lr=2.5e-04 gen=5.1s train=0.1s
[t= 598.6s] rebel  ep201 games=  48 dec=  5804 cap=0.02 cfgs= 24.9 L=0.00780 tgt=+0.005/0.419 pstd=0.382 capv=0.000 lr=2.5e-04 gen=4.9s train=0.1s
[t= 604.0s] rebel  ep202 games=  48 dec=  6036 cap=0.06 cfgs= 24.5 L=0.00732 tgt=-0.006/0.399 pstd=0.381 capv=0.000 lr=2.5e-04 gen=5.2s train=0.1s
dumped 341890 buffer rows to runs/feat01/buf.npz

=== evaluation on the real game (horizon payoff 0; training ended at 0.000) ===
final checkpoint vs Greedy             W 193 L   3 D   4   score 0.975 +- 0.022
final checkpoint vs initial checkpoint W 189 L   8 D   3   score 0.953 +- 0.030

GOAL: the run produced a checkpoint better than the initial one that also beats Greedy -> PASS
      (ReBeL self-play must carry the warm-started network past its own start; final_vs_init is the headline)
