[train] runs//tmp/nsys_d2i64 at 0002265+dirty seed=101 {'minutes': 2.0, 'warm_minutes': 0.0, 'init_weights': 'runs/value_v4_depth1_precise30/snap_04.pt', 'ladder_games': 0, 'cap_value': 0.0, 'depth': 2, 'iters': 64, 'cfr': 'dcfr', 'seed': 101}
[cpu] pinned to 36 physical cores
[train] CUDA stream priority -1
[gpu] solve services up on [0, 1]
[cfg] PUBFEAT=897 CFEAT=15 architecture=v4 depth=2 iters=64 budget=120s warm=0s snapshot_every=6min device=cuda:1 draft=random train_gen_ratio=4.0 recent_mix=0.5/0.2 canonical_views=2 cap=2000000 matmul=high
[t=   0.0s] --- snapshot snap_00.pt (init) ---
[t=   0.0s] --- switching to ReBeL ---
[t=  10.1s] rebel stream solves=10240 raw=1021/s balanced=1021/s debt=0 rows steps=40 horizon=0.00 games=0 over=0 card=0 drop=0 L=0.15882 L/var=2.18 tgt=+0.380/0.270 cfg/b=45260 prep=0.20s gpu=0.00s conv=0.01s add=0.21s train=4.37s
[t=  20.6s] rebel stream solves=17408 raw=847/s balanced=847/s debt=0 rows steps=68 horizon=0.00 games=0 over=0 card=0 drop=0 L=0.00292 L/var=0.05 tgt=+0.359/0.239 cfg/b=50942 prep=0.20s gpu=0.00s conv=0.01s add=0.56s train=1.93s
[t=  30.6s] rebel stream solves=27648 raw=905/s balanced=905/s debt=0 rows steps=108 horizon=0.00 games=0 over=0 card=0 drop=0 L=0.00163 L/var=0.02 tgt=+0.340/0.258 cfg/b=67254 prep=0.20s gpu=0.00s conv=0.02s add=0.79s train=1.60s
[t=  40.0s] --- lr -> 5.00e-04 ---
[t=  40.6s] rebel stream solves=40960 raw=1009/s balanced=1009/s debt=0 rows steps=160 horizon=0.00 games=0 over=0 card=0 drop=0 L=0.00138 L/var=0.02 tgt=+0.300/0.281 cfg/b=32563 prep=0.32s gpu=0.00s conv=0.00s add=0.21s train=2.08s
[t=  50.7s] rebel stream solves=44032 raw=870/s balanced=870/s debt=0 rows steps=172 horizon=0.00 games=0 over=0 card=0 drop=0 L=0.00131 L/var=0.02 tgt=+0.364/0.254 cfg/b=25806 prep=0.06s gpu=0.00s conv=0.00s add=0.10s train=0.44s
[t=  60.7s] rebel stream solves=47104 raw=777/s balanced=777/s debt=0 rows steps=184 horizon=0.00 games=0 over=0 card=0 drop=0 L=0.00121 L/var=0.02 tgt=+0.374/0.248 cfg/b=30606 prep=0.06s gpu=0.00s conv=0.00s add=0.11s train=0.43s
[t=  70.7s] rebel stream solves=49152 raw=696/s balanced=696/s debt=0 rows steps=192 horizon=0.00 games=0 over=0 card=0 drop=0 L=0.00116 L/var=0.02 tgt=+0.380/0.242 cfg/b=34276 prep=0.04s gpu=0.00s conv=0.00s add=0.06s train=0.28s
[t=  80.5s] --- lr -> 2.50e-04 ---
[t=  80.7s] rebel stream solves=52224 raw=647/s balanced=647/s debt=0 rows steps=204 horizon=0.00 games=0 over=0 card=0 drop=0 L=0.00107 L/var=0.02 tgt=+0.370/0.255 cfg/b=36737 prep=0.07s gpu=0.00s conv=0.00s add=0.09s train=0.47s
[t=  90.7s] rebel stream solves=54272 raw=598/s balanced=598/s debt=0 rows steps=212 horizon=0.00 games=0 over=0 card=0 drop=0 L=0.00117 L/var=0.02 tgt=+0.347/0.264 cfg/b=34323 prep=0.04s gpu=0.00s conv=0.00s add=0.05s train=0.29s
[t= 100.0s] --- stopping GPU admission; draining ---
[t= 100.7s] rebel stream solves=56320 raw=559/s balanced=559/s debt=0 rows steps=220 horizon=0.00 games=0 over=1 card=0 drop=0 L=0.00129 L/var=0.02 tgt=+0.301/0.287 cfg/b=32978 prep=0.05s gpu=0.00s conv=0.00s add=0.09s train=0.30s
[t= 107.1s] rebel stream solves=57663 raw=539/s balanced=538/s debt=252 rows steps=225 horizon=0.00 games=0 over=3 card=0 drop=0 L=0.00132 L/var=0.01 tgt=+0.263/0.308 cfg/b=32999 prep=0.02s gpu=0.00s conv=0.01s add=0.08s train=0.17s
[gpu-summary] solves=57663 optimizer_rows=230400 debt=252 raw=480.7/s balanced=480.1/s horizon=0.00 games=0 over=3 card=0 exact=0 censored=4608 dropped=0 overrun=0.00s
[t= 120.0s] --- snapshot snap_01.pt (final) ---
[report] runs//tmp/nsys_d2i64/report.html
