[train] runs/gt_scratch36x8 at 1feb485+dirty seed=1 {'minutes': 1.0, 'warm_minutes': 0.2, 'snapshot_every': 1.0, 'ladder_games': 0, 'nodes': 64, 'expand': 1, 'iters': 8, 'config_cap': 256, 'gen_workers': 36, 'gen_solves': 8, 'gpu_inference': False, 'note': 'v11-reused-inference-scratch'}
[train] v11-reused-inference-scratch
[train] CUDA stream priority -1
[train] search inference on CPU
[cfg] PUBFEAT=897 CFEAT=15 architecture=gt-cfr nodes=64 expand=1 iters=8 budget=60s warm=12s snapshot_every=1min device=cuda:1 draft=random train_gen_ratio=64.0 recent_mix=0.5/0.2 canonical_views=2 cap=2000000 matmul=high
[t=   1.3s] greedy ep  0 games=  96 dec= 18968 rows= 18118 horizon=0.30 L=0.34058 L/var=2.31 tgt=-0.065/0.384 pstd=0.038 gen=0.1s train=1.1s
[t=   2.0s] greedy ep  1 games=  96 dec= 18844 rows= 18051 horizon=0.33 L=0.20454 L/var=1.18 tgt=-0.083/0.417 pstd=0.086 gen=0.1s train=0.6s
[t=   2.8s] greedy ep  2 games=  96 dec= 18181 rows= 17414 horizon=0.27 L=0.21842 L/var=1.38 tgt=-0.076/0.397 pstd=0.160 gen=0.1s train=0.5s
[t=   3.6s] greedy ep  3 games=  96 dec= 17989 rows= 17120 horizon=0.26 L=0.19763 L/var=1.30 tgt=-0.077/0.389 pstd=0.258 gen=0.1s train=0.6s
[t=   4.4s] greedy ep  4 games=  96 dec= 18823 rows= 18078 horizon=0.29 L=0.22053 L/var=1.43 tgt=-0.064/0.392 pstd=0.100 gen=0.1s train=0.7s
[t=   5.3s] greedy ep  5 games=  96 dec= 18924 rows= 18146 horizon=0.33 L=0.16411 L/var=1.11 tgt=-0.051/0.384 pstd=0.522 gen=0.1s train=0.6s
[t=   6.1s] greedy ep  6 games=  96 dec= 17615 rows= 16921 horizon=0.26 L=0.18463 L/var=1.14 tgt=-0.082/0.402 pstd=0.190 gen=0.1s train=0.6s
[t=   6.9s] greedy ep  7 games=  96 dec= 18608 rows= 17786 horizon=0.36 L=0.10343 L/var=0.60 tgt=-0.092/0.417 pstd=0.430 gen=0.1s train=0.6s
[t=   7.8s] greedy ep  8 games=  96 dec= 19040 rows= 18296 horizon=0.36 L=0.07186 L/var=0.45 tgt=-0.064/0.398 pstd=0.376 gen=0.1s train=0.6s
[t=   8.6s] greedy ep  9 games=  96 dec= 18200 rows= 17459 horizon=0.27 L=0.04134 L/var=0.24 tgt=-0.090/0.411 pstd=0.365 gen=0.1s train=0.6s
[t=   9.4s] greedy ep 10 games=  96 dec= 17927 rows= 17200 horizon=0.24 L=0.03207 L/var=0.20 tgt=-0.082/0.404 pstd=0.373 gen=0.1s train=0.6s
[t=  10.3s] greedy ep 11 games=  96 dec= 17941 rows= 17162 horizon=0.28 L=0.02749 L/var=0.17 tgt=-0.100/0.400 pstd=0.375 gen=0.1s train=0.6s
[t=  11.1s] greedy ep 12 games=  96 dec= 17384 rows= 16648 horizon=0.25 L=0.02550 L/var=0.19 tgt=-0.053/0.370 pstd=0.387 gen=0.1s train=0.6s
[t=  11.9s] greedy ep 13 games=  96 dec= 18153 rows= 17377 horizon=0.28 L=0.02343 L/var=0.15 tgt=-0.090/0.400 pstd=0.375 gen=0.1s train=0.6s
[t=  12.7s] greedy ep 14 games=  96 dec= 18097 rows= 17377 horizon=0.26 L=0.02022 L/var=0.13 tgt=-0.061/0.388 pstd=0.387 gen=0.1s train=0.6s
[t=  12.7s] --- snapshot snap_00.pt (init) ---
[t=  12.8s] --- switching to GT-CFR ---
[t=  23.0s] GT-CFR solves=3568 rate=346.8/s rows=49 games=0 caps=48 L=0.03604 L/var=0.51 tgt=+0.069/0.265 gen=0.06s train=0.03s gpu=0.00s
[t=  28.6s] --- lr -> 5.00e-04 ---
[t=  33.1s] GT-CFR solves=8496 rate=418.3/s rows=72 games=0 caps=53 L=0.03173 L/var=1.50 tgt=+0.010/0.145 gen=0.03s train=0.04s gpu=0.00s
[t=  43.1s] GT-CFR solves=13728 rate=452.8/s rows=22 games=0 caps=53 L=0.03917 L/var=2.60 tgt=-0.014/0.123 gen=0.11s train=0.03s gpu=0.00s
[t=  44.9s] --- lr -> 2.50e-04 ---
[t=  53.1s] GT-CFR solves=18640 rate=462.4/s rows=48 games=0 caps=62 L=0.03771 L/var=0.09 tgt=+0.277/0.647 gen=0.05s train=0.03s gpu=0.00s
[GT-CFR-summary] solves=21680 optimizer_rows=1387520 rate=393.5/s horizon=0.51 games=89 caps=78
[t=  67.9s] --- snapshot snap_01.pt (final) ---
