[train] runs/perf_d2i64_f16 at 0002265+dirty seed=101 {'minutes': 4.0, 'warm_minutes': 0.0, 'init_weights': 'runs/value_v4_depth1_precise30/snap_04.pt', 'ladder_games': 0, 'cap_value': 0.0, 'depth': 2, 'iters': 64, 'cfr': 'dcfr', 'gpu_actors': 32, 'seed': 101, 'note': 'depth2-64-dcfr-tensor-core-gemm'}
[train] depth2-64-dcfr-tensor-core-gemm
[cpu] pinned to 36 physical cores
[train] CUDA stream priority -1
[gpu] solve services up on [0, 1]
[cfg] PUBFEAT=897 CFEAT=15 architecture=v4 depth=2 iters=64 budget=240s warm=0s snapshot_every=6min device=cuda:1 draft=random train_gen_ratio=4.0 recent_mix=0.5/0.2 canonical_views=2 cap=2000000 matmul=high
[t=   0.0s] --- snapshot snap_00.pt (init) ---
[t=   0.0s] --- switching to ReBeL ---
[t=  10.0s] rebel stream solves=11264 raw=1126/s balanced=1126/s debt=0 rows steps=44 horizon=0.00 games=0 over=0 card=0 drop=0 L=0.16233 L/var=1.66 tgt=+0.301/0.312 cfg/b=46898 prep=0.29s gpu=0.00s conv=0.01s add=0.51s train=3.96s
[t=  21.1s] rebel stream solves=16384 raw=776/s balanced=776/s debt=0 rows steps=64 horizon=0.00 games=0 over=0 card=0 drop=0 L=0.00457 L/var=0.06 tgt=+0.300/0.276 cfg/b=37122 prep=0.12s gpu=0.00s conv=0.00s add=0.21s train=0.87s
[t=  31.2s] rebel stream solves=20480 raw=657/s balanced=657/s debt=0 rows steps=80 horizon=0.00 games=3 over=0 card=0 drop=0 L=0.00370 L/var=0.04 tgt=+0.310/0.315 cfg/b=31503 prep=0.10s gpu=0.00s conv=0.00s add=0.14s train=0.51s
[t=  41.2s] rebel stream solves=23552 raw=572/s balanced=572/s debt=0 rows steps=92 horizon=0.00 games=5 over=0 card=0 drop=0 L=0.00395 L/var=0.03 tgt=+0.303/0.338 cfg/b=27462 prep=0.07s gpu=0.00s conv=0.00s add=0.08s train=0.99s
[t=  51.3s] rebel stream solves=27648 raw=540/s balanced=540/s debt=0 rows steps=108 horizon=0.00 games=37 over=0 card=0 drop=0 L=0.00431 L/var=0.03 tgt=+0.289/0.391 cfg/b=25936 prep=0.09s gpu=0.00s conv=0.00s add=0.12s train=1.35s
[t=  61.3s] rebel stream solves=31744 raw=518/s balanced=518/s debt=0 rows steps=124 horizon=0.00 games=62 over=0 card=0 drop=0 L=0.00501 L/var=0.03 tgt=+0.259/0.435 cfg/b=24970 prep=0.09s gpu=0.00s conv=0.00s add=0.12s train=0.49s
[t=  71.5s] rebel stream solves=36864 raw=516/s balanced=516/s debt=0 rows steps=144 horizon=0.00 games=113 over=0 card=0 drop=0 L=0.00600 L/var=0.03 tgt=+0.246/0.467 cfg/b=24188 prep=0.10s gpu=0.00s conv=0.00s add=0.14s train=0.60s
[t=  79.3s] --- lr -> 5.00e-04 ---
[t=  81.5s] rebel stream solves=41984 raw=515/s balanced=515/s debt=0 rows steps=164 horizon=0.00 games=141 over=0 card=0 drop=0 L=0.00728 L/var=0.03 tgt=+0.265/0.462 cfg/b=24669 prep=0.12s gpu=0.00s conv=0.00s add=0.17s train=0.63s
[t=  91.6s] rebel stream solves=49152 raw=537/s balanced=537/s debt=0 rows steps=192 horizon=0.00 games=190 over=0 card=0 drop=0 L=0.00774 L/var=0.04 tgt=+0.266/0.439 cfg/b=24750 prep=0.14s gpu=0.00s conv=0.00s add=0.21s train=0.81s
[t= 101.6s] rebel stream solves=56320 raw=555/s balanced=555/s debt=0 rows steps=220 horizon=0.00 games=195 over=0 card=0 drop=0 L=0.00793 L/var=0.05 tgt=+0.287/0.405 cfg/b=24991 prep=0.13s gpu=0.00s conv=0.00s add=0.25s train=0.83s
[t= 111.6s] rebel stream solves=63488 raw=569/s balanced=569/s debt=0 rows steps=248 horizon=0.00 games=155 over=0 card=0 drop=0 L=0.00732 L/var=0.05 tgt=+0.290/0.402 cfg/b=24558 prep=0.13s gpu=0.00s conv=0.00s add=0.23s train=0.84s
[t= 121.9s] rebel stream solves=69632 raw=571/s balanced=571/s debt=0 rows steps=272 horizon=0.00 games=131 over=0 card=0 drop=0 L=0.00733 L/var=0.05 tgt=+0.290/0.390 cfg/b=24318 prep=0.10s gpu=0.00s conv=0.00s add=0.18s train=0.66s
[t= 131.9s] rebel stream solves=74752 raw=567/s balanced=567/s debt=0 rows steps=292 horizon=0.00 games=101 over=0 card=0 drop=0 L=0.00693 L/var=0.04 tgt=+0.265/0.439 cfg/b=24069 prep=0.11s gpu=0.00s conv=0.00s add=0.18s train=0.61s
[t= 142.0s] rebel stream solves=79872 raw=563/s balanced=563/s debt=0 rows steps=312 horizon=0.00 games=112 over=0 card=0 drop=0 L=0.00730 L/var=0.04 tgt=+0.272/0.420 cfg/b=24523 prep=0.09s gpu=0.00s conv=0.00s add=0.17s train=0.59s
[t= 152.0s] rebel stream solves=86016 raw=566/s balanced=566/s debt=0 rows steps=336 horizon=0.00 games=118 over=0 card=0 drop=0 L=0.00715 L/var=0.04 tgt=+0.274/0.424 cfg/b=23837 prep=0.15s gpu=0.00s conv=0.00s add=0.20s train=0.77s
[t= 160.8s] --- lr -> 2.50e-04 ---
[t= 162.0s] rebel stream solves=92160 raw=569/s balanced=569/s debt=0 rows steps=360 horizon=0.00 games=124 over=0 card=0 drop=0 L=0.00713 L/var=0.04 tgt=+0.247/0.449 cfg/b=24050 prep=0.12s gpu=0.00s conv=0.00s add=0.20s train=0.72s
[t= 172.5s] rebel stream solves=98304 raw=570/s balanced=570/s debt=0 rows steps=384 horizon=0.00 games=151 over=0 card=0 drop=0 L=0.00772 L/var=0.04 tgt=+0.246/0.459 cfg/b=23943 prep=0.12s gpu=0.00s conv=0.00s add=0.20s train=0.72s
[t= 182.5s] rebel stream solves=104448 raw=572/s balanced=572/s debt=0 rows steps=408 horizon=0.00 games=123 over=0 card=0 drop=0 L=0.00731 L/var=0.04 tgt=+0.265/0.438 cfg/b=23670 prep=0.12s gpu=0.00s conv=0.00s add=0.19s train=0.69s
[t= 193.3s] rebel stream solves=110592 raw=572/s balanced=572/s debt=0 rows steps=432 horizon=0.00 games=132 over=0 card=0 drop=0 L=0.00791 L/var=0.04 tgt=+0.267/0.441 cfg/b=23491 prep=0.11s gpu=0.00s conv=0.00s add=0.20s train=0.71s
[t= 203.3s] rebel stream solves=116736 raw=574/s balanced=574/s debt=0 rows steps=456 horizon=0.00 games=135 over=0 card=0 drop=0 L=0.00784 L/var=0.04 tgt=+0.269/0.436 cfg/b=23792 prep=0.12s gpu=0.00s conv=0.00s add=0.20s train=0.72s
[t= 213.3s] rebel stream solves=121856 raw=571/s balanced=571/s debt=0 rows steps=476 horizon=0.00 games=80 over=0 card=0 drop=0 L=0.00797 L/var=0.04 tgt=+0.271/0.434 cfg/b=23667 prep=0.09s gpu=0.00s conv=0.00s add=0.17s train=0.60s
[t= 220.0s] --- stopping GPU admission; draining ---
[t= 223.4s] rebel stream solves=126976 raw=569/s balanced=569/s debt=0 rows steps=496 horizon=0.00 games=95 over=0 card=0 drop=0 L=0.00793 L/var=0.04 tgt=+0.270/0.443 cfg/b=23747 prep=0.09s gpu=0.00s conv=0.00s add=0.15s train=0.58s
[t= 227.9s] rebel stream solves=127565 raw=560/s balanced=560/s debt=308 rows steps=498 horizon=0.00 games=0 over=0 card=0 drop=0 L=0.00734 L/var=0.04 tgt=+0.279/0.432 cfg/b=23370 prep=0.01s gpu=0.00s conv=0.00s add=0.02s train=0.06s
[gpu-summary] solves=127565 optimizer_rows=509952 debt=308 raw=531.6/s balanced=531.3/s horizon=0.00 games=2203 over=0 card=0 exact=0 censored=1152 dropped=0 overrun=0.00s
[t= 240.0s] --- snapshot snap_01.pt (final) ---
[report] runs/perf_d2i64_f16/report.html
