[train] runs/perf_v4_i32 at cd4d730+dirty seed=15 {'minutes': 2.0, 'warm_minutes': 0.0, 'snapshot_every': 5.0, 'ladder_games': 0, 'train_gen_ratio': 0.001, 'iters': 32, 'init_weights': 'runs/value_v4_clean30/snap_06.pt', 'seed': 15, 'note': 'production-generation-32-iteration'}
[train] production-generation-32-iteration
[cpu] pinned to 36 physical cores
[train] CUDA stream priority -1
[gpu] solve services up on [0, 1]
[cfg] PUBFEAT=897 CFEAT=15 architecture=v4 depth=2 iters=32 budget=120s warm=0s snapshot_every=5min device=cuda:1 draft=random train_gen_ratio=0.001 recent_mix=0.5/0.2 canonical_views=2 cap=2000000 matmul=high
[t=   0.0s] --- snapshot snap_00.pt (init) ---
[t=   0.0s] --- switching to ReBeL ---
[t=  10.0s] rebel stream solves=12288 raw=1229/s balanced=0/s debt=12 rows steps=0 horizon=0.00 games=0 over=0 card=0 drop=0 L=0.00000 L/var=0.00 tgt=+0.046/0.024 cfg/b=0 prep=0.00s gpu=0.00s conv=0.02s add=0.45s train=0.00s
[t=  20.0s] rebel stream solves=22528 raw=1126/s balanced=0/s debt=23 rows steps=0 horizon=0.00 games=0 over=0 card=0 drop=0 L=0.00000 L/var=0.00 tgt=+0.056/0.029 cfg/b=0 prep=0.00s gpu=0.00s conv=0.04s add=1.09s train=0.00s
[t=  30.1s] rebel stream solves=40960 raw=1363/s balanced=0/s debt=41 rows steps=0 horizon=0.00 games=0 over=0 card=0 drop=0 L=0.00000 L/var=0.00 tgt=+0.060/0.033 cfg/b=0 prep=0.00s gpu=0.00s conv=0.02s add=0.50s train=0.00s
[t=  39.6s] --- lr -> 5.00e-04 ---
[t=  40.1s] rebel stream solves=46080 raw=1150/s balanced=0/s debt=46 rows steps=0 horizon=0.00 games=0 over=0 card=0 drop=0 L=0.00000 L/var=0.00 tgt=+0.084/0.035 cfg/b=0 prep=0.00s gpu=0.00s conv=0.00s add=0.17s train=0.00s
[t=  50.2s] rebel stream solves=51200 raw=1022/s balanced=0/s debt=51 rows steps=0 horizon=0.00 games=0 over=1 card=0 drop=0 L=0.00000 L/var=0.00 tgt=+0.086/0.037 cfg/b=0 prep=0.00s gpu=0.00s conv=0.01s add=0.17s train=0.00s
[t=  60.2s] rebel stream solves=54272 raw=903/s balanced=0/s debt=54 rows steps=0 horizon=0.00 games=0 over=1 card=0 drop=0 L=0.00000 L/var=0.00 tgt=+0.088/0.038 cfg/b=0 prep=0.00s gpu=0.00s conv=0.00s add=0.08s train=0.00s
[t=  70.2s] rebel stream solves=57344 raw=817/s balanced=0/s debt=57 rows steps=0 horizon=0.00 games=0 over=1 card=0 drop=0 L=0.00000 L/var=0.00 tgt=+0.084/0.040 cfg/b=0 prep=0.00s gpu=0.00s conv=0.01s add=0.18s train=0.00s
[t=  80.2s] rebel stream solves=61440 raw=766/s balanced=0/s debt=61 rows steps=0 horizon=0.00 games=0 over=4 card=0 drop=0 L=0.00000 L/var=0.00 tgt=+0.084/0.044 cfg/b=0 prep=0.00s gpu=0.00s conv=0.01s add=0.28s train=0.00s
[t=  80.5s] --- lr -> 2.50e-04 ---
[t=  90.3s] rebel stream solves=65536 raw=726/s balanced=0/s debt=66 rows steps=0 horizon=0.00 games=0 over=8 card=0 drop=0 L=0.00000 L/var=0.00 tgt=+0.089/0.044 cfg/b=0 prep=0.00s gpu=0.00s conv=0.01s add=0.21s train=0.00s
[t= 100.0s] --- stopping GPU admission; draining ---
[t= 100.3s] rebel stream solves=68608 raw=684/s balanced=0/s debt=69 rows steps=0 horizon=0.00 games=0 over=11 card=0 drop=0 L=0.00000 L/var=0.00 tgt=+0.091/0.045 cfg/b=0 prep=0.00s gpu=0.00s conv=0.00s add=0.10s train=0.00s
[t= 108.1s] rebel stream solves=70570 raw=653/s balanced=0/s debt=71 rows steps=0 horizon=0.00 games=0 over=16 card=0 drop=0 L=0.00000 L/var=0.00 tgt=+0.089/0.051 cfg/b=0 prep=0.00s gpu=0.00s conv=0.00s add=0.09s train=0.00s
[gpu-summary] solves=70570 optimizer_rows=0 debt=71 raw=588.2/s balanced=0.0/s horizon=0.00 games=0 over=16 card=0 exact=0 censored=4608 dropped=0 overrun=0.00s
[t= 120.0s] --- snapshot snap_01.pt (final) ---
[report] runs/perf_v4_i32/report.html
