[train] runs/value_v4_warm3_clean at d47dc82+dirty seed=1 {'minutes': 3.0, 'warm_minutes': 3.0, 'snapshot_every': 3.0, 'ladder_games': 0, 'train_gen_ratio': 1.0, 'eval_mix': 1.0, 'seed': 1, 'note': 'deterministic-static-eval-warm-control'}
[train] deterministic-static-eval-warm-control
[cpu] pinned to 36 physical cores
[train] CUDA stream priority -1
[gpu] solve services up on [0, 1]
[cfg] PUBFEAT=897 CFEAT=15 architecture=v4 depth=2 iters=64 budget=180s warm=180s snapshot_every=3min device=cuda:1 draft=random train_gen_ratio=1.0 recent_mix=0.5/0.2 canonical_views=2 cap=2000000 matmul=high
[t=   1.0s] greedy ep  0 games=  96 dec= 18968 rows= 18118 horizon=0.30 L=0.10779 L/var=0.73 tgt=-0.065/0.384 pstd=0.357 gen=0.1s train=0.8s
[t=   1.4s] greedy ep  1 games=  96 dec= 18844 rows= 18051 horizon=0.33 L=0.08069 L/var=0.47 tgt=-0.083/0.417 pstd=0.343 gen=0.1s train=0.3s
[t=   1.9s] greedy ep  2 games=  96 dec= 18181 rows= 17414 horizon=0.27 L=0.06326 L/var=0.40 tgt=-0.076/0.397 pstd=0.353 gen=0.1s train=0.3s
[t=   2.3s] greedy ep  3 games=  96 dec= 17989 rows= 17120 horizon=0.26 L=0.05192 L/var=0.34 tgt=-0.077/0.389 pstd=0.380 gen=0.1s train=0.3s
[t=   2.7s] greedy ep  4 games=  96 dec= 18823 rows= 18078 horizon=0.29 L=0.03332 L/var=0.22 tgt=-0.064/0.392 pstd=0.372 gen=0.1s train=0.3s
[t=   3.2s] greedy ep  5 games=  96 dec= 18924 rows= 18146 horizon=0.33 L=0.02788 L/var=0.19 tgt=-0.051/0.384 pstd=0.362 gen=0.1s train=0.3s
[t=   3.6s] greedy ep  6 games=  96 dec= 17615 rows= 16921 horizon=0.26 L=0.01665 L/var=0.10 tgt=-0.082/0.402 pstd=0.384 gen=0.1s train=0.3s
[t=   4.0s] greedy ep  7 games=  96 dec= 18608 rows= 17786 horizon=0.36 L=0.01313 L/var=0.08 tgt=-0.092/0.417 pstd=0.384 gen=0.1s train=0.3s
[t=   4.5s] greedy ep  8 games=  96 dec= 19040 rows= 18296 horizon=0.36 L=0.01073 L/var=0.07 tgt=-0.064/0.398 pstd=0.384 gen=0.1s train=0.3s
[t=   5.0s] greedy ep  9 games=  96 dec= 18200 rows= 17459 horizon=0.27 L=0.00841 L/var=0.05 tgt=-0.090/0.411 pstd=0.374 gen=0.1s train=0.3s
[t=   5.4s] greedy ep 10 games=  96 dec= 17927 rows= 17200 horizon=0.24 L=0.01809 L/var=0.11 tgt=-0.082/0.404 pstd=0.386 gen=0.1s train=0.3s
[t=   5.9s] greedy ep 11 games=  96 dec= 17941 rows= 17162 horizon=0.28 L=0.00966 L/var=0.06 tgt=-0.100/0.400 pstd=0.409 gen=0.1s train=0.3s
[t=   6.3s] greedy ep 12 games=  96 dec= 17384 rows= 16648 horizon=0.25 L=0.00643 L/var=0.05 tgt=-0.053/0.370 pstd=0.391 gen=0.1s train=0.3s
[t=   6.7s] greedy ep 13 games=  96 dec= 18153 rows= 17377 horizon=0.28 L=0.00519 L/var=0.03 tgt=-0.090/0.400 pstd=0.403 gen=0.1s train=0.3s
[t=   7.2s] greedy ep 14 games=  96 dec= 18097 rows= 17377 horizon=0.26 L=0.00485 L/var=0.03 tgt=-0.061/0.388 pstd=0.399 gen=0.1s train=0.3s
[t=   7.6s] greedy ep 15 games=  96 dec= 18356 rows= 17581 horizon=0.30 L=0.00448 L/var=0.03 tgt=-0.075/0.407 pstd=0.403 gen=0.1s train=0.3s
[t=   8.1s] greedy ep 16 games=  96 dec= 19141 rows= 18328 horizon=0.32 L=0.00542 L/var=0.03 tgt=-0.060/0.400 pstd=0.396 gen=0.1s train=0.3s
[t=   8.5s] greedy ep 17 games=  96 dec= 18885 rows= 18173 horizon=0.30 L=0.00437 L/var=0.03 tgt=-0.075/0.410 pstd=0.404 gen=0.1s train=0.3s
[t=   8.9s] greedy ep 18 games=  96 dec= 17886 rows= 17103 horizon=0.25 L=0.00572 L/var=0.04 tgt=-0.064/0.386 pstd=0.407 gen=0.1s train=0.3s
[t=   9.5s] greedy ep 19 games=  96 dec= 17738 rows= 16961 horizon=0.23 L=0.00919 L/var=0.05 tgt=-0.108/0.433 pstd=0.399 gen=0.1s train=0.3s
[t=  10.0s] greedy ep 20 games=  96 dec= 17716 rows= 17039 horizon=0.28 L=0.00468 L/var=0.03 tgt=-0.090/0.429 pstd=0.400 gen=0.1s train=0.3s
[t=  10.4s] greedy ep 21 games=  96 dec= 17777 rows= 17032 horizon=0.23 L=0.00366 L/var=0.02 tgt=-0.097/0.401 pstd=0.394 gen=0.1s train=0.3s
[t=  10.9s] greedy ep 22 games=  96 dec= 18472 rows= 17732 horizon=0.33 L=0.00363 L/var=0.02 tgt=-0.079/0.396 pstd=0.393 gen=0.1s train=0.3s
[t=  11.3s] greedy ep 23 games=  96 dec= 18429 rows= 17627 horizon=0.27 L=0.00332 L/var=0.02 tgt=-0.079/0.391 pstd=0.392 gen=0.1s train=0.3s
[t=  11.8s] greedy ep 24 games=  96 dec= 18992 rows= 18327 horizon=0.35 L=0.00401 L/var=0.02 tgt=-0.080/0.412 pstd=0.388 gen=0.1s train=0.3s
[t=  12.2s] greedy ep 25 games=  96 dec= 18039 rows= 17262 horizon=0.23 L=0.00381 L/var=0.02 tgt=-0.097/0.418 pstd=0.392 gen=0.1s train=0.3s
[t=  12.8s] greedy ep 26 games=  96 dec= 19627 rows= 18805 horizon=0.33 L=0.00344 L/var=0.02 tgt=-0.078/0.412 pstd=0.390 gen=0.1s train=0.4s
[t=  13.3s] greedy ep 27 games=  96 dec= 18752 rows= 17930 horizon=0.27 L=0.00417 L/var=0.03 tgt=-0.057/0.401 pstd=0.397 gen=0.1s train=0.3s
[t=  13.7s] greedy ep 28 games=  96 dec= 19116 rows= 18327 horizon=0.31 L=0.00459 L/var=0.03 tgt=-0.078/0.412 pstd=0.392 gen=0.1s train=0.3s
[t=  14.2s] greedy ep 29 games=  96 dec= 18708 rows= 17952 horizon=0.27 L=0.00699 L/var=0.04 tgt=-0.080/0.407 pstd=0.374 gen=0.1s train=0.3s
[t=  14.7s] greedy ep 30 games=  96 dec= 19066 rows= 18248 horizon=0.31 L=0.00352 L/var=0.02 tgt=-0.075/0.397 pstd=0.393 gen=0.1s train=0.3s
[t=  15.1s] greedy ep 31 games=  96 dec= 18369 rows= 17570 horizon=0.26 L=0.00252 L/var=0.02 tgt=-0.085/0.397 pstd=0.391 gen=0.1s train=0.3s
[t=  15.6s] greedy ep 32 games=  96 dec= 18567 rows= 17800 horizon=0.30 L=0.00263 L/var=0.02 tgt=-0.065/0.405 pstd=0.383 gen=0.1s train=0.3s
[t=  16.0s] greedy ep 33 games=  96 dec= 18636 rows= 17813 horizon=0.31 L=0.00255 L/var=0.02 tgt=-0.050/0.400 pstd=0.392 gen=0.1s train=0.3s
[t=  16.6s] greedy ep 34 games=  96 dec= 18664 rows= 17825 horizon=0.29 L=0.00239 L/var=0.02 tgt=-0.077/0.378 pstd=0.392 gen=0.1s train=0.4s
[t=  17.0s] greedy ep 35 games=  96 dec= 17787 rows= 17046 horizon=0.22 L=0.00226 L/var=0.01 tgt=-0.058/0.413 pstd=0.392 gen=0.1s train=0.3s
[t=  17.5s] greedy ep 36 games=  96 dec= 19279 rows= 18442 horizon=0.33 L=0.00228 L/var=0.01 tgt=-0.083/0.403 pstd=0.392 gen=0.1s train=0.3s
[t=  17.9s] greedy ep 37 games=  96 dec= 18316 rows= 17468 horizon=0.32 L=0.00275 L/var=0.02 tgt=-0.082/0.413 pstd=0.384 gen=0.1s train=0.3s
[t=  18.5s] greedy ep 38 games=  96 dec= 19158 rows= 18321 horizon=0.32 L=0.00248 L/var=0.02 tgt=-0.052/0.371 pstd=0.390 gen=0.1s train=0.4s
[t=  19.0s] greedy ep 39 games=  96 dec= 18549 rows= 17774 horizon=0.26 L=0.00210 L/var=0.01 tgt=-0.066/0.419 pstd=0.392 gen=0.1s train=0.3s
[t=  19.4s] greedy ep 40 games=  96 dec= 18971 rows= 18211 horizon=0.34 L=0.00197 L/var=0.01 tgt=-0.061/0.378 pstd=0.389 gen=0.1s train=0.3s
[t=  19.9s] greedy ep 41 games=  96 dec= 18692 rows= 17843 horizon=0.28 L=0.00209 L/var=0.01 tgt=-0.060/0.393 pstd=0.393 gen=0.1s train=0.3s
[t=  20.3s] greedy ep 42 games=  96 dec= 19162 rows= 18375 horizon=0.38 L=0.00193 L/var=0.01 tgt=-0.081/0.417 pstd=0.388 gen=0.1s train=0.3s
[t=  20.8s] greedy ep 43 games=  96 dec= 19468 rows= 18602 horizon=0.35 L=0.00270 L/var=0.02 tgt=-0.093/0.389 pstd=0.383 gen=0.1s train=0.3s
[t=  21.3s] greedy ep 44 games=  96 dec= 18443 rows= 17624 horizon=0.28 L=0.00197 L/var=0.01 tgt=-0.068/0.375 pstd=0.384 gen=0.1s train=0.3s
[t=  21.7s] greedy ep 45 games=  96 dec= 17350 rows= 16706 horizon=0.25 L=0.00179 L/var=0.01 tgt=-0.069/0.383 pstd=0.391 gen=0.1s train=0.3s
[t=  22.1s] greedy ep 46 games=  96 dec= 17993 rows= 17239 horizon=0.28 L=0.00232 L/var=0.01 tgt=-0.095/0.400 pstd=0.395 gen=0.1s train=0.3s
[t=  22.6s] greedy ep 47 games=  96 dec= 18984 rows= 18180 horizon=0.29 L=0.00217 L/var=0.01 tgt=-0.069/0.381 pstd=0.392 gen=0.1s train=0.3s
[t=  23.1s] greedy ep 48 games=  96 dec= 18071 rows= 17405 horizon=0.30 L=0.00163 L/var=0.01 tgt=-0.064/0.410 pstd=0.390 gen=0.1s train=0.3s
[t=  23.6s] greedy ep 49 games=  96 dec= 19599 rows= 18844 horizon=0.40 L=0.00207 L/var=0.01 tgt=-0.053/0.408 pstd=0.391 gen=0.1s train=0.3s
[t=  24.1s] greedy ep 50 games=  96 dec= 17856 rows= 17099 horizon=0.25 L=0.00189 L/var=0.01 tgt=-0.078/0.412 pstd=0.394 gen=0.1s train=0.3s
[t=  24.5s] greedy ep 51 games=  96 dec= 17858 rows= 17043 horizon=0.24 L=0.00172 L/var=0.01 tgt=-0.083/0.433 pstd=0.395 gen=0.1s train=0.3s
[t=  25.0s] greedy ep 52 games=  96 dec= 18973 rows= 18262 horizon=0.35 L=0.00188 L/var=0.01 tgt=-0.080/0.397 pstd=0.388 gen=0.1s train=0.3s
[t=  25.5s] greedy ep 53 games=  96 dec= 17565 rows= 16777 horizon=0.19 L=0.00165 L/var=0.01 tgt=-0.076/0.397 pstd=0.394 gen=0.1s train=0.3s
[t=  25.9s] greedy ep 54 games=  96 dec= 17835 rows= 17151 horizon=0.25 L=0.00165 L/var=0.01 tgt=-0.070/0.384 pstd=0.396 gen=0.1s train=0.3s
[t=  26.4s] greedy ep 55 games=  96 dec= 17927 rows= 17096 horizon=0.25 L=0.00180 L/var=0.01 tgt=-0.069/0.363 pstd=0.400 gen=0.1s train=0.3s
[t=  26.9s] greedy ep 56 games=  96 dec= 18561 rows= 17765 horizon=0.28 L=0.00198 L/var=0.01 tgt=-0.062/0.381 pstd=0.397 gen=0.1s train=0.3s
[t=  27.3s] greedy ep 57 games=  96 dec= 18688 rows= 17872 horizon=0.25 L=0.00189 L/var=0.01 tgt=-0.082/0.422 pstd=0.395 gen=0.1s train=0.3s
[t=  27.8s] greedy ep 58 games=  96 dec= 19251 rows= 18414 horizon=0.34 L=0.00143 L/var=0.01 tgt=-0.092/0.413 pstd=0.387 gen=0.1s train=0.3s
[t=  28.3s] greedy ep 59 games=  96 dec= 19596 rows= 18724 horizon=0.36 L=0.00154 L/var=0.01 tgt=-0.071/0.392 pstd=0.395 gen=0.1s train=0.3s
[t=  28.8s] greedy ep 60 games=  96 dec= 18869 rows= 17979 horizon=0.30 L=0.00147 L/var=0.01 tgt=-0.087/0.395 pstd=0.388 gen=0.1s train=0.3s
[t=  29.2s] greedy ep 61 games=  96 dec= 18419 rows= 17673 horizon=0.25 L=0.00204 L/var=0.01 tgt=-0.071/0.408 pstd=0.388 gen=0.1s train=0.3s
[t=  29.7s] greedy ep 62 games=  96 dec= 19032 rows= 18186 horizon=0.32 L=0.00170 L/var=0.01 tgt=-0.082/0.423 pstd=0.389 gen=0.1s train=0.3s
[t=  30.2s] greedy ep 63 games=  96 dec= 19220 rows= 18443 horizon=0.29 L=0.00160 L/var=0.01 tgt=-0.067/0.401 pstd=0.394 gen=0.1s train=0.3s
[t=  30.7s] greedy ep 64 games=  96 dec= 17814 rows= 17050 horizon=0.25 L=0.00141 L/var=0.01 tgt=-0.077/0.407 pstd=0.395 gen=0.1s train=0.3s
[t=  31.1s] greedy ep 65 games=  96 dec= 18244 rows= 17509 horizon=0.28 L=0.00148 L/var=0.01 tgt=-0.079/0.389 pstd=0.394 gen=0.1s train=0.3s
[t=  31.6s] greedy ep 66 games=  96 dec= 18182 rows= 17491 horizon=0.29 L=0.00129 L/var=0.01 tgt=-0.084/0.400 pstd=0.390 gen=0.1s train=0.3s
[t=  32.1s] greedy ep 67 games=  96 dec= 18981 rows= 18182 horizon=0.35 L=0.00217 L/var=0.01 tgt=-0.087/0.426 pstd=0.388 gen=0.1s train=0.3s
[t=  32.6s] greedy ep 68 games=  96 dec= 18200 rows= 17313 horizon=0.25 L=0.00150 L/var=0.01 tgt=-0.057/0.399 pstd=0.389 gen=0.1s train=0.3s
[t=  33.0s] greedy ep 69 games=  96 dec= 18393 rows= 17591 horizon=0.28 L=0.00144 L/var=0.01 tgt=-0.084/0.390 pstd=0.392 gen=0.1s train=0.3s
[t=  33.5s] greedy ep 70 games=  96 dec= 18464 rows= 17707 horizon=0.33 L=0.00141 L/var=0.01 tgt=-0.094/0.424 pstd=0.391 gen=0.1s train=0.3s
[t=  34.0s] greedy ep 71 games=  96 dec= 18120 rows= 17396 horizon=0.26 L=0.00144 L/var=0.01 tgt=-0.064/0.411 pstd=0.394 gen=0.1s train=0.3s
[t=  34.5s] greedy ep 72 games=  96 dec= 19113 rows= 18368 horizon=0.34 L=0.00130 L/var=0.01 tgt=-0.105/0.413 pstd=0.388 gen=0.1s train=0.3s
[t=  34.9s] greedy ep 73 games=  96 dec= 17603 rows= 16838 horizon=0.20 L=0.00224 L/var=0.01 tgt=-0.097/0.416 pstd=0.390 gen=0.1s train=0.3s
[t=  35.4s] greedy ep 74 games=  96 dec= 18477 rows= 17679 horizon=0.27 L=0.00149 L/var=0.01 tgt=-0.080/0.425 pstd=0.390 gen=0.1s train=0.3s
[t=  35.9s] greedy ep 75 games=  96 dec= 19740 rows= 18936 horizon=0.40 L=0.00122 L/var=0.01 tgt=-0.051/0.381 pstd=0.392 gen=0.1s train=0.3s
[t=  36.3s] greedy ep 76 games=  96 dec= 18307 rows= 17464 horizon=0.20 L=0.00114 L/var=0.01 tgt=-0.073/0.386 pstd=0.390 gen=0.1s train=0.3s
[t=  36.8s] greedy ep 77 games=  96 dec= 18119 rows= 17313 horizon=0.25 L=0.00123 L/var=0.01 tgt=-0.096/0.418 pstd=0.387 gen=0.1s train=0.3s
[t=  37.3s] greedy ep 78 games=  96 dec= 18056 rows= 17283 horizon=0.26 L=0.00180 L/var=0.01 tgt=-0.067/0.398 pstd=0.384 gen=0.1s train=0.3s
[t=  37.7s] greedy ep 79 games=  96 dec= 18309 rows= 17527 horizon=0.28 L=0.00142 L/var=0.01 tgt=-0.048/0.403 pstd=0.393 gen=0.1s train=0.3s
[t=  38.2s] greedy ep 80 games=  96 dec= 18361 rows= 17605 horizon=0.29 L=0.00114 L/var=0.01 tgt=-0.092/0.423 pstd=0.388 gen=0.1s train=0.3s
[t=  38.6s] greedy ep 81 games=  96 dec= 17527 rows= 16734 horizon=0.25 L=0.00110 L/var=0.01 tgt=-0.065/0.398 pstd=0.398 gen=0.1s train=0.3s
[t=  39.2s] greedy ep 82 games=  96 dec= 17529 rows= 16756 horizon=0.23 L=0.00109 L/var=0.01 tgt=-0.061/0.397 pstd=0.389 gen=0.1s train=0.3s
[t=  39.6s] greedy ep 83 games=  96 dec= 16779 rows= 15994 horizon=0.18 L=0.00449 L/var=0.03 tgt=-0.050/0.399 pstd=0.364 gen=0.1s train=0.3s
[t=  40.1s] greedy ep 84 games=  96 dec= 19106 rows= 18300 horizon=0.35 L=0.00840 L/var=0.05 tgt=-0.060/0.405 pstd=0.403 gen=0.1s train=0.3s
[t=  40.6s] greedy ep 85 games=  96 dec= 18736 rows= 17960 horizon=0.29 L=0.00406 L/var=0.02 tgt=-0.082/0.405 pstd=0.384 gen=0.1s train=0.3s
[t=  41.0s] greedy ep 86 games=  96 dec= 18107 rows= 17332 horizon=0.26 L=0.00217 L/var=0.01 tgt=-0.063/0.393 pstd=0.390 gen=0.1s train=0.3s
[t=  41.5s] greedy ep 87 games=  96 dec= 17330 rows= 16586 horizon=0.24 L=0.00157 L/var=0.01 tgt=-0.085/0.395 pstd=0.385 gen=0.1s train=0.3s
[t=  41.9s] greedy ep 88 games=  96 dec= 18635 rows= 17758 horizon=0.27 L=0.00123 L/var=0.01 tgt=-0.061/0.389 pstd=0.392 gen=0.1s train=0.3s
[t=  42.4s] greedy ep 89 games=  96 dec= 17378 rows= 16633 horizon=0.24 L=0.00104 L/var=0.01 tgt=-0.079/0.397 pstd=0.391 gen=0.1s train=0.3s
[t=  42.8s] greedy ep 90 games=  96 dec= 18682 rows= 17886 horizon=0.31 L=0.00097 L/var=0.01 tgt=-0.098/0.418 pstd=0.391 gen=0.1s train=0.3s
[t=  43.3s] greedy ep 91 games=  96 dec= 18758 rows= 18046 horizon=0.32 L=0.00096 L/var=0.01 tgt=-0.077/0.383 pstd=0.387 gen=0.1s train=0.3s
[t=  43.8s] greedy ep 92 games=  96 dec= 18910 rows= 18161 horizon=0.30 L=0.00096 L/var=0.01 tgt=-0.080/0.401 pstd=0.387 gen=0.1s train=0.3s
[t=  44.2s] greedy ep 93 games=  96 dec= 18404 rows= 17653 horizon=0.34 L=0.00092 L/var=0.01 tgt=-0.102/0.417 pstd=0.388 gen=0.1s train=0.3s
[t=  44.7s] greedy ep 94 games=  96 dec= 18792 rows= 18006 horizon=0.33 L=0.00097 L/var=0.01 tgt=-0.081/0.391 pstd=0.388 gen=0.1s train=0.3s
[t=  45.2s] greedy ep 95 games=  96 dec= 18762 rows= 17940 horizon=0.24 L=0.00090 L/var=0.01 tgt=-0.088/0.399 pstd=0.393 gen=0.1s train=0.3s
[t=  45.6s] greedy ep 96 games=  96 dec= 17651 rows= 16892 horizon=0.24 L=0.00086 L/var=0.00 tgt=-0.080/0.418 pstd=0.392 gen=0.1s train=0.3s
[t=  46.1s] greedy ep 97 games=  96 dec= 17701 rows= 17006 horizon=0.27 L=0.00086 L/var=0.01 tgt=-0.090/0.413 pstd=0.390 gen=0.1s train=0.3s
[t=  46.5s] greedy ep 98 games=  96 dec= 18691 rows= 17958 horizon=0.35 L=0.00088 L/var=0.01 tgt=-0.069/0.364 pstd=0.392 gen=0.1s train=0.3s
[t=  47.0s] greedy ep 99 games=  96 dec= 19149 rows= 18268 horizon=0.29 L=0.00094 L/var=0.01 tgt=-0.083/0.398 pstd=0.391 gen=0.1s train=0.3s
[t=  47.5s] greedy ep100 games=  96 dec= 17996 rows= 17268 horizon=0.27 L=0.00093 L/var=0.01 tgt=-0.047/0.415 pstd=0.392 gen=0.1s train=0.3s
[t=  47.9s] greedy ep101 games=  96 dec= 17954 rows= 17173 horizon=0.26 L=0.00088 L/var=0.00 tgt=-0.101/0.429 pstd=0.396 gen=0.1s train=0.3s
[t=  48.4s] greedy ep102 games=  96 dec= 17228 rows= 16426 horizon=0.19 L=0.00086 L/var=0.00 tgt=-0.107/0.415 pstd=0.389 gen=0.1s train=0.3s
[t=  48.9s] greedy ep103 games=  96 dec= 17794 rows= 16980 horizon=0.24 L=0.00096 L/var=0.01 tgt=-0.076/0.398 pstd=0.388 gen=0.1s train=0.3s
[t=  49.4s] greedy ep104 games=  96 dec= 18854 rows= 17982 horizon=0.26 L=0.00082 L/var=0.00 tgt=-0.080/0.409 pstd=0.389 gen=0.1s train=0.3s
[t=  49.9s] greedy ep105 games=  96 dec= 18802 rows= 17936 horizon=0.30 L=0.00107 L/var=0.01 tgt=-0.084/0.410 pstd=0.393 gen=0.1s train=0.3s
[t=  50.4s] greedy ep106 games=  96 dec= 18161 rows= 17476 horizon=0.27 L=0.00123 L/var=0.01 tgt=-0.058/0.388 pstd=0.393 gen=0.1s train=0.3s
[t=  50.9s] greedy ep107 games=  96 dec= 17916 rows= 17157 horizon=0.27 L=0.00090 L/var=0.01 tgt=-0.081/0.408 pstd=0.392 gen=0.1s train=0.3s
[t=  51.3s] greedy ep108 games=  96 dec= 18149 rows= 17352 horizon=0.26 L=0.00070 L/var=0.00 tgt=-0.060/0.382 pstd=0.393 gen=0.1s train=0.3s
[t=  51.8s] greedy ep109 games=  96 dec= 18197 rows= 17400 horizon=0.24 L=0.00071 L/var=0.00 tgt=-0.067/0.387 pstd=0.394 gen=0.1s train=0.3s
[t=  52.3s] greedy ep110 games=  96 dec= 17538 rows= 16803 horizon=0.24 L=0.00076 L/var=0.00 tgt=-0.087/0.410 pstd=0.392 gen=0.1s train=0.3s
[t=  52.7s] greedy ep111 games=  96 dec= 19361 rows= 18532 horizon=0.36 L=0.00077 L/var=0.00 tgt=-0.073/0.400 pstd=0.392 gen=0.1s train=0.3s
[t=  53.2s] greedy ep112 games=  96 dec= 18029 rows= 17317 horizon=0.30 L=0.00073 L/var=0.00 tgt=-0.083/0.417 pstd=0.392 gen=0.1s train=0.3s
[t=  53.7s] greedy ep113 games=  96 dec= 18174 rows= 17387 horizon=0.28 L=0.00061 L/var=0.00 tgt=-0.042/0.413 pstd=0.392 gen=0.1s train=0.3s
[t=  54.2s] greedy ep114 games=  96 dec= 19319 rows= 18518 horizon=0.36 L=0.00148 L/var=0.01 tgt=-0.073/0.406 pstd=0.392 gen=0.1s train=0.3s
[t=  54.6s] greedy ep115 games=  96 dec= 17729 rows= 16977 horizon=0.17 L=0.00174 L/var=0.01 tgt=-0.043/0.407 pstd=0.403 gen=0.1s train=0.3s
[t=  55.1s] greedy ep116 games=  96 dec= 18403 rows= 17543 horizon=0.28 L=0.00112 L/var=0.01 tgt=-0.071/0.395 pstd=0.386 gen=0.1s train=0.3s
[t=  55.6s] greedy ep117 games=  96 dec= 17865 rows= 17051 horizon=0.27 L=0.00085 L/var=0.01 tgt=-0.067/0.406 pstd=0.390 gen=0.1s train=0.3s
[t=  56.1s] greedy ep118 games=  96 dec= 18550 rows= 17822 horizon=0.36 L=0.00067 L/var=0.00 tgt=-0.103/0.431 pstd=0.391 gen=0.1s train=0.3s
[t=  56.5s] greedy ep119 games=  96 dec= 18440 rows= 17650 horizon=0.26 L=0.00059 L/var=0.00 tgt=-0.088/0.406 pstd=0.390 gen=0.1s train=0.3s
[t=  57.0s] greedy ep120 games=  96 dec= 18888 rows= 17947 horizon=0.27 L=0.00058 L/var=0.00 tgt=-0.074/0.397 pstd=0.392 gen=0.1s train=0.3s
[t=  57.5s] greedy ep121 games=  96 dec= 18400 rows= 17640 horizon=0.29 L=0.00056 L/var=0.00 tgt=-0.074/0.377 pstd=0.394 gen=0.1s train=0.3s
[t=  58.0s] greedy ep122 games=  96 dec= 19500 rows= 18715 horizon=0.40 L=0.00055 L/var=0.00 tgt=-0.065/0.377 pstd=0.393 gen=0.1s train=0.3s
[t=  58.4s] greedy ep123 games=  96 dec= 18513 rows= 17694 horizon=0.27 L=0.00050 L/var=0.00 tgt=-0.071/0.405 pstd=0.390 gen=0.1s train=0.3s
[t=  59.0s] greedy ep124 games=  96 dec= 18892 rows= 18073 horizon=0.33 L=0.00153 L/var=0.01 tgt=-0.113/0.403 pstd=0.395 gen=0.1s train=0.3s
[t=  59.5s] greedy ep125 games=  96 dec= 18520 rows= 17651 horizon=0.25 L=0.00096 L/var=0.01 tgt=-0.076/0.404 pstd=0.392 gen=0.1s train=0.3s
[t=  60.0s] greedy ep126 games=  96 dec= 19645 rows= 18833 horizon=0.36 L=0.00069 L/var=0.00 tgt=-0.071/0.385 pstd=0.394 gen=0.1s train=0.3s
[t=  60.4s] greedy ep127 games=  96 dec= 17395 rows= 16683 horizon=0.19 L=0.00057 L/var=0.00 tgt=-0.067/0.378 pstd=0.394 gen=0.1s train=0.2s
[t=  60.9s] greedy ep128 games=  96 dec= 19317 rows= 18624 horizon=0.38 L=0.00049 L/var=0.00 tgt=-0.070/0.400 pstd=0.394 gen=0.1s train=0.3s
[t=  61.3s] greedy ep129 games=  96 dec= 18062 rows= 17333 horizon=0.27 L=0.00048 L/var=0.00 tgt=-0.067/0.388 pstd=0.393 gen=0.1s train=0.3s
[t=  61.8s] greedy ep130 games=  96 dec= 17908 rows= 17168 horizon=0.25 L=0.00054 L/var=0.00 tgt=-0.072/0.388 pstd=0.390 gen=0.1s train=0.3s
[t=  62.2s] greedy ep131 games=  96 dec= 17598 rows= 16794 horizon=0.20 L=0.00068 L/var=0.00 tgt=-0.072/0.400 pstd=0.391 gen=0.1s train=0.2s
[t=  62.7s] greedy ep132 games=  96 dec= 18760 rows= 17930 horizon=0.29 L=0.00058 L/var=0.00 tgt=-0.046/0.400 pstd=0.394 gen=0.1s train=0.3s
[t=  63.1s] greedy ep133 games=  96 dec= 18381 rows= 17624 horizon=0.30 L=0.00047 L/var=0.00 tgt=-0.085/0.417 pstd=0.393 gen=0.1s train=0.3s
[t=  63.6s] greedy ep134 games=  96 dec= 17570 rows= 16816 horizon=0.25 L=0.00054 L/var=0.00 tgt=-0.072/0.415 pstd=0.393 gen=0.1s train=0.3s
[t=  64.1s] greedy ep135 games=  96 dec= 17880 rows= 17050 horizon=0.19 L=0.00075 L/var=0.00 tgt=-0.097/0.429 pstd=0.391 gen=0.1s train=0.3s
[t=  64.6s] greedy ep136 games=  96 dec= 17693 rows= 16931 horizon=0.20 L=0.00075 L/var=0.00 tgt=-0.082/0.393 pstd=0.393 gen=0.1s train=0.3s
[t=  65.2s] greedy ep137 games=  96 dec= 18829 rows= 18139 horizon=0.33 L=0.00058 L/var=0.00 tgt=-0.103/0.413 pstd=0.391 gen=0.1s train=0.3s
[t=  65.6s] greedy ep138 games=  96 dec= 18667 rows= 17798 horizon=0.27 L=0.00048 L/var=0.00 tgt=-0.085/0.387 pstd=0.389 gen=0.1s train=0.3s
[t=  66.1s] greedy ep139 games=  96 dec= 19019 rows= 18235 horizon=0.33 L=0.00051 L/var=0.00 tgt=-0.078/0.391 pstd=0.388 gen=0.1s train=0.3s
[t=  66.6s] greedy ep140 games=  96 dec= 18185 rows= 17445 horizon=0.30 L=0.00071 L/var=0.00 tgt=-0.095/0.405 pstd=0.391 gen=0.1s train=0.3s
[t=  67.1s] greedy ep141 games=  96 dec= 19133 rows= 18326 horizon=0.31 L=0.00057 L/var=0.00 tgt=-0.072/0.412 pstd=0.394 gen=0.1s train=0.3s
[t=  67.6s] greedy ep142 games=  96 dec= 18194 rows= 17427 horizon=0.24 L=0.00063 L/var=0.00 tgt=-0.097/0.420 pstd=0.392 gen=0.1s train=0.3s
[t=  68.1s] greedy ep143 games=  96 dec= 18830 rows= 18028 horizon=0.30 L=0.00048 L/var=0.00 tgt=-0.073/0.412 pstd=0.392 gen=0.1s train=0.3s
[t=  68.7s] greedy ep144 games=  96 dec= 18909 rows= 18097 horizon=0.32 L=0.00052 L/var=0.00 tgt=-0.078/0.383 pstd=0.391 gen=0.1s train=0.4s
[t=  69.2s] greedy ep145 games=  96 dec= 17688 rows= 16849 horizon=0.23 L=0.00047 L/var=0.00 tgt=-0.083/0.391 pstd=0.395 gen=0.1s train=0.3s
[t=  69.6s] greedy ep146 games=  96 dec= 18242 rows= 17520 horizon=0.29 L=0.00049 L/var=0.00 tgt=-0.067/0.406 pstd=0.383 gen=0.1s train=0.3s
[t=  70.0s] greedy ep147 games=  96 dec= 17543 rows= 16790 horizon=0.23 L=0.00103 L/var=0.01 tgt=-0.072/0.389 pstd=0.398 gen=0.1s train=0.3s
[t=  70.6s] greedy ep148 games=  96 dec= 18707 rows= 17901 horizon=0.26 L=0.00064 L/var=0.00 tgt=-0.069/0.414 pstd=0.394 gen=0.1s train=0.3s
[t=  71.1s] greedy ep149 games=  96 dec= 18841 rows= 17963 horizon=0.30 L=0.00057 L/var=0.00 tgt=-0.078/0.397 pstd=0.389 gen=0.1s train=0.3s
[t=  71.6s] greedy ep150 games=  96 dec= 18647 rows= 17871 horizon=0.29 L=0.00048 L/var=0.00 tgt=-0.085/0.416 pstd=0.394 gen=0.1s train=0.3s
[t=  72.1s] greedy ep151 games=  96 dec= 19437 rows= 18611 horizon=0.34 L=0.00043 L/var=0.00 tgt=-0.093/0.413 pstd=0.395 gen=0.1s train=0.3s
[t=  72.6s] greedy ep152 games=  96 dec= 18772 rows= 17991 horizon=0.31 L=0.00056 L/var=0.00 tgt=-0.081/0.408 pstd=0.390 gen=0.1s train=0.3s
[t=  73.0s] greedy ep153 games=  96 dec= 19646 rows= 18733 horizon=0.40 L=0.00051 L/var=0.00 tgt=-0.050/0.394 pstd=0.389 gen=0.1s train=0.3s
[t=  73.5s] greedy ep154 games=  96 dec= 17859 rows= 17126 horizon=0.26 L=0.00058 L/var=0.00 tgt=-0.064/0.401 pstd=0.387 gen=0.1s train=0.3s
[t=  73.9s] greedy ep155 games=  96 dec= 18131 rows= 17315 horizon=0.25 L=0.00048 L/var=0.00 tgt=-0.060/0.383 pstd=0.389 gen=0.1s train=0.3s
[t=  74.4s] greedy ep156 games=  96 dec= 17706 rows= 16969 horizon=0.27 L=0.00041 L/var=0.00 tgt=-0.083/0.405 pstd=0.389 gen=0.1s train=0.3s
[t=  74.8s] greedy ep157 games=  96 dec= 18532 rows= 17740 horizon=0.27 L=0.00172 L/var=0.01 tgt=-0.059/0.387 pstd=0.385 gen=0.1s train=0.3s
[t=  75.3s] greedy ep158 games=  96 dec= 18583 rows= 17821 horizon=0.26 L=0.00094 L/var=0.01 tgt=-0.088/0.404 pstd=0.389 gen=0.1s train=0.3s
[t=  75.8s] greedy ep159 games=  96 dec= 17891 rows= 17137 horizon=0.25 L=0.00051 L/var=0.00 tgt=-0.074/0.421 pstd=0.390 gen=0.1s train=0.3s
[t=  76.2s] greedy ep160 games=  96 dec= 17495 rows= 16742 horizon=0.23 L=0.00040 L/var=0.00 tgt=-0.077/0.416 pstd=0.392 gen=0.1s train=0.3s
[t=  76.7s] greedy ep161 games=  96 dec= 18032 rows= 17292 horizon=0.27 L=0.00037 L/var=0.00 tgt=-0.099/0.425 pstd=0.391 gen=0.1s train=0.3s
[t=  77.3s] greedy ep162 games=  96 dec= 18829 rows= 17998 horizon=0.34 L=0.00034 L/var=0.00 tgt=-0.084/0.395 pstd=0.393 gen=0.1s train=0.4s
[t=  77.8s] greedy ep163 games=  96 dec= 17690 rows= 17013 horizon=0.27 L=0.00038 L/var=0.00 tgt=-0.079/0.414 pstd=0.392 gen=0.1s train=0.3s
[t=  78.2s] greedy ep164 games=  96 dec= 18087 rows= 17234 horizon=0.26 L=0.00048 L/var=0.00 tgt=-0.083/0.416 pstd=0.392 gen=0.1s train=0.3s
[t=  78.7s] greedy ep165 games=  96 dec= 17535 rows= 16843 horizon=0.26 L=0.00047 L/var=0.00 tgt=-0.065/0.375 pstd=0.391 gen=0.1s train=0.3s
[t=  79.2s] greedy ep166 games=  96 dec= 17688 rows= 17002 horizon=0.26 L=0.00037 L/var=0.00 tgt=-0.094/0.432 pstd=0.392 gen=0.1s train=0.3s
[t=  79.6s] greedy ep167 games=  96 dec= 18619 rows= 17846 horizon=0.27 L=0.00065 L/var=0.00 tgt=-0.074/0.392 pstd=0.392 gen=0.1s train=0.3s
[t=  80.1s] greedy ep168 games=  96 dec= 18966 rows= 18106 horizon=0.35 L=0.00041 L/var=0.00 tgt=-0.055/0.408 pstd=0.394 gen=0.1s train=0.3s
[t=  80.6s] greedy ep169 games=  96 dec= 18474 rows= 17685 horizon=0.25 L=0.00040 L/var=0.00 tgt=-0.048/0.401 pstd=0.390 gen=0.1s train=0.3s
[t=  81.1s] greedy ep170 games=  96 dec= 18654 rows= 17872 horizon=0.33 L=0.00035 L/var=0.00 tgt=-0.070/0.414 pstd=0.393 gen=0.1s train=0.3s
[t=  81.7s] greedy ep171 games=  96 dec= 18926 rows= 18108 horizon=0.35 L=0.00034 L/var=0.00 tgt=-0.065/0.395 pstd=0.389 gen=0.1s train=0.3s
[t=  82.2s] greedy ep172 games=  96 dec= 18321 rows= 17443 horizon=0.24 L=0.00058 L/var=0.00 tgt=-0.084/0.421 pstd=0.390 gen=0.1s train=0.3s
[t=  82.7s] greedy ep173 games=  96 dec= 17635 rows= 16989 horizon=0.26 L=0.00042 L/var=0.00 tgt=-0.076/0.388 pstd=0.388 gen=0.1s train=0.3s
[t=  83.2s] greedy ep174 games=  96 dec= 18731 rows= 18037 horizon=0.29 L=0.00044 L/var=0.00 tgt=-0.088/0.396 pstd=0.391 gen=0.1s train=0.3s
[t=  83.7s] greedy ep175 games=  96 dec= 18265 rows= 17503 horizon=0.28 L=0.00044 L/var=0.00 tgt=-0.052/0.433 pstd=0.388 gen=0.1s train=0.3s
[t=  84.1s] greedy ep176 games=  96 dec= 18586 rows= 17793 horizon=0.31 L=0.00049 L/var=0.00 tgt=-0.079/0.405 pstd=0.394 gen=0.1s train=0.3s
[t=  84.6s] greedy ep177 games=  96 dec= 18693 rows= 17924 horizon=0.29 L=0.00033 L/var=0.00 tgt=-0.073/0.407 pstd=0.392 gen=0.1s train=0.3s
[t=  85.1s] greedy ep178 games=  96 dec= 18086 rows= 17261 horizon=0.25 L=0.00046 L/var=0.00 tgt=-0.091/0.408 pstd=0.392 gen=0.1s train=0.3s
[t=  85.5s] greedy ep179 games=  96 dec= 18364 rows= 17611 horizon=0.29 L=0.00032 L/var=0.00 tgt=-0.077/0.396 pstd=0.391 gen=0.1s train=0.3s
[t=  86.0s] greedy ep180 games=  96 dec= 18541 rows= 17811 horizon=0.34 L=0.00085 L/var=0.01 tgt=-0.049/0.385 pstd=0.390 gen=0.1s train=0.3s
[t=  86.5s] greedy ep181 games=  96 dec= 18495 rows= 17722 horizon=0.27 L=0.00105 L/var=0.01 tgt=-0.056/0.381 pstd=0.384 gen=0.1s train=0.3s
[t=  86.9s] greedy ep182 games=  96 dec= 18701 rows= 17873 horizon=0.32 L=0.00052 L/var=0.00 tgt=-0.049/0.383 pstd=0.395 gen=0.1s train=0.3s
[t=  87.4s] greedy ep183 games=  96 dec= 18658 rows= 17824 horizon=0.28 L=0.00038 L/var=0.00 tgt=-0.057/0.396 pstd=0.390 gen=0.1s train=0.3s
[t=  87.8s] greedy ep184 games=  96 dec= 17446 rows= 16664 horizon=0.22 L=0.00032 L/var=0.00 tgt=-0.088/0.419 pstd=0.392 gen=0.1s train=0.3s
[t=  88.3s] greedy ep185 games=  96 dec= 18512 rows= 17646 horizon=0.19 L=0.00036 L/var=0.00 tgt=-0.067/0.400 pstd=0.390 gen=0.1s train=0.3s
[t=  88.8s] greedy ep186 games=  96 dec= 17733 rows= 16951 horizon=0.24 L=0.00031 L/var=0.00 tgt=-0.060/0.402 pstd=0.394 gen=0.1s train=0.3s
[t=  89.2s] greedy ep187 games=  96 dec= 18260 rows= 17505 horizon=0.25 L=0.00051 L/var=0.00 tgt=-0.072/0.412 pstd=0.386 gen=0.1s train=0.3s
[t=  89.7s] greedy ep188 games=  96 dec= 19257 rows= 18441 horizon=0.34 L=0.00082 L/var=0.01 tgt=-0.063/0.389 pstd=0.396 gen=0.1s train=0.3s
[t=  90.2s] greedy ep189 games=  96 dec= 17488 rows= 16786 horizon=0.21 L=0.00042 L/var=0.00 tgt=-0.067/0.393 pstd=0.390 gen=0.1s train=0.3s
[t=  90.6s] greedy ep190 games=  96 dec= 18535 rows= 17759 horizon=0.26 L=0.00034 L/var=0.00 tgt=-0.057/0.393 pstd=0.393 gen=0.1s train=0.3s
[t=  91.1s] greedy ep191 games=  96 dec= 18892 rows= 18148 horizon=0.34 L=0.00027 L/var=0.00 tgt=-0.084/0.423 pstd=0.394 gen=0.1s train=0.3s
[t=  91.6s] greedy ep192 games=  96 dec= 18407 rows= 17646 horizon=0.30 L=0.00027 L/var=0.00 tgt=-0.066/0.395 pstd=0.392 gen=0.1s train=0.3s
[t=  92.0s] greedy ep193 games=  96 dec= 18526 rows= 17805 horizon=0.32 L=0.00028 L/var=0.00 tgt=-0.081/0.397 pstd=0.389 gen=0.1s train=0.3s
[t=  92.5s] greedy ep194 games=  96 dec= 19108 rows= 18335 horizon=0.26 L=0.00238 L/var=0.02 tgt=-0.072/0.388 pstd=0.391 gen=0.1s train=0.3s
[t=  93.0s] greedy ep195 games=  96 dec= 18923 rows= 18165 horizon=0.34 L=0.00798 L/var=0.05 tgt=-0.084/0.396 pstd=0.389 gen=0.1s train=0.3s
[t=  93.5s] greedy ep196 games=  96 dec= 18700 rows= 17930 horizon=0.34 L=0.00547 L/var=0.04 tgt=-0.062/0.388 pstd=0.381 gen=0.1s train=0.3s
[t=  93.9s] greedy ep197 games=  96 dec= 17869 rows= 17051 horizon=0.27 L=0.00219 L/var=0.01 tgt=-0.075/0.411 pstd=0.381 gen=0.1s train=0.3s
[t=  94.4s] greedy ep198 games=  96 dec= 18673 rows= 17989 horizon=0.30 L=0.00105 L/var=0.01 tgt=-0.085/0.371 pstd=0.391 gen=0.1s train=0.3s
[t=  94.9s] greedy ep199 games=  96 dec= 18500 rows= 17710 horizon=0.31 L=0.00066 L/var=0.00 tgt=-0.082/0.388 pstd=0.392 gen=0.1s train=0.3s
[t=  95.4s] greedy ep200 games=  96 dec= 18359 rows= 17614 horizon=0.29 L=0.00046 L/var=0.00 tgt=-0.068/0.378 pstd=0.392 gen=0.1s train=0.3s
[t=  95.9s] greedy ep201 games=  96 dec= 19112 rows= 18296 horizon=0.33 L=0.00037 L/var=0.00 tgt=-0.081/0.380 pstd=0.391 gen=0.1s train=0.3s
[t=  96.3s] greedy ep202 games=  96 dec= 18445 rows= 17609 horizon=0.26 L=0.00032 L/var=0.00 tgt=-0.073/0.405 pstd=0.392 gen=0.1s train=0.3s
[t=  96.9s] greedy ep203 games=  96 dec= 18886 rows= 18165 horizon=0.32 L=0.00033 L/var=0.00 tgt=-0.096/0.415 pstd=0.391 gen=0.1s train=0.3s
[t=  97.4s] greedy ep204 games=  96 dec= 18285 rows= 17611 horizon=0.28 L=0.00032 L/var=0.00 tgt=-0.066/0.381 pstd=0.390 gen=0.1s train=0.3s
[t=  97.8s] greedy ep205 games=  96 dec= 18966 rows= 18250 horizon=0.36 L=0.00029 L/var=0.00 tgt=-0.103/0.430 pstd=0.390 gen=0.1s train=0.3s
[t=  98.3s] greedy ep206 games=  96 dec= 18906 rows= 18099 horizon=0.30 L=0.00027 L/var=0.00 tgt=-0.051/0.393 pstd=0.394 gen=0.1s train=0.3s
[t=  98.8s] greedy ep207 games=  96 dec= 19183 rows= 18413 horizon=0.35 L=0.00028 L/var=0.00 tgt=-0.060/0.400 pstd=0.392 gen=0.1s train=0.3s
[t=  99.3s] greedy ep208 games=  96 dec= 19656 rows= 18753 horizon=0.33 L=0.00028 L/var=0.00 tgt=-0.075/0.403 pstd=0.391 gen=0.1s train=0.3s
[t=  99.7s] greedy ep209 games=  96 dec= 17520 rows= 16789 horizon=0.24 L=0.00027 L/var=0.00 tgt=-0.074/0.422 pstd=0.393 gen=0.1s train=0.3s
[t= 100.2s] greedy ep210 games=  96 dec= 19496 rows= 18751 horizon=0.34 L=0.00028 L/var=0.00 tgt=-0.076/0.390 pstd=0.391 gen=0.1s train=0.3s
[t= 100.7s] greedy ep211 games=  96 dec= 17605 rows= 16885 horizon=0.23 L=0.00027 L/var=0.00 tgt=-0.094/0.423 pstd=0.390 gen=0.1s train=0.3s
[t= 101.1s] greedy ep212 games=  96 dec= 18604 rows= 17721 horizon=0.33 L=0.00027 L/var=0.00 tgt=-0.090/0.395 pstd=0.390 gen=0.1s train=0.3s
[t= 101.6s] greedy ep213 games=  96 dec= 17827 rows= 17072 horizon=0.26 L=0.00031 L/var=0.00 tgt=-0.093/0.411 pstd=0.391 gen=0.1s train=0.3s
[t= 102.0s] greedy ep214 games=  96 dec= 18416 rows= 17589 horizon=0.26 L=0.00030 L/var=0.00 tgt=-0.067/0.394 pstd=0.394 gen=0.1s train=0.3s
[t= 102.5s] greedy ep215 games=  96 dec= 19264 rows= 18546 horizon=0.36 L=0.00025 L/var=0.00 tgt=-0.046/0.377 pstd=0.391 gen=0.1s train=0.3s
[t= 103.0s] greedy ep216 games=  96 dec= 19120 rows= 18269 horizon=0.33 L=0.00023 L/var=0.00 tgt=-0.070/0.420 pstd=0.393 gen=0.1s train=0.3s
[t= 103.5s] greedy ep217 games=  96 dec= 19050 rows= 18266 horizon=0.29 L=0.00031 L/var=0.00 tgt=-0.076/0.394 pstd=0.394 gen=0.1s train=0.3s
[t= 104.0s] greedy ep218 games=  96 dec= 18825 rows= 18063 horizon=0.30 L=0.00025 L/var=0.00 tgt=-0.056/0.400 pstd=0.393 gen=0.1s train=0.3s
[t= 104.4s] greedy ep219 games=  96 dec= 18703 rows= 17856 horizon=0.28 L=0.00024 L/var=0.00 tgt=-0.062/0.409 pstd=0.391 gen=0.1s train=0.3s
[t= 104.9s] greedy ep220 games=  96 dec= 18305 rows= 17492 horizon=0.28 L=0.00024 L/var=0.00 tgt=-0.092/0.403 pstd=0.392 gen=0.1s train=0.3s
[t= 105.3s] greedy ep221 games=  96 dec= 18309 rows= 17558 horizon=0.30 L=0.00063 L/var=0.00 tgt=-0.085/0.395 pstd=0.392 gen=0.1s train=0.3s
[t= 105.8s] greedy ep222 games=  96 dec= 18300 rows= 17585 horizon=0.30 L=0.00031 L/var=0.00 tgt=-0.053/0.384 pstd=0.395 gen=0.1s train=0.3s
[t= 106.3s] greedy ep223 games=  96 dec= 19099 rows= 18311 horizon=0.28 L=0.00026 L/var=0.00 tgt=-0.085/0.410 pstd=0.390 gen=0.1s train=0.3s
[t= 106.8s] greedy ep224 games=  96 dec= 18062 rows= 17352 horizon=0.26 L=0.00022 L/var=0.00 tgt=-0.062/0.400 pstd=0.392 gen=0.1s train=0.3s
[t= 107.2s] greedy ep225 games=  96 dec= 18595 rows= 17877 horizon=0.29 L=0.00021 L/var=0.00 tgt=-0.067/0.377 pstd=0.393 gen=0.1s train=0.3s
[t= 107.7s] greedy ep226 games=  96 dec= 19011 rows= 18269 horizon=0.38 L=0.00020 L/var=0.00 tgt=-0.079/0.408 pstd=0.392 gen=0.1s train=0.3s
[t= 108.1s] greedy ep227 games=  96 dec= 18548 rows= 17730 horizon=0.26 L=0.00024 L/var=0.00 tgt=-0.081/0.405 pstd=0.392 gen=0.1s train=0.3s
[t= 108.6s] greedy ep228 games=  96 dec= 18037 rows= 17284 horizon=0.28 L=0.00024 L/var=0.00 tgt=-0.058/0.386 pstd=0.392 gen=0.1s train=0.3s
[t= 109.0s] greedy ep229 games=  96 dec= 18300 rows= 17549 horizon=0.28 L=0.00029 L/var=0.00 tgt=-0.080/0.402 pstd=0.392 gen=0.1s train=0.3s
[t= 109.5s] greedy ep230 games=  96 dec= 18962 rows= 18183 horizon=0.33 L=0.00029 L/var=0.00 tgt=-0.058/0.390 pstd=0.395 gen=0.1s train=0.3s
[t= 110.0s] greedy ep231 games=  96 dec= 18540 rows= 17738 horizon=0.33 L=0.00023 L/var=0.00 tgt=-0.087/0.406 pstd=0.392 gen=0.1s train=0.3s
[t= 110.4s] greedy ep232 games=  96 dec= 17744 rows= 16971 horizon=0.20 L=0.00025 L/var=0.00 tgt=-0.077/0.413 pstd=0.393 gen=0.1s train=0.3s
[t= 110.9s] greedy ep233 games=  96 dec= 18009 rows= 17294 horizon=0.27 L=0.00029 L/var=0.00 tgt=-0.071/0.430 pstd=0.390 gen=0.1s train=0.3s
[t= 111.4s] greedy ep234 games=  96 dec= 17201 rows= 16436 horizon=0.22 L=0.00031 L/var=0.00 tgt=-0.090/0.411 pstd=0.393 gen=0.1s train=0.3s
[t= 111.9s] greedy ep235 games=  96 dec= 19081 rows= 18239 horizon=0.35 L=0.00021 L/var=0.00 tgt=-0.099/0.389 pstd=0.393 gen=0.1s train=0.3s
[t= 112.3s] greedy ep236 games=  96 dec= 18176 rows= 17457 horizon=0.29 L=0.00022 L/var=0.00 tgt=-0.067/0.408 pstd=0.390 gen=0.1s train=0.3s
[t= 112.8s] greedy ep237 games=  96 dec= 18847 rows= 17999 horizon=0.30 L=0.00021 L/var=0.00 tgt=-0.061/0.381 pstd=0.391 gen=0.1s train=0.3s
[t= 113.3s] greedy ep238 games=  96 dec= 18787 rows= 18087 horizon=0.32 L=0.00029 L/var=0.00 tgt=-0.075/0.395 pstd=0.392 gen=0.1s train=0.3s
[t= 113.7s] greedy ep239 games=  96 dec= 18208 rows= 17509 horizon=0.29 L=0.00020 L/var=0.00 tgt=-0.083/0.427 pstd=0.391 gen=0.1s train=0.3s
[t= 114.2s] greedy ep240 games=  96 dec= 17967 rows= 17246 horizon=0.27 L=0.00031 L/var=0.00 tgt=-0.087/0.404 pstd=0.394 gen=0.1s train=0.3s
[t= 114.6s] greedy ep241 games=  96 dec= 17584 rows= 16887 horizon=0.21 L=0.00020 L/var=0.00 tgt=-0.052/0.402 pstd=0.391 gen=0.1s train=0.3s
[t= 115.1s] greedy ep242 games=  96 dec= 18165 rows= 17312 horizon=0.25 L=0.00023 L/var=0.00 tgt=-0.088/0.407 pstd=0.391 gen=0.1s train=0.3s
[t= 115.6s] greedy ep243 games=  96 dec= 18428 rows= 17656 horizon=0.27 L=0.00022 L/var=0.00 tgt=-0.080/0.417 pstd=0.394 gen=0.1s train=0.3s
[t= 116.0s] greedy ep244 games=  96 dec= 18032 rows= 17167 horizon=0.26 L=0.00022 L/var=0.00 tgt=-0.063/0.411 pstd=0.390 gen=0.1s train=0.3s
[t= 116.5s] greedy ep245 games=  96 dec= 19028 rows= 18257 horizon=0.32 L=0.00042 L/var=0.00 tgt=-0.061/0.401 pstd=0.389 gen=0.1s train=0.3s
[t= 116.9s] greedy ep246 games=  96 dec= 17136 rows= 16439 horizon=0.17 L=0.00033 L/var=0.00 tgt=-0.077/0.394 pstd=0.391 gen=0.1s train=0.3s
[t= 117.4s] greedy ep247 games=  96 dec= 18481 rows= 17616 horizon=0.30 L=0.00025 L/var=0.00 tgt=-0.064/0.404 pstd=0.393 gen=0.1s train=0.3s
[t= 117.9s] greedy ep248 games=  96 dec= 18375 rows= 17611 horizon=0.28 L=0.00019 L/var=0.00 tgt=-0.051/0.402 pstd=0.394 gen=0.1s train=0.3s
[t= 118.3s] greedy ep249 games=  96 dec= 17139 rows= 16458 horizon=0.21 L=0.00017 L/var=0.00 tgt=-0.058/0.400 pstd=0.391 gen=0.1s train=0.3s
[t= 118.8s] greedy ep250 games=  96 dec= 19159 rows= 18268 horizon=0.27 L=0.00056 L/var=0.00 tgt=-0.078/0.430 pstd=0.395 gen=0.1s train=0.3s
[t= 119.2s] greedy ep251 games=  96 dec= 18229 rows= 17515 horizon=0.24 L=0.00027 L/var=0.00 tgt=-0.062/0.391 pstd=0.392 gen=0.1s train=0.3s
[t= 119.7s] greedy ep252 games=  96 dec= 18340 rows= 17539 horizon=0.25 L=0.00020 L/var=0.00 tgt=-0.089/0.423 pstd=0.390 gen=0.1s train=0.3s
[t= 120.2s] greedy ep253 games=  96 dec= 18659 rows= 17905 horizon=0.36 L=0.00018 L/var=0.00 tgt=-0.092/0.401 pstd=0.391 gen=0.1s train=0.3s
[t= 120.6s] greedy ep254 games=  96 dec= 18404 rows= 17679 horizon=0.31 L=0.00018 L/var=0.00 tgt=-0.071/0.395 pstd=0.392 gen=0.1s train=0.3s
[t= 121.0s] greedy ep255 games=  96 dec= 18537 rows= 17691 horizon=0.25 L=0.00018 L/var=0.00 tgt=-0.062/0.418 pstd=0.391 gen=0.1s train=0.3s
[t= 121.5s] greedy ep256 games=  96 dec= 18996 rows= 18207 horizon=0.35 L=0.00030 L/var=0.00 tgt=-0.082/0.406 pstd=0.396 gen=0.1s train=0.3s
[t= 122.0s] greedy ep257 games=  96 dec= 18780 rows= 18051 horizon=0.29 L=0.00024 L/var=0.00 tgt=-0.057/0.402 pstd=0.395 gen=0.1s train=0.3s
[t= 122.4s] greedy ep258 games=  96 dec= 18877 rows= 18052 horizon=0.34 L=0.00021 L/var=0.00 tgt=-0.077/0.385 pstd=0.390 gen=0.1s train=0.3s
[t= 122.9s] greedy ep259 games=  96 dec= 18072 rows= 17311 horizon=0.29 L=0.00019 L/var=0.00 tgt=-0.064/0.394 pstd=0.391 gen=0.1s train=0.3s
[t= 123.4s] greedy ep260 games=  96 dec= 17925 rows= 17094 horizon=0.25 L=0.00038 L/var=0.00 tgt=-0.104/0.405 pstd=0.391 gen=0.1s train=0.3s
[t= 123.8s] greedy ep261 games=  96 dec= 18110 rows= 17326 horizon=0.26 L=0.00019 L/var=0.00 tgt=-0.079/0.386 pstd=0.391 gen=0.1s train=0.3s
[t= 124.3s] greedy ep262 games=  96 dec= 17705 rows= 16987 horizon=0.26 L=0.00020 L/var=0.00 tgt=-0.065/0.397 pstd=0.394 gen=0.1s train=0.3s
[t= 124.7s] greedy ep263 games=  96 dec= 18054 rows= 17245 horizon=0.31 L=0.00034 L/var=0.00 tgt=-0.080/0.398 pstd=0.391 gen=0.1s train=0.3s
[t= 125.2s] greedy ep264 games=  96 dec= 18642 rows= 17860 horizon=0.31 L=0.00024 L/var=0.00 tgt=-0.070/0.389 pstd=0.397 gen=0.1s train=0.3s
[t= 125.6s] greedy ep265 games=  96 dec= 18821 rows= 18068 horizon=0.29 L=0.00018 L/var=0.00 tgt=-0.088/0.420 pstd=0.390 gen=0.1s train=0.3s
[t= 126.1s] greedy ep266 games=  96 dec= 19731 rows= 18867 horizon=0.34 L=0.00023 L/var=0.00 tgt=-0.082/0.400 pstd=0.394 gen=0.1s train=0.3s
[t= 126.6s] greedy ep267 games=  96 dec= 19233 rows= 18425 horizon=0.27 L=0.00018 L/var=0.00 tgt=-0.070/0.398 pstd=0.394 gen=0.1s train=0.3s
[t= 127.0s] greedy ep268 games=  96 dec= 17336 rows= 16608 horizon=0.23 L=0.00040 L/var=0.00 tgt=-0.105/0.421 pstd=0.391 gen=0.1s train=0.3s
[t= 127.6s] greedy ep269 games=  96 dec= 18720 rows= 17968 horizon=0.34 L=0.00024 L/var=0.00 tgt=-0.095/0.418 pstd=0.393 gen=0.1s train=0.3s
[t= 128.0s] greedy ep270 games=  96 dec= 18540 rows= 17690 horizon=0.30 L=0.00017 L/var=0.00 tgt=-0.039/0.380 pstd=0.393 gen=0.1s train=0.3s
[t= 128.5s] greedy ep271 games=  96 dec= 17949 rows= 17105 horizon=0.24 L=0.00018 L/var=0.00 tgt=-0.075/0.397 pstd=0.391 gen=0.1s train=0.3s
[t= 128.9s] greedy ep272 games=  96 dec= 18492 rows= 17710 horizon=0.31 L=0.00030 L/var=0.00 tgt=-0.060/0.390 pstd=0.391 gen=0.1s train=0.3s
[t= 129.4s] greedy ep273 games=  96 dec= 18688 rows= 17966 horizon=0.29 L=0.00022 L/var=0.00 tgt=-0.048/0.397 pstd=0.394 gen=0.1s train=0.3s
[t= 129.9s] greedy ep274 games=  96 dec= 18698 rows= 17974 horizon=0.35 L=0.00019 L/var=0.00 tgt=-0.078/0.439 pstd=0.396 gen=0.1s train=0.3s
[t= 130.4s] greedy ep275 games=  96 dec= 19162 rows= 18309 horizon=0.34 L=0.00032 L/var=0.00 tgt=-0.080/0.393 pstd=0.395 gen=0.1s train=0.3s
[t= 130.8s] greedy ep276 games=  96 dec= 17467 rows= 16738 horizon=0.25 L=0.00026 L/var=0.00 tgt=-0.078/0.406 pstd=0.393 gen=0.1s train=0.3s
[t= 131.3s] greedy ep277 games=  96 dec= 18538 rows= 17806 horizon=0.25 L=0.00021 L/var=0.00 tgt=-0.087/0.413 pstd=0.395 gen=0.1s train=0.3s
[t= 131.8s] greedy ep278 games=  96 dec= 19247 rows= 18430 horizon=0.35 L=0.00017 L/var=0.00 tgt=-0.080/0.418 pstd=0.394 gen=0.1s train=0.3s
[t= 132.2s] greedy ep279 games=  96 dec= 18483 rows= 17722 horizon=0.31 L=0.00018 L/var=0.00 tgt=-0.084/0.417 pstd=0.396 gen=0.1s train=0.3s
[t= 132.7s] greedy ep280 games=  96 dec= 17763 rows= 17029 horizon=0.21 L=0.00024 L/var=0.00 tgt=-0.077/0.401 pstd=0.388 gen=0.1s train=0.3s
[t= 133.1s] greedy ep281 games=  96 dec= 17154 rows= 16385 horizon=0.20 L=0.00017 L/var=0.00 tgt=-0.109/0.405 pstd=0.392 gen=0.1s train=0.3s
[t= 133.6s] greedy ep282 games=  96 dec= 17343 rows= 16610 horizon=0.20 L=0.00018 L/var=0.00 tgt=-0.076/0.407 pstd=0.394 gen=0.1s train=0.3s
[t= 134.1s] greedy ep283 games=  96 dec= 18976 rows= 18206 horizon=0.38 L=0.00023 L/var=0.00 tgt=-0.046/0.391 pstd=0.392 gen=0.1s train=0.3s
[t= 134.5s] greedy ep284 games=  96 dec= 17723 rows= 17116 horizon=0.32 L=0.00033 L/var=0.00 tgt=-0.071/0.410 pstd=0.393 gen=0.1s train=0.3s
[t= 135.0s] greedy ep285 games=  96 dec= 18670 rows= 17895 horizon=0.31 L=0.00023 L/var=0.00 tgt=-0.082/0.405 pstd=0.391 gen=0.1s train=0.3s
[t= 135.5s] greedy ep286 games=  96 dec= 18166 rows= 17382 horizon=0.23 L=0.00015 L/var=0.00 tgt=-0.064/0.375 pstd=0.390 gen=0.1s train=0.3s
[t= 135.9s] greedy ep287 games=  96 dec= 18996 rows= 18143 horizon=0.25 L=0.00018 L/var=0.00 tgt=-0.066/0.396 pstd=0.393 gen=0.1s train=0.3s
[t= 136.4s] greedy ep288 games=  96 dec= 17760 rows= 16989 horizon=0.21 L=0.00017 L/var=0.00 tgt=-0.064/0.385 pstd=0.391 gen=0.1s train=0.3s
[t= 136.9s] greedy ep289 games=  96 dec= 18538 rows= 17798 horizon=0.26 L=0.00045 L/var=0.00 tgt=-0.085/0.428 pstd=0.390 gen=0.1s train=0.3s
[t= 137.4s] greedy ep290 games=  96 dec= 18987 rows= 18160 horizon=0.31 L=0.00056 L/var=0.00 tgt=-0.073/0.388 pstd=0.391 gen=0.1s train=0.4s
[t= 137.9s] greedy ep291 games=  96 dec= 18780 rows= 17990 horizon=0.33 L=0.00033 L/var=0.00 tgt=-0.072/0.401 pstd=0.393 gen=0.1s train=0.3s
[t= 138.4s] greedy ep292 games=  96 dec= 19224 rows= 18357 horizon=0.32 L=0.00018 L/var=0.00 tgt=-0.075/0.414 pstd=0.395 gen=0.1s train=0.3s
[t= 138.9s] greedy ep293 games=  96 dec= 18449 rows= 17606 horizon=0.26 L=0.00015 L/var=0.00 tgt=-0.063/0.386 pstd=0.393 gen=0.1s train=0.3s
[t= 139.3s] greedy ep294 games=  96 dec= 18597 rows= 17804 horizon=0.30 L=0.00013 L/var=0.00 tgt=-0.068/0.383 pstd=0.392 gen=0.1s train=0.3s
[t= 139.8s] greedy ep295 games=  96 dec= 18551 rows= 17737 horizon=0.32 L=0.00021 L/var=0.00 tgt=-0.071/0.404 pstd=0.392 gen=0.1s train=0.3s
[t= 140.3s] greedy ep296 games=  96 dec= 19202 rows= 18328 horizon=0.32 L=0.00023 L/var=0.00 tgt=-0.082/0.391 pstd=0.392 gen=0.1s train=0.3s
[t= 140.7s] greedy ep297 games=  96 dec= 17608 rows= 16901 horizon=0.25 L=0.00020 L/var=0.00 tgt=-0.082/0.395 pstd=0.393 gen=0.1s train=0.3s
[t= 141.2s] greedy ep298 games=  96 dec= 18358 rows= 17603 horizon=0.28 L=0.00017 L/var=0.00 tgt=-0.049/0.416 pstd=0.392 gen=0.1s train=0.3s
[t= 141.7s] greedy ep299 games=  96 dec= 17776 rows= 17023 horizon=0.29 L=0.00013 L/var=0.00 tgt=-0.072/0.405 pstd=0.388 gen=0.1s train=0.3s
[t= 142.1s] greedy ep300 games=  96 dec= 18584 rows= 17760 horizon=0.27 L=0.00020 L/var=0.00 tgt=-0.060/0.384 pstd=0.390 gen=0.1s train=0.3s
[t= 142.6s] greedy ep301 games=  96 dec= 18875 rows= 18042 horizon=0.31 L=0.00020 L/var=0.00 tgt=-0.075/0.404 pstd=0.390 gen=0.1s train=0.3s
[t= 143.1s] greedy ep302 games=  96 dec= 19006 rows= 18223 horizon=0.33 L=0.00022 L/var=0.00 tgt=-0.084/0.412 pstd=0.390 gen=0.1s train=0.3s
[t= 143.6s] greedy ep303 games=  96 dec= 19250 rows= 18467 horizon=0.35 L=0.00024 L/var=0.00 tgt=-0.104/0.426 pstd=0.393 gen=0.1s train=0.3s
[t= 144.1s] greedy ep304 games=  96 dec= 18265 rows= 17519 horizon=0.28 L=0.00014 L/var=0.00 tgt=-0.085/0.410 pstd=0.393 gen=0.1s train=0.3s
[t= 144.5s] greedy ep305 games=  96 dec= 18014 rows= 17225 horizon=0.24 L=0.00019 L/var=0.00 tgt=-0.074/0.382 pstd=0.391 gen=0.1s train=0.3s
[t= 145.0s] greedy ep306 games=  96 dec= 18008 rows= 17185 horizon=0.24 L=0.00023 L/var=0.00 tgt=-0.075/0.409 pstd=0.392 gen=0.1s train=0.3s
[t= 145.5s] greedy ep307 games=  96 dec= 18771 rows= 17999 horizon=0.30 L=0.00026 L/var=0.00 tgt=-0.063/0.417 pstd=0.393 gen=0.1s train=0.3s
[t= 145.9s] greedy ep308 games=  96 dec= 18526 rows= 17775 horizon=0.27 L=0.00021 L/var=0.00 tgt=-0.067/0.372 pstd=0.395 gen=0.1s train=0.3s
[t= 146.4s] greedy ep309 games=  96 dec= 18439 rows= 17671 horizon=0.30 L=0.00029 L/var=0.00 tgt=-0.078/0.398 pstd=0.395 gen=0.1s train=0.3s
[t= 146.9s] greedy ep310 games=  96 dec= 18677 rows= 17842 horizon=0.35 L=0.00020 L/var=0.00 tgt=-0.079/0.405 pstd=0.389 gen=0.1s train=0.3s
[t= 147.4s] greedy ep311 games=  96 dec= 18387 rows= 17597 horizon=0.22 L=0.00018 L/var=0.00 tgt=-0.093/0.413 pstd=0.388 gen=0.1s train=0.3s
[t= 147.8s] greedy ep312 games=  96 dec= 18455 rows= 17660 horizon=0.27 L=0.00016 L/var=0.00 tgt=-0.087/0.415 pstd=0.391 gen=0.1s train=0.3s
[t= 148.3s] greedy ep313 games=  96 dec= 18717 rows= 17920 horizon=0.29 L=0.00015 L/var=0.00 tgt=-0.100/0.403 pstd=0.393 gen=0.1s train=0.3s
[t= 148.8s] greedy ep314 games=  96 dec= 19121 rows= 18344 horizon=0.35 L=0.00017 L/var=0.00 tgt=-0.057/0.407 pstd=0.390 gen=0.1s train=0.3s
[t= 149.2s] greedy ep315 games=  96 dec= 17451 rows= 16703 horizon=0.25 L=0.00054 L/var=0.00 tgt=-0.053/0.389 pstd=0.391 gen=0.1s train=0.3s
[t= 149.7s] greedy ep316 games=  96 dec= 18229 rows= 17586 horizon=0.29 L=0.00021 L/var=0.00 tgt=-0.038/0.385 pstd=0.396 gen=0.1s train=0.3s
[t= 150.1s] greedy ep317 games=  96 dec= 17473 rows= 16698 horizon=0.22 L=0.00013 L/var=0.00 tgt=-0.096/0.405 pstd=0.395 gen=0.1s train=0.3s
[t= 150.6s] greedy ep318 games=  96 dec= 18994 rows= 18277 horizon=0.32 L=0.00011 L/var=0.00 tgt=-0.069/0.384 pstd=0.391 gen=0.1s train=0.3s
[t= 151.1s] greedy ep319 games=  96 dec= 17124 rows= 16407 horizon=0.16 L=0.00014 L/var=0.00 tgt=-0.085/0.393 pstd=0.390 gen=0.1s train=0.3s
[t= 151.6s] greedy ep320 games=  96 dec= 19106 rows= 18261 horizon=0.33 L=0.00025 L/var=0.00 tgt=-0.066/0.400 pstd=0.393 gen=0.1s train=0.3s
[t= 152.0s] greedy ep321 games=  96 dec= 18525 rows= 17750 horizon=0.28 L=0.00015 L/var=0.00 tgt=-0.105/0.435 pstd=0.394 gen=0.1s train=0.3s
[t= 152.5s] greedy ep322 games=  96 dec= 19051 rows= 18261 horizon=0.35 L=0.00011 L/var=0.00 tgt=-0.113/0.423 pstd=0.391 gen=0.1s train=0.3s
[t= 153.0s] greedy ep323 games=  96 dec= 18297 rows= 17444 horizon=0.28 L=0.00032 L/var=0.00 tgt=-0.062/0.408 pstd=0.393 gen=0.1s train=0.3s
[t= 153.5s] greedy ep324 games=  96 dec= 18204 rows= 17425 horizon=0.27 L=0.00023 L/var=0.00 tgt=-0.084/0.409 pstd=0.397 gen=0.1s train=0.3s
[t= 153.9s] greedy ep325 games=  96 dec= 19397 rows= 18616 horizon=0.39 L=0.00015 L/var=0.00 tgt=-0.061/0.393 pstd=0.389 gen=0.1s train=0.3s
[t= 154.4s] greedy ep326 games=  96 dec= 17507 rows= 16799 horizon=0.22 L=0.00015 L/var=0.00 tgt=-0.103/0.426 pstd=0.391 gen=0.1s train=0.3s
[t= 154.9s] greedy ep327 games=  96 dec= 18820 rows= 17984 horizon=0.30 L=0.00012 L/var=0.00 tgt=-0.075/0.403 pstd=0.389 gen=0.1s train=0.3s
[t= 155.4s] greedy ep328 games=  96 dec= 17886 rows= 17118 horizon=0.25 L=0.00011 L/var=0.00 tgt=-0.086/0.401 pstd=0.392 gen=0.1s train=0.3s
[t= 155.8s] greedy ep329 games=  96 dec= 18785 rows= 18046 horizon=0.29 L=0.00029 L/var=0.00 tgt=-0.081/0.415 pstd=0.392 gen=0.1s train=0.3s
[t= 156.3s] greedy ep330 games=  96 dec= 18884 rows= 18095 horizon=0.28 L=0.00017 L/var=0.00 tgt=-0.087/0.413 pstd=0.392 gen=0.1s train=0.3s
[t= 156.8s] greedy ep331 games=  96 dec= 18529 rows= 17758 horizon=0.28 L=0.00011 L/var=0.00 tgt=-0.073/0.392 pstd=0.392 gen=0.1s train=0.3s
[t= 157.4s] greedy ep332 games=  96 dec= 18102 rows= 17445 horizon=0.29 L=0.00013 L/var=0.00 tgt=-0.073/0.420 pstd=0.390 gen=0.1s train=0.3s
[t= 157.9s] greedy ep333 games=  96 dec= 19060 rows= 18257 horizon=0.30 L=0.00018 L/var=0.00 tgt=-0.072/0.405 pstd=0.391 gen=0.1s train=0.3s
[t= 158.4s] greedy ep334 games=  96 dec= 18683 rows= 17977 horizon=0.28 L=0.00015 L/var=0.00 tgt=-0.084/0.408 pstd=0.391 gen=0.1s train=0.3s
[t= 158.9s] greedy ep335 games=  96 dec= 18365 rows= 17535 horizon=0.24 L=0.00023 L/var=0.00 tgt=-0.080/0.412 pstd=0.390 gen=0.1s train=0.3s
[t= 159.4s] greedy ep336 games=  96 dec= 18383 rows= 17727 horizon=0.33 L=0.00018 L/var=0.00 tgt=-0.060/0.383 pstd=0.393 gen=0.1s train=0.3s
[t= 159.8s] greedy ep337 games=  96 dec= 17529 rows= 16777 horizon=0.21 L=0.00011 L/var=0.00 tgt=-0.058/0.406 pstd=0.395 gen=0.1s train=0.3s
[t= 160.3s] greedy ep338 games=  96 dec= 18012 rows= 17249 horizon=0.24 L=0.00011 L/var=0.00 tgt=-0.094/0.423 pstd=0.390 gen=0.1s train=0.3s
[t= 160.8s] greedy ep339 games=  96 dec= 18869 rows= 18062 horizon=0.29 L=0.00041 L/var=0.00 tgt=-0.080/0.396 pstd=0.389 gen=0.1s train=0.3s
[t= 161.2s] greedy ep340 games=  96 dec= 17414 rows= 16641 horizon=0.24 L=0.00016 L/var=0.00 tgt=-0.068/0.413 pstd=0.393 gen=0.1s train=0.3s
[t= 161.7s] greedy ep341 games=  96 dec= 18091 rows= 17262 horizon=0.22 L=0.00012 L/var=0.00 tgt=-0.071/0.395 pstd=0.396 gen=0.1s train=0.3s
[t= 162.1s] greedy ep342 games=  96 dec= 17520 rows= 16753 horizon=0.25 L=0.00012 L/var=0.00 tgt=-0.068/0.380 pstd=0.389 gen=0.1s train=0.3s
[t= 162.6s] greedy ep343 games=  96 dec= 18965 rows= 18148 horizon=0.28 L=0.00015 L/var=0.00 tgt=-0.078/0.390 pstd=0.390 gen=0.1s train=0.3s
[t= 163.1s] greedy ep344 games=  96 dec= 18195 rows= 17495 horizon=0.29 L=0.00018 L/var=0.00 tgt=-0.076/0.400 pstd=0.389 gen=0.1s train=0.3s
[t= 163.5s] greedy ep345 games=  96 dec= 17907 rows= 17092 horizon=0.27 L=0.00020 L/var=0.00 tgt=-0.106/0.410 pstd=0.392 gen=0.1s train=0.3s
[t= 164.0s] greedy ep346 games=  96 dec= 17975 rows= 17211 horizon=0.25 L=0.00013 L/var=0.00 tgt=-0.048/0.396 pstd=0.389 gen=0.1s train=0.3s
[t= 164.5s] greedy ep347 games=  96 dec= 19555 rows= 18646 horizon=0.34 L=0.00014 L/var=0.00 tgt=-0.077/0.394 pstd=0.386 gen=0.1s train=0.3s
[t= 164.9s] greedy ep348 games=  96 dec= 17794 rows= 17067 horizon=0.22 L=0.00016 L/var=0.00 tgt=-0.064/0.388 pstd=0.390 gen=0.1s train=0.3s
[t= 165.4s] greedy ep349 games=  96 dec= 18996 rows= 18146 horizon=0.30 L=0.00013 L/var=0.00 tgt=-0.088/0.411 pstd=0.389 gen=0.1s train=0.3s
[t= 165.9s] greedy ep350 games=  96 dec= 17945 rows= 17184 horizon=0.26 L=0.00028 L/var=0.00 tgt=-0.070/0.406 pstd=0.391 gen=0.1s train=0.3s
[t= 166.4s] greedy ep351 games=  96 dec= 19015 rows= 18164 horizon=0.35 L=0.00016 L/var=0.00 tgt=-0.071/0.408 pstd=0.393 gen=0.1s train=0.3s
[t= 166.8s] greedy ep352 games=  96 dec= 18627 rows= 17861 horizon=0.29 L=0.00016 L/var=0.00 tgt=-0.064/0.414 pstd=0.392 gen=0.1s train=0.3s
[t= 167.3s] greedy ep353 games=  96 dec= 18722 rows= 17905 horizon=0.29 L=0.00015 L/var=0.00 tgt=-0.056/0.378 pstd=0.391 gen=0.1s train=0.3s
[t= 167.7s] greedy ep354 games=  96 dec= 17109 rows= 16335 horizon=0.20 L=0.00018 L/var=0.00 tgt=-0.048/0.394 pstd=0.394 gen=0.1s train=0.3s
[t= 168.2s] greedy ep355 games=  96 dec= 18602 rows= 17876 horizon=0.32 L=0.00014 L/var=0.00 tgt=-0.103/0.417 pstd=0.393 gen=0.1s train=0.3s
[t= 168.7s] greedy ep356 games=  96 dec= 18770 rows= 18025 horizon=0.26 L=0.00012 L/var=0.00 tgt=-0.073/0.404 pstd=0.395 gen=0.1s train=0.3s
[t= 169.1s] greedy ep357 games=  96 dec= 17863 rows= 17080 horizon=0.24 L=0.00011 L/var=0.00 tgt=-0.055/0.409 pstd=0.390 gen=0.1s train=0.3s
[t= 169.6s] greedy ep358 games=  96 dec= 17933 rows= 17146 horizon=0.25 L=0.00010 L/var=0.00 tgt=-0.077/0.407 pstd=0.393 gen=0.1s train=0.3s
[t= 170.1s] greedy ep359 games=  96 dec= 18597 rows= 17878 horizon=0.32 L=0.00062 L/var=0.00 tgt=-0.079/0.402 pstd=0.384 gen=0.1s train=0.3s
[t= 170.5s] greedy ep360 games=  96 dec= 18189 rows= 17344 horizon=0.21 L=0.00021 L/var=0.00 tgt=-0.060/0.382 pstd=0.393 gen=0.1s train=0.3s
[t= 171.0s] greedy ep361 games=  96 dec= 18058 rows= 17283 horizon=0.26 L=0.00013 L/var=0.00 tgt=-0.107/0.417 pstd=0.393 gen=0.1s train=0.3s
[t= 171.5s] greedy ep362 games=  96 dec= 19322 rows= 18646 horizon=0.38 L=0.00009 L/var=0.00 tgt=-0.076/0.418 pstd=0.390 gen=0.1s train=0.3s
[t= 171.9s] greedy ep363 games=  96 dec= 17782 rows= 17047 horizon=0.29 L=0.00014 L/var=0.00 tgt=-0.076/0.366 pstd=0.389 gen=0.1s train=0.3s
[t= 172.4s] greedy ep364 games=  96 dec= 17174 rows= 16436 horizon=0.19 L=0.00011 L/var=0.00 tgt=-0.085/0.390 pstd=0.391 gen=0.1s train=0.3s
[t= 172.9s] greedy ep365 games=  96 dec= 18959 rows= 18150 horizon=0.31 L=0.00009 L/var=0.00 tgt=-0.080/0.403 pstd=0.392 gen=0.1s train=0.3s
[t= 173.3s] greedy ep366 games=  96 dec= 18241 rows= 17488 horizon=0.22 L=0.00023 L/var=0.00 tgt=-0.067/0.397 pstd=0.390 gen=0.1s train=0.3s
[t= 173.8s] greedy ep367 games=  96 dec= 18751 rows= 17949 horizon=0.25 L=0.00037 L/var=0.00 tgt=-0.081/0.402 pstd=0.390 gen=0.1s train=0.3s
[t= 174.3s] greedy ep368 games=  96 dec= 19280 rows= 18376 horizon=0.35 L=0.00011 L/var=0.00 tgt=-0.057/0.373 pstd=0.389 gen=0.1s train=0.3s
[t= 174.8s] greedy ep369 games=  96 dec= 17968 rows= 17093 horizon=0.22 L=0.00009 L/var=0.00 tgt=-0.069/0.408 pstd=0.393 gen=0.1s train=0.3s
[t= 175.2s] greedy ep370 games=  96 dec= 18299 rows= 17473 horizon=0.28 L=0.00008 L/var=0.00 tgt=-0.079/0.418 pstd=0.393 gen=0.1s train=0.3s
[t= 175.7s] greedy ep371 games=  96 dec= 19220 rows= 18359 horizon=0.31 L=0.00012 L/var=0.00 tgt=-0.092/0.406 pstd=0.390 gen=0.1s train=0.3s
[t= 176.2s] greedy ep372 games=  96 dec= 17936 rows= 17223 horizon=0.23 L=0.00011 L/var=0.00 tgt=-0.070/0.398 pstd=0.390 gen=0.1s train=0.3s
[t= 176.6s] greedy ep373 games=  96 dec= 17939 rows= 17152 horizon=0.26 L=0.00014 L/var=0.00 tgt=-0.066/0.398 pstd=0.390 gen=0.1s train=0.3s
[t= 177.1s] greedy ep374 games=  96 dec= 18424 rows= 17593 horizon=0.24 L=0.00011 L/var=0.00 tgt=-0.089/0.408 pstd=0.391 gen=0.1s train=0.3s
[t= 177.6s] greedy ep375 games=  96 dec= 17894 rows= 17161 horizon=0.21 L=0.00008 L/var=0.00 tgt=-0.065/0.390 pstd=0.391 gen=0.1s train=0.3s
[t= 178.0s] greedy ep376 games=  96 dec= 18536 rows= 17723 horizon=0.30 L=0.00014 L/var=0.00 tgt=-0.063/0.391 pstd=0.391 gen=0.1s train=0.3s
[t= 178.6s] greedy ep377 games=  96 dec= 17719 rows= 16949 horizon=0.20 L=0.00076 L/var=0.00 tgt=-0.099/0.412 pstd=0.393 gen=0.1s train=0.3s
[t= 179.1s] greedy ep378 games=  96 dec= 18187 rows= 17402 horizon=0.20 L=0.00032 L/var=0.00 tgt=-0.057/0.369 pstd=0.397 gen=0.1s train=0.3s
[t= 179.5s] greedy ep379 games=  96 dec= 18411 rows= 17644 horizon=0.25 L=0.00014 L/var=0.00 tgt=-0.067/0.374 pstd=0.390 gen=0.1s train=0.3s
[t= 180.0s] greedy ep380 games=  96 dec= 17608 rows= 16857 horizon=0.20 L=0.00008 L/var=0.00 tgt=-0.082/0.396 pstd=0.392 gen=0.1s train=0.3s
[t= 180.0s] --- snapshot snap_00.pt (init) ---
[t= 180.1s] --- switching to ReBeL ---
[t= 180.1s] --- stopping GPU admission; draining ---
[t= 180.1s] --- lr -> 5.00e-04 ---
[t= 180.1s] --- lr -> 2.50e-04 ---
[gpu-summary] solves=0 optimizer_rows=0 debt=0 raw=0.0/s balanced=0.0/s horizon=0.00 games=0 over=0 card=0 exact=0 censored=0 dropped=0 overrun=0.07s
[t= 180.1s] --- snapshot snap_01.pt (final) ---
[report] runs/value_v4_warm3_clean/report.html
