[train] runs/oddperf2 at a9b3044+dirty seed=1 {'minutes': 9.0, 'warm_minutes': 3.0, 'ladder_games': 0, 'note': 'throughput after collapsing the mean to a scalar'}
[train] throughput after collapsing the mean to a scalar
[cpu] pinned to 36 physical cores
[train] CUDA stream priority -1
[gpu] solve services up on [0, 1]
[cfg] PUBFEAT=897 CFEAT=16 hidden=384 head=384 dg=64 rank=64 depth=2 iters=64 budget=540s warm=180s snapshot_every=6min device=cuda:1 draft=random train_gen_ratio=4.0 recent_mix=0.5/0.2 augment=True cap=2000000 matmul=high
[t=   2.6s] greedy ep  0 games=  96 dec= 18968 rows= 18118 horizon=0.30 L=0.20600 L/var=0.89 tgt=-0.023/0.482 pstd=0.441 gen=0.1s train=2.3s
[t=   4.6s] greedy ep  1 games=  96 dec= 18844 rows= 18051 horizon=0.33 L=0.04784 L/var=0.20 tgt=-0.058/0.494 pstd=0.478 gen=0.1s train=1.9s
[t=   6.6s] greedy ep  2 games=  96 dec= 18181 rows= 17414 horizon=0.27 L=0.03545 L/var=0.14 tgt=-0.025/0.512 pstd=0.491 gen=0.1s train=1.8s
[t=   8.6s] greedy ep  3 games=  96 dec= 17989 rows= 17120 horizon=0.26 L=0.03120 L/var=0.13 tgt=-0.029/0.495 pstd=0.482 gen=0.1s train=1.7s
[t=  10.6s] greedy ep  4 games=  96 dec= 18823 rows= 18078 horizon=0.29 L=0.02843 L/var=0.13 tgt=-0.022/0.471 pstd=0.483 gen=0.1s train=1.9s
[t=  12.7s] greedy ep  5 games=  96 dec= 18924 rows= 18146 horizon=0.33 L=0.02697 L/var=0.11 tgt=-0.029/0.496 pstd=0.491 gen=0.1s train=1.9s
[t=  14.7s] greedy ep  6 games=  96 dec= 17615 rows= 16921 horizon=0.26 L=0.02635 L/var=0.10 tgt=-0.041/0.511 pstd=0.489 gen=0.1s train=1.8s
[t=  16.7s] greedy ep  7 games=  96 dec= 18608 rows= 17786 horizon=0.36 L=0.02428 L/var=0.10 tgt=-0.065/0.495 pstd=0.490 gen=0.1s train=1.8s
[t=  18.8s] greedy ep  8 games=  96 dec= 19040 rows= 18296 horizon=0.36 L=0.02261 L/var=0.10 tgt=-0.019/0.484 pstd=0.483 gen=0.1s train=1.9s
[t=  20.8s] greedy ep  9 games=  96 dec= 18200 rows= 17459 horizon=0.27 L=0.02410 L/var=0.09 tgt=-0.034/0.513 pstd=0.495 gen=0.1s train=1.8s
[t=  22.8s] greedy ep 10 games=  96 dec= 17927 rows= 17200 horizon=0.24 L=0.02407 L/var=0.09 tgt=-0.036/0.524 pstd=0.484 gen=0.1s train=1.7s
[t=  24.8s] greedy ep 11 games=  96 dec= 17941 rows= 17162 horizon=0.28 L=0.02291 L/var=0.10 tgt=-0.044/0.477 pstd=0.498 gen=0.1s train=1.8s
[t=  26.7s] greedy ep 12 games=  96 dec= 17384 rows= 16648 horizon=0.25 L=0.02184 L/var=0.09 tgt=-0.023/0.503 pstd=0.479 gen=0.1s train=1.7s
[t=  28.7s] greedy ep 13 games=  96 dec= 18153 rows= 17377 horizon=0.28 L=0.02136 L/var=0.08 tgt=-0.027/0.502 pstd=0.483 gen=0.1s train=1.8s
[t=  30.7s] greedy ep 14 games=  96 dec= 18097 rows= 17377 horizon=0.26 L=0.02075 L/var=0.08 tgt=-0.037/0.511 pstd=0.492 gen=0.1s train=1.8s
[t=  32.8s] greedy ep 15 games=  96 dec= 18356 rows= 17581 horizon=0.30 L=0.02118 L/var=0.09 tgt=-0.023/0.496 pstd=0.489 gen=0.1s train=1.8s
[t=  34.9s] greedy ep 16 games=  96 dec= 19141 rows= 18328 horizon=0.32 L=0.01889 L/var=0.08 tgt=+0.010/0.479 pstd=0.477 gen=0.1s train=1.9s
[t=  37.0s] greedy ep 17 games=  96 dec= 18885 rows= 18173 horizon=0.30 L=0.01914 L/var=0.07 tgt=-0.054/0.508 pstd=0.501 gen=0.1s train=1.9s
[t=  39.0s] greedy ep 18 games=  96 dec= 17886 rows= 17103 horizon=0.25 L=0.02077 L/var=0.08 tgt=-0.021/0.507 pstd=0.480 gen=0.1s train=1.8s
[t=  40.9s] greedy ep 19 games=  96 dec= 17738 rows= 16961 horizon=0.23 L=0.02056 L/var=0.07 tgt=-0.065/0.530 pstd=0.474 gen=0.1s train=1.7s
[t=  43.0s] greedy ep 20 games=  96 dec= 17716 rows= 17039 horizon=0.28 L=0.01942 L/var=0.07 tgt=-0.071/0.515 pstd=0.486 gen=0.1s train=1.8s
[t=  44.9s] greedy ep 21 games=  96 dec= 17777 rows= 17032 horizon=0.23 L=0.02017 L/var=0.07 tgt=-0.051/0.520 pstd=0.494 gen=0.1s train=1.7s
[t=  47.0s] greedy ep 22 games=  96 dec= 18472 rows= 17732 horizon=0.33 L=0.01823 L/var=0.08 tgt=-0.019/0.474 pstd=0.491 gen=0.1s train=1.8s
[t=  49.0s] greedy ep 23 games=  96 dec= 18429 rows= 17627 horizon=0.27 L=0.01848 L/var=0.08 tgt=-0.006/0.478 pstd=0.481 gen=0.1s train=1.8s
[t=  51.2s] greedy ep 24 games=  96 dec= 18992 rows= 18327 horizon=0.35 L=0.01854 L/var=0.08 tgt=-0.014/0.487 pstd=0.478 gen=0.1s train=1.9s
[t=  53.2s] greedy ep 25 games=  96 dec= 18039 rows= 17262 horizon=0.23 L=0.01935 L/var=0.07 tgt=-0.025/0.517 pstd=0.492 gen=0.1s train=1.8s
[t=  55.4s] greedy ep 26 games=  96 dec= 19627 rows= 18805 horizon=0.33 L=0.01908 L/var=0.08 tgt=-0.037/0.501 pstd=0.486 gen=0.1s train=2.0s
[t=  57.4s] greedy ep 27 games=  96 dec= 18752 rows= 17930 horizon=0.27 L=0.01856 L/var=0.08 tgt=-0.031/0.485 pstd=0.483 gen=0.1s train=1.8s
[t=  59.6s] greedy ep 28 games=  96 dec= 19116 rows= 18327 horizon=0.31 L=0.01858 L/var=0.08 tgt=-0.035/0.484 pstd=0.491 gen=0.1s train=2.0s
[t=  61.7s] greedy ep 29 games=  96 dec= 18708 rows= 17952 horizon=0.27 L=0.01908 L/var=0.08 tgt=-0.051/0.503 pstd=0.487 gen=0.1s train=1.8s
[t=  63.7s] greedy ep 30 games=  96 dec= 19066 rows= 18248 horizon=0.31 L=0.01835 L/var=0.08 tgt=-0.032/0.479 pstd=0.500 gen=0.1s train=1.8s
[t=  65.7s] greedy ep 31 games=  96 dec= 18369 rows= 17570 horizon=0.26 L=0.01817 L/var=0.07 tgt=-0.041/0.509 pstd=0.481 gen=0.1s train=1.8s
[t=  67.9s] greedy ep 32 games=  96 dec= 18567 rows= 17800 horizon=0.30 L=0.01805 L/var=0.08 tgt=+0.001/0.480 pstd=0.485 gen=0.1s train=2.0s
[t=  70.3s] greedy ep 33 games=  96 dec= 18636 rows= 17813 horizon=0.31 L=0.01800 L/var=0.07 tgt=-0.002/0.514 pstd=0.470 gen=0.1s train=2.2s
[t=  72.8s] greedy ep 34 games=  96 dec= 18664 rows= 17825 horizon=0.29 L=0.01908 L/var=0.09 tgt=+0.020/0.463 pstd=0.498 gen=0.1s train=2.2s
[t=  74.8s] greedy ep 35 games=  96 dec= 17787 rows= 17046 horizon=0.22 L=0.01927 L/var=0.07 tgt=-0.039/0.539 pstd=0.496 gen=0.1s train=1.8s
[t=  76.9s] greedy ep 36 games=  96 dec= 19279 rows= 18442 horizon=0.33 L=0.01976 L/var=0.09 tgt=-0.046/0.480 pstd=0.478 gen=0.1s train=1.9s
[t=  78.9s] greedy ep 37 games=  96 dec= 18316 rows= 17468 horizon=0.32 L=0.01808 L/var=0.06 tgt=-0.034/0.532 pstd=0.488 gen=0.1s train=1.8s
[t=  81.0s] greedy ep 38 games=  96 dec= 19158 rows= 18321 horizon=0.32 L=0.01816 L/var=0.08 tgt=-0.020/0.472 pstd=0.478 gen=0.1s train=1.9s
[t=  83.0s] greedy ep 39 games=  96 dec= 18549 rows= 17774 horizon=0.26 L=0.01840 L/var=0.07 tgt=-0.037/0.514 pstd=0.482 gen=0.1s train=1.8s
[t=  85.1s] greedy ep 40 games=  96 dec= 18971 rows= 18211 horizon=0.34 L=0.01811 L/var=0.09 tgt=-0.007/0.461 pstd=0.483 gen=0.1s train=1.9s
[t=  87.4s] greedy ep 41 games=  96 dec= 18692 rows= 17843 horizon=0.28 L=0.01839 L/var=0.07 tgt=-0.044/0.507 pstd=0.491 gen=0.1s train=2.1s
[t=  90.0s] greedy ep 42 games=  96 dec= 19162 rows= 18375 horizon=0.38 L=0.01893 L/var=0.08 tgt=-0.035/0.494 pstd=0.480 gen=0.1s train=2.3s
[t=  92.6s] greedy ep 43 games=  96 dec= 19468 rows= 18602 horizon=0.35 L=0.01897 L/var=0.09 tgt=-0.058/0.456 pstd=0.479 gen=0.1s train=2.4s
[t=  95.0s] greedy ep 44 games=  96 dec= 18443 rows= 17624 horizon=0.28 L=0.01871 L/var=0.08 tgt=-0.009/0.479 pstd=0.515 gen=0.1s train=2.2s
[t=  97.0s] greedy ep 45 games=  96 dec= 17350 rows= 16706 horizon=0.25 L=0.01972 L/var=0.07 tgt=-0.084/0.527 pstd=0.511 gen=0.1s train=1.8s
[t=  99.0s] greedy ep 46 games=  96 dec= 17993 rows= 17239 horizon=0.28 L=0.01978 L/var=0.08 tgt=-0.013/0.495 pstd=0.486 gen=0.1s train=1.8s
[t= 101.2s] greedy ep 47 games=  96 dec= 18984 rows= 18180 horizon=0.29 L=0.01959 L/var=0.09 tgt=-0.024/0.472 pstd=0.482 gen=0.1s train=1.9s
[t= 103.2s] greedy ep 48 games=  96 dec= 18071 rows= 17405 horizon=0.30 L=0.01831 L/var=0.07 tgt=-0.041/0.510 pstd=0.498 gen=0.1s train=1.8s
[t= 105.5s] greedy ep 49 games=  96 dec= 19599 rows= 18844 horizon=0.40 L=0.01832 L/var=0.09 tgt=-0.000/0.457 pstd=0.480 gen=0.1s train=2.0s
[t= 107.5s] greedy ep 50 games=  96 dec= 17856 rows= 17099 horizon=0.25 L=0.01885 L/var=0.06 tgt=-0.060/0.543 pstd=0.497 gen=0.1s train=1.8s
[t= 109.6s] greedy ep 51 games=  96 dec= 17858 rows= 17043 horizon=0.24 L=0.01887 L/var=0.07 tgt=-0.027/0.530 pstd=0.493 gen=0.1s train=1.8s
[t= 111.7s] greedy ep 52 games=  96 dec= 18973 rows= 18262 horizon=0.35 L=0.01844 L/var=0.09 tgt=-0.041/0.460 pstd=0.474 gen=0.1s train=1.9s
[t= 113.7s] greedy ep 53 games=  96 dec= 17565 rows= 16777 horizon=0.19 L=0.01867 L/var=0.07 tgt=-0.031/0.511 pstd=0.484 gen=0.1s train=1.8s
[t= 115.8s] greedy ep 54 games=  96 dec= 17835 rows= 17151 horizon=0.25 L=0.01881 L/var=0.08 tgt=-0.001/0.492 pstd=0.490 gen=0.1s train=1.8s
[t= 117.8s] greedy ep 55 games=  96 dec= 17927 rows= 17096 horizon=0.25 L=0.01903 L/var=0.09 tgt=-0.008/0.470 pstd=0.492 gen=0.1s train=1.8s
[t= 120.0s] greedy ep 56 games=  96 dec= 18561 rows= 17765 horizon=0.28 L=0.01863 L/var=0.08 tgt=-0.036/0.484 pstd=0.479 gen=0.1s train=1.9s
[t= 122.1s] greedy ep 57 games=  96 dec= 18688 rows= 17872 horizon=0.25 L=0.01961 L/var=0.07 tgt=-0.014/0.515 pstd=0.475 gen=0.1s train=1.9s
[t= 124.3s] greedy ep 58 games=  96 dec= 19251 rows= 18414 horizon=0.34 L=0.01882 L/var=0.08 tgt=-0.060/0.493 pstd=0.475 gen=0.1s train=2.0s
[t= 126.6s] greedy ep 59 games=  96 dec= 19596 rows= 18724 horizon=0.36 L=0.01820 L/var=0.09 tgt=-0.050/0.460 pstd=0.451 gen=0.1s train=2.0s
[t= 128.7s] greedy ep 60 games=  96 dec= 18869 rows= 17979 horizon=0.30 L=0.01926 L/var=0.08 tgt=-0.032/0.484 pstd=0.463 gen=0.1s train=1.9s
[t= 130.8s] greedy ep 61 games=  96 dec= 18419 rows= 17673 horizon=0.25 L=0.01851 L/var=0.07 tgt=-0.009/0.517 pstd=0.484 gen=0.1s train=1.9s
[t= 133.0s] greedy ep 62 games=  96 dec= 19032 rows= 18186 horizon=0.32 L=0.01802 L/var=0.07 tgt=-0.036/0.503 pstd=0.471 gen=0.1s train=1.9s
[t= 135.2s] greedy ep 63 games=  96 dec= 19220 rows= 18443 horizon=0.29 L=0.01906 L/var=0.08 tgt=-0.008/0.491 pstd=0.491 gen=0.1s train=2.0s
[t= 137.2s] greedy ep 64 games=  96 dec= 17814 rows= 17050 horizon=0.25 L=0.01928 L/var=0.07 tgt=-0.045/0.519 pstd=0.477 gen=0.1s train=1.8s
[t= 139.4s] greedy ep 65 games=  96 dec= 18244 rows= 17509 horizon=0.28 L=0.01943 L/var=0.08 tgt=-0.026/0.503 pstd=0.489 gen=0.1s train=1.9s
[t= 141.5s] greedy ep 66 games=  96 dec= 18182 rows= 17491 horizon=0.29 L=0.01898 L/var=0.08 tgt=-0.037/0.498 pstd=0.494 gen=0.1s train=1.9s
[t= 143.6s] greedy ep 67 games=  96 dec= 18981 rows= 18182 horizon=0.35 L=0.01848 L/var=0.07 tgt=-0.023/0.511 pstd=0.478 gen=0.1s train=1.9s
[t= 145.7s] greedy ep 68 games=  96 dec= 18200 rows= 17313 horizon=0.25 L=0.01898 L/var=0.08 tgt=-0.016/0.502 pstd=0.496 gen=0.1s train=1.9s
[t= 147.8s] greedy ep 69 games=  96 dec= 18393 rows= 17591 horizon=0.28 L=0.01863 L/var=0.07 tgt=-0.053/0.510 pstd=0.482 gen=0.1s train=1.9s
[t= 149.9s] greedy ep 70 games=  96 dec= 18464 rows= 17707 horizon=0.33 L=0.01840 L/var=0.08 tgt=-0.039/0.486 pstd=0.486 gen=0.1s train=1.9s
[t= 152.0s] greedy ep 71 games=  96 dec= 18120 rows= 17396 horizon=0.26 L=0.01894 L/var=0.07 tgt=-0.031/0.525 pstd=0.465 gen=0.1s train=1.9s
[t= 154.2s] greedy ep 72 games=  96 dec= 19113 rows= 18368 horizon=0.34 L=0.01842 L/var=0.07 tgt=-0.075/0.504 pstd=0.479 gen=0.1s train=2.0s
[t= 156.3s] greedy ep 73 games=  96 dec= 17603 rows= 16838 horizon=0.20 L=0.01993 L/var=0.07 tgt=-0.037/0.525 pstd=0.495 gen=0.1s train=1.8s
[t= 158.5s] greedy ep 74 games=  96 dec= 18477 rows= 17679 horizon=0.27 L=0.01866 L/var=0.07 tgt=-0.065/0.534 pstd=0.493 gen=0.1s train=2.0s
[t= 161.0s] greedy ep 75 games=  96 dec= 19740 rows= 18936 horizon=0.40 L=0.01838 L/var=0.08 tgt=+0.013/0.468 pstd=0.485 gen=0.1s train=2.3s
[t= 163.1s] greedy ep 76 games=  96 dec= 18307 rows= 17464 horizon=0.20 L=0.01921 L/var=0.08 tgt=-0.020/0.496 pstd=0.471 gen=0.1s train=1.9s
[t= 165.2s] greedy ep 77 games=  96 dec= 18119 rows= 17313 horizon=0.25 L=0.01915 L/var=0.08 tgt=-0.031/0.501 pstd=0.487 gen=0.1s train=1.9s
[t= 167.4s] greedy ep 78 games=  96 dec= 18056 rows= 17283 horizon=0.26 L=0.01956 L/var=0.07 tgt=-0.041/0.514 pstd=0.491 gen=0.1s train=2.0s
[t= 169.8s] greedy ep 79 games=  96 dec= 18309 rows= 17527 horizon=0.28 L=0.01858 L/var=0.08 tgt=-0.007/0.493 pstd=0.496 gen=0.1s train=2.2s
[t= 172.2s] greedy ep 80 games=  96 dec= 18361 rows= 17605 horizon=0.29 L=0.01894 L/var=0.07 tgt=-0.024/0.508 pstd=0.496 gen=0.1s train=2.2s
[t= 174.5s] greedy ep 81 games=  96 dec= 17527 rows= 16734 horizon=0.25 L=0.01968 L/var=0.07 tgt=-0.020/0.532 pstd=0.478 gen=0.1s train=2.1s
[t= 176.9s] greedy ep 82 games=  96 dec= 17529 rows= 16756 horizon=0.23 L=0.01878 L/var=0.07 tgt=-0.028/0.509 pstd=0.478 gen=0.1s train=2.1s
[t= 179.1s] greedy ep 83 games=  96 dec= 16779 rows= 15994 horizon=0.18 L=0.01933 L/var=0.07 tgt=-0.021/0.539 pstd=0.473 gen=0.1s train=2.0s
[t= 181.6s] greedy ep 84 games=  96 dec= 19106 rows= 18300 horizon=0.35 L=0.01903 L/var=0.08 tgt=-0.045/0.483 pstd=0.477 gen=0.1s train=2.3s
[t= 181.6s] --- snapshot snap_00.pt (init) ---
[t= 181.6s] --- switching to ReBeL ---
[t= 191.6s] rebel stream solves=15360 raw=1534/s balanced=1534/s debt=0 rows steps=60 horizon=0.00 games=0 over=0 card=0 drop=0 L=0.03267 L/var=0.72 tgt=-0.010/0.213 cfg/b=42593 prep=0.30s gpu=0.00s conv=0.01s add=0.48s train=1.88s
[t= 201.6s] rebel stream solves=38912 raw=1943/s balanced=1943/s debt=0 rows steps=152 horizon=0.00 games=0 over=0 card=0 drop=0 L=0.00695 L/var=0.20 tgt=-0.016/0.188 cfg/b=62363 prep=0.43s gpu=0.00s conv=0.06s add=1.27s train=2.87s
[t= 211.7s] rebel stream solves=51200 raw=1702/s balanced=1702/s debt=0 rows steps=200 horizon=0.00 games=0 over=0 card=0 drop=0 L=0.00422 L/var=0.12 tgt=-0.007/0.189 cfg/b=33346 prep=0.20s gpu=0.00s conv=0.01s add=0.35s train=1.37s
[t= 221.7s] rebel stream solves=60416 raw=1506/s balanced=1506/s debt=0 rows steps=236 horizon=0.00 games=0 over=0 card=0 drop=0 L=0.00356 L/var=0.09 tgt=-0.033/0.196 cfg/b=40252 prep=0.14s gpu=0.00s conv=0.02s add=0.51s train=1.00s
[t= 231.8s] rebel stream solves=71680 raw=1429/s balanced=1429/s debt=0 rows steps=280 horizon=0.00 games=0 over=0 card=0 drop=0 L=0.00315 L/var=0.08 tgt=-0.031/0.198 cfg/b=42227 prep=0.20s gpu=0.00s conv=0.01s add=0.42s train=1.33s
[t= 241.8s] rebel stream solves=80896 raw=1344/s balanced=1344/s debt=0 rows steps=316 horizon=0.00 games=0 over=0 card=0 drop=0 L=0.00287 L/var=0.07 tgt=-0.022/0.197 cfg/b=33995 prep=0.19s gpu=0.00s conv=0.01s add=0.23s train=1.15s
[t= 251.8s] rebel stream solves=87040 raw=1240/s balanced=1240/s debt=0 rows steps=340 horizon=0.00 games=0 over=0 card=0 drop=0 L=0.00271 L/var=0.07 tgt=-0.023/0.199 cfg/b=30737 prep=0.15s gpu=0.00s conv=0.00s add=0.17s train=0.84s
[t= 261.9s] rebel stream solves=93184 raw=1161/s balanced=1161/s debt=0 rows steps=364 horizon=0.00 games=0 over=0 card=0 drop=0 L=0.00259 L/var=0.07 tgt=-0.019/0.199 cfg/b=29407 prep=0.13s gpu=0.00s conv=0.00s add=0.15s train=0.76s
[t= 271.9s] rebel stream solves=98304 raw=1089/s balanced=1089/s debt=0 rows steps=384 horizon=0.00 games=0 over=0 card=0 drop=0 L=0.00255 L/var=0.06 tgt=-0.024/0.204 cfg/b=28399 prep=0.14s gpu=0.00s conv=0.00s add=0.15s train=0.70s
[t= 281.9s] rebel stream solves=103424 raw=1031/s balanced=1031/s debt=0 rows steps=404 horizon=0.00 games=0 over=0 card=0 drop=0 L=0.00240 L/var=0.06 tgt=-0.023/0.200 cfg/b=28688 prep=0.11s gpu=0.00s conv=0.00s add=0.15s train=0.69s
[t= 291.9s] rebel stream solves=108544 raw=984/s balanced=984/s debt=0 rows steps=424 horizon=0.00 games=2 over=0 card=0 drop=0 L=0.00237 L/var=0.06 tgt=-0.022/0.207 cfg/b=28344 prep=0.11s gpu=0.00s conv=0.00s add=0.12s train=0.66s
[t= 300.4s] --- lr -> 5.00e-04 ---
[t= 302.0s] rebel stream solves=113664 raw=944/s balanced=944/s debt=0 rows steps=444 horizon=0.00 games=1 over=0 card=0 drop=0 L=0.00233 L/var=0.05 tgt=-0.020/0.207 cfg/b=27638 prep=0.10s gpu=0.00s conv=0.00s add=0.12s train=0.65s
[t= 312.0s] rebel stream solves=119808 raw=919/s balanced=919/s debt=0 rows steps=468 horizon=0.00 games=2 over=0 card=0 drop=0 L=0.00232 L/var=0.06 tgt=-0.022/0.204 cfg/b=26373 prep=0.13s gpu=0.00s conv=0.00s add=0.14s train=0.79s
[t= 322.0s] rebel stream solves=124928 raw=890/s balanced=890/s debt=0 rows steps=488 horizon=0.00 games=2 over=0 card=0 drop=0 L=0.00234 L/var=0.05 tgt=-0.017/0.207 cfg/b=25401 prep=0.15s gpu=0.00s conv=0.00s add=0.10s train=0.69s
[t= 332.1s] rebel stream solves=130048 raw=864/s balanced=864/s debt=0 rows steps=508 horizon=0.00 games=9 over=0 card=0 drop=0 L=0.00250 L/var=0.06 tgt=-0.017/0.212 cfg/b=24720 prep=0.13s gpu=0.00s conv=0.00s add=0.11s train=0.65s
[t= 342.1s] rebel stream solves=135168 raw=842/s balanced=842/s debt=0 rows steps=528 horizon=0.00 games=12 over=0 card=0 drop=0 L=0.00257 L/var=0.06 tgt=-0.014/0.214 cfg/b=23747 prep=0.15s gpu=0.00s conv=0.00s add=0.08s train=0.66s
[t= 352.1s] rebel stream solves=139264 raw=817/s balanced=817/s debt=0 rows steps=544 horizon=0.00 games=8 over=0 card=0 drop=0 L=0.00266 L/var=0.05 tgt=-0.008/0.221 cfg/b=23003 prep=0.10s gpu=0.00s conv=0.00s add=0.07s train=0.56s
[t= 362.2s] rebel stream solves=144384 raw=800/s balanced=800/s debt=0 rows steps=564 horizon=0.00 games=14 over=0 card=0 drop=0 L=0.00277 L/var=0.05 tgt=-0.007/0.231 cfg/b=22690 prep=0.09s gpu=0.00s conv=0.00s add=0.08s train=0.63s
[t= 372.2s] rebel stream solves=149504 raw=784/s balanced=784/s debt=0 rows steps=584 horizon=0.00 games=20 over=0 card=0 drop=0 L=0.00287 L/var=0.05 tgt=-0.009/0.229 cfg/b=22671 prep=0.12s gpu=0.00s conv=0.00s add=0.11s train=0.69s
[t= 382.2s] rebel stream solves=153600 raw=766/s balanced=766/s debt=0 rows steps=600 horizon=0.00 games=16 over=0 card=0 drop=0 L=0.00322 L/var=0.06 tgt=-0.026/0.228 cfg/b=21699 prep=0.16s gpu=0.00s conv=0.00s add=0.09s train=0.67s
[t= 392.2s] rebel stream solves=158720 raw=754/s balanced=754/s debt=0 rows steps=620 horizon=0.00 games=25 over=0 card=0 drop=0 L=0.00309 L/var=0.06 tgt=-0.009/0.222 cfg/b=21588 prep=0.14s gpu=0.00s conv=0.00s add=0.10s train=0.73s
[t= 402.3s] rebel stream solves=165888 raw=752/s balanced=752/s debt=0 rows steps=648 horizon=0.00 games=43 over=0 card=0 drop=0 L=0.00329 L/var=0.06 tgt=-0.024/0.238 cfg/b=21041 prep=0.18s gpu=0.00s conv=0.00s add=0.13s train=0.95s
[t= 412.3s] rebel stream solves=171008 raw=741/s balanced=741/s debt=0 rows steps=668 horizon=0.00 games=35 over=0 card=0 drop=0 L=0.00397 L/var=0.07 tgt=-0.008/0.242 cfg/b=20219 prep=0.09s gpu=0.00s conv=0.00s add=0.08s train=0.65s
[t= 422.5s] rebel stream solves=177152 raw=735/s balanced=735/s debt=0 rows steps=692 horizon=0.00 games=43 over=0 card=0 drop=0 L=0.00412 L/var=0.07 tgt=-0.020/0.241 cfg/b=20248 prep=0.26s gpu=0.00s conv=0.00s add=0.12s train=0.94s
[t= 422.8s] --- lr -> 2.50e-04 ---
[t= 432.6s] rebel stream solves=183296 raw=730/s balanced=730/s debt=0 rows steps=716 horizon=0.00 games=58 over=0 card=0 drop=0 L=0.00452 L/var=0.07 tgt=-0.018/0.247 cfg/b=19992 prep=0.19s gpu=0.00s conv=0.00s add=0.13s train=0.86s
[t= 442.6s] rebel stream solves=190464 raw=730/s balanced=730/s debt=0 rows steps=744 horizon=0.00 games=80 over=0 card=0 drop=0 L=0.00448 L/var=0.08 tgt=-0.019/0.243 cfg/b=20411 prep=0.14s gpu=0.00s conv=0.00s add=0.14s train=0.83s
[t= 452.6s] rebel stream solves=197632 raw=729/s balanced=729/s debt=0 rows steps=772 horizon=0.00 games=71 over=0 card=0 drop=0 L=0.00493 L/var=0.09 tgt=-0.007/0.239 cfg/b=19453 prep=0.16s gpu=0.00s conv=0.01s add=0.15s train=0.92s
[t= 462.6s] rebel stream solves=204800 raw=729/s balanced=729/s debt=0 rows steps=800 horizon=0.00 games=116 over=0 card=0 drop=0 L=0.00564 L/var=0.10 tgt=+0.005/0.238 cfg/b=19784 prep=0.14s gpu=0.00s conv=0.00s add=0.12s train=0.85s
[t= 472.6s] rebel stream solves=211968 raw=728/s balanced=728/s debt=0 rows steps=828 horizon=0.00 games=86 over=0 card=0 drop=0 L=0.00604 L/var=0.11 tgt=+0.011/0.231 cfg/b=19572 prep=0.15s gpu=0.00s conv=0.00s add=0.14s train=0.89s
[t= 482.7s] rebel stream solves=220160 raw=731/s balanced=731/s debt=0 rows steps=860 horizon=0.00 games=115 over=0 card=0 drop=0 L=0.00702 L/var=0.13 tgt=+0.015/0.230 cfg/b=19231 prep=0.17s gpu=0.00s conv=0.00s add=0.15s train=1.05s
[t= 492.8s] rebel stream solves=228352 raw=734/s balanced=734/s debt=0 rows steps=892 horizon=0.00 games=122 over=0 card=0 drop=0 L=0.00690 L/var=0.13 tgt=+0.017/0.232 cfg/b=18911 prep=0.17s gpu=0.00s conv=0.00s add=0.15s train=1.04s
[t= 502.9s] rebel stream solves=237568 raw=739/s balanced=739/s debt=0 rows steps=928 horizon=0.00 games=154 over=0 card=0 drop=0 L=0.00810 L/var=0.15 tgt=+0.015/0.232 cfg/b=19026 prep=0.17s gpu=0.00s conv=0.00s add=0.18s train=1.11s
[t= 512.9s] rebel stream solves=246784 raw=745/s balanced=745/s debt=0 rows steps=964 horizon=0.00 games=143 over=0 card=0 drop=0 L=0.00791 L/var=0.15 tgt=+0.009/0.231 cfg/b=19076 prep=0.20s gpu=0.00s conv=0.00s add=0.20s train=1.17s
[t= 520.0s] --- stopping GPU admission; draining ---
[t= 522.9s] rebel stream solves=254976 raw=747/s balanced=747/s debt=0 rows steps=996 horizon=0.00 games=143 over=0 card=0 drop=0 L=0.00800 L/var=0.14 tgt=+0.008/0.238 cfg/b=18685 prep=0.24s gpu=0.00s conv=0.00s add=0.16s train=1.12s
[t= 529.0s] rebel stream solves=255083 raw=734/s balanced=734/s debt=428 rows steps=996 horizon=0.00 games=3 over=0 card=0 drop=0 L=0.00000 L/var=0.00 tgt=+0.001/0.249 cfg/b=0 prep=0.00s gpu=0.00s conv=0.00s add=0.01s train=0.00s
[gpu-summary] solves=255083 optimizer_rows=1019904 debt=428 raw=711.7/s balanced=711.4/s horizon=0.00 games=1323 over=0 card=0 exact=0 censored=4608 dropped=0 overrun=0.00s
[t= 540.0s] --- snapshot snap_01.pt (final) ---
Traceback (most recent call last):
  File "/workspace/warchest-engine/train/train.py", line 952, in <module>
    main()
  File "/workspace/warchest-engine/train/train.py", line 947, in main
    ladder.run([args.out], games=args.ladder_games, gpu=True)
  File "/workspace/warchest-engine/train/ladder.py", line 142, in run
    raise ValueError("games must be a positive even count")
ValueError: games must be a positive even count
