[train] CUDA stream priority -1
[gpu] solve services up on [0, 1]
[cfg] PUBFEAT=897 CFEAT=16 hidden=384 head=384 dg=64 rank=64 depth=2 iters=64 budget=1020s warm=120s device=cuda:1 draft=random snapshots=3 (every 5.0min) train_gen_ratio=4.0 recent_mix=0.5/0.2 augment=True cap=2000000 matmul=high
[t=   2.2s] greedy ep  0 games=  96 dec= 19020 rows= 18171 horizon=0.30 nodecap=0 over=0 card=0 exact=0 drop=0 cfgs= 27.4 L=0.08116 P=nan old=0.01407 new=0.00415 tgt=-0.023/0.480 pstd=0.464 capv=0.040 lr=1.0e-03 gen=0.1s conv=0.0s add=0.1s train=2.0s sps=0
[t=   4.1s] greedy ep  1 games=  96 dec= 18777 rows= 17977 horizon=0.32 nodecap=0 over=0 card=0 exact=0 drop=0 cfgs= 26.6 L=0.03405 P=nan old=0.01344 new=0.00364 tgt=-0.059/0.493 pstd=0.468 capv=0.040 lr=1.0e-03 gen=0.1s conv=0.0s add=0.1s train=1.6s sps=0
[t=   5.9s] greedy ep  2 games=  96 dec= 18179 rows= 17397 horizon=0.26 nodecap=0 over=0 card=0 exact=0 drop=0 cfgs= 27.9 L=0.03070 P=nan old=0.01072 new=0.00365 tgt=-0.018/0.516 pstd=0.471 capv=0.040 lr=1.0e-03 gen=0.1s conv=0.0s add=0.1s train=1.6s sps=0
[t=   7.7s] greedy ep  3 games=  96 dec= 17876 rows= 17033 horizon=0.26 nodecap=0 over=0 card=0 exact=0 drop=0 cfgs= 26.4 L=0.02640 P=nan old=0.01162 new=0.00525 tgt=-0.027/0.498 pstd=0.468 capv=0.040 lr=1.0e-03 gen=0.1s conv=0.0s add=0.1s train=1.6s sps=0
[t=   9.6s] greedy ep  4 games=  96 dec= 19004 rows= 18249 horizon=0.31 nodecap=0 over=0 card=0 exact=0 drop=0 cfgs= 28.3 L=0.02299 P=nan old=0.00861 new=0.00471 tgt=-0.025/0.465 pstd=0.466 capv=0.040 lr=1.0e-03 gen=0.1s conv=0.0s add=0.1s train=1.7s sps=0
[t=  11.6s] greedy ep  5 games=  96 dec= 19345 rows= 18536 horizon=0.35 nodecap=0 over=0 card=0 exact=0 drop=0 cfgs= 26.4 L=0.01999 P=nan old=0.00988 new=0.00422 tgt=-0.026/0.492 pstd=0.475 capv=0.040 lr=1.0e-03 gen=0.1s conv=0.0s add=0.1s train=1.8s sps=0
[t=  13.7s] greedy ep  6 games=  96 dec= 17785 rows= 17102 horizon=0.28 nodecap=0 over=0 card=0 exact=0 drop=0 cfgs= 26.9 L=0.02285 P=nan old=0.01073 new=0.00703 tgt=-0.040/0.500 pstd=0.472 capv=0.040 lr=1.0e-03 gen=0.1s conv=0.0s add=0.1s train=1.9s sps=0
[t=  15.8s] greedy ep  7 games=  96 dec= 18319 rows= 17483 horizon=0.32 nodecap=0 over=0 card=0 exact=0 drop=0 cfgs= 27.7 L=0.02067 P=nan old=0.01124 new=0.00531 tgt=-0.059/0.503 pstd=0.470 capv=0.040 lr=1.0e-03 gen=0.1s conv=0.0s add=0.1s train=1.9s sps=0
[t=  17.9s] greedy ep  8 games=  96 dec= 18824 rows= 18083 horizon=0.34 nodecap=0 over=0 card=0 exact=0 drop=0 cfgs= 26.1 L=0.01802 P=nan old=0.01198 new=0.00569 tgt=-0.018/0.491 pstd=0.466 capv=0.040 lr=1.0e-03 gen=0.1s conv=0.0s add=0.1s train=2.0s sps=0
[t=  19.9s] greedy ep  9 games=  96 dec= 18100 rows= 17381 horizon=0.26 nodecap=0 over=0 card=0 exact=0 drop=0 cfgs= 26.3 L=0.01789 P=nan old=0.00998 new=0.00589 tgt=-0.043/0.522 pstd=0.475 capv=0.040 lr=1.0e-03 gen=0.1s conv=0.0s add=0.1s train=1.7s sps=0
[t=  21.9s] greedy ep 10 games=  96 dec= 17757 rows= 17029 horizon=0.23 nodecap=0 over=0 card=0 exact=0 drop=0 cfgs= 28.7 L=0.01847 P=nan old=0.01082 new=0.00754 tgt=-0.035/0.525 pstd=0.475 capv=0.040 lr=1.0e-03 gen=0.1s conv=0.0s add=0.1s train=1.8s sps=0
[t=  23.3s] greedy ep 11 games=  96 dec= 18043 rows= 17250 horizon=0.28 nodecap=0 over=0 card=0 exact=0 drop=0 cfgs= 27.7 L=0.01731 P=nan old=0.01170 new=0.00739 tgt=-0.047/0.493 pstd=0.472 capv=0.040 lr=1.0e-03 gen=0.1s conv=0.0s add=0.1s train=1.3s sps=0
[t=  24.4s] greedy ep 12 games=  96 dec= 17420 rows= 16700 horizon=0.25 nodecap=0 over=0 card=0 exact=0 drop=0 cfgs= 27.9 L=0.01945 P=nan old=0.01275 new=0.00748 tgt=-0.028/0.502 pstd=0.471 capv=0.040 lr=1.0e-03 gen=0.1s conv=0.0s add=0.1s train=0.8s sps=0
[t=  25.4s] greedy ep 13 games=  96 dec= 18339 rows= 17564 horizon=0.29 nodecap=0 over=0 card=0 exact=0 drop=0 cfgs= 27.2 L=0.01758 P=nan old=0.01220 new=0.00764 tgt=-0.034/0.497 pstd=0.468 capv=0.040 lr=1.0e-03 gen=0.1s conv=0.0s add=0.0s train=0.9s sps=0
[t=  26.4s] greedy ep 14 games=  96 dec= 17985 rows= 17266 horizon=0.25 nodecap=0 over=0 card=0 exact=0 drop=0 cfgs= 27.8 L=0.01831 P=nan old=0.01101 new=0.00781 tgt=-0.037/0.515 pstd=0.474 capv=0.040 lr=1.0e-03 gen=0.1s conv=0.0s add=0.0s train=0.8s sps=0
[t=  27.4s] greedy ep 15 games=  96 dec= 18309 rows= 17520 horizon=0.30 nodecap=0 over=0 card=0 exact=0 drop=0 cfgs= 26.8 L=0.01777 P=nan old=0.01303 new=0.00782 tgt=-0.021/0.493 pstd=0.469 capv=0.040 lr=1.0e-03 gen=0.1s conv=0.0s add=0.0s train=0.9s sps=0
[t=  28.9s] greedy ep 16 games=  96 dec= 19097 rows= 18291 horizon=0.33 nodecap=0 over=0 card=0 exact=0 drop=0 cfgs= 27.3 L=0.01646 P=nan old=0.01222 new=0.00782 tgt=+0.006/0.479 pstd=0.483 capv=0.040 lr=1.0e-03 gen=0.1s conv=0.0s add=0.1s train=1.3s sps=0
[t=  30.7s] greedy ep 17 games=  96 dec= 18142 rows= 17461 horizon=0.26 nodecap=0 over=0 card=0 exact=0 drop=0 cfgs= 27.3 L=0.01660 P=nan old=0.01228 new=0.00898 tgt=-0.054/0.518 pstd=0.473 capv=0.040 lr=1.0e-03 gen=0.1s conv=0.0s add=0.1s train=1.6s sps=0
[t=  32.4s] greedy ep 18 games=  96 dec= 17690 rows= 16896 horizon=0.22 nodecap=0 over=0 card=0 exact=0 drop=0 cfgs= 26.3 L=0.01802 P=nan old=0.01273 new=0.00754 tgt=-0.021/0.516 pstd=0.468 capv=0.040 lr=1.0e-03 gen=0.1s conv=0.0s add=0.1s train=1.5s sps=0
[t=  34.2s] greedy ep 19 games=  96 dec= 17806 rows= 17037 horizon=0.25 nodecap=0 over=0 card=0 exact=0 drop=0 cfgs= 27.5 L=0.01859 P=nan old=0.01454 new=0.00904 tgt=-0.059/0.527 pstd=0.463 capv=0.040 lr=1.0e-03 gen=0.1s conv=0.0s add=0.1s train=1.5s sps=0
[t=  35.9s] greedy ep 20 games=  96 dec= 17813 rows= 17128 horizon=0.28 nodecap=0 over=0 card=0 exact=0 drop=0 cfgs= 27.0 L=0.01616 P=nan old=0.01387 new=0.00788 tgt=-0.068/0.519 pstd=0.473 capv=0.040 lr=1.0e-03 gen=0.1s conv=0.0s add=0.1s train=1.5s sps=0
[t=  37.7s] greedy ep 21 games=  96 dec= 17800 rows= 17085 horizon=0.25 nodecap=0 over=0 card=0 exact=0 drop=0 cfgs= 28.0 L=0.01717 P=nan old=0.01447 new=0.00978 tgt=-0.054/0.513 pstd=0.461 capv=0.040 lr=1.0e-03 gen=0.1s conv=0.0s add=0.1s train=1.5s sps=0
[t=  39.5s] greedy ep 22 games=  96 dec= 18528 rows= 17771 horizon=0.31 nodecap=0 over=0 card=0 exact=0 drop=0 cfgs= 26.7 L=0.01536 P=nan old=0.01102 new=0.00854 tgt=-0.028/0.488 pstd=0.478 capv=0.040 lr=1.0e-03 gen=0.1s conv=0.0s add=0.1s train=1.6s sps=0
[t=  41.2s] greedy ep 23 games=  96 dec= 18486 rows= 17685 horizon=0.28 nodecap=0 over=0 card=0 exact=0 drop=0 cfgs= 25.6 L=0.01595 P=nan old=0.01366 new=0.01010 tgt=-0.008/0.478 pstd=0.473 capv=0.040 lr=1.0e-03 gen=0.1s conv=0.0s add=0.1s train=1.6s sps=0
[t=  43.1s] greedy ep 24 games=  96 dec= 19060 rows= 18394 horizon=0.35 nodecap=0 over=0 card=0 exact=0 drop=0 cfgs= 25.6 L=0.01687 P=nan old=0.01548 new=0.01054 tgt=-0.011/0.480 pstd=0.476 capv=0.040 lr=1.0e-03 gen=0.1s conv=0.0s add=0.1s train=1.6s sps=0
[t=  44.9s] greedy ep 25 games=  96 dec= 18086 rows= 17335 horizon=0.23 nodecap=0 over=0 card=0 exact=0 drop=0 cfgs= 27.3 L=0.01835 P=nan old=0.01314 new=0.00905 tgt=-0.026/0.520 pstd=0.476 capv=0.040 lr=1.0e-03 gen=0.1s conv=0.0s add=0.1s train=1.6s sps=0
[t=  46.8s] greedy ep 26 games=  96 dec= 19692 rows= 18851 horizon=0.33 nodecap=0 over=0 card=0 exact=0 drop=0 cfgs= 26.5 L=0.01560 P=nan old=0.01433 new=0.00950 tgt=-0.031/0.495 pstd=0.480 capv=0.040 lr=1.0e-03 gen=0.1s conv=0.0s add=0.1s train=1.7s sps=0
[t=  48.5s] greedy ep 27 games=  96 dec= 18267 rows= 17486 horizon=0.26 nodecap=0 over=0 card=0 exact=0 drop=0 cfgs= 28.3 L=0.01626 P=nan old=0.01531 new=0.00923 tgt=-0.023/0.486 pstd=0.466 capv=0.040 lr=1.0e-03 gen=0.1s conv=0.0s add=0.1s train=1.6s sps=0
[t=  50.4s] greedy ep 28 games=  96 dec= 19074 rows= 18289 horizon=0.30 nodecap=0 over=0 card=0 exact=0 drop=0 cfgs= 27.0 L=0.01725 P=nan old=0.01508 new=0.00975 tgt=-0.044/0.496 pstd=0.476 capv=0.040 lr=1.0e-03 gen=0.1s conv=0.0s add=0.1s train=1.6s sps=0
[t=  52.2s] greedy ep 29 games=  96 dec= 18686 rows= 17929 horizon=0.26 nodecap=0 over=0 card=0 exact=0 drop=0 cfgs= 28.4 L=0.01760 P=nan old=0.01591 new=0.01125 tgt=-0.052/0.512 pstd=0.476 capv=0.040 lr=1.0e-03 gen=0.1s conv=0.0s add=0.1s train=1.6s sps=0
[t=  54.0s] greedy ep 30 games=  96 dec= 19082 rows= 18260 horizon=0.30 nodecap=0 over=0 card=0 exact=0 drop=0 cfgs= 27.4 L=0.01796 P=nan old=0.01665 new=0.00948 tgt=-0.028/0.480 pstd=0.467 capv=0.040 lr=1.0e-03 gen=0.1s conv=0.0s add=0.1s train=1.6s sps=0
[t=  55.8s] greedy ep 31 games=  96 dec= 18482 rows= 17679 horizon=0.27 nodecap=0 over=0 card=0 exact=0 drop=0 cfgs= 28.1 L=0.01612 P=nan old=0.01331 new=0.00892 tgt=-0.042/0.504 pstd=0.473 capv=0.040 lr=1.0e-03 gen=0.1s conv=0.0s add=0.1s train=1.6s sps=0
[t=  57.7s] greedy ep 32 games=  96 dec= 18699 rows= 17926 horizon=0.32 nodecap=0 over=0 card=0 exact=0 drop=0 cfgs= 26.5 L=0.01655 P=nan old=0.01446 new=0.00926 tgt=-0.012/0.483 pstd=0.466 capv=0.040 lr=1.0e-03 gen=0.1s conv=0.0s add=0.1s train=1.6s sps=0
[t=  59.5s] greedy ep 33 games=  96 dec= 18814 rows= 17970 horizon=0.31 nodecap=0 over=0 card=0 exact=0 drop=0 cfgs= 27.4 L=0.01553 P=nan old=0.01328 new=0.00948 tgt=-0.000/0.514 pstd=0.450 capv=0.040 lr=1.0e-03 gen=0.1s conv=0.0s add=0.1s train=1.6s sps=0
[t=  61.3s] greedy ep 34 games=  96 dec= 18975 rows= 18126 horizon=0.32 nodecap=0 over=0 card=0 exact=0 drop=0 cfgs= 26.1 L=0.01636 P=nan old=0.01527 new=0.01047 tgt=+0.015/0.454 pstd=0.465 capv=0.040 lr=1.0e-03 gen=0.1s conv=0.0s add=0.1s train=1.6s sps=0
[t=  63.1s] greedy ep 35 games=  96 dec= 17981 rows= 17250 horizon=0.25 nodecap=0 over=0 card=0 exact=0 drop=0 cfgs= 27.3 L=0.01715 P=nan old=0.01532 new=0.00930 tgt=-0.035/0.521 pstd=0.462 capv=0.040 lr=1.0e-03 gen=0.1s conv=0.0s add=0.1s train=1.5s sps=0
[t=  64.9s] greedy ep 36 games=  96 dec= 19092 rows= 18239 horizon=0.28 nodecap=0 over=0 card=0 exact=0 drop=0 cfgs= 26.9 L=0.01684 P=nan old=0.01432 new=0.01058 tgt=-0.049/0.487 pstd=0.450 capv=0.040 lr=1.0e-03 gen=0.1s conv=0.0s add=0.1s train=1.6s sps=0
[t=  66.7s] greedy ep 37 games=  96 dec= 18212 rows= 17370 horizon=0.32 nodecap=0 over=0 card=0 exact=0 drop=0 cfgs= 27.9 L=0.01544 P=nan old=0.01379 new=0.01059 tgt=-0.034/0.532 pstd=0.468 capv=0.040 lr=1.0e-03 gen=0.1s conv=0.0s add=0.1s train=1.6s sps=0
[t=  68.6s] greedy ep 38 games=  96 dec= 19351 rows= 18505 horizon=0.33 nodecap=0 over=0 card=0 exact=0 drop=0 cfgs= 26.4 L=0.01630 P=nan old=0.01441 new=0.01008 tgt=-0.019/0.471 pstd=0.467 capv=0.040 lr=1.0e-03 gen=0.1s conv=0.0s add=0.1s train=1.7s sps=0
[t=  70.4s] greedy ep 39 games=  96 dec= 18608 rows= 17838 horizon=0.27 nodecap=0 over=0 card=0 exact=0 drop=0 cfgs= 27.1 L=0.01652 P=nan old=0.01525 new=0.01013 tgt=-0.038/0.510 pstd=0.462 capv=0.040 lr=1.0e-03 gen=0.1s conv=0.0s add=0.1s train=1.6s sps=0
[t=  72.2s] greedy ep 40 games=  96 dec= 18599 rows= 17855 horizon=0.32 nodecap=0 over=0 card=0 exact=0 drop=0 cfgs= 28.4 L=0.01687 P=nan old=0.01643 new=0.01062 tgt=+0.005/0.467 pstd=0.463 capv=0.040 lr=1.0e-03 gen=0.1s conv=0.0s add=0.1s train=1.6s sps=0
[t=  74.1s] greedy ep 41 games=  96 dec= 18879 rows= 18021 horizon=0.30 nodecap=0 over=0 card=0 exact=0 drop=0 cfgs= 28.3 L=0.01689 P=nan old=0.01646 new=0.01080 tgt=-0.041/0.500 pstd=0.463 capv=0.040 lr=1.0e-03 gen=0.1s conv=0.0s add=0.1s train=1.6s sps=0
[t=  75.9s] greedy ep 42 games=  96 dec= 18947 rows= 18147 horizon=0.34 nodecap=0 over=0 card=0 exact=0 drop=0 cfgs= 28.4 L=0.01679 P=nan old=0.01663 new=0.01004 tgt=-0.025/0.504 pstd=0.465 capv=0.040 lr=1.0e-03 gen=0.1s conv=0.0s add=0.1s train=1.7s sps=0
[t=  78.0s] greedy ep 43 games=  96 dec= 19299 rows= 18456 horizon=0.33 nodecap=0 over=0 card=0 exact=0 drop=0 cfgs= 26.1 L=0.01690 P=nan old=0.01486 new=0.01010 tgt=-0.062/0.468 pstd=0.452 capv=0.040 lr=1.0e-03 gen=0.1s conv=0.0s add=0.1s train=1.8s sps=0
[t=  80.1s] greedy ep 44 games=  96 dec= 18356 rows= 17540 horizon=0.27 nodecap=0 over=0 card=0 exact=0 drop=0 cfgs= 28.6 L=0.01663 P=nan old=0.01575 new=0.00999 tgt=-0.013/0.488 pstd=0.450 capv=0.040 lr=1.0e-03 gen=0.1s conv=0.0s add=0.1s train=1.9s sps=0
[t=  82.2s] greedy ep 45 games=  96 dec= 17718 rows= 17069 horizon=0.27 nodecap=0 over=0 card=0 exact=0 drop=0 cfgs= 28.9 L=0.01739 P=nan old=0.01852 new=0.01143 tgt=-0.085/0.518 pstd=0.458 capv=0.040 lr=1.0e-03 gen=0.1s conv=0.0s add=0.1s train=1.9s sps=0
[t=  84.3s] greedy ep 46 games=  96 dec= 18039 rows= 17287 horizon=0.28 nodecap=0 over=0 card=0 exact=0 drop=0 cfgs= 28.7 L=0.01827 P=nan old=0.01710 new=0.01060 tgt=-0.014/0.496 pstd=0.445 capv=0.040 lr=1.0e-03 gen=0.1s conv=0.0s add=0.1s train=1.9s sps=0
[t=  86.5s] greedy ep 47 games=  96 dec= 18992 rows= 18184 horizon=0.29 nodecap=0 over=0 card=0 exact=0 drop=0 cfgs= 27.2 L=0.01725 P=nan old=0.01440 new=0.01062 tgt=-0.022/0.475 pstd=0.446 capv=0.040 lr=1.0e-03 gen=0.1s conv=0.0s add=0.1s train=2.0s sps=0
[t=  88.6s] greedy ep 48 games=  96 dec= 18106 rows= 17409 horizon=0.29 nodecap=0 over=0 card=0 exact=0 drop=0 cfgs= 27.3 L=0.01623 P=nan old=0.01620 new=0.01086 tgt=-0.037/0.510 pstd=0.472 capv=0.040 lr=1.0e-03 gen=0.1s conv=0.0s add=0.1s train=1.8s sps=0
[t=  90.5s] greedy ep 49 games=  96 dec= 19697 rows= 18918 horizon=0.41 nodecap=0 over=0 card=0 exact=0 drop=0 cfgs= 25.9 L=0.01572 P=nan old=0.01526 new=0.00917 tgt=-0.000/0.452 pstd=0.466 capv=0.040 lr=1.0e-03 gen=0.1s conv=0.0s add=0.1s train=1.7s sps=0
[t=  92.2s] greedy ep 50 games=  96 dec= 17764 rows= 16989 horizon=0.24 nodecap=0 over=0 card=0 exact=0 drop=0 cfgs= 28.3 L=0.01631 P=nan old=0.01512 new=0.01076 tgt=-0.058/0.549 pstd=0.462 capv=0.040 lr=1.0e-03 gen=0.1s conv=0.0s add=0.1s train=1.5s sps=0
[t=  94.0s] greedy ep 51 games=  96 dec= 17871 rows= 17065 horizon=0.25 nodecap=0 over=0 card=0 exact=0 drop=0 cfgs= 28.4 L=0.01629 P=nan old=0.01506 new=0.01044 tgt=-0.026/0.525 pstd=0.462 capv=0.040 lr=1.0e-03 gen=0.1s conv=0.0s add=0.1s train=1.5s sps=0
[t=  95.9s] greedy ep 52 games=  96 dec= 18957 rows= 18241 horizon=0.34 nodecap=0 over=0 card=0 exact=0 drop=0 cfgs= 28.0 L=0.01637 P=nan old=0.01637 new=0.01047 tgt=-0.040/0.470 pstd=0.458 capv=0.040 lr=1.0e-03 gen=0.1s conv=0.0s add=0.1s train=1.6s sps=0
[t=  97.6s] greedy ep 53 games=  96 dec= 17594 rows= 16819 horizon=0.21 nodecap=0 over=0 card=0 exact=0 drop=0 cfgs= 28.1 L=0.01650 P=nan old=0.01610 new=0.01088 tgt=-0.032/0.511 pstd=0.449 capv=0.040 lr=1.0e-03 gen=0.1s conv=0.0s add=0.1s train=1.5s sps=0
[t=  99.4s] greedy ep 54 games=  96 dec= 17878 rows= 17181 horizon=0.24 nodecap=0 over=0 card=0 exact=0 drop=0 cfgs= 30.5 L=0.01764 P=nan old=0.01778 new=0.01070 tgt=-0.006/0.496 pstd=0.452 capv=0.040 lr=1.0e-03 gen=0.1s conv=0.0s add=0.1s train=1.5s sps=0
[t= 101.1s] greedy ep 55 games=  96 dec= 17837 rows= 16988 horizon=0.25 nodecap=0 over=0 card=0 exact=0 drop=0 cfgs= 27.0 L=0.01730 P=nan old=0.01815 new=0.01131 tgt=-0.005/0.470 pstd=0.458 capv=0.040 lr=1.0e-03 gen=0.1s conv=0.0s add=0.1s train=1.5s sps=0
[t= 102.9s] greedy ep 56 games=  96 dec= 18409 rows= 17611 horizon=0.27 nodecap=0 over=0 card=0 exact=0 drop=0 cfgs= 28.1 L=0.01694 P=nan old=0.01693 new=0.01155 tgt=-0.028/0.483 pstd=0.458 capv=0.040 lr=1.0e-03 gen=0.1s conv=0.0s add=0.1s train=1.6s sps=0
[t= 104.7s] greedy ep 57 games=  96 dec= 18651 rows= 17847 horizon=0.27 nodecap=0 over=0 card=0 exact=0 drop=0 cfgs= 26.4 L=0.01653 P=nan old=0.01685 new=0.01011 tgt=-0.015/0.515 pstd=0.455 capv=0.040 lr=1.0e-03 gen=0.1s conv=0.0s add=0.1s train=1.6s sps=0
[t= 106.6s] greedy ep 58 games=  96 dec= 19562 rows= 18696 horizon=0.35 nodecap=0 over=0 card=0 exact=0 drop=0 cfgs= 25.2 L=0.01672 P=nan old=0.01683 new=0.01270 tgt=-0.048/0.493 pstd=0.449 capv=0.040 lr=1.0e-03 gen=0.1s conv=0.0s add=0.1s train=1.7s sps=0
[t= 108.5s] greedy ep 59 games=  96 dec= 19397 rows= 18534 horizon=0.34 nodecap=0 over=0 card=0 exact=0 drop=0 cfgs= 25.2 L=0.01625 P=nan old=0.01599 new=0.01049 tgt=-0.046/0.466 pstd=0.452 capv=0.040 lr=1.0e-03 gen=0.1s conv=0.0s add=0.1s train=1.7s sps=0
[t= 110.3s] greedy ep 60 games=  96 dec= 18865 rows= 17960 horizon=0.31 nodecap=0 over=0 card=0 exact=0 drop=0 cfgs= 26.1 L=0.01664 P=nan old=0.01716 new=0.01075 tgt=-0.032/0.477 pstd=0.451 capv=0.040 lr=1.0e-03 gen=0.1s conv=0.0s add=0.1s train=1.6s sps=0
[t= 112.1s] greedy ep 61 games=  96 dec= 18309 rows= 17564 horizon=0.24 nodecap=0 over=0 card=0 exact=0 drop=0 cfgs= 29.6 L=0.01652 P=nan old=0.01769 new=0.01044 tgt=-0.007/0.527 pstd=0.456 capv=0.040 lr=1.0e-03 gen=0.1s conv=0.0s add=0.1s train=1.6s sps=0
[t= 113.9s] greedy ep 62 games=  96 dec= 18751 rows= 17895 horizon=0.29 nodecap=0 over=0 card=0 exact=0 drop=0 cfgs= 26.6 L=0.01644 P=nan old=0.01719 new=0.01053 tgt=-0.034/0.506 pstd=0.460 capv=0.040 lr=1.0e-03 gen=0.1s conv=0.0s add=0.1s train=1.6s sps=0
[t= 115.8s] greedy ep 63 games=  96 dec= 19579 rows= 18798 horizon=0.32 nodecap=0 over=0 card=0 exact=0 drop=0 cfgs= 26.5 L=0.01634 P=nan old=0.01637 new=0.01132 tgt=-0.007/0.477 pstd=0.441 capv=0.040 lr=1.0e-03 gen=0.1s conv=0.0s add=0.1s train=1.7s sps=0
[t= 117.8s] greedy ep 64 games=  96 dec= 18159 rows= 17393 horizon=0.27 nodecap=0 over=0 card=0 exact=0 drop=0 cfgs= 27.6 L=0.01615 P=nan old=0.01704 new=0.01040 tgt=-0.058/0.514 pstd=0.447 capv=0.040 lr=1.0e-03 gen=0.1s conv=0.0s add=0.1s train=1.8s sps=0
[t= 120.0s] greedy ep 65 games=  96 dec= 18155 rows= 17405 horizon=0.28 nodecap=0 over=0 card=0 exact=0 drop=0 cfgs= 30.4 L=0.01551 P=nan old=0.01582 new=0.01083 tgt=-0.026/0.503 pstd=0.443 capv=0.040 lr=1.0e-03 gen=0.1s conv=0.0s add=0.1s train=1.9s sps=0
[t= 122.1s] greedy ep 66 games=  96 dec= 18370 rows= 17668 horizon=0.30 nodecap=0 over=0 card=0 exact=0 drop=0 cfgs= 27.4 L=0.01602 P=nan old=0.01731 new=0.01246 tgt=-0.038/0.493 pstd=0.466 capv=0.040 lr=1.0e-03 gen=0.1s conv=0.0s add=0.1s train=1.9s sps=0
[t= 122.1s] --- snapshot snap_00.pt (init) ---
[t= 122.1s] --- switching to ReBeL ---
v5 GEMM compute=fast-f16
[t= 132.4s] rebel stream solves=16384 raw=1591/s balanced=1591/s debt=0 rows steps=64 over=0 card=0 drop=0 L=0.01861 tgt=+0.014/0.210 cfg/b=45392 prep=0.31s gpu=0.00s conv=0.02s add=0.69s train=1.87s
[t= 142.4s] rebel stream solves=43008 raw=2117/s balanced=2117/s debt=0 rows steps=168 over=0 card=0 drop=0 L=0.00464 tgt=+0.025/0.178 cfg/b=56213 prep=0.55s gpu=0.00s conv=0.05s add=1.29s train=3.07s
[t= 152.4s] rebel stream solves=56320 raw=1855/s balanced=1855/s debt=0 rows steps=220 over=0 card=0 drop=0 L=0.00315 tgt=+0.042/0.174 cfg/b=34533 prep=0.27s gpu=0.00s conv=0.01s add=0.50s train=1.57s
[t= 162.5s] rebel stream solves=71680 raw=1776/s balanced=1776/s debt=0 rows steps=280 over=0 card=0 drop=0 L=0.00280 tgt=+0.041/0.181 cfg/b=39707 prep=0.35s gpu=0.00s conv=0.02s add=0.69s train=1.84s
[t= 172.5s] rebel stream solves=87040 raw=1728/s balanced=1728/s debt=0 rows steps=340 over=0 card=0 drop=0 L=0.00262 tgt=+0.053/0.184 cfg/b=30384 prep=0.36s gpu=0.00s conv=0.01s add=0.38s train=1.80s
[t= 182.5s] rebel stream solves=99328 raw=1643/s balanced=1643/s debt=0 rows steps=388 over=0 card=0 drop=0 L=0.00243 tgt=+0.061/0.191 cfg/b=26633 prep=0.29s gpu=0.00s conv=0.01s add=0.34s train=1.43s
[t= 192.6s] rebel stream solves=110592 raw=1569/s balanced=1569/s debt=0 rows steps=432 over=0 card=0 drop=0 L=0.00237 tgt=+0.061/0.205 cfg/b=25962 prep=0.29s gpu=0.00s conv=0.01s add=0.28s train=1.37s
[t= 202.6s] rebel stream solves=122880 raw=1526/s balanced=1526/s debt=0 rows steps=480 over=0 card=0 drop=0 L=0.00241 tgt=+0.066/0.224 cfg/b=23654 prep=0.27s gpu=0.00s conv=0.01s add=0.21s train=1.40s
[t= 212.7s] rebel stream solves=133120 raw=1470/s balanced=1470/s debt=0 rows steps=520 over=0 card=0 drop=0 L=0.00252 tgt=+0.060/0.242 cfg/b=21963 prep=0.26s gpu=0.00s conv=0.01s add=0.20s train=1.30s
[t= 222.7s] rebel stream solves=144384 raw=1435/s balanced=1435/s debt=0 rows steps=564 over=0 card=0 drop=0 L=0.00264 tgt=+0.069/0.245 cfg/b=20529 prep=0.28s gpu=0.00s conv=0.01s add=0.18s train=1.34s
[t= 232.7s] rebel stream solves=154624 raw=1398/s balanced=1398/s debt=0 rows steps=604 over=0 card=0 drop=0 L=0.00316 tgt=+0.084/0.243 cfg/b=19517 prep=0.24s gpu=0.00s conv=0.00s add=0.17s train=1.23s
[t= 242.7s] rebel stream solves=164864 raw=1367/s balanced=1367/s debt=0 rows steps=644 over=0 card=0 drop=0 L=0.00376 tgt=+0.084/0.254 cfg/b=18902 prep=0.26s gpu=0.00s conv=0.00s add=0.17s train=1.31s
[t= 252.7s] rebel stream solves=178176 raw=1364/s balanced=1364/s debt=0 rows steps=696 over=0 card=0 drop=0 L=0.00448 tgt=+0.089/0.245 cfg/b=18178 prep=0.34s gpu=0.00s conv=0.01s add=0.23s train=1.68s
[t= 262.8s] rebel stream solves=191488 raw=1361/s balanced=1361/s debt=0 rows steps=748 over=0 card=0 drop=0 L=0.00533 tgt=+0.084/0.244 cfg/b=17925 prep=0.34s gpu=0.00s conv=0.01s add=0.24s train=1.57s
[t= 272.8s] rebel stream solves=204800 raw=1359/s balanced=1359/s debt=0 rows steps=800 over=0 card=0 drop=0 L=0.00609 tgt=+0.078/0.246 cfg/b=17846 prep=0.29s gpu=0.00s conv=0.01s add=0.25s train=1.63s
[t= 282.8s] rebel stream solves=218112 raw=1357/s balanced=1357/s debt=0 rows steps=852 over=0 card=0 drop=0 L=0.00645 tgt=+0.075/0.242 cfg/b=17761 prep=0.29s gpu=0.00s conv=0.01s add=0.26s train=1.58s
[t= 292.9s] rebel stream solves=230400 raw=1349/s balanced=1349/s debt=0 rows steps=900 over=0 card=0 drop=0 L=0.00717 tgt=+0.074/0.248 cfg/b=17673 prep=0.28s gpu=0.00s conv=0.01s add=0.27s train=1.48s
[t= 302.9s] rebel stream solves=244736 raw=1354/s balanced=1354/s debt=0 rows steps=956 over=0 card=0 drop=0 L=0.00790 tgt=+0.072/0.232 cfg/b=18010 prep=0.33s gpu=0.00s conv=0.01s add=0.34s train=1.77s
[t= 312.9s] rebel stream solves=258048 raw=1352/s balanced=1352/s debt=0 rows steps=1008 over=0 card=0 drop=0 L=0.00856 tgt=+0.073/0.231 cfg/b=18436 prep=0.27s gpu=0.00s conv=0.01s add=0.29s train=1.52s
[t= 322.9s] rebel stream solves=272384 raw=1356/s balanced=1356/s debt=0 rows steps=1064 over=0 card=0 drop=0 L=0.00823 tgt=+0.063/0.231 cfg/b=18546 prep=0.32s gpu=0.00s conv=0.01s add=0.39s train=1.69s
[t= 332.9s] rebel stream solves=285696 raw=1355/s balanced=1355/s debt=0 rows steps=1116 over=0 card=0 drop=0 L=0.00865 tgt=+0.067/0.238 cfg/b=17524 prep=0.29s gpu=0.00s conv=0.01s add=0.34s train=1.54s
[t= 342.9s] rebel stream solves=299008 raw=1354/s balanced=1354/s debt=0 rows steps=1168 over=0 card=0 drop=0 L=0.00871 tgt=+0.063/0.221 cfg/b=18003 prep=0.29s gpu=0.00s conv=0.01s add=0.32s train=1.53s
[t= 353.0s] rebel stream solves=312320 raw=1353/s balanced=1353/s debt=0 rows steps=1220 over=0 card=0 drop=0 L=0.00882 tgt=+0.062/0.221 cfg/b=18228 prep=0.27s gpu=0.00s conv=0.01s add=0.34s train=1.48s
[t= 363.5s] rebel stream solves=323584 raw=1340/s balanced=1340/s debt=0 rows steps=1264 over=0 card=0 drop=0 L=0.00836 tgt=+0.059/0.222 cfg/b=18041 prep=0.30s gpu=0.00s conv=0.01s add=0.32s train=1.29s
[t= 373.5s] rebel stream solves=334848 raw=1332/s balanced=1332/s debt=0 rows steps=1308 over=0 card=0 drop=0 L=0.00878 tgt=+0.067/0.223 cfg/b=18419 prep=0.24s gpu=0.00s conv=0.01s add=0.29s train=1.27s
[t= 383.5s] rebel stream solves=345088 raw=1320/s balanced=1320/s debt=0 rows steps=1348 over=0 card=0 drop=0 L=0.00928 tgt=+0.069/0.225 cfg/b=18487 prep=0.29s gpu=0.00s conv=0.01s add=0.25s train=1.20s
[t= 393.6s] rebel stream solves=355328 raw=1309/s balanced=1309/s debt=0 rows steps=1388 over=0 card=0 drop=0 L=0.00887 tgt=+0.070/0.211 cfg/b=18461 prep=0.23s gpu=0.00s conv=0.01s add=0.34s train=1.21s
[t= 403.6s] rebel stream solves=366592 raw=1302/s balanced=1302/s debt=0 rows steps=1432 over=0 card=0 drop=0 L=0.00879 tgt=+0.068/0.214 cfg/b=19041 prep=0.31s gpu=0.00s conv=0.01s add=0.33s train=1.39s
[t= 413.6s] rebel stream solves=378880 raw=1300/s balanced=1300/s debt=0 rows steps=1480 over=0 card=0 drop=0 L=0.00883 tgt=+0.062/0.226 cfg/b=19238 prep=0.27s gpu=0.00s conv=0.01s add=0.31s train=1.41s
[t= 419.1s] --- lr -> 5.00e-04 ---
[t= 422.1s] --- snapshot snap_01.pt (s1) ---
[t= 423.6s] rebel stream solves=391168 raw=1297/s balanced=1297/s debt=0 rows steps=1528 over=0 card=0 drop=0 L=0.00910 tgt=+0.066/0.230 cfg/b=19955 prep=0.25s gpu=0.00s conv=0.01s add=0.36s train=1.35s
[t= 433.6s] rebel stream solves=402432 raw=1292/s balanced=1292/s debt=0 rows steps=1572 over=0 card=0 drop=0 L=0.00893 tgt=+0.065/0.227 cfg/b=20480 prep=0.24s gpu=0.00s conv=0.01s add=0.36s train=1.20s
[t= 443.6s] rebel stream solves=413696 raw=1287/s balanced=1287/s debt=0 rows steps=1616 over=0 card=0 drop=0 L=0.00890 tgt=+0.068/0.223 cfg/b=20947 prep=0.24s gpu=0.00s conv=0.01s add=0.36s train=1.26s
[t= 453.8s] rebel stream solves=425984 raw=1284/s balanced=1284/s debt=0 rows steps=1664 over=0 card=0 drop=0 L=0.00898 tgt=+0.063/0.231 cfg/b=21113 prep=0.24s gpu=0.00s conv=0.01s add=0.35s train=1.34s
[t= 463.9s] rebel stream solves=438272 raw=1282/s balanced=1282/s debt=0 rows steps=1712 over=0 card=0 drop=0 L=0.00953 tgt=+0.063/0.237 cfg/b=21350 prep=0.26s gpu=0.00s conv=0.01s add=0.41s train=1.42s
[t= 473.9s] rebel stream solves=449536 raw=1278/s balanced=1278/s debt=0 rows steps=1756 over=0 card=0 drop=0 L=0.00906 tgt=+0.060/0.244 cfg/b=21542 prep=0.27s gpu=0.00s conv=0.01s add=0.42s train=1.34s
[t= 483.9s] rebel stream solves=461824 raw=1276/s balanced=1276/s debt=0 rows steps=1804 over=0 card=0 drop=0 L=0.00869 tgt=+0.061/0.239 cfg/b=22183 prep=0.28s gpu=0.00s conv=0.01s add=0.37s train=1.43s
[t= 494.0s] rebel stream solves=473088 raw=1272/s balanced=1272/s debt=0 rows steps=1848 over=0 card=0 drop=0 L=0.00924 tgt=+0.059/0.259 cfg/b=22948 prep=0.22s gpu=0.00s conv=0.01s add=0.37s train=1.26s
[t= 504.0s] rebel stream solves=484352 raw=1268/s balanced=1268/s debt=0 rows steps=1892 over=0 card=0 drop=0 L=0.00997 tgt=+0.056/0.250 cfg/b=22922 prep=0.22s gpu=0.00s conv=0.01s add=0.41s train=1.27s
[t= 514.1s] rebel stream solves=495616 raw=1264/s balanced=1264/s debt=0 rows steps=1936 over=0 card=0 drop=0 L=0.00955 tgt=+0.060/0.244 cfg/b=23500 prep=0.21s gpu=0.00s conv=0.01s add=0.39s train=1.21s
[t= 524.1s] rebel stream solves=505856 raw=1258/s balanced=1258/s debt=0 rows steps=1976 over=0 card=0 drop=0 L=0.00931 tgt=+0.058/0.252 cfg/b=24232 prep=0.25s gpu=0.00s conv=0.01s add=0.37s train=1.13s
[t= 534.3s] rebel stream solves=518144 raw=1257/s balanced=1257/s debt=0 rows steps=2024 over=0 card=0 drop=0 L=0.00929 tgt=+0.060/0.247 cfg/b=24207 prep=0.29s gpu=0.00s conv=0.01s add=0.44s train=1.44s
[t= 544.3s] rebel stream solves=529408 raw=1254/s balanced=1254/s debt=0 rows steps=2068 over=0 card=0 drop=0 L=0.00971 tgt=+0.066/0.243 cfg/b=24651 prep=0.25s gpu=0.00s conv=0.02s add=0.41s train=1.28s
[t= 554.3s] rebel stream solves=541696 raw=1253/s balanced=1253/s debt=0 rows steps=2116 over=0 card=0 drop=0 L=0.00890 tgt=+0.066/0.243 cfg/b=25441 prep=0.29s gpu=0.00s conv=0.01s add=0.38s train=1.39s
[t= 564.5s] rebel stream solves=555008 raw=1255/s balanced=1255/s debt=0 rows steps=2168 over=0 card=0 drop=0 L=0.00922 tgt=+0.067/0.245 cfg/b=25716 prep=0.28s gpu=0.00s conv=0.02s add=0.49s train=1.45s
[t= 574.5s] rebel stream solves=567296 raw=1254/s balanced=1254/s debt=0 rows steps=2216 over=0 card=0 drop=0 L=0.00908 tgt=+0.068/0.252 cfg/b=26020 prep=0.26s gpu=0.00s conv=0.01s add=0.39s train=1.38s
[t= 584.6s] rebel stream solves=578560 raw=1251/s balanced=1251/s debt=0 rows steps=2260 over=0 card=0 drop=0 L=0.00963 tgt=+0.058/0.258 cfg/b=26312 prep=0.24s gpu=0.00s conv=0.01s add=0.40s train=1.29s
[t= 594.6s] rebel stream solves=589824 raw=1248/s balanced=1248/s debt=0 rows steps=2304 over=0 card=0 drop=0 L=0.00954 tgt=+0.055/0.259 cfg/b=26370 prep=0.25s gpu=0.00s conv=0.01s add=0.41s train=1.31s
[t= 604.6s] rebel stream solves=601088 raw=1246/s balanced=1246/s debt=0 rows steps=2348 over=0 card=0 drop=0 L=0.00942 tgt=+0.061/0.249 cfg/b=26945 prep=0.26s gpu=0.00s conv=0.01s add=0.46s train=1.32s
[t= 614.6s] rebel stream solves=613376 raw=1245/s balanced=1245/s debt=0 rows steps=2396 over=0 card=0 drop=0 L=0.00939 tgt=+0.064/0.257 cfg/b=27495 prep=0.24s gpu=0.00s conv=0.01s add=0.43s train=1.39s
[t= 624.7s] rebel stream solves=624640 raw=1243/s balanced=1243/s debt=0 rows steps=2440 over=0 card=0 drop=0 L=0.00946 tgt=+0.057/0.262 cfg/b=27881 prep=0.29s gpu=0.00s conv=0.01s add=0.41s train=1.29s
[t= 634.7s] rebel stream solves=635904 raw=1241/s balanced=1241/s debt=0 rows steps=2484 over=0 card=0 drop=0 L=0.00935 tgt=+0.064/0.260 cfg/b=28260 prep=0.26s gpu=0.00s conv=0.01s add=0.40s train=1.29s
[t= 644.7s] rebel stream solves=647168 raw=1238/s balanced=1238/s debt=0 rows steps=2528 over=0 card=0 drop=0 L=0.00976 tgt=+0.063/0.268 cfg/b=28063 prep=0.22s gpu=0.00s conv=0.01s add=0.40s train=1.29s
[t= 654.8s] rebel stream solves=659456 raw=1238/s balanced=1238/s debt=0 rows steps=2576 over=0 card=0 drop=0 L=0.00992 tgt=+0.063/0.262 cfg/b=28274 prep=0.21s gpu=0.00s conv=0.01s add=0.54s train=1.29s
[t= 664.8s] rebel stream solves=670720 raw=1236/s balanced=1236/s debt=0 rows steps=2620 over=0 card=0 drop=0 L=0.00971 tgt=+0.061/0.264 cfg/b=28717 prep=0.24s gpu=0.00s conv=0.01s add=0.47s train=1.25s
[t= 674.8s] rebel stream solves=681984 raw=1234/s balanced=1234/s debt=0 rows steps=2664 over=0 card=0 drop=0 L=0.01024 tgt=+0.069/0.270 cfg/b=28906 prep=0.25s gpu=0.00s conv=0.01s add=0.52s train=1.20s
[t= 684.9s] rebel stream solves=693248 raw=1232/s balanced=1232/s debt=0 rows steps=2708 over=0 card=0 drop=0 L=0.00955 tgt=+0.066/0.265 cfg/b=29350 prep=0.21s gpu=0.00s conv=0.01s add=0.48s train=1.23s
[t= 694.9s] rebel stream solves=704512 raw=1230/s balanced=1230/s debt=0 rows steps=2752 over=0 card=0 drop=0 L=0.00985 tgt=+0.069/0.264 cfg/b=29580 prep=0.23s gpu=0.00s conv=0.01s add=0.47s train=1.19s
[t= 704.9s] rebel stream solves=715776 raw=1228/s balanced=1228/s debt=0 rows steps=2796 over=0 card=0 drop=0 L=0.00988 tgt=+0.066/0.268 cfg/b=29468 prep=0.28s gpu=0.00s conv=0.01s add=0.49s train=1.29s
[t= 715.0s] rebel stream solves=727040 raw=1226/s balanced=1226/s debt=0 rows steps=2840 over=0 card=0 drop=0 L=0.00954 tgt=+0.064/0.276 cfg/b=29691 prep=0.22s gpu=0.00s conv=0.01s add=0.46s train=1.28s
[t= 722.1s] --- snapshot snap_02.pt (s2) ---
[t= 725.0s] rebel stream solves=738304 raw=1225/s balanced=1225/s debt=0 rows steps=2884 over=0 card=0 drop=0 L=0.00965 tgt=+0.058/0.284 cfg/b=30086 prep=0.21s gpu=0.00s conv=0.01s add=0.49s train=1.24s
[t= 725.1s] --- lr -> 2.50e-04 ---
[t= 735.0s] rebel stream solves=749568 raw=1223/s balanced=1223/s debt=0 rows steps=2928 over=0 card=0 drop=0 L=0.00962 tgt=+0.064/0.282 cfg/b=30474 prep=0.24s gpu=0.00s conv=0.01s add=0.55s train=1.29s
[t= 745.1s] rebel stream solves=761856 raw=1223/s balanced=1223/s debt=0 rows steps=2976 over=0 card=0 drop=0 L=0.00996 tgt=+0.059/0.287 cfg/b=30745 prep=0.24s gpu=0.00s conv=0.01s add=0.51s train=1.36s
[t= 755.1s] rebel stream solves=772096 raw=1220/s balanced=1220/s debt=0 rows steps=3016 over=0 card=0 drop=0 L=0.00995 tgt=+0.067/0.296 cfg/b=30333 prep=0.19s gpu=0.00s conv=0.01s add=0.42s train=1.08s
[t= 765.1s] rebel stream solves=783360 raw=1218/s balanced=1218/s debt=0 rows steps=3060 over=0 card=0 drop=0 L=0.01033 tgt=+0.068/0.286 cfg/b=30831 prep=0.26s gpu=0.00s conv=0.01s add=0.44s train=1.24s
[t= 775.2s] rebel stream solves=794624 raw=1217/s balanced=1217/s debt=0 rows steps=3104 over=0 card=0 drop=0 L=0.00979 tgt=+0.068/0.294 cfg/b=30959 prep=0.26s gpu=0.00s conv=0.01s add=0.42s train=1.29s
[t= 785.2s] rebel stream solves=804864 raw=1214/s balanced=1214/s debt=0 rows steps=3144 over=0 card=0 drop=0 L=0.01001 tgt=+0.065/0.297 cfg/b=31151 prep=0.22s gpu=0.00s conv=0.01s add=0.40s train=1.17s
[t= 795.2s] rebel stream solves=816128 raw=1212/s balanced=1212/s debt=0 rows steps=3188 over=0 card=0 drop=0 L=0.01004 tgt=+0.062/0.287 cfg/b=31210 prep=0.20s gpu=0.00s conv=0.01s add=0.46s train=1.19s
[t= 805.3s] rebel stream solves=826368 raw=1210/s balanced=1210/s debt=0 rows steps=3228 over=0 card=0 drop=0 L=0.00991 tgt=+0.067/0.285 cfg/b=31549 prep=0.21s gpu=0.00s conv=0.01s add=0.39s train=1.11s
[t= 815.3s] rebel stream solves=836608 raw=1207/s balanced=1207/s debt=0 rows steps=3268 over=0 card=0 drop=0 L=0.00991 tgt=+0.070/0.290 cfg/b=31577 prep=0.21s gpu=0.00s conv=0.01s add=0.40s train=1.14s
[t= 825.4s] rebel stream solves=846848 raw=1204/s balanced=1204/s debt=0 rows steps=3308 over=0 card=0 drop=0 L=0.01022 tgt=+0.076/0.296 cfg/b=31638 prep=0.25s gpu=0.00s conv=0.01s add=0.39s train=1.12s
[t= 835.4s] rebel stream solves=858112 raw=1203/s balanced=1203/s debt=0 rows steps=3352 over=0 card=0 drop=0 L=0.01012 tgt=+0.065/0.297 cfg/b=31619 prep=0.24s gpu=0.00s conv=0.01s add=0.46s train=1.24s
[t= 845.4s] rebel stream solves=869376 raw=1202/s balanced=1202/s debt=0 rows steps=3396 over=0 card=0 drop=0 L=0.00986 tgt=+0.060/0.296 cfg/b=31569 prep=0.24s gpu=0.00s conv=0.01s add=0.49s train=1.21s
[t= 855.4s] rebel stream solves=880640 raw=1201/s balanced=1201/s debt=0 rows steps=3440 over=0 card=0 drop=0 L=0.01013 tgt=+0.066/0.306 cfg/b=32250 prep=0.23s gpu=0.00s conv=0.01s add=0.44s train=1.25s
[t= 865.5s] rebel stream solves=890880 raw=1198/s balanced=1198/s debt=0 rows steps=3480 over=0 card=0 drop=0 L=0.00991 tgt=+0.068/0.298 cfg/b=31573 prep=0.20s gpu=0.00s conv=0.01s add=0.44s train=1.09s
[t= 875.5s] rebel stream solves=901120 raw=1196/s balanced=1196/s debt=0 rows steps=3520 over=0 card=0 drop=0 L=0.01006 tgt=+0.066/0.304 cfg/b=32160 prep=0.18s gpu=0.00s conv=0.01s add=0.41s train=1.01s
[t= 885.7s] rebel stream solves=912384 raw=1195/s balanced=1195/s debt=0 rows steps=3564 over=0 card=0 drop=0 L=0.01014 tgt=+0.067/0.310 cfg/b=32225 prep=0.21s gpu=0.00s conv=0.01s add=0.48s train=1.24s
[t= 895.7s] rebel stream solves=922624 raw=1193/s balanced=1193/s debt=0 rows steps=3604 over=0 card=0 drop=0 L=0.01012 tgt=+0.066/0.307 cfg/b=31656 prep=0.21s gpu=0.00s conv=0.01s add=0.42s train=1.17s
[t= 905.7s] rebel stream solves=932864 raw=1190/s balanced=1190/s debt=0 rows steps=3644 over=0 card=0 drop=0 L=0.01059 tgt=+0.071/0.304 cfg/b=31498 prep=0.21s gpu=0.00s conv=0.01s add=0.42s train=1.14s
[t= 915.7s] rebel stream solves=943104 raw=1188/s balanced=1188/s debt=0 rows steps=3684 over=0 card=0 drop=0 L=0.01010 tgt=+0.078/0.310 cfg/b=31285 prep=0.26s gpu=0.00s conv=0.01s add=0.44s train=1.17s
[t= 925.8s] rebel stream solves=953344 raw=1186/s balanced=1186/s debt=0 rows steps=3724 over=0 card=0 drop=0 L=0.00993 tgt=+0.075/0.309 cfg/b=31518 prep=0.23s gpu=0.00s conv=0.01s add=0.39s train=1.12s
[t= 935.8s] rebel stream solves=963584 raw=1184/s balanced=1184/s debt=0 rows steps=3764 over=0 card=0 drop=0 L=0.00996 tgt=+0.065/0.317 cfg/b=31675 prep=0.25s gpu=0.00s conv=0.01s add=0.40s train=1.14s
[t= 945.9s] rebel stream solves=973824 raw=1182/s balanced=1182/s debt=0 rows steps=3804 over=0 card=0 drop=0 L=0.00993 tgt=+0.069/0.315 cfg/b=31797 prep=0.21s gpu=0.00s conv=0.01s add=0.42s train=1.13s
[t= 956.0s] rebel stream solves=983040 raw=1179/s balanced=1179/s debt=0 rows steps=3840 over=0 card=0 drop=0 L=0.01077 tgt=+0.073/0.315 cfg/b=31609 prep=0.18s gpu=0.00s conv=0.01s add=0.38s train=1.04s
[t= 966.0s] rebel stream solves=994304 raw=1178/s balanced=1178/s debt=0 rows steps=3884 over=0 card=0 drop=0 L=0.01034 tgt=+0.071/0.313 cfg/b=31867 prep=0.20s gpu=0.00s conv=0.01s add=0.44s train=1.18s
[t= 976.1s] rebel stream solves=1004544 raw=1176/s balanced=1176/s debt=0 rows steps=3924 over=0 card=0 drop=0 L=0.00982 tgt=+0.070/0.318 cfg/b=31826 prep=0.18s gpu=0.00s conv=0.01s add=0.44s train=1.08s
[t= 986.1s] rebel stream solves=1014784 raw=1175/s balanced=1175/s debt=0 rows steps=3964 over=0 card=0 drop=0 L=0.01014 tgt=+0.069/0.314 cfg/b=31713 prep=0.21s gpu=0.00s conv=0.01s add=0.41s train=1.13s
[t= 996.1s] rebel stream solves=1025024 raw=1173/s balanced=1173/s debt=0 rows steps=4004 over=0 card=0 drop=0 L=0.01006 tgt=+0.070/0.322 cfg/b=31661 prep=0.20s gpu=0.00s conv=0.01s add=0.40s train=1.05s
[t=1000.1s] --- stopping GPU admission; draining ---
[t=1006.1s] rebel stream solves=1031168 raw=1166/s balanced=1166/s debt=0 rows steps=4028 over=0 card=0 drop=0 L=0.01046 tgt=+0.063/0.317 cfg/b=31862 prep=0.12s gpu=0.00s conv=0.01s add=0.27s train=0.71s
[t=1012.7s] rebel stream solves=1031579 raw=1158/s balanced=1158/s debt=620 rows steps=4029 over=0 card=0 drop=0 L=0.01117 tgt=+0.094/0.355 cfg/b=32334 prep=0.01s gpu=0.00s conv=0.00s add=0.02s train=0.03s
[gpu-summary] solves=1031579 optimizer_rows=4125696 debt=620 raw=1148.9/s balanced=1148.7/s over=0 card=0 exact=0 censored=4608 dropped=0 overrun=0.00s
[t=1020.0s] --- snapshot snap_03.pt (final) ---
[report] runs/warm-minutes17-warm_minutes2-s1/report.html
