[train] runs/prof_fused at bd3e685+dirty seed=101 {'minutes': 2.5, 'init_weights': 'runs/v5_d2_base30/snap_02.pt', 'cap_value': 0.0, 'ladder_games': 0, 'seed': 101, 'note': 'profile-fused'}
[train] profile-fused
[cpu] pinned to 36 physical cores
[train] CUDA stream priority -1
[gpu] solve services up on [0, 1]
[cfg] PUBFEAT=897 CFEAT=15 architecture=v5 depth=2 iters=64 budget=150s warm=0s snapshot_every=15min device=cuda:1 draft=random train_gen_ratio=4.0 recent_mix=0.5/0.2 canonical_views=2 cap=2000000 aux_weight=0.15 matmul=high
[t=   0.0s] --- snapshot snap_00.pt (init) ---
[t=   0.0s] --- switching to ReBeL ---
[t=  10.1s] rebel stream solves=10240 raw=1020/s balanced=1020/s debt=0 rows steps=40 horizon=0.00 games=0 over=0 card=0 drop=0 L=0.00836 L/var=1.02 tgt=+0.180/0.090 aux=0.0000/1.000 cfg/b=50411 prep=0.26s gpu=0.00s conv=0.02s add=0.47s train=5.61s
[t=  20.1s] rebel stream solves=15360 raw=766/s balanced=766/s debt=0 rows steps=60 horizon=0.00 games=0 over=0 card=0 drop=0 L=0.00077 L/var=0.19 tgt=+0.189/0.064 aux=0.0001/1.000 cfg/b=40777 prep=0.20s gpu=0.00s conv=0.00s add=0.27s train=1.65s
[t=  30.1s] rebel stream solves=20480 raw=681/s balanced=681/s debt=0 rows steps=80 horizon=0.00 games=1 over=0 card=0 drop=0 L=0.00052 L/var=0.09 tgt=+0.203/0.075 aux=0.0000/1.000 cfg/b=37524 prep=0.25s gpu=0.00s conv=0.00s add=0.19s train=1.73s
[t=  40.2s] rebel stream solves=23552 raw=587/s balanced=587/s debt=0 rows steps=92 horizon=0.00 games=5 over=0 card=0 drop=0 L=0.00065 L/var=0.07 tgt=+0.214/0.094 aux=0.0000/1.000 cfg/b=28597 prep=0.28s gpu=0.00s conv=0.00s add=0.08s train=1.23s
[t=  49.6s] --- lr -> 5.00e-04 ---
[t=  50.2s] rebel stream solves=26624 raw=531/s balanced=531/s debt=0 rows steps=104 horizon=0.00 games=17 over=0 card=0 drop=0 L=0.00123 L/var=0.07 tgt=+0.214/0.132 aux=0.0000/1.000 cfg/b=25863 prep=0.46s gpu=0.00s conv=0.00s add=0.08s train=1.37s
[t=  60.2s] rebel stream solves=29696 raw=494/s balanced=494/s debt=0 rows steps=116 horizon=0.00 games=36 over=0 card=0 drop=0 L=0.00297 L/var=0.12 tgt=+0.212/0.155 aux=0.0000/1.000 cfg/b=25156 prep=0.21s gpu=0.00s conv=0.00s add=0.07s train=1.08s
[t=  70.4s] rebel stream solves=32768 raw=466/s balanced=466/s debt=0 rows steps=128 horizon=0.00 games=57 over=0 card=0 drop=0 L=0.00357 L/var=0.10 tgt=+0.210/0.194 aux=0.0001/1.000 cfg/b=23384 prep=0.09s gpu=0.00s conv=0.00s add=0.07s train=0.87s
[t=  80.4s] rebel stream solves=34816 raw=433/s balanced=433/s debt=0 rows steps=136 horizon=0.00 games=38 over=0 card=0 drop=0 L=0.00561 L/var=0.13 tgt=+0.203/0.208 aux=0.0000/1.000 cfg/b=22540 prep=0.09s gpu=0.00s conv=0.00s add=0.05s train=0.64s
[t=  90.4s] rebel stream solves=37888 raw=419/s balanced=419/s debt=0 rows steps=148 horizon=0.00 games=56 over=0 card=0 drop=0 L=0.00639 L/var=0.16 tgt=+0.199/0.199 aux=0.0001/1.000 cfg/b=22872 prep=0.06s gpu=0.00s conv=0.00s add=0.09s train=0.78s
[t= 100.4s] rebel stream solves=41984 raw=418/s balanced=418/s debt=0 rows steps=164 horizon=0.00 games=101 over=0 card=0 drop=0 L=0.00604 L/var=0.17 tgt=+0.196/0.186 aux=0.0001/1.000 cfg/b=23236 prep=0.14s gpu=0.00s conv=0.00s add=0.11s train=1.20s
[t= 100.6s] --- lr -> 2.50e-04 ---
[t= 110.6s] rebel stream solves=46080 raw=417/s balanced=417/s debt=0 rows steps=180 horizon=0.00 games=93 over=0 card=0 drop=0 L=0.00694 L/var=0.18 tgt=+0.201/0.199 aux=0.0000/1.000 cfg/b=22676 prep=0.14s gpu=0.00s conv=0.00s add=0.10s train=1.19s
[t= 120.6s] rebel stream solves=49152 raw=408/s balanced=408/s debt=0 rows steps=192 horizon=0.00 games=84 over=0 card=0 drop=0 L=0.00823 L/var=0.18 tgt=+0.190/0.212 aux=0.0000/1.000 cfg/b=22296 prep=0.17s gpu=0.00s conv=0.00s add=0.08s train=1.06s
[t= 130.0s] --- stopping GPU admission; draining ---
[t= 130.6s] rebel stream solves=54272 raw=416/s balanced=416/s debt=0 rows steps=212 horizon=0.00 games=161 over=0 card=0 drop=0 L=0.00901 L/var=0.15 tgt=+0.178/0.241 aux=0.0000/1.000 cfg/b=22205 prep=0.23s gpu=0.00s conv=0.00s add=0.13s train=1.58s
[t= 136.4s] rebel stream solves=55321 raw=406/s balanced=406/s debt=100 rows steps=216 horizon=0.00 games=0 over=0 card=0 drop=0 L=0.01121 L/var=0.18 tgt=+0.170/0.250 aux=0.0001/1.000 cfg/b=21756 prep=0.02s gpu=0.00s conv=0.00s add=0.03s train=0.26s
[gpu-summary] solves=55321 optimizer_rows=221184 debt=100 raw=368.9/s balanced=368.7/s horizon=0.00 games=649 over=0 card=0 exact=0 censored=1152 dropped=0 overrun=0.00s
[t= 150.0s] --- snapshot snap_01.pt (final) ---
