[train] runs/adam at a9b3044+dirty seed=1 {'minutes': 30.0, 'warm_minutes': 5.0, 'note': 'fresh Adam at the warm/ReBeL boundary'}
[train] fresh Adam at the warm/ReBeL boundary
[cpu] pinned to 36 physical cores
[train] CUDA stream priority -1
[gpu] solve services up on [0, 1]
[cfg] PUBFEAT=897 CFEAT=16 hidden=384 head=384 dg=64 rank=64 depth=2 iters=64 budget=1800s warm=300s snapshot_every=6min device=cuda:1 draft=random train_gen_ratio=4.0 recent_mix=0.5/0.2 augment=True cap=2000000 matmul=high
[t=   2.3s] greedy ep  0 games=  96 dec= 18968 rows= 18118 horizon=0.30 L=0.07956 L/var=0.34 tgt=-0.023/0.482 pstd=0.498 gen=0.1s train=2.1s
[t=   4.1s] greedy ep  1 games=  96 dec= 18844 rows= 18051 horizon=0.33 L=0.03478 L/var=0.14 tgt=-0.058/0.494 pstd=0.496 gen=0.1s train=1.6s
[t=   5.9s] greedy ep  2 games=  96 dec= 18181 rows= 17414 horizon=0.27 L=0.03038 L/var=0.12 tgt=-0.025/0.512 pstd=0.496 gen=0.1s train=1.6s
[t=   7.7s] greedy ep  3 games=  96 dec= 17989 rows= 17120 horizon=0.26 L=0.02866 L/var=0.12 tgt=-0.029/0.495 pstd=0.485 gen=0.1s train=1.6s
[t=   9.6s] greedy ep  4 games=  96 dec= 18823 rows= 18078 horizon=0.29 L=0.02299 L/var=0.10 tgt=-0.022/0.471 pstd=0.496 gen=0.1s train=1.7s
[t=  11.5s] greedy ep  5 games=  96 dec= 18924 rows= 18146 horizon=0.33 L=0.02163 L/var=0.09 tgt=-0.029/0.496 pstd=0.501 gen=0.1s train=1.7s
[t=  13.2s] greedy ep  6 games=  96 dec= 17615 rows= 16921 horizon=0.26 L=0.02174 L/var=0.08 tgt=-0.041/0.511 pstd=0.502 gen=0.1s train=1.6s
[t=  15.1s] greedy ep  7 games=  96 dec= 18608 rows= 17786 horizon=0.36 L=0.01977 L/var=0.08 tgt=-0.065/0.495 pstd=0.497 gen=0.1s train=1.6s
[t=  16.9s] greedy ep  8 games=  96 dec= 19040 rows= 18296 horizon=0.36 L=0.01781 L/var=0.08 tgt=-0.019/0.484 pstd=0.495 gen=0.1s train=1.6s
[t=  18.7s] greedy ep  9 games=  96 dec= 18200 rows= 17459 horizon=0.27 L=0.01845 L/var=0.07 tgt=-0.034/0.513 pstd=0.493 gen=0.1s train=1.6s
[t=  20.5s] greedy ep 10 games=  96 dec= 17927 rows= 17200 horizon=0.24 L=0.01846 L/var=0.07 tgt=-0.036/0.524 pstd=0.481 gen=0.1s train=1.6s
[t=  22.2s] greedy ep 11 games=  96 dec= 17941 rows= 17162 horizon=0.28 L=0.01790 L/var=0.08 tgt=-0.044/0.477 pstd=0.496 gen=0.1s train=1.6s
[t=  24.0s] greedy ep 12 games=  96 dec= 17384 rows= 16648 horizon=0.25 L=0.01850 L/var=0.07 tgt=-0.023/0.503 pstd=0.497 gen=0.1s train=1.5s
[t=  25.8s] greedy ep 13 games=  96 dec= 18153 rows= 17377 horizon=0.28 L=0.01764 L/var=0.07 tgt=-0.027/0.502 pstd=0.499 gen=0.1s train=1.6s
[t=  27.6s] greedy ep 14 games=  96 dec= 18097 rows= 17377 horizon=0.26 L=0.01785 L/var=0.07 tgt=-0.037/0.511 pstd=0.497 gen=0.1s train=1.6s
[t=  29.5s] greedy ep 15 games=  96 dec= 18356 rows= 17581 horizon=0.30 L=0.01667 L/var=0.07 tgt=-0.023/0.496 pstd=0.490 gen=0.1s train=1.6s
[t=  31.4s] greedy ep 16 games=  96 dec= 19141 rows= 18328 horizon=0.32 L=0.01638 L/var=0.07 tgt=+0.010/0.479 pstd=0.483 gen=0.1s train=1.7s
[t=  33.3s] greedy ep 17 games=  96 dec= 18885 rows= 18173 horizon=0.30 L=0.01591 L/var=0.06 tgt=-0.054/0.508 pstd=0.486 gen=0.1s train=1.7s
[t=  35.1s] greedy ep 18 games=  96 dec= 17886 rows= 17103 horizon=0.25 L=0.01829 L/var=0.07 tgt=-0.021/0.507 pstd=0.469 gen=0.1s train=1.6s
[t=  36.9s] greedy ep 19 games=  96 dec= 17738 rows= 16961 horizon=0.23 L=0.01807 L/var=0.06 tgt=-0.065/0.530 pstd=0.454 gen=0.1s train=1.6s
[t=  38.7s] greedy ep 20 games=  96 dec= 17716 rows= 17039 horizon=0.28 L=0.01737 L/var=0.07 tgt=-0.071/0.515 pstd=0.466 gen=0.1s train=1.6s
[t=  40.5s] greedy ep 21 games=  96 dec= 17777 rows= 17032 horizon=0.23 L=0.01691 L/var=0.06 tgt=-0.051/0.520 pstd=0.482 gen=0.1s train=1.6s
[t=  42.3s] greedy ep 22 games=  96 dec= 18472 rows= 17732 horizon=0.33 L=0.01570 L/var=0.07 tgt=-0.019/0.474 pstd=0.488 gen=0.1s train=1.7s
[t=  44.2s] greedy ep 23 games=  96 dec= 18429 rows= 17627 horizon=0.27 L=0.01588 L/var=0.07 tgt=-0.006/0.478 pstd=0.479 gen=0.1s train=1.7s
[t=  46.1s] greedy ep 24 games=  96 dec= 18992 rows= 18327 horizon=0.35 L=0.01695 L/var=0.07 tgt=-0.014/0.487 pstd=0.486 gen=0.1s train=1.7s
[t=  47.9s] greedy ep 25 games=  96 dec= 18039 rows= 17262 horizon=0.23 L=0.01854 L/var=0.07 tgt=-0.025/0.517 pstd=0.499 gen=0.1s train=1.6s
[t=  49.9s] greedy ep 26 games=  96 dec= 19627 rows= 18805 horizon=0.33 L=0.01646 L/var=0.07 tgt=-0.037/0.501 pstd=0.491 gen=0.1s train=1.8s
[t=  51.8s] greedy ep 27 games=  96 dec= 18752 rows= 17930 horizon=0.27 L=0.01729 L/var=0.07 tgt=-0.031/0.485 pstd=0.493 gen=0.1s train=1.7s
[t=  53.7s] greedy ep 28 games=  96 dec= 19116 rows= 18327 horizon=0.31 L=0.01644 L/var=0.07 tgt=-0.035/0.484 pstd=0.488 gen=0.1s train=1.7s
[t=  55.6s] greedy ep 29 games=  96 dec= 18708 rows= 17952 horizon=0.27 L=0.01658 L/var=0.07 tgt=-0.051/0.503 pstd=0.489 gen=0.1s train=1.7s
[t=  57.5s] greedy ep 30 games=  96 dec= 19066 rows= 18248 horizon=0.31 L=0.01595 L/var=0.07 tgt=-0.032/0.479 pstd=0.494 gen=0.1s train=1.7s
[t=  59.2s] greedy ep 31 games=  96 dec= 18369 rows= 17570 horizon=0.26 L=0.01623 L/var=0.06 tgt=-0.041/0.509 pstd=0.486 gen=0.1s train=1.5s
[t=  61.0s] greedy ep 32 games=  96 dec= 18567 rows= 17800 horizon=0.30 L=0.01669 L/var=0.07 tgt=+0.001/0.480 pstd=0.485 gen=0.1s train=1.6s
[t=  62.8s] greedy ep 33 games=  96 dec= 18636 rows= 17813 horizon=0.31 L=0.01639 L/var=0.06 tgt=-0.002/0.514 pstd=0.455 gen=0.1s train=1.6s
[t=  64.7s] greedy ep 34 games=  96 dec= 18664 rows= 17825 horizon=0.29 L=0.01685 L/var=0.08 tgt=+0.020/0.463 pstd=0.483 gen=0.1s train=1.7s
[t=  66.5s] greedy ep 35 games=  96 dec= 17787 rows= 17046 horizon=0.22 L=0.01694 L/var=0.06 tgt=-0.039/0.539 pstd=0.478 gen=0.1s train=1.6s
[t=  68.4s] greedy ep 36 games=  96 dec= 19279 rows= 18442 horizon=0.33 L=0.01630 L/var=0.07 tgt=-0.046/0.480 pstd=0.493 gen=0.1s train=1.7s
[t=  70.5s] greedy ep 37 games=  96 dec= 18316 rows= 17468 horizon=0.32 L=0.01564 L/var=0.06 tgt=-0.034/0.532 pstd=0.487 gen=0.1s train=1.8s
[t=  72.7s] greedy ep 38 games=  96 dec= 19158 rows= 18321 horizon=0.32 L=0.01640 L/var=0.07 tgt=-0.020/0.472 pstd=0.495 gen=0.1s train=2.0s
[t=  74.7s] greedy ep 39 games=  96 dec= 18549 rows= 17774 horizon=0.26 L=0.01704 L/var=0.06 tgt=-0.037/0.514 pstd=0.482 gen=0.1s train=1.8s
[t=  76.5s] greedy ep 40 games=  96 dec= 18971 rows= 18211 horizon=0.34 L=0.01654 L/var=0.08 tgt=-0.007/0.461 pstd=0.481 gen=0.1s train=1.7s
[t=  78.4s] greedy ep 41 games=  96 dec= 18692 rows= 17843 horizon=0.28 L=0.01638 L/var=0.06 tgt=-0.044/0.507 pstd=0.471 gen=0.1s train=1.6s
[t=  80.3s] greedy ep 42 games=  96 dec= 19162 rows= 18375 horizon=0.38 L=0.01652 L/var=0.07 tgt=-0.035/0.494 pstd=0.494 gen=0.1s train=1.7s
[t=  82.2s] greedy ep 43 games=  96 dec= 19468 rows= 18602 horizon=0.35 L=0.01672 L/var=0.08 tgt=-0.058/0.456 pstd=0.476 gen=0.1s train=1.7s
[t=  84.0s] greedy ep 44 games=  96 dec= 18443 rows= 17624 horizon=0.28 L=0.01589 L/var=0.07 tgt=-0.009/0.479 pstd=0.495 gen=0.1s train=1.6s
[t=  85.7s] greedy ep 45 games=  96 dec= 17350 rows= 16706 horizon=0.25 L=0.01688 L/var=0.06 tgt=-0.084/0.527 pstd=0.499 gen=0.1s train=1.5s
[t=  87.4s] greedy ep 46 games=  96 dec= 17993 rows= 17239 horizon=0.28 L=0.01712 L/var=0.07 tgt=-0.013/0.495 pstd=0.502 gen=0.1s train=1.5s
[t=  89.3s] greedy ep 47 games=  96 dec= 18984 rows= 18180 horizon=0.29 L=0.01738 L/var=0.08 tgt=-0.024/0.472 pstd=0.516 gen=0.1s train=1.6s
[t=  91.0s] greedy ep 48 games=  96 dec= 18071 rows= 17405 horizon=0.30 L=0.01649 L/var=0.06 tgt=-0.041/0.510 pstd=0.477 gen=0.1s train=1.6s
[t=  93.0s] greedy ep 49 games=  96 dec= 19599 rows= 18844 horizon=0.40 L=0.01642 L/var=0.08 tgt=-0.000/0.457 pstd=0.489 gen=0.1s train=1.7s
[t=  94.7s] greedy ep 50 games=  96 dec= 17856 rows= 17099 horizon=0.25 L=0.01676 L/var=0.06 tgt=-0.060/0.543 pstd=0.472 gen=0.1s train=1.5s
[t=  96.5s] greedy ep 51 games=  96 dec= 17858 rows= 17043 horizon=0.24 L=0.01625 L/var=0.06 tgt=-0.027/0.530 pstd=0.493 gen=0.1s train=1.6s
[t=  98.4s] greedy ep 52 games=  96 dec= 18973 rows= 18262 horizon=0.35 L=0.01707 L/var=0.08 tgt=-0.041/0.460 pstd=0.480 gen=0.1s train=1.7s
[t= 100.1s] greedy ep 53 games=  96 dec= 17565 rows= 16777 horizon=0.19 L=0.01685 L/var=0.06 tgt=-0.031/0.511 pstd=0.488 gen=0.1s train=1.5s
[t= 101.9s] greedy ep 54 games=  96 dec= 17835 rows= 17151 horizon=0.25 L=0.01757 L/var=0.07 tgt=-0.001/0.492 pstd=0.498 gen=0.1s train=1.5s
[t= 103.6s] greedy ep 55 games=  96 dec= 17927 rows= 17096 horizon=0.25 L=0.01701 L/var=0.08 tgt=-0.008/0.470 pstd=0.472 gen=0.1s train=1.5s
[t= 105.4s] greedy ep 56 games=  96 dec= 18561 rows= 17765 horizon=0.28 L=0.01704 L/var=0.07 tgt=-0.036/0.484 pstd=0.484 gen=0.1s train=1.6s
[t= 107.2s] greedy ep 57 games=  96 dec= 18688 rows= 17872 horizon=0.25 L=0.01718 L/var=0.06 tgt=-0.014/0.515 pstd=0.486 gen=0.1s train=1.6s
[t= 109.1s] greedy ep 58 games=  96 dec= 19251 rows= 18414 horizon=0.34 L=0.01747 L/var=0.07 tgt=-0.060/0.493 pstd=0.482 gen=0.1s train=1.7s
[t= 111.0s] greedy ep 59 games=  96 dec= 19596 rows= 18724 horizon=0.36 L=0.01658 L/var=0.08 tgt=-0.050/0.460 pstd=0.484 gen=0.1s train=1.7s
[t= 112.8s] greedy ep 60 games=  96 dec= 18869 rows= 17979 horizon=0.30 L=0.01662 L/var=0.07 tgt=-0.032/0.484 pstd=0.492 gen=0.1s train=1.6s
[t= 114.6s] greedy ep 61 games=  96 dec= 18419 rows= 17673 horizon=0.25 L=0.01613 L/var=0.06 tgt=-0.009/0.517 pstd=0.475 gen=0.1s train=1.6s
[t= 116.5s] greedy ep 62 games=  96 dec= 19032 rows= 18186 horizon=0.32 L=0.01605 L/var=0.06 tgt=-0.036/0.503 pstd=0.468 gen=0.1s train=1.6s
[t= 118.3s] greedy ep 63 games=  96 dec= 19220 rows= 18443 horizon=0.29 L=0.01706 L/var=0.07 tgt=-0.008/0.491 pstd=0.490 gen=0.1s train=1.6s
[t= 120.1s] greedy ep 64 games=  96 dec= 17814 rows= 17050 horizon=0.25 L=0.01692 L/var=0.06 tgt=-0.045/0.519 pstd=0.463 gen=0.1s train=1.6s
[t= 121.9s] greedy ep 65 games=  96 dec= 18244 rows= 17509 horizon=0.28 L=0.01630 L/var=0.06 tgt=-0.026/0.503 pstd=0.494 gen=0.1s train=1.5s
[t= 123.6s] greedy ep 66 games=  96 dec= 18182 rows= 17491 horizon=0.29 L=0.01678 L/var=0.07 tgt=-0.037/0.498 pstd=0.501 gen=0.1s train=1.5s
[t= 125.5s] greedy ep 67 games=  96 dec= 18981 rows= 18182 horizon=0.35 L=0.01611 L/var=0.06 tgt=-0.023/0.511 pstd=0.501 gen=0.1s train=1.6s
[t= 127.3s] greedy ep 68 games=  96 dec= 18200 rows= 17313 horizon=0.25 L=0.01680 L/var=0.07 tgt=-0.016/0.502 pstd=0.489 gen=0.1s train=1.6s
[t= 129.1s] greedy ep 69 games=  96 dec= 18393 rows= 17591 horizon=0.28 L=0.01657 L/var=0.06 tgt=-0.053/0.510 pstd=0.487 gen=0.1s train=1.6s
[t= 130.9s] greedy ep 70 games=  96 dec= 18464 rows= 17707 horizon=0.33 L=0.01604 L/var=0.07 tgt=-0.039/0.486 pstd=0.494 gen=0.1s train=1.6s
[t= 132.7s] greedy ep 71 games=  96 dec= 18120 rows= 17396 horizon=0.26 L=0.01626 L/var=0.06 tgt=-0.031/0.525 pstd=0.495 gen=0.1s train=1.6s
[t= 134.7s] greedy ep 72 games=  96 dec= 19113 rows= 18368 horizon=0.34 L=0.01608 L/var=0.06 tgt=-0.075/0.504 pstd=0.483 gen=0.1s train=1.7s
[t= 136.4s] greedy ep 73 games=  96 dec= 17603 rows= 16838 horizon=0.20 L=0.01699 L/var=0.06 tgt=-0.037/0.525 pstd=0.488 gen=0.1s train=1.5s
[t= 138.3s] greedy ep 74 games=  96 dec= 18477 rows= 17679 horizon=0.27 L=0.01589 L/var=0.06 tgt=-0.065/0.534 pstd=0.509 gen=0.1s train=1.6s
[t= 140.2s] greedy ep 75 games=  96 dec= 19740 rows= 18936 horizon=0.40 L=0.01498 L/var=0.07 tgt=+0.013/0.468 pstd=0.493 gen=0.1s train=1.7s
[t= 142.1s] greedy ep 76 games=  96 dec= 18307 rows= 17464 horizon=0.20 L=0.01742 L/var=0.07 tgt=-0.020/0.496 pstd=0.473 gen=0.1s train=1.6s
[t= 143.9s] greedy ep 77 games=  96 dec= 18119 rows= 17313 horizon=0.25 L=0.01692 L/var=0.07 tgt=-0.031/0.501 pstd=0.494 gen=0.1s train=1.6s
[t= 145.7s] greedy ep 78 games=  96 dec= 18056 rows= 17283 horizon=0.26 L=0.01639 L/var=0.06 tgt=-0.041/0.514 pstd=0.472 gen=0.1s train=1.6s
[t= 147.5s] greedy ep 79 games=  96 dec= 18309 rows= 17527 horizon=0.28 L=0.01580 L/var=0.06 tgt=-0.007/0.493 pstd=0.515 gen=0.1s train=1.6s
[t= 149.4s] greedy ep 80 games=  96 dec= 18361 rows= 17605 horizon=0.29 L=0.01685 L/var=0.07 tgt=-0.024/0.508 pstd=0.480 gen=0.1s train=1.6s
[t= 151.2s] greedy ep 81 games=  96 dec= 17527 rows= 16734 horizon=0.25 L=0.01665 L/var=0.06 tgt=-0.020/0.532 pstd=0.475 gen=0.1s train=1.6s
[t= 152.9s] greedy ep 82 games=  96 dec= 17529 rows= 16756 horizon=0.23 L=0.01636 L/var=0.06 tgt=-0.028/0.509 pstd=0.483 gen=0.1s train=1.5s
[t= 154.6s] greedy ep 83 games=  96 dec= 16779 rows= 15994 horizon=0.18 L=0.01670 L/var=0.06 tgt=-0.021/0.539 pstd=0.474 gen=0.1s train=1.5s
[t= 156.5s] greedy ep 84 games=  96 dec= 19106 rows= 18300 horizon=0.35 L=0.01671 L/var=0.07 tgt=-0.045/0.483 pstd=0.489 gen=0.1s train=1.7s
[t= 158.4s] greedy ep 85 games=  96 dec= 18736 rows= 17960 horizon=0.29 L=0.01601 L/var=0.06 tgt=-0.044/0.501 pstd=0.478 gen=0.1s train=1.6s
[t= 160.2s] greedy ep 86 games=  96 dec= 18107 rows= 17332 horizon=0.26 L=0.01656 L/var=0.07 tgt=-0.020/0.485 pstd=0.475 gen=0.1s train=1.6s
[t= 161.9s] greedy ep 87 games=  96 dec= 17330 rows= 16586 horizon=0.24 L=0.01584 L/var=0.06 tgt=-0.048/0.503 pstd=0.499 gen=0.1s train=1.5s
[t= 163.8s] greedy ep 88 games=  96 dec= 18635 rows= 17758 horizon=0.27 L=0.01583 L/var=0.06 tgt=-0.026/0.514 pstd=0.488 gen=0.1s train=1.6s
[t= 165.5s] greedy ep 89 games=  96 dec= 17378 rows= 16633 horizon=0.24 L=0.01671 L/var=0.06 tgt=-0.051/0.525 pstd=0.488 gen=0.1s train=1.5s
[t= 167.4s] greedy ep 90 games=  96 dec= 18682 rows= 17886 horizon=0.31 L=0.01626 L/var=0.06 tgt=-0.059/0.505 pstd=0.478 gen=0.1s train=1.6s
[t= 169.3s] greedy ep 91 games=  96 dec= 18758 rows= 18046 horizon=0.32 L=0.01598 L/var=0.07 tgt=-0.021/0.471 pstd=0.473 gen=0.1s train=1.6s
[t= 171.2s] greedy ep 92 games=  96 dec= 18910 rows= 18161 horizon=0.30 L=0.01603 L/var=0.07 tgt=-0.051/0.484 pstd=0.480 gen=0.1s train=1.7s
[t= 173.0s] greedy ep 93 games=  96 dec= 18404 rows= 17653 horizon=0.34 L=0.01551 L/var=0.06 tgt=-0.078/0.496 pstd=0.505 gen=0.1s train=1.6s
[t= 174.9s] greedy ep 94 games=  96 dec= 18792 rows= 18006 horizon=0.33 L=0.01563 L/var=0.07 tgt=-0.046/0.481 pstd=0.483 gen=0.1s train=1.6s
[t= 176.8s] greedy ep 95 games=  96 dec= 18762 rows= 17940 horizon=0.24 L=0.01643 L/var=0.06 tgt=-0.044/0.515 pstd=0.499 gen=0.1s train=1.7s
[t= 178.6s] greedy ep 96 games=  96 dec= 17651 rows= 16892 horizon=0.24 L=0.01641 L/var=0.06 tgt=-0.034/0.512 pstd=0.482 gen=0.1s train=1.6s
[t= 180.4s] greedy ep 97 games=  96 dec= 17701 rows= 17006 horizon=0.27 L=0.01563 L/var=0.06 tgt=-0.034/0.509 pstd=0.492 gen=0.1s train=1.5s
[t= 182.2s] greedy ep 98 games=  96 dec= 18691 rows= 17958 horizon=0.35 L=0.01642 L/var=0.07 tgt=-0.032/0.471 pstd=0.477 gen=0.1s train=1.6s
[t= 184.1s] greedy ep 99 games=  96 dec= 19149 rows= 18268 horizon=0.29 L=0.01624 L/var=0.07 tgt=-0.001/0.483 pstd=0.479 gen=0.1s train=1.7s
[t= 185.9s] greedy ep100 games=  96 dec= 17996 rows= 17268 horizon=0.27 L=0.01534 L/var=0.06 tgt=-0.027/0.517 pstd=0.504 gen=0.1s train=1.5s
[t= 187.7s] greedy ep101 games=  96 dec= 17954 rows= 17173 horizon=0.26 L=0.01504 L/var=0.06 tgt=-0.045/0.510 pstd=0.486 gen=0.1s train=1.5s
[t= 189.4s] greedy ep102 games=  96 dec= 17228 rows= 16426 horizon=0.19 L=0.01584 L/var=0.06 tgt=-0.074/0.531 pstd=0.481 gen=0.1s train=1.5s
[t= 191.2s] greedy ep103 games=  96 dec= 17794 rows= 16980 horizon=0.24 L=0.01613 L/var=0.06 tgt=-0.069/0.518 pstd=0.478 gen=0.1s train=1.6s
[t= 193.1s] greedy ep104 games=  96 dec= 18854 rows= 17982 horizon=0.26 L=0.01591 L/var=0.06 tgt=-0.026/0.499 pstd=0.481 gen=0.1s train=1.6s
[t= 194.9s] greedy ep105 games=  96 dec= 18802 rows= 17936 horizon=0.30 L=0.01544 L/var=0.06 tgt=-0.031/0.509 pstd=0.467 gen=0.1s train=1.6s
[t= 196.7s] greedy ep106 games=  96 dec= 18161 rows= 17476 horizon=0.27 L=0.01544 L/var=0.06 tgt=-0.050/0.503 pstd=0.483 gen=0.1s train=1.6s
[t= 198.5s] greedy ep107 games=  96 dec= 17916 rows= 17157 horizon=0.27 L=0.01623 L/var=0.07 tgt=-0.050/0.499 pstd=0.492 gen=0.1s train=1.5s
[t= 200.2s] greedy ep108 games=  96 dec= 18149 rows= 17352 horizon=0.26 L=0.01561 L/var=0.06 tgt=-0.012/0.500 pstd=0.480 gen=0.1s train=1.5s
[t= 202.0s] greedy ep109 games=  96 dec= 18197 rows= 17400 horizon=0.24 L=0.01556 L/var=0.06 tgt=-0.026/0.496 pstd=0.478 gen=0.1s train=1.6s
[t= 203.8s] greedy ep110 games=  96 dec= 17538 rows= 16803 horizon=0.24 L=0.01641 L/var=0.06 tgt=-0.056/0.526 pstd=0.476 gen=0.1s train=1.5s
[t= 205.6s] greedy ep111 games=  96 dec= 19361 rows= 18532 horizon=0.36 L=0.01585 L/var=0.07 tgt=-0.045/0.483 pstd=0.469 gen=0.1s train=1.6s
[t= 207.4s] greedy ep112 games=  96 dec= 18029 rows= 17317 horizon=0.30 L=0.01504 L/var=0.06 tgt=-0.018/0.483 pstd=0.493 gen=0.1s train=1.5s
[t= 209.2s] greedy ep113 games=  96 dec= 18174 rows= 17387 horizon=0.28 L=0.01549 L/var=0.05 tgt=-0.033/0.531 pstd=0.474 gen=0.1s train=1.5s
[t= 211.0s] greedy ep114 games=  96 dec= 19319 rows= 18518 horizon=0.36 L=0.01603 L/var=0.07 tgt=-0.034/0.490 pstd=0.480 gen=0.1s train=1.6s
[t= 212.8s] greedy ep115 games=  96 dec= 17729 rows= 16977 horizon=0.17 L=0.01643 L/var=0.06 tgt=-0.002/0.516 pstd=0.459 gen=0.1s train=1.5s
[t= 214.6s] greedy ep116 games=  96 dec= 18403 rows= 17543 horizon=0.28 L=0.01571 L/var=0.06 tgt=-0.022/0.494 pstd=0.450 gen=0.1s train=1.6s
[t= 216.4s] greedy ep117 games=  96 dec= 17865 rows= 17051 horizon=0.27 L=0.01519 L/var=0.06 tgt=-0.033/0.509 pstd=0.444 gen=0.1s train=1.6s
[t= 218.2s] greedy ep118 games=  96 dec= 18550 rows= 17822 horizon=0.36 L=0.01535 L/var=0.06 tgt=-0.095/0.506 pstd=0.434 gen=0.1s train=1.6s
[t= 220.1s] greedy ep119 games=  96 dec= 18440 rows= 17650 horizon=0.26 L=0.01530 L/var=0.06 tgt=-0.045/0.500 pstd=0.436 gen=0.1s train=1.6s
[t= 222.0s] greedy ep120 games=  96 dec= 18888 rows= 17947 horizon=0.27 L=0.01532 L/var=0.07 tgt=-0.039/0.484 pstd=0.483 gen=0.1s train=1.6s
[t= 223.8s] greedy ep121 games=  96 dec= 18400 rows= 17640 horizon=0.29 L=0.01517 L/var=0.07 tgt=-0.014/0.473 pstd=0.461 gen=0.1s train=1.6s
[t= 225.7s] greedy ep122 games=  96 dec= 19500 rows= 18715 horizon=0.40 L=0.01452 L/var=0.07 tgt=-0.048/0.473 pstd=0.465 gen=0.1s train=1.7s
[t= 227.6s] greedy ep123 games=  96 dec= 18513 rows= 17694 horizon=0.27 L=0.01494 L/var=0.06 tgt=-0.021/0.514 pstd=0.457 gen=0.1s train=1.6s
[t= 229.5s] greedy ep124 games=  96 dec= 18892 rows= 18073 horizon=0.33 L=0.01451 L/var=0.06 tgt=-0.059/0.481 pstd=0.442 gen=0.1s train=1.7s
[t= 231.3s] greedy ep125 games=  96 dec= 18520 rows= 17651 horizon=0.25 L=0.01412 L/var=0.06 tgt=-0.025/0.500 pstd=0.446 gen=0.1s train=1.6s
[t= 233.3s] greedy ep126 games=  96 dec= 19645 rows= 18833 horizon=0.36 L=0.01387 L/var=0.06 tgt=-0.015/0.474 pstd=0.425 gen=0.1s train=1.7s
[t= 235.1s] greedy ep127 games=  96 dec= 17395 rows= 16683 horizon=0.19 L=0.01448 L/var=0.05 tgt=-0.006/0.530 pstd=0.434 gen=0.1s train=1.5s
[t= 237.0s] greedy ep128 games=  96 dec= 19317 rows= 18624 horizon=0.38 L=0.01426 L/var=0.06 tgt=-0.039/0.471 pstd=0.452 gen=0.1s train=1.7s
[t= 238.8s] greedy ep129 games=  96 dec= 18062 rows= 17333 horizon=0.27 L=0.01431 L/var=0.06 tgt=-0.022/0.483 pstd=0.435 gen=0.1s train=1.6s
[t= 240.7s] greedy ep130 games=  96 dec= 17908 rows= 17168 horizon=0.25 L=0.01426 L/var=0.06 tgt=-0.041/0.492 pstd=0.436 gen=0.1s train=1.6s
[t= 242.4s] greedy ep131 games=  96 dec= 17598 rows= 16794 horizon=0.20 L=0.01509 L/var=0.05 tgt=-0.048/0.526 pstd=0.458 gen=0.1s train=1.6s
[t= 244.3s] greedy ep132 games=  96 dec= 18760 rows= 17930 horizon=0.29 L=0.01496 L/var=0.06 tgt=-0.019/0.485 pstd=0.423 gen=0.1s train=1.6s
[t= 246.2s] greedy ep133 games=  96 dec= 18381 rows= 17624 horizon=0.30 L=0.01463 L/var=0.05 tgt=-0.062/0.524 pstd=0.446 gen=0.1s train=1.6s
[t= 247.9s] greedy ep134 games=  96 dec= 17570 rows= 16816 horizon=0.25 L=0.01423 L/var=0.06 tgt=-0.013/0.504 pstd=0.447 gen=0.1s train=1.5s
[t= 249.7s] greedy ep135 games=  96 dec= 17880 rows= 17050 horizon=0.19 L=0.01373 L/var=0.05 tgt=-0.041/0.536 pstd=0.429 gen=0.1s train=1.5s
[t= 251.5s] greedy ep136 games=  96 dec= 17693 rows= 16931 horizon=0.20 L=0.01422 L/var=0.05 tgt=-0.051/0.536 pstd=0.416 gen=0.1s train=1.5s
[t= 253.4s] greedy ep137 games=  96 dec= 18829 rows= 18139 horizon=0.33 L=0.01356 L/var=0.06 tgt=-0.050/0.495 pstd=0.425 gen=0.1s train=1.7s
[t= 255.3s] greedy ep138 games=  96 dec= 18667 rows= 17798 horizon=0.27 L=0.01334 L/var=0.06 tgt=-0.006/0.489 pstd=0.420 gen=0.1s train=1.6s
[t= 257.2s] greedy ep139 games=  96 dec= 19019 rows= 18235 horizon=0.33 L=0.01332 L/var=0.06 tgt=-0.015/0.475 pstd=0.400 gen=0.1s train=1.7s
[t= 259.0s] greedy ep140 games=  96 dec= 18185 rows= 17445 horizon=0.30 L=0.01320 L/var=0.05 tgt=-0.071/0.507 pstd=0.402 gen=0.1s train=1.6s
[t= 260.9s] greedy ep141 games=  96 dec= 19133 rows= 18326 horizon=0.31 L=0.01304 L/var=0.06 tgt=-0.003/0.464 pstd=0.404 gen=0.1s train=1.7s
[t= 262.8s] greedy ep142 games=  96 dec= 18194 rows= 17427 horizon=0.24 L=0.01364 L/var=0.05 tgt=-0.061/0.518 pstd=0.415 gen=0.1s train=1.6s
[t= 264.6s] greedy ep143 games=  96 dec= 18830 rows= 18028 horizon=0.30 L=0.01353 L/var=0.05 tgt=-0.009/0.498 pstd=0.407 gen=0.1s train=1.6s
[t= 266.5s] greedy ep144 games=  96 dec= 18909 rows= 18097 horizon=0.32 L=0.01331 L/var=0.05 tgt=-0.061/0.499 pstd=0.410 gen=0.1s train=1.6s
[t= 268.3s] greedy ep145 games=  96 dec= 17688 rows= 16849 horizon=0.23 L=0.01318 L/var=0.05 tgt=-0.031/0.509 pstd=0.411 gen=0.1s train=1.5s
[t= 270.2s] greedy ep146 games=  96 dec= 18242 rows= 17520 horizon=0.29 L=0.01302 L/var=0.05 tgt=-0.012/0.490 pstd=0.395 gen=0.1s train=1.6s
[t= 271.9s] greedy ep147 games=  96 dec= 17543 rows= 16790 horizon=0.23 L=0.01348 L/var=0.05 tgt=-0.040/0.509 pstd=0.393 gen=0.1s train=1.5s
[t= 273.8s] greedy ep148 games=  96 dec= 18707 rows= 17901 horizon=0.26 L=0.01305 L/var=0.05 tgt=-0.039/0.534 pstd=0.398 gen=0.1s train=1.6s
[t= 275.7s] greedy ep149 games=  96 dec= 18841 rows= 17963 horizon=0.30 L=0.01258 L/var=0.06 tgt=-0.009/0.474 pstd=0.404 gen=0.1s train=1.6s
[t= 277.5s] greedy ep150 games=  96 dec= 18647 rows= 17871 horizon=0.29 L=0.01329 L/var=0.05 tgt=-0.037/0.502 pstd=0.400 gen=0.1s train=1.6s
[t= 279.5s] greedy ep151 games=  96 dec= 19437 rows= 18611 horizon=0.34 L=0.01217 L/var=0.05 tgt=-0.053/0.485 pstd=0.382 gen=0.1s train=1.7s
[t= 281.4s] greedy ep152 games=  96 dec= 18772 rows= 17991 horizon=0.31 L=0.01220 L/var=0.05 tgt=-0.046/0.512 pstd=0.416 gen=0.1s train=1.6s
[t= 283.3s] greedy ep153 games=  96 dec= 19646 rows= 18733 horizon=0.40 L=0.01177 L/var=0.05 tgt=-0.023/0.485 pstd=0.393 gen=0.1s train=1.7s
[t= 285.1s] greedy ep154 games=  96 dec= 17859 rows= 17126 horizon=0.26 L=0.01213 L/var=0.05 tgt=-0.034/0.509 pstd=0.384 gen=0.1s train=1.6s
[t= 287.0s] greedy ep155 games=  96 dec= 18131 rows= 17315 horizon=0.25 L=0.01186 L/var=0.05 tgt=+0.011/0.497 pstd=0.399 gen=0.1s train=1.6s
[t= 288.7s] greedy ep156 games=  96 dec= 17706 rows= 16969 horizon=0.27 L=0.01173 L/var=0.05 tgt=-0.007/0.497 pstd=0.375 gen=0.1s train=1.5s
[t= 290.6s] greedy ep157 games=  96 dec= 18532 rows= 17740 horizon=0.27 L=0.01168 L/var=0.05 tgt=-0.021/0.507 pstd=0.399 gen=0.1s train=1.6s
[t= 292.4s] greedy ep158 games=  96 dec= 18583 rows= 17821 horizon=0.26 L=0.01175 L/var=0.05 tgt=-0.058/0.506 pstd=0.381 gen=0.1s train=1.6s
[t= 294.3s] greedy ep159 games=  96 dec= 17891 rows= 17137 horizon=0.25 L=0.01177 L/var=0.04 tgt=-0.046/0.528 pstd=0.405 gen=0.1s train=1.6s
[t= 296.0s] greedy ep160 games=  96 dec= 17495 rows= 16742 horizon=0.23 L=0.01248 L/var=0.05 tgt=-0.039/0.505 pstd=0.378 gen=0.1s train=1.5s
[t= 297.9s] greedy ep161 games=  96 dec= 18032 rows= 17292 horizon=0.27 L=0.01191 L/var=0.04 tgt=-0.054/0.524 pstd=0.370 gen=0.1s train=1.6s
[t= 299.7s] greedy ep162 games=  96 dec= 18829 rows= 17998 horizon=0.34 L=0.01115 L/var=0.05 tgt=-0.024/0.472 pstd=0.370 gen=0.1s train=1.6s
[t= 301.5s] greedy ep163 games=  96 dec= 17690 rows= 17013 horizon=0.27 L=0.01116 L/var=0.04 tgt=-0.053/0.508 pstd=0.388 gen=0.1s train=1.6s
[t= 301.6s] --- snapshot snap_00.pt (init) ---
[t= 301.6s] --- switching to ReBeL ---
[t= 311.7s] rebel stream solves=16384 raw=1624/s balanced=1624/s debt=0 rows steps=64 horizon=0.00 games=0 over=0 card=0 drop=0 L=0.02767 L/var=0.62 tgt=+0.002/0.211 cfg/b=43582 prep=0.30s gpu=0.00s conv=0.02s add=0.57s train=1.85s
[t= 321.7s] rebel stream solves=43008 raw=2136/s balanced=2136/s debt=0 rows steps=168 horizon=0.00 games=0 over=0 card=0 drop=0 L=0.00453 L/var=0.13 tgt=+0.005/0.184 cfg/b=51434 prep=0.48s gpu=0.00s conv=0.04s add=1.03s train=2.85s
[t= 331.7s] rebel stream solves=56320 raw=1869/s balanced=1869/s debt=0 rows steps=220 horizon=0.00 games=0 over=0 card=0 drop=0 L=0.00249 L/var=0.06 tgt=+0.013/0.200 cfg/b=32288 prep=0.24s gpu=0.00s conv=0.01s add=0.40s train=1.43s
[t= 341.7s] rebel stream solves=70656 raw=1759/s balanced=1759/s debt=0 rows steps=276 horizon=0.00 games=0 over=0 card=0 drop=0 L=0.00205 L/var=0.05 tgt=+0.006/0.206 cfg/b=34878 prep=0.27s gpu=0.00s conv=0.01s add=0.47s train=1.54s
[t= 351.8s] rebel stream solves=83968 raw=1672/s balanced=1672/s debt=0 rows steps=328 horizon=0.00 games=0 over=0 card=0 drop=0 L=0.00189 L/var=0.04 tgt=+0.006/0.212 cfg/b=27320 prep=0.28s gpu=0.00s conv=0.01s add=0.26s train=1.54s
[t= 361.8s] rebel stream solves=94208 raw=1564/s balanced=1564/s debt=0 rows steps=368 horizon=0.00 games=0 over=0 card=0 drop=0 L=0.00177 L/var=0.04 tgt=-0.000/0.218 cfg/b=24473 prep=0.22s gpu=0.00s conv=0.00s add=0.19s train=1.18s
[t= 371.8s] rebel stream solves=105472 raw=1501/s balanced=1501/s debt=0 rows steps=412 horizon=0.00 games=2 over=0 card=0 drop=0 L=0.00175 L/var=0.04 tgt=-0.011/0.223 cfg/b=23517 prep=0.27s gpu=0.00s conv=0.01s add=0.24s train=1.29s
[t= 381.8s] rebel stream solves=113664 raw=1416/s balanced=1416/s debt=0 rows steps=444 horizon=0.00 games=2 over=0 card=0 drop=0 L=0.00171 L/var=0.04 tgt=-0.005/0.219 cfg/b=22327 prep=0.23s gpu=0.00s conv=0.00s add=0.14s train=1.03s
[t= 391.8s] rebel stream solves=122880 raw=1361/s balanced=1361/s debt=0 rows steps=480 horizon=0.00 games=10 over=0 card=0 drop=0 L=0.00177 L/var=0.03 tgt=-0.005/0.230 cfg/b=20812 prep=0.20s gpu=0.00s conv=0.00s add=0.15s train=1.06s
[t= 402.0s] rebel stream solves=132096 raw=1315/s balanced=1315/s debt=0 rows steps=516 horizon=0.00 games=24 over=0 card=0 drop=0 L=0.00186 L/var=0.03 tgt=-0.004/0.244 cfg/b=19493 prep=0.24s gpu=0.00s conv=0.00s add=0.12s train=1.08s
[t= 412.0s] rebel stream solves=140288 raw=1270/s balanced=1270/s debt=0 rows steps=548 horizon=0.00 games=26 over=0 card=0 drop=0 L=0.00230 L/var=0.04 tgt=+0.006/0.246 cfg/b=18996 prep=0.19s gpu=0.00s conv=0.00s add=0.11s train=0.96s
[t= 422.0s] rebel stream solves=148480 raw=1233/s balanced=1233/s debt=0 rows steps=580 horizon=0.00 games=49 over=0 card=0 drop=0 L=0.00258 L/var=0.04 tgt=-0.012/0.264 cfg/b=18140 prep=0.16s gpu=0.00s conv=0.00s add=0.11s train=0.91s
[t= 432.1s] rebel stream solves=159744 raw=1224/s balanced=1224/s debt=0 rows steps=624 horizon=0.00 games=105 over=0 card=0 drop=0 L=0.00353 L/var=0.06 tgt=-0.001/0.253 cfg/b=17579 prep=0.28s gpu=0.00s conv=0.00s add=0.15s train=1.29s
[t= 442.2s] rebel stream solves=168960 raw=1202/s balanced=1202/s debt=0 rows steps=660 horizon=0.00 games=87 over=0 card=0 drop=0 L=0.00406 L/var=0.06 tgt=+0.019/0.259 cfg/b=17285 prep=0.26s gpu=0.00s conv=0.00s add=0.13s train=1.14s
[t= 452.2s] rebel stream solves=178176 raw=1183/s balanced=1183/s debt=0 rows steps=696 horizon=0.00 games=114 over=0 card=0 drop=0 L=0.00508 L/var=0.07 tgt=+0.016/0.264 cfg/b=16692 prep=0.23s gpu=0.00s conv=0.01s add=0.14s train=1.19s
[t= 462.2s] rebel stream solves=188416 raw=1173/s balanced=1173/s debt=0 rows steps=736 horizon=0.00 games=143 over=0 card=0 drop=0 L=0.00563 L/var=0.08 tgt=-0.003/0.273 cfg/b=16551 prep=0.20s gpu=0.00s conv=0.00s add=0.18s train=1.17s
[t= 472.3s] rebel stream solves=196608 raw=1152/s balanced=1152/s debt=0 rows steps=768 horizon=0.00 games=158 over=0 card=0 drop=0 L=0.00603 L/var=0.08 tgt=+0.005/0.269 cfg/b=16548 prep=0.20s gpu=0.00s conv=0.00s add=0.13s train=0.93s
[t= 482.3s] rebel stream solves=207872 raw=1150/s balanced=1150/s debt=0 rows steps=812 horizon=0.00 games=198 over=0 card=0 drop=0 L=0.00676 L/var=0.10 tgt=+0.000/0.267 cfg/b=16767 prep=0.26s gpu=0.00s conv=0.01s add=0.22s train=1.31s
[t= 492.3s] rebel stream solves=218112 raw=1143/s balanced=1143/s debt=0 rows steps=852 horizon=0.00 games=200 over=0 card=0 drop=0 L=0.00753 L/var=0.12 tgt=+0.013/0.255 cfg/b=17036 prep=0.20s gpu=0.00s conv=0.01s add=0.18s train=1.15s
[t= 502.4s] rebel stream solves=230400 raw=1147/s balanced=1147/s debt=0 rows steps=900 horizon=0.00 games=234 over=0 card=0 drop=0 L=0.00792 L/var=0.13 tgt=+0.012/0.247 cfg/b=17272 prep=0.26s gpu=0.00s conv=0.01s add=0.26s train=1.42s
[t= 512.4s] rebel stream solves=243712 raw=1156/s balanced=1156/s debt=0 rows steps=952 horizon=0.00 games=277 over=0 card=0 drop=0 L=0.00848 L/var=0.15 tgt=+0.018/0.238 cfg/b=17693 prep=0.28s gpu=0.00s conv=0.01s add=0.29s train=1.50s
[t= 522.4s] rebel stream solves=256000 raw=1159/s balanced=1159/s debt=0 rows steps=1000 horizon=0.00 games=283 over=0 card=0 drop=0 L=0.00874 L/var=0.14 tgt=+0.021/0.246 cfg/b=18153 prep=0.24s gpu=0.00s conv=0.01s add=0.26s train=1.38s
[t= 532.5s] rebel stream solves=267264 raw=1158/s balanced=1158/s debt=0 rows steps=1044 horizon=0.00 games=236 over=0 card=0 drop=0 L=0.00879 L/var=0.17 tgt=+0.018/0.226 cfg/b=18014 prep=0.20s gpu=0.00s conv=0.01s add=0.27s train=1.26s
[t= 542.5s] rebel stream solves=281600 raw=1169/s balanced=1169/s debt=0 rows steps=1100 horizon=0.00 games=294 over=0 card=0 drop=0 L=0.00925 L/var=0.19 tgt=+0.016/0.222 cfg/b=17260 prep=0.24s gpu=0.00s conv=0.01s add=0.37s train=1.44s
[t= 552.5s] rebel stream solves=294912 raw=1175/s balanced=1175/s debt=0 rows steps=1152 horizon=0.00 games=243 over=0 card=0 drop=0 L=0.00903 L/var=0.19 tgt=+0.017/0.219 cfg/b=17325 prep=0.32s gpu=0.00s conv=0.02s add=0.35s train=1.48s
[t= 562.6s] rebel stream solves=309248 raw=1185/s balanced=1185/s debt=0 rows steps=1208 horizon=0.00 games=272 over=0 card=0 drop=0 L=0.00927 L/var=0.20 tgt=+0.015/0.216 cfg/b=18122 prep=0.27s gpu=0.00s conv=0.01s add=0.36s train=1.51s
[t= 572.6s] rebel stream solves=324608 raw=1198/s balanced=1198/s debt=0 rows steps=1268 horizon=0.00 games=240 over=0 card=0 drop=0 L=0.00898 L/var=0.20 tgt=+0.014/0.213 cfg/b=18340 prep=0.30s gpu=0.00s conv=0.01s add=0.41s train=1.66s
[t= 582.6s] rebel stream solves=337920 raw=1202/s balanced=1202/s debt=0 rows steps=1320 horizon=0.00 games=196 over=0 card=0 drop=0 L=0.00890 L/var=0.19 tgt=+0.009/0.219 cfg/b=18832 prep=0.25s gpu=0.00s conv=0.01s add=0.35s train=1.42s
[t= 592.7s] rebel stream solves=350208 raw=1203/s balanced=1203/s debt=0 rows steps=1368 horizon=0.00 games=214 over=0 card=0 drop=0 L=0.00892 L/var=0.17 tgt=-0.000/0.228 cfg/b=18574 prep=0.22s gpu=0.00s conv=0.01s add=0.34s train=1.28s
[t= 602.7s] rebel stream solves=363520 raw=1207/s balanced=1207/s debt=0 rows steps=1420 horizon=0.00 games=198 over=0 card=0 drop=0 L=0.00883 L/var=0.16 tgt=+0.001/0.233 cfg/b=19077 prep=0.24s gpu=0.00s conv=0.01s add=0.37s train=1.45s
[t= 612.7s] rebel stream solves=375808 raw=1208/s balanced=1208/s debt=0 rows steps=1468 horizon=0.00 games=199 over=0 card=0 drop=0 L=0.00918 L/var=0.15 tgt=-0.003/0.245 cfg/b=19428 prep=0.22s gpu=0.00s conv=0.01s add=0.35s train=1.31s
[t= 622.7s] rebel stream solves=387072 raw=1205/s balanced=1205/s debt=0 rows steps=1512 horizon=0.00 games=180 over=0 card=0 drop=0 L=0.00924 L/var=0.16 tgt=-0.007/0.239 cfg/b=19606 prep=0.23s gpu=0.00s conv=0.01s add=0.33s train=1.21s
[t= 632.8s] rebel stream solves=399360 raw=1206/s balanced=1206/s debt=0 rows steps=1560 horizon=0.00 games=191 over=0 card=0 drop=0 L=0.00945 L/var=0.15 tgt=-0.010/0.249 cfg/b=20349 prep=0.24s gpu=0.00s conv=0.01s add=0.39s train=1.37s
[t= 642.8s] rebel stream solves=410624 raw=1203/s balanced=1203/s debt=0 rows steps=1604 horizon=0.00 games=175 over=0 card=0 drop=0 L=0.00959 L/var=0.15 tgt=-0.013/0.253 cfg/b=20900 prep=0.20s gpu=0.00s conv=0.01s add=0.33s train=1.19s
[t= 652.8s] rebel stream solves=421888 raw=1201/s balanced=1201/s debt=0 rows steps=1648 horizon=0.00 games=188 over=0 card=0 drop=0 L=0.00904 L/var=0.14 tgt=-0.017/0.251 cfg/b=21389 prep=0.21s gpu=0.00s conv=0.01s add=0.38s train=1.15s
[t= 661.6s] --- snapshot snap_01.pt (s1) ---
[t= 662.9s] rebel stream solves=433152 raw=1199/s balanced=1199/s debt=0 rows steps=1692 horizon=0.02 games=171 over=0 card=0 drop=0 L=0.00929 L/var=0.14 tgt=-0.009/0.255 cfg/b=22467 prep=0.29s gpu=0.00s conv=0.01s add=0.36s train=1.30s
[t= 672.9s] rebel stream solves=444416 raw=1197/s balanced=1197/s debt=0 rows steps=1736 horizon=0.12 games=189 over=0 card=0 drop=0 L=0.00928 L/var=0.15 tgt=-0.011/0.249 cfg/b=22963 prep=0.22s gpu=0.00s conv=0.01s add=0.37s train=1.23s
[t= 682.9s] rebel stream solves=456704 raw=1198/s balanced=1198/s debt=0 rows steps=1784 horizon=0.10 games=217 over=0 card=0 drop=0 L=0.00931 L/var=0.14 tgt=-0.008/0.257 cfg/b=23155 prep=0.29s gpu=0.00s conv=0.01s add=0.39s train=1.39s
[t= 693.0s] rebel stream solves=468992 raw=1198/s balanced=1198/s debt=0 rows steps=1832 horizon=0.11 games=211 over=0 card=0 drop=0 L=0.00949 L/var=0.15 tgt=-0.006/0.253 cfg/b=23208 prep=0.23s gpu=0.00s conv=0.01s add=0.41s train=1.35s
[t= 703.1s] rebel stream solves=482304 raw=1201/s balanced=1201/s debt=0 rows steps=1884 horizon=0.00 games=243 over=0 card=0 drop=0 L=0.00942 L/var=0.15 tgt=-0.002/0.252 cfg/b=23881 prep=0.26s gpu=0.00s conv=0.01s add=0.46s train=1.42s
[t= 713.1s] rebel stream solves=494592 raw=1202/s balanced=1202/s debt=0 rows steps=1932 horizon=0.12 games=201 over=0 card=0 drop=0 L=0.00933 L/var=0.14 tgt=-0.012/0.262 cfg/b=24567 prep=0.21s gpu=0.00s conv=0.01s add=0.46s train=1.27s
[t= 723.2s] rebel stream solves=504832 raw=1197/s balanced=1197/s debt=0 rows steps=1972 horizon=0.09 games=165 over=0 card=0 drop=0 L=0.00931 L/var=0.14 tgt=-0.009/0.255 cfg/b=24581 prep=0.19s gpu=0.00s conv=0.01s add=0.37s train=1.08s
[t= 733.2s] rebel stream solves=515072 raw=1193/s balanced=1193/s debt=0 rows steps=2012 horizon=0.00 games=172 over=0 card=0 drop=0 L=0.00907 L/var=0.13 tgt=-0.012/0.263 cfg/b=25386 prep=0.22s gpu=0.00s conv=0.01s add=0.36s train=1.16s
[t= 743.2s] rebel stream solves=527360 raw=1194/s balanced=1194/s debt=0 rows steps=2060 horizon=0.19 games=227 over=0 card=0 drop=0 L=0.00950 L/var=0.13 tgt=-0.004/0.265 cfg/b=25702 prep=0.22s gpu=0.00s conv=0.01s add=0.43s train=1.31s
[t= 753.2s] rebel stream solves=538624 raw=1193/s balanced=1193/s debt=0 rows steps=2104 horizon=0.07 games=184 over=0 card=0 drop=0 L=0.00885 L/var=0.13 tgt=-0.009/0.266 cfg/b=26156 prep=0.22s gpu=0.00s conv=0.01s add=0.43s train=1.24s
[t= 763.2s] rebel stream solves=548864 raw=1189/s balanced=1189/s debt=0 rows steps=2144 horizon=0.28 games=226 over=0 card=0 drop=0 L=0.00919 L/var=0.13 tgt=-0.016/0.269 cfg/b=26958 prep=0.20s gpu=0.00s conv=0.01s add=0.39s train=1.13s
[t= 773.2s] rebel stream solves=559104 raw=1185/s balanced=1185/s debt=0 rows steps=2184 horizon=0.12 games=188 over=0 card=0 drop=0 L=0.00943 L/var=0.13 tgt=-0.009/0.271 cfg/b=26679 prep=0.22s gpu=0.00s conv=0.01s add=0.37s train=1.13s
[t= 783.3s] rebel stream solves=570368 raw=1184/s balanced=1184/s debt=0 rows steps=2228 horizon=0.12 games=205 over=0 card=0 drop=0 L=0.00934 L/var=0.14 tgt=-0.002/0.259 cfg/b=27454 prep=0.20s gpu=0.00s conv=0.01s add=0.44s train=1.19s
[t= 793.3s] rebel stream solves=580608 raw=1181/s balanced=1181/s debt=0 rows steps=2268 horizon=0.01 games=148 over=0 card=0 drop=0 L=0.00917 L/var=0.13 tgt=-0.002/0.267 cfg/b=28036 prep=0.18s gpu=0.00s conv=0.01s add=0.39s train=1.08s
[t= 796.6s] --- lr -> 5.00e-04 ---
[t= 803.3s] rebel stream solves=591872 raw=1180/s balanced=1180/s debt=0 rows steps=2312 horizon=0.14 games=222 over=0 card=0 drop=0 L=0.00929 L/var=0.13 tgt=-0.004/0.269 cfg/b=28156 prep=0.20s gpu=0.00s conv=0.01s add=0.43s train=1.21s
[t= 813.4s] rebel stream solves=602112 raw=1176/s balanced=1176/s debt=0 rows steps=2352 horizon=0.20 games=205 over=0 card=0 drop=0 L=0.00901 L/var=0.13 tgt=-0.003/0.266 cfg/b=29064 prep=0.21s gpu=0.00s conv=0.01s add=0.41s train=1.13s
[t= 823.4s] rebel stream solves=611328 raw=1172/s balanced=1172/s debt=0 rows steps=2388 horizon=0.12 games=177 over=0 card=0 drop=0 L=0.00878 L/var=0.13 tgt=-0.004/0.263 cfg/b=28952 prep=0.17s gpu=0.00s conv=0.01s add=0.36s train=0.97s
[t= 833.7s] rebel stream solves=622592 raw=1170/s balanced=1170/s debt=0 rows steps=2432 horizon=0.23 games=235 over=0 card=0 drop=0 L=0.00921 L/var=0.12 tgt=-0.004/0.276 cfg/b=29122 prep=0.21s gpu=0.00s conv=0.01s add=0.45s train=1.20s
[t= 843.7s] rebel stream solves=632832 raw=1167/s balanced=1167/s debt=0 rows steps=2472 horizon=0.04 games=201 over=0 card=0 drop=0 L=0.00946 L/var=0.13 tgt=+0.002/0.266 cfg/b=29917 prep=0.21s gpu=0.00s conv=0.01s add=0.39s train=1.12s
[t= 853.7s] rebel stream solves=643072 raw=1165/s balanced=1165/s debt=0 rows steps=2512 horizon=0.15 games=193 over=0 card=0 drop=0 L=0.00948 L/var=0.13 tgt=+0.003/0.269 cfg/b=30332 prep=0.18s gpu=0.00s conv=0.01s add=0.42s train=1.07s
[t= 863.8s] rebel stream solves=653312 raw=1162/s balanced=1162/s debt=0 rows steps=2552 horizon=0.14 games=184 over=0 card=0 drop=0 L=0.00966 L/var=0.12 tgt=+0.001/0.283 cfg/b=30781 prep=0.20s gpu=0.00s conv=0.01s add=0.41s train=1.11s
[t= 873.8s] rebel stream solves=662528 raw=1158/s balanced=1158/s debt=0 rows steps=2588 horizon=0.07 games=158 over=0 card=0 drop=0 L=0.00956 L/var=0.13 tgt=-0.002/0.276 cfg/b=30576 prep=0.16s gpu=0.00s conv=0.01s add=0.37s train=0.98s
[t= 883.8s] rebel stream solves=670720 raw=1152/s balanced=1152/s debt=0 rows steps=2620 horizon=0.07 games=147 over=0 card=0 drop=0 L=0.00956 L/var=0.12 tgt=+0.000/0.280 cfg/b=31184 prep=0.14s gpu=0.00s conv=0.01s add=0.35s train=0.83s
[t= 893.9s] rebel stream solves=681984 raw=1151/s balanced=1151/s debt=0 rows steps=2664 horizon=0.09 games=199 over=0 card=0 drop=0 L=0.00968 L/var=0.13 tgt=+0.012/0.278 cfg/b=31666 prep=0.23s gpu=0.00s conv=0.01s add=0.42s train=1.24s
[t= 904.0s] rebel stream solves=691200 raw=1147/s balanced=1147/s debt=0 rows steps=2700 horizon=0.02 games=147 over=0 card=0 drop=0 L=0.00886 L/var=0.11 tgt=+0.007/0.279 cfg/b=31839 prep=0.16s gpu=0.00s conv=0.01s add=0.40s train=1.00s
[t= 914.0s] rebel stream solves=701440 raw=1145/s balanced=1145/s debt=0 rows steps=2740 horizon=0.03 games=173 over=0 card=0 drop=0 L=0.00926 L/var=0.11 tgt=+0.003/0.286 cfg/b=31960 prep=0.20s gpu=0.00s conv=0.01s add=0.41s train=1.08s
[t= 924.0s] rebel stream solves=711680 raw=1143/s balanced=1143/s debt=0 rows steps=2780 horizon=0.04 games=161 over=0 card=0 drop=0 L=0.00948 L/var=0.11 tgt=+0.005/0.289 cfg/b=32314 prep=0.23s gpu=0.00s conv=0.01s add=0.47s train=1.15s
[t= 934.1s] rebel stream solves=720896 raw=1140/s balanced=1140/s debt=0 rows steps=2816 horizon=0.11 games=151 over=0 card=0 drop=0 L=0.00935 L/var=0.12 tgt=+0.010/0.285 cfg/b=32279 prep=0.18s gpu=0.00s conv=0.01s add=0.44s train=0.98s
[t= 944.1s] rebel stream solves=730112 raw=1136/s balanced=1136/s debt=0 rows steps=2852 horizon=0.09 games=159 over=0 card=0 drop=0 L=0.00933 L/var=0.11 tgt=-0.005/0.293 cfg/b=31920 prep=0.16s gpu=0.00s conv=0.01s add=0.41s train=0.96s
[t= 954.2s] rebel stream solves=737280 raw=1130/s balanced=1130/s debt=0 rows steps=2880 horizon=0.13 games=159 over=0 card=0 drop=0 L=0.00933 L/var=0.10 tgt=-0.008/0.311 cfg/b=33384 prep=0.13s gpu=0.00s conv=0.01s add=0.32s train=0.77s
[t= 964.2s] rebel stream solves=746496 raw=1127/s balanced=1127/s debt=0 rows steps=2916 horizon=0.06 games=165 over=0 card=0 drop=0 L=0.00954 L/var=0.10 tgt=-0.008/0.302 cfg/b=32468 prep=0.15s gpu=0.00s conv=0.01s add=0.36s train=0.91s
[t= 974.2s] rebel stream solves=756736 raw=1125/s balanced=1125/s debt=0 rows steps=2956 horizon=0.05 games=166 over=0 card=0 drop=0 L=0.00955 L/var=0.11 tgt=-0.006/0.299 cfg/b=32856 prep=0.17s gpu=0.00s conv=0.01s add=0.44s train=1.07s
[t= 984.3s] rebel stream solves=765952 raw=1122/s balanced=1122/s debt=0 rows steps=2992 horizon=0.05 games=161 over=0 card=0 drop=0 L=0.00929 L/var=0.10 tgt=+0.003/0.308 cfg/b=33212 prep=0.16s gpu=0.00s conv=0.01s add=0.35s train=1.00s
[t= 994.4s] rebel stream solves=776192 raw=1120/s balanced=1120/s debt=0 rows steps=3032 horizon=0.03 games=174 over=0 card=0 drop=0 L=0.00932 L/var=0.10 tgt=+0.000/0.312 cfg/b=33285 prep=0.20s gpu=0.00s conv=0.01s add=0.39s train=1.13s
[t=1004.5s] rebel stream solves=785408 raw=1117/s balanced=1117/s debt=0 rows steps=3068 horizon=0.06 games=179 over=0 card=0 drop=0 L=0.00981 L/var=0.11 tgt=+0.009/0.304 cfg/b=33179 prep=0.17s gpu=0.00s conv=0.01s add=0.38s train=0.99s
[t=1014.5s] rebel stream solves=796672 raw=1118/s balanced=1118/s debt=0 rows steps=3112 horizon=0.04 games=220 over=0 card=0 drop=0 L=0.00992 L/var=0.11 tgt=+0.004/0.304 cfg/b=33220 prep=0.21s gpu=0.00s conv=0.01s add=0.42s train=1.22s
[t=1021.6s] --- snapshot snap_02.pt (s2) ---
[t=1024.5s] rebel stream solves=805888 raw=1115/s balanced=1115/s debt=0 rows steps=3148 horizon=0.05 games=157 over=0 card=0 drop=0 L=0.00971 L/var=0.11 tgt=+0.009/0.300 cfg/b=33206 prep=0.20s gpu=0.00s conv=0.01s add=0.37s train=1.03s
[t=1034.5s] rebel stream solves=815104 raw=1112/s balanced=1112/s debt=0 rows steps=3184 horizon=0.07 games=170 over=0 card=0 drop=0 L=0.00980 L/var=0.10 tgt=+0.009/0.307 cfg/b=33537 prep=0.16s gpu=0.00s conv=0.01s add=0.33s train=0.97s
[t=1044.5s] rebel stream solves=824320 raw=1110/s balanced=1110/s debt=0 rows steps=3220 horizon=0.09 games=166 over=0 card=0 drop=0 L=0.00976 L/var=0.10 tgt=+0.006/0.313 cfg/b=33345 prep=0.18s gpu=0.00s conv=0.01s add=0.35s train=1.03s
[t=1054.6s] rebel stream solves=834560 raw=1108/s balanced=1108/s debt=0 rows steps=3260 horizon=0.08 games=205 over=0 card=0 drop=0 L=0.00964 L/var=0.10 tgt=+0.011/0.305 cfg/b=33248 prep=0.20s gpu=0.00s conv=0.01s add=0.41s train=1.12s
[t=1064.6s] rebel stream solves=842752 raw=1104/s balanced=1104/s debt=0 rows steps=3292 horizon=0.04 games=142 over=0 card=0 drop=0 L=0.00966 L/var=0.11 tgt=+0.013/0.303 cfg/b=33571 prep=0.15s gpu=0.00s conv=0.01s add=0.37s train=0.87s
[t=1074.7s] rebel stream solves=851968 raw=1102/s balanced=1102/s debt=0 rows steps=3328 horizon=0.07 games=154 over=0 card=0 drop=0 L=0.00944 L/var=0.10 tgt=+0.011/0.307 cfg/b=33804 prep=0.14s gpu=0.00s conv=0.01s add=0.40s train=0.93s
[t=1084.7s] rebel stream solves=861184 raw=1100/s balanced=1100/s debt=0 rows steps=3364 horizon=0.07 games=145 over=0 card=0 drop=0 L=0.00963 L/var=0.10 tgt=+0.020/0.306 cfg/b=34136 prep=0.15s gpu=0.00s conv=0.01s add=0.36s train=0.95s
[t=1094.7s] rebel stream solves=870400 raw=1097/s balanced=1097/s debt=0 rows steps=3400 horizon=0.04 games=175 over=0 card=0 drop=0 L=0.00949 L/var=0.10 tgt=+0.018/0.315 cfg/b=33912 prep=0.23s gpu=0.00s conv=0.01s add=0.38s train=1.06s
[t=1104.9s] rebel stream solves=880640 raw=1096/s balanced=1096/s debt=0 rows steps=3440 horizon=0.07 games=171 over=0 card=0 drop=0 L=0.00958 L/var=0.10 tgt=+0.022/0.308 cfg/b=34074 prep=0.18s gpu=0.00s conv=0.01s add=0.39s train=1.09s
[t=1115.0s] rebel stream solves=889856 raw=1094/s balanced=1094/s debt=0 rows steps=3476 horizon=0.06 games=143 over=0 card=0 drop=0 L=0.00962 L/var=0.10 tgt=+0.016/0.309 cfg/b=33940 prep=0.23s gpu=0.00s conv=0.01s add=0.42s train=1.07s
[t=1125.0s] rebel stream solves=898048 raw=1091/s balanced=1091/s debt=0 rows steps=3508 horizon=0.05 games=136 over=0 card=0 drop=0 L=0.00954 L/var=0.09 tgt=+0.020/0.330 cfg/b=34498 prep=0.20s gpu=0.00s conv=0.01s add=0.33s train=0.96s
[t=1135.0s] rebel stream solves=907264 raw=1089/s balanced=1089/s debt=0 rows steps=3544 horizon=0.06 games=159 over=0 card=0 drop=0 L=0.00995 L/var=0.09 tgt=+0.021/0.330 cfg/b=34065 prep=0.20s gpu=0.00s conv=0.01s add=0.40s train=1.08s
[t=1145.1s] rebel stream solves=916480 raw=1087/s balanced=1087/s debt=0 rows steps=3580 horizon=0.05 games=158 over=0 card=0 drop=0 L=0.00966 L/var=0.09 tgt=+0.022/0.328 cfg/b=34037 prep=0.18s gpu=0.00s conv=0.01s add=0.38s train=0.98s
[t=1155.1s] rebel stream solves=925696 raw=1085/s balanced=1085/s debt=0 rows steps=3616 horizon=0.05 games=167 over=0 card=0 drop=0 L=0.00967 L/var=0.09 tgt=+0.023/0.326 cfg/b=33928 prep=0.19s gpu=0.00s conv=0.01s add=0.38s train=1.01s
[t=1165.1s] rebel stream solves=935936 raw=1084/s balanced=1084/s debt=0 rows steps=3656 horizon=0.06 games=195 over=0 card=0 drop=0 L=0.00980 L/var=0.09 tgt=+0.026/0.323 cfg/b=34123 prep=0.19s gpu=0.00s conv=0.01s add=0.44s train=1.10s
[t=1175.2s] rebel stream solves=945152 raw=1082/s balanced=1082/s debt=0 rows steps=3692 horizon=0.06 games=168 over=0 card=0 drop=0 L=0.00995 L/var=0.10 tgt=+0.028/0.319 cfg/b=34280 prep=0.17s gpu=0.00s conv=0.01s add=0.38s train=0.98s
[t=1185.2s] rebel stream solves=954368 raw=1080/s balanced=1080/s debt=0 rows steps=3728 horizon=0.07 games=170 over=0 card=0 drop=0 L=0.00944 L/var=0.09 tgt=+0.027/0.328 cfg/b=34143 prep=0.18s gpu=0.00s conv=0.01s add=0.35s train=0.97s
[t=1195.3s] rebel stream solves=963584 raw=1078/s balanced=1078/s debt=0 rows steps=3764 horizon=0.04 games=169 over=0 card=0 drop=0 L=0.01012 L/var=0.10 tgt=+0.028/0.321 cfg/b=34088 prep=0.16s gpu=0.00s conv=0.01s add=0.45s train=0.97s
[t=1205.3s] rebel stream solves=972800 raw=1076/s balanced=1076/s debt=0 rows steps=3800 horizon=0.04 games=150 over=0 card=0 drop=0 L=0.00981 L/var=0.10 tgt=+0.030/0.315 cfg/b=34325 prep=0.16s gpu=0.00s conv=0.01s add=0.43s train=0.98s
[t=1215.3s] rebel stream solves=982016 raw=1075/s balanced=1075/s debt=0 rows steps=3836 horizon=0.05 games=166 over=0 card=0 drop=0 L=0.00955 L/var=0.09 tgt=+0.026/0.329 cfg/b=34227 prep=0.18s gpu=0.00s conv=0.01s add=0.41s train=0.99s
[t=1225.3s] rebel stream solves=992256 raw=1074/s balanced=1074/s debt=0 rows steps=3876 horizon=0.08 games=172 over=0 card=0 drop=0 L=0.00961 L/var=0.09 tgt=+0.025/0.332 cfg/b=34582 prep=0.17s gpu=0.00s conv=0.01s add=0.47s train=1.07s
[t=1235.3s] rebel stream solves=1001472 raw=1073/s balanced=1073/s debt=0 rows steps=3912 horizon=0.08 games=159 over=0 card=0 drop=0 L=0.00916 L/var=0.08 tgt=+0.023/0.336 cfg/b=34608 prep=0.18s gpu=0.00s conv=0.01s add=0.43s train=1.00s
[t=1245.5s] rebel stream solves=1009664 raw=1070/s balanced=1070/s debt=0 rows steps=3944 horizon=0.04 games=159 over=0 card=0 drop=0 L=0.00950 L/var=0.08 tgt=+0.026/0.335 cfg/b=34329 prep=0.20s gpu=0.00s conv=0.01s add=0.42s train=0.90s
[t=1255.5s] rebel stream solves=1017856 raw=1067/s balanced=1067/s debt=0 rows steps=3976 horizon=0.07 games=135 over=0 card=0 drop=0 L=0.00953 L/var=0.09 tgt=+0.031/0.328 cfg/b=35475 prep=0.15s gpu=0.00s conv=0.01s add=0.38s train=0.87s
[t=1265.5s] rebel stream solves=1028096 raw=1067/s balanced=1067/s debt=0 rows steps=4016 horizon=0.03 games=193 over=0 card=0 drop=0 L=0.00912 L/var=0.08 tgt=+0.026/0.329 cfg/b=34909 prep=0.19s gpu=0.00s conv=0.01s add=0.40s train=1.09s
[t=1275.6s] rebel stream solves=1037312 raw=1065/s balanced=1065/s debt=0 rows steps=4052 horizon=0.05 games=166 over=0 card=0 drop=0 L=0.00893 L/var=0.08 tgt=+0.023/0.330 cfg/b=35154 prep=0.17s gpu=0.00s conv=0.01s add=0.40s train=0.96s
[t=1285.6s] rebel stream solves=1046528 raw=1064/s balanced=1064/s debt=0 rows steps=4088 horizon=0.06 games=135 over=0 card=0 drop=0 L=0.00912 L/var=0.08 tgt=+0.026/0.329 cfg/b=35447 prep=0.16s gpu=0.00s conv=0.01s add=0.39s train=0.98s
[t=1295.6s] rebel stream solves=1055744 raw=1062/s balanced=1062/s debt=0 rows steps=4124 horizon=0.07 games=160 over=0 card=0 drop=0 L=0.00924 L/var=0.08 tgt=+0.025/0.342 cfg/b=35773 prep=0.16s gpu=0.00s conv=0.01s add=0.39s train=0.98s
[t=1305.8s] rebel stream solves=1065984 raw=1062/s balanced=1062/s debt=0 rows steps=4164 horizon=0.09 games=165 over=0 card=0 drop=0 L=0.00977 L/var=0.08 tgt=+0.021/0.346 cfg/b=34928 prep=0.21s gpu=0.00s conv=0.01s add=0.43s train=1.11s
[t=1306.6s] --- lr -> 2.50e-04 ---
[t=1315.9s] rebel stream solves=1076224 raw=1061/s balanced=1061/s debt=0 rows steps=4204 horizon=0.03 games=166 over=0 card=0 drop=0 L=0.00939 L/var=0.08 tgt=+0.022/0.353 cfg/b=34957 prep=0.18s gpu=0.00s conv=0.01s add=0.41s train=1.09s
[t=1325.9s] rebel stream solves=1085440 raw=1060/s balanced=1060/s debt=0 rows steps=4240 horizon=0.06 games=161 over=0 card=0 drop=0 L=0.00937 L/var=0.08 tgt=+0.029/0.347 cfg/b=35447 prep=0.16s gpu=0.00s conv=0.01s add=0.41s train=0.96s
[t=1336.0s] rebel stream solves=1095680 raw=1059/s balanced=1059/s debt=0 rows steps=4280 horizon=0.07 games=199 over=0 card=0 drop=0 L=0.00968 L/var=0.08 tgt=+0.032/0.351 cfg/b=35293 prep=0.17s gpu=0.00s conv=0.02s add=0.47s train=1.05s
[t=1346.0s] rebel stream solves=1104896 raw=1058/s balanced=1058/s debt=0 rows steps=4316 horizon=0.07 games=168 over=0 card=0 drop=0 L=0.00953 L/var=0.08 tgt=+0.034/0.342 cfg/b=34864 prep=0.16s gpu=0.00s conv=0.01s add=0.37s train=0.96s
[t=1356.1s] rebel stream solves=1114112 raw=1057/s balanced=1057/s debt=0 rows steps=4352 horizon=0.05 games=162 over=0 card=0 drop=0 L=0.00951 L/var=0.08 tgt=+0.034/0.345 cfg/b=35141 prep=0.19s gpu=0.00s conv=0.01s add=0.39s train=1.00s
[t=1366.1s] rebel stream solves=1123328 raw=1055/s balanced=1055/s debt=0 rows steps=4388 horizon=0.05 games=162 over=0 card=0 drop=0 L=0.00983 L/var=0.08 tgt=+0.025/0.346 cfg/b=35361 prep=0.18s gpu=0.00s conv=0.01s add=0.45s train=0.99s
[t=1376.3s] rebel stream solves=1133568 raw=1055/s balanced=1055/s debt=0 rows steps=4428 horizon=0.05 games=168 over=0 card=0 drop=0 L=0.00954 L/var=0.07 tgt=+0.024/0.363 cfg/b=35552 prep=0.23s gpu=0.00s conv=0.01s add=0.47s train=1.16s
[t=1381.6s] --- snapshot snap_03.pt (s3) ---
[t=1386.3s] rebel stream solves=1141760 raw=1053/s balanced=1053/s debt=0 rows steps=4460 horizon=0.04 games=141 over=0 card=0 drop=0 L=0.00946 L/var=0.07 tgt=+0.026/0.357 cfg/b=35618 prep=0.17s gpu=0.00s conv=0.01s add=0.40s train=0.92s
[t=1396.4s] rebel stream solves=1150976 raw=1051/s balanced=1051/s debt=0 rows steps=4496 horizon=0.07 games=164 over=0 card=0 drop=0 L=0.00910 L/var=0.07 tgt=+0.019/0.357 cfg/b=36120 prep=0.17s gpu=0.00s conv=0.01s add=0.43s train=0.99s
[t=1406.4s] rebel stream solves=1159168 raw=1049/s balanced=1049/s debt=0 rows steps=4528 horizon=0.07 games=153 over=0 card=0 drop=0 L=0.00995 L/var=0.08 tgt=+0.024/0.354 cfg/b=35834 prep=0.16s gpu=0.00s conv=0.01s add=0.41s train=0.90s
[t=1416.4s] rebel stream solves=1167360 raw=1047/s balanced=1047/s debt=0 rows steps=4560 horizon=0.07 games=148 over=0 card=0 drop=0 L=0.01011 L/var=0.08 tgt=+0.024/0.358 cfg/b=36348 prep=0.14s gpu=0.00s conv=0.01s add=0.38s train=0.86s
[t=1426.5s] rebel stream solves=1176576 raw=1046/s balanced=1046/s debt=0 rows steps=4596 horizon=0.12 games=178 over=0 card=0 drop=0 L=0.00898 L/var=0.07 tgt=+0.025/0.361 cfg/b=35796 prep=0.18s gpu=0.00s conv=0.02s add=0.44s train=0.96s
[t=1436.5s] rebel stream solves=1184768 raw=1044/s balanced=1044/s debt=0 rows steps=4628 horizon=0.07 games=138 over=0 card=0 drop=0 L=0.00933 L/var=0.07 tgt=+0.031/0.364 cfg/b=36047 prep=0.16s gpu=0.00s conv=0.01s add=0.36s train=0.88s
[t=1446.6s] rebel stream solves=1195008 raw=1044/s balanced=1044/s debt=0 rows steps=4668 horizon=0.06 games=174 over=0 card=0 drop=0 L=0.00912 L/var=0.07 tgt=+0.027/0.372 cfg/b=36873 prep=0.19s gpu=0.00s conv=0.01s add=0.45s train=1.09s
[t=1456.6s] rebel stream solves=1205248 raw=1043/s balanced=1043/s debt=0 rows steps=4708 horizon=0.11 games=210 over=0 card=0 drop=0 L=0.00954 L/var=0.07 tgt=+0.031/0.360 cfg/b=36231 prep=0.18s gpu=0.00s conv=0.01s add=0.43s train=1.06s
[t=1466.6s] rebel stream solves=1214464 raw=1042/s balanced=1042/s debt=0 rows steps=4744 horizon=0.09 games=170 over=0 card=0 drop=0 L=0.00928 L/var=0.07 tgt=+0.033/0.355 cfg/b=36057 prep=0.18s gpu=0.00s conv=0.01s add=0.42s train=0.98s
[t=1476.6s] rebel stream solves=1223680 raw=1041/s balanced=1041/s debt=0 rows steps=4780 horizon=0.05 games=139 over=0 card=0 drop=0 L=0.00901 L/var=0.07 tgt=+0.033/0.362 cfg/b=36532 prep=0.21s gpu=0.00s conv=0.01s add=0.43s train=1.02s
[t=1486.6s] rebel stream solves=1232896 raw=1040/s balanced=1040/s debt=0 rows steps=4816 horizon=0.12 games=154 over=0 card=0 drop=0 L=0.00908 L/var=0.07 tgt=+0.030/0.367 cfg/b=36862 prep=0.23s gpu=0.00s conv=0.01s add=0.44s train=1.05s
[t=1496.6s] rebel stream solves=1242112 raw=1039/s balanced=1039/s debt=0 rows steps=4852 horizon=0.08 games=154 over=0 card=0 drop=0 L=0.00890 L/var=0.07 tgt=+0.021/0.367 cfg/b=35953 prep=0.17s gpu=0.00s conv=0.01s add=0.43s train=0.99s
[t=1506.7s] rebel stream solves=1251328 raw=1038/s balanced=1038/s debt=0 rows steps=4888 horizon=0.06 games=175 over=0 card=0 drop=0 L=0.00972 L/var=0.07 tgt=+0.016/0.368 cfg/b=36209 prep=0.21s gpu=0.00s conv=0.01s add=0.42s train=1.03s
[t=1516.7s] rebel stream solves=1260544 raw=1037/s balanced=1037/s debt=0 rows steps=4924 horizon=0.10 games=152 over=0 card=0 drop=0 L=0.00917 L/var=0.07 tgt=+0.016/0.366 cfg/b=36498 prep=0.17s gpu=0.00s conv=0.01s add=0.44s train=0.98s
[t=1526.8s] rebel stream solves=1269760 raw=1036/s balanced=1036/s debt=0 rows steps=4960 horizon=0.09 games=160 over=0 card=0 drop=0 L=0.00909 L/var=0.07 tgt=+0.029/0.371 cfg/b=36172 prep=0.17s gpu=0.00s conv=0.01s add=0.44s train=0.99s
[t=1536.8s] rebel stream solves=1280000 raw=1036/s balanced=1036/s debt=0 rows steps=5000 horizon=0.07 games=198 over=0 card=0 drop=0 L=0.00907 L/var=0.07 tgt=+0.025/0.371 cfg/b=36353 prep=0.18s gpu=0.00s conv=0.01s add=0.46s train=1.09s
[t=1546.8s] rebel stream solves=1288192 raw=1035/s balanced=1035/s debt=0 rows steps=5032 horizon=0.04 games=152 over=0 card=0 drop=0 L=0.00927 L/var=0.07 tgt=+0.028/0.376 cfg/b=36084 prep=0.19s gpu=0.00s conv=0.01s add=0.38s train=0.92s
[t=1556.8s] rebel stream solves=1297408 raw=1034/s balanced=1034/s debt=0 rows steps=5068 horizon=0.08 games=161 over=0 card=0 drop=0 L=0.00950 L/var=0.07 tgt=+0.028/0.372 cfg/b=36031 prep=0.20s gpu=0.00s conv=0.01s add=0.41s train=1.04s
[t=1566.8s] rebel stream solves=1307648 raw=1033/s balanced=1033/s debt=0 rows steps=5108 horizon=0.08 games=170 over=0 card=0 drop=0 L=0.00927 L/var=0.07 tgt=+0.033/0.374 cfg/b=36076 prep=0.19s gpu=0.00s conv=0.01s add=0.44s train=1.09s
[t=1576.9s] rebel stream solves=1316864 raw=1033/s balanced=1033/s debt=0 rows steps=5144 horizon=0.09 games=147 over=0 card=0 drop=0 L=0.00915 L/var=0.07 tgt=+0.031/0.375 cfg/b=35978 prep=0.18s gpu=0.00s conv=0.01s add=0.35s train=0.99s
[t=1587.0s] rebel stream solves=1328128 raw=1033/s balanced=1033/s debt=0 rows steps=5188 horizon=0.05 games=215 over=0 card=0 drop=0 L=0.00900 L/var=0.06 tgt=+0.036/0.375 cfg/b=36116 prep=0.25s gpu=0.00s conv=0.01s add=0.50s train=1.30s
[t=1597.1s] rebel stream solves=1338368 raw=1033/s balanced=1033/s debt=0 rows steps=5228 horizon=0.08 games=174 over=0 card=0 drop=0 L=0.00883 L/var=0.06 tgt=+0.034/0.370 cfg/b=35557 prep=0.22s gpu=0.00s conv=0.01s add=0.48s train=1.14s
[t=1607.1s] rebel stream solves=1349632 raw=1034/s balanced=1034/s debt=0 rows steps=5272 horizon=0.09 games=190 over=0 card=0 drop=0 L=0.00947 L/var=0.07 tgt=+0.026/0.369 cfg/b=35462 prep=0.22s gpu=0.00s conv=0.01s add=0.43s train=1.22s
[t=1617.1s] rebel stream solves=1359872 raw=1034/s balanced=1034/s debt=0 rows steps=5312 horizon=0.08 games=167 over=0 card=0 drop=0 L=0.00931 L/var=0.07 tgt=+0.032/0.371 cfg/b=35621 prep=0.19s gpu=0.00s conv=0.01s add=0.43s train=1.06s
[t=1627.3s] rebel stream solves=1369088 raw=1033/s balanced=1033/s debt=0 rows steps=5348 horizon=0.08 games=179 over=0 card=0 drop=0 L=0.00906 L/var=0.06 tgt=+0.027/0.383 cfg/b=35787 prep=0.17s gpu=0.00s conv=0.01s add=0.41s train=0.96s
[t=1637.4s] rebel stream solves=1379328 raw=1033/s balanced=1033/s debt=0 rows steps=5388 horizon=0.07 games=179 over=0 card=0 drop=0 L=0.00935 L/var=0.07 tgt=+0.032/0.373 cfg/b=35293 prep=0.18s gpu=0.00s conv=0.01s add=0.45s train=1.11s
[t=1647.4s] rebel stream solves=1389568 raw=1033/s balanced=1033/s debt=0 rows steps=5428 horizon=0.07 games=176 over=0 card=0 drop=0 L=0.00943 L/var=0.07 tgt=+0.041/0.376 cfg/b=35470 prep=0.21s gpu=0.00s conv=0.01s add=0.44s train=1.11s
[t=1657.6s] rebel stream solves=1399808 raw=1032/s balanced=1032/s debt=0 rows steps=5468 horizon=0.09 games=160 over=0 card=0 drop=0 L=0.00935 L/var=0.07 tgt=+0.042/0.373 cfg/b=35331 prep=0.19s gpu=0.00s conv=0.01s add=0.41s train=1.12s
[t=1667.6s] rebel stream solves=1409024 raw=1032/s balanced=1032/s debt=0 rows steps=5504 horizon=0.08 games=163 over=0 card=0 drop=0 L=0.00907 L/var=0.06 tgt=+0.042/0.381 cfg/b=35185 prep=0.18s gpu=0.00s conv=0.01s add=0.41s train=1.01s
[t=1677.6s] rebel stream solves=1419264 raw=1031/s balanced=1031/s debt=0 rows steps=5544 horizon=0.06 games=201 over=0 card=0 drop=0 L=0.00924 L/var=0.06 tgt=+0.046/0.383 cfg/b=34984 prep=0.17s gpu=0.00s conv=0.01s add=0.42s train=1.06s
[t=1687.6s] rebel stream solves=1428480 raw=1031/s balanced=1031/s debt=0 rows steps=5580 horizon=0.07 games=158 over=0 card=0 drop=0 L=0.00927 L/var=0.06 tgt=+0.049/0.382 cfg/b=35259 prep=0.16s gpu=0.00s conv=0.01s add=0.43s train=1.00s
[t=1697.7s] rebel stream solves=1438720 raw=1031/s balanced=1031/s debt=0 rows steps=5620 horizon=0.13 games=181 over=0 card=0 drop=0 L=0.00968 L/var=0.06 tgt=+0.050/0.386 cfg/b=34718 prep=0.18s gpu=0.00s conv=0.01s add=0.42s train=1.04s
[t=1707.7s] rebel stream solves=1448960 raw=1030/s balanced=1030/s debt=0 rows steps=5660 horizon=0.10 games=196 over=0 card=0 drop=0 L=0.00922 L/var=0.06 tgt=+0.040/0.384 cfg/b=34762 prep=0.18s gpu=0.00s conv=0.01s add=0.45s train=1.09s
[t=1717.7s] rebel stream solves=1459200 raw=1030/s balanced=1030/s debt=0 rows steps=5700 horizon=0.07 games=168 over=0 card=0 drop=0 L=0.00977 L/var=0.06 tgt=+0.043/0.388 cfg/b=34545 prep=0.17s gpu=0.00s conv=0.01s add=0.46s train=1.07s
[t=1727.7s] rebel stream solves=1469440 raw=1030/s balanced=1030/s debt=0 rows steps=5740 horizon=0.04 games=187 over=0 card=0 drop=0 L=0.00961 L/var=0.06 tgt=+0.037/0.391 cfg/b=35142 prep=0.19s gpu=0.00s conv=0.01s add=0.49s train=1.10s
[t=1737.7s] rebel stream solves=1479680 raw=1030/s balanced=1030/s debt=0 rows steps=5780 horizon=0.05 games=197 over=0 card=0 drop=0 L=0.00981 L/var=0.07 tgt=+0.046/0.387 cfg/b=35068 prep=0.21s gpu=0.00s conv=0.01s add=0.47s train=1.11s
[t=1741.7s] --- snapshot snap_04.pt (s4) ---
[t=1747.8s] rebel stream solves=1490944 raw=1031/s balanced=1031/s debt=0 rows steps=5824 horizon=0.06 games=201 over=0 card=0 drop=0 L=0.00968 L/var=0.06 tgt=+0.041/0.387 cfg/b=34707 prep=0.20s gpu=0.00s conv=0.01s add=0.43s train=1.16s
[t=1757.8s] rebel stream solves=1501184 raw=1031/s balanced=1031/s debt=0 rows steps=5864 horizon=0.10 games=191 over=0 card=0 drop=0 L=0.00962 L/var=0.07 tgt=+0.048/0.383 cfg/b=34916 prep=0.23s gpu=0.00s conv=0.01s add=0.44s train=1.15s
[t=1767.8s] rebel stream solves=1511424 raw=1031/s balanced=1031/s debt=0 rows steps=5904 horizon=0.06 games=179 over=0 card=0 drop=0 L=0.00979 L/var=0.07 tgt=+0.049/0.386 cfg/b=34379 prep=0.19s gpu=0.00s conv=0.01s add=0.49s train=1.12s
[t=1778.0s] rebel stream solves=1521664 raw=1031/s balanced=1031/s debt=0 rows steps=5944 horizon=0.06 games=189 over=0 card=0 drop=0 L=0.00971 L/var=0.07 tgt=+0.048/0.384 cfg/b=34391 prep=0.19s gpu=0.00s conv=0.01s add=0.48s train=1.10s
[t=1780.0s] --- stopping GPU admission; draining ---
[t=1788.0s] rebel stream solves=1524736 raw=1026/s balanced=1026/s debt=0 rows steps=5956 horizon=0.04 games=85 over=0 card=0 drop=0 L=0.01009 L/var=0.07 tgt=+0.041/0.387 cfg/b=34749 prep=0.05s gpu=0.00s conv=0.00s add=0.16s train=0.35s
[t=1798.0s] rebel stream solves=1524736 raw=1019/s balanced=1019/s debt=0 rows steps=5956 horizon=0.00 games=0 over=0 card=0 drop=0 L=0.00000 L/var=0.00 tgt=+0.000/0.000 cfg/b=0 prep=0.00s gpu=0.00s conv=0.00s add=0.00s train=0.00s
[t=1798.4s] rebel stream solves=1525029 raw=1019/s balanced=1019/s debt=148 rows steps=5957 horizon=0.17 games=6 over=0 card=0 drop=0 L=0.01013 L/var=0.07 tgt=+0.033/0.382 cfg/b=34607 prep=0.01s gpu=0.00s conv=0.00s add=0.02s train=0.03s
[gpu-summary] solves=1525029 optimizer_rows=6099968 debt=148 raw=1017.8/s balanced=1017.7/s horizon=0.06 games=24297 over=0 card=0 exact=0 censored=4608 dropped=0 overrun=0.00s
[ladder] 6 players, 200 games (20/batch, cap 40/pair)
  seed                    greedy vs adam.init                W  9 L  2 D  9  n= 20  score 0.675
  seed                 adam.init vs adam.s1                  W  3 L 17 D  0  n= 20  score 0.150  stop
  seed                   adam.s1 vs adam.s2                  W  6 L 12 D  2  n= 20  score 0.350
  seed                   adam.s2 vs adam.s3                  W  8 L 10 D  2  n= 20  score 0.450
  seed                   adam.s3 vs adam.final               W  9 L  9 D  2  n= 20  score 0.500
  swiss                  adam.s3 vs adam.final               W  6 L 11 D  3  n= 40  score 0.438
  swiss                  adam.s2 vs adam.s3                  W  6 L 13 D  1  n= 40  score 0.388
  swiss                  adam.s1 vs adam.s2                  W  9 L  7 D  4  n= 40  score 0.450
  swiss                  adam.s1 vs adam.s3                  W  3 L 14 D  3  n= 20  score 0.225
  swiss                   greedy vs adam.init                W  7 L  2 D 11  n= 40  score 0.650

=== Elo (runs/adam, greedy = 0) ===
                      player   trained     elo   95%   score
                  adam.final   29.0min     370   108   0.562
                     adam.s3   23.0min     327    71   0.575
                     adam.s2   17.0min     229    78   0.469
                     adam.s1   11.0min     175    83   0.494
                      greedy         -       0   113   0.650
                   adam.init    5.0min    -105    99   0.283
[report] runs/adam/report.html
