[train] runs/v6_shared_3m_e at ea3238e+dirty seed=212 {'minutes': 3.0, 'warm_minutes': 0.0, 'init_weights': '/tmp/v6_shared_init.pt', 'snapshot_every': 15.0, 'depth': 2, 'iters': 64, 'cfr': 'dcfr', 'ladder_games': 0, 'gpu_drain_seconds': 5.0, 'seed': 212}
[cpu] pinned to 36 physical cores
[train] CUDA stream priority -1
[gpu] solve services up on [0, 1]
[cfg] PUBFEAT=897 CFEAT=15 architecture=v6 depth=2 iters=64 budget=180s warm=0s snapshot_every=15min device=cuda:1 draft=random train_gen_ratio=4.0 recent_mix=0.5/0.2 canonical_views=2 cap=2000000 aux_weight=0.15 matmul=high
[t=   0.0s] --- snapshot snap_00.pt (init) ---
[t=   0.0s] --- switching to ReBeL ---
[t=  10.1s] rebel stream solves=6144 raw=612/s balanced=612/s debt=0 rows steps=24 horizon=0.00 games=0 over=0 card=0 drop=0 L=0.02420 L/var=19.49 tgt=+0.079/0.035 aux=0.0014/1.000 cfg/b=133726 prep=0.28s gpu=0.00s conv=0.04s add=0.58s train=3.35s
[t=  20.1s] rebel stream solves=12288 raw=612/s balanced=612/s debt=0 rows steps=48 horizon=0.00 games=0 over=0 card=0 drop=0 L=0.00078 L/var=2.33 tgt=+0.074/0.018 aux=0.0005/1.000 cfg/b=94261 prep=0.21s gpu=0.00s conv=0.01s add=0.34s train=1.77s
[t=  30.1s] rebel stream solves=14336 raw=476/s balanced=476/s debt=0 rows steps=56 horizon=0.00 games=0 over=0 card=0 drop=0 L=0.00029 L/var=1.09 tgt=+0.083/0.016 aux=0.0002/1.000 cfg/b=157388 prep=0.13s gpu=0.00s conv=0.04s add=0.41s train=0.74s
[t=  40.1s] rebel stream solves=15360 raw=383/s balanced=383/s debt=0 rows steps=60 horizon=0.00 games=0 over=0 card=0 drop=0 L=0.00026 L/var=1.17 tgt=+0.091/0.015 aux=0.0001/1.000 cfg/b=236727 prep=0.11s gpu=0.00s conv=0.03s add=0.35s train=0.49s
Traceback (most recent call last):
  File "/workspace/warchest-engine/train/train.py", line 940, in <module>
    main()
  File "/workspace/warchest-engine/train/train.py", line 930, in main
    run_gpu_stream()
  File "/workspace/warchest-engine/train/train.py", line 719, in run_gpu_stream
    data = gen.next(timeout=0.05)
           ^^^^^^^^^^^^^^^^^^^^^^
RuntimeError: GPU stream solve failed: wave arena allocation (1073741824 elements): DriverError(CUDA_ERROR_OUT_OF_MEMORY, "out of memory")
