[train] runs/gt_balanced_smoke at 1feb485+dirty seed=1 {'minutes': 3.0, 'warm_minutes': 0.5, 'snapshot_every': 1.0, 'ladder_games': 0, 'note': 'balanced-cpu-gpu-profile'}
[train] balanced-cpu-gpu-profile
[cpu] pinned to 36 physical cores
[train] CUDA stream priority -1
[cfg] PUBFEAT=897 CFEAT=15 architecture=gt-cfr nodes=256 expand=4 iters=16 budget=180s warm=30s snapshot_every=1min device=cuda:1 draft=random train_gen_ratio=64.0 recent_mix=0.5/0.2 canonical_views=2 cap=2000000 matmul=high
[t=   1.6s] greedy ep  0 games=  96 dec= 18968 rows= 18118 horizon=0.30 L=2.22084 L/var=15.08 tgt=-0.065/0.384 pstd=0.088 gen=0.1s train=1.4s
[t=   2.7s] greedy ep  1 games=  96 dec= 18844 rows= 18051 horizon=0.33 L=0.54198 L/var=3.12 tgt=-0.083/0.417 pstd=0.060 gen=0.1s train=0.9s
[t=   3.8s] greedy ep  2 games=  96 dec= 18181 rows= 17414 horizon=0.27 L=0.45015 L/var=2.85 tgt=-0.076/0.397 pstd=0.044 gen=0.1s train=0.9s
[t=   4.9s] greedy ep  3 games=  96 dec= 17989 rows= 17120 horizon=0.26 L=0.33690 L/var=2.22 tgt=-0.077/0.389 pstd=0.041 gen=0.1s train=0.9s
[t=   6.2s] greedy ep  4 games=  96 dec= 18823 rows= 18078 horizon=0.29 L=0.29776 L/var=1.94 tgt=-0.064/0.392 pstd=0.033 gen=0.1s train=1.0s
[t=   7.4s] greedy ep  5 games=  96 dec= 18924 rows= 18146 horizon=0.33 L=0.29255 L/var=1.98 tgt=-0.051/0.384 pstd=0.061 gen=0.1s train=1.0s
[t=   8.5s] greedy ep  6 games=  96 dec= 17615 rows= 16921 horizon=0.26 L=0.23102 L/var=1.43 tgt=-0.082/0.402 pstd=0.100 gen=0.1s train=0.9s
[t=   9.7s] greedy ep  7 games=  96 dec= 18608 rows= 17786 horizon=0.36 L=0.25776 L/var=1.48 tgt=-0.092/0.417 pstd=0.062 gen=0.1s train=0.9s
[t=  10.9s] greedy ep  8 games=  96 dec= 19040 rows= 18296 horizon=0.36 L=0.22090 L/var=1.39 tgt=-0.064/0.398 pstd=0.089 gen=0.1s train=1.0s
[t=  12.0s] greedy ep  9 games=  96 dec= 18200 rows= 17459 horizon=0.27 L=0.23306 L/var=1.38 tgt=-0.090/0.411 pstd=0.109 gen=0.1s train=0.9s
[t=  13.2s] greedy ep 10 games=  96 dec= 17927 rows= 17200 horizon=0.24 L=0.29760 L/var=1.82 tgt=-0.082/0.404 pstd=0.071 gen=0.1s train=0.9s
[t=  14.3s] greedy ep 11 games=  96 dec= 17941 rows= 17162 horizon=0.28 L=0.26888 L/var=1.68 tgt=-0.100/0.400 pstd=0.051 gen=0.1s train=0.9s
[t=  15.5s] greedy ep 12 games=  96 dec= 17384 rows= 16648 horizon=0.25 L=0.23231 L/var=1.70 tgt=-0.053/0.370 pstd=0.059 gen=0.1s train=0.9s
[t=  16.6s] greedy ep 13 games=  96 dec= 18153 rows= 17377 horizon=0.28 L=0.23168 L/var=1.45 tgt=-0.090/0.400 pstd=0.064 gen=0.1s train=0.9s
[t=  17.8s] greedy ep 14 games=  96 dec= 18097 rows= 17377 horizon=0.26 L=0.22743 L/var=1.51 tgt=-0.061/0.388 pstd=0.077 gen=0.1s train=0.9s
[t=  19.0s] greedy ep 15 games=  96 dec= 18356 rows= 17581 horizon=0.30 L=0.23190 L/var=1.40 tgt=-0.075/0.407 pstd=0.093 gen=0.1s train=0.9s
[t=  20.2s] greedy ep 16 games=  96 dec= 19141 rows= 18328 horizon=0.32 L=0.21557 L/var=1.35 tgt=-0.060/0.400 pstd=0.150 gen=0.1s train=1.0s
[t=  21.4s] greedy ep 17 games=  96 dec= 18885 rows= 18173 horizon=0.30 L=0.20895 L/var=1.24 tgt=-0.075/0.410 pstd=0.130 gen=0.1s train=1.0s
[t=  22.6s] greedy ep 18 games=  96 dec= 17886 rows= 17103 horizon=0.25 L=0.20688 L/var=1.39 tgt=-0.064/0.386 pstd=0.173 gen=0.1s train=0.9s
[t=  23.7s] greedy ep 19 games=  96 dec= 17738 rows= 16961 horizon=0.23 L=0.20529 L/var=1.10 tgt=-0.108/0.433 pstd=0.177 gen=0.1s train=0.9s
[t=  24.9s] greedy ep 20 games=  96 dec= 17716 rows= 17039 horizon=0.28 L=0.20075 L/var=1.09 tgt=-0.090/0.429 pstd=0.183 gen=0.1s train=0.9s
[t=  26.1s] greedy ep 21 games=  96 dec= 17777 rows= 17032 horizon=0.23 L=0.19620 L/var=1.22 tgt=-0.097/0.401 pstd=0.172 gen=0.1s train=0.9s
[t=  27.2s] greedy ep 22 games=  96 dec= 18472 rows= 17732 horizon=0.33 L=0.19811 L/var=1.26 tgt=-0.079/0.396 pstd=0.202 gen=0.1s train=0.9s
[t=  28.4s] greedy ep 23 games=  96 dec= 18429 rows= 17627 horizon=0.27 L=0.21333 L/var=1.39 tgt=-0.079/0.391 pstd=0.163 gen=0.1s train=0.9s
[t=  29.6s] greedy ep 24 games=  96 dec= 18992 rows= 18327 horizon=0.35 L=0.20586 L/var=1.21 tgt=-0.080/0.412 pstd=0.167 gen=0.1s train=1.0s
[t=  30.8s] greedy ep 25 games=  96 dec= 18039 rows= 17262 horizon=0.23 L=0.19717 L/var=1.13 tgt=-0.097/0.418 pstd=0.173 gen=0.1s train=0.9s
[t=  30.8s] --- snapshot snap_00.pt (init) ---
[t=  30.8s] --- switching to GT-CFR ---
[t=  41.8s] GT-CFR solves=296 rate=27.1/s rows=168 games=0 caps=0 L=0.03331 L/var=10.86 tgt=-0.010/0.055 gen=4.86s train=0.08s gpu=0.00s
[t=  53.6s] GT-CFR solves=872 rate=38.3/s rows=140 games=0 caps=0 L=0.01221 L/var=25.88 tgt=+0.017/0.022 gen=5.56s train=0.10s gpu=0.00s
[t=  63.6s] GT-CFR solves=1344 rate=41.0/s rows=75 games=0 caps=0 L=0.00607 L/var=6.94 tgt=-0.032/0.030 gen=6.44s train=0.09s gpu=0.00s
[t=  73.7s] GT-CFR solves=1760 rate=41.0/s rows=86 games=0 caps=0 L=0.00409 L/var=276.68 tgt=-0.002/0.004 gen=6.62s train=0.09s gpu=0.00s
[t=  80.6s] --- lr -> 5.00e-04 ---
[t=  83.7s] GT-CFR solves=2248 rate=42.5/s rows=57 games=0 caps=0 L=0.00247 L/var=46.01 tgt=-0.003/0.007 gen=7.10s train=0.11s gpu=0.00s
[t=  91.5s] --- snapshot snap_01.pt (s1) ---
[t=  93.9s] GT-CFR solves=2672 rate=42.3/s rows=103 games=0 caps=0 L=0.00232 L/var=50.99 tgt=+0.005/0.007 gen=6.04s train=0.09s gpu=0.00s
[t= 104.4s] GT-CFR solves=3152 rate=42.9/s rows=69 games=0 caps=0 L=0.00188 L/var=58.65 tgt=-0.002/0.006 gen=6.11s train=0.09s gpu=0.00s
[t= 114.5s] GT-CFR solves=3592 rate=42.9/s rows=69 games=0 caps=0 L=0.00215 L/var=114.86 tgt=+0.003/0.004 gen=6.74s train=0.11s gpu=0.00s
[t= 124.7s] GT-CFR solves=4000 rate=42.6/s rows=32 games=0 caps=0 L=0.00138 L/var=147.61 tgt=+0.001/0.003 gen=8.01s train=0.10s gpu=0.00s
[t= 131.4s] --- lr -> 2.50e-04 ---
[t= 134.7s] GT-CFR solves=4416 rate=42.5/s rows=119 games=0 caps=0 L=0.00219 L/var=403.95 tgt=-0.001/0.002 gen=7.98s train=0.10s gpu=0.00s
[t= 144.8s] GT-CFR solves=4848 rate=42.5/s rows=22 games=0 caps=0 L=0.00071 L/var=27.97 tgt=+0.010/0.005 gen=5.95s train=0.09s gpu=0.00s
[t= 151.7s] --- snapshot snap_02.pt (s2) ---
[t= 155.4s] GT-CFR solves=5328 rate=42.8/s rows=53 games=0 caps=0 L=0.00164 L/var=119.93 tgt=-0.002/0.004 gen=6.39s train=0.10s gpu=0.00s
[t= 165.9s] GT-CFR solves=5824 rate=43.1/s rows=10 games=0 caps=0 L=0.00200 L/var=100.89 tgt=+0.002/0.004 gen=16.37s train=0.05s gpu=0.00s
[t= 175.9s] GT-CFR solves=6256 rate=43.1/s rows=100 games=0 caps=0 L=0.00239 L/var=109.32 tgt=+0.007/0.005 gen=4.49s train=0.08s gpu=0.00s
[GT-CFR-summary] solves=6488 optimizer_rows=414720 rate=40.7/s horizon=0.00 games=5 caps=0
[t= 190.3s] --- snapshot snap_03.pt (final) ---
