[gpu] solve services up on [0, 1]
[cfg] PUBFEAT=897 CFEAT=16 hidden=384 head=384 dg=64 rank=64 depth=2 iters=64 budget=600s warm=300s device=cuda:1 draft=random snapshot_every=6.0min train_gen_ratio=4.0 recent_mix=0.5/0.2 augment=True cap=2000000 matmul=high
[t=   2.3s] greedy ep  0 games=  96 dec= 19020 rows= 18171 horizon=0.30 nodecap=0 over=0 exact=0 drop=0 cfgs= 27.4 L=0.07848 P=nan old=0.01388 new=0.00388 tgt=-0.023/0.480 pstd=0.464 capv=0.040 lr=1.0e-03 gen=0.1s conv=0.0s add=0.1s train=2.1s sps=0
[t=   4.1s] greedy ep  1 games=  96 dec= 18777 rows= 17977 horizon=0.32 nodecap=0 over=0 exact=0 drop=0 cfgs= 26.6 L=0.03364 P=nan old=0.01322 new=0.00368 tgt=-0.059/0.493 pstd=0.479 capv=0.040 lr=1.0e-03 gen=0.1s conv=0.0s add=0.1s train=1.6s sps=0
[t=   5.9s] greedy ep  2 games=  96 dec= 18179 rows= 17397 horizon=0.26 nodecap=0 over=0 exact=0 drop=0 cfgs= 27.9 L=0.02973 P=nan old=0.00987 new=0.00388 tgt=-0.018/0.516 pstd=0.473 capv=0.040 lr=1.0e-03 gen=0.1s conv=0.0s add=0.1s train=1.6s sps=0
[t=   7.7s] greedy ep  3 games=  96 dec= 17876 rows= 17033 horizon=0.26 nodecap=0 over=0 exact=0 drop=0 cfgs= 26.4 L=0.02644 P=nan old=0.01136 new=0.00416 tgt=-0.027/0.498 pstd=0.470 capv=0.040 lr=1.0e-03 gen=0.1s conv=0.0s add=0.1s train=1.6s sps=0
[t=   9.6s] greedy ep  4 games=  96 dec= 19004 rows= 18249 horizon=0.31 nodecap=0 over=0 exact=0 drop=0 cfgs= 28.3 L=0.02314 P=nan old=0.00930 new=0.00452 tgt=-0.025/0.465 pstd=0.466 capv=0.040 lr=1.0e-03 gen=0.1s conv=0.0s add=0.1s train=1.7s sps=0
[t=  11.5s] greedy ep  5 games=  96 dec= 19345 rows= 18536 horizon=0.35 nodecap=0 over=0 exact=0 drop=0 cfgs= 26.4 L=0.02059 P=nan old=0.00961 new=0.00450 tgt=-0.026/0.492 pstd=0.473 capv=0.040 lr=1.0e-03 gen=0.1s conv=0.0s add=0.1s train=1.7s sps=0
[t=  13.3s] greedy ep  6 games=  96 dec= 17785 rows= 17102 horizon=0.28 nodecap=0 over=0 exact=0 drop=0 cfgs= 26.9 L=0.02253 P=nan old=0.01069 new=0.00713 tgt=-0.040/0.500 pstd=0.475 capv=0.040 lr=1.0e-03 gen=0.1s conv=0.0s add=0.1s train=1.6s sps=0
[t=  15.1s] greedy ep  7 games=  96 dec= 18319 rows= 17483 horizon=0.32 nodecap=0 over=0 exact=0 drop=0 cfgs= 27.7 L=0.01996 P=nan old=0.01047 new=0.00544 tgt=-0.059/0.503 pstd=0.473 capv=0.040 lr=1.0e-03 gen=0.1s conv=0.0s add=0.1s train=1.6s sps=0
[t=  16.9s] greedy ep  8 games=  96 dec= 18824 rows= 18083 horizon=0.34 nodecap=0 over=0 exact=0 drop=0 cfgs= 26.1 L=0.01814 P=nan old=0.01160 new=0.00599 tgt=-0.018/0.491 pstd=0.468 capv=0.040 lr=1.0e-03 gen=0.1s conv=0.0s add=0.1s train=1.7s sps=0
[t=  18.7s] greedy ep  9 games=  96 dec= 18100 rows= 17381 horizon=0.26 nodecap=0 over=0 exact=0 drop=0 cfgs= 26.3 L=0.01814 P=nan old=0.01012 new=0.00715 tgt=-0.043/0.522 pstd=0.467 capv=0.040 lr=1.0e-03 gen=0.1s conv=0.0s add=0.1s train=1.6s sps=0
[t=  20.5s] greedy ep 10 games=  96 dec= 17757 rows= 17029 horizon=0.23 nodecap=0 over=0 exact=0 drop=0 cfgs= 28.7 L=0.01878 P=nan old=0.01273 new=0.00928 tgt=-0.035/0.525 pstd=0.467 capv=0.040 lr=1.0e-03 gen=0.1s conv=0.0s add=0.1s train=1.6s sps=0
[t=  22.3s] greedy ep 11 games=  96 dec= 18043 rows= 17250 horizon=0.28 nodecap=0 over=0 exact=0 drop=0 cfgs= 27.7 L=0.01856 P=nan old=0.01226 new=0.00693 tgt=-0.047/0.493 pstd=0.469 capv=0.040 lr=1.0e-03 gen=0.1s conv=0.0s add=0.1s train=1.6s sps=0
[t=  24.0s] greedy ep 12 games=  96 dec= 17420 rows= 16700 horizon=0.25 nodecap=0 over=0 exact=0 drop=0 cfgs= 27.9 L=0.01943 P=nan old=0.01223 new=0.00826 tgt=-0.028/0.502 pstd=0.464 capv=0.040 lr=1.0e-03 gen=0.1s conv=0.0s add=0.1s train=1.6s sps=0
[t=  25.5s] greedy ep 13 games=  96 dec= 18339 rows= 17564 horizon=0.29 nodecap=0 over=0 exact=0 drop=0 cfgs= 27.2 L=0.01784 P=nan old=0.01222 new=0.00755 tgt=-0.034/0.497 pstd=0.474 capv=0.040 lr=1.0e-03 gen=0.1s conv=0.0s add=0.1s train=1.3s sps=0
[t=  27.2s] greedy ep 14 games=  96 dec= 17985 rows= 17266 horizon=0.25 nodecap=0 over=0 exact=0 drop=0 cfgs= 27.8 L=0.01818 P=nan old=0.01284 new=0.00836 tgt=-0.037/0.515 pstd=0.463 capv=0.040 lr=1.0e-03 gen=0.1s conv=0.0s add=0.0s train=1.5s sps=0
[t=  29.0s] greedy ep 15 games=  96 dec= 18309 rows= 17520 horizon=0.30 nodecap=0 over=0 exact=0 drop=0 cfgs= 26.8 L=0.01717 P=nan old=0.01432 new=0.00876 tgt=-0.021/0.493 pstd=0.465 capv=0.040 lr=1.0e-03 gen=0.1s conv=0.0s add=0.1s train=1.6s sps=0
[t=  30.9s] greedy ep 16 games=  96 dec= 19097 rows= 18291 horizon=0.33 nodecap=0 over=0 exact=0 drop=0 cfgs= 27.3 L=0.01668 P=nan old=0.01285 new=0.00780 tgt=+0.006/0.479 pstd=0.475 capv=0.040 lr=1.0e-03 gen=0.1s conv=0.0s add=0.1s train=1.7s sps=0
[t=  32.7s] greedy ep 17 games=  96 dec= 18142 rows= 17461 horizon=0.26 nodecap=0 over=0 exact=0 drop=0 cfgs= 27.3 L=0.01626 P=nan old=0.01300 new=0.00900 tgt=-0.054/0.518 pstd=0.472 capv=0.040 lr=1.0e-03 gen=0.1s conv=0.0s add=0.1s train=1.6s sps=0
[t=  34.5s] greedy ep 18 games=  96 dec= 17690 rows= 16896 horizon=0.22 nodecap=0 over=0 exact=0 drop=0 cfgs= 26.3 L=0.01790 P=nan old=0.01350 new=0.00763 tgt=-0.021/0.516 pstd=0.463 capv=0.040 lr=1.0e-03 gen=0.1s conv=0.0s add=0.1s train=1.6s sps=0
[t=  36.3s] greedy ep 19 games=  96 dec= 17806 rows= 17037 horizon=0.25 nodecap=0 over=0 exact=0 drop=0 cfgs= 27.5 L=0.01820 P=nan old=0.01446 new=0.00939 tgt=-0.059/0.527 pstd=0.457 capv=0.040 lr=1.0e-03 gen=0.1s conv=0.0s add=0.1s train=1.6s sps=0
[t=  38.0s] greedy ep 20 games=  96 dec= 17813 rows= 17128 horizon=0.28 nodecap=0 over=0 exact=0 drop=0 cfgs= 27.0 L=0.01645 P=nan old=0.01354 new=0.00840 tgt=-0.068/0.519 pstd=0.475 capv=0.040 lr=1.0e-03 gen=0.1s conv=0.0s add=0.1s train=1.6s sps=0
[t=  39.7s] greedy ep 21 games=  96 dec= 17800 rows= 17085 horizon=0.25 nodecap=0 over=0 exact=0 drop=0 cfgs= 28.0 L=0.01669 P=nan old=0.01633 new=0.00995 tgt=-0.054/0.513 pstd=0.462 capv=0.040 lr=1.0e-03 gen=0.1s conv=0.0s add=0.1s train=1.6s sps=0
[t=  41.5s] greedy ep 22 games=  96 dec= 18528 rows= 17771 horizon=0.31 nodecap=0 over=0 exact=0 drop=0 cfgs= 26.7 L=0.01567 P=nan old=0.01220 new=0.00909 tgt=-0.028/0.488 pstd=0.474 capv=0.040 lr=1.0e-03 gen=0.1s conv=0.0s add=0.1s train=1.6s sps=0
[t=  43.3s] greedy ep 23 games=  96 dec= 18486 rows= 17685 horizon=0.28 nodecap=0 over=0 exact=0 drop=0 cfgs= 25.6 L=0.01590 P=nan old=0.01278 new=0.00877 tgt=-0.008/0.478 pstd=0.476 capv=0.040 lr=1.0e-03 gen=0.1s conv=0.0s add=0.1s train=1.6s sps=0
[t=  45.2s] greedy ep 24 games=  96 dec= 19060 rows= 18394 horizon=0.35 nodecap=0 over=0 exact=0 drop=0 cfgs= 25.6 L=0.01713 P=nan old=0.01522 new=0.01046 tgt=-0.011/0.480 pstd=0.469 capv=0.040 lr=1.0e-03 gen=0.1s conv=0.0s add=0.1s train=1.7s sps=0
[t=  47.0s] greedy ep 25 games=  96 dec= 18086 rows= 17335 horizon=0.23 nodecap=0 over=0 exact=0 drop=0 cfgs= 27.3 L=0.01802 P=nan old=0.01415 new=0.00888 tgt=-0.026/0.520 pstd=0.469 capv=0.040 lr=1.0e-03 gen=0.1s conv=0.0s add=0.1s train=1.6s sps=0
[t=  48.9s] greedy ep 26 games=  96 dec= 19692 rows= 18851 horizon=0.33 nodecap=0 over=0 exact=0 drop=0 cfgs= 26.5 L=0.01614 P=nan old=0.01344 new=0.00905 tgt=-0.031/0.495 pstd=0.478 capv=0.040 lr=1.0e-03 gen=0.1s conv=0.0s add=0.1s train=1.7s sps=0
[t=  50.7s] greedy ep 27 games=  96 dec= 18267 rows= 17486 horizon=0.26 nodecap=0 over=0 exact=0 drop=0 cfgs= 28.3 L=0.01615 P=nan old=0.01580 new=0.00901 tgt=-0.023/0.486 pstd=0.478 capv=0.040 lr=1.0e-03 gen=0.1s conv=0.0s add=0.1s train=1.6s sps=0
[t=  52.5s] greedy ep 28 games=  96 dec= 19074 rows= 18289 horizon=0.30 nodecap=0 over=0 exact=0 drop=0 cfgs= 27.0 L=0.01708 P=nan old=0.01534 new=0.01000 tgt=-0.044/0.496 pstd=0.475 capv=0.040 lr=1.0e-03 gen=0.1s conv=0.0s add=0.1s train=1.7s sps=0
[t=  54.3s] greedy ep 29 games=  96 dec= 18686 rows= 17929 horizon=0.26 nodecap=0 over=0 exact=0 drop=0 cfgs= 28.4 L=0.01832 P=nan old=0.01475 new=0.00969 tgt=-0.052/0.512 pstd=0.470 capv=0.040 lr=1.0e-03 gen=0.1s conv=0.0s add=0.1s train=1.6s sps=0
[t=  56.1s] greedy ep 30 games=  96 dec= 19082 rows= 18260 horizon=0.30 nodecap=0 over=0 exact=0 drop=0 cfgs= 27.4 L=0.01811 P=nan old=0.01656 new=0.01016 tgt=-0.028/0.480 pstd=0.459 capv=0.040 lr=1.0e-03 gen=0.1s conv=0.0s add=0.1s train=1.7s sps=0
[t=  58.0s] greedy ep 31 games=  96 dec= 18482 rows= 17679 horizon=0.27 nodecap=0 over=0 exact=0 drop=0 cfgs= 28.1 L=0.01768 P=nan old=0.01527 new=0.01000 tgt=-0.042/0.504 pstd=0.466 capv=0.040 lr=1.0e-03 gen=0.1s conv=0.0s add=0.1s train=1.6s sps=0
[t=  59.8s] greedy ep 32 games=  96 dec= 18699 rows= 17926 horizon=0.32 nodecap=0 over=0 exact=0 drop=0 cfgs= 26.5 L=0.01642 P=nan old=0.01485 new=0.00927 tgt=-0.012/0.483 pstd=0.480 capv=0.040 lr=1.0e-03 gen=0.1s conv=0.0s add=0.1s train=1.6s sps=0
[t=  61.6s] greedy ep 33 games=  96 dec= 18814 rows= 17970 horizon=0.31 nodecap=0 over=0 exact=0 drop=0 cfgs= 27.4 L=0.01623 P=nan old=0.01364 new=0.00932 tgt=-0.000/0.514 pstd=0.474 capv=0.040 lr=1.0e-03 gen=0.1s conv=0.0s add=0.1s train=1.6s sps=0
[t=  63.4s] greedy ep 34 games=  96 dec= 18975 rows= 18126 horizon=0.32 nodecap=0 over=0 exact=0 drop=0 cfgs= 26.1 L=0.01616 P=nan old=0.01554 new=0.01103 tgt=+0.015/0.454 pstd=0.476 capv=0.040 lr=1.0e-03 gen=0.1s conv=0.0s add=0.1s train=1.7s sps=0
[t=  65.2s] greedy ep 35 games=  96 dec= 17981 rows= 17250 horizon=0.25 nodecap=0 over=0 exact=0 drop=0 cfgs= 27.3 L=0.01672 P=nan old=0.01546 new=0.00954 tgt=-0.035/0.521 pstd=0.462 capv=0.040 lr=1.0e-03 gen=0.1s conv=0.0s add=0.1s train=1.6s sps=0
[t=  67.0s] greedy ep 36 games=  96 dec= 19092 rows= 18239 horizon=0.28 nodecap=0 over=0 exact=0 drop=0 cfgs= 26.9 L=0.01710 P=nan old=0.01552 new=0.01072 tgt=-0.049/0.487 pstd=0.463 capv=0.040 lr=1.0e-03 gen=0.1s conv=0.0s add=0.1s train=1.7s sps=0
[t=  68.8s] greedy ep 37 games=  96 dec= 18212 rows= 17370 horizon=0.32 nodecap=0 over=0 exact=0 drop=0 cfgs= 27.9 L=0.01660 P=nan old=0.01578 new=0.01303 tgt=-0.034/0.532 pstd=0.466 capv=0.040 lr=1.0e-03 gen=0.1s conv=0.0s add=0.1s train=1.6s sps=0
[t=  70.7s] greedy ep 38 games=  96 dec= 19351 rows= 18505 horizon=0.33 nodecap=0 over=0 exact=0 drop=0 cfgs= 26.4 L=0.01704 P=nan old=0.01650 new=0.01191 tgt=-0.019/0.471 pstd=0.455 capv=0.040 lr=1.0e-03 gen=0.1s conv=0.0s add=0.1s train=1.7s sps=0
[t=  72.5s] greedy ep 39 games=  96 dec= 18608 rows= 17838 horizon=0.27 nodecap=0 over=0 exact=0 drop=0 cfgs= 27.1 L=0.01783 P=nan old=0.01673 new=0.01052 tgt=-0.038/0.510 pstd=0.467 capv=0.040 lr=1.0e-03 gen=0.1s conv=0.0s add=0.1s train=1.6s sps=0
[t=  74.3s] greedy ep 40 games=  96 dec= 18599 rows= 17855 horizon=0.32 nodecap=0 over=0 exact=0 drop=0 cfgs= 28.4 L=0.01661 P=nan old=0.01662 new=0.01034 tgt=+0.005/0.467 pstd=0.470 capv=0.040 lr=1.0e-03 gen=0.1s conv=0.0s add=0.1s train=1.6s sps=0
[t=  76.1s] greedy ep 41 games=  96 dec= 18879 rows= 18021 horizon=0.30 nodecap=0 over=0 exact=0 drop=0 cfgs= 28.3 L=0.01695 P=nan old=0.01705 new=0.01039 tgt=-0.041/0.500 pstd=0.458 capv=0.040 lr=1.0e-03 gen=0.1s conv=0.0s add=0.1s train=1.6s sps=0
[t=  78.0s] greedy ep 42 games=  96 dec= 18947 rows= 18147 horizon=0.34 nodecap=0 over=0 exact=0 drop=0 cfgs= 28.4 L=0.01652 P=nan old=0.01688 new=0.00996 tgt=-0.025/0.504 pstd=0.471 capv=0.040 lr=1.0e-03 gen=0.1s conv=0.0s add=0.1s train=1.7s sps=0
[t=  79.9s] greedy ep 43 games=  96 dec= 19299 rows= 18456 horizon=0.33 nodecap=0 over=0 exact=0 drop=0 cfgs= 26.1 L=0.01747 P=nan old=0.01507 new=0.01023 tgt=-0.062/0.468 pstd=0.472 capv=0.040 lr=1.0e-03 gen=0.1s conv=0.0s add=0.1s train=1.7s sps=0
[t=  81.7s] greedy ep 44 games=  96 dec= 18356 rows= 17540 horizon=0.27 nodecap=0 over=0 exact=0 drop=0 cfgs= 28.6 L=0.01636 P=nan old=0.01591 new=0.00942 tgt=-0.013/0.488 pstd=0.450 capv=0.040 lr=1.0e-03 gen=0.1s conv=0.0s add=0.1s train=1.6s sps=0
[t=  83.4s] greedy ep 45 games=  96 dec= 17718 rows= 17069 horizon=0.27 nodecap=0 over=0 exact=0 drop=0 cfgs= 28.9 L=0.01812 P=nan old=0.01770 new=0.01209 tgt=-0.085/0.518 pstd=0.449 capv=0.040 lr=1.0e-03 gen=0.1s conv=0.0s add=0.1s train=1.6s sps=0
[t=  85.2s] greedy ep 46 games=  96 dec= 18039 rows= 17287 horizon=0.28 nodecap=0 over=0 exact=0 drop=0 cfgs= 28.7 L=0.01784 P=nan old=0.01723 new=0.01148 tgt=-0.014/0.496 pstd=0.456 capv=0.040 lr=1.0e-03 gen=0.1s conv=0.0s add=0.1s train=1.6s sps=0
[t=  87.0s] greedy ep 47 games=  96 dec= 18992 rows= 18184 horizon=0.29 nodecap=0 over=0 exact=0 drop=0 cfgs= 27.2 L=0.01743 P=nan old=0.01528 new=0.01092 tgt=-0.022/0.475 pstd=0.462 capv=0.040 lr=1.0e-03 gen=0.1s conv=0.0s add=0.1s train=1.7s sps=0
[t=  88.8s] greedy ep 48 games=  96 dec= 18106 rows= 17409 horizon=0.29 nodecap=0 over=0 exact=0 drop=0 cfgs= 27.3 L=0.01630 P=nan old=0.01703 new=0.01038 tgt=-0.037/0.510 pstd=0.471 capv=0.040 lr=1.0e-03 gen=0.1s conv=0.0s add=0.1s train=1.6s sps=0
[t=  90.7s] greedy ep 49 games=  96 dec= 19697 rows= 18918 horizon=0.41 nodecap=0 over=0 exact=0 drop=0 cfgs= 25.9 L=0.01577 P=nan old=0.01535 new=0.00923 tgt=-0.000/0.452 pstd=0.453 capv=0.040 lr=1.0e-03 gen=0.1s conv=0.0s add=0.1s train=1.7s sps=0
[t=  92.5s] greedy ep 50 games=  96 dec= 17764 rows= 16989 horizon=0.24 nodecap=0 over=0 exact=0 drop=0 cfgs= 28.3 L=0.01647 P=nan old=0.01446 new=0.01085 tgt=-0.058/0.549 pstd=0.455 capv=0.040 lr=1.0e-03 gen=0.1s conv=0.0s add=0.1s train=1.5s sps=0
[t=  94.2s] greedy ep 51 games=  96 dec= 17871 rows= 17065 horizon=0.25 nodecap=0 over=0 exact=0 drop=0 cfgs= 28.4 L=0.01638 P=nan old=0.01730 new=0.00928 tgt=-0.026/0.525 pstd=0.450 capv=0.040 lr=1.0e-03 gen=0.1s conv=0.0s add=0.1s train=1.6s sps=0
[t=  96.0s] greedy ep 52 games=  96 dec= 18957 rows= 18241 horizon=0.34 nodecap=0 over=0 exact=0 drop=0 cfgs= 28.0 L=0.01698 P=nan old=0.01685 new=0.01046 tgt=-0.040/0.470 pstd=0.465 capv=0.040 lr=1.0e-03 gen=0.1s conv=0.0s add=0.1s train=1.7s sps=0
[t=  97.8s] greedy ep 53 games=  96 dec= 17594 rows= 16819 horizon=0.21 nodecap=0 over=0 exact=0 drop=0 cfgs= 28.1 L=0.01631 P=nan old=0.01742 new=0.01132 tgt=-0.032/0.511 pstd=0.439 capv=0.040 lr=1.0e-03 gen=0.1s conv=0.0s add=0.1s train=1.6s sps=0
[t=  99.5s] greedy ep 54 games=  96 dec= 17878 rows= 17181 horizon=0.24 nodecap=0 over=0 exact=0 drop=0 cfgs= 30.5 L=0.01687 P=nan old=0.01720 new=0.00993 tgt=-0.006/0.496 pstd=0.450 capv=0.040 lr=1.0e-03 gen=0.1s conv=0.0s add=0.1s train=1.6s sps=0
[t= 101.2s] greedy ep 55 games=  96 dec= 17837 rows= 16988 horizon=0.25 nodecap=0 over=0 exact=0 drop=0 cfgs= 27.0 L=0.01696 P=nan old=0.01787 new=0.01238 tgt=-0.005/0.470 pstd=0.461 capv=0.040 lr=1.0e-03 gen=0.1s conv=0.0s add=0.1s train=1.5s sps=0
[t= 103.1s] greedy ep 56 games=  96 dec= 18409 rows= 17611 horizon=0.27 nodecap=0 over=0 exact=0 drop=0 cfgs= 28.1 L=0.01752 P=nan old=0.01788 new=0.01265 tgt=-0.028/0.483 pstd=0.459 capv=0.040 lr=1.0e-03 gen=0.1s conv=0.0s add=0.1s train=1.6s sps=0
[t= 104.6s] greedy ep 57 games=  96 dec= 18651 rows= 17847 horizon=0.27 nodecap=0 over=0 exact=0 drop=0 cfgs= 26.4 L=0.01755 P=nan old=0.01709 new=0.01166 tgt=-0.015/0.515 pstd=0.452 capv=0.040 lr=1.0e-03 gen=0.1s conv=0.0s add=0.1s train=1.4s sps=0
[t= 105.7s] greedy ep 58 games=  96 dec= 19562 rows= 18696 horizon=0.35 nodecap=0 over=0 exact=0 drop=0 cfgs= 25.2 L=0.01618 P=nan old=0.01542 new=0.01136 tgt=-0.048/0.493 pstd=0.449 capv=0.040 lr=1.0e-03 gen=0.1s conv=0.0s add=0.1s train=1.0s sps=0
[t= 106.8s] greedy ep 59 games=  96 dec= 19397 rows= 18534 horizon=0.34 nodecap=0 over=0 exact=0 drop=0 cfgs= 25.2 L=0.01633 P=nan old=0.01679 new=0.01050 tgt=-0.046/0.466 pstd=0.457 capv=0.040 lr=1.0e-03 gen=0.1s conv=0.0s add=0.0s train=0.9s sps=0
[t= 107.9s] greedy ep 60 games=  96 dec= 18865 rows= 17960 horizon=0.31 nodecap=0 over=0 exact=0 drop=0 cfgs= 26.1 L=0.01648 P=nan old=0.01839 new=0.01079 tgt=-0.032/0.477 pstd=0.447 capv=0.040 lr=1.0e-03 gen=0.1s conv=0.0s add=0.0s train=0.9s sps=0
[t= 109.0s] greedy ep 61 games=  96 dec= 18309 rows= 17564 horizon=0.24 nodecap=0 over=0 exact=0 drop=0 cfgs= 29.6 L=0.01667 P=nan old=0.01536 new=0.00987 tgt=-0.007/0.527 pstd=0.456 capv=0.040 lr=1.0e-03 gen=0.1s conv=0.0s add=0.0s train=0.9s sps=0
[t= 110.0s] greedy ep 62 games=  96 dec= 18751 rows= 17895 horizon=0.29 nodecap=0 over=0 exact=0 drop=0 cfgs= 26.6 L=0.01670 P=nan old=0.01747 new=0.01086 tgt=-0.034/0.506 pstd=0.454 capv=0.040 lr=1.0e-03 gen=0.1s conv=0.0s add=0.0s train=0.9s sps=0
[t= 111.1s] greedy ep 63 games=  96 dec= 19579 rows= 18798 horizon=0.32 nodecap=0 over=0 exact=0 drop=0 cfgs= 26.5 L=0.01713 P=nan old=0.01859 new=0.01133 tgt=-0.007/0.477 pstd=0.467 capv=0.040 lr=1.0e-03 gen=0.1s conv=0.0s add=0.0s train=1.0s sps=0
[t= 112.2s] greedy ep 64 games=  96 dec= 18159 rows= 17393 horizon=0.27 nodecap=0 over=0 exact=0 drop=0 cfgs= 27.6 L=0.01691 P=nan old=0.01705 new=0.01148 tgt=-0.058/0.514 pstd=0.459 capv=0.040 lr=1.0e-03 gen=0.1s conv=0.0s add=0.0s train=0.9s sps=0
[t= 113.2s] greedy ep 65 games=  96 dec= 18155 rows= 17405 horizon=0.28 nodecap=0 over=0 exact=0 drop=0 cfgs= 30.4 L=0.01673 P=nan old=0.01711 new=0.01096 tgt=-0.026/0.503 pstd=0.451 capv=0.040 lr=1.0e-03 gen=0.1s conv=0.0s add=0.0s train=0.9s sps=0
[t= 114.3s] greedy ep 66 games=  96 dec= 18370 rows= 17668 horizon=0.30 nodecap=0 over=0 exact=0 drop=0 cfgs= 27.4 L=0.01625 P=nan old=0.01663 new=0.01376 tgt=-0.038/0.493 pstd=0.457 capv=0.040 lr=1.0e-03 gen=0.1s conv=0.0s add=0.0s train=0.9s sps=0
[t= 115.3s] greedy ep 67 games=  96 dec= 18765 rows= 17982 horizon=0.33 nodecap=0 over=0 exact=0 drop=0 cfgs= 28.7 L=0.01595 P=nan old=0.01589 new=0.01148 tgt=-0.023/0.513 pstd=0.466 capv=0.040 lr=1.0e-03 gen=0.1s conv=0.0s add=0.0s train=0.9s sps=0
[t= 116.3s] greedy ep 68 games=  96 dec= 18374 rows= 17494 horizon=0.26 nodecap=0 over=0 exact=0 drop=0 cfgs= 28.3 L=0.01697 P=nan old=0.01787 new=0.01085 tgt=-0.023/0.498 pstd=0.454 capv=0.040 lr=1.0e-03 gen=0.1s conv=0.0s add=0.0s train=0.9s sps=0
[t= 117.4s] greedy ep 69 games=  96 dec= 18297 rows= 17504 horizon=0.27 nodecap=0 over=0 exact=0 drop=0 cfgs= 27.7 L=0.01613 P=nan old=0.01689 new=0.01108 tgt=-0.056/0.516 pstd=0.472 capv=0.040 lr=1.0e-03 gen=0.1s conv=0.0s add=0.0s train=0.9s sps=0
[t= 118.5s] greedy ep 70 games=  96 dec= 18939 rows= 18157 horizon=0.34 nodecap=0 over=0 exact=0 drop=0 cfgs= 25.9 L=0.01611 P=nan old=0.01560 new=0.01191 tgt=-0.037/0.479 pstd=0.481 capv=0.040 lr=1.0e-03 gen=0.1s conv=0.0s add=0.0s train=0.9s sps=0
[t= 119.5s] greedy ep 71 games=  96 dec= 18073 rows= 17354 horizon=0.26 nodecap=0 over=0 exact=0 drop=0 cfgs= 29.8 L=0.01699 P=nan old=0.01762 new=0.01116 tgt=-0.025/0.513 pstd=0.468 capv=0.040 lr=1.0e-03 gen=0.1s conv=0.0s add=0.1s train=0.9s sps=0
[t= 120.6s] greedy ep 72 games=  96 dec= 19252 rows= 18480 horizon=0.35 nodecap=0 over=0 exact=0 drop=0 cfgs= 27.7 L=0.01512 P=nan old=0.01728 new=0.00935 tgt=-0.069/0.494 pstd=0.453 capv=0.040 lr=1.0e-03 gen=0.1s conv=0.0s add=0.0s train=0.9s sps=0
[t= 121.6s] greedy ep 73 games=  96 dec= 17654 rows= 16887 horizon=0.21 nodecap=0 over=0 exact=0 drop=0 cfgs= 27.9 L=0.01682 P=nan old=0.01799 new=0.01131 tgt=-0.039/0.521 pstd=0.457 capv=0.040 lr=1.0e-03 gen=0.1s conv=0.0s add=0.0s train=0.9s sps=0
[t= 122.7s] greedy ep 74 games=  96 dec= 18653 rows= 17839 horizon=0.28 nodecap=0 over=0 exact=0 drop=0 cfgs= 26.6 L=0.01583 P=nan old=0.01734 new=0.01167 tgt=-0.062/0.527 pstd=0.453 capv=0.040 lr=1.0e-03 gen=0.1s conv=0.0s add=0.0s train=0.9s sps=0
[t= 123.8s] greedy ep 75 games=  96 dec= 19581 rows= 18815 horizon=0.40 nodecap=0 over=0 exact=0 drop=0 cfgs= 24.2 L=0.01567 P=nan old=0.01514 new=0.01123 tgt=+0.011/0.466 pstd=0.468 capv=0.040 lr=1.0e-03 gen=0.1s conv=0.0s add=0.0s train=1.0s sps=0
[t= 124.9s] greedy ep 76 games=  96 dec= 18751 rows= 17915 horizon=0.24 nodecap=0 over=0 exact=0 drop=0 cfgs= 25.7 L=0.01721 P=nan old=0.01904 new=0.01043 tgt=-0.030/0.490 pstd=0.463 capv=0.040 lr=1.0e-03 gen=0.1s conv=0.0s add=0.0s train=0.9s sps=0
[t= 125.9s] greedy ep 77 games=  96 dec= 18346 rows= 17518 horizon=0.25 nodecap=0 over=0 exact=0 drop=0 cfgs= 27.1 L=0.01698 P=nan old=0.01687 new=0.01108 tgt=-0.053/0.521 pstd=0.459 capv=0.040 lr=1.0e-03 gen=0.1s conv=0.0s add=0.0s train=0.9s sps=0
[t= 126.9s] greedy ep 78 games=  96 dec= 17947 rows= 17157 horizon=0.25 nodecap=0 over=0 exact=0 drop=0 cfgs= 26.8 L=0.01629 P=nan old=0.01680 new=0.01197 tgt=-0.047/0.514 pstd=0.461 capv=0.040 lr=1.0e-03 gen=0.1s conv=0.0s add=0.0s train=0.9s sps=0
[t= 128.0s] greedy ep 79 games=  96 dec= 18509 rows= 17723 horizon=0.30 nodecap=0 over=0 exact=0 drop=0 cfgs= 28.3 L=0.01614 P=nan old=0.01608 new=0.01268 tgt=-0.004/0.488 pstd=0.454 capv=0.040 lr=1.0e-03 gen=0.1s conv=0.0s add=0.0s train=0.9s sps=0
[t= 129.0s] greedy ep 80 games=  96 dec= 18005 rows= 17281 horizon=0.26 nodecap=0 over=0 exact=0 drop=0 cfgs= 28.7 L=0.01618 P=nan old=0.01900 new=0.01136 tgt=-0.025/0.514 pstd=0.475 capv=0.040 lr=1.0e-03 gen=0.1s conv=0.0s add=0.0s train=0.9s sps=0
[t= 130.0s] greedy ep 81 games=  96 dec= 17458 rows= 16682 horizon=0.25 nodecap=0 over=0 exact=0 drop=0 cfgs= 28.7 L=0.01668 P=nan old=0.01661 new=0.01211 tgt=-0.024/0.534 pstd=0.459 capv=0.040 lr=1.0e-03 gen=0.1s conv=0.0s add=0.0s train=0.9s sps=0
[t= 131.1s] greedy ep 82 games=  96 dec= 17724 rows= 16956 horizon=0.25 nodecap=0 over=0 exact=0 drop=0 cfgs= 28.6 L=0.01672 P=nan old=0.01741 new=0.01257 tgt=-0.035/0.507 pstd=0.446 capv=0.040 lr=1.0e-03 gen=0.1s conv=0.0s add=0.0s train=0.9s sps=0
[t= 132.0s] greedy ep 83 games=  96 dec= 16961 rows= 16184 horizon=0.19 nodecap=0 over=0 exact=0 drop=0 cfgs= 30.2 L=0.01639 P=nan old=0.01698 new=0.01201 tgt=-0.027/0.537 pstd=0.445 capv=0.040 lr=1.0e-03 gen=0.1s conv=0.0s add=0.0s train=0.8s sps=0
[t= 133.1s] greedy ep 84 games=  96 dec= 19354 rows= 18540 horizon=0.39 nodecap=0 over=0 exact=0 drop=0 cfgs= 25.4 L=0.01623 P=nan old=0.01667 new=0.01188 tgt=-0.046/0.473 pstd=0.453 capv=0.040 lr=1.0e-03 gen=0.1s conv=0.0s add=0.0s train=0.9s sps=0
[t= 134.2s] greedy ep 85 games=  96 dec= 18656 rows= 17880 horizon=0.29 nodecap=0 over=0 exact=0 drop=0 cfgs= 27.6 L=0.01601 P=nan old=0.01724 new=0.01122 tgt=-0.043/0.499 pstd=0.441 capv=0.040 lr=1.0e-03 gen=0.1s conv=0.0s add=0.0s train=0.9s sps=0
[t= 135.2s] greedy ep 86 games=  96 dec= 18285 rows= 17486 horizon=0.26 nodecap=0 over=0 exact=0 drop=0 cfgs= 28.0 L=0.01697 P=nan old=0.01949 new=0.01204 tgt=-0.025/0.501 pstd=0.451 capv=0.040 lr=1.0e-03 gen=0.1s conv=0.0s add=0.0s train=0.9s sps=0
[t= 136.2s] greedy ep 87 games=  96 dec= 17389 rows= 16649 horizon=0.25 nodecap=0 over=0 exact=0 drop=0 cfgs= 28.5 L=0.01664 P=nan old=0.01719 new=0.01276 tgt=-0.037/0.504 pstd=0.449 capv=0.040 lr=1.0e-03 gen=0.1s conv=0.0s add=0.0s train=0.9s sps=0
[t= 137.3s] greedy ep 88 games=  96 dec= 18703 rows= 17828 horizon=0.27 nodecap=0 over=0 exact=0 drop=0 cfgs= 25.5 L=0.01637 P=nan old=0.01815 new=0.01286 tgt=-0.028/0.509 pstd=0.455 capv=0.040 lr=1.0e-03 gen=0.1s conv=0.0s add=0.0s train=0.9s sps=0
[t= 138.3s] greedy ep 89 games=  96 dec= 17445 rows= 16716 horizon=0.25 nodecap=0 over=0 exact=0 drop=0 cfgs= 28.9 L=0.01646 P=nan old=0.01616 new=0.01116 tgt=-0.056/0.523 pstd=0.446 capv=0.040 lr=1.0e-03 gen=0.1s conv=0.0s add=0.0s train=0.9s sps=0
[t= 139.3s] greedy ep 90 games=  96 dec= 18622 rows= 17824 horizon=0.30 nodecap=0 over=0 exact=0 drop=0 cfgs= 28.3 L=0.01564 P=nan old=0.01741 new=0.01229 tgt=-0.052/0.508 pstd=0.439 capv=0.040 lr=1.0e-03 gen=0.1s conv=0.0s add=0.0s train=0.9s sps=0
[t= 140.4s] greedy ep 91 games=  96 dec= 19065 rows= 18324 horizon=0.34 nodecap=0 over=0 exact=0 drop=0 cfgs= 26.2 L=0.01570 P=nan old=0.01716 new=0.01264 tgt=-0.025/0.461 pstd=0.460 capv=0.040 lr=1.0e-03 gen=0.1s conv=0.0s add=0.0s train=1.0s sps=0
[t= 141.5s] greedy ep 92 games=  96 dec= 18963 rows= 18229 horizon=0.31 nodecap=0 over=0 exact=0 drop=0 cfgs= 24.1 L=0.01622 P=nan old=0.01740 new=0.00961 tgt=-0.041/0.481 pstd=0.457 capv=0.040 lr=1.0e-03 gen=0.1s conv=0.0s add=0.0s train=0.9s sps=0
[t= 142.6s] greedy ep 93 games=  96 dec= 18277 rows= 17540 horizon=0.33 nodecap=0 over=0 exact=0 drop=0 cfgs= 26.8 L=0.01489 P=nan old=0.01808 new=0.01039 tgt=-0.073/0.495 pstd=0.455 capv=0.040 lr=1.0e-03 gen=0.1s conv=0.0s add=0.0s train=0.9s sps=0
[t= 143.6s] greedy ep 94 games=  96 dec= 18603 rows= 17822 horizon=0.32 nodecap=0 over=0 exact=0 drop=0 cfgs= 25.2 L=0.01580 P=nan old=0.01530 new=0.01186 tgt=-0.047/0.488 pstd=0.463 capv=0.040 lr=1.0e-03 gen=0.1s conv=0.0s add=0.0s train=0.9s sps=0
[t= 144.7s] greedy ep 95 games=  96 dec= 19081 rows= 18248 horizon=0.26 nodecap=0 over=0 exact=0 drop=0 cfgs= 27.4 L=0.01622 P=nan old=0.01517 new=0.01184 tgt=-0.044/0.504 pstd=0.468 capv=0.040 lr=1.0e-03 gen=0.1s conv=0.0s add=0.0s train=0.9s sps=0
[t= 145.7s] greedy ep 96 games=  96 dec= 17938 rows= 17156 horizon=0.24 nodecap=0 over=0 exact=0 drop=0 cfgs= 28.8 L=0.01570 P=nan old=0.01724 new=0.01428 tgt=-0.034/0.506 pstd=0.473 capv=0.040 lr=1.0e-03 gen=0.1s conv=0.0s add=0.0s train=0.9s sps=0
[t= 146.7s] greedy ep 97 games=  96 dec= 17223 rows= 16545 horizon=0.23 nodecap=0 over=0 exact=0 drop=0 cfgs= 27.7 L=0.01660 P=nan old=0.01694 new=0.01096 tgt=-0.036/0.520 pstd=0.466 capv=0.040 lr=1.0e-03 gen=0.1s conv=0.0s add=0.0s train=0.9s sps=0
[t= 147.8s] greedy ep 98 games=  96 dec= 18276 rows= 17527 horizon=0.31 nodecap=0 over=0 exact=0 drop=0 cfgs= 27.9 L=0.01584 P=nan old=0.01607 new=0.01046 tgt=-0.037/0.487 pstd=0.467 capv=0.040 lr=1.0e-03 gen=0.1s conv=0.0s add=0.0s train=0.9s sps=0
[t= 149.3s] greedy ep 99 games=  96 dec= 18883 rows= 18017 horizon=0.28 nodecap=0 over=0 exact=0 drop=0 cfgs= 26.9 L=0.01668 P=nan old=0.01781 new=0.01292 tgt=-0.005/0.487 pstd=0.472 capv=0.040 lr=1.0e-03 gen=0.1s conv=0.0s add=0.0s train=1.4s sps=0
[t= 151.1s] greedy ep100 games=  96 dec= 18125 rows= 17397 horizon=0.29 nodecap=0 over=0 exact=0 drop=0 cfgs= 28.4 L=0.01629 P=nan old=0.01859 new=0.01211 tgt=-0.037/0.513 pstd=0.458 capv=0.040 lr=1.0e-03 gen=0.1s conv=0.0s add=0.1s train=1.6s sps=0
[t= 152.9s] greedy ep101 games=  96 dec= 18105 rows= 17321 horizon=0.27 nodecap=0 over=0 exact=0 drop=0 cfgs= 28.4 L=0.01641 P=nan old=0.01569 new=0.01109 tgt=-0.041/0.507 pstd=0.476 capv=0.040 lr=1.0e-03 gen=0.1s conv=0.0s add=0.1s train=1.6s sps=0
[t= 154.6s] greedy ep102 games=  96 dec= 17331 rows= 16510 horizon=0.19 nodecap=0 over=0 exact=0 drop=0 cfgs= 28.9 L=0.01584 P=nan old=0.01890 new=0.01140 tgt=-0.068/0.530 pstd=0.472 capv=0.040 lr=1.0e-03 gen=0.1s conv=0.0s add=0.1s train=1.5s sps=0
[t= 156.3s] greedy ep103 games=  96 dec= 17633 rows= 16824 horizon=0.23 nodecap=0 over=0 exact=0 drop=0 cfgs= 26.9 L=0.01670 P=nan old=0.01990 new=0.01476 tgt=-0.065/0.514 pstd=0.439 capv=0.040 lr=1.0e-03 gen=0.1s conv=0.0s add=0.1s train=1.6s sps=0
[t= 158.1s] greedy ep104 games=  96 dec= 18563 rows= 17702 horizon=0.24 nodecap=0 over=0 exact=0 drop=0 cfgs= 27.6 L=0.01744 P=nan old=0.01712 new=0.01282 tgt=-0.027/0.505 pstd=0.457 capv=0.040 lr=1.0e-03 gen=0.1s conv=0.0s add=0.1s train=1.6s sps=0
[t= 160.0s] greedy ep105 games=  96 dec= 18582 rows= 17738 horizon=0.27 nodecap=0 over=0 exact=0 drop=0 cfgs= 27.1 L=0.01633 P=nan old=0.01769 new=0.01184 tgt=-0.034/0.514 pstd=0.460 capv=0.040 lr=1.0e-03 gen=0.1s conv=0.0s add=0.1s train=1.6s sps=0
[t= 161.8s] greedy ep106 games=  96 dec= 18088 rows= 17403 horizon=0.26 nodecap=0 over=0 exact=0 drop=0 cfgs= 27.4 L=0.01595 P=nan old=0.01688 new=0.01197 tgt=-0.052/0.503 pstd=0.458 capv=0.040 lr=1.0e-03 gen=0.1s conv=0.0s add=0.1s train=1.6s sps=0
[t= 163.5s] greedy ep107 games=  96 dec= 18041 rows= 17276 horizon=0.30 nodecap=0 over=0 exact=0 drop=0 cfgs= 27.1 L=0.01609 P=nan old=0.01774 new=0.01058 tgt=-0.053/0.485 pstd=0.452 capv=0.040 lr=1.0e-03 gen=0.1s conv=0.0s add=0.1s train=1.6s sps=0
[t= 165.3s] greedy ep108 games=  96 dec= 18150 rows= 17355 horizon=0.26 nodecap=0 over=0 exact=0 drop=0 cfgs= 27.5 L=0.01579 P=nan old=0.01574 new=0.01278 tgt=-0.008/0.496 pstd=0.460 capv=0.040 lr=1.0e-03 gen=0.1s conv=0.0s add=0.1s train=1.6s sps=0
[t= 167.1s] greedy ep109 games=  96 dec= 18283 rows= 17484 horizon=0.25 nodecap=0 over=0 exact=0 drop=0 cfgs= 27.7 L=0.01587 P=nan old=0.01697 new=0.01140 tgt=-0.026/0.495 pstd=0.469 capv=0.040 lr=1.0e-03 gen=0.1s conv=0.0s add=0.1s train=1.6s sps=0
[t= 168.9s] greedy ep110 games=  96 dec= 17390 rows= 16648 horizon=0.23 nodecap=0 over=0 exact=0 drop=0 cfgs= 25.7 L=0.01654 P=nan old=0.01769 new=0.01141 tgt=-0.053/0.529 pstd=0.468 capv=0.040 lr=1.0e-03 gen=0.1s conv=0.0s add=0.1s train=1.5s sps=0
[t= 170.8s] greedy ep111 games=  96 dec= 19431 rows= 18629 horizon=0.38 nodecap=0 over=0 exact=0 drop=0 cfgs= 26.4 L=0.01566 P=nan old=0.01726 new=0.01178 tgt=-0.035/0.475 pstd=0.436 capv=0.040 lr=1.0e-03 gen=0.1s conv=0.0s add=0.1s train=1.7s sps=0
[t= 172.6s] greedy ep112 games=  96 dec= 18006 rows= 17317 horizon=0.29 nodecap=0 over=0 exact=0 drop=0 cfgs= 26.2 L=0.01488 P=nan old=0.01624 new=0.01128 tgt=-0.006/0.487 pstd=0.444 capv=0.040 lr=1.0e-03 gen=0.1s conv=0.0s add=0.1s train=1.6s sps=0
[t= 174.4s] greedy ep113 games=  96 dec= 18270 rows= 17487 horizon=0.29 nodecap=0 over=0 exact=0 drop=0 cfgs= 26.4 L=0.01564 P=nan old=0.01591 new=0.01189 tgt=-0.031/0.524 pstd=0.446 capv=0.040 lr=1.0e-03 gen=0.1s conv=0.0s add=0.1s train=1.6s sps=0
[t= 176.3s] greedy ep114 games=  96 dec= 19126 rows= 18338 horizon=0.35 nodecap=0 over=0 exact=0 drop=0 cfgs= 26.4 L=0.01589 P=nan old=0.01620 new=0.01079 tgt=-0.045/0.492 pstd=0.439 capv=0.040 lr=1.0e-03 gen=0.1s conv=0.0s add=0.1s train=1.7s sps=0
[t= 178.0s] greedy ep115 games=  96 dec= 17661 rows= 16911 horizon=0.16 nodecap=0 over=0 exact=0 drop=0 cfgs= 28.4 L=0.01672 P=nan old=0.01758 new=0.01139 tgt=-0.005/0.519 pstd=0.433 capv=0.040 lr=1.0e-03 gen=0.1s conv=0.0s add=0.1s train=1.6s sps=0
[t= 179.8s] greedy ep116 games=  96 dec= 18378 rows= 17513 horizon=0.28 nodecap=0 over=0 exact=0 drop=0 cfgs= 29.8 L=0.01587 P=nan old=0.01691 new=0.01087 tgt=-0.016/0.485 pstd=0.445 capv=0.040 lr=1.0e-03 gen=0.1s conv=0.0s add=0.1s train=1.6s sps=0
[t= 181.6s] greedy ep117 games=  96 dec= 17969 rows= 17144 horizon=0.28 nodecap=0 over=0 exact=0 drop=0 cfgs= 26.2 L=0.01579 P=nan old=0.01791 new=0.01158 tgt=-0.027/0.511 pstd=0.424 capv=0.040 lr=1.0e-03 gen=0.1s conv=0.0s add=0.1s train=1.6s sps=0
[t= 183.5s] greedy ep118 games=  96 dec= 19031 rows= 18297 horizon=0.38 nodecap=0 over=0 exact=0 drop=0 cfgs= 28.1 L=0.01605 P=nan old=0.01902 new=0.01271 tgt=-0.095/0.498 pstd=0.427 capv=0.040 lr=1.0e-03 gen=0.1s conv=0.0s add=0.1s train=1.7s sps=0
[t= 185.3s] greedy ep119 games=  96 dec= 18724 rows= 17931 horizon=0.27 nodecap=0 over=0 exact=0 drop=0 cfgs= 26.8 L=0.01538 P=nan old=0.01536 new=0.01146 tgt=-0.051/0.498 pstd=0.423 capv=0.040 lr=1.0e-03 gen=0.1s conv=0.0s add=0.1s train=1.7s sps=0
[t= 186.9s] greedy ep120 games=  96 dec= 18952 rows= 18033 horizon=0.28 nodecap=0 over=0 exact=0 drop=0 cfgs= 25.5 L=0.01489 P=nan old=0.01343 new=0.01165 tgt=-0.039/0.480 pstd=0.413 capv=0.040 lr=1.0e-03 gen=0.1s conv=0.0s add=0.1s train=1.4s sps=0
[t= 188.0s] greedy ep121 games=  96 dec= 18610 rows= 17842 horizon=0.31 nodecap=0 over=0 exact=0 drop=0 cfgs= 26.4 L=0.01492 P=nan old=0.01652 new=0.01159 tgt=-0.010/0.467 pstd=0.420 capv=0.040 lr=1.0e-03 gen=0.1s conv=0.0s add=0.0s train=0.9s sps=0
[t= 189.1s] greedy ep122 games=  96 dec= 19327 rows= 18551 horizon=0.38 nodecap=0 over=0 exact=0 drop=0 cfgs= 26.0 L=0.01463 P=nan old=0.01588 new=0.00870 tgt=-0.032/0.468 pstd=0.410 capv=0.040 lr=1.0e-03 gen=0.1s conv=0.0s add=0.0s train=1.0s sps=0
[t= 190.1s] greedy ep123 games=  96 dec= 18773 rows= 17922 horizon=0.27 nodecap=0 over=0 exact=0 drop=0 cfgs= 27.1 L=0.01446 P=nan old=0.01652 new=0.01035 tgt=-0.018/0.516 pstd=0.410 capv=0.040 lr=1.0e-03 gen=0.1s conv=0.0s add=0.0s train=0.9s sps=0
[t= 191.2s] greedy ep124 games=  96 dec= 18792 rows= 17985 horizon=0.31 nodecap=0 over=0 exact=0 drop=0 cfgs= 28.7 L=0.01446 P=nan old=0.01604 new=0.00995 tgt=-0.053/0.492 pstd=0.419 capv=0.040 lr=1.0e-03 gen=0.1s conv=0.0s add=0.0s train=0.9s sps=0
[t= 192.3s] greedy ep125 games=  96 dec= 18881 rows= 18013 horizon=0.27 nodecap=0 over=0 exact=0 drop=0 cfgs= 26.8 L=0.01438 P=nan old=0.01564 new=0.01015 tgt=-0.011/0.486 pstd=0.400 capv=0.040 lr=1.0e-03 gen=0.1s conv=0.0s add=0.0s train=0.9s sps=0
[t= 193.4s] greedy ep126 games=  96 dec= 19520 rows= 18707 horizon=0.34 nodecap=0 over=0 exact=0 drop=0 cfgs= 27.0 L=0.01443 P=nan old=0.01655 new=0.01064 tgt=-0.016/0.480 pstd=0.398 capv=0.040 lr=1.0e-03 gen=0.1s conv=0.0s add=0.0s train=1.0s sps=0
[t= 194.4s] greedy ep127 games=  96 dec= 17220 rows= 16519 horizon=0.18 nodecap=0 over=0 exact=0 drop=0 cfgs= 30.1 L=0.01488 P=nan old=0.01460 new=0.01208 tgt=-0.010/0.537 pstd=0.399 capv=0.040 lr=1.0e-03 gen=0.1s conv=0.0s add=0.0s train=0.9s sps=0
[t= 195.5s] greedy ep128 games=  96 dec= 19220 rows= 18541 horizon=0.38 nodecap=0 over=0 exact=0 drop=0 cfgs= 25.2 L=0.01438 P=nan old=0.01613 new=0.01067 tgt=-0.043/0.470 pstd=0.398 capv=0.040 lr=1.0e-03 gen=0.1s conv=0.0s add=0.0s train=0.9s sps=0
[t= 196.5s] greedy ep129 games=  96 dec= 18267 rows= 17549 horizon=0.30 nodecap=0 over=0 exact=0 drop=0 cfgs= 26.8 L=0.01363 P=nan old=0.01447 new=0.01092 tgt=-0.018/0.469 pstd=0.409 capv=0.040 lr=1.0e-03 gen=0.1s conv=0.0s add=0.0s train=0.9s sps=0
[t= 197.5s] greedy ep130 games=  96 dec= 18111 rows= 17341 horizon=0.27 nodecap=0 over=0 exact=0 drop=0 cfgs= 28.1 L=0.01399 P=nan old=0.01528 new=0.01104 tgt=-0.048/0.487 pstd=0.412 capv=0.040 lr=1.0e-03 gen=0.1s conv=0.0s add=0.0s train=0.9s sps=0
[t= 198.5s] greedy ep131 games=  96 dec= 17369 rows= 16572 horizon=0.18 nodecap=0 over=0 exact=0 drop=0 cfgs= 28.7 L=0.01418 P=nan old=0.01452 new=0.01017 tgt=-0.047/0.529 pstd=0.402 capv=0.040 lr=1.0e-03 gen=0.0s conv=0.0s add=0.0s train=0.9s sps=0
[t= 199.6s] greedy ep132 games=  96 dec= 18942 rows= 18118 horizon=0.28 nodecap=0 over=0 exact=0 drop=0 cfgs= 25.9 L=0.01412 P=nan old=0.01456 new=0.00976 tgt=-0.025/0.490 pstd=0.398 capv=0.040 lr=1.0e-03 gen=0.1s conv=0.0s add=0.0s train=0.9s sps=0
[t= 200.7s] greedy ep133 games=  96 dec= 18303 rows= 17559 horizon=0.31 nodecap=0 over=0 exact=0 drop=0 cfgs= 28.8 L=0.01397 P=nan old=0.01449 new=0.00918 tgt=-0.065/0.522 pstd=0.410 capv=0.040 lr=1.0e-03 gen=0.1s conv=0.0s add=0.0s train=0.9s sps=0
[t= 201.6s] greedy ep134 games=  96 dec= 17224 rows= 16483 horizon=0.23 nodecap=0 over=0 exact=0 drop=0 cfgs= 27.3 L=0.01427 P=nan old=0.01551 new=0.00953 tgt=-0.008/0.505 pstd=0.418 capv=0.040 lr=1.0e-03 gen=0.1s conv=0.0s add=0.0s train=0.8s sps=0
[t= 202.7s] greedy ep135 games=  96 dec= 17667 rows= 16876 horizon=0.20 nodecap=0 over=0 exact=0 drop=0 cfgs= 28.8 L=0.01451 P=nan old=0.01361 new=0.00935 tgt=-0.045/0.534 pstd=0.402 capv=0.040 lr=1.0e-03 gen=0.1s conv=0.0s add=0.0s train=0.9s sps=0
[t= 203.7s] greedy ep136 games=  96 dec= 17728 rows= 16967 horizon=0.21 nodecap=0 over=0 exact=0 drop=0 cfgs= 30.7 L=0.01392 P=nan old=0.01433 new=0.01023 tgt=-0.055/0.531 pstd=0.418 capv=0.040 lr=1.0e-03 gen=0.1s conv=0.0s add=0.0s train=0.9s sps=0
[t= 204.8s] greedy ep137 games=  96 dec= 18877 rows= 18184 horizon=0.33 nodecap=0 over=0 exact=0 drop=0 cfgs= 25.5 L=0.01307 P=nan old=0.01447 new=0.00970 tgt=-0.049/0.496 pstd=0.409 capv=0.040 lr=1.0e-03 gen=0.1s conv=0.0s add=0.0s train=0.9s sps=0
[t= 205.8s] greedy ep138 games=  96 dec= 18602 rows= 17715 horizon=0.25 nodecap=0 over=0 exact=0 drop=0 cfgs= 29.2 L=0.01363 P=nan old=0.01532 new=0.00890 tgt=-0.009/0.503 pstd=0.407 capv=0.040 lr=1.0e-03 gen=0.1s conv=0.0s add=0.1s train=0.9s sps=0
[t= 206.9s] greedy ep139 games=  96 dec= 19305 rows= 18517 horizon=0.35 nodecap=0 over=0 exact=0 drop=0 cfgs= 26.5 L=0.01364 P=nan old=0.01455 new=0.00886 tgt=-0.025/0.475 pstd=0.415 capv=0.040 lr=1.0e-03 gen=0.1s conv=0.0s add=0.0s train=0.9s sps=0
[t= 208.0s] greedy ep140 games=  96 dec= 18226 rows= 17475 horizon=0.29 nodecap=0 over=0 exact=0 drop=0 cfgs= 27.6 L=0.01300 P=nan old=0.01331 new=0.00939 tgt=-0.066/0.504 pstd=0.417 capv=0.040 lr=1.0e-03 gen=0.1s conv=0.0s add=0.0s train=0.9s sps=0
[t= 209.1s] greedy ep141 games=  96 dec= 19035 rows= 18235 horizon=0.30 nodecap=0 over=0 exact=0 drop=0 cfgs= 26.1 L=0.01346 P=nan old=0.01362 new=0.00857 tgt=-0.002/0.470 pstd=0.409 capv=0.040 lr=1.0e-03 gen=0.1s conv=0.0s add=0.0s train=0.9s sps=0
[t= 210.1s] greedy ep142 games=  96 dec= 18470 rows= 17713 horizon=0.26 nodecap=0 over=0 exact=0 drop=0 cfgs= 26.3 L=0.01337 P=nan old=0.01443 new=0.00933 tgt=-0.063/0.516 pstd=0.415 capv=0.040 lr=1.0e-03 gen=0.1s conv=0.0s add=0.0s train=0.9s sps=0
[t= 211.2s] greedy ep143 games=  96 dec= 18596 rows= 17790 horizon=0.27 nodecap=0 over=0 exact=0 drop=0 cfgs= 25.5 L=0.01330 P=nan old=0.01222 new=0.00936 tgt=-0.021/0.508 pstd=0.414 capv=0.040 lr=1.0e-03 gen=0.1s conv=0.0s add=0.0s train=0.9s sps=0
[t= 212.2s] greedy ep144 games=  96 dec= 18889 rows= 18076 horizon=0.32 nodecap=0 over=0 exact=0 drop=0 cfgs= 28.6 L=0.01312 P=nan old=0.01344 new=0.00934 tgt=-0.053/0.496 pstd=0.403 capv=0.040 lr=1.0e-03 gen=0.1s conv=0.0s add=0.0s train=0.9s sps=0
[t= 213.3s] greedy ep145 games=  96 dec= 17677 rows= 16862 horizon=0.23 nodecap=0 over=0 exact=0 drop=0 cfgs= 29.6 L=0.01266 P=nan old=0.01332 new=0.00926 tgt=-0.032/0.506 pstd=0.399 capv=0.040 lr=1.0e-03 gen=0.1s conv=0.0s add=0.0s train=0.9s sps=0
[t= 214.3s] greedy ep146 games=  96 dec= 18448 rows= 17699 horizon=0.30 nodecap=0 over=0 exact=0 drop=0 cfgs= 26.6 L=0.01296 P=nan old=0.01263 new=0.00936 tgt=-0.013/0.485 pstd=0.384 capv=0.040 lr=1.0e-03 gen=0.1s conv=0.0s add=0.0s train=0.9s sps=0
[t= 215.3s] greedy ep147 games=  96 dec= 17426 rows= 16673 horizon=0.22 nodecap=0 over=0 exact=0 drop=0 cfgs= 29.1 L=0.01295 P=nan old=0.01249 new=0.00792 tgt=-0.043/0.511 pstd=0.390 capv=0.040 lr=1.0e-03 gen=0.1s conv=0.0s add=0.0s train=0.9s sps=0
[t= 216.4s] greedy ep148 games=  96 dec= 18915 rows= 18108 horizon=0.28 nodecap=0 over=0 exact=0 drop=0 cfgs= 25.8 L=0.01307 P=nan old=0.01387 new=0.00847 tgt=-0.035/0.534 pstd=0.403 capv=0.040 lr=1.0e-03 gen=0.1s conv=0.0s add=0.0s train=0.9s sps=0
[t= 217.4s] greedy ep149 games=  96 dec= 18639 rows= 17753 horizon=0.28 nodecap=0 over=0 exact=0 drop=0 cfgs= 26.8 L=0.01250 P=nan old=0.01179 new=0.00772 tgt=-0.005/0.479 pstd=0.384 capv=0.040 lr=1.0e-03 gen=0.1s conv=0.0s add=0.0s train=0.9s sps=0
[t= 218.5s] greedy ep150 games=  96 dec= 18776 rows= 18003 horizon=0.31 nodecap=0 over=0 exact=0 drop=0 cfgs= 27.7 L=0.01275 P=nan old=0.01418 new=0.00903 tgt=-0.036/0.491 pstd=0.383 capv=0.040 lr=1.0e-03 gen=0.1s conv=0.0s add=0.0s train=0.9s sps=0
[t= 219.6s] greedy ep151 games=  96 dec= 19367 rows= 18525 horizon=0.35 nodecap=0 over=0 exact=0 drop=0 cfgs= 26.8 L=0.01215 P=nan old=0.01197 new=0.00920 tgt=-0.055/0.486 pstd=0.389 capv=0.040 lr=1.0e-03 gen=0.1s conv=0.0s add=0.0s train=0.9s sps=0
[t= 220.7s] greedy ep152 games=  96 dec= 18370 rows= 17585 horizon=0.28 nodecap=0 over=0 exact=0 drop=0 cfgs= 27.0 L=0.01222 P=nan old=0.01345 new=0.00788 tgt=-0.042/0.519 pstd=0.389 capv=0.040 lr=1.0e-03 gen=0.1s conv=0.0s add=0.0s train=0.9s sps=0
[t= 221.8s] greedy ep153 games=  96 dec= 19458 rows= 18558 horizon=0.38 nodecap=0 over=0 exact=0 drop=0 cfgs= 26.1 L=0.01191 P=nan old=0.01187 new=0.00867 tgt=-0.021/0.493 pstd=0.386 capv=0.040 lr=1.0e-03 gen=0.1s conv=0.0s add=0.0s train=1.0s sps=0
[t= 222.8s] greedy ep154 games=  96 dec= 18177 rows= 17428 horizon=0.26 nodecap=0 over=0 exact=0 drop=0 cfgs= 27.6 L=0.01223 P=nan old=0.01297 new=0.00792 tgt=-0.029/0.515 pstd=0.400 capv=0.040 lr=1.0e-03 gen=0.1s conv=0.0s add=0.0s train=0.9s sps=0
[t= 223.8s] greedy ep155 games=  96 dec= 18096 rows= 17273 horizon=0.25 nodecap=0 over=0 exact=0 drop=0 cfgs= 27.5 L=0.01176 P=nan old=0.01521 new=0.01262 tgt=+0.008/0.500 pstd=0.405 capv=0.040 lr=1.0e-03 gen=0.1s conv=0.0s add=0.0s train=0.9s sps=0
[t= 224.8s] greedy ep156 games=  96 dec= 17280 rows= 16532 horizon=0.21 nodecap=0 over=0 exact=0 drop=0 cfgs= 27.2 L=0.01219 P=nan old=0.01199 new=0.00763 tgt=-0.013/0.519 pstd=0.399 capv=0.040 lr=1.0e-03 gen=0.1s conv=0.0s add=0.0s train=0.9s sps=0
[t= 225.9s] greedy ep157 games=  96 dec= 18516 rows= 17728 horizon=0.27 nodecap=0 over=0 exact=0 drop=0 cfgs= 28.6 L=0.01197 P=nan old=0.01184 new=0.00787 tgt=-0.034/0.505 pstd=0.414 capv=0.040 lr=1.0e-03 gen=0.1s conv=0.0s add=0.0s train=0.9s sps=0
[t= 227.0s] greedy ep158 games=  96 dec= 18809 rows= 18049 horizon=0.29 nodecap=0 over=0 exact=0 drop=0 cfgs= 27.2 L=0.01164 P=nan old=0.01166 new=0.00750 tgt=-0.057/0.504 pstd=0.413 capv=0.040 lr=1.0e-03 gen=0.1s conv=0.0s add=0.0s train=0.9s sps=0
[t= 228.0s] greedy ep159 games=  96 dec= 18025 rows= 17288 horizon=0.26 nodecap=0 over=0 exact=0 drop=0 cfgs= 27.3 L=0.01131 P=nan old=0.01158 new=0.00720 tgt=-0.048/0.530 pstd=0.379 capv=0.040 lr=1.0e-03 gen=0.1s conv=0.0s add=0.0s train=0.9s sps=0
[t= 229.0s] greedy ep160 games=  96 dec= 17543 rows= 16807 horizon=0.24 nodecap=0 over=0 exact=0 drop=0 cfgs= 28.6 L=0.01173 P=nan old=0.01243 new=0.00769 tgt=-0.038/0.505 pstd=0.391 capv=0.040 lr=1.0e-03 gen=0.1s conv=0.0s add=0.0s train=0.9s sps=0
[t= 230.1s] greedy ep161 games=  96 dec= 17549 rows= 16825 horizon=0.23 nodecap=0 over=0 exact=0 drop=0 cfgs= 30.4 L=0.01115 P=nan old=0.01196 new=0.00859 tgt=-0.055/0.541 pstd=0.392 capv=0.040 lr=1.0e-03 gen=0.1s conv=0.0s add=0.0s train=0.9s sps=0
[t= 231.1s] greedy ep162 games=  96 dec= 18822 rows= 17980 horizon=0.34 nodecap=0 over=0 exact=0 drop=0 cfgs= 28.1 L=0.01131 P=nan old=0.01275 new=0.00910 tgt=-0.041/0.489 pstd=0.374 capv=0.040 lr=1.0e-03 gen=0.1s conv=0.0s add=0.0s train=0.9s sps=0
[t= 232.2s] greedy ep163 games=  96 dec= 17871 rows= 17172 horizon=0.28 nodecap=0 over=0 exact=0 drop=0 cfgs= 27.8 L=0.01129 P=nan old=0.01160 new=0.00815 tgt=-0.053/0.502 pstd=0.378 capv=0.040 lr=1.0e-03 gen=0.1s conv=0.0s add=0.1s train=0.9s sps=0
[t= 233.2s] greedy ep164 games=  96 dec= 18213 rows= 17317 horizon=0.27 nodecap=0 over=0 exact=0 drop=0 cfgs= 26.5 L=0.01121 P=nan old=0.01127 new=0.00729 tgt=-0.028/0.532 pstd=0.381 capv=0.040 lr=1.0e-03 gen=0.1s conv=0.0s add=0.0s train=0.9s sps=0
[t= 234.8s] greedy ep165 games=  96 dec= 17701 rows= 16975 horizon=0.26 nodecap=0 over=0 exact=0 drop=0 cfgs= 27.8 L=0.01109 P=nan old=0.01193 new=0.00832 tgt=-0.045/0.500 pstd=0.404 capv=0.040 lr=1.0e-03 gen=0.1s conv=0.0s add=0.0s train=1.4s sps=0
[t= 237.0s] greedy ep166 games=  96 dec= 18035 rows= 17344 horizon=0.28 nodecap=0 over=0 exact=0 drop=0 cfgs= 26.9 L=0.01134 P=nan old=0.01142 new=0.00813 tgt=-0.058/0.508 pstd=0.393 capv=0.040 lr=1.0e-03 gen=0.1s conv=0.0s add=0.1s train=2.0s sps=0
[t= 239.0s] greedy ep167 games=  96 dec= 18444 rows= 17665 horizon=0.26 nodecap=0 over=0 exact=0 drop=0 cfgs= 25.5 L=0.01133 P=nan old=0.01185 new=0.00848 tgt=-0.022/0.490 pstd=0.407 capv=0.040 lr=1.0e-03 gen=0.1s conv=0.0s add=0.1s train=1.8s sps=0
[t= 240.9s] greedy ep168 games=  96 dec= 18997 rows= 18146 horizon=0.36 nodecap=0 over=0 exact=0 drop=0 cfgs= 25.5 L=0.01013 P=nan old=0.01114 new=0.00758 tgt=-0.020/0.479 pstd=0.387 capv=0.040 lr=1.0e-03 gen=0.1s conv=0.0s add=0.1s train=1.7s sps=0
[t= 242.7s] greedy ep169 games=  96 dec= 18195 rows= 17400 horizon=0.22 nodecap=0 over=0 exact=0 drop=0 cfgs= 26.9 L=0.01101 P=nan old=0.01118 new=0.00747 tgt=-0.000/0.501 pstd=0.386 capv=0.040 lr=1.0e-03 gen=0.1s conv=0.0s add=0.1s train=1.6s sps=0
[t= 244.5s] greedy ep170 games=  96 dec= 18174 rows= 17400 horizon=0.29 nodecap=0 over=0 exact=0 drop=0 cfgs= 26.5 L=0.01074 P=nan old=0.01096 new=0.00735 tgt=-0.040/0.523 pstd=0.406 capv=0.040 lr=1.0e-03 gen=0.1s conv=0.0s add=0.1s train=1.6s sps=0
[t= 246.4s] greedy ep171 games=  96 dec= 19053 rows= 18265 horizon=0.38 nodecap=0 over=0 exact=0 drop=0 cfgs= 26.7 L=0.01065 P=nan old=0.01065 new=0.00699 tgt=-0.025/0.470 pstd=0.419 capv=0.040 lr=1.0e-03 gen=0.1s conv=0.0s add=0.1s train=1.7s sps=0
[t= 248.2s] greedy ep172 games=  96 dec= 18418 rows= 17542 horizon=0.25 nodecap=0 over=0 exact=0 drop=0 cfgs= 27.8 L=0.01070 P=nan old=0.01079 new=0.00668 tgt=-0.075/0.541 pstd=0.396 capv=0.040 lr=1.0e-03 gen=0.1s conv=0.0s add=0.1s train=1.6s sps=0
[t= 250.0s] greedy ep173 games=  96 dec= 17545 rows= 16911 horizon=0.26 nodecap=0 over=0 exact=0 drop=0 cfgs= 28.7 L=0.01096 P=nan old=0.01238 new=0.00768 tgt=-0.025/0.509 pstd=0.400 capv=0.040 lr=1.0e-03 gen=0.1s conv=0.0s add=0.1s train=1.6s sps=0
[t= 251.8s] greedy ep174 games=  96 dec= 18792 rows= 18078 horizon=0.29 nodecap=0 over=0 exact=0 drop=0 cfgs= 27.2 L=0.01055 P=nan old=0.01244 new=0.00882 tgt=-0.044/0.501 pstd=0.404 capv=0.040 lr=1.0e-03 gen=0.1s conv=0.0s add=0.1s train=1.7s sps=0
[t= 253.6s] greedy ep175 games=  96 dec= 18139 rows= 17390 horizon=0.30 nodecap=0 over=0 exact=0 drop=0 cfgs= 26.7 L=0.01044 P=nan old=0.01115 new=0.00767 tgt=+0.001/0.517 pstd=0.417 capv=0.040 lr=1.0e-03 gen=0.1s conv=0.0s add=0.1s train=1.6s sps=0
[t= 255.5s] greedy ep176 games=  96 dec= 18680 rows= 17917 horizon=0.32 nodecap=0 over=0 exact=0 drop=0 cfgs= 26.1 L=0.01004 P=nan old=0.01089 new=0.00790 tgt=-0.015/0.488 pstd=0.407 capv=0.040 lr=1.0e-03 gen=0.1s conv=0.0s add=0.1s train=1.6s sps=0
[t= 257.3s] greedy ep177 games=  96 dec= 18676 rows= 17920 horizon=0.27 nodecap=0 over=0 exact=0 drop=0 cfgs= 27.7 L=0.01052 P=nan old=0.01065 new=0.00695 tgt=-0.009/0.488 pstd=0.424 capv=0.040 lr=1.0e-03 gen=0.1s conv=0.0s add=0.1s train=1.7s sps=0
[t= 259.1s] greedy ep178 games=  96 dec= 17907 rows= 17102 horizon=0.25 nodecap=0 over=0 exact=0 drop=0 cfgs= 29.4 L=0.01055 P=nan old=0.01060 new=0.00779 tgt=-0.047/0.480 pstd=0.414 capv=0.040 lr=1.0e-03 gen=0.1s conv=0.0s add=0.1s train=1.6s sps=0
[t= 261.0s] greedy ep179 games=  96 dec= 18674 rows= 17921 horizon=0.32 nodecap=0 over=0 exact=0 drop=0 cfgs= 27.5 L=0.01015 P=nan old=0.01014 new=0.00697 tgt=-0.036/0.494 pstd=0.428 capv=0.040 lr=1.0e-03 gen=0.1s conv=0.0s add=0.1s train=1.7s sps=0
[t= 262.8s] greedy ep180 games=  96 dec= 18354 rows= 17626 horizon=0.32 nodecap=0 over=0 exact=0 drop=0 cfgs= 26.1 L=0.01057 P=nan old=0.01100 new=0.00612 tgt=+0.006/0.495 pstd=0.410 capv=0.040 lr=1.0e-03 gen=0.1s conv=0.0s add=0.1s train=1.6s sps=0
[t= 264.7s] greedy ep181 games=  96 dec= 18505 rows= 17734 horizon=0.28 nodecap=0 over=0 exact=0 drop=0 cfgs= 27.9 L=0.00999 P=nan old=0.00952 new=0.00638 tgt=-0.018/0.505 pstd=0.441 capv=0.040 lr=1.0e-03 gen=0.1s conv=0.0s add=0.1s train=1.7s sps=0
[t= 266.6s] greedy ep182 games=  96 dec= 19060 rows= 18228 horizon=0.34 nodecap=0 over=0 exact=0 drop=0 cfgs= 24.8 L=0.00971 P=nan old=0.00922 new=0.00667 tgt=-0.015/0.478 pstd=0.429 capv=0.040 lr=1.0e-03 gen=0.1s conv=0.0s add=0.1s train=1.7s sps=0
[t= 268.5s] greedy ep183 games=  96 dec= 19070 rows= 18229 horizon=0.31 nodecap=0 over=0 exact=0 drop=0 cfgs= 25.8 L=0.00934 P=nan old=0.00933 new=0.00664 tgt=-0.035/0.501 pstd=0.427 capv=0.040 lr=1.0e-03 gen=0.1s conv=0.0s add=0.1s train=1.7s sps=0
[t= 270.2s] greedy ep184 games=  96 dec= 17400 rows= 16612 horizon=0.21 nodecap=0 over=0 exact=0 drop=0 cfgs= 28.0 L=0.00982 P=nan old=0.01063 new=0.00757 tgt=-0.062/0.540 pstd=0.415 capv=0.040 lr=1.0e-03 gen=0.1s conv=0.0s add=0.1s train=1.6s sps=0
[t= 272.1s] greedy ep185 games=  96 dec= 18779 rows= 17914 horizon=0.23 nodecap=0 over=0 exact=0 drop=0 cfgs= 28.3 L=0.00991 P=nan old=0.00961 new=0.00794 tgt=-0.026/0.513 pstd=0.421 capv=0.040 lr=1.0e-03 gen=0.1s conv=0.0s add=0.1s train=1.7s sps=0
[t= 273.9s] greedy ep186 games=  96 dec= 18162 rows= 17361 horizon=0.27 nodecap=0 over=0 exact=0 drop=0 cfgs= 25.8 L=0.00963 P=nan old=0.01110 new=0.00825 tgt=-0.010/0.509 pstd=0.420 capv=0.040 lr=1.0e-03 gen=0.1s conv=0.0s add=0.1s train=1.6s sps=0
[t= 275.7s] greedy ep187 games=  96 dec= 18283 rows= 17543 horizon=0.26 nodecap=0 over=0 exact=0 drop=0 cfgs= 25.9 L=0.00955 P=nan old=0.01041 new=0.00730 tgt=-0.022/0.510 pstd=0.417 capv=0.040 lr=1.0e-03 gen=0.1s conv=0.0s add=0.1s train=1.6s sps=0
[t= 277.7s] greedy ep188 games=  96 dec= 19372 rows= 18549 horizon=0.34 nodecap=0 over=0 exact=0 drop=0 cfgs= 26.1 L=0.00963 P=nan old=0.00857 new=0.00689 tgt=-0.030/0.471 pstd=0.412 capv=0.040 lr=1.0e-03 gen=0.1s conv=0.0s add=0.1s train=1.7s sps=0
[t= 279.5s] greedy ep189 games=  96 dec= 17856 rows= 17158 horizon=0.27 nodecap=0 over=0 exact=0 drop=0 cfgs= 29.5 L=0.00965 P=nan old=0.00950 new=0.00660 tgt=-0.036/0.499 pstd=0.404 capv=0.040 lr=1.0e-03 gen=0.1s conv=0.0s add=0.1s train=1.6s sps=0
[t= 281.3s] greedy ep190 games=  96 dec= 18354 rows= 17579 horizon=0.24 nodecap=0 over=0 exact=0 drop=0 cfgs= 26.7 L=0.00929 P=nan old=0.00866 new=0.00665 tgt=-0.008/0.507 pstd=0.411 capv=0.040 lr=1.0e-03 gen=0.1s conv=0.0s add=0.1s train=1.6s sps=0
[t= 283.1s] greedy ep191 games=  96 dec= 18336 rows= 17598 horizon=0.29 nodecap=0 over=0 exact=0 drop=0 cfgs= 28.4 L=0.00920 P=nan old=0.00872 new=0.00600 tgt=-0.002/0.494 pstd=0.419 capv=0.040 lr=1.0e-03 gen=0.1s conv=0.0s add=0.1s train=1.6s sps=0
[t= 284.9s] greedy ep192 games=  96 dec= 18028 rows= 17293 horizon=0.29 nodecap=0 over=0 exact=0 drop=0 cfgs= 25.2 L=0.00905 P=nan old=0.00836 new=0.00572 tgt=-0.039/0.496 pstd=0.424 capv=0.040 lr=1.0e-03 gen=0.1s conv=0.0s add=0.1s train=1.6s sps=0
[t= 286.8s] greedy ep193 games=  96 dec= 18732 rows= 17992 horizon=0.31 nodecap=0 over=0 exact=0 drop=0 cfgs= 28.2 L=0.00928 P=nan old=0.00937 new=0.00633 tgt=-0.040/0.505 pstd=0.414 capv=0.040 lr=1.0e-03 gen=0.1s conv=0.0s add=0.1s train=1.7s sps=0
[t= 288.7s] greedy ep194 games=  96 dec= 18977 rows= 18207 horizon=0.26 nodecap=0 over=0 exact=0 drop=0 cfgs= 28.7 L=0.00943 P=nan old=0.00917 new=0.01043 tgt=-0.030/0.498 pstd=0.411 capv=0.040 lr=1.0e-03 gen=0.1s conv=0.0s add=0.1s train=1.7s sps=0
[t= 290.5s] greedy ep195 games=  96 dec= 18888 rows= 18141 horizon=0.33 nodecap=0 over=0 exact=0 drop=0 cfgs= 27.8 L=0.00908 P=nan old=0.01021 new=0.00715 tgt=-0.011/0.450 pstd=0.426 capv=0.040 lr=1.0e-03 gen=0.1s conv=0.0s add=0.1s train=1.6s sps=0
[t= 292.3s] greedy ep196 games=  96 dec= 18387 rows= 17606 horizon=0.30 nodecap=0 over=0 exact=0 drop=0 cfgs= 27.5 L=0.00898 P=nan old=0.00868 new=0.00566 tgt=-0.006/0.500 pstd=0.438 capv=0.040 lr=1.0e-03 gen=0.1s conv=0.0s add=0.1s train=1.6s sps=0
[t= 294.1s] greedy ep197 games=  96 dec= 17909 rows= 17078 horizon=0.27 nodecap=0 over=0 exact=0 drop=0 cfgs= 28.3 L=0.00863 P=nan old=0.00968 new=0.00690 tgt=-0.027/0.509 pstd=0.439 capv=0.040 lr=1.0e-03 gen=0.1s conv=0.0s add=0.1s train=1.6s sps=0
[t= 296.0s] greedy ep198 games=  96 dec= 18390 rows= 17709 horizon=0.28 nodecap=0 over=0 exact=0 drop=0 cfgs= 27.2 L=0.00921 P=nan old=0.00880 new=0.00650 tgt=-0.024/0.479 pstd=0.436 capv=0.040 lr=1.0e-03 gen=0.1s conv=0.0s add=0.1s train=1.7s sps=0
[t= 297.8s] greedy ep199 games=  96 dec= 18396 rows= 17607 horizon=0.30 nodecap=0 over=0 exact=0 drop=0 cfgs= 25.4 L=0.00919 P=nan old=0.00827 new=0.00638 tgt=-0.045/0.489 pstd=0.424 capv=0.040 lr=1.0e-03 gen=0.1s conv=0.0s add=0.1s train=1.6s sps=0
[t= 299.6s] greedy ep200 games=  96 dec= 17969 rows= 17238 horizon=0.25 nodecap=0 over=0 exact=0 drop=0 cfgs= 28.3 L=0.00942 P=nan old=0.00968 new=0.00605 tgt=-0.019/0.511 pstd=0.439 capv=0.040 lr=1.0e-03 gen=0.1s conv=0.0s add=0.1s train=1.6s sps=0
[t= 301.5s] greedy ep201 games=  96 dec= 18923 rows= 18117 horizon=0.32 nodecap=0 over=0 exact=0 drop=0 cfgs= 26.4 L=0.00938 P=nan old=0.00910 new=0.00578 tgt=-0.042/0.486 pstd=0.426 capv=0.040 lr=1.0e-03 gen=0.1s conv=0.0s add=0.1s train=1.7s sps=0
[t= 301.5s] --- snapshot snap_00.pt (init) ---
[t= 301.5s] --- switching to ReBeL ---
v5 GEMM compute=fast-f16
[t= 311.6s] rebel stream solves=16384 raw=1632/s balanced=1632/s debt=0 rows steps=64 over=0 drop=0 L=0.02836 tgt=-0.009/0.274 cfg/b=43092 prep=2.96s gpu=0.00s conv=0.01s add=0.70s train=8.18s
[t= 321.7s] rebel stream solves=40960 raw=2034/s balanced=2034/s debt=0 rows steps=160 over=0 drop=0 L=0.00735 tgt=-0.005/0.234 cfg/b=50174 prep=2.10s gpu=0.00s conv=0.02s add=1.45s train=8.03s
[t= 332.2s] rebel stream solves=61440 raw=2004/s balanced=2004/s debt=0 rows steps=240 over=1 drop=0 L=0.00369 tgt=-0.003/0.252 cfg/b=28466 prep=1.90s gpu=0.00s conv=0.01s add=0.88s train=9.30s
[t= 342.6s] rebel stream solves=79872 raw=1946/s balanced=1946/s debt=0 rows steps=312 over=4 drop=0 L=0.00306 tgt=-0.001/0.266 cfg/b=25434 prep=1.92s gpu=0.00s conv=0.01s add=0.70s train=9.14s
[t= 352.9s] rebel stream solves=95232 raw=1853/s balanced=1853/s debt=0 rows steps=372 over=15 drop=0 L=0.00289 tgt=-0.000/0.306 cfg/b=20998 prep=1.54s gpu=0.00s conv=0.11s add=0.68s train=8.89s
[t= 363.4s] rebel stream solves=109568 raw=1771/s balanced=1771/s debt=0 rows steps=428 over=43 drop=0 L=0.00273 tgt=-0.004/0.325 cfg/b=19057 prep=3.11s gpu=0.00s conv=0.24s add=0.85s train=8.69s
[t= 373.5s] rebel stream solves=123904 raw=1722/s balanced=1722/s debt=0 rows steps=484 over=73 drop=0 L=0.00279 tgt=+0.038/0.348 cfg/b=17613 prep=1.76s gpu=0.00s conv=0.23s add=0.59s train=7.98s
[t= 384.3s] rebel stream solves=134144 raw=1621/s balanced=1621/s debt=0 rows steps=524 over=98 drop=0 L=0.00308 tgt=+0.036/0.377 cfg/b=16886 prep=2.71s gpu=0.00s conv=0.12s add=0.52s train=7.06s
[t= 394.3s] rebel stream solves=144384 raw=1556/s balanced=1556/s debt=0 rows steps=564 over=125 drop=0 L=0.00356 tgt=+0.066/0.381 cfg/b=16488 prep=1.42s gpu=0.00s conv=0.16s add=0.40s train=5.62s
[t= 400.5s] --- lr -> 5.00e-04 ---
[t= 404.8s] rebel stream solves=154624 raw=1497/s balanced=1497/s debt=0 rows steps=604 over=147 drop=0 L=0.00396 tgt=+0.041/0.386 cfg/b=15792 prep=1.41s gpu=0.00s conv=0.10s add=0.47s train=5.30s
[t= 414.8s] rebel stream solves=162816 raw=1437/s balanced=1437/s debt=0 rows steps=636 over=157 drop=0 L=0.00454 tgt=+0.053/0.386 cfg/b=15938 prep=0.53s gpu=0.00s conv=0.04s add=0.51s train=3.13s
[t= 425.2s] rebel stream solves=174080 raw=1408/s balanced=1408/s debt=0 rows steps=680 over=184 drop=0 L=0.00499 tgt=+0.055/0.377 cfg/b=16110 prep=0.86s gpu=0.00s conv=0.05s add=0.58s train=4.43s
[t= 435.2s] rebel stream solves=183296 raw=1371/s balanced=1371/s debt=0 rows steps=716 over=209 drop=0 L=0.00522 tgt=+0.053/0.365 cfg/b=16062 prep=1.31s gpu=0.00s conv=0.02s add=0.56s train=5.31s
[t= 446.0s] rebel stream solves=194560 raw=1346/s balanced=1346/s debt=0 rows steps=760 over=226 drop=0 L=0.00541 tgt=+0.043/0.353 cfg/b=16160 prep=0.78s gpu=0.00s conv=0.14s add=0.49s train=4.78s
[t= 456.1s] rebel stream solves=206848 raw=1339/s balanced=1339/s debt=0 rows steps=808 over=243 drop=0 L=0.00588 tgt=+0.053/0.338 cfg/b=15955 prep=1.56s gpu=0.00s conv=0.14s add=0.56s train=4.74s
[t= 466.2s] rebel stream solves=219136 raw=1331/s balanced=1331/s debt=0 rows steps=856 over=260 drop=0 L=0.00598 tgt=+0.047/0.337 cfg/b=16044 prep=1.77s gpu=0.00s conv=0.02s add=0.68s train=5.93s
[t= 477.2s] rebel stream solves=229376 raw=1306/s balanced=1306/s debt=0 rows steps=896 over=276 drop=0 L=0.00662 tgt=+0.033/0.329 cfg/b=16179 prep=2.34s gpu=0.00s conv=0.37s add=0.44s train=9.07s
[t= 487.7s] rebel stream solves=243712 raw=1309/s balanced=1309/s debt=0 rows steps=952 over=298 drop=0 L=0.00669 tgt=+0.032/0.326 cfg/b=16349 prep=1.16s gpu=0.00s conv=0.18s add=0.64s train=8.44s
[t= 498.2s] rebel stream solves=257024 raw=1307/s balanced=1307/s debt=0 rows steps=1004 over=318 drop=0 L=0.00697 tgt=+0.034/0.318 cfg/b=16402 prep=2.22s gpu=0.00s conv=0.15s add=0.59s train=8.37s
[t= 502.6s] --- lr -> 2.50e-04 ---
[t= 508.6s] rebel stream solves=273408 raw=1321/s balanced=1321/s debt=0 rows steps=1068 over=344 drop=0 L=0.00705 tgt=+0.024/0.310 cfg/b=16008 prep=2.94s gpu=0.00s conv=0.04s add=0.69s train=9.13s
[t= 519.2s] rebel stream solves=288768 raw=1327/s balanced=1327/s debt=0 rows steps=1128 over=368 drop=0 L=0.00755 tgt=+0.021/0.292 cfg/b=14695 prep=1.13s gpu=0.00s conv=0.10s add=0.77s train=7.32s
[t= 529.2s] rebel stream solves=302080 raw=1327/s balanced=1327/s debt=0 rows steps=1180 over=389 drop=0 L=0.00754 tgt=+0.015/0.298 cfg/b=15278 prep=2.23s gpu=0.00s conv=0.21s add=0.70s train=7.11s
[t= 539.4s] rebel stream solves=314368 raw=1321/s balanced=1321/s debt=0 rows steps=1228 over=409 drop=0 L=0.00763 tgt=+0.009/0.307 cfg/b=15260 prep=1.54s gpu=0.00s conv=0.12s add=0.63s train=5.36s
[t= 549.8s] rebel stream solves=326656 raw=1316/s balanced=1316/s debt=0 rows steps=1276 over=428 drop=0 L=0.00784 tgt=+0.007/0.304 cfg/b=15342 prep=2.24s gpu=0.00s conv=0.02s add=0.58s train=7.54s
[t= 560.4s] rebel stream solves=338944 raw=1309/s balanced=1309/s debt=0 rows steps=1324 over=446 drop=0 L=0.00780 tgt=-0.007/0.296 cfg/b=15575 prep=1.65s gpu=0.00s conv=0.09s add=0.83s train=5.24s
[t= 571.0s] rebel stream solves=351232 raw=1303/s balanced=1303/s debt=0 rows steps=1372 over=457 drop=0 L=0.00791 tgt=-0.005/0.297 cfg/b=16101 prep=1.17s gpu=0.00s conv=0.25s add=0.75s train=5.71s
[t= 580.0s] --- stopping GPU admission; draining ---
[t= 581.0s] rebel stream solves=363520 raw=1301/s balanced=1301/s debt=0 rows steps=1420 over=473 drop=0 L=0.00786 tgt=-0.006/0.288 cfg/b=16530 prep=1.10s gpu=0.00s conv=0.02s add=0.79s train=6.50s
[t= 591.1s] rebel stream solves=363520 raw=1256/s balanced=1256/s debt=0 rows steps=1420 over=473 drop=0 L=0.00000 tgt=+0.000/0.000 cfg/b=0 prep=0.00s gpu=0.00s conv=0.00s add=0.00s train=0.00s
[t= 601.1s] rebel stream solves=363520 raw=1214/s balanced=1214/s debt=0 rows steps=1420 over=473 drop=0 L=0.00000 tgt=+0.000/0.000 cfg/b=0 prep=0.00s gpu=0.00s conv=0.00s add=0.00s train=0.00s
[t= 602.3s] rebel stream solves=364405 raw=1212/s balanced=1211/s debt=468 rows steps=1423 over=477 drop=0 L=0.00798 tgt=+0.005/0.292 cfg/b=16760 prep=0.01s gpu=0.00s conv=0.00s add=0.03s train=0.08s
[gpu-summary] solves=364405 optimizer_rows=1457152 debt=468 raw=1211.5/s balanced=1211.1/s over=477 exact=0 censored=4608 dropped=0 overrun=2.33s
[t= 602.3s] --- snapshot snap_01.pt (final) ---
