[cfg] FEAT=812 NHAND=56 hidden=384 depth=2 iters=8 budget=600s warm=90s device=cpu draft=starter
[t=   0.8s] greedy ep  0 games=  96 dec= 17663 cap=0.33 cfgs= 23.5 L=0.07170 tgt=+0.009/0.481 pstd=0.500 capv=0.000 gen=0.1s train=0.7s
[t=   1.6s] greedy ep  1 games=  96 dec= 17463 cap=0.31 cfgs= 24.8 L=0.04992 tgt=+0.010/0.496 pstd=0.481 capv=0.000 gen=0.1s train=0.6s
[t=   2.4s] greedy ep  2 games=  96 dec= 16863 cap=0.28 cfgs= 25.5 L=0.05097 tgt=+0.001/0.536 pstd=0.498 capv=0.000 gen=0.1s train=0.6s
[t=   3.3s] greedy ep  3 games=  96 dec= 17691 cap=0.33 cfgs= 23.6 L=0.04793 tgt=+0.012/0.485 pstd=0.494 capv=0.000 gen=0.1s train=0.8s
[t=   4.1s] greedy ep  4 games=  96 dec= 17283 cap=0.30 cfgs= 24.6 L=0.04674 tgt=+0.005/0.508 pstd=0.507 capv=0.000 gen=0.1s train=0.6s
[t=   5.0s] greedy ep  5 games=  96 dec= 17735 cap=0.32 cfgs= 23.0 L=0.04717 tgt=+0.002/0.487 pstd=0.503 capv=0.000 gen=0.2s train=0.7s
[t=   5.9s] greedy ep  6 games=  96 dec= 18025 cap=0.38 cfgs= 23.9 L=0.04513 tgt=+0.004/0.490 pstd=0.474 capv=0.000 gen=0.1s train=0.7s
[t=   6.8s] greedy ep  7 games=  96 dec= 18138 cap=0.33 cfgs= 23.5 L=0.04810 tgt=+0.005/0.470 pstd=0.505 capv=0.000 gen=0.1s train=0.7s
[t=   7.6s] greedy ep  8 games=  96 dec= 16418 cap=0.24 cfgs= 24.6 L=0.04820 tgt=+0.012/0.524 pstd=0.493 capv=0.000 gen=0.1s train=0.6s
[t=   8.4s] greedy ep  9 games=  96 dec= 17028 cap=0.28 cfgs= 24.5 L=0.05271 tgt=+0.015/0.483 pstd=0.487 capv=0.000 gen=0.1s train=0.7s
[t=   9.3s] greedy ep 10 games=  96 dec= 17118 cap=0.27 cfgs= 23.3 L=0.05297 tgt=+0.011/0.499 pstd=0.513 capv=0.000 gen=0.2s train=0.6s
[t=  10.2s] greedy ep 11 games=  96 dec= 16602 cap=0.26 cfgs= 26.8 L=0.05363 tgt=+0.017/0.519 pstd=0.467 capv=0.000 gen=0.1s train=0.7s
[t=  11.4s] greedy ep 12 games=  96 dec= 16834 cap=0.25 cfgs= 25.5 L=0.05665 tgt=+0.014/0.492 pstd=0.492 capv=0.000 gen=0.5s train=0.6s
[t=  12.4s] greedy ep 13 games=  96 dec= 16975 cap=0.28 cfgs= 24.8 L=0.05672 tgt=+0.003/0.495 pstd=0.456 capv=0.000 gen=0.2s train=0.7s
[t=  13.4s] greedy ep 14 games=  96 dec= 18236 cap=0.36 cfgs= 24.7 L=0.05824 tgt=+0.000/0.469 pstd=0.496 capv=0.000 gen=0.2s train=0.8s
[t=  14.3s] greedy ep 15 games=  96 dec= 16830 cap=0.26 cfgs= 25.4 L=0.05918 tgt=-0.003/0.519 pstd=0.474 capv=0.000 gen=0.1s train=0.7s
[t=  15.3s] greedy ep 16 games=  96 dec= 16653 cap=0.26 cfgs= 24.9 L=0.06085 tgt=+0.015/0.518 pstd=0.456 capv=0.000 gen=0.2s train=0.7s
[t=  16.3s] greedy ep 17 games=  96 dec= 18020 cap=0.35 cfgs= 24.0 L=0.05770 tgt=+0.017/0.479 pstd=0.458 capv=0.000 gen=0.1s train=0.7s
[t=  17.2s] greedy ep 18 games=  96 dec= 17357 cap=0.30 cfgs= 24.2 L=0.05846 tgt=+0.012/0.496 pstd=0.446 capv=0.000 gen=0.1s train=0.7s
[t=  18.2s] greedy ep 19 games=  96 dec= 18933 cap=0.46 cfgs= 23.3 L=0.06018 tgt=-0.004/0.450 pstd=0.435 capv=0.000 gen=0.1s train=0.7s
[t=  19.1s] greedy ep 20 games=  96 dec= 17217 cap=0.26 cfgs= 25.7 L=0.06246 tgt=+0.022/0.520 pstd=0.473 capv=0.000 gen=0.1s train=0.7s
[t=  20.1s] greedy ep 21 games=  96 dec= 17364 cap=0.30 cfgs= 23.6 L=0.06105 tgt=+0.009/0.475 pstd=0.440 capv=0.000 gen=0.2s train=0.7s
[t=  21.1s] greedy ep 22 games=  96 dec= 17748 cap=0.36 cfgs= 25.1 L=0.06185 tgt=-0.007/0.466 pstd=0.470 capv=0.000 gen=0.1s train=0.7s
[t=  22.1s] greedy ep 23 games=  96 dec= 16126 cap=0.22 cfgs= 25.7 L=0.06142 tgt=+0.011/0.519 pstd=0.462 capv=0.000 gen=0.1s train=0.7s
[t=  23.1s] greedy ep 24 games=  96 dec= 18560 cap=0.42 cfgs= 22.9 L=0.06329 tgt=+0.008/0.444 pstd=0.455 capv=0.000 gen=0.1s train=0.7s
[t=  24.1s] greedy ep 25 games=  96 dec= 17402 cap=0.31 cfgs= 23.9 L=0.06240 tgt=+0.004/0.502 pstd=0.463 capv=0.000 gen=0.1s train=0.7s
[t=  25.2s] greedy ep 26 games=  96 dec= 18245 cap=0.38 cfgs= 22.2 L=0.06338 tgt=+0.019/0.462 pstd=0.443 capv=0.000 gen=0.1s train=0.7s
[t=  26.3s] greedy ep 27 games=  96 dec= 18252 cap=0.36 cfgs= 23.2 L=0.06346 tgt=+0.011/0.468 pstd=0.431 capv=0.000 gen=0.1s train=0.8s
[t=  27.5s] greedy ep 28 games=  96 dec= 16622 cap=0.24 cfgs= 26.2 L=0.06449 tgt=+0.021/0.528 pstd=0.483 capv=0.000 gen=0.3s train=0.7s
[t=  28.8s] greedy ep 29 games=  96 dec= 17551 cap=0.35 cfgs= 23.7 L=0.06547 tgt=+0.010/0.467 pstd=0.429 capv=0.000 gen=0.1s train=0.8s
[t=  30.1s] greedy ep 30 games=  96 dec= 17764 cap=0.34 cfgs= 22.7 L=0.06470 tgt=+0.010/0.498 pstd=0.440 capv=0.000 gen=0.3s train=0.8s
[t=  31.3s] greedy ep 31 games=  96 dec= 17543 cap=0.35 cfgs= 24.1 L=0.06620 tgt=+0.006/0.487 pstd=0.469 capv=0.000 gen=0.1s train=0.7s
[t=  32.5s] greedy ep 32 games=  96 dec= 17410 cap=0.28 cfgs= 25.0 L=0.06723 tgt=+0.012/0.520 pstd=0.472 capv=0.000 gen=0.1s train=0.8s
[t=  33.7s] greedy ep 33 games=  96 dec= 17308 cap=0.26 cfgs= 22.5 L=0.06781 tgt=+0.013/0.529 pstd=0.487 capv=0.000 gen=0.1s train=0.8s
[t=  34.9s] greedy ep 34 games=  96 dec= 17440 cap=0.33 cfgs= 24.1 L=0.06819 tgt=+0.002/0.502 pstd=0.450 capv=0.000 gen=0.1s train=0.8s
[t=  36.4s] greedy ep 35 games=  96 dec= 17831 cap=0.33 cfgs= 24.0 L=0.06821 tgt=+0.011/0.490 pstd=0.453 capv=0.000 gen=0.1s train=0.9s
[t=  37.7s] greedy ep 36 games=  96 dec= 17393 cap=0.25 cfgs= 24.2 L=0.06849 tgt=+0.017/0.508 pstd=0.443 capv=0.000 gen=0.1s train=0.8s
[t=  39.1s] greedy ep 37 games=  96 dec= 17234 cap=0.30 cfgs= 24.6 L=0.06742 tgt=+0.017/0.498 pstd=0.470 capv=0.000 gen=0.1s train=0.8s
[t=  40.4s] greedy ep 38 games=  96 dec= 16631 cap=0.25 cfgs= 25.1 L=0.06921 tgt=+0.009/0.532 pstd=0.463 capv=0.000 gen=0.1s train=0.8s
[t=  41.7s] greedy ep 39 games=  96 dec= 17350 cap=0.29 cfgs= 25.2 L=0.07222 tgt=+0.014/0.500 pstd=0.480 capv=0.000 gen=0.1s train=0.8s
[t=  43.5s] greedy ep 40 games=  96 dec= 16594 cap=0.24 cfgs= 26.4 L=0.06938 tgt=+0.006/0.496 pstd=0.455 capv=0.000 gen=0.5s train=0.8s
[t=  44.9s] greedy ep 41 games=  96 dec= 17185 cap=0.29 cfgs= 25.2 L=0.07026 tgt=-0.003/0.500 pstd=0.467 capv=0.000 gen=0.2s train=0.7s
[t=  46.4s] greedy ep 42 games=  96 dec= 19091 cap=0.45 cfgs= 22.7 L=0.07279 tgt=-0.006/0.451 pstd=0.478 capv=0.000 gen=0.1s train=0.9s
[t=  47.7s] greedy ep 43 games=  96 dec= 16718 cap=0.28 cfgs= 23.9 L=0.07172 tgt=-0.008/0.515 pstd=0.478 capv=0.000 gen=0.1s train=0.8s
[t=  49.1s] greedy ep 44 games=  96 dec= 16386 cap=0.21 cfgs= 25.6 L=0.07323 tgt=+0.003/0.525 pstd=0.469 capv=0.000 gen=0.1s train=0.8s
[t=  50.9s] greedy ep 45 games=  96 dec= 17749 cap=0.35 cfgs= 24.9 L=0.07292 tgt=+0.003/0.491 pstd=0.454 capv=0.000 gen=0.5s train=0.8s
[t=  52.4s] greedy ep 46 games=  96 dec= 17746 cap=0.30 cfgs= 23.9 L=0.07340 tgt=+0.004/0.494 pstd=0.441 capv=0.000 gen=0.1s train=0.9s
[t=  54.0s] greedy ep 47 games=  96 dec= 17606 cap=0.33 cfgs= 24.3 L=0.07352 tgt=+0.017/0.465 pstd=0.434 capv=0.000 gen=0.2s train=0.8s
[t=  55.5s] greedy ep 48 games=  96 dec= 17550 cap=0.31 cfgs= 25.5 L=0.07369 tgt=-0.000/0.500 pstd=0.420 capv=0.000 gen=0.1s train=0.8s
[t=  57.3s] greedy ep 49 games=  96 dec= 17250 cap=0.32 cfgs= 23.5 L=0.07588 tgt=+0.008/0.487 pstd=0.426 capv=0.000 gen=0.1s train=1.0s
[t=  59.1s] greedy ep 50 games=  96 dec= 17832 cap=0.32 cfgs= 23.7 L=0.07402 tgt=+0.017/0.486 pstd=0.414 capv=0.000 gen=0.1s train=1.0s
[t=  60.7s] greedy ep 51 games=  96 dec= 17923 cap=0.38 cfgs= 22.9 L=0.07565 tgt=+0.012/0.464 pstd=0.420 capv=0.000 gen=0.1s train=0.9s
[t=  62.2s] greedy ep 52 games=  96 dec= 17105 cap=0.30 cfgs= 23.7 L=0.07518 tgt=-0.009/0.489 pstd=0.418 capv=0.000 gen=0.1s train=0.8s
[t=  63.8s] greedy ep 53 games=  96 dec= 17117 cap=0.27 cfgs= 25.4 L=0.07471 tgt=+0.003/0.491 pstd=0.410 capv=0.000 gen=0.1s train=0.9s
[t=  65.3s] greedy ep 54 games=  96 dec= 17527 cap=0.30 cfgs= 25.8 L=0.07740 tgt=+0.003/0.515 pstd=0.433 capv=0.000 gen=0.1s train=0.9s
[t=  66.9s] greedy ep 55 games=  96 dec= 18462 cap=0.38 cfgs= 20.9 L=0.07612 tgt=+0.008/0.483 pstd=0.430 capv=0.000 gen=0.1s train=0.9s
[t=  68.3s] greedy ep 56 games=  96 dec= 16363 cap=0.24 cfgs= 25.6 L=0.07639 tgt=-0.003/0.525 pstd=0.412 capv=0.000 gen=0.1s train=0.7s
[t=  69.7s] greedy ep 57 games=  96 dec= 17612 cap=0.27 cfgs= 24.4 L=0.07673 tgt=+0.023/0.481 pstd=0.388 capv=0.000 gen=0.1s train=0.8s
[t=  71.1s] greedy ep 58 games=  96 dec= 17001 cap=0.28 cfgs= 25.3 L=0.07881 tgt=+0.014/0.494 pstd=0.428 capv=0.000 gen=0.1s train=0.8s
[t=  72.5s] greedy ep 59 games=  96 dec= 16968 cap=0.30 cfgs= 24.4 L=0.07763 tgt=+0.014/0.485 pstd=0.425 capv=0.000 gen=0.1s train=0.8s
[t=  73.8s] greedy ep 60 games=  96 dec= 16654 cap=0.27 cfgs= 25.3 L=0.07682 tgt=+0.004/0.516 pstd=0.404 capv=0.000 gen=0.1s train=0.7s
[t=  75.3s] greedy ep 61 games=  96 dec= 17045 cap=0.27 cfgs= 24.9 L=0.07828 tgt=+0.016/0.508 pstd=0.408 capv=0.000 gen=0.1s train=0.8s
[t=  76.9s] greedy ep 62 games=  96 dec= 16734 cap=0.26 cfgs= 24.1 L=0.07838 tgt=+0.004/0.507 pstd=0.381 capv=0.000 gen=0.3s train=0.8s
[t=  78.2s] greedy ep 63 games=  96 dec= 17926 cap=0.35 cfgs= 23.7 L=0.07510 tgt=+0.010/0.478 pstd=0.397 capv=0.000 gen=0.1s train=0.8s
[t=  79.6s] greedy ep 64 games=  96 dec= 17017 cap=0.30 cfgs= 25.5 L=0.07672 tgt=+0.007/0.480 pstd=0.394 capv=0.000 gen=0.1s train=0.8s
[t=  80.9s] greedy ep 65 games=  96 dec= 16910 cap=0.25 cfgs= 25.7 L=0.07720 tgt=+0.001/0.489 pstd=0.432 capv=0.000 gen=0.1s train=0.7s
[t=  82.3s] greedy ep 66 games=  96 dec= 17575 cap=0.30 cfgs= 24.0 L=0.07686 tgt=+0.001/0.473 pstd=0.406 capv=0.000 gen=0.1s train=0.8s
[t=  83.7s] greedy ep 67 games=  96 dec= 16018 cap=0.20 cfgs= 26.3 L=0.07783 tgt=+0.011/0.520 pstd=0.420 capv=0.000 gen=0.1s train=0.7s
[t=  85.1s] greedy ep 68 games=  96 dec= 17157 cap=0.26 cfgs= 26.1 L=0.07625 tgt=+0.030/0.516 pstd=0.441 capv=0.000 gen=0.1s train=0.8s
[t=  86.4s] greedy ep 69 games=  96 dec= 17396 cap=0.28 cfgs= 25.1 L=0.07758 tgt=+0.007/0.494 pstd=0.429 capv=0.000 gen=0.1s train=0.8s
[t=  87.8s] greedy ep 70 games=  96 dec= 17599 cap=0.35 cfgs= 25.2 L=0.07621 tgt=+0.001/0.503 pstd=0.416 capv=0.000 gen=0.1s train=0.8s
[t=  89.3s] greedy ep 71 games=  96 dec= 17152 cap=0.28 cfgs= 24.5 L=0.07729 tgt=+0.007/0.515 pstd=0.414 capv=0.000 gen=0.1s train=0.8s
[t=  90.7s] greedy ep 72 games=  96 dec= 17020 cap=0.28 cfgs= 26.2 L=0.07675 tgt=-0.001/0.491 pstd=0.448 capv=0.000 gen=0.1s train=0.8s
[t=  90.7s] --- initial checkpoint saved, switching to ReBeL ---
[t=  95.6s] rebel  ep 73 games=  48 dec=  7603 cap=0.04 cfgs= 25.3 L=0.01715 tgt=-0.002/0.446 pstd=0.401 capv=0.000 gen=4.7s train=0.1s
[t= 100.2s] rebel  ep 74 games=  48 dec=  7154 cap=0.04 cfgs= 26.5 L=0.01120 tgt=+0.009/0.379 pstd=0.411 capv=0.000 gen=4.5s train=0.1s
[t= 104.7s] rebel  ep 75 games=  48 dec=  7433 cap=0.10 cfgs= 23.2 L=0.01013 tgt=+0.006/0.404 pstd=0.409 capv=0.000 gen=4.4s train=0.1s
[t= 109.4s] rebel  ep 76 games=  48 dec=  7270 cap=0.04 cfgs= 26.7 L=0.00869 tgt=+0.005/0.358 pstd=0.415 capv=0.000 gen=4.5s train=0.1s
[t= 113.3s] rebel  ep 77 games=  48 dec=  6676 cap=0.08 cfgs= 24.0 L=0.00849 tgt=+0.019/0.395 pstd=0.425 capv=0.000 gen=3.8s train=0.1s
[t= 117.5s] rebel  ep 78 games=  48 dec=  6461 cap=0.02 cfgs= 23.9 L=0.00793 tgt=-0.008/0.404 pstd=0.413 capv=0.000 gen=4.1s train=0.1s
[t= 121.8s] rebel  ep 79 games=  48 dec=  6666 cap=0.02 cfgs= 26.2 L=0.00784 tgt=+0.009/0.381 pstd=0.413 capv=0.000 gen=4.2s train=0.1s
[t= 126.0s] rebel  ep 80 games=  48 dec=  6310 cap=0.02 cfgs= 25.3 L=0.00847 tgt=-0.000/0.382 pstd=0.412 capv=0.000 gen=4.1s train=0.1s
[t= 130.3s] rebel  ep 81 games=  48 dec=  6383 cap=0.04 cfgs= 24.9 L=0.00799 tgt=+0.022/0.397 pstd=0.422 capv=0.000 gen=4.1s train=0.1s
[t= 136.5s] rebel  ep 82 games=  48 dec=  6164 cap=0.04 cfgs= 25.0 L=0.00849 tgt=+0.001/0.370 pstd=0.417 capv=0.000 gen=6.1s train=0.1s
[t= 141.3s] rebel  ep 83 games=  48 dec=  6681 cap=0.06 cfgs= 25.0 L=0.00776 tgt=+0.004/0.399 pstd=0.416 capv=0.000 gen=4.7s train=0.1s
[t= 145.9s] rebel  ep 84 games=  48 dec=  5961 cap=0.02 cfgs= 27.4 L=0.00856 tgt=+0.009/0.368 pstd=0.421 capv=0.000 gen=4.4s train=0.1s
[t= 150.5s] rebel  ep 85 games=  48 dec=  6449 cap=0.12 cfgs= 24.0 L=0.00794 tgt=+0.005/0.391 pstd=0.417 capv=0.000 gen=4.4s train=0.2s
[t= 154.8s] rebel  ep 86 games=  48 dec=  6031 cap=0.04 cfgs= 25.5 L=0.00750 tgt=-0.008/0.382 pstd=0.413 capv=0.000 gen=4.2s train=0.1s
[t= 159.3s] rebel  ep 87 games=  48 dec=  6354 cap=0.04 cfgs= 26.2 L=0.00789 tgt=+0.002/0.395 pstd=0.420 capv=0.000 gen=4.4s train=0.1s
[t= 163.8s] rebel  ep 88 games=  48 dec=  6397 cap=0.06 cfgs= 25.7 L=0.00767 tgt=+0.002/0.369 pstd=0.417 capv=0.000 gen=4.3s train=0.1s
[t= 168.2s] rebel  ep 89 games=  48 dec=  6253 cap=0.02 cfgs= 25.1 L=0.00804 tgt=+0.005/0.366 pstd=0.415 capv=0.000 gen=4.3s train=0.1s
[t= 172.5s] rebel  ep 90 games=  48 dec=  5874 cap=0.00 cfgs= 26.0 L=0.00801 tgt=-0.001/0.381 pstd=0.412 capv=0.000 gen=4.1s train=0.1s
[t= 177.0s] rebel  ep 91 games=  48 dec=  5791 cap=0.02 cfgs= 27.3 L=0.00784 tgt=+0.018/0.397 pstd=0.412 capv=0.000 gen=4.4s train=0.1s
[t= 181.4s] rebel  ep 92 games=  48 dec=  5801 cap=0.04 cfgs= 25.7 L=0.00786 tgt=-0.008/0.389 pstd=0.416 capv=0.000 gen=4.3s train=0.1s
[t= 186.0s] rebel  ep 93 games=  48 dec=  6478 cap=0.02 cfgs= 23.9 L=0.00736 tgt=+0.000/0.358 pstd=0.415 capv=0.000 gen=4.4s train=0.1s
[t= 190.0s] rebel  ep 94 games=  48 dec=  5428 cap=0.00 cfgs= 25.6 L=0.00748 tgt=+0.019/0.381 pstd=0.416 capv=0.000 gen=3.9s train=0.1s
[t= 194.5s] rebel  ep 95 games=  48 dec=  5877 cap=0.04 cfgs= 26.9 L=0.00740 tgt=+0.001/0.362 pstd=0.413 capv=0.000 gen=4.3s train=0.1s
[t= 199.1s] rebel  ep 96 games=  48 dec=  6212 cap=0.00 cfgs= 28.4 L=0.00728 tgt=+0.010/0.377 pstd=0.412 capv=0.000 gen=4.5s train=0.1s
[t= 203.6s] rebel  ep 97 games=  48 dec=  6247 cap=0.06 cfgs= 25.4 L=0.00762 tgt=+0.001/0.383 pstd=0.411 capv=0.000 gen=4.3s train=0.1s
[t= 207.9s] rebel  ep 98 games=  48 dec=  5586 cap=0.04 cfgs= 27.8 L=0.00731 tgt=-0.016/0.396 pstd=0.411 capv=0.000 gen=4.2s train=0.1s
[t= 212.0s] rebel  ep 99 games=  48 dec=  5572 cap=0.04 cfgs= 24.6 L=0.00727 tgt=+0.006/0.382 pstd=0.413 capv=0.000 gen=4.0s train=0.1s
[t= 216.4s] rebel  ep100 games=  48 dec=  6102 cap=0.02 cfgs= 25.9 L=0.00762 tgt=-0.006/0.381 pstd=0.414 capv=0.000 gen=4.3s train=0.1s
[t= 220.9s] rebel  ep101 games=  48 dec=  5808 cap=0.04 cfgs= 25.8 L=0.00785 tgt=-0.005/0.390 pstd=0.414 capv=0.000 gen=4.3s train=0.1s
[t= 225.1s] rebel  ep102 games=  48 dec=  5546 cap=0.00 cfgs= 26.2 L=0.00746 tgt=+0.010/0.390 pstd=0.410 capv=0.000 gen=4.1s train=0.1s
[t= 229.7s] rebel  ep103 games=  48 dec=  6398 cap=0.06 cfgs= 24.0 L=0.00757 tgt=+0.014/0.406 pstd=0.403 capv=0.000 gen=4.4s train=0.1s
[t= 234.1s] rebel  ep104 games=  48 dec=  6077 cap=0.08 cfgs= 23.3 L=0.00722 tgt=-0.001/0.365 pstd=0.411 capv=0.000 gen=4.2s train=0.1s
[t= 238.4s] rebel  ep105 games=  48 dec=  5579 cap=0.00 cfgs= 25.6 L=0.00696 tgt=+0.002/0.370 pstd=0.408 capv=0.000 gen=4.2s train=0.1s
[t= 242.5s] rebel  ep106 games=  48 dec=  5906 cap=0.06 cfgs= 23.7 L=0.00725 tgt=+0.005/0.403 pstd=0.414 capv=0.000 gen=4.0s train=0.1s
[t= 247.0s] rebel  ep107 games=  48 dec=  5892 cap=0.04 cfgs= 26.7 L=0.00706 tgt=-0.005/0.387 pstd=0.416 capv=0.000 gen=4.3s train=0.1s
[t= 251.8s] rebel  ep108 games=  48 dec=  6293 cap=0.04 cfgs= 24.6 L=0.00741 tgt=-0.004/0.350 pstd=0.411 capv=0.000 gen=4.6s train=0.1s
[t= 256.1s] rebel  ep109 games=  48 dec=  5586 cap=0.02 cfgs= 27.0 L=0.00707 tgt=-0.002/0.392 pstd=0.411 capv=0.000 gen=4.2s train=0.1s
[t= 260.5s] rebel  ep110 games=  48 dec=  5768 cap=0.04 cfgs= 25.9 L=0.00708 tgt=-0.001/0.379 pstd=0.414 capv=0.000 gen=4.2s train=0.1s
[t= 265.0s] rebel  ep111 games=  48 dec=  5795 cap=0.02 cfgs= 26.8 L=0.00720 tgt=-0.008/0.384 pstd=0.412 capv=0.000 gen=4.4s train=0.1s
[t= 269.7s] rebel  ep112 games=  48 dec=  5981 cap=0.02 cfgs= 24.5 L=0.00748 tgt=+0.004/0.388 pstd=0.415 capv=0.000 gen=4.5s train=0.1s
[t= 274.0s] rebel  ep113 games=  48 dec=  5873 cap=0.00 cfgs= 25.7 L=0.00715 tgt=+0.001/0.401 pstd=0.414 capv=0.000 gen=4.1s train=0.1s
[t= 278.2s] rebel  ep114 games=  48 dec=  5848 cap=0.02 cfgs= 24.2 L=0.00748 tgt=+0.003/0.375 pstd=0.410 capv=0.000 gen=4.1s train=0.1s
[t= 282.7s] rebel  ep115 games=  48 dec=  5957 cap=0.02 cfgs= 24.7 L=0.00727 tgt=-0.001/0.378 pstd=0.408 capv=0.000 gen=4.3s train=0.1s
[t= 287.2s] rebel  ep116 games=  48 dec=  5820 cap=0.00 cfgs= 25.2 L=0.00711 tgt=-0.004/0.373 pstd=0.407 capv=0.000 gen=4.4s train=0.1s
[t= 291.9s] rebel  ep117 games=  48 dec=  5727 cap=0.02 cfgs= 25.8 L=0.00741 tgt=+0.001/0.351 pstd=0.412 capv=0.000 gen=4.5s train=0.1s
[t= 296.5s] rebel  ep118 games=  48 dec=  5974 cap=0.04 cfgs= 24.2 L=0.00754 tgt=+0.007/0.375 pstd=0.410 capv=0.000 gen=4.4s train=0.1s
[t= 301.1s] rebel  ep119 games=  48 dec=  5761 cap=0.00 cfgs= 25.8 L=0.00740 tgt=-0.000/0.368 pstd=0.411 capv=0.000 gen=4.4s train=0.1s
[t= 305.4s] rebel  ep120 games=  48 dec=  5562 cap=0.04 cfgs= 24.2 L=0.00682 tgt=-0.003/0.366 pstd=0.411 capv=0.000 gen=4.1s train=0.1s
[t= 309.7s] rebel  ep121 games=  48 dec=  5691 cap=0.00 cfgs= 24.6 L=0.00730 tgt=+0.019/0.423 pstd=0.410 capv=0.000 gen=4.1s train=0.1s
[t= 314.1s] rebel  ep122 games=  48 dec=  5622 cap=0.02 cfgs= 27.7 L=0.00719 tgt=-0.015/0.390 pstd=0.410 capv=0.000 gen=4.3s train=0.1s
[t= 318.9s] rebel  ep123 games=  48 dec=  5344 cap=0.02 cfgs= 30.0 L=0.00690 tgt=-0.004/0.396 pstd=0.411 capv=0.000 gen=4.6s train=0.1s
[t= 323.2s] rebel  ep124 games=  48 dec=  5551 cap=0.04 cfgs= 27.0 L=0.00708 tgt=-0.010/0.417 pstd=0.411 capv=0.000 gen=4.1s train=0.1s
[t= 327.4s] rebel  ep125 games=  48 dec=  5663 cap=0.04 cfgs= 26.1 L=0.00691 tgt=+0.005/0.405 pstd=0.409 capv=0.000 gen=4.0s train=0.1s
[t= 332.2s] rebel  ep126 games=  48 dec=  6106 cap=0.02 cfgs= 27.5 L=0.00732 tgt=+0.006/0.406 pstd=0.406 capv=0.000 gen=4.7s train=0.1s
[t= 336.8s] rebel  ep127 games=  48 dec=  5739 cap=0.00 cfgs= 26.5 L=0.00683 tgt=-0.000/0.328 pstd=0.412 capv=0.000 gen=4.4s train=0.1s
[t= 341.4s] rebel  ep128 games=  48 dec=  5718 cap=0.02 cfgs= 26.1 L=0.00721 tgt=+0.010/0.365 pstd=0.411 capv=0.000 gen=4.4s train=0.1s
[t= 345.8s] rebel  ep129 games=  48 dec=  5521 cap=0.00 cfgs= 25.2 L=0.00705 tgt=-0.006/0.368 pstd=0.407 capv=0.000 gen=4.2s train=0.1s
[t= 350.1s] rebel  ep130 games=  48 dec=  5320 cap=0.00 cfgs= 25.2 L=0.00742 tgt=-0.004/0.389 pstd=0.405 capv=0.000 gen=4.1s train=0.1s
[t= 354.1s] rebel  ep131 games=  48 dec=  5496 cap=0.02 cfgs= 23.4 L=0.00708 tgt=+0.002/0.403 pstd=0.417 capv=0.000 gen=3.8s train=0.1s
[t= 358.5s] rebel  ep132 games=  48 dec=  6086 cap=0.02 cfgs= 23.5 L=0.00704 tgt=-0.009/0.387 pstd=0.410 capv=0.000 gen=4.3s train=0.1s
[t= 362.9s] rebel  ep133 games=  48 dec=  5505 cap=0.00 cfgs= 26.1 L=0.00687 tgt=+0.009/0.435 pstd=0.407 capv=0.000 gen=4.2s train=0.1s
[t= 367.2s] rebel  ep134 games=  48 dec=  5286 cap=0.00 cfgs= 25.6 L=0.00675 tgt=+0.007/0.371 pstd=0.407 capv=0.000 gen=4.1s train=0.1s
[t= 371.8s] rebel  ep135 games=  48 dec=  5529 cap=0.02 cfgs= 26.0 L=0.00748 tgt=-0.007/0.373 pstd=0.412 capv=0.000 gen=4.4s train=0.1s
[t= 376.1s] rebel  ep136 games=  48 dec=  5743 cap=0.02 cfgs= 23.6 L=0.00698 tgt=+0.003/0.396 pstd=0.412 capv=0.000 gen=4.2s train=0.1s
[t= 380.4s] rebel  ep137 games=  48 dec=  5544 cap=0.00 cfgs= 25.6 L=0.00698 tgt=-0.009/0.363 pstd=0.414 capv=0.000 gen=4.1s train=0.1s
[t= 385.0s] rebel  ep138 games=  48 dec=  5926 cap=0.02 cfgs= 24.3 L=0.00725 tgt=+0.006/0.402 pstd=0.413 capv=0.000 gen=4.3s train=0.1s
[t= 389.2s] rebel  ep139 games=  48 dec=  5572 cap=0.00 cfgs= 25.5 L=0.00686 tgt=+0.005/0.389 pstd=0.418 capv=0.000 gen=4.1s train=0.1s
[t= 393.6s] rebel  ep140 games=  48 dec=  5543 cap=0.04 cfgs= 23.2 L=0.00735 tgt=-0.006/0.367 pstd=0.411 capv=0.000 gen=4.2s train=0.1s
[t= 398.2s] rebel  ep141 games=  48 dec=  5741 cap=0.00 cfgs= 23.9 L=0.00695 tgt=-0.009/0.383 pstd=0.409 capv=0.000 gen=4.4s train=0.1s
[t= 402.8s] rebel  ep142 games=  48 dec=  5737 cap=0.00 cfgs= 25.8 L=0.00683 tgt=-0.001/0.378 pstd=0.402 capv=0.000 gen=4.5s train=0.1s
[t= 406.7s] rebel  ep143 games=  48 dec=  4965 cap=0.04 cfgs= 22.5 L=0.00700 tgt=-0.001/0.393 pstd=0.407 capv=0.000 gen=3.7s train=0.1s
[t= 410.9s] rebel  ep144 games=  48 dec=  5577 cap=0.02 cfgs= 24.0 L=0.00709 tgt=-0.009/0.346 pstd=0.409 capv=0.000 gen=3.9s train=0.1s
[t= 415.2s] rebel  ep145 games=  48 dec=  5515 cap=0.00 cfgs= 24.5 L=0.00718 tgt=+0.001/0.359 pstd=0.410 capv=0.000 gen=4.2s train=0.1s
[t= 419.4s] rebel  ep146 games=  48 dec=  5386 cap=0.00 cfgs= 25.2 L=0.00688 tgt=+0.003/0.385 pstd=0.412 capv=0.000 gen=4.0s train=0.1s
[t= 423.6s] rebel  ep147 games=  48 dec=  5428 cap=0.02 cfgs= 25.7 L=0.00721 tgt=+0.002/0.406 pstd=0.407 capv=0.000 gen=4.0s train=0.1s
[t= 427.8s] rebel  ep148 games=  48 dec=  5862 cap=0.06 cfgs= 25.4 L=0.00682 tgt=-0.000/0.414 pstd=0.407 capv=0.000 gen=4.0s train=0.1s
[t= 432.1s] rebel  ep149 games=  48 dec=  5251 cap=0.02 cfgs= 25.8 L=0.00736 tgt=-0.004/0.376 pstd=0.408 capv=0.000 gen=4.1s train=0.1s
[t= 436.6s] rebel  ep150 games=  48 dec=  5888 cap=0.06 cfgs= 24.5 L=0.00686 tgt=-0.000/0.382 pstd=0.404 capv=0.000 gen=4.3s train=0.1s
[t= 440.8s] rebel  ep151 games=  48 dec=  5819 cap=0.04 cfgs= 24.5 L=0.00717 tgt=-0.000/0.384 pstd=0.410 capv=0.000 gen=4.0s train=0.1s
[t= 444.7s] rebel  ep152 games=  48 dec=  5089 cap=0.00 cfgs= 24.4 L=0.00691 tgt=-0.001/0.404 pstd=0.413 capv=0.000 gen=3.7s train=0.1s
[t= 449.1s] rebel  ep153 games=  48 dec=  5633 cap=0.02 cfgs= 24.6 L=0.00700 tgt=+0.000/0.402 pstd=0.410 capv=0.000 gen=4.2s train=0.1s
[t= 453.9s] rebel  ep154 games=  48 dec=  6064 cap=0.04 cfgs= 24.4 L=0.00656 tgt=+0.005/0.410 pstd=0.411 capv=0.000 gen=4.6s train=0.1s
[t= 458.1s] rebel  ep155 games=  48 dec=  5900 cap=0.02 cfgs= 23.0 L=0.00694 tgt=+0.007/0.414 pstd=0.412 capv=0.000 gen=4.0s train=0.1s
[t= 462.4s] rebel  ep156 games=  48 dec=  5985 cap=0.02 cfgs= 23.5 L=0.00714 tgt=-0.003/0.418 pstd=0.410 capv=0.000 gen=4.1s train=0.1s
[t= 466.4s] rebel  ep157 games=  48 dec=  5146 cap=0.00 cfgs= 25.4 L=0.00702 tgt=+0.006/0.375 pstd=0.410 capv=0.000 gen=3.8s train=0.1s
[t= 470.7s] rebel  ep158 games=  48 dec=  5527 cap=0.02 cfgs= 23.7 L=0.00665 tgt=-0.007/0.389 pstd=0.411 capv=0.000 gen=4.1s train=0.1s
[t= 474.7s] rebel  ep159 games=  48 dec=  4957 cap=0.00 cfgs= 26.3 L=0.00660 tgt=-0.021/0.392 pstd=0.406 capv=0.000 gen=3.9s train=0.1s
[t= 479.0s] rebel  ep160 games=  48 dec=  5402 cap=0.00 cfgs= 25.7 L=0.00714 tgt=-0.013/0.405 pstd=0.418 capv=0.000 gen=4.1s train=0.1s
[t= 483.2s] rebel  ep161 games=  48 dec=  5308 cap=0.02 cfgs= 23.8 L=0.00727 tgt=-0.006/0.386 pstd=0.409 capv=0.000 gen=4.0s train=0.1s
[t= 487.9s] rebel  ep162 games=  48 dec=  5873 cap=0.04 cfgs= 25.1 L=0.00704 tgt=+0.004/0.377 pstd=0.413 capv=0.000 gen=4.4s train=0.1s
[t= 492.3s] rebel  ep163 games=  48 dec=  5933 cap=0.04 cfgs= 24.9 L=0.00702 tgt=+0.003/0.392 pstd=0.417 capv=0.000 gen=4.2s train=0.1s
[t= 496.9s] rebel  ep164 games=  48 dec=  5514 cap=0.00 cfgs= 24.4 L=0.00728 tgt=-0.004/0.394 pstd=0.408 capv=0.000 gen=4.4s train=0.1s
[t= 501.4s] rebel  ep165 games=  48 dec=  5280 cap=0.00 cfgs= 27.2 L=0.00691 tgt=-0.013/0.390 pstd=0.405 capv=0.000 gen=4.2s train=0.1s
[t= 506.1s] rebel  ep166 games=  48 dec=  6357 cap=0.04 cfgs= 23.3 L=0.00731 tgt=+0.005/0.397 pstd=0.401 capv=0.000 gen=4.5s train=0.1s
[t= 510.3s] rebel  ep167 games=  48 dec=  5740 cap=0.02 cfgs= 25.1 L=0.00727 tgt=+0.002/0.374 pstd=0.406 capv=0.000 gen=4.1s train=0.1s
[t= 514.6s] rebel  ep168 games=  48 dec=  5267 cap=0.00 cfgs= 27.3 L=0.00664 tgt=+0.015/0.406 pstd=0.409 capv=0.000 gen=4.1s train=0.1s
[t= 519.0s] rebel  ep169 games=  48 dec=  5348 cap=0.02 cfgs= 25.4 L=0.00682 tgt=-0.013/0.378 pstd=0.411 capv=0.000 gen=4.2s train=0.1s
[t= 523.6s] rebel  ep170 games=  48 dec=  5417 cap=0.00 cfgs= 25.6 L=0.00715 tgt=-0.004/0.398 pstd=0.408 capv=0.000 gen=4.4s train=0.1s
[t= 527.9s] rebel  ep171 games=  48 dec=  5427 cap=0.02 cfgs= 26.3 L=0.00714 tgt=+0.010/0.404 pstd=0.409 capv=0.000 gen=4.0s train=0.1s
[t= 532.6s] rebel  ep172 games=  48 dec=  5814 cap=0.04 cfgs= 26.1 L=0.00707 tgt=+0.003/0.380 pstd=0.410 capv=0.000 gen=4.5s train=0.1s
[t= 537.1s] rebel  ep173 games=  48 dec=  5561 cap=0.00 cfgs= 25.8 L=0.00705 tgt=+0.003/0.391 pstd=0.415 capv=0.000 gen=4.3s train=0.1s
[t= 541.4s] rebel  ep174 games=  48 dec=  5281 cap=0.00 cfgs= 26.9 L=0.00728 tgt=-0.010/0.393 pstd=0.410 capv=0.000 gen=4.1s train=0.1s
[t= 545.7s] rebel  ep175 games=  48 dec=  5669 cap=0.02 cfgs= 24.5 L=0.00769 tgt=-0.004/0.407 pstd=0.415 capv=0.000 gen=4.1s train=0.1s
[t= 549.7s] rebel  ep176 games=  48 dec=  5127 cap=0.02 cfgs= 26.1 L=0.00703 tgt=-0.010/0.399 pstd=0.407 capv=0.000 gen=3.8s train=0.1s
[t= 554.3s] rebel  ep177 games=  48 dec=  5608 cap=0.00 cfgs= 24.1 L=0.00696 tgt=-0.008/0.386 pstd=0.405 capv=0.000 gen=4.4s train=0.1s
[t= 558.6s] rebel  ep178 games=  48 dec=  5410 cap=0.02 cfgs= 23.9 L=0.00674 tgt=+0.005/0.411 pstd=0.411 capv=0.000 gen=4.0s train=0.1s
[t= 563.5s] rebel  ep179 games=  48 dec=  5555 cap=0.00 cfgs= 26.7 L=0.00675 tgt=-0.009/0.389 pstd=0.414 capv=0.000 gen=4.7s train=0.1s
[t= 567.9s] rebel  ep180 games=  48 dec=  5658 cap=0.02 cfgs= 22.6 L=0.00681 tgt=-0.006/0.397 pstd=0.409 capv=0.000 gen=4.2s train=0.1s
[t= 572.6s] rebel  ep181 games=  48 dec=  5734 cap=0.02 cfgs= 23.7 L=0.00707 tgt=+0.007/0.404 pstd=0.406 capv=0.000 gen=4.5s train=0.1s
[t= 576.9s] rebel  ep182 games=  48 dec=  5142 cap=0.00 cfgs= 23.3 L=0.00733 tgt=-0.003/0.396 pstd=0.406 capv=0.000 gen=4.0s train=0.1s
[t= 581.1s] rebel  ep183 games=  48 dec=  4913 cap=0.00 cfgs= 25.4 L=0.00677 tgt=-0.006/0.408 pstd=0.405 capv=0.000 gen=4.0s train=0.1s
[t= 585.7s] rebel  ep184 games=  48 dec=  5223 cap=0.02 cfgs= 26.6 L=0.00674 tgt=-0.001/0.400 pstd=0.404 capv=0.000 gen=4.4s train=0.1s
[t= 590.7s] rebel  ep185 games=  48 dec=  5592 cap=0.02 cfgs= 25.9 L=0.00690 tgt=-0.004/0.378 pstd=0.405 capv=0.000 gen=4.8s train=0.1s
[t= 595.4s] rebel  ep186 games=  48 dec=  5077 cap=0.00 cfgs= 26.3 L=0.00719 tgt=+0.002/0.392 pstd=0.405 capv=0.000 gen=4.4s train=0.1s
[t= 600.0s] rebel  ep187 games=  48 dec=  5279 cap=0.02 cfgs= 26.8 L=0.00688 tgt=-0.002/0.379 pstd=0.409 capv=0.000 gen=4.4s train=0.1s
[t= 604.8s] rebel  ep188 games=  48 dec=  5647 cap=0.06 cfgs= 23.9 L=0.00695 tgt=-0.005/0.406 pstd=0.414 capv=0.000 gen=4.5s train=0.1s

=== evaluation on the real game (horizon payoff 0; training ended at 0.000) ===
final checkpoint vs Greedy             W 196 L   0 D   4   score 0.990 +- 0.014
final checkpoint vs initial checkpoint W 183 L  13 D   4   score 0.925 +- 0.037

GOAL: the run produced a checkpoint better than the initial one that also beats Greedy -> PASS
      (ReBeL self-play must carry the warm-started network past its own start; final_vs_init is the headline)
