[train] runs/v5_chunk1024_3m at 00b77da+dirty seed=212 {'minutes': 3.0, 'warm_minutes': 0.0, 'init_weights': 'runs/v5_arch_30m/snap_04.pt', 'snapshot_every': 15.0, 'depth': 2, 'iters': 64, 'cfr': 'dcfr', 'ladder_games': 0, 'gpu_drain_seconds': 5.0, 'seed': 212}
[cpu] pinned to 36 physical cores
[train] CUDA stream priority -1
[gpu] solve services up on [0, 1]
[cfg] PUBFEAT=897 CFEAT=15 architecture=v5 depth=2 iters=64 budget=180s warm=0s snapshot_every=15min device=cuda:1 draft=random train_gen_ratio=4.0 recent_mix=0.5/0.2 canonical_views=2 cap=2000000 aux_weight=0.15 matmul=high
[t=   0.0s] --- snapshot snap_00.pt (init) ---
[t=   0.0s] --- switching to ReBeL ---
[t=  10.4s] rebel stream solves=6144 raw=592/s balanced=592/s debt=0 rows steps=24 horizon=0.00 games=0 over=0 card=0 drop=0 L=0.02105 L/var=15.60 tgt=-0.022/0.037 aux=0.0018/1.000 cfg/b=54225 prep=0.42s gpu=0.00s conv=0.01s add=0.23s train=8.48s
[t=  20.5s] rebel stream solves=11264 raw=551/s balanced=551/s debt=0 rows steps=44 horizon=0.00 games=0 over=0 card=0 drop=0 L=0.00098 L/var=0.93 tgt=-0.013/0.032 aux=0.0009/1.000 cfg/b=35697 prep=0.21s gpu=0.00s conv=0.01s add=0.15s train=1.66s
[t=  30.5s] rebel stream solves=13312 raw=437/s balanced=437/s debt=0 rows steps=52 horizon=0.00 games=0 over=0 card=0 drop=0 L=0.00049 L/var=5.02 tgt=+0.009/0.010 aux=0.0003/1.000 cfg/b=31128 prep=0.09s gpu=0.00s conv=0.00s add=0.06s train=0.63s
[t=  40.5s] rebel stream solves=15360 raw=379/s balanced=379/s debt=0 rows steps=60 horizon=0.00 games=0 over=0 card=0 drop=0 L=0.00041 L/var=2.71 tgt=+0.012/0.012 aux=0.0003/1.000 cfg/b=33221 prep=0.08s gpu=0.00s conv=0.00s add=0.09s train=0.64s
[t=  50.6s] rebel stream solves=17408 raw=344/s balanced=344/s debt=0 rows steps=68 horizon=0.00 games=0 over=0 card=0 drop=0 L=0.00034 L/var=1.86 tgt=+0.013/0.014 aux=0.0002/1.000 cfg/b=34516 prep=0.09s gpu=0.00s conv=0.00s add=0.06s train=0.63s
[t=  59.5s] --- lr -> 5.00e-04 ---
[t=  60.6s] rebel stream solves=19456 raw=321/s balanced=321/s debt=0 rows steps=76 horizon=0.00 games=1 over=0 card=0 drop=0 L=0.00027 L/var=0.64 tgt=+0.014/0.021 aux=0.0001/1.000 cfg/b=29813 prep=0.10s gpu=0.00s conv=0.00s add=0.06s train=0.65s
[t=  70.6s] rebel stream solves=21504 raw=305/s balanced=305/s debt=0 rows steps=84 horizon=0.00 games=0 over=0 card=0 drop=0 L=0.00032 L/var=0.48 tgt=+0.016/0.026 aux=0.0001/1.000 cfg/b=26446 prep=0.08s gpu=0.00s conv=0.00s add=0.05s train=0.65s
[t=  80.6s] rebel stream solves=23552 raw=292/s balanced=292/s debt=0 rows steps=92 horizon=0.00 games=3 over=0 card=0 drop=0 L=0.00041 L/var=0.27 tgt=+0.017/0.039 aux=0.0001/1.000 cfg/b=23808 prep=0.10s gpu=0.00s conv=0.00s add=0.04s train=0.64s
[t=  90.7s] rebel stream solves=24576 raw=271/s balanced=271/s debt=0 rows steps=96 horizon=0.00 games=6 over=0 card=0 drop=0 L=0.00160 L/var=0.23 tgt=+0.017/0.083 aux=0.0001/1.000 cfg/b=22730 prep=0.04s gpu=0.00s conv=0.00s add=0.02s train=0.32s
[t= 100.7s] rebel stream solves=25600 raw=254/s balanced=254/s debt=0 rows steps=100 horizon=0.00 games=10 over=0 card=0 drop=0 L=0.00135 L/var=0.13 tgt=+0.016/0.103 aux=0.0001/1.000 cfg/b=22667 prep=0.05s gpu=0.00s conv=0.00s add=0.02s train=0.32s
[t= 110.7s] rebel stream solves=27648 raw=250/s balanced=250/s debt=0 rows steps=108 horizon=0.00 games=18 over=0 card=0 drop=0 L=0.00334 L/var=0.34 tgt=+0.017/0.099 aux=0.0001/1.000 cfg/b=22259 prep=0.09s gpu=0.00s conv=0.00s add=0.04s train=0.66s
[t= 120.6s] --- lr -> 2.50e-04 ---
[t= 120.7s] rebel stream solves=28672 raw=238/s balanced=238/s debt=0 rows steps=112 horizon=0.00 games=17 over=0 card=0 drop=0 L=0.00439 L/var=0.27 tgt=+0.028/0.127 aux=0.0000/1.000 cfg/b=21146 prep=0.06s gpu=0.00s conv=0.00s add=0.02s train=0.32s
[t= 130.8s] rebel stream solves=29696 raw=227/s balanced=227/s debt=0 rows steps=116 horizon=0.00 games=27 over=0 card=0 drop=0 L=0.00556 L/var=0.19 tgt=+0.023/0.170 aux=0.0001/1.000 cfg/b=20054 prep=0.04s gpu=0.00s conv=0.00s add=0.02s train=0.32s
[t= 140.8s] rebel stream solves=30720 raw=218/s balanced=218/s debt=0 rows steps=120 horizon=0.00 games=29 over=0 card=0 drop=0 L=0.00811 L/var=0.26 tgt=+0.014/0.175 aux=0.0000/1.000 cfg/b=20088 prep=0.04s gpu=0.00s conv=0.00s add=0.02s train=0.32s
[t= 150.8s] rebel stream solves=31744 raw=210/s balanced=210/s debt=0 rows steps=124 horizon=0.00 games=31 over=0 card=0 drop=0 L=0.00825 L/var=0.16 tgt=-0.002/0.229 aux=0.0000/1.000 cfg/b=20044 prep=0.05s gpu=0.00s conv=0.00s add=0.02s train=0.32s
[t= 160.9s] rebel stream solves=32768 raw=204/s balanced=204/s debt=0 rows steps=128 horizon=0.00 games=36 over=0 card=0 drop=0 L=0.01041 L/var=0.33 tgt=+0.011/0.178 aux=0.0000/1.000 cfg/b=19645 prep=0.05s gpu=0.00s conv=0.00s add=0.02s train=0.32s
[t= 170.9s] rebel stream solves=34816 raw=204/s balanced=204/s debt=0 rows steps=136 horizon=0.00 games=61 over=0 card=0 drop=0 L=0.00991 L/var=0.30 tgt=+0.018/0.182 aux=0.0001/1.000 cfg/b=18956 prep=0.08s gpu=0.00s conv=0.00s add=0.04s train=0.64s
[t= 175.0s] --- stopping GPU admission; draining ---
[t= 180.9s] rebel stream solves=36864 raw=204/s balanced=204/s debt=0 rows steps=144 horizon=0.00 games=40 over=0 card=0 drop=0 L=0.01331 L/var=0.37 tgt=+0.004/0.189 aux=0.0001/1.000 cfg/b=19814 prep=0.09s gpu=0.00s conv=0.00s add=0.06s train=0.63s
[t= 181.9s] rebel stream solves=37078 raw=204/s balanced=203/s debt=856 rows steps=144 horizon=0.00 games=0 over=0 card=0 drop=0 L=0.00000 L/var=0.00 tgt=-0.005/0.212 aux=0.0000/0.000 cfg/b=0 prep=0.00s gpu=0.00s conv=0.00s add=0.01s train=0.00s
[gpu-summary] solves=37078 optimizer_rows=147456 debt=856 raw=203.8/s balanced=202.6/s horizon=0.00 games=279 over=0 card=0 exact=0 censored=1152 dropped=0 overrun=1.98s
[t= 182.0s] --- snapshot snap_01.pt (final) ---
