[train] runs/value_v4_warm5_ratio1 at d47dc82+dirty seed=1 {'minutes': 5.0, 'warm_minutes': 5.0, 'snapshot_every': 5.0, 'ladder_games': 0, 'train_gen_ratio': 1.0, 'seed': 1, 'note': 'warm-generalization-control-one-update-per-solve'}
[train] warm-generalization-control-one-update-per-solve
[cpu] pinned to 36 physical cores
[train] CUDA stream priority -1
[gpu] solve services up on [0, 1]
[cfg] PUBFEAT=897 CFEAT=15 architecture=v4 depth=2 iters=64 budget=300s warm=300s snapshot_every=5min device=cuda:1 draft=random train_gen_ratio=1.0 recent_mix=0.5/0.2 canonical_views=2 cap=2000000 matmul=high
[t=   1.0s] greedy ep  0 games=  96 dec= 18968 rows= 18118 horizon=0.30 L=0.11130 L/var=0.48 tgt=-0.023/0.482 pstd=0.464 gen=0.1s train=0.8s
[t=   1.5s] greedy ep  1 games=  96 dec= 18844 rows= 18051 horizon=0.33 L=0.07390 L/var=0.30 tgt=-0.058/0.494 pstd=0.529 gen=0.1s train=0.3s
[t=   1.9s] greedy ep  2 games=  96 dec= 18181 rows= 17414 horizon=0.27 L=0.06461 L/var=0.25 tgt=-0.025/0.512 pstd=0.517 gen=0.1s train=0.3s
[t=   2.3s] greedy ep  3 games=  96 dec= 17989 rows= 17120 horizon=0.26 L=0.07020 L/var=0.29 tgt=-0.029/0.495 pstd=0.508 gen=0.1s train=0.3s
[t=   2.8s] greedy ep  4 games=  96 dec= 18823 rows= 18078 horizon=0.29 L=0.06516 L/var=0.29 tgt=-0.022/0.471 pstd=0.469 gen=0.1s train=0.3s
[t=   3.2s] greedy ep  5 games=  96 dec= 18924 rows= 18146 horizon=0.33 L=0.05218 L/var=0.21 tgt=-0.029/0.496 pstd=0.480 gen=0.1s train=0.3s
[t=   3.7s] greedy ep  6 games=  96 dec= 17615 rows= 16921 horizon=0.26 L=0.05123 L/var=0.20 tgt=-0.041/0.511 pstd=0.514 gen=0.1s train=0.3s
[t=   4.1s] greedy ep  7 games=  96 dec= 18608 rows= 17786 horizon=0.36 L=0.05165 L/var=0.21 tgt=-0.065/0.495 pstd=0.497 gen=0.1s train=0.3s
[t=   4.5s] greedy ep  8 games=  96 dec= 19040 rows= 18296 horizon=0.36 L=0.04234 L/var=0.18 tgt=-0.019/0.484 pstd=0.487 gen=0.1s train=0.3s
[t=   5.0s] greedy ep  9 games=  96 dec= 18200 rows= 17459 horizon=0.27 L=0.03776 L/var=0.14 tgt=-0.034/0.513 pstd=0.479 gen=0.1s train=0.3s
[t=   5.4s] greedy ep 10 games=  96 dec= 17927 rows= 17200 horizon=0.24 L=0.03943 L/var=0.14 tgt=-0.036/0.524 pstd=0.478 gen=0.1s train=0.3s
[t=   5.8s] greedy ep 11 games=  96 dec= 17941 rows= 17162 horizon=0.28 L=0.03442 L/var=0.15 tgt=-0.044/0.477 pstd=0.460 gen=0.1s train=0.3s
[t=   6.3s] greedy ep 12 games=  96 dec= 17384 rows= 16648 horizon=0.25 L=0.03775 L/var=0.15 tgt=-0.023/0.503 pstd=0.512 gen=0.1s train=0.3s
[t=   6.7s] greedy ep 13 games=  96 dec= 18153 rows= 17377 horizon=0.28 L=0.03487 L/var=0.14 tgt=-0.027/0.502 pstd=0.513 gen=0.1s train=0.3s
[t=   7.1s] greedy ep 14 games=  96 dec= 18097 rows= 17377 horizon=0.26 L=0.03295 L/var=0.13 tgt=-0.037/0.511 pstd=0.492 gen=0.1s train=0.3s
[t=   7.6s] greedy ep 15 games=  96 dec= 18356 rows= 17581 horizon=0.30 L=0.03164 L/var=0.13 tgt=-0.023/0.496 pstd=0.486 gen=0.1s train=0.3s
[t=   8.0s] greedy ep 16 games=  96 dec= 19141 rows= 18328 horizon=0.32 L=0.02629 L/var=0.11 tgt=+0.010/0.479 pstd=0.486 gen=0.1s train=0.3s
[t=   8.5s] greedy ep 17 games=  96 dec= 18885 rows= 18173 horizon=0.30 L=0.02599 L/var=0.10 tgt=-0.054/0.508 pstd=0.495 gen=0.1s train=0.3s
[t=   8.9s] greedy ep 18 games=  96 dec= 17886 rows= 17103 horizon=0.25 L=0.03107 L/var=0.12 tgt=-0.021/0.507 pstd=0.459 gen=0.1s train=0.3s
[t=   9.4s] greedy ep 19 games=  96 dec= 17738 rows= 16961 horizon=0.23 L=0.02960 L/var=0.11 tgt=-0.065/0.530 pstd=0.487 gen=0.1s train=0.3s
[t=   9.8s] greedy ep 20 games=  96 dec= 17716 rows= 17039 horizon=0.28 L=0.02640 L/var=0.10 tgt=-0.071/0.515 pstd=0.473 gen=0.1s train=0.3s
[t=  10.2s] greedy ep 21 games=  96 dec= 17777 rows= 17032 horizon=0.23 L=0.02731 L/var=0.10 tgt=-0.051/0.520 pstd=0.475 gen=0.1s train=0.3s
[t=  10.6s] greedy ep 22 games=  96 dec= 18472 rows= 17732 horizon=0.33 L=0.02699 L/var=0.12 tgt=-0.019/0.474 pstd=0.478 gen=0.1s train=0.3s
[t=  11.1s] greedy ep 23 games=  96 dec= 18429 rows= 17627 horizon=0.27 L=0.02608 L/var=0.11 tgt=-0.006/0.478 pstd=0.495 gen=0.1s train=0.3s
[t=  11.5s] greedy ep 24 games=  96 dec= 18992 rows= 18327 horizon=0.35 L=0.02363 L/var=0.10 tgt=-0.014/0.487 pstd=0.479 gen=0.1s train=0.3s
[t=  12.0s] greedy ep 25 games=  96 dec= 18039 rows= 17262 horizon=0.23 L=0.02621 L/var=0.10 tgt=-0.025/0.517 pstd=0.505 gen=0.1s train=0.3s
[t=  12.4s] greedy ep 26 games=  96 dec= 19627 rows= 18805 horizon=0.33 L=0.02425 L/var=0.10 tgt=-0.037/0.501 pstd=0.460 gen=0.1s train=0.3s
[t=  12.9s] greedy ep 27 games=  96 dec= 18752 rows= 17930 horizon=0.27 L=0.02248 L/var=0.10 tgt=-0.031/0.485 pstd=0.490 gen=0.1s train=0.3s
[t=  13.3s] greedy ep 28 games=  96 dec= 19116 rows= 18327 horizon=0.31 L=0.02458 L/var=0.10 tgt=-0.035/0.484 pstd=0.497 gen=0.1s train=0.3s
[t=  13.8s] greedy ep 29 games=  96 dec= 18708 rows= 17952 horizon=0.27 L=0.02360 L/var=0.09 tgt=-0.051/0.503 pstd=0.514 gen=0.1s train=0.3s
[t=  14.2s] greedy ep 30 games=  96 dec= 19066 rows= 18248 horizon=0.31 L=0.02197 L/var=0.10 tgt=-0.032/0.479 pstd=0.491 gen=0.1s train=0.3s
[t=  14.7s] greedy ep 31 games=  96 dec= 18369 rows= 17570 horizon=0.26 L=0.02095 L/var=0.08 tgt=-0.041/0.509 pstd=0.499 gen=0.1s train=0.3s
[t=  15.1s] greedy ep 32 games=  96 dec= 18567 rows= 17800 horizon=0.30 L=0.02018 L/var=0.09 tgt=+0.001/0.480 pstd=0.500 gen=0.1s train=0.3s
[t=  15.6s] greedy ep 33 games=  96 dec= 18636 rows= 17813 horizon=0.31 L=0.02207 L/var=0.08 tgt=-0.002/0.514 pstd=0.473 gen=0.1s train=0.3s
[t=  16.0s] greedy ep 34 games=  96 dec= 18664 rows= 17825 horizon=0.29 L=0.02384 L/var=0.11 tgt=+0.020/0.463 pstd=0.479 gen=0.1s train=0.3s
[t=  16.5s] greedy ep 35 games=  96 dec= 17787 rows= 17046 horizon=0.22 L=0.02191 L/var=0.08 tgt=-0.039/0.539 pstd=0.513 gen=0.1s train=0.3s
[t=  16.9s] greedy ep 36 games=  96 dec= 19279 rows= 18442 horizon=0.33 L=0.02043 L/var=0.09 tgt=-0.046/0.480 pstd=0.501 gen=0.1s train=0.3s
[t=  17.4s] greedy ep 37 games=  96 dec= 18316 rows= 17468 horizon=0.32 L=0.01988 L/var=0.07 tgt=-0.034/0.532 pstd=0.516 gen=0.1s train=0.3s
[t=  17.8s] greedy ep 38 games=  96 dec= 19158 rows= 18321 horizon=0.32 L=0.02211 L/var=0.10 tgt=-0.020/0.472 pstd=0.498 gen=0.1s train=0.3s
[t=  18.3s] greedy ep 39 games=  96 dec= 18549 rows= 17774 horizon=0.26 L=0.02018 L/var=0.08 tgt=-0.037/0.514 pstd=0.470 gen=0.1s train=0.3s
[t=  18.7s] greedy ep 40 games=  96 dec= 18971 rows= 18211 horizon=0.34 L=0.02094 L/var=0.10 tgt=-0.007/0.461 pstd=0.475 gen=0.1s train=0.3s
[t=  19.2s] greedy ep 41 games=  96 dec= 18692 rows= 17843 horizon=0.28 L=0.02110 L/var=0.08 tgt=-0.044/0.507 pstd=0.518 gen=0.1s train=0.3s
[t=  19.7s] greedy ep 42 games=  96 dec= 19162 rows= 18375 horizon=0.38 L=0.02070 L/var=0.08 tgt=-0.035/0.494 pstd=0.488 gen=0.1s train=0.3s
[t=  20.1s] greedy ep 43 games=  96 dec= 19468 rows= 18602 horizon=0.35 L=0.02068 L/var=0.10 tgt=-0.058/0.456 pstd=0.497 gen=0.1s train=0.3s
[t=  20.6s] greedy ep 44 games=  96 dec= 18443 rows= 17624 horizon=0.28 L=0.02009 L/var=0.09 tgt=-0.009/0.479 pstd=0.501 gen=0.1s train=0.3s
[t=  21.0s] greedy ep 45 games=  96 dec= 17350 rows= 16706 horizon=0.25 L=0.02144 L/var=0.08 tgt=-0.084/0.527 pstd=0.481 gen=0.1s train=0.3s
[t=  21.4s] greedy ep 46 games=  96 dec= 17993 rows= 17239 horizon=0.28 L=0.02133 L/var=0.09 tgt=-0.013/0.495 pstd=0.487 gen=0.1s train=0.3s
[t=  21.9s] greedy ep 47 games=  96 dec= 18984 rows= 18180 horizon=0.29 L=0.02196 L/var=0.10 tgt=-0.024/0.472 pstd=0.505 gen=0.1s train=0.3s
[t=  22.3s] greedy ep 48 games=  96 dec= 18071 rows= 17405 horizon=0.30 L=0.02086 L/var=0.08 tgt=-0.041/0.510 pstd=0.484 gen=0.1s train=0.3s
[t=  22.8s] greedy ep 49 games=  96 dec= 19599 rows= 18844 horizon=0.40 L=0.02066 L/var=0.10 tgt=-0.000/0.457 pstd=0.502 gen=0.1s train=0.3s
[t=  23.2s] greedy ep 50 games=  96 dec= 17856 rows= 17099 horizon=0.25 L=0.01961 L/var=0.07 tgt=-0.060/0.543 pstd=0.457 gen=0.1s train=0.3s
[t=  23.7s] greedy ep 51 games=  96 dec= 17858 rows= 17043 horizon=0.24 L=0.02045 L/var=0.07 tgt=-0.027/0.530 pstd=0.492 gen=0.1s train=0.3s
[t=  24.1s] greedy ep 52 games=  96 dec= 18973 rows= 18262 horizon=0.35 L=0.01963 L/var=0.09 tgt=-0.041/0.460 pstd=0.489 gen=0.1s train=0.3s
[t=  24.6s] greedy ep 53 games=  96 dec= 17565 rows= 16777 horizon=0.19 L=0.02018 L/var=0.08 tgt=-0.031/0.511 pstd=0.514 gen=0.1s train=0.3s
[t=  25.0s] greedy ep 54 games=  96 dec= 17835 rows= 17151 horizon=0.25 L=0.02066 L/var=0.09 tgt=-0.001/0.492 pstd=0.466 gen=0.1s train=0.3s
[t=  25.5s] greedy ep 55 games=  96 dec= 17927 rows= 17096 horizon=0.25 L=0.01986 L/var=0.09 tgt=-0.008/0.470 pstd=0.492 gen=0.1s train=0.3s
[t=  25.9s] greedy ep 56 games=  96 dec= 18561 rows= 17765 horizon=0.28 L=0.02055 L/var=0.09 tgt=-0.036/0.484 pstd=0.507 gen=0.1s train=0.3s
[t=  26.4s] greedy ep 57 games=  96 dec= 18688 rows= 17872 horizon=0.25 L=0.02049 L/var=0.08 tgt=-0.014/0.515 pstd=0.472 gen=0.1s train=0.3s
[t=  26.8s] greedy ep 58 games=  96 dec= 19251 rows= 18414 horizon=0.34 L=0.02030 L/var=0.08 tgt=-0.060/0.493 pstd=0.502 gen=0.1s train=0.3s
[t=  27.3s] greedy ep 59 games=  96 dec= 19596 rows= 18724 horizon=0.36 L=0.02003 L/var=0.09 tgt=-0.050/0.460 pstd=0.467 gen=0.1s train=0.3s
[t=  27.8s] greedy ep 60 games=  96 dec= 18869 rows= 17979 horizon=0.30 L=0.01948 L/var=0.08 tgt=-0.032/0.484 pstd=0.479 gen=0.1s train=0.3s
[t=  28.3s] greedy ep 61 games=  96 dec= 18419 rows= 17673 horizon=0.25 L=0.01860 L/var=0.07 tgt=-0.009/0.517 pstd=0.485 gen=0.1s train=0.3s
[t=  28.9s] greedy ep 62 games=  96 dec= 19032 rows= 18186 horizon=0.32 L=0.02010 L/var=0.08 tgt=-0.036/0.503 pstd=0.502 gen=0.1s train=0.3s
[t=  29.4s] greedy ep 63 games=  96 dec= 19220 rows= 18443 horizon=0.29 L=0.02067 L/var=0.09 tgt=-0.008/0.491 pstd=0.463 gen=0.1s train=0.3s
[t=  30.0s] greedy ep 64 games=  96 dec= 17814 rows= 17050 horizon=0.25 L=0.02059 L/var=0.08 tgt=-0.045/0.519 pstd=0.496 gen=0.1s train=0.3s
[t=  30.4s] greedy ep 65 games=  96 dec= 18244 rows= 17509 horizon=0.28 L=0.01881 L/var=0.07 tgt=-0.026/0.503 pstd=0.471 gen=0.1s train=0.3s
[t=  30.9s] greedy ep 66 games=  96 dec= 18182 rows= 17491 horizon=0.29 L=0.01966 L/var=0.08 tgt=-0.037/0.498 pstd=0.497 gen=0.1s train=0.3s
[t=  31.4s] greedy ep 67 games=  96 dec= 18981 rows= 18182 horizon=0.35 L=0.01860 L/var=0.07 tgt=-0.023/0.511 pstd=0.475 gen=0.1s train=0.3s
[t=  31.9s] greedy ep 68 games=  96 dec= 18200 rows= 17313 horizon=0.25 L=0.01878 L/var=0.07 tgt=-0.016/0.502 pstd=0.494 gen=0.1s train=0.3s
[t=  32.3s] greedy ep 69 games=  96 dec= 18393 rows= 17591 horizon=0.28 L=0.01790 L/var=0.07 tgt=-0.053/0.510 pstd=0.483 gen=0.1s train=0.3s
[t=  32.8s] greedy ep 70 games=  96 dec= 18464 rows= 17707 horizon=0.33 L=0.01962 L/var=0.08 tgt=-0.039/0.486 pstd=0.495 gen=0.1s train=0.3s
[t=  33.2s] greedy ep 71 games=  96 dec= 18120 rows= 17396 horizon=0.26 L=0.01926 L/var=0.07 tgt=-0.031/0.525 pstd=0.490 gen=0.1s train=0.3s
[t=  33.7s] greedy ep 72 games=  96 dec= 19113 rows= 18368 horizon=0.34 L=0.01904 L/var=0.07 tgt=-0.075/0.504 pstd=0.482 gen=0.1s train=0.3s
[t=  34.2s] greedy ep 73 games=  96 dec= 17603 rows= 16838 horizon=0.20 L=0.01954 L/var=0.07 tgt=-0.037/0.525 pstd=0.511 gen=0.1s train=0.3s
[t=  34.6s] greedy ep 74 games=  96 dec= 18477 rows= 17679 horizon=0.27 L=0.01992 L/var=0.07 tgt=-0.065/0.534 pstd=0.493 gen=0.1s train=0.3s
[t=  35.1s] greedy ep 75 games=  96 dec= 19740 rows= 18936 horizon=0.40 L=0.01842 L/var=0.08 tgt=+0.013/0.468 pstd=0.477 gen=0.1s train=0.3s
[t=  35.5s] greedy ep 76 games=  96 dec= 18307 rows= 17464 horizon=0.20 L=0.01890 L/var=0.08 tgt=-0.020/0.496 pstd=0.496 gen=0.1s train=0.3s
[t=  36.0s] greedy ep 77 games=  96 dec= 18119 rows= 17313 horizon=0.25 L=0.01894 L/var=0.08 tgt=-0.031/0.501 pstd=0.480 gen=0.1s train=0.3s
[t=  36.5s] greedy ep 78 games=  96 dec= 18056 rows= 17283 horizon=0.26 L=0.01833 L/var=0.07 tgt=-0.041/0.514 pstd=0.466 gen=0.1s train=0.3s
[t=  36.9s] greedy ep 79 games=  96 dec= 18309 rows= 17527 horizon=0.28 L=0.01836 L/var=0.08 tgt=-0.007/0.493 pstd=0.483 gen=0.1s train=0.3s
[t=  37.4s] greedy ep 80 games=  96 dec= 18361 rows= 17605 horizon=0.29 L=0.01806 L/var=0.07 tgt=-0.024/0.508 pstd=0.470 gen=0.1s train=0.3s
[t=  37.8s] greedy ep 81 games=  96 dec= 17527 rows= 16734 horizon=0.25 L=0.01908 L/var=0.07 tgt=-0.020/0.532 pstd=0.462 gen=0.1s train=0.3s
[t=  38.3s] greedy ep 82 games=  96 dec= 17529 rows= 16756 horizon=0.23 L=0.01841 L/var=0.07 tgt=-0.028/0.509 pstd=0.478 gen=0.1s train=0.3s
[t=  38.8s] greedy ep 83 games=  96 dec= 16779 rows= 15994 horizon=0.18 L=0.01960 L/var=0.07 tgt=-0.021/0.539 pstd=0.489 gen=0.1s train=0.3s
[t=  39.3s] greedy ep 84 games=  96 dec= 19106 rows= 18300 horizon=0.35 L=0.01891 L/var=0.08 tgt=-0.045/0.483 pstd=0.478 gen=0.1s train=0.3s
[t=  39.8s] greedy ep 85 games=  96 dec= 18736 rows= 17960 horizon=0.29 L=0.01908 L/var=0.08 tgt=-0.044/0.501 pstd=0.479 gen=0.1s train=0.3s
[t=  40.3s] greedy ep 86 games=  96 dec= 18107 rows= 17332 horizon=0.26 L=0.01870 L/var=0.08 tgt=-0.020/0.485 pstd=0.466 gen=0.1s train=0.3s
[t=  40.7s] greedy ep 87 games=  96 dec= 17330 rows= 16586 horizon=0.24 L=0.02019 L/var=0.08 tgt=-0.048/0.503 pstd=0.496 gen=0.1s train=0.3s
[t=  41.2s] greedy ep 88 games=  96 dec= 18635 rows= 17758 horizon=0.27 L=0.01994 L/var=0.08 tgt=-0.026/0.514 pstd=0.485 gen=0.1s train=0.3s
[t=  41.7s] greedy ep 89 games=  96 dec= 17378 rows= 16633 horizon=0.24 L=0.01990 L/var=0.07 tgt=-0.051/0.525 pstd=0.478 gen=0.1s train=0.3s
[t=  42.2s] greedy ep 90 games=  96 dec= 18682 rows= 17886 horizon=0.31 L=0.01960 L/var=0.08 tgt=-0.059/0.505 pstd=0.465 gen=0.1s train=0.3s
[t=  42.7s] greedy ep 91 games=  96 dec= 18758 rows= 18046 horizon=0.32 L=0.01923 L/var=0.09 tgt=-0.021/0.471 pstd=0.464 gen=0.1s train=0.3s
[t=  43.1s] greedy ep 92 games=  96 dec= 18910 rows= 18161 horizon=0.30 L=0.01930 L/var=0.08 tgt=-0.051/0.484 pstd=0.471 gen=0.1s train=0.3s
[t=  43.5s] greedy ep 93 games=  96 dec= 18404 rows= 17653 horizon=0.34 L=0.01890 L/var=0.08 tgt=-0.078/0.496 pstd=0.485 gen=0.1s train=0.3s
[t=  44.0s] greedy ep 94 games=  96 dec= 18792 rows= 18006 horizon=0.33 L=0.01870 L/var=0.08 tgt=-0.046/0.481 pstd=0.478 gen=0.1s train=0.3s
[t=  44.5s] greedy ep 95 games=  96 dec= 18762 rows= 17940 horizon=0.24 L=0.01875 L/var=0.07 tgt=-0.044/0.515 pstd=0.470 gen=0.1s train=0.3s
[t=  44.9s] greedy ep 96 games=  96 dec= 17651 rows= 16892 horizon=0.24 L=0.01884 L/var=0.07 tgt=-0.034/0.512 pstd=0.504 gen=0.1s train=0.2s
[t=  45.3s] greedy ep 97 games=  96 dec= 17701 rows= 17006 horizon=0.27 L=0.01908 L/var=0.07 tgt=-0.034/0.509 pstd=0.491 gen=0.1s train=0.3s
[t=  45.8s] greedy ep 98 games=  96 dec= 18691 rows= 17958 horizon=0.35 L=0.01898 L/var=0.09 tgt=-0.032/0.471 pstd=0.502 gen=0.1s train=0.3s
[t=  46.2s] greedy ep 99 games=  96 dec= 19149 rows= 18268 horizon=0.29 L=0.01847 L/var=0.08 tgt=-0.001/0.483 pstd=0.510 gen=0.1s train=0.3s
[t=  46.7s] greedy ep100 games=  96 dec= 17996 rows= 17268 horizon=0.27 L=0.01922 L/var=0.07 tgt=-0.027/0.517 pstd=0.507 gen=0.1s train=0.3s
[t=  47.2s] greedy ep101 games=  96 dec= 17954 rows= 17173 horizon=0.26 L=0.01794 L/var=0.07 tgt=-0.045/0.510 pstd=0.511 gen=0.1s train=0.3s
[t=  47.7s] greedy ep102 games=  96 dec= 17228 rows= 16426 horizon=0.19 L=0.01857 L/var=0.07 tgt=-0.074/0.531 pstd=0.504 gen=0.1s train=0.2s
[t=  48.1s] greedy ep103 games=  96 dec= 17794 rows= 16980 horizon=0.24 L=0.01934 L/var=0.07 tgt=-0.069/0.518 pstd=0.512 gen=0.1s train=0.3s
[t=  48.6s] greedy ep104 games=  96 dec= 18854 rows= 17982 horizon=0.26 L=0.01941 L/var=0.08 tgt=-0.026/0.499 pstd=0.486 gen=0.1s train=0.3s
[t=  49.1s] greedy ep105 games=  96 dec= 18802 rows= 17936 horizon=0.30 L=0.01818 L/var=0.07 tgt=-0.031/0.509 pstd=0.478 gen=0.1s train=0.3s
[t=  49.5s] greedy ep106 games=  96 dec= 18161 rows= 17476 horizon=0.27 L=0.01834 L/var=0.07 tgt=-0.050/0.503 pstd=0.485 gen=0.1s train=0.3s
[t=  50.0s] greedy ep107 games=  96 dec= 17916 rows= 17157 horizon=0.27 L=0.01977 L/var=0.08 tgt=-0.050/0.499 pstd=0.481 gen=0.1s train=0.3s
[t=  50.4s] greedy ep108 games=  96 dec= 18149 rows= 17352 horizon=0.26 L=0.01866 L/var=0.07 tgt=-0.012/0.500 pstd=0.505 gen=0.1s train=0.3s
[t=  50.9s] greedy ep109 games=  96 dec= 18197 rows= 17400 horizon=0.24 L=0.01873 L/var=0.08 tgt=-0.026/0.496 pstd=0.498 gen=0.1s train=0.3s
[t=  51.3s] greedy ep110 games=  96 dec= 17538 rows= 16803 horizon=0.24 L=0.01828 L/var=0.07 tgt=-0.056/0.526 pstd=0.502 gen=0.1s train=0.2s
[t=  51.7s] greedy ep111 games=  96 dec= 19361 rows= 18532 horizon=0.36 L=0.01927 L/var=0.08 tgt=-0.045/0.483 pstd=0.492 gen=0.1s train=0.3s
[t=  52.2s] greedy ep112 games=  96 dec= 18029 rows= 17317 horizon=0.30 L=0.01893 L/var=0.08 tgt=-0.018/0.483 pstd=0.494 gen=0.1s train=0.3s
[t=  52.6s] greedy ep113 games=  96 dec= 18174 rows= 17387 horizon=0.28 L=0.01823 L/var=0.06 tgt=-0.033/0.531 pstd=0.493 gen=0.1s train=0.3s
[t=  53.1s] greedy ep114 games=  96 dec= 19319 rows= 18518 horizon=0.36 L=0.01902 L/var=0.08 tgt=-0.034/0.490 pstd=0.482 gen=0.1s train=0.3s
[t=  53.5s] greedy ep115 games=  96 dec= 17729 rows= 16977 horizon=0.17 L=0.01917 L/var=0.07 tgt=-0.002/0.516 pstd=0.488 gen=0.1s train=0.3s
[t=  54.0s] greedy ep116 games=  96 dec= 18403 rows= 17543 horizon=0.28 L=0.01936 L/var=0.08 tgt=-0.022/0.494 pstd=0.489 gen=0.1s train=0.3s
[t=  54.5s] greedy ep117 games=  96 dec= 17865 rows= 17051 horizon=0.27 L=0.01894 L/var=0.07 tgt=-0.033/0.509 pstd=0.481 gen=0.1s train=0.3s
[t=  55.1s] greedy ep118 games=  96 dec= 18550 rows= 17822 horizon=0.36 L=0.01849 L/var=0.07 tgt=-0.095/0.506 pstd=0.493 gen=0.1s train=0.3s
[t=  55.6s] greedy ep119 games=  96 dec= 18440 rows= 17650 horizon=0.26 L=0.01866 L/var=0.07 tgt=-0.045/0.500 pstd=0.492 gen=0.1s train=0.3s
[t=  56.0s] greedy ep120 games=  96 dec= 18888 rows= 17947 horizon=0.27 L=0.01781 L/var=0.08 tgt=-0.039/0.484 pstd=0.499 gen=0.1s train=0.3s
[t=  56.5s] greedy ep121 games=  96 dec= 18400 rows= 17640 horizon=0.29 L=0.01778 L/var=0.08 tgt=-0.014/0.473 pstd=0.478 gen=0.1s train=0.3s
[t=  57.0s] greedy ep122 games=  96 dec= 19500 rows= 18715 horizon=0.40 L=0.01759 L/var=0.08 tgt=-0.048/0.473 pstd=0.486 gen=0.1s train=0.3s
[t=  57.4s] greedy ep123 games=  96 dec= 18513 rows= 17694 horizon=0.27 L=0.01811 L/var=0.07 tgt=-0.021/0.514 pstd=0.499 gen=0.1s train=0.3s
[t=  57.9s] greedy ep124 games=  96 dec= 18892 rows= 18073 horizon=0.33 L=0.01762 L/var=0.08 tgt=-0.059/0.481 pstd=0.491 gen=0.1s train=0.3s
[t=  58.4s] greedy ep125 games=  96 dec= 18520 rows= 17651 horizon=0.25 L=0.01795 L/var=0.07 tgt=-0.025/0.500 pstd=0.451 gen=0.1s train=0.3s
[t=  58.8s] greedy ep126 games=  96 dec= 19645 rows= 18833 horizon=0.36 L=0.01771 L/var=0.08 tgt=-0.015/0.474 pstd=0.478 gen=0.1s train=0.3s
[t=  59.3s] greedy ep127 games=  96 dec= 17395 rows= 16683 horizon=0.19 L=0.01872 L/var=0.07 tgt=-0.006/0.530 pstd=0.471 gen=0.1s train=0.2s
[t=  59.7s] greedy ep128 games=  96 dec= 19317 rows= 18624 horizon=0.38 L=0.01778 L/var=0.08 tgt=-0.039/0.471 pstd=0.464 gen=0.1s train=0.3s
[t=  60.2s] greedy ep129 games=  96 dec= 18062 rows= 17333 horizon=0.27 L=0.01790 L/var=0.08 tgt=-0.022/0.483 pstd=0.478 gen=0.1s train=0.3s
[t=  60.6s] greedy ep130 games=  96 dec= 17908 rows= 17168 horizon=0.25 L=0.01749 L/var=0.07 tgt=-0.041/0.492 pstd=0.493 gen=0.1s train=0.3s
[t=  61.1s] greedy ep131 games=  96 dec= 17598 rows= 16794 horizon=0.20 L=0.01772 L/var=0.06 tgt=-0.048/0.526 pstd=0.480 gen=0.1s train=0.3s
[t=  61.5s] greedy ep132 games=  96 dec= 18760 rows= 17930 horizon=0.29 L=0.01865 L/var=0.08 tgt=-0.019/0.485 pstd=0.469 gen=0.1s train=0.3s
[t=  62.0s] greedy ep133 games=  96 dec= 18381 rows= 17624 horizon=0.30 L=0.01822 L/var=0.07 tgt=-0.062/0.524 pstd=0.473 gen=0.1s train=0.3s
[t=  62.4s] greedy ep134 games=  96 dec= 17570 rows= 16816 horizon=0.25 L=0.01833 L/var=0.07 tgt=-0.013/0.504 pstd=0.465 gen=0.1s train=0.2s
[t=  62.9s] greedy ep135 games=  96 dec= 17880 rows= 17050 horizon=0.19 L=0.01933 L/var=0.07 tgt=-0.041/0.536 pstd=0.438 gen=0.1s train=0.3s
[t=  63.3s] greedy ep136 games=  96 dec= 17693 rows= 16931 horizon=0.20 L=0.01821 L/var=0.06 tgt=-0.051/0.536 pstd=0.460 gen=0.1s train=0.3s
[t=  63.8s] greedy ep137 games=  96 dec= 18829 rows= 18139 horizon=0.33 L=0.01728 L/var=0.07 tgt=-0.050/0.495 pstd=0.453 gen=0.1s train=0.3s
[t=  64.2s] greedy ep138 games=  96 dec= 18667 rows= 17798 horizon=0.27 L=0.01796 L/var=0.08 tgt=-0.006/0.489 pstd=0.435 gen=0.1s train=0.3s
[t=  64.7s] greedy ep139 games=  96 dec= 19019 rows= 18235 horizon=0.33 L=0.01805 L/var=0.08 tgt=-0.015/0.475 pstd=0.477 gen=0.1s train=0.3s
[t=  65.2s] greedy ep140 games=  96 dec= 18185 rows= 17445 horizon=0.30 L=0.01722 L/var=0.07 tgt=-0.071/0.507 pstd=0.480 gen=0.1s train=0.3s
[t=  65.6s] greedy ep141 games=  96 dec= 19133 rows= 18326 horizon=0.31 L=0.01651 L/var=0.08 tgt=-0.003/0.464 pstd=0.471 gen=0.1s train=0.3s
[t=  66.1s] greedy ep142 games=  96 dec= 18194 rows= 17427 horizon=0.24 L=0.01718 L/var=0.06 tgt=-0.061/0.518 pstd=0.458 gen=0.1s train=0.3s
[t=  66.5s] greedy ep143 games=  96 dec= 18830 rows= 18028 horizon=0.30 L=0.01746 L/var=0.07 tgt=-0.009/0.498 pstd=0.462 gen=0.1s train=0.3s
[t=  67.0s] greedy ep144 games=  96 dec= 18909 rows= 18097 horizon=0.32 L=0.01676 L/var=0.07 tgt=-0.061/0.499 pstd=0.468 gen=0.1s train=0.3s
[t=  67.5s] greedy ep145 games=  96 dec= 17688 rows= 16849 horizon=0.23 L=0.01736 L/var=0.07 tgt=-0.031/0.509 pstd=0.463 gen=0.1s train=0.3s
[t=  67.9s] greedy ep146 games=  96 dec= 18242 rows= 17520 horizon=0.29 L=0.01626 L/var=0.07 tgt=-0.012/0.490 pstd=0.459 gen=0.1s train=0.3s
[t=  68.4s] greedy ep147 games=  96 dec= 17543 rows= 16790 horizon=0.23 L=0.01668 L/var=0.06 tgt=-0.040/0.509 pstd=0.435 gen=0.1s train=0.3s
[t=  68.8s] greedy ep148 games=  96 dec= 18707 rows= 17901 horizon=0.26 L=0.01662 L/var=0.06 tgt=-0.039/0.534 pstd=0.445 gen=0.1s train=0.3s
[t=  69.3s] greedy ep149 games=  96 dec= 18841 rows= 17963 horizon=0.30 L=0.01643 L/var=0.07 tgt=-0.009/0.474 pstd=0.442 gen=0.1s train=0.3s
[t=  69.7s] greedy ep150 games=  96 dec= 18647 rows= 17871 horizon=0.29 L=0.01689 L/var=0.07 tgt=-0.037/0.502 pstd=0.463 gen=0.1s train=0.3s
[t=  70.3s] greedy ep151 games=  96 dec= 19437 rows= 18611 horizon=0.34 L=0.01635 L/var=0.07 tgt=-0.053/0.485 pstd=0.439 gen=0.1s train=0.3s
[t=  70.9s] greedy ep152 games=  96 dec= 18772 rows= 17991 horizon=0.31 L=0.01558 L/var=0.06 tgt=-0.046/0.512 pstd=0.450 gen=0.1s train=0.3s
[t=  71.3s] greedy ep153 games=  96 dec= 19646 rows= 18733 horizon=0.40 L=0.01523 L/var=0.06 tgt=-0.023/0.485 pstd=0.445 gen=0.1s train=0.3s
[t=  71.8s] greedy ep154 games=  96 dec= 17859 rows= 17126 horizon=0.26 L=0.01618 L/var=0.06 tgt=-0.034/0.509 pstd=0.459 gen=0.1s train=0.3s
[t=  72.2s] greedy ep155 games=  96 dec= 18131 rows= 17315 horizon=0.25 L=0.01564 L/var=0.06 tgt=+0.011/0.497 pstd=0.440 gen=0.1s train=0.3s
[t=  72.7s] greedy ep156 games=  96 dec= 17706 rows= 16969 horizon=0.27 L=0.01560 L/var=0.06 tgt=-0.007/0.497 pstd=0.435 gen=0.1s train=0.3s
[t=  73.1s] greedy ep157 games=  96 dec= 18532 rows= 17740 horizon=0.27 L=0.01570 L/var=0.06 tgt=-0.021/0.507 pstd=0.435 gen=0.1s train=0.3s
[t=  73.6s] greedy ep158 games=  96 dec= 18583 rows= 17821 horizon=0.26 L=0.01572 L/var=0.06 tgt=-0.058/0.506 pstd=0.451 gen=0.1s train=0.3s
[t=  74.0s] greedy ep159 games=  96 dec= 17891 rows= 17137 horizon=0.25 L=0.01634 L/var=0.06 tgt=-0.046/0.528 pstd=0.455 gen=0.1s train=0.3s
[t=  74.5s] greedy ep160 games=  96 dec= 17495 rows= 16742 horizon=0.23 L=0.01762 L/var=0.07 tgt=-0.039/0.505 pstd=0.447 gen=0.1s train=0.3s
[t=  75.0s] greedy ep161 games=  96 dec= 18032 rows= 17292 horizon=0.27 L=0.01602 L/var=0.06 tgt=-0.054/0.524 pstd=0.449 gen=0.1s train=0.3s
[t=  75.4s] greedy ep162 games=  96 dec= 18829 rows= 17998 horizon=0.34 L=0.01541 L/var=0.07 tgt=-0.024/0.472 pstd=0.458 gen=0.1s train=0.3s
[t=  75.9s] greedy ep163 games=  96 dec= 17690 rows= 17013 horizon=0.27 L=0.01574 L/var=0.06 tgt=-0.053/0.508 pstd=0.441 gen=0.1s train=0.3s
[t=  76.3s] greedy ep164 games=  96 dec= 18087 rows= 17234 horizon=0.26 L=0.01631 L/var=0.06 tgt=-0.046/0.531 pstd=0.443 gen=0.1s train=0.3s
[t=  76.7s] greedy ep165 games=  96 dec= 17535 rows= 16843 horizon=0.26 L=0.01587 L/var=0.06 tgt=-0.052/0.502 pstd=0.427 gen=0.1s train=0.3s
[t=  77.2s] greedy ep166 games=  96 dec= 17688 rows= 17002 horizon=0.26 L=0.01604 L/var=0.06 tgt=-0.062/0.515 pstd=0.464 gen=0.1s train=0.3s
[t=  77.6s] greedy ep167 games=  96 dec= 18619 rows= 17846 horizon=0.27 L=0.01628 L/var=0.07 tgt=-0.029/0.490 pstd=0.443 gen=0.1s train=0.3s
[t=  78.1s] greedy ep168 games=  96 dec= 18966 rows= 18106 horizon=0.35 L=0.01543 L/var=0.07 tgt=-0.016/0.477 pstd=0.445 gen=0.1s train=0.3s
[t=  78.6s] greedy ep169 games=  96 dec= 18474 rows= 17685 horizon=0.25 L=0.01526 L/var=0.06 tgt=+0.002/0.504 pstd=0.444 gen=0.1s train=0.3s
[t=  79.1s] greedy ep170 games=  96 dec= 18654 rows= 17872 horizon=0.33 L=0.01542 L/var=0.06 tgt=-0.037/0.512 pstd=0.453 gen=0.1s train=0.3s
[t=  79.6s] greedy ep171 games=  96 dec= 18926 rows= 18108 horizon=0.35 L=0.01473 L/var=0.07 tgt=-0.020/0.472 pstd=0.446 gen=0.1s train=0.3s
[t=  80.1s] greedy ep172 games=  96 dec= 18321 rows= 17443 horizon=0.24 L=0.01452 L/var=0.05 tgt=-0.073/0.545 pstd=0.433 gen=0.1s train=0.3s
[t=  80.6s] greedy ep173 games=  96 dec= 17635 rows= 16989 horizon=0.26 L=0.01540 L/var=0.06 tgt=-0.029/0.514 pstd=0.414 gen=0.1s train=0.3s
[t=  81.1s] greedy ep174 games=  96 dec= 18731 rows= 18037 horizon=0.29 L=0.01527 L/var=0.06 tgt=-0.050/0.500 pstd=0.435 gen=0.1s train=0.3s
[t=  81.6s] greedy ep175 games=  96 dec= 18265 rows= 17503 horizon=0.28 L=0.01441 L/var=0.05 tgt=-0.004/0.537 pstd=0.449 gen=0.1s train=0.3s
[t=  82.1s] greedy ep176 games=  96 dec= 18586 rows= 17793 horizon=0.31 L=0.01403 L/var=0.06 tgt=-0.017/0.494 pstd=0.433 gen=0.1s train=0.3s
[t=  82.6s] greedy ep177 games=  96 dec= 18693 rows= 17924 horizon=0.29 L=0.01425 L/var=0.06 tgt=-0.016/0.485 pstd=0.450 gen=0.1s train=0.3s
[t=  83.1s] greedy ep178 games=  96 dec= 18086 rows= 17261 horizon=0.25 L=0.01426 L/var=0.06 tgt=-0.036/0.476 pstd=0.443 gen=0.1s train=0.3s
[t=  83.6s] greedy ep179 games=  96 dec= 18364 rows= 17611 horizon=0.29 L=0.01429 L/var=0.06 tgt=-0.035/0.500 pstd=0.449 gen=0.1s train=0.3s
[t=  84.1s] greedy ep180 games=  96 dec= 18541 rows= 17811 horizon=0.34 L=0.01452 L/var=0.06 tgt=+0.003/0.488 pstd=0.450 gen=0.1s train=0.3s
[t=  84.6s] greedy ep181 games=  96 dec= 18495 rows= 17722 horizon=0.27 L=0.01416 L/var=0.06 tgt=-0.019/0.504 pstd=0.438 gen=0.1s train=0.3s
[t=  85.1s] greedy ep182 games=  96 dec= 18701 rows= 17873 horizon=0.32 L=0.01463 L/var=0.06 tgt=-0.017/0.486 pstd=0.434 gen=0.1s train=0.3s
[t=  85.6s] greedy ep183 games=  96 dec= 18658 rows= 17824 horizon=0.28 L=0.01456 L/var=0.05 tgt=-0.041/0.515 pstd=0.439 gen=0.1s train=0.3s
[t=  86.1s] greedy ep184 games=  96 dec= 17446 rows= 16664 horizon=0.22 L=0.01440 L/var=0.05 tgt=-0.056/0.534 pstd=0.447 gen=0.1s train=0.3s
[t=  86.6s] greedy ep185 games=  96 dec= 18512 rows= 17646 horizon=0.19 L=0.01392 L/var=0.05 tgt=-0.025/0.510 pstd=0.447 gen=0.1s train=0.3s
[t=  87.1s] greedy ep186 games=  96 dec= 17733 rows= 16951 horizon=0.24 L=0.01402 L/var=0.05 tgt=-0.012/0.526 pstd=0.436 gen=0.1s train=0.3s
[t=  87.6s] greedy ep187 games=  96 dec= 18260 rows= 17505 horizon=0.25 L=0.01432 L/var=0.06 tgt=-0.024/0.507 pstd=0.427 gen=0.1s train=0.3s
[t=  88.1s] greedy ep188 games=  96 dec= 19257 rows= 18441 horizon=0.34 L=0.01371 L/var=0.06 tgt=-0.034/0.475 pstd=0.437 gen=0.1s train=0.3s
[t=  88.6s] greedy ep189 games=  96 dec= 17488 rows= 16786 horizon=0.21 L=0.01487 L/var=0.06 tgt=-0.037/0.514 pstd=0.439 gen=0.1s train=0.3s
[t=  89.1s] greedy ep190 games=  96 dec= 18535 rows= 17759 horizon=0.26 L=0.01455 L/var=0.06 tgt=-0.011/0.502 pstd=0.431 gen=0.1s train=0.3s
[t=  89.6s] greedy ep191 games=  96 dec= 18892 rows= 18148 horizon=0.34 L=0.01428 L/var=0.06 tgt=-0.019/0.494 pstd=0.421 gen=0.1s train=0.3s
[t=  90.1s] greedy ep192 games=  96 dec= 18407 rows= 17646 horizon=0.30 L=0.01421 L/var=0.06 tgt=-0.035/0.486 pstd=0.440 gen=0.1s train=0.3s
[t=  90.6s] greedy ep193 games=  96 dec= 18526 rows= 17805 horizon=0.32 L=0.01413 L/var=0.06 tgt=-0.046/0.500 pstd=0.451 gen=0.1s train=0.3s
[t=  91.1s] greedy ep194 games=  96 dec= 19108 rows= 18335 horizon=0.26 L=0.01458 L/var=0.06 tgt=-0.032/0.491 pstd=0.436 gen=0.1s train=0.3s
[t=  91.6s] greedy ep195 games=  96 dec= 18923 rows= 18165 horizon=0.34 L=0.01426 L/var=0.07 tgt=-0.012/0.448 pstd=0.442 gen=0.1s train=0.3s
[t=  92.2s] greedy ep196 games=  96 dec= 18700 rows= 17930 horizon=0.34 L=0.01356 L/var=0.06 tgt=-0.021/0.490 pstd=0.447 gen=0.1s train=0.3s
[t=  92.7s] greedy ep197 games=  96 dec= 17869 rows= 17051 horizon=0.27 L=0.01320 L/var=0.05 tgt=-0.026/0.508 pstd=0.447 gen=0.1s train=0.3s
[t=  93.2s] greedy ep198 games=  96 dec= 18673 rows= 17989 horizon=0.30 L=0.01307 L/var=0.06 tgt=-0.034/0.478 pstd=0.448 gen=0.1s train=0.3s
[t=  93.7s] greedy ep199 games=  96 dec= 18500 rows= 17710 horizon=0.31 L=0.01328 L/var=0.06 tgt=-0.037/0.480 pstd=0.448 gen=0.1s train=0.3s
[t=  94.2s] greedy ep200 games=  96 dec= 18359 rows= 17614 horizon=0.29 L=0.01341 L/var=0.06 tgt=-0.016/0.484 pstd=0.472 gen=0.1s train=0.3s
[t=  94.7s] greedy ep201 games=  96 dec= 19112 rows= 18296 horizon=0.33 L=0.01312 L/var=0.06 tgt=-0.041/0.482 pstd=0.439 gen=0.1s train=0.3s
[t=  95.2s] greedy ep202 games=  96 dec= 18445 rows= 17609 horizon=0.26 L=0.01357 L/var=0.05 tgt=-0.006/0.508 pstd=0.450 gen=0.1s train=0.3s
[t=  95.7s] greedy ep203 games=  96 dec= 18886 rows= 18165 horizon=0.32 L=0.01312 L/var=0.05 tgt=-0.067/0.500 pstd=0.445 gen=0.1s train=0.3s
[t=  96.2s] greedy ep204 games=  96 dec= 18285 rows= 17611 horizon=0.28 L=0.01276 L/var=0.06 tgt=-0.002/0.463 pstd=0.439 gen=0.1s train=0.3s
[t=  96.8s] greedy ep205 games=  96 dec= 18966 rows= 18250 horizon=0.36 L=0.01300 L/var=0.05 tgt=-0.051/0.501 pstd=0.441 gen=0.1s train=0.3s
[t=  97.3s] greedy ep206 games=  96 dec= 18906 rows= 18099 horizon=0.30 L=0.01316 L/var=0.06 tgt=+0.006/0.483 pstd=0.460 gen=0.1s train=0.3s
[t=  97.8s] greedy ep207 games=  96 dec= 19183 rows= 18413 horizon=0.35 L=0.01348 L/var=0.06 tgt=-0.026/0.494 pstd=0.447 gen=0.1s train=0.3s
[t=  98.3s] greedy ep208 games=  96 dec= 19656 rows= 18753 horizon=0.33 L=0.01369 L/var=0.06 tgt=-0.041/0.459 pstd=0.441 gen=0.1s train=0.3s
[t=  98.8s] greedy ep209 games=  96 dec= 17520 rows= 16789 horizon=0.24 L=0.01368 L/var=0.05 tgt=-0.039/0.529 pstd=0.444 gen=0.1s train=0.3s
[t=  99.3s] greedy ep210 games=  96 dec= 19496 rows= 18751 horizon=0.34 L=0.01357 L/var=0.06 tgt=-0.027/0.483 pstd=0.441 gen=0.1s train=0.3s
[t=  99.8s] greedy ep211 games=  96 dec= 17605 rows= 16885 horizon=0.23 L=0.01372 L/var=0.05 tgt=-0.074/0.539 pstd=0.452 gen=0.1s train=0.3s
[t= 100.3s] greedy ep212 games=  96 dec= 18604 rows= 17721 horizon=0.33 L=0.01336 L/var=0.06 tgt=-0.056/0.492 pstd=0.431 gen=0.1s train=0.3s
[t= 100.8s] greedy ep213 games=  96 dec= 17827 rows= 17072 horizon=0.26 L=0.01334 L/var=0.05 tgt=-0.029/0.500 pstd=0.434 gen=0.1s train=0.3s
[t= 101.3s] greedy ep214 games=  96 dec= 18416 rows= 17589 horizon=0.26 L=0.01327 L/var=0.05 tgt=-0.052/0.509 pstd=0.433 gen=0.1s train=0.3s
[t= 101.8s] greedy ep215 games=  96 dec= 19264 rows= 18546 horizon=0.36 L=0.01289 L/var=0.06 tgt=-0.007/0.484 pstd=0.427 gen=0.1s train=0.3s
[t= 102.3s] greedy ep216 games=  96 dec= 19120 rows= 18269 horizon=0.33 L=0.01289 L/var=0.05 tgt=-0.037/0.496 pstd=0.440 gen=0.1s train=0.3s
[t= 103.0s] greedy ep217 games=  96 dec= 19050 rows= 18266 horizon=0.29 L=0.01285 L/var=0.05 tgt=-0.019/0.504 pstd=0.431 gen=0.1s train=0.4s
[t= 103.5s] greedy ep218 games=  96 dec= 18825 rows= 18063 horizon=0.30 L=0.01287 L/var=0.05 tgt=-0.024/0.496 pstd=0.434 gen=0.1s train=0.3s
[t= 103.9s] greedy ep219 games=  96 dec= 18703 rows= 17856 horizon=0.28 L=0.01262 L/var=0.05 tgt=-0.033/0.503 pstd=0.441 gen=0.1s train=0.3s
[t= 104.4s] greedy ep220 games=  96 dec= 18305 rows= 17492 horizon=0.28 L=0.01177 L/var=0.05 tgt=-0.048/0.497 pstd=0.440 gen=0.1s train=0.3s
[t= 104.9s] greedy ep221 games=  96 dec= 18309 rows= 17558 horizon=0.30 L=0.01248 L/var=0.06 tgt=-0.012/0.461 pstd=0.423 gen=0.1s train=0.3s
[t= 105.4s] greedy ep222 games=  96 dec= 18300 rows= 17585 horizon=0.30 L=0.01318 L/var=0.05 tgt=-0.021/0.496 pstd=0.420 gen=0.1s train=0.3s
[t= 105.9s] greedy ep223 games=  96 dec= 19099 rows= 18311 horizon=0.28 L=0.01314 L/var=0.05 tgt=-0.034/0.495 pstd=0.434 gen=0.1s train=0.3s
[t= 106.4s] greedy ep224 games=  96 dec= 18062 rows= 17352 horizon=0.26 L=0.01279 L/var=0.05 tgt=-0.009/0.489 pstd=0.440 gen=0.1s train=0.3s
[t= 106.8s] greedy ep225 games=  96 dec= 18595 rows= 17877 horizon=0.29 L=0.01388 L/var=0.06 tgt=-0.025/0.481 pstd=0.395 gen=0.1s train=0.3s
[t= 107.3s] greedy ep226 games=  96 dec= 19011 rows= 18269 horizon=0.38 L=0.01245 L/var=0.06 tgt=-0.033/0.465 pstd=0.414 gen=0.1s train=0.3s
[t= 107.8s] greedy ep227 games=  96 dec= 18548 rows= 17730 horizon=0.26 L=0.01299 L/var=0.05 tgt=-0.042/0.513 pstd=0.399 gen=0.1s train=0.3s
[t= 108.3s] greedy ep228 games=  96 dec= 18037 rows= 17284 horizon=0.28 L=0.01302 L/var=0.05 tgt=-0.011/0.503 pstd=0.433 gen=0.1s train=0.3s
[t= 108.7s] greedy ep229 games=  96 dec= 18300 rows= 17549 horizon=0.28 L=0.01351 L/var=0.06 tgt=-0.044/0.489 pstd=0.410 gen=0.1s train=0.3s
[t= 109.2s] greedy ep230 games=  96 dec= 18962 rows= 18183 horizon=0.33 L=0.01318 L/var=0.06 tgt=-0.017/0.485 pstd=0.408 gen=0.1s train=0.3s
[t= 109.7s] greedy ep231 games=  96 dec= 18540 rows= 17738 horizon=0.33 L=0.01201 L/var=0.06 tgt=+0.002/0.463 pstd=0.402 gen=0.1s train=0.3s
[t= 110.1s] greedy ep232 games=  96 dec= 17744 rows= 16971 horizon=0.20 L=0.01223 L/var=0.04 tgt=-0.055/0.538 pstd=0.414 gen=0.1s train=0.3s
[t= 110.6s] greedy ep233 games=  96 dec= 18009 rows= 17294 horizon=0.27 L=0.01287 L/var=0.05 tgt=-0.027/0.518 pstd=0.413 gen=0.1s train=0.3s
[t= 111.1s] greedy ep234 games=  96 dec= 17201 rows= 16436 horizon=0.22 L=0.01212 L/var=0.04 tgt=-0.043/0.538 pstd=0.414 gen=0.1s train=0.3s
[t= 111.5s] greedy ep235 games=  96 dec= 19081 rows= 18239 horizon=0.35 L=0.01161 L/var=0.05 tgt=-0.042/0.471 pstd=0.409 gen=0.1s train=0.3s
[t= 112.0s] greedy ep236 games=  96 dec= 18176 rows= 17457 horizon=0.29 L=0.01235 L/var=0.05 tgt=-0.023/0.502 pstd=0.411 gen=0.1s train=0.3s
[t= 112.5s] greedy ep237 games=  96 dec= 18847 rows= 17999 horizon=0.30 L=0.01298 L/var=0.06 tgt=-0.032/0.484 pstd=0.416 gen=0.1s train=0.3s
[t= 113.0s] greedy ep238 games=  96 dec= 18787 rows= 18087 horizon=0.32 L=0.01254 L/var=0.06 tgt=-0.026/0.472 pstd=0.426 gen=0.1s train=0.3s
[t= 113.5s] greedy ep239 games=  96 dec= 18208 rows= 17509 horizon=0.29 L=0.01265 L/var=0.05 tgt=-0.029/0.505 pstd=0.426 gen=0.1s train=0.3s
[t= 113.9s] greedy ep240 games=  96 dec= 17967 rows= 17246 horizon=0.27 L=0.01288 L/var=0.05 tgt=-0.046/0.507 pstd=0.416 gen=0.1s train=0.3s
[t= 114.4s] greedy ep241 games=  96 dec= 17584 rows= 16887 horizon=0.21 L=0.01312 L/var=0.05 tgt=-0.002/0.517 pstd=0.405 gen=0.1s train=0.3s
[t= 114.9s] greedy ep242 games=  96 dec= 18165 rows= 17312 horizon=0.25 L=0.01194 L/var=0.05 tgt=-0.036/0.505 pstd=0.408 gen=0.1s train=0.3s
[t= 115.4s] greedy ep243 games=  96 dec= 18428 rows= 17656 horizon=0.27 L=0.01203 L/var=0.05 tgt=-0.022/0.511 pstd=0.410 gen=0.1s train=0.3s
[t= 115.8s] greedy ep244 games=  96 dec= 18032 rows= 17167 horizon=0.26 L=0.01255 L/var=0.04 tgt=-0.045/0.529 pstd=0.426 gen=0.1s train=0.3s
[t= 116.3s] greedy ep245 games=  96 dec= 19028 rows= 18257 horizon=0.32 L=0.01231 L/var=0.05 tgt=-0.041/0.502 pstd=0.425 gen=0.1s train=0.3s
[t= 116.8s] greedy ep246 games=  96 dec= 17136 rows= 16439 horizon=0.17 L=0.01277 L/var=0.04 tgt=-0.029/0.533 pstd=0.419 gen=0.1s train=0.3s
[t= 117.2s] greedy ep247 games=  96 dec= 18481 rows= 17616 horizon=0.30 L=0.01210 L/var=0.05 tgt=-0.040/0.514 pstd=0.408 gen=0.1s train=0.3s
[t= 117.7s] greedy ep248 games=  96 dec= 18375 rows= 17611 horizon=0.28 L=0.01183 L/var=0.05 tgt=-0.005/0.491 pstd=0.407 gen=0.1s train=0.3s
[t= 118.2s] greedy ep249 games=  96 dec= 17139 rows= 16458 horizon=0.21 L=0.01184 L/var=0.04 tgt=-0.048/0.553 pstd=0.417 gen=0.1s train=0.3s
[t= 118.6s] greedy ep250 games=  96 dec= 19159 rows= 18268 horizon=0.27 L=0.01212 L/var=0.04 tgt=-0.062/0.527 pstd=0.399 gen=0.1s train=0.3s
[t= 119.1s] greedy ep251 games=  96 dec= 18229 rows= 17515 horizon=0.24 L=0.01221 L/var=0.05 tgt=-0.023/0.494 pstd=0.407 gen=0.1s train=0.3s
[t= 119.6s] greedy ep252 games=  96 dec= 18340 rows= 17539 horizon=0.25 L=0.01162 L/var=0.05 tgt=-0.030/0.505 pstd=0.394 gen=0.1s train=0.3s
[t= 120.1s] greedy ep253 games=  96 dec= 18659 rows= 17905 horizon=0.36 L=0.01174 L/var=0.05 tgt=-0.071/0.479 pstd=0.403 gen=0.1s train=0.3s
[t= 120.6s] greedy ep254 games=  96 dec= 18404 rows= 17679 horizon=0.31 L=0.01262 L/var=0.06 tgt=-0.038/0.474 pstd=0.391 gen=0.1s train=0.3s
[t= 121.1s] greedy ep255 games=  96 dec= 18537 rows= 17691 horizon=0.25 L=0.01154 L/var=0.05 tgt=-0.008/0.502 pstd=0.406 gen=0.1s train=0.3s
[t= 121.6s] greedy ep256 games=  96 dec= 18996 rows= 18207 horizon=0.35 L=0.01180 L/var=0.05 tgt=-0.016/0.481 pstd=0.409 gen=0.1s train=0.3s
[t= 122.1s] greedy ep257 games=  96 dec= 18780 rows= 18051 horizon=0.29 L=0.01176 L/var=0.05 tgt=-0.024/0.488 pstd=0.406 gen=0.1s train=0.3s
[t= 122.5s] greedy ep258 games=  96 dec= 18877 rows= 18052 horizon=0.34 L=0.01156 L/var=0.05 tgt=-0.013/0.471 pstd=0.403 gen=0.1s train=0.3s
[t= 123.0s] greedy ep259 games=  96 dec= 18072 rows= 17311 horizon=0.29 L=0.01164 L/var=0.04 tgt=-0.045/0.517 pstd=0.401 gen=0.1s train=0.3s
[t= 123.5s] greedy ep260 games=  96 dec= 17925 rows= 17094 horizon=0.25 L=0.01123 L/var=0.05 tgt=-0.040/0.499 pstd=0.402 gen=0.1s train=0.3s
[t= 124.0s] greedy ep261 games=  96 dec= 18110 rows= 17326 horizon=0.26 L=0.01077 L/var=0.04 tgt=-0.029/0.515 pstd=0.409 gen=0.1s train=0.3s
[t= 124.5s] greedy ep262 games=  96 dec= 17705 rows= 16987 horizon=0.26 L=0.01125 L/var=0.04 tgt=-0.028/0.509 pstd=0.401 gen=0.1s train=0.3s
[t= 125.0s] greedy ep263 games=  96 dec= 18054 rows= 17245 horizon=0.31 L=0.01139 L/var=0.05 tgt=-0.049/0.499 pstd=0.400 gen=0.1s train=0.3s
[t= 125.4s] greedy ep264 games=  96 dec= 18642 rows= 17860 horizon=0.31 L=0.01141 L/var=0.05 tgt=-0.009/0.481 pstd=0.409 gen=0.1s train=0.3s
[t= 125.9s] greedy ep265 games=  96 dec= 18821 rows= 18068 horizon=0.29 L=0.01209 L/var=0.05 tgt=-0.063/0.513 pstd=0.401 gen=0.1s train=0.3s
[t= 126.4s] greedy ep266 games=  96 dec= 19731 rows= 18867 horizon=0.34 L=0.01237 L/var=0.05 tgt=+0.003/0.474 pstd=0.414 gen=0.1s train=0.3s
[t= 126.9s] greedy ep267 games=  96 dec= 19233 rows= 18425 horizon=0.27 L=0.01210 L/var=0.05 tgt=-0.053/0.513 pstd=0.381 gen=0.1s train=0.3s
[t= 127.4s] greedy ep268 games=  96 dec= 17336 rows= 16608 horizon=0.23 L=0.01279 L/var=0.04 tgt=-0.072/0.540 pstd=0.412 gen=0.1s train=0.3s
[t= 127.9s] greedy ep269 games=  96 dec= 18720 rows= 17968 horizon=0.34 L=0.01215 L/var=0.05 tgt=-0.066/0.504 pstd=0.395 gen=0.1s train=0.3s
[t= 128.4s] greedy ep270 games=  96 dec= 18540 rows= 17690 horizon=0.30 L=0.01159 L/var=0.05 tgt=-0.018/0.474 pstd=0.410 gen=0.1s train=0.3s
[t= 128.8s] greedy ep271 games=  96 dec= 17949 rows= 17105 horizon=0.24 L=0.01138 L/var=0.04 tgt=-0.036/0.503 pstd=0.410 gen=0.1s train=0.3s
[t= 129.3s] greedy ep272 games=  96 dec= 18492 rows= 17710 horizon=0.31 L=0.01057 L/var=0.04 tgt=-0.044/0.494 pstd=0.399 gen=0.1s train=0.3s
[t= 129.8s] greedy ep273 games=  96 dec= 18688 rows= 17966 horizon=0.29 L=0.01042 L/var=0.04 tgt=-0.019/0.500 pstd=0.404 gen=0.1s train=0.3s
[t= 130.2s] greedy ep274 games=  96 dec= 18698 rows= 17974 horizon=0.35 L=0.01130 L/var=0.04 tgt=-0.039/0.502 pstd=0.408 gen=0.1s train=0.3s
[t= 130.7s] greedy ep275 games=  96 dec= 19162 rows= 18309 horizon=0.34 L=0.01054 L/var=0.05 tgt=-0.023/0.461 pstd=0.414 gen=0.1s train=0.3s
[t= 131.2s] greedy ep276 games=  96 dec= 17467 rows= 16738 horizon=0.25 L=0.01147 L/var=0.04 tgt=-0.040/0.520 pstd=0.395 gen=0.1s train=0.3s
[t= 131.6s] greedy ep277 games=  96 dec= 18538 rows= 17806 horizon=0.25 L=0.01111 L/var=0.04 tgt=-0.024/0.503 pstd=0.418 gen=0.1s train=0.3s
[t= 132.1s] greedy ep278 games=  96 dec= 19247 rows= 18430 horizon=0.35 L=0.01038 L/var=0.04 tgt=-0.038/0.498 pstd=0.408 gen=0.1s train=0.3s
[t= 132.6s] greedy ep279 games=  96 dec= 18483 rows= 17722 horizon=0.31 L=0.01078 L/var=0.04 tgt=-0.034/0.495 pstd=0.406 gen=0.1s train=0.3s
[t= 133.0s] greedy ep280 games=  96 dec= 17763 rows= 17029 horizon=0.21 L=0.01122 L/var=0.04 tgt=-0.065/0.528 pstd=0.398 gen=0.1s train=0.3s
[t= 133.5s] greedy ep281 games=  96 dec= 17154 rows= 16385 horizon=0.20 L=0.01153 L/var=0.04 tgt=-0.063/0.525 pstd=0.415 gen=0.1s train=0.3s
[t= 134.0s] greedy ep282 games=  96 dec= 17343 rows= 16610 horizon=0.20 L=0.01166 L/var=0.04 tgt=-0.033/0.551 pstd=0.417 gen=0.1s train=0.3s
[t= 134.4s] greedy ep283 games=  96 dec= 18976 rows= 18206 horizon=0.38 L=0.01182 L/var=0.05 tgt=-0.011/0.465 pstd=0.409 gen=0.1s train=0.3s
[t= 134.9s] greedy ep284 games=  96 dec= 17723 rows= 17116 horizon=0.32 L=0.01116 L/var=0.04 tgt=-0.040/0.508 pstd=0.405 gen=0.1s train=0.3s
[t= 135.4s] greedy ep285 games=  96 dec= 18670 rows= 17895 horizon=0.31 L=0.01132 L/var=0.04 tgt=-0.057/0.517 pstd=0.398 gen=0.1s train=0.3s
[t= 135.8s] greedy ep286 games=  96 dec= 18166 rows= 17382 horizon=0.23 L=0.01104 L/var=0.05 tgt=+0.008/0.495 pstd=0.398 gen=0.1s train=0.3s
[t= 136.3s] greedy ep287 games=  96 dec= 18996 rows= 18143 horizon=0.25 L=0.01089 L/var=0.04 tgt=-0.041/0.515 pstd=0.415 gen=0.1s train=0.3s
[t= 136.8s] greedy ep288 games=  96 dec= 17760 rows= 16989 horizon=0.21 L=0.01069 L/var=0.04 tgt=-0.024/0.524 pstd=0.409 gen=0.1s train=0.3s
[t= 137.2s] greedy ep289 games=  96 dec= 18538 rows= 17798 horizon=0.26 L=0.01113 L/var=0.04 tgt=-0.046/0.530 pstd=0.402 gen=0.1s train=0.3s
[t= 137.7s] greedy ep290 games=  96 dec= 18987 rows= 18160 horizon=0.31 L=0.01093 L/var=0.05 tgt=+0.019/0.467 pstd=0.415 gen=0.1s train=0.3s
[t= 138.2s] greedy ep291 games=  96 dec= 18780 rows= 17990 horizon=0.33 L=0.01079 L/var=0.05 tgt=-0.010/0.483 pstd=0.407 gen=0.1s train=0.3s
[t= 138.7s] greedy ep292 games=  96 dec= 19224 rows= 18357 horizon=0.32 L=0.01117 L/var=0.05 tgt=-0.045/0.495 pstd=0.397 gen=0.1s train=0.3s
[t= 139.1s] greedy ep293 games=  96 dec= 18449 rows= 17606 horizon=0.26 L=0.01088 L/var=0.04 tgt=-0.034/0.494 pstd=0.403 gen=0.1s train=0.3s
[t= 139.6s] greedy ep294 games=  96 dec= 18597 rows= 17804 horizon=0.30 L=0.01115 L/var=0.05 tgt=-0.026/0.495 pstd=0.401 gen=0.1s train=0.3s
[t= 140.1s] greedy ep295 games=  96 dec= 18551 rows= 17737 horizon=0.32 L=0.01146 L/var=0.05 tgt=-0.022/0.487 pstd=0.400 gen=0.1s train=0.3s
[t= 140.6s] greedy ep296 games=  96 dec= 19202 rows= 18328 horizon=0.32 L=0.01139 L/var=0.05 tgt=-0.038/0.465 pstd=0.395 gen=0.1s train=0.3s
[t= 141.0s] greedy ep297 games=  96 dec= 17608 rows= 16901 horizon=0.25 L=0.01036 L/var=0.04 tgt=-0.065/0.520 pstd=0.397 gen=0.1s train=0.3s
[t= 141.5s] greedy ep298 games=  96 dec= 18358 rows= 17603 horizon=0.28 L=0.01077 L/var=0.04 tgt=-0.014/0.515 pstd=0.401 gen=0.1s train=0.3s
[t= 141.9s] greedy ep299 games=  96 dec= 17776 rows= 17023 horizon=0.29 L=0.01076 L/var=0.04 tgt=-0.030/0.517 pstd=0.395 gen=0.1s train=0.3s
[t= 142.4s] greedy ep300 games=  96 dec= 18584 rows= 17760 horizon=0.27 L=0.01060 L/var=0.04 tgt=-0.016/0.492 pstd=0.403 gen=0.1s train=0.3s
[t= 142.9s] greedy ep301 games=  96 dec= 18875 rows= 18042 horizon=0.31 L=0.01001 L/var=0.04 tgt=-0.039/0.484 pstd=0.395 gen=0.1s train=0.3s
[t= 143.4s] greedy ep302 games=  96 dec= 19006 rows= 18223 horizon=0.33 L=0.01062 L/var=0.05 tgt=-0.017/0.482 pstd=0.407 gen=0.1s train=0.3s
[t= 143.9s] greedy ep303 games=  96 dec= 19250 rows= 18467 horizon=0.35 L=0.01018 L/var=0.05 tgt=-0.025/0.470 pstd=0.392 gen=0.1s train=0.3s
[t= 144.3s] greedy ep304 games=  96 dec= 18265 rows= 17519 horizon=0.28 L=0.01001 L/var=0.04 tgt=-0.046/0.506 pstd=0.393 gen=0.1s train=0.3s
[t= 144.8s] greedy ep305 games=  96 dec= 18014 rows= 17225 horizon=0.24 L=0.01104 L/var=0.05 tgt=-0.022/0.487 pstd=0.402 gen=0.1s train=0.3s
[t= 145.3s] greedy ep306 games=  96 dec= 18008 rows= 17185 horizon=0.24 L=0.01100 L/var=0.05 tgt=-0.003/0.489 pstd=0.397 gen=0.1s train=0.3s
[t= 145.8s] greedy ep307 games=  96 dec= 18771 rows= 17999 horizon=0.30 L=0.01010 L/var=0.04 tgt=-0.028/0.500 pstd=0.399 gen=0.1s train=0.3s
[t= 146.2s] greedy ep308 games=  96 dec= 18526 rows= 17775 horizon=0.27 L=0.01017 L/var=0.04 tgt=-0.010/0.489 pstd=0.398 gen=0.1s train=0.3s
[t= 146.7s] greedy ep309 games=  96 dec= 18439 rows= 17671 horizon=0.30 L=0.01002 L/var=0.04 tgt=-0.046/0.486 pstd=0.404 gen=0.1s train=0.3s
[t= 147.2s] greedy ep310 games=  96 dec= 18677 rows= 17842 horizon=0.35 L=0.00996 L/var=0.05 tgt=-0.051/0.467 pstd=0.407 gen=0.1s train=0.3s
[t= 147.6s] greedy ep311 games=  96 dec= 18387 rows= 17597 horizon=0.22 L=0.01120 L/var=0.04 tgt=-0.043/0.524 pstd=0.396 gen=0.1s train=0.3s
[t= 148.1s] greedy ep312 games=  96 dec= 18455 rows= 17660 horizon=0.27 L=0.01116 L/var=0.04 tgt=-0.015/0.504 pstd=0.413 gen=0.1s train=0.3s
[t= 148.6s] greedy ep313 games=  96 dec= 18717 rows= 17920 horizon=0.29 L=0.01040 L/var=0.04 tgt=-0.043/0.499 pstd=0.414 gen=0.1s train=0.3s
[t= 149.1s] greedy ep314 games=  96 dec= 19121 rows= 18344 horizon=0.35 L=0.00978 L/var=0.04 tgt=-0.013/0.491 pstd=0.409 gen=0.1s train=0.3s
[t= 149.5s] greedy ep315 games=  96 dec= 17451 rows= 16703 horizon=0.25 L=0.01004 L/var=0.04 tgt=+0.003/0.486 pstd=0.412 gen=0.1s train=0.3s
[t= 150.0s] greedy ep316 games=  96 dec= 18229 rows= 17586 horizon=0.29 L=0.01054 L/var=0.04 tgt=+0.016/0.509 pstd=0.423 gen=0.1s train=0.3s
[t= 150.4s] greedy ep317 games=  96 dec= 17473 rows= 16698 horizon=0.22 L=0.01071 L/var=0.04 tgt=-0.044/0.494 pstd=0.429 gen=0.1s train=0.3s
[t= 150.9s] greedy ep318 games=  96 dec= 18994 rows= 18277 horizon=0.32 L=0.01071 L/var=0.05 tgt=-0.030/0.470 pstd=0.409 gen=0.1s train=0.3s
[t= 151.4s] greedy ep319 games=  96 dec= 17124 rows= 16407 horizon=0.16 L=0.01116 L/var=0.05 tgt=+0.014/0.493 pstd=0.410 gen=0.1s train=0.3s
[t= 151.9s] greedy ep320 games=  96 dec= 19106 rows= 18261 horizon=0.33 L=0.01022 L/var=0.04 tgt=-0.021/0.504 pstd=0.419 gen=0.1s train=0.3s
[t= 152.3s] greedy ep321 games=  96 dec= 18525 rows= 17750 horizon=0.28 L=0.00981 L/var=0.04 tgt=-0.046/0.512 pstd=0.422 gen=0.1s train=0.3s
[t= 152.8s] greedy ep322 games=  96 dec= 19051 rows= 18261 horizon=0.35 L=0.00968 L/var=0.04 tgt=-0.055/0.494 pstd=0.420 gen=0.1s train=0.3s
[t= 153.3s] greedy ep323 games=  96 dec= 18297 rows= 17444 horizon=0.28 L=0.01044 L/var=0.04 tgt=-0.010/0.498 pstd=0.419 gen=0.1s train=0.3s
[t= 153.7s] greedy ep324 games=  96 dec= 18204 rows= 17425 horizon=0.27 L=0.00996 L/var=0.04 tgt=-0.031/0.514 pstd=0.434 gen=0.1s train=0.3s
[t= 154.2s] greedy ep325 games=  96 dec= 19397 rows= 18616 horizon=0.39 L=0.01002 L/var=0.05 tgt=-0.006/0.459 pstd=0.427 gen=0.1s train=0.3s
[t= 154.7s] greedy ep326 games=  96 dec= 17507 rows= 16799 horizon=0.22 L=0.01095 L/var=0.04 tgt=-0.051/0.539 pstd=0.424 gen=0.1s train=0.3s
[t= 155.2s] greedy ep327 games=  96 dec= 18820 rows= 17984 horizon=0.30 L=0.01050 L/var=0.04 tgt=-0.027/0.490 pstd=0.421 gen=0.1s train=0.3s
[t= 155.6s] greedy ep328 games=  96 dec= 17886 rows= 17118 horizon=0.25 L=0.01112 L/var=0.04 tgt=-0.021/0.498 pstd=0.416 gen=0.1s train=0.3s
[t= 156.1s] greedy ep329 games=  96 dec= 18785 rows= 18046 horizon=0.29 L=0.01052 L/var=0.04 tgt=-0.039/0.497 pstd=0.419 gen=0.1s train=0.3s
[t= 156.6s] greedy ep330 games=  96 dec= 18884 rows= 18095 horizon=0.28 L=0.01023 L/var=0.04 tgt=-0.038/0.497 pstd=0.425 gen=0.1s train=0.3s
[t= 157.1s] greedy ep331 games=  96 dec= 18529 rows= 17758 horizon=0.28 L=0.00958 L/var=0.04 tgt=-0.041/0.516 pstd=0.426 gen=0.1s train=0.3s
[t= 157.5s] greedy ep332 games=  96 dec= 18102 rows= 17445 horizon=0.29 L=0.01020 L/var=0.04 tgt=-0.039/0.510 pstd=0.415 gen=0.1s train=0.3s
[t= 158.0s] greedy ep333 games=  96 dec= 19060 rows= 18257 horizon=0.30 L=0.00985 L/var=0.04 tgt=-0.035/0.511 pstd=0.406 gen=0.1s train=0.3s
[t= 158.5s] greedy ep334 games=  96 dec= 18683 rows= 17977 horizon=0.28 L=0.00980 L/var=0.04 tgt=-0.013/0.496 pstd=0.408 gen=0.1s train=0.3s
[t= 159.0s] greedy ep335 games=  96 dec= 18365 rows= 17535 horizon=0.24 L=0.00942 L/var=0.03 tgt=-0.049/0.540 pstd=0.400 gen=0.1s train=0.3s
[t= 159.4s] greedy ep336 games=  96 dec= 18383 rows= 17727 horizon=0.33 L=0.00967 L/var=0.04 tgt=-0.024/0.486 pstd=0.409 gen=0.1s train=0.3s
[t= 159.8s] greedy ep337 games=  96 dec= 17529 rows= 16777 horizon=0.21 L=0.01000 L/var=0.04 tgt=-0.008/0.526 pstd=0.404 gen=0.1s train=0.3s
[t= 160.3s] greedy ep338 games=  96 dec= 18012 rows= 17249 horizon=0.24 L=0.01011 L/var=0.04 tgt=-0.071/0.537 pstd=0.400 gen=0.1s train=0.3s
[t= 161.0s] greedy ep339 games=  96 dec= 18869 rows= 18062 horizon=0.29 L=0.01013 L/var=0.04 tgt=-0.016/0.494 pstd=0.392 gen=0.1s train=0.5s
[t= 161.6s] greedy ep340 games=  96 dec= 17414 rows= 16641 horizon=0.24 L=0.01092 L/var=0.04 tgt=-0.044/0.541 pstd=0.414 gen=0.1s train=0.3s
[t= 162.1s] greedy ep341 games=  96 dec= 18091 rows= 17262 horizon=0.22 L=0.01024 L/var=0.04 tgt=-0.022/0.501 pstd=0.422 gen=0.1s train=0.3s
[t= 162.5s] greedy ep342 games=  96 dec= 17520 rows= 16753 horizon=0.25 L=0.01129 L/var=0.04 tgt=-0.040/0.511 pstd=0.411 gen=0.1s train=0.2s
[t= 163.0s] greedy ep343 games=  96 dec= 18965 rows= 18148 horizon=0.28 L=0.01105 L/var=0.04 tgt=-0.037/0.496 pstd=0.427 gen=0.1s train=0.3s
[t= 163.4s] greedy ep344 games=  96 dec= 18195 rows= 17495 horizon=0.29 L=0.00999 L/var=0.04 tgt=-0.042/0.513 pstd=0.414 gen=0.1s train=0.3s
[t= 163.9s] greedy ep345 games=  96 dec= 17907 rows= 17092 horizon=0.27 L=0.01042 L/var=0.04 tgt=-0.059/0.494 pstd=0.399 gen=0.1s train=0.3s
[t= 164.4s] greedy ep346 games=  96 dec= 17975 rows= 17211 horizon=0.25 L=0.01039 L/var=0.04 tgt=-0.043/0.496 pstd=0.400 gen=0.1s train=0.3s
[t= 164.8s] greedy ep347 games=  96 dec= 19555 rows= 18646 horizon=0.34 L=0.00953 L/var=0.04 tgt=-0.020/0.471 pstd=0.405 gen=0.1s train=0.3s
[t= 165.3s] greedy ep348 games=  96 dec= 17794 rows= 17067 horizon=0.22 L=0.01001 L/var=0.04 tgt=-0.031/0.496 pstd=0.429 gen=0.1s train=0.3s
[t= 165.8s] greedy ep349 games=  96 dec= 18996 rows= 18146 horizon=0.30 L=0.01029 L/var=0.04 tgt=-0.046/0.508 pstd=0.418 gen=0.1s train=0.3s
[t= 166.2s] greedy ep350 games=  96 dec= 17945 rows= 17184 horizon=0.26 L=0.00980 L/var=0.04 tgt=-0.012/0.507 pstd=0.404 gen=0.1s train=0.3s
[t= 166.7s] greedy ep351 games=  96 dec= 19015 rows= 18164 horizon=0.35 L=0.00960 L/var=0.04 tgt=-0.037/0.480 pstd=0.414 gen=0.1s train=0.3s
[t= 167.1s] greedy ep352 games=  96 dec= 18627 rows= 17861 horizon=0.29 L=0.00929 L/var=0.04 tgt=-0.023/0.499 pstd=0.411 gen=0.1s train=0.3s
[t= 167.6s] greedy ep353 games=  96 dec= 18722 rows= 17905 horizon=0.29 L=0.00918 L/var=0.04 tgt=-0.024/0.499 pstd=0.422 gen=0.1s train=0.3s
[t= 168.0s] greedy ep354 games=  96 dec= 17109 rows= 16335 horizon=0.20 L=0.00979 L/var=0.04 tgt=-0.015/0.523 pstd=0.428 gen=0.1s train=0.2s
[t= 168.5s] greedy ep355 games=  96 dec= 18602 rows= 17876 horizon=0.32 L=0.01033 L/var=0.04 tgt=-0.055/0.485 pstd=0.422 gen=0.1s train=0.3s
[t= 168.9s] greedy ep356 games=  96 dec= 18770 rows= 18025 horizon=0.26 L=0.01013 L/var=0.04 tgt=-0.019/0.485 pstd=0.434 gen=0.1s train=0.3s
[t= 169.4s] greedy ep357 games=  96 dec= 17863 rows= 17080 horizon=0.24 L=0.00983 L/var=0.04 tgt=-0.003/0.510 pstd=0.412 gen=0.1s train=0.3s
[t= 169.9s] greedy ep358 games=  96 dec= 17933 rows= 17146 horizon=0.25 L=0.01013 L/var=0.04 tgt=+0.002/0.476 pstd=0.417 gen=0.1s train=0.3s
[t= 170.3s] greedy ep359 games=  96 dec= 18597 rows= 17878 horizon=0.32 L=0.00990 L/var=0.04 tgt=-0.007/0.491 pstd=0.407 gen=0.1s train=0.3s
[t= 170.8s] greedy ep360 games=  96 dec= 18189 rows= 17344 horizon=0.21 L=0.01057 L/var=0.04 tgt=-0.022/0.521 pstd=0.420 gen=0.1s train=0.3s
[t= 171.3s] greedy ep361 games=  96 dec= 18058 rows= 17283 horizon=0.26 L=0.01035 L/var=0.04 tgt=-0.062/0.519 pstd=0.404 gen=0.1s train=0.3s
[t= 171.7s] greedy ep362 games=  96 dec= 19322 rows= 18646 horizon=0.38 L=0.00946 L/var=0.05 tgt=-0.029/0.449 pstd=0.403 gen=0.1s train=0.3s
[t= 172.2s] greedy ep363 games=  96 dec= 17782 rows= 17047 horizon=0.29 L=0.00955 L/var=0.04 tgt=-0.034/0.497 pstd=0.413 gen=0.1s train=0.3s
[t= 172.6s] greedy ep364 games=  96 dec= 17174 rows= 16436 horizon=0.19 L=0.01048 L/var=0.04 tgt=-0.065/0.543 pstd=0.422 gen=0.1s train=0.2s
[t= 173.1s] greedy ep365 games=  96 dec= 18959 rows= 18150 horizon=0.31 L=0.01015 L/var=0.04 tgt=-0.053/0.500 pstd=0.410 gen=0.1s train=0.3s
[t= 173.6s] greedy ep366 games=  96 dec= 18241 rows= 17488 horizon=0.22 L=0.01000 L/var=0.04 tgt=-0.042/0.520 pstd=0.410 gen=0.1s train=0.3s
[t= 174.1s] greedy ep367 games=  96 dec= 18751 rows= 17949 horizon=0.25 L=0.01039 L/var=0.04 tgt=-0.042/0.502 pstd=0.410 gen=0.1s train=0.3s
[t= 174.5s] greedy ep368 games=  96 dec= 19280 rows= 18376 horizon=0.35 L=0.01034 L/var=0.05 tgt=+0.004/0.468 pstd=0.413 gen=0.1s train=0.3s
[t= 175.0s] greedy ep369 games=  96 dec= 17968 rows= 17093 horizon=0.22 L=0.00982 L/var=0.03 tgt=-0.013/0.531 pstd=0.409 gen=0.1s train=0.3s
[t= 175.4s] greedy ep370 games=  96 dec= 18299 rows= 17473 horizon=0.28 L=0.00933 L/var=0.03 tgt=-0.056/0.520 pstd=0.410 gen=0.1s train=0.3s
[t= 175.9s] greedy ep371 games=  96 dec= 19220 rows= 18359 horizon=0.31 L=0.00971 L/var=0.04 tgt=-0.027/0.506 pstd=0.421 gen=0.1s train=0.3s
[t= 176.4s] greedy ep372 games=  96 dec= 17936 rows= 17223 horizon=0.23 L=0.00996 L/var=0.04 tgt=-0.029/0.511 pstd=0.412 gen=0.1s train=0.3s
[t= 176.8s] greedy ep373 games=  96 dec= 17939 rows= 17152 horizon=0.26 L=0.01015 L/var=0.04 tgt=-0.034/0.495 pstd=0.408 gen=0.1s train=0.3s
[t= 177.3s] greedy ep374 games=  96 dec= 18424 rows= 17593 horizon=0.24 L=0.00922 L/var=0.04 tgt=-0.019/0.498 pstd=0.406 gen=0.1s train=0.3s
[t= 177.8s] greedy ep375 games=  96 dec= 17894 rows= 17161 horizon=0.21 L=0.00980 L/var=0.04 tgt=-0.038/0.508 pstd=0.406 gen=0.1s train=0.3s
[t= 178.2s] greedy ep376 games=  96 dec= 18536 rows= 17723 horizon=0.30 L=0.00959 L/var=0.04 tgt=-0.046/0.495 pstd=0.416 gen=0.1s train=0.3s
[t= 178.7s] greedy ep377 games=  96 dec= 17719 rows= 16949 horizon=0.20 L=0.00961 L/var=0.03 tgt=-0.074/0.533 pstd=0.411 gen=0.1s train=0.3s
[t= 179.2s] greedy ep378 games=  96 dec= 18187 rows= 17402 horizon=0.20 L=0.00912 L/var=0.03 tgt=-0.027/0.516 pstd=0.414 gen=0.1s train=0.3s
[t= 179.6s] greedy ep379 games=  96 dec= 18411 rows= 17644 horizon=0.25 L=0.00919 L/var=0.03 tgt=-0.043/0.518 pstd=0.400 gen=0.1s train=0.3s
[t= 180.1s] greedy ep380 games=  96 dec= 17608 rows= 16857 horizon=0.20 L=0.01003 L/var=0.04 tgt=-0.017/0.491 pstd=0.410 gen=0.1s train=0.3s
[t= 180.5s] greedy ep381 games=  96 dec= 18206 rows= 17495 horizon=0.29 L=0.00966 L/var=0.03 tgt=-0.021/0.526 pstd=0.405 gen=0.1s train=0.3s
[t= 181.0s] greedy ep382 games=  96 dec= 18707 rows= 17955 horizon=0.30 L=0.00857 L/var=0.04 tgt=-0.022/0.482 pstd=0.402 gen=0.1s train=0.3s
[t= 181.5s] greedy ep383 games=  96 dec= 17938 rows= 17202 horizon=0.25 L=0.00908 L/var=0.04 tgt=-0.043/0.501 pstd=0.394 gen=0.1s train=0.3s
[t= 181.9s] greedy ep384 games=  96 dec= 19228 rows= 18464 horizon=0.31 L=0.00931 L/var=0.04 tgt=+0.004/0.496 pstd=0.394 gen=0.1s train=0.3s
[t= 182.4s] greedy ep385 games=  96 dec= 17517 rows= 16840 horizon=0.27 L=0.00895 L/var=0.04 tgt=-0.003/0.490 pstd=0.392 gen=0.1s train=0.3s
[t= 182.8s] greedy ep386 games=  96 dec= 17673 rows= 16868 horizon=0.25 L=0.00921 L/var=0.04 tgt=-0.038/0.505 pstd=0.413 gen=0.1s train=0.3s
[t= 183.3s] greedy ep387 games=  96 dec= 18778 rows= 18024 horizon=0.31 L=0.00940 L/var=0.04 tgt=-0.019/0.493 pstd=0.417 gen=0.1s train=0.3s
[t= 183.8s] greedy ep388 games=  96 dec= 18575 rows= 17784 horizon=0.25 L=0.00960 L/var=0.04 tgt=-0.034/0.497 pstd=0.408 gen=0.1s train=0.3s
[t= 184.2s] greedy ep389 games=  96 dec= 17512 rows= 16796 horizon=0.24 L=0.01077 L/var=0.04 tgt=-0.046/0.523 pstd=0.409 gen=0.1s train=0.2s
[t= 184.7s] greedy ep390 games=  96 dec= 18257 rows= 17553 horizon=0.30 L=0.00970 L/var=0.04 tgt=-0.024/0.495 pstd=0.410 gen=0.1s train=0.3s
[t= 185.1s] greedy ep391 games=  96 dec= 17668 rows= 16917 horizon=0.28 L=0.00956 L/var=0.04 tgt=-0.027/0.504 pstd=0.413 gen=0.1s train=0.3s
[t= 185.6s] greedy ep392 games=  96 dec= 18572 rows= 17807 horizon=0.30 L=0.00916 L/var=0.04 tgt=-0.013/0.482 pstd=0.417 gen=0.1s train=0.3s
[t= 186.0s] greedy ep393 games=  96 dec= 18596 rows= 17845 horizon=0.33 L=0.00936 L/var=0.04 tgt=-0.049/0.488 pstd=0.431 gen=0.1s train=0.3s
[t= 186.5s] greedy ep394 games=  96 dec= 19246 rows= 18437 horizon=0.30 L=0.00956 L/var=0.04 tgt=-0.015/0.490 pstd=0.428 gen=0.1s train=0.3s
[t= 187.0s] greedy ep395 games=  96 dec= 18407 rows= 17679 horizon=0.30 L=0.00893 L/var=0.03 tgt=-0.061/0.508 pstd=0.429 gen=0.1s train=0.3s
[t= 187.4s] greedy ep396 games=  96 dec= 18038 rows= 17275 horizon=0.25 L=0.00890 L/var=0.03 tgt=-0.029/0.518 pstd=0.407 gen=0.1s train=0.3s
[t= 187.9s] greedy ep397 games=  96 dec= 18026 rows= 17231 horizon=0.33 L=0.00944 L/var=0.04 tgt=-0.055/0.505 pstd=0.423 gen=0.1s train=0.3s
[t= 188.4s] greedy ep398 games=  96 dec= 17986 rows= 17233 horizon=0.27 L=0.00926 L/var=0.04 tgt=-0.038/0.504 pstd=0.420 gen=0.1s train=0.3s
[t= 188.8s] greedy ep399 games=  96 dec= 17853 rows= 17087 horizon=0.27 L=0.00969 L/var=0.04 tgt=-0.026/0.510 pstd=0.429 gen=0.1s train=0.3s
[t= 189.4s] greedy ep400 games=  96 dec= 18688 rows= 17967 horizon=0.30 L=0.00985 L/var=0.04 tgt=-0.022/0.480 pstd=0.414 gen=0.1s train=0.3s
[t= 189.8s] greedy ep401 games=  96 dec= 17895 rows= 17151 horizon=0.25 L=0.00973 L/var=0.04 tgt=-0.066/0.514 pstd=0.415 gen=0.1s train=0.3s
[t= 190.3s] greedy ep402 games=  96 dec= 17565 rows= 16856 horizon=0.25 L=0.00932 L/var=0.03 tgt=-0.027/0.517 pstd=0.417 gen=0.1s train=0.3s
[t= 190.8s] greedy ep403 games=  96 dec= 18483 rows= 17651 horizon=0.29 L=0.01048 L/var=0.04 tgt=-0.035/0.506 pstd=0.410 gen=0.1s train=0.3s
[t= 191.3s] greedy ep404 games=  96 dec= 18950 rows= 18199 horizon=0.36 L=0.00938 L/var=0.04 tgt=-0.013/0.487 pstd=0.409 gen=0.1s train=0.3s
[t= 191.8s] greedy ep405 games=  96 dec= 17886 rows= 17159 horizon=0.22 L=0.00976 L/var=0.03 tgt=-0.049/0.530 pstd=0.420 gen=0.1s train=0.3s
[t= 192.3s] greedy ep406 games=  96 dec= 18915 rows= 18089 horizon=0.30 L=0.00966 L/var=0.04 tgt=-0.036/0.499 pstd=0.420 gen=0.1s train=0.3s
[t= 192.8s] greedy ep407 games=  96 dec= 18544 rows= 17757 horizon=0.33 L=0.00896 L/var=0.04 tgt=-0.033/0.484 pstd=0.407 gen=0.1s train=0.3s
[t= 193.3s] greedy ep408 games=  96 dec= 18170 rows= 17300 horizon=0.18 L=0.00969 L/var=0.04 tgt=-0.031/0.515 pstd=0.401 gen=0.1s train=0.3s
[t= 193.8s] greedy ep409 games=  96 dec= 19337 rows= 18625 horizon=0.35 L=0.00878 L/var=0.04 tgt=+0.005/0.466 pstd=0.416 gen=0.1s train=0.3s
[t= 194.3s] greedy ep410 games=  96 dec= 18658 rows= 17833 horizon=0.29 L=0.00899 L/var=0.04 tgt=-0.021/0.485 pstd=0.393 gen=0.1s train=0.3s
[t= 194.9s] greedy ep411 games=  96 dec= 18569 rows= 17852 horizon=0.32 L=0.00913 L/var=0.04 tgt=-0.037/0.481 pstd=0.413 gen=0.1s train=0.3s
[t= 195.4s] greedy ep412 games=  96 dec= 17744 rows= 17006 horizon=0.25 L=0.00916 L/var=0.04 tgt=-0.034/0.495 pstd=0.424 gen=0.1s train=0.3s
[t= 195.8s] greedy ep413 games=  96 dec= 18259 rows= 17403 horizon=0.24 L=0.00976 L/var=0.04 tgt=-0.017/0.508 pstd=0.412 gen=0.1s train=0.3s
[t= 196.3s] greedy ep414 games=  96 dec= 19461 rows= 18670 horizon=0.40 L=0.00922 L/var=0.05 tgt=-0.029/0.440 pstd=0.403 gen=0.1s train=0.3s
[t= 196.8s] greedy ep415 games=  96 dec= 18518 rows= 17762 horizon=0.29 L=0.00932 L/var=0.04 tgt=-0.040/0.504 pstd=0.399 gen=0.1s train=0.3s
[t= 197.3s] greedy ep416 games=  96 dec= 18415 rows= 17615 horizon=0.26 L=0.00955 L/var=0.04 tgt=-0.003/0.491 pstd=0.386 gen=0.1s train=0.3s
[t= 197.8s] greedy ep417 games=  96 dec= 17770 rows= 16969 horizon=0.22 L=0.00891 L/var=0.03 tgt=-0.048/0.537 pstd=0.404 gen=0.1s train=0.3s
[t= 198.3s] greedy ep418 games=  96 dec= 18533 rows= 17728 horizon=0.29 L=0.00926 L/var=0.04 tgt=+0.002/0.498 pstd=0.400 gen=0.1s train=0.3s
[t= 198.8s] greedy ep419 games=  96 dec= 17320 rows= 16623 horizon=0.24 L=0.00949 L/var=0.03 tgt=-0.033/0.529 pstd=0.412 gen=0.1s train=0.3s
[t= 199.3s] greedy ep420 games=  96 dec= 18122 rows= 17306 horizon=0.26 L=0.00959 L/var=0.04 tgt=-0.013/0.499 pstd=0.407 gen=0.1s train=0.3s
[t= 199.7s] greedy ep421 games=  96 dec= 18584 rows= 17860 horizon=0.38 L=0.00907 L/var=0.04 tgt=-0.016/0.462 pstd=0.395 gen=0.1s train=0.3s
[t= 200.3s] greedy ep422 games=  96 dec= 19034 rows= 18169 horizon=0.29 L=0.00935 L/var=0.04 tgt=-0.063/0.513 pstd=0.409 gen=0.1s train=0.3s
[t= 200.8s] greedy ep423 games=  96 dec= 18344 rows= 17553 horizon=0.25 L=0.00852 L/var=0.03 tgt=+0.006/0.495 pstd=0.396 gen=0.1s train=0.3s
[t= 201.3s] greedy ep424 games=  96 dec= 18028 rows= 17337 horizon=0.26 L=0.00808 L/var=0.03 tgt=-0.034/0.515 pstd=0.401 gen=0.1s train=0.3s
[t= 201.8s] greedy ep425 games=  96 dec= 18958 rows= 18149 horizon=0.34 L=0.00804 L/var=0.04 tgt=-0.016/0.473 pstd=0.393 gen=0.1s train=0.3s
[t= 202.3s] greedy ep426 games=  96 dec= 18454 rows= 17669 horizon=0.28 L=0.00918 L/var=0.03 tgt=-0.057/0.544 pstd=0.392 gen=0.1s train=0.3s
[t= 202.8s] greedy ep427 games=  96 dec= 18342 rows= 17486 horizon=0.27 L=0.00854 L/var=0.03 tgt=-0.028/0.521 pstd=0.389 gen=0.1s train=0.3s
[t= 203.3s] greedy ep428 games=  96 dec= 17601 rows= 16918 horizon=0.19 L=0.00842 L/var=0.03 tgt=+0.009/0.510 pstd=0.401 gen=0.1s train=0.3s
[t= 203.7s] greedy ep429 games=  96 dec= 18684 rows= 17897 horizon=0.25 L=0.00948 L/var=0.03 tgt=-0.039/0.523 pstd=0.400 gen=0.1s train=0.3s
[t= 204.2s] greedy ep430 games=  96 dec= 18081 rows= 17290 horizon=0.26 L=0.00937 L/var=0.04 tgt=-0.016/0.506 pstd=0.404 gen=0.1s train=0.3s
[t= 204.7s] greedy ep431 games=  96 dec= 18680 rows= 17920 horizon=0.30 L=0.00850 L/var=0.03 tgt=-0.062/0.530 pstd=0.396 gen=0.1s train=0.3s
[t= 205.3s] greedy ep432 games=  96 dec= 20210 rows= 19381 horizon=0.41 L=0.00809 L/var=0.04 tgt=-0.044/0.459 pstd=0.385 gen=0.1s train=0.3s
[t= 205.7s] greedy ep433 games=  96 dec= 18675 rows= 17900 horizon=0.29 L=0.00827 L/var=0.03 tgt=-0.006/0.488 pstd=0.382 gen=0.1s train=0.3s
[t= 206.2s] greedy ep434 games=  96 dec= 18019 rows= 17231 horizon=0.23 L=0.00964 L/var=0.04 tgt=-0.020/0.520 pstd=0.391 gen=0.1s train=0.3s
[t= 206.7s] greedy ep435 games=  96 dec= 18317 rows= 17608 horizon=0.30 L=0.00834 L/var=0.04 tgt=-0.017/0.486 pstd=0.397 gen=0.1s train=0.3s
[t= 207.2s] greedy ep436 games=  96 dec= 18682 rows= 17879 horizon=0.31 L=0.00847 L/var=0.04 tgt=-0.023/0.467 pstd=0.394 gen=0.1s train=0.3s
[t= 207.7s] greedy ep437 games=  96 dec= 18420 rows= 17707 horizon=0.29 L=0.00880 L/var=0.04 tgt=-0.027/0.501 pstd=0.385 gen=0.1s train=0.3s
[t= 208.2s] greedy ep438 games=  96 dec= 19503 rows= 18695 horizon=0.36 L=0.00862 L/var=0.04 tgt=-0.029/0.476 pstd=0.386 gen=0.1s train=0.3s
[t= 208.6s] greedy ep439 games=  96 dec= 18094 rows= 17346 horizon=0.26 L=0.00867 L/var=0.04 tgt=-0.022/0.496 pstd=0.390 gen=0.1s train=0.3s
[t= 209.1s] greedy ep440 games=  96 dec= 18913 rows= 18088 horizon=0.24 L=0.00809 L/var=0.03 tgt=-0.036/0.516 pstd=0.393 gen=0.1s train=0.3s
[t= 209.7s] greedy ep441 games=  96 dec= 19013 rows= 18211 horizon=0.30 L=0.00789 L/var=0.04 tgt=-0.006/0.467 pstd=0.394 gen=0.1s train=0.3s
[t= 210.2s] greedy ep442 games=  96 dec= 18802 rows= 18091 horizon=0.35 L=0.00841 L/var=0.04 tgt=-0.039/0.465 pstd=0.383 gen=0.1s train=0.4s
[t= 210.7s] greedy ep443 games=  96 dec= 19111 rows= 18389 horizon=0.38 L=0.00798 L/var=0.04 tgt=-0.028/0.472 pstd=0.396 gen=0.1s train=0.3s
[t= 211.2s] greedy ep444 games=  96 dec= 19035 rows= 18255 horizon=0.34 L=0.00861 L/var=0.04 tgt=-0.017/0.461 pstd=0.375 gen=0.1s train=0.3s
[t= 211.7s] greedy ep445 games=  96 dec= 17388 rows= 16652 horizon=0.25 L=0.00898 L/var=0.03 tgt=-0.058/0.522 pstd=0.378 gen=0.1s train=0.3s
[t= 212.2s] greedy ep446 games=  96 dec= 17535 rows= 16716 horizon=0.24 L=0.00927 L/var=0.03 tgt=-0.059/0.541 pstd=0.392 gen=0.1s train=0.3s
[t= 212.6s] greedy ep447 games=  96 dec= 18929 rows= 18147 horizon=0.36 L=0.00852 L/var=0.04 tgt=-0.023/0.452 pstd=0.387 gen=0.1s train=0.3s
[t= 213.1s] greedy ep448 games=  96 dec= 20099 rows= 19261 horizon=0.41 L=0.00779 L/var=0.04 tgt=-0.006/0.429 pstd=0.385 gen=0.1s train=0.3s
[t= 213.6s] greedy ep449 games=  96 dec= 18767 rows= 17993 horizon=0.30 L=0.00823 L/var=0.03 tgt=-0.025/0.489 pstd=0.375 gen=0.1s train=0.3s
[t= 214.1s] greedy ep450 games=  96 dec= 17351 rows= 16685 horizon=0.22 L=0.00789 L/var=0.03 tgt=-0.049/0.525 pstd=0.372 gen=0.1s train=0.3s
[t= 214.5s] greedy ep451 games=  96 dec= 17912 rows= 17109 horizon=0.30 L=0.00835 L/var=0.03 tgt=-0.035/0.501 pstd=0.377 gen=0.1s train=0.3s
[t= 215.0s] greedy ep452 games=  96 dec= 18850 rows= 17968 horizon=0.27 L=0.00859 L/var=0.04 tgt=-0.005/0.479 pstd=0.376 gen=0.1s train=0.3s
[t= 215.5s] greedy ep453 games=  96 dec= 18852 rows= 18067 horizon=0.32 L=0.00823 L/var=0.03 tgt=-0.054/0.504 pstd=0.374 gen=0.1s train=0.3s
[t= 215.9s] greedy ep454 games=  96 dec= 18054 rows= 17310 horizon=0.27 L=0.00813 L/var=0.03 tgt=-0.048/0.546 pstd=0.363 gen=0.1s train=0.3s
[t= 216.4s] greedy ep455 games=  96 dec= 19555 rows= 18791 horizon=0.38 L=0.00824 L/var=0.04 tgt=-0.028/0.468 pstd=0.376 gen=0.1s train=0.3s
[t= 216.9s] greedy ep456 games=  96 dec= 17971 rows= 17268 horizon=0.28 L=0.00846 L/var=0.03 tgt=-0.049/0.518 pstd=0.387 gen=0.1s train=0.3s
[t= 217.4s] greedy ep457 games=  96 dec= 17359 rows= 16577 horizon=0.22 L=0.00873 L/var=0.03 tgt=-0.055/0.522 pstd=0.382 gen=0.1s train=0.3s
[t= 217.8s] greedy ep458 games=  96 dec= 17399 rows= 16729 horizon=0.23 L=0.00935 L/var=0.03 tgt=-0.056/0.534 pstd=0.400 gen=0.1s train=0.3s
[t= 218.3s] greedy ep459 games=  96 dec= 19583 rows= 18760 horizon=0.34 L=0.00874 L/var=0.04 tgt=-0.036/0.488 pstd=0.387 gen=0.1s train=0.3s
[t= 218.8s] greedy ep460 games=  96 dec= 18576 rows= 17819 horizon=0.29 L=0.00849 L/var=0.04 tgt=-0.020/0.490 pstd=0.384 gen=0.1s train=0.3s
[t= 219.2s] greedy ep461 games=  96 dec= 18200 rows= 17441 horizon=0.25 L=0.00889 L/var=0.03 tgt=-0.026/0.509 pstd=0.392 gen=0.1s train=0.3s
[t= 219.7s] greedy ep462 games=  96 dec= 18811 rows= 18075 horizon=0.36 L=0.00855 L/var=0.04 tgt=-0.031/0.474 pstd=0.378 gen=0.1s train=0.3s
[t= 220.2s] greedy ep463 games=  96 dec= 18648 rows= 17782 horizon=0.30 L=0.00850 L/var=0.04 tgt=-0.038/0.484 pstd=0.381 gen=0.1s train=0.3s
[t= 220.7s] greedy ep464 games=  96 dec= 18060 rows= 17330 horizon=0.31 L=0.00867 L/var=0.04 tgt=-0.050/0.476 pstd=0.368 gen=0.1s train=0.3s
[t= 221.1s] greedy ep465 games=  96 dec= 17860 rows= 17129 horizon=0.24 L=0.00947 L/var=0.03 tgt=-0.034/0.534 pstd=0.373 gen=0.1s train=0.3s
[t= 221.6s] greedy ep466 games=  96 dec= 19127 rows= 18274 horizon=0.30 L=0.00859 L/var=0.04 tgt=-0.038/0.482 pstd=0.377 gen=0.1s train=0.3s
[t= 222.1s] greedy ep467 games=  96 dec= 18397 rows= 17613 horizon=0.23 L=0.00908 L/var=0.04 tgt=-0.033/0.507 pstd=0.380 gen=0.1s train=0.3s
[t= 222.6s] greedy ep468 games=  96 dec= 17951 rows= 17289 horizon=0.24 L=0.00893 L/var=0.03 tgt=-0.031/0.531 pstd=0.372 gen=0.1s train=0.3s
[t= 223.0s] greedy ep469 games=  96 dec= 17448 rows= 16702 horizon=0.22 L=0.00890 L/var=0.03 tgt=-0.059/0.545 pstd=0.379 gen=0.1s train=0.3s
[t= 223.5s] greedy ep470 games=  96 dec= 17803 rows= 17019 horizon=0.23 L=0.00870 L/var=0.03 tgt=-0.014/0.511 pstd=0.380 gen=0.1s train=0.3s
[t= 223.9s] greedy ep471 games=  96 dec= 18349 rows= 17565 horizon=0.32 L=0.00901 L/var=0.04 tgt=-0.039/0.483 pstd=0.384 gen=0.1s train=0.3s
[t= 224.4s] greedy ep472 games=  96 dec= 17910 rows= 17209 horizon=0.29 L=0.00833 L/var=0.03 tgt=-0.046/0.492 pstd=0.384 gen=0.1s train=0.3s
[t= 224.9s] greedy ep473 games=  96 dec= 18019 rows= 17226 horizon=0.27 L=0.00843 L/var=0.03 tgt=-0.057/0.515 pstd=0.389 gen=0.1s train=0.3s
[t= 225.4s] greedy ep474 games=  96 dec= 19106 rows= 18313 horizon=0.38 L=0.00818 L/var=0.03 tgt=-0.089/0.502 pstd=0.377 gen=0.1s train=0.3s
[t= 225.9s] greedy ep475 games=  96 dec= 18272 rows= 17552 horizon=0.30 L=0.00804 L/var=0.03 tgt=-0.041/0.493 pstd=0.383 gen=0.1s train=0.3s
[t= 226.4s] greedy ep476 games=  96 dec= 18856 rows= 18098 horizon=0.31 L=0.00770 L/var=0.04 tgt=-0.006/0.466 pstd=0.377 gen=0.1s train=0.3s
[t= 226.9s] greedy ep477 games=  96 dec= 19201 rows= 18393 horizon=0.36 L=0.00809 L/var=0.03 tgt=-0.027/0.484 pstd=0.363 gen=0.1s train=0.3s
[t= 227.3s] greedy ep478 games=  96 dec= 18194 rows= 17439 horizon=0.26 L=0.00828 L/var=0.03 tgt=-0.037/0.525 pstd=0.377 gen=0.1s train=0.3s
[t= 227.8s] greedy ep479 games=  96 dec= 18378 rows= 17637 horizon=0.30 L=0.00892 L/var=0.04 tgt=-0.035/0.500 pstd=0.360 gen=0.1s train=0.3s
[t= 228.3s] greedy ep480 games=  96 dec= 18960 rows= 18208 horizon=0.33 L=0.00814 L/var=0.04 tgt=-0.070/0.480 pstd=0.373 gen=0.1s train=0.3s
[t= 228.8s] greedy ep481 games=  96 dec= 19052 rows= 18107 horizon=0.29 L=0.00894 L/var=0.04 tgt=-0.019/0.487 pstd=0.365 gen=0.1s train=0.3s
[t= 229.2s] greedy ep482 games=  96 dec= 18645 rows= 17902 horizon=0.30 L=0.00861 L/var=0.03 tgt=-0.040/0.515 pstd=0.367 gen=0.1s train=0.3s
[t= 229.7s] greedy ep483 games=  96 dec= 19146 rows= 18385 horizon=0.34 L=0.00815 L/var=0.04 tgt=-0.033/0.480 pstd=0.372 gen=0.1s train=0.3s
[t= 230.2s] greedy ep484 games=  96 dec= 18709 rows= 17942 horizon=0.33 L=0.00861 L/var=0.03 tgt=-0.040/0.499 pstd=0.369 gen=0.1s train=0.3s
[t= 230.7s] greedy ep485 games=  96 dec= 19333 rows= 18485 horizon=0.36 L=0.00788 L/var=0.04 tgt=-0.017/0.462 pstd=0.379 gen=0.1s train=0.3s
[t= 231.2s] greedy ep486 games=  96 dec= 18153 rows= 17375 horizon=0.26 L=0.00785 L/var=0.03 tgt=-0.041/0.513 pstd=0.376 gen=0.1s train=0.3s
[t= 231.6s] greedy ep487 games=  96 dec= 18577 rows= 17712 horizon=0.23 L=0.00897 L/var=0.03 tgt=-0.019/0.521 pstd=0.376 gen=0.1s train=0.3s
[t= 232.1s] greedy ep488 games=  96 dec= 18640 rows= 17833 horizon=0.32 L=0.00917 L/var=0.04 tgt=-0.066/0.503 pstd=0.389 gen=0.1s train=0.3s
[t= 232.6s] greedy ep489 games=  96 dec= 18948 rows= 18176 horizon=0.34 L=0.00837 L/var=0.04 tgt=-0.028/0.461 pstd=0.382 gen=0.1s train=0.3s
[t= 233.1s] greedy ep490 games=  96 dec= 18010 rows= 17207 horizon=0.27 L=0.00817 L/var=0.03 tgt=-0.023/0.497 pstd=0.392 gen=0.1s train=0.3s
[t= 233.6s] greedy ep491 games=  96 dec= 19139 rows= 18345 horizon=0.35 L=0.00832 L/var=0.03 tgt=-0.057/0.503 pstd=0.386 gen=0.1s train=0.3s
[t= 234.0s] greedy ep492 games=  96 dec= 18224 rows= 17438 horizon=0.26 L=0.00812 L/var=0.03 tgt=-0.047/0.520 pstd=0.378 gen=0.1s train=0.3s
[t= 234.5s] greedy ep493 games=  96 dec= 18763 rows= 18034 horizon=0.33 L=0.00844 L/var=0.04 tgt=-0.042/0.472 pstd=0.385 gen=0.1s train=0.3s
[t= 235.0s] greedy ep494 games=  96 dec= 18526 rows= 17777 horizon=0.26 L=0.00873 L/var=0.03 tgt=-0.046/0.505 pstd=0.380 gen=0.1s train=0.3s
[t= 235.5s] greedy ep495 games=  96 dec= 18285 rows= 17636 horizon=0.30 L=0.00852 L/var=0.04 tgt=-0.023/0.481 pstd=0.380 gen=0.1s train=0.3s
[t= 236.0s] greedy ep496 games=  96 dec= 19423 rows= 18631 horizon=0.30 L=0.00784 L/var=0.03 tgt=-0.045/0.521 pstd=0.382 gen=0.1s train=0.3s
[t= 236.5s] greedy ep497 games=  96 dec= 18122 rows= 17324 horizon=0.24 L=0.00849 L/var=0.03 tgt=-0.059/0.520 pstd=0.378 gen=0.1s train=0.3s
[t= 237.0s] greedy ep498 games=  96 dec= 17343 rows= 16619 horizon=0.24 L=0.00874 L/var=0.03 tgt=-0.054/0.536 pstd=0.397 gen=0.1s train=0.3s
[t= 237.5s] greedy ep499 games=  96 dec= 18176 rows= 17480 horizon=0.30 L=0.00840 L/var=0.04 tgt=-0.050/0.483 pstd=0.385 gen=0.1s train=0.3s
[t= 238.0s] greedy ep500 games=  96 dec= 18229 rows= 17455 horizon=0.30 L=0.00840 L/var=0.03 tgt=-0.043/0.507 pstd=0.383 gen=0.1s train=0.3s
[t= 238.5s] greedy ep501 games=  96 dec= 18771 rows= 17946 horizon=0.26 L=0.00847 L/var=0.03 tgt=-0.049/0.512 pstd=0.377 gen=0.1s train=0.3s
[t= 239.1s] greedy ep502 games=  96 dec= 18547 rows= 17823 horizon=0.30 L=0.00848 L/var=0.04 tgt=-0.016/0.480 pstd=0.377 gen=0.1s train=0.3s
[t= 239.6s] greedy ep503 games=  96 dec= 19278 rows= 18414 horizon=0.32 L=0.00762 L/var=0.03 tgt=-0.023/0.477 pstd=0.388 gen=0.1s train=0.3s
[t= 240.1s] greedy ep504 games=  96 dec= 18518 rows= 17652 horizon=0.27 L=0.00787 L/var=0.03 tgt=-0.025/0.492 pstd=0.385 gen=0.1s train=0.3s
[t= 240.6s] greedy ep505 games=  96 dec= 17053 rows= 16343 horizon=0.22 L=0.00759 L/var=0.03 tgt=-0.039/0.528 pstd=0.397 gen=0.1s train=0.3s
[t= 241.1s] greedy ep506 games=  96 dec= 17743 rows= 17004 horizon=0.28 L=0.00829 L/var=0.03 tgt=-0.048/0.525 pstd=0.374 gen=0.1s train=0.3s
[t= 241.6s] greedy ep507 games=  96 dec= 18801 rows= 18023 horizon=0.33 L=0.00759 L/var=0.03 tgt=-0.076/0.522 pstd=0.382 gen=0.1s train=0.3s
[t= 242.2s] greedy ep508 games=  96 dec= 18865 rows= 18098 horizon=0.34 L=0.00754 L/var=0.03 tgt=-0.063/0.480 pstd=0.370 gen=0.1s train=0.3s
[t= 242.7s] greedy ep509 games=  96 dec= 19452 rows= 18691 horizon=0.38 L=0.00813 L/var=0.04 tgt=-0.021/0.464 pstd=0.367 gen=0.1s train=0.3s
[t= 243.2s] greedy ep510 games=  96 dec= 17663 rows= 16928 horizon=0.28 L=0.00742 L/var=0.03 tgt=-0.046/0.491 pstd=0.380 gen=0.1s train=0.3s
[t= 243.7s] greedy ep511 games=  96 dec= 17977 rows= 17270 horizon=0.26 L=0.00780 L/var=0.03 tgt=-0.048/0.501 pstd=0.384 gen=0.1s train=0.3s
[t= 244.2s] greedy ep512 games=  96 dec= 18202 rows= 17450 horizon=0.27 L=0.00842 L/var=0.03 tgt=-0.029/0.493 pstd=0.382 gen=0.1s train=0.3s
[t= 244.8s] greedy ep513 games=  96 dec= 18012 rows= 17217 horizon=0.22 L=0.00813 L/var=0.03 tgt=-0.013/0.521 pstd=0.367 gen=0.1s train=0.3s
[t= 245.3s] greedy ep514 games=  96 dec= 18007 rows= 17281 horizon=0.29 L=0.00811 L/var=0.03 tgt=-0.036/0.494 pstd=0.382 gen=0.1s train=0.3s
[t= 245.8s] greedy ep515 games=  96 dec= 18690 rows= 17915 horizon=0.30 L=0.00822 L/var=0.03 tgt=-0.018/0.489 pstd=0.379 gen=0.1s train=0.3s
[t= 246.3s] greedy ep516 games=  96 dec= 19038 rows= 18222 horizon=0.32 L=0.00838 L/var=0.03 tgt=-0.047/0.504 pstd=0.377 gen=0.1s train=0.3s
[t= 246.9s] greedy ep517 games=  96 dec= 18932 rows= 18085 horizon=0.34 L=0.00752 L/var=0.03 tgt=-0.033/0.486 pstd=0.380 gen=0.1s train=0.3s
[t= 247.4s] greedy ep518 games=  96 dec= 18866 rows= 18032 horizon=0.29 L=0.00805 L/var=0.03 tgt=-0.043/0.509 pstd=0.387 gen=0.1s train=0.3s
[t= 247.9s] greedy ep519 games=  96 dec= 18165 rows= 17377 horizon=0.28 L=0.00834 L/var=0.04 tgt=-0.022/0.482 pstd=0.378 gen=0.1s train=0.3s
[t= 248.4s] greedy ep520 games=  96 dec= 17900 rows= 17094 horizon=0.26 L=0.00770 L/var=0.03 tgt=-0.036/0.520 pstd=0.379 gen=0.1s train=0.3s
[t= 248.9s] greedy ep521 games=  96 dec= 18865 rows= 18115 horizon=0.36 L=0.00780 L/var=0.03 tgt=-0.040/0.476 pstd=0.378 gen=0.1s train=0.3s
[t= 249.4s] greedy ep522 games=  96 dec= 17114 rows= 16384 horizon=0.23 L=0.00793 L/var=0.03 tgt=-0.073/0.534 pstd=0.377 gen=0.1s train=0.3s
[t= 250.0s] greedy ep523 games=  96 dec= 17607 rows= 16912 horizon=0.25 L=0.00788 L/var=0.03 tgt=-0.017/0.503 pstd=0.385 gen=0.1s train=0.4s
[t= 250.7s] greedy ep524 games=  96 dec= 18510 rows= 17755 horizon=0.29 L=0.00803 L/var=0.04 tgt=-0.021/0.477 pstd=0.373 gen=0.1s train=0.4s
[t= 251.3s] greedy ep525 games=  96 dec= 18077 rows= 17315 horizon=0.26 L=0.00784 L/var=0.03 tgt=-0.050/0.510 pstd=0.381 gen=0.1s train=0.4s
[t= 251.9s] greedy ep526 games=  96 dec= 18724 rows= 17850 horizon=0.30 L=0.00801 L/var=0.03 tgt=-0.061/0.486 pstd=0.375 gen=0.1s train=0.4s
[t= 252.6s] greedy ep527 games=  96 dec= 18641 rows= 17913 horizon=0.31 L=0.00799 L/var=0.03 tgt=-0.039/0.508 pstd=0.376 gen=0.1s train=0.4s
[t= 253.2s] greedy ep528 games=  96 dec= 18652 rows= 17758 horizon=0.30 L=0.00878 L/var=0.03 tgt=-0.055/0.513 pstd=0.378 gen=0.1s train=0.4s
[t= 253.8s] greedy ep529 games=  96 dec= 19052 rows= 18189 horizon=0.33 L=0.00822 L/var=0.04 tgt=-0.010/0.466 pstd=0.376 gen=0.1s train=0.4s
[t= 254.5s] greedy ep530 games=  96 dec= 18298 rows= 17469 horizon=0.25 L=0.00727 L/var=0.03 tgt=-0.036/0.524 pstd=0.398 gen=0.1s train=0.4s
[t= 255.1s] greedy ep531 games=  96 dec= 19276 rows= 18412 horizon=0.36 L=0.00699 L/var=0.03 tgt=-0.064/0.478 pstd=0.378 gen=0.1s train=0.4s
[t= 255.7s] greedy ep532 games=  96 dec= 17616 rows= 16896 horizon=0.23 L=0.00733 L/var=0.03 tgt=-0.021/0.527 pstd=0.384 gen=0.1s train=0.3s
[t= 256.3s] greedy ep533 games=  96 dec= 18483 rows= 17594 horizon=0.25 L=0.00865 L/var=0.03 tgt=-0.036/0.511 pstd=0.374 gen=0.1s train=0.4s
[t= 257.0s] greedy ep534 games=  96 dec= 18636 rows= 17930 horizon=0.27 L=0.00884 L/var=0.03 tgt=-0.055/0.517 pstd=0.381 gen=0.1s train=0.4s
[t= 257.6s] greedy ep535 games=  96 dec= 17646 rows= 16858 horizon=0.23 L=0.00826 L/var=0.03 tgt=-0.028/0.520 pstd=0.374 gen=0.1s train=0.3s
[t= 258.2s] greedy ep536 games=  96 dec= 18916 rows= 18109 horizon=0.35 L=0.00804 L/var=0.04 tgt=-0.028/0.457 pstd=0.369 gen=0.1s train=0.4s
[t= 258.9s] greedy ep537 games=  96 dec= 18112 rows= 17310 horizon=0.28 L=0.00807 L/var=0.03 tgt=-0.009/0.494 pstd=0.358 gen=0.1s train=0.4s
[t= 259.4s] greedy ep538 games=  96 dec= 17616 rows= 16824 horizon=0.24 L=0.00843 L/var=0.03 tgt=-0.035/0.506 pstd=0.377 gen=0.1s train=0.3s
[t= 260.1s] greedy ep539 games=  96 dec= 18661 rows= 17918 horizon=0.28 L=0.00869 L/var=0.03 tgt=-0.060/0.504 pstd=0.386 gen=0.1s train=0.4s
[t= 260.7s] greedy ep540 games=  96 dec= 18568 rows= 17782 horizon=0.33 L=0.00781 L/var=0.03 tgt=-0.040/0.485 pstd=0.375 gen=0.1s train=0.4s
[t= 261.3s] greedy ep541 games=  96 dec= 18261 rows= 17428 horizon=0.26 L=0.00814 L/var=0.03 tgt=-0.055/0.500 pstd=0.381 gen=0.1s train=0.4s
[t= 261.9s] greedy ep542 games=  96 dec= 18122 rows= 17282 horizon=0.26 L=0.00838 L/var=0.03 tgt=-0.045/0.513 pstd=0.387 gen=0.1s train=0.4s
[t= 262.6s] greedy ep543 games=  96 dec= 19297 rows= 18529 horizon=0.39 L=0.00798 L/var=0.03 tgt=-0.060/0.493 pstd=0.380 gen=0.1s train=0.4s
[t= 263.2s] greedy ep544 games=  96 dec= 17679 rows= 16943 horizon=0.25 L=0.00836 L/var=0.03 tgt=-0.061/0.510 pstd=0.374 gen=0.1s train=0.4s
[t= 263.8s] greedy ep545 games=  96 dec= 18646 rows= 17862 horizon=0.32 L=0.00782 L/var=0.03 tgt=-0.030/0.511 pstd=0.366 gen=0.1s train=0.4s
[t= 264.5s] greedy ep546 games=  96 dec= 17850 rows= 17191 horizon=0.25 L=0.00788 L/var=0.03 tgt=-0.038/0.520 pstd=0.384 gen=0.1s train=0.4s
[t= 265.1s] greedy ep547 games=  96 dec= 17366 rows= 16638 horizon=0.24 L=0.00785 L/var=0.03 tgt=-0.026/0.503 pstd=0.382 gen=0.1s train=0.3s
[t= 265.7s] greedy ep548 games=  96 dec= 17530 rows= 16770 horizon=0.23 L=0.00781 L/var=0.03 tgt=-0.033/0.525 pstd=0.376 gen=0.1s train=0.3s
[t= 266.3s] greedy ep549 games=  96 dec= 17873 rows= 17139 horizon=0.31 L=0.00806 L/var=0.03 tgt=-0.056/0.503 pstd=0.372 gen=0.1s train=0.4s
[t= 266.9s] greedy ep550 games=  96 dec= 18417 rows= 17666 horizon=0.26 L=0.00791 L/var=0.03 tgt=-0.023/0.509 pstd=0.371 gen=0.1s train=0.4s
[t= 267.6s] greedy ep551 games=  96 dec= 18108 rows= 17341 horizon=0.26 L=0.00787 L/var=0.03 tgt=-0.034/0.494 pstd=0.372 gen=0.1s train=0.4s
[t= 268.2s] greedy ep552 games=  96 dec= 17200 rows= 16394 horizon=0.19 L=0.00865 L/var=0.03 tgt=-0.058/0.523 pstd=0.366 gen=0.1s train=0.3s
[t= 268.8s] greedy ep553 games=  96 dec= 18501 rows= 17657 horizon=0.28 L=0.00838 L/var=0.04 tgt=-0.016/0.469 pstd=0.370 gen=0.1s train=0.4s
[t= 269.4s] greedy ep554 games=  96 dec= 18826 rows= 18033 horizon=0.32 L=0.00793 L/var=0.04 tgt=-0.035/0.473 pstd=0.365 gen=0.1s train=0.4s
[t= 270.0s] greedy ep555 games=  96 dec= 17434 rows= 16625 horizon=0.21 L=0.00834 L/var=0.03 tgt=-0.051/0.521 pstd=0.379 gen=0.1s train=0.3s
[t= 270.6s] greedy ep556 games=  96 dec= 18555 rows= 17790 horizon=0.29 L=0.00805 L/var=0.03 tgt=-0.030/0.495 pstd=0.380 gen=0.1s train=0.4s
[t= 271.2s] greedy ep557 games=  96 dec= 17532 rows= 16818 horizon=0.25 L=0.00813 L/var=0.03 tgt=-0.073/0.529 pstd=0.369 gen=0.1s train=0.3s
[t= 271.8s] greedy ep558 games=  96 dec= 18177 rows= 17341 horizon=0.24 L=0.00825 L/var=0.03 tgt=-0.008/0.504 pstd=0.382 gen=0.1s train=0.4s
[t= 272.4s] greedy ep559 games=  96 dec= 18959 rows= 18221 horizon=0.30 L=0.00805 L/var=0.03 tgt=-0.040/0.520 pstd=0.392 gen=0.1s train=0.4s
[t= 273.0s] greedy ep560 games=  96 dec= 17674 rows= 16932 horizon=0.28 L=0.00774 L/var=0.03 tgt=-0.066/0.494 pstd=0.384 gen=0.1s train=0.4s
[t= 273.6s] greedy ep561 games=  96 dec= 18307 rows= 17587 horizon=0.30 L=0.00763 L/var=0.03 tgt=-0.047/0.535 pstd=0.377 gen=0.1s train=0.4s
[t= 274.3s] greedy ep562 games=  96 dec= 19016 rows= 18179 horizon=0.29 L=0.00832 L/var=0.03 tgt=+0.003/0.495 pstd=0.380 gen=0.1s train=0.4s
[t= 274.9s] greedy ep563 games=  96 dec= 18534 rows= 17789 horizon=0.28 L=0.00830 L/var=0.03 tgt=-0.024/0.490 pstd=0.385 gen=0.1s train=0.4s
[t= 275.5s] greedy ep564 games=  96 dec= 18191 rows= 17433 horizon=0.28 L=0.00877 L/var=0.03 tgt=-0.037/0.505 pstd=0.383 gen=0.1s train=0.4s
[t= 276.1s] greedy ep565 games=  96 dec= 18297 rows= 17485 horizon=0.24 L=0.00840 L/var=0.03 tgt=-0.010/0.531 pstd=0.370 gen=0.1s train=0.4s
[t= 276.7s] greedy ep566 games=  96 dec= 18306 rows= 17537 horizon=0.30 L=0.00751 L/var=0.03 tgt=-0.037/0.510 pstd=0.373 gen=0.1s train=0.4s
[t= 277.3s] greedy ep567 games=  96 dec= 18440 rows= 17564 horizon=0.28 L=0.00806 L/var=0.03 tgt=-0.039/0.485 pstd=0.373 gen=0.1s train=0.4s
[t= 277.9s] greedy ep568 games=  96 dec= 18101 rows= 17324 horizon=0.26 L=0.00825 L/var=0.03 tgt=-0.056/0.506 pstd=0.375 gen=0.1s train=0.4s
[t= 278.5s] greedy ep569 games=  96 dec= 18260 rows= 17529 horizon=0.27 L=0.00803 L/var=0.03 tgt=-0.025/0.503 pstd=0.375 gen=0.1s train=0.4s
[t= 279.1s] greedy ep570 games=  96 dec= 18546 rows= 17793 horizon=0.33 L=0.00814 L/var=0.03 tgt=-0.070/0.511 pstd=0.374 gen=0.1s train=0.4s
[t= 279.7s] greedy ep571 games=  96 dec= 19297 rows= 18589 horizon=0.33 L=0.00801 L/var=0.03 tgt=-0.036/0.502 pstd=0.380 gen=0.1s train=0.4s
[t= 280.3s] greedy ep572 games=  96 dec= 17830 rows= 17068 horizon=0.23 L=0.00776 L/var=0.03 tgt=-0.024/0.515 pstd=0.371 gen=0.1s train=0.4s
[t= 280.9s] greedy ep573 games=  96 dec= 17921 rows= 17134 horizon=0.25 L=0.00759 L/var=0.03 tgt=-0.031/0.522 pstd=0.376 gen=0.1s train=0.4s
[t= 281.5s] greedy ep574 games=  96 dec= 17868 rows= 17142 horizon=0.27 L=0.00754 L/var=0.03 tgt=-0.024/0.500 pstd=0.359 gen=0.1s train=0.4s
[t= 282.1s] greedy ep575 games=  96 dec= 17720 rows= 16914 horizon=0.27 L=0.00740 L/var=0.03 tgt=-0.073/0.524 pstd=0.365 gen=0.1s train=0.4s
[t= 282.7s] greedy ep576 games=  96 dec= 18471 rows= 17649 horizon=0.30 L=0.00767 L/var=0.03 tgt=-0.033/0.486 pstd=0.366 gen=0.1s train=0.4s
[t= 283.4s] greedy ep577 games=  96 dec= 18716 rows= 17960 horizon=0.30 L=0.00780 L/var=0.03 tgt=-0.037/0.489 pstd=0.369 gen=0.1s train=0.4s
[t= 284.0s] greedy ep578 games=  96 dec= 18408 rows= 17657 horizon=0.29 L=0.00750 L/var=0.03 tgt=-0.029/0.491 pstd=0.370 gen=0.1s train=0.4s
[t= 284.6s] greedy ep579 games=  96 dec= 17936 rows= 17141 horizon=0.24 L=0.00809 L/var=0.03 tgt=-0.025/0.511 pstd=0.370 gen=0.1s train=0.4s
[t= 285.2s] greedy ep580 games=  96 dec= 17958 rows= 17224 horizon=0.25 L=0.00736 L/var=0.03 tgt=-0.022/0.511 pstd=0.360 gen=0.1s train=0.4s
[t= 285.8s] greedy ep581 games=  96 dec= 17943 rows= 17208 horizon=0.24 L=0.00758 L/var=0.03 tgt=-0.029/0.502 pstd=0.352 gen=0.1s train=0.4s
[t= 286.4s] greedy ep582 games=  96 dec= 19200 rows= 18415 horizon=0.31 L=0.00728 L/var=0.03 tgt=-0.021/0.495 pstd=0.354 gen=0.1s train=0.4s
[t= 287.0s] greedy ep583 games=  96 dec= 18487 rows= 17713 horizon=0.27 L=0.00769 L/var=0.03 tgt=-0.013/0.497 pstd=0.360 gen=0.1s train=0.4s
[t= 287.6s] greedy ep584 games=  96 dec= 17306 rows= 16549 horizon=0.21 L=0.00858 L/var=0.03 tgt=-0.049/0.520 pstd=0.372 gen=0.1s train=0.3s
[t= 288.3s] greedy ep585 games=  96 dec= 19420 rows= 18633 horizon=0.40 L=0.00784 L/var=0.04 tgt=-0.008/0.464 pstd=0.363 gen=0.1s train=0.4s
[t= 288.9s] greedy ep586 games=  96 dec= 18142 rows= 17294 horizon=0.26 L=0.00754 L/var=0.03 tgt=-0.021/0.508 pstd=0.366 gen=0.1s train=0.4s
[t= 289.4s] greedy ep587 games=  96 dec= 17523 rows= 16758 horizon=0.20 L=0.00872 L/var=0.03 tgt=-0.003/0.523 pstd=0.373 gen=0.1s train=0.3s
[t= 290.1s] greedy ep588 games=  96 dec= 18842 rows= 18076 horizon=0.35 L=0.00813 L/var=0.03 tgt=-0.014/0.497 pstd=0.356 gen=0.1s train=0.4s
[t= 290.7s] greedy ep589 games=  96 dec= 18237 rows= 17540 horizon=0.36 L=0.00745 L/var=0.03 tgt=-0.019/0.467 pstd=0.363 gen=0.1s train=0.4s
[t= 291.3s] greedy ep590 games=  96 dec= 18840 rows= 18023 horizon=0.33 L=0.00741 L/var=0.03 tgt=-0.032/0.477 pstd=0.382 gen=0.1s train=0.4s
[t= 291.9s] greedy ep591 games=  96 dec= 18302 rows= 17501 horizon=0.31 L=0.00765 L/var=0.03 tgt=-0.046/0.509 pstd=0.370 gen=0.1s train=0.4s
[t= 292.5s] greedy ep592 games=  96 dec= 19909 rows= 19231 horizon=0.44 L=0.00703 L/var=0.03 tgt=-0.040/0.461 pstd=0.382 gen=0.1s train=0.4s
[t= 293.1s] greedy ep593 games=  96 dec= 18115 rows= 17397 horizon=0.29 L=0.00768 L/var=0.03 tgt=-0.038/0.490 pstd=0.374 gen=0.1s train=0.4s
[t= 293.8s] greedy ep594 games=  96 dec= 19346 rows= 18556 horizon=0.33 L=0.00778 L/var=0.04 tgt=-0.024/0.462 pstd=0.375 gen=0.1s train=0.4s
[t= 294.4s] greedy ep595 games=  96 dec= 18387 rows= 17614 horizon=0.25 L=0.00785 L/var=0.03 tgt=-0.043/0.499 pstd=0.374 gen=0.1s train=0.4s
[t= 295.0s] greedy ep596 games=  96 dec= 18800 rows= 18029 horizon=0.26 L=0.00822 L/var=0.03 tgt=-0.022/0.505 pstd=0.374 gen=0.1s train=0.4s
[t= 295.6s] greedy ep597 games=  96 dec= 18424 rows= 17689 horizon=0.31 L=0.00739 L/var=0.03 tgt=-0.040/0.515 pstd=0.365 gen=0.1s train=0.4s
[t= 296.2s] greedy ep598 games=  96 dec= 18060 rows= 17275 horizon=0.26 L=0.00782 L/var=0.03 tgt=-0.029/0.487 pstd=0.364 gen=0.1s train=0.4s
[t= 296.8s] greedy ep599 games=  96 dec= 18432 rows= 17630 horizon=0.31 L=0.00860 L/var=0.03 tgt=-0.060/0.515 pstd=0.354 gen=0.1s train=0.4s
[t= 297.4s] greedy ep600 games=  96 dec= 18831 rows= 18083 horizon=0.31 L=0.00763 L/var=0.03 tgt=-0.023/0.483 pstd=0.370 gen=0.1s train=0.4s
[t= 298.1s] greedy ep601 games=  96 dec= 18300 rows= 17583 horizon=0.32 L=0.00735 L/var=0.03 tgt=-0.045/0.493 pstd=0.364 gen=0.1s train=0.4s
[t= 298.6s] greedy ep602 games=  96 dec= 18009 rows= 17147 horizon=0.24 L=0.00800 L/var=0.03 tgt=-0.021/0.511 pstd=0.371 gen=0.1s train=0.4s
[t= 299.3s] greedy ep603 games=  96 dec= 18475 rows= 17617 horizon=0.26 L=0.00759 L/var=0.03 tgt=-0.021/0.503 pstd=0.358 gen=0.1s train=0.4s
[t= 299.9s] greedy ep604 games=  96 dec= 18138 rows= 17289 horizon=0.23 L=0.00759 L/var=0.03 tgt=-0.048/0.508 pstd=0.359 gen=0.1s train=0.4s
[t= 300.5s] greedy ep605 games=  96 dec= 18982 rows= 18221 horizon=0.30 L=0.00743 L/var=0.03 tgt=-0.037/0.486 pstd=0.360 gen=0.1s train=0.4s
[t= 300.5s] --- snapshot snap_00.pt (init) ---
[t= 300.6s] --- switching to ReBeL ---
[t= 300.6s] --- stopping GPU admission; draining ---
[t= 300.6s] --- lr -> 5.00e-04 ---
[t= 300.6s] --- lr -> 2.50e-04 ---
[gpu-summary] solves=0 optimizer_rows=0 debt=0 raw=0.0/s balanced=0.0/s horizon=0.00 games=0 over=0 card=0 exact=0 censored=0 dropped=0 overrun=0.58s
[t= 300.6s] --- snapshot snap_01.pt (final) ---
[report] runs/value_v4_warm5_ratio1/report.html
