[train] runs/gt_hardgelu36x8 at 1feb485+dirty seed=1 {'minutes': 1.0, 'warm_minutes': 0.2, 'snapshot_every': 1.0, 'ladder_games': 0, 'nodes': 64, 'expand': 1, 'iters': 8, 'config_cap': 256, 'gen_workers': 36, 'gen_solves': 8, 'gpu_inference': False, 'note': 'v12-hard-gelu-scratch-processes'}
[train] v12-hard-gelu-scratch-processes
[train] CUDA stream priority -1
[train] search inference on CPU
[cfg] PUBFEAT=897 CFEAT=15 architecture=gt-cfr nodes=64 expand=1 iters=8 budget=60s warm=12s snapshot_every=1min device=cuda:1 draft=random train_gen_ratio=64.0 recent_mix=0.5/0.2 canonical_views=2 cap=2000000 matmul=high
[t=   1.4s] greedy ep  0 games=  96 dec= 18968 rows= 18118 horizon=0.30 L=0.33568 L/var=2.28 tgt=-0.065/0.384 pstd=0.046 gen=0.1s train=1.2s
[t=   2.3s] greedy ep  1 games=  96 dec= 18844 rows= 18051 horizon=0.33 L=0.20348 L/var=1.17 tgt=-0.083/0.417 pstd=0.090 gen=0.1s train=0.7s
[t=   3.2s] greedy ep  2 games=  96 dec= 18181 rows= 17414 horizon=0.27 L=0.21881 L/var=1.39 tgt=-0.076/0.397 pstd=0.157 gen=0.1s train=0.7s
[t=   4.1s] greedy ep  3 games=  96 dec= 17989 rows= 17120 horizon=0.26 L=0.19269 L/var=1.27 tgt=-0.077/0.389 pstd=0.548 gen=0.1s train=0.7s
[t=   5.1s] greedy ep  4 games=  96 dec= 18823 rows= 18078 horizon=0.29 L=0.09562 L/var=0.62 tgt=-0.064/0.392 pstd=0.283 gen=0.1s train=0.8s
[t=   6.1s] greedy ep  5 games=  96 dec= 18924 rows= 18146 horizon=0.33 L=0.06908 L/var=0.47 tgt=-0.051/0.384 pstd=0.379 gen=0.1s train=0.8s
[t=   7.0s] greedy ep  6 games=  96 dec= 17615 rows= 16921 horizon=0.26 L=0.04904 L/var=0.30 tgt=-0.082/0.402 pstd=0.363 gen=0.1s train=0.7s
[t=   7.9s] greedy ep  7 games=  96 dec= 18608 rows= 17786 horizon=0.36 L=0.03736 L/var=0.22 tgt=-0.092/0.417 pstd=0.372 gen=0.1s train=0.7s
[t=   8.9s] greedy ep  8 games=  96 dec= 19040 rows= 18296 horizon=0.36 L=0.03213 L/var=0.20 tgt=-0.064/0.398 pstd=0.362 gen=0.1s train=0.8s
[t=   9.8s] greedy ep  9 games=  96 dec= 18200 rows= 17459 horizon=0.27 L=0.03064 L/var=0.18 tgt=-0.090/0.411 pstd=0.365 gen=0.1s train=0.7s
[t=  10.8s] greedy ep 10 games=  96 dec= 17927 rows= 17200 horizon=0.24 L=0.02593 L/var=0.16 tgt=-0.082/0.404 pstd=0.371 gen=0.1s train=0.7s
[t=  11.7s] greedy ep 11 games=  96 dec= 17941 rows= 17162 horizon=0.28 L=0.02674 L/var=0.17 tgt=-0.100/0.400 pstd=0.357 gen=0.1s train=0.7s
[t=  12.7s] greedy ep 12 games=  96 dec= 17384 rows= 16648 horizon=0.25 L=0.02591 L/var=0.19 tgt=-0.053/0.370 pstd=0.376 gen=0.1s train=0.7s
[t=  12.7s] --- snapshot snap_00.pt (init) ---
[t=  12.7s] --- switching to GT-CFR ---
[t=  23.0s] GT-CFR solves=3040 rate=295.0/s rows=27 games=0 caps=37 L=0.03454 L/var=3.50 tgt=+0.020/0.099 gen=0.04s train=0.04s gpu=0.00s
[t=  28.5s] --- lr -> 5.00e-04 ---
[t=  33.0s] GT-CFR solves=7104 rate=349.7/s rows=72 games=0 caps=51 L=0.04683 L/var=0.27 tgt=-0.003/0.420 gen=0.02s train=0.05s gpu=0.00s
[t=  43.0s] GT-CFR solves=11168 rate=367.9/s rows=72 games=0 caps=75 L=0.04214 L/var=0.10 tgt=-0.035/0.649 gen=0.01s train=0.04s gpu=0.00s
[t=  44.9s] --- lr -> 2.50e-04 ---
[t=  53.1s] GT-CFR solves=15168 rate=375.6/s rows=23 games=0 caps=113 L=0.05037 L/var=7.19 tgt=-0.065/0.084 gen=0.06s train=0.04s gpu=0.00s
[GT-CFR-summary] solves=18016 optimizer_rows=1153024 rate=369.5/s horizon=0.45 games=73 caps=123
[t=  61.4s] --- snapshot snap_01.pt (final) ---
