[train] runs/gt_process72x8 at 1feb485+dirty seed=1 {'minutes': 1.0, 'warm_minutes': 0.2, 'snapshot_every': 1.0, 'ladder_games': 0, 'nodes': 64, 'expand': 1, 'iters': 8, 'config_cap': 256, 'gen_workers': 72, 'gen_solves': 8, 'gpu_inference': False, 'note': 'v11-process-all-threads-eight-solves'}
[train] v11-process-all-threads-eight-solves
[train] CUDA stream priority -1
[train] search inference on CPU
[cfg] PUBFEAT=897 CFEAT=15 architecture=gt-cfr nodes=64 expand=1 iters=8 budget=60s warm=12s snapshot_every=1min device=cuda:1 draft=random train_gen_ratio=64.0 recent_mix=0.5/0.2 canonical_views=2 cap=2000000 matmul=high
[t=   1.3s] greedy ep  0 games=  96 dec= 18968 rows= 18118 horizon=0.30 L=0.34058 L/var=2.31 tgt=-0.065/0.384 pstd=0.038 gen=0.1s train=1.1s
[t=   2.0s] greedy ep  1 games=  96 dec= 18844 rows= 18051 horizon=0.33 L=0.20454 L/var=1.18 tgt=-0.083/0.417 pstd=0.086 gen=0.1s train=0.5s
[t=   2.7s] greedy ep  2 games=  96 dec= 18181 rows= 17414 horizon=0.27 L=0.21842 L/var=1.38 tgt=-0.076/0.397 pstd=0.160 gen=0.1s train=0.5s
[t=   3.4s] greedy ep  3 games=  96 dec= 17989 rows= 17120 horizon=0.26 L=0.19022 L/var=1.25 tgt=-0.077/0.389 pstd=0.267 gen=0.1s train=0.5s
[t=   4.1s] greedy ep  4 games=  96 dec= 18823 rows= 18078 horizon=0.29 L=0.15869 L/var=1.03 tgt=-0.064/0.392 pstd=0.229 gen=0.1s train=0.6s
[t=   4.9s] greedy ep  5 games=  96 dec= 18924 rows= 18146 horizon=0.33 L=0.12072 L/var=0.82 tgt=-0.051/0.384 pstd=0.336 gen=0.1s train=0.5s
[t=   5.6s] greedy ep  6 games=  96 dec= 17615 rows= 16921 horizon=0.26 L=0.08665 L/var=0.54 tgt=-0.082/0.402 pstd=0.338 gen=0.1s train=0.5s
[t=   6.3s] greedy ep  7 games=  96 dec= 18608 rows= 17786 horizon=0.36 L=0.04419 L/var=0.25 tgt=-0.092/0.417 pstd=0.366 gen=0.1s train=0.6s
[t=   7.2s] greedy ep  8 games=  96 dec= 19040 rows= 18296 horizon=0.36 L=0.03457 L/var=0.22 tgt=-0.064/0.398 pstd=0.365 gen=0.1s train=0.6s
[t=   8.0s] greedy ep  9 games=  96 dec= 18200 rows= 17459 horizon=0.27 L=0.02956 L/var=0.17 tgt=-0.090/0.411 pstd=0.374 gen=0.1s train=0.6s
[t=   8.7s] greedy ep 10 games=  96 dec= 17927 rows= 17200 horizon=0.24 L=0.02650 L/var=0.16 tgt=-0.082/0.404 pstd=0.378 gen=0.1s train=0.6s
[t=   9.5s] greedy ep 11 games=  96 dec= 17941 rows= 17162 horizon=0.28 L=0.02341 L/var=0.15 tgt=-0.100/0.400 pstd=0.377 gen=0.1s train=0.6s
[t=  10.3s] greedy ep 12 games=  96 dec= 17384 rows= 16648 horizon=0.25 L=0.02190 L/var=0.16 tgt=-0.053/0.370 pstd=0.383 gen=0.1s train=0.5s
[t=  11.1s] greedy ep 13 games=  96 dec= 18153 rows= 17377 horizon=0.28 L=0.01967 L/var=0.12 tgt=-0.090/0.400 pstd=0.375 gen=0.1s train=0.6s
[t=  11.9s] greedy ep 14 games=  96 dec= 18097 rows= 17377 horizon=0.26 L=0.01649 L/var=0.11 tgt=-0.061/0.388 pstd=0.386 gen=0.1s train=0.6s
[t=  12.7s] greedy ep 15 games=  96 dec= 18356 rows= 17581 horizon=0.30 L=0.01480 L/var=0.09 tgt=-0.075/0.407 pstd=0.368 gen=0.1s train=0.6s
[t=  12.7s] --- snapshot snap_00.pt (init) ---
[t=  12.7s] --- switching to GT-CFR ---
[t=  23.8s] GT-CFR solves=2784 rate=249.6/s rows=13 games=0 caps=30 L=0.02586 L/var=0.14 tgt=-0.349/0.433 gen=0.43s train=0.03s gpu=0.00s
[t=  28.5s] --- lr -> 5.00e-04 ---
[t=  33.8s] GT-CFR solves=7504 rate=354.2/s rows=26 games=0 caps=53 L=0.04727 L/var=19.62 tgt=-0.004/0.049 gen=0.14s train=0.03s gpu=0.00s
[t=  43.9s] GT-CFR solves=12160 rate=389.7/s rows=34 games=0 caps=65 L=0.04792 L/var=0.50 tgt=-0.276/0.310 gen=0.10s train=0.03s gpu=0.00s
[t=  44.8s] --- lr -> 2.50e-04 ---
[t=  53.9s] GT-CFR solves=16768 rate=406.8/s rows=27 games=0 caps=82 L=0.04134 L/var=1.10 tgt=+0.037/0.194 gen=0.10s train=0.04s gpu=0.00s
[GT-CFR-summary] solves=19520 optimizer_rows=1249280 rate=342.3/s horizon=0.47 games=76 caps=85
[t=  69.7s] --- snapshot snap_01.pt (final) ---
