[train] CUDA stream priority -1
[gpu] solve services up on [0, 1]
[cfg] PUBFEAT=897 CFEAT=16 hidden=384 head=384 dg=64 rank=64 depth=2 iters=64 budget=600s warm=300s device=cuda:1 draft=random snapshots=1 (every 5.0min) train_gen_ratio=4.0 recent_mix=0.5 recent_rows=400000 augment=True cap=2000000 matmul=high
[t=   2.3s] greedy ep  0 games=  96 dec= 18365 rows= 17600 horizon=0.28 nodecap=0 over=0 card=0 drop=0 cfgs= 26.9 L=0.03542 P=nan old=nan new=nan tgt=-0.045/0.524 pstd=0.514 capv=0.040 lr=1.0e-03 gen=0.1s conv=0.0s add=0.1s train=2.2s
[t=   4.1s] greedy ep  1 games=  96 dec= 17607 rows= 16901 horizon=0.28 nodecap=0 over=0 card=0 drop=0 cfgs= 24.7 L=0.02863 P=nan old=nan new=nan tgt=-0.053/0.512 pstd=0.517 capv=0.040 lr=1.0e-03 gen=0.1s conv=0.0s add=0.1s train=1.6s
[t=   6.1s] greedy ep  2 games=  96 dec= 18676 rows= 17882 horizon=0.32 nodecap=0 over=0 card=0 drop=0 cfgs= 25.2 L=0.02071 P=nan old=nan new=nan tgt=-0.066/0.510 pstd=0.516 capv=0.040 lr=1.0e-03 gen=0.1s conv=0.0s add=0.1s train=1.8s
[t=   7.9s] greedy ep  3 games=  96 dec= 17957 rows= 17144 horizon=0.28 nodecap=0 over=0 card=0 drop=0 cfgs= 25.6 L=0.01713 P=nan old=nan new=nan tgt=-0.041/0.501 pstd=0.521 capv=0.040 lr=1.0e-03 gen=0.1s conv=0.0s add=0.1s train=1.7s
[t=   9.8s] greedy ep  4 games=  96 dec= 18438 rows= 17624 horizon=0.32 nodecap=0 over=0 card=0 drop=0 cfgs= 25.4 L=0.01431 P=nan old=nan new=nan tgt=-0.041/0.489 pstd=0.511 capv=0.040 lr=1.0e-03 gen=0.1s conv=0.0s add=0.1s train=1.7s
[t=  11.7s] greedy ep  5 games=  96 dec= 17931 rows= 17125 horizon=0.27 nodecap=0 over=0 card=0 drop=0 cfgs= 25.8 L=0.01355 P=nan old=nan new=nan tgt=-0.046/0.499 pstd=0.503 capv=0.040 lr=1.0e-03 gen=0.1s conv=0.0s add=0.1s train=1.7s
[t=  13.6s] greedy ep  6 games=  96 dec= 18811 rows= 18040 horizon=0.36 nodecap=0 over=0 card=0 drop=0 cfgs= 24.1 L=0.01253 P=nan old=nan new=nan tgt=-0.004/0.485 pstd=0.516 capv=0.040 lr=1.0e-03 gen=0.1s conv=0.0s add=0.1s train=1.7s
[t=  15.5s] greedy ep  7 games=  96 dec= 18209 rows= 17426 horizon=0.33 nodecap=0 over=0 card=0 drop=0 cfgs= 26.4 L=0.01209 P=nan old=nan new=nan tgt=-0.020/0.488 pstd=0.513 capv=0.040 lr=1.0e-03 gen=0.1s conv=0.0s add=0.1s train=1.7s
[t=  17.2s] greedy ep  8 games=  96 dec= 17214 rows= 16442 horizon=0.25 nodecap=0 over=0 card=0 drop=0 cfgs= 26.2 L=0.01281 P=nan old=nan new=nan tgt=-0.061/0.512 pstd=0.520 capv=0.040 lr=1.0e-03 gen=0.1s conv=0.0s add=0.1s train=1.6s
[t=  19.2s] greedy ep  9 games=  96 dec= 18914 rows= 18217 horizon=0.39 nodecap=0 over=0 card=0 drop=0 cfgs= 25.6 L=0.01143 P=nan old=nan new=nan tgt=-0.037/0.491 pstd=0.518 capv=0.040 lr=1.0e-03 gen=0.1s conv=0.0s add=0.1s train=1.8s
[t=  20.9s] greedy ep 10 games=  96 dec= 17137 rows= 16488 horizon=0.28 nodecap=0 over=0 card=0 drop=0 cfgs= 25.8 L=0.01191 P=nan old=nan new=nan tgt=-0.051/0.508 pstd=0.528 capv=0.040 lr=1.0e-03 gen=0.1s conv=0.0s add=0.1s train=1.6s
[t=  22.8s] greedy ep 11 games=  96 dec= 17649 rows= 16802 horizon=0.23 nodecap=0 over=0 card=0 drop=0 cfgs= 24.1 L=0.01349 P=nan old=nan new=nan tgt=-0.034/0.519 pstd=0.515 capv=0.040 lr=1.0e-03 gen=0.1s conv=0.0s add=0.1s train=1.6s
[t=  24.7s] greedy ep 12 games=  96 dec= 18164 rows= 17456 horizon=0.28 nodecap=0 over=0 card=0 drop=0 cfgs= 25.9 L=0.01243 P=nan old=nan new=nan tgt=-0.032/0.499 pstd=0.514 capv=0.040 lr=1.0e-03 gen=0.1s conv=0.0s add=0.1s train=1.7s
[t=  26.5s] greedy ep 13 games=  96 dec= 18034 rows= 17244 horizon=0.30 nodecap=0 over=0 card=0 drop=0 cfgs= 25.3 L=0.01290 P=nan old=nan new=nan tgt=-0.022/0.486 pstd=0.533 capv=0.040 lr=1.0e-03 gen=0.1s conv=0.0s add=0.1s train=1.7s
[t=  28.3s] greedy ep 14 games=  96 dec= 17170 rows= 16504 horizon=0.26 nodecap=0 over=0 card=0 drop=0 cfgs= 26.9 L=0.01265 P=nan old=nan new=nan tgt=-0.056/0.514 pstd=0.509 capv=0.040 lr=1.0e-03 gen=0.1s conv=0.0s add=0.1s train=1.6s
[t=  30.1s] greedy ep 15 games=  96 dec= 17699 rows= 16988 horizon=0.27 nodecap=0 over=0 card=0 drop=0 cfgs= 25.5 L=0.01361 P=nan old=nan new=nan tgt=-0.057/0.498 pstd=0.503 capv=0.040 lr=1.0e-03 gen=0.1s conv=0.0s add=0.1s train=1.6s
[t=  32.0s] greedy ep 16 games=  96 dec= 18200 rows= 17399 horizon=0.30 nodecap=0 over=0 card=0 drop=0 cfgs= 24.1 L=0.01288 P=nan old=nan new=nan tgt=-0.029/0.482 pstd=0.506 capv=0.040 lr=1.0e-03 gen=0.1s conv=0.0s add=0.1s train=1.7s
[t=  33.9s] greedy ep 17 games=  96 dec= 18160 rows= 17424 horizon=0.30 nodecap=0 over=0 card=0 drop=0 cfgs= 24.9 L=0.01270 P=nan old=nan new=nan tgt=-0.040/0.495 pstd=0.523 capv=0.040 lr=1.0e-03 gen=0.1s conv=0.0s add=0.1s train=1.7s
[t=  35.8s] greedy ep 18 games=  96 dec= 17849 rows= 17069 horizon=0.30 nodecap=0 over=0 card=0 drop=0 cfgs= 27.1 L=0.01283 P=nan old=nan new=nan tgt=-0.045/0.524 pstd=0.523 capv=0.040 lr=1.0e-03 gen=0.1s conv=0.0s add=0.1s train=1.7s
[t=  37.6s] greedy ep 19 games=  96 dec= 17556 rows= 16848 horizon=0.27 nodecap=0 over=0 card=0 drop=0 cfgs= 26.0 L=0.01274 P=nan old=nan new=nan tgt=-0.024/0.499 pstd=0.523 capv=0.040 lr=1.0e-03 gen=0.1s conv=0.0s add=0.1s train=1.7s
[t=  39.5s] greedy ep 20 games=  96 dec= 18219 rows= 17545 horizon=0.34 nodecap=0 over=0 card=0 drop=0 cfgs= 24.2 L=0.01251 P=nan old=nan new=nan tgt=-0.014/0.463 pstd=0.510 capv=0.040 lr=1.0e-03 gen=0.1s conv=0.0s add=0.1s train=1.7s
[t=  41.3s] greedy ep 21 games=  96 dec= 17563 rows= 16832 horizon=0.28 nodecap=0 over=0 card=0 drop=0 cfgs= 27.2 L=0.01240 P=nan old=nan new=nan tgt=-0.031/0.508 pstd=0.517 capv=0.040 lr=1.0e-03 gen=0.1s conv=0.0s add=0.1s train=1.6s
[t=  43.2s] greedy ep 22 games=  96 dec= 17960 rows= 17251 horizon=0.27 nodecap=0 over=0 card=0 drop=0 cfgs= 24.7 L=0.01241 P=nan old=nan new=nan tgt=-0.014/0.505 pstd=0.510 capv=0.040 lr=1.0e-03 gen=0.1s conv=0.0s add=0.1s train=1.7s
[t=  45.1s] greedy ep 23 games=  96 dec= 19048 rows= 18180 horizon=0.36 nodecap=0 over=0 card=0 drop=0 cfgs= 23.7 L=0.01302 P=nan old=0.01134 new=0.00987 tgt=-0.044/0.480 pstd=0.508 capv=0.040 lr=1.0e-03 gen=0.1s conv=0.0s add=0.1s train=1.8s
[t=  46.9s] greedy ep 24 games=  96 dec= 17237 rows= 16499 horizon=0.23 nodecap=0 over=0 card=0 drop=0 cfgs= 25.9 L=0.01256 P=nan old=0.00987 new=0.01136 tgt=-0.030/0.523 pstd=0.507 capv=0.040 lr=1.0e-03 gen=0.1s conv=0.0s add=0.1s train=1.6s
[t=  48.7s] greedy ep 25 games=  96 dec= 17481 rows= 16718 horizon=0.24 nodecap=0 over=0 card=0 drop=0 cfgs= 25.7 L=0.01308 P=nan old=0.01060 new=0.01063 tgt=-0.025/0.512 pstd=0.502 capv=0.040 lr=1.0e-03 gen=0.1s conv=0.0s add=0.1s train=1.6s
[t=  50.7s] greedy ep 26 games=  96 dec= 18214 rows= 17502 horizon=0.31 nodecap=0 over=0 card=0 drop=0 cfgs= 26.0 L=0.01236 P=nan old=0.00949 new=0.01038 tgt=-0.031/0.499 pstd=0.501 capv=0.040 lr=1.0e-03 gen=0.1s conv=0.0s add=0.1s train=1.7s
[t=  52.6s] greedy ep 27 games=  96 dec= 18752 rows= 17910 horizon=0.33 nodecap=0 over=0 card=0 drop=0 cfgs= 24.2 L=0.01221 P=nan old=0.00917 new=0.01102 tgt=-0.025/0.477 pstd=0.511 capv=0.040 lr=1.0e-03 gen=0.1s conv=0.0s add=0.1s train=1.7s
[t=  54.4s] greedy ep 28 games=  96 dec= 17860 rows= 17118 horizon=0.33 nodecap=0 over=0 card=0 drop=0 cfgs= 25.0 L=0.01234 P=nan old=0.00864 new=0.01048 tgt=-0.052/0.488 pstd=0.495 capv=0.040 lr=1.0e-03 gen=0.1s conv=0.0s add=0.1s train=1.7s
[t=  56.3s] greedy ep 29 games=  96 dec= 17881 rows= 17112 horizon=0.26 nodecap=0 over=0 card=0 drop=0 cfgs= 25.8 L=0.01268 P=nan old=0.01237 new=0.01273 tgt=-0.072/0.534 pstd=0.488 capv=0.040 lr=1.0e-03 gen=0.1s conv=0.0s add=0.1s train=1.7s
[t=  58.2s] greedy ep 30 games=  96 dec= 18021 rows= 17251 horizon=0.27 nodecap=0 over=0 card=0 drop=0 cfgs= 24.5 L=0.01328 P=nan old=0.01060 new=0.01374 tgt=-0.024/0.507 pstd=0.513 capv=0.040 lr=1.0e-03 gen=0.1s conv=0.0s add=0.1s train=1.7s
[t=  60.3s] greedy ep 31 games=  96 dec= 18116 rows= 17401 horizon=0.28 nodecap=0 over=0 card=0 drop=0 cfgs= 26.1 L=0.01330 P=nan old=0.01078 new=0.01016 tgt=-0.069/0.515 pstd=0.510 capv=0.040 lr=1.0e-03 gen=0.1s conv=0.0s add=0.1s train=1.9s
[t=  62.3s] greedy ep 32 games=  96 dec= 18126 rows= 17381 horizon=0.29 nodecap=0 over=0 card=0 drop=0 cfgs= 24.5 L=0.01274 P=nan old=0.01108 new=0.00957 tgt=-0.038/0.495 pstd=0.492 capv=0.040 lr=1.0e-03 gen=0.1s conv=0.0s add=0.1s train=1.8s
[t=  64.2s] greedy ep 33 games=  96 dec= 18287 rows= 17493 horizon=0.24 nodecap=0 over=0 card=0 drop=0 cfgs= 24.6 L=0.01270 P=nan old=0.01021 new=0.01016 tgt=-0.039/0.536 pstd=0.511 capv=0.040 lr=1.0e-03 gen=0.1s conv=0.0s add=0.1s train=1.8s
[t=  66.1s] greedy ep 34 games=  96 dec= 17370 rows= 16641 horizon=0.26 nodecap=0 over=0 card=0 drop=0 cfgs= 27.1 L=0.01408 P=nan old=0.01150 new=0.01203 tgt=-0.066/0.502 pstd=0.498 capv=0.040 lr=1.0e-03 gen=0.1s conv=0.0s add=0.1s train=1.7s
[t=  68.0s] greedy ep 35 games=  96 dec= 17644 rows= 16960 horizon=0.26 nodecap=0 over=0 card=0 drop=0 cfgs= 25.1 L=0.01323 P=nan old=0.01128 new=0.00980 tgt=-0.024/0.515 pstd=0.494 capv=0.040 lr=1.0e-03 gen=0.1s conv=0.0s add=0.1s train=1.7s
[t=  70.0s] greedy ep 36 games=  96 dec= 18084 rows= 17349 horizon=0.28 nodecap=0 over=0 card=0 drop=0 cfgs= 26.6 L=0.01330 P=nan old=0.01019 new=0.00985 tgt=-0.036/0.499 pstd=0.504 capv=0.040 lr=1.0e-03 gen=0.1s conv=0.0s add=0.1s train=1.8s
[t=  72.0s] greedy ep 37 games=  96 dec= 17454 rows= 16675 horizon=0.23 nodecap=0 over=0 card=0 drop=0 cfgs= 27.5 L=0.01317 P=nan old=0.01138 new=0.01023 tgt=-0.046/0.531 pstd=0.509 capv=0.040 lr=1.0e-03 gen=0.1s conv=0.0s add=0.1s train=1.7s
[t=  73.9s] greedy ep 38 games=  96 dec= 18174 rows= 17442 horizon=0.34 nodecap=0 over=0 card=0 drop=0 cfgs= 24.8 L=0.01272 P=nan old=0.01091 new=0.00949 tgt=-0.030/0.486 pstd=0.507 capv=0.040 lr=1.0e-03 gen=0.1s conv=0.0s add=0.1s train=1.8s
[t=  76.1s] greedy ep 39 games=  96 dec= 17522 rows= 16731 horizon=0.26 nodecap=0 over=0 card=0 drop=0 cfgs= 25.1 L=0.01310 P=nan old=0.01038 new=0.00992 tgt=-0.041/0.515 pstd=0.502 capv=0.040 lr=1.0e-03 gen=0.1s conv=0.0s add=0.1s train=2.0s
[t=  78.3s] greedy ep 40 games=  96 dec= 18442 rows= 17655 horizon=0.30 nodecap=0 over=0 card=0 drop=0 cfgs= 24.9 L=0.01329 P=nan old=0.01124 new=0.01025 tgt=-0.032/0.495 pstd=0.500 capv=0.040 lr=1.0e-03 gen=0.1s conv=0.0s add=0.1s train=2.0s
[t=  80.3s] greedy ep 41 games=  96 dec= 18317 rows= 17485 horizon=0.25 nodecap=0 over=0 card=0 drop=0 cfgs= 25.9 L=0.01305 P=nan old=0.01196 new=0.01071 tgt=-0.060/0.504 pstd=0.511 capv=0.040 lr=1.0e-03 gen=0.1s conv=0.0s add=0.1s train=1.8s
[t=  82.3s] greedy ep 42 games=  96 dec= 18325 rows= 17570 horizon=0.31 nodecap=0 over=0 card=0 drop=0 cfgs= 27.0 L=0.01355 P=nan old=0.01213 new=0.01226 tgt=-0.045/0.506 pstd=0.516 capv=0.040 lr=1.0e-03 gen=0.1s conv=0.0s add=0.1s train=1.8s
[t=  84.1s] greedy ep 43 games=  96 dec= 17412 rows= 16598 horizon=0.21 nodecap=0 over=0 card=0 drop=0 cfgs= 26.0 L=0.01438 P=nan old=0.01083 new=0.00957 tgt=-0.036/0.535 pstd=0.509 capv=0.040 lr=1.0e-03 gen=0.1s conv=0.0s add=0.1s train=1.7s
[t=  86.2s] greedy ep 44 games=  96 dec= 18884 rows= 18138 horizon=0.39 nodecap=0 over=0 card=0 drop=0 cfgs= 24.1 L=0.01295 P=nan old=0.01232 new=0.00961 tgt=-0.049/0.477 pstd=0.501 capv=0.040 lr=1.0e-03 gen=0.1s conv=0.0s add=0.1s train=1.8s
[t=  88.1s] greedy ep 45 games=  96 dec= 18285 rows= 17478 horizon=0.30 nodecap=0 over=0 card=0 drop=0 cfgs= 25.1 L=0.01340 P=nan old=0.01339 new=0.00921 tgt=-0.054/0.498 pstd=0.495 capv=0.040 lr=1.0e-03 gen=0.1s conv=0.0s add=0.1s train=1.8s
[t=  90.1s] greedy ep 46 games=  96 dec= 18167 rows= 17491 horizon=0.30 nodecap=0 over=0 card=0 drop=0 cfgs= 25.4 L=0.01237 P=nan old=0.01247 new=0.01076 tgt=-0.017/0.467 pstd=0.500 capv=0.040 lr=1.0e-03 gen=0.1s conv=0.0s add=0.1s train=1.8s
[t=  92.0s] greedy ep 47 games=  96 dec= 17835 rows= 17051 horizon=0.25 nodecap=0 over=0 card=0 drop=0 cfgs= 27.1 L=0.01215 P=nan old=0.01163 new=0.01003 tgt=-0.033/0.519 pstd=0.504 capv=0.040 lr=1.0e-03 gen=0.1s conv=0.0s add=0.1s train=1.7s
[t=  93.9s] greedy ep 48 games=  96 dec= 17391 rows= 16749 horizon=0.28 nodecap=0 over=0 card=0 drop=0 cfgs= 26.5 L=0.01360 P=nan old=0.01198 new=0.01010 tgt=-0.055/0.502 pstd=0.510 capv=0.040 lr=1.0e-03 gen=0.1s conv=0.0s add=0.1s train=1.7s
[t=  95.8s] greedy ep 49 games=  96 dec= 17341 rows= 16662 horizon=0.24 nodecap=0 over=0 card=0 drop=0 cfgs= 26.3 L=0.01286 P=nan old=0.01252 new=0.00954 tgt=-0.029/0.537 pstd=0.505 capv=0.040 lr=1.0e-03 gen=0.1s conv=0.0s add=0.1s train=1.7s
[t=  97.7s] greedy ep 50 games=  96 dec= 17611 rows= 16856 horizon=0.24 nodecap=0 over=0 card=0 drop=0 cfgs= 26.0 L=0.01332 P=nan old=0.01379 new=0.01043 tgt=-0.037/0.526 pstd=0.507 capv=0.040 lr=1.0e-03 gen=0.1s conv=0.0s add=0.1s train=1.7s
[t=  99.7s] greedy ep 51 games=  96 dec= 18677 rows= 17885 horizon=0.28 nodecap=0 over=0 card=0 drop=0 cfgs= 24.3 L=0.01258 P=nan old=0.01141 new=0.00936 tgt=-0.033/0.511 pstd=0.507 capv=0.040 lr=1.0e-03 gen=0.1s conv=0.0s add=0.1s train=1.8s
[t= 101.6s] greedy ep 52 games=  96 dec= 17587 rows= 16856 horizon=0.23 nodecap=0 over=0 card=0 drop=0 cfgs= 27.3 L=0.01238 P=nan old=0.01154 new=0.00771 tgt=-0.068/0.514 pstd=0.505 capv=0.040 lr=1.0e-03 gen=0.1s conv=0.0s add=0.1s train=1.7s
[t= 103.6s] greedy ep 53 games=  96 dec= 18106 rows= 17370 horizon=0.26 nodecap=0 over=0 card=0 drop=0 cfgs= 25.9 L=0.01291 P=nan old=0.01175 new=0.01092 tgt=-0.053/0.533 pstd=0.499 capv=0.040 lr=1.0e-03 gen=0.1s conv=0.0s add=0.1s train=1.8s
[t= 105.6s] greedy ep 54 games=  96 dec= 18472 rows= 17652 horizon=0.30 nodecap=0 over=0 card=0 drop=0 cfgs= 25.4 L=0.01233 P=nan old=0.01247 new=0.00945 tgt=-0.009/0.471 pstd=0.496 capv=0.040 lr=1.0e-03 gen=0.1s conv=0.0s add=0.1s train=1.8s
[t= 107.6s] greedy ep 55 games=  96 dec= 18146 rows= 17347 horizon=0.28 nodecap=0 over=0 card=0 drop=0 cfgs= 25.6 L=0.01253 P=nan old=0.01400 new=0.01088 tgt=-0.023/0.510 pstd=0.505 capv=0.040 lr=1.0e-03 gen=0.1s conv=0.0s add=0.1s train=1.8s
[t= 109.3s] greedy ep 56 games=  96 dec= 16131 rows= 15376 horizon=0.16 nodecap=0 over=0 card=0 drop=0 cfgs= 26.7 L=0.01271 P=nan old=0.01380 new=0.00943 tgt=-0.065/0.536 pstd=0.497 capv=0.040 lr=1.0e-03 gen=0.1s conv=0.0s add=0.1s train=1.5s
[t= 111.3s] greedy ep 57 games=  96 dec= 18231 rows= 17502 horizon=0.30 nodecap=0 over=0 card=0 drop=0 cfgs= 27.4 L=0.01261 P=nan old=0.01152 new=0.00931 tgt=-0.072/0.496 pstd=0.505 capv=0.040 lr=1.0e-03 gen=0.1s conv=0.0s add=0.1s train=1.8s
[t= 113.3s] greedy ep 58 games=  96 dec= 17724 rows= 16937 horizon=0.24 nodecap=0 over=0 card=0 drop=0 cfgs= 26.5 L=0.01350 P=nan old=0.01265 new=0.01075 tgt=-0.017/0.527 pstd=0.521 capv=0.040 lr=1.0e-03 gen=0.1s conv=0.0s add=0.1s train=1.7s
[t= 115.4s] greedy ep 59 games=  96 dec= 19079 rows= 18344 horizon=0.39 nodecap=0 over=0 card=0 drop=0 cfgs= 24.2 L=0.01199 P=nan old=0.01080 new=0.00925 tgt=-0.015/0.451 pstd=0.518 capv=0.040 lr=1.0e-03 gen=0.1s conv=0.0s add=0.1s train=1.9s
[t= 117.2s] greedy ep 60 games=  96 dec= 17559 rows= 16745 horizon=0.22 nodecap=0 over=0 card=0 drop=0 cfgs= 26.2 L=0.01272 P=nan old=0.01097 new=0.01027 tgt=-0.047/0.523 pstd=0.528 capv=0.040 lr=1.0e-03 gen=0.1s conv=0.0s add=0.1s train=1.7s
[t= 119.1s] greedy ep 61 games=  96 dec= 17056 rows= 16339 horizon=0.24 nodecap=0 over=0 card=0 drop=0 cfgs= 25.6 L=0.01223 P=nan old=0.01195 new=0.01046 tgt=-0.050/0.528 pstd=0.504 capv=0.040 lr=1.0e-03 gen=0.1s conv=0.0s add=0.1s train=1.6s
[t= 121.0s] greedy ep 62 games=  96 dec= 18271 rows= 17476 horizon=0.29 nodecap=0 over=0 card=0 drop=0 cfgs= 26.1 L=0.01299 P=nan old=0.01265 new=0.01104 tgt=-0.042/0.502 pstd=0.495 capv=0.040 lr=1.0e-03 gen=0.1s conv=0.0s add=0.1s train=1.7s
[t= 123.0s] greedy ep 63 games=  96 dec= 17999 rows= 17247 horizon=0.30 nodecap=0 over=0 card=0 drop=0 cfgs= 23.8 L=0.01264 P=nan old=0.01361 new=0.01031 tgt=-0.048/0.498 pstd=0.513 capv=0.040 lr=1.0e-03 gen=0.1s conv=0.0s add=0.1s train=1.7s
[t= 124.8s] greedy ep 64 games=  96 dec= 17857 rows= 17056 horizon=0.25 nodecap=0 over=0 card=0 drop=0 cfgs= 26.4 L=0.01260 P=nan old=0.01238 new=0.00856 tgt=-0.038/0.513 pstd=0.497 capv=0.040 lr=1.0e-03 gen=0.1s conv=0.0s add=0.1s train=1.7s
[t= 126.8s] greedy ep 65 games=  96 dec= 18496 rows= 17796 horizon=0.31 nodecap=0 over=0 card=0 drop=0 cfgs= 25.2 L=0.01218 P=nan old=0.01182 new=0.00871 tgt=-0.005/0.457 pstd=0.496 capv=0.040 lr=1.0e-03 gen=0.1s conv=0.0s add=0.1s train=1.8s
[t= 128.7s] greedy ep 66 games=  96 dec= 17203 rows= 16525 horizon=0.27 nodecap=0 over=0 card=0 drop=0 cfgs= 25.5 L=0.01219 P=nan old=0.01203 new=0.00883 tgt=-0.051/0.527 pstd=0.486 capv=0.040 lr=1.0e-03 gen=0.1s conv=0.0s add=0.1s train=1.7s
[t= 130.6s] greedy ep 67 games=  96 dec= 17285 rows= 16558 horizon=0.22 nodecap=0 over=0 card=0 drop=0 cfgs= 26.7 L=0.01289 P=nan old=0.01231 new=0.00863 tgt=-0.055/0.521 pstd=0.497 capv=0.040 lr=1.0e-03 gen=0.1s conv=0.0s add=0.1s train=1.7s
[t= 132.5s] greedy ep 68 games=  96 dec= 17378 rows= 16556 horizon=0.24 nodecap=0 over=0 card=0 drop=0 cfgs= 26.4 L=0.01334 P=nan old=0.01313 new=0.00951 tgt=-0.024/0.519 pstd=0.499 capv=0.040 lr=1.0e-03 gen=0.1s conv=0.0s add=0.1s train=1.7s
[t= 134.4s] greedy ep 69 games=  96 dec= 17742 rows= 16952 horizon=0.28 nodecap=0 over=0 card=0 drop=0 cfgs= 26.0 L=0.01286 P=nan old=0.01203 new=0.00994 tgt=-0.027/0.500 pstd=0.492 capv=0.040 lr=1.0e-03 gen=0.1s conv=0.0s add=0.1s train=1.7s
[t= 136.3s] greedy ep 70 games=  96 dec= 17238 rows= 16501 horizon=0.21 nodecap=0 over=0 card=0 drop=0 cfgs= 24.1 L=0.01376 P=nan old=0.01182 new=0.01109 tgt=-0.028/0.497 pstd=0.497 capv=0.040 lr=1.0e-03 gen=0.1s conv=0.0s add=0.1s train=1.6s
[t= 138.1s] greedy ep 71 games=  96 dec= 16790 rows= 16081 horizon=0.24 nodecap=0 over=0 card=0 drop=0 cfgs= 24.2 L=0.01288 P=nan old=0.01286 new=0.00917 tgt=-0.024/0.519 pstd=0.490 capv=0.040 lr=1.0e-03 gen=0.1s conv=0.0s add=0.1s train=1.6s
[t= 140.1s] greedy ep 72 games=  96 dec= 18266 rows= 17551 horizon=0.30 nodecap=0 over=0 card=0 drop=0 cfgs= 24.5 L=0.01366 P=nan old=0.01148 new=0.00961 tgt=-0.020/0.478 pstd=0.486 capv=0.040 lr=1.0e-03 gen=0.1s conv=0.0s add=0.1s train=1.8s
[t= 141.9s] greedy ep 73 games=  96 dec= 16874 rows= 16129 horizon=0.18 nodecap=0 over=0 card=0 drop=0 cfgs= 27.6 L=0.01297 P=nan old=0.01407 new=0.01113 tgt=-0.022/0.533 pstd=0.483 capv=0.040 lr=1.0e-03 gen=0.1s conv=0.0s add=0.1s train=1.6s
[t= 143.9s] greedy ep 74 games=  96 dec= 18151 rows= 17365 horizon=0.30 nodecap=0 over=0 card=0 drop=0 cfgs= 26.5 L=0.01169 P=nan old=0.01296 new=0.00940 tgt=-0.042/0.519 pstd=0.486 capv=0.040 lr=1.0e-03 gen=0.1s conv=0.0s add=0.1s train=1.7s
[t= 145.7s] greedy ep 75 games=  96 dec= 17803 rows= 16996 horizon=0.28 nodecap=0 over=0 card=0 drop=0 cfgs= 24.2 L=0.01149 P=nan old=0.01122 new=0.00856 tgt=-0.038/0.504 pstd=0.489 capv=0.040 lr=1.0e-03 gen=0.1s conv=0.0s add=0.1s train=1.7s
[t= 147.6s] greedy ep 76 games=  96 dec= 17047 rows= 16227 horizon=0.20 nodecap=0 over=0 card=0 drop=0 cfgs= 26.7 L=0.01273 P=nan old=0.01213 new=0.00906 tgt=-0.066/0.537 pstd=0.491 capv=0.040 lr=1.0e-03 gen=0.1s conv=0.0s add=0.1s train=1.6s
[t= 149.5s] greedy ep 77 games=  96 dec= 18040 rows= 17274 horizon=0.30 nodecap=0 over=0 card=0 drop=0 cfgs= 27.0 L=0.01252 P=nan old=0.01325 new=0.01069 tgt=-0.104/0.535 pstd=0.485 capv=0.040 lr=1.0e-03 gen=0.1s conv=0.0s add=0.1s train=1.7s
[t= 151.3s] greedy ep 78 games=  96 dec= 17991 rows= 17227 horizon=0.26 nodecap=0 over=0 card=0 drop=0 cfgs= 25.5 L=0.01228 P=nan old=0.01079 new=0.00801 tgt=-0.025/0.492 pstd=0.494 capv=0.040 lr=1.0e-03 gen=0.1s conv=0.0s add=0.1s train=1.6s
[t= 153.2s] greedy ep 79 games=  96 dec= 17626 rows= 16897 horizon=0.27 nodecap=0 over=0 card=0 drop=0 cfgs= 25.6 L=0.01254 P=nan old=0.01262 new=0.00971 tgt=-0.007/0.505 pstd=0.491 capv=0.040 lr=1.0e-03 gen=0.1s conv=0.0s add=0.1s train=1.6s
[t= 155.0s] greedy ep 80 games=  96 dec= 17885 rows= 17173 horizon=0.30 nodecap=0 over=0 card=0 drop=0 cfgs= 25.9 L=0.01252 P=nan old=0.01358 new=0.00977 tgt=-0.036/0.489 pstd=0.505 capv=0.040 lr=1.0e-03 gen=0.1s conv=0.0s add=0.1s train=1.6s
[t= 157.0s] greedy ep 81 games=  96 dec= 18559 rows= 17808 horizon=0.33 nodecap=0 over=0 card=0 drop=0 cfgs= 26.2 L=0.01219 P=nan old=0.01198 new=0.00904 tgt=-0.039/0.491 pstd=0.487 capv=0.040 lr=1.0e-03 gen=0.1s conv=0.0s add=0.1s train=1.7s
[t= 158.9s] greedy ep 82 games=  96 dec= 17713 rows= 17078 horizon=0.32 nodecap=0 over=0 card=0 drop=0 cfgs= 25.1 L=0.01220 P=nan old=0.01168 new=0.00854 tgt=-0.025/0.478 pstd=0.487 capv=0.040 lr=1.0e-03 gen=0.1s conv=0.0s add=0.1s train=1.7s
[t= 160.7s] greedy ep 83 games=  96 dec= 17875 rows= 17133 horizon=0.29 nodecap=0 over=0 card=0 drop=0 cfgs= 24.4 L=0.01195 P=nan old=0.01198 new=0.01072 tgt=-0.066/0.508 pstd=0.494 capv=0.040 lr=1.0e-03 gen=0.1s conv=0.0s add=0.1s train=1.7s
[t= 162.6s] greedy ep 84 games=  96 dec= 17794 rows= 17079 horizon=0.31 nodecap=0 over=0 card=0 drop=0 cfgs= 26.7 L=0.01209 P=nan old=0.01254 new=0.00943 tgt=-0.004/0.490 pstd=0.505 capv=0.040 lr=1.0e-03 gen=0.1s conv=0.0s add=0.1s train=1.7s
[t= 164.5s] greedy ep 85 games=  96 dec= 18277 rows= 17523 horizon=0.32 nodecap=0 over=0 card=0 drop=0 cfgs= 24.6 L=0.01210 P=nan old=0.01217 new=0.00854 tgt=+0.006/0.466 pstd=0.480 capv=0.040 lr=1.0e-03 gen=0.1s conv=0.0s add=0.1s train=1.7s
[t= 166.3s] greedy ep 86 games=  96 dec= 17640 rows= 16816 horizon=0.25 nodecap=0 over=0 card=0 drop=0 cfgs= 27.1 L=0.01191 P=nan old=0.01312 new=0.00925 tgt=-0.039/0.514 pstd=0.488 capv=0.040 lr=1.0e-03 gen=0.1s conv=0.0s add=0.1s train=1.6s
[t= 168.3s] greedy ep 87 games=  96 dec= 18112 rows= 17403 horizon=0.32 nodecap=0 over=0 card=0 drop=0 cfgs= 24.9 L=0.01155 P=nan old=0.01260 new=0.00812 tgt=-0.035/0.482 pstd=0.491 capv=0.040 lr=1.0e-03 gen=0.1s conv=0.0s add=0.1s train=1.7s
[t= 170.1s] greedy ep 88 games=  96 dec= 17512 rows= 16741 horizon=0.23 nodecap=0 over=0 card=0 drop=0 cfgs= 25.7 L=0.01201 P=nan old=0.01200 new=0.00892 tgt=-0.045/0.545 pstd=0.510 capv=0.040 lr=1.0e-03 gen=0.1s conv=0.0s add=0.1s train=1.6s
[t= 172.0s] greedy ep 89 games=  96 dec= 17218 rows= 16441 horizon=0.23 nodecap=0 over=0 card=0 drop=0 cfgs= 26.0 L=0.01190 P=nan old=0.01133 new=0.01010 tgt=-0.027/0.525 pstd=0.494 capv=0.040 lr=1.0e-03 gen=0.1s conv=0.0s add=0.1s train=1.6s
[t= 173.7s] greedy ep 90 games=  96 dec= 16942 rows= 16148 horizon=0.19 nodecap=0 over=0 card=0 drop=0 cfgs= 27.8 L=0.01216 P=nan old=0.01277 new=0.00857 tgt=-0.033/0.530 pstd=0.488 capv=0.040 lr=1.0e-03 gen=0.1s conv=0.0s add=0.1s train=1.6s
[t= 175.6s] greedy ep 91 games=  96 dec= 17723 rows= 17006 horizon=0.28 nodecap=0 over=0 card=0 drop=0 cfgs= 22.9 L=0.01173 P=nan old=0.01232 new=0.00897 tgt=-0.012/0.478 pstd=0.494 capv=0.040 lr=1.0e-03 gen=0.1s conv=0.0s add=0.1s train=1.7s
[t= 177.6s] greedy ep 92 games=  96 dec= 18746 rows= 18032 horizon=0.38 nodecap=0 over=0 card=0 drop=0 cfgs= 24.1 L=0.01159 P=nan old=0.01193 new=0.00876 tgt=-0.030/0.476 pstd=0.491 capv=0.040 lr=1.0e-03 gen=0.1s conv=0.0s add=0.1s train=1.8s
[t= 179.6s] greedy ep 93 games=  96 dec= 18613 rows= 17900 horizon=0.33 nodecap=0 over=0 card=0 drop=0 cfgs= 24.8 L=0.01163 P=nan old=0.01031 new=0.00840 tgt=-0.037/0.499 pstd=0.493 capv=0.040 lr=1.0e-03 gen=0.1s conv=0.0s add=0.1s train=1.8s
[t= 181.4s] greedy ep 94 games=  96 dec= 17092 rows= 16290 horizon=0.21 nodecap=0 over=0 card=0 drop=0 cfgs= 26.0 L=0.01184 P=nan old=0.01328 new=0.00989 tgt=-0.007/0.503 pstd=0.484 capv=0.040 lr=1.0e-03 gen=0.1s conv=0.0s add=0.1s train=1.6s
[t= 183.4s] greedy ep 95 games=  96 dec= 18709 rows= 17916 horizon=0.29 nodecap=0 over=0 card=0 drop=0 cfgs= 25.8 L=0.01229 P=nan old=0.01194 new=0.01058 tgt=-0.045/0.492 pstd=0.499 capv=0.040 lr=1.0e-03 gen=0.1s conv=0.0s add=0.1s train=1.8s
[t= 185.3s] greedy ep 96 games=  96 dec= 17772 rows= 17029 horizon=0.29 nodecap=0 over=0 card=0 drop=0 cfgs= 23.4 L=0.01244 P=nan old=0.01243 new=0.00911 tgt=-0.035/0.530 pstd=0.483 capv=0.040 lr=1.0e-03 gen=0.1s conv=0.0s add=0.1s train=1.7s
[t= 187.2s] greedy ep 97 games=  96 dec= 17587 rows= 16911 horizon=0.28 nodecap=0 over=0 card=0 drop=0 cfgs= 26.5 L=0.01205 P=nan old=0.01184 new=0.00807 tgt=-0.055/0.511 pstd=0.506 capv=0.040 lr=1.0e-03 gen=0.1s conv=0.0s add=0.1s train=1.7s
[t= 189.1s] greedy ep 98 games=  96 dec= 17679 rows= 16976 horizon=0.31 nodecap=0 over=0 card=0 drop=0 cfgs= 24.3 L=0.01157 P=nan old=0.01125 new=0.00895 tgt=+0.003/0.470 pstd=0.489 capv=0.040 lr=1.0e-03 gen=0.1s conv=0.0s add=0.1s train=1.6s
[t= 190.9s] greedy ep 99 games=  96 dec= 17482 rows= 16756 horizon=0.25 nodecap=0 over=0 card=0 drop=0 cfgs= 27.0 L=0.01221 P=nan old=0.01247 new=0.00802 tgt=-0.036/0.524 pstd=0.498 capv=0.040 lr=1.0e-03 gen=0.1s conv=0.0s add=0.1s train=1.6s
[t= 192.8s] greedy ep100 games=  96 dec= 17693 rows= 16922 horizon=0.26 nodecap=0 over=0 card=0 drop=0 cfgs= 25.9 L=0.01274 P=nan old=0.01280 new=0.01003 tgt=-0.071/0.514 pstd=0.502 capv=0.040 lr=1.0e-03 gen=0.1s conv=0.0s add=0.1s train=1.7s
[t= 194.7s] greedy ep101 games=  96 dec= 18145 rows= 17414 horizon=0.32 nodecap=0 over=0 card=0 drop=0 cfgs= 25.7 L=0.01183 P=nan old=0.01094 new=0.00866 tgt=-0.055/0.493 pstd=0.491 capv=0.040 lr=1.0e-03 gen=0.1s conv=0.0s add=0.1s train=1.7s
[t= 196.6s] greedy ep102 games=  96 dec= 17648 rows= 16860 horizon=0.25 nodecap=0 over=0 card=0 drop=0 cfgs= 24.8 L=0.01180 P=nan old=0.01073 new=0.00878 tgt=-0.025/0.509 pstd=0.488 capv=0.040 lr=1.0e-03 gen=0.1s conv=0.0s add=0.1s train=1.7s
[t= 198.5s] greedy ep103 games=  96 dec= 17998 rows= 17270 horizon=0.26 nodecap=0 over=0 card=0 drop=0 cfgs= 25.6 L=0.01167 P=nan old=0.01305 new=0.00906 tgt=-0.042/0.495 pstd=0.489 capv=0.040 lr=1.0e-03 gen=0.1s conv=0.0s add=0.1s train=1.7s
[t= 200.4s] greedy ep104 games=  96 dec= 17925 rows= 17111 horizon=0.23 nodecap=0 over=0 card=0 drop=0 cfgs= 26.0 L=0.01161 P=nan old=0.01138 new=0.00816 tgt=-0.040/0.525 pstd=0.478 capv=0.040 lr=1.0e-03 gen=0.1s conv=0.0s add=0.1s train=1.7s
[t= 202.3s] greedy ep105 games=  96 dec= 18427 rows= 17752 horizon=0.31 nodecap=0 over=0 card=0 drop=0 cfgs= 25.4 L=0.01171 P=nan old=0.01161 new=0.00845 tgt=-0.027/0.492 pstd=0.486 capv=0.040 lr=1.0e-03 gen=0.1s conv=0.0s add=0.1s train=1.7s
[t= 204.2s] greedy ep106 games=  96 dec= 18120 rows= 17433 horizon=0.31 nodecap=0 over=0 card=0 drop=0 cfgs= 26.4 L=0.01214 P=nan old=0.01265 new=0.00789 tgt=-0.053/0.477 pstd=0.501 capv=0.040 lr=1.0e-03 gen=0.1s conv=0.0s add=0.1s train=1.7s
[t= 206.2s] greedy ep107 games=  96 dec= 18860 rows= 18044 horizon=0.34 nodecap=0 over=0 card=0 drop=0 cfgs= 23.8 L=0.01155 P=nan old=0.01203 new=0.00839 tgt=-0.031/0.487 pstd=0.501 capv=0.040 lr=1.0e-03 gen=0.1s conv=0.0s add=0.1s train=1.7s
[t= 208.1s] greedy ep108 games=  96 dec= 18331 rows= 17552 horizon=0.32 nodecap=0 over=0 card=0 drop=0 cfgs= 26.3 L=0.01141 P=nan old=0.01219 new=0.00841 tgt=-0.046/0.514 pstd=0.496 capv=0.040 lr=1.0e-03 gen=0.1s conv=0.0s add=0.1s train=1.7s
[t= 210.0s] greedy ep109 games=  96 dec= 17217 rows= 16494 horizon=0.25 nodecap=0 over=0 card=0 drop=0 cfgs= 26.2 L=0.01163 P=nan old=0.01203 new=0.00811 tgt=-0.062/0.517 pstd=0.505 capv=0.040 lr=1.0e-03 gen=0.1s conv=0.0s add=0.1s train=1.6s
[t= 211.9s] greedy ep110 games=  96 dec= 18112 rows= 17357 horizon=0.34 nodecap=0 over=0 card=0 drop=0 cfgs= 24.4 L=0.01134 P=nan old=0.01123 new=0.00784 tgt=-0.055/0.480 pstd=0.475 capv=0.040 lr=1.0e-03 gen=0.1s conv=0.0s add=0.1s train=1.7s
[t= 213.8s] greedy ep111 games=  96 dec= 18099 rows= 17322 horizon=0.30 nodecap=0 over=0 card=0 drop=0 cfgs= 23.7 L=0.01169 P=nan old=0.01160 new=0.00821 tgt=-0.059/0.493 pstd=0.495 capv=0.040 lr=1.0e-03 gen=0.1s conv=0.0s add=0.1s train=1.7s
[t= 215.8s] greedy ep112 games=  96 dec= 18852 rows= 18123 horizon=0.33 nodecap=0 over=0 card=0 drop=0 cfgs= 24.0 L=0.01121 P=nan old=0.01122 new=0.00802 tgt=-0.018/0.496 pstd=0.485 capv=0.040 lr=1.0e-03 gen=0.1s conv=0.0s add=0.1s train=1.8s
[t= 217.7s] greedy ep113 games=  96 dec= 18334 rows= 17543 horizon=0.35 nodecap=0 over=0 card=0 drop=0 cfgs= 24.8 L=0.01145 P=nan old=0.01200 new=0.00819 tgt=-0.056/0.498 pstd=0.524 capv=0.040 lr=1.0e-03 gen=0.1s conv=0.0s add=0.1s train=1.7s
[t= 219.6s] greedy ep114 games=  96 dec= 17993 rows= 17167 horizon=0.25 nodecap=0 over=0 card=0 drop=0 cfgs= 27.0 L=0.01166 P=nan old=0.01218 new=0.00768 tgt=-0.037/0.490 pstd=0.500 capv=0.040 lr=1.0e-03 gen=0.1s conv=0.0s add=0.1s train=1.7s
[t= 221.4s] greedy ep115 games=  96 dec= 16911 rows= 16238 horizon=0.17 nodecap=0 over=0 card=0 drop=0 cfgs= 29.0 L=0.01253 P=nan old=0.01177 new=0.00941 tgt=-0.042/0.541 pstd=0.500 capv=0.040 lr=1.0e-03 gen=0.1s conv=0.0s add=0.1s train=1.5s
[t= 223.3s] greedy ep116 games=  96 dec= 18267 rows= 17412 horizon=0.30 nodecap=0 over=0 card=0 drop=0 cfgs= 25.4 L=0.01139 P=nan old=0.01163 new=0.00770 tgt=-0.017/0.474 pstd=0.498 capv=0.040 lr=1.0e-03 gen=0.1s conv=0.0s add=0.1s train=1.7s
[t= 225.2s] greedy ep117 games=  96 dec= 18040 rows= 17229 horizon=0.27 nodecap=0 over=0 card=0 drop=0 cfgs= 24.5 L=0.01127 P=nan old=0.01172 new=0.00799 tgt=-0.039/0.519 pstd=0.486 capv=0.040 lr=1.0e-03 gen=0.1s conv=0.0s add=0.1s train=1.7s
[t= 227.1s] greedy ep118 games=  96 dec= 17601 rows= 16890 horizon=0.30 nodecap=0 over=0 card=0 drop=0 cfgs= 26.6 L=0.01137 P=nan old=0.01273 new=0.00795 tgt=-0.030/0.485 pstd=0.478 capv=0.040 lr=1.0e-03 gen=0.1s conv=0.0s add=0.1s train=1.6s
[t= 228.9s] greedy ep119 games=  96 dec= 17672 rows= 16875 horizon=0.27 nodecap=0 over=0 card=0 drop=0 cfgs= 26.3 L=0.01165 P=nan old=0.01285 new=0.00794 tgt=-0.025/0.510 pstd=0.488 capv=0.040 lr=1.0e-03 gen=0.1s conv=0.0s add=0.1s train=1.6s
[t= 230.9s] greedy ep120 games=  96 dec= 18448 rows= 17712 horizon=0.33 nodecap=0 over=0 card=0 drop=0 cfgs= 25.8 L=0.01141 P=nan old=0.01209 new=0.00764 tgt=-0.030/0.485 pstd=0.486 capv=0.040 lr=1.0e-03 gen=0.1s conv=0.0s add=0.1s train=1.7s
[t= 232.7s] greedy ep121 games=  96 dec= 16905 rows= 16152 horizon=0.20 nodecap=0 over=0 card=0 drop=0 cfgs= 26.9 L=0.01161 P=nan old=0.01234 new=0.00806 tgt=-0.018/0.507 pstd=0.469 capv=0.040 lr=1.0e-03 gen=0.1s conv=0.0s add=0.1s train=1.6s
[t= 234.5s] greedy ep122 games=  96 dec= 18008 rows= 17165 horizon=0.23 nodecap=0 over=0 card=0 drop=0 cfgs= 26.0 L=0.01172 P=nan old=0.01116 new=0.00722 tgt=-0.028/0.532 pstd=0.481 capv=0.040 lr=1.0e-03 gen=0.1s conv=0.0s add=0.1s train=1.6s
[t= 236.5s] greedy ep123 games=  96 dec= 18308 rows= 17590 horizon=0.35 nodecap=0 over=0 card=0 drop=0 cfgs= 26.0 L=0.01074 P=nan old=0.01322 new=0.00769 tgt=-0.033/0.465 pstd=0.480 capv=0.040 lr=1.0e-03 gen=0.1s conv=0.0s add=0.1s train=1.7s
[t= 238.5s] greedy ep124 games=  96 dec= 18350 rows= 17605 horizon=0.31 nodecap=0 over=0 card=0 drop=0 cfgs= 25.2 L=0.01050 P=nan old=0.00969 new=0.00696 tgt=-0.033/0.503 pstd=0.489 capv=0.040 lr=1.0e-03 gen=0.1s conv=0.0s add=0.1s train=1.7s
[t= 240.4s] greedy ep125 games=  96 dec= 17861 rows= 17114 horizon=0.30 nodecap=0 over=0 card=0 drop=0 cfgs= 26.3 L=0.01101 P=nan old=0.01160 new=0.00815 tgt=-0.043/0.506 pstd=0.487 capv=0.040 lr=1.0e-03 gen=0.1s conv=0.0s add=0.1s train=1.7s
[t= 242.2s] greedy ep126 games=  96 dec= 17136 rows= 16405 horizon=0.25 nodecap=0 over=0 card=0 drop=0 cfgs= 26.3 L=0.01097 P=nan old=0.01115 new=0.00819 tgt=-0.043/0.509 pstd=0.474 capv=0.040 lr=1.0e-03 gen=0.1s conv=0.0s add=0.1s train=1.6s
[t= 244.1s] greedy ep127 games=  96 dec= 18546 rows= 17684 horizon=0.26 nodecap=0 over=0 card=0 drop=0 cfgs= 25.2 L=0.01109 P=nan old=0.01113 new=0.00661 tgt=+0.000/0.481 pstd=0.483 capv=0.040 lr=1.0e-03 gen=0.1s conv=0.0s add=0.1s train=1.7s
[t= 246.0s] greedy ep128 games=  96 dec= 18090 rows= 17324 horizon=0.27 nodecap=0 over=0 card=0 drop=0 cfgs= 25.7 L=0.01079 P=nan old=0.01187 new=0.00762 tgt=-0.037/0.498 pstd=0.473 capv=0.040 lr=1.0e-03 gen=0.1s conv=0.0s add=0.1s train=1.7s
[t= 247.9s] greedy ep129 games=  96 dec= 17712 rows= 17032 horizon=0.28 nodecap=0 over=0 card=0 drop=0 cfgs= 25.2 L=0.01097 P=nan old=0.01091 new=0.00743 tgt=-0.048/0.516 pstd=0.470 capv=0.040 lr=1.0e-03 gen=0.1s conv=0.0s add=0.1s train=1.7s
[t= 249.8s] greedy ep130 games=  96 dec= 18271 rows= 17535 horizon=0.29 nodecap=0 over=0 card=0 drop=0 cfgs= 25.3 L=0.01052 P=nan old=0.01110 new=0.00801 tgt=-0.038/0.493 pstd=0.460 capv=0.040 lr=1.0e-03 gen=0.1s conv=0.0s add=0.1s train=1.7s
[t= 251.8s] greedy ep131 games=  96 dec= 18299 rows= 17567 horizon=0.33 nodecap=0 over=0 card=0 drop=0 cfgs= 24.7 L=0.01046 P=nan old=0.01032 new=0.00695 tgt=-0.023/0.488 pstd=0.454 capv=0.040 lr=1.0e-03 gen=0.1s conv=0.0s add=0.1s train=1.7s
[t= 253.6s] greedy ep132 games=  96 dec= 18040 rows= 17211 horizon=0.26 nodecap=0 over=0 card=0 drop=0 cfgs= 25.2 L=0.01027 P=nan old=0.01137 new=0.00856 tgt=-0.060/0.513 pstd=0.450 capv=0.040 lr=1.0e-03 gen=0.1s conv=0.0s add=0.1s train=1.7s
[t= 255.5s] greedy ep133 games=  96 dec= 17501 rows= 16761 horizon=0.23 nodecap=0 over=0 card=0 drop=0 cfgs= 27.1 L=0.01083 P=nan old=0.01209 new=0.00716 tgt=-0.060/0.505 pstd=0.445 capv=0.040 lr=1.0e-03 gen=0.1s conv=0.0s add=0.1s train=1.6s
[t= 257.3s] greedy ep134 games=  96 dec= 17353 rows= 16639 horizon=0.28 nodecap=0 over=0 card=0 drop=0 cfgs= 25.4 L=0.01060 P=nan old=0.01063 new=0.00726 tgt=-0.046/0.503 pstd=0.447 capv=0.040 lr=1.0e-03 gen=0.1s conv=0.0s add=0.1s train=1.6s
[t= 259.2s] greedy ep135 games=  96 dec= 17684 rows= 16946 horizon=0.28 nodecap=0 over=0 card=0 drop=0 cfgs= 25.3 L=0.01014 P=nan old=0.01035 new=0.00768 tgt=-0.045/0.515 pstd=0.444 capv=0.040 lr=1.0e-03 gen=0.1s conv=0.0s add=0.1s train=1.7s
[t= 261.2s] greedy ep136 games=  96 dec= 18501 rows= 17667 horizon=0.30 nodecap=0 over=0 card=0 drop=0 cfgs= 24.4 L=0.01045 P=nan old=0.01012 new=0.00694 tgt=-0.046/0.499 pstd=0.465 capv=0.040 lr=1.0e-03 gen=0.1s conv=0.0s add=0.1s train=1.7s
[t= 263.0s] greedy ep137 games=  96 dec= 17514 rows= 16807 horizon=0.23 nodecap=0 over=0 card=0 drop=0 cfgs= 27.0 L=0.01011 P=nan old=0.00994 new=0.00726 tgt=-0.051/0.531 pstd=0.462 capv=0.040 lr=1.0e-03 gen=0.1s conv=0.0s add=0.1s train=1.7s
[t= 264.9s] greedy ep138 games=  96 dec= 17670 rows= 16915 horizon=0.24 nodecap=0 over=0 card=0 drop=0 cfgs= 27.9 L=0.01041 P=nan old=0.01097 new=0.00727 tgt=-0.063/0.508 pstd=0.459 capv=0.040 lr=1.0e-03 gen=0.1s conv=0.0s add=0.1s train=1.7s
[t= 266.8s] greedy ep139 games=  96 dec= 17589 rows= 16899 horizon=0.30 nodecap=0 over=0 card=0 drop=0 cfgs= 26.1 L=0.00996 P=nan old=0.00918 new=0.00813 tgt=-0.017/0.495 pstd=0.437 capv=0.040 lr=1.0e-03 gen=0.1s conv=0.0s add=0.1s train=1.6s
[t= 268.5s] greedy ep140 games=  96 dec= 16949 rows= 16231 horizon=0.22 nodecap=0 over=0 card=0 drop=0 cfgs= 26.3 L=0.01046 P=nan old=0.01127 new=0.00812 tgt=-0.015/0.497 pstd=0.447 capv=0.040 lr=1.0e-03 gen=0.1s conv=0.0s add=0.1s train=1.5s
[t= 270.4s] greedy ep141 games=  96 dec= 18291 rows= 17499 horizon=0.34 nodecap=0 over=0 card=0 drop=0 cfgs= 25.2 L=0.01052 P=nan old=0.01080 new=0.00673 tgt=-0.040/0.497 pstd=0.447 capv=0.040 lr=1.0e-03 gen=0.1s conv=0.0s add=0.1s train=1.7s
[t= 272.4s] greedy ep142 games=  96 dec= 18539 rows= 17805 horizon=0.36 nodecap=0 over=0 card=0 drop=0 cfgs= 22.6 L=0.00983 P=nan old=0.01049 new=0.00734 tgt=-0.039/0.494 pstd=0.442 capv=0.040 lr=1.0e-03 gen=0.1s conv=0.0s add=0.1s train=1.7s
[t= 274.2s] greedy ep143 games=  96 dec= 17142 rows= 16381 horizon=0.17 nodecap=0 over=0 card=0 drop=0 cfgs= 26.0 L=0.01017 P=nan old=0.00998 new=0.00654 tgt=-0.036/0.539 pstd=0.436 capv=0.040 lr=1.0e-03 gen=0.1s conv=0.0s add=0.1s train=1.6s
[t= 276.2s] greedy ep144 games=  96 dec= 18517 rows= 17786 horizon=0.35 nodecap=0 over=0 card=0 drop=0 cfgs= 26.4 L=0.00976 P=nan old=0.00996 new=0.00640 tgt=-0.054/0.492 pstd=0.444 capv=0.040 lr=1.0e-03 gen=0.1s conv=0.0s add=0.1s train=1.7s
[t= 278.0s] greedy ep145 games=  96 dec= 17532 rows= 16806 horizon=0.28 nodecap=0 over=0 card=0 drop=0 cfgs= 25.2 L=0.00968 P=nan old=0.00966 new=0.00739 tgt=-0.034/0.507 pstd=0.421 capv=0.040 lr=1.0e-03 gen=0.1s conv=0.0s add=0.1s train=1.7s
[t= 279.9s] greedy ep146 games=  96 dec= 18214 rows= 17444 horizon=0.29 nodecap=0 over=0 card=0 drop=0 cfgs= 25.2 L=0.00942 P=nan old=0.00940 new=0.00629 tgt=-0.021/0.506 pstd=0.436 capv=0.040 lr=1.0e-03 gen=0.1s conv=0.0s add=0.1s train=1.7s
[t= 281.8s] greedy ep147 games=  96 dec= 17659 rows= 16905 horizon=0.25 nodecap=0 over=0 card=0 drop=0 cfgs= 25.6 L=0.00971 P=nan old=0.01071 new=0.00617 tgt=-0.021/0.494 pstd=0.425 capv=0.040 lr=1.0e-03 gen=0.1s conv=0.0s add=0.1s train=1.6s
[t= 283.6s] greedy ep148 games=  96 dec= 17057 rows= 16313 horizon=0.23 nodecap=0 over=0 card=0 drop=0 cfgs= 26.9 L=0.00999 P=nan old=0.01043 new=0.00658 tgt=-0.053/0.534 pstd=0.425 capv=0.040 lr=1.0e-03 gen=0.1s conv=0.0s add=0.1s train=1.6s
[t= 285.6s] greedy ep149 games=  96 dec= 18150 rows= 17444 horizon=0.31 nodecap=0 over=0 card=0 drop=0 cfgs= 25.9 L=0.00943 P=nan old=0.00978 new=0.00618 tgt=-0.034/0.494 pstd=0.437 capv=0.040 lr=1.0e-03 gen=0.1s conv=0.0s add=0.1s train=1.7s
[t= 287.4s] greedy ep150 games=  96 dec= 17633 rows= 16889 horizon=0.28 nodecap=0 over=0 card=0 drop=0 cfgs= 27.0 L=0.00939 P=nan old=0.01003 new=0.00623 tgt=-0.022/0.486 pstd=0.420 capv=0.040 lr=1.0e-03 gen=0.1s conv=0.0s add=0.1s train=1.6s
[t= 289.3s] greedy ep151 games=  96 dec= 17778 rows= 17028 horizon=0.26 nodecap=0 over=0 card=0 drop=0 cfgs= 27.8 L=0.01029 P=nan old=0.00988 new=0.00798 tgt=-0.031/0.503 pstd=0.440 capv=0.040 lr=1.0e-03 gen=0.1s conv=0.0s add=0.1s train=1.7s
[t= 291.3s] greedy ep152 games=  96 dec= 18697 rows= 17982 horizon=0.38 nodecap=0 over=0 card=0 drop=0 cfgs= 24.3 L=0.00924 P=nan old=0.00842 new=0.00601 tgt=-0.016/0.467 pstd=0.429 capv=0.040 lr=1.0e-03 gen=0.1s conv=0.0s add=0.1s train=1.7s
[t= 293.1s] greedy ep153 games=  96 dec= 17563 rows= 16778 horizon=0.21 nodecap=0 over=0 card=0 drop=0 cfgs= 25.6 L=0.00971 P=nan old=0.01013 new=0.00727 tgt=-0.044/0.510 pstd=0.409 capv=0.040 lr=1.0e-03 gen=0.1s conv=0.0s add=0.1s train=1.6s
[t= 295.1s] greedy ep154 games=  96 dec= 18373 rows= 17558 horizon=0.30 nodecap=0 over=0 card=0 drop=0 cfgs= 25.3 L=0.00957 P=nan old=0.00968 new=0.00670 tgt=-0.025/0.476 pstd=0.416 capv=0.040 lr=1.0e-03 gen=0.1s conv=0.0s add=0.1s train=1.7s
[t= 296.8s] greedy ep155 games=  96 dec= 16679 rows= 15889 horizon=0.19 nodecap=0 over=0 card=0 drop=0 cfgs= 28.4 L=0.01003 P=nan old=0.00996 new=0.00763 tgt=-0.017/0.524 pstd=0.436 capv=0.040 lr=1.0e-03 gen=0.1s conv=0.0s add=0.1s train=1.5s
[t= 298.8s] greedy ep156 games=  96 dec= 18369 rows= 17544 horizon=0.28 nodecap=0 over=0 card=0 drop=0 cfgs= 25.7 L=0.00972 P=nan old=0.00928 new=0.00621 tgt=-0.015/0.500 pstd=0.419 capv=0.040 lr=1.0e-03 gen=0.1s conv=0.0s add=0.1s train=1.7s
[t= 300.7s] greedy ep157 games=  96 dec= 17900 rows= 17243 horizon=0.30 nodecap=0 over=0 card=0 drop=0 cfgs= 25.0 L=0.00895 P=nan old=0.00888 new=0.00677 tgt=-0.024/0.505 pstd=0.410 capv=0.040 lr=1.0e-03 gen=0.1s conv=0.0s add=0.1s train=1.7s
[t= 300.7s] --- snapshot snap_00.pt (init) ---
[t= 300.7s] --- switching to ReBeL ---
v5 GEMM compute=fast-f16
[t= 310.7s] rebel stream solves=15360 solves=1533/s rows=9047/s balanced_solves=1533/s debt=0 rows steps=60 over=0 card=0 drop=0 L=0.01997 tgt=-0.007/0.294 cfg/b=41931 prep=0.32s gpu=0.00s conv=0.01s add=0.49s train=2.18s
[t= 320.7s] rebel stream solves=43008 solves=2147/s rows=15563/s balanced_solves=2147/s debt=0 rows steps=168 over=0 card=0 drop=0 L=0.00503 tgt=-0.012/0.275 cfg/b=55754 prep=0.50s gpu=0.00s conv=0.04s add=1.24s train=3.20s
[t= 330.8s] rebel stream solves=58368 solves=1941/s rows=14455/s balanced_solves=1941/s debt=0 rows steps=228 over=0 card=0 drop=0 L=0.00335 tgt=-0.005/0.296 cfg/b=40519 prep=0.31s gpu=0.00s conv=0.00s add=0.48s train=1.86s
[t= 340.8s] rebel stream solves=75776 solves=1889/s rows=14309/s balanced_solves=1889/s debt=0 rows steps=296 over=0 card=0 drop=0 L=0.00290 tgt=-0.012/0.309 cfg/b=34309 prep=0.35s gpu=0.00s conv=0.01s add=0.44s train=2.06s
[t= 350.8s] rebel stream solves=91136 solves=1818/s rows=13897/s balanced_solves=1818/s debt=0 rows steps=356 over=0 card=0 drop=0 L=0.00283 tgt=-0.018/0.312 cfg/b=26235 prep=0.36s gpu=0.00s conv=0.00s add=0.28s train=1.94s
[t= 360.8s] rebel stream solves=104448 solves=1737/s rows=13355/s balanced_solves=1737/s debt=0 rows steps=408 over=0 card=0 drop=0 L=0.00277 tgt=-0.013/0.331 cfg/b=24426 prep=0.30s gpu=0.00s conv=0.00s add=0.23s train=1.65s
[t= 370.9s] rebel stream solves=116736 solves=1663/s rows=12840/s balanced_solves=1663/s debt=0 rows steps=456 over=0 card=0 drop=0 L=0.00272 tgt=-0.016/0.329 cfg/b=21237 prep=0.26s gpu=0.00s conv=0.00s add=0.18s train=1.52s
[t= 381.0s] rebel stream solves=130048 solves=1619/s rows=12539/s balanced_solves=1619/s debt=0 rows steps=508 over=0 card=0 drop=0 L=0.00282 tgt=-0.028/0.356 cfg/b=19266 prep=0.32s gpu=0.00s conv=0.00s add=0.17s train=1.67s
[t= 391.0s] rebel stream solves=140288 solves=1553/s rows=12051/s balanced_solves=1553/s debt=0 rows steps=548 over=0 card=0 drop=0 L=0.00303 tgt=-0.033/0.371 cfg/b=17911 prep=0.24s gpu=0.00s conv=0.00s add=0.12s train=1.28s
[t= 399.7s] --- lr -> 5.00e-04 ---
[t= 401.1s] rebel stream solves=152576 solves=1520/s rows=11823/s balanced_solves=1520/s debt=0 rows steps=596 over=0 card=0 drop=0 L=0.00324 tgt=+0.001/0.361 cfg/b=16668 prep=0.28s gpu=0.00s conv=0.00s add=0.14s train=1.53s
[t= 411.1s] rebel stream solves=161792 solves=1465/s rows=11411/s balanced_solves=1465/s debt=0 rows steps=632 over=0 card=0 drop=0 L=0.00313 tgt=+0.002/0.358 cfg/b=15414 prep=0.20s gpu=0.00s conv=0.00s add=0.13s train=1.16s
[t= 421.1s] rebel stream solves=171008 solves=1420/s rows=11070/s balanced_solves=1420/s debt=0 rows steps=668 over=0 card=0 drop=0 L=0.00336 tgt=-0.039/0.374 cfg/b=15373 prep=0.18s gpu=0.00s conv=0.00s add=0.12s train=1.11s
[t= 431.1s] rebel stream solves=181248 solves=1390/s rows=10840/s balanced_solves=1390/s debt=0 rows steps=708 over=0 card=0 drop=0 L=0.00359 tgt=+0.001/0.378 cfg/b=14644 prep=0.22s gpu=0.00s conv=0.00s add=0.13s train=1.22s
[t= 441.2s] rebel stream solves=193536 solves=1378/s rows=10757/s balanced_solves=1378/s debt=0 rows steps=756 over=0 card=0 drop=0 L=0.00428 tgt=+0.017/0.358 cfg/b=14327 prep=0.27s gpu=0.00s conv=0.00s add=0.18s train=1.52s
[t= 451.2s] rebel stream solves=205824 solves=1368/s rows=10685/s balanced_solves=1368/s debt=0 rows steps=804 over=0 card=0 drop=0 L=0.00505 tgt=+0.033/0.336 cfg/b=14326 prep=0.30s gpu=0.00s conv=0.00s add=0.17s train=1.52s
[t= 461.2s] rebel stream solves=219136 solves=1365/s rows=10669/s balanced_solves=1365/s debt=0 rows steps=856 over=0 card=0 drop=0 L=0.00597 tgt=+0.024/0.335 cfg/b=14080 prep=0.28s gpu=0.00s conv=0.00s add=0.21s train=1.63s
[t= 471.4s] rebel stream solves=233472 solves=1368/s rows=10692/s balanced_solves=1368/s debt=0 rows steps=912 over=0 card=0 drop=0 L=0.00652 tgt=+0.024/0.313 cfg/b=14083 prep=0.32s gpu=0.00s conv=0.00s add=0.24s train=1.79s
[t= 481.4s] rebel stream solves=248832 solves=1377/s rows=10768/s balanced_solves=1377/s debt=0 rows steps=972 over=0 card=0 drop=0 L=0.00720 tgt=+0.028/0.305 cfg/b=14432 prep=0.32s gpu=0.00s conv=0.00s add=0.27s train=1.81s
[t= 491.4s] rebel stream solves=264192 solves=1385/s rows=10834/s balanced_solves=1385/s debt=0 rows steps=1032 over=0 card=0 drop=0 L=0.00791 tgt=+0.026/0.297 cfg/b=14752 prep=0.33s gpu=0.00s conv=0.00s add=0.28s train=1.86s
[t= 501.4s] rebel stream solves=279552 solves=1393/s rows=10891/s balanced_solves=1393/s debt=0 rows steps=1092 over=0 card=0 drop=0 L=0.00842 tgt=+0.019/0.298 cfg/b=14024 prep=0.29s gpu=0.00s conv=0.00s add=0.30s train=1.80s
[t= 501.7s] --- lr -> 2.50e-04 ---
[t= 511.5s] rebel stream solves=295936 solves=1404/s rows=10983/s balanced_solves=1404/s debt=0 rows steps=1156 over=0 card=0 drop=0 L=0.00879 tgt=+0.009/0.286 cfg/b=13695 prep=0.31s gpu=0.00s conv=0.00s add=0.34s train=1.89s
[t= 521.5s] rebel stream solves=311296 solves=1410/s rows=11033/s balanced_solves=1410/s debt=0 rows steps=1216 over=0 card=0 drop=0 L=0.00848 tgt=+0.004/0.278 cfg/b=14037 prep=0.30s gpu=0.00s conv=0.00s add=0.34s train=1.84s
[t= 531.5s] rebel stream solves=324608 solves=1406/s rows=11007/s balanced_solves=1406/s debt=0 rows steps=1268 over=0 card=0 drop=0 L=0.00807 tgt=-0.000/0.279 cfg/b=14272 prep=0.29s gpu=0.00s conv=0.00s add=0.28s train=1.57s
[t= 541.5s] rebel stream solves=337920 solves=1403/s rows=10986/s balanced_solves=1403/s debt=0 rows steps=1320 over=0 card=0 drop=0 L=0.00829 tgt=+0.008/0.266 cfg/b=14187 prep=0.27s gpu=0.00s conv=0.00s add=0.29s train=1.57s
[t= 551.7s] rebel stream solves=350208 solves=1395/s rows=10927/s balanced_solves=1395/s debt=0 rows steps=1368 over=0 card=0 drop=0 L=0.00742 tgt=+0.005/0.267 cfg/b=14489 prep=0.24s gpu=0.00s conv=0.01s add=0.26s train=1.40s
[t= 561.7s] rebel stream solves=361472 solves=1385/s rows=10848/s balanced_solves=1385/s debt=0 rows steps=1412 over=0 card=0 drop=0 L=0.00741 tgt=-0.001/0.274 cfg/b=14598 prep=0.21s gpu=0.00s conv=0.00s add=0.25s train=1.27s
[t= 571.7s] rebel stream solves=371712 solves=1371/s rows=10746/s balanced_solves=1371/s debt=0 rows steps=1452 over=0 card=0 drop=0 L=0.00767 tgt=-0.001/0.282 cfg/b=14538 prep=0.25s gpu=0.00s conv=0.01s add=0.23s train=1.24s
[t= 580.3s] --- stopping GPU admission; draining ---
[t= 581.8s] rebel stream solves=381952 solves=1359/s rows=10651/s balanced_solves=1359/s debt=0 rows steps=1492 over=0 card=0 drop=0 L=0.00759 tgt=-0.002/0.273 cfg/b=14514 prep=0.26s gpu=0.00s conv=0.00s add=0.21s train=1.26s
[t= 591.8s] rebel stream solves=381952 solves=1312/s rows=10284/s balanced_solves=1312/s debt=0 rows steps=1492 over=0 card=0 drop=0 L=0.00000 tgt=+0.000/0.000 cfg/b=0 prep=0.00s gpu=0.00s conv=0.00s add=0.00s train=0.00s
[t= 600.7s] --- snapshot snap_01.pt (s1) ---
[t= 601.8s] rebel stream solves=381952 solves=1268/s rows=9940/s balanced_solves=1268/s debt=0 rows steps=1492 over=0 card=0 drop=0 L=0.00000 tgt=+0.000/0.000 cfg/b=0 prep=0.00s gpu=0.00s conv=0.00s add=0.00s train=0.00s
[t= 611.8s] rebel stream solves=382509 solves=1230/s rows=9638/s balanced_solves=1230/s debt=180 rows steps=1494 over=0 card=0 drop=0 L=0.00655 tgt=-0.013/0.267 cfg/b=14183 prep=0.01s gpu=0.00s conv=0.00s add=0.02s train=0.06s
[gpu-summary] solves=382509 rows=2997961 optimizer_rows=1529856 ratio=4.000 debt=180 solves=1229.5/s rows=9636.3/s balanced_solves=1229.3/s over=0 card=0 censored=4608 dropped=0 overrun=11.80s
[report] /workspace/warchest-v5/runs/verify2/report.html
