[train] CUDA stream priority -1
[gpu] solve services up on [0, 1]
[cfg] PUBFEAT=897 CFEAT=16 hidden=384 head=384 dg=64 rank=64 depth=2 iters=64 budget=480s warm=0s device=cuda:1 draft=random snapshot_every=60.0min train_gen_ratio=4.0 recent_mix=0.5/0.2 augment=True cap=2000000 matmul=high
[t=   0.0s] --- snapshot snap_00.pt (init) ---
[t=   0.0s] --- switching to ReBeL ---
v5 GEMM compute=fast-f16
[t=  10.1s] rebel stream solves=6144 raw=611/s balanced=611/s debt=0 rows steps=24 over=0 card=0 drop=0 L=0.00142 tgt=+0.018/0.122 cfg/b=52523 prep=1.96s gpu=0.00s conv=0.01s add=0.24s train=7.02s
[t=  21.9s] rebel stream solves=16384 raw=748/s balanced=748/s debt=0 rows steps=64 over=0 card=0 drop=0 L=0.00066 tgt=+0.019/0.122 cfg/b=57751 prep=1.65s gpu=0.00s conv=0.10s add=1.61s train=6.09s
[t=  32.1s] rebel stream solves=32768 raw=1022/s balanced=1022/s debt=0 rows steps=128 over=0 card=0 drop=0 L=0.00044 tgt=+0.021/0.125 cfg/b=86390 prep=2.06s gpu=0.00s conv=0.21s add=2.65s train=5.44s
[t=  42.9s] rebel stream solves=45056 raw=1051/s balanced=1051/s debt=0 rows steps=176 over=0 card=0 drop=0 L=0.00036 tgt=+0.022/0.132 cfg/b=38570 prep=2.29s gpu=0.00s conv=0.03s add=0.48s train=8.07s
[t=  52.9s] rebel stream solves=50176 raw=949/s balanced=949/s debt=0 rows steps=196 over=0 card=0 drop=0 L=0.00035 tgt=+0.022/0.135 cfg/b=42696 prep=1.06s gpu=0.00s conv=0.01s add=0.42s train=2.43s
[t=  63.0s] rebel stream solves=53248 raw=846/s balanced=846/s debt=0 rows steps=208 over=0 card=0 drop=0 L=0.00034 tgt=+0.018/0.136 cfg/b=45498 prep=0.69s gpu=0.00s conv=0.00s add=0.26s train=1.51s
[t=  73.5s] rebel stream solves=57344 raw=780/s balanced=780/s debt=0 rows steps=224 over=0 card=0 drop=0 L=0.00036 tgt=+0.013/0.135 cfg/b=46230 prep=1.26s gpu=0.00s conv=0.02s add=0.62s train=2.35s
[t=  83.6s] rebel stream solves=61440 raw=735/s balanced=735/s debt=0 rows steps=240 over=0 card=0 drop=0 L=0.00037 tgt=+0.011/0.139 cfg/b=50082 prep=0.90s gpu=0.00s conv=0.02s add=0.50s train=2.05s
[t=  94.3s] rebel stream solves=65536 raw=695/s balanced=695/s debt=0 rows steps=256 over=0 card=0 drop=0 L=0.00039 tgt=+0.015/0.139 cfg/b=52044 prep=1.99s gpu=0.00s conv=0.01s add=0.50s train=3.21s
[t= 104.4s] rebel stream solves=69632 raw=667/s balanced=667/s debt=0 rows steps=272 over=0 card=0 drop=0 L=0.00041 tgt=+0.011/0.141 cfg/b=50561 prep=1.03s gpu=0.00s conv=0.01s add=0.43s train=2.20s
[t= 115.0s] rebel stream solves=73728 raw=641/s balanced=641/s debt=0 rows steps=288 over=0 card=0 drop=0 L=0.00050 tgt=+0.013/0.144 cfg/b=46269 prep=1.36s gpu=0.00s conv=0.01s add=0.34s train=2.68s
[t= 125.1s] rebel stream solves=76800 raw=614/s balanced=614/s debt=0 rows steps=300 over=0 card=0 drop=0 L=0.00056 tgt=+0.006/0.152 cfg/b=44383 prep=1.12s gpu=0.00s conv=0.00s add=0.17s train=1.86s
[t= 135.1s] rebel stream solves=78848 raw=584/s balanced=584/s debt=0 rows steps=308 over=0 card=0 drop=0 L=0.00069 tgt=+0.016/0.162 cfg/b=41223 prep=0.30s gpu=0.00s conv=0.00s add=0.15s train=0.76s
[t= 145.1s] rebel stream solves=81920 raw=565/s balanced=565/s debt=0 rows steps=320 over=0 card=0 drop=0 L=0.00061 tgt=+0.012/0.161 cfg/b=39632 prep=0.86s gpu=0.00s conv=0.00s add=0.31s train=1.86s
[t= 155.1s] rebel stream solves=83968 raw=541/s balanced=541/s debt=0 rows steps=328 over=0 card=0 drop=0 L=0.00080 tgt=+0.011/0.167 cfg/b=38560 prep=0.37s gpu=0.00s conv=0.00s add=0.14s train=1.00s
[t= 158.5s] --- lr -> 5.00e-04 ---
[t= 165.1s] rebel stream solves=86016 raw=521/s balanced=521/s debt=0 rows steps=336 over=0 card=0 drop=0 L=0.00136 tgt=+0.013/0.173 cfg/b=38224 prep=0.16s gpu=0.00s conv=0.00s add=0.10s train=0.69s
[t= 175.2s] rebel stream solves=87040 raw=497/s balanced=497/s debt=0 rows steps=340 over=0 card=0 drop=0 L=0.00125 tgt=+0.007/0.198 cfg/b=38706 prep=0.07s gpu=0.00s conv=0.00s add=0.06s train=0.32s
[t= 185.2s] rebel stream solves=89088 raw=481/s balanced=481/s debt=0 rows steps=348 over=0 card=0 drop=0 L=0.00158 tgt=+0.013/0.204 cfg/b=36538 prep=0.17s gpu=0.00s conv=0.00s add=0.12s train=0.73s
[t= 195.3s] rebel stream solves=91136 raw=467/s balanced=467/s debt=0 rows steps=356 over=0 card=0 drop=0 L=0.00181 tgt=+0.004/0.207 cfg/b=35859 prep=0.14s gpu=0.00s conv=0.00s add=0.12s train=0.58s
[t= 205.3s] rebel stream solves=93184 raw=454/s balanced=454/s debt=0 rows steps=364 over=0 card=0 drop=0 L=0.00179 tgt=+0.015/0.211 cfg/b=37063 prep=0.24s gpu=0.00s conv=0.00s add=0.13s train=0.85s
[t= 215.4s] rebel stream solves=94208 raw=438/s balanced=438/s debt=0 rows steps=368 over=0 card=0 drop=0 L=0.00216 tgt=+0.002/0.233 cfg/b=35833 prep=0.09s gpu=0.00s conv=0.00s add=0.05s train=0.29s
[t= 225.4s] rebel stream solves=96256 raw=427/s balanced=427/s debt=0 rows steps=376 over=0 card=0 drop=0 L=0.00297 tgt=+0.011/0.217 cfg/b=37333 prep=0.23s gpu=0.00s conv=0.00s add=0.09s train=0.71s
[t= 235.4s] rebel stream solves=98304 raw=418/s balanced=418/s debt=0 rows steps=384 over=0 card=0 drop=0 L=0.00291 tgt=+0.010/0.208 cfg/b=35661 prep=0.30s gpu=0.00s conv=0.00s add=0.14s train=0.88s
[t= 245.4s] rebel stream solves=101376 raw=413/s balanced=413/s debt=0 rows steps=396 over=0 card=0 drop=0 L=0.00327 tgt=+0.003/0.208 cfg/b=35299 prep=0.53s gpu=0.00s conv=0.00s add=0.17s train=1.35s
[t= 255.5s] rebel stream solves=103424 raw=405/s balanced=405/s debt=0 rows steps=404 over=0 card=0 drop=0 L=0.00349 tgt=+0.007/0.217 cfg/b=35151 prep=0.17s gpu=0.00s conv=0.00s add=0.13s train=0.55s
[t= 265.5s] rebel stream solves=105472 raw=397/s balanced=397/s debt=0 rows steps=412 over=0 card=0 drop=0 L=0.00367 tgt=+0.010/0.247 cfg/b=35039 prep=0.13s gpu=0.00s conv=0.00s add=0.09s train=0.59s
[t= 275.5s] rebel stream solves=107520 raw=390/s balanced=390/s debt=0 rows steps=420 over=0 card=0 drop=0 L=0.00348 tgt=+0.001/0.239 cfg/b=35594 prep=0.21s gpu=0.00s conv=0.00s add=0.16s train=0.68s
[t= 285.5s] rebel stream solves=110592 raw=387/s balanced=387/s debt=0 rows steps=432 over=0 card=0 drop=0 L=0.00442 tgt=+0.006/0.239 cfg/b=35034 prep=0.31s gpu=0.00s conv=0.00s add=0.23s train=1.27s
[t= 295.6s] rebel stream solves=113664 raw=385/s balanced=385/s debt=0 rows steps=444 over=0 card=0 drop=0 L=0.00508 tgt=+0.008/0.254 cfg/b=34867 prep=0.33s gpu=0.00s conv=0.00s add=0.18s train=0.96s
[t= 305.6s] rebel stream solves=116736 raw=382/s balanced=382/s debt=0 rows steps=456 over=0 card=0 drop=0 L=0.00531 tgt=+0.003/0.260 cfg/b=34904 prep=0.29s gpu=0.00s conv=0.00s add=0.18s train=0.82s
[t= 315.8s] rebel stream solves=121856 raw=386/s balanced=386/s debt=0 rows steps=476 over=0 card=0 drop=0 L=0.00506 tgt=+0.017/0.273 cfg/b=35098 prep=0.22s gpu=0.00s conv=0.00s add=0.26s train=0.99s
[t= 321.7s] --- lr -> 2.50e-04 ---
[t= 325.9s] rebel stream solves=124928 raw=383/s balanced=383/s debt=0 rows steps=488 over=0 card=0 drop=0 L=0.00592 tgt=+0.013/0.277 cfg/b=35277 prep=0.12s gpu=0.00s conv=0.00s add=0.12s train=0.55s
[t= 335.9s] rebel stream solves=129024 raw=384/s balanced=384/s debt=0 rows steps=504 over=0 card=0 drop=0 L=0.00598 tgt=+0.010/0.273 cfg/b=34596 prep=0.22s gpu=0.00s conv=0.00s add=0.18s train=0.83s
[t= 345.9s] rebel stream solves=134144 raw=388/s balanced=388/s debt=0 rows steps=524 over=0 card=0 drop=0 L=0.00601 tgt=+0.007/0.265 cfg/b=35279 prep=0.32s gpu=0.00s conv=0.00s add=0.24s train=1.08s
[t= 356.0s] rebel stream solves=140288 raw=394/s balanced=394/s debt=0 rows steps=548 over=0 card=0 drop=0 L=0.00656 tgt=+0.007/0.274 cfg/b=34307 prep=0.56s gpu=0.00s conv=0.00s add=0.22s train=1.53s
[t= 366.1s] rebel stream solves=146432 raw=400/s balanced=400/s debt=0 rows steps=572 over=0 card=0 drop=0 L=0.00689 tgt=+0.004/0.284 cfg/b=34329 prep=0.47s gpu=0.00s conv=0.01s add=0.28s train=1.41s
[t= 376.1s] rebel stream solves=152576 raw=406/s balanced=406/s debt=0 rows steps=596 over=0 card=0 drop=0 L=0.00693 tgt=-0.004/0.287 cfg/b=34371 prep=0.63s gpu=0.00s conv=0.01s add=0.29s train=1.47s
[t= 386.1s] rebel stream solves=159744 raw=414/s balanced=414/s debt=0 rows steps=624 over=0 card=0 drop=0 L=0.00676 tgt=+0.002/0.297 cfg/b=33408 prep=0.50s gpu=0.00s conv=0.01s add=0.39s train=1.56s
[t= 396.1s] rebel stream solves=165888 raw=419/s balanced=419/s debt=0 rows steps=648 over=0 card=0 drop=0 L=0.00676 tgt=+0.003/0.299 cfg/b=32980 prep=0.38s gpu=0.00s conv=0.01s add=0.25s train=1.41s
[t= 406.1s] rebel stream solves=173056 raw=426/s balanced=426/s debt=0 rows steps=676 over=0 card=0 drop=0 L=0.00722 tgt=-0.005/0.308 cfg/b=33619 prep=0.55s gpu=0.00s conv=0.01s add=0.31s train=1.79s
[t= 416.2s] rebel stream solves=179200 raw=431/s balanced=431/s debt=0 rows steps=700 over=0 card=0 drop=0 L=0.00723 tgt=+0.007/0.298 cfg/b=32833 prep=0.76s gpu=0.00s conv=0.01s add=0.28s train=1.64s
[t= 426.2s] rebel stream solves=186368 raw=437/s balanced=437/s debt=0 rows steps=728 over=0 card=0 drop=0 L=0.00752 tgt=+0.005/0.297 cfg/b=33001 prep=0.60s gpu=0.00s conv=0.01s add=0.29s train=1.71s
[t= 436.4s] rebel stream solves=192512 raw=441/s balanced=441/s debt=0 rows steps=752 over=0 card=0 drop=0 L=0.00738 tgt=+0.011/0.295 cfg/b=32490 prep=0.36s gpu=0.00s conv=0.01s add=0.32s train=1.32s
[t= 446.4s] rebel stream solves=199680 raw=447/s balanced=447/s debt=0 rows steps=780 over=0 card=0 drop=0 L=0.00770 tgt=+0.011/0.296 cfg/b=32401 prep=0.51s gpu=0.00s conv=0.01s add=0.29s train=1.81s
[t= 456.4s] rebel stream solves=206848 raw=453/s balanced=453/s debt=0 rows steps=808 over=0 card=0 drop=0 L=0.00760 tgt=+0.011/0.306 cfg/b=32148 prep=0.54s gpu=0.00s conv=0.01s add=0.31s train=1.73s
[t= 465.0s] --- stopping GPU admission; draining ---
[t= 466.5s] rebel stream solves=214016 raw=459/s balanced=459/s debt=0 rows steps=836 over=0 card=0 drop=0 L=0.00745 tgt=+0.007/0.309 cfg/b=32232 prep=0.53s gpu=0.00s conv=0.01s add=0.37s train=1.41s
[t= 476.5s] rebel stream solves=215040 raw=451/s balanced=451/s debt=0 rows steps=840 over=0 card=0 drop=0 L=0.00776 tgt=-0.004/0.312 cfg/b=32109 prep=0.02s gpu=0.00s conv=0.00s add=0.04s train=0.11s
[t= 486.6s] rebel stream solves=215040 raw=442/s balanced=442/s debt=0 rows steps=840 over=0 card=0 drop=0 L=0.00000 tgt=+0.000/0.000 cfg/b=0 prep=0.00s gpu=0.00s conv=0.00s add=0.00s train=0.00s
[t= 496.6s] rebel stream solves=215040 raw=433/s balanced=433/s debt=0 rows steps=840 over=0 card=0 drop=0 L=0.00000 tgt=+0.000/0.000 cfg/b=0 prep=0.00s gpu=0.00s conv=0.00s add=0.00s train=0.00s
[t= 506.6s] rebel stream solves=215040 raw=425/s balanced=425/s debt=0 rows steps=840 over=0 card=0 drop=0 L=0.00000 tgt=+0.000/0.000 cfg/b=0 prep=0.00s gpu=0.00s conv=0.00s add=0.00s train=0.00s
[t= 507.6s] rebel stream solves=215762 raw=425/s balanced=425/s debt=840 rows steps=842 over=0 card=0 drop=0 L=0.00708 tgt=+0.006/0.295 cfg/b=32906 prep=0.01s gpu=0.00s conv=0.00s add=0.03s train=0.05s
[gpu-summary] solves=215762 optimizer_rows=862208 debt=840 raw=425.1/s balanced=424.7/s over=0 card=0 exact=0 censored=4608 dropped=0 overrun=27.63s
[t= 507.6s] --- snapshot snap_01.pt (final) ---
