[ladder] 7 players, 21 pairings, 40 paired games each (depth=2 iters=64)
                        random vs greedy                       W   0 L  29 D  11  score 0.138
                        random vs t64_h384_dg64_s11.final      W   0 L  39 D   1  score 0.013
                        random vs t256_h384_dg64_s12_r2.final  W   0 L  40 D   0  score 0.000
                        random vs t64_h512_dg96_s13.final      W   0 L  39 D   1  score 0.013
                        random vs t64_turbo_s14.final          W   0 L  39 D   1  score 0.013
                        random vs t512_turbo_s15.final         W   0 L  38 D   2  score 0.025
                        greedy vs t64_h384_dg64_s11.final      W   0 L  40 D   0  score 0.000
                        greedy vs t256_h384_dg64_s12_r2.final  W   0 L  40 D   0  score 0.000
                        greedy vs t64_h512_dg96_s13.final      W   0 L  36 D   4  score 0.050
                        greedy vs t64_turbo_s14.final          W   0 L  40 D   0  score 0.000
                        greedy vs t512_turbo_s15.final         W   0 L  39 D   1  score 0.013
       t64_h384_dg64_s11.final vs t256_h384_dg64_s12_r2.final  W  27 L  13 D   0  score 0.675
       t64_h384_dg64_s11.final vs t64_h512_dg96_s13.final      W  23 L  17 D   0  score 0.575
       t64_h384_dg64_s11.final vs t64_turbo_s14.final          W  23 L  17 D   0  score 0.575
       t64_h384_dg64_s11.final vs t512_turbo_s15.final         W  34 L   6 D   0  score 0.850
   t256_h384_dg64_s12_r2.final vs t64_h512_dg96_s13.final      W  15 L  25 D   0  score 0.375
   t256_h384_dg64_s12_r2.final vs t64_turbo_s14.final          W  15 L  23 D   2  score 0.400
   t256_h384_dg64_s12_r2.final vs t512_turbo_s15.final         W  27 L  12 D   1  score 0.688
       t64_h512_dg96_s13.final vs t64_turbo_s14.final          W  15 L  25 D   0  score 0.375
       t64_h512_dg96_s13.final vs t512_turbo_s15.final         W  30 L   9 D   1  score 0.762
           t64_turbo_s14.final vs t512_turbo_s15.final         W  36 L   2 D   2  score 0.925

=== Elo (/Users/filip/Code/warchest-engine/runs/ladder_finals, random = 0) ===
                      player   trained     elo    +-   score
     t64_h384_dg64_s11.final  270.0min     919    30   0.777
         t64_turbo_s14.final  270.1min     904    29   0.760
     t64_h512_dg96_s13.final  270.2min     841    28   0.688
 t256_h384_dg64_s12_r2.final  270.2min     793    28   0.631
        t512_turbo_s15.final  270.0min     634    31   0.456
                      greedy         -     226    47   0.154
                      random         -       0    58   0.033
