[train] runs/wp at a9b3044+dirty seed=1 {'note': 'WP coin is a private zone'}
[train] WP coin is a private zone
[cpu] pinned to 36 physical cores
[train] CUDA stream priority -1
[gpu] solve services up on [0, 1]
[cfg] PUBFEAT=897 CFEAT=16 hidden=384 head=384 dg=64 rank=64 depth=2 iters=64 budget=1800s warm=300s snapshot_every=6min device=cuda:1 draft=random train_gen_ratio=4.0 recent_mix=0.5/0.2 augment=True cap=2000000 matmul=high
[t=   2.3s] greedy ep  0 games=  96 dec= 18968 rows= 18118 horizon=0.30 L=0.07956 L/var=0.34 tgt=-0.023/0.482 pstd=0.499 gen=0.1s train=2.1s
[t=   4.1s] greedy ep  1 games=  96 dec= 18844 rows= 18051 horizon=0.33 L=0.03492 L/var=0.14 tgt=-0.058/0.494 pstd=0.497 gen=0.1s train=1.6s
[t=   5.9s] greedy ep  2 games=  96 dec= 18181 rows= 17414 horizon=0.27 L=0.03052 L/var=0.12 tgt=-0.025/0.512 pstd=0.499 gen=0.1s train=1.6s
[t=   7.7s] greedy ep  3 games=  96 dec= 17989 rows= 17120 horizon=0.26 L=0.02886 L/var=0.12 tgt=-0.029/0.495 pstd=0.485 gen=0.1s train=1.6s
[t=   9.6s] greedy ep  4 games=  96 dec= 18823 rows= 18078 horizon=0.29 L=0.02296 L/var=0.10 tgt=-0.022/0.471 pstd=0.493 gen=0.1s train=1.7s
[t=  11.5s] greedy ep  5 games=  96 dec= 18924 rows= 18146 horizon=0.33 L=0.02172 L/var=0.09 tgt=-0.029/0.496 pstd=0.499 gen=0.1s train=1.7s
[t=  13.2s] greedy ep  6 games=  96 dec= 17615 rows= 16921 horizon=0.26 L=0.02157 L/var=0.08 tgt=-0.041/0.511 pstd=0.498 gen=0.1s train=1.5s
[t=  15.1s] greedy ep  7 games=  96 dec= 18608 rows= 17786 horizon=0.36 L=0.01974 L/var=0.08 tgt=-0.065/0.495 pstd=0.494 gen=0.1s train=1.6s
[t=  16.9s] greedy ep  8 games=  96 dec= 19040 rows= 18296 horizon=0.36 L=0.01769 L/var=0.08 tgt=-0.019/0.484 pstd=0.485 gen=0.1s train=1.7s
[t=  18.8s] greedy ep  9 games=  96 dec= 18200 rows= 17459 horizon=0.27 L=0.01878 L/var=0.07 tgt=-0.034/0.513 pstd=0.494 gen=0.1s train=1.6s
[t=  20.5s] greedy ep 10 games=  96 dec= 17927 rows= 17200 horizon=0.24 L=0.01847 L/var=0.07 tgt=-0.036/0.524 pstd=0.480 gen=0.1s train=1.6s
[t=  22.4s] greedy ep 11 games=  96 dec= 17941 rows= 17162 horizon=0.28 L=0.01888 L/var=0.08 tgt=-0.044/0.477 pstd=0.491 gen=0.1s train=1.6s
[t=  24.1s] greedy ep 12 games=  96 dec= 17384 rows= 16648 horizon=0.25 L=0.01911 L/var=0.08 tgt=-0.023/0.503 pstd=0.489 gen=0.1s train=1.5s
[t=  25.9s] greedy ep 13 games=  96 dec= 18153 rows= 17377 horizon=0.28 L=0.01766 L/var=0.07 tgt=-0.027/0.502 pstd=0.495 gen=0.1s train=1.6s
[t=  27.7s] greedy ep 14 games=  96 dec= 18097 rows= 17377 horizon=0.26 L=0.01791 L/var=0.07 tgt=-0.037/0.511 pstd=0.495 gen=0.1s train=1.6s
[t=  29.6s] greedy ep 15 games=  96 dec= 18356 rows= 17581 horizon=0.30 L=0.01717 L/var=0.07 tgt=-0.023/0.496 pstd=0.493 gen=0.1s train=1.6s
[t=  31.5s] greedy ep 16 games=  96 dec= 19141 rows= 18328 horizon=0.32 L=0.01573 L/var=0.07 tgt=+0.010/0.479 pstd=0.485 gen=0.1s train=1.7s
[t=  33.4s] greedy ep 17 games=  96 dec= 18885 rows= 18173 horizon=0.30 L=0.01635 L/var=0.06 tgt=-0.054/0.508 pstd=0.488 gen=0.1s train=1.7s
[t=  35.1s] greedy ep 18 games=  96 dec= 17886 rows= 17103 horizon=0.25 L=0.01816 L/var=0.07 tgt=-0.021/0.507 pstd=0.481 gen=0.1s train=1.6s
[t=  36.9s] greedy ep 19 games=  96 dec= 17738 rows= 16961 horizon=0.23 L=0.01832 L/var=0.07 tgt=-0.065/0.530 pstd=0.462 gen=0.1s train=1.6s
[t=  38.7s] greedy ep 20 games=  96 dec= 17716 rows= 17039 horizon=0.28 L=0.01669 L/var=0.06 tgt=-0.071/0.515 pstd=0.477 gen=0.1s train=1.6s
[t=  40.5s] greedy ep 21 games=  96 dec= 17777 rows= 17032 horizon=0.23 L=0.01690 L/var=0.06 tgt=-0.051/0.520 pstd=0.494 gen=0.1s train=1.6s
[t=  42.3s] greedy ep 22 games=  96 dec= 18472 rows= 17732 horizon=0.33 L=0.01566 L/var=0.07 tgt=-0.019/0.474 pstd=0.485 gen=0.1s train=1.6s
[t=  44.2s] greedy ep 23 games=  96 dec= 18429 rows= 17627 horizon=0.27 L=0.01570 L/var=0.07 tgt=-0.006/0.478 pstd=0.485 gen=0.1s train=1.6s
[t=  46.1s] greedy ep 24 games=  96 dec= 18992 rows= 18327 horizon=0.35 L=0.01709 L/var=0.07 tgt=-0.014/0.487 pstd=0.489 gen=0.1s train=1.7s
[t=  47.9s] greedy ep 25 games=  96 dec= 18039 rows= 17262 horizon=0.23 L=0.01766 L/var=0.07 tgt=-0.025/0.517 pstd=0.491 gen=0.1s train=1.6s
[t=  49.8s] greedy ep 26 games=  96 dec= 19627 rows= 18805 horizon=0.33 L=0.01689 L/var=0.07 tgt=-0.037/0.501 pstd=0.500 gen=0.1s train=1.7s
[t=  51.7s] greedy ep 27 games=  96 dec= 18752 rows= 17930 horizon=0.27 L=0.01679 L/var=0.07 tgt=-0.031/0.485 pstd=0.483 gen=0.1s train=1.7s
[t=  53.6s] greedy ep 28 games=  96 dec= 19116 rows= 18327 horizon=0.31 L=0.01652 L/var=0.07 tgt=-0.035/0.484 pstd=0.493 gen=0.1s train=1.7s
[t=  55.5s] greedy ep 29 games=  96 dec= 18708 rows= 17952 horizon=0.27 L=0.01670 L/var=0.07 tgt=-0.051/0.503 pstd=0.491 gen=0.1s train=1.7s
[t=  57.4s] greedy ep 30 games=  96 dec= 19066 rows= 18248 horizon=0.31 L=0.01608 L/var=0.07 tgt=-0.032/0.479 pstd=0.505 gen=0.1s train=1.7s
[t=  59.3s] greedy ep 31 games=  96 dec= 18369 rows= 17570 horizon=0.26 L=0.01622 L/var=0.06 tgt=-0.041/0.509 pstd=0.492 gen=0.1s train=1.6s
[t=  61.1s] greedy ep 32 games=  96 dec= 18567 rows= 17800 horizon=0.30 L=0.01605 L/var=0.07 tgt=+0.001/0.480 pstd=0.496 gen=0.1s train=1.7s
[t=  63.0s] greedy ep 33 games=  96 dec= 18636 rows= 17813 horizon=0.31 L=0.01607 L/var=0.06 tgt=-0.002/0.514 pstd=0.482 gen=0.1s train=1.7s
[t=  64.9s] greedy ep 34 games=  96 dec= 18664 rows= 17825 horizon=0.29 L=0.01616 L/var=0.08 tgt=+0.020/0.463 pstd=0.496 gen=0.1s train=1.6s
[t=  66.7s] greedy ep 35 games=  96 dec= 17787 rows= 17046 horizon=0.22 L=0.01673 L/var=0.06 tgt=-0.039/0.539 pstd=0.480 gen=0.1s train=1.6s
[t=  68.6s] greedy ep 36 games=  96 dec= 19279 rows= 18442 horizon=0.33 L=0.01700 L/var=0.07 tgt=-0.046/0.480 pstd=0.489 gen=0.1s train=1.7s
[t=  70.4s] greedy ep 37 games=  96 dec= 18316 rows= 17468 horizon=0.32 L=0.01542 L/var=0.05 tgt=-0.034/0.532 pstd=0.488 gen=0.1s train=1.6s
[t=  72.3s] greedy ep 38 games=  96 dec= 19158 rows= 18321 horizon=0.32 L=0.01591 L/var=0.07 tgt=-0.020/0.472 pstd=0.481 gen=0.1s train=1.7s
[t=  74.1s] greedy ep 39 games=  96 dec= 18549 rows= 17774 horizon=0.26 L=0.01699 L/var=0.06 tgt=-0.037/0.514 pstd=0.487 gen=0.1s train=1.6s
[t=  76.0s] greedy ep 40 games=  96 dec= 18971 rows= 18211 horizon=0.34 L=0.01655 L/var=0.08 tgt=-0.007/0.461 pstd=0.485 gen=0.1s train=1.7s
[t=  78.0s] greedy ep 41 games=  96 dec= 18692 rows= 17843 horizon=0.28 L=0.01679 L/var=0.07 tgt=-0.044/0.507 pstd=0.484 gen=0.1s train=1.7s
[t=  79.9s] greedy ep 42 games=  96 dec= 19162 rows= 18375 horizon=0.38 L=0.01622 L/var=0.07 tgt=-0.035/0.494 pstd=0.467 gen=0.1s train=1.7s
[t=  81.8s] greedy ep 43 games=  96 dec= 19468 rows= 18602 horizon=0.35 L=0.01621 L/var=0.08 tgt=-0.058/0.456 pstd=0.491 gen=0.1s train=1.7s
[t=  83.7s] greedy ep 44 games=  96 dec= 18443 rows= 17624 horizon=0.28 L=0.01610 L/var=0.07 tgt=-0.009/0.479 pstd=0.488 gen=0.1s train=1.6s
[t=  85.5s] greedy ep 45 games=  96 dec= 17350 rows= 16706 horizon=0.25 L=0.01736 L/var=0.06 tgt=-0.084/0.527 pstd=0.493 gen=0.1s train=1.6s
[t=  87.3s] greedy ep 46 games=  96 dec= 17993 rows= 17239 horizon=0.28 L=0.01746 L/var=0.07 tgt=-0.013/0.495 pstd=0.491 gen=0.1s train=1.6s
[t=  89.2s] greedy ep 47 games=  96 dec= 18984 rows= 18180 horizon=0.29 L=0.01731 L/var=0.08 tgt=-0.024/0.472 pstd=0.505 gen=0.1s train=1.7s
[t=  91.0s] greedy ep 48 games=  96 dec= 18071 rows= 17405 horizon=0.30 L=0.01628 L/var=0.06 tgt=-0.041/0.510 pstd=0.489 gen=0.1s train=1.6s
[t=  93.0s] greedy ep 49 games=  96 dec= 19599 rows= 18844 horizon=0.40 L=0.01591 L/var=0.08 tgt=-0.000/0.457 pstd=0.483 gen=0.1s train=1.8s
[t=  94.8s] greedy ep 50 games=  96 dec= 17856 rows= 17099 horizon=0.25 L=0.01668 L/var=0.06 tgt=-0.060/0.543 pstd=0.472 gen=0.1s train=1.6s
[t=  96.6s] greedy ep 51 games=  96 dec= 17858 rows= 17043 horizon=0.24 L=0.01632 L/var=0.06 tgt=-0.027/0.530 pstd=0.484 gen=0.1s train=1.6s
[t=  98.5s] greedy ep 52 games=  96 dec= 18973 rows= 18262 horizon=0.35 L=0.01677 L/var=0.08 tgt=-0.041/0.460 pstd=0.475 gen=0.1s train=1.7s
[t= 100.3s] greedy ep 53 games=  96 dec= 17565 rows= 16777 horizon=0.19 L=0.01692 L/var=0.06 tgt=-0.031/0.511 pstd=0.481 gen=0.1s train=1.5s
[t= 102.1s] greedy ep 54 games=  96 dec= 17835 rows= 17151 horizon=0.25 L=0.01707 L/var=0.07 tgt=-0.001/0.492 pstd=0.480 gen=0.1s train=1.6s
[t= 103.8s] greedy ep 55 games=  96 dec= 17927 rows= 17096 horizon=0.25 L=0.01650 L/var=0.07 tgt=-0.008/0.470 pstd=0.475 gen=0.1s train=1.6s
[t= 105.7s] greedy ep 56 games=  96 dec= 18561 rows= 17765 horizon=0.28 L=0.01794 L/var=0.08 tgt=-0.036/0.484 pstd=0.483 gen=0.1s train=1.6s
[t= 107.6s] greedy ep 57 games=  96 dec= 18688 rows= 17872 horizon=0.25 L=0.01718 L/var=0.06 tgt=-0.014/0.515 pstd=0.492 gen=0.1s train=1.6s
[t= 109.5s] greedy ep 58 games=  96 dec= 19251 rows= 18414 horizon=0.34 L=0.01676 L/var=0.07 tgt=-0.060/0.493 pstd=0.490 gen=0.1s train=1.7s
[t= 111.5s] greedy ep 59 games=  96 dec= 19596 rows= 18724 horizon=0.36 L=0.01623 L/var=0.08 tgt=-0.050/0.460 pstd=0.475 gen=0.1s train=1.7s
[t= 113.3s] greedy ep 60 games=  96 dec= 18869 rows= 17979 horizon=0.30 L=0.01689 L/var=0.07 tgt=-0.032/0.484 pstd=0.485 gen=0.1s train=1.7s
[t= 115.2s] greedy ep 61 games=  96 dec= 18419 rows= 17673 horizon=0.25 L=0.01658 L/var=0.06 tgt=-0.009/0.517 pstd=0.504 gen=0.1s train=1.6s
[t= 117.1s] greedy ep 62 games=  96 dec= 19032 rows= 18186 horizon=0.32 L=0.01669 L/var=0.07 tgt=-0.036/0.503 pstd=0.490 gen=0.1s train=1.7s
[t= 119.0s] greedy ep 63 games=  96 dec= 19220 rows= 18443 horizon=0.29 L=0.01683 L/var=0.07 tgt=-0.008/0.491 pstd=0.493 gen=0.1s train=1.7s
[t= 120.9s] greedy ep 64 games=  96 dec= 17814 rows= 17050 horizon=0.25 L=0.01620 L/var=0.06 tgt=-0.045/0.519 pstd=0.475 gen=0.1s train=1.6s
[t= 122.7s] greedy ep 65 games=  96 dec= 18244 rows= 17509 horizon=0.28 L=0.01607 L/var=0.06 tgt=-0.026/0.503 pstd=0.498 gen=0.1s train=1.6s
[t= 124.5s] greedy ep 66 games=  96 dec= 18182 rows= 17491 horizon=0.29 L=0.01642 L/var=0.07 tgt=-0.037/0.498 pstd=0.501 gen=0.1s train=1.6s
[t= 126.4s] greedy ep 67 games=  96 dec= 18981 rows= 18182 horizon=0.35 L=0.01633 L/var=0.06 tgt=-0.023/0.511 pstd=0.482 gen=0.1s train=1.7s
[t= 128.3s] greedy ep 68 games=  96 dec= 18200 rows= 17313 horizon=0.25 L=0.01606 L/var=0.06 tgt=-0.016/0.502 pstd=0.486 gen=0.1s train=1.6s
[t= 130.1s] greedy ep 69 games=  96 dec= 18393 rows= 17591 horizon=0.28 L=0.01536 L/var=0.06 tgt=-0.053/0.510 pstd=0.510 gen=0.1s train=1.6s
[t= 132.0s] greedy ep 70 games=  96 dec= 18464 rows= 17707 horizon=0.33 L=0.01597 L/var=0.07 tgt=-0.039/0.486 pstd=0.490 gen=0.1s train=1.6s
[t= 133.8s] greedy ep 71 games=  96 dec= 18120 rows= 17396 horizon=0.26 L=0.01638 L/var=0.06 tgt=-0.031/0.525 pstd=0.487 gen=0.1s train=1.6s
[t= 135.8s] greedy ep 72 games=  96 dec= 19113 rows= 18368 horizon=0.34 L=0.01545 L/var=0.06 tgt=-0.075/0.504 pstd=0.488 gen=0.1s train=1.7s
[t= 137.6s] greedy ep 73 games=  96 dec= 17603 rows= 16838 horizon=0.20 L=0.01668 L/var=0.06 tgt=-0.037/0.525 pstd=0.498 gen=0.1s train=1.6s
[t= 139.5s] greedy ep 74 games=  96 dec= 18477 rows= 17679 horizon=0.27 L=0.01598 L/var=0.06 tgt=-0.065/0.534 pstd=0.507 gen=0.1s train=1.6s
[t= 141.4s] greedy ep 75 games=  96 dec= 19740 rows= 18936 horizon=0.40 L=0.01529 L/var=0.07 tgt=+0.013/0.468 pstd=0.528 gen=0.1s train=1.8s
[t= 143.2s] greedy ep 76 games=  96 dec= 18307 rows= 17464 horizon=0.20 L=0.01730 L/var=0.07 tgt=-0.020/0.496 pstd=0.496 gen=0.1s train=1.6s
[t= 145.1s] greedy ep 77 games=  96 dec= 18119 rows= 17313 horizon=0.25 L=0.01753 L/var=0.07 tgt=-0.031/0.501 pstd=0.487 gen=0.1s train=1.6s
[t= 146.9s] greedy ep 78 games=  96 dec= 18056 rows= 17283 horizon=0.26 L=0.01678 L/var=0.06 tgt=-0.041/0.514 pstd=0.485 gen=0.1s train=1.6s
[t= 148.7s] greedy ep 79 games=  96 dec= 18309 rows= 17527 horizon=0.28 L=0.01613 L/var=0.07 tgt=-0.007/0.493 pstd=0.506 gen=0.1s train=1.6s
[t= 150.6s] greedy ep 80 games=  96 dec= 18361 rows= 17605 horizon=0.29 L=0.01626 L/var=0.06 tgt=-0.024/0.508 pstd=0.501 gen=0.1s train=1.6s
[t= 152.3s] greedy ep 81 games=  96 dec= 17527 rows= 16734 horizon=0.25 L=0.01688 L/var=0.06 tgt=-0.020/0.532 pstd=0.495 gen=0.1s train=1.5s
[t= 154.1s] greedy ep 82 games=  96 dec= 17529 rows= 16756 horizon=0.23 L=0.01624 L/var=0.06 tgt=-0.028/0.509 pstd=0.477 gen=0.1s train=1.5s
[t= 155.8s] greedy ep 83 games=  96 dec= 16779 rows= 15994 horizon=0.18 L=0.01618 L/var=0.06 tgt=-0.021/0.539 pstd=0.476 gen=0.1s train=1.5s
[t= 157.7s] greedy ep 84 games=  96 dec= 19106 rows= 18300 horizon=0.35 L=0.01764 L/var=0.08 tgt=-0.045/0.483 pstd=0.507 gen=0.1s train=1.7s
[t= 159.6s] greedy ep 85 games=  96 dec= 18736 rows= 17960 horizon=0.29 L=0.01646 L/var=0.07 tgt=-0.044/0.501 pstd=0.481 gen=0.1s train=1.7s
[t= 161.4s] greedy ep 86 games=  96 dec= 18107 rows= 17332 horizon=0.26 L=0.01658 L/var=0.07 tgt=-0.020/0.485 pstd=0.478 gen=0.1s train=1.6s
[t= 163.2s] greedy ep 87 games=  96 dec= 17330 rows= 16586 horizon=0.24 L=0.01671 L/var=0.07 tgt=-0.048/0.503 pstd=0.480 gen=0.1s train=1.5s
[t= 165.0s] greedy ep 88 games=  96 dec= 18635 rows= 17758 horizon=0.27 L=0.01636 L/var=0.06 tgt=-0.026/0.514 pstd=0.495 gen=0.1s train=1.6s
[t= 166.8s] greedy ep 89 games=  96 dec= 17378 rows= 16633 horizon=0.24 L=0.01626 L/var=0.06 tgt=-0.051/0.525 pstd=0.470 gen=0.1s train=1.5s
[t= 168.7s] greedy ep 90 games=  96 dec= 18682 rows= 17886 horizon=0.31 L=0.01597 L/var=0.06 tgt=-0.059/0.505 pstd=0.476 gen=0.1s train=1.7s
[t= 170.6s] greedy ep 91 games=  96 dec= 18758 rows= 18046 horizon=0.32 L=0.01605 L/var=0.07 tgt=-0.021/0.471 pstd=0.468 gen=0.1s train=1.7s
[t= 172.5s] greedy ep 92 games=  96 dec= 18910 rows= 18161 horizon=0.30 L=0.01602 L/var=0.07 tgt=-0.051/0.484 pstd=0.488 gen=0.1s train=1.7s
[t= 174.4s] greedy ep 93 games=  96 dec= 18404 rows= 17653 horizon=0.34 L=0.01609 L/var=0.07 tgt=-0.078/0.496 pstd=0.506 gen=0.1s train=1.6s
[t= 176.3s] greedy ep 94 games=  96 dec= 18792 rows= 18006 horizon=0.33 L=0.01611 L/var=0.07 tgt=-0.046/0.481 pstd=0.483 gen=0.1s train=1.7s
[t= 178.2s] greedy ep 95 games=  96 dec= 18762 rows= 17940 horizon=0.24 L=0.01612 L/var=0.06 tgt=-0.044/0.515 pstd=0.499 gen=0.1s train=1.7s
[t= 180.0s] greedy ep 96 games=  96 dec= 17651 rows= 16892 horizon=0.24 L=0.01629 L/var=0.06 tgt=-0.034/0.512 pstd=0.486 gen=0.1s train=1.6s
[t= 181.8s] greedy ep 97 games=  96 dec= 17701 rows= 17006 horizon=0.27 L=0.01585 L/var=0.06 tgt=-0.034/0.509 pstd=0.487 gen=0.1s train=1.6s
[t= 183.6s] greedy ep 98 games=  96 dec= 18691 rows= 17958 horizon=0.35 L=0.01562 L/var=0.07 tgt=-0.032/0.471 pstd=0.495 gen=0.1s train=1.7s
[t= 185.6s] greedy ep 99 games=  96 dec= 19149 rows= 18268 horizon=0.29 L=0.01649 L/var=0.07 tgt=-0.001/0.483 pstd=0.505 gen=0.1s train=1.7s
[t= 187.4s] greedy ep100 games=  96 dec= 17996 rows= 17268 horizon=0.27 L=0.01544 L/var=0.06 tgt=-0.027/0.517 pstd=0.496 gen=0.1s train=1.6s
[t= 189.2s] greedy ep101 games=  96 dec= 17954 rows= 17173 horizon=0.26 L=0.01552 L/var=0.06 tgt=-0.045/0.510 pstd=0.506 gen=0.1s train=1.6s
[t= 191.0s] greedy ep102 games=  96 dec= 17228 rows= 16426 horizon=0.19 L=0.01612 L/var=0.06 tgt=-0.074/0.531 pstd=0.494 gen=0.1s train=1.5s
[t= 192.8s] greedy ep103 games=  96 dec= 17794 rows= 16980 horizon=0.24 L=0.01639 L/var=0.06 tgt=-0.069/0.518 pstd=0.481 gen=0.1s train=1.6s
[t= 194.7s] greedy ep104 games=  96 dec= 18854 rows= 17982 horizon=0.26 L=0.01636 L/var=0.07 tgt=-0.026/0.499 pstd=0.494 gen=0.1s train=1.7s
[t= 196.6s] greedy ep105 games=  96 dec= 18802 rows= 17936 horizon=0.30 L=0.01589 L/var=0.06 tgt=-0.031/0.509 pstd=0.492 gen=0.1s train=1.7s
[t= 198.4s] greedy ep106 games=  96 dec= 18161 rows= 17476 horizon=0.27 L=0.01581 L/var=0.06 tgt=-0.050/0.503 pstd=0.475 gen=0.1s train=1.6s
[t= 200.2s] greedy ep107 games=  96 dec= 17916 rows= 17157 horizon=0.27 L=0.01656 L/var=0.07 tgt=-0.050/0.499 pstd=0.482 gen=0.1s train=1.6s
[t= 202.0s] greedy ep108 games=  96 dec= 18149 rows= 17352 horizon=0.26 L=0.01613 L/var=0.06 tgt=-0.012/0.500 pstd=0.487 gen=0.1s train=1.6s
[t= 203.9s] greedy ep109 games=  96 dec= 18197 rows= 17400 horizon=0.24 L=0.01562 L/var=0.06 tgt=-0.026/0.496 pstd=0.487 gen=0.1s train=1.6s
[t= 205.7s] greedy ep110 games=  96 dec= 17538 rows= 16803 horizon=0.24 L=0.01632 L/var=0.06 tgt=-0.056/0.526 pstd=0.464 gen=0.1s train=1.6s
[t= 207.6s] greedy ep111 games=  96 dec= 19361 rows= 18532 horizon=0.36 L=0.01598 L/var=0.07 tgt=-0.045/0.483 pstd=0.465 gen=0.1s train=1.7s
[t= 209.4s] greedy ep112 games=  96 dec= 18029 rows= 17317 horizon=0.30 L=0.01525 L/var=0.07 tgt=-0.018/0.483 pstd=0.466 gen=0.1s train=1.6s
[t= 211.3s] greedy ep113 games=  96 dec= 18174 rows= 17387 horizon=0.28 L=0.01614 L/var=0.06 tgt=-0.033/0.531 pstd=0.459 gen=0.1s train=1.6s
[t= 213.2s] greedy ep114 games=  96 dec= 19319 rows= 18518 horizon=0.36 L=0.01607 L/var=0.07 tgt=-0.034/0.490 pstd=0.452 gen=0.1s train=1.7s
[t= 215.0s] greedy ep115 games=  96 dec= 17729 rows= 16977 horizon=0.17 L=0.01695 L/var=0.06 tgt=-0.002/0.516 pstd=0.440 gen=0.1s train=1.6s
[t= 216.9s] greedy ep116 games=  96 dec= 18403 rows= 17543 horizon=0.28 L=0.01609 L/var=0.07 tgt=-0.022/0.494 pstd=0.425 gen=0.1s train=1.6s
[t= 218.7s] greedy ep117 games=  96 dec= 17865 rows= 17051 horizon=0.27 L=0.01544 L/var=0.06 tgt=-0.033/0.509 pstd=0.437 gen=0.1s train=1.6s
[t= 220.6s] greedy ep118 games=  96 dec= 18550 rows= 17822 horizon=0.36 L=0.01549 L/var=0.06 tgt=-0.095/0.506 pstd=0.440 gen=0.1s train=1.7s
[t= 222.4s] greedy ep119 games=  96 dec= 18440 rows= 17650 horizon=0.26 L=0.01494 L/var=0.06 tgt=-0.045/0.500 pstd=0.458 gen=0.1s train=1.6s
[t= 224.3s] greedy ep120 games=  96 dec= 18888 rows= 17947 horizon=0.27 L=0.01487 L/var=0.06 tgt=-0.039/0.484 pstd=0.458 gen=0.1s train=1.6s
[t= 226.2s] greedy ep121 games=  96 dec= 18400 rows= 17640 horizon=0.29 L=0.01487 L/var=0.07 tgt=-0.014/0.473 pstd=0.442 gen=0.1s train=1.6s
[t= 228.2s] greedy ep122 games=  96 dec= 19500 rows= 18715 horizon=0.40 L=0.01403 L/var=0.06 tgt=-0.048/0.473 pstd=0.424 gen=0.1s train=1.7s
[t= 230.0s] greedy ep123 games=  96 dec= 18513 rows= 17694 horizon=0.27 L=0.01486 L/var=0.06 tgt=-0.021/0.514 pstd=0.449 gen=0.1s train=1.6s
[t= 232.0s] greedy ep124 games=  96 dec= 18892 rows= 18073 horizon=0.33 L=0.01428 L/var=0.06 tgt=-0.059/0.481 pstd=0.430 gen=0.1s train=1.7s
[t= 233.8s] greedy ep125 games=  96 dec= 18520 rows= 17651 horizon=0.25 L=0.01464 L/var=0.06 tgt=-0.025/0.500 pstd=0.435 gen=0.1s train=1.6s
[t= 235.8s] greedy ep126 games=  96 dec= 19645 rows= 18833 horizon=0.36 L=0.01469 L/var=0.07 tgt=-0.015/0.474 pstd=0.425 gen=0.1s train=1.7s
[t= 237.6s] greedy ep127 games=  96 dec= 17395 rows= 16683 horizon=0.19 L=0.01464 L/var=0.05 tgt=-0.006/0.530 pstd=0.422 gen=0.1s train=1.5s
[t= 239.5s] greedy ep128 games=  96 dec= 19317 rows= 18624 horizon=0.38 L=0.01454 L/var=0.07 tgt=-0.039/0.471 pstd=0.443 gen=0.1s train=1.7s
[t= 241.3s] greedy ep129 games=  96 dec= 18062 rows= 17333 horizon=0.27 L=0.01404 L/var=0.06 tgt=-0.022/0.483 pstd=0.435 gen=0.1s train=1.6s
[t= 243.1s] greedy ep130 games=  96 dec= 17908 rows= 17168 horizon=0.25 L=0.01369 L/var=0.06 tgt=-0.041/0.492 pstd=0.432 gen=0.1s train=1.5s
[t= 244.9s] greedy ep131 games=  96 dec= 17598 rows= 16794 horizon=0.20 L=0.01376 L/var=0.05 tgt=-0.048/0.526 pstd=0.451 gen=0.1s train=1.5s
[t= 246.8s] greedy ep132 games=  96 dec= 18760 rows= 17930 horizon=0.29 L=0.01405 L/var=0.06 tgt=-0.019/0.485 pstd=0.433 gen=0.1s train=1.6s
[t= 248.6s] greedy ep133 games=  96 dec= 18381 rows= 17624 horizon=0.30 L=0.01427 L/var=0.05 tgt=-0.062/0.524 pstd=0.449 gen=0.1s train=1.6s
[t= 250.4s] greedy ep134 games=  96 dec= 17570 rows= 16816 horizon=0.25 L=0.01430 L/var=0.06 tgt=-0.013/0.504 pstd=0.442 gen=0.1s train=1.5s
[t= 252.2s] greedy ep135 games=  96 dec= 17880 rows= 17050 horizon=0.19 L=0.01382 L/var=0.05 tgt=-0.041/0.536 pstd=0.421 gen=0.1s train=1.6s
[t= 253.9s] greedy ep136 games=  96 dec= 17693 rows= 16931 horizon=0.20 L=0.01423 L/var=0.05 tgt=-0.051/0.536 pstd=0.416 gen=0.1s train=1.5s
[t= 255.8s] greedy ep137 games=  96 dec= 18829 rows= 18139 horizon=0.33 L=0.01336 L/var=0.05 tgt=-0.050/0.495 pstd=0.410 gen=0.1s train=1.7s
[t= 257.7s] greedy ep138 games=  96 dec= 18667 rows= 17798 horizon=0.27 L=0.01286 L/var=0.05 tgt=-0.006/0.489 pstd=0.420 gen=0.1s train=1.6s
[t= 259.6s] greedy ep139 games=  96 dec= 19019 rows= 18235 horizon=0.33 L=0.01313 L/var=0.06 tgt=-0.015/0.475 pstd=0.414 gen=0.1s train=1.7s
[t= 261.4s] greedy ep140 games=  96 dec= 18185 rows= 17445 horizon=0.30 L=0.01258 L/var=0.05 tgt=-0.071/0.507 pstd=0.399 gen=0.1s train=1.6s
[t= 263.4s] greedy ep141 games=  96 dec= 19133 rows= 18326 horizon=0.31 L=0.01324 L/var=0.06 tgt=-0.003/0.464 pstd=0.408 gen=0.1s train=1.7s
[t= 265.2s] greedy ep142 games=  96 dec= 18194 rows= 17427 horizon=0.24 L=0.01306 L/var=0.05 tgt=-0.061/0.518 pstd=0.403 gen=0.1s train=1.6s
[t= 267.0s] greedy ep143 games=  96 dec= 18830 rows= 18028 horizon=0.30 L=0.01285 L/var=0.05 tgt=-0.009/0.498 pstd=0.411 gen=0.1s train=1.6s
[t= 269.0s] greedy ep144 games=  96 dec= 18909 rows= 18097 horizon=0.32 L=0.01284 L/var=0.05 tgt=-0.061/0.499 pstd=0.430 gen=0.1s train=1.7s
[t= 270.8s] greedy ep145 games=  96 dec= 17688 rows= 16849 horizon=0.23 L=0.01316 L/var=0.05 tgt=-0.031/0.509 pstd=0.410 gen=0.1s train=1.6s
[t= 272.6s] greedy ep146 games=  96 dec= 18242 rows= 17520 horizon=0.29 L=0.01290 L/var=0.05 tgt=-0.012/0.490 pstd=0.415 gen=0.1s train=1.6s
[t= 274.4s] greedy ep147 games=  96 dec= 17543 rows= 16790 horizon=0.23 L=0.01278 L/var=0.05 tgt=-0.040/0.509 pstd=0.411 gen=0.1s train=1.5s
[t= 276.3s] greedy ep148 games=  96 dec= 18707 rows= 17901 horizon=0.26 L=0.01276 L/var=0.04 tgt=-0.039/0.534 pstd=0.423 gen=0.1s train=1.6s
[t= 278.1s] greedy ep149 games=  96 dec= 18841 rows= 17963 horizon=0.30 L=0.01233 L/var=0.05 tgt=-0.009/0.474 pstd=0.410 gen=0.1s train=1.6s
[t= 280.0s] greedy ep150 games=  96 dec= 18647 rows= 17871 horizon=0.29 L=0.01202 L/var=0.05 tgt=-0.037/0.502 pstd=0.401 gen=0.1s train=1.6s
[t= 282.0s] greedy ep151 games=  96 dec= 19437 rows= 18611 horizon=0.34 L=0.01160 L/var=0.05 tgt=-0.053/0.485 pstd=0.390 gen=0.1s train=1.7s
[t= 283.8s] greedy ep152 games=  96 dec= 18772 rows= 17991 horizon=0.31 L=0.01199 L/var=0.05 tgt=-0.046/0.512 pstd=0.391 gen=0.1s train=1.6s
[t= 285.8s] greedy ep153 games=  96 dec= 19646 rows= 18733 horizon=0.40 L=0.01167 L/var=0.05 tgt=-0.023/0.485 pstd=0.405 gen=0.1s train=1.7s
[t= 287.6s] greedy ep154 games=  96 dec= 17859 rows= 17126 horizon=0.26 L=0.01168 L/var=0.05 tgt=-0.034/0.509 pstd=0.417 gen=0.1s train=1.6s
[t= 289.4s] greedy ep155 games=  96 dec= 18131 rows= 17315 horizon=0.25 L=0.01166 L/var=0.05 tgt=+0.011/0.497 pstd=0.400 gen=0.1s train=1.6s
[t= 291.2s] greedy ep156 games=  96 dec= 17706 rows= 16969 horizon=0.27 L=0.01194 L/var=0.05 tgt=-0.007/0.497 pstd=0.387 gen=0.1s train=1.5s
[t= 293.0s] greedy ep157 games=  96 dec= 18532 rows= 17740 horizon=0.27 L=0.01154 L/var=0.04 tgt=-0.021/0.507 pstd=0.403 gen=0.1s train=1.6s
[t= 294.9s] greedy ep158 games=  96 dec= 18583 rows= 17821 horizon=0.26 L=0.01189 L/var=0.05 tgt=-0.058/0.506 pstd=0.418 gen=0.1s train=1.6s
[t= 296.7s] greedy ep159 games=  96 dec= 17891 rows= 17137 horizon=0.25 L=0.01159 L/var=0.04 tgt=-0.046/0.528 pstd=0.393 gen=0.1s train=1.6s
[t= 298.5s] greedy ep160 games=  96 dec= 17495 rows= 16742 horizon=0.23 L=0.01186 L/var=0.05 tgt=-0.039/0.505 pstd=0.388 gen=0.1s train=1.5s
[t= 300.3s] greedy ep161 games=  96 dec= 18032 rows= 17292 horizon=0.27 L=0.01115 L/var=0.04 tgt=-0.054/0.524 pstd=0.413 gen=0.1s train=1.6s
[t= 300.3s] --- snapshot snap_00.pt (init) ---
[t= 300.4s] --- switching to ReBeL ---
[t= 310.5s] rebel stream solves=16384 raw=1612/s balanced=1612/s debt=0 rows steps=64 horizon=0.00 games=0 over=0 card=0 drop=0 L=0.02464 L/var=0.46 tgt=-0.003/0.231 cfg/b=44054 prep=0.29s gpu=0.00s conv=0.02s add=0.58s train=1.83s
[t= 320.5s] rebel stream solves=44032 raw=2183/s balanced=2183/s debt=0 rows steps=172 horizon=0.00 games=0 over=0 card=0 drop=0 L=0.00492 L/var=0.11 tgt=-0.001/0.208 cfg/b=50095 prep=0.46s gpu=0.00s conv=0.04s add=1.04s train=2.92s
[t= 330.6s] rebel stream solves=61440 raw=2034/s balanced=2034/s debt=0 rows steps=240 horizon=0.00 games=0 over=0 card=0 drop=0 L=0.00296 L/var=0.07 tgt=+0.007/0.213 cfg/b=31219 prep=0.31s gpu=0.00s conv=0.01s add=0.50s train=1.89s
[t= 340.6s] rebel stream solves=78848 raw=1960/s balanced=1960/s debt=0 rows steps=308 horizon=0.00 games=0 over=0 card=0 drop=0 L=0.00269 L/var=0.05 tgt=+0.014/0.224 cfg/b=28075 prep=0.36s gpu=0.00s conv=0.01s add=0.32s train=1.98s
[t= 350.6s] rebel stream solves=96256 raw=1915/s balanced=1915/s debt=0 rows steps=376 horizon=0.00 games=2 over=0 card=0 drop=0 L=0.00248 L/var=0.04 tgt=+0.016/0.244 cfg/b=22371 prep=0.36s gpu=0.00s conv=0.01s add=0.29s train=2.00s
[t= 360.6s] rebel stream solves=111616 raw=1852/s balanced=1852/s debt=0 rows steps=436 horizon=0.00 games=10 over=0 card=0 drop=0 L=0.00239 L/var=0.04 tgt=+0.025/0.260 cfg/b=20248 prep=0.34s gpu=0.00s conv=0.01s add=0.23s train=1.77s
[t= 370.7s] rebel stream solves=124928 raw=1777/s balanced=1777/s debt=0 rows steps=488 horizon=0.00 games=28 over=0 card=0 drop=0 L=0.00252 L/var=0.03 tgt=+0.034/0.281 cfg/b=18645 prep=0.29s gpu=0.00s conv=0.00s add=0.19s train=1.55s
[t= 380.7s] rebel stream solves=137216 raw=1708/s balanced=1708/s debt=0 rows steps=536 horizon=0.00 games=57 over=0 card=0 drop=0 L=0.00274 L/var=0.03 tgt=+0.046/0.296 cfg/b=17224 prep=0.26s gpu=0.00s conv=0.00s add=0.16s train=1.45s
[t= 390.7s] rebel stream solves=149504 raw=1655/s balanced=1655/s debt=0 rows steps=584 horizon=0.00 games=63 over=0 card=0 drop=0 L=0.00312 L/var=0.03 tgt=+0.032/0.300 cfg/b=16400 prep=0.27s gpu=0.00s conv=0.01s add=0.19s train=1.43s
[t= 400.7s] rebel stream solves=162816 raw=1622/s balanced=1622/s debt=0 rows steps=636 horizon=0.00 games=104 over=0 card=0 drop=0 L=0.00378 L/var=0.04 tgt=+0.048/0.312 cfg/b=16546 prep=0.29s gpu=0.00s conv=0.01s add=0.20s train=1.52s
[t= 410.8s] rebel stream solves=177152 raw=1604/s balanced=1604/s debt=0 rows steps=692 horizon=0.00 games=175 over=0 card=0 drop=0 L=0.00467 L/var=0.05 tgt=+0.070/0.319 cfg/b=16118 prep=0.28s gpu=0.00s conv=0.01s add=0.21s train=1.56s
[t= 420.8s] rebel stream solves=191488 raw=1590/s balanced=1590/s debt=0 rows steps=748 horizon=0.00 games=222 over=0 card=0 drop=0 L=0.00567 L/var=0.06 tgt=+0.066/0.309 cfg/b=15945 prep=0.26s gpu=0.00s conv=0.01s add=0.20s train=1.50s
[t= 430.9s] rebel stream solves=204800 raw=1569/s balanced=1569/s debt=0 rows steps=800 horizon=0.00 games=205 over=0 card=0 drop=0 L=0.00645 L/var=0.08 tgt=+0.054/0.293 cfg/b=16177 prep=0.26s gpu=0.00s conv=0.01s add=0.23s train=1.46s
[t= 440.9s] rebel stream solves=219136 raw=1559/s balanced=1559/s debt=0 rows steps=856 horizon=0.00 games=246 over=0 card=0 drop=0 L=0.00735 L/var=0.09 tgt=+0.037/0.291 cfg/b=16488 prep=0.28s gpu=0.00s conv=0.01s add=0.28s train=1.57s
[t= 451.1s] rebel stream solves=233472 raw=1549/s balanced=1549/s debt=0 rows steps=912 horizon=0.00 games=271 over=0 card=0 drop=0 L=0.00738 L/var=0.09 tgt=+0.032/0.287 cfg/b=16801 prep=0.34s gpu=0.00s conv=0.01s add=0.30s train=1.64s
[t= 461.1s] rebel stream solves=246784 raw=1535/s balanced=1535/s debt=0 rows steps=964 horizon=0.00 games=234 over=0 card=0 drop=0 L=0.00810 L/var=0.11 tgt=+0.028/0.275 cfg/b=17244 prep=0.30s gpu=0.00s conv=0.01s add=0.30s train=1.55s
[t= 471.2s] rebel stream solves=261120 raw=1529/s balanced=1529/s debt=0 rows steps=1020 horizon=0.00 games=271 over=0 card=0 drop=0 L=0.00787 L/var=0.11 tgt=+0.020/0.264 cfg/b=17386 prep=0.28s gpu=0.00s conv=0.01s add=0.32s train=1.54s
[t= 481.2s] rebel stream solves=274432 raw=1517/s balanced=1517/s debt=0 rows steps=1072 horizon=0.00 games=242 over=0 card=0 drop=0 L=0.00826 L/var=0.12 tgt=+0.024/0.262 cfg/b=17483 prep=0.28s gpu=0.00s conv=0.01s add=0.35s train=1.48s
[t= 491.3s] rebel stream solves=287744 raw=1507/s balanced=1507/s debt=0 rows steps=1124 horizon=0.00 games=242 over=0 card=0 drop=0 L=0.00839 L/var=0.13 tgt=+0.013/0.259 cfg/b=17252 prep=0.26s gpu=0.00s conv=0.01s add=0.34s train=1.46s
[t= 501.3s] rebel stream solves=300032 raw=1493/s balanced=1493/s debt=0 rows steps=1172 horizon=0.00 games=205 over=0 card=0 drop=0 L=0.00852 L/var=0.14 tgt=+0.012/0.245 cfg/b=17840 prep=0.25s gpu=0.00s conv=0.01s add=0.33s train=1.35s
[t= 511.3s] rebel stream solves=315392 raw=1495/s balanced=1495/s debt=0 rows steps=1232 horizon=0.00 games=277 over=0 card=0 drop=0 L=0.00824 L/var=0.13 tgt=+0.011/0.250 cfg/b=18357 prep=0.29s gpu=0.00s conv=0.01s add=0.42s train=1.63s
[t= 521.3s] rebel stream solves=327680 raw=1483/s balanced=1483/s debt=0 rows steps=1280 horizon=0.00 games=227 over=0 card=0 drop=0 L=0.00843 L/var=0.13 tgt=+0.004/0.250 cfg/b=18733 prep=0.26s gpu=0.00s conv=0.01s add=0.35s train=1.34s
[t= 531.3s] rebel stream solves=340992 raw=1476/s balanced=1476/s debt=0 rows steps=1332 horizon=0.00 games=241 over=0 card=0 drop=0 L=0.00877 L/var=0.14 tgt=+0.000/0.251 cfg/b=19417 prep=0.23s gpu=0.00s conv=0.01s add=0.43s train=1.37s
[t= 541.4s] rebel stream solves=354304 raw=1470/s balanced=1470/s debt=0 rows steps=1384 horizon=0.00 games=214 over=0 card=0 drop=0 L=0.00872 L/var=0.15 tgt=+0.004/0.243 cfg/b=20250 prep=0.24s gpu=0.00s conv=0.01s add=0.45s train=1.39s
[t= 551.4s] rebel stream solves=365568 raw=1456/s balanced=1456/s debt=0 rows steps=1428 horizon=0.00 games=180 over=0 card=0 drop=0 L=0.00877 L/var=0.15 tgt=-0.008/0.245 cfg/b=21486 prep=0.22s gpu=0.00s conv=0.01s add=0.41s train=1.24s
[t= 561.4s] rebel stream solves=377856 raw=1447/s balanced=1447/s debt=0 rows steps=1476 horizon=0.00 games=198 over=0 card=0 drop=0 L=0.00877 L/var=0.14 tgt=-0.005/0.248 cfg/b=22096 prep=0.21s gpu=0.00s conv=0.01s add=0.45s train=1.28s
[t= 571.5s] rebel stream solves=389120 raw=1435/s balanced=1435/s debt=0 rows steps=1520 horizon=0.00 games=157 over=0 card=0 drop=0 L=0.00909 L/var=0.14 tgt=-0.017/0.257 cfg/b=23511 prep=0.24s gpu=0.00s conv=0.01s add=0.42s train=1.29s
[t= 581.5s] rebel stream solves=401408 raw=1428/s balanced=1428/s debt=0 rows steps=1568 horizon=0.00 games=200 over=0 card=0 drop=0 L=0.00897 L/var=0.12 tgt=-0.018/0.271 cfg/b=23717 prep=0.22s gpu=0.00s conv=0.01s add=0.47s train=1.30s
[t= 591.5s] rebel stream solves=412672 raw=1417/s balanced=1417/s debt=0 rows steps=1612 horizon=0.00 games=155 over=0 card=0 drop=0 L=0.00847 L/var=0.12 tgt=-0.022/0.269 cfg/b=24679 prep=0.22s gpu=0.00s conv=0.01s add=0.41s train=1.22s
[t= 601.5s] rebel stream solves=424960 raw=1411/s balanced=1411/s debt=0 rows steps=1660 horizon=0.00 games=185 over=0 card=0 drop=0 L=0.00904 L/var=0.14 tgt=-0.018/0.258 cfg/b=25306 prep=0.22s gpu=0.00s conv=0.01s add=0.46s train=1.30s
[t= 611.6s] rebel stream solves=437248 raw=1405/s balanced=1405/s debt=0 rows steps=1708 horizon=0.00 games=192 over=0 card=0 drop=0 L=0.00869 L/var=0.12 tgt=-0.021/0.264 cfg/b=26546 prep=0.21s gpu=0.00s conv=0.01s add=0.47s train=1.27s
[t= 621.6s] rebel stream solves=449536 raw=1399/s balanced=1399/s debt=0 rows steps=1756 horizon=0.11 games=216 over=0 card=0 drop=0 L=0.00903 L/var=0.12 tgt=-0.030/0.274 cfg/b=27000 prep=0.24s gpu=0.00s conv=0.01s add=0.56s train=1.33s
[t= 631.6s] rebel stream solves=461824 raw=1394/s balanced=1394/s debt=0 rows steps=1804 horizon=0.24 games=248 over=0 card=0 drop=0 L=0.00902 L/var=0.13 tgt=-0.025/0.266 cfg/b=28267 prep=0.21s gpu=0.00s conv=0.01s add=0.55s train=1.30s
[t= 641.7s] rebel stream solves=474112 raw=1389/s balanced=1389/s debt=0 rows steps=1852 horizon=0.07 games=190 over=0 card=0 drop=0 L=0.00900 L/var=0.12 tgt=-0.022/0.273 cfg/b=29654 prep=0.18s gpu=0.00s conv=0.01s add=0.56s train=1.23s
[t= 651.7s] rebel stream solves=486400 raw=1384/s balanced=1384/s debt=0 rows steps=1900 horizon=0.00 games=181 over=0 card=0 drop=0 L=0.00854 L/var=0.11 tgt=-0.018/0.282 cfg/b=30662 prep=0.23s gpu=0.00s conv=0.01s add=0.53s train=1.31s
[t= 660.4s] --- snapshot snap_01.pt (s1) ---
[t= 661.7s] rebel stream solves=498688 raw=1380/s balanced=1380/s debt=0 rows steps=1948 horizon=0.00 games=177 over=0 card=0 drop=0 L=0.00894 L/var=0.11 tgt=-0.015/0.279 cfg/b=30959 prep=0.21s gpu=0.00s conv=0.01s add=0.56s train=1.29s
[t= 671.8s] rebel stream solves=510976 raw=1376/s balanced=1376/s debt=0 rows steps=1996 horizon=0.00 games=202 over=0 card=0 drop=0 L=0.00873 L/var=0.11 tgt=-0.021/0.281 cfg/b=31247 prep=0.20s gpu=0.00s conv=0.01s add=0.50s train=1.28s
[t= 681.8s] rebel stream solves=521216 raw=1366/s balanced=1366/s debt=0 rows steps=2036 horizon=0.32 games=223 over=0 card=0 drop=0 L=0.00897 L/var=0.12 tgt=-0.025/0.278 cfg/b=31344 prep=0.25s gpu=0.00s conv=0.01s add=0.45s train=1.18s
[t= 691.8s] rebel stream solves=532480 raw=1360/s balanced=1360/s debt=0 rows steps=2080 horizon=0.18 games=199 over=0 card=0 drop=0 L=0.00885 L/var=0.12 tgt=-0.019/0.271 cfg/b=32362 prep=0.22s gpu=0.00s conv=0.01s add=0.47s train=1.19s
[t= 701.8s] rebel stream solves=543744 raw=1354/s balanced=1354/s debt=0 rows steps=2124 horizon=0.21 games=211 over=0 card=0 drop=0 L=0.00891 L/var=0.13 tgt=-0.015/0.265 cfg/b=32894 prep=0.27s gpu=0.00s conv=0.01s add=0.47s train=1.23s
[t= 711.9s] rebel stream solves=553984 raw=1346/s balanced=1346/s debt=0 rows steps=2164 horizon=0.30 games=195 over=0 card=0 drop=0 L=0.00862 L/var=0.12 tgt=-0.016/0.266 cfg/b=33791 prep=0.29s gpu=0.00s conv=0.01s add=0.46s train=1.19s
[t= 721.9s] rebel stream solves=564224 raw=1338/s balanced=1338/s debt=0 rows steps=2204 horizon=0.20 games=197 over=0 card=0 drop=0 L=0.00927 L/var=0.12 tgt=-0.011/0.275 cfg/b=34043 prep=0.18s gpu=0.00s conv=0.01s add=0.46s train=1.09s
[t= 731.9s] rebel stream solves=574464 raw=1331/s balanced=1331/s debt=0 rows steps=2244 horizon=0.17 games=174 over=0 card=0 drop=0 L=0.00912 L/var=0.13 tgt=-0.012/0.267 cfg/b=35004 prep=0.20s gpu=0.00s conv=0.01s add=0.45s train=1.12s
[t= 742.0s] rebel stream solves=583680 raw=1322/s balanced=1322/s debt=0 rows steps=2280 horizon=0.23 games=185 over=0 card=0 drop=0 L=0.00933 L/var=0.13 tgt=-0.018/0.270 cfg/b=36097 prep=0.15s gpu=0.00s conv=0.02s add=0.43s train=0.95s
[t= 752.0s] rebel stream solves=593920 raw=1315/s balanced=1315/s debt=0 rows steps=2320 horizon=0.26 games=213 over=0 card=0 drop=0 L=0.00948 L/var=0.13 tgt=-0.018/0.273 cfg/b=36487 prep=0.27s gpu=0.00s conv=0.01s add=0.50s train=1.21s
[t= 762.0s] rebel stream solves=604160 raw=1309/s balanced=1309/s debt=0 rows steps=2360 horizon=0.01 games=168 over=0 card=0 drop=0 L=0.00866 L/var=0.11 tgt=-0.020/0.278 cfg/b=36833 prep=0.17s gpu=0.00s conv=0.02s add=0.50s train=1.08s
[t= 772.0s] rebel stream solves=613376 raw=1300/s balanced=1300/s debt=0 rows steps=2396 horizon=0.15 games=193 over=0 card=0 drop=0 L=0.00928 L/var=0.12 tgt=-0.016/0.282 cfg/b=38044 prep=0.15s gpu=0.00s conv=0.01s add=0.42s train=0.96s
[t= 782.1s] rebel stream solves=624640 raw=1297/s balanced=1297/s debt=0 rows steps=2440 horizon=0.02 games=206 over=0 card=0 drop=0 L=0.00929 L/var=0.11 tgt=-0.016/0.287 cfg/b=38183 prep=0.25s gpu=0.00s conv=0.01s add=0.55s train=1.24s
[t= 792.1s] rebel stream solves=633856 raw=1289/s balanced=1289/s debt=0 rows steps=2476 horizon=0.12 games=164 over=0 card=0 drop=0 L=0.01003 L/var=0.13 tgt=-0.015/0.282 cfg/b=38859 prep=0.15s gpu=0.00s conv=0.01s add=0.45s train=0.98s
[t= 795.4s] --- lr -> 5.00e-04 ---
[t= 802.1s] rebel stream solves=644096 raw=1284/s balanced=1284/s debt=0 rows steps=2516 horizon=0.18 games=192 over=0 card=0 drop=0 L=0.00961 L/var=0.12 tgt=-0.017/0.284 cfg/b=38819 prep=0.19s gpu=0.00s conv=0.01s add=0.54s train=1.08s
[t= 812.1s] rebel stream solves=654336 raw=1279/s balanced=1279/s debt=0 rows steps=2556 horizon=0.01 games=187 over=0 card=0 drop=0 L=0.00890 L/var=0.10 tgt=-0.022/0.299 cfg/b=39911 prep=0.16s gpu=0.00s conv=0.02s add=0.53s train=1.04s
[t= 822.3s] rebel stream solves=664576 raw=1273/s balanced=1273/s debt=0 rows steps=2596 horizon=0.18 games=230 over=0 card=0 drop=0 L=0.00965 L/var=0.12 tgt=-0.023/0.285 cfg/b=39561 prep=0.20s gpu=0.00s conv=0.01s add=0.55s train=1.12s
[t= 832.3s] rebel stream solves=674816 raw=1269/s balanced=1269/s debt=0 rows steps=2636 horizon=0.01 games=176 over=0 card=0 drop=0 L=0.00908 L/var=0.11 tgt=-0.021/0.284 cfg/b=40502 prep=0.18s gpu=0.00s conv=0.01s add=0.54s train=1.09s
[t= 842.3s] rebel stream solves=684032 raw=1262/s balanced=1262/s debt=0 rows steps=2672 horizon=0.04 games=128 over=0 card=0 drop=0 L=0.00918 L/var=0.11 tgt=-0.024/0.290 cfg/b=40940 prep=0.18s gpu=0.00s conv=0.01s add=0.53s train=1.00s
[t= 852.4s] rebel stream solves=694272 raw=1258/s balanced=1258/s debt=0 rows steps=2712 horizon=0.10 games=181 over=0 card=0 drop=0 L=0.00907 L/var=0.10 tgt=-0.030/0.304 cfg/b=41188 prep=0.17s gpu=0.00s conv=0.01s add=0.49s train=1.07s
[t= 862.4s] rebel stream solves=705536 raw=1255/s balanced=1255/s debt=0 rows steps=2756 horizon=0.10 games=221 over=0 card=0 drop=0 L=0.00919 L/var=0.10 tgt=-0.025/0.306 cfg/b=41531 prep=0.21s gpu=0.00s conv=0.02s add=0.61s train=1.21s
[t= 872.4s] rebel stream solves=715776 raw=1251/s balanced=1251/s debt=0 rows steps=2796 horizon=0.10 games=188 over=0 card=0 drop=0 L=0.00909 L/var=0.10 tgt=-0.017/0.297 cfg/b=41748 prep=0.20s gpu=0.00s conv=0.01s add=0.53s train=1.11s
[t= 882.5s] rebel stream solves=727040 raw=1249/s balanced=1249/s debt=0 rows steps=2840 horizon=0.02 games=197 over=0 card=0 drop=0 L=0.00917 L/var=0.10 tgt=-0.016/0.301 cfg/b=40949 prep=0.20s gpu=0.00s conv=0.01s add=0.56s train=1.18s
[t= 892.5s] rebel stream solves=737280 raw=1245/s balanced=1245/s debt=0 rows steps=2880 horizon=0.04 games=166 over=0 card=0 drop=0 L=0.00951 L/var=0.10 tgt=-0.018/0.310 cfg/b=41037 prep=0.18s gpu=0.00s conv=0.01s add=0.49s train=1.07s
[t= 902.6s] rebel stream solves=748544 raw=1243/s balanced=1243/s debt=0 rows steps=2924 horizon=0.08 games=215 over=0 card=0 drop=0 L=0.00999 L/var=0.10 tgt=-0.014/0.312 cfg/b=41288 prep=0.18s gpu=0.00s conv=0.01s add=0.53s train=1.17s
[t= 912.6s] rebel stream solves=758784 raw=1239/s balanced=1239/s debt=0 rows steps=2964 horizon=0.08 games=193 over=0 card=0 drop=0 L=0.00958 L/var=0.10 tgt=-0.012/0.315 cfg/b=40886 prep=0.19s gpu=0.00s conv=0.01s add=0.57s train=1.09s
[t= 922.7s] rebel stream solves=768000 raw=1234/s balanced=1234/s debt=0 rows steps=3000 horizon=0.03 games=188 over=0 card=0 drop=0 L=0.01008 L/var=0.10 tgt=-0.008/0.315 cfg/b=41119 prep=0.18s gpu=0.00s conv=0.01s add=0.49s train=1.05s
[t= 932.7s] rebel stream solves=779264 raw=1232/s balanced=1232/s debt=0 rows steps=3044 horizon=0.03 games=228 over=0 card=0 drop=0 L=0.01003 L/var=0.10 tgt=-0.011/0.321 cfg/b=41000 prep=0.21s gpu=0.00s conv=0.02s add=0.50s train=1.18s
[t= 942.8s] rebel stream solves=790528 raw=1230/s balanced=1230/s debt=0 rows steps=3088 horizon=0.06 games=221 over=0 card=0 drop=0 L=0.00965 L/var=0.10 tgt=-0.003/0.313 cfg/b=41098 prep=0.20s gpu=0.00s conv=0.01s add=0.52s train=1.21s
[t= 952.9s] rebel stream solves=801792 raw=1229/s balanced=1229/s debt=0 rows steps=3132 horizon=0.06 games=181 over=0 card=0 drop=0 L=0.00959 L/var=0.10 tgt=-0.000/0.316 cfg/b=41410 prep=0.18s gpu=0.00s conv=0.02s add=0.53s train=1.18s
[t= 962.9s] rebel stream solves=813056 raw=1227/s balanced=1227/s debt=0 rows steps=3176 horizon=0.03 games=211 over=0 card=0 drop=0 L=0.01013 L/var=0.10 tgt=-0.004/0.322 cfg/b=41602 prep=0.21s gpu=0.00s conv=0.01s add=0.55s train=1.21s
[t= 972.9s] rebel stream solves=824320 raw=1226/s balanced=1226/s debt=0 rows steps=3220 horizon=0.06 games=189 over=0 card=0 drop=0 L=0.00983 L/var=0.09 tgt=-0.006/0.322 cfg/b=40891 prep=0.19s gpu=0.00s conv=0.01s add=0.46s train=1.17s
[t= 983.0s] rebel stream solves=834560 raw=1223/s balanced=1223/s debt=0 rows steps=3260 horizon=0.03 games=185 over=0 card=0 drop=0 L=0.01014 L/var=0.10 tgt=-0.001/0.324 cfg/b=41239 prep=0.17s gpu=0.00s conv=0.02s add=0.48s train=1.04s
[t= 993.0s] rebel stream solves=844800 raw=1220/s balanced=1220/s debt=0 rows steps=3300 horizon=0.13 games=198 over=0 card=0 drop=0 L=0.01015 L/var=0.10 tgt=+0.007/0.320 cfg/b=40967 prep=0.20s gpu=0.00s conv=0.01s add=0.52s train=1.12s
[t=1003.0s] rebel stream solves=855040 raw=1217/s balanced=1217/s debt=0 rows steps=3340 horizon=0.05 games=188 over=0 card=0 drop=0 L=0.00993 L/var=0.10 tgt=+0.003/0.322 cfg/b=40710 prep=0.17s gpu=0.00s conv=0.01s add=0.49s train=1.09s
[t=1013.0s] rebel stream solves=865280 raw=1214/s balanced=1214/s debt=0 rows steps=3380 horizon=0.01 games=152 over=0 card=0 drop=0 L=0.01041 L/var=0.10 tgt=+0.000/0.328 cfg/b=40894 prep=0.16s gpu=0.00s conv=0.01s add=0.53s train=1.06s
[t=1020.5s] --- snapshot snap_02.pt (s2) ---
[t=1023.1s] rebel stream solves=876544 raw=1213/s balanced=1213/s debt=0 rows steps=3424 horizon=0.06 games=231 over=0 card=0 drop=0 L=0.01044 L/var=0.10 tgt=-0.005/0.328 cfg/b=40896 prep=0.19s gpu=0.00s conv=0.02s add=0.54s train=1.18s
[t=1033.1s] rebel stream solves=888832 raw=1213/s balanced=1213/s debt=0 rows steps=3472 horizon=0.06 games=281 over=0 card=0 drop=0 L=0.01024 L/var=0.10 tgt=-0.006/0.324 cfg/b=40882 prep=0.20s gpu=0.00s conv=0.02s add=0.59s train=1.28s
[t=1043.1s] rebel stream solves=900096 raw=1212/s balanced=1212/s debt=0 rows steps=3516 horizon=0.03 games=213 over=0 card=0 drop=0 L=0.01078 L/var=0.10 tgt=-0.006/0.331 cfg/b=40466 prep=0.18s gpu=0.00s conv=0.01s add=0.60s train=1.16s
[t=1053.2s] rebel stream solves=910336 raw=1209/s balanced=1209/s debt=0 rows steps=3556 horizon=0.03 games=207 over=0 card=0 drop=0 L=0.01023 L/var=0.09 tgt=-0.011/0.329 cfg/b=40848 prep=0.17s gpu=0.00s conv=0.01s add=0.51s train=1.07s
[t=1063.2s] rebel stream solves=921600 raw=1208/s balanced=1208/s debt=0 rows steps=3600 horizon=0.04 games=214 over=0 card=0 drop=0 L=0.01064 L/var=0.10 tgt=-0.012/0.333 cfg/b=41403 prep=0.19s gpu=0.00s conv=0.01s add=0.54s train=1.18s
[t=1073.2s] rebel stream solves=933888 raw=1208/s balanced=1208/s debt=0 rows steps=3648 horizon=0.06 games=235 over=0 card=0 drop=0 L=0.01035 L/var=0.09 tgt=-0.016/0.335 cfg/b=41561 prep=0.22s gpu=0.00s conv=0.02s add=0.60s train=1.30s
[t=1083.2s] rebel stream solves=945152 raw=1207/s balanced=1207/s debt=0 rows steps=3692 horizon=0.05 games=208 over=0 card=0 drop=0 L=0.01050 L/var=0.10 tgt=-0.015/0.331 cfg/b=41359 prep=0.20s gpu=0.00s conv=0.01s add=0.54s train=1.19s
[t=1093.3s] rebel stream solves=955392 raw=1205/s balanced=1205/s debt=0 rows steps=3732 horizon=0.05 games=194 over=0 card=0 drop=0 L=0.01069 L/var=0.10 tgt=-0.000/0.328 cfg/b=40711 prep=0.16s gpu=0.00s conv=0.01s add=0.47s train=1.06s
[t=1103.3s] rebel stream solves=966656 raw=1204/s balanced=1204/s debt=0 rows steps=3776 horizon=0.05 games=206 over=0 card=0 drop=0 L=0.01001 L/var=0.09 tgt=-0.000/0.329 cfg/b=40825 prep=0.22s gpu=0.00s conv=0.02s add=0.57s train=1.25s
[t=1113.3s] rebel stream solves=976896 raw=1202/s balanced=1202/s debt=0 rows steps=3816 horizon=0.05 games=189 over=0 card=0 drop=0 L=0.01019 L/var=0.09 tgt=-0.010/0.334 cfg/b=40638 prep=0.17s gpu=0.00s conv=0.01s add=0.52s train=1.06s
[t=1123.4s] rebel stream solves=988160 raw=1201/s balanced=1201/s debt=0 rows steps=3860 horizon=0.04 games=204 over=0 card=0 drop=0 L=0.00988 L/var=0.09 tgt=-0.016/0.338 cfg/b=40192 prep=0.21s gpu=0.00s conv=0.01s add=0.54s train=1.18s
[t=1133.4s] rebel stream solves=999424 raw=1200/s balanced=1200/s debt=0 rows steps=3904 horizon=0.05 games=216 over=0 card=0 drop=0 L=0.01021 L/var=0.09 tgt=-0.006/0.336 cfg/b=40135 prep=0.19s gpu=0.00s conv=0.01s add=0.59s train=1.23s
[t=1143.4s] rebel stream solves=1009664 raw=1198/s balanced=1198/s debt=0 rows steps=3944 horizon=0.04 games=164 over=0 card=0 drop=0 L=0.01059 L/var=0.10 tgt=+0.003/0.330 cfg/b=40076 prep=0.18s gpu=0.00s conv=0.01s add=0.53s train=1.08s
[t=1153.4s] rebel stream solves=1019904 raw=1196/s balanced=1196/s debt=0 rows steps=3984 horizon=0.04 games=169 over=0 card=0 drop=0 L=0.01005 L/var=0.09 tgt=+0.001/0.343 cfg/b=40524 prep=0.19s gpu=0.00s conv=0.01s add=0.46s train=1.13s
[t=1163.6s] rebel stream solves=1031168 raw=1195/s balanced=1195/s debt=0 rows steps=4028 horizon=0.04 games=200 over=0 card=0 drop=0 L=0.00994 L/var=0.08 tgt=-0.001/0.348 cfg/b=39652 prep=0.19s gpu=0.00s conv=0.01s add=0.50s train=1.20s
[t=1173.6s] rebel stream solves=1041408 raw=1193/s balanced=1193/s debt=0 rows steps=4068 horizon=0.04 games=168 over=0 card=0 drop=0 L=0.01000 L/var=0.08 tgt=-0.000/0.346 cfg/b=39462 prep=0.18s gpu=0.00s conv=0.01s add=0.42s train=1.06s
[t=1183.7s] rebel stream solves=1051648 raw=1191/s balanced=1191/s debt=0 rows steps=4108 horizon=0.01 games=181 over=0 card=0 drop=0 L=0.01013 L/var=0.08 tgt=-0.007/0.353 cfg/b=39015 prep=0.19s gpu=0.00s conv=0.01s add=0.47s train=1.13s
[t=1193.7s] rebel stream solves=1062912 raw=1190/s balanced=1190/s debt=0 rows steps=4152 horizon=0.05 games=215 over=0 card=0 drop=0 L=0.01004 L/var=0.08 tgt=-0.009/0.359 cfg/b=38695 prep=0.25s gpu=0.00s conv=0.01s add=0.45s train=1.26s
[t=1203.7s] rebel stream solves=1075200 raw=1190/s balanced=1190/s debt=0 rows steps=4200 horizon=0.03 games=236 over=0 card=0 drop=0 L=0.01009 L/var=0.08 tgt=+0.001/0.349 cfg/b=38363 prep=0.21s gpu=0.00s conv=0.01s add=0.49s train=1.26s
[t=1213.9s] rebel stream solves=1087488 raw=1190/s balanced=1190/s debt=0 rows steps=4248 horizon=0.06 games=209 over=0 card=0 drop=0 L=0.01034 L/var=0.09 tgt=-0.003/0.348 cfg/b=37960 prep=0.22s gpu=0.00s conv=0.01s add=0.54s train=1.34s
[t=1223.9s] rebel stream solves=1098752 raw=1190/s balanced=1190/s debt=0 rows steps=4292 horizon=0.06 games=218 over=0 card=0 drop=0 L=0.01024 L/var=0.08 tgt=-0.003/0.364 cfg/b=37990 prep=0.23s gpu=0.00s conv=0.01s add=0.51s train=1.26s
[t=1233.9s] rebel stream solves=1111040 raw=1190/s balanced=1190/s debt=0 rows steps=4340 horizon=0.06 games=216 over=0 card=0 drop=0 L=0.00985 L/var=0.08 tgt=+0.005/0.355 cfg/b=36954 prep=0.24s gpu=0.00s conv=0.01s add=0.52s train=1.37s
[t=1243.9s] rebel stream solves=1121280 raw=1188/s balanced=1188/s debt=0 rows steps=4380 horizon=0.02 games=181 over=0 card=0 drop=0 L=0.00990 L/var=0.08 tgt=+0.001/0.354 cfg/b=37187 prep=0.20s gpu=0.00s conv=0.01s add=0.45s train=1.09s
[t=1254.1s] rebel stream solves=1133568 raw=1189/s balanced=1189/s debt=0 rows steps=4428 horizon=0.07 games=232 over=0 card=0 drop=0 L=0.01018 L/var=0.08 tgt=+0.005/0.347 cfg/b=37309 prep=0.22s gpu=0.00s conv=0.02s add=0.56s train=1.33s
[t=1264.1s] rebel stream solves=1144832 raw=1188/s balanced=1188/s debt=0 rows steps=4472 horizon=0.05 games=192 over=0 card=0 drop=0 L=0.01056 L/var=0.09 tgt=+0.007/0.345 cfg/b=36803 prep=0.20s gpu=0.00s conv=0.01s add=0.47s train=1.20s
[t=1274.3s] rebel stream solves=1157120 raw=1188/s balanced=1188/s debt=0 rows steps=4520 horizon=0.04 games=196 over=0 card=0 drop=0 L=0.01003 L/var=0.08 tgt=+0.010/0.350 cfg/b=36421 prep=0.26s gpu=0.00s conv=0.01s add=0.48s train=1.35s
[t=1284.3s] rebel stream solves=1168384 raw=1187/s balanced=1187/s debt=0 rows steps=4564 horizon=0.04 games=218 over=0 card=0 drop=0 L=0.00974 L/var=0.08 tgt=+0.007/0.352 cfg/b=35874 prep=0.21s gpu=0.00s conv=0.01s add=0.46s train=1.19s
[t=1294.3s] rebel stream solves=1179648 raw=1187/s balanced=1187/s debt=0 rows steps=4608 horizon=0.06 games=184 over=0 card=0 drop=0 L=0.01013 L/var=0.08 tgt=+0.010/0.356 cfg/b=35516 prep=0.23s gpu=0.00s conv=0.01s add=0.43s train=1.24s
[t=1304.4s] rebel stream solves=1191936 raw=1187/s balanced=1187/s debt=0 rows steps=4656 horizon=0.06 games=197 over=0 card=0 drop=0 L=0.00981 L/var=0.08 tgt=+0.017/0.349 cfg/b=35115 prep=0.23s gpu=0.00s conv=0.02s add=0.54s train=1.30s
[t=1305.4s] --- lr -> 2.50e-04 ---
[t=1314.4s] rebel stream solves=1203200 raw=1187/s balanced=1187/s debt=0 rows steps=4700 horizon=0.06 games=194 over=0 card=0 drop=0 L=0.00966 L/var=0.08 tgt=+0.014/0.359 cfg/b=35567 prep=0.21s gpu=0.00s conv=0.01s add=0.47s train=1.21s
[t=1324.4s] rebel stream solves=1215488 raw=1187/s balanced=1187/s debt=0 rows steps=4748 horizon=0.06 games=181 over=0 card=0 drop=0 L=0.00954 L/var=0.07 tgt=+0.013/0.365 cfg/b=35259 prep=0.22s gpu=0.00s conv=0.01s add=0.55s train=1.28s
[t=1334.4s] rebel stream solves=1228800 raw=1188/s balanced=1188/s debt=0 rows steps=4800 horizon=0.07 games=244 over=0 card=0 drop=0 L=0.00968 L/var=0.07 tgt=+0.017/0.367 cfg/b=34777 prep=0.22s gpu=0.00s conv=0.01s add=0.54s train=1.41s
[t=1344.4s] rebel stream solves=1241088 raw=1189/s balanced=1189/s debt=0 rows steps=4848 horizon=0.06 games=221 over=0 card=0 drop=0 L=0.00964 L/var=0.07 tgt=+0.018/0.361 cfg/b=34600 prep=0.21s gpu=0.00s conv=0.01s add=0.53s train=1.31s
[t=1354.5s] rebel stream solves=1255424 raw=1191/s balanced=1191/s debt=0 rows steps=4904 horizon=0.05 games=252 over=0 card=0 drop=0 L=0.00954 L/var=0.07 tgt=+0.020/0.365 cfg/b=34374 prep=0.26s gpu=0.00s conv=0.01s add=0.57s train=1.52s
[t=1364.5s] rebel stream solves=1266688 raw=1190/s balanced=1190/s debt=0 rows steps=4948 horizon=0.07 games=214 over=0 card=0 drop=0 L=0.00972 L/var=0.07 tgt=+0.021/0.362 cfg/b=33855 prep=0.20s gpu=0.00s conv=0.01s add=0.51s train=1.21s
[t=1374.5s] rebel stream solves=1278976 raw=1191/s balanced=1191/s debt=0 rows steps=4996 horizon=0.08 games=217 over=0 card=0 drop=0 L=0.00971 L/var=0.07 tgt=+0.024/0.362 cfg/b=33731 prep=0.24s gpu=0.00s conv=0.01s add=0.52s train=1.32s
[t=1380.5s] --- snapshot snap_03.pt (s3) ---
[t=1384.6s] rebel stream solves=1290240 raw=1190/s balanced=1190/s debt=0 rows steps=5040 horizon=0.03 games=211 over=0 card=0 drop=0 L=0.01008 L/var=0.08 tgt=+0.022/0.364 cfg/b=33889 prep=0.21s gpu=0.00s conv=0.01s add=0.44s train=1.24s
[t=1394.6s] rebel stream solves=1302528 raw=1190/s balanced=1190/s debt=0 rows steps=5088 horizon=0.05 games=231 over=0 card=0 drop=0 L=0.00998 L/var=0.07 tgt=+0.026/0.372 cfg/b=33530 prep=0.24s gpu=0.00s conv=0.01s add=0.48s train=1.34s
[t=1404.6s] rebel stream solves=1314816 raw=1191/s balanced=1191/s debt=0 rows steps=5136 horizon=0.06 games=220 over=0 card=0 drop=0 L=0.00948 L/var=0.07 tgt=+0.018/0.366 cfg/b=33199 prep=0.22s gpu=0.00s conv=0.01s add=0.45s train=1.31s
[t=1414.8s] rebel stream solves=1326080 raw=1190/s balanced=1190/s debt=0 rows steps=5180 horizon=0.07 games=188 over=0 card=0 drop=0 L=0.00982 L/var=0.07 tgt=+0.022/0.366 cfg/b=33037 prep=0.21s gpu=0.00s conv=0.01s add=0.45s train=1.26s
[t=1424.8s] rebel stream solves=1337344 raw=1189/s balanced=1189/s debt=0 rows steps=5224 horizon=0.07 games=213 over=0 card=0 drop=0 L=0.00942 L/var=0.07 tgt=+0.022/0.365 cfg/b=33322 prep=0.21s gpu=0.00s conv=0.01s add=0.40s train=1.23s
[t=1434.8s] rebel stream solves=1349632 raw=1190/s balanced=1190/s debt=0 rows steps=5272 horizon=0.07 games=206 over=0 card=0 drop=0 L=0.00964 L/var=0.08 tgt=+0.029/0.356 cfg/b=33299 prep=0.21s gpu=0.00s conv=0.01s add=0.52s train=1.32s
[t=1444.8s] rebel stream solves=1361920 raw=1190/s balanced=1190/s debt=0 rows steps=5320 horizon=0.05 games=209 over=0 card=0 drop=0 L=0.00940 L/var=0.08 tgt=+0.026/0.352 cfg/b=33319 prep=0.21s gpu=0.00s conv=0.01s add=0.45s train=1.29s
[t=1454.8s] rebel stream solves=1373184 raw=1189/s balanced=1189/s debt=0 rows steps=5364 horizon=0.08 games=210 over=0 card=0 drop=0 L=0.00985 L/var=0.08 tgt=+0.016/0.357 cfg/b=33159 prep=0.24s gpu=0.00s conv=0.01s add=0.42s train=1.27s
[t=1464.9s] rebel stream solves=1384448 raw=1189/s balanced=1189/s debt=0 rows steps=5408 horizon=0.08 games=176 over=0 card=0 drop=0 L=0.00913 L/var=0.07 tgt=+0.020/0.355 cfg/b=33587 prep=0.20s gpu=0.00s conv=0.01s add=0.46s train=1.19s
[t=1474.9s] rebel stream solves=1394688 raw=1187/s balanced=1187/s debt=0 rows steps=5448 horizon=0.09 games=183 over=0 card=0 drop=0 L=0.00939 L/var=0.07 tgt=+0.025/0.359 cfg/b=33275 prep=0.16s gpu=0.00s conv=0.01s add=0.40s train=1.06s
[t=1484.9s] rebel stream solves=1406976 raw=1188/s balanced=1188/s debt=0 rows steps=5496 horizon=0.06 games=196 over=0 card=0 drop=0 L=0.00958 L/var=0.07 tgt=+0.025/0.364 cfg/b=33378 prep=0.22s gpu=0.00s conv=0.01s add=0.42s train=1.24s
[t=1494.9s] rebel stream solves=1418240 raw=1187/s balanced=1187/s debt=0 rows steps=5540 horizon=0.08 games=208 over=0 card=0 drop=0 L=0.00969 L/var=0.07 tgt=+0.023/0.370 cfg/b=33264 prep=0.22s gpu=0.00s conv=0.01s add=0.43s train=1.24s
[t=1505.1s] rebel stream solves=1429504 raw=1187/s balanced=1187/s debt=0 rows steps=5584 horizon=0.08 games=198 over=0 card=0 drop=0 L=0.00936 L/var=0.07 tgt=+0.021/0.364 cfg/b=33536 prep=0.19s gpu=0.00s conv=0.01s add=0.46s train=1.17s
[t=1515.1s] rebel stream solves=1439744 raw=1185/s balanced=1185/s debt=0 rows steps=5624 horizon=0.07 games=184 over=0 card=0 drop=0 L=0.00946 L/var=0.07 tgt=+0.022/0.371 cfg/b=33531 prep=0.24s gpu=0.00s conv=0.01s add=0.43s train=1.15s
[t=1525.2s] rebel stream solves=1452032 raw=1185/s balanced=1185/s debt=0 rows steps=5672 horizon=0.06 games=221 over=0 card=0 drop=0 L=0.00990 L/var=0.07 tgt=+0.023/0.369 cfg/b=33918 prep=0.21s gpu=0.00s conv=0.01s add=0.51s train=1.32s
[t=1535.2s] rebel stream solves=1464320 raw=1186/s balanced=1186/s debt=0 rows steps=5720 horizon=0.07 games=219 over=0 card=0 drop=0 L=0.00985 L/var=0.07 tgt=+0.026/0.372 cfg/b=33283 prep=0.19s gpu=0.00s conv=0.01s add=0.46s train=1.28s
[t=1545.2s] rebel stream solves=1476608 raw=1186/s balanced=1186/s debt=0 rows steps=5768 horizon=0.07 games=225 over=0 card=0 drop=0 L=0.01010 L/var=0.07 tgt=+0.024/0.373 cfg/b=33582 prep=0.23s gpu=0.00s conv=0.01s add=0.52s train=1.30s
[t=1555.3s] rebel stream solves=1487872 raw=1186/s balanced=1186/s debt=0 rows steps=5812 horizon=0.09 games=212 over=0 card=0 drop=0 L=0.00996 L/var=0.07 tgt=+0.020/0.368 cfg/b=33450 prep=0.21s gpu=0.00s conv=0.01s add=0.52s train=1.19s
[t=1565.3s] rebel stream solves=1499136 raw=1185/s balanced=1185/s debt=0 rows steps=5856 horizon=0.09 games=220 over=0 card=0 drop=0 L=0.01042 L/var=0.08 tgt=+0.015/0.369 cfg/b=33312 prep=0.19s gpu=0.00s conv=0.01s add=0.49s train=1.19s
[t=1575.3s] rebel stream solves=1510400 raw=1185/s balanced=1185/s debt=0 rows steps=5900 horizon=0.06 games=188 over=0 card=0 drop=0 L=0.00990 L/var=0.07 tgt=+0.025/0.371 cfg/b=34003 prep=0.23s gpu=0.00s conv=0.01s add=0.45s train=1.22s
[t=1585.3s] rebel stream solves=1519616 raw=1183/s balanced=1183/s debt=0 rows steps=5936 horizon=0.06 games=160 over=0 card=0 drop=0 L=0.00989 L/var=0.07 tgt=+0.018/0.379 cfg/b=33556 prep=0.16s gpu=0.00s conv=0.01s add=0.41s train=0.97s
[t=1595.4s] rebel stream solves=1529856 raw=1181/s balanced=1181/s debt=0 rows steps=5976 horizon=0.06 games=202 over=0 card=0 drop=0 L=0.00998 L/var=0.07 tgt=+0.015/0.384 cfg/b=34093 prep=0.20s gpu=0.00s conv=0.01s add=0.46s train=1.12s
[t=1605.5s] rebel stream solves=1540096 raw=1180/s balanced=1180/s debt=0 rows steps=6016 horizon=0.07 games=189 over=0 card=0 drop=0 L=0.00979 L/var=0.07 tgt=+0.016/0.375 cfg/b=34583 prep=0.19s gpu=0.00s conv=0.01s add=0.45s train=1.13s
[t=1615.5s] rebel stream solves=1550336 raw=1179/s balanced=1179/s debt=0 rows steps=6056 horizon=0.06 games=191 over=0 card=0 drop=0 L=0.00950 L/var=0.07 tgt=+0.011/0.373 cfg/b=34676 prep=0.19s gpu=0.00s conv=0.01s add=0.47s train=1.10s
[t=1625.5s] rebel stream solves=1560576 raw=1178/s balanced=1178/s debt=0 rows steps=6096 horizon=0.04 games=190 over=0 card=0 drop=0 L=0.00972 L/var=0.07 tgt=+0.011/0.385 cfg/b=34306 prep=0.22s gpu=0.00s conv=0.01s add=0.43s train=1.17s
[t=1635.6s] rebel stream solves=1571840 raw=1177/s balanced=1177/s debt=0 rows steps=6140 horizon=0.07 games=211 over=0 card=0 drop=0 L=0.00950 L/var=0.07 tgt=+0.020/0.363 cfg/b=34651 prep=0.20s gpu=0.00s conv=0.02s add=0.50s train=1.20s
[t=1645.6s] rebel stream solves=1582080 raw=1176/s balanced=1176/s debt=0 rows steps=6180 horizon=0.09 games=187 over=0 card=0 drop=0 L=0.00983 L/var=0.07 tgt=+0.021/0.375 cfg/b=34422 prep=0.17s gpu=0.00s conv=0.01s add=0.42s train=1.08s
[t=1655.7s] rebel stream solves=1592320 raw=1175/s balanced=1175/s debt=0 rows steps=6220 horizon=0.08 games=196 over=0 card=0 drop=0 L=0.00982 L/var=0.07 tgt=+0.023/0.368 cfg/b=34890 prep=0.22s gpu=0.00s conv=0.01s add=0.46s train=1.15s
[t=1665.7s] rebel stream solves=1603584 raw=1175/s balanced=1175/s debt=0 rows steps=6264 horizon=0.04 games=200 over=0 card=0 drop=0 L=0.00983 L/var=0.07 tgt=+0.014/0.378 cfg/b=34664 prep=0.22s gpu=0.00s conv=0.01s add=0.45s train=1.23s
[t=1675.7s] rebel stream solves=1614848 raw=1174/s balanced=1174/s debt=0 rows steps=6308 horizon=0.06 games=219 over=0 card=0 drop=0 L=0.00999 L/var=0.07 tgt=+0.015/0.387 cfg/b=34818 prep=0.20s gpu=0.00s conv=0.01s add=0.48s train=1.19s
