[train] runs/v5_d2_base30 at bd3e685 seed=95 {'note': 'v5-depth2-baseline-30m', 'minutes': 30.0, 'warm_minutes': 5.0, 'snapshot_every': 15.0, 'seed': 95, 'ladder_games': 0}
[train] v5-depth2-baseline-30m
[cpu] pinned to 36 physical cores
[train] CUDA stream priority -1
[gpu] solve services up on [0, 1]
[cfg] PUBFEAT=897 CFEAT=15 architecture=v5 depth=2 iters=64 budget=1800s warm=300s snapshot_every=15min device=cuda:1 draft=random train_gen_ratio=4.0 recent_mix=0.5/0.2 canonical_views=2 cap=2000000 aux_weight=0.15 matmul=high
[t=   1.7s] greedy ep  0 games=  96 dec= 18853 rows= 18069 horizon=0.29 L=1.80729 L/var=11.66 tgt=-0.043/0.394 pstd=0.045 aux=0.8970/0.615 gen=0.1s train=1.4s
[t=   2.8s] greedy ep  1 games=  96 dec= 19648 rows= 18830 horizon=0.34 L=0.35516 L/var=2.16 tgt=-0.090/0.406 pstd=0.093 aux=0.8174/0.712 gen=0.1s train=0.9s
[t=   3.9s] greedy ep  2 games=  96 dec= 19176 rows= 18356 horizon=0.35 L=0.47264 L/var=2.75 tgt=-0.088/0.415 pstd=0.050 aux=0.6667/0.728 gen=0.1s train=0.9s
[t=   5.0s] greedy ep  3 games=  96 dec= 18652 rows= 17858 horizon=0.29 L=0.36762 L/var=1.93 tgt=-0.096/0.436 pstd=0.097 aux=0.6848/0.709 gen=0.1s train=0.9s
[t=   6.2s] greedy ep  4 games=  96 dec= 19078 rows= 18228 horizon=0.35 L=0.44089 L/var=2.57 tgt=-0.093/0.414 pstd=0.061 aux=0.6597/0.714 gen=0.1s train=0.9s
[t=   7.3s] greedy ep  5 games=  96 dec= 18818 rows= 18043 horizon=0.35 L=0.32812 L/var=1.80 tgt=-0.089/0.427 pstd=0.047 aux=0.6189/0.732 gen=0.1s train=0.9s
[t=   8.5s] greedy ep  6 games=  96 dec= 18874 rows= 18050 horizon=0.28 L=0.28151 L/var=1.84 tgt=-0.083/0.391 pstd=0.044 aux=0.5935/0.745 gen=0.1s train=0.9s
[t=   9.6s] greedy ep  7 games=  96 dec= 18496 rows= 17707 horizon=0.27 L=0.25628 L/var=1.85 tgt=-0.094/0.372 pstd=0.037 aux=0.5805/0.752 gen=0.1s train=0.9s
[t=  10.7s] greedy ep  8 games=  96 dec= 18882 rows= 18018 horizon=0.28 L=0.24700 L/var=1.82 tgt=-0.063/0.368 pstd=0.053 aux=0.5834/0.754 gen=0.1s train=0.9s
[t=  11.8s] greedy ep  9 games=  96 dec= 18567 rows= 17820 horizon=0.30 L=0.26550 L/var=1.68 tgt=-0.059/0.398 pstd=0.044 aux=0.5899/0.756 gen=0.1s train=0.9s
[t=  13.0s] greedy ep 10 games=  96 dec= 18793 rows= 18035 horizon=0.29 L=0.24417 L/var=1.58 tgt=-0.092/0.393 pstd=0.041 aux=0.5696/0.762 gen=0.1s train=1.0s
[t=  14.1s] greedy ep 11 games=  96 dec= 18170 rows= 17446 horizon=0.32 L=0.23627 L/var=1.40 tgt=-0.053/0.410 pstd=0.049 aux=0.5465/0.774 gen=0.1s train=0.9s
[t=  15.2s] greedy ep 12 games=  96 dec= 17686 rows= 16974 horizon=0.27 L=0.21740 L/var=1.40 tgt=-0.071/0.394 pstd=0.073 aux=0.5680/0.763 gen=0.1s train=0.9s
[t=  16.3s] greedy ep 13 games=  96 dec= 19259 rows= 18477 horizon=0.39 L=0.22187 L/var=1.60 tgt=-0.042/0.373 pstd=0.055 aux=0.5539/0.769 gen=0.1s train=0.9s
[t=  17.4s] greedy ep 14 games=  96 dec= 18669 rows= 17882 horizon=0.30 L=0.21032 L/var=1.37 tgt=-0.086/0.392 pstd=0.076 aux=0.5056/0.797 gen=0.1s train=0.9s
[t=  18.5s] greedy ep 15 games=  96 dec= 18379 rows= 17558 horizon=0.27 L=0.21120 L/var=1.32 tgt=-0.082/0.400 pstd=0.098 aux=0.4931/0.801 gen=0.1s train=0.9s
[t=  19.6s] greedy ep 16 games=  96 dec= 17832 rows= 17106 horizon=0.24 L=0.22256 L/var=1.27 tgt=-0.081/0.418 pstd=0.074 aux=0.5446/0.773 gen=0.1s train=0.9s
[t=  20.8s] greedy ep 17 games=  96 dec= 19410 rows= 18581 horizon=0.32 L=0.20994 L/var=1.21 tgt=-0.081/0.416 pstd=0.104 aux=0.5093/0.792 gen=0.1s train=1.0s
[t=  21.9s] greedy ep 18 games=  96 dec= 18273 rows= 17416 horizon=0.23 L=0.21382 L/var=1.38 tgt=-0.070/0.393 pstd=0.120 aux=0.4937/0.799 gen=0.1s train=0.9s
[t=  22.9s] greedy ep 19 games=  96 dec= 17525 rows= 16824 horizon=0.25 L=0.20449 L/var=1.38 tgt=-0.059/0.385 pstd=0.144 aux=0.4893/0.798 gen=0.1s train=0.8s
[t=  24.0s] greedy ep 20 games=  96 dec= 17691 rows= 16922 horizon=0.22 L=0.19980 L/var=1.26 tgt=-0.087/0.399 pstd=0.130 aux=0.4842/0.799 gen=0.1s train=0.9s
[t=  25.2s] greedy ep 21 games=  96 dec= 19033 rows= 18205 horizon=0.35 L=0.20522 L/var=1.40 tgt=-0.058/0.382 pstd=0.096 aux=0.4881/0.797 gen=0.1s train=0.9s
[t=  26.3s] greedy ep 22 games=  96 dec= 18692 rows= 17986 horizon=0.33 L=0.23131 L/var=1.37 tgt=-0.077/0.410 pstd=0.086 aux=0.5137/0.792 gen=0.1s train=0.9s
[t=  27.5s] greedy ep 23 games=  96 dec= 18345 rows= 17557 horizon=0.27 L=0.20353 L/var=1.33 tgt=-0.071/0.392 pstd=0.144 aux=0.4911/0.800 gen=0.1s train=0.9s
[t=  28.5s] greedy ep 24 games=  96 dec= 17545 rows= 16862 horizon=0.24 L=0.19977 L/var=1.31 tgt=-0.075/0.391 pstd=0.147 aux=0.4877/0.800 gen=0.1s train=0.8s
[t=  29.7s] greedy ep 25 games=  96 dec= 18771 rows= 17942 horizon=0.35 L=0.20428 L/var=1.28 tgt=-0.039/0.399 pstd=0.176 aux=0.4869/0.798 gen=0.1s train=1.0s
[t=  30.8s] greedy ep 26 games=  96 dec= 18524 rows= 17729 horizon=0.31 L=0.19769 L/var=1.23 tgt=-0.078/0.401 pstd=0.171 aux=0.4967/0.793 gen=0.1s train=0.9s
[t=  32.0s] greedy ep 27 games=  96 dec= 18467 rows= 17765 horizon=0.29 L=0.21730 L/var=1.24 tgt=-0.075/0.418 pstd=0.119 aux=0.5164/0.780 gen=0.1s train=0.9s
[t=  33.1s] greedy ep 28 games=  96 dec= 18349 rows= 17482 horizon=0.28 L=0.23267 L/var=1.51 tgt=-0.078/0.393 pstd=0.085 aux=0.5100/0.788 gen=0.1s train=0.9s
[t=  34.2s] greedy ep 29 games=  96 dec= 17979 rows= 17287 horizon=0.27 L=0.21094 L/var=1.44 tgt=-0.080/0.383 pstd=0.102 aux=0.4865/0.798 gen=0.1s train=0.9s
[t=  35.4s] greedy ep 30 games=  96 dec= 19069 rows= 18180 horizon=0.31 L=0.20650 L/var=1.26 tgt=-0.067/0.404 pstd=0.133 aux=0.4954/0.792 gen=0.1s train=1.0s
[t=  36.6s] greedy ep 31 games=  96 dec= 18861 rows= 18112 horizon=0.34 L=0.21470 L/var=1.19 tgt=-0.102/0.425 pstd=0.122 aux=0.4895/0.796 gen=0.1s train=0.9s
[t=  37.7s] greedy ep 32 games=  96 dec= 19129 rows= 18332 horizon=0.34 L=0.18796 L/var=1.21 tgt=-0.086/0.394 pstd=0.252 aux=0.4985/0.790 gen=0.1s train=1.0s
[t=  38.9s] greedy ep 33 games=  96 dec= 18913 rows= 17958 horizon=0.27 L=0.25689 L/var=1.62 tgt=-0.095/0.398 pstd=0.065 aux=0.5477/0.770 gen=0.1s train=0.9s
[t=  39.9s] greedy ep 34 games=  96 dec= 17630 rows= 16913 horizon=0.21 L=0.21865 L/var=1.28 tgt=-0.083/0.414 pstd=0.081 aux=0.4921/0.799 gen=0.1s train=0.8s
[t=  41.0s] greedy ep 35 games=  96 dec= 18569 rows= 17779 horizon=0.31 L=0.19573 L/var=1.18 tgt=-0.066/0.408 pstd=0.229 aux=0.4786/0.803 gen=0.1s train=0.9s
[t=  42.1s] greedy ep 36 games=  96 dec= 18706 rows= 17959 horizon=0.30 L=0.21429 L/var=1.28 tgt=-0.095/0.408 pstd=0.088 aux=0.5115/0.794 gen=0.1s train=0.9s
[t=  43.3s] greedy ep 37 games=  96 dec= 19117 rows= 18316 horizon=0.33 L=0.20534 L/var=1.35 tgt=-0.068/0.390 pstd=0.122 aux=0.4971/0.797 gen=0.1s train=0.9s
[t=  44.3s] greedy ep 38 games=  96 dec= 18646 rows= 17879 horizon=0.28 L=0.20947 L/var=1.27 tgt=-0.077/0.406 pstd=0.123 aux=0.4805/0.804 gen=0.1s train=0.9s
[t=  45.4s] greedy ep 39 games=  96 dec= 18107 rows= 17347 horizon=0.28 L=0.20441 L/var=1.16 tgt=-0.068/0.419 pstd=0.125 aux=0.4764/0.803 gen=0.1s train=0.9s
[t=  46.6s] greedy ep 40 games=  96 dec= 18950 rows= 18159 horizon=0.33 L=0.19309 L/var=1.35 tgt=-0.068/0.378 pstd=0.177 aux=0.4817/0.801 gen=0.1s train=0.9s
[t=  47.6s] greedy ep 41 games=  96 dec= 18590 rows= 17770 horizon=0.28 L=0.22288 L/var=1.49 tgt=-0.059/0.387 pstd=0.118 aux=0.5672/0.759 gen=0.1s train=0.9s
[t=  48.8s] greedy ep 42 games=  96 dec= 18858 rows= 17987 horizon=0.28 L=0.20721 L/var=1.32 tgt=-0.082/0.395 pstd=0.104 aux=0.5046/0.793 gen=0.1s train=0.9s
[t=  49.8s] greedy ep 43 games=  96 dec= 17876 rows= 17106 horizon=0.27 L=0.19975 L/var=1.09 tgt=-0.093/0.428 pstd=0.176 aux=0.4869/0.801 gen=0.1s train=0.9s
[t=  50.9s] greedy ep 44 games=  96 dec= 18395 rows= 17544 horizon=0.26 L=0.22682 L/var=1.34 tgt=-0.059/0.411 pstd=0.139 aux=0.4909/0.798 gen=0.1s train=0.9s
[t=  52.0s] greedy ep 45 games=  96 dec= 18304 rows= 17541 horizon=0.27 L=0.20830 L/var=1.30 tgt=-0.086/0.400 pstd=0.078 aux=0.5095/0.786 gen=0.1s train=0.9s
[t=  53.2s] greedy ep 46 games=  96 dec= 18963 rows= 18276 horizon=0.36 L=0.22282 L/var=1.39 tgt=-0.057/0.400 pstd=0.071 aux=0.5108/0.790 gen=0.1s train=0.9s
[t=  54.2s] greedy ep 47 games=  96 dec= 17323 rows= 16593 horizon=0.24 L=0.21088 L/var=1.24 tgt=-0.099/0.413 pstd=0.103 aux=0.4882/0.800 gen=0.1s train=0.8s
[t=  55.3s] greedy ep 48 games=  96 dec= 19310 rows= 18515 horizon=0.32 L=0.20570 L/var=1.28 tgt=-0.070/0.402 pstd=0.127 aux=0.4830/0.801 gen=0.1s train=0.9s
[t=  56.4s] greedy ep 49 games=  96 dec= 18285 rows= 17559 horizon=0.26 L=0.20658 L/var=1.42 tgt=-0.076/0.382 pstd=0.149 aux=0.4907/0.798 gen=0.1s train=0.9s
[t=  57.5s] greedy ep 50 games=  96 dec= 18926 rows= 18168 horizon=0.30 L=0.18957 L/var=1.10 tgt=-0.079/0.416 pstd=0.180 aux=0.4887/0.796 gen=0.1s train=0.9s
[t=  58.6s] greedy ep 51 games=  96 dec= 18443 rows= 17663 horizon=0.29 L=0.22544 L/var=1.49 tgt=-0.068/0.388 pstd=0.089 aux=0.5268/0.777 gen=0.1s train=0.9s
[t=  59.7s] greedy ep 52 games=  96 dec= 18192 rows= 17487 horizon=0.27 L=0.20719 L/var=1.32 tgt=-0.086/0.395 pstd=0.102 aux=0.4949/0.796 gen=0.1s train=0.9s
[t=  60.8s] greedy ep 53 games=  96 dec= 18972 rows= 18164 horizon=0.32 L=0.20456 L/var=1.23 tgt=-0.068/0.407 pstd=0.119 aux=0.4823/0.800 gen=0.1s train=0.9s
[t=  61.9s] greedy ep 54 games=  96 dec= 18781 rows= 18082 horizon=0.35 L=0.20000 L/var=1.22 tgt=-0.067/0.406 pstd=0.136 aux=0.4755/0.804 gen=0.1s train=0.9s
[t=  63.0s] greedy ep 55 games=  96 dec= 18170 rows= 17299 horizon=0.23 L=0.17751 L/var=1.20 tgt=-0.070/0.385 pstd=0.190 aux=0.4782/0.802 gen=0.1s train=0.9s
[t=  64.2s] greedy ep 56 games=  96 dec= 18827 rows= 18033 horizon=0.31 L=0.20496 L/var=1.33 tgt=-0.056/0.392 pstd=0.106 aux=0.5043/0.788 gen=0.1s train=0.9s
[t=  65.2s] greedy ep 57 games=  96 dec= 18588 rows= 17840 horizon=0.33 L=0.19463 L/var=1.26 tgt=-0.078/0.393 pstd=0.161 aux=0.4840/0.802 gen=0.1s train=0.9s
[t=  66.3s] greedy ep 58 games=  96 dec= 18407 rows= 17575 horizon=0.28 L=0.15891 L/var=1.03 tgt=-0.055/0.393 pstd=0.311 aux=0.4885/0.800 gen=0.1s train=0.9s
[t=  67.4s] greedy ep 59 games=  96 dec= 18148 rows= 17468 horizon=0.25 L=0.22803 L/var=1.44 tgt=-0.079/0.397 pstd=0.075 aux=0.5016/0.792 gen=0.1s train=0.9s
[t=  68.6s] greedy ep 60 games=  96 dec= 19240 rows= 18506 horizon=0.39 L=0.15871 L/var=1.02 tgt=-0.058/0.394 pstd=0.430 aux=0.4861/0.801 gen=0.1s train=0.9s
[t=  69.6s] greedy ep 61 games=  96 dec= 17480 rows= 16650 horizon=0.21 L=0.08831 L/var=0.51 tgt=-0.082/0.415 pstd=0.333 aux=0.4899/0.801 gen=0.1s train=0.8s
[t=  70.7s] greedy ep 62 games=  96 dec= 17696 rows= 16904 horizon=0.23 L=0.04857 L/var=0.31 tgt=-0.078/0.393 pstd=0.278 aux=0.4865/0.803 gen=0.1s train=0.9s
[t=  71.8s] greedy ep 63 games=  96 dec= 18115 rows= 17315 horizon=0.25 L=0.03115 L/var=0.17 tgt=-0.074/0.425 pstd=0.363 aux=0.4791/0.806 gen=0.1s train=0.9s
[t=  72.9s] greedy ep 64 games=  96 dec= 17961 rows= 17228 horizon=0.30 L=0.01963 L/var=0.11 tgt=-0.081/0.430 pstd=0.368 aux=0.4800/0.806 gen=0.1s train=0.9s
[t=  74.0s] greedy ep 65 games=  96 dec= 19091 rows= 18359 horizon=0.33 L=0.01746 L/var=0.12 tgt=-0.054/0.380 pstd=0.367 aux=0.4823/0.804 gen=0.1s train=0.9s
[t=  75.1s] greedy ep 66 games=  96 dec= 18892 rows= 18141 horizon=0.34 L=0.01427 L/var=0.08 tgt=-0.083/0.425 pstd=0.365 aux=0.4792/0.804 gen=0.1s train=0.9s
[t=  76.2s] greedy ep 67 games=  96 dec= 18700 rows= 17909 horizon=0.33 L=0.01591 L/var=0.10 tgt=-0.068/0.402 pstd=0.375 aux=0.4806/0.803 gen=0.1s train=0.9s
[t=  77.3s] greedy ep 68 games=  96 dec= 17768 rows= 16989 horizon=0.26 L=0.01188 L/var=0.08 tgt=-0.080/0.398 pstd=0.377 aux=0.4816/0.802 gen=0.1s train=0.9s
[t=  78.4s] greedy ep 69 games=  96 dec= 18920 rows= 18066 horizon=0.31 L=0.01273 L/var=0.09 tgt=-0.081/0.373 pstd=0.363 aux=0.4785/0.802 gen=0.1s train=0.9s
[t=  79.5s] greedy ep 70 games=  96 dec= 18272 rows= 17482 horizon=0.23 L=0.01257 L/var=0.08 tgt=-0.079/0.393 pstd=0.357 aux=0.4800/0.802 gen=0.1s train=0.9s
[t=  80.7s] greedy ep 71 games=  96 dec= 19474 rows= 18684 horizon=0.42 L=0.00977 L/var=0.07 tgt=-0.081/0.388 pstd=0.368 aux=0.4773/0.803 gen=0.1s train=0.9s
[t=  81.8s] greedy ep 72 games=  96 dec= 18516 rows= 17831 horizon=0.32 L=0.00801 L/var=0.05 tgt=-0.063/0.392 pstd=0.375 aux=0.4768/0.802 gen=0.1s train=0.9s
[t=  82.9s] greedy ep 73 games=  96 dec= 18517 rows= 17766 horizon=0.31 L=0.00682 L/var=0.04 tgt=-0.085/0.409 pstd=0.375 aux=0.4761/0.803 gen=0.1s train=0.9s
[t=  84.0s] greedy ep 74 games=  96 dec= 18370 rows= 17557 horizon=0.25 L=0.00641 L/var=0.05 tgt=-0.051/0.375 pstd=0.380 aux=0.4767/0.803 gen=0.1s train=0.9s
[t=  85.1s] greedy ep 75 games=  96 dec= 18616 rows= 17846 horizon=0.31 L=0.00577 L/var=0.04 tgt=-0.054/0.385 pstd=0.374 aux=0.4805/0.802 gen=0.1s train=0.9s
[t=  86.3s] greedy ep 76 games=  96 dec= 18935 rows= 18095 horizon=0.31 L=0.00689 L/var=0.04 tgt=-0.087/0.404 pstd=0.358 aux=0.4783/0.801 gen=0.1s train=0.9s
[t=  87.4s] greedy ep 77 games=  96 dec= 18457 rows= 17724 horizon=0.29 L=0.00503 L/var=0.03 tgt=-0.071/0.393 pstd=0.376 aux=0.4748/0.803 gen=0.1s train=0.9s
[t=  88.6s] greedy ep 78 games=  96 dec= 17709 rows= 17003 horizon=0.25 L=0.00626 L/var=0.04 tgt=-0.063/0.403 pstd=0.357 aux=0.4778/0.801 gen=0.1s train=0.9s
[t=  89.7s] greedy ep 79 games=  96 dec= 18236 rows= 17407 horizon=0.22 L=0.00710 L/var=0.05 tgt=-0.070/0.392 pstd=0.381 aux=0.4727/0.804 gen=0.1s train=0.9s
[t=  90.8s] greedy ep 80 games=  96 dec= 18576 rows= 17800 horizon=0.31 L=0.00441 L/var=0.03 tgt=-0.085/0.414 pstd=0.380 aux=0.4758/0.802 gen=0.1s train=0.9s
[t=  91.9s] greedy ep 81 games=  96 dec= 17602 rows= 16911 horizon=0.23 L=0.00447 L/var=0.03 tgt=-0.088/0.416 pstd=0.380 aux=0.4756/0.802 gen=0.1s train=0.9s
[t=  93.1s] greedy ep 82 games=  96 dec= 18011 rows= 17307 horizon=0.28 L=0.00384 L/var=0.02 tgt=-0.110/0.422 pstd=0.383 aux=0.4789/0.800 gen=0.1s train=0.9s
[t=  94.2s] greedy ep 83 games=  96 dec= 19229 rows= 18365 horizon=0.28 L=0.00465 L/var=0.03 tgt=-0.096/0.384 pstd=0.377 aux=0.4736/0.803 gen=0.1s train=1.0s
[t=  95.3s] greedy ep 84 games=  96 dec= 17370 rows= 16534 horizon=0.22 L=0.00574 L/var=0.04 tgt=-0.078/0.400 pstd=0.377 aux=0.4745/0.803 gen=0.1s train=0.8s
[t=  96.4s] greedy ep 85 games=  96 dec= 18514 rows= 17718 horizon=0.31 L=0.00355 L/var=0.02 tgt=-0.067/0.409 pstd=0.380 aux=0.4769/0.801 gen=0.1s train=0.9s
[t=  97.6s] greedy ep 86 games=  96 dec= 18400 rows= 17629 horizon=0.30 L=0.00425 L/var=0.02 tgt=-0.054/0.416 pstd=0.383 aux=0.4776/0.800 gen=0.1s train=0.9s
[t=  98.7s] greedy ep 87 games=  96 dec= 18328 rows= 17540 horizon=0.28 L=0.00362 L/var=0.02 tgt=-0.057/0.416 pstd=0.382 aux=0.4727/0.803 gen=0.1s train=0.9s
[t=  99.9s] greedy ep 88 games=  96 dec= 18836 rows= 18104 horizon=0.34 L=0.00330 L/var=0.02 tgt=-0.069/0.451 pstd=0.382 aux=0.4678/0.804 gen=0.1s train=0.9s
[t= 101.0s] greedy ep 89 games=  96 dec= 18112 rows= 17376 horizon=0.29 L=0.00394 L/var=0.02 tgt=-0.099/0.422 pstd=0.378 aux=0.4690/0.803 gen=0.1s train=0.9s
[t= 102.1s] greedy ep 90 games=  96 dec= 18009 rows= 17292 horizon=0.29 L=0.00550 L/var=0.04 tgt=-0.067/0.396 pstd=0.360 aux=0.4732/0.801 gen=0.1s train=0.9s
[t= 103.3s] greedy ep 91 games=  96 dec= 19007 rows= 18272 horizon=0.31 L=0.00373 L/var=0.02 tgt=-0.071/0.393 pstd=0.387 aux=0.4702/0.803 gen=0.1s train=1.0s
[t= 104.4s] greedy ep 92 games=  96 dec= 18386 rows= 17545 horizon=0.28 L=0.00290 L/var=0.02 tgt=-0.079/0.427 pstd=0.384 aux=0.4687/0.804 gen=0.1s train=0.9s
[t= 105.5s] greedy ep 93 games=  96 dec= 17611 rows= 16917 horizon=0.24 L=0.00268 L/var=0.02 tgt=-0.089/0.416 pstd=0.385 aux=0.4672/0.805 gen=0.1s train=0.9s
[t= 106.6s] greedy ep 94 games=  96 dec= 18028 rows= 17248 horizon=0.23 L=0.00387 L/var=0.02 tgt=-0.088/0.397 pstd=0.387 aux=0.4679/0.804 gen=0.1s train=0.8s
[t= 107.7s] greedy ep 95 games=  96 dec= 18694 rows= 17878 horizon=0.30 L=0.00525 L/var=0.03 tgt=-0.061/0.389 pstd=0.375 aux=0.4632/0.806 gen=0.1s train=0.9s
[t= 108.9s] greedy ep 96 games=  96 dec= 18817 rows= 18070 horizon=0.31 L=0.00323 L/var=0.02 tgt=-0.091/0.405 pstd=0.386 aux=0.4676/0.803 gen=0.1s train=0.9s
[t= 110.0s] greedy ep 97 games=  96 dec= 17744 rows= 16965 horizon=0.22 L=0.00300 L/var=0.02 tgt=-0.087/0.408 pstd=0.385 aux=0.4654/0.804 gen=0.1s train=0.9s
[t= 111.1s] greedy ep 98 games=  96 dec= 18854 rows= 18081 horizon=0.32 L=0.00404 L/var=0.02 tgt=-0.075/0.405 pstd=0.389 aux=0.4675/0.803 gen=0.1s train=0.9s
[t= 112.2s] greedy ep 99 games=  96 dec= 18115 rows= 17468 horizon=0.29 L=0.00329 L/var=0.02 tgt=-0.088/0.402 pstd=0.385 aux=0.4647/0.804 gen=0.1s train=0.9s
[t= 113.3s] greedy ep100 games=  96 dec= 17901 rows= 17067 horizon=0.24 L=0.00347 L/var=0.02 tgt=-0.064/0.404 pstd=0.377 aux=0.4666/0.804 gen=0.1s train=0.9s
[t= 114.3s] greedy ep101 games=  96 dec= 17329 rows= 16564 horizon=0.18 L=0.00278 L/var=0.02 tgt=-0.094/0.419 pstd=0.385 aux=0.4673/0.803 gen=0.1s train=0.8s
[t= 115.5s] greedy ep102 games=  96 dec= 19175 rows= 18365 horizon=0.30 L=0.00248 L/var=0.01 tgt=-0.085/0.413 pstd=0.396 aux=0.4708/0.800 gen=0.1s train=0.9s
[t= 116.6s] greedy ep103 games=  96 dec= 19349 rows= 18446 horizon=0.34 L=0.00397 L/var=0.02 tgt=-0.090/0.408 pstd=0.379 aux=0.4678/0.803 gen=0.1s train=0.9s
[t= 117.8s] greedy ep104 games=  96 dec= 18780 rows= 17994 horizon=0.29 L=0.00326 L/var=0.02 tgt=-0.043/0.400 pstd=0.384 aux=0.4681/0.802 gen=0.1s train=0.9s
[t= 118.8s] greedy ep105 games=  96 dec= 18193 rows= 17415 horizon=0.31 L=0.00313 L/var=0.02 tgt=-0.064/0.394 pstd=0.378 aux=0.4628/0.804 gen=0.1s train=0.9s
[t= 120.0s] greedy ep106 games=  96 dec= 18319 rows= 17592 horizon=0.30 L=0.00243 L/var=0.01 tgt=-0.074/0.433 pstd=0.388 aux=0.4641/0.804 gen=0.1s train=0.9s
[t= 121.1s] greedy ep107 games=  96 dec= 18453 rows= 17669 horizon=0.27 L=0.00232 L/var=0.01 tgt=-0.065/0.402 pstd=0.389 aux=0.4617/0.803 gen=0.1s train=0.9s
[t= 122.3s] greedy ep108 games=  96 dec= 19645 rows= 18855 horizon=0.39 L=0.00446 L/var=0.03 tgt=-0.073/0.414 pstd=0.371 aux=0.4639/0.804 gen=0.1s train=0.9s
[t= 123.4s] greedy ep109 games=  96 dec= 18220 rows= 17470 horizon=0.26 L=0.00319 L/var=0.02 tgt=-0.051/0.395 pstd=0.391 aux=0.4650/0.803 gen=0.1s train=0.9s
[t= 124.6s] greedy ep110 games=  96 dec= 19366 rows= 18466 horizon=0.34 L=0.00254 L/var=0.02 tgt=-0.074/0.395 pstd=0.383 aux=0.4699/0.801 gen=0.1s train=0.9s
[t= 125.7s] greedy ep111 games=  96 dec= 17474 rows= 16655 horizon=0.23 L=0.00240 L/var=0.01 tgt=-0.093/0.413 pstd=0.387 aux=0.4671/0.801 gen=0.1s train=0.8s
[t= 126.8s] greedy ep112 games=  96 dec= 18454 rows= 17765 horizon=0.29 L=0.00297 L/var=0.02 tgt=-0.070/0.392 pstd=0.386 aux=0.4651/0.803 gen=0.1s train=0.9s
[t= 127.9s] greedy ep113 games=  96 dec= 18390 rows= 17620 horizon=0.32 L=0.00231 L/var=0.01 tgt=-0.084/0.412 pstd=0.390 aux=0.4639/0.803 gen=0.1s train=0.9s
[t= 129.1s] greedy ep114 games=  96 dec= 18074 rows= 17390 horizon=0.25 L=0.00263 L/var=0.02 tgt=-0.077/0.413 pstd=0.392 aux=0.4659/0.802 gen=0.1s train=0.9s
[t= 130.2s] greedy ep115 games=  96 dec= 18082 rows= 17334 horizon=0.27 L=0.00406 L/var=0.03 tgt=-0.064/0.378 pstd=0.378 aux=0.4637/0.803 gen=0.1s train=0.9s
[t= 131.4s] greedy ep116 games=  96 dec= 18772 rows= 18031 horizon=0.34 L=0.00249 L/var=0.02 tgt=-0.053/0.378 pstd=0.391 aux=0.4608/0.804 gen=0.1s train=1.0s
[t= 132.6s] greedy ep117 games=  96 dec= 18903 rows= 18078 horizon=0.28 L=0.00227 L/var=0.01 tgt=-0.055/0.409 pstd=0.387 aux=0.4662/0.802 gen=0.1s train=1.0s
[t= 133.7s] greedy ep118 games=  96 dec= 18299 rows= 17525 horizon=0.24 L=0.00229 L/var=0.01 tgt=-0.101/0.393 pstd=0.387 aux=0.4619/0.803 gen=0.1s train=0.9s
[t= 134.8s] greedy ep119 games=  96 dec= 18037 rows= 17324 horizon=0.27 L=0.00291 L/var=0.02 tgt=-0.113/0.423 pstd=0.385 aux=0.4607/0.804 gen=0.1s train=0.9s
[t= 135.9s] greedy ep120 games=  96 dec= 18139 rows= 17418 horizon=0.25 L=0.00419 L/var=0.03 tgt=-0.078/0.408 pstd=0.382 aux=0.4628/0.803 gen=0.1s train=0.9s
[t= 137.1s] greedy ep121 games=  96 dec= 19044 rows= 18264 horizon=0.32 L=0.00248 L/var=0.02 tgt=-0.083/0.400 pstd=0.389 aux=0.4640/0.802 gen=0.1s train=0.9s
[t= 138.2s] greedy ep122 games=  96 dec= 17722 rows= 16951 horizon=0.26 L=0.00239 L/var=0.02 tgt=-0.079/0.397 pstd=0.382 aux=0.4657/0.801 gen=0.1s train=0.9s
[t= 139.3s] greedy ep123 games=  96 dec= 17658 rows= 16990 horizon=0.23 L=0.00354 L/var=0.02 tgt=-0.073/0.403 pstd=0.383 aux=0.4604/0.804 gen=0.1s train=0.9s
[t= 140.5s] greedy ep124 games=  96 dec= 19187 rows= 18459 horizon=0.35 L=0.00278 L/var=0.02 tgt=-0.053/0.403 pstd=0.387 aux=0.4635/0.802 gen=0.1s train=0.9s
[t= 141.7s] greedy ep125 games=  96 dec= 19478 rows= 18670 horizon=0.38 L=0.00208 L/var=0.01 tgt=-0.061/0.383 pstd=0.390 aux=0.4626/0.803 gen=0.1s train=0.9s
[t= 142.9s] greedy ep126 games=  96 dec= 18706 rows= 18051 horizon=0.31 L=0.00227 L/var=0.02 tgt=-0.057/0.386 pstd=0.386 aux=0.4592/0.805 gen=0.1s train=0.9s
[t= 144.0s] greedy ep127 games=  96 dec= 17748 rows= 16959 horizon=0.21 L=0.00223 L/var=0.01 tgt=-0.058/0.397 pstd=0.382 aux=0.4646/0.802 gen=0.1s train=0.9s
[t= 145.2s] greedy ep128 games=  96 dec= 18849 rows= 18000 horizon=0.25 L=0.00277 L/var=0.02 tgt=-0.092/0.412 pstd=0.389 aux=0.4601/0.804 gen=0.1s train=0.9s
[t= 146.4s] greedy ep129 games=  96 dec= 19027 rows= 18186 horizon=0.33 L=0.00188 L/var=0.01 tgt=-0.073/0.401 pstd=0.389 aux=0.4644/0.802 gen=0.1s train=1.0s
[t= 147.5s] greedy ep130 games=  96 dec= 18257 rows= 17535 horizon=0.29 L=0.00216 L/var=0.01 tgt=-0.063/0.385 pstd=0.390 aux=0.4597/0.805 gen=0.1s train=0.9s
[t= 148.6s] greedy ep131 games=  96 dec= 18325 rows= 17546 horizon=0.30 L=0.00168 L/var=0.01 tgt=-0.071/0.397 pstd=0.393 aux=0.4581/0.806 gen=0.1s train=0.9s
[t= 149.7s] greedy ep132 games=  96 dec= 17681 rows= 16849 horizon=0.23 L=0.00386 L/var=0.02 tgt=-0.080/0.417 pstd=0.361 aux=0.4581/0.805 gen=0.1s train=0.8s
[t= 150.9s] greedy ep133 games=  96 dec= 19329 rows= 18584 horizon=0.39 L=0.00867 L/var=0.06 tgt=-0.086/0.389 pstd=0.363 aux=0.4590/0.805 gen=0.1s train=0.9s
[t= 152.0s] greedy ep134 games=  96 dec= 18581 rows= 17770 horizon=0.26 L=0.00651 L/var=0.04 tgt=-0.083/0.394 pstd=0.379 aux=0.4626/0.803 gen=0.1s train=0.9s
[t= 153.2s] greedy ep135 games=  96 dec= 17697 rows= 16960 horizon=0.21 L=0.00272 L/var=0.01 tgt=-0.098/0.429 pstd=0.390 aux=0.4638/0.803 gen=0.1s train=0.9s
[t= 154.4s] greedy ep136 games=  96 dec= 18737 rows= 17959 horizon=0.27 L=0.00169 L/var=0.01 tgt=-0.075/0.405 pstd=0.392 aux=0.4602/0.803 gen=0.1s train=0.9s
[t= 155.5s] greedy ep137 games=  96 dec= 18130 rows= 17349 horizon=0.26 L=0.00158 L/var=0.01 tgt=-0.093/0.412 pstd=0.390 aux=0.4607/0.804 gen=0.1s train=0.9s
[t= 156.6s] greedy ep138 games=  96 dec= 17758 rows= 17071 horizon=0.23 L=0.00156 L/var=0.01 tgt=-0.087/0.413 pstd=0.388 aux=0.4610/0.804 gen=0.1s train=0.9s
[t= 157.8s] greedy ep139 games=  96 dec= 18995 rows= 18206 horizon=0.36 L=0.00167 L/var=0.01 tgt=-0.088/0.398 pstd=0.385 aux=0.4592/0.804 gen=0.1s train=1.0s
[t= 159.0s] greedy ep140 games=  96 dec= 18262 rows= 17544 horizon=0.30 L=0.00267 L/var=0.02 tgt=-0.089/0.395 pstd=0.383 aux=0.4589/0.804 gen=0.1s train=0.9s
[t= 160.1s] greedy ep141 games=  96 dec= 18842 rows= 18025 horizon=0.29 L=0.00154 L/var=0.01 tgt=-0.054/0.383 pstd=0.393 aux=0.4581/0.805 gen=0.1s train=0.9s
[t= 161.3s] greedy ep142 games=  96 dec= 18683 rows= 17902 horizon=0.27 L=0.00195 L/var=0.01 tgt=-0.071/0.395 pstd=0.390 aux=0.4646/0.803 gen=0.1s train=0.9s
[t= 162.4s] greedy ep143 games=  96 dec= 18305 rows= 17550 horizon=0.29 L=0.00194 L/var=0.01 tgt=-0.040/0.379 pstd=0.386 aux=0.4640/0.802 gen=0.1s train=0.9s
[t= 163.5s] greedy ep144 games=  96 dec= 18099 rows= 17296 horizon=0.22 L=0.00248 L/var=0.01 tgt=-0.065/0.408 pstd=0.383 aux=0.4616/0.804 gen=0.1s train=0.9s
[t= 164.7s] greedy ep145 games=  96 dec= 18425 rows= 17718 horizon=0.29 L=0.00189 L/var=0.01 tgt=-0.061/0.367 pstd=0.384 aux=0.4597/0.803 gen=0.1s train=0.9s
[t= 165.8s] greedy ep146 games=  96 dec= 17807 rows= 17049 horizon=0.26 L=0.00138 L/var=0.01 tgt=-0.075/0.398 pstd=0.390 aux=0.4605/0.803 gen=0.1s train=0.9s
[t= 167.0s] greedy ep147 games=  96 dec= 18780 rows= 17959 horizon=0.33 L=0.00152 L/var=0.01 tgt=-0.048/0.388 pstd=0.393 aux=0.4594/0.805 gen=0.1s train=1.0s
[t= 168.1s] greedy ep148 games=  96 dec= 18264 rows= 17519 horizon=0.30 L=0.00161 L/var=0.01 tgt=-0.073/0.411 pstd=0.397 aux=0.4612/0.803 gen=0.1s train=0.9s
[t= 169.3s] greedy ep149 games=  96 dec= 18573 rows= 17775 horizon=0.31 L=0.00239 L/var=0.01 tgt=-0.057/0.404 pstd=0.385 aux=0.4601/0.804 gen=0.1s train=0.9s
[t= 170.4s] greedy ep150 games=  96 dec= 18706 rows= 17863 horizon=0.28 L=0.00277 L/var=0.02 tgt=-0.076/0.408 pstd=0.387 aux=0.4616/0.804 gen=0.1s train=0.9s
[t= 171.6s] greedy ep151 games=  96 dec= 18756 rows= 17995 horizon=0.36 L=0.00282 L/var=0.02 tgt=-0.080/0.400 pstd=0.387 aux=0.4621/0.803 gen=0.1s train=1.0s
[t= 172.8s] greedy ep152 games=  96 dec= 19514 rows= 18734 horizon=0.36 L=0.00173 L/var=0.01 tgt=-0.071/0.393 pstd=0.389 aux=0.4606/0.803 gen=0.1s train=1.0s
[t= 173.9s] greedy ep153 games=  96 dec= 18649 rows= 17892 horizon=0.33 L=0.00137 L/var=0.01 tgt=-0.084/0.403 pstd=0.391 aux=0.4600/0.805 gen=0.1s train=0.9s
[t= 175.1s] greedy ep154 games=  96 dec= 19354 rows= 18483 horizon=0.32 L=0.00128 L/var=0.01 tgt=-0.081/0.402 pstd=0.392 aux=0.4565/0.805 gen=0.1s train=0.9s
[t= 176.2s] greedy ep155 games=  96 dec= 17944 rows= 17191 horizon=0.25 L=0.00154 L/var=0.01 tgt=-0.059/0.382 pstd=0.396 aux=0.4588/0.805 gen=0.1s train=0.9s
[t= 177.3s] greedy ep156 games=  96 dec= 17976 rows= 17152 horizon=0.21 L=0.00175 L/var=0.01 tgt=-0.061/0.405 pstd=0.394 aux=0.4619/0.802 gen=0.1s train=0.9s
[t= 178.4s] greedy ep157 games=  96 dec= 17368 rows= 16647 horizon=0.20 L=0.00173 L/var=0.01 tgt=-0.100/0.424 pstd=0.388 aux=0.4579/0.805 gen=0.1s train=0.8s
[t= 179.6s] greedy ep158 games=  96 dec= 19134 rows= 18369 horizon=0.33 L=0.00158 L/var=0.01 tgt=-0.067/0.401 pstd=0.390 aux=0.4566/0.806 gen=0.1s train=0.9s
[t= 180.7s] greedy ep159 games=  96 dec= 18687 rows= 17865 horizon=0.25 L=0.00137 L/var=0.01 tgt=-0.058/0.404 pstd=0.387 aux=0.4544/0.807 gen=0.1s train=0.9s
[t= 181.9s] greedy ep160 games=  96 dec= 19087 rows= 18332 horizon=0.33 L=0.00144 L/var=0.01 tgt=-0.043/0.409 pstd=0.391 aux=0.4576/0.805 gen=0.1s train=0.9s
[t= 183.0s] greedy ep161 games=  96 dec= 18271 rows= 17508 horizon=0.26 L=0.00124 L/var=0.01 tgt=-0.092/0.408 pstd=0.389 aux=0.4560/0.805 gen=0.1s train=0.9s
[t= 184.2s] greedy ep162 games=  96 dec= 18957 rows= 18136 horizon=0.35 L=0.00161 L/var=0.01 tgt=-0.067/0.398 pstd=0.391 aux=0.4576/0.805 gen=0.1s train=1.0s
[t= 185.4s] greedy ep163 games=  96 dec= 19329 rows= 18496 horizon=0.39 L=0.00164 L/var=0.01 tgt=-0.059/0.385 pstd=0.392 aux=0.4540/0.807 gen=0.1s train=0.9s
[t= 186.5s] greedy ep164 games=  96 dec= 18683 rows= 17902 horizon=0.33 L=0.00146 L/var=0.01 tgt=-0.062/0.401 pstd=0.392 aux=0.4555/0.807 gen=0.1s train=0.9s
[t= 187.7s] greedy ep165 games=  96 dec= 18194 rows= 17393 horizon=0.25 L=0.00123 L/var=0.01 tgt=-0.080/0.404 pstd=0.393 aux=0.4544/0.808 gen=0.1s train=0.9s
[t= 188.8s] greedy ep166 games=  96 dec= 18226 rows= 17440 horizon=0.25 L=0.00176 L/var=0.01 tgt=-0.069/0.385 pstd=0.392 aux=0.4525/0.808 gen=0.1s train=0.9s
[t= 189.9s] greedy ep167 games=  96 dec= 18250 rows= 17416 horizon=0.23 L=0.00191 L/var=0.01 tgt=-0.080/0.419 pstd=0.398 aux=0.4542/0.807 gen=0.1s train=0.9s
[t= 191.1s] greedy ep168 games=  96 dec= 17832 rows= 17162 horizon=0.30 L=0.00133 L/var=0.01 tgt=-0.082/0.395 pstd=0.393 aux=0.4557/0.807 gen=0.1s train=0.9s
[t= 192.2s] greedy ep169 games=  96 dec= 18265 rows= 17512 horizon=0.28 L=0.00122 L/var=0.01 tgt=-0.060/0.388 pstd=0.391 aux=0.4578/0.804 gen=0.1s train=0.9s
[t= 193.3s] greedy ep170 games=  96 dec= 18535 rows= 17809 horizon=0.32 L=0.00198 L/var=0.01 tgt=-0.082/0.441 pstd=0.390 aux=0.4598/0.804 gen=0.1s train=0.9s
[t= 194.5s] greedy ep171 games=  96 dec= 18681 rows= 17918 horizon=0.34 L=0.00123 L/var=0.01 tgt=-0.056/0.398 pstd=0.391 aux=0.4614/0.804 gen=0.1s train=0.9s
[t= 195.6s] greedy ep172 games=  96 dec= 19139 rows= 18372 horizon=0.33 L=0.00123 L/var=0.01 tgt=-0.081/0.390 pstd=0.391 aux=0.4564/0.805 gen=0.1s train=0.9s
[t= 196.8s] greedy ep173 games=  96 dec= 18084 rows= 17272 horizon=0.25 L=0.00161 L/var=0.01 tgt=-0.069/0.401 pstd=0.394 aux=0.4588/0.805 gen=0.1s train=0.9s
[t= 197.9s] greedy ep174 games=  96 dec= 18780 rows= 17953 horizon=0.29 L=0.00175 L/var=0.01 tgt=-0.096/0.421 pstd=0.396 aux=0.4557/0.805 gen=0.1s train=0.9s
[t= 199.1s] greedy ep175 games=  96 dec= 18203 rows= 17456 horizon=0.27 L=0.00363 L/var=0.02 tgt=-0.072/0.417 pstd=0.389 aux=0.4580/0.805 gen=0.1s train=0.9s
[t= 200.2s] greedy ep176 games=  96 dec= 18609 rows= 17781 horizon=0.29 L=0.00736 L/var=0.05 tgt=-0.075/0.403 pstd=0.394 aux=0.4543/0.806 gen=0.1s train=0.9s
[t= 201.3s] greedy ep177 games=  96 dec= 17843 rows= 17052 horizon=0.28 L=0.00594 L/var=0.04 tgt=-0.066/0.396 pstd=0.400 aux=0.4578/0.804 gen=0.1s train=0.9s
[t= 202.5s] greedy ep178 games=  96 dec= 18053 rows= 17258 horizon=0.23 L=0.00158 L/var=0.01 tgt=-0.064/0.394 pstd=0.396 aux=0.4559/0.805 gen=0.1s train=0.9s
[t= 203.6s] greedy ep179 games=  96 dec= 17899 rows= 17155 horizon=0.26 L=0.00096 L/var=0.01 tgt=-0.096/0.411 pstd=0.392 aux=0.4610/0.802 gen=0.1s train=0.9s
[t= 204.7s] greedy ep180 games=  96 dec= 18344 rows= 17539 horizon=0.27 L=0.00140 L/var=0.01 tgt=-0.068/0.398 pstd=0.394 aux=0.4630/0.803 gen=0.1s train=0.9s
[t= 205.9s] greedy ep181 games=  96 dec= 19487 rows= 18628 horizon=0.31 L=0.00113 L/var=0.01 tgt=-0.079/0.393 pstd=0.394 aux=0.4541/0.806 gen=0.1s train=0.9s
[t= 207.1s] greedy ep182 games=  96 dec= 19581 rows= 18743 horizon=0.34 L=0.00103 L/var=0.01 tgt=-0.056/0.400 pstd=0.393 aux=0.4598/0.803 gen=0.1s train=0.9s
[t= 208.3s] greedy ep183 games=  96 dec= 18980 rows= 18170 horizon=0.35 L=0.00178 L/var=0.01 tgt=-0.071/0.414 pstd=0.393 aux=0.4607/0.803 gen=0.1s train=1.0s
[t= 209.4s] greedy ep184 games=  96 dec= 17880 rows= 17121 horizon=0.29 L=0.00161 L/var=0.01 tgt=-0.058/0.393 pstd=0.395 aux=0.4597/0.803 gen=0.1s train=0.9s
[t= 210.7s] greedy ep185 games=  96 dec= 18714 rows= 17979 horizon=0.36 L=0.00084 L/var=0.01 tgt=-0.069/0.408 pstd=0.393 aux=0.4518/0.806 gen=0.1s train=1.0s
[t= 211.9s] greedy ep186 games=  96 dec= 18926 rows= 18148 horizon=0.36 L=0.00106 L/var=0.01 tgt=-0.090/0.418 pstd=0.390 aux=0.4645/0.802 gen=0.1s train=0.9s
[t= 213.0s] greedy ep187 games=  96 dec= 19039 rows= 18250 horizon=0.34 L=0.00087 L/var=0.01 tgt=-0.073/0.399 pstd=0.394 aux=0.4554/0.805 gen=0.1s train=0.9s
[t= 214.2s] greedy ep188 games=  96 dec= 18807 rows= 18097 horizon=0.35 L=0.00077 L/var=0.00 tgt=-0.071/0.398 pstd=0.393 aux=0.4576/0.804 gen=0.1s train=0.9s
[t= 215.3s] greedy ep189 games=  96 dec= 18526 rows= 17715 horizon=0.27 L=0.00082 L/var=0.01 tgt=-0.073/0.378 pstd=0.394 aux=0.4528/0.807 gen=0.1s train=0.9s
[t= 216.4s] greedy ep190 games=  96 dec= 19300 rows= 18503 horizon=0.30 L=0.00135 L/var=0.01 tgt=-0.069/0.408 pstd=0.390 aux=0.4528/0.806 gen=0.1s train=0.9s
[t= 217.5s] greedy ep191 games=  96 dec= 18595 rows= 17867 horizon=0.30 L=0.00122 L/var=0.01 tgt=-0.052/0.368 pstd=0.395 aux=0.4489/0.808 gen=0.1s train=0.9s
[t= 218.6s] greedy ep192 games=  96 dec= 17815 rows= 17118 horizon=0.26 L=0.00075 L/var=0.00 tgt=-0.096/0.403 pstd=0.393 aux=0.4545/0.805 gen=0.1s train=0.9s
[t= 219.7s] greedy ep193 games=  96 dec= 18241 rows= 17519 horizon=0.27 L=0.00071 L/var=0.00 tgt=-0.070/0.392 pstd=0.392 aux=0.4591/0.804 gen=0.1s train=0.9s
[t= 220.8s] greedy ep194 games=  96 dec= 18375 rows= 17595 horizon=0.31 L=0.00123 L/var=0.01 tgt=-0.091/0.388 pstd=0.391 aux=0.4567/0.804 gen=0.1s train=0.9s
[t= 221.9s] greedy ep195 games=  96 dec= 18343 rows= 17542 horizon=0.25 L=0.00095 L/var=0.01 tgt=-0.061/0.389 pstd=0.397 aux=0.4547/0.805 gen=0.1s train=0.8s
[t= 223.0s] greedy ep196 games=  96 dec= 18699 rows= 17846 horizon=0.27 L=0.00135 L/var=0.01 tgt=-0.064/0.393 pstd=0.395 aux=0.4560/0.804 gen=0.1s train=0.9s
[t= 224.1s] greedy ep197 games=  96 dec= 18400 rows= 17624 horizon=0.22 L=0.00143 L/var=0.01 tgt=-0.058/0.381 pstd=0.391 aux=0.4555/0.805 gen=0.1s train=0.9s
[t= 225.3s] greedy ep198 games=  96 dec= 18763 rows= 17973 horizon=0.30 L=0.00066 L/var=0.00 tgt=-0.050/0.399 pstd=0.392 aux=0.4560/0.804 gen=0.1s train=0.9s
[t= 226.4s] greedy ep199 games=  96 dec= 17769 rows= 16975 horizon=0.21 L=0.00094 L/var=0.01 tgt=-0.055/0.399 pstd=0.390 aux=0.4572/0.804 gen=0.1s train=0.9s
[t= 227.5s] greedy ep200 games=  96 dec= 18099 rows= 17317 horizon=0.21 L=0.00205 L/var=0.01 tgt=-0.079/0.411 pstd=0.407 aux=0.4531/0.806 gen=0.1s train=0.9s
[t= 228.7s] greedy ep201 games=  96 dec= 19401 rows= 18629 horizon=0.35 L=0.00698 L/var=0.05 tgt=-0.085/0.388 pstd=0.389 aux=0.4583/0.803 gen=0.1s train=0.9s
[t= 229.8s] greedy ep202 games=  96 dec= 19269 rows= 18381 horizon=0.31 L=0.00165 L/var=0.01 tgt=-0.063/0.390 pstd=0.399 aux=0.4555/0.805 gen=0.1s train=0.9s
[t= 230.9s] greedy ep203 games=  96 dec= 18076 rows= 17302 horizon=0.24 L=0.00093 L/var=0.01 tgt=-0.081/0.394 pstd=0.393 aux=0.4530/0.807 gen=0.1s train=0.9s
[t= 232.0s] greedy ep204 games=  96 dec= 18394 rows= 17607 horizon=0.30 L=0.00069 L/var=0.00 tgt=-0.068/0.396 pstd=0.394 aux=0.4557/0.804 gen=0.1s train=0.9s
[t= 233.1s] greedy ep205 games=  96 dec= 18305 rows= 17526 horizon=0.26 L=0.00071 L/var=0.00 tgt=-0.080/0.419 pstd=0.392 aux=0.4573/0.804 gen=0.1s train=0.9s
[t= 234.3s] greedy ep206 games=  96 dec= 18763 rows= 17956 horizon=0.31 L=0.00082 L/var=0.01 tgt=-0.075/0.395 pstd=0.391 aux=0.4576/0.803 gen=0.1s train=0.9s
[t= 235.3s] greedy ep207 games=  96 dec= 16846 rows= 16080 horizon=0.20 L=0.00071 L/var=0.00 tgt=-0.094/0.436 pstd=0.391 aux=0.4586/0.804 gen=0.1s train=0.8s
[t= 236.5s] greedy ep208 games=  96 dec= 19273 rows= 18493 horizon=0.42 L=0.00066 L/var=0.00 tgt=-0.064/0.415 pstd=0.390 aux=0.4573/0.803 gen=0.1s train=0.9s
[t= 237.6s] greedy ep209 games=  96 dec= 18178 rows= 17433 horizon=0.29 L=0.00064 L/var=0.00 tgt=-0.060/0.388 pstd=0.393 aux=0.4580/0.804 gen=0.1s train=0.9s
[t= 238.7s] greedy ep210 games=  96 dec= 18645 rows= 17902 horizon=0.26 L=0.00108 L/var=0.01 tgt=-0.063/0.397 pstd=0.391 aux=0.4622/0.802 gen=0.1s train=0.9s
[t= 239.8s] greedy ep211 games=  96 dec= 18462 rows= 17542 horizon=0.28 L=0.00076 L/var=0.00 tgt=-0.060/0.390 pstd=0.389 aux=0.4593/0.803 gen=0.1s train=0.9s
[t= 240.9s] greedy ep212 games=  96 dec= 18386 rows= 17654 horizon=0.28 L=0.00109 L/var=0.01 tgt=-0.065/0.406 pstd=0.397 aux=0.4651/0.800 gen=0.1s train=0.9s
[t= 242.1s] greedy ep213 games=  96 dec= 18949 rows= 18154 horizon=0.31 L=0.00213 L/var=0.01 tgt=-0.065/0.388 pstd=0.384 aux=0.4601/0.802 gen=0.1s train=0.9s
[t= 243.2s] greedy ep214 games=  96 dec= 18514 rows= 17719 horizon=0.26 L=0.00121 L/var=0.01 tgt=-0.070/0.388 pstd=0.397 aux=0.4574/0.805 gen=0.1s train=0.9s
[t= 244.3s] greedy ep215 games=  96 dec= 18792 rows= 18037 horizon=0.34 L=0.00112 L/var=0.01 tgt=-0.099/0.409 pstd=0.392 aux=0.4598/0.804 gen=0.1s train=0.9s
[t= 245.4s] greedy ep216 games=  96 dec= 17946 rows= 17150 horizon=0.26 L=0.00091 L/var=0.01 tgt=-0.054/0.381 pstd=0.394 aux=0.4557/0.805 gen=0.1s train=0.9s
[t= 246.5s] greedy ep217 games=  96 dec= 17498 rows= 16838 horizon=0.28 L=0.00080 L/var=0.01 tgt=-0.058/0.390 pstd=0.384 aux=0.4570/0.804 gen=0.1s train=0.8s
[t= 247.6s] greedy ep218 games=  96 dec= 17952 rows= 17223 horizon=0.26 L=0.00072 L/var=0.00 tgt=-0.074/0.397 pstd=0.389 aux=0.4584/0.804 gen=0.1s train=0.9s
[t= 248.8s] greedy ep219 games=  96 dec= 19368 rows= 18591 horizon=0.38 L=0.00079 L/var=0.01 tgt=-0.064/0.372 pstd=0.390 aux=0.4592/0.804 gen=0.1s train=0.9s
[t= 249.9s] greedy ep220 games=  96 dec= 17976 rows= 17256 horizon=0.28 L=0.00071 L/var=0.00 tgt=-0.075/0.416 pstd=0.394 aux=0.4558/0.805 gen=0.1s train=0.9s
[t= 251.0s] greedy ep221 games=  96 dec= 17686 rows= 16924 horizon=0.27 L=0.00116 L/var=0.01 tgt=-0.069/0.384 pstd=0.389 aux=0.4557/0.805 gen=0.1s train=0.9s
[t= 252.1s] greedy ep222 games=  96 dec= 18382 rows= 17598 horizon=0.26 L=0.00098 L/var=0.01 tgt=-0.075/0.390 pstd=0.394 aux=0.4527/0.807 gen=0.1s train=0.9s
[t= 253.2s] greedy ep223 games=  96 dec= 18096 rows= 17390 horizon=0.26 L=0.00142 L/var=0.01 tgt=-0.066/0.394 pstd=0.392 aux=0.4532/0.807 gen=0.1s train=0.9s
[t= 254.3s] greedy ep224 games=  96 dec= 19163 rows= 18302 horizon=0.29 L=0.00092 L/var=0.01 tgt=-0.090/0.415 pstd=0.384 aux=0.4544/0.805 gen=0.1s train=0.9s
[t= 255.4s] greedy ep225 games=  96 dec= 18415 rows= 17705 horizon=0.32 L=0.00062 L/var=0.00 tgt=-0.060/0.408 pstd=0.397 aux=0.4582/0.804 gen=0.1s train=0.9s
[t= 256.7s] greedy ep226 games=  96 dec= 18477 rows= 17640 horizon=0.29 L=0.00061 L/var=0.00 tgt=-0.054/0.403 pstd=0.386 aux=0.4517/0.807 gen=0.1s train=0.9s
[t= 257.9s] greedy ep227 games=  96 dec= 18652 rows= 17859 horizon=0.34 L=0.00071 L/var=0.00 tgt=-0.072/0.416 pstd=0.391 aux=0.4525/0.806 gen=0.1s train=1.0s
[t= 259.2s] greedy ep228 games=  96 dec= 18021 rows= 17273 horizon=0.27 L=0.00124 L/var=0.01 tgt=-0.076/0.385 pstd=0.390 aux=0.4570/0.804 gen=0.1s train=1.0s
[t= 260.4s] greedy ep229 games=  96 dec= 18549 rows= 17770 horizon=0.29 L=0.00153 L/var=0.01 tgt=-0.082/0.411 pstd=0.388 aux=0.4555/0.805 gen=0.1s train=1.0s
[t= 261.6s] greedy ep230 games=  96 dec= 19141 rows= 18308 horizon=0.33 L=0.00099 L/var=0.01 tgt=-0.067/0.397 pstd=0.387 aux=0.4546/0.805 gen=0.1s train=0.9s
[t= 262.7s] greedy ep231 games=  96 dec= 18527 rows= 17619 horizon=0.27 L=0.00093 L/var=0.01 tgt=-0.060/0.413 pstd=0.394 aux=0.4491/0.808 gen=0.1s train=0.9s
[t= 263.7s] greedy ep232 games=  96 dec= 17714 rows= 16837 horizon=0.20 L=0.00094 L/var=0.01 tgt=-0.070/0.407 pstd=0.391 aux=0.4543/0.804 gen=0.1s train=0.8s
[t= 264.8s] greedy ep233 games=  96 dec= 18674 rows= 17880 horizon=0.35 L=0.00101 L/var=0.01 tgt=-0.062/0.401 pstd=0.395 aux=0.4528/0.805 gen=0.1s train=0.9s
[t= 265.9s] greedy ep234 games=  96 dec= 18391 rows= 17655 horizon=0.31 L=0.00091 L/var=0.01 tgt=-0.072/0.411 pstd=0.383 aux=0.4538/0.806 gen=0.1s train=0.9s
[t= 267.1s] greedy ep235 games=  96 dec= 19394 rows= 18616 horizon=0.34 L=0.00107 L/var=0.01 tgt=-0.066/0.388 pstd=0.386 aux=0.4500/0.808 gen=0.1s train=0.9s
[t= 268.2s] greedy ep236 games=  96 dec= 19038 rows= 18211 horizon=0.32 L=0.00070 L/var=0.00 tgt=-0.058/0.383 pstd=0.390 aux=0.4528/0.806 gen=0.1s train=0.9s
[t= 269.4s] greedy ep237 games=  96 dec= 18922 rows= 18125 horizon=0.33 L=0.00055 L/var=0.00 tgt=-0.088/0.408 pstd=0.393 aux=0.4552/0.805 gen=0.1s train=0.9s
[t= 270.5s] greedy ep238 games=  96 dec= 18876 rows= 18057 horizon=0.33 L=0.00117 L/var=0.01 tgt=-0.102/0.407 pstd=0.394 aux=0.4557/0.806 gen=0.1s train=0.9s
[t= 271.6s] greedy ep239 games=  96 dec= 17188 rows= 16394 horizon=0.17 L=0.00052 L/var=0.00 tgt=-0.084/0.424 pstd=0.388 aux=0.4582/0.803 gen=0.1s train=0.8s
[t= 272.6s] greedy ep240 games=  96 dec= 17419 rows= 16701 horizon=0.23 L=0.00065 L/var=0.00 tgt=-0.094/0.405 pstd=0.391 aux=0.4499/0.807 gen=0.1s train=0.8s
[t= 273.7s] greedy ep241 games=  96 dec= 18485 rows= 17642 horizon=0.33 L=0.00166 L/var=0.01 tgt=-0.080/0.453 pstd=0.389 aux=0.4521/0.807 gen=0.1s train=0.9s
[t= 274.7s] greedy ep242 games=  96 dec= 17475 rows= 16653 horizon=0.24 L=0.00109 L/var=0.01 tgt=-0.096/0.403 pstd=0.394 aux=0.4548/0.805 gen=0.1s train=0.8s
[t= 275.8s] greedy ep243 games=  96 dec= 18678 rows= 17868 horizon=0.30 L=0.00049 L/var=0.00 tgt=-0.095/0.397 pstd=0.391 aux=0.4531/0.805 gen=0.1s train=0.9s
[t= 277.0s] greedy ep244 games=  96 dec= 19023 rows= 18252 horizon=0.31 L=0.00086 L/var=0.01 tgt=-0.074/0.389 pstd=0.393 aux=0.4574/0.803 gen=0.1s train=0.9s
[t= 278.1s] greedy ep245 games=  96 dec= 18759 rows= 17955 horizon=0.29 L=0.00134 L/var=0.01 tgt=-0.069/0.383 pstd=0.392 aux=0.4561/0.805 gen=0.1s train=0.9s
[t= 279.2s] greedy ep246 games=  96 dec= 17255 rows= 16598 horizon=0.24 L=0.00058 L/var=0.00 tgt=-0.078/0.405 pstd=0.391 aux=0.4540/0.806 gen=0.1s train=0.8s
[t= 280.3s] greedy ep247 games=  96 dec= 19005 rows= 18166 horizon=0.32 L=0.00083 L/var=0.01 tgt=-0.084/0.404 pstd=0.393 aux=0.4560/0.804 gen=0.1s train=0.9s
[t= 281.4s] greedy ep248 games=  96 dec= 17091 rows= 16380 horizon=0.23 L=0.00100 L/var=0.01 tgt=-0.072/0.405 pstd=0.394 aux=0.4589/0.803 gen=0.1s train=0.8s
[t= 282.5s] greedy ep249 games=  96 dec= 18065 rows= 17269 horizon=0.29 L=0.00073 L/var=0.00 tgt=-0.060/0.387 pstd=0.388 aux=0.4549/0.804 gen=0.1s train=0.9s
[t= 283.6s] greedy ep250 games=  96 dec= 18790 rows= 17962 horizon=0.33 L=0.00071 L/var=0.00 tgt=-0.106/0.416 pstd=0.393 aux=0.4534/0.805 gen=0.1s train=0.9s
[t= 284.8s] greedy ep251 games=  96 dec= 18893 rows= 18047 horizon=0.31 L=0.00063 L/var=0.00 tgt=-0.075/0.379 pstd=0.396 aux=0.4587/0.802 gen=0.1s train=0.9s
[t= 285.9s] greedy ep252 games=  96 dec= 18898 rows= 18101 horizon=0.33 L=0.00101 L/var=0.01 tgt=-0.072/0.400 pstd=0.391 aux=0.4559/0.805 gen=0.1s train=0.9s
[t= 287.0s] greedy ep253 games=  96 dec= 17806 rows= 17010 horizon=0.21 L=0.00079 L/var=0.00 tgt=-0.081/0.410 pstd=0.397 aux=0.4602/0.802 gen=0.1s train=0.9s
[t= 288.1s] greedy ep254 games=  96 dec= 18065 rows= 17292 horizon=0.26 L=0.00110 L/var=0.01 tgt=-0.063/0.385 pstd=0.390 aux=0.4540/0.805 gen=0.1s train=0.9s
[t= 289.2s] greedy ep255 games=  96 dec= 18331 rows= 17565 horizon=0.31 L=0.00085 L/var=0.01 tgt=-0.082/0.408 pstd=0.398 aux=0.4544/0.805 gen=0.1s train=0.9s
[t= 290.3s] greedy ep256 games=  96 dec= 18288 rows= 17561 horizon=0.33 L=0.00135 L/var=0.01 tgt=-0.086/0.415 pstd=0.386 aux=0.4532/0.806 gen=0.1s train=0.9s
[t= 291.4s] greedy ep257 games=  96 dec= 18579 rows= 17783 horizon=0.35 L=0.00107 L/var=0.01 tgt=-0.073/0.409 pstd=0.383 aux=0.4527/0.805 gen=0.1s train=0.9s
[t= 292.5s] greedy ep258 games=  96 dec= 18191 rows= 17404 horizon=0.27 L=0.00057 L/var=0.00 tgt=-0.078/0.411 pstd=0.387 aux=0.4581/0.803 gen=0.1s train=0.9s
[t= 293.8s] greedy ep259 games=  96 dec= 17620 rows= 16859 horizon=0.24 L=0.00064 L/var=0.00 tgt=-0.065/0.396 pstd=0.390 aux=0.4607/0.802 gen=0.1s train=1.0s
[t= 295.1s] greedy ep260 games=  96 dec= 18246 rows= 17406 horizon=0.25 L=0.00106 L/var=0.01 tgt=-0.071/0.399 pstd=0.389 aux=0.4587/0.802 gen=0.1s train=1.0s
[t= 296.4s] greedy ep261 games=  96 dec= 18642 rows= 17836 horizon=0.30 L=0.00088 L/var=0.01 tgt=-0.058/0.397 pstd=0.391 aux=0.4547/0.804 gen=0.1s train=1.0s
[t= 297.7s] greedy ep262 games=  96 dec= 17750 rows= 17010 horizon=0.26 L=0.00086 L/var=0.01 tgt=-0.081/0.407 pstd=0.394 aux=0.4601/0.803 gen=0.1s train=1.0s
[t= 299.0s] greedy ep263 games=  96 dec= 18911 rows= 18084 horizon=0.32 L=0.00062 L/var=0.00 tgt=-0.084/0.390 pstd=0.389 aux=0.4566/0.804 gen=0.1s train=1.1s
[t= 300.4s] greedy ep264 games=  96 dec= 18850 rows= 18036 horizon=0.34 L=0.00133 L/var=0.01 tgt=-0.076/0.391 pstd=0.392 aux=0.4533/0.805 gen=0.1s train=1.1s
[t= 300.4s] --- snapshot snap_00.pt (init) ---
[t= 300.4s] --- switching to ReBeL ---
[t= 310.5s] rebel stream solves=11264 raw=1123/s balanced=1123/s debt=0 rows steps=44 horizon=0.00 games=0 over=0 card=0 drop=0 L=0.01261 L/var=1.21 tgt=-0.007/0.102 aux=0.0290/0.986 cfg/b=41497 prep=0.24s gpu=0.00s conv=0.01s add=0.40s train=3.36s
[t= 320.9s] rebel stream solves=20480 raw=1002/s balanced=1002/s debt=0 rows steps=80 horizon=0.00 games=0 over=0 card=0 drop=0 L=0.00202 L/var=0.49 tgt=+0.032/0.064 aux=0.0007/1.000 cfg/b=25536 prep=0.17s gpu=0.00s conv=0.01s add=0.23s train=2.28s
[t= 330.9s] rebel stream solves=27648 raw=907/s balanced=907/s debt=0 rows steps=108 horizon=0.00 games=0 over=0 card=0 drop=0 L=0.00132 L/var=0.14 tgt=+0.022/0.097 aux=0.0003/1.000 cfg/b=19905 prep=0.17s gpu=0.00s conv=0.00s add=0.14s train=1.77s
[t= 341.0s] rebel stream solves=33792 raw=834/s balanced=834/s debt=0 rows steps=132 horizon=0.00 games=2 over=0 card=0 drop=0 L=0.00120 L/var=0.08 tgt=-0.024/0.120 aux=0.0002/1.000 cfg/b=20228 prep=0.13s gpu=0.00s conv=0.00s add=0.16s train=1.50s
[t= 351.0s] rebel stream solves=37888 raw=749/s balanced=749/s debt=0 rows steps=148 horizon=0.00 games=2 over=0 card=0 drop=0 L=0.00108 L/var=0.07 tgt=+0.002/0.127 aux=0.0002/1.000 cfg/b=19156 prep=0.08s gpu=0.00s conv=0.00s add=0.08s train=1.02s
[t= 361.0s] rebel stream solves=40960 raw=676/s balanced=676/s debt=0 rows steps=160 horizon=0.00 games=3 over=0 card=0 drop=0 L=0.00120 L/var=0.11 tgt=+0.055/0.107 aux=0.0002/1.000 cfg/b=17822 prep=0.07s gpu=0.00s conv=0.00s add=0.04s train=0.78s
[t= 371.0s] rebel stream solves=45056 raw=638/s balanced=638/s debt=0 rows steps=176 horizon=0.00 games=5 over=0 card=0 drop=0 L=0.00129 L/var=0.13 tgt=+0.082/0.098 aux=0.0001/1.000 cfg/b=15568 prep=0.08s gpu=0.00s conv=0.00s add=0.04s train=1.01s
[t= 381.2s] rebel stream solves=49152 raw=609/s balanced=609/s debt=0 rows steps=192 horizon=0.00 games=16 over=0 card=0 drop=0 L=0.00177 L/var=0.17 tgt=+0.090/0.101 aux=0.0001/1.000 cfg/b=13281 prep=0.08s gpu=0.00s conv=0.00s add=0.04s train=1.02s
[t= 391.2s] rebel stream solves=52224 raw=575/s balanced=575/s debt=0 rows steps=204 horizon=0.00 games=9 over=0 card=0 drop=0 L=0.00191 L/var=0.19 tgt=+0.093/0.100 aux=0.0001/1.000 cfg/b=12308 prep=0.06s gpu=0.00s conv=0.00s add=0.03s train=0.83s
[t= 401.2s] rebel stream solves=57344 raw=569/s balanced=569/s debt=0 rows steps=224 horizon=0.00 games=35 over=0 card=0 drop=0 L=0.00283 L/var=0.22 tgt=+0.106/0.114 aux=0.0001/1.000 cfg/b=11443 prep=0.10s gpu=0.00s conv=0.00s add=0.05s train=1.31s
[t= 411.3s] rebel stream solves=61440 raw=554/s balanced=554/s debt=0 rows steps=240 horizon=0.00 games=31 over=0 card=0 drop=0 L=0.00371 L/var=0.32 tgt=+0.099/0.107 aux=0.0001/1.000 cfg/b=11134 prep=0.08s gpu=0.00s conv=0.00s add=0.04s train=1.03s
[t= 421.4s] rebel stream solves=66560 raw=550/s balanced=550/s debt=0 rows steps=260 horizon=0.00 games=37 over=0 card=0 drop=0 L=0.00490 L/var=0.42 tgt=+0.112/0.108 aux=0.0001/1.000 cfg/b=10904 prep=0.11s gpu=0.00s conv=0.00s add=0.05s train=1.31s
[t= 431.4s] rebel stream solves=71680 raw=547/s balanced=547/s debt=0 rows steps=280 horizon=0.00 games=45 over=0 card=0 drop=0 L=0.00453 L/var=0.34 tgt=+0.120/0.115 aux=0.0001/1.000 cfg/b=10764 prep=0.09s gpu=0.00s conv=0.00s add=0.05s train=1.28s
[t= 441.5s] rebel stream solves=76800 raw=545/s balanced=545/s debt=0 rows steps=300 horizon=0.00 games=28 over=0 card=0 drop=0 L=0.00447 L/var=0.32 tgt=+0.135/0.119 aux=0.0001/1.000 cfg/b=10272 prep=0.11s gpu=0.00s conv=0.00s add=0.06s train=1.34s
[t= 451.5s] rebel stream solves=82944 raw=549/s balanced=549/s debt=0 rows steps=324 horizon=0.00 games=60 over=0 card=0 drop=0 L=0.00467 L/var=0.24 tgt=+0.136/0.139 aux=0.0001/1.000 cfg/b=10462 prep=0.12s gpu=0.00s conv=0.00s add=0.07s train=1.51s
[t= 461.5s] rebel stream solves=89088 raw=553/s balanced=553/s debt=0 rows steps=348 horizon=0.00 games=56 over=0 card=0 drop=0 L=0.00491 L/var=0.28 tgt=+0.133/0.133 aux=0.0001/1.000 cfg/b=10661 prep=0.12s gpu=0.00s conv=0.00s add=0.07s train=1.48s
[t= 471.5s] rebel stream solves=97280 raw=569/s balanced=569/s debt=0 rows steps=380 horizon=0.00 games=81 over=0 card=0 drop=0 L=0.00486 L/var=0.23 tgt=+0.142/0.146 aux=0.0001/1.000 cfg/b=10390 prep=0.15s gpu=0.00s conv=0.00s add=0.09s train=2.05s
[t= 481.6s] rebel stream solves=106496 raw=588/s balanced=588/s debt=0 rows steps=416 horizon=0.00 games=93 over=0 card=0 drop=0 L=0.00588 L/var=0.29 tgt=+0.120/0.144 aux=0.0001/1.000 cfg/b=10450 prep=0.16s gpu=0.00s conv=0.00s add=0.11s train=2.27s
[t= 491.6s] rebel stream solves=116736 raw=611/s balanced=611/s debt=0 rows steps=456 horizon=0.00 games=116 over=0 card=0 drop=0 L=0.00570 L/var=0.27 tgt=+0.122/0.145 aux=0.0001/1.000 cfg/b=10242 prep=0.19s gpu=0.00s conv=0.00s add=0.12s train=2.53s
[t= 501.7s] rebel stream solves=128000 raw=636/s balanced=636/s debt=0 rows steps=500 horizon=0.01 games=188 over=0 card=0 drop=0 L=0.00883 L/var=0.44 tgt=+0.100/0.142 aux=0.0005/1.000 cfg/b=10628 prep=0.19s gpu=0.00s conv=0.00s add=0.14s train=2.77s
[t= 511.7s] rebel stream solves=142336 raw=674/s balanced=674/s debt=0 rows steps=556 horizon=0.48 games=343 over=0 card=0 drop=0 L=0.00759 L/var=0.51 tgt=+0.109/0.122 aux=0.0002/1.000 cfg/b=11182 prep=0.25s gpu=0.00s conv=0.00s add=0.23s train=3.49s
[t= 522.5s] rebel stream solves=151552 raw=683/s balanced=683/s debt=0 rows steps=592 horizon=0.62 games=291 over=0 card=0 drop=0 L=0.00836 L/var=0.50 tgt=+0.075/0.129 aux=0.0002/1.000 cfg/b=12688 prep=0.16s gpu=0.00s conv=0.00s add=0.23s train=2.20s
[t= 532.5s] rebel stream solves=160768 raw=693/s balanced=693/s debt=0 rows steps=628 horizon=0.43 games=142 over=0 card=0 drop=0 L=0.00672 L/var=0.33 tgt=+0.093/0.142 aux=0.0002/1.000 cfg/b=14423 prep=0.16s gpu=0.00s conv=0.01s add=0.22s train=2.22s
[t= 542.5s] rebel stream solves=169984 raw=702/s balanced=702/s debt=0 rows steps=664 horizon=0.11 games=141 over=0 card=0 drop=0 L=0.00619 L/var=0.13 tgt=+0.092/0.216 aux=0.0002/1.000 cfg/b=15152 prep=0.17s gpu=0.00s conv=0.00s add=0.21s train=2.23s
[t= 552.6s] rebel stream solves=179200 raw=711/s balanced=711/s debt=0 rows steps=700 horizon=0.00 games=226 over=0 card=0 drop=0 L=0.00638 L/var=0.08 tgt=+0.065/0.287 aux=0.0002/1.000 cfg/b=15970 prep=0.15s gpu=0.00s conv=0.00s add=0.21s train=2.20s
[t= 562.6s] rebel stream solves=186368 raw=711/s balanced=711/s debt=0 rows steps=728 horizon=0.03 games=192 over=0 card=0 drop=0 L=0.00897 L/var=0.13 tgt=+0.093/0.264 aux=0.0002/1.000 cfg/b=16011 prep=0.14s gpu=0.00s conv=0.00s add=0.19s train=1.72s
[t= 572.6s] rebel stream solves=195584 raw=719/s balanced=719/s debt=0 rows steps=764 horizon=0.05 games=240 over=0 card=0 drop=0 L=0.00766 L/var=0.09 tgt=+0.092/0.298 aux=0.0001/1.000 cfg/b=16876 prep=0.18s gpu=0.00s conv=0.01s add=0.25s train=2.15s
[t= 582.6s] rebel stream solves=205824 raw=729/s balanced=729/s debt=0 rows steps=804 horizon=0.05 games=280 over=0 card=0 drop=0 L=0.00855 L/var=0.09 tgt=+0.094/0.307 aux=0.0002/1.000 cfg/b=17417 prep=0.18s gpu=0.00s conv=0.00s add=0.28s train=2.42s
[t= 592.8s] rebel stream solves=216064 raw=739/s balanced=739/s debt=0 rows steps=844 horizon=0.05 games=282 over=0 card=0 drop=0 L=0.00896 L/var=0.08 tgt=+0.106/0.341 aux=0.0003/1.000 cfg/b=18370 prep=0.18s gpu=0.00s conv=0.01s add=0.30s train=2.47s
[t= 602.9s] rebel stream solves=224256 raw=742/s balanced=742/s debt=0 rows steps=876 horizon=0.06 games=241 over=0 card=0 drop=0 L=0.00785 L/var=0.06 tgt=+0.089/0.366 aux=0.0002/1.000 cfg/b=19050 prep=0.15s gpu=0.00s conv=0.01s add=0.25s train=1.94s
[t= 612.9s] rebel stream solves=233472 raw=747/s balanced=747/s debt=0 rows steps=912 horizon=0.05 games=227 over=0 card=0 drop=0 L=0.00808 L/var=0.05 tgt=+0.095/0.413 aux=0.0003/1.000 cfg/b=19533 prep=0.17s gpu=0.00s conv=0.01s add=0.30s train=2.18s
[t= 623.1s] rebel stream solves=243712 raw=755/s balanced=755/s debt=0 rows steps=952 horizon=0.01 games=291 over=0 card=0 drop=0 L=0.00835 L/var=0.05 tgt=+0.104/0.430 aux=0.0003/1.000 cfg/b=20207 prep=0.17s gpu=0.00s conv=0.01s add=0.35s train=2.42s
[t= 633.1s] rebel stream solves=251904 raw=757/s balanced=757/s debt=0 rows steps=984 horizon=0.02 games=213 over=0 card=0 drop=0 L=0.00783 L/var=0.03 tgt=+0.100/0.499 aux=0.0003/1.000 cfg/b=20645 prep=0.13s gpu=0.00s conv=0.00s add=0.26s train=1.90s
[t= 643.1s] rebel stream solves=261120 raw=762/s balanced=762/s debt=0 rows steps=1020 horizon=0.01 games=253 over=0 card=0 drop=0 L=0.00758 L/var=0.03 tgt=+0.146/0.466 aux=0.0003/1.000 cfg/b=21548 prep=0.15s gpu=0.00s conv=0.01s add=0.36s train=2.18s
[t= 653.1s] rebel stream solves=269312 raw=764/s balanced=764/s debt=0 rows steps=1052 horizon=0.02 games=179 over=0 card=0 drop=0 L=0.00768 L/var=0.03 tgt=+0.175/0.483 aux=0.0002/1.000 cfg/b=22650 prep=0.15s gpu=0.00s conv=0.01s add=0.31s train=1.91s
[t= 663.2s] rebel stream solves=276480 raw=762/s balanced=762/s debt=0 rows steps=1080 horizon=0.05 games=178 over=0 card=0 drop=0 L=0.00755 L/var=0.03 tgt=+0.199/0.495 aux=0.0002/1.000 cfg/b=22830 prep=0.12s gpu=0.00s conv=0.00s add=0.29s train=1.68s
[t= 673.2s] rebel stream solves=283648 raw=761/s balanced=761/s debt=0 rows steps=1108 horizon=0.01 games=147 over=0 card=0 drop=0 L=0.00834 L/var=0.04 tgt=+0.240/0.438 aux=0.0003/1.000 cfg/b=24615 prep=0.12s gpu=0.00s conv=0.01s add=0.31s train=1.65s
[t= 683.6s] rebel stream solves=290816 raw=759/s balanced=759/s debt=0 rows steps=1136 horizon=0.02 games=182 over=0 card=0 drop=0 L=0.00728 L/var=0.04 tgt=+0.270/0.426 aux=0.0003/1.000 cfg/b=26067 prep=0.14s gpu=0.00s conv=0.01s add=0.35s train=1.70s
[t= 693.7s] rebel stream solves=296960 raw=755/s balanced=755/s debt=0 rows steps=1160 horizon=0.03 games=100 over=0 card=0 drop=0 L=0.00830 L/var=0.05 tgt=+0.291/0.396 aux=0.0002/1.000 cfg/b=27306 prep=0.11s gpu=0.00s conv=0.01s add=0.32s train=1.48s
[t= 704.3s] rebel stream solves=303104 raw=751/s balanced=751/s debt=0 rows steps=1184 horizon=0.02 games=112 over=0 card=0 drop=0 L=0.00814 L/var=0.05 tgt=+0.301/0.404 aux=0.0003/1.000 cfg/b=29004 prep=0.10s gpu=0.00s conv=0.01s add=0.34s train=1.44s
[t= 714.3s] rebel stream solves=308224 raw=745/s balanced=745/s debt=0 rows steps=1204 horizon=0.00 games=130 over=0 card=0 drop=0 L=0.00778 L/var=0.05 tgt=+0.289/0.409 aux=0.0003/1.000 cfg/b=30101 prep=0.09s gpu=0.00s conv=0.01s add=0.30s train=1.23s
[t= 724.3s] rebel stream solves=314368 raw=742/s balanced=742/s debt=0 rows steps=1228 horizon=0.01 games=144 over=0 card=0 drop=0 L=0.00742 L/var=0.05 tgt=+0.274/0.372 aux=0.0003/1.000 cfg/b=30935 prep=0.11s gpu=0.00s conv=0.01s add=0.30s train=1.49s
[t= 734.4s] rebel stream solves=320512 raw=739/s balanced=739/s debt=0 rows steps=1252 horizon=0.01 games=98 over=0 card=0 drop=0 L=0.00828 L/var=0.06 tgt=+0.296/0.366 aux=0.0002/1.000 cfg/b=31967 prep=0.11s gpu=0.00s conv=0.01s add=0.31s train=1.49s
[t= 745.2s] rebel stream solves=327680 raw=737/s balanced=737/s debt=0 rows steps=1280 horizon=0.00 games=128 over=0 card=0 drop=0 L=0.00754 L/var=0.06 tgt=+0.299/0.364 aux=0.0002/1.000 cfg/b=33802 prep=0.14s gpu=0.00s conv=0.01s add=0.36s train=1.72s
[t= 755.2s] rebel stream solves=333824 raw=734/s balanced=734/s debt=0 rows steps=1304 horizon=0.01 games=125 over=0 card=0 drop=0 L=0.00812 L/var=0.06 tgt=+0.295/0.359 aux=0.0002/1.000 cfg/b=33713 prep=0.11s gpu=0.00s conv=0.01s add=0.32s train=1.48s
[t= 765.2s] rebel stream solves=339968 raw=731/s balanced=731/s debt=0 rows steps=1328 horizon=0.00 games=116 over=0 card=0 drop=0 L=0.00800 L/var=0.07 tgt=+0.292/0.348 aux=0.0002/1.000 cfg/b=34340 prep=0.11s gpu=0.00s conv=0.01s add=0.31s train=1.44s
[t= 775.2s] rebel stream solves=346112 raw=729/s balanced=729/s debt=0 rows steps=1352 horizon=0.01 games=121 over=0 card=0 drop=0 L=0.00887 L/var=0.08 tgt=+0.271/0.327 aux=0.0002/1.000 cfg/b=34402 prep=0.10s gpu=0.00s conv=0.01s add=0.30s train=1.47s
[t= 785.3s] rebel stream solves=351232 raw=724/s balanced=724/s debt=0 rows steps=1372 horizon=0.02 games=98 over=0 card=0 drop=0 L=0.00887 L/var=0.09 tgt=+0.276/0.317 aux=0.0002/1.000 cfg/b=35385 prep=0.15s gpu=0.00s conv=0.01s add=0.27s train=1.25s
[t= 795.3s] rebel stream solves=356352 raw=720/s balanced=720/s debt=0 rows steps=1392 horizon=0.01 games=100 over=0 card=0 drop=0 L=0.00920 L/var=0.10 tgt=+0.289/0.302 aux=0.0002/1.000 cfg/b=35081 prep=0.09s gpu=0.00s conv=0.00s add=0.24s train=1.22s
[t= 795.4s] --- lr -> 5.00e-04 ---
[t= 805.4s] rebel stream solves=362496 raw=718/s balanced=718/s debt=0 rows steps=1416 horizon=0.00 games=101 over=0 card=0 drop=0 L=0.00904 L/var=0.09 tgt=+0.276/0.316 aux=0.0002/1.000 cfg/b=34960 prep=0.15s gpu=0.00s conv=0.01s add=0.31s train=1.52s
[t= 815.4s] rebel stream solves=367616 raw=714/s balanced=714/s debt=0 rows steps=1436 horizon=0.00 games=89 over=0 card=0 drop=0 L=0.00847 L/var=0.07 tgt=+0.249/0.354 aux=0.0001/1.000 cfg/b=35013 prep=0.08s gpu=0.00s conv=0.00s add=0.22s train=1.24s
[t= 825.4s] rebel stream solves=373760 raw=712/s balanced=712/s debt=0 rows steps=1460 horizon=0.01 games=135 over=0 card=0 drop=0 L=0.00922 L/var=0.09 tgt=+0.267/0.314 aux=0.0001/1.000 cfg/b=34702 prep=0.12s gpu=0.00s conv=0.01s add=0.28s train=1.51s
[t= 835.4s] rebel stream solves=379904 raw=710/s balanced=710/s debt=0 rows steps=1484 horizon=0.00 games=139 over=0 card=0 drop=0 L=0.00903 L/var=0.10 tgt=+0.263/0.303 aux=0.0001/1.000 cfg/b=34661 prep=0.09s gpu=0.00s conv=0.01s add=0.27s train=1.48s
[t= 845.6s] rebel stream solves=386048 raw=708/s balanced=708/s debt=0 rows steps=1508 horizon=0.00 games=121 over=0 card=0 drop=0 L=0.01067 L/var=0.12 tgt=+0.262/0.294 aux=0.0002/1.000 cfg/b=34684 prep=0.11s gpu=0.00s conv=0.00s add=0.29s train=1.48s
[t= 855.6s] rebel stream solves=392192 raw=706/s balanced=706/s debt=0 rows steps=1532 horizon=0.00 games=146 over=0 card=0 drop=0 L=0.01027 L/var=0.10 tgt=+0.260/0.320 aux=0.0001/1.000 cfg/b=34871 prep=0.13s gpu=0.00s conv=0.00s add=0.29s train=1.50s
[t= 865.7s] rebel stream solves=397312 raw=703/s balanced=703/s debt=0 rows steps=1552 horizon=0.01 games=114 over=0 card=0 drop=0 L=0.00951 L/var=0.09 tgt=+0.254/0.321 aux=0.0001/1.000 cfg/b=34512 prep=0.09s gpu=0.00s conv=0.00s add=0.19s train=1.21s
[t= 875.7s] rebel stream solves=403456 raw=701/s balanced=701/s debt=0 rows steps=1576 horizon=0.04 games=131 over=0 card=0 drop=0 L=0.00957 L/var=0.11 tgt=+0.248/0.296 aux=0.0001/1.000 cfg/b=33606 prep=0.16s gpu=0.00s conv=0.01s add=0.30s train=1.55s
[t= 885.7s] rebel stream solves=409600 raw=700/s balanced=700/s debt=0 rows steps=1600 horizon=0.02 games=123 over=0 card=0 drop=0 L=0.00920 L/var=0.09 tgt=+0.244/0.315 aux=0.0001/1.000 cfg/b=34137 prep=0.10s gpu=0.00s conv=0.01s add=0.31s train=1.47s
[t= 895.8s] rebel stream solves=415744 raw=698/s balanced=698/s debt=0 rows steps=1624 horizon=0.01 games=130 over=0 card=0 drop=0 L=0.01027 L/var=0.09 tgt=+0.249/0.337 aux=0.0002/1.000 cfg/b=33685 prep=0.11s gpu=0.00s conv=0.01s add=0.29s train=1.49s
[t= 905.8s] rebel stream solves=420864 raw=695/s balanced=695/s debt=0 rows steps=1644 horizon=0.00 games=87 over=0 card=0 drop=0 L=0.01135 L/var=0.10 tgt=+0.275/0.342 aux=0.0001/1.000 cfg/b=35083 prep=0.10s gpu=0.00s conv=0.01s add=0.25s train=1.25s
[t= 915.8s] rebel stream solves=425984 raw=692/s balanced=692/s debt=0 rows steps=1664 horizon=0.00 games=129 over=0 card=0 drop=0 L=0.00996 L/var=0.08 tgt=+0.254/0.343 aux=0.0002/1.000 cfg/b=35530 prep=0.09s gpu=0.00s conv=0.00s add=0.26s train=1.24s
[t= 925.8s] rebel stream solves=432128 raw=691/s balanced=691/s debt=0 rows steps=1688 horizon=0.02 games=117 over=0 card=0 drop=0 L=0.00985 L/var=0.08 tgt=+0.241/0.348 aux=0.0001/1.000 cfg/b=35665 prep=0.10s gpu=0.00s conv=0.01s add=0.29s train=1.45s
[t= 935.8s] rebel stream solves=438272 raw=690/s balanced=690/s debt=0 rows steps=1712 horizon=0.01 games=155 over=0 card=0 drop=0 L=0.01005 L/var=0.08 tgt=+0.247/0.352 aux=0.0001/1.000 cfg/b=36072 prep=0.16s gpu=0.00s conv=0.00s add=0.27s train=1.53s
[t= 945.8s] rebel stream solves=443392 raw=687/s balanced=687/s debt=0 rows steps=1732 horizon=0.00 games=130 over=0 card=0 drop=0 L=0.00972 L/var=0.08 tgt=+0.241/0.344 aux=0.0001/1.000 cfg/b=35267 prep=0.10s gpu=0.00s conv=0.00s add=0.27s train=1.26s
[t= 955.9s] rebel stream solves=447488 raw=683/s balanced=683/s debt=0 rows steps=1748 horizon=0.01 games=90 over=0 card=0 drop=0 L=0.00963 L/var=0.07 tgt=+0.223/0.367 aux=0.0001/1.000 cfg/b=36551 prep=0.07s gpu=0.00s conv=0.00s add=0.21s train=0.99s
[t= 965.9s] rebel stream solves=453632 raw=682/s balanced=682/s debt=0 rows steps=1772 horizon=0.01 games=119 over=0 card=0 drop=0 L=0.01053 L/var=0.09 tgt=+0.231/0.349 aux=0.0001/1.000 cfg/b=36390 prep=0.11s gpu=0.00s conv=0.01s add=0.28s train=1.46s
[t= 975.9s] rebel stream solves=458752 raw=679/s balanced=679/s debt=0 rows steps=1792 horizon=0.01 games=124 over=0 card=0 drop=0 L=0.01094 L/var=0.11 tgt=+0.222/0.310 aux=0.0002/1.000 cfg/b=36265 prep=0.10s gpu=0.00s conv=0.00s add=0.28s train=1.25s
[t= 985.9s] rebel stream solves=463872 raw=677/s balanced=677/s debt=0 rows steps=1812 horizon=0.00 games=107 over=0 card=0 drop=0 L=0.01059 L/var=0.11 tgt=+0.242/0.305 aux=0.0001/1.000 cfg/b=36527 prep=0.09s gpu=0.00s conv=0.01s add=0.26s train=1.27s
[t= 995.9s] rebel stream solves=468992 raw=674/s balanced=674/s debt=0 rows steps=1832 horizon=0.00 games=100 over=0 card=0 drop=0 L=0.01021 L/var=0.10 tgt=+0.247/0.320 aux=0.0002/1.000 cfg/b=37345 prep=0.09s gpu=0.00s conv=0.01s add=0.27s train=1.25s
[t=1005.9s] rebel stream solves=473088 raw=671/s balanced=671/s debt=0 rows steps=1848 horizon=0.01 games=92 over=0 card=0 drop=0 L=0.00962 L/var=0.10 tgt=+0.219/0.311 aux=0.0002/1.000 cfg/b=37387 prep=0.08s gpu=0.00s conv=0.01s add=0.22s train=1.00s
[t=1016.0s] rebel stream solves=478208 raw=668/s balanced=668/s debt=0 rows steps=1868 horizon=0.00 games=128 over=0 card=0 drop=0 L=0.01013 L/var=0.10 tgt=+0.220/0.321 aux=0.0002/1.000 cfg/b=37582 prep=0.07s gpu=0.00s conv=0.00s add=0.23s train=1.20s
[t=1026.0s] rebel stream solves=482304 raw=665/s balanced=665/s debt=0 rows steps=1884 horizon=0.02 games=88 over=0 card=0 drop=0 L=0.01144 L/var=0.11 tgt=+0.232/0.320 aux=0.0001/1.000 cfg/b=37712 prep=0.08s gpu=0.00s conv=0.00s add=0.20s train=1.00s
[t=1037.5s] rebel stream solves=487424 raw=661/s balanced=661/s debt=0 rows steps=1904 horizon=0.00 games=113 over=0 card=0 drop=0 L=0.01006 L/var=0.10 tgt=+0.238/0.317 aux=0.0002/1.000 cfg/b=38447 prep=0.12s gpu=0.00s conv=0.01s add=0.22s train=1.28s
[t=1047.5s] rebel stream solves=492544 raw=659/s balanced=659/s debt=0 rows steps=1924 horizon=0.00 games=132 over=0 card=0 drop=0 L=0.01052 L/var=0.09 tgt=+0.217/0.349 aux=0.0002/1.000 cfg/b=38066 prep=0.10s gpu=0.00s conv=0.01s add=0.28s train=1.27s
[t=1057.5s] rebel stream solves=497664 raw=657/s balanced=657/s debt=0 rows steps=1944 horizon=0.00 games=121 over=0 card=0 drop=0 L=0.01031 L/var=0.08 tgt=+0.211/0.356 aux=0.0002/1.000 cfg/b=39102 prep=0.09s gpu=0.00s conv=0.00s add=0.24s train=1.25s
[t=1067.5s] rebel stream solves=502784 raw=655/s balanced=655/s debt=0 rows steps=1964 horizon=0.01 games=103 over=0 card=0 drop=0 L=0.01068 L/var=0.09 tgt=+0.219/0.345 aux=0.0002/1.000 cfg/b=38841 prep=0.09s gpu=0.00s conv=0.01s add=0.24s train=1.24s
[t=1077.5s] rebel stream solves=507904 raw=654/s balanced=654/s debt=0 rows steps=1984 horizon=0.01 games=103 over=0 card=0 drop=0 L=0.01109 L/var=0.09 tgt=+0.232/0.348 aux=0.0002/1.000 cfg/b=39191 prep=0.08s gpu=0.00s conv=0.00s add=0.25s train=1.21s
[t=1087.5s] rebel stream solves=512000 raw=650/s balanced=650/s debt=0 rows steps=2000 horizon=0.00 games=97 over=0 card=0 drop=0 L=0.01081 L/var=0.08 tgt=+0.222/0.368 aux=0.0002/1.000 cfg/b=39608 prep=0.09s gpu=0.00s conv=0.00s add=0.22s train=1.00s
[t=1097.8s] rebel stream solves=517120 raw=648/s balanced=648/s debt=0 rows steps=2020 horizon=0.00 games=111 over=0 card=0 drop=0 L=0.01087 L/var=0.08 tgt=+0.207/0.380 aux=0.0002/1.000 cfg/b=39446 prep=0.08s gpu=0.00s conv=0.00s add=0.26s train=1.25s
[t=1107.8s] rebel stream solves=521216 raw=646/s balanced=646/s debt=0 rows steps=2036 horizon=0.00 games=82 over=0 card=0 drop=0 L=0.01027 L/var=0.07 tgt=+0.211/0.380 aux=0.0001/1.000 cfg/b=40106 prep=0.06s gpu=0.00s conv=0.01s add=0.22s train=0.98s
[t=1117.9s] rebel stream solves=524288 raw=641/s balanced=641/s debt=0 rows steps=2048 horizon=0.00 games=89 over=0 card=0 drop=0 L=0.01080 L/var=0.07 tgt=+0.197/0.383 aux=0.0001/1.000 cfg/b=40294 prep=0.07s gpu=0.00s conv=0.00s add=0.15s train=0.76s
[t=1127.9s] rebel stream solves=530432 raw=641/s balanced=641/s debt=0 rows steps=2072 horizon=0.00 games=142 over=0 card=0 drop=0 L=0.01080 L/var=0.08 tgt=+0.210/0.372 aux=0.0001/1.000 cfg/b=40812 prep=0.11s gpu=0.00s conv=0.01s add=0.27s train=1.52s
[t=1138.0s] rebel stream solves=534528 raw=638/s balanced=638/s debt=0 rows steps=2088 horizon=0.00 games=86 over=0 card=0 drop=0 L=0.01180 L/var=0.08 tgt=+0.225/0.391 aux=0.0002/1.000 cfg/b=41511 prep=0.09s gpu=0.00s conv=0.00s add=0.24s train=1.03s
[t=1148.0s] rebel stream solves=538624 raw=636/s balanced=636/s debt=0 rows steps=2104 horizon=0.00 games=98 over=0 card=0 drop=0 L=0.01219 L/var=0.09 tgt=+0.230/0.366 aux=0.0001/1.000 cfg/b=41153 prep=0.08s gpu=0.00s conv=0.01s add=0.21s train=1.01s
[t=1158.1s] rebel stream solves=543744 raw=634/s balanced=634/s debt=0 rows steps=2124 horizon=0.01 games=102 over=0 card=0 drop=0 L=0.01129 L/var=0.08 tgt=+0.240/0.373 aux=0.0002/1.000 cfg/b=41147 prep=0.11s gpu=0.00s conv=0.00s add=0.27s train=1.28s
[t=1168.1s] rebel stream solves=547840 raw=631/s balanced=631/s debt=0 rows steps=2140 horizon=0.00 games=112 over=0 card=0 drop=0 L=0.01121 L/var=0.08 tgt=+0.214/0.378 aux=0.0001/1.000 cfg/b=40996 prep=0.08s gpu=0.00s conv=0.01s add=0.19s train=1.00s
[t=1178.6s] rebel stream solves=552960 raw=630/s balanced=630/s debt=0 rows steps=2160 horizon=0.00 games=136 over=0 card=0 drop=0 L=0.01134 L/var=0.08 tgt=+0.186/0.369 aux=0.0002/1.000 cfg/b=41420 prep=0.10s gpu=0.00s conv=0.01s add=0.29s train=1.29s
[t=1188.7s] rebel stream solves=557056 raw=627/s balanced=627/s debt=0 rows steps=2176 horizon=0.00 games=83 over=0 card=0 drop=0 L=0.01117 L/var=0.08 tgt=+0.171/0.363 aux=0.0002/1.000 cfg/b=41626 prep=0.08s gpu=0.00s conv=0.01s add=0.23s train=1.00s
[t=1198.7s] rebel stream solves=562176 raw=626/s balanced=626/s debt=0 rows steps=2196 horizon=0.00 games=116 over=0 card=0 drop=0 L=0.01212 L/var=0.09 tgt=+0.187/0.361 aux=0.0002/1.000 cfg/b=41786 prep=0.09s gpu=0.00s conv=0.01s add=0.28s train=1.25s
[t=1200.5s] --- snapshot snap_01.pt (s1) ---
[t=1208.7s] rebel stream solves=567296 raw=625/s balanced=625/s debt=0 rows steps=2216 horizon=0.00 games=117 over=0 card=0 drop=0 L=0.01141 L/var=0.10 tgt=+0.170/0.335 aux=0.0001/1.000 cfg/b=42378 prep=0.09s gpu=0.00s conv=0.00s add=0.23s train=1.25s
[t=1218.7s] rebel stream solves=571392 raw=622/s balanced=622/s debt=0 rows steps=2232 horizon=0.00 games=88 over=0 card=0 drop=0 L=0.01154 L/var=0.09 tgt=+0.180/0.349 aux=0.0001/1.000 cfg/b=41622 prep=0.10s gpu=0.00s conv=0.01s add=0.23s train=1.03s
[t=1228.8s] rebel stream solves=576512 raw=621/s balanced=621/s debt=0 rows steps=2252 horizon=0.00 games=118 over=0 card=0 drop=0 L=0.01139 L/var=0.09 tgt=+0.190/0.358 aux=0.0001/1.000 cfg/b=42101 prep=0.10s gpu=0.00s conv=0.01s add=0.27s train=1.23s
[t=1238.8s] rebel stream solves=580608 raw=619/s balanced=619/s debt=0 rows steps=2268 horizon=0.00 games=65 over=0 card=0 drop=0 L=0.01148 L/var=0.09 tgt=+0.188/0.358 aux=0.0002/1.000 cfg/b=42556 prep=0.06s gpu=0.00s conv=0.01s add=0.19s train=0.99s
[t=1248.8s] rebel stream solves=584704 raw=617/s balanced=617/s debt=0 rows steps=2284 horizon=0.00 games=124 over=0 card=0 drop=0 L=0.01235 L/var=0.09 tgt=+0.178/0.375 aux=0.0002/1.000 cfg/b=41879 prep=0.12s gpu=0.00s conv=0.01s add=0.23s train=1.06s
[t=1258.8s] rebel stream solves=589824 raw=615/s balanced=615/s debt=0 rows steps=2304 horizon=0.01 games=106 over=0 card=0 drop=0 L=0.01164 L/var=0.09 tgt=+0.185/0.358 aux=0.0002/1.000 cfg/b=42225 prep=0.10s gpu=0.00s conv=0.01s add=0.29s train=1.28s
[t=1268.8s] rebel stream solves=594944 raw=614/s balanced=614/s debt=0 rows steps=2324 horizon=0.00 games=118 over=0 card=0 drop=0 L=0.01227 L/var=0.09 tgt=+0.180/0.370 aux=0.0002/1.000 cfg/b=42038 prep=0.12s gpu=0.00s conv=0.01s add=0.24s train=1.26s
[t=1279.1s] rebel stream solves=600064 raw=613/s balanced=613/s debt=0 rows steps=2344 horizon=0.01 games=120 over=0 card=0 drop=0 L=0.01145 L/var=0.10 tgt=+0.203/0.342 aux=0.0001/1.000 cfg/b=42281 prep=0.11s gpu=0.00s conv=0.01s add=0.29s train=1.30s
[t=1289.1s] rebel stream solves=604160 raw=611/s balanced=611/s debt=0 rows steps=2360 horizon=0.00 games=96 over=0 card=0 drop=0 L=0.01153 L/var=0.08 tgt=+0.175/0.377 aux=0.0002/1.000 cfg/b=41959 prep=0.09s gpu=0.00s conv=0.01s add=0.25s train=1.03s
[t=1299.1s] rebel stream solves=609280 raw=610/s balanced=610/s debt=0 rows steps=2380 horizon=0.00 games=117 over=0 card=0 drop=0 L=0.01125 L/var=0.08 tgt=+0.176/0.378 aux=0.0002/1.000 cfg/b=42108 prep=0.10s gpu=0.00s conv=0.01s add=0.27s train=1.26s
[t=1305.5s] --- lr -> 2.50e-04 ---
[t=1309.1s] rebel stream solves=614400 raw=609/s balanced=609/s debt=0 rows steps=2400 horizon=0.01 games=106 over=0 card=0 drop=0 L=0.01133 L/var=0.07 tgt=+0.157/0.390 aux=0.0002/1.000 cfg/b=42743 prep=0.09s gpu=0.00s conv=0.01s add=0.24s train=1.25s
[t=1319.2s] rebel stream solves=618496 raw=607/s balanced=607/s debt=0 rows steps=2416 horizon=0.00 games=121 over=0 card=0 drop=0 L=0.01185 L/var=0.07 tgt=+0.163/0.410 aux=0.0002/1.000 cfg/b=42677 prep=0.09s gpu=0.00s conv=0.00s add=0.22s train=1.04s
[t=1329.2s] rebel stream solves=623616 raw=606/s balanced=606/s debt=0 rows steps=2436 horizon=0.00 games=115 over=0 card=0 drop=0 L=0.01143 L/var=0.09 tgt=+0.192/0.357 aux=0.0001/1.000 cfg/b=42586 prep=0.12s gpu=0.00s conv=0.01s add=0.26s train=1.31s
[t=1339.3s] rebel stream solves=627712 raw=604/s balanced=604/s debt=0 rows steps=2452 horizon=0.00 games=88 over=0 card=0 drop=0 L=0.01170 L/var=0.08 tgt=+0.180/0.379 aux=0.0001/1.000 cfg/b=42686 prep=0.12s gpu=0.00s conv=0.01s add=0.21s train=1.06s
[t=1349.3s] rebel stream solves=631808 raw=602/s balanced=602/s debt=0 rows steps=2468 horizon=0.00 games=98 over=0 card=0 drop=0 L=0.01116 L/var=0.07 tgt=+0.172/0.400 aux=0.0001/1.000 cfg/b=42992 prep=0.08s gpu=0.00s conv=0.00s add=0.24s train=1.01s
[t=1359.4s] rebel stream solves=636928 raw=601/s balanced=601/s debt=0 rows steps=2488 horizon=0.00 games=119 over=0 card=0 drop=0 L=0.01160 L/var=0.07 tgt=+0.190/0.406 aux=0.0002/1.000 cfg/b=42392 prep=0.09s gpu=0.00s conv=0.00s add=0.29s train=1.27s
[t=1369.4s] rebel stream solves=642048 raw=601/s balanced=601/s debt=0 rows steps=2508 horizon=0.00 games=128 over=0 card=0 drop=0 L=0.01148 L/var=0.07 tgt=+0.163/0.395 aux=0.0002/1.000 cfg/b=43098 prep=0.09s gpu=0.00s conv=0.01s add=0.25s train=1.22s
[t=1379.4s] rebel stream solves=646144 raw=599/s balanced=599/s debt=0 rows steps=2524 horizon=0.00 games=95 over=0 card=0 drop=0 L=0.01189 L/var=0.09 tgt=+0.170/0.368 aux=0.0002/1.000 cfg/b=43268 prep=0.07s gpu=0.00s conv=0.01s add=0.23s train=1.01s
[t=1389.7s] rebel stream solves=651264 raw=598/s balanced=598/s debt=0 rows steps=2544 horizon=0.00 games=108 over=0 card=0 drop=0 L=0.01159 L/var=0.08 tgt=+0.159/0.380 aux=0.0001/1.000 cfg/b=43058 prep=0.09s gpu=0.00s conv=0.01s add=0.29s train=1.26s
[t=1399.7s] rebel stream solves=655360 raw=596/s balanced=596/s debt=0 rows steps=2560 horizon=0.00 games=92 over=0 card=0 drop=0 L=0.01168 L/var=0.08 tgt=+0.163/0.393 aux=0.0001/1.000 cfg/b=42200 prep=0.09s gpu=0.00s conv=0.00s add=0.23s train=1.02s
[t=1409.7s] rebel stream solves=660480 raw=595/s balanced=595/s debt=0 rows steps=2580 horizon=0.01 games=125 over=0 card=0 drop=0 L=0.01192 L/var=0.07 tgt=+0.154/0.401 aux=0.0001/1.000 cfg/b=43306 prep=0.10s gpu=0.00s conv=0.01s add=0.29s train=1.26s
[t=1419.7s] rebel stream solves=664576 raw=594/s balanced=594/s debt=0 rows steps=2596 horizon=0.00 games=76 over=0 card=0 drop=0 L=0.01123 L/var=0.06 tgt=+0.123/0.420 aux=0.0001/1.000 cfg/b=42639 prep=0.13s gpu=0.00s conv=0.00s add=0.24s train=1.08s
[t=1429.8s] rebel stream solves=668672 raw=592/s balanced=592/s debt=0 rows steps=2612 horizon=0.00 games=103 over=0 card=0 drop=0 L=0.01119 L/var=0.06 tgt=+0.131/0.435 aux=0.0002/1.000 cfg/b=43179 prep=0.07s gpu=0.00s conv=0.01s add=0.23s train=1.01s
[t=1440.0s] rebel stream solves=673792 raw=591/s balanced=591/s debt=0 rows steps=2632 horizon=0.00 games=122 over=0 card=0 drop=0 L=0.01112 L/var=0.06 tgt=+0.137/0.414 aux=0.0001/1.000 cfg/b=43469 prep=0.12s gpu=0.00s conv=0.01s add=0.29s train=1.26s
[t=1450.0s] rebel stream solves=677888 raw=590/s balanced=590/s debt=0 rows steps=2648 horizon=0.00 games=105 over=0 card=0 drop=0 L=0.01130 L/var=0.06 tgt=+0.132/0.434 aux=0.0002/1.000 cfg/b=43204 prep=0.07s gpu=0.00s conv=0.00s add=0.21s train=1.01s
[t=1460.0s] rebel stream solves=681984 raw=588/s balanced=588/s debt=0 rows steps=2664 horizon=0.00 games=83 over=0 card=0 drop=0 L=0.01101 L/var=0.06 tgt=+0.107/0.446 aux=0.0002/1.000 cfg/b=43020 prep=0.11s gpu=0.00s conv=0.00s add=0.22s train=1.05s
[t=1470.1s] rebel stream solves=686080 raw=587/s balanced=587/s debt=0 rows steps=2680 horizon=0.00 games=112 over=0 card=0 drop=0 L=0.01118 L/var=0.06 tgt=+0.109/0.445 aux=0.0001/1.000 cfg/b=43185 prep=0.09s gpu=0.00s conv=0.01s add=0.23s train=1.04s
[t=1480.2s] rebel stream solves=691200 raw=586/s balanced=586/s debt=0 rows steps=2700 horizon=0.00 games=115 over=0 card=0 drop=0 L=0.01152 L/var=0.07 tgt=+0.136/0.419 aux=0.0001/1.000 cfg/b=43052 prep=0.09s gpu=0.00s conv=0.01s add=0.24s train=1.25s
[t=1490.2s] rebel stream solves=695296 raw=584/s balanced=584/s debt=0 rows steps=2716 horizon=0.00 games=93 over=0 card=0 drop=0 L=0.01123 L/var=0.07 tgt=+0.147/0.411 aux=0.0001/1.000 cfg/b=43929 prep=0.07s gpu=0.00s conv=0.01s add=0.20s train=1.02s
[t=1500.6s] rebel stream solves=700416 raw=584/s balanced=584/s debt=0 rows steps=2736 horizon=0.00 games=114 over=0 card=0 drop=0 L=0.01155 L/var=0.07 tgt=+0.142/0.403 aux=0.0001/1.000 cfg/b=43606 prep=0.11s gpu=0.00s conv=0.01s add=0.30s train=1.30s
[t=1510.8s] rebel stream solves=705536 raw=583/s balanced=583/s debt=0 rows steps=2756 horizon=0.00 games=112 over=0 card=0 drop=0 L=0.01172 L/var=0.07 tgt=+0.130/0.416 aux=0.0001/1.000 cfg/b=44353 prep=0.09s gpu=0.00s conv=0.01s add=0.27s train=1.25s
[t=1520.8s] rebel stream solves=709632 raw=581/s balanced=581/s debt=0 rows steps=2772 horizon=0.00 games=124 over=0 card=0 drop=0 L=0.01157 L/var=0.07 tgt=+0.140/0.404 aux=0.0001/1.000 cfg/b=43596 prep=0.07s gpu=0.00s conv=0.00s add=0.21s train=1.00s
[t=1530.9s] rebel stream solves=713728 raw=580/s balanced=580/s debt=0 rows steps=2788 horizon=0.00 games=79 over=0 card=0 drop=0 L=0.01123 L/var=0.07 tgt=+0.118/0.414 aux=0.0002/1.000 cfg/b=42710 prep=0.11s gpu=0.00s conv=0.00s add=0.24s train=1.08s
[t=1540.9s] rebel stream solves=717824 raw=579/s balanced=579/s debt=0 rows steps=2804 horizon=0.00 games=107 over=0 card=0 drop=0 L=0.01192 L/var=0.07 tgt=+0.135/0.413 aux=0.0001/1.000 cfg/b=42423 prep=0.07s gpu=0.00s conv=0.01s add=0.23s train=1.00s
[t=1550.9s] rebel stream solves=721920 raw=577/s balanced=577/s debt=0 rows steps=2820 horizon=0.00 games=99 over=0 card=0 drop=0 L=0.01181 L/var=0.07 tgt=+0.126/0.416 aux=0.0001/1.000 cfg/b=43476 prep=0.07s gpu=0.00s conv=0.00s add=0.20s train=0.99s
[t=1561.0s] rebel stream solves=726016 raw=576/s balanced=576/s debt=0 rows steps=2836 horizon=0.00 games=103 over=0 card=0 drop=0 L=0.01185 L/var=0.08 tgt=+0.133/0.397 aux=0.0001/1.000 cfg/b=43108 prep=0.09s gpu=0.00s conv=0.01s add=0.20s train=1.03s
[t=1571.0s] rebel stream solves=730112 raw=575/s balanced=575/s debt=0 rows steps=2852 horizon=0.00 games=83 over=0 card=0 drop=0 L=0.01189 L/var=0.07 tgt=+0.134/0.424 aux=0.0001/1.000 cfg/b=43268 prep=0.09s gpu=0.00s conv=0.01s add=0.21s train=1.03s
[t=1581.0s] rebel stream solves=734208 raw=573/s balanced=573/s debt=0 rows steps=2868 horizon=0.00 games=89 over=0 card=0 drop=0 L=0.01189 L/var=0.06 tgt=+0.115/0.438 aux=0.0001/1.000 cfg/b=43823 prep=0.09s gpu=0.00s conv=0.01s add=0.20s train=1.01s
[t=1591.0s] rebel stream solves=738304 raw=572/s balanced=572/s debt=0 rows steps=2884 horizon=0.01 games=105 over=0 card=0 drop=0 L=0.01188 L/var=0.06 tgt=+0.103/0.447 aux=0.0001/1.000 cfg/b=43455 prep=0.07s gpu=0.00s conv=0.00s add=0.20s train=1.01s
[t=1601.0s] rebel stream solves=742400 raw=571/s balanced=571/s debt=0 rows steps=2900 horizon=0.00 games=92 over=0 card=0 drop=0 L=0.01145 L/var=0.06 tgt=+0.124/0.423 aux=0.0001/1.000 cfg/b=43157 prep=0.09s gpu=0.00s conv=0.01s add=0.19s train=1.03s
[t=1611.0s] rebel stream solves=746496 raw=570/s balanced=570/s debt=0 rows steps=2916 horizon=0.00 games=99 over=0 card=0 drop=0 L=0.01182 L/var=0.07 tgt=+0.112/0.425 aux=0.0001/1.000 cfg/b=43149 prep=0.10s gpu=0.00s conv=0.01s add=0.23s train=1.04s
[t=1621.0s] rebel stream solves=750592 raw=568/s balanced=568/s debt=0 rows steps=2932 horizon=0.00 games=92 over=0 card=0 drop=0 L=0.01193 L/var=0.06 tgt=+0.102/0.447 aux=0.0002/1.000 cfg/b=42358 prep=0.07s gpu=0.00s conv=0.00s add=0.18s train=1.01s
[t=1631.1s] rebel stream solves=755712 raw=568/s balanced=568/s debt=0 rows steps=2952 horizon=0.00 games=125 over=0 card=0 drop=0 L=0.01252 L/var=0.07 tgt=+0.125/0.418 aux=0.0001/1.000 cfg/b=42825 prep=0.11s gpu=0.00s conv=0.00s add=0.26s train=1.28s
[t=1641.1s] rebel stream solves=759808 raw=567/s balanced=567/s debt=0 rows steps=2968 horizon=0.00 games=131 over=0 card=0 drop=0 L=0.01193 L/var=0.06 tgt=+0.084/0.432 aux=0.0001/1.000 cfg/b=43158 prep=0.07s gpu=0.00s conv=0.01s add=0.22s train=0.99s
[t=1651.1s] rebel stream solves=763904 raw=566/s balanced=566/s debt=0 rows steps=2984 horizon=0.00 games=92 over=0 card=0 drop=0 L=0.01232 L/var=0.07 tgt=+0.109/0.418 aux=0.0002/1.000 cfg/b=42999 prep=0.08s gpu=0.00s conv=0.00s add=0.24s train=0.99s
[t=1661.1s] rebel stream solves=768000 raw=564/s balanced=564/s debt=0 rows steps=3000 horizon=0.00 games=66 over=0 card=0 drop=0 L=0.01250 L/var=0.07 tgt=+0.099/0.432 aux=0.0002/1.000 cfg/b=42780 prep=0.08s gpu=0.00s conv=0.00s add=0.24s train=0.97s
[t=1671.1s] rebel stream solves=772096 raw=563/s balanced=563/s debt=0 rows steps=3016 horizon=0.00 games=96 over=0 card=0 drop=0 L=0.01185 L/var=0.06 tgt=+0.107/0.452 aux=0.0001/1.000 cfg/b=43063 prep=0.10s gpu=0.00s conv=0.01s add=0.22s train=1.07s
[t=1681.2s] rebel stream solves=777216 raw=563/s balanced=563/s debt=0 rows steps=3036 horizon=0.00 games=128 over=0 card=0 drop=0 L=0.01199 L/var=0.06 tgt=+0.119/0.437 aux=0.0001/1.000 cfg/b=42504 prep=0.11s gpu=0.00s conv=0.00s add=0.24s train=1.29s
[t=1691.2s] rebel stream solves=780288 raw=561/s balanced=561/s debt=0 rows steps=3048 horizon=0.00 games=63 over=0 card=0 drop=0 L=0.01218 L/var=0.06 tgt=+0.127/0.438 aux=0.0001/1.000 cfg/b=41466 prep=0.06s gpu=0.00s conv=0.00s add=0.16s train=0.75s
[t=1701.2s] rebel stream solves=784384 raw=560/s balanced=560/s debt=0 rows steps=3064 horizon=0.00 games=110 over=0 card=0 drop=0 L=0.01182 L/var=0.06 tgt=+0.106/0.443 aux=0.0001/1.000 cfg/b=41734 prep=0.08s gpu=0.00s conv=0.00s add=0.18s train=1.01s
[t=1711.2s] rebel stream solves=788480 raw=559/s balanced=559/s debt=0 rows steps=3080 horizon=0.00 games=97 over=0 card=0 drop=0 L=0.01222 L/var=0.06 tgt=+0.094/0.457 aux=0.0001/1.000 cfg/b=42004 prep=0.11s gpu=0.00s conv=0.00s add=0.19s train=1.04s
[t=1721.2s] rebel stream solves=791552 raw=557/s balanced=557/s debt=0 rows steps=3092 horizon=0.00 games=70 over=0 card=0 drop=0 L=0.01271 L/var=0.06 tgt=+0.085/0.470 aux=0.0001/1.000 cfg/b=41825 prep=0.06s gpu=0.00s conv=0.00s add=0.15s train=0.77s
[t=1731.3s] rebel stream solves=795648 raw=556/s balanced=556/s debt=0 rows steps=3108 horizon=0.00 games=84 over=0 card=0 drop=0 L=0.01217 L/var=0.06 tgt=+0.119/0.457 aux=0.0001/1.000 cfg/b=41578 prep=0.10s gpu=0.00s conv=0.00s add=0.18s train=1.03s
[t=1741.3s] rebel stream solves=799744 raw=555/s balanced=555/s debt=0 rows steps=3124 horizon=0.00 games=114 over=0 card=0 drop=0 L=0.01204 L/var=0.06 tgt=+0.096/0.467 aux=0.0001/1.000 cfg/b=41540 prep=0.07s gpu=0.00s conv=0.00s add=0.18s train=1.01s
[t=1751.3s] rebel stream solves=802816 raw=553/s balanced=553/s debt=0 rows steps=3136 horizon=0.00 games=69 over=0 card=0 drop=0 L=0.01215 L/var=0.05 tgt=+0.075/0.488 aux=0.0001/1.000 cfg/b=42434 prep=0.05s gpu=0.00s conv=0.00s add=0.13s train=0.76s
[t=1761.4s] rebel stream solves=806912 raw=552/s balanced=552/s debt=0 rows steps=3152 horizon=0.00 games=89 over=0 card=0 drop=0 L=0.01194 L/var=0.05 tgt=+0.082/0.479 aux=0.0001/1.000 cfg/b=41153 prep=0.08s gpu=0.00s conv=0.01s add=0.16s train=1.03s
[t=1771.5s] rebel stream solves=809984 raw=551/s balanced=551/s debt=0 rows steps=3164 horizon=0.00 games=95 over=0 card=0 drop=0 L=0.01210 L/var=0.05 tgt=+0.087/0.474 aux=0.0001/1.000 cfg/b=41274 prep=0.06s gpu=0.00s conv=0.00s add=0.12s train=0.74s
[t=1780.1s] --- stopping GPU admission; draining ---
[t=1781.5s] rebel stream solves=814080 raw=550/s balanced=550/s debt=0 rows steps=3180 horizon=0.00 games=106 over=0 card=0 drop=0 L=0.01207 L/var=0.06 tgt=+0.093/0.454 aux=0.0001/1.000 cfg/b=40682 prep=0.08s gpu=0.00s conv=0.00s add=0.21s train=1.02s
[t=1783.4s] rebel stream solves=815276 raw=550/s balanced=550/s debt=688 rows steps=3184 horizon=0.00 games=2 over=0 card=0 drop=0 L=0.01257 L/var=0.06 tgt=+0.087/0.455 aux=0.0001/1.000 cfg/b=41970 prep=0.02s gpu=0.00s conv=0.00s add=0.06s train=0.24s
[gpu-summary] solves=815276 optimizer_rows=3260416 debt=688 raw=543.7/s balanced=543.6/s horizon=0.03 games=16556 over=0 card=0 exact=0 censored=1152 dropped=0 overrun=0.00s
[t=1800.0s] --- snapshot snap_02.pt (final) ---
