[train] runs/value_v4_30m at 31008fa seed=1 {'note': 'value_v4_canonical_30m'}
[train] value_v4_canonical_30m
[cpu] pinned to 36 physical cores
[train] CUDA stream priority -1
[gpu] solve services up on [0, 1]
[cfg] PUBFEAT=897 CFEAT=15 architecture=v4 depth=2 iters=64 budget=1800s warm=300s snapshot_every=6min device=cuda:1 draft=random train_gen_ratio=4.0 recent_mix=0.5/0.2 canonical_views=2 cap=2000000 matmul=high
[t=   2.5s] greedy ep  0 games=  96 dec= 18968 rows= 18118 horizon=0.30 L=0.03173 L/var=0.14 tgt=-0.023/0.482 pstd=0.503 gen=0.1s train=2.3s
[t=   4.6s] greedy ep  1 games=  96 dec= 18844 rows= 18051 horizon=0.33 L=0.02759 L/var=0.11 tgt=-0.058/0.494 pstd=0.496 gen=0.1s train=1.9s
[t=   6.7s] greedy ep  2 games=  96 dec= 18181 rows= 17414 horizon=0.27 L=0.01873 L/var=0.07 tgt=-0.025/0.512 pstd=0.494 gen=0.1s train=1.8s
[t=   8.7s] greedy ep  3 games=  96 dec= 17989 rows= 17120 horizon=0.26 L=0.01810 L/var=0.07 tgt=-0.029/0.495 pstd=0.505 gen=0.1s train=1.8s
[t=  10.8s] greedy ep  4 games=  96 dec= 18823 rows= 18078 horizon=0.29 L=0.01564 L/var=0.07 tgt=-0.022/0.471 pstd=0.499 gen=0.1s train=1.9s
[t=  13.0s] greedy ep  5 games=  96 dec= 18924 rows= 18146 horizon=0.33 L=0.01230 L/var=0.05 tgt=-0.029/0.496 pstd=0.508 gen=0.1s train=1.9s
[t=  14.9s] greedy ep  6 games=  96 dec= 17615 rows= 16921 horizon=0.26 L=0.01208 L/var=0.05 tgt=-0.041/0.511 pstd=0.507 gen=0.1s train=1.8s
[t=  17.3s] greedy ep  7 games=  96 dec= 18608 rows= 17786 horizon=0.36 L=0.01112 L/var=0.05 tgt=-0.065/0.495 pstd=0.490 gen=0.1s train=2.1s
[t=  19.7s] greedy ep  8 games=  96 dec= 19040 rows= 18296 horizon=0.36 L=0.00987 L/var=0.04 tgt=-0.019/0.484 pstd=0.508 gen=0.1s train=2.2s
[t=  21.8s] greedy ep  9 games=  96 dec= 18200 rows= 17459 horizon=0.27 L=0.00892 L/var=0.03 tgt=-0.034/0.513 pstd=0.499 gen=0.1s train=1.9s
[t=  23.9s] greedy ep 10 games=  96 dec= 17927 rows= 17200 horizon=0.24 L=0.00929 L/var=0.03 tgt=-0.036/0.524 pstd=0.500 gen=0.1s train=1.9s
[t=  26.0s] greedy ep 11 games=  96 dec= 17941 rows= 17162 horizon=0.28 L=0.00818 L/var=0.04 tgt=-0.044/0.477 pstd=0.506 gen=0.1s train=1.9s
[t=  28.0s] greedy ep 12 games=  96 dec= 17384 rows= 16648 horizon=0.25 L=0.00952 L/var=0.04 tgt=-0.023/0.503 pstd=0.496 gen=0.1s train=1.8s
[t=  30.1s] greedy ep 13 games=  96 dec= 18153 rows= 17377 horizon=0.28 L=0.00796 L/var=0.03 tgt=-0.027/0.502 pstd=0.502 gen=0.1s train=1.9s
[t=  32.2s] greedy ep 14 games=  96 dec= 18097 rows= 17377 horizon=0.26 L=0.00799 L/var=0.03 tgt=-0.037/0.511 pstd=0.503 gen=0.1s train=1.9s
[t=  34.4s] greedy ep 15 games=  96 dec= 18356 rows= 17581 horizon=0.30 L=0.00716 L/var=0.03 tgt=-0.023/0.496 pstd=0.502 gen=0.1s train=1.9s
[t=  36.6s] greedy ep 16 games=  96 dec= 19141 rows= 18328 horizon=0.32 L=0.00624 L/var=0.03 tgt=+0.010/0.479 pstd=0.503 gen=0.1s train=2.0s
[t=  38.8s] greedy ep 17 games=  96 dec= 18885 rows= 18173 horizon=0.30 L=0.00614 L/var=0.02 tgt=-0.054/0.508 pstd=0.509 gen=0.1s train=2.0s
[t=  40.9s] greedy ep 18 games=  96 dec= 17886 rows= 17103 horizon=0.25 L=0.00817 L/var=0.03 tgt=-0.021/0.507 pstd=0.497 gen=0.1s train=1.9s
[t=  43.0s] greedy ep 19 games=  96 dec= 17738 rows= 16961 horizon=0.23 L=0.00776 L/var=0.03 tgt=-0.065/0.530 pstd=0.501 gen=0.1s train=1.8s
[t=  45.1s] greedy ep 20 games=  96 dec= 17716 rows= 17039 horizon=0.28 L=0.00702 L/var=0.03 tgt=-0.071/0.515 pstd=0.496 gen=0.1s train=1.9s
[t=  47.2s] greedy ep 21 games=  96 dec= 17777 rows= 17032 horizon=0.23 L=0.00654 L/var=0.02 tgt=-0.051/0.520 pstd=0.500 gen=0.1s train=1.9s
[t=  49.3s] greedy ep 22 games=  96 dec= 18472 rows= 17732 horizon=0.33 L=0.00672 L/var=0.03 tgt=-0.019/0.474 pstd=0.503 gen=0.1s train=1.9s
[t=  51.5s] greedy ep 23 games=  96 dec= 18429 rows= 17627 horizon=0.27 L=0.00671 L/var=0.03 tgt=-0.006/0.478 pstd=0.501 gen=0.1s train=1.9s
[t=  53.7s] greedy ep 24 games=  96 dec= 18992 rows= 18327 horizon=0.35 L=0.00655 L/var=0.03 tgt=-0.014/0.487 pstd=0.504 gen=0.1s train=2.0s
[t=  55.8s] greedy ep 25 games=  96 dec= 18039 rows= 17262 horizon=0.23 L=0.00745 L/var=0.03 tgt=-0.025/0.517 pstd=0.509 gen=0.1s train=1.9s
[t=  58.1s] greedy ep 26 games=  96 dec= 19627 rows= 18805 horizon=0.33 L=0.00658 L/var=0.03 tgt=-0.037/0.501 pstd=0.498 gen=0.1s train=2.1s
[t=  60.3s] greedy ep 27 games=  96 dec= 18752 rows= 17930 horizon=0.27 L=0.00513 L/var=0.02 tgt=-0.031/0.485 pstd=0.505 gen=0.1s train=2.0s
[t=  62.5s] greedy ep 28 games=  96 dec= 19116 rows= 18327 horizon=0.31 L=0.00632 L/var=0.03 tgt=-0.035/0.484 pstd=0.498 gen=0.1s train=2.0s
[t=  64.8s] greedy ep 29 games=  96 dec= 18708 rows= 17952 horizon=0.27 L=0.00663 L/var=0.03 tgt=-0.051/0.503 pstd=0.502 gen=0.1s train=2.0s
[t=  67.0s] greedy ep 30 games=  96 dec= 19066 rows= 18248 horizon=0.31 L=0.00568 L/var=0.02 tgt=-0.032/0.479 pstd=0.503 gen=0.1s train=2.0s
[t=  69.2s] greedy ep 31 games=  96 dec= 18369 rows= 17570 horizon=0.26 L=0.00543 L/var=0.02 tgt=-0.041/0.509 pstd=0.497 gen=0.1s train=1.9s
[t=  71.4s] greedy ep 32 games=  96 dec= 18567 rows= 17800 horizon=0.30 L=0.00575 L/var=0.03 tgt=+0.001/0.480 pstd=0.501 gen=0.1s train=2.0s
[t=  73.5s] greedy ep 33 games=  96 dec= 18636 rows= 17813 horizon=0.31 L=0.00526 L/var=0.02 tgt=-0.002/0.514 pstd=0.501 gen=0.1s train=1.9s
[t=  75.7s] greedy ep 34 games=  96 dec= 18664 rows= 17825 horizon=0.29 L=0.00622 L/var=0.03 tgt=+0.020/0.463 pstd=0.498 gen=0.1s train=2.0s
[t=  77.8s] greedy ep 35 games=  96 dec= 17787 rows= 17046 horizon=0.22 L=0.00600 L/var=0.02 tgt=-0.039/0.539 pstd=0.504 gen=0.1s train=1.9s
[t=  80.1s] greedy ep 36 games=  96 dec= 19279 rows= 18442 horizon=0.33 L=0.00592 L/var=0.03 tgt=-0.046/0.480 pstd=0.498 gen=0.1s train=2.0s
[t=  82.2s] greedy ep 37 games=  96 dec= 18316 rows= 17468 horizon=0.32 L=0.00533 L/var=0.02 tgt=-0.034/0.532 pstd=0.498 gen=0.1s train=1.9s
[t=  84.5s] greedy ep 38 games=  96 dec= 19158 rows= 18321 horizon=0.32 L=0.00623 L/var=0.03 tgt=-0.020/0.472 pstd=0.502 gen=0.1s train=2.0s
[t=  86.6s] greedy ep 39 games=  96 dec= 18549 rows= 17774 horizon=0.26 L=0.00484 L/var=0.02 tgt=-0.037/0.514 pstd=0.498 gen=0.1s train=1.9s
[t=  88.9s] greedy ep 40 games=  96 dec= 18971 rows= 18211 horizon=0.34 L=0.00553 L/var=0.03 tgt=-0.007/0.461 pstd=0.493 gen=0.1s train=2.0s
[t=  91.1s] greedy ep 41 games=  96 dec= 18692 rows= 17843 horizon=0.28 L=0.00536 L/var=0.02 tgt=-0.044/0.507 pstd=0.509 gen=0.1s train=2.0s
[t=  93.3s] greedy ep 42 games=  96 dec= 19162 rows= 18375 horizon=0.38 L=0.00524 L/var=0.02 tgt=-0.035/0.494 pstd=0.510 gen=0.1s train=2.0s
[t=  95.6s] greedy ep 43 games=  96 dec= 19468 rows= 18602 horizon=0.35 L=0.00551 L/var=0.03 tgt=-0.058/0.456 pstd=0.508 gen=0.1s train=2.0s
[t=  97.7s] greedy ep 44 games=  96 dec= 18443 rows= 17624 horizon=0.28 L=0.00474 L/var=0.02 tgt=-0.009/0.479 pstd=0.507 gen=0.1s train=1.9s
[t=  99.8s] greedy ep 45 games=  96 dec= 17350 rows= 16706 horizon=0.25 L=0.00622 L/var=0.02 tgt=-0.084/0.527 pstd=0.498 gen=0.1s train=1.8s
[t= 101.9s] greedy ep 46 games=  96 dec= 17993 rows= 17239 horizon=0.28 L=0.00574 L/var=0.02 tgt=-0.013/0.495 pstd=0.497 gen=0.1s train=1.9s
[t= 104.1s] greedy ep 47 games=  96 dec= 18984 rows= 18180 horizon=0.29 L=0.00551 L/var=0.02 tgt=-0.024/0.472 pstd=0.489 gen=0.1s train=2.0s
[t= 106.2s] greedy ep 48 games=  96 dec= 18071 rows= 17405 horizon=0.30 L=0.00492 L/var=0.02 tgt=-0.041/0.510 pstd=0.505 gen=0.1s train=1.9s
[t= 108.5s] greedy ep 49 games=  96 dec= 19599 rows= 18844 horizon=0.40 L=0.00430 L/var=0.02 tgt=-0.000/0.457 pstd=0.503 gen=0.1s train=2.0s
[t= 110.6s] greedy ep 50 games=  96 dec= 17856 rows= 17099 horizon=0.25 L=0.00462 L/var=0.02 tgt=-0.060/0.543 pstd=0.506 gen=0.1s train=1.8s
[t= 112.6s] greedy ep 51 games=  96 dec= 17858 rows= 17043 horizon=0.24 L=0.00513 L/var=0.02 tgt=-0.027/0.530 pstd=0.500 gen=0.1s train=1.8s
[t= 114.9s] greedy ep 52 games=  96 dec= 18973 rows= 18262 horizon=0.35 L=0.00489 L/var=0.02 tgt=-0.041/0.460 pstd=0.500 gen=0.1s train=2.0s
[t= 116.9s] greedy ep 53 games=  96 dec= 17565 rows= 16777 horizon=0.19 L=0.00480 L/var=0.02 tgt=-0.031/0.511 pstd=0.503 gen=0.1s train=1.8s
[t= 119.0s] greedy ep 54 games=  96 dec= 17835 rows= 17151 horizon=0.25 L=0.00512 L/var=0.02 tgt=-0.001/0.492 pstd=0.500 gen=0.1s train=1.9s
[t= 121.1s] greedy ep 55 games=  96 dec= 17927 rows= 17096 horizon=0.25 L=0.00478 L/var=0.02 tgt=-0.008/0.470 pstd=0.507 gen=0.1s train=1.9s
[t= 123.3s] greedy ep 56 games=  96 dec= 18561 rows= 17765 horizon=0.28 L=0.00504 L/var=0.02 tgt=-0.036/0.484 pstd=0.500 gen=0.1s train=1.9s
[t= 125.5s] greedy ep 57 games=  96 dec= 18688 rows= 17872 horizon=0.25 L=0.00501 L/var=0.02 tgt=-0.014/0.515 pstd=0.502 gen=0.1s train=2.0s
[t= 127.7s] greedy ep 58 games=  96 dec= 19251 rows= 18414 horizon=0.34 L=0.00451 L/var=0.02 tgt=-0.060/0.493 pstd=0.497 gen=0.1s train=2.0s
[t= 129.9s] greedy ep 59 games=  96 dec= 19596 rows= 18724 horizon=0.36 L=0.00468 L/var=0.02 tgt=-0.050/0.460 pstd=0.505 gen=0.1s train=2.0s
[t= 132.1s] greedy ep 60 games=  96 dec= 18869 rows= 17979 horizon=0.30 L=0.00481 L/var=0.02 tgt=-0.032/0.484 pstd=0.498 gen=0.1s train=1.9s
[t= 134.3s] greedy ep 61 games=  96 dec= 18419 rows= 17673 horizon=0.25 L=0.00418 L/var=0.02 tgt=-0.009/0.517 pstd=0.500 gen=0.1s train=1.9s
[t= 136.5s] greedy ep 62 games=  96 dec= 19032 rows= 18186 horizon=0.32 L=0.00491 L/var=0.02 tgt=-0.036/0.503 pstd=0.499 gen=0.1s train=2.0s
[t= 138.8s] greedy ep 63 games=  96 dec= 19220 rows= 18443 horizon=0.29 L=0.00508 L/var=0.02 tgt=-0.008/0.491 pstd=0.501 gen=0.1s train=2.0s
[t= 141.0s] greedy ep 64 games=  96 dec= 17814 rows= 17050 horizon=0.25 L=0.00429 L/var=0.02 tgt=-0.045/0.519 pstd=0.498 gen=0.1s train=1.9s
[t= 143.2s] greedy ep 65 games=  96 dec= 18244 rows= 17509 horizon=0.28 L=0.00444 L/var=0.02 tgt=-0.026/0.503 pstd=0.493 gen=0.1s train=1.9s
[t= 145.3s] greedy ep 66 games=  96 dec= 18182 rows= 17491 horizon=0.29 L=0.00491 L/var=0.02 tgt=-0.037/0.498 pstd=0.496 gen=0.1s train=1.9s
[t= 147.6s] greedy ep 67 games=  96 dec= 18981 rows= 18182 horizon=0.35 L=0.00418 L/var=0.02 tgt=-0.023/0.511 pstd=0.502 gen=0.1s train=2.0s
[t= 149.8s] greedy ep 68 games=  96 dec= 18200 rows= 17313 horizon=0.25 L=0.00420 L/var=0.02 tgt=-0.016/0.502 pstd=0.502 gen=0.1s train=1.9s
[t= 152.0s] greedy ep 69 games=  96 dec= 18393 rows= 17591 horizon=0.28 L=0.00429 L/var=0.02 tgt=-0.053/0.510 pstd=0.499 gen=0.1s train=2.0s
[t= 154.2s] greedy ep 70 games=  96 dec= 18464 rows= 17707 horizon=0.33 L=0.00476 L/var=0.02 tgt=-0.039/0.486 pstd=0.494 gen=0.1s train=2.0s
[t= 156.3s] greedy ep 71 games=  96 dec= 18120 rows= 17396 horizon=0.26 L=0.00431 L/var=0.02 tgt=-0.031/0.525 pstd=0.504 gen=0.1s train=1.9s
[t= 158.6s] greedy ep 72 games=  96 dec= 19113 rows= 18368 horizon=0.34 L=0.00370 L/var=0.01 tgt=-0.075/0.504 pstd=0.494 gen=0.1s train=2.0s
[t= 160.7s] greedy ep 73 games=  96 dec= 17603 rows= 16838 horizon=0.20 L=0.00442 L/var=0.02 tgt=-0.037/0.525 pstd=0.505 gen=0.1s train=1.8s
[t= 162.8s] greedy ep 74 games=  96 dec= 18477 rows= 17679 horizon=0.27 L=0.00362 L/var=0.01 tgt=-0.065/0.534 pstd=0.502 gen=0.1s train=1.9s
[t= 165.1s] greedy ep 75 games=  96 dec= 19740 rows= 18936 horizon=0.40 L=0.00394 L/var=0.02 tgt=+0.013/0.468 pstd=0.504 gen=0.1s train=2.1s
[t= 167.2s] greedy ep 76 games=  96 dec= 18307 rows= 17464 horizon=0.20 L=0.00446 L/var=0.02 tgt=-0.020/0.496 pstd=0.504 gen=0.1s train=1.9s
[t= 169.4s] greedy ep 77 games=  96 dec= 18119 rows= 17313 horizon=0.25 L=0.00494 L/var=0.02 tgt=-0.031/0.501 pstd=0.495 gen=0.1s train=1.9s
[t= 171.6s] greedy ep 78 games=  96 dec= 18056 rows= 17283 horizon=0.26 L=0.00388 L/var=0.01 tgt=-0.041/0.514 pstd=0.505 gen=0.1s train=1.9s
[t= 173.7s] greedy ep 79 games=  96 dec= 18309 rows= 17527 horizon=0.28 L=0.00453 L/var=0.02 tgt=-0.007/0.493 pstd=0.504 gen=0.1s train=1.9s
[t= 175.9s] greedy ep 80 games=  96 dec= 18361 rows= 17605 horizon=0.29 L=0.00404 L/var=0.02 tgt=-0.024/0.508 pstd=0.501 gen=0.1s train=1.9s
[t= 177.9s] greedy ep 81 games=  96 dec= 17527 rows= 16734 horizon=0.25 L=0.00401 L/var=0.01 tgt=-0.020/0.532 pstd=0.499 gen=0.1s train=1.8s
[t= 180.0s] greedy ep 82 games=  96 dec= 17529 rows= 16756 horizon=0.23 L=0.00412 L/var=0.02 tgt=-0.028/0.509 pstd=0.502 gen=0.1s train=1.8s
[t= 182.0s] greedy ep 83 games=  96 dec= 16779 rows= 15994 horizon=0.18 L=0.00400 L/var=0.01 tgt=-0.021/0.539 pstd=0.498 gen=0.1s train=1.7s
[t= 184.2s] greedy ep 84 games=  96 dec= 19106 rows= 18300 horizon=0.35 L=0.00419 L/var=0.02 tgt=-0.045/0.483 pstd=0.489 gen=0.1s train=2.0s
[t= 186.4s] greedy ep 85 games=  96 dec= 18736 rows= 17960 horizon=0.29 L=0.00437 L/var=0.02 tgt=-0.044/0.501 pstd=0.500 gen=0.1s train=2.0s
[t= 188.5s] greedy ep 86 games=  96 dec= 18107 rows= 17332 horizon=0.26 L=0.00456 L/var=0.02 tgt=-0.020/0.485 pstd=0.496 gen=0.1s train=1.9s
[t= 190.5s] greedy ep 87 games=  96 dec= 17330 rows= 16586 horizon=0.24 L=0.00473 L/var=0.02 tgt=-0.048/0.503 pstd=0.506 gen=0.1s train=1.8s
[t= 192.7s] greedy ep 88 games=  96 dec= 18635 rows= 17758 horizon=0.27 L=0.00468 L/var=0.02 tgt=-0.026/0.514 pstd=0.505 gen=0.1s train=1.9s
[t= 194.7s] greedy ep 89 games=  96 dec= 17378 rows= 16633 horizon=0.24 L=0.00407 L/var=0.01 tgt=-0.051/0.525 pstd=0.504 gen=0.1s train=1.8s
[t= 196.9s] greedy ep 90 games=  96 dec= 18682 rows= 17886 horizon=0.31 L=0.00416 L/var=0.02 tgt=-0.059/0.505 pstd=0.504 gen=0.1s train=1.9s
[t= 199.1s] greedy ep 91 games=  96 dec= 18758 rows= 18046 horizon=0.32 L=0.00400 L/var=0.02 tgt=-0.021/0.471 pstd=0.504 gen=0.1s train=1.9s
[t= 201.3s] greedy ep 92 games=  96 dec= 18910 rows= 18161 horizon=0.30 L=0.00403 L/var=0.02 tgt=-0.051/0.484 pstd=0.492 gen=0.1s train=2.0s
[t= 203.4s] greedy ep 93 games=  96 dec= 18404 rows= 17653 horizon=0.34 L=0.00405 L/var=0.02 tgt=-0.078/0.496 pstd=0.496 gen=0.1s train=1.9s
[t= 205.6s] greedy ep 94 games=  96 dec= 18792 rows= 18006 horizon=0.33 L=0.00408 L/var=0.02 tgt=-0.046/0.481 pstd=0.499 gen=0.1s train=1.9s
[t= 207.6s] greedy ep 95 games=  96 dec= 18762 rows= 17940 horizon=0.24 L=0.00429 L/var=0.02 tgt=-0.044/0.515 pstd=0.501 gen=0.1s train=1.8s
[t= 209.5s] greedy ep 96 games=  96 dec= 17651 rows= 16892 horizon=0.24 L=0.00428 L/var=0.02 tgt=-0.034/0.512 pstd=0.500 gen=0.1s train=1.7s
[t= 211.4s] greedy ep 97 games=  96 dec= 17701 rows= 17006 horizon=0.27 L=0.00394 L/var=0.02 tgt=-0.034/0.509 pstd=0.500 gen=0.1s train=1.7s
[t= 213.4s] greedy ep 98 games=  96 dec= 18691 rows= 17958 horizon=0.35 L=0.00395 L/var=0.02 tgt=-0.032/0.471 pstd=0.500 gen=0.1s train=1.8s
[t= 215.6s] greedy ep 99 games=  96 dec= 19149 rows= 18268 horizon=0.29 L=0.00430 L/var=0.02 tgt=-0.001/0.483 pstd=0.495 gen=0.1s train=1.9s
[t= 217.7s] greedy ep100 games=  96 dec= 17996 rows= 17268 horizon=0.27 L=0.00407 L/var=0.02 tgt=-0.027/0.517 pstd=0.498 gen=0.1s train=1.9s
[t= 219.8s] greedy ep101 games=  96 dec= 17954 rows= 17173 horizon=0.26 L=0.00388 L/var=0.01 tgt=-0.045/0.510 pstd=0.501 gen=0.1s train=1.8s
[t= 221.8s] greedy ep102 games=  96 dec= 17228 rows= 16426 horizon=0.19 L=0.00383 L/var=0.01 tgt=-0.074/0.531 pstd=0.507 gen=0.1s train=1.8s
[t= 223.9s] greedy ep103 games=  96 dec= 17794 rows= 16980 horizon=0.24 L=0.00424 L/var=0.02 tgt=-0.069/0.518 pstd=0.500 gen=0.1s train=1.8s
[t= 226.1s] greedy ep104 games=  96 dec= 18854 rows= 17982 horizon=0.26 L=0.00401 L/var=0.02 tgt=-0.026/0.499 pstd=0.501 gen=0.1s train=2.0s
[t= 228.3s] greedy ep105 games=  96 dec= 18802 rows= 17936 horizon=0.30 L=0.00361 L/var=0.01 tgt=-0.031/0.509 pstd=0.508 gen=0.1s train=1.9s
[t= 230.4s] greedy ep106 games=  96 dec= 18161 rows= 17476 horizon=0.27 L=0.00410 L/var=0.02 tgt=-0.050/0.503 pstd=0.499 gen=0.1s train=1.9s
[t= 232.5s] greedy ep107 games=  96 dec= 17916 rows= 17157 horizon=0.27 L=0.00448 L/var=0.02 tgt=-0.050/0.499 pstd=0.502 gen=0.1s train=1.9s
[t= 234.7s] greedy ep108 games=  96 dec= 18149 rows= 17352 horizon=0.26 L=0.00420 L/var=0.02 tgt=-0.012/0.500 pstd=0.494 gen=0.1s train=1.9s
[t= 236.8s] greedy ep109 games=  96 dec= 18197 rows= 17400 horizon=0.24 L=0.00423 L/var=0.02 tgt=-0.026/0.496 pstd=0.497 gen=0.1s train=1.9s
[t= 238.9s] greedy ep110 games=  96 dec= 17538 rows= 16803 horizon=0.24 L=0.00408 L/var=0.01 tgt=-0.056/0.526 pstd=0.488 gen=0.1s train=1.8s
[t= 241.1s] greedy ep111 games=  96 dec= 19361 rows= 18532 horizon=0.36 L=0.00384 L/var=0.02 tgt=-0.045/0.483 pstd=0.498 gen=0.1s train=2.0s
[t= 243.2s] greedy ep112 games=  96 dec= 18029 rows= 17317 horizon=0.30 L=0.00370 L/var=0.02 tgt=-0.018/0.483 pstd=0.496 gen=0.1s train=1.9s
[t= 245.3s] greedy ep113 games=  96 dec= 18174 rows= 17387 horizon=0.28 L=0.00356 L/var=0.01 tgt=-0.033/0.531 pstd=0.494 gen=0.1s train=1.9s
[t= 247.6s] greedy ep114 games=  96 dec= 19319 rows= 18518 horizon=0.36 L=0.00353 L/var=0.01 tgt=-0.034/0.490 pstd=0.495 gen=0.1s train=2.0s
[t= 249.7s] greedy ep115 games=  96 dec= 17729 rows= 16977 horizon=0.17 L=0.00427 L/var=0.02 tgt=-0.002/0.516 pstd=0.489 gen=0.1s train=1.8s
[t= 251.9s] greedy ep116 games=  96 dec= 18403 rows= 17543 horizon=0.28 L=0.00367 L/var=0.02 tgt=-0.022/0.494 pstd=0.485 gen=0.1s train=1.9s
[t= 253.9s] greedy ep117 games=  96 dec= 17865 rows= 17051 horizon=0.27 L=0.00358 L/var=0.01 tgt=-0.033/0.509 pstd=0.492 gen=0.1s train=1.8s
[t= 256.1s] greedy ep118 games=  96 dec= 18550 rows= 17822 horizon=0.36 L=0.00351 L/var=0.01 tgt=-0.095/0.506 pstd=0.488 gen=0.1s train=1.9s
[t= 258.3s] greedy ep119 games=  96 dec= 18440 rows= 17650 horizon=0.26 L=0.00345 L/var=0.01 tgt=-0.045/0.500 pstd=0.489 gen=0.1s train=1.9s
[t= 260.5s] greedy ep120 games=  96 dec= 18888 rows= 17947 horizon=0.27 L=0.00325 L/var=0.01 tgt=-0.039/0.484 pstd=0.488 gen=0.1s train=1.9s
[t= 262.6s] greedy ep121 games=  96 dec= 18400 rows= 17640 horizon=0.29 L=0.00341 L/var=0.02 tgt=-0.014/0.473 pstd=0.486 gen=0.1s train=1.9s
[t= 264.9s] greedy ep122 games=  96 dec= 19500 rows= 18715 horizon=0.40 L=0.00331 L/var=0.01 tgt=-0.048/0.473 pstd=0.484 gen=0.1s train=2.0s
[t= 267.0s] greedy ep123 games=  96 dec= 18513 rows= 17694 horizon=0.27 L=0.00377 L/var=0.01 tgt=-0.021/0.514 pstd=0.486 gen=0.1s train=1.9s
[t= 269.2s] greedy ep124 games=  96 dec= 18892 rows= 18073 horizon=0.33 L=0.00316 L/var=0.01 tgt=-0.059/0.481 pstd=0.484 gen=0.1s train=2.0s
[t= 271.4s] greedy ep125 games=  96 dec= 18520 rows= 17651 horizon=0.25 L=0.00364 L/var=0.01 tgt=-0.025/0.500 pstd=0.474 gen=0.1s train=1.9s
[t= 273.7s] greedy ep126 games=  96 dec= 19645 rows= 18833 horizon=0.36 L=0.00350 L/var=0.02 tgt=-0.015/0.474 pstd=0.474 gen=0.1s train=2.1s
[t= 275.8s] greedy ep127 games=  96 dec= 17395 rows= 16683 horizon=0.19 L=0.00397 L/var=0.01 tgt=-0.006/0.530 pstd=0.486 gen=0.1s train=1.8s
[t= 278.0s] greedy ep128 games=  96 dec= 19317 rows= 18624 horizon=0.38 L=0.00339 L/var=0.02 tgt=-0.039/0.471 pstd=0.484 gen=0.1s train=2.0s
[t= 280.2s] greedy ep129 games=  96 dec= 18062 rows= 17333 horizon=0.27 L=0.00341 L/var=0.01 tgt=-0.022/0.483 pstd=0.482 gen=0.1s train=1.9s
[t= 282.3s] greedy ep130 games=  96 dec= 17908 rows= 17168 horizon=0.25 L=0.00308 L/var=0.01 tgt=-0.041/0.492 pstd=0.475 gen=0.1s train=1.9s
[t= 284.4s] greedy ep131 games=  96 dec= 17598 rows= 16794 horizon=0.20 L=0.00338 L/var=0.01 tgt=-0.048/0.526 pstd=0.473 gen=0.1s train=1.9s
[t= 286.7s] greedy ep132 games=  96 dec= 18760 rows= 17930 horizon=0.29 L=0.00373 L/var=0.02 tgt=-0.019/0.485 pstd=0.469 gen=0.1s train=2.0s
[t= 288.9s] greedy ep133 games=  96 dec= 18381 rows= 17624 horizon=0.30 L=0.00362 L/var=0.01 tgt=-0.062/0.524 pstd=0.474 gen=0.1s train=2.0s
[t= 291.0s] greedy ep134 games=  96 dec= 17570 rows= 16816 horizon=0.25 L=0.00370 L/var=0.01 tgt=-0.013/0.504 pstd=0.468 gen=0.1s train=1.9s
[t= 293.2s] greedy ep135 games=  96 dec= 17880 rows= 17050 horizon=0.19 L=0.00355 L/var=0.01 tgt=-0.041/0.536 pstd=0.473 gen=0.1s train=1.9s
[t= 295.3s] greedy ep136 games=  96 dec= 17693 rows= 16931 horizon=0.20 L=0.00386 L/var=0.01 tgt=-0.051/0.536 pstd=0.463 gen=0.1s train=1.9s
[t= 297.6s] greedy ep137 games=  96 dec= 18829 rows= 18139 horizon=0.33 L=0.00323 L/var=0.01 tgt=-0.050/0.495 pstd=0.460 gen=0.1s train=2.0s
[t= 299.8s] greedy ep138 games=  96 dec= 18667 rows= 17798 horizon=0.27 L=0.00331 L/var=0.01 tgt=-0.006/0.489 pstd=0.460 gen=0.1s train=2.0s
[t= 302.1s] greedy ep139 games=  96 dec= 19019 rows= 18235 horizon=0.33 L=0.00353 L/var=0.02 tgt=-0.015/0.475 pstd=0.458 gen=0.1s train=2.0s
[t= 302.1s] --- snapshot snap_00.pt (init) ---
[t= 302.2s] --- switching to ReBeL ---
[t= 312.3s] rebel stream solves=9216 raw=907/s balanced=907/s debt=0 rows steps=36 horizon=0.00 games=0 over=0 card=0 drop=0 L=0.01364 L/var=0.13 tgt=+0.013/0.319 cfg/b=45095 prep=0.21s gpu=0.00s conv=0.01s add=0.20s train=1.22s
[t= 322.3s] rebel stream solves=13312 raw=660/s balanced=660/s debt=0 rows steps=52 horizon=0.00 games=0 over=0 card=0 drop=0 L=0.00629 L/var=0.07 tgt=+0.047/0.301 cfg/b=27830 prep=0.09s gpu=0.00s conv=0.00s add=0.10s train=1.34s
[t= 332.4s] rebel stream solves=17408 raw=576/s balanced=576/s debt=0 rows steps=68 horizon=0.00 games=0 over=0 card=0 drop=0 L=0.00534 L/var=0.06 tgt=+0.062/0.294 cfg/b=71777 prep=0.08s gpu=0.00s conv=0.01s add=0.39s train=1.95s
[t= 342.6s] rebel stream solves=24576 raw=608/s balanced=608/s debt=0 rows steps=96 horizon=0.00 games=0 over=0 card=0 drop=0 L=0.00447 L/var=0.05 tgt=+0.083/0.287 cfg/b=83854 prep=0.15s gpu=0.00s conv=0.03s add=0.61s train=1.48s
[t= 352.6s] rebel stream solves=37888 raw=752/s balanced=752/s debt=0 rows steps=148 horizon=0.00 games=0 over=0 card=0 drop=0 L=0.00304 L/var=0.04 tgt=+0.099/0.284 cfg/b=47754 prep=0.45s gpu=0.00s conv=0.01s add=0.32s train=1.91s
[t= 362.6s] rebel stream solves=43008 raw=712/s balanced=712/s debt=0 rows steps=168 horizon=0.00 games=0 over=0 card=0 drop=0 L=0.00238 L/var=0.03 tgt=+0.128/0.278 cfg/b=28555 prep=0.10s gpu=0.00s conv=0.00s add=0.08s train=0.64s
[t= 372.6s] rebel stream solves=46080 raw=654/s balanced=654/s debt=0 rows steps=180 horizon=0.00 games=0 over=0 card=0 drop=0 L=0.00245 L/var=0.03 tgt=+0.135/0.272 cfg/b=32132 prep=0.06s gpu=0.00s conv=0.00s add=0.11s train=0.37s
[t= 382.6s] rebel stream solves=50176 raw=623/s balanced=623/s debt=0 rows steps=196 horizon=0.00 games=0 over=1 card=0 drop=0 L=0.00233 L/var=0.03 tgt=+0.143/0.268 cfg/b=36400 prep=0.07s gpu=0.00s conv=0.00s add=0.12s train=0.49s
[t= 392.7s] rebel stream solves=52224 raw=577/s balanced=577/s debt=0 rows steps=204 horizon=0.00 games=0 over=1 card=0 drop=0 L=0.00221 L/var=0.03 tgt=+0.153/0.265 cfg/b=38909 prep=0.04s gpu=0.00s conv=0.00s add=0.07s train=0.27s
[t= 402.7s] rebel stream solves=54272 raw=540/s balanced=540/s debt=0 rows steps=212 horizon=0.00 games=0 over=1 card=0 drop=0 L=0.00232 L/var=0.03 tgt=+0.149/0.265 cfg/b=38554 prep=0.04s gpu=0.00s conv=0.00s add=0.05s train=0.26s
[t= 412.7s] rebel stream solves=56320 raw=510/s balanced=510/s debt=0 rows steps=220 horizon=0.00 games=0 over=1 card=0 drop=0 L=0.00230 L/var=0.03 tgt=+0.149/0.262 cfg/b=39913 prep=0.04s gpu=0.00s conv=0.01s add=0.14s train=0.25s
[t= 422.7s] rebel stream solves=58368 raw=484/s balanced=484/s debt=0 rows steps=228 horizon=0.00 games=0 over=2 card=0 drop=0 L=0.00205 L/var=0.03 tgt=+0.162/0.254 cfg/b=46608 prep=0.04s gpu=0.00s conv=0.01s add=0.21s train=0.25s
[t= 432.9s] rebel stream solves=61440 raw=470/s balanced=470/s debt=0 rows steps=240 horizon=0.00 games=0 over=2 card=0 drop=0 L=0.00227 L/var=0.04 tgt=+0.176/0.246 cfg/b=55306 prep=0.06s gpu=0.00s conv=0.02s add=0.30s train=0.41s
[t= 442.9s] rebel stream solves=64512 raw=458/s balanced=458/s debt=0 rows steps=252 horizon=0.00 games=0 over=3 card=0 drop=0 L=0.00209 L/var=0.03 tgt=+0.179/0.248 cfg/b=60809 prep=0.07s gpu=0.00s conv=0.01s add=0.22s train=0.42s
[t= 452.9s] rebel stream solves=66560 raw=441/s balanced=441/s debt=0 rows steps=260 horizon=0.00 games=0 over=4 card=0 drop=0 L=0.00214 L/var=0.03 tgt=+0.187/0.248 cfg/b=59807 prep=0.04s gpu=0.00s conv=0.00s add=0.11s train=0.29s
[t= 463.0s] rebel stream solves=68608 raw=427/s balanced=427/s debt=0 rows steps=268 horizon=0.00 games=0 over=5 card=0 drop=0 L=0.00199 L/var=0.03 tgt=+0.185/0.244 cfg/b=62353 prep=0.04s gpu=0.00s conv=0.00s add=0.10s train=0.28s
[t= 473.0s] rebel stream solves=70656 raw=414/s balanced=414/s debt=0 rows steps=276 horizon=0.00 games=0 over=11 card=0 drop=0 L=0.00196 L/var=0.04 tgt=+0.194/0.233 cfg/b=59608 prep=0.04s gpu=0.00s conv=0.00s add=0.11s train=0.27s
[t= 483.0s] rebel stream solves=71680 raw=396/s balanced=396/s debt=0 rows steps=280 horizon=0.00 games=0 over=14 card=0 drop=0 L=0.00193 L/var=0.04 tgt=+0.194/0.224 cfg/b=57339 prep=0.03s gpu=0.00s conv=0.00s add=0.07s train=0.14s
[t= 493.0s] rebel stream solves=73728 raw=386/s balanced=386/s debt=0 rows steps=288 horizon=0.00 games=0 over=18 card=0 drop=0 L=0.00192 L/var=0.04 tgt=+0.188/0.231 cfg/b=53996 prep=0.04s gpu=0.00s conv=0.01s add=0.13s train=0.28s
[t= 503.1s] rebel stream solves=75776 raw=377/s balanced=377/s debt=0 rows steps=296 horizon=0.00 games=0 over=21 card=0 drop=0 L=0.00206 L/var=0.04 tgt=+0.218/0.230 cfg/b=51832 prep=0.05s gpu=0.00s conv=0.00s add=0.11s train=0.28s
[t= 513.1s] rebel stream solves=77824 raw=369/s balanced=369/s debt=0 rows steps=304 horizon=0.00 games=0 over=22 card=0 drop=0 L=0.00222 L/var=0.04 tgt=+0.206/0.226 cfg/b=51857 prep=0.04s gpu=0.00s conv=0.00s add=0.10s train=0.27s
[t= 523.1s] rebel stream solves=79872 raw=361/s balanced=361/s debt=0 rows steps=312 horizon=0.00 games=0 over=25 card=0 drop=0 L=0.00198 L/var=0.03 tgt=+0.204/0.246 cfg/b=47289 prep=0.05s gpu=0.00s conv=0.00s add=0.07s train=0.29s
[t= 533.1s] rebel stream solves=80896 raw=350/s balanced=350/s debt=0 rows steps=316 horizon=0.00 games=0 over=29 card=0 drop=0 L=0.00207 L/var=0.04 tgt=+0.195/0.242 cfg/b=48265 prep=0.02s gpu=0.00s conv=0.00s add=0.03s train=0.14s
[t= 543.2s] rebel stream solves=82944 raw=344/s balanced=344/s debt=0 rows steps=324 horizon=0.00 games=0 over=30 card=1 drop=0 L=0.00182 L/var=0.03 tgt=+0.199/0.243 cfg/b=46345 prep=0.05s gpu=0.00s conv=0.00s add=0.09s train=0.28s
[t= 553.2s] rebel stream solves=82944 raw=330/s balanced=330/s debt=0 rows steps=324 horizon=0.00 games=0 over=30 card=1 drop=0 L=0.00000 L/var=0.00 tgt=+0.000/0.000 cfg/b=0 prep=0.00s gpu=0.00s conv=0.00s add=0.00s train=0.00s
[t= 563.2s] rebel stream solves=83968 raw=322/s balanced=322/s debt=0 rows steps=328 horizon=0.00 games=0 over=37 card=1 drop=0 L=0.00218 L/var=0.04 tgt=+0.185/0.249 cfg/b=47387 prep=0.02s gpu=0.00s conv=0.00s add=0.06s train=0.13s
[t= 573.2s] rebel stream solves=84992 raw=314/s balanced=314/s debt=0 rows steps=332 horizon=0.00 games=0 over=41 card=1 drop=0 L=0.00182 L/var=0.03 tgt=+0.205/0.250 cfg/b=46144 prep=0.02s gpu=0.00s conv=0.00s add=0.06s train=0.15s
[t= 583.2s] rebel stream solves=86016 raw=306/s balanced=306/s debt=0 rows steps=336 horizon=0.00 games=0 over=42 card=1 drop=0 L=0.00202 L/var=0.04 tgt=+0.219/0.225 cfg/b=44609 prep=0.02s gpu=0.00s conv=0.00s add=0.03s train=0.12s
[t= 593.2s] rebel stream solves=87040 raw=299/s balanced=299/s debt=0 rows steps=340 horizon=0.00 games=0 over=52 card=1 drop=0 L=0.00173 L/var=0.03 tgt=+0.204/0.243 cfg/b=46425 prep=0.02s gpu=0.00s conv=0.00s add=0.05s train=0.14s
[t= 603.2s] rebel stream solves=88064 raw=292/s balanced=292/s debt=0 rows steps=344 horizon=0.00 games=0 over=56 card=1 drop=0 L=0.00190 L/var=0.03 tgt=+0.215/0.243 cfg/b=43581 prep=0.02s gpu=0.00s conv=0.00s add=0.05s train=0.14s
[t= 613.4s] rebel stream solves=90112 raw=290/s balanced=290/s debt=0 rows steps=352 horizon=0.00 games=0 over=60 card=1 drop=0 L=0.00182 L/var=0.03 tgt=+0.218/0.235 cfg/b=42296 prep=0.05s gpu=0.00s conv=0.01s add=0.07s train=0.27s
[t= 623.4s] rebel stream solves=90112 raw=280/s balanced=280/s debt=0 rows steps=352 horizon=0.00 games=0 over=60 card=1 drop=0 L=0.00000 L/var=0.00 tgt=+0.000/0.000 cfg/b=0 prep=0.00s gpu=0.00s conv=0.00s add=0.00s train=0.00s
[t= 633.5s] rebel stream solves=91136 raw=275/s balanced=275/s debt=0 rows steps=356 horizon=0.00 games=0 over=72 card=2 drop=0 L=0.00172 L/var=0.03 tgt=+0.221/0.235 cfg/b=41361 prep=0.02s gpu=0.00s conv=0.00s add=0.04s train=0.13s
[t= 643.5s] rebel stream solves=92160 raw=270/s balanced=270/s debt=0 rows steps=360 horizon=0.00 games=0 over=81 card=2 drop=0 L=0.00190 L/var=0.03 tgt=+0.219/0.235 cfg/b=41912 prep=0.02s gpu=0.00s conv=0.00s add=0.04s train=0.14s
[t= 653.5s] rebel stream solves=93184 raw=265/s balanced=265/s debt=0 rows steps=364 horizon=0.00 games=0 over=84 card=2 drop=0 L=0.00178 L/var=0.03 tgt=+0.225/0.230 cfg/b=41040 prep=0.03s gpu=0.00s conv=0.00s add=0.03s train=0.14s
[t= 662.2s] --- snapshot snap_01.pt (s1) ---
[t= 663.6s] rebel stream solves=94208 raw=261/s balanced=261/s debt=0 rows steps=368 horizon=0.00 games=0 over=87 card=2 drop=0 L=0.00180 L/var=0.03 tgt=+0.228/0.244 cfg/b=40549 prep=0.03s gpu=0.00s conv=0.00s add=0.04s train=0.16s
[t= 673.6s] rebel stream solves=94208 raw=254/s balanced=254/s debt=0 rows steps=368 horizon=0.00 games=0 over=87 card=2 drop=0 L=0.00000 L/var=0.00 tgt=+0.000/0.000 cfg/b=0 prep=0.00s gpu=0.00s conv=0.00s add=0.00s train=0.00s
[t= 683.6s] rebel stream solves=95232 raw=250/s balanced=250/s debt=0 rows steps=372 horizon=0.00 games=0 over=100 card=2 drop=0 L=0.00182 L/var=0.04 tgt=+0.229/0.213 cfg/b=41024 prep=0.03s gpu=0.00s conv=0.00s add=0.05s train=0.15s
[t= 693.6s] rebel stream solves=95232 raw=243/s balanced=243/s debt=0 rows steps=372 horizon=0.00 games=0 over=100 card=2 drop=0 L=0.00000 L/var=0.00 tgt=+0.000/0.000 cfg/b=0 prep=0.00s gpu=0.00s conv=0.00s add=0.00s train=0.00s
[t= 703.7s] rebel stream solves=96256 raw=240/s balanced=240/s debt=0 rows steps=376 horizon=0.00 games=0 over=112 card=2 drop=0 L=0.00163 L/var=0.03 tgt=+0.219/0.226 cfg/b=40575 prep=0.02s gpu=0.00s conv=0.00s add=0.05s train=0.12s
[t= 713.7s] rebel stream solves=97280 raw=236/s balanced=236/s debt=0 rows steps=380 horizon=0.00 games=0 over=115 card=2 drop=0 L=0.00187 L/var=0.03 tgt=+0.224/0.245 cfg/b=41128 prep=0.02s gpu=0.00s conv=0.00s add=0.06s train=0.13s
[t= 723.7s] rebel stream solves=98304 raw=233/s balanced=233/s debt=0 rows steps=384 horizon=0.00 games=0 over=121 card=2 drop=0 L=0.00167 L/var=0.03 tgt=+0.239/0.222 cfg/b=42034 prep=0.02s gpu=0.00s conv=0.00s add=0.07s train=0.12s
[t= 733.7s] rebel stream solves=99328 raw=230/s balanced=230/s debt=0 rows steps=388 horizon=0.00 games=0 over=127 card=2 drop=0 L=0.00159 L/var=0.03 tgt=+0.221/0.232 cfg/b=41887 prep=0.02s gpu=0.00s conv=0.00s add=0.08s train=0.12s
[t= 743.7s] rebel stream solves=99328 raw=225/s balanced=225/s debt=0 rows steps=388 horizon=0.00 games=0 over=127 card=2 drop=0 L=0.00000 L/var=0.00 tgt=+0.000/0.000 cfg/b=0 prep=0.00s gpu=0.00s conv=0.00s add=0.00s train=0.00s
[t= 753.8s] rebel stream solves=100352 raw=222/s balanced=222/s debt=0 rows steps=392 horizon=0.00 games=0 over=137 card=2 drop=0 L=0.00174 L/var=0.04 tgt=+0.245/0.212 cfg/b=42156 prep=0.02s gpu=0.00s conv=0.01s add=0.07s train=0.14s
[t= 763.8s] rebel stream solves=101376 raw=220/s balanced=220/s debt=0 rows steps=396 horizon=0.00 games=0 over=140 card=2 drop=0 L=0.00175 L/var=0.04 tgt=+0.241/0.222 cfg/b=43056 prep=0.02s gpu=0.00s conv=0.00s add=0.06s train=0.12s
[t= 773.8s] rebel stream solves=101376 raw=215/s balanced=215/s debt=0 rows steps=396 horizon=0.00 games=0 over=140 card=2 drop=0 L=0.00000 L/var=0.00 tgt=+0.000/0.000 cfg/b=0 prep=0.00s gpu=0.00s conv=0.00s add=0.00s train=0.00s
[t= 783.8s] rebel stream solves=102400 raw=213/s balanced=213/s debt=0 rows steps=400 horizon=0.00 games=0 over=148 card=3 drop=0 L=0.00173 L/var=0.03 tgt=+0.234/0.230 cfg/b=43363 prep=0.01s gpu=0.00s conv=0.00s add=0.06s train=0.12s
[t= 793.9s] rebel stream solves=103424 raw=210/s balanced=210/s debt=0 rows steps=404 horizon=0.00 games=0 over=157 card=3 drop=0 L=0.00182 L/var=0.04 tgt=+0.260/0.214 cfg/b=45573 prep=0.03s gpu=0.00s conv=0.00s add=0.06s train=0.14s
[t= 797.2s] --- lr -> 5.00e-04 ---
[t= 803.9s] rebel stream solves=104448 raw=208/s balanced=208/s debt=0 rows steps=408 horizon=0.00 games=0 over=163 card=3 drop=0 L=0.00175 L/var=0.04 tgt=+0.236/0.211 cfg/b=42988 prep=0.02s gpu=0.00s conv=0.00s add=0.04s train=0.14s
[t= 813.9s] rebel stream solves=104448 raw=204/s balanced=204/s debt=0 rows steps=408 horizon=0.00 games=0 over=163 card=3 drop=0 L=0.00000 L/var=0.00 tgt=+0.000/0.000 cfg/b=0 prep=0.00s gpu=0.00s conv=0.00s add=0.00s train=0.00s
[t= 823.9s] rebel stream solves=105472 raw=202/s balanced=202/s debt=0 rows steps=412 horizon=0.00 games=0 over=173 card=3 drop=0 L=0.00182 L/var=0.03 tgt=+0.251/0.228 cfg/b=45632 prep=0.02s gpu=0.00s conv=0.00s add=0.05s train=0.14s
[t= 835.5s] rebel stream solves=106496 raw=200/s balanced=200/s debt=0 rows steps=416 horizon=0.00 games=0 over=185 card=3 drop=0 L=0.00145 L/var=0.03 tgt=+0.246/0.230 cfg/b=44550 prep=0.02s gpu=0.00s conv=0.00s add=0.05s train=0.14s
[t= 845.5s] rebel stream solves=107520 raw=198/s balanced=198/s debt=0 rows steps=420 horizon=0.00 games=0 over=188 card=3 drop=0 L=0.00152 L/var=0.03 tgt=+0.249/0.219 cfg/b=44935 prep=0.04s gpu=0.00s conv=0.00s add=0.04s train=0.15s
[t= 855.5s] rebel stream solves=107520 raw=194/s balanced=194/s debt=0 rows steps=420 horizon=0.00 games=0 over=188 card=3 drop=0 L=0.00000 L/var=0.00 tgt=+0.000/0.000 cfg/b=0 prep=0.00s gpu=0.00s conv=0.00s add=0.00s train=0.00s
[t= 865.6s] rebel stream solves=108544 raw=193/s balanced=193/s debt=0 rows steps=424 horizon=0.00 games=1 over=197 card=3 drop=0 L=0.00148 L/var=0.04 tgt=+0.255/0.205 cfg/b=43390 prep=0.02s gpu=0.00s conv=0.00s add=0.04s train=0.13s
[t= 875.6s] rebel stream solves=108544 raw=189/s balanced=189/s debt=0 rows steps=424 horizon=0.00 games=0 over=197 card=3 drop=0 L=0.00000 L/var=0.00 tgt=+0.000/0.000 cfg/b=0 prep=0.00s gpu=0.00s conv=0.00s add=0.00s train=0.00s
[t= 885.6s] rebel stream solves=109568 raw=188/s balanced=188/s debt=0 rows steps=428 horizon=0.00 games=0 over=209 card=3 drop=0 L=0.00146 L/var=0.03 tgt=+0.247/0.205 cfg/b=43332 prep=0.04s gpu=0.00s conv=0.00s add=0.06s train=0.16s
[t= 895.6s] rebel stream solves=110592 raw=186/s balanced=186/s debt=0 rows steps=432 horizon=0.00 games=0 over=212 card=3 drop=0 L=0.00134 L/var=0.03 tgt=+0.256/0.214 cfg/b=45274 prep=0.02s gpu=0.00s conv=0.00s add=0.06s train=0.14s
[t= 905.6s] rebel stream solves=110592 raw=183/s balanced=183/s debt=0 rows steps=432 horizon=0.00 games=0 over=212 card=3 drop=0 L=0.00000 L/var=0.00 tgt=+0.000/0.000 cfg/b=0 prep=0.00s gpu=0.00s conv=0.00s add=0.00s train=0.00s
[t= 915.7s] rebel stream solves=111616 raw=182/s balanced=182/s debt=0 rows steps=436 horizon=0.00 games=0 over=220 card=4 drop=0 L=0.00132 L/var=0.03 tgt=+0.270/0.210 cfg/b=43801 prep=0.02s gpu=0.00s conv=0.00s add=0.08s train=0.14s
[t= 925.7s] rebel stream solves=111616 raw=179/s balanced=179/s debt=0 rows steps=436 horizon=0.00 games=0 over=220 card=4 drop=0 L=0.00000 L/var=0.00 tgt=+0.000/0.000 cfg/b=0 prep=0.00s gpu=0.00s conv=0.00s add=0.00s train=0.00s
[t= 935.7s] rebel stream solves=112640 raw=178/s balanced=178/s debt=0 rows steps=440 horizon=0.00 games=0 over=236 card=4 drop=0 L=0.00134 L/var=0.03 tgt=+0.257/0.204 cfg/b=47062 prep=0.02s gpu=0.00s conv=0.00s add=0.07s train=0.15s
[t= 945.7s] rebel stream solves=112640 raw=175/s balanced=175/s debt=0 rows steps=440 horizon=0.00 games=0 over=236 card=4 drop=0 L=0.00000 L/var=0.00 tgt=+0.000/0.000 cfg/b=0 prep=0.00s gpu=0.00s conv=0.00s add=0.00s train=0.00s
[t= 955.8s] rebel stream solves=113664 raw=174/s balanced=174/s debt=0 rows steps=444 horizon=0.00 games=0 over=246 card=4 drop=0 L=0.00138 L/var=0.04 tgt=+0.258/0.189 cfg/b=47828 prep=0.02s gpu=0.00s conv=0.00s add=0.08s train=0.14s
[t= 965.8s] rebel stream solves=114688 raw=173/s balanced=173/s debt=0 rows steps=448 horizon=0.00 games=0 over=246 card=4 drop=0 L=0.00138 L/var=0.04 tgt=+0.261/0.195 cfg/b=46450 prep=0.02s gpu=0.00s conv=0.00s add=0.07s train=0.13s
[t= 975.8s] rebel stream solves=115712 raw=172/s balanced=172/s debt=0 rows steps=452 horizon=0.00 games=0 over=254 card=4 drop=0 L=0.00132 L/var=0.03 tgt=+0.251/0.212 cfg/b=47764 prep=0.02s gpu=0.00s conv=0.00s add=0.07s train=0.13s
[t= 985.8s] rebel stream solves=115712 raw=169/s balanced=169/s debt=0 rows steps=452 horizon=0.00 games=0 over=254 card=4 drop=0 L=0.00000 L/var=0.00 tgt=+0.000/0.000 cfg/b=0 prep=0.00s gpu=0.00s conv=0.00s add=0.00s train=0.00s
[t= 995.8s] rebel stream solves=116736 raw=168/s balanced=168/s debt=0 rows steps=456 horizon=0.00 games=0 over=271 card=4 drop=0 L=0.00133 L/var=0.03 tgt=+0.257/0.204 cfg/b=46539 prep=0.02s gpu=0.00s conv=0.00s add=0.06s train=0.13s
[t=1005.9s] rebel stream solves=117760 raw=167/s balanced=167/s debt=0 rows steps=460 horizon=0.00 games=1 over=277 card=4 drop=0 L=0.00129 L/var=0.03 tgt=+0.271/0.193 cfg/b=47750 prep=0.02s gpu=0.00s conv=0.00s add=0.05s train=0.15s
[t=1015.9s] rebel stream solves=117760 raw=165/s balanced=165/s debt=0 rows steps=460 horizon=0.00 games=0 over=277 card=4 drop=0 L=0.00000 L/var=0.00 tgt=+0.000/0.000 cfg/b=0 prep=0.00s gpu=0.00s conv=0.00s add=0.00s train=0.00s
[t=1022.2s] --- snapshot snap_02.pt (s2) ---
[t=1027.4s] rebel stream solves=118784 raw=164/s balanced=164/s debt=0 rows steps=464 horizon=0.00 games=2 over=289 card=5 drop=0 L=0.00136 L/var=0.04 tgt=+0.265/0.193 cfg/b=46542 prep=0.02s gpu=0.00s conv=0.00s add=0.05s train=0.14s
[t=1037.5s] rebel stream solves=118784 raw=162/s balanced=162/s debt=0 rows steps=464 horizon=0.00 games=0 over=289 card=5 drop=0 L=0.00000 L/var=0.00 tgt=+0.000/0.000 cfg/b=0 prep=0.00s gpu=0.00s conv=0.00s add=0.00s train=0.00s
[t=1047.5s] rebel stream solves=119808 raw=161/s balanced=161/s debt=0 rows steps=468 horizon=0.00 games=0 over=306 card=5 drop=0 L=0.00148 L/var=0.04 tgt=+0.266/0.192 cfg/b=50798 prep=0.03s gpu=0.00s conv=0.00s add=0.06s train=0.15s
[t=1057.5s] rebel stream solves=119808 raw=159/s balanced=159/s debt=0 rows steps=468 horizon=0.00 games=0 over=306 card=5 drop=0 L=0.00000 L/var=0.00 tgt=+0.000/0.000 cfg/b=0 prep=0.00s gpu=0.00s conv=0.00s add=0.00s train=0.00s
[t=1067.5s] rebel stream solves=120832 raw=158/s balanced=158/s debt=0 rows steps=472 horizon=0.00 games=0 over=314 card=6 drop=0 L=0.00125 L/var=0.03 tgt=+0.252/0.210 cfg/b=47210 prep=0.04s gpu=0.00s conv=0.00s add=0.05s train=0.17s
[t=1077.5s] rebel stream solves=120832 raw=156/s balanced=156/s debt=0 rows steps=472 horizon=0.00 games=0 over=314 card=6 drop=0 L=0.00000 L/var=0.00 tgt=+0.000/0.000 cfg/b=0 prep=0.00s gpu=0.00s conv=0.00s add=0.00s train=0.00s
[t=1087.5s] rebel stream solves=121856 raw=155/s balanced=155/s debt=0 rows steps=476 horizon=0.00 games=0 over=334 card=6 drop=0 L=0.00117 L/var=0.03 tgt=+0.273/0.200 cfg/b=44934 prep=0.02s gpu=0.00s conv=0.00s add=0.06s train=0.14s
[t=1097.6s] rebel stream solves=121856 raw=153/s balanced=153/s debt=0 rows steps=476 horizon=0.00 games=0 over=334 card=6 drop=0 L=0.00000 L/var=0.00 tgt=+0.000/0.000 cfg/b=0 prep=0.00s gpu=0.00s conv=0.00s add=0.00s train=0.00s
[t=1107.6s] rebel stream solves=122880 raw=153/s balanced=153/s debt=0 rows steps=480 horizon=0.00 games=0 over=351 card=6 drop=0 L=0.00112 L/var=0.03 tgt=+0.273/0.198 cfg/b=46778 prep=0.02s gpu=0.00s conv=0.00s add=0.08s train=0.14s
[t=1117.6s] rebel stream solves=123904 raw=152/s balanced=152/s debt=0 rows steps=484 horizon=0.00 games=0 over=353 card=6 drop=0 L=0.00116 L/var=0.03 tgt=+0.254/0.197 cfg/b=47961 prep=0.02s gpu=0.00s conv=0.00s add=0.06s train=0.14s
[t=1127.6s] rebel stream solves=123904 raw=150/s balanced=150/s debt=0 rows steps=484 horizon=0.00 games=0 over=353 card=6 drop=0 L=0.00000 L/var=0.00 tgt=+0.000/0.000 cfg/b=0 prep=0.00s gpu=0.00s conv=0.00s add=0.00s train=0.00s
[t=1137.6s] rebel stream solves=124928 raw=150/s balanced=150/s debt=0 rows steps=488 horizon=0.00 games=0 over=371 card=7 drop=0 L=0.00130 L/var=0.03 tgt=+0.270/0.198 cfg/b=48317 prep=0.02s gpu=0.00s conv=0.00s add=0.06s train=0.15s
[t=1147.7s] rebel stream solves=124928 raw=148/s balanced=148/s debt=0 rows steps=488 horizon=0.00 games=0 over=371 card=7 drop=0 L=0.00000 L/var=0.00 tgt=+0.000/0.000 cfg/b=0 prep=0.00s gpu=0.00s conv=0.00s add=0.00s train=0.00s
[t=1157.7s] rebel stream solves=125952 raw=147/s balanced=147/s debt=0 rows steps=492 horizon=0.00 games=0 over=384 card=7 drop=0 L=0.00121 L/var=0.03 tgt=+0.292/0.189 cfg/b=45381 prep=0.02s gpu=0.00s conv=0.00s add=0.07s train=0.15s
[t=1167.7s] rebel stream solves=125952 raw=146/s balanced=146/s debt=0 rows steps=492 horizon=0.00 games=0 over=384 card=7 drop=0 L=0.00000 L/var=0.00 tgt=+0.000/0.000 cfg/b=0 prep=0.00s gpu=0.00s conv=0.00s add=0.00s train=0.00s
[t=1177.8s] rebel stream solves=126976 raw=145/s balanced=145/s debt=0 rows steps=496 horizon=0.00 games=1 over=394 card=7 drop=0 L=0.00119 L/var=0.03 tgt=+0.269/0.192 cfg/b=45934 prep=0.02s gpu=0.00s conv=0.00s add=0.06s train=0.13s
[t=1187.8s] rebel stream solves=126976 raw=143/s balanced=143/s debt=0 rows steps=496 horizon=0.00 games=0 over=394 card=7 drop=0 L=0.00000 L/var=0.00 tgt=+0.000/0.000 cfg/b=0 prep=0.00s gpu=0.00s conv=0.00s add=0.00s train=0.00s
[t=1197.8s] rebel stream solves=128000 raw=143/s balanced=143/s debt=0 rows steps=500 horizon=0.00 games=1 over=402 card=8 drop=0 L=0.00136 L/var=0.04 tgt=+0.275/0.196 cfg/b=46931 prep=0.01s gpu=0.00s conv=0.00s add=0.07s train=0.12s
[t=1207.8s] rebel stream solves=129024 raw=142/s balanced=142/s debt=0 rows steps=504 horizon=0.00 games=0 over=410 card=9 drop=0 L=0.00125 L/var=0.03 tgt=+0.289/0.191 cfg/b=49285 prep=0.02s gpu=0.00s conv=0.00s add=0.07s train=0.14s
[t=1217.8s] rebel stream solves=129024 raw=141/s balanced=141/s debt=0 rows steps=504 horizon=0.00 games=0 over=410 card=9 drop=0 L=0.00000 L/var=0.00 tgt=+0.000/0.000 cfg/b=0 prep=0.00s gpu=0.00s conv=0.00s add=0.00s train=0.00s
[t=1227.8s] rebel stream solves=130048 raw=140/s balanced=140/s debt=0 rows steps=508 horizon=0.00 games=1 over=422 card=10 drop=0 L=0.00118 L/var=0.03 tgt=+0.245/0.193 cfg/b=48430 prep=0.02s gpu=0.00s conv=0.00s add=0.06s train=0.14s
[t=1237.9s] rebel stream solves=130048 raw=139/s balanced=139/s debt=0 rows steps=508 horizon=0.00 games=0 over=422 card=10 drop=0 L=0.00000 L/var=0.00 tgt=+0.000/0.000 cfg/b=0 prep=0.00s gpu=0.00s conv=0.00s add=0.00s train=0.00s
[t=1247.9s] rebel stream solves=131072 raw=139/s balanced=139/s debt=0 rows steps=512 horizon=0.00 games=2 over=437 card=11 drop=0 L=0.00110 L/var=0.03 tgt=+0.290/0.186 cfg/b=49596 prep=0.02s gpu=0.00s conv=0.00s add=0.06s train=0.14s
[t=1257.9s] rebel stream solves=131072 raw=137/s balanced=137/s debt=0 rows steps=512 horizon=0.00 games=0 over=437 card=11 drop=0 L=0.00000 L/var=0.00 tgt=+0.000/0.000 cfg/b=0 prep=0.00s gpu=0.00s conv=0.00s add=0.00s train=0.00s
[t=1267.9s] rebel stream solves=132096 raw=137/s balanced=137/s debt=0 rows steps=516 horizon=0.00 games=0 over=450 card=11 drop=0 L=0.00128 L/var=0.03 tgt=+0.269/0.198 cfg/b=48348 prep=0.02s gpu=0.00s conv=0.00s add=0.06s train=0.13s
[t=1277.9s] rebel stream solves=132096 raw=135/s balanced=135/s debt=0 rows steps=516 horizon=0.00 games=0 over=450 card=11 drop=0 L=0.00000 L/var=0.00 tgt=+0.000/0.000 cfg/b=0 prep=0.00s gpu=0.00s conv=0.00s add=0.00s train=0.00s
[t=1288.0s] rebel stream solves=133120 raw=135/s balanced=135/s debt=0 rows steps=520 horizon=0.00 games=0 over=465 card=11 drop=0 L=0.00131 L/var=0.04 tgt=+0.296/0.188 cfg/b=47823 prep=0.03s gpu=0.00s conv=0.00s add=0.04s train=0.17s
[t=1298.0s] rebel stream solves=133120 raw=134/s balanced=134/s debt=0 rows steps=520 horizon=0.00 games=0 over=465 card=11 drop=0 L=0.00000 L/var=0.00 tgt=+0.000/0.000 cfg/b=0 prep=0.00s gpu=0.00s conv=0.00s add=0.00s train=0.00s
[t=1307.2s] --- lr -> 2.50e-04 ---
[t=1308.0s] rebel stream solves=134144 raw=133/s balanced=133/s debt=0 rows steps=524 horizon=0.00 games=0 over=477 card=11 drop=0 L=0.00114 L/var=0.03 tgt=+0.264/0.195 cfg/b=47099 prep=0.02s gpu=0.00s conv=0.00s add=0.05s train=0.14s
[t=1318.0s] rebel stream solves=135168 raw=133/s balanced=133/s debt=0 rows steps=528 horizon=0.00 games=0 over=491 card=11 drop=0 L=0.00113 L/var=0.03 tgt=+0.286/0.184 cfg/b=46167 prep=0.02s gpu=0.00s conv=0.00s add=0.05s train=0.16s
[t=1328.1s] rebel stream solves=135168 raw=132/s balanced=132/s debt=0 rows steps=528 horizon=0.00 games=0 over=491 card=11 drop=0 L=0.00000 L/var=0.00 tgt=+0.000/0.000 cfg/b=0 prep=0.00s gpu=0.00s conv=0.00s add=0.00s train=0.00s
[t=1338.1s] rebel stream solves=136192 raw=131/s balanced=131/s debt=0 rows steps=532 horizon=0.00 games=1 over=502 card=11 drop=0 L=0.00130 L/var=0.03 tgt=+0.285/0.201 cfg/b=45876 prep=0.03s gpu=0.00s conv=0.00s add=0.06s train=0.14s
[t=1348.1s] rebel stream solves=137216 raw=131/s balanced=131/s debt=0 rows steps=536 horizon=0.00 games=2 over=511 card=11 drop=0 L=0.00101 L/var=0.03 tgt=+0.287/0.184 cfg/b=45328 prep=0.02s gpu=0.00s conv=0.00s add=0.05s train=0.14s
[t=1358.2s] rebel stream solves=137216 raw=130/s balanced=130/s debt=0 rows steps=536 horizon=0.00 games=0 over=511 card=11 drop=0 L=0.00000 L/var=0.00 tgt=+0.000/0.000 cfg/b=0 prep=0.00s gpu=0.00s conv=0.00s add=0.00s train=0.00s
[t=1368.2s] rebel stream solves=137216 raw=129/s balanced=129/s debt=0 rows steps=536 horizon=0.00 games=0 over=511 card=11 drop=0 L=0.00000 L/var=0.00 tgt=+0.000/0.000 cfg/b=0 prep=0.00s gpu=0.00s conv=0.00s add=0.00s train=0.00s
[t=1378.2s] rebel stream solves=138240 raw=128/s balanced=128/s debt=0 rows steps=540 horizon=0.00 games=0 over=526 card=11 drop=0 L=0.00108 L/var=0.03 tgt=+0.295/0.196 cfg/b=47153 prep=0.02s gpu=0.00s conv=0.00s add=0.05s train=0.14s
[t=1382.3s] --- snapshot snap_03.pt (s3) ---
[t=1388.2s] rebel stream solves=138240 raw=127/s balanced=127/s debt=0 rows steps=540 horizon=0.00 games=0 over=526 card=11 drop=0 L=0.00000 L/var=0.00 tgt=+0.000/0.000 cfg/b=0 prep=0.00s gpu=0.00s conv=0.00s add=0.00s train=0.00s
[t=1398.2s] rebel stream solves=139264 raw=127/s balanced=127/s debt=0 rows steps=544 horizon=0.00 games=0 over=535 card=11 drop=0 L=0.00120 L/var=0.03 tgt=+0.281/0.196 cfg/b=46684 prep=0.02s gpu=0.00s conv=0.00s add=0.03s train=0.15s
[t=1408.3s] rebel stream solves=139264 raw=126/s balanced=126/s debt=0 rows steps=544 horizon=0.00 games=0 over=535 card=11 drop=0 L=0.00000 L/var=0.00 tgt=+0.000/0.000 cfg/b=0 prep=0.00s gpu=0.00s conv=0.00s add=0.00s train=0.00s
[t=1418.3s] rebel stream solves=140288 raw=126/s balanced=126/s debt=0 rows steps=548 horizon=0.00 games=0 over=555 card=11 drop=0 L=0.00121 L/var=0.04 tgt=+0.288/0.181 cfg/b=44797 prep=0.03s gpu=0.00s conv=0.00s add=0.06s train=0.15s
[t=1428.3s] rebel stream solves=140288 raw=125/s balanced=125/s debt=0 rows steps=548 horizon=0.00 games=0 over=555 card=11 drop=0 L=0.00000 L/var=0.00 tgt=+0.000/0.000 cfg/b=0 prep=0.00s gpu=0.00s conv=0.00s add=0.00s train=0.00s
[t=1438.3s] rebel stream solves=141312 raw=124/s balanced=124/s debt=0 rows steps=552 horizon=0.00 games=0 over=569 card=11 drop=0 L=0.00122 L/var=0.03 tgt=+0.304/0.194 cfg/b=45896 prep=0.02s gpu=0.00s conv=0.00s add=0.06s train=0.14s
[t=1448.4s] rebel stream solves=142336 raw=124/s balanced=124/s debt=0 rows steps=556 horizon=0.00 games=0 over=581 card=11 drop=0 L=0.00116 L/var=0.03 tgt=+0.266/0.205 cfg/b=46623 prep=0.02s gpu=0.00s conv=0.00s add=0.05s train=0.15s
[t=1458.4s] rebel stream solves=142336 raw=123/s balanced=123/s debt=0 rows steps=556 horizon=0.00 games=0 over=581 card=11 drop=0 L=0.00000 L/var=0.00 tgt=+0.000/0.000 cfg/b=0 prep=0.00s gpu=0.00s conv=0.00s add=0.00s train=0.00s
[t=1468.4s] rebel stream solves=143360 raw=123/s balanced=123/s debt=0 rows steps=560 horizon=0.00 games=1 over=591 card=11 drop=0 L=0.00108 L/var=0.03 tgt=+0.281/0.179 cfg/b=44611 prep=0.02s gpu=0.00s conv=0.00s add=0.06s train=0.16s
