[train] runs/value_v4_public_warm at d47dc82+dirty seed=1 {'minutes': 10.0, 'warm_minutes': 3.0, 'snapshot_every': 4.0, 'ladder_games': 40, 'seed': 1, 'note': 'public-only warm-up; private couplings open from zero at ReBeL transition'}
[train] public-only warm-up; private couplings open from zero at ReBeL transition
[cpu] pinned to 36 physical cores
[train] CUDA stream priority -1
[gpu] solve services up on [0, 1]
[cfg] PUBFEAT=897 CFEAT=15 architecture=v4 depth=2 iters=64 budget=600s warm=180s snapshot_every=4min device=cuda:1 draft=random train_gen_ratio=4.0 recent_mix=0.5/0.2 canonical_views=2 cap=2000000 matmul=high
[t=   2.7s] greedy ep  0 games=  96 dec= 18968 rows= 18118 horizon=0.30 L=0.03173 L/var=0.14 tgt=-0.023/0.482 pstd=0.503 gen=0.1s train=2.5s
[t=   4.8s] greedy ep  1 games=  96 dec= 18844 rows= 18051 horizon=0.33 L=0.02759 L/var=0.11 tgt=-0.058/0.494 pstd=0.496 gen=0.1s train=1.9s
[t=   6.8s] greedy ep  2 games=  96 dec= 18181 rows= 17414 horizon=0.27 L=0.01873 L/var=0.07 tgt=-0.025/0.512 pstd=0.494 gen=0.1s train=1.8s
[t=   8.7s] greedy ep  3 games=  96 dec= 17989 rows= 17120 horizon=0.26 L=0.01810 L/var=0.07 tgt=-0.029/0.495 pstd=0.505 gen=0.1s train=1.7s
[t=  10.8s] greedy ep  4 games=  96 dec= 18823 rows= 18078 horizon=0.29 L=0.01564 L/var=0.07 tgt=-0.022/0.471 pstd=0.499 gen=0.1s train=1.9s
[t=  12.9s] greedy ep  5 games=  96 dec= 18924 rows= 18146 horizon=0.33 L=0.01230 L/var=0.05 tgt=-0.029/0.496 pstd=0.508 gen=0.1s train=1.9s
[t=  14.8s] greedy ep  6 games=  96 dec= 17615 rows= 16921 horizon=0.26 L=0.01208 L/var=0.05 tgt=-0.041/0.511 pstd=0.507 gen=0.1s train=1.7s
[t=  16.9s] greedy ep  7 games=  96 dec= 18608 rows= 17786 horizon=0.36 L=0.01112 L/var=0.05 tgt=-0.065/0.495 pstd=0.490 gen=0.1s train=1.8s
[t=  19.0s] greedy ep  8 games=  96 dec= 19040 rows= 18296 horizon=0.36 L=0.00987 L/var=0.04 tgt=-0.019/0.484 pstd=0.508 gen=0.1s train=1.9s
[t=  21.0s] greedy ep  9 games=  96 dec= 18200 rows= 17459 horizon=0.27 L=0.00892 L/var=0.03 tgt=-0.034/0.513 pstd=0.499 gen=0.1s train=1.8s
[t=  22.9s] greedy ep 10 games=  96 dec= 17927 rows= 17200 horizon=0.24 L=0.00929 L/var=0.03 tgt=-0.036/0.524 pstd=0.500 gen=0.1s train=1.8s
[t=  24.9s] greedy ep 11 games=  96 dec= 17941 rows= 17162 horizon=0.28 L=0.00819 L/var=0.04 tgt=-0.044/0.477 pstd=0.506 gen=0.1s train=1.8s
[t=  26.8s] greedy ep 12 games=  96 dec= 17384 rows= 16648 horizon=0.25 L=0.00952 L/var=0.04 tgt=-0.023/0.503 pstd=0.496 gen=0.1s train=1.7s
[t=  28.8s] greedy ep 13 games=  96 dec= 18153 rows= 17377 horizon=0.28 L=0.00797 L/var=0.03 tgt=-0.027/0.502 pstd=0.502 gen=0.1s train=1.8s
[t=  30.8s] greedy ep 14 games=  96 dec= 18097 rows= 17377 horizon=0.26 L=0.00798 L/var=0.03 tgt=-0.037/0.511 pstd=0.503 gen=0.1s train=1.8s
[t=  32.8s] greedy ep 15 games=  96 dec= 18356 rows= 17581 horizon=0.30 L=0.00715 L/var=0.03 tgt=-0.023/0.496 pstd=0.502 gen=0.1s train=1.8s
[t=  34.9s] greedy ep 16 games=  96 dec= 19141 rows= 18328 horizon=0.32 L=0.00629 L/var=0.03 tgt=+0.010/0.479 pstd=0.503 gen=0.1s train=1.9s
[t=  36.9s] greedy ep 17 games=  96 dec= 18885 rows= 18173 horizon=0.30 L=0.00622 L/var=0.02 tgt=-0.054/0.508 pstd=0.507 gen=0.1s train=1.8s
[t=  38.8s] greedy ep 18 games=  96 dec= 17886 rows= 17103 horizon=0.25 L=0.00805 L/var=0.03 tgt=-0.021/0.507 pstd=0.497 gen=0.1s train=1.7s
[t=  40.7s] greedy ep 19 games=  96 dec= 17738 rows= 16961 horizon=0.23 L=0.00812 L/var=0.03 tgt=-0.065/0.530 pstd=0.506 gen=0.1s train=1.7s
[t=  42.7s] greedy ep 20 games=  96 dec= 17716 rows= 17039 horizon=0.28 L=0.00740 L/var=0.03 tgt=-0.071/0.515 pstd=0.491 gen=0.1s train=1.7s
[t=  44.6s] greedy ep 21 games=  96 dec= 17777 rows= 17032 horizon=0.23 L=0.00682 L/var=0.03 tgt=-0.051/0.520 pstd=0.506 gen=0.1s train=1.7s
[t=  46.6s] greedy ep 22 games=  96 dec= 18472 rows= 17732 horizon=0.33 L=0.00645 L/var=0.03 tgt=-0.019/0.474 pstd=0.497 gen=0.1s train=1.8s
[t=  48.6s] greedy ep 23 games=  96 dec= 18429 rows= 17627 horizon=0.27 L=0.00649 L/var=0.03 tgt=-0.006/0.478 pstd=0.504 gen=0.1s train=1.8s
[t=  50.7s] greedy ep 24 games=  96 dec= 18992 rows= 18327 horizon=0.35 L=0.00662 L/var=0.03 tgt=-0.014/0.487 pstd=0.498 gen=0.1s train=1.9s
[t=  52.6s] greedy ep 25 games=  96 dec= 18039 rows= 17262 horizon=0.23 L=0.00690 L/var=0.03 tgt=-0.025/0.517 pstd=0.503 gen=0.1s train=1.7s
[t=  54.7s] greedy ep 26 games=  96 dec= 19627 rows= 18805 horizon=0.33 L=0.00673 L/var=0.03 tgt=-0.037/0.501 pstd=0.500 gen=0.1s train=1.9s
[t=  56.7s] greedy ep 27 games=  96 dec= 18752 rows= 17930 horizon=0.27 L=0.00518 L/var=0.02 tgt=-0.031/0.485 pstd=0.509 gen=0.1s train=1.8s
[t=  58.8s] greedy ep 28 games=  96 dec= 19116 rows= 18327 horizon=0.31 L=0.00620 L/var=0.03 tgt=-0.035/0.484 pstd=0.504 gen=0.1s train=1.8s
[t=  60.8s] greedy ep 29 games=  96 dec= 18708 rows= 17952 horizon=0.27 L=0.00666 L/var=0.03 tgt=-0.051/0.503 pstd=0.510 gen=0.1s train=1.7s
[t=  62.8s] greedy ep 30 games=  96 dec= 19066 rows= 18248 horizon=0.31 L=0.00564 L/var=0.02 tgt=-0.032/0.479 pstd=0.502 gen=0.1s train=1.8s
[t=  64.8s] greedy ep 31 games=  96 dec= 18369 rows= 17570 horizon=0.26 L=0.00514 L/var=0.02 tgt=-0.041/0.509 pstd=0.502 gen=0.1s train=1.8s
[t=  66.8s] greedy ep 32 games=  96 dec= 18567 rows= 17800 horizon=0.30 L=0.00528 L/var=0.02 tgt=+0.001/0.480 pstd=0.504 gen=0.1s train=1.8s
[t=  68.8s] greedy ep 33 games=  96 dec= 18636 rows= 17813 horizon=0.31 L=0.00534 L/var=0.02 tgt=-0.002/0.514 pstd=0.506 gen=0.1s train=1.8s
[t=  70.9s] greedy ep 34 games=  96 dec= 18664 rows= 17825 horizon=0.29 L=0.00605 L/var=0.03 tgt=+0.020/0.463 pstd=0.504 gen=0.1s train=1.8s
[t=  72.8s] greedy ep 35 games=  96 dec= 17787 rows= 17046 horizon=0.22 L=0.00584 L/var=0.02 tgt=-0.039/0.539 pstd=0.500 gen=0.1s train=1.7s
[t=  74.9s] greedy ep 36 games=  96 dec= 19279 rows= 18442 horizon=0.33 L=0.00580 L/var=0.03 tgt=-0.046/0.480 pstd=0.503 gen=0.1s train=1.9s
[t=  76.9s] greedy ep 37 games=  96 dec= 18316 rows= 17468 horizon=0.32 L=0.00492 L/var=0.02 tgt=-0.034/0.532 pstd=0.501 gen=0.1s train=1.8s
[t=  79.0s] greedy ep 38 games=  96 dec= 19158 rows= 18321 horizon=0.32 L=0.00574 L/var=0.03 tgt=-0.020/0.472 pstd=0.505 gen=0.1s train=1.9s
[t=  81.0s] greedy ep 39 games=  96 dec= 18549 rows= 17774 horizon=0.26 L=0.00448 L/var=0.02 tgt=-0.037/0.514 pstd=0.502 gen=0.1s train=1.8s
[t=  83.1s] greedy ep 40 games=  96 dec= 18971 rows= 18211 horizon=0.34 L=0.00524 L/var=0.02 tgt=-0.007/0.461 pstd=0.508 gen=0.1s train=1.8s
[t=  85.1s] greedy ep 41 games=  96 dec= 18692 rows= 17843 horizon=0.28 L=0.00481 L/var=0.02 tgt=-0.044/0.507 pstd=0.510 gen=0.1s train=1.8s
[t=  87.2s] greedy ep 42 games=  96 dec= 19162 rows= 18375 horizon=0.38 L=0.00501 L/var=0.02 tgt=-0.035/0.494 pstd=0.502 gen=0.1s train=1.9s
[t=  89.3s] greedy ep 43 games=  96 dec= 19468 rows= 18602 horizon=0.35 L=0.00524 L/var=0.03 tgt=-0.058/0.456 pstd=0.512 gen=0.1s train=1.9s
[t=  91.3s] greedy ep 44 games=  96 dec= 18443 rows= 17624 horizon=0.28 L=0.00440 L/var=0.02 tgt=-0.009/0.479 pstd=0.504 gen=0.1s train=1.8s
[t=  93.2s] greedy ep 45 games=  96 dec= 17350 rows= 16706 horizon=0.25 L=0.00584 L/var=0.02 tgt=-0.084/0.527 pstd=0.497 gen=0.1s train=1.7s
[t=  95.2s] greedy ep 46 games=  96 dec= 17993 rows= 17239 horizon=0.28 L=0.00538 L/var=0.02 tgt=-0.013/0.495 pstd=0.501 gen=0.1s train=1.7s
[t=  97.2s] greedy ep 47 games=  96 dec= 18984 rows= 18180 horizon=0.29 L=0.00535 L/var=0.02 tgt=-0.024/0.472 pstd=0.498 gen=0.1s train=1.8s
[t=  99.2s] greedy ep 48 games=  96 dec= 18071 rows= 17405 horizon=0.30 L=0.00486 L/var=0.02 tgt=-0.041/0.510 pstd=0.504 gen=0.1s train=1.8s
[t= 101.4s] greedy ep 49 games=  96 dec= 19599 rows= 18844 horizon=0.40 L=0.00441 L/var=0.02 tgt=-0.000/0.457 pstd=0.504 gen=0.1s train=1.9s
[t= 103.3s] greedy ep 50 games=  96 dec= 17856 rows= 17099 horizon=0.25 L=0.00506 L/var=0.02 tgt=-0.060/0.543 pstd=0.507 gen=0.1s train=1.7s
[t= 105.3s] greedy ep 51 games=  96 dec= 17858 rows= 17043 horizon=0.24 L=0.00517 L/var=0.02 tgt=-0.027/0.530 pstd=0.499 gen=0.1s train=1.7s
[t= 107.3s] greedy ep 52 games=  96 dec= 18973 rows= 18262 horizon=0.35 L=0.00503 L/var=0.02 tgt=-0.041/0.460 pstd=0.498 gen=0.1s train=1.8s
[t= 109.2s] greedy ep 53 games=  96 dec= 17565 rows= 16777 horizon=0.19 L=0.00504 L/var=0.02 tgt=-0.031/0.511 pstd=0.502 gen=0.1s train=1.7s
[t= 111.2s] greedy ep 54 games=  96 dec= 17835 rows= 17151 horizon=0.25 L=0.00531 L/var=0.02 tgt=-0.001/0.492 pstd=0.497 gen=0.1s train=1.8s
[t= 113.1s] greedy ep 55 games=  96 dec= 17927 rows= 17096 horizon=0.25 L=0.00498 L/var=0.02 tgt=-0.008/0.470 pstd=0.500 gen=0.1s train=1.7s
[t= 115.2s] greedy ep 56 games=  96 dec= 18561 rows= 17765 horizon=0.28 L=0.00521 L/var=0.02 tgt=-0.036/0.484 pstd=0.500 gen=0.1s train=1.8s
[t= 117.2s] greedy ep 57 games=  96 dec= 18688 rows= 17872 horizon=0.25 L=0.00495 L/var=0.02 tgt=-0.014/0.515 pstd=0.497 gen=0.1s train=1.8s
[t= 119.3s] greedy ep 58 games=  96 dec= 19251 rows= 18414 horizon=0.34 L=0.00454 L/var=0.02 tgt=-0.060/0.493 pstd=0.495 gen=0.1s train=1.9s
[t= 121.4s] greedy ep 59 games=  96 dec= 19596 rows= 18724 horizon=0.36 L=0.00463 L/var=0.02 tgt=-0.050/0.460 pstd=0.502 gen=0.1s train=1.9s
[t= 123.5s] greedy ep 60 games=  96 dec= 18869 rows= 17979 horizon=0.30 L=0.00502 L/var=0.02 tgt=-0.032/0.484 pstd=0.502 gen=0.1s train=1.8s
[t= 125.5s] greedy ep 61 games=  96 dec= 18419 rows= 17673 horizon=0.25 L=0.00429 L/var=0.02 tgt=-0.009/0.517 pstd=0.500 gen=0.1s train=1.8s
[t= 127.6s] greedy ep 62 games=  96 dec= 19032 rows= 18186 horizon=0.32 L=0.00466 L/var=0.02 tgt=-0.036/0.503 pstd=0.500 gen=0.1s train=1.8s
[t= 129.7s] greedy ep 63 games=  96 dec= 19220 rows= 18443 horizon=0.29 L=0.00497 L/var=0.02 tgt=-0.008/0.491 pstd=0.501 gen=0.1s train=1.9s
[t= 131.6s] greedy ep 64 games=  96 dec= 17814 rows= 17050 horizon=0.25 L=0.00444 L/var=0.02 tgt=-0.045/0.519 pstd=0.497 gen=0.1s train=1.7s
[t= 133.7s] greedy ep 65 games=  96 dec= 18244 rows= 17509 horizon=0.28 L=0.00432 L/var=0.02 tgt=-0.026/0.503 pstd=0.509 gen=0.1s train=1.8s
[t= 135.7s] greedy ep 66 games=  96 dec= 18182 rows= 17491 horizon=0.29 L=0.00475 L/var=0.02 tgt=-0.037/0.498 pstd=0.506 gen=0.1s train=1.8s
[t= 137.7s] greedy ep 67 games=  96 dec= 18981 rows= 18182 horizon=0.35 L=0.00387 L/var=0.01 tgt=-0.023/0.511 pstd=0.501 gen=0.1s train=1.9s
[t= 139.8s] greedy ep 68 games=  96 dec= 18200 rows= 17313 horizon=0.25 L=0.00431 L/var=0.02 tgt=-0.016/0.502 pstd=0.503 gen=0.1s train=1.8s
[t= 141.8s] greedy ep 69 games=  96 dec= 18393 rows= 17591 horizon=0.28 L=0.00433 L/var=0.02 tgt=-0.053/0.510 pstd=0.495 gen=0.1s train=1.8s
[t= 143.8s] greedy ep 70 games=  96 dec= 18464 rows= 17707 horizon=0.33 L=0.00492 L/var=0.02 tgt=-0.039/0.486 pstd=0.493 gen=0.1s train=1.8s
[t= 145.8s] greedy ep 71 games=  96 dec= 18120 rows= 17396 horizon=0.26 L=0.00421 L/var=0.02 tgt=-0.031/0.525 pstd=0.507 gen=0.1s train=1.8s
[t= 147.9s] greedy ep 72 games=  96 dec= 19113 rows= 18368 horizon=0.34 L=0.00367 L/var=0.01 tgt=-0.075/0.504 pstd=0.504 gen=0.1s train=1.9s
[t= 149.8s] greedy ep 73 games=  96 dec= 17603 rows= 16838 horizon=0.20 L=0.00448 L/var=0.02 tgt=-0.037/0.525 pstd=0.501 gen=0.1s train=1.7s
[t= 151.9s] greedy ep 74 games=  96 dec= 18477 rows= 17679 horizon=0.27 L=0.00402 L/var=0.01 tgt=-0.065/0.534 pstd=0.498 gen=0.1s train=1.8s
[t= 154.0s] greedy ep 75 games=  96 dec= 19740 rows= 18936 horizon=0.40 L=0.00402 L/var=0.02 tgt=+0.013/0.468 pstd=0.504 gen=0.1s train=1.9s
[t= 156.1s] greedy ep 76 games=  96 dec= 18307 rows= 17464 horizon=0.20 L=0.00433 L/var=0.02 tgt=-0.020/0.496 pstd=0.504 gen=0.1s train=1.8s
[t= 158.1s] greedy ep 77 games=  96 dec= 18119 rows= 17313 horizon=0.25 L=0.00467 L/var=0.02 tgt=-0.031/0.501 pstd=0.490 gen=0.1s train=1.8s
[t= 160.1s] greedy ep 78 games=  96 dec= 18056 rows= 17283 horizon=0.26 L=0.00402 L/var=0.02 tgt=-0.041/0.514 pstd=0.500 gen=0.1s train=1.8s
[t= 162.1s] greedy ep 79 games=  96 dec= 18309 rows= 17527 horizon=0.28 L=0.00458 L/var=0.02 tgt=-0.007/0.493 pstd=0.503 gen=0.1s train=1.8s
[t= 164.1s] greedy ep 80 games=  96 dec= 18361 rows= 17605 horizon=0.29 L=0.00429 L/var=0.02 tgt=-0.024/0.508 pstd=0.501 gen=0.1s train=1.8s
[t= 166.1s] greedy ep 81 games=  96 dec= 17527 rows= 16734 horizon=0.25 L=0.00454 L/var=0.02 tgt=-0.020/0.532 pstd=0.501 gen=0.1s train=1.7s
[t= 168.0s] greedy ep 82 games=  96 dec= 17529 rows= 16756 horizon=0.23 L=0.00407 L/var=0.02 tgt=-0.028/0.509 pstd=0.504 gen=0.1s train=1.7s
[t= 169.9s] greedy ep 83 games=  96 dec= 16779 rows= 15994 horizon=0.18 L=0.00443 L/var=0.02 tgt=-0.021/0.539 pstd=0.503 gen=0.1s train=1.6s
[t= 172.0s] greedy ep 84 games=  96 dec= 19106 rows= 18300 horizon=0.35 L=0.00412 L/var=0.02 tgt=-0.045/0.483 pstd=0.494 gen=0.1s train=1.9s
[t= 174.0s] greedy ep 85 games=  96 dec= 18736 rows= 17960 horizon=0.29 L=0.00428 L/var=0.02 tgt=-0.044/0.501 pstd=0.508 gen=0.1s train=1.8s
[t= 176.1s] greedy ep 86 games=  96 dec= 18107 rows= 17332 horizon=0.26 L=0.00433 L/var=0.02 tgt=-0.020/0.485 pstd=0.504 gen=0.1s train=1.8s
[t= 178.0s] greedy ep 87 games=  96 dec= 17330 rows= 16586 horizon=0.24 L=0.00499 L/var=0.02 tgt=-0.048/0.503 pstd=0.502 gen=0.1s train=1.7s
[t= 180.1s] greedy ep 88 games=  96 dec= 18635 rows= 17758 horizon=0.27 L=0.00499 L/var=0.02 tgt=-0.026/0.514 pstd=0.500 gen=0.1s train=1.8s
[t= 180.1s] --- snapshot snap_00.pt (init) ---
[t= 180.1s] --- switching to ReBeL ---
[t= 190.1s] rebel stream solves=8192 raw=817/s balanced=817/s debt=0 rows steps=32 horizon=0.00 games=0 over=0 card=0 drop=0 L=0.02996 L/var=0.29 tgt=+0.052/0.320 cfg/b=46140 prep=0.16s gpu=0.00s conv=0.00s add=0.17s train=1.38s
[t= 200.1s] rebel stream solves=12288 raw=613/s balanced=613/s debt=0 rows steps=48 horizon=0.00 games=0 over=0 card=0 drop=0 L=0.00831 L/var=0.10 tgt=+0.089/0.294 cfg/b=32509 prep=0.07s gpu=0.00s conv=0.00s add=0.11s train=0.49s
[t= 211.1s] rebel stream solves=16384 raw=528/s balanced=528/s debt=0 rows steps=64 horizon=0.00 games=0 over=0 card=0 drop=0 L=0.00532 L/var=0.07 tgt=+0.121/0.281 cfg/b=66125 prep=0.28s gpu=0.00s conv=0.01s add=0.40s train=2.40s
[t= 221.1s] rebel stream solves=22528 raw=549/s balanced=549/s debt=0 rows steps=88 horizon=0.00 games=0 over=0 card=0 drop=0 L=0.00419 L/var=0.06 tgt=+0.133/0.272 cfg/b=111918 prep=0.18s gpu=0.00s conv=0.04s add=0.70s train=1.53s
[t= 231.2s] rebel stream solves=31744 raw=622/s balanced=622/s debt=0 rows steps=124 horizon=0.00 games=0 over=0 card=0 drop=0 L=0.00286 L/var=0.04 tgt=+0.154/0.265 cfg/b=77402 prep=0.29s gpu=0.00s conv=0.02s add=0.50s train=1.92s
[t= 241.2s] rebel stream solves=41984 raw=687/s balanced=687/s debt=0 rows steps=164 horizon=0.00 games=0 over=0 card=0 drop=0 L=0.00237 L/var=0.04 tgt=+0.176/0.252 cfg/b=40603 prep=0.21s gpu=0.00s conv=0.00s add=0.16s train=1.34s
[t= 251.2s] rebel stream solves=45056 raw=634/s balanced=634/s debt=0 rows steps=176 horizon=0.00 games=0 over=0 card=0 drop=0 L=0.00214 L/var=0.03 tgt=+0.183/0.256 cfg/b=38188 prep=0.06s gpu=0.00s conv=0.00s add=0.13s train=0.37s
[t= 262.6s] rebel stream solves=49152 raw=596/s balanced=596/s debt=0 rows steps=192 horizon=0.00 games=0 over=0 card=0 drop=0 L=0.00201 L/var=0.03 tgt=+0.205/0.243 cfg/b=44374 prep=0.08s gpu=0.00s conv=0.01s add=0.17s train=0.53s
[t= 272.7s] rebel stream solves=51200 raw=553/s balanced=553/s debt=0 rows steps=200 horizon=0.00 games=0 over=0 card=0 drop=0 L=0.00198 L/var=0.04 tgt=+0.209/0.235 cfg/b=49939 prep=0.05s gpu=0.00s conv=0.00s add=0.09s train=0.29s
[t= 282.7s] rebel stream solves=53248 raw=519/s balanced=519/s debt=0 rows steps=208 horizon=0.00 games=0 over=0 card=0 drop=0 L=0.00191 L/var=0.04 tgt=+0.219/0.233 cfg/b=50930 prep=0.07s gpu=0.00s conv=0.00s add=0.11s train=0.32s
[t= 292.7s] rebel stream solves=54272 raw=482/s balanced=482/s debt=0 rows steps=212 horizon=0.00 games=0 over=0 card=0 drop=0 L=0.00187 L/var=0.03 tgt=+0.210/0.235 cfg/b=51324 prep=0.06s gpu=0.00s conv=0.00s add=0.06s train=0.19s
[t= 302.7s] rebel stream solves=56320 raw=459/s balanced=459/s debt=0 rows steps=220 horizon=0.00 games=0 over=0 card=0 drop=0 L=0.00178 L/var=0.04 tgt=+0.237/0.221 cfg/b=57417 prep=0.04s gpu=0.00s conv=0.01s add=0.24s train=0.28s
[t= 312.7s] rebel stream solves=57344 raw=432/s balanced=432/s debt=0 rows steps=224 horizon=0.00 games=0 over=0 card=0 drop=0 L=0.00169 L/var=0.03 tgt=+0.240/0.225 cfg/b=72682 prep=0.05s gpu=0.00s conv=0.02s add=0.19s train=0.20s
[t= 318.7s] --- lr -> 5.00e-04 ---
[t= 322.8s] rebel stream solves=59392 raw=416/s balanced=416/s debt=0 rows steps=232 horizon=0.00 games=0 over=0 card=0 drop=0 L=0.00192 L/var=0.04 tgt=+0.252/0.215 cfg/b=90011 prep=0.08s gpu=0.00s conv=0.03s add=0.37s train=0.56s
[t= 332.8s] rebel stream solves=61440 raw=402/s balanced=402/s debt=0 rows steps=240 horizon=0.00 games=0 over=0 card=0 drop=0 L=0.00149 L/var=0.04 tgt=+0.253/0.206 cfg/b=104114 prep=0.09s gpu=0.00s conv=0.03s add=0.30s train=0.39s
