[ladder] 20 players, 190 pairings, 40 paired games each (depth=2 iters=64)
                        random vs greedy                       W   0 L  29 D  11  score 0.138
                        random vs t64_h384_dg64_s11.init       W   0 L  37 D   3  score 0.037
                        random vs t64_h384_dg64_s11.s1         W   0 L  40 D   0  score 0.000
                        random vs t64_h384_dg64_s11.s2         W   0 L  36 D   4  score 0.050
                        random vs t64_h384_dg64_s11.s3         W   0 L  37 D   3  score 0.037
                        random vs t64_h384_dg64_s11.s4         W   0 L  38 D   2  score 0.025
                        random vs t64_h384_dg64_s11.final      W   0 L  38 D   2  score 0.025
                        random vs t256_h384_dg64_s12_r2.init   W   0 L  38 D   2  score 0.025
                        random vs t256_h384_dg64_s12_r2.s1     W   0 L  38 D   2  score 0.025
                        random vs t256_h384_dg64_s12_r2.s2     W   0 L  37 D   3  score 0.037
                        random vs t256_h384_dg64_s12_r2.s3     W   0 L  39 D   1  score 0.013
                        random vs t256_h384_dg64_s12_r2.s4     W   0 L  40 D   0  score 0.000
                        random vs t256_h384_dg64_s12_r2.final  W   0 L  40 D   0  score 0.000
                        random vs t64_h512_dg96_s13.init       W   0 L  27 D  13  score 0.163
                        random vs t64_h512_dg96_s13.s1         W   0 L  38 D   2  score 0.025
                        random vs t64_h512_dg96_s13.s2         W   0 L  40 D   0  score 0.000
                        random vs t64_h512_dg96_s13.s3         W   0 L  40 D   0  score 0.000
                        random vs t64_h512_dg96_s13.s4         W   0 L  37 D   3  score 0.037
                        random vs t64_h512_dg96_s13.final      W   0 L  38 D   2  score 0.025
                        greedy vs t64_h384_dg64_s11.init       W   6 L  29 D   5  score 0.212
                        greedy vs t64_h384_dg64_s11.s1         W   0 L  40 D   0  score 0.000
                        greedy vs t64_h384_dg64_s11.s2         W   0 L  39 D   1  score 0.013
                        greedy vs t64_h384_dg64_s11.s3         W   0 L  40 D   0  score 0.000
                        greedy vs t64_h384_dg64_s11.s4         W   0 L  39 D   1  score 0.013
                        greedy vs t64_h384_dg64_s11.final      W   1 L  39 D   0  score 0.025
                        greedy vs t256_h384_dg64_s12_r2.init   W   2 L  29 D   9  score 0.163
                        greedy vs t256_h384_dg64_s12_r2.s1     W   0 L  40 D   0  score 0.000
                        greedy vs t256_h384_dg64_s12_r2.s2     W   0 L  37 D   3  score 0.037
                        greedy vs t256_h384_dg64_s12_r2.s3     W   0 L  39 D   1  score 0.013
                        greedy vs t256_h384_dg64_s12_r2.s4     W   0 L  40 D   0  score 0.000
                        greedy vs t256_h384_dg64_s12_r2.final  W   0 L  40 D   0  score 0.000
                        greedy vs t64_h512_dg96_s13.init       W   2 L  30 D   8  score 0.150
                        greedy vs t64_h512_dg96_s13.s1         W   0 L  40 D   0  score 0.000
                        greedy vs t64_h512_dg96_s13.s2         W   0 L  39 D   1  score 0.013
                        greedy vs t64_h512_dg96_s13.s3         W   0 L  40 D   0  score 0.000
                        greedy vs t64_h512_dg96_s13.s4         W   0 L  38 D   2  score 0.025
                        greedy vs t64_h512_dg96_s13.final      W   0 L  40 D   0  score 0.000
        t64_h384_dg64_s11.init vs t64_h384_dg64_s11.s1         W   0 L  39 D   1  score 0.013
        t64_h384_dg64_s11.init vs t64_h384_dg64_s11.s2         W   1 L  39 D   0  score 0.025
        t64_h384_dg64_s11.init vs t64_h384_dg64_s11.s3         W   0 L  40 D   0  score 0.000
        t64_h384_dg64_s11.init vs t64_h384_dg64_s11.s4         W   1 L  39 D   0  score 0.025
        t64_h384_dg64_s11.init vs t64_h384_dg64_s11.final      W   1 L  39 D   0  score 0.025
        t64_h384_dg64_s11.init vs t256_h384_dg64_s12_r2.init   W  21 L  16 D   3  score 0.562
        t64_h384_dg64_s11.init vs t256_h384_dg64_s12_r2.s1     W   1 L  37 D   2  score 0.050
        t64_h384_dg64_s11.init vs t256_h384_dg64_s12_r2.s2     W   1 L  39 D   0  score 0.025
        t64_h384_dg64_s11.init vs t256_h384_dg64_s12_r2.s3     W   0 L  39 D   1  score 0.013
        t64_h384_dg64_s11.init vs t256_h384_dg64_s12_r2.s4     W   0 L  40 D   0  score 0.000
        t64_h384_dg64_s11.init vs t256_h384_dg64_s12_r2.final  W   1 L  38 D   1  score 0.037
        t64_h384_dg64_s11.init vs t64_h512_dg96_s13.init       W  19 L  17 D   4  score 0.525
        t64_h384_dg64_s11.init vs t64_h512_dg96_s13.s1         W   0 L  39 D   1  score 0.013
        t64_h384_dg64_s11.init vs t64_h512_dg96_s13.s2         W   1 L  39 D   0  score 0.025
        t64_h384_dg64_s11.init vs t64_h512_dg96_s13.s3         W   0 L  39 D   1  score 0.013
        t64_h384_dg64_s11.init vs t64_h512_dg96_s13.s4         W   0 L  39 D   1  score 0.013
        t64_h384_dg64_s11.init vs t64_h512_dg96_s13.final      W   0 L  39 D   1  score 0.013
          t64_h384_dg64_s11.s1 vs t64_h384_dg64_s11.s2         W  18 L  22 D   0  score 0.450
          t64_h384_dg64_s11.s1 vs t64_h384_dg64_s11.s3         W   9 L  31 D   0  score 0.225
          t64_h384_dg64_s11.s1 vs t64_h384_dg64_s11.s4         W   8 L  32 D   0  score 0.200
          t64_h384_dg64_s11.s1 vs t64_h384_dg64_s11.final      W  10 L  28 D   2  score 0.275
          t64_h384_dg64_s11.s1 vs t256_h384_dg64_s12_r2.init   W  39 L   1 D   0  score 0.975
          t64_h384_dg64_s11.s1 vs t256_h384_dg64_s12_r2.s1     W  27 L  11 D   2  score 0.700
          t64_h384_dg64_s11.s1 vs t256_h384_dg64_s12_r2.s2     W  27 L  12 D   1  score 0.688
          t64_h384_dg64_s11.s1 vs t256_h384_dg64_s12_r2.s3     W  18 L  21 D   1  score 0.463
          t64_h384_dg64_s11.s1 vs t256_h384_dg64_s12_r2.s4     W  29 L  11 D   0  score 0.725
          t64_h384_dg64_s11.s1 vs t256_h384_dg64_s12_r2.final  W  22 L  17 D   1  score 0.562
          t64_h384_dg64_s11.s1 vs t64_h512_dg96_s13.init       W  39 L   0 D   1  score 0.988
          t64_h384_dg64_s11.s1 vs t64_h512_dg96_s13.s1         W  21 L  19 D   0  score 0.525
          t64_h384_dg64_s11.s1 vs t64_h512_dg96_s13.s2         W  22 L  17 D   1  score 0.562
          t64_h384_dg64_s11.s1 vs t64_h512_dg96_s13.s3         W  16 L  24 D   0  score 0.400
          t64_h384_dg64_s11.s1 vs t64_h512_dg96_s13.s4         W  17 L  23 D   0  score 0.425
          t64_h384_dg64_s11.s1 vs t64_h512_dg96_s13.final      W  16 L  22 D   2  score 0.425
          t64_h384_dg64_s11.s2 vs t64_h384_dg64_s11.s3         W  13 L  27 D   0  score 0.325
          t64_h384_dg64_s11.s2 vs t64_h384_dg64_s11.s4         W   8 L  31 D   1  score 0.212
          t64_h384_dg64_s11.s2 vs t64_h384_dg64_s11.final      W   7 L  33 D   0  score 0.175
          t64_h384_dg64_s11.s2 vs t256_h384_dg64_s12_r2.init   W  39 L   0 D   1  score 0.988
          t64_h384_dg64_s11.s2 vs t256_h384_dg64_s12_r2.s1     W  33 L   6 D   1  score 0.838
          t64_h384_dg64_s11.s2 vs t256_h384_dg64_s12_r2.s2     W  35 L   3 D   2  score 0.900
          t64_h384_dg64_s11.s2 vs t256_h384_dg64_s12_r2.s3     W  23 L  15 D   2  score 0.600
          t64_h384_dg64_s11.s2 vs t256_h384_dg64_s12_r2.s4     W  28 L  10 D   2  score 0.725
          t64_h384_dg64_s11.s2 vs t256_h384_dg64_s12_r2.final  W  29 L  11 D   0  score 0.725
          t64_h384_dg64_s11.s2 vs t64_h512_dg96_s13.init       W  39 L   0 D   1  score 0.988
          t64_h384_dg64_s11.s2 vs t64_h512_dg96_s13.s1         W  30 L  10 D   0  score 0.750
          t64_h384_dg64_s11.s2 vs t64_h512_dg96_s13.s2         W  24 L  14 D   2  score 0.625
          t64_h384_dg64_s11.s2 vs t64_h512_dg96_s13.s3         W  22 L  17 D   1  score 0.562
          t64_h384_dg64_s11.s2 vs t64_h512_dg96_s13.s4         W  15 L  24 D   1  score 0.388
          t64_h384_dg64_s11.s2 vs t64_h512_dg96_s13.final      W  16 L  24 D   0  score 0.400
          t64_h384_dg64_s11.s3 vs t64_h384_dg64_s11.s4         W  18 L  22 D   0  score 0.450
          t64_h384_dg64_s11.s3 vs t64_h384_dg64_s11.final      W  16 L  24 D   0  score 0.400
          t64_h384_dg64_s11.s3 vs t256_h384_dg64_s12_r2.init   W  38 L   0 D   2  score 0.975
          t64_h384_dg64_s11.s3 vs t256_h384_dg64_s12_r2.s1     W  32 L   7 D   1  score 0.812
          t64_h384_dg64_s11.s3 vs t256_h384_dg64_s12_r2.s2     W  31 L   9 D   0  score 0.775
          t64_h384_dg64_s11.s3 vs t256_h384_dg64_s12_r2.s3     W  31 L   9 D   0  score 0.775
          t64_h384_dg64_s11.s3 vs t256_h384_dg64_s12_r2.s4     W  31 L   9 D   0  score 0.775
          t64_h384_dg64_s11.s3 vs t256_h384_dg64_s12_r2.final  W  24 L  16 D   0  score 0.600
          t64_h384_dg64_s11.s3 vs t64_h512_dg96_s13.init       W  40 L   0 D   0  score 1.000
          t64_h384_dg64_s11.s3 vs t64_h512_dg96_s13.s1         W  33 L   7 D   0  score 0.825
          t64_h384_dg64_s11.s3 vs t64_h512_dg96_s13.s2         W  28 L  12 D   0  score 0.700
          t64_h384_dg64_s11.s3 vs t64_h512_dg96_s13.s3         W  28 L  12 D   0  score 0.700
          t64_h384_dg64_s11.s3 vs t64_h512_dg96_s13.s4         W  21 L  19 D   0  score 0.525
          t64_h384_dg64_s11.s3 vs t64_h512_dg96_s13.final      W  22 L  17 D   1  score 0.562
          t64_h384_dg64_s11.s4 vs t64_h384_dg64_s11.final      W  19 L  21 D   0  score 0.475
          t64_h384_dg64_s11.s4 vs t256_h384_dg64_s12_r2.init   W  39 L   1 D   0  score 0.975
          t64_h384_dg64_s11.s4 vs t256_h384_dg64_s12_r2.s1     W  35 L   4 D   1  score 0.887
          t64_h384_dg64_s11.s4 vs t256_h384_dg64_s12_r2.s2     W  33 L   7 D   0  score 0.825
          t64_h384_dg64_s11.s4 vs t256_h384_dg64_s12_r2.s3     W  30 L   9 D   1  score 0.762
          t64_h384_dg64_s11.s4 vs t256_h384_dg64_s12_r2.s4     W  28 L  12 D   0  score 0.700
          t64_h384_dg64_s11.s4 vs t256_h384_dg64_s12_r2.final  W  27 L  13 D   0  score 0.675
          t64_h384_dg64_s11.s4 vs t64_h512_dg96_s13.init       W  40 L   0 D   0  score 1.000
          t64_h384_dg64_s11.s4 vs t64_h512_dg96_s13.s1         W  33 L   7 D   0  score 0.825
          t64_h384_dg64_s11.s4 vs t64_h512_dg96_s13.s2         W  27 L  11 D   2  score 0.700
          t64_h384_dg64_s11.s4 vs t64_h512_dg96_s13.s3         W  20 L  19 D   1  score 0.512
          t64_h384_dg64_s11.s4 vs t64_h512_dg96_s13.s4         W  21 L  19 D   0  score 0.525
          t64_h384_dg64_s11.s4 vs t64_h512_dg96_s13.final      W  24 L  15 D   1  score 0.613
       t64_h384_dg64_s11.final vs t256_h384_dg64_s12_r2.init   W  39 L   0 D   1  score 0.988
       t64_h384_dg64_s11.final vs t256_h384_dg64_s12_r2.s1     W  37 L   3 D   0  score 0.925
       t64_h384_dg64_s11.final vs t256_h384_dg64_s12_r2.s2     W  32 L   8 D   0  score 0.800
       t64_h384_dg64_s11.final vs t256_h384_dg64_s12_r2.s3     W  30 L  10 D   0  score 0.750
       t64_h384_dg64_s11.final vs t256_h384_dg64_s12_r2.s4     W  30 L  10 D   0  score 0.750
       t64_h384_dg64_s11.final vs t256_h384_dg64_s12_r2.final  W  25 L  15 D   0  score 0.625
       t64_h384_dg64_s11.final vs t64_h512_dg96_s13.init       W  40 L   0 D   0  score 1.000
       t64_h384_dg64_s11.final vs t64_h512_dg96_s13.s1         W  37 L   3 D   0  score 0.925
       t64_h384_dg64_s11.final vs t64_h512_dg96_s13.s2         W  27 L  13 D   0  score 0.675
       t64_h384_dg64_s11.final vs t64_h512_dg96_s13.s3         W  19 L  21 D   0  score 0.475
       t64_h384_dg64_s11.final vs t64_h512_dg96_s13.s4         W  27 L  13 D   0  score 0.675
       t64_h384_dg64_s11.final vs t64_h512_dg96_s13.final      W  23 L  17 D   0  score 0.575
    t256_h384_dg64_s12_r2.init vs t256_h384_dg64_s12_r2.s1     W   0 L  40 D   0  score 0.000
    t256_h384_dg64_s12_r2.init vs t256_h384_dg64_s12_r2.s2     W   1 L  39 D   0  score 0.025
    t256_h384_dg64_s12_r2.init vs t256_h384_dg64_s12_r2.s3     W   1 L  39 D   0  score 0.025
    t256_h384_dg64_s12_r2.init vs t256_h384_dg64_s12_r2.s4     W   0 L  40 D   0  score 0.000
    t256_h384_dg64_s12_r2.init vs t256_h384_dg64_s12_r2.final  W   0 L  40 D   0  score 0.000
    t256_h384_dg64_s12_r2.init vs t64_h512_dg96_s13.init       W  21 L  12 D   7  score 0.613
    t256_h384_dg64_s12_r2.init vs t64_h512_dg96_s13.s1         W   1 L  39 D   0  score 0.025
    t256_h384_dg64_s12_r2.init vs t64_h512_dg96_s13.s2         W   0 L  40 D   0  score 0.000
    t256_h384_dg64_s12_r2.init vs t64_h512_dg96_s13.s3         W   0 L  39 D   1  score 0.013
    t256_h384_dg64_s12_r2.init vs t64_h512_dg96_s13.s4         W   0 L  39 D   1  score 0.013
    t256_h384_dg64_s12_r2.init vs t64_h512_dg96_s13.final      W   0 L  40 D   0  score 0.000
      t256_h384_dg64_s12_r2.s1 vs t256_h384_dg64_s12_r2.s2     W  13 L  27 D   0  score 0.325
      t256_h384_dg64_s12_r2.s1 vs t256_h384_dg64_s12_r2.s3     W  14 L  24 D   2  score 0.375
      t256_h384_dg64_s12_r2.s1 vs t256_h384_dg64_s12_r2.s4     W   7 L  32 D   1  score 0.188
      t256_h384_dg64_s12_r2.s1 vs t256_h384_dg64_s12_r2.final  W  11 L  29 D   0  score 0.275
      t256_h384_dg64_s12_r2.s1 vs t64_h512_dg96_s13.init       W  38 L   1 D   1  score 0.963
      t256_h384_dg64_s12_r2.s1 vs t64_h512_dg96_s13.s1         W  10 L  28 D   2  score 0.275
      t256_h384_dg64_s12_r2.s1 vs t64_h512_dg96_s13.s2         W   8 L  32 D   0  score 0.200
      t256_h384_dg64_s12_r2.s1 vs t64_h512_dg96_s13.s3         W  11 L  29 D   0  score 0.275
      t256_h384_dg64_s12_r2.s1 vs t64_h512_dg96_s13.s4         W   6 L  34 D   0  score 0.150
      t256_h384_dg64_s12_r2.s1 vs t64_h512_dg96_s13.final      W   9 L  30 D   1  score 0.237
      t256_h384_dg64_s12_r2.s2 vs t256_h384_dg64_s12_r2.s3     W  14 L  26 D   0  score 0.350
      t256_h384_dg64_s12_r2.s2 vs t256_h384_dg64_s12_r2.s4     W  17 L  23 D   0  score 0.425
      t256_h384_dg64_s12_r2.s2 vs t256_h384_dg64_s12_r2.final  W  17 L  22 D   1  score 0.438
      t256_h384_dg64_s12_r2.s2 vs t64_h512_dg96_s13.init       W  38 L   1 D   1  score 0.963
      t256_h384_dg64_s12_r2.s2 vs t64_h512_dg96_s13.s1         W  14 L  26 D   0  score 0.350
      t256_h384_dg64_s12_r2.s2 vs t64_h512_dg96_s13.s2         W  12 L  27 D   1  score 0.312
      t256_h384_dg64_s12_r2.s2 vs t64_h512_dg96_s13.s3         W  12 L  28 D   0  score 0.300
      t256_h384_dg64_s12_r2.s2 vs t64_h512_dg96_s13.s4         W   9 L  31 D   0  score 0.225
      t256_h384_dg64_s12_r2.s2 vs t64_h512_dg96_s13.final      W   7 L  33 D   0  score 0.175
      t256_h384_dg64_s12_r2.s3 vs t256_h384_dg64_s12_r2.s4     W  21 L  18 D   1  score 0.537
      t256_h384_dg64_s12_r2.s3 vs t256_h384_dg64_s12_r2.final  W  18 L  22 D   0  score 0.450
      t256_h384_dg64_s12_r2.s3 vs t64_h512_dg96_s13.init       W  40 L   0 D   0  score 1.000
      t256_h384_dg64_s12_r2.s3 vs t64_h512_dg96_s13.s1         W  20 L  19 D   1  score 0.512
      t256_h384_dg64_s12_r2.s3 vs t64_h512_dg96_s13.s2         W  15 L  24 D   1  score 0.388
      t256_h384_dg64_s12_r2.s3 vs t64_h512_dg96_s13.s3         W  12 L  28 D   0  score 0.300
      t256_h384_dg64_s12_r2.s3 vs t64_h512_dg96_s13.s4         W  14 L  26 D   0  score 0.350
      t256_h384_dg64_s12_r2.s3 vs t64_h512_dg96_s13.final      W   8 L  32 D   0  score 0.200
      t256_h384_dg64_s12_r2.s4 vs t256_h384_dg64_s12_r2.final  W  17 L  23 D   0  score 0.425
      t256_h384_dg64_s12_r2.s4 vs t64_h512_dg96_s13.init       W  38 L   0 D   2  score 0.975
      t256_h384_dg64_s12_r2.s4 vs t64_h512_dg96_s13.s1         W  21 L  19 D   0  score 0.525
      t256_h384_dg64_s12_r2.s4 vs t64_h512_dg96_s13.s2         W  18 L  20 D   2  score 0.475
      t256_h384_dg64_s12_r2.s4 vs t64_h512_dg96_s13.s3         W  15 L  23 D   2  score 0.400
      t256_h384_dg64_s12_r2.s4 vs t64_h512_dg96_s13.s4         W   9 L  30 D   1  score 0.237
      t256_h384_dg64_s12_r2.s4 vs t64_h512_dg96_s13.final      W  16 L  24 D   0  score 0.400
   t256_h384_dg64_s12_r2.final vs t64_h512_dg96_s13.init       W  40 L   0 D   0  score 1.000
   t256_h384_dg64_s12_r2.final vs t64_h512_dg96_s13.s1         W  19 L  21 D   0  score 0.475
   t256_h384_dg64_s12_r2.final vs t64_h512_dg96_s13.s2         W  14 L  25 D   1  score 0.362
   t256_h384_dg64_s12_r2.final vs t64_h512_dg96_s13.s3         W  16 L  24 D   0  score 0.400
   t256_h384_dg64_s12_r2.final vs t64_h512_dg96_s13.s4         W  13 L  26 D   1  score 0.338
   t256_h384_dg64_s12_r2.final vs t64_h512_dg96_s13.final      W  12 L  27 D   1  score 0.312
        t64_h512_dg96_s13.init vs t64_h512_dg96_s13.s1         W   0 L  39 D   1  score 0.013
        t64_h512_dg96_s13.init vs t64_h512_dg96_s13.s2         W   0 L  40 D   0  score 0.000
        t64_h512_dg96_s13.init vs t64_h512_dg96_s13.s3         W   0 L  40 D   0  score 0.000
        t64_h512_dg96_s13.init vs t64_h512_dg96_s13.s4         W   0 L  40 D   0  score 0.000
        t64_h512_dg96_s13.init vs t64_h512_dg96_s13.final      W   0 L  39 D   1  score 0.013
          t64_h512_dg96_s13.s1 vs t64_h512_dg96_s13.s2         W  14 L  26 D   0  score 0.350
          t64_h512_dg96_s13.s1 vs t64_h512_dg96_s13.s3         W  15 L  25 D   0  score 0.375
          t64_h512_dg96_s13.s1 vs t64_h512_dg96_s13.s4         W  10 L  30 D   0  score 0.250
          t64_h512_dg96_s13.s1 vs t64_h512_dg96_s13.final      W  11 L  29 D   0  score 0.275
          t64_h512_dg96_s13.s2 vs t64_h512_dg96_s13.s3         W  20 L  20 D   0  score 0.500
          t64_h512_dg96_s13.s2 vs t64_h512_dg96_s13.s4         W  16 L  24 D   0  score 0.400
          t64_h512_dg96_s13.s2 vs t64_h512_dg96_s13.final      W  13 L  26 D   1  score 0.338
          t64_h512_dg96_s13.s3 vs t64_h512_dg96_s13.s4         W  16 L  24 D   0  score 0.400
          t64_h512_dg96_s13.s3 vs t64_h512_dg96_s13.final      W  17 L  23 D   0  score 0.425
          t64_h512_dg96_s13.s4 vs t64_h512_dg96_s13.final      W  19 L  21 D   0  score 0.475

=== Elo (runs/ladder_3runs, random = 0) ===
                      player   trained     elo    +-   score
     t64_h384_dg64_s11.final  270.0min    1033    16   0.777
        t64_h384_dg64_s11.s4  245.5min    1021    16   0.766
        t64_h384_dg64_s11.s3  185.3min    1008    16   0.752
     t64_h512_dg96_s13.final  270.2min     970    15   0.713
        t64_h512_dg96_s13.s4  245.9min     968    15   0.711
        t64_h384_dg64_s11.s2  125.2min     927    15   0.666
        t64_h512_dg96_s13.s3  185.8min     924    15   0.663
        t64_h512_dg96_s13.s2  125.7min     889    15   0.624
        t64_h384_dg64_s11.s1   65.0min     876    15   0.609
 t256_h384_dg64_s12_r2.final  270.2min     853    15   0.583
    t256_h384_dg64_s12_r2.s4  248.1min     831    15   0.559
    t256_h384_dg64_s12_r2.s3  187.3min     830    15   0.558
        t64_h512_dg96_s13.s1   65.4min     810    15   0.536
    t256_h384_dg64_s12_r2.s2  126.8min     756    16   0.479
    t256_h384_dg64_s12_r2.s1   65.9min     699    16   0.422
      t64_h384_dg64_s11.init    5.0min     317    23   0.164
  t256_h384_dg64_s12_r2.init    5.0min     310    24   0.161
      t64_h512_dg96_s13.init    5.0min     271    24   0.142
                      greedy         -     131    27   0.080
                      random         -       0    33   0.035
