[train] runs/gt_continuous_smoke at 1feb485+dirty seed=1 {'minutes': 1.0, 'warm_minutes': 0.2, 'snapshot_every': 1.0, 'ladder_games': 0, 'nodes': 64, 'expand': 1, 'iters': 8, 'config_cap': 256, 'note': 'v11-continuous-process-worker-smoke'}
[train] v11-continuous-process-worker-smoke
[train] CUDA stream priority -1
[train] search inference on CPU
[cfg] PUBFEAT=897 CFEAT=15 architecture=gt-cfr nodes=64 expand=1 iters=8 budget=60s warm=12s snapshot_every=1min device=cuda:1 draft=random train_gen_ratio=64.0 recent_mix=0.5/0.2 canonical_views=2 cap=2000000 matmul=high
[t=   1.2s] greedy ep  0 games=  96 dec= 18968 rows= 18118 horizon=0.30 L=0.34058 L/var=2.31 tgt=-0.065/0.384 pstd=0.038 gen=0.1s train=1.1s
[t=   2.0s] greedy ep  1 games=  96 dec= 18844 rows= 18051 horizon=0.33 L=0.20454 L/var=1.18 tgt=-0.083/0.417 pstd=0.086 gen=0.1s train=0.5s
[t=   2.7s] greedy ep  2 games=  96 dec= 18181 rows= 17414 horizon=0.27 L=0.21842 L/var=1.38 tgt=-0.076/0.397 pstd=0.160 gen=0.1s train=0.5s
[t=   3.4s] greedy ep  3 games=  96 dec= 17989 rows= 17120 horizon=0.26 L=0.18512 L/var=1.22 tgt=-0.077/0.389 pstd=0.268 gen=0.1s train=0.5s
[t=   4.2s] greedy ep  4 games=  96 dec= 18823 rows= 18078 horizon=0.29 L=0.11654 L/var=0.76 tgt=-0.064/0.392 pstd=0.304 gen=0.1s train=0.6s
[t=   5.1s] greedy ep  5 games=  96 dec= 18924 rows= 18146 horizon=0.33 L=0.06111 L/var=0.41 tgt=-0.051/0.384 pstd=0.351 gen=0.1s train=0.6s
[t=   5.9s] greedy ep  6 games=  96 dec= 17615 rows= 16921 horizon=0.26 L=0.03704 L/var=0.23 tgt=-0.082/0.402 pstd=0.378 gen=0.1s train=0.6s
[t=   6.7s] greedy ep  7 games=  96 dec= 18608 rows= 17786 horizon=0.36 L=0.03547 L/var=0.20 tgt=-0.092/0.417 pstd=0.378 gen=0.1s train=0.6s
[t=   7.5s] greedy ep  8 games=  96 dec= 19040 rows= 18296 horizon=0.36 L=0.03028 L/var=0.19 tgt=-0.064/0.398 pstd=0.355 gen=0.1s train=0.6s
[t=   8.3s] greedy ep  9 games=  96 dec= 18200 rows= 17459 horizon=0.27 L=0.02702 L/var=0.16 tgt=-0.090/0.411 pstd=0.387 gen=0.1s train=0.6s
[t=   9.1s] greedy ep 10 games=  96 dec= 17927 rows= 17200 horizon=0.24 L=0.02313 L/var=0.14 tgt=-0.082/0.404 pstd=0.376 gen=0.1s train=0.6s
[t=   9.9s] greedy ep 11 games=  96 dec= 17941 rows= 17162 horizon=0.28 L=0.02240 L/var=0.14 tgt=-0.100/0.400 pstd=0.359 gen=0.1s train=0.6s
[t=  10.7s] greedy ep 12 games=  96 dec= 17384 rows= 16648 horizon=0.25 L=0.02096 L/var=0.15 tgt=-0.053/0.370 pstd=0.386 gen=0.1s train=0.6s
[t=  11.5s] greedy ep 13 games=  96 dec= 18153 rows= 17377 horizon=0.28 L=0.01822 L/var=0.11 tgt=-0.090/0.400 pstd=0.376 gen=0.1s train=0.6s
[t=  12.3s] greedy ep 14 games=  96 dec= 18097 rows= 17377 horizon=0.26 L=0.01585 L/var=0.11 tgt=-0.061/0.388 pstd=0.379 gen=0.1s train=0.6s
[t=  12.3s] --- snapshot snap_00.pt (init) ---
[t=  12.3s] --- switching to GT-CFR ---
[t=  22.5s] GT-CFR solves=3968 rate=388.2/s rows=26 games=0 caps=45 L=0.04055 L/var=1.05 tgt=-0.027/0.196 gen=0.10s train=0.03s gpu=0.00s
[t=  28.1s] --- lr -> 5.00e-04 ---
[t=  32.5s] GT-CFR solves=9984 rate=493.1/s rows=16 games=0 caps=61 L=0.03682 L/var=0.12 tgt=-0.102/0.547 gen=0.12s train=0.03s gpu=0.00s
[t=  42.6s] GT-CFR solves=15408 rate=508.9/s rows=54 games=0 caps=77 L=0.04097 L/var=1.04 tgt=+0.041/0.199 gen=0.03s train=0.03s gpu=0.00s
[t=  44.5s] --- lr -> 2.50e-04 ---
[t=  52.6s] GT-CFR solves=21088 rate=523.4/s rows=56 games=0 caps=88 L=0.04394 L/var=0.07 tgt=+0.238/0.772 gen=0.32s train=0.03s gpu=0.00s
[GT-CFR-summary] solves=24944 optimizer_rows=1596416 rate=274.1/s horizon=0.48 games=109 caps=90
[t= 103.3s] --- snapshot snap_01.pt (final) ---
