[train] runs/steady_joinfold at a2b1f06 seed=101 {'note': 'steady-joinfold', 'minutes': 6.0, 'init_weights': 'runs/v5_d2_base30/snap_02.pt', 'cap_value': 0.0, 'ladder_games': 0, 'seed': 101, 'snapshot_every': 99.0}
[train] steady-joinfold
[cpu] pinned to 36 physical cores
[train] CUDA stream priority -1
[gpu] solve services up on [0, 1]
[cfg] PUBFEAT=897 CFEAT=15 architecture=v5 depth=2 iters=64 budget=360s warm=0s snapshot_every=99min device=cuda:1 draft=random train_gen_ratio=4.0 recent_mix=0.5/0.2 canonical_views=2 cap=2000000 aux_weight=0.15 matmul=high
[t=   0.0s] --- snapshot snap_00.pt (init) ---
[t=   0.0s] --- switching to ReBeL ---
[t=  10.0s] rebel stream solves=10240 raw=1024/s balanced=1024/s debt=0 rows steps=40 horizon=0.00 games=0 over=0 card=0 drop=0 L=0.00651 L/var=0.67 tgt=+0.194/0.099 aux=0.0002/1.000 cfg/b=51393 prep=0.23s gpu=0.00s conv=0.01s add=0.38s train=6.46s
[t=  20.1s] rebel stream solves=16384 raw=818/s balanced=818/s debt=0 rows steps=64 horizon=0.00 games=0 over=0 card=0 drop=0 L=0.00068 L/var=0.08 tgt=+0.229/0.092 aux=0.0001/1.000 cfg/b=37911 prep=0.13s gpu=0.00s conv=0.00s add=0.29s train=1.45s
[t=  30.5s] rebel stream solves=21504 raw=705/s balanced=705/s debt=0 rows steps=84 horizon=0.00 games=1 over=0 card=0 drop=0 L=0.00056 L/var=0.04 tgt=+0.257/0.114 aux=0.0001/1.000 cfg/b=31921 prep=0.10s gpu=0.00s conv=0.00s add=0.15s train=1.59s
[t=  40.6s] rebel stream solves=25600 raw=631/s balanced=631/s debt=0 rows steps=100 horizon=0.00 games=34 over=0 card=0 drop=0 L=0.00160 L/var=0.08 tgt=+0.292/0.142 aux=0.0000/1.000 cfg/b=26128 prep=0.17s gpu=0.00s conv=0.00s add=0.11s train=1.19s
[t=  50.9s] rebel stream solves=29696 raw=584/s balanced=584/s debt=0 rows steps=116 horizon=0.00 games=91 over=0 card=0 drop=0 L=0.00382 L/var=0.10 tgt=+0.300/0.194 aux=0.0000/1.000 cfg/b=24820 prep=0.08s gpu=0.00s conv=0.00s add=0.11s train=1.02s
[t=  60.9s] rebel stream solves=33792 raw=555/s balanced=555/s debt=0 rows steps=132 horizon=0.00 games=112 over=0 card=0 drop=0 L=0.00444 L/var=0.10 tgt=+0.286/0.209 aux=0.0001/1.000 cfg/b=24144 prep=0.09s gpu=0.00s conv=0.00s add=0.12s train=1.03s
[t=  70.9s] rebel stream solves=37888 raw=535/s balanced=535/s debt=0 rows steps=148 horizon=0.00 games=102 over=0 card=0 drop=0 L=0.00739 L/var=0.13 tgt=+0.287/0.242 aux=0.0001/1.000 cfg/b=24863 prep=0.08s gpu=0.00s conv=0.00s add=0.12s train=1.02s
[t=  81.0s] rebel stream solves=41984 raw=519/s balanced=519/s debt=0 rows steps=164 horizon=0.00 games=109 over=0 card=0 drop=0 L=0.00681 L/var=0.15 tgt=+0.266/0.215 aux=0.0001/1.000 cfg/b=25108 prep=0.09s gpu=0.00s conv=0.00s add=0.11s train=1.01s
[t=  91.2s] rebel stream solves=47104 raw=517/s balanced=517/s debt=0 rows steps=184 horizon=0.00 games=138 over=0 card=0 drop=0 L=0.00759 L/var=0.16 tgt=+0.260/0.216 aux=0.0001/1.000 cfg/b=25413 prep=0.12s gpu=0.00s conv=0.00s add=0.14s train=1.32s
[t= 101.3s] rebel stream solves=52224 raw=516/s balanced=516/s debt=0 rows steps=204 horizon=0.00 games=110 over=0 card=0 drop=0 L=0.00842 L/var=0.16 tgt=+0.260/0.230 aux=0.0001/1.000 cfg/b=24235 prep=0.09s gpu=0.00s conv=0.00s add=0.14s train=1.25s
[t= 111.4s] rebel stream solves=57344 raw=515/s balanced=515/s debt=0 rows steps=224 horizon=0.00 games=135 over=0 card=0 drop=0 L=0.01179 L/var=0.22 tgt=+0.246/0.231 aux=0.0002/1.000 cfg/b=24144 prep=0.10s gpu=0.00s conv=0.00s add=0.14s train=1.24s
[t= 118.9s] --- lr -> 5.00e-04 ---
[t= 121.4s] rebel stream solves=62464 raw=515/s balanced=515/s debt=0 rows steps=244 horizon=0.00 games=146 over=0 card=0 drop=0 L=0.01152 L/var=0.16 tgt=+0.225/0.271 aux=0.0000/1.000 cfg/b=23570 prep=0.10s gpu=0.00s conv=0.00s add=0.16s train=1.26s
[t= 131.4s] rebel stream solves=67584 raw=514/s balanced=514/s debt=0 rows steps=264 horizon=0.00 games=133 over=0 card=0 drop=0 L=0.00962 L/var=0.14 tgt=+0.240/0.259 aux=0.0000/1.000 cfg/b=23297 prep=0.09s gpu=0.00s conv=0.00s add=0.14s train=1.22s
[t= 141.5s] rebel stream solves=72704 raw=514/s balanced=514/s debt=0 rows steps=284 horizon=0.00 games=127 over=0 card=0 drop=0 L=0.00963 L/var=0.14 tgt=+0.231/0.262 aux=0.0000/1.000 cfg/b=23561 prep=0.10s gpu=0.00s conv=0.00s add=0.14s train=1.27s
[t= 151.5s] rebel stream solves=78848 raw=521/s balanced=521/s debt=0 rows steps=308 horizon=0.00 games=185 over=0 card=0 drop=0 L=0.00942 L/var=0.12 tgt=+0.223/0.278 aux=0.0000/1.000 cfg/b=23927 prep=0.11s gpu=0.00s conv=0.00s add=0.18s train=1.50s
[t= 161.5s] rebel stream solves=84992 raw=526/s balanced=526/s debt=0 rows steps=332 horizon=0.00 games=160 over=0 card=0 drop=0 L=0.00906 L/var=0.12 tgt=+0.221/0.270 aux=0.0000/1.000 cfg/b=23866 prep=0.11s gpu=0.00s conv=0.00s add=0.16s train=1.50s
[t= 171.5s] rebel stream solves=89088 raw=519/s balanced=519/s debt=0 rows steps=348 horizon=0.00 games=92 over=0 card=0 drop=0 L=0.00915 L/var=0.14 tgt=+0.234/0.259 aux=0.0000/1.000 cfg/b=23978 prep=0.06s gpu=0.00s conv=0.00s add=0.11s train=0.97s
[t= 181.7s] rebel stream solves=94208 raw=519/s balanced=519/s debt=0 rows steps=368 horizon=0.00 games=127 over=0 card=0 drop=0 L=0.00942 L/var=0.14 tgt=+0.229/0.260 aux=0.0001/1.000 cfg/b=23451 prep=0.09s gpu=0.00s conv=0.00s add=0.11s train=1.24s
[t= 191.8s] rebel stream solves=99328 raw=518/s balanced=518/s debt=0 rows steps=388 horizon=0.00 games=113 over=0 card=0 drop=0 L=0.00893 L/var=0.12 tgt=+0.222/0.271 aux=0.0000/1.000 cfg/b=23608 prep=0.09s gpu=0.00s conv=0.00s add=0.13s train=1.25s
[t= 201.8s] rebel stream solves=104448 raw=518/s balanced=518/s debt=0 rows steps=408 horizon=0.00 games=129 over=0 card=0 drop=0 L=0.00948 L/var=0.10 tgt=+0.230/0.303 aux=0.0000/1.000 cfg/b=22852 prep=0.09s gpu=0.00s conv=0.00s add=0.12s train=1.21s
[t= 211.9s] rebel stream solves=109568 raw=517/s balanced=517/s debt=0 rows steps=428 horizon=0.00 games=131 over=0 card=0 drop=0 L=0.00935 L/var=0.10 tgt=+0.217/0.311 aux=0.0000/1.000 cfg/b=22699 prep=0.09s gpu=0.00s conv=0.00s add=0.14s train=1.24s
[t= 221.9s] rebel stream solves=115712 raw=522/s balanced=522/s debt=0 rows steps=452 horizon=0.00 games=160 over=0 card=0 drop=0 L=0.00979 L/var=0.10 tgt=+0.206/0.308 aux=0.0001/1.000 cfg/b=22917 prep=0.09s gpu=0.00s conv=0.00s add=0.16s train=1.43s
[t= 232.0s] rebel stream solves=119808 raw=517/s balanced=517/s debt=0 rows steps=468 horizon=0.00 games=107 over=0 card=0 drop=0 L=0.01080 L/var=0.10 tgt=+0.201/0.322 aux=0.0001/1.000 cfg/b=22907 prep=0.07s gpu=0.00s conv=0.00s add=0.12s train=0.98s
[t= 241.3s] --- lr -> 2.50e-04 ---
[t= 242.0s] rebel stream solves=122880 raw=508/s balanced=508/s debt=0 rows steps=480 horizon=0.00 games=57 over=0 card=0 drop=0 L=0.01003 L/var=0.13 tgt=+0.214/0.281 aux=0.0000/1.000 cfg/b=23208 prep=0.06s gpu=0.00s conv=0.00s add=0.10s train=0.75s
[t= 252.0s] rebel stream solves=126976 raw=504/s balanced=504/s debt=0 rows steps=496 horizon=0.00 games=101 over=0 card=0 drop=0 L=0.01053 L/var=0.11 tgt=+0.209/0.307 aux=0.0000/1.000 cfg/b=23015 prep=0.08s gpu=0.00s conv=0.00s add=0.10s train=0.99s
[t= 262.0s] rebel stream solves=131072 raw=500/s balanced=500/s debt=0 rows steps=512 horizon=0.00 games=110 over=0 card=0 drop=0 L=0.00992 L/var=0.11 tgt=+0.220/0.300 aux=0.0001/1.000 cfg/b=23075 prep=0.08s gpu=0.00s conv=0.00s add=0.13s train=1.03s
[t= 272.0s] rebel stream solves=136192 raw=501/s balanced=501/s debt=0 rows steps=532 horizon=0.00 games=128 over=0 card=0 drop=0 L=0.01042 L/var=0.10 tgt=+0.203/0.322 aux=0.0001/1.000 cfg/b=23210 prep=0.09s gpu=0.00s conv=0.00s add=0.16s train=1.25s
[t= 282.1s] rebel stream solves=140288 raw=497/s balanced=497/s debt=0 rows steps=548 horizon=0.00 games=94 over=0 card=0 drop=0 L=0.01017 L/var=0.08 tgt=+0.203/0.356 aux=0.0000/1.000 cfg/b=23004 prep=0.08s gpu=0.00s conv=0.00s add=0.13s train=1.03s
[t= 292.1s] rebel stream solves=145408 raw=498/s balanced=498/s debt=0 rows steps=568 horizon=0.00 games=130 over=0 card=0 drop=0 L=0.01073 L/var=0.08 tgt=+0.208/0.356 aux=0.0000/1.000 cfg/b=23318 prep=0.09s gpu=0.00s conv=0.00s add=0.14s train=1.22s
[t= 302.1s] rebel stream solves=149504 raw=495/s balanced=495/s debt=0 rows steps=584 horizon=0.00 games=110 over=0 card=0 drop=0 L=0.01083 L/var=0.09 tgt=+0.199/0.356 aux=0.0000/1.000 cfg/b=22991 prep=0.07s gpu=0.00s conv=0.00s add=0.10s train=0.97s
[t= 312.1s] rebel stream solves=154624 raw=495/s balanced=495/s debt=0 rows steps=604 horizon=0.01 games=142 over=0 card=0 drop=0 L=0.01033 L/var=0.09 tgt=+0.195/0.348 aux=0.0000/1.000 cfg/b=23232 prep=0.10s gpu=0.00s conv=0.00s add=0.13s train=1.23s
[t= 322.3s] rebel stream solves=159744 raw=496/s balanced=496/s debt=0 rows steps=624 horizon=0.00 games=120 over=0 card=0 drop=0 L=0.01011 L/var=0.09 tgt=+0.209/0.329 aux=0.0001/1.000 cfg/b=23114 prep=0.09s gpu=0.00s conv=0.00s add=0.17s train=1.23s
[t= 332.3s] rebel stream solves=164864 raw=496/s balanced=496/s debt=0 rows steps=644 horizon=0.00 games=108 over=0 card=0 drop=0 L=0.01071 L/var=0.08 tgt=+0.197/0.369 aux=0.0000/1.000 cfg/b=23096 prep=0.09s gpu=0.00s conv=0.00s add=0.16s train=1.26s
[t= 340.0s] --- stopping GPU admission; draining ---
[t= 342.4s] rebel stream solves=168960 raw=494/s balanced=494/s debt=0 rows steps=660 horizon=0.00 games=96 over=0 card=0 drop=0 L=0.01078 L/var=0.06 tgt=+0.158/0.423 aux=0.0001/1.000 cfg/b=23616 prep=0.08s gpu=0.00s conv=0.00s add=0.13s train=1.01s
[t= 346.6s] rebel stream solves=169808 raw=490/s balanced=490/s debt=320 rows steps=663 horizon=0.00 games=0 over=0 card=0 drop=0 L=0.01058 L/var=0.06 tgt=+0.179/0.410 aux=0.0001/1.000 cfg/b=22806 prep=0.01s gpu=0.00s conv=0.00s add=0.03s train=0.19s
[gpu-summary] solves=169808 optimizer_rows=678912 debt=320 raw=471.7/s balanced=471.5/s horizon=0.00 games=3638 over=0 card=0 exact=0 censored=1152 dropped=0 overrun=0.00s
[t= 360.0s] --- snapshot snap_01.pt (final) ---
