[train] runs/explore at a9b3044+dirty seed=1 {'note': 'one explorer per walk, no re-deal'}
[train] one explorer per walk, no re-deal
[cpu] pinned to 36 physical cores
[train] CUDA stream priority -1
[gpu] solve services up on [0, 1]
[cfg] PUBFEAT=897 CFEAT=16 hidden=384 head=384 dg=64 rank=64 depth=2 iters=64 budget=1800s warm=300s snapshot_every=6min device=cuda:1 draft=random train_gen_ratio=4.0 recent_mix=0.5/0.2 augment=True cap=2000000 matmul=high
[t=   2.3s] greedy ep  0 games=  96 dec= 18968 rows= 18118 horizon=0.30 L=0.07956 L/var=0.34 tgt=-0.023/0.482 pstd=0.498 gen=0.1s train=2.1s
[t=   4.2s] greedy ep  1 games=  96 dec= 18844 rows= 18051 horizon=0.33 L=0.03483 L/var=0.14 tgt=-0.058/0.494 pstd=0.500 gen=0.1s train=1.7s
[t=   6.0s] greedy ep  2 games=  96 dec= 18181 rows= 17414 horizon=0.27 L=0.03058 L/var=0.12 tgt=-0.025/0.512 pstd=0.493 gen=0.1s train=1.6s
[t=   7.8s] greedy ep  3 games=  96 dec= 17989 rows= 17120 horizon=0.26 L=0.02883 L/var=0.12 tgt=-0.029/0.495 pstd=0.482 gen=0.1s train=1.6s
[t=   9.7s] greedy ep  4 games=  96 dec= 18823 rows= 18078 horizon=0.29 L=0.02311 L/var=0.10 tgt=-0.022/0.471 pstd=0.498 gen=0.1s train=1.7s
[t=  11.6s] greedy ep  5 games=  96 dec= 18924 rows= 18146 horizon=0.33 L=0.02200 L/var=0.09 tgt=-0.029/0.496 pstd=0.500 gen=0.1s train=1.7s
[t=  13.4s] greedy ep  6 games=  96 dec= 17615 rows= 16921 horizon=0.26 L=0.02179 L/var=0.08 tgt=-0.041/0.511 pstd=0.498 gen=0.1s train=1.6s
[t=  15.3s] greedy ep  7 games=  96 dec= 18608 rows= 17786 horizon=0.36 L=0.01952 L/var=0.08 tgt=-0.065/0.495 pstd=0.499 gen=0.1s train=1.6s
[t=  17.2s] greedy ep  8 games=  96 dec= 19040 rows= 18296 horizon=0.36 L=0.01775 L/var=0.08 tgt=-0.019/0.484 pstd=0.492 gen=0.1s train=1.7s
[t=  19.0s] greedy ep  9 games=  96 dec= 18200 rows= 17459 horizon=0.27 L=0.01901 L/var=0.07 tgt=-0.034/0.513 pstd=0.491 gen=0.1s train=1.6s
[t=  20.8s] greedy ep 10 games=  96 dec= 17927 rows= 17200 horizon=0.24 L=0.01855 L/var=0.07 tgt=-0.036/0.524 pstd=0.480 gen=0.1s train=1.6s
[t=  22.7s] greedy ep 11 games=  96 dec= 17941 rows= 17162 horizon=0.28 L=0.01818 L/var=0.08 tgt=-0.044/0.477 pstd=0.491 gen=0.1s train=1.6s
[t=  24.4s] greedy ep 12 games=  96 dec= 17384 rows= 16648 horizon=0.25 L=0.01869 L/var=0.07 tgt=-0.023/0.503 pstd=0.493 gen=0.1s train=1.6s
[t=  26.2s] greedy ep 13 games=  96 dec= 18153 rows= 17377 horizon=0.28 L=0.01799 L/var=0.07 tgt=-0.027/0.502 pstd=0.497 gen=0.1s train=1.6s
[t=  28.1s] greedy ep 14 games=  96 dec= 18097 rows= 17377 horizon=0.26 L=0.01755 L/var=0.07 tgt=-0.037/0.511 pstd=0.491 gen=0.1s train=1.6s
[t=  29.9s] greedy ep 15 games=  96 dec= 18356 rows= 17581 horizon=0.30 L=0.01719 L/var=0.07 tgt=-0.023/0.496 pstd=0.504 gen=0.1s train=1.6s
[t=  31.8s] greedy ep 16 games=  96 dec= 19141 rows= 18328 horizon=0.32 L=0.01574 L/var=0.07 tgt=+0.010/0.479 pstd=0.484 gen=0.1s train=1.7s
[t=  33.8s] greedy ep 17 games=  96 dec= 18885 rows= 18173 horizon=0.30 L=0.01633 L/var=0.06 tgt=-0.054/0.508 pstd=0.486 gen=0.1s train=1.7s
[t=  35.6s] greedy ep 18 games=  96 dec= 17886 rows= 17103 horizon=0.25 L=0.01823 L/var=0.07 tgt=-0.021/0.507 pstd=0.479 gen=0.1s train=1.6s
[t=  37.4s] greedy ep 19 games=  96 dec= 17738 rows= 16961 horizon=0.23 L=0.01783 L/var=0.06 tgt=-0.065/0.530 pstd=0.465 gen=0.1s train=1.6s
[t=  39.2s] greedy ep 20 games=  96 dec= 17716 rows= 17039 horizon=0.28 L=0.01724 L/var=0.07 tgt=-0.071/0.515 pstd=0.483 gen=0.1s train=1.6s
[t=  41.0s] greedy ep 21 games=  96 dec= 17777 rows= 17032 horizon=0.23 L=0.01709 L/var=0.06 tgt=-0.051/0.520 pstd=0.476 gen=0.1s train=1.6s
[t=  42.8s] greedy ep 22 games=  96 dec= 18472 rows= 17732 horizon=0.33 L=0.01576 L/var=0.07 tgt=-0.019/0.474 pstd=0.488 gen=0.1s train=1.7s
[t=  44.7s] greedy ep 23 games=  96 dec= 18429 rows= 17627 horizon=0.27 L=0.01598 L/var=0.07 tgt=-0.006/0.478 pstd=0.484 gen=0.1s train=1.6s
[t=  46.6s] greedy ep 24 games=  96 dec= 18992 rows= 18327 horizon=0.35 L=0.01660 L/var=0.07 tgt=-0.014/0.487 pstd=0.493 gen=0.1s train=1.7s
[t=  48.5s] greedy ep 25 games=  96 dec= 18039 rows= 17262 horizon=0.23 L=0.01806 L/var=0.07 tgt=-0.025/0.517 pstd=0.513 gen=0.1s train=1.6s
[t=  50.4s] greedy ep 26 games=  96 dec= 19627 rows= 18805 horizon=0.33 L=0.01722 L/var=0.07 tgt=-0.037/0.501 pstd=0.494 gen=0.1s train=1.8s
[t=  52.3s] greedy ep 27 games=  96 dec= 18752 rows= 17930 horizon=0.27 L=0.01636 L/var=0.07 tgt=-0.031/0.485 pstd=0.508 gen=0.1s train=1.7s
[t=  54.3s] greedy ep 28 games=  96 dec= 19116 rows= 18327 horizon=0.31 L=0.01694 L/var=0.07 tgt=-0.035/0.484 pstd=0.486 gen=0.1s train=1.7s
[t=  56.0s] greedy ep 29 games=  96 dec= 18708 rows= 17952 horizon=0.27 L=0.01708 L/var=0.07 tgt=-0.051/0.503 pstd=0.502 gen=0.1s train=1.6s
[t=  58.0s] greedy ep 30 games=  96 dec= 19066 rows= 18248 horizon=0.31 L=0.01614 L/var=0.07 tgt=-0.032/0.479 pstd=0.499 gen=0.1s train=1.7s
[t=  59.9s] greedy ep 31 games=  96 dec= 18369 rows= 17570 horizon=0.26 L=0.01656 L/var=0.06 tgt=-0.041/0.509 pstd=0.503 gen=0.1s train=1.7s
[t=  61.8s] greedy ep 32 games=  96 dec= 18567 rows= 17800 horizon=0.30 L=0.01607 L/var=0.07 tgt=+0.001/0.480 pstd=0.495 gen=0.1s train=1.7s
[t=  63.6s] greedy ep 33 games=  96 dec= 18636 rows= 17813 horizon=0.31 L=0.01620 L/var=0.06 tgt=-0.002/0.514 pstd=0.473 gen=0.1s train=1.7s
[t=  65.5s] greedy ep 34 games=  96 dec= 18664 rows= 17825 horizon=0.29 L=0.01640 L/var=0.08 tgt=+0.020/0.463 pstd=0.488 gen=0.1s train=1.7s
[t=  67.4s] greedy ep 35 games=  96 dec= 17787 rows= 17046 horizon=0.22 L=0.01671 L/var=0.06 tgt=-0.039/0.539 pstd=0.485 gen=0.1s train=1.6s
[t=  69.3s] greedy ep 36 games=  96 dec= 19279 rows= 18442 horizon=0.33 L=0.01736 L/var=0.08 tgt=-0.046/0.480 pstd=0.514 gen=0.1s train=1.7s
[t=  71.2s] greedy ep 37 games=  96 dec= 18316 rows= 17468 horizon=0.32 L=0.01651 L/var=0.06 tgt=-0.034/0.532 pstd=0.499 gen=0.1s train=1.6s
[t=  73.1s] greedy ep 38 games=  96 dec= 19158 rows= 18321 horizon=0.32 L=0.01641 L/var=0.07 tgt=-0.020/0.472 pstd=0.497 gen=0.1s train=1.7s
[t=  75.0s] greedy ep 39 games=  96 dec= 18549 rows= 17774 horizon=0.26 L=0.01656 L/var=0.06 tgt=-0.037/0.514 pstd=0.508 gen=0.1s train=1.6s
[t=  76.9s] greedy ep 40 games=  96 dec= 18971 rows= 18211 horizon=0.34 L=0.01662 L/var=0.08 tgt=-0.007/0.461 pstd=0.499 gen=0.1s train=1.7s
[t=  78.8s] greedy ep 41 games=  96 dec= 18692 rows= 17843 horizon=0.28 L=0.01650 L/var=0.06 tgt=-0.044/0.507 pstd=0.497 gen=0.1s train=1.7s
[t=  80.8s] greedy ep 42 games=  96 dec= 19162 rows= 18375 horizon=0.38 L=0.01621 L/var=0.07 tgt=-0.035/0.494 pstd=0.494 gen=0.1s train=1.8s
[t=  82.8s] greedy ep 43 games=  96 dec= 19468 rows= 18602 horizon=0.35 L=0.01653 L/var=0.08 tgt=-0.058/0.456 pstd=0.484 gen=0.1s train=1.8s
[t=  84.6s] greedy ep 44 games=  96 dec= 18443 rows= 17624 horizon=0.28 L=0.01653 L/var=0.07 tgt=-0.009/0.479 pstd=0.491 gen=0.1s train=1.6s
[t=  86.4s] greedy ep 45 games=  96 dec= 17350 rows= 16706 horizon=0.25 L=0.01720 L/var=0.06 tgt=-0.084/0.527 pstd=0.489 gen=0.1s train=1.5s
[t=  88.2s] greedy ep 46 games=  96 dec= 17993 rows= 17239 horizon=0.28 L=0.01735 L/var=0.07 tgt=-0.013/0.495 pstd=0.482 gen=0.1s train=1.6s
[t=  90.1s] greedy ep 47 games=  96 dec= 18984 rows= 18180 horizon=0.29 L=0.01727 L/var=0.08 tgt=-0.024/0.472 pstd=0.494 gen=0.1s train=1.7s
[t=  92.0s] greedy ep 48 games=  96 dec= 18071 rows= 17405 horizon=0.30 L=0.01672 L/var=0.06 tgt=-0.041/0.510 pstd=0.492 gen=0.1s train=1.6s
[t=  94.0s] greedy ep 49 games=  96 dec= 19599 rows= 18844 horizon=0.40 L=0.01580 L/var=0.08 tgt=-0.000/0.457 pstd=0.485 gen=0.1s train=1.8s
[t=  95.8s] greedy ep 50 games=  96 dec= 17856 rows= 17099 horizon=0.25 L=0.01671 L/var=0.06 tgt=-0.060/0.543 pstd=0.461 gen=0.1s train=1.6s
[t=  97.6s] greedy ep 51 games=  96 dec= 17858 rows= 17043 horizon=0.24 L=0.01633 L/var=0.06 tgt=-0.027/0.530 pstd=0.489 gen=0.1s train=1.6s
[t=  99.5s] greedy ep 52 games=  96 dec= 18973 rows= 18262 horizon=0.35 L=0.01760 L/var=0.08 tgt=-0.041/0.460 pstd=0.492 gen=0.1s train=1.7s
[t= 101.3s] greedy ep 53 games=  96 dec= 17565 rows= 16777 horizon=0.19 L=0.01705 L/var=0.07 tgt=-0.031/0.511 pstd=0.477 gen=0.1s train=1.6s
[t= 103.2s] greedy ep 54 games=  96 dec= 17835 rows= 17151 horizon=0.25 L=0.01747 L/var=0.07 tgt=-0.001/0.492 pstd=0.485 gen=0.1s train=1.6s
[t= 105.0s] greedy ep 55 games=  96 dec= 17927 rows= 17096 horizon=0.25 L=0.01622 L/var=0.07 tgt=-0.008/0.470 pstd=0.475 gen=0.1s train=1.6s
[t= 106.9s] greedy ep 56 games=  96 dec= 18561 rows= 17765 horizon=0.28 L=0.01749 L/var=0.07 tgt=-0.036/0.484 pstd=0.478 gen=0.1s train=1.6s
[t= 108.7s] greedy ep 57 games=  96 dec= 18688 rows= 17872 horizon=0.25 L=0.01727 L/var=0.07 tgt=-0.014/0.515 pstd=0.479 gen=0.1s train=1.6s
[t= 110.6s] greedy ep 58 games=  96 dec= 19251 rows= 18414 horizon=0.34 L=0.01705 L/var=0.07 tgt=-0.060/0.493 pstd=0.469 gen=0.1s train=1.7s
[t= 112.6s] greedy ep 59 games=  96 dec= 19596 rows= 18724 horizon=0.36 L=0.01603 L/var=0.08 tgt=-0.050/0.460 pstd=0.500 gen=0.1s train=1.7s
[t= 114.5s] greedy ep 60 games=  96 dec= 18869 rows= 17979 horizon=0.30 L=0.01662 L/var=0.07 tgt=-0.032/0.484 pstd=0.489 gen=0.1s train=1.7s
[t= 116.4s] greedy ep 61 games=  96 dec= 18419 rows= 17673 horizon=0.25 L=0.01630 L/var=0.06 tgt=-0.009/0.517 pstd=0.491 gen=0.1s train=1.6s
[t= 118.2s] greedy ep 62 games=  96 dec= 19032 rows= 18186 horizon=0.32 L=0.01605 L/var=0.06 tgt=-0.036/0.503 pstd=0.470 gen=0.1s train=1.7s
[t= 120.2s] greedy ep 63 games=  96 dec= 19220 rows= 18443 horizon=0.29 L=0.01660 L/var=0.07 tgt=-0.008/0.491 pstd=0.469 gen=0.1s train=1.7s
[t= 122.0s] greedy ep 64 games=  96 dec= 17814 rows= 17050 horizon=0.25 L=0.01589 L/var=0.06 tgt=-0.045/0.519 pstd=0.481 gen=0.1s train=1.6s
[t= 123.9s] greedy ep 65 games=  96 dec= 18244 rows= 17509 horizon=0.28 L=0.01633 L/var=0.06 tgt=-0.026/0.503 pstd=0.498 gen=0.1s train=1.6s
[t= 125.7s] greedy ep 66 games=  96 dec= 18182 rows= 17491 horizon=0.29 L=0.01679 L/var=0.07 tgt=-0.037/0.498 pstd=0.493 gen=0.1s train=1.6s
[t= 127.6s] greedy ep 67 games=  96 dec= 18981 rows= 18182 horizon=0.35 L=0.01574 L/var=0.06 tgt=-0.023/0.511 pstd=0.491 gen=0.1s train=1.7s
[t= 129.5s] greedy ep 68 games=  96 dec= 18200 rows= 17313 horizon=0.25 L=0.01679 L/var=0.07 tgt=-0.016/0.502 pstd=0.492 gen=0.1s train=1.6s
[t= 131.3s] greedy ep 69 games=  96 dec= 18393 rows= 17591 horizon=0.28 L=0.01609 L/var=0.06 tgt=-0.053/0.510 pstd=0.510 gen=0.1s train=1.6s
[t= 133.2s] greedy ep 70 games=  96 dec= 18464 rows= 17707 horizon=0.33 L=0.01602 L/var=0.07 tgt=-0.039/0.486 pstd=0.489 gen=0.1s train=1.6s
[t= 135.0s] greedy ep 71 games=  96 dec= 18120 rows= 17396 horizon=0.26 L=0.01622 L/var=0.06 tgt=-0.031/0.525 pstd=0.491 gen=0.1s train=1.6s
[t= 137.0s] greedy ep 72 games=  96 dec= 19113 rows= 18368 horizon=0.34 L=0.01589 L/var=0.06 tgt=-0.075/0.504 pstd=0.490 gen=0.1s train=1.7s
[t= 138.8s] greedy ep 73 games=  96 dec= 17603 rows= 16838 horizon=0.20 L=0.01669 L/var=0.06 tgt=-0.037/0.525 pstd=0.490 gen=0.1s train=1.6s
[t= 140.6s] greedy ep 74 games=  96 dec= 18477 rows= 17679 horizon=0.27 L=0.01628 L/var=0.06 tgt=-0.065/0.534 pstd=0.491 gen=0.1s train=1.7s
[t= 142.6s] greedy ep 75 games=  96 dec= 19740 rows= 18936 horizon=0.40 L=0.01549 L/var=0.07 tgt=+0.013/0.468 pstd=0.521 gen=0.1s train=1.8s
[t= 144.4s] greedy ep 76 games=  96 dec= 18307 rows= 17464 horizon=0.20 L=0.01706 L/var=0.07 tgt=-0.020/0.496 pstd=0.508 gen=0.1s train=1.6s
[t= 146.3s] greedy ep 77 games=  96 dec= 18119 rows= 17313 horizon=0.25 L=0.01723 L/var=0.07 tgt=-0.031/0.501 pstd=0.498 gen=0.1s train=1.7s
[t= 148.2s] greedy ep 78 games=  96 dec= 18056 rows= 17283 horizon=0.26 L=0.01636 L/var=0.06 tgt=-0.041/0.514 pstd=0.483 gen=0.1s train=1.6s
[t= 150.0s] greedy ep 79 games=  96 dec= 18309 rows= 17527 horizon=0.28 L=0.01634 L/var=0.07 tgt=-0.007/0.493 pstd=0.493 gen=0.1s train=1.6s
[t= 151.9s] greedy ep 80 games=  96 dec= 18361 rows= 17605 horizon=0.29 L=0.01594 L/var=0.06 tgt=-0.024/0.508 pstd=0.488 gen=0.1s train=1.7s
[t= 153.7s] greedy ep 81 games=  96 dec= 17527 rows= 16734 horizon=0.25 L=0.01630 L/var=0.06 tgt=-0.020/0.532 pstd=0.492 gen=0.1s train=1.6s
[t= 155.5s] greedy ep 82 games=  96 dec= 17529 rows= 16756 horizon=0.23 L=0.01630 L/var=0.06 tgt=-0.028/0.509 pstd=0.477 gen=0.1s train=1.6s
[t= 157.2s] greedy ep 83 games=  96 dec= 16779 rows= 15994 horizon=0.18 L=0.01707 L/var=0.06 tgt=-0.021/0.539 pstd=0.461 gen=0.1s train=1.5s
[t= 159.2s] greedy ep 84 games=  96 dec= 19106 rows= 18300 horizon=0.35 L=0.01720 L/var=0.07 tgt=-0.045/0.483 pstd=0.499 gen=0.1s train=1.7s
[t= 161.1s] greedy ep 85 games=  96 dec= 18736 rows= 17960 horizon=0.29 L=0.01657 L/var=0.07 tgt=-0.044/0.501 pstd=0.480 gen=0.1s train=1.7s
[t= 162.9s] greedy ep 86 games=  96 dec= 18107 rows= 17332 horizon=0.26 L=0.01625 L/var=0.07 tgt=-0.020/0.485 pstd=0.483 gen=0.1s train=1.6s
[t= 164.7s] greedy ep 87 games=  96 dec= 17330 rows= 16586 horizon=0.24 L=0.01663 L/var=0.07 tgt=-0.048/0.503 pstd=0.491 gen=0.1s train=1.5s
[t= 166.5s] greedy ep 88 games=  96 dec= 18635 rows= 17758 horizon=0.27 L=0.01559 L/var=0.06 tgt=-0.026/0.514 pstd=0.482 gen=0.1s train=1.6s
[t= 168.3s] greedy ep 89 games=  96 dec= 17378 rows= 16633 horizon=0.24 L=0.01573 L/var=0.06 tgt=-0.051/0.525 pstd=0.490 gen=0.1s train=1.5s
[t= 170.2s] greedy ep 90 games=  96 dec= 18682 rows= 17886 horizon=0.31 L=0.01586 L/var=0.06 tgt=-0.059/0.505 pstd=0.469 gen=0.1s train=1.7s
[t= 172.0s] greedy ep 91 games=  96 dec= 18758 rows= 18046 horizon=0.32 L=0.01566 L/var=0.07 tgt=-0.021/0.471 pstd=0.472 gen=0.1s train=1.6s
[t= 174.0s] greedy ep 92 games=  96 dec= 18910 rows= 18161 horizon=0.30 L=0.01575 L/var=0.07 tgt=-0.051/0.484 pstd=0.476 gen=0.1s train=1.7s
[t= 175.8s] greedy ep 93 games=  96 dec= 18404 rows= 17653 horizon=0.34 L=0.01538 L/var=0.06 tgt=-0.078/0.496 pstd=0.483 gen=0.1s train=1.7s
[t= 177.7s] greedy ep 94 games=  96 dec= 18792 rows= 18006 horizon=0.33 L=0.01552 L/var=0.07 tgt=-0.046/0.481 pstd=0.470 gen=0.1s train=1.7s
[t= 179.6s] greedy ep 95 games=  96 dec= 18762 rows= 17940 horizon=0.24 L=0.01567 L/var=0.06 tgt=-0.044/0.515 pstd=0.490 gen=0.1s train=1.7s
[t= 181.5s] greedy ep 96 games=  96 dec= 17651 rows= 16892 horizon=0.24 L=0.01617 L/var=0.06 tgt=-0.034/0.512 pstd=0.471 gen=0.1s train=1.6s
[t= 183.2s] greedy ep 97 games=  96 dec= 17701 rows= 17006 horizon=0.27 L=0.01622 L/var=0.06 tgt=-0.034/0.509 pstd=0.484 gen=0.1s train=1.6s
[t= 185.2s] greedy ep 98 games=  96 dec= 18691 rows= 17958 horizon=0.35 L=0.01600 L/var=0.07 tgt=-0.032/0.471 pstd=0.500 gen=0.1s train=1.7s
[t= 187.1s] greedy ep 99 games=  96 dec= 19149 rows= 18268 horizon=0.29 L=0.01668 L/var=0.07 tgt=-0.001/0.483 pstd=0.480 gen=0.1s train=1.7s
[t= 188.9s] greedy ep100 games=  96 dec= 17996 rows= 17268 horizon=0.27 L=0.01547 L/var=0.06 tgt=-0.027/0.517 pstd=0.489 gen=0.1s train=1.6s
[t= 190.8s] greedy ep101 games=  96 dec= 17954 rows= 17173 horizon=0.26 L=0.01515 L/var=0.06 tgt=-0.045/0.510 pstd=0.491 gen=0.1s train=1.6s
[t= 192.5s] greedy ep102 games=  96 dec= 17228 rows= 16426 horizon=0.19 L=0.01556 L/var=0.06 tgt=-0.074/0.531 pstd=0.482 gen=0.1s train=1.5s
[t= 194.4s] greedy ep103 games=  96 dec= 17794 rows= 16980 horizon=0.24 L=0.01577 L/var=0.06 tgt=-0.069/0.518 pstd=0.469 gen=0.1s train=1.6s
[t= 196.3s] greedy ep104 games=  96 dec= 18854 rows= 17982 horizon=0.26 L=0.01584 L/var=0.06 tgt=-0.026/0.499 pstd=0.465 gen=0.1s train=1.7s
[t= 198.2s] greedy ep105 games=  96 dec= 18802 rows= 17936 horizon=0.30 L=0.01558 L/var=0.06 tgt=-0.031/0.509 pstd=0.478 gen=0.1s train=1.7s
[t= 200.1s] greedy ep106 games=  96 dec= 18161 rows= 17476 horizon=0.27 L=0.01555 L/var=0.06 tgt=-0.050/0.503 pstd=0.476 gen=0.1s train=1.6s
[t= 201.8s] greedy ep107 games=  96 dec= 17916 rows= 17157 horizon=0.27 L=0.01596 L/var=0.06 tgt=-0.050/0.499 pstd=0.471 gen=0.1s train=1.6s
[t= 203.7s] greedy ep108 games=  96 dec= 18149 rows= 17352 horizon=0.26 L=0.01609 L/var=0.06 tgt=-0.012/0.500 pstd=0.473 gen=0.1s train=1.6s
[t= 205.5s] greedy ep109 games=  96 dec= 18197 rows= 17400 horizon=0.24 L=0.01601 L/var=0.07 tgt=-0.026/0.496 pstd=0.492 gen=0.1s train=1.6s
[t= 207.3s] greedy ep110 games=  96 dec= 17538 rows= 16803 horizon=0.24 L=0.01689 L/var=0.06 tgt=-0.056/0.526 pstd=0.487 gen=0.1s train=1.6s
[t= 209.2s] greedy ep111 games=  96 dec= 19361 rows= 18532 horizon=0.36 L=0.01564 L/var=0.07 tgt=-0.045/0.483 pstd=0.459 gen=0.1s train=1.7s
[t= 211.1s] greedy ep112 games=  96 dec= 18029 rows= 17317 horizon=0.30 L=0.01509 L/var=0.06 tgt=-0.018/0.483 pstd=0.476 gen=0.1s train=1.6s
[t= 212.9s] greedy ep113 games=  96 dec= 18174 rows= 17387 horizon=0.28 L=0.01599 L/var=0.06 tgt=-0.033/0.531 pstd=0.453 gen=0.1s train=1.6s
[t= 214.8s] greedy ep114 games=  96 dec= 19319 rows= 18518 horizon=0.36 L=0.01574 L/var=0.07 tgt=-0.034/0.490 pstd=0.448 gen=0.1s train=1.7s
[t= 216.6s] greedy ep115 games=  96 dec= 17729 rows= 16977 horizon=0.17 L=0.01684 L/var=0.06 tgt=-0.002/0.516 pstd=0.435 gen=0.1s train=1.5s
[t= 218.5s] greedy ep116 games=  96 dec= 18403 rows= 17543 horizon=0.28 L=0.01555 L/var=0.06 tgt=-0.022/0.494 pstd=0.422 gen=0.1s train=1.6s
[t= 220.3s] greedy ep117 games=  96 dec= 17865 rows= 17051 horizon=0.27 L=0.01542 L/var=0.06 tgt=-0.033/0.509 pstd=0.429 gen=0.1s train=1.6s
[t= 222.3s] greedy ep118 games=  96 dec= 18550 rows= 17822 horizon=0.36 L=0.01651 L/var=0.06 tgt=-0.095/0.506 pstd=0.438 gen=0.1s train=1.7s
[t= 224.2s] greedy ep119 games=  96 dec= 18440 rows= 17650 horizon=0.26 L=0.01558 L/var=0.06 tgt=-0.045/0.500 pstd=0.442 gen=0.1s train=1.7s
[t= 226.1s] greedy ep120 games=  96 dec= 18888 rows= 17947 horizon=0.27 L=0.01525 L/var=0.07 tgt=-0.039/0.484 pstd=0.451 gen=0.1s train=1.7s
[t= 228.0s] greedy ep121 games=  96 dec= 18400 rows= 17640 horizon=0.29 L=0.01504 L/var=0.07 tgt=-0.014/0.473 pstd=0.433 gen=0.1s train=1.7s
[t= 230.2s] greedy ep122 games=  96 dec= 19500 rows= 18715 horizon=0.40 L=0.01482 L/var=0.07 tgt=-0.048/0.473 pstd=0.422 gen=0.1s train=1.9s
[t= 232.4s] greedy ep123 games=  96 dec= 18513 rows= 17694 horizon=0.27 L=0.01508 L/var=0.06 tgt=-0.021/0.514 pstd=0.444 gen=0.1s train=1.9s
[t= 234.6s] greedy ep124 games=  96 dec= 18892 rows= 18073 horizon=0.33 L=0.01442 L/var=0.06 tgt=-0.059/0.481 pstd=0.433 gen=0.1s train=1.9s
[t= 236.3s] greedy ep125 games=  96 dec= 18520 rows= 17651 horizon=0.25 L=0.01432 L/var=0.06 tgt=-0.025/0.500 pstd=0.434 gen=0.1s train=1.6s
[t= 238.3s] greedy ep126 games=  96 dec= 19645 rows= 18833 horizon=0.36 L=0.01434 L/var=0.06 tgt=-0.015/0.474 pstd=0.429 gen=0.1s train=1.7s
[t= 240.1s] greedy ep127 games=  96 dec= 17395 rows= 16683 horizon=0.19 L=0.01480 L/var=0.05 tgt=-0.006/0.530 pstd=0.430 gen=0.1s train=1.5s
[t= 242.0s] greedy ep128 games=  96 dec= 19317 rows= 18624 horizon=0.38 L=0.01432 L/var=0.06 tgt=-0.039/0.471 pstd=0.425 gen=0.1s train=1.7s
[t= 243.9s] greedy ep129 games=  96 dec= 18062 rows= 17333 horizon=0.27 L=0.01415 L/var=0.06 tgt=-0.022/0.483 pstd=0.422 gen=0.1s train=1.6s
[t= 245.7s] greedy ep130 games=  96 dec= 17908 rows= 17168 horizon=0.25 L=0.01438 L/var=0.06 tgt=-0.041/0.492 pstd=0.421 gen=0.1s train=1.6s
[t= 247.5s] greedy ep131 games=  96 dec= 17598 rows= 16794 horizon=0.20 L=0.01429 L/var=0.05 tgt=-0.048/0.526 pstd=0.416 gen=0.1s train=1.6s
[t= 249.4s] greedy ep132 games=  96 dec= 18760 rows= 17930 horizon=0.29 L=0.01475 L/var=0.06 tgt=-0.019/0.485 pstd=0.405 gen=0.1s train=1.7s
[t= 251.2s] greedy ep133 games=  96 dec= 18381 rows= 17624 horizon=0.30 L=0.01426 L/var=0.05 tgt=-0.062/0.524 pstd=0.427 gen=0.1s train=1.6s
[t= 253.0s] greedy ep134 games=  96 dec= 17570 rows= 16816 horizon=0.25 L=0.01377 L/var=0.05 tgt=-0.013/0.504 pstd=0.416 gen=0.1s train=1.6s
[t= 254.8s] greedy ep135 games=  96 dec= 17880 rows= 17050 horizon=0.19 L=0.01373 L/var=0.05 tgt=-0.041/0.536 pstd=0.430 gen=0.1s train=1.6s
[t= 256.6s] greedy ep136 games=  96 dec= 17693 rows= 16931 horizon=0.20 L=0.01402 L/var=0.05 tgt=-0.051/0.536 pstd=0.421 gen=0.1s train=1.6s
[t= 258.6s] greedy ep137 games=  96 dec= 18829 rows= 18139 horizon=0.33 L=0.01339 L/var=0.05 tgt=-0.050/0.495 pstd=0.409 gen=0.1s train=1.7s
[t= 260.4s] greedy ep138 games=  96 dec= 18667 rows= 17798 horizon=0.27 L=0.01326 L/var=0.06 tgt=-0.006/0.489 pstd=0.419 gen=0.1s train=1.6s
[t= 262.4s] greedy ep139 games=  96 dec= 19019 rows= 18235 horizon=0.33 L=0.01339 L/var=0.06 tgt=-0.015/0.475 pstd=0.415 gen=0.1s train=1.7s
[t= 264.2s] greedy ep140 games=  96 dec= 18185 rows= 17445 horizon=0.30 L=0.01271 L/var=0.05 tgt=-0.071/0.507 pstd=0.404 gen=0.1s train=1.6s
[t= 266.1s] greedy ep141 games=  96 dec= 19133 rows= 18326 horizon=0.31 L=0.01275 L/var=0.06 tgt=-0.003/0.464 pstd=0.400 gen=0.1s train=1.7s
[t= 267.9s] greedy ep142 games=  96 dec= 18194 rows= 17427 horizon=0.24 L=0.01338 L/var=0.05 tgt=-0.061/0.518 pstd=0.400 gen=0.1s train=1.6s
[t= 269.8s] greedy ep143 games=  96 dec= 18830 rows= 18028 horizon=0.30 L=0.01316 L/var=0.05 tgt=-0.009/0.498 pstd=0.412 gen=0.1s train=1.6s
[t= 271.7s] greedy ep144 games=  96 dec= 18909 rows= 18097 horizon=0.32 L=0.01311 L/var=0.05 tgt=-0.061/0.499 pstd=0.404 gen=0.1s train=1.7s
[t= 273.5s] greedy ep145 games=  96 dec= 17688 rows= 16849 horizon=0.23 L=0.01274 L/var=0.05 tgt=-0.031/0.509 pstd=0.389 gen=0.1s train=1.6s
[t= 275.4s] greedy ep146 games=  96 dec= 18242 rows= 17520 horizon=0.29 L=0.01291 L/var=0.05 tgt=-0.012/0.490 pstd=0.388 gen=0.1s train=1.6s
[t= 277.2s] greedy ep147 games=  96 dec= 17543 rows= 16790 horizon=0.23 L=0.01270 L/var=0.05 tgt=-0.040/0.509 pstd=0.388 gen=0.1s train=1.6s
[t= 279.1s] greedy ep148 games=  96 dec= 18707 rows= 17901 horizon=0.26 L=0.01341 L/var=0.05 tgt=-0.039/0.534 pstd=0.385 gen=0.1s train=1.6s
[t= 280.9s] greedy ep149 games=  96 dec= 18841 rows= 17963 horizon=0.30 L=0.01236 L/var=0.06 tgt=-0.009/0.474 pstd=0.391 gen=0.1s train=1.7s
[t= 282.9s] greedy ep150 games=  96 dec= 18647 rows= 17871 horizon=0.29 L=0.01233 L/var=0.05 tgt=-0.037/0.502 pstd=0.402 gen=0.1s train=1.7s
[t= 284.8s] greedy ep151 games=  96 dec= 19437 rows= 18611 horizon=0.34 L=0.01228 L/var=0.05 tgt=-0.053/0.485 pstd=0.383 gen=0.1s train=1.7s
[t= 286.8s] greedy ep152 games=  96 dec= 18772 rows= 17991 horizon=0.31 L=0.01211 L/var=0.05 tgt=-0.046/0.512 pstd=0.390 gen=0.1s train=1.7s
[t= 288.7s] greedy ep153 games=  96 dec= 19646 rows= 18733 horizon=0.40 L=0.01182 L/var=0.05 tgt=-0.023/0.485 pstd=0.383 gen=0.1s train=1.7s
[t= 290.6s] greedy ep154 games=  96 dec= 17859 rows= 17126 horizon=0.26 L=0.01151 L/var=0.04 tgt=-0.034/0.509 pstd=0.369 gen=0.1s train=1.6s
[t= 292.4s] greedy ep155 games=  96 dec= 18131 rows= 17315 horizon=0.25 L=0.01187 L/var=0.05 tgt=+0.011/0.497 pstd=0.389 gen=0.1s train=1.6s
[t= 294.2s] greedy ep156 games=  96 dec= 17706 rows= 16969 horizon=0.27 L=0.01206 L/var=0.05 tgt=-0.007/0.497 pstd=0.387 gen=0.1s train=1.6s
[t= 296.1s] greedy ep157 games=  96 dec= 18532 rows= 17740 horizon=0.27 L=0.01201 L/var=0.05 tgt=-0.021/0.507 pstd=0.389 gen=0.1s train=1.6s
[t= 298.1s] greedy ep158 games=  96 dec= 18583 rows= 17821 horizon=0.26 L=0.01199 L/var=0.05 tgt=-0.058/0.506 pstd=0.380 gen=0.1s train=1.7s
[t= 299.9s] greedy ep159 games=  96 dec= 17891 rows= 17137 horizon=0.25 L=0.01172 L/var=0.04 tgt=-0.046/0.528 pstd=0.359 gen=0.1s train=1.6s
[t= 301.7s] greedy ep160 games=  96 dec= 17495 rows= 16742 horizon=0.23 L=0.01240 L/var=0.05 tgt=-0.039/0.505 pstd=0.373 gen=0.1s train=1.5s
[t= 301.7s] --- snapshot snap_00.pt (init) ---
[t= 301.7s] --- switching to ReBeL ---
[t= 311.7s] rebel stream solves=16384 raw=1635/s balanced=1635/s debt=0 rows steps=64 horizon=0.00 games=0 over=0 card=0 drop=0 L=0.02709 L/var=0.51 tgt=-0.002/0.231 cfg/b=43999 prep=0.31s gpu=0.00s conv=0.02s add=0.58s train=1.91s
[t= 321.7s] rebel stream solves=44032 raw=2199/s balanced=2199/s debt=0 rows steps=172 horizon=0.00 games=0 over=0 card=0 drop=0 L=0.00530 L/var=0.14 tgt=+0.002/0.197 cfg/b=50282 prep=0.46s gpu=0.00s conv=0.04s add=1.04s train=3.03s
[t= 331.8s] rebel stream solves=57344 raw=1909/s balanced=1909/s debt=0 rows steps=224 horizon=0.00 games=0 over=0 card=0 drop=0 L=0.00323 L/var=0.08 tgt=+0.010/0.204 cfg/b=31185 prep=0.25s gpu=0.00s conv=0.01s add=0.38s train=1.49s
[t= 341.8s] rebel stream solves=71680 raw=1789/s balanced=1789/s debt=0 rows steps=280 horizon=0.00 games=0 over=0 card=0 drop=0 L=0.00275 L/var=0.06 tgt=+0.013/0.212 cfg/b=31773 prep=0.26s gpu=0.00s conv=0.01s add=0.41s train=1.61s
[t= 351.8s] rebel stream solves=84992 raw=1697/s balanced=1697/s debt=0 rows steps=332 horizon=0.00 games=0 over=0 card=0 drop=0 L=0.00257 L/var=0.05 tgt=+0.020/0.228 cfg/b=25440 prep=0.29s gpu=0.00s conv=0.01s add=0.25s train=1.59s
[t= 361.8s] rebel stream solves=95232 raw=1584/s balanced=1584/s debt=0 rows steps=372 horizon=0.00 games=3 over=0 card=0 drop=0 L=0.00237 L/var=0.04 tgt=+0.026/0.232 cfg/b=22366 prep=0.24s gpu=0.00s conv=0.00s add=0.18s train=1.32s
[t= 371.8s] rebel stream solves=105472 raw=1504/s balanced=1504/s debt=0 rows steps=412 horizon=0.00 games=6 over=0 card=0 drop=0 L=0.00237 L/var=0.04 tgt=+0.027/0.243 cfg/b=21368 prep=0.27s gpu=0.00s conv=0.01s add=0.17s train=1.28s
[t= 381.9s] rebel stream solves=114688 raw=1431/s balanced=1431/s debt=0 rows steps=448 horizon=0.00 games=11 over=0 card=0 drop=0 L=0.00238 L/var=0.03 tgt=+0.029/0.261 cfg/b=20418 prep=0.30s gpu=0.00s conv=0.00s add=0.13s train=1.15s
[t= 391.9s] rebel stream solves=123904 raw=1374/s balanced=1374/s debt=0 rows steps=484 horizon=0.00 games=16 over=0 card=0 drop=0 L=0.00252 L/var=0.03 tgt=+0.047/0.277 cfg/b=19324 prep=0.28s gpu=0.00s conv=0.00s add=0.14s train=1.16s
[t= 402.0s] rebel stream solves=134144 raw=1337/s balanced=1337/s debt=0 rows steps=524 horizon=0.00 games=34 over=0 card=0 drop=0 L=0.00286 L/var=0.04 tgt=+0.051/0.284 cfg/b=18631 prep=0.23s gpu=0.00s conv=0.00s add=0.16s train=1.19s
[t= 412.1s] rebel stream solves=143360 raw=1299/s balanced=1299/s debt=0 rows steps=560 horizon=0.00 games=56 over=0 card=0 drop=0 L=0.00334 L/var=0.04 tgt=+0.076/0.299 cfg/b=17608 prep=0.18s gpu=0.00s conv=0.00s add=0.15s train=1.03s
[t= 422.1s] rebel stream solves=153600 raw=1276/s balanced=1276/s debt=0 rows steps=600 horizon=0.00 games=93 over=0 card=0 drop=0 L=0.00381 L/var=0.05 tgt=+0.058/0.288 cfg/b=17327 prep=0.26s gpu=0.00s conv=0.00s add=0.15s train=1.16s
[t= 432.1s] rebel stream solves=164864 raw=1265/s balanced=1265/s debt=0 rows steps=644 horizon=0.00 games=105 over=0 card=0 drop=0 L=0.00403 L/var=0.05 tgt=+0.061/0.278 cfg/b=16889 prep=0.25s gpu=0.00s conv=0.00s add=0.16s train=1.22s
[t= 442.1s] rebel stream solves=177152 raw=1262/s balanced=1262/s debt=0 rows steps=692 horizon=0.00 games=135 over=0 card=0 drop=0 L=0.00513 L/var=0.06 tgt=+0.061/0.285 cfg/b=16389 prep=0.21s gpu=0.00s conv=0.01s add=0.17s train=1.30s
[t= 452.2s] rebel stream solves=189440 raw=1259/s balanced=1259/s debt=0 rows steps=740 horizon=0.00 games=165 over=0 card=0 drop=0 L=0.00593 L/var=0.07 tgt=+0.063/0.294 cfg/b=16642 prep=0.29s gpu=0.00s conv=0.01s add=0.21s train=1.41s
[t= 462.3s] rebel stream solves=200704 raw=1250/s balanced=1250/s debt=0 rows steps=784 horizon=0.00 games=180 over=0 card=0 drop=0 L=0.00603 L/var=0.08 tgt=+0.061/0.281 cfg/b=16677 prep=0.22s gpu=0.00s conv=0.01s add=0.20s train=1.28s
[t= 472.3s] rebel stream solves=212992 raw=1249/s balanced=1249/s debt=0 rows steps=832 horizon=0.00 games=195 over=0 card=0 drop=0 L=0.00671 L/var=0.09 tgt=+0.040/0.268 cfg/b=16992 prep=0.24s gpu=0.00s conv=0.01s add=0.23s train=1.35s
[t= 482.3s] rebel stream solves=227328 raw=1259/s balanced=1259/s debt=0 rows steps=888 horizon=0.00 games=224 over=0 card=0 drop=0 L=0.00759 L/var=0.10 tgt=+0.045/0.275 cfg/b=16958 prep=0.26s gpu=0.00s conv=0.01s add=0.26s train=1.58s
[t= 492.3s] rebel stream solves=241664 raw=1268/s balanced=1268/s debt=0 rows steps=944 horizon=0.00 games=261 over=0 card=0 drop=0 L=0.00787 L/var=0.11 tgt=+0.029/0.269 cfg/b=17579 prep=0.31s gpu=0.00s conv=0.01s add=0.28s train=1.61s
[t= 502.4s] rebel stream solves=253952 raw=1266/s balanced=1266/s debt=0 rows steps=992 horizon=0.00 games=222 over=0 card=0 drop=0 L=0.00807 L/var=0.11 tgt=+0.025/0.269 cfg/b=17553 prep=0.23s gpu=0.00s conv=0.01s add=0.29s train=1.32s
[t= 512.4s] rebel stream solves=267264 raw=1269/s balanced=1269/s debt=0 rows steps=1044 horizon=0.00 games=252 over=0 card=0 drop=0 L=0.00826 L/var=0.12 tgt=+0.019/0.266 cfg/b=17579 prep=0.31s gpu=0.00s conv=0.01s add=0.29s train=1.50s
[t= 522.5s] rebel stream solves=280576 raw=1271/s balanced=1271/s debt=0 rows steps=1096 horizon=0.00 games=253 over=0 card=0 drop=0 L=0.00834 L/var=0.14 tgt=+0.022/0.245 cfg/b=17090 prep=0.26s gpu=0.00s conv=0.01s add=0.33s train=1.51s
[t= 532.5s] rebel stream solves=293888 raw=1273/s balanced=1273/s debt=0 rows steps=1148 horizon=0.00 games=254 over=0 card=0 drop=0 L=0.00872 L/var=0.14 tgt=+0.020/0.247 cfg/b=17252 prep=0.24s gpu=0.00s conv=0.01s add=0.34s train=1.45s
[t= 542.8s] rebel stream solves=307200 raw=1274/s balanced=1274/s debt=0 rows steps=1200 horizon=0.00 games=207 over=0 card=0 drop=0 L=0.00894 L/var=0.16 tgt=+0.019/0.236 cfg/b=17673 prep=0.28s gpu=0.00s conv=0.01s add=0.38s train=1.50s
[t= 552.8s] rebel stream solves=318464 raw=1269/s balanced=1269/s debt=0 rows steps=1244 horizon=0.00 games=190 over=0 card=0 drop=0 L=0.00825 L/var=0.13 tgt=+0.003/0.248 cfg/b=17852 prep=0.27s gpu=0.00s conv=0.01s add=0.30s train=1.26s
[t= 562.8s] rebel stream solves=330752 raw=1267/s balanced=1267/s debt=0 rows steps=1292 horizon=0.00 games=206 over=0 card=0 drop=0 L=0.00846 L/var=0.15 tgt=+0.003/0.240 cfg/b=18601 prep=0.25s gpu=0.00s conv=0.01s add=0.37s train=1.33s
[t= 572.8s] rebel stream solves=343040 raw=1265/s balanced=1265/s debt=0 rows steps=1340 horizon=0.00 games=192 over=0 card=0 drop=0 L=0.00821 L/var=0.15 tgt=+0.006/0.238 cfg/b=19448 prep=0.36s gpu=0.00s conv=0.01s add=0.35s train=1.47s
[t= 582.8s] rebel stream solves=354304 raw=1260/s balanced=1260/s debt=0 rows steps=1384 horizon=0.00 games=159 over=0 card=0 drop=0 L=0.00847 L/var=0.15 tgt=+0.003/0.237 cfg/b=20039 prep=0.19s gpu=0.00s conv=0.01s add=0.35s train=1.18s
[t= 593.0s] rebel stream solves=366592 raw=1258/s balanced=1258/s debt=0 rows steps=1432 horizon=0.00 games=204 over=0 card=0 drop=0 L=0.00845 L/var=0.14 tgt=-0.004/0.246 cfg/b=20876 prep=0.25s gpu=0.00s conv=0.01s add=0.41s train=1.37s
[t= 603.0s] rebel stream solves=376832 raw=1251/s balanced=1251/s debt=0 rows steps=1472 horizon=0.00 games=147 over=0 card=0 drop=0 L=0.00862 L/var=0.13 tgt=-0.006/0.254 cfg/b=22091 prep=0.22s gpu=0.00s conv=0.01s add=0.40s train=1.15s
[t= 613.1s] rebel stream solves=385024 raw=1237/s balanced=1237/s debt=0 rows steps=1504 horizon=0.00 games=117 over=0 card=0 drop=0 L=0.00862 L/var=0.13 tgt=-0.005/0.253 cfg/b=22348 prep=0.16s gpu=0.00s conv=0.00s add=0.27s train=0.85s
[t= 623.1s] rebel stream solves=396288 raw=1233/s balanced=1233/s debt=0 rows steps=1548 horizon=0.00 games=167 over=1 card=0 drop=0 L=0.00893 L/var=0.15 tgt=-0.008/0.248 cfg/b=22585 prep=0.25s gpu=0.00s conv=0.01s add=0.37s train=1.24s
[t= 633.3s] rebel stream solves=405504 raw=1223/s balanced=1223/s debt=0 rows steps=1584 horizon=0.10 games=163 over=1 card=0 drop=0 L=0.00914 L/var=0.16 tgt=-0.005/0.240 cfg/b=23776 prep=0.18s gpu=0.00s conv=0.01s add=0.36s train=1.00s
[t= 643.3s] rebel stream solves=416768 raw=1220/s balanced=1220/s debt=0 rows steps=1628 horizon=0.31 games=242 over=1 card=0 drop=0 L=0.00867 L/var=0.14 tgt=-0.008/0.248 cfg/b=24409 prep=0.26s gpu=0.00s conv=0.01s add=0.43s train=1.27s
[t= 653.4s] rebel stream solves=425984 raw=1211/s balanced=1211/s debt=0 rows steps=1664 horizon=0.00 games=159 over=2 card=0 drop=0 L=0.00892 L/var=0.15 tgt=-0.009/0.241 cfg/b=25377 prep=0.17s gpu=0.00s conv=0.01s add=0.36s train=0.94s
[t= 661.9s] --- snapshot snap_01.pt (s1) ---
[t= 663.4s] rebel stream solves=437248 raw=1209/s balanced=1209/s debt=0 rows steps=1708 horizon=0.00 games=159 over=2 card=0 drop=0 L=0.00870 L/var=0.14 tgt=-0.017/0.249 cfg/b=26055 prep=0.23s gpu=0.00s conv=0.01s add=0.47s train=1.22s
[t= 673.4s] rebel stream solves=448512 raw=1207/s balanced=1207/s debt=0 rows steps=1752 horizon=0.01 games=162 over=2 card=0 drop=0 L=0.00887 L/var=0.13 tgt=-0.013/0.258 cfg/b=27354 prep=0.20s gpu=0.00s conv=0.01s add=0.48s train=1.18s
[t= 683.5s] rebel stream solves=460800 raw=1207/s balanced=1207/s debt=0 rows steps=1800 horizon=0.00 games=191 over=2 card=0 drop=0 L=0.00868 L/var=0.14 tgt=-0.012/0.251 cfg/b=27907 prep=0.24s gpu=0.00s conv=0.02s add=0.52s train=1.30s
[t= 693.5s] rebel stream solves=470016 raw=1200/s balanced=1200/s debt=0 rows steps=1836 horizon=0.25 games=191 over=2 card=0 drop=0 L=0.00872 L/var=0.13 tgt=-0.015/0.254 cfg/b=28306 prep=0.19s gpu=0.00s conv=0.01s add=0.42s train=1.01s
[t= 703.5s] rebel stream solves=480256 raw=1195/s balanced=1195/s debt=0 rows steps=1876 horizon=0.01 games=157 over=2 card=0 drop=0 L=0.00910 L/var=0.14 tgt=-0.010/0.254 cfg/b=29344 prep=0.20s gpu=0.00s conv=0.01s add=0.46s train=1.10s
[t= 713.6s] rebel stream solves=490496 raw=1191/s balanced=1191/s debt=0 rows steps=1916 horizon=0.14 games=180 over=2 card=0 drop=0 L=0.00889 L/var=0.13 tgt=-0.016/0.258 cfg/b=29811 prep=0.28s gpu=0.00s conv=0.01s add=0.45s train=1.19s
[t= 723.7s] rebel stream solves=501760 raw=1189/s balanced=1189/s debt=0 rows steps=1960 horizon=0.12 games=214 over=2 card=0 drop=0 L=0.00908 L/var=0.15 tgt=-0.013/0.250 cfg/b=30719 prep=0.22s gpu=0.00s conv=0.01s add=0.49s train=1.25s
[t= 733.7s] rebel stream solves=510976 raw=1183/s balanced=1183/s debt=0 rows steps=1996 horizon=0.00 games=153 over=2 card=0 drop=0 L=0.00931 L/var=0.15 tgt=-0.019/0.249 cfg/b=31639 prep=0.15s gpu=0.00s conv=0.01s add=0.45s train=0.96s
[t= 743.7s] rebel stream solves=521216 raw=1179/s balanced=1179/s debt=0 rows steps=2036 horizon=0.02 games=167 over=2 card=0 drop=0 L=0.00942 L/var=0.13 tgt=-0.022/0.265 cfg/b=32054 prep=0.17s gpu=0.00s conv=0.01s add=0.45s train=1.07s
[t= 753.9s] rebel stream solves=531456 raw=1175/s balanced=1175/s debt=0 rows steps=2076 horizon=0.10 games=162 over=2 card=0 drop=0 L=0.00899 L/var=0.12 tgt=-0.029/0.271 cfg/b=33495 prep=0.20s gpu=0.00s conv=0.01s add=0.44s train=1.09s
[t= 763.9s] rebel stream solves=540672 raw=1170/s balanced=1170/s debt=0 rows steps=2112 horizon=0.01 games=156 over=2 card=0 drop=0 L=0.00877 L/var=0.12 tgt=-0.027/0.273 cfg/b=33858 prep=0.24s gpu=0.00s conv=0.01s add=0.44s train=1.05s
[t= 774.0s] rebel stream solves=550912 raw=1167/s balanced=1167/s debt=0 rows steps=2152 horizon=0.44 games=250 over=2 card=0 drop=0 L=0.00870 L/var=0.13 tgt=-0.024/0.261 cfg/b=34310 prep=0.17s gpu=0.00s conv=0.02s add=0.53s train=1.06s
[t= 784.0s] rebel stream solves=561152 raw=1164/s balanced=1164/s debt=0 rows steps=2192 horizon=0.20 games=206 over=2 card=0 drop=0 L=0.00938 L/var=0.13 tgt=-0.027/0.267 cfg/b=35920 prep=0.20s gpu=0.00s conv=0.01s add=0.50s train=1.13s
[t= 794.0s] rebel stream solves=572416 raw=1163/s balanced=1163/s debt=0 rows steps=2236 horizon=0.15 games=204 over=2 card=0 drop=0 L=0.00918 L/var=0.13 tgt=-0.024/0.270 cfg/b=36856 prep=0.21s gpu=0.00s conv=0.02s add=0.57s train=1.22s
[t= 796.9s] --- lr -> 5.00e-04 ---
[t= 804.0s] rebel stream solves=582656 raw=1160/s balanced=1160/s debt=0 rows steps=2276 horizon=0.22 games=204 over=2 card=0 drop=0 L=0.00896 L/var=0.12 tgt=-0.029/0.270 cfg/b=37228 prep=0.19s gpu=0.00s conv=0.01s add=0.50s train=1.12s
[t= 814.1s] rebel stream solves=592896 raw=1157/s balanced=1157/s debt=0 rows steps=2316 horizon=0.26 games=248 over=2 card=0 drop=0 L=0.00900 L/var=0.13 tgt=-0.026/0.260 cfg/b=38035 prep=0.21s gpu=0.00s conv=0.01s add=0.52s train=1.10s
[t= 824.1s] rebel stream solves=602112 raw=1153/s balanced=1153/s debt=0 rows steps=2352 horizon=0.00 games=131 over=2 card=0 drop=0 L=0.00889 L/var=0.13 tgt=-0.021/0.260 cfg/b=39387 prep=0.20s gpu=0.00s conv=0.02s add=0.54s train=1.03s
[t= 834.1s] rebel stream solves=612352 raw=1150/s balanced=1150/s debt=0 rows steps=2392 horizon=0.01 games=154 over=2 card=0 drop=0 L=0.00898 L/var=0.13 tgt=-0.029/0.265 cfg/b=39706 prep=0.17s gpu=0.00s conv=0.01s add=0.48s train=1.04s
[t= 844.1s] rebel stream solves=622592 raw=1148/s balanced=1148/s debt=0 rows steps=2432 horizon=0.21 games=174 over=2 card=0 drop=0 L=0.00904 L/var=0.12 tgt=-0.036/0.273 cfg/b=40106 prep=0.21s gpu=0.00s conv=0.01s add=0.55s train=1.17s
[t= 854.2s] rebel stream solves=631808 raw=1144/s balanced=1144/s debt=0 rows steps=2468 horizon=0.08 games=172 over=2 card=0 drop=0 L=0.00932 L/var=0.13 tgt=-0.024/0.268 cfg/b=41337 prep=0.16s gpu=0.00s conv=0.01s add=0.45s train=1.00s
[t= 864.2s] rebel stream solves=642048 raw=1141/s balanced=1141/s debt=0 rows steps=2508 horizon=0.03 games=159 over=2 card=0 drop=0 L=0.00875 L/var=0.12 tgt=-0.019/0.265 cfg/b=41822 prep=0.19s gpu=0.00s conv=0.01s add=0.54s train=1.09s
[t= 874.2s] rebel stream solves=650240 raw=1136/s balanced=1136/s debt=0 rows steps=2540 horizon=0.03 games=159 over=2 card=0 drop=0 L=0.00909 L/var=0.12 tgt=-0.030/0.277 cfg/b=42534 prep=0.15s gpu=0.00s conv=0.01s add=0.41s train=0.89s
[t= 884.2s] rebel stream solves=660480 raw=1134/s balanced=1134/s debt=0 rows steps=2580 horizon=0.08 games=192 over=2 card=0 drop=0 L=0.00917 L/var=0.12 tgt=-0.035/0.280 cfg/b=42763 prep=0.18s gpu=0.00s conv=0.01s add=0.55s train=1.11s
[t= 894.4s] rebel stream solves=670720 raw=1132/s balanced=1132/s debt=0 rows steps=2620 horizon=0.27 games=224 over=2 card=0 drop=0 L=0.00966 L/var=0.13 tgt=-0.024/0.271 cfg/b=43402 prep=0.17s gpu=0.00s conv=0.01s add=0.58s train=1.07s
[t= 904.4s] rebel stream solves=678912 raw=1126/s balanced=1126/s debt=0 rows steps=2652 horizon=0.01 games=141 over=2 card=0 drop=0 L=0.00968 L/var=0.13 tgt=-0.022/0.275 cfg/b=43238 prep=0.15s gpu=0.00s conv=0.01s add=0.47s train=0.88s
[t= 914.5s] rebel stream solves=688128 raw=1123/s balanced=1123/s debt=0 rows steps=2688 horizon=0.09 games=169 over=2 card=0 drop=0 L=0.00936 L/var=0.12 tgt=-0.024/0.280 cfg/b=44526 prep=0.24s gpu=0.00s conv=0.02s add=0.53s train=1.10s
[t= 924.5s] rebel stream solves=697344 raw=1120/s balanced=1120/s debt=0 rows steps=2724 horizon=0.10 games=187 over=2 card=0 drop=0 L=0.00935 L/var=0.12 tgt=-0.026/0.283 cfg/b=44178 prep=0.25s gpu=0.00s conv=0.02s add=0.48s train=1.08s
[t= 934.5s] rebel stream solves=707584 raw=1118/s balanced=1118/s debt=0 rows steps=2764 horizon=0.01 games=165 over=2 card=0 drop=0 L=0.00935 L/var=0.12 tgt=-0.025/0.283 cfg/b=43972 prep=0.18s gpu=0.00s conv=0.02s add=0.55s train=1.08s
[t= 944.5s] rebel stream solves=717824 raw=1117/s balanced=1117/s debt=0 rows steps=2804 horizon=0.08 games=204 over=2 card=0 drop=0 L=0.00998 L/var=0.12 tgt=-0.018/0.284 cfg/b=44564 prep=0.17s gpu=0.00s conv=0.02s add=0.52s train=1.07s
[t= 954.6s] rebel stream solves=727040 raw=1114/s balanced=1114/s debt=0 rows steps=2840 horizon=0.12 games=190 over=2 card=0 drop=0 L=0.00960 L/var=0.11 tgt=-0.018/0.291 cfg/b=44908 prep=0.16s gpu=0.00s conv=0.02s add=0.49s train=0.98s
[t= 964.8s] rebel stream solves=737280 raw=1112/s balanced=1112/s debt=0 rows steps=2880 horizon=0.06 games=195 over=2 card=0 drop=0 L=0.00966 L/var=0.12 tgt=-0.018/0.287 cfg/b=44555 prep=0.18s gpu=0.00s conv=0.02s add=0.56s train=1.12s
[t= 974.8s] rebel stream solves=746496 raw=1109/s balanced=1109/s debt=0 rows steps=2916 horizon=0.06 games=159 over=2 card=0 drop=0 L=0.00964 L/var=0.11 tgt=-0.015/0.291 cfg/b=44331 prep=0.19s gpu=0.00s conv=0.01s add=0.51s train=1.03s
[t= 984.8s] rebel stream solves=755712 raw=1106/s balanced=1106/s debt=0 rows steps=2952 horizon=0.06 games=191 over=2 card=0 drop=0 L=0.00965 L/var=0.12 tgt=-0.009/0.289 cfg/b=45095 prep=0.17s gpu=0.00s conv=0.01s add=0.41s train=0.99s
[t= 994.9s] rebel stream solves=764928 raw=1104/s balanced=1104/s debt=0 rows steps=2988 horizon=0.05 games=164 over=2 card=0 drop=0 L=0.00986 L/var=0.12 tgt=-0.014/0.285 cfg/b=44065 prep=0.16s gpu=0.00s conv=0.01s add=0.51s train=0.95s
[t=1004.9s] rebel stream solves=773120 raw=1099/s balanced=1099/s debt=0 rows steps=3020 horizon=0.04 games=155 over=2 card=0 drop=0 L=0.01019 L/var=0.11 tgt=-0.024/0.300 cfg/b=44661 prep=0.13s gpu=0.00s conv=0.01s add=0.43s train=0.86s
[t=1014.9s] rebel stream solves=782336 raw=1097/s balanced=1097/s debt=0 rows steps=3056 horizon=0.01 games=196 over=2 card=0 drop=0 L=0.01022 L/var=0.12 tgt=-0.027/0.297 cfg/b=45651 prep=0.18s gpu=0.00s conv=0.02s add=0.52s train=1.06s
[t=1022.0s] --- snapshot snap_02.pt (s2) ---
[t=1025.0s] rebel stream solves=792576 raw=1096/s balanced=1096/s debt=0 rows steps=3096 horizon=0.05 games=187 over=2 card=0 drop=0 L=0.01008 L/var=0.12 tgt=-0.017/0.288 cfg/b=45108 prep=0.17s gpu=0.00s conv=0.02s add=0.55s train=1.08s
[t=1035.0s] rebel stream solves=801792 raw=1093/s balanced=1093/s debt=0 rows steps=3132 horizon=0.04 games=158 over=2 card=0 drop=0 L=0.00989 L/var=0.12 tgt=-0.012/0.292 cfg/b=45982 prep=0.16s gpu=0.00s conv=0.01s add=0.52s train=0.99s
[t=1045.0s] rebel stream solves=812032 raw=1092/s balanced=1092/s debt=0 rows steps=3172 horizon=0.03 games=188 over=2 card=0 drop=0 L=0.00995 L/var=0.11 tgt=-0.016/0.296 cfg/b=45460 prep=0.18s gpu=0.00s conv=0.01s add=0.54s train=1.12s
[t=1055.1s] rebel stream solves=821248 raw=1090/s balanced=1090/s debt=0 rows steps=3208 horizon=0.05 games=180 over=2 card=0 drop=0 L=0.01040 L/var=0.11 tgt=-0.019/0.302 cfg/b=44807 prep=0.21s gpu=0.00s conv=0.02s add=0.47s train=1.04s
[t=1065.1s] rebel stream solves=831488 raw=1089/s balanced=1089/s debt=0 rows steps=3248 horizon=0.12 games=186 over=2 card=0 drop=0 L=0.00966 L/var=0.10 tgt=-0.025/0.311 cfg/b=45152 prep=0.22s gpu=0.00s conv=0.01s add=0.56s train=1.13s
[t=1075.1s] rebel stream solves=840704 raw=1087/s balanced=1087/s debt=0 rows steps=3284 horizon=0.10 games=156 over=2 card=0 drop=0 L=0.00963 L/var=0.10 tgt=-0.019/0.303 cfg/b=45531 prep=0.19s gpu=0.00s conv=0.01s add=0.50s train=1.03s
[t=1085.3s] rebel stream solves=850944 raw=1086/s balanced=1086/s debt=0 rows steps=3324 horizon=0.06 games=199 over=2 card=0 drop=0 L=0.01009 L/var=0.11 tgt=-0.015/0.304 cfg/b=44937 prep=0.19s gpu=0.00s conv=0.02s add=0.53s train=1.11s
[t=1095.3s] rebel stream solves=861184 raw=1085/s balanced=1085/s debt=0 rows steps=3364 horizon=0.05 games=182 over=2 card=0 drop=0 L=0.01004 L/var=0.11 tgt=-0.010/0.303 cfg/b=45000 prep=0.21s gpu=0.00s conv=0.02s add=0.54s train=1.15s
[t=1105.3s] rebel stream solves=871424 raw=1084/s balanced=1084/s debt=0 rows steps=3404 horizon=0.04 games=195 over=2 card=0 drop=0 L=0.01016 L/var=0.10 tgt=-0.026/0.318 cfg/b=44374 prep=0.17s gpu=0.00s conv=0.01s add=0.55s train=1.09s
[t=1115.5s] rebel stream solves=882688 raw=1085/s balanced=1085/s debt=0 rows steps=3448 horizon=0.07 games=207 over=2 card=0 drop=0 L=0.00973 L/var=0.10 tgt=-0.022/0.308 cfg/b=45262 prep=0.20s gpu=0.00s conv=0.01s add=0.58s train=1.21s
[t=1125.5s] rebel stream solves=891904 raw=1083/s balanced=1083/s debt=0 rows steps=3484 horizon=0.04 games=159 over=2 card=0 drop=0 L=0.01017 L/var=0.11 tgt=-0.015/0.304 cfg/b=44711 prep=0.17s gpu=0.00s conv=0.01s add=0.51s train=1.01s
[t=1135.5s] rebel stream solves=903168 raw=1083/s balanced=1083/s debt=0 rows steps=3528 horizon=0.07 games=203 over=2 card=0 drop=0 L=0.01016 L/var=0.10 tgt=-0.013/0.312 cfg/b=44959 prep=0.20s gpu=0.00s conv=0.01s add=0.56s train=1.22s
[t=1145.6s] rebel stream solves=912384 raw=1081/s balanced=1081/s debt=0 rows steps=3564 horizon=0.07 games=197 over=2 card=0 drop=0 L=0.01079 L/var=0.11 tgt=-0.014/0.318 cfg/b=43927 prep=0.18s gpu=0.00s conv=0.01s add=0.46s train=1.00s
[t=1155.6s] rebel stream solves=921600 raw=1079/s balanced=1079/s debt=0 rows steps=3600 horizon=0.07 games=201 over=2 card=0 drop=0 L=0.01081 L/var=0.11 tgt=-0.021/0.312 cfg/b=44108 prep=0.18s gpu=0.00s conv=0.01s add=0.49s train=1.01s
[t=1165.6s] rebel stream solves=930816 raw=1077/s balanced=1077/s debt=0 rows steps=3636 horizon=0.04 games=174 over=2 card=0 drop=0 L=0.01056 L/var=0.10 tgt=-0.027/0.321 cfg/b=44608 prep=0.15s gpu=0.00s conv=0.01s add=0.52s train=0.96s
[t=1175.6s] rebel stream solves=940032 raw=1076/s balanced=1076/s debt=0 rows steps=3672 horizon=0.07 games=170 over=2 card=0 drop=0 L=0.00991 L/var=0.10 tgt=-0.028/0.323 cfg/b=44855 prep=0.18s gpu=0.00s conv=0.01s add=0.52s train=1.01s
[t=1185.6s] rebel stream solves=949248 raw=1074/s balanced=1074/s debt=0 rows steps=3708 horizon=0.04 games=162 over=2 card=0 drop=0 L=0.00997 L/var=0.10 tgt=-0.014/0.313 cfg/b=44491 prep=0.16s gpu=0.00s conv=0.01s add=0.47s train=0.98s
[t=1195.7s] rebel stream solves=958464 raw=1072/s balanced=1072/s debt=0 rows steps=3744 horizon=0.02 games=175 over=2 card=0 drop=0 L=0.01006 L/var=0.10 tgt=-0.019/0.320 cfg/b=44087 prep=0.19s gpu=0.00s conv=0.01s add=0.50s train=1.04s
[t=1205.7s] rebel stream solves=968704 raw=1072/s balanced=1072/s debt=0 rows steps=3784 horizon=0.04 games=197 over=2 card=0 drop=0 L=0.01030 L/var=0.10 tgt=-0.022/0.317 cfg/b=44195 prep=0.17s gpu=0.00s conv=0.02s add=0.47s train=1.06s
[t=1215.8s] rebel stream solves=978944 raw=1071/s balanced=1071/s debt=0 rows steps=3824 horizon=0.02 games=184 over=2 card=0 drop=0 L=0.00975 L/var=0.10 tgt=-0.022/0.320 cfg/b=44357 prep=0.19s gpu=0.00s conv=0.01s add=0.49s train=1.10s
[t=1225.8s] rebel stream solves=988160 raw=1069/s balanced=1069/s debt=0 rows steps=3860 horizon=0.07 games=188 over=2 card=0 drop=0 L=0.01012 L/var=0.09 tgt=-0.028/0.328 cfg/b=43810 prep=0.16s gpu=0.00s conv=0.02s add=0.48s train=0.97s
[t=1236.0s] rebel stream solves=999424 raw=1070/s balanced=1070/s debt=0 rows steps=3904 horizon=0.05 games=207 over=2 card=0 drop=0 L=0.01022 L/var=0.10 tgt=-0.023/0.324 cfg/b=44057 prep=0.21s gpu=0.00s conv=0.02s add=0.60s train=1.23s
[t=1246.0s] rebel stream solves=1009664 raw=1069/s balanced=1069/s debt=0 rows steps=3944 horizon=0.04 games=192 over=2 card=0 drop=0 L=0.00971 L/var=0.09 tgt=-0.027/0.323 cfg/b=43600 prep=0.18s gpu=0.00s conv=0.02s add=0.52s train=1.09s
[t=1256.0s] rebel stream solves=1019904 raw=1069/s balanced=1069/s debt=0 rows steps=3984 horizon=0.07 games=180 over=2 card=0 drop=0 L=0.00996 L/var=0.09 tgt=-0.027/0.332 cfg/b=43857 prep=0.18s gpu=0.00s conv=0.02s add=0.49s train=1.12s
[t=1266.0s] rebel stream solves=1030144 raw=1068/s balanced=1068/s debt=0 rows steps=4024 horizon=0.04 games=209 over=2 card=0 drop=0 L=0.00984 L/var=0.09 tgt=-0.022/0.336 cfg/b=42598 prep=0.20s gpu=0.00s conv=0.01s add=0.49s train=1.13s
[t=1276.1s] rebel stream solves=1040384 raw=1068/s balanced=1068/s debt=0 rows steps=4064 horizon=0.06 games=199 over=2 card=0 drop=0 L=0.00998 L/var=0.09 tgt=-0.014/0.328 cfg/b=42330 prep=0.19s gpu=0.00s conv=0.01s add=0.44s train=1.11s
[t=1286.1s] rebel stream solves=1049600 raw=1066/s balanced=1066/s debt=0 rows steps=4100 horizon=0.03 games=185 over=2 card=0 drop=0 L=0.01012 L/var=0.10 tgt=-0.008/0.323 cfg/b=42440 prep=0.20s gpu=0.00s conv=0.01s add=0.46s train=1.02s
[t=1296.1s] rebel stream solves=1059840 raw=1066/s balanced=1066/s debt=0 rows steps=4140 horizon=0.03 games=204 over=2 card=0 drop=0 L=0.01056 L/var=0.10 tgt=-0.012/0.321 cfg/b=41981 prep=0.20s gpu=0.00s conv=0.01s add=0.50s train=1.14s
[t=1306.1s] rebel stream solves=1070080 raw=1065/s balanced=1065/s debt=0 rows steps=4180 horizon=0.03 games=193 over=2 card=0 drop=0 L=0.00991 L/var=0.09 tgt=-0.012/0.333 cfg/b=41453 prep=0.20s gpu=0.00s conv=0.01s add=0.42s train=1.11s
[t=1306.8s] --- lr -> 2.50e-04 ---
[t=1316.2s] rebel stream solves=1080320 raw=1065/s balanced=1065/s debt=0 rows steps=4220 horizon=0.02 games=172 over=2 card=0 drop=0 L=0.00971 L/var=0.09 tgt=-0.010/0.330 cfg/b=41155 prep=0.18s gpu=0.00s conv=0.01s add=0.50s train=1.11s
[t=1326.2s] rebel stream solves=1091584 raw=1066/s balanced=1066/s debt=0 rows steps=4264 horizon=0.10 games=205 over=2 card=0 drop=0 L=0.00990 L/var=0.09 tgt=-0.011/0.331 cfg/b=40746 prep=0.20s gpu=0.00s conv=0.01s add=0.51s train=1.23s
[t=1336.4s] rebel stream solves=1101824 raw=1065/s balanced=1065/s debt=0 rows steps=4304 horizon=0.04 games=201 over=2 card=0 drop=0 L=0.00991 L/var=0.09 tgt=-0.012/0.334 cfg/b=40773 prep=0.18s gpu=0.00s conv=0.01s add=0.53s train=1.11s
[t=1346.4s] rebel stream solves=1112064 raw=1065/s balanced=1065/s debt=0 rows steps=4344 horizon=0.07 games=192 over=2 card=0 drop=0 L=0.01008 L/var=0.09 tgt=-0.008/0.329 cfg/b=41160 prep=0.17s gpu=0.00s conv=0.01s add=0.48s train=1.09s
[t=1356.5s] rebel stream solves=1124352 raw=1066/s balanced=1066/s debt=0 rows steps=4392 horizon=0.09 games=245 over=2 card=0 drop=0 L=0.01000 L/var=0.09 tgt=-0.007/0.334 cfg/b=40615 prep=0.23s gpu=0.00s conv=0.02s add=0.56s train=1.36s
[t=1366.5s] rebel stream solves=1133568 raw=1065/s balanced=1065/s debt=0 rows steps=4428 horizon=0.07 games=147 over=2 card=0 drop=0 L=0.01019 L/var=0.09 tgt=-0.006/0.337 cfg/b=39849 prep=0.17s gpu=0.00s conv=0.01s add=0.44s train=1.01s
[t=1376.5s] rebel stream solves=1144832 raw=1065/s balanced=1065/s debt=0 rows steps=4472 horizon=0.04 games=202 over=2 card=0 drop=0 L=0.00998 L/var=0.09 tgt=-0.009/0.335 cfg/b=39813 prep=0.21s gpu=0.00s conv=0.01s add=0.50s train=1.23s
[t=1382.0s] --- snapshot snap_03.pt (s3) ---
[t=1386.6s] rebel stream solves=1156096 raw=1066/s balanced=1066/s debt=0 rows steps=4516 horizon=0.06 games=209 over=2 card=0 drop=0 L=0.01011 L/var=0.09 tgt=-0.008/0.340 cfg/b=40206 prep=0.22s gpu=0.00s conv=0.01s add=0.52s train=1.23s
[t=1396.6s] rebel stream solves=1166336 raw=1065/s balanced=1065/s debt=0 rows steps=4556 horizon=0.04 games=181 over=2 card=0 drop=0 L=0.01031 L/var=0.10 tgt=+0.006/0.327 cfg/b=39759 prep=0.25s gpu=0.00s conv=0.01s add=0.44s train=1.19s
[t=1406.6s] rebel stream solves=1176576 raw=1065/s balanced=1065/s debt=0 rows steps=4596 horizon=0.05 games=196 over=2 card=0 drop=0 L=0.01028 L/var=0.09 tgt=+0.000/0.335 cfg/b=39076 prep=0.19s gpu=0.00s conv=0.01s add=0.48s train=1.14s
[t=1416.7s] rebel stream solves=1188864 raw=1066/s balanced=1066/s debt=0 rows steps=4644 horizon=0.05 games=222 over=2 card=0 drop=0 L=0.01006 L/var=0.09 tgt=-0.003/0.336 cfg/b=39005 prep=0.21s gpu=0.00s conv=0.02s add=0.58s train=1.34s
[t=1426.9s] rebel stream solves=1200128 raw=1067/s balanced=1067/s debt=0 rows steps=4688 horizon=0.07 games=193 over=2 card=0 drop=0 L=0.01012 L/var=0.09 tgt=+0.009/0.329 cfg/b=38184 prep=0.21s gpu=0.00s conv=0.01s add=0.53s train=1.22s
[t=1436.9s] rebel stream solves=1211392 raw=1067/s balanced=1067/s debt=0 rows steps=4732 horizon=0.04 games=188 over=2 card=0 drop=0 L=0.01038 L/var=0.09 tgt=+0.001/0.338 cfg/b=38135 prep=0.19s gpu=0.00s conv=0.01s add=0.53s train=1.19s
[t=1447.0s] rebel stream solves=1221632 raw=1067/s balanced=1067/s debt=0 rows steps=4772 horizon=0.06 games=164 over=2 card=0 drop=0 L=0.01012 L/var=0.09 tgt=+0.005/0.342 cfg/b=38000 prep=0.21s gpu=0.00s conv=0.01s add=0.45s train=1.15s
[t=1457.0s] rebel stream solves=1231872 raw=1066/s balanced=1066/s debt=0 rows steps=4812 horizon=0.07 games=187 over=2 card=0 drop=0 L=0.00989 L/var=0.08 tgt=+0.005/0.346 cfg/b=37517 prep=0.23s gpu=0.00s conv=0.01s add=0.48s train=1.16s
[t=1467.0s] rebel stream solves=1242112 raw=1066/s balanced=1066/s debt=0 rows steps=4852 horizon=0.06 games=163 over=2 card=0 drop=0 L=0.00986 L/var=0.08 tgt=+0.005/0.342 cfg/b=37213 prep=0.22s gpu=0.00s conv=0.01s add=0.46s train=1.13s
[t=1477.0s] rebel stream solves=1252352 raw=1066/s balanced=1066/s debt=0 rows steps=4892 horizon=0.06 games=192 over=2 card=0 drop=0 L=0.01038 L/var=0.09 tgt=+0.009/0.346 cfg/b=37046 prep=0.18s gpu=0.00s conv=0.01s add=0.47s train=1.09s
[t=1487.1s] rebel stream solves=1261568 raw=1064/s balanced=1064/s debt=0 rows steps=4928 horizon=0.07 games=168 over=2 card=0 drop=0 L=0.01006 L/var=0.08 tgt=+0.005/0.352 cfg/b=36238 prep=0.18s gpu=0.00s conv=0.01s add=0.44s train=1.05s
[t=1497.1s] rebel stream solves=1271808 raw=1064/s balanced=1064/s debt=0 rows steps=4968 horizon=0.07 games=204 over=2 card=0 drop=0 L=0.01055 L/var=0.09 tgt=+0.001/0.350 cfg/b=36384 prep=0.23s gpu=0.00s conv=0.01s add=0.42s train=1.16s
[t=1507.2s] rebel stream solves=1282048 raw=1064/s balanced=1064/s debt=0 rows steps=5008 horizon=0.07 games=179 over=2 card=0 drop=0 L=0.01004 L/var=0.08 tgt=+0.006/0.353 cfg/b=37122 prep=0.19s gpu=0.00s conv=0.02s add=0.45s train=1.11s
[t=1517.2s] rebel stream solves=1293312 raw=1064/s balanced=1064/s debt=0 rows steps=5052 horizon=0.07 games=190 over=2 card=0 drop=0 L=0.01026 L/var=0.09 tgt=+0.014/0.344 cfg/b=36978 prep=0.24s gpu=0.00s conv=0.01s add=0.48s train=1.30s
[t=1527.3s] rebel stream solves=1303552 raw=1064/s balanced=1064/s debt=0 rows steps=5092 horizon=0.06 games=180 over=2 card=0 drop=0 L=0.00972 L/var=0.08 tgt=+0.007/0.348 cfg/b=36860 prep=0.18s gpu=0.00s conv=0.01s add=0.42s train=1.10s
[t=1537.3s] rebel stream solves=1312768 raw=1062/s balanced=1062/s debt=0 rows steps=5128 horizon=0.10 games=184 over=2 card=0 drop=0 L=0.00967 L/var=0.08 tgt=+0.008/0.348 cfg/b=37380 prep=0.20s gpu=0.00s conv=0.01s add=0.40s train=1.02s
[t=1547.3s] rebel stream solves=1324032 raw=1063/s balanced=1063/s debt=0 rows steps=5172 horizon=0.09 games=193 over=2 card=0 drop=0 L=0.01036 L/var=0.09 tgt=+0.006/0.341 cfg/b=36879 prep=0.22s gpu=0.00s conv=0.01s add=0.47s train=1.23s
[t=1557.3s] rebel stream solves=1333248 raw=1062/s balanced=1062/s debt=0 rows steps=5208 horizon=0.05 games=168 over=2 card=0 drop=0 L=0.01011 L/var=0.08 tgt=-0.001/0.350 cfg/b=36931 prep=0.15s gpu=0.00s conv=0.01s add=0.42s train=0.99s
[t=1567.4s] rebel stream solves=1343488 raw=1061/s balanced=1061/s debt=0 rows steps=5248 horizon=0.07 games=182 over=2 card=0 drop=0 L=0.00994 L/var=0.08 tgt=+0.002/0.344 cfg/b=36596 prep=0.21s gpu=0.00s conv=0.01s add=0.45s train=1.14s
[t=1577.8s] rebel stream solves=1355776 raw=1062/s balanced=1062/s debt=0 rows steps=5296 horizon=0.07 games=205 over=2 card=0 drop=0 L=0.00988 L/var=0.08 tgt=+0.004/0.352 cfg/b=36376 prep=0.26s gpu=0.00s conv=0.01s add=0.55s train=1.36s
[t=1587.8s] rebel stream solves=1366016 raw=1062/s balanced=1062/s debt=0 rows steps=5336 horizon=0.11 games=197 over=2 card=0 drop=0 L=0.00988 L/var=0.08 tgt=-0.001/0.359 cfg/b=36358 prep=0.20s gpu=0.00s conv=0.01s add=0.47s train=1.19s
[t=1597.8s] rebel stream solves=1377280 raw=1063/s balanced=1063/s debt=0 rows steps=5380 horizon=0.06 games=206 over=2 card=0 drop=0 L=0.01023 L/var=0.08 tgt=+0.000/0.357 cfg/b=36273 prep=0.20s gpu=0.00s conv=0.01s add=0.45s train=1.21s
[t=1607.8s] rebel stream solves=1387520 raw=1062/s balanced=1062/s debt=0 rows steps=5420 horizon=0.06 games=196 over=2 card=0 drop=0 L=0.01035 L/var=0.08 tgt=+0.003/0.356 cfg/b=36674 prep=0.21s gpu=0.00s conv=0.01s add=0.48s train=1.15s
[t=1617.9s] rebel stream solves=1398784 raw=1063/s balanced=1063/s debt=0 rows steps=5464 horizon=0.07 games=197 over=2 card=0 drop=0 L=0.01057 L/var=0.09 tgt=+0.013/0.345 cfg/b=36176 prep=0.21s gpu=0.00s conv=0.01s add=0.48s train=1.23s
[t=1628.0s] rebel stream solves=1410048 raw=1063/s balanced=1063/s debt=0 rows steps=5508 horizon=0.08 games=204 over=2 card=0 drop=0 L=0.01017 L/var=0.08 tgt=+0.010/0.351 cfg/b=35945 prep=0.22s gpu=0.00s conv=0.01s add=0.52s train=1.28s
[t=1638.0s] rebel stream solves=1422336 raw=1064/s balanced=1064/s debt=0 rows steps=5556 horizon=0.05 games=196 over=2 card=0 drop=0 L=0.01004 L/var=0.08 tgt=+0.013/0.365 cfg/b=35659 prep=0.23s gpu=0.00s conv=0.01s add=0.52s train=1.29s
[t=1648.0s] rebel stream solves=1432576 raw=1064/s balanced=1064/s debt=0 rows steps=5596 horizon=0.06 games=199 over=2 card=0 drop=0 L=0.00989 L/var=0.07 tgt=+0.010/0.366 cfg/b=35667 prep=0.18s gpu=0.00s conv=0.01s add=0.44s train=1.08s
[t=1658.2s] rebel stream solves=1443840 raw=1064/s balanced=1064/s debt=0 rows steps=5640 horizon=0.05 games=188 over=2 card=0 drop=0 L=0.00978 L/var=0.07 tgt=+0.016/0.361 cfg/b=35342 prep=0.21s gpu=0.00s conv=0.01s add=0.52s train=1.23s
[t=1668.2s] rebel stream solves=1455104 raw=1065/s balanced=1065/s debt=0 rows steps=5684 horizon=0.04 games=194 over=2 card=0 drop=0 L=0.00994 L/var=0.08 tgt=+0.011/0.361 cfg/b=35098 prep=0.21s gpu=0.00s conv=0.01s add=0.48s train=1.21s
[t=1678.2s] rebel stream solves=1466368 raw=1065/s balanced=1065/s debt=0 rows steps=5728 horizon=0.10 games=199 over=2 card=0 drop=0 L=0.00936 L/var=0.07 tgt=+0.004/0.367 cfg/b=34773 prep=0.18s gpu=0.00s conv=0.01s add=0.48s train=1.19s
[t=1688.3s] rebel stream solves=1477632 raw=1066/s balanced=1066/s debt=0 rows steps=5772 horizon=0.07 games=182 over=2 card=0 drop=0 L=0.00939 L/var=0.07 tgt=-0.003/0.368 cfg/b=35028 prep=0.20s gpu=0.00s conv=0.01s add=0.47s train=1.19s
[t=1698.4s] rebel stream solves=1488896 raw=1066/s balanced=1066/s debt=0 rows steps=5816 horizon=0.07 games=200 over=2 card=0 drop=0 L=0.00954 L/var=0.07 tgt=-0.003/0.372 cfg/b=35299 prep=0.22s gpu=0.00s conv=0.01s add=0.52s train=1.20s
[t=1708.5s] rebel stream solves=1499136 raw=1066/s balanced=1066/s debt=0 rows steps=5856 horizon=0.09 games=201 over=2 card=0 drop=0 L=0.00927 L/var=0.07 tgt=-0.000/0.374 cfg/b=34915 prep=0.20s gpu=0.00s conv=0.01s add=0.47s train=1.14s
[t=1718.5s] rebel stream solves=1509376 raw=1065/s balanced=1065/s debt=0 rows steps=5896 horizon=0.08 games=181 over=2 card=0 drop=0 L=0.00988 L/var=0.08 tgt=+0.011/0.363 cfg/b=35311 prep=0.20s gpu=0.00s conv=0.01s add=0.42s train=1.14s
[t=1728.6s] rebel stream solves=1520640 raw=1066/s balanced=1066/s debt=0 rows steps=5940 horizon=0.09 games=193 over=2 card=0 drop=0 L=0.01007 L/var=0.08 tgt=+0.008/0.366 cfg/b=35335 prep=0.22s gpu=0.00s conv=0.01s add=0.54s train=1.26s
[t=1738.6s] rebel stream solves=1531904 raw=1066/s balanced=1066/s debt=0 rows steps=5984 horizon=0.05 games=208 over=2 card=0 drop=0 L=0.01015 L/var=0.07 tgt=+0.001/0.373 cfg/b=34674 prep=0.19s gpu=0.00s conv=0.01s add=0.46s train=1.15s
[t=1742.0s] --- snapshot snap_04.pt (s4) ---
[t=1748.6s] rebel stream solves=1542144 raw=1066/s balanced=1066/s debt=0 rows steps=6024 horizon=0.06 games=209 over=2 card=0 drop=0 L=0.01022 L/var=0.07 tgt=+0.002/0.375 cfg/b=34657 prep=0.18s gpu=0.00s conv=0.01s add=0.40s train=1.11s
[t=1758.6s] rebel stream solves=1554432 raw=1067/s balanced=1067/s debt=0 rows steps=6072 horizon=0.06 games=232 over=2 card=0 drop=0 L=0.00989 L/var=0.07 tgt=-0.000/0.373 cfg/b=34826 prep=0.22s gpu=0.00s conv=0.01s add=0.48s train=1.33s
[t=1768.6s] rebel stream solves=1564672 raw=1067/s balanced=1067/s debt=0 rows steps=6112 horizon=0.07 games=162 over=2 card=0 drop=0 L=0.00985 L/var=0.07 tgt=+0.003/0.378 cfg/b=34463 prep=0.19s gpu=0.00s conv=0.01s add=0.43s train=1.13s
[t=1778.8s] rebel stream solves=1575936 raw=1067/s balanced=1067/s debt=0 rows steps=6156 horizon=0.05 games=211 over=2 card=0 drop=0 L=0.00995 L/var=0.07 tgt=+0.007/0.379 cfg/b=33924 prep=0.22s gpu=0.00s conv=0.01s add=0.42s train=1.25s
[t=1780.0s] --- stopping GPU admission; draining ---
[t=1788.8s] rebel stream solves=1577984 raw=1061/s balanced=1061/s debt=0 rows steps=6164 horizon=0.09 games=32 over=2 card=0 drop=0 L=0.01008 L/var=0.07 tgt=+0.012/0.372 cfg/b=34546 prep=0.03s gpu=0.00s conv=0.00s add=0.09s train=0.24s
[t=1798.8s] rebel stream solves=1577984 raw=1054/s balanced=1054/s debt=0 rows steps=6164 horizon=0.00 games=0 over=2 card=0 drop=0 L=0.00000 L/var=0.00 tgt=+0.000/0.000 cfg/b=0 prep=0.00s gpu=0.00s conv=0.00s add=0.00s train=0.00s
[t=1808.9s] rebel stream solves=1577984 raw=1047/s balanced=1047/s debt=0 rows steps=6164 horizon=0.00 games=0 over=2 card=0 drop=0 L=0.00000 L/var=0.00 tgt=+0.000/0.000 cfg/b=0 prep=0.00s gpu=0.00s conv=0.00s add=0.00s train=0.00s
[t=1812.3s] rebel stream solves=1578674 raw=1045/s balanced=1045/s debt=712 rows steps=6166 horizon=0.00 games=19 over=2 card=0 drop=0 L=0.00925 L/var=0.08 tgt=+0.017/0.336 cfg/b=33555 prep=0.01s gpu=0.00s conv=0.00s add=0.04s train=0.05s
[gpu-summary] solves=1578674 optimizer_rows=6313984 debt=712 raw=1045.0/s balanced=1044.9/s horizon=0.06 games=25638 over=2 card=0 exact=0 censored=4608 dropped=0 overrun=12.37s
[ladder] 6 players, 200 games (20/batch, cap 40/pair)
  seed                    greedy vs explore.init             W 10 L  2 D  8  n= 20  score 0.700
  seed              explore.init vs explore.s1               W  2 L 16 D  2  n= 20  score 0.150  stop
  seed                explore.s1 vs explore.s2               W  7 L 13 D  0  n= 20  score 0.350
  seed                explore.s2 vs explore.s3               W  8 L 10 D  2  n= 20  score 0.450
  seed                explore.s3 vs explore.final            W  8 L  8 D  4  n= 20  score 0.500
  swiss               explore.s3 vs explore.final            W  5 L 13 D  2  n= 40  score 0.400
  swiss               explore.s2 vs explore.s3               W  9 L  8 D  3  n= 40  score 0.487
  swiss               explore.s2 vs explore.final            W  2 L 16 D  2  n= 20  score 0.150  stop
  swiss               explore.s1 vs explore.s2               W  5 L 10 D  5  n= 40  score 0.362
  swiss                   greedy vs explore.init             W  9 L  2 D  9  n= 40  score 0.688

=== Elo (runs/explore, greedy = 0) ===
                      player   trained     elo   95%   score
               explore.final   29.0min     404    94   0.683
                  explore.s3   23.0min     292    78   0.456
                  explore.s2   17.0min     242    71   0.480
                  explore.s1   11.0min     146    98   0.525
                      greedy         -       0   116   0.688
                explore.init    5.0min    -133   101   0.258
[report] runs/explore/report.html
