[train] runs/v6_c96_smoke6 at ea3238e+dirty seed=214 {'minutes': 6.0, 'warm_minutes': 2.0, 'snapshot_every': 15.0, 'depth': 2, 'iters': 64, 'cfr': 'dcfr', 'ladder_games': 0, 'gpu_drain_seconds': 5.0, 'seed': 214}
[cpu] pinned to 36 physical cores
[train] CUDA stream priority -1
[gpu] solve services up on [0, 1]
[cfg] PUBFEAT=897 CFEAT=15 architecture=v6 depth=2 iters=64 budget=360s warm=120s snapshot_every=15min device=cuda:1 draft=random train_gen_ratio=4.0 recent_mix=0.5/0.2 canonical_views=2 cap=2000000 aux_weight=0.15 matmul=high
[t=   1.6s] greedy ep  0 games=  96 dec= 17871 rows= 17079 horizon=0.24 L=1.79932 L/var=10.51 tgt=-0.074/0.414 pstd=0.035 aux=0.9135/0.561 gen=0.1s train=1.4s
[t=   2.7s] greedy ep  1 games=  96 dec= 19005 rows= 18119 horizon=0.32 L=0.35163 L/var=2.22 tgt=-0.078/0.398 pstd=0.097 aux=0.8037/0.708 gen=0.1s train=0.9s
[t=   3.8s] greedy ep  2 games=  96 dec= 18746 rows= 18071 horizon=0.35 L=0.26348 L/var=1.86 tgt=-0.072/0.376 pstd=0.066 aux=0.6602/0.730 gen=0.1s train=0.9s
[t=   4.9s] greedy ep  3 games=  96 dec= 18297 rows= 17527 horizon=0.26 L=0.24752 L/var=1.50 tgt=-0.058/0.407 pstd=0.082 aux=0.6536/0.724 gen=0.1s train=0.9s
[t=   6.0s] greedy ep  4 games=  96 dec= 18663 rows= 17943 horizon=0.38 L=0.23006 L/var=1.48 tgt=-0.078/0.394 pstd=0.065 aux=0.5950/0.751 gen=0.1s train=0.9s
[t=   7.0s] greedy ep  5 games=  96 dec= 17956 rows= 17101 horizon=0.23 L=0.22769 L/var=1.41 tgt=-0.066/0.402 pstd=0.070 aux=0.5888/0.758 gen=0.1s train=0.9s
[t=   8.2s] greedy ep  6 games=  96 dec= 18686 rows= 17939 horizon=0.28 L=0.23492 L/var=1.40 tgt=-0.079/0.410 pstd=0.090 aux=0.5879/0.755 gen=0.1s train=0.9s
[t=   9.3s] greedy ep  7 games=  96 dec= 18244 rows= 17454 horizon=0.23 L=0.22949 L/var=1.40 tgt=-0.074/0.405 pstd=0.096 aux=0.6225/0.726 gen=0.1s train=0.9s
[t=  10.4s] greedy ep  8 games=  96 dec= 19206 rows= 18443 horizon=0.34 L=0.22613 L/var=1.37 tgt=-0.078/0.406 pstd=0.080 aux=0.5723/0.760 gen=0.1s train=0.9s
[t=  11.5s] greedy ep  9 games=  96 dec= 18953 rows= 18146 horizon=0.27 L=0.23055 L/var=1.36 tgt=-0.096/0.412 pstd=0.091 aux=0.5755/0.757 gen=0.1s train=0.9s
[t=  12.5s] greedy ep 10 games=  96 dec= 17583 rows= 16867 horizon=0.21 L=0.21616 L/var=1.43 tgt=-0.051/0.389 pstd=0.106 aux=0.5656/0.764 gen=0.1s train=0.8s
[t=  13.6s] greedy ep 11 games=  96 dec= 18944 rows= 18246 horizon=0.36 L=0.21678 L/var=1.45 tgt=-0.070/0.387 pstd=0.088 aux=0.5420/0.778 gen=0.1s train=0.9s
[t=  14.7s] greedy ep 12 games=  96 dec= 19211 rows= 18397 horizon=0.34 L=0.21203 L/var=1.38 tgt=-0.074/0.392 pstd=0.112 aux=0.5193/0.787 gen=0.1s train=0.9s
[t=  15.8s] greedy ep 13 games=  96 dec= 18307 rows= 17418 horizon=0.29 L=0.21153 L/var=1.16 tgt=-0.105/0.426 pstd=0.142 aux=0.5086/0.791 gen=0.1s train=0.9s
[t=  16.9s] greedy ep 14 games=  96 dec= 17665 rows= 16973 horizon=0.25 L=0.22448 L/var=1.41 tgt=-0.075/0.398 pstd=0.114 aux=0.5283/0.780 gen=0.1s train=0.9s
[t=  18.0s] greedy ep 15 games=  96 dec= 18457 rows= 17650 horizon=0.29 L=0.21013 L/var=1.43 tgt=-0.072/0.383 pstd=0.147 aux=0.5271/0.780 gen=0.1s train=0.9s
[t=  19.0s] greedy ep 16 games=  96 dec= 18536 rows= 17773 horizon=0.32 L=0.20304 L/var=1.23 tgt=-0.052/0.406 pstd=0.143 aux=0.5034/0.792 gen=0.1s train=0.9s
[t=  20.2s] greedy ep 17 games=  96 dec= 19007 rows= 18144 horizon=0.33 L=0.24112 L/var=1.59 tgt=-0.088/0.389 pstd=0.120 aux=0.5514/0.770 gen=0.1s train=0.9s
[t=  21.3s] greedy ep 18 games=  96 dec= 19053 rows= 18220 horizon=0.31 L=0.21809 L/var=1.28 tgt=-0.112/0.414 pstd=0.170 aux=0.5536/0.774 gen=0.1s train=0.9s
[t=  22.4s] greedy ep 19 games=  96 dec= 18883 rows= 18103 horizon=0.33 L=0.23114 L/var=1.42 tgt=-0.105/0.403 pstd=0.108 aux=0.5269/0.780 gen=0.1s train=0.9s
[t=  23.5s] greedy ep 20 games=  96 dec= 18733 rows= 17978 horizon=0.27 L=0.21423 L/var=1.40 tgt=-0.083/0.391 pstd=0.149 aux=0.5389/0.779 gen=0.1s train=0.9s
[t=  24.6s] greedy ep 21 games=  96 dec= 18036 rows= 17319 horizon=0.31 L=0.21667 L/var=1.30 tgt=-0.078/0.408 pstd=0.131 aux=0.5049/0.792 gen=0.1s train=0.9s
[t=  25.7s] greedy ep 22 games=  96 dec= 18029 rows= 17227 horizon=0.27 L=0.21370 L/var=1.32 tgt=-0.080/0.402 pstd=0.134 aux=0.4970/0.795 gen=0.1s train=0.9s
[t=  26.8s] greedy ep 23 games=  96 dec= 17747 rows= 16977 horizon=0.25 L=0.21650 L/var=1.24 tgt=-0.095/0.417 pstd=0.138 aux=0.5181/0.785 gen=0.1s train=0.9s
[t=  27.9s] greedy ep 24 games=  96 dec= 19062 rows= 18185 horizon=0.33 L=0.21098 L/var=1.22 tgt=-0.066/0.416 pstd=0.135 aux=0.5100/0.788 gen=0.1s train=0.9s
[t=  28.9s] greedy ep 25 games=  96 dec= 17216 rows= 16554 horizon=0.26 L=0.21008 L/var=1.23 tgt=-0.104/0.413 pstd=0.169 aux=0.4947/0.795 gen=0.1s train=0.8s
[t=  30.0s] greedy ep 26 games=  96 dec= 17961 rows= 17220 horizon=0.25 L=0.19742 L/var=1.13 tgt=-0.093/0.418 pstd=0.245 aux=0.4924/0.797 gen=0.1s train=0.9s
[t=  31.1s] greedy ep 27 games=  96 dec= 18228 rows= 17449 horizon=0.31 L=0.22926 L/var=1.31 tgt=-0.079/0.418 pstd=0.173 aux=0.5276/0.776 gen=0.1s train=0.9s
[t=  32.1s] greedy ep 28 games=  96 dec= 17812 rows= 17094 horizon=0.26 L=0.24131 L/var=1.57 tgt=-0.076/0.392 pstd=0.057 aux=0.5146/0.783 gen=0.1s train=0.9s
[t=  33.3s] greedy ep 29 games=  96 dec= 19053 rows= 18234 horizon=0.26 L=0.23575 L/var=1.67 tgt=-0.080/0.376 pstd=0.092 aux=0.5119/0.787 gen=0.1s train=0.9s
[t=  34.4s] greedy ep 30 games=  96 dec= 18321 rows= 17575 horizon=0.30 L=0.21202 L/var=1.28 tgt=-0.113/0.407 pstd=0.138 aux=0.4912/0.797 gen=0.1s train=0.9s
[t=  35.4s] greedy ep 31 games=  96 dec= 16891 rows= 16063 horizon=0.18 L=0.19753 L/var=1.25 tgt=-0.082/0.397 pstd=0.214 aux=0.4844/0.800 gen=0.1s train=0.8s
[t=  36.5s] greedy ep 32 games=  96 dec= 18093 rows= 17385 horizon=0.24 L=0.21468 L/var=1.25 tgt=-0.072/0.415 pstd=0.121 aux=0.5080/0.787 gen=0.1s train=0.9s
[t=  37.6s] greedy ep 33 games=  96 dec= 19035 rows= 18241 horizon=0.29 L=0.23633 L/var=1.37 tgt=-0.075/0.416 pstd=0.125 aux=0.5441/0.766 gen=0.1s train=0.9s
[t=  38.7s] greedy ep 34 games=  96 dec= 18187 rows= 17419 horizon=0.27 L=0.22493 L/var=1.29 tgt=-0.090/0.417 pstd=0.113 aux=0.5224/0.785 gen=0.1s train=0.9s
[t=  39.8s] greedy ep 35 games=  96 dec= 18662 rows= 17906 horizon=0.31 L=0.20514 L/var=1.19 tgt=-0.077/0.415 pstd=0.156 aux=0.4975/0.797 gen=0.1s train=0.9s
[t=  40.9s] greedy ep 36 games=  96 dec= 19120 rows= 18320 horizon=0.36 L=0.21265 L/var=1.49 tgt=-0.076/0.378 pstd=0.081 aux=0.5161/0.785 gen=0.1s train=0.9s
[t=  42.0s] greedy ep 37 games=  96 dec= 18607 rows= 17746 horizon=0.25 L=0.20743 L/var=1.27 tgt=-0.077/0.405 pstd=0.172 aux=0.5161/0.783 gen=0.1s train=0.9s
[t=  43.1s] greedy ep 38 games=  96 dec= 18177 rows= 17384 horizon=0.31 L=0.20144 L/var=1.23 tgt=-0.080/0.405 pstd=0.183 aux=0.4928/0.797 gen=0.1s train=0.9s
[t=  44.1s] greedy ep 39 games=  96 dec= 18486 rows= 17717 horizon=0.29 L=0.20696 L/var=1.37 tgt=-0.071/0.389 pstd=0.217 aux=0.4933/0.795 gen=0.1s train=0.9s
[t=  45.3s] greedy ep 40 games=  96 dec= 19275 rows= 18436 horizon=0.33 L=0.18841 L/var=1.06 tgt=-0.074/0.422 pstd=0.152 aux=0.4917/0.794 gen=0.1s train=0.9s
[t=  46.4s] greedy ep 41 games=  96 dec= 18785 rows= 18040 horizon=0.30 L=0.17875 L/var=1.12 tgt=-0.068/0.400 pstd=0.301 aux=0.4956/0.794 gen=0.1s train=0.9s
[t=  47.6s] greedy ep 42 games=  96 dec= 19881 rows= 19059 horizon=0.39 L=0.24038 L/var=1.62 tgt=-0.075/0.385 pstd=0.053 aux=0.5492/0.763 gen=0.1s train=1.0s
[t=  48.7s] greedy ep 43 games=  96 dec= 18050 rows= 17184 horizon=0.23 L=0.21645 L/var=1.45 tgt=-0.075/0.387 pstd=0.107 aux=0.4929/0.793 gen=0.1s train=0.9s
[t=  49.9s] greedy ep 44 games=  96 dec= 18560 rows= 17740 horizon=0.28 L=0.20442 L/var=1.07 tgt=-0.093/0.437 pstd=0.130 aux=0.4779/0.802 gen=0.1s train=1.0s
[t=  51.0s] greedy ep 45 games=  96 dec= 18156 rows= 17392 horizon=0.24 L=0.20220 L/var=1.21 tgt=-0.064/0.409 pstd=0.167 aux=0.4806/0.802 gen=0.1s train=0.9s
[t=  52.1s] greedy ep 46 games=  96 dec= 18368 rows= 17684 horizon=0.28 L=0.19675 L/var=1.20 tgt=-0.076/0.404 pstd=0.137 aux=0.4893/0.796 gen=0.1s train=0.9s
[t=  53.2s] greedy ep 47 games=  96 dec= 18118 rows= 17408 horizon=0.24 L=0.18721 L/var=1.18 tgt=-0.069/0.398 pstd=0.399 aux=0.4977/0.792 gen=0.1s train=0.9s
[t=  54.2s] greedy ep 48 games=  96 dec= 17862 rows= 17043 horizon=0.24 L=0.25653 L/var=1.48 tgt=-0.092/0.417 pstd=0.082 aux=0.5226/0.777 gen=0.1s train=0.9s
[t=  55.4s] greedy ep 49 games=  96 dec= 18829 rows= 18026 horizon=0.33 L=0.20421 L/var=1.15 tgt=-0.062/0.421 pstd=0.147 aux=0.4926/0.794 gen=0.1s train=0.9s
[t=  56.4s] greedy ep 50 games=  96 dec= 17525 rows= 16786 horizon=0.24 L=0.16084 L/var=0.88 tgt=-0.080/0.427 pstd=0.339 aux=0.4815/0.801 gen=0.1s train=0.8s
[t=  57.5s] greedy ep 51 games=  96 dec= 19356 rows= 18596 horizon=0.40 L=0.12521 L/var=0.78 tgt=-0.074/0.401 pstd=0.454 aux=0.4857/0.800 gen=0.1s train=0.9s
[t=  58.7s] greedy ep 52 games=  96 dec= 18685 rows= 17935 horizon=0.28 L=0.12809 L/var=0.83 tgt=-0.067/0.393 pstd=0.347 aux=0.4884/0.798 gen=0.1s train=0.9s
[t=  59.8s] greedy ep 53 games=  96 dec= 18948 rows= 18237 horizon=0.32 L=0.11687 L/var=0.74 tgt=-0.086/0.396 pstd=0.347 aux=0.4892/0.798 gen=0.1s train=0.9s
[t=  60.9s] greedy ep 54 games=  96 dec= 17611 rows= 16971 horizon=0.26 L=0.06397 L/var=0.36 tgt=-0.088/0.424 pstd=0.356 aux=0.5025/0.791 gen=0.1s train=0.9s
[t=  62.0s] greedy ep 55 games=  96 dec= 17996 rows= 17195 horizon=0.21 L=0.03501 L/var=0.22 tgt=-0.076/0.401 pstd=0.403 aux=0.4917/0.797 gen=0.1s train=0.9s
[t=  63.0s] greedy ep 56 games=  96 dec= 18473 rows= 17717 horizon=0.27 L=0.02607 L/var=0.17 tgt=-0.063/0.393 pstd=0.398 aux=0.4880/0.799 gen=0.1s train=0.8s
[t=  64.1s] greedy ep 57 games=  96 dec= 18052 rows= 17276 horizon=0.26 L=0.02296 L/var=0.14 tgt=-0.062/0.404 pstd=0.398 aux=0.4859/0.800 gen=0.1s train=0.9s
[t=  65.2s] greedy ep 58 games=  96 dec= 19091 rows= 18313 horizon=0.34 L=0.02037 L/var=0.14 tgt=-0.063/0.381 pstd=0.398 aux=0.4820/0.802 gen=0.1s train=0.9s
[t=  66.4s] greedy ep 59 games=  96 dec= 19713 rows= 18889 horizon=0.41 L=0.01681 L/var=0.11 tgt=-0.092/0.398 pstd=0.409 aux=0.4780/0.803 gen=0.1s train=0.9s
[t=  67.4s] greedy ep 60 games=  96 dec= 18647 rows= 17857 horizon=0.33 L=0.01469 L/var=0.09 tgt=-0.075/0.405 pstd=0.400 aux=0.4778/0.802 gen=0.1s train=0.8s
[t=  68.5s] greedy ep 61 games=  96 dec= 18180 rows= 17370 horizon=0.29 L=0.02301 L/var=0.14 tgt=-0.065/0.411 pstd=0.404 aux=0.4773/0.803 gen=0.1s train=0.9s
[t=  69.6s] greedy ep 62 games=  96 dec= 18730 rows= 17916 horizon=0.29 L=0.01683 L/var=0.10 tgt=-0.052/0.407 pstd=0.394 aux=0.4763/0.803 gen=0.1s train=0.9s
[t=  70.7s] greedy ep 63 games=  96 dec= 18074 rows= 17325 horizon=0.26 L=0.01136 L/var=0.07 tgt=-0.092/0.406 pstd=0.401 aux=0.4772/0.802 gen=0.1s train=0.9s
[t=  71.8s] greedy ep 64 games=  96 dec= 18248 rows= 17493 horizon=0.26 L=0.01061 L/var=0.06 tgt=-0.089/0.419 pstd=0.402 aux=0.4760/0.802 gen=0.1s train=0.9s
[t=  72.8s] greedy ep 65 games=  96 dec= 18740 rows= 17898 horizon=0.28 L=0.01100 L/var=0.07 tgt=-0.077/0.409 pstd=0.397 aux=0.4730/0.804 gen=0.1s train=0.9s
[t=  73.9s] greedy ep 66 games=  96 dec= 18511 rows= 17748 horizon=0.30 L=0.01066 L/var=0.06 tgt=-0.090/0.430 pstd=0.409 aux=0.4759/0.802 gen=0.1s train=0.9s
[t=  75.1s] greedy ep 67 games=  96 dec= 19072 rows= 18279 horizon=0.35 L=0.00815 L/var=0.06 tgt=-0.059/0.377 pstd=0.411 aux=0.4746/0.802 gen=0.1s train=0.9s
[t=  76.1s] greedy ep 68 games=  96 dec= 17859 rows= 17017 horizon=0.23 L=0.00817 L/var=0.05 tgt=-0.081/0.395 pstd=0.411 aux=0.4724/0.803 gen=0.1s train=0.9s
[t=  77.2s] greedy ep 69 games=  96 dec= 18682 rows= 17844 horizon=0.32 L=0.00778 L/var=0.04 tgt=-0.092/0.424 pstd=0.407 aux=0.4722/0.803 gen=0.1s train=0.9s
[t=  78.3s] greedy ep 70 games=  96 dec= 18324 rows= 17562 horizon=0.32 L=0.00844 L/var=0.05 tgt=-0.098/0.410 pstd=0.407 aux=0.4716/0.802 gen=0.1s train=0.9s
[t=  79.4s] greedy ep 71 games=  96 dec= 18400 rows= 17586 horizon=0.27 L=0.00619 L/var=0.04 tgt=-0.084/0.416 pstd=0.405 aux=0.4775/0.800 gen=0.1s train=0.9s
[t=  80.4s] greedy ep 72 games=  96 dec= 17332 rows= 16550 horizon=0.20 L=0.01167 L/var=0.07 tgt=-0.065/0.409 pstd=0.422 aux=0.4734/0.802 gen=0.1s train=0.8s
[t=  81.6s] greedy ep 73 games=  96 dec= 19452 rows= 18585 horizon=0.35 L=0.01247 L/var=0.08 tgt=-0.068/0.398 pstd=0.412 aux=0.4739/0.801 gen=0.1s train=0.9s
[t=  82.7s] greedy ep 74 games=  96 dec= 17984 rows= 17229 horizon=0.21 L=0.00770 L/var=0.05 tgt=-0.069/0.389 pstd=0.402 aux=0.4721/0.803 gen=0.1s train=0.9s
[t=  83.8s] greedy ep 75 games=  96 dec= 18070 rows= 17255 horizon=0.27 L=0.00705 L/var=0.04 tgt=-0.099/0.436 pstd=0.401 aux=0.4752/0.800 gen=0.1s train=0.9s
[t=  84.8s] greedy ep 76 games=  96 dec= 18194 rows= 17464 horizon=0.30 L=0.00551 L/var=0.03 tgt=-0.057/0.404 pstd=0.398 aux=0.4742/0.801 gen=0.1s train=0.9s
[t=  85.9s] greedy ep 77 games=  96 dec= 18428 rows= 17591 horizon=0.27 L=0.00567 L/var=0.03 tgt=-0.067/0.415 pstd=0.408 aux=0.4731/0.802 gen=0.1s train=0.9s
[t=  87.0s] greedy ep 78 games=  96 dec= 18773 rows= 18044 horizon=0.30 L=0.00576 L/var=0.04 tgt=-0.067/0.377 pstd=0.405 aux=0.4745/0.801 gen=0.1s train=0.9s
[t=  88.2s] greedy ep 79 games=  96 dec= 19337 rows= 18547 horizon=0.34 L=0.00630 L/var=0.04 tgt=-0.106/0.412 pstd=0.400 aux=0.4711/0.802 gen=0.1s train=0.9s
[t=  89.2s] greedy ep 80 games=  96 dec= 17484 rows= 16727 horizon=0.26 L=0.00537 L/var=0.03 tgt=-0.063/0.396 pstd=0.403 aux=0.4748/0.800 gen=0.1s train=0.8s
[t=  90.3s] greedy ep 81 games=  96 dec= 18617 rows= 17850 horizon=0.30 L=0.00571 L/var=0.03 tgt=-0.099/0.425 pstd=0.406 aux=0.4750/0.800 gen=0.1s train=0.9s
[t=  91.5s] greedy ep 82 games=  96 dec= 18879 rows= 18158 horizon=0.35 L=0.00437 L/var=0.03 tgt=-0.082/0.409 pstd=0.414 aux=0.4749/0.800 gen=0.1s train=0.9s
[t=  92.6s] greedy ep 83 games=  96 dec= 18072 rows= 17191 horizon=0.25 L=0.00547 L/var=0.03 tgt=-0.065/0.408 pstd=0.399 aux=0.4750/0.799 gen=0.1s train=0.9s
[t=  93.6s] greedy ep 84 games=  96 dec= 17976 rows= 17258 horizon=0.24 L=0.00565 L/var=0.03 tgt=-0.089/0.415 pstd=0.395 aux=0.4694/0.802 gen=0.1s train=0.9s
[t=  94.7s] greedy ep 85 games=  96 dec= 17646 rows= 16832 horizon=0.27 L=0.00497 L/var=0.03 tgt=-0.059/0.398 pstd=0.400 aux=0.4695/0.802 gen=0.1s train=0.8s
[t=  95.8s] greedy ep 86 games=  96 dec= 18364 rows= 17635 horizon=0.32 L=0.00506 L/var=0.03 tgt=-0.086/0.404 pstd=0.408 aux=0.4765/0.799 gen=0.1s train=0.9s
[t=  96.9s] greedy ep 87 games=  96 dec= 17909 rows= 17235 horizon=0.26 L=0.00401 L/var=0.02 tgt=-0.083/0.401 pstd=0.406 aux=0.4739/0.800 gen=0.1s train=0.9s
[t=  97.9s] greedy ep 88 games=  96 dec= 18071 rows= 17298 horizon=0.30 L=0.00482 L/var=0.03 tgt=-0.065/0.379 pstd=0.413 aux=0.4705/0.801 gen=0.1s train=0.9s
[t=  99.1s] greedy ep 89 games=  96 dec= 18949 rows= 18088 horizon=0.34 L=0.00492 L/var=0.03 tgt=-0.094/0.394 pstd=0.405 aux=0.4700/0.802 gen=0.1s train=0.9s
[t= 100.3s] greedy ep 90 games=  96 dec= 19166 rows= 18364 horizon=0.35 L=0.00599 L/var=0.04 tgt=-0.075/0.379 pstd=0.407 aux=0.4725/0.801 gen=0.1s train=0.9s
[t= 101.3s] greedy ep 91 games=  96 dec= 17855 rows= 17128 horizon=0.27 L=0.00399 L/var=0.02 tgt=-0.080/0.412 pstd=0.402 aux=0.4713/0.801 gen=0.1s train=0.9s
[t= 102.5s] greedy ep 92 games=  96 dec= 19702 rows= 18801 horizon=0.27 L=0.00391 L/var=0.02 tgt=-0.084/0.400 pstd=0.414 aux=0.4704/0.801 gen=0.1s train=0.9s
[t= 103.6s] greedy ep 93 games=  96 dec= 17941 rows= 17171 horizon=0.24 L=0.00502 L/var=0.03 tgt=-0.071/0.409 pstd=0.413 aux=0.4727/0.801 gen=0.1s train=0.9s
[t= 104.7s] greedy ep 94 games=  96 dec= 17940 rows= 17110 horizon=0.23 L=0.00394 L/var=0.02 tgt=-0.067/0.399 pstd=0.414 aux=0.4680/0.802 gen=0.1s train=0.9s
[t= 105.8s] greedy ep 95 games=  96 dec= 18500 rows= 17800 horizon=0.27 L=0.00619 L/var=0.04 tgt=-0.059/0.402 pstd=0.415 aux=0.4721/0.799 gen=0.1s train=0.9s
[t= 106.9s] greedy ep 96 games=  96 dec= 18917 rows= 18192 horizon=0.38 L=0.00480 L/var=0.03 tgt=-0.076/0.423 pstd=0.406 aux=0.4717/0.800 gen=0.1s train=0.9s
[t= 107.9s] greedy ep 97 games=  96 dec= 17660 rows= 16918 horizon=0.26 L=0.00372 L/var=0.03 tgt=-0.078/0.372 pstd=0.416 aux=0.4722/0.800 gen=0.1s train=0.8s
[t= 109.1s] greedy ep 98 games=  96 dec= 18960 rows= 18159 horizon=0.38 L=0.00396 L/var=0.02 tgt=-0.070/0.402 pstd=0.401 aux=0.4693/0.801 gen=0.1s train=0.9s
[t= 110.2s] greedy ep 99 games=  96 dec= 18076 rows= 17256 horizon=0.25 L=0.00437 L/var=0.03 tgt=-0.062/0.383 pstd=0.404 aux=0.4649/0.803 gen=0.1s train=0.9s
[t= 111.2s] greedy ep100 games=  96 dec= 17998 rows= 17250 horizon=0.26 L=0.00634 L/var=0.04 tgt=-0.059/0.420 pstd=0.419 aux=0.4670/0.802 gen=0.1s train=0.9s
[t= 112.3s] greedy ep101 games=  96 dec= 18395 rows= 17593 horizon=0.27 L=0.00393 L/var=0.02 tgt=-0.039/0.397 pstd=0.406 aux=0.4674/0.801 gen=0.1s train=0.9s
[t= 113.5s] greedy ep102 games=  96 dec= 19077 rows= 18301 horizon=0.32 L=0.00343 L/var=0.02 tgt=-0.091/0.410 pstd=0.403 aux=0.4669/0.801 gen=0.1s train=0.9s
[t= 114.6s] greedy ep103 games=  96 dec= 18636 rows= 17872 horizon=0.40 L=0.00428 L/var=0.02 tgt=-0.076/0.423 pstd=0.397 aux=0.4713/0.800 gen=0.1s train=0.9s
[t= 115.7s] greedy ep104 games=  96 dec= 19219 rows= 18498 horizon=0.38 L=0.00447 L/var=0.03 tgt=-0.060/0.383 pstd=0.399 aux=0.4669/0.802 gen=0.1s train=0.9s
[t= 116.8s] greedy ep105 games=  96 dec= 18363 rows= 17583 horizon=0.29 L=0.00404 L/var=0.02 tgt=-0.078/0.405 pstd=0.412 aux=0.4658/0.802 gen=0.1s train=0.9s
[t= 117.9s] greedy ep106 games=  96 dec= 18439 rows= 17687 horizon=0.29 L=0.00321 L/var=0.02 tgt=-0.072/0.386 pstd=0.403 aux=0.4690/0.801 gen=0.1s train=0.9s
[t= 119.0s] greedy ep107 games=  96 dec= 18696 rows= 17858 horizon=0.29 L=0.00307 L/var=0.02 tgt=-0.064/0.384 pstd=0.411 aux=0.4655/0.803 gen=0.1s train=0.9s
[t= 120.1s] greedy ep108 games=  96 dec= 18457 rows= 17577 horizon=0.21 L=0.00468 L/var=0.03 tgt=-0.081/0.414 pstd=0.403 aux=0.4733/0.798 gen=0.1s train=0.9s
[t= 120.1s] --- snapshot snap_00.pt (init) ---
[t= 120.1s] --- switching to ReBeL ---
[t= 130.1s] rebel stream solves=11264 raw=1125/s balanced=1125/s debt=0 rows steps=44 horizon=0.00 games=0 over=0 card=0 drop=0 L=0.01098 L/var=1.64 tgt=-0.026/0.082 aux=0.0280/0.986 cfg/b=41995 prep=0.33s gpu=0.00s conv=0.01s add=0.41s train=3.10s
[t= 140.1s] rebel stream solves=18432 raw=919/s balanced=919/s debt=0 rows steps=72 horizon=0.00 games=0 over=0 card=0 drop=0 L=0.00161 L/var=0.75 tgt=-0.008/0.046 aux=0.0007/1.000 cfg/b=27475 prep=0.27s gpu=0.00s conv=0.00s add=0.19s train=2.12s
[t= 150.2s] rebel stream solves=25600 raw=851/s balanced=851/s debt=0 rows steps=100 horizon=0.00 games=0 over=0 card=0 drop=0 L=0.00091 L/var=0.29 tgt=+0.005/0.056 aux=0.0005/1.000 cfg/b=21116 prep=0.14s gpu=0.00s conv=0.00s add=0.12s train=1.81s
[t= 160.4s] rebel stream solves=33792 raw=839/s balanced=839/s debt=0 rows steps=132 horizon=0.00 games=2 over=0 card=0 drop=0 L=0.00086 L/var=0.23 tgt=+0.015/0.061 aux=0.0003/1.000 cfg/b=17066 prep=0.19s gpu=0.00s conv=0.00s add=0.11s train=2.05s
[t= 170.4s] rebel stream solves=40960 raw=814/s balanced=814/s debt=0 rows steps=160 horizon=0.00 games=7 over=0 card=0 drop=0 L=0.00073 L/var=0.16 tgt=+0.036/0.067 aux=0.0003/1.000 cfg/b=13944 prep=0.21s gpu=0.00s conv=0.00s add=0.07s train=1.86s
[t= 180.5s] rebel stream solves=48128 raw=796/s balanced=796/s debt=0 rows steps=188 horizon=0.00 games=40 over=0 card=0 drop=0 L=0.00172 L/var=0.23 tgt=+0.036/0.087 aux=0.0002/1.000 cfg/b=11991 prep=0.14s gpu=0.00s conv=0.00s add=0.07s train=2.45s
[t= 190.6s] rebel stream solves=55296 raw=785/s balanced=785/s debt=0 rows steps=216 horizon=0.00 games=74 over=0 card=0 drop=0 L=0.00414 L/var=0.35 tgt=+0.048/0.110 aux=0.0002/1.000 cfg/b=11305 prep=0.12s gpu=0.00s conv=0.00s add=0.06s train=1.72s
[t= 199.4s] --- lr -> 5.00e-04 ---
[t= 200.6s] rebel stream solves=60416 raw=750/s balanced=750/s debt=0 rows steps=236 horizon=0.00 games=60 over=0 card=0 drop=0 L=0.00611 L/var=0.48 tgt=+0.048/0.113 aux=0.0001/1.000 cfg/b=10961 prep=0.09s gpu=0.00s conv=0.00s add=0.06s train=1.27s
[t= 210.6s] rebel stream solves=65536 raw=724/s balanced=724/s debt=0 rows steps=256 horizon=0.00 games=53 over=0 card=0 drop=0 L=0.00724 L/var=0.57 tgt=+0.049/0.112 aux=0.0002/1.000 cfg/b=11594 prep=0.10s gpu=0.00s conv=0.00s add=0.07s train=1.26s
[t= 220.7s] rebel stream solves=69632 raw=692/s balanced=692/s debt=0 rows steps=272 horizon=0.00 games=58 over=0 card=0 drop=0 L=0.00738 L/var=0.46 tgt=+0.061/0.127 aux=0.0002/1.000 cfg/b=11900 prep=0.08s gpu=0.00s conv=0.00s add=0.06s train=0.99s
[t= 230.7s] rebel stream solves=72704 raw=657/s balanced=657/s debt=0 rows steps=284 horizon=0.00 games=36 over=0 card=0 drop=0 L=0.00667 L/var=0.41 tgt=+0.060/0.127 aux=0.0002/1.000 cfg/b=12233 prep=0.06s gpu=0.00s conv=0.00s add=0.05s train=0.76s
[t= 240.7s] rebel stream solves=76800 raw=637/s balanced=637/s debt=0 rows steps=300 horizon=0.00 games=48 over=0 card=0 drop=0 L=0.00798 L/var=0.48 tgt=+0.065/0.129 aux=0.0002/1.000 cfg/b=12616 prep=0.09s gpu=0.00s conv=0.00s add=0.07s train=1.03s
[t= 250.7s] rebel stream solves=81920 raw=627/s balanced=627/s debt=0 rows steps=320 horizon=0.00 games=62 over=0 card=0 drop=0 L=0.00730 L/var=0.39 tgt=+0.053/0.137 aux=0.0002/1.000 cfg/b=13223 prep=0.12s gpu=0.00s conv=0.00s add=0.09s train=1.18s
[t= 261.0s] rebel stream solves=86016 raw=610/s balanced=610/s debt=0 rows steps=336 horizon=0.00 games=53 over=0 card=0 drop=0 L=0.00661 L/var=0.24 tgt=+0.049/0.165 aux=0.0002/1.000 cfg/b=13785 prep=0.07s gpu=0.00s conv=0.00s add=0.06s train=1.00s
[t= 271.1s] rebel stream solves=92160 raw=611/s balanced=611/s debt=0 rows steps=360 horizon=0.00 games=70 over=0 card=0 drop=0 L=0.00667 L/var=0.32 tgt=+0.053/0.145 aux=0.0002/1.000 cfg/b=13628 prep=0.12s gpu=0.00s conv=0.00s add=0.10s train=1.52s
[t= 280.9s] --- lr -> 2.50e-04 ---
[t= 281.1s] rebel stream solves=99328 raw=617/s balanced=617/s debt=0 rows steps=388 horizon=0.00 games=46 over=0 card=0 drop=0 L=0.00684 L/var=0.42 tgt=+0.040/0.127 aux=0.0002/1.000 cfg/b=13188 prep=0.13s gpu=0.00s conv=0.00s add=0.10s train=1.77s
[t= 291.1s] rebel stream solves=107520 raw=629/s balanced=629/s debt=0 rows steps=420 horizon=0.00 games=59 over=0 card=0 drop=0 L=0.00503 L/var=0.43 tgt=+0.051/0.108 aux=0.0003/1.000 cfg/b=12240 prep=0.15s gpu=0.00s conv=0.00s add=0.09s train=2.02s
[t= 301.1s] rebel stream solves=114688 raw=633/s balanced=633/s debt=0 rows steps=448 horizon=0.00 games=22 over=0 card=0 drop=0 L=0.00442 L/var=0.32 tgt=+0.061/0.117 aux=0.0002/1.000 cfg/b=11402 prep=0.13s gpu=0.00s conv=0.00s add=0.08s train=1.78s
[t= 311.3s] rebel stream solves=121856 raw=637/s balanced=637/s debt=0 rows steps=476 horizon=0.00 games=38 over=0 card=0 drop=0 L=0.00385 L/var=0.19 tgt=+0.073/0.143 aux=0.0003/1.000 cfg/b=10733 prep=0.14s gpu=0.00s conv=0.00s add=0.07s train=1.80s
[t= 321.3s] rebel stream solves=130048 raw=646/s balanced=646/s debt=0 rows steps=508 horizon=0.00 games=39 over=0 card=0 drop=0 L=0.00385 L/var=0.17 tgt=+0.089/0.148 aux=0.0002/1.000 cfg/b=9867 prep=0.16s gpu=0.00s conv=0.00s add=0.08s train=2.02s
[t= 331.3s] rebel stream solves=139264 raw=659/s balanced=659/s debt=0 rows steps=544 horizon=0.39 games=89 over=0 card=0 drop=0 L=0.00399 L/var=0.19 tgt=+0.092/0.143 aux=0.0002/1.000 cfg/b=9522 prep=0.16s gpu=0.00s conv=0.00s add=0.09s train=2.27s
[t= 341.4s] rebel stream solves=148480 raw=671/s balanced=671/s debt=0 rows steps=580 horizon=0.84 games=329 over=0 card=0 drop=0 L=0.00413 L/var=0.29 tgt=+0.048/0.119 aux=0.0002/1.000 cfg/b=9791 prep=0.16s gpu=0.00s conv=0.00s add=0.14s train=2.21s
[t= 351.6s] rebel stream solves=158720 raw=686/s balanced=686/s debt=0 rows steps=620 horizon=0.75 games=193 over=0 card=0 drop=0 L=0.00425 L/var=0.47 tgt=+0.037/0.095 aux=0.0002/1.000 cfg/b=11313 prep=0.18s gpu=0.00s conv=0.00s add=0.24s train=2.46s
[t= 355.0s] --- stopping GPU admission; draining ---
[t= 356.5s] rebel stream solves=163459 raw=691/s balanced=691/s debt=524 rows steps=638 horizon=0.07 games=14 over=0 card=0 drop=0 L=0.00391 L/var=0.36 tgt=+0.040/0.104 aux=0.0002/1.000 cfg/b=12573 prep=0.08s gpu=0.00s conv=0.00s add=0.10s train=1.10s
[gpu-summary] solves=163459 optimizer_rows=653312 debt=524 raw=681.3/s balanced=680.8/s horizon=0.33 games=1392 over=0 card=0 exact=0 censored=1152 dropped=0 overrun=0.00s
[t= 360.0s] --- snapshot snap_01.pt (final) ---
