[train] runs/gt_final_thirty at 1feb485+dirty seed=1 {'minutes': 30.0, 'warm_minutes': 2.0, 'snapshot_every': 10.0, 'ladder_games': 0, 'nodes': 64, 'expand': 1, 'iters': 8, 'config_cap': 256, 'note': 'v11-cpu-saturated-final-proof'}
[train] v11-cpu-saturated-final-proof
[train] CUDA stream priority -1
[train] search inference on CPU
[cfg] PUBFEAT=897 CFEAT=15 architecture=gt-cfr nodes=64 expand=1 iters=8 budget=1800s warm=120s snapshot_every=10min device=cuda:1 draft=random train_gen_ratio=64.0 recent_mix=0.5/0.2 canonical_views=2 cap=2000000 matmul=high
[t=   1.3s] greedy ep  0 games=  96 dec= 18968 rows= 18118 horizon=0.30 L=0.34058 L/var=2.31 tgt=-0.065/0.384 pstd=0.038 gen=0.1s train=1.1s
[t=   2.0s] greedy ep  1 games=  96 dec= 18844 rows= 18051 horizon=0.33 L=0.20454 L/var=1.18 tgt=-0.083/0.417 pstd=0.086 gen=0.1s train=0.6s
[t=   2.7s] greedy ep  2 games=  96 dec= 18181 rows= 17414 horizon=0.27 L=0.21841 L/var=1.38 tgt=-0.076/0.397 pstd=0.160 gen=0.1s train=0.5s
[t=   3.5s] greedy ep  3 games=  96 dec= 17989 rows= 17120 horizon=0.26 L=0.18644 L/var=1.23 tgt=-0.077/0.389 pstd=0.260 gen=0.1s train=0.6s
[t=   4.3s] greedy ep  4 games=  96 dec= 18823 rows= 18078 horizon=0.29 L=0.11672 L/var=0.76 tgt=-0.064/0.392 pstd=0.340 gen=0.1s train=0.6s
[t=   5.2s] greedy ep  5 games=  96 dec= 18924 rows= 18146 horizon=0.33 L=0.06926 L/var=0.47 tgt=-0.051/0.384 pstd=0.386 gen=0.1s train=0.6s
[t=   6.0s] greedy ep  6 games=  96 dec= 17615 rows= 16921 horizon=0.26 L=0.04239 L/var=0.26 tgt=-0.082/0.402 pstd=0.376 gen=0.1s train=0.6s
[t=   6.8s] greedy ep  7 games=  96 dec= 18608 rows= 17786 horizon=0.36 L=0.03782 L/var=0.22 tgt=-0.092/0.417 pstd=0.364 gen=0.1s train=0.6s
[t=   7.6s] greedy ep  8 games=  96 dec= 19040 rows= 18296 horizon=0.36 L=0.02813 L/var=0.18 tgt=-0.064/0.398 pstd=0.366 gen=0.1s train=0.6s
[t=   8.4s] greedy ep  9 games=  96 dec= 18200 rows= 17459 horizon=0.27 L=0.02785 L/var=0.16 tgt=-0.090/0.411 pstd=0.360 gen=0.1s train=0.6s
[t=   9.2s] greedy ep 10 games=  96 dec= 17927 rows= 17200 horizon=0.24 L=0.02293 L/var=0.14 tgt=-0.082/0.404 pstd=0.369 gen=0.1s train=0.6s
[t=  10.0s] greedy ep 11 games=  96 dec= 17941 rows= 17162 horizon=0.28 L=0.02299 L/var=0.14 tgt=-0.100/0.400 pstd=0.357 gen=0.1s train=0.6s
[t=  10.8s] greedy ep 12 games=  96 dec= 17384 rows= 16648 horizon=0.25 L=0.02107 L/var=0.15 tgt=-0.053/0.370 pstd=0.380 gen=0.1s train=0.6s
[t=  11.6s] greedy ep 13 games=  96 dec= 18153 rows= 17377 horizon=0.28 L=0.01768 L/var=0.11 tgt=-0.090/0.400 pstd=0.373 gen=0.1s train=0.6s
[t=  12.4s] greedy ep 14 games=  96 dec= 18097 rows= 17377 horizon=0.26 L=0.01531 L/var=0.10 tgt=-0.061/0.388 pstd=0.381 gen=0.1s train=0.6s
[t=  13.2s] greedy ep 15 games=  96 dec= 18356 rows= 17581 horizon=0.30 L=0.01336 L/var=0.08 tgt=-0.075/0.407 pstd=0.368 gen=0.1s train=0.6s
[t=  14.1s] greedy ep 16 games=  96 dec= 19141 rows= 18328 horizon=0.32 L=0.01184 L/var=0.07 tgt=-0.060/0.400 pstd=0.377 gen=0.1s train=0.6s
[t=  14.9s] greedy ep 17 games=  96 dec= 18885 rows= 18173 horizon=0.30 L=0.01171 L/var=0.07 tgt=-0.075/0.410 pstd=0.361 gen=0.1s train=0.6s
[t=  15.7s] greedy ep 18 games=  96 dec= 17886 rows= 17103 horizon=0.25 L=0.01433 L/var=0.10 tgt=-0.064/0.386 pstd=0.386 gen=0.1s train=0.6s
[t=  16.5s] greedy ep 19 games=  96 dec= 17738 rows= 16961 horizon=0.23 L=0.01145 L/var=0.06 tgt=-0.108/0.433 pstd=0.394 gen=0.1s train=0.6s
[t=  17.3s] greedy ep 20 games=  96 dec= 17716 rows= 17039 horizon=0.28 L=0.00976 L/var=0.05 tgt=-0.090/0.429 pstd=0.380 gen=0.1s train=0.6s
[t=  18.1s] greedy ep 21 games=  96 dec= 17777 rows= 17032 horizon=0.23 L=0.00904 L/var=0.06 tgt=-0.097/0.401 pstd=0.386 gen=0.1s train=0.6s
[t=  18.9s] greedy ep 22 games=  96 dec= 18472 rows= 17732 horizon=0.33 L=0.00981 L/var=0.06 tgt=-0.079/0.396 pstd=0.375 gen=0.1s train=0.6s
[t=  19.7s] greedy ep 23 games=  96 dec= 18429 rows= 17627 horizon=0.27 L=0.00817 L/var=0.05 tgt=-0.079/0.391 pstd=0.370 gen=0.1s train=0.6s
[t=  20.5s] greedy ep 24 games=  96 dec= 18992 rows= 18327 horizon=0.35 L=0.01207 L/var=0.07 tgt=-0.080/0.412 pstd=0.363 gen=0.1s train=0.6s
[t=  21.3s] greedy ep 25 games=  96 dec= 18039 rows= 17262 horizon=0.23 L=0.00954 L/var=0.05 tgt=-0.097/0.418 pstd=0.372 gen=0.1s train=0.6s
[t=  22.2s] greedy ep 26 games=  96 dec= 19627 rows= 18805 horizon=0.33 L=0.00780 L/var=0.05 tgt=-0.078/0.412 pstd=0.385 gen=0.1s train=0.6s
[t=  23.0s] greedy ep 27 games=  96 dec= 18752 rows= 17930 horizon=0.27 L=0.00829 L/var=0.05 tgt=-0.057/0.401 pstd=0.372 gen=0.1s train=0.6s
[t=  23.9s] greedy ep 28 games=  96 dec= 19116 rows= 18327 horizon=0.31 L=0.00760 L/var=0.04 tgt=-0.078/0.412 pstd=0.378 gen=0.1s train=0.6s
[t=  24.8s] greedy ep 29 games=  96 dec= 18708 rows= 17952 horizon=0.27 L=0.00689 L/var=0.04 tgt=-0.080/0.407 pstd=0.376 gen=0.1s train=0.6s
[t=  25.6s] greedy ep 30 games=  96 dec= 19066 rows= 18248 horizon=0.31 L=0.00646 L/var=0.04 tgt=-0.075/0.397 pstd=0.375 gen=0.1s train=0.6s
[t=  26.4s] greedy ep 31 games=  96 dec= 18369 rows= 17570 horizon=0.26 L=0.00693 L/var=0.04 tgt=-0.085/0.397 pstd=0.377 gen=0.1s train=0.6s
[t=  27.2s] greedy ep 32 games=  96 dec= 18567 rows= 17800 horizon=0.30 L=0.00653 L/var=0.04 tgt=-0.065/0.405 pstd=0.378 gen=0.1s train=0.6s
[t=  28.0s] greedy ep 33 games=  96 dec= 18636 rows= 17813 horizon=0.31 L=0.00652 L/var=0.04 tgt=-0.050/0.400 pstd=0.392 gen=0.1s train=0.6s
[t=  28.9s] greedy ep 34 games=  96 dec= 18664 rows= 17825 horizon=0.29 L=0.00666 L/var=0.05 tgt=-0.077/0.378 pstd=0.383 gen=0.1s train=0.6s
[t=  29.7s] greedy ep 35 games=  96 dec= 17787 rows= 17046 horizon=0.22 L=0.00660 L/var=0.04 tgt=-0.058/0.413 pstd=0.367 gen=0.1s train=0.6s
[t=  30.5s] greedy ep 36 games=  96 dec= 19279 rows= 18442 horizon=0.33 L=0.00605 L/var=0.04 tgt=-0.083/0.403 pstd=0.382 gen=0.1s train=0.6s
[t=  31.3s] greedy ep 37 games=  96 dec= 18316 rows= 17468 horizon=0.32 L=0.00609 L/var=0.04 tgt=-0.082/0.413 pstd=0.385 gen=0.1s train=0.6s
[t=  32.2s] greedy ep 38 games=  96 dec= 19158 rows= 18321 horizon=0.32 L=0.00832 L/var=0.06 tgt=-0.052/0.371 pstd=0.377 gen=0.1s train=0.6s
[t=  33.0s] greedy ep 39 games=  96 dec= 18549 rows= 17774 horizon=0.26 L=0.00615 L/var=0.03 tgt=-0.066/0.419 pstd=0.393 gen=0.1s train=0.6s
[t=  33.9s] greedy ep 40 games=  96 dec= 18971 rows= 18211 horizon=0.34 L=0.00566 L/var=0.04 tgt=-0.061/0.378 pstd=0.380 gen=0.1s train=0.6s
[t=  34.7s] greedy ep 41 games=  96 dec= 18692 rows= 17843 horizon=0.28 L=0.00537 L/var=0.03 tgt=-0.060/0.393 pstd=0.377 gen=0.1s train=0.6s
[t=  35.6s] greedy ep 42 games=  96 dec= 19162 rows= 18375 horizon=0.38 L=0.00655 L/var=0.04 tgt=-0.081/0.417 pstd=0.390 gen=0.1s train=0.6s
[t=  36.4s] greedy ep 43 games=  96 dec= 19468 rows= 18602 horizon=0.35 L=0.00538 L/var=0.04 tgt=-0.093/0.389 pstd=0.380 gen=0.1s train=0.6s
[t=  37.3s] greedy ep 44 games=  96 dec= 18443 rows= 17624 horizon=0.28 L=0.00536 L/var=0.04 tgt=-0.068/0.375 pstd=0.381 gen=0.1s train=0.6s
[t=  38.0s] greedy ep 45 games=  96 dec= 17350 rows= 16706 horizon=0.25 L=0.00487 L/var=0.03 tgt=-0.069/0.383 pstd=0.376 gen=0.1s train=0.6s
[t=  38.8s] greedy ep 46 games=  96 dec= 17993 rows= 17239 horizon=0.28 L=0.00512 L/var=0.03 tgt=-0.095/0.400 pstd=0.388 gen=0.1s train=0.6s
[t=  39.7s] greedy ep 47 games=  96 dec= 18984 rows= 18180 horizon=0.29 L=0.00457 L/var=0.03 tgt=-0.069/0.381 pstd=0.373 gen=0.1s train=0.6s
[t=  40.5s] greedy ep 48 games=  96 dec= 18071 rows= 17405 horizon=0.30 L=0.00531 L/var=0.03 tgt=-0.064/0.410 pstd=0.381 gen=0.1s train=0.6s
[t=  41.3s] greedy ep 49 games=  96 dec= 19599 rows= 18844 horizon=0.40 L=0.00608 L/var=0.04 tgt=-0.053/0.408 pstd=0.374 gen=0.1s train=0.6s
[t=  42.2s] greedy ep 50 games=  96 dec= 17856 rows= 17099 horizon=0.25 L=0.00497 L/var=0.03 tgt=-0.078/0.412 pstd=0.377 gen=0.1s train=0.6s
[t=  43.0s] greedy ep 51 games=  96 dec= 17858 rows= 17043 horizon=0.24 L=0.00479 L/var=0.03 tgt=-0.083/0.433 pstd=0.375 gen=0.1s train=0.6s
[t=  43.9s] greedy ep 52 games=  96 dec= 18973 rows= 18262 horizon=0.35 L=0.00609 L/var=0.04 tgt=-0.080/0.397 pstd=0.370 gen=0.1s train=0.6s
[t=  44.6s] greedy ep 53 games=  96 dec= 17565 rows= 16777 horizon=0.19 L=0.00508 L/var=0.03 tgt=-0.076/0.397 pstd=0.380 gen=0.1s train=0.6s
[t=  45.5s] greedy ep 54 games=  96 dec= 17835 rows= 17151 horizon=0.25 L=0.00427 L/var=0.03 tgt=-0.070/0.384 pstd=0.389 gen=0.1s train=0.6s
[t=  46.3s] greedy ep 55 games=  96 dec= 17927 rows= 17096 horizon=0.25 L=0.00469 L/var=0.04 tgt=-0.069/0.363 pstd=0.382 gen=0.1s train=0.6s
[t=  47.2s] greedy ep 56 games=  96 dec= 18561 rows= 17765 horizon=0.28 L=0.00484 L/var=0.03 tgt=-0.062/0.381 pstd=0.387 gen=0.1s train=0.6s
[t=  48.0s] greedy ep 57 games=  96 dec= 18688 rows= 17872 horizon=0.25 L=0.00500 L/var=0.03 tgt=-0.082/0.422 pstd=0.398 gen=0.1s train=0.6s
[t=  48.8s] greedy ep 58 games=  96 dec= 19251 rows= 18414 horizon=0.34 L=0.00481 L/var=0.03 tgt=-0.092/0.413 pstd=0.387 gen=0.1s train=0.6s
[t=  49.7s] greedy ep 59 games=  96 dec= 19596 rows= 18724 horizon=0.36 L=0.00483 L/var=0.03 tgt=-0.071/0.392 pstd=0.381 gen=0.1s train=0.6s
[t=  50.6s] greedy ep 60 games=  96 dec= 18869 rows= 17979 horizon=0.30 L=0.00432 L/var=0.03 tgt=-0.087/0.395 pstd=0.382 gen=0.1s train=0.6s
[t=  51.4s] greedy ep 61 games=  96 dec= 18419 rows= 17673 horizon=0.25 L=0.00460 L/var=0.03 tgt=-0.071/0.408 pstd=0.374 gen=0.1s train=0.6s
[t=  52.2s] greedy ep 62 games=  96 dec= 19032 rows= 18186 horizon=0.32 L=0.00503 L/var=0.03 tgt=-0.082/0.423 pstd=0.375 gen=0.1s train=0.6s
[t=  53.1s] greedy ep 63 games=  96 dec= 19220 rows= 18443 horizon=0.29 L=0.00394 L/var=0.02 tgt=-0.067/0.401 pstd=0.384 gen=0.1s train=0.6s
[t=  53.9s] greedy ep 64 games=  96 dec= 17814 rows= 17050 horizon=0.25 L=0.00438 L/var=0.03 tgt=-0.077/0.407 pstd=0.375 gen=0.1s train=0.6s
[t=  54.8s] greedy ep 65 games=  96 dec= 18244 rows= 17509 horizon=0.28 L=0.00412 L/var=0.03 tgt=-0.079/0.389 pstd=0.377 gen=0.1s train=0.6s
[t=  55.6s] greedy ep 66 games=  96 dec= 18182 rows= 17491 horizon=0.29 L=0.00498 L/var=0.03 tgt=-0.084/0.400 pstd=0.380 gen=0.1s train=0.6s
[t=  56.5s] greedy ep 67 games=  96 dec= 18981 rows= 18182 horizon=0.35 L=0.00671 L/var=0.04 tgt=-0.087/0.426 pstd=0.377 gen=0.1s train=0.6s
[t=  57.3s] greedy ep 68 games=  96 dec= 18200 rows= 17313 horizon=0.25 L=0.00401 L/var=0.03 tgt=-0.057/0.399 pstd=0.390 gen=0.1s train=0.6s
[t=  58.1s] greedy ep 69 games=  96 dec= 18393 rows= 17591 horizon=0.28 L=0.00418 L/var=0.03 tgt=-0.084/0.390 pstd=0.383 gen=0.1s train=0.6s
[t=  58.9s] greedy ep 70 games=  96 dec= 18464 rows= 17707 horizon=0.33 L=0.00373 L/var=0.02 tgt=-0.094/0.424 pstd=0.380 gen=0.1s train=0.6s
[t=  59.7s] greedy ep 71 games=  96 dec= 18120 rows= 17396 horizon=0.26 L=0.00348 L/var=0.02 tgt=-0.064/0.411 pstd=0.386 gen=0.1s train=0.6s
[t=  60.6s] greedy ep 72 games=  96 dec= 19113 rows= 18368 horizon=0.34 L=0.00461 L/var=0.03 tgt=-0.105/0.413 pstd=0.386 gen=0.1s train=0.6s
[t=  61.4s] greedy ep 73 games=  96 dec= 17603 rows= 16838 horizon=0.20 L=0.00460 L/var=0.03 tgt=-0.097/0.416 pstd=0.389 gen=0.1s train=0.6s
[t=  62.2s] greedy ep 74 games=  96 dec= 18477 rows= 17679 horizon=0.27 L=0.00361 L/var=0.02 tgt=-0.080/0.425 pstd=0.382 gen=0.1s train=0.6s
[t=  63.1s] greedy ep 75 games=  96 dec= 19740 rows= 18936 horizon=0.40 L=0.00345 L/var=0.02 tgt=-0.051/0.381 pstd=0.381 gen=0.1s train=0.6s
[t=  63.9s] greedy ep 76 games=  96 dec= 18307 rows= 17464 horizon=0.20 L=0.00412 L/var=0.03 tgt=-0.073/0.386 pstd=0.381 gen=0.1s train=0.6s
[t=  64.7s] greedy ep 77 games=  96 dec= 18119 rows= 17313 horizon=0.25 L=0.00445 L/var=0.03 tgt=-0.096/0.418 pstd=0.377 gen=0.1s train=0.6s
[t=  65.6s] greedy ep 78 games=  96 dec= 18056 rows= 17283 horizon=0.26 L=0.00409 L/var=0.03 tgt=-0.067/0.398 pstd=0.384 gen=0.1s train=0.6s
[t=  66.4s] greedy ep 79 games=  96 dec= 18309 rows= 17527 horizon=0.28 L=0.00362 L/var=0.02 tgt=-0.048/0.403 pstd=0.384 gen=0.1s train=0.6s
[t=  67.2s] greedy ep 80 games=  96 dec= 18361 rows= 17605 horizon=0.29 L=0.00453 L/var=0.03 tgt=-0.092/0.423 pstd=0.371 gen=0.1s train=0.6s
[t=  68.0s] greedy ep 81 games=  96 dec= 17527 rows= 16734 horizon=0.25 L=0.00529 L/var=0.03 tgt=-0.065/0.398 pstd=0.390 gen=0.1s train=0.6s
[t=  68.8s] greedy ep 82 games=  96 dec= 17529 rows= 16756 horizon=0.23 L=0.00469 L/var=0.03 tgt=-0.061/0.397 pstd=0.383 gen=0.1s train=0.6s
[t=  69.6s] greedy ep 83 games=  96 dec= 16779 rows= 15994 horizon=0.18 L=0.00378 L/var=0.02 tgt=-0.050/0.399 pstd=0.386 gen=0.1s train=0.6s
[t=  70.4s] greedy ep 84 games=  96 dec= 19106 rows= 18300 horizon=0.35 L=0.00343 L/var=0.02 tgt=-0.060/0.405 pstd=0.381 gen=0.1s train=0.6s
[t=  71.3s] greedy ep 85 games=  96 dec= 18736 rows= 17960 horizon=0.29 L=0.00372 L/var=0.02 tgt=-0.082/0.405 pstd=0.380 gen=0.1s train=0.6s
[t=  72.1s] greedy ep 86 games=  96 dec= 18107 rows= 17332 horizon=0.26 L=0.00363 L/var=0.02 tgt=-0.063/0.393 pstd=0.389 gen=0.1s train=0.6s
[t=  72.9s] greedy ep 87 games=  96 dec= 17330 rows= 16586 horizon=0.24 L=0.00350 L/var=0.02 tgt=-0.085/0.395 pstd=0.381 gen=0.1s train=0.6s
[t=  73.8s] greedy ep 88 games=  96 dec= 18635 rows= 17758 horizon=0.27 L=0.00356 L/var=0.02 tgt=-0.061/0.389 pstd=0.384 gen=0.1s train=0.6s
[t=  74.6s] greedy ep 89 games=  96 dec= 17378 rows= 16633 horizon=0.24 L=0.00368 L/var=0.02 tgt=-0.079/0.397 pstd=0.386 gen=0.1s train=0.6s
[t=  75.4s] greedy ep 90 games=  96 dec= 18682 rows= 17886 horizon=0.31 L=0.00372 L/var=0.02 tgt=-0.098/0.418 pstd=0.381 gen=0.1s train=0.6s
[t=  76.3s] greedy ep 91 games=  96 dec= 18758 rows= 18046 horizon=0.32 L=0.00375 L/var=0.03 tgt=-0.077/0.383 pstd=0.384 gen=0.1s train=0.6s
[t=  77.1s] greedy ep 92 games=  96 dec= 18910 rows= 18161 horizon=0.30 L=0.00342 L/var=0.02 tgt=-0.080/0.401 pstd=0.377 gen=0.1s train=0.6s
[t=  78.0s] greedy ep 93 games=  96 dec= 18404 rows= 17653 horizon=0.34 L=0.01003 L/var=0.06 tgt=-0.102/0.417 pstd=0.376 gen=0.1s train=0.6s
[t=  78.8s] greedy ep 94 games=  96 dec= 18792 rows= 18006 horizon=0.33 L=0.00488 L/var=0.03 tgt=-0.081/0.391 pstd=0.381 gen=0.1s train=0.6s
[t=  79.7s] greedy ep 95 games=  96 dec= 18762 rows= 17940 horizon=0.24 L=0.00358 L/var=0.02 tgt=-0.088/0.399 pstd=0.387 gen=0.1s train=0.6s
[t=  80.5s] greedy ep 96 games=  96 dec= 17651 rows= 16892 horizon=0.24 L=0.00328 L/var=0.02 tgt=-0.080/0.418 pstd=0.388 gen=0.1s train=0.6s
[t=  81.3s] greedy ep 97 games=  96 dec= 17701 rows= 17006 horizon=0.27 L=0.00314 L/var=0.02 tgt=-0.090/0.413 pstd=0.386 gen=0.1s train=0.6s
[t=  82.2s] greedy ep 98 games=  96 dec= 18691 rows= 17958 horizon=0.35 L=0.00305 L/var=0.02 tgt=-0.069/0.364 pstd=0.383 gen=0.1s train=0.6s
[t=  83.0s] greedy ep 99 games=  96 dec= 19149 rows= 18268 horizon=0.29 L=0.00313 L/var=0.02 tgt=-0.083/0.398 pstd=0.391 gen=0.1s train=0.6s
[t=  83.9s] greedy ep100 games=  96 dec= 17996 rows= 17268 horizon=0.27 L=0.00413 L/var=0.02 tgt=-0.047/0.415 pstd=0.376 gen=0.1s train=0.6s
[t=  84.7s] greedy ep101 games=  96 dec= 17954 rows= 17173 horizon=0.26 L=0.00341 L/var=0.02 tgt=-0.101/0.429 pstd=0.388 gen=0.1s train=0.6s
[t=  85.5s] greedy ep102 games=  96 dec= 17228 rows= 16426 horizon=0.19 L=0.00342 L/var=0.02 tgt=-0.107/0.415 pstd=0.383 gen=0.1s train=0.6s
[t=  86.3s] greedy ep103 games=  96 dec= 17794 rows= 16980 horizon=0.24 L=0.00345 L/var=0.02 tgt=-0.076/0.398 pstd=0.384 gen=0.1s train=0.6s
[t=  87.2s] greedy ep104 games=  96 dec= 18854 rows= 17982 horizon=0.26 L=0.00315 L/var=0.02 tgt=-0.080/0.409 pstd=0.381 gen=0.1s train=0.6s
[t=  88.1s] greedy ep105 games=  96 dec= 18802 rows= 17936 horizon=0.30 L=0.00404 L/var=0.02 tgt=-0.084/0.410 pstd=0.375 gen=0.1s train=0.6s
[t=  88.9s] greedy ep106 games=  96 dec= 18161 rows= 17476 horizon=0.27 L=0.00380 L/var=0.03 tgt=-0.058/0.388 pstd=0.385 gen=0.1s train=0.6s
[t=  89.7s] greedy ep107 games=  96 dec= 17916 rows= 17157 horizon=0.27 L=0.00403 L/var=0.02 tgt=-0.081/0.408 pstd=0.387 gen=0.1s train=0.6s
[t=  90.5s] greedy ep108 games=  96 dec= 18149 rows= 17352 horizon=0.26 L=0.00335 L/var=0.02 tgt=-0.060/0.382 pstd=0.385 gen=0.1s train=0.6s
[t=  91.4s] greedy ep109 games=  96 dec= 18197 rows= 17400 horizon=0.24 L=0.00366 L/var=0.02 tgt=-0.067/0.387 pstd=0.389 gen=0.1s train=0.6s
[t=  92.2s] greedy ep110 games=  96 dec= 17538 rows= 16803 horizon=0.24 L=0.00382 L/var=0.02 tgt=-0.087/0.410 pstd=0.391 gen=0.1s train=0.6s
[t=  93.0s] greedy ep111 games=  96 dec= 19361 rows= 18532 horizon=0.36 L=0.00347 L/var=0.02 tgt=-0.073/0.400 pstd=0.391 gen=0.1s train=0.6s
[t=  93.9s] greedy ep112 games=  96 dec= 18029 rows= 17317 horizon=0.30 L=0.00311 L/var=0.02 tgt=-0.083/0.417 pstd=0.395 gen=0.1s train=0.6s
[t=  94.7s] greedy ep113 games=  96 dec= 18174 rows= 17387 horizon=0.28 L=0.00340 L/var=0.02 tgt=-0.042/0.413 pstd=0.391 gen=0.1s train=0.6s
[t=  95.6s] greedy ep114 games=  96 dec= 19319 rows= 18518 horizon=0.36 L=0.00305 L/var=0.02 tgt=-0.073/0.406 pstd=0.393 gen=0.1s train=0.6s
[t=  96.4s] greedy ep115 games=  96 dec= 17729 rows= 16977 horizon=0.17 L=0.00403 L/var=0.02 tgt=-0.043/0.407 pstd=0.384 gen=0.1s train=0.6s
[t=  97.3s] greedy ep116 games=  96 dec= 18403 rows= 17543 horizon=0.28 L=0.00291 L/var=0.02 tgt=-0.071/0.395 pstd=0.389 gen=0.1s train=0.6s
[t=  98.1s] greedy ep117 games=  96 dec= 17865 rows= 17051 horizon=0.27 L=0.00305 L/var=0.02 tgt=-0.067/0.406 pstd=0.388 gen=0.1s train=0.6s
[t=  99.0s] greedy ep118 games=  96 dec= 18550 rows= 17822 horizon=0.36 L=0.00382 L/var=0.02 tgt=-0.103/0.431 pstd=0.378 gen=0.1s train=0.6s
[t=  99.8s] greedy ep119 games=  96 dec= 18440 rows= 17650 horizon=0.26 L=0.00331 L/var=0.02 tgt=-0.088/0.406 pstd=0.389 gen=0.1s train=0.6s
[t= 100.7s] greedy ep120 games=  96 dec= 18888 rows= 17947 horizon=0.27 L=0.00365 L/var=0.02 tgt=-0.074/0.397 pstd=0.382 gen=0.1s train=0.6s
[t= 101.5s] greedy ep121 games=  96 dec= 18400 rows= 17640 horizon=0.29 L=0.00344 L/var=0.02 tgt=-0.074/0.377 pstd=0.387 gen=0.1s train=0.6s
[t= 102.4s] greedy ep122 games=  96 dec= 19500 rows= 18715 horizon=0.40 L=0.00528 L/var=0.04 tgt=-0.065/0.377 pstd=0.401 gen=0.1s train=0.6s
[t= 103.2s] greedy ep123 games=  96 dec= 18513 rows= 17694 horizon=0.27 L=0.00363 L/var=0.02 tgt=-0.071/0.405 pstd=0.390 gen=0.1s train=0.6s
[t= 104.1s] greedy ep124 games=  96 dec= 18892 rows= 18073 horizon=0.33 L=0.00362 L/var=0.02 tgt=-0.113/0.403 pstd=0.375 gen=0.1s train=0.6s
[t= 105.0s] greedy ep125 games=  96 dec= 18520 rows= 17651 horizon=0.25 L=0.00320 L/var=0.02 tgt=-0.076/0.404 pstd=0.396 gen=0.1s train=0.6s
[t= 105.9s] greedy ep126 games=  96 dec= 19645 rows= 18833 horizon=0.36 L=0.00335 L/var=0.02 tgt=-0.071/0.385 pstd=0.395 gen=0.1s train=0.6s
[t= 106.7s] greedy ep127 games=  96 dec= 17395 rows= 16683 horizon=0.19 L=0.00288 L/var=0.02 tgt=-0.067/0.378 pstd=0.388 gen=0.1s train=0.6s
[t= 107.5s] greedy ep128 games=  96 dec= 19317 rows= 18624 horizon=0.38 L=0.00316 L/var=0.02 tgt=-0.070/0.400 pstd=0.373 gen=0.1s train=0.6s
[t= 108.4s] greedy ep129 games=  96 dec= 18062 rows= 17333 horizon=0.27 L=0.00321 L/var=0.02 tgt=-0.067/0.388 pstd=0.385 gen=0.1s train=0.6s
[t= 109.2s] greedy ep130 games=  96 dec= 17908 rows= 17168 horizon=0.25 L=0.00312 L/var=0.02 tgt=-0.072/0.388 pstd=0.381 gen=0.1s train=0.6s
[t= 110.0s] greedy ep131 games=  96 dec= 17598 rows= 16794 horizon=0.20 L=0.00257 L/var=0.02 tgt=-0.072/0.400 pstd=0.387 gen=0.1s train=0.6s
[t= 110.9s] greedy ep132 games=  96 dec= 18760 rows= 17930 horizon=0.29 L=0.00266 L/var=0.02 tgt=-0.046/0.400 pstd=0.391 gen=0.1s train=0.6s
[t= 111.7s] greedy ep133 games=  96 dec= 18381 rows= 17624 horizon=0.30 L=0.00300 L/var=0.02 tgt=-0.085/0.417 pstd=0.396 gen=0.1s train=0.6s
[t= 112.5s] greedy ep134 games=  96 dec= 17570 rows= 16816 horizon=0.25 L=0.00297 L/var=0.02 tgt=-0.072/0.415 pstd=0.387 gen=0.1s train=0.6s
[t= 113.4s] greedy ep135 games=  96 dec= 17880 rows= 17050 horizon=0.19 L=0.00399 L/var=0.02 tgt=-0.097/0.429 pstd=0.378 gen=0.1s train=0.6s
[t= 114.2s] greedy ep136 games=  96 dec= 17693 rows= 16931 horizon=0.20 L=0.00381 L/var=0.02 tgt=-0.082/0.393 pstd=0.386 gen=0.1s train=0.6s
[t= 115.1s] greedy ep137 games=  96 dec= 18829 rows= 18139 horizon=0.33 L=0.00358 L/var=0.02 tgt=-0.103/0.413 pstd=0.375 gen=0.1s train=0.6s
[t= 115.9s] greedy ep138 games=  96 dec= 18667 rows= 17798 horizon=0.27 L=0.00407 L/var=0.03 tgt=-0.085/0.387 pstd=0.383 gen=0.1s train=0.6s
[t= 116.8s] greedy ep139 games=  96 dec= 19019 rows= 18235 horizon=0.33 L=0.00348 L/var=0.02 tgt=-0.078/0.391 pstd=0.379 gen=0.1s train=0.6s
[t= 117.6s] greedy ep140 games=  96 dec= 18185 rows= 17445 horizon=0.30 L=0.00323 L/var=0.02 tgt=-0.095/0.405 pstd=0.393 gen=0.1s train=0.6s
[t= 118.5s] greedy ep141 games=  96 dec= 19133 rows= 18326 horizon=0.31 L=0.00285 L/var=0.02 tgt=-0.072/0.412 pstd=0.390 gen=0.1s train=0.6s
[t= 119.3s] greedy ep142 games=  96 dec= 18194 rows= 17427 horizon=0.24 L=0.00306 L/var=0.02 tgt=-0.097/0.420 pstd=0.389 gen=0.1s train=0.6s
[t= 120.2s] greedy ep143 games=  96 dec= 18830 rows= 18028 horizon=0.30 L=0.00275 L/var=0.02 tgt=-0.073/0.412 pstd=0.386 gen=0.1s train=0.6s
[t= 120.2s] --- snapshot snap_00.pt (init) ---
[t= 120.2s] --- switching to GT-CFR ---
[t= 130.5s] GT-CFR solves=3888 rate=378.3/s rows=31 games=0 caps=21 L=0.04800 L/var=5.17 tgt=-0.028/0.096 gen=0.14s train=0.03s gpu=0.00s
[t= 140.5s] GT-CFR solves=8976 rate=442.2/s rows=52 games=1 caps=55 L=0.03733 L/var=0.10 tgt=+0.468/0.603 gen=0.06s train=0.02s gpu=0.00s
[t= 150.5s] GT-CFR solves=14384 rate=474.7/s rows=72 games=0 caps=73 L=0.03210 L/var=0.08 tgt=-0.013/0.652 gen=0.02s train=0.03s gpu=0.00s
[t= 160.5s] GT-CFR solves=19472 rate=482.9/s rows=46 games=0 caps=98 L=0.03287 L/var=5.75 tgt=-0.043/0.076 gen=0.11s train=0.03s gpu=0.00s
[t= 170.5s] GT-CFR solves=24976 rate=496.3/s rows=39 games=0 caps=131 L=0.02588 L/var=0.40 tgt=+0.008/0.256 gen=0.11s train=0.03s gpu=0.00s
[t= 180.5s] GT-CFR solves=30192 rate=500.5/s rows=30 games=0 caps=137 L=0.02895 L/var=0.09 tgt=-0.055/0.583 gen=0.14s train=0.03s gpu=0.00s
[t= 190.6s] GT-CFR solves=35472 rate=504.2/s rows=72 games=0 caps=170 L=0.03295 L/var=0.06 tgt=-0.179/0.748 gen=0.04s train=0.03s gpu=0.00s
[t= 200.6s] GT-CFR solves=40368 rate=502.4/s rows=31 games=0 caps=200 L=0.03170 L/var=0.24 tgt=-0.059/0.360 gen=0.11s train=0.02s gpu=0.00s
[t= 210.6s] GT-CFR solves=45536 rate=504.0/s rows=22 games=0 caps=214 L=0.02624 L/var=0.09 tgt=+0.567/0.537 gen=0.14s train=0.03s gpu=0.00s
[t= 220.6s] GT-CFR solves=50576 rate=503.8/s rows=72 games=0 caps=271 L=0.02683 L/var=0.04 tgt=+0.015/0.796 gen=0.02s train=0.03s gpu=0.00s
[t= 230.6s] GT-CFR solves=55536 rate=503.1/s rows=43 games=0 caps=285 L=0.02508 L/var=1.31 tgt=-0.064/0.139 gen=0.10s train=0.02s gpu=0.00s
[t= 240.6s] GT-CFR solves=60608 rate=503.3/s rows=36 games=0 caps=323 L=0.02770 L/var=3.84 tgt=+0.047/0.085 gen=0.11s train=0.03s gpu=0.00s
[t= 250.6s] GT-CFR solves=66000 rate=506.0/s rows=31 games=0 caps=346 L=0.02489 L/var=0.06 tgt=-0.242/0.649 gen=0.16s train=0.03s gpu=0.00s
[t= 260.7s] GT-CFR solves=71040 rate=505.8/s rows=22 games=0 caps=380 L=0.02692 L/var=0.48 tgt=-0.133/0.236 gen=0.08s train=0.02s gpu=0.00s
[t= 270.7s] GT-CFR solves=76384 rate=507.7/s rows=72 games=0 caps=405 L=0.02631 L/var=0.14 tgt=-0.012/0.439 gen=0.02s train=0.03s gpu=0.00s
[t= 280.7s] GT-CFR solves=81344 rate=506.9/s rows=72 games=0 caps=426 L=0.02791 L/var=0.04 tgt=+0.036/0.790 gen=0.03s train=0.03s gpu=0.00s
[t= 290.7s] GT-CFR solves=86080 rate=504.8/s rows=32 games=0 caps=427 L=0.02663 L/var=3.69 tgt=-0.021/0.085 gen=0.10s train=0.03s gpu=0.00s
[t= 300.7s] GT-CFR solves=91696 rate=508.0/s rows=72 games=0 caps=457 L=0.02917 L/var=232.49 tgt=+0.012/0.011 gen=0.03s train=0.03s gpu=0.00s
[t= 310.7s] GT-CFR solves=96896 rate=508.6/s rows=72 games=0 caps=483 L=0.02830 L/var=0.09 tgt=+0.000/0.550 gen=0.04s train=0.03s gpu=0.00s
[t= 320.8s] GT-CFR solves=101792 rate=507.6/s rows=72 games=0 caps=497 L=0.02658 L/var=4.23 tgt=+0.013/0.079 gen=0.03s train=0.03s gpu=0.00s
[t= 330.8s] GT-CFR solves=107376 rate=510.0/s rows=72 games=0 caps=516 L=0.02564 L/var=0.10 tgt=-0.606/0.499 gen=0.04s train=0.03s gpu=0.00s
[t= 340.8s] GT-CFR solves=112336 rate=509.3/s rows=66 games=0 caps=527 L=0.02676 L/var=1.25 tgt=+0.021/0.146 gen=0.03s train=0.03s gpu=0.00s
[t= 350.8s] GT-CFR solves=117472 rate=509.5/s rows=12 games=0 caps=538 L=0.02475 L/var=0.06 tgt=+0.380/0.625 gen=0.13s train=0.04s gpu=0.00s
[t= 360.8s] GT-CFR solves=122352 rate=508.5/s rows=24 games=0 caps=580 L=0.02466 L/var=0.91 tgt=-0.134/0.165 gen=0.16s train=0.03s gpu=0.00s
[t= 370.8s] GT-CFR solves=127264 rate=507.8/s rows=48 games=0 caps=593 L=0.02447 L/var=6.30 tgt=-0.044/0.062 gen=0.13s train=0.03s gpu=0.00s
[t= 380.8s] GT-CFR solves=132512 rate=508.4/s rows=52 games=0 caps=621 L=0.02745 L/var=0.30 tgt=-0.326/0.303 gen=0.11s train=0.03s gpu=0.00s
[t= 390.9s] GT-CFR solves=137680 rate=508.7/s rows=39 games=0 caps=643 L=0.02629 L/var=6.98 tgt=+0.007/0.061 gen=0.10s train=0.03s gpu=0.00s
[t= 400.9s] GT-CFR solves=142944 rate=509.3/s rows=39 games=0 caps=673 L=0.02606 L/var=0.10 tgt=-0.517/0.505 gen=0.08s train=0.03s gpu=0.00s
[t= 410.9s] GT-CFR solves=148160 rate=509.7/s rows=72 games=0 caps=685 L=0.02551 L/var=0.18 tgt=-0.034/0.372 gen=0.03s train=0.03s gpu=0.00s
[t= 420.2s] --- target network refresh ---
[t= 420.9s] GT-CFR solves=153792 rate=511.5/s rows=15 games=0 caps=711 L=0.02834 L/var=0.74 tgt=-0.205/0.195 gen=0.18s train=0.03s gpu=0.00s
[t= 430.9s] GT-CFR solves=159168 rate=512.3/s rows=22 games=0 caps=736 L=0.02768 L/var=10.42 tgt=+0.023/0.052 gen=0.12s train=0.02s gpu=0.00s
[t= 440.9s] GT-CFR solves=164256 rate=512.1/s rows=13 games=0 caps=803 L=0.02773 L/var=0.23 tgt=-0.222/0.346 gen=0.17s train=0.03s gpu=0.00s
[t= 451.0s] GT-CFR solves=169712 rate=513.1/s rows=17 games=0 caps=943 L=0.02978 L/var=0.14 tgt=-0.068/0.459 gen=0.15s train=0.03s gpu=0.00s
[t= 461.0s] GT-CFR solves=174960 rate=513.4/s rows=16 games=0 caps=1033 L=0.02630 L/var=0.23 tgt=-0.170/0.340 gen=0.22s train=0.03s gpu=0.00s
[t= 471.0s] GT-CFR solves=180208 rate=513.7/s rows=23 games=0 caps=1099 L=0.02514 L/var=0.40 tgt=-0.052/0.252 gen=0.12s train=0.03s gpu=0.00s
[t= 481.0s] GT-CFR solves=185456 rate=514.0/s rows=51 games=0 caps=1217 L=0.02781 L/var=0.13 tgt=+0.332/0.459 gen=0.07s train=0.03s gpu=0.00s
[t= 491.0s] GT-CFR solves=190512 rate=513.8/s rows=16 games=0 caps=1333 L=0.02782 L/var=0.64 tgt=+0.237/0.208 gen=0.16s train=0.03s gpu=0.00s
[t= 501.0s] GT-CFR solves=195808 rate=514.2/s rows=72 games=0 caps=1438 L=0.02607 L/var=0.05 tgt=+0.073/0.716 gen=0.04s train=0.03s gpu=0.00s
[t= 511.0s] GT-CFR solves=201280 rate=515.0/s rows=14 games=0 caps=1581 L=0.02526 L/var=0.13 tgt=+0.009/0.433 gen=0.12s train=0.03s gpu=0.00s
[t= 521.1s] GT-CFR solves=206624 rate=515.5/s rows=22 games=0 caps=1716 L=0.02626 L/var=0.24 tgt=+0.001/0.328 gen=0.11s train=0.03s gpu=0.00s
[t= 531.1s] GT-CFR solves=211776 rate=515.5/s rows=33 games=0 caps=1902 L=0.02475 L/var=0.44 tgt=+0.042/0.237 gen=0.12s train=0.03s gpu=0.00s
[t= 541.1s] GT-CFR solves=217136 rate=515.9/s rows=30 games=0 caps=2070 L=0.02565 L/var=1.61 tgt=-0.062/0.126 gen=0.16s train=0.02s gpu=0.00s
[t= 551.1s] GT-CFR solves=222384 rate=516.1/s rows=72 games=0 caps=2170 L=0.02372 L/var=0.11 tgt=+0.002/0.472 gen=0.04s train=0.03s gpu=0.00s
[t= 561.1s] GT-CFR solves=227696 rate=516.4/s rows=18 games=0 caps=2245 L=0.02579 L/var=0.15 tgt=-0.296/0.409 gen=0.13s train=0.04s gpu=0.00s
[t= 571.1s] GT-CFR solves=232880 rate=516.4/s rows=22 games=0 caps=2317 L=0.02501 L/var=0.40 tgt=+0.119/0.251 gen=0.19s train=0.04s gpu=0.00s
[t= 581.1s] GT-CFR solves=238320 rate=517.0/s rows=19 games=0 caps=2365 L=0.02318 L/var=0.12 tgt=+0.003/0.437 gen=0.15s train=0.03s gpu=0.00s
[t= 591.2s] GT-CFR solves=243584 rate=517.2/s rows=29 games=0 caps=2533 L=0.02268 L/var=4.50 tgt=+0.010/0.071 gen=0.17s train=0.03s gpu=0.00s
[t= 601.2s] GT-CFR solves=248816 rate=517.3/s rows=31 games=0 caps=2653 L=0.02381 L/var=18.11 tgt=+0.018/0.036 gen=0.18s train=0.03s gpu=0.00s
[t= 611.2s] GT-CFR solves=254032 rate=517.4/s rows=72 games=0 caps=2799 L=0.02321 L/var=0.17 tgt=+0.103/0.369 gen=0.04s train=0.03s gpu=0.00s
[t= 621.2s] GT-CFR solves=259264 rate=517.5/s rows=12 games=0 caps=2953 L=0.02077 L/var=0.29 tgt=-0.186/0.268 gen=0.23s train=0.03s gpu=0.00s
[t= 631.2s] GT-CFR solves=264416 rate=517.5/s rows=72 games=0 caps=3010 L=0.02405 L/var=1.31 tgt=+0.040/0.135 gen=0.03s train=0.03s gpu=0.00s
[t= 641.2s] GT-CFR solves=269376 rate=517.0/s rows=72 games=0 caps=3082 L=0.01958 L/var=0.06 tgt=+0.006/0.549 gen=0.04s train=0.03s gpu=0.00s
[t= 651.2s] GT-CFR solves=274176 rate=516.3/s rows=72 games=0 caps=3217 L=0.02195 L/var=0.04 tgt=+0.070/0.704 gen=0.03s train=0.03s gpu=0.00s
[t= 661.2s] GT-CFR solves=278944 rate=515.6/s rows=26 games=1 caps=3305 L=0.02136 L/var=0.17 tgt=-0.165/0.354 gen=0.13s train=0.03s gpu=0.00s
[t= 671.3s] GT-CFR solves=283696 rate=514.8/s rows=28 games=0 caps=3395 L=0.02042 L/var=0.12 tgt=+0.399/0.404 gen=0.10s train=0.03s gpu=0.00s
[t= 674.6s] --- lr -> 5.00e-04 ---
[t= 681.3s] GT-CFR solves=288336 rate=513.9/s rows=17 games=1 caps=3476 L=0.02421 L/var=0.06 tgt=-0.307/0.626 gen=0.16s train=0.03s gpu=0.00s
[t= 691.3s] GT-CFR solves=292816 rate=512.7/s rows=13 games=0 caps=3622 L=0.02295 L/var=0.31 tgt=+0.104/0.274 gen=0.40s train=0.03s gpu=0.00s
[t= 701.3s] GT-CFR solves=296976 rate=511.1/s rows=13 games=0 caps=3731 L=0.02396 L/var=0.51 tgt=-0.036/0.216 gen=0.13s train=0.04s gpu=0.00s
[t= 711.3s] GT-CFR solves=301216 rate=509.6/s rows=28 games=0 caps=3843 L=0.02105 L/var=0.11 tgt=+0.100/0.431 gen=0.18s train=0.03s gpu=0.00s
[t= 720.2s] --- target network refresh ---
[t= 720.2s] --- snapshot snap_01.pt (s1) ---
[t= 721.3s] GT-CFR solves=305504 rate=508.2/s rows=35 games=0 caps=3929 L=0.02308 L/var=23.66 tgt=+0.017/0.031 gen=0.14s train=0.03s gpu=0.00s
[t= 731.4s] GT-CFR solves=310144 rate=507.5/s rows=26 games=0 caps=4062 L=0.02198 L/var=1.07 tgt=-0.053/0.143 gen=0.10s train=0.04s gpu=0.00s
[t= 741.4s] GT-CFR solves=314832 rate=506.8/s rows=21 games=0 caps=4291 L=0.02296 L/var=5.28 tgt=+0.006/0.066 gen=0.16s train=0.03s gpu=0.00s
[t= 751.4s] GT-CFR solves=319392 rate=506.0/s rows=55 games=0 caps=4401 L=0.02215 L/var=0.60 tgt=+0.005/0.192 gen=0.10s train=0.03s gpu=0.00s
[t= 761.4s] GT-CFR solves=323920 rate=505.2/s rows=72 games=0 caps=4516 L=0.02523 L/var=0.05 tgt=+0.131/0.722 gen=0.03s train=0.03s gpu=0.00s
[t= 771.4s] GT-CFR solves=328176 rate=503.9/s rows=18 games=0 caps=4681 L=0.02190 L/var=0.51 tgt=-0.088/0.207 gen=0.17s train=0.04s gpu=0.00s
[t= 781.4s] GT-CFR solves=332768 rate=503.3/s rows=38 games=0 caps=4884 L=0.02209 L/var=28.34 tgt=-0.001/0.028 gen=0.11s train=0.03s gpu=0.00s
[t= 791.4s] GT-CFR solves=337328 rate=502.6/s rows=33 games=0 caps=5039 L=0.02159 L/var=0.12 tgt=+0.049/0.424 gen=0.13s train=0.04s gpu=0.00s
[t= 801.5s] GT-CFR solves=341760 rate=501.7/s rows=37 games=0 caps=5230 L=0.02022 L/var=0.89 tgt=-0.018/0.151 gen=0.08s train=0.03s gpu=0.00s
[t= 811.5s] GT-CFR solves=346464 rate=501.2/s rows=69 games=0 caps=5359 L=0.02041 L/var=0.16 tgt=-0.081/0.357 gen=0.06s train=0.03s gpu=0.00s
[t= 821.5s] GT-CFR solves=351680 rate=501.5/s rows=22 games=0 caps=5514 L=0.02245 L/var=0.51 tgt=-0.146/0.210 gen=0.17s train=0.03s gpu=0.00s
[t= 831.5s] GT-CFR solves=356640 rate=501.4/s rows=26 games=0 caps=5635 L=0.02110 L/var=1.50 tgt=+0.178/0.118 gen=0.10s train=0.03s gpu=0.00s
[t= 841.5s] GT-CFR solves=361616 rate=501.4/s rows=16 games=0 caps=5786 L=0.02071 L/var=0.35 tgt=-0.199/0.244 gen=0.18s train=0.03s gpu=0.00s
[t= 851.5s] GT-CFR solves=366256 rate=500.9/s rows=45 games=1 caps=5955 L=0.02146 L/var=0.38 tgt=+0.000/0.237 gen=0.01s train=0.03s gpu=0.00s
[t= 861.5s] GT-CFR solves=370752 rate=500.1/s rows=72 games=0 caps=6151 L=0.02176 L/var=0.10 tgt=+0.200/0.463 gen=0.04s train=0.03s gpu=0.00s
[t= 871.5s] GT-CFR solves=375272 rate=499.5/s rows=36 games=0 caps=6336 L=0.02050 L/var=31.52 tgt=+0.016/0.025 gen=0.15s train=0.04s gpu=0.00s
[t= 881.5s] GT-CFR solves=379600 rate=498.6/s rows=17 games=0 caps=6479 L=0.02254 L/var=1.66 tgt=+0.048/0.116 gen=0.15s train=0.04s gpu=0.00s
[t= 891.6s] GT-CFR solves=384112 rate=498.0/s rows=63 games=0 caps=6636 L=0.02117 L/var=0.09 tgt=+0.418/0.491 gen=0.06s train=0.04s gpu=0.00s
[t= 901.6s] GT-CFR solves=388576 rate=497.3/s rows=15 games=0 caps=6729 L=0.01881 L/var=1.34 tgt=+0.055/0.118 gen=0.10s train=0.04s gpu=0.00s
[t= 911.6s] GT-CFR solves=393040 rate=496.7/s rows=25 games=0 caps=6881 L=0.02061 L/var=36.28 tgt=+0.016/0.024 gen=0.15s train=0.03s gpu=0.00s
[t= 921.6s] GT-CFR solves=397552 rate=496.1/s rows=72 games=0 caps=6995 L=0.01955 L/var=0.05 tgt=+0.173/0.638 gen=0.03s train=0.03s gpu=0.00s
[t= 931.6s] GT-CFR solves=402448 rate=496.0/s rows=27 games=0 caps=7150 L=0.02062 L/var=0.52 tgt=-0.173/0.199 gen=0.24s train=0.03s gpu=0.00s
[t= 941.6s] GT-CFR solves=407040 rate=495.5/s rows=27 games=0 caps=7250 L=0.01979 L/var=52.88 tgt=+0.012/0.019 gen=0.17s train=0.03s gpu=0.00s
[t= 951.6s] GT-CFR solves=411840 rate=495.3/s rows=27 games=0 caps=7343 L=0.02049 L/var=0.82 tgt=-0.142/0.158 gen=0.17s train=0.05s gpu=0.00s
[t= 961.7s] GT-CFR solves=416368 rate=494.8/s rows=9 games=0 caps=7421 L=0.01781 L/var=1.32 tgt=+0.097/0.116 gen=0.42s train=0.03s gpu=0.00s
[t= 971.7s] GT-CFR solves=421040 rate=494.5/s rows=63 games=0 caps=7586 L=0.01922 L/var=13.15 tgt=+0.010/0.038 gen=0.09s train=0.05s gpu=0.00s
[t= 981.7s] GT-CFR solves=425552 rate=494.0/s rows=25 games=0 caps=7778 L=0.01929 L/var=5.20 tgt=-0.018/0.061 gen=0.17s train=0.03s gpu=0.00s
[t= 991.7s] GT-CFR solves=430304 rate=493.7/s rows=25 games=0 caps=7937 L=0.02093 L/var=2.54 tgt=-0.026/0.091 gen=0.13s train=0.03s gpu=0.00s
[t=1001.7s] GT-CFR solves=435280 rate=493.8/s rows=20 games=0 caps=8030 L=0.02036 L/var=2.20 tgt=-0.091/0.096 gen=0.22s train=0.04s gpu=0.00s
[t=1011.8s] GT-CFR solves=440160 rate=493.7/s rows=22 games=0 caps=8190 L=0.02223 L/var=0.85 tgt=-0.158/0.162 gen=0.14s train=0.03s gpu=0.00s
[t=1020.2s] --- target network refresh ---
[t=1021.8s] GT-CFR solves=445112 rate=493.7/s rows=15 games=0 caps=8344 L=0.02032 L/var=0.62 tgt=+0.169/0.181 gen=0.10s train=0.03s gpu=0.00s
[t=1031.8s] GT-CFR solves=450160 rate=493.8/s rows=29 games=1 caps=8453 L=0.02063 L/var=0.57 tgt=+0.023/0.191 gen=0.13s train=0.03s gpu=0.00s
[t=1041.8s] GT-CFR solves=455024 rate=493.7/s rows=41 games=0 caps=8602 L=0.01988 L/var=0.27 tgt=+0.041/0.271 gen=0.11s train=0.03s gpu=0.00s
[t=1051.8s] GT-CFR solves=459472 rate=493.2/s rows=29 games=0 caps=8729 L=0.01922 L/var=1.02 tgt=-0.025/0.137 gen=0.11s train=0.03s gpu=0.00s
[t=1061.8s] GT-CFR solves=463760 rate=492.5/s rows=14 games=0 caps=8832 L=0.01813 L/var=0.14 tgt=-0.091/0.366 gen=0.18s train=0.03s gpu=0.00s
[t=1071.9s] GT-CFR solves=468192 rate=492.0/s rows=16 games=0 caps=8950 L=0.01835 L/var=3.79 tgt=-0.008/0.070 gen=0.11s train=0.03s gpu=0.00s
[t=1081.9s] GT-CFR solves=472896 rate=491.8/s rows=25 games=0 caps=9062 L=0.01683 L/var=1.21 tgt=-0.056/0.118 gen=0.17s train=0.03s gpu=0.00s
[t=1091.9s] GT-CFR solves=477648 rate=491.6/s rows=20 games=0 caps=9213 L=0.01921 L/var=1.04 tgt=-0.079/0.136 gen=0.17s train=0.03s gpu=0.00s
[t=1101.9s] GT-CFR solves=482304 rate=491.3/s rows=19 games=0 caps=9355 L=0.01826 L/var=0.45 tgt=+0.104/0.202 gen=0.14s train=0.03s gpu=0.00s
[t=1111.9s] GT-CFR solves=487280 rate=491.4/s rows=30 games=0 caps=9489 L=0.01746 L/var=0.78 tgt=+0.011/0.149 gen=0.16s train=0.03s gpu=0.00s
[t=1121.9s] GT-CFR solves=492064 rate=491.2/s rows=15 games=0 caps=9584 L=0.01736 L/var=0.78 tgt=-0.064/0.149 gen=0.40s train=0.03s gpu=0.00s
[t=1131.9s] GT-CFR solves=496832 rate=491.1/s rows=53 games=0 caps=9767 L=0.01721 L/var=0.11 tgt=+0.395/0.388 gen=0.07s train=0.03s gpu=0.00s
[t=1142.0s] GT-CFR solves=501440 rate=490.8/s rows=34 games=0 caps=9971 L=0.01685 L/var=67.93 tgt=+0.004/0.016 gen=0.17s train=0.04s gpu=0.00s
[t=1152.0s] GT-CFR solves=506368 rate=490.8/s rows=15 games=0 caps=10149 L=0.01911 L/var=0.06 tgt=+0.574/0.586 gen=0.11s train=0.03s gpu=0.00s
[t=1162.0s] GT-CFR solves=511200 rate=490.7/s rows=31 games=0 caps=10296 L=0.01891 L/var=3.03 tgt=+0.044/0.079 gen=0.08s train=0.03s gpu=0.00s
[t=1172.0s] GT-CFR solves=516144 rate=490.7/s rows=30 games=0 caps=10454 L=0.01564 L/var=5.77 tgt=+0.038/0.052 gen=0.10s train=0.03s gpu=0.00s
[t=1182.0s] GT-CFR solves=521296 rate=491.0/s rows=37 games=0 caps=10701 L=0.01668 L/var=1.50 tgt=+0.036/0.106 gen=0.11s train=0.03s gpu=0.00s
[t=1192.0s] GT-CFR solves=526128 rate=490.9/s rows=34 games=1 caps=10905 L=0.01629 L/var=0.54 tgt=+0.019/0.173 gen=0.14s train=0.03s gpu=0.00s
[t=1202.0s] GT-CFR solves=530816 rate=490.7/s rows=72 games=0 caps=11111 L=0.01921 L/var=0.27 tgt=+0.231/0.268 gen=0.05s train=0.03s gpu=0.00s
[t=1212.0s] GT-CFR solves=535584 rate=490.5/s rows=16 games=0 caps=11235 L=0.01681 L/var=0.73 tgt=-0.035/0.151 gen=0.20s train=0.04s gpu=0.00s
[t=1222.1s] GT-CFR solves=540176 rate=490.2/s rows=12 games=0 caps=11399 L=0.01770 L/var=0.18 tgt=-0.224/0.317 gen=0.15s train=0.03s gpu=0.00s
[t=1232.1s] GT-CFR solves=544768 rate=490.0/s rows=37 games=1 caps=11518 L=0.01551 L/var=0.59 tgt=+0.040/0.162 gen=0.10s train=0.03s gpu=0.00s
[t=1242.1s] GT-CFR solves=549472 rate=489.8/s rows=16 games=0 caps=11693 L=0.01881 L/var=0.72 tgt=-0.092/0.162 gen=0.26s train=0.03s gpu=0.00s
[t=1245.8s] --- lr -> 2.50e-04 ---
[t=1252.1s] GT-CFR solves=554000 rate=489.4/s rows=72 games=0 caps=11873 L=0.01465 L/var=0.03 tgt=-0.011/0.691 gen=0.04s train=0.04s gpu=0.00s
[t=1262.1s] GT-CFR solves=558736 rate=489.3/s rows=14 games=0 caps=11995 L=0.01581 L/var=0.09 tgt=-0.169/0.427 gen=0.16s train=0.03s gpu=0.00s
[t=1272.1s] GT-CFR solves=563816 rate=489.5/s rows=15 games=0 caps=12166 L=0.01647 L/var=0.16 tgt=+0.074/0.321 gen=0.18s train=0.03s gpu=0.00s
[t=1282.1s] GT-CFR solves=568672 rate=489.4/s rows=68 games=0 caps=12303 L=0.01760 L/var=0.25 tgt=+0.024/0.265 gen=0.10s train=0.03s gpu=0.00s
[t=1292.2s] GT-CFR solves=573584 rate=489.4/s rows=27 games=0 caps=12445 L=0.01630 L/var=2.22 tgt=-0.061/0.086 gen=0.15s train=0.03s gpu=0.00s
[t=1302.2s] GT-CFR solves=578496 rate=489.4/s rows=33 games=0 caps=12579 L=0.01630 L/var=37.43 tgt=+0.012/0.021 gen=0.18s train=0.03s gpu=0.00s
[t=1312.2s] GT-CFR solves=583440 rate=489.5/s rows=12 games=0 caps=12759 L=0.01524 L/var=0.28 tgt=-0.276/0.235 gen=10.33s train=0.03s gpu=0.00s
[t=1320.2s] --- target network refresh ---
[t=1320.2s] --- snapshot snap_02.pt (s2) ---
[t=1322.2s] GT-CFR solves=588096 rate=489.3/s rows=11 games=0 caps=12900 L=0.01519 L/var=0.22 tgt=-0.035/0.265 gen=0.24s train=0.04s gpu=0.00s
[t=1332.2s] GT-CFR solves=592560 rate=488.9/s rows=22 games=0 caps=13072 L=0.01284 L/var=9.68 tgt=+0.011/0.036 gen=0.14s train=0.03s gpu=0.00s
[t=1342.3s] GT-CFR solves=597088 rate=488.6/s rows=33 games=0 caps=13244 L=0.01527 L/var=4.81 tgt=+0.011/0.056 gen=0.11s train=0.03s gpu=0.00s
[t=1352.3s] GT-CFR solves=601664 rate=488.3/s rows=34 games=0 caps=13535 L=0.01436 L/var=2.34 tgt=+0.044/0.078 gen=0.11s train=0.03s gpu=0.00s
[t=1362.3s] GT-CFR solves=606256 rate=488.1/s rows=15 games=0 caps=13854 L=0.01455 L/var=0.49 tgt=-0.050/0.173 gen=0.17s train=0.03s gpu=0.00s
[t=1372.3s] GT-CFR solves=610912 rate=487.9/s rows=25 games=0 caps=14068 L=0.01509 L/var=0.71 tgt=+0.213/0.145 gen=0.11s train=0.03s gpu=0.00s
[t=1382.3s] GT-CFR solves=615440 rate=487.6/s rows=19 games=0 caps=14195 L=0.01424 L/var=0.37 tgt=-0.030/0.196 gen=0.16s train=0.04s gpu=0.00s
[t=1392.3s] GT-CFR solves=619920 rate=487.3/s rows=19 games=0 caps=14331 L=0.01520 L/var=0.51 tgt=-0.018/0.172 gen=0.20s train=0.03s gpu=0.00s
[t=1402.3s] GT-CFR solves=624240 rate=486.9/s rows=37 games=0 caps=14544 L=0.01531 L/var=15.29 tgt=+0.019/0.032 gen=0.10s train=0.03s gpu=0.00s
[t=1412.4s] GT-CFR solves=628576 rate=486.5/s rows=12 games=0 caps=14768 L=0.01297 L/var=0.16 tgt=-0.081/0.281 gen=0.23s train=0.03s gpu=0.00s
[t=1422.4s] GT-CFR solves=632800 rate=486.0/s rows=29 games=0 caps=14972 L=0.01476 L/var=0.53 tgt=-0.067/0.166 gen=0.15s train=0.03s gpu=0.00s
[t=1432.4s] GT-CFR solves=636960 rate=485.4/s rows=20 games=0 caps=15085 L=0.01516 L/var=0.63 tgt=+0.013/0.155 gen=0.16s train=0.03s gpu=0.00s
[t=1442.4s] GT-CFR solves=640928 rate=484.7/s rows=24 games=0 caps=15288 L=0.01299 L/var=0.94 tgt=-0.033/0.117 gen=0.25s train=0.03s gpu=0.00s
[t=1452.5s] GT-CFR solves=644880 rate=484.0/s rows=11 games=0 caps=15404 L=0.01474 L/var=0.07 tgt=+0.575/0.451 gen=0.45s train=0.04s gpu=0.00s
[t=1462.5s] GT-CFR solves=648896 rate=483.4/s rows=35 games=0 caps=15519 L=0.01281 L/var=11.53 tgt=+0.018/0.033 gen=0.11s train=0.03s gpu=0.00s
[t=1472.5s] GT-CFR solves=652960 rate=482.8/s rows=19 games=0 caps=15637 L=0.01402 L/var=0.27 tgt=+0.028/0.230 gen=0.12s train=0.04s gpu=0.00s
[t=1482.5s] GT-CFR solves=656984 rate=482.3/s rows=22 games=0 caps=15851 L=0.01318 L/var=2.69 tgt=-0.034/0.070 gen=0.12s train=0.04s gpu=0.00s
[t=1492.5s] GT-CFR solves=660880 rate=481.6/s rows=28 games=0 caps=16072 L=0.01330 L/var=0.24 tgt=+0.011/0.234 gen=0.12s train=0.03s gpu=0.00s
[t=1502.5s] GT-CFR solves=664784 rate=480.9/s rows=33 games=0 caps=16312 L=0.01270 L/var=0.73 tgt=+0.115/0.132 gen=0.11s train=0.04s gpu=0.00s
[t=1512.6s] GT-CFR solves=668672 rate=480.3/s rows=21 games=0 caps=16487 L=0.01455 L/var=0.69 tgt=-0.114/0.145 gen=0.12s train=0.03s gpu=0.00s
[t=1522.6s] GT-CFR solves=672560 rate=479.6/s rows=35 games=0 caps=16676 L=0.01464 L/var=0.11 tgt=+0.391/0.361 gen=0.11s train=0.04s gpu=0.00s
[t=1532.6s] GT-CFR solves=676432 rate=478.9/s rows=27 games=1 caps=16767 L=0.01399 L/var=38.17 tgt=+0.013/0.019 gen=0.11s train=0.04s gpu=0.00s
[t=1542.6s] GT-CFR solves=680400 rate=478.3/s rows=21 games=0 caps=16915 L=0.01642 L/var=0.54 tgt=+0.076/0.175 gen=0.12s train=0.04s gpu=0.00s
[t=1552.6s] GT-CFR solves=684216 rate=477.7/s rows=12 games=0 caps=17061 L=0.01108 L/var=0.82 tgt=+0.169/0.116 gen=0.17s train=0.04s gpu=0.00s
[t=1562.7s] GT-CFR solves=688048 rate=477.0/s rows=22 games=0 caps=17180 L=0.01233 L/var=1.70 tgt=+0.048/0.085 gen=0.13s train=0.03s gpu=0.00s
[t=1572.7s] GT-CFR solves=692208 rate=476.6/s rows=25 games=0 caps=17337 L=0.01234 L/var=0.95 tgt=-0.032/0.114 gen=0.21s train=0.03s gpu=0.00s
[t=1582.7s] GT-CFR solves=696368 rate=476.2/s rows=28 games=0 caps=17458 L=0.01232 L/var=6.92 tgt=+0.011/0.042 gen=0.20s train=0.04s gpu=0.00s
[t=1592.7s] GT-CFR solves=700368 rate=475.6/s rows=28 games=0 caps=17595 L=0.01312 L/var=0.45 tgt=+0.040/0.170 gen=0.10s train=0.03s gpu=0.00s
[t=1602.7s] GT-CFR solves=704768 rate=475.4/s rows=21 games=0 caps=17724 L=0.01313 L/var=0.27 tgt=+0.125/0.222 gen=0.11s train=0.04s gpu=0.00s
[t=1612.7s] GT-CFR solves=708880 rate=475.0/s rows=28 games=0 caps=17828 L=0.01318 L/var=100.02 tgt=+0.009/0.011 gen=0.14s train=0.04s gpu=0.00s
[t=1620.2s] --- target network refresh ---
[t=1622.8s] GT-CFR solves=712816 rate=474.4/s rows=32 games=0 caps=17927 L=0.01177 L/var=0.19 tgt=-0.011/0.248 gen=0.11s train=0.03s gpu=0.00s
[t=1632.8s] GT-CFR solves=717120 rate=474.1/s rows=21 games=0 caps=18197 L=0.01171 L/var=1.49 tgt=+0.103/0.089 gen=0.11s train=0.03s gpu=0.00s
[t=1642.8s] GT-CFR solves=721424 rate=473.8/s rows=22 games=1 caps=18387 L=0.01241 L/var=0.39 tgt=-0.078/0.179 gen=0.12s train=0.03s gpu=0.00s
[t=1652.8s] GT-CFR solves=725888 rate=473.6/s rows=22 games=0 caps=18607 L=0.01299 L/var=24.71 tgt=+0.035/0.023 gen=0.09s train=0.04s gpu=0.00s
[t=1662.9s] GT-CFR solves=730432 rate=473.5/s rows=46 games=0 caps=18828 L=0.01292 L/var=2.01 tgt=+0.022/0.080 gen=0.09s train=0.04s gpu=0.00s
[t=1672.9s] GT-CFR solves=735008 rate=473.4/s rows=23 games=0 caps=19072 L=0.00995 L/var=0.21 tgt=+0.048/0.219 gen=0.10s train=0.03s gpu=0.00s
[t=1682.9s] GT-CFR solves=739648 rate=473.3/s rows=28 games=0 caps=19357 L=0.01460 L/var=0.37 tgt=+0.081/0.197 gen=0.09s train=0.03s gpu=0.00s
[t=1692.9s] GT-CFR solves=744192 rate=473.2/s rows=31 games=0 caps=19464 L=0.01295 L/var=0.50 tgt=-0.111/0.161 gen=0.15s train=0.03s gpu=0.00s
[t=1702.9s] GT-CFR solves=748816 rate=473.1/s rows=21 games=0 caps=19669 L=0.01259 L/var=0.49 tgt=+0.193/0.160 gen=0.15s train=0.03s gpu=0.00s
[t=1712.9s] GT-CFR solves=753360 rate=473.0/s rows=18 games=0 caps=19813 L=0.01320 L/var=4.50 tgt=+0.042/0.054 gen=0.11s train=0.04s gpu=0.00s
[t=1722.9s] GT-CFR solves=757912 rate=472.9/s rows=24 games=0 caps=19969 L=0.01065 L/var=0.88 tgt=-0.002/0.110 gen=0.19s train=0.03s gpu=0.00s
[t=1732.9s] GT-CFR solves=762496 rate=472.8/s rows=32 games=0 caps=20123 L=0.01133 L/var=0.28 tgt=+0.014/0.200 gen=0.12s train=0.03s gpu=0.00s
[t=1743.0s] GT-CFR solves=767104 rate=472.7/s rows=16 games=0 caps=20342 L=0.01149 L/var=0.73 tgt=+0.046/0.126 gen=0.12s train=0.03s gpu=0.00s
[t=1753.0s] GT-CFR solves=771328 rate=472.4/s rows=25 games=0 caps=20519 L=0.01357 L/var=4.95 tgt=+0.035/0.052 gen=0.13s train=0.03s gpu=0.00s
[t=1763.0s] GT-CFR solves=776080 rate=472.4/s rows=10 games=0 caps=20767 L=0.01193 L/var=0.31 tgt=-0.050/0.195 gen=0.19s train=0.03s gpu=0.00s
[t=1773.0s] GT-CFR solves=780688 rate=472.3/s rows=30 games=0 caps=20951 L=0.01161 L/var=1.46 tgt=+0.015/0.089 gen=0.12s train=0.03s gpu=0.00s
[t=1783.1s] GT-CFR solves=785312 rate=472.3/s rows=18 games=0 caps=21122 L=0.01222 L/var=0.36 tgt=+0.131/0.184 gen=0.10s train=0.04s gpu=0.00s
[t=1793.1s] GT-CFR solves=789952 rate=472.2/s rows=25 games=0 caps=21377 L=0.01214 L/var=0.99 tgt=-0.023/0.110 gen=0.10s train=0.03s gpu=0.00s
[GT-CFR-summary] solves=792912 optimizer_rows=50746368 rate=463.3/s horizon=0.24 games=5248 caps=21533
[t=1831.8s] --- snapshot snap_03.pt (final) ---
