[train] runs/value_v4_fast30 at 9a85700+dirty seed=93 {'minutes': 30.0, 'warm_minutes': 5.0, 'ladder_games': 0, 'seed': 93, 'note': 'production-800-sps-verification'}
[train] production-800-sps-verification
[cpu] pinned to 36 physical cores
[train] CUDA stream priority -1
[gpu] solve services up on [0, 1]
[cfg] PUBFEAT=897 CFEAT=15 architecture=v4 depth=2 iters=32 budget=1800s warm=300s snapshot_every=6min device=cuda:1 draft=random train_gen_ratio=4.0 recent_mix=0.5/0.2 canonical_views=2 cap=2000000 matmul=high
[t=   1.2s] greedy ep  0 games=  96 dec= 19325 rows= 18506 horizon=0.36 L=0.12859 L/var=0.76 tgt=-0.085/0.412 pstd=0.331 gen=0.1s train=1.0s
[t=   1.7s] greedy ep  1 games=  96 dec= 18720 rows= 17902 horizon=0.31 L=0.07993 L/var=0.51 tgt=-0.079/0.396 pstd=0.351 gen=0.1s train=0.4s
[t=   2.4s] greedy ep  2 games=  96 dec= 19282 rows= 18415 horizon=0.35 L=0.06168 L/var=0.39 tgt=-0.086/0.397 pstd=0.361 gen=0.1s train=0.5s
[t=   3.1s] greedy ep  3 games=  96 dec= 18011 rows= 17341 horizon=0.32 L=0.05594 L/var=0.32 tgt=-0.076/0.419 pstd=0.427 gen=0.1s train=0.5s
[t=   3.8s] greedy ep  4 games=  96 dec= 18439 rows= 17616 horizon=0.24 L=0.03600 L/var=0.25 tgt=-0.070/0.378 pstd=0.394 gen=0.1s train=0.5s
[t=   4.4s] greedy ep  5 games=  96 dec= 17827 rows= 17067 horizon=0.24 L=0.02117 L/var=0.12 tgt=-0.070/0.413 pstd=0.394 gen=0.1s train=0.5s
[t=   5.1s] greedy ep  6 games=  96 dec= 18191 rows= 17399 horizon=0.27 L=0.01416 L/var=0.09 tgt=-0.078/0.404 pstd=0.406 gen=0.1s train=0.5s
[t=   5.8s] greedy ep  7 games=  96 dec= 19809 rows= 18977 horizon=0.38 L=0.02305 L/var=0.15 tgt=-0.070/0.388 pstd=0.316 gen=0.1s train=0.5s
[t=   6.5s] greedy ep  8 games=  96 dec= 17738 rows= 16979 horizon=0.25 L=0.01811 L/var=0.11 tgt=-0.065/0.404 pstd=0.402 gen=0.1s train=0.5s
[t=   7.2s] greedy ep  9 games=  96 dec= 18190 rows= 17384 horizon=0.29 L=0.00992 L/var=0.06 tgt=-0.088/0.397 pstd=0.439 gen=0.1s train=0.5s
[t=   7.9s] greedy ep 10 games=  96 dec= 18082 rows= 17345 horizon=0.30 L=0.00745 L/var=0.05 tgt=-0.047/0.401 pstd=0.418 gen=0.1s train=0.5s
[t=   8.6s] greedy ep 11 games=  96 dec= 18852 rows= 18085 horizon=0.32 L=0.00603 L/var=0.04 tgt=-0.052/0.395 pstd=0.423 gen=0.1s train=0.5s
[t=   9.3s] greedy ep 12 games=  96 dec= 18700 rows= 17913 horizon=0.32 L=0.00542 L/var=0.04 tgt=-0.083/0.382 pstd=0.425 gen=0.1s train=0.5s
[t=   9.9s] greedy ep 13 games=  96 dec= 18729 rows= 17865 horizon=0.30 L=0.00529 L/var=0.04 tgt=-0.069/0.380 pstd=0.422 gen=0.1s train=0.4s
[t=  10.6s] greedy ep 14 games=  96 dec= 18839 rows= 18026 horizon=0.26 L=0.00828 L/var=0.06 tgt=-0.068/0.378 pstd=0.397 gen=0.1s train=0.4s
[t=  11.2s] greedy ep 15 games=  96 dec= 18032 rows= 17184 horizon=0.22 L=0.00577 L/var=0.04 tgt=-0.089/0.401 pstd=0.421 gen=0.1s train=0.4s
[t=  11.7s] greedy ep 16 games=  96 dec= 18435 rows= 17638 horizon=0.28 L=0.00436 L/var=0.03 tgt=-0.065/0.416 pstd=0.413 gen=0.1s train=0.4s
[t=  12.4s] greedy ep 17 games=  96 dec= 18809 rows= 17934 horizon=0.27 L=0.00468 L/var=0.03 tgt=-0.075/0.387 pstd=0.410 gen=0.1s train=0.4s
[t=  12.9s] greedy ep 18 games=  96 dec= 17969 rows= 17229 horizon=0.28 L=0.00483 L/var=0.03 tgt=-0.064/0.409 pstd=0.410 gen=0.1s train=0.4s
[t=  13.5s] greedy ep 19 games=  96 dec= 18249 rows= 17481 horizon=0.31 L=0.00412 L/var=0.03 tgt=-0.056/0.384 pstd=0.419 gen=0.1s train=0.4s
[t=  14.1s] greedy ep 20 games=  96 dec= 18654 rows= 17848 horizon=0.32 L=0.00462 L/var=0.03 tgt=-0.060/0.405 pstd=0.419 gen=0.1s train=0.4s
[t=  14.8s] greedy ep 21 games=  96 dec= 18393 rows= 17612 horizon=0.27 L=0.00470 L/var=0.03 tgt=-0.075/0.402 pstd=0.420 gen=0.1s train=0.5s
[t=  15.5s] greedy ep 22 games=  96 dec= 17925 rows= 17123 horizon=0.25 L=0.00733 L/var=0.04 tgt=-0.109/0.408 pstd=0.396 gen=0.1s train=0.5s
[t=  16.1s] greedy ep 23 games=  96 dec= 18372 rows= 17582 horizon=0.29 L=0.00620 L/var=0.04 tgt=-0.079/0.415 pstd=0.403 gen=0.1s train=0.4s
[t=  16.7s] greedy ep 24 games=  96 dec= 18126 rows= 17325 horizon=0.27 L=0.00470 L/var=0.03 tgt=-0.113/0.402 pstd=0.413 gen=0.1s train=0.4s
[t=  17.3s] greedy ep 25 games=  96 dec= 18357 rows= 17625 horizon=0.30 L=0.00374 L/var=0.02 tgt=-0.090/0.414 pstd=0.417 gen=0.1s train=0.4s
[t=  17.9s] greedy ep 26 games=  96 dec= 19020 rows= 18233 horizon=0.28 L=0.00337 L/var=0.02 tgt=-0.077/0.416 pstd=0.417 gen=0.1s train=0.4s
[t=  18.5s] greedy ep 27 games=  96 dec= 18042 rows= 17333 horizon=0.32 L=0.00312 L/var=0.02 tgt=-0.077/0.398 pstd=0.415 gen=0.1s train=0.4s
[t=  19.2s] greedy ep 28 games=  96 dec= 18996 rows= 18122 horizon=0.28 L=0.00317 L/var=0.02 tgt=-0.073/0.410 pstd=0.415 gen=0.1s train=0.4s
[t=  19.8s] greedy ep 29 games=  96 dec= 18236 rows= 17430 horizon=0.29 L=0.00294 L/var=0.02 tgt=-0.087/0.401 pstd=0.409 gen=0.1s train=0.4s
[t=  20.4s] greedy ep 30 games=  96 dec= 18274 rows= 17579 horizon=0.32 L=0.00295 L/var=0.02 tgt=-0.083/0.392 pstd=0.419 gen=0.1s train=0.4s
[t=  21.0s] greedy ep 31 games=  96 dec= 18795 rows= 18071 horizon=0.31 L=0.00809 L/var=0.05 tgt=-0.091/0.393 pstd=0.416 gen=0.1s train=0.4s
[t=  21.6s] greedy ep 32 games=  96 dec= 18090 rows= 17360 horizon=0.28 L=0.00542 L/var=0.03 tgt=-0.074/0.397 pstd=0.411 gen=0.1s train=0.4s
[t=  22.2s] greedy ep 33 games=  96 dec= 18374 rows= 17633 horizon=0.30 L=0.00318 L/var=0.02 tgt=-0.094/0.404 pstd=0.413 gen=0.1s train=0.4s
[t=  22.8s] greedy ep 34 games=  96 dec= 18201 rows= 17415 horizon=0.27 L=0.00257 L/var=0.02 tgt=-0.065/0.403 pstd=0.407 gen=0.1s train=0.4s
[t=  23.4s] greedy ep 35 games=  96 dec= 18051 rows= 17394 horizon=0.35 L=0.00243 L/var=0.01 tgt=-0.056/0.410 pstd=0.410 gen=0.1s train=0.4s
[t=  24.0s] greedy ep 36 games=  96 dec= 17884 rows= 17109 horizon=0.30 L=0.00241 L/var=0.01 tgt=-0.069/0.412 pstd=0.416 gen=0.1s train=0.4s
[t=  24.7s] greedy ep 37 games=  96 dec= 19534 rows= 18694 horizon=0.35 L=0.00241 L/var=0.01 tgt=-0.088/0.404 pstd=0.411 gen=0.1s train=0.4s
[t=  25.3s] greedy ep 38 games=  96 dec= 17965 rows= 17255 horizon=0.26 L=0.00316 L/var=0.02 tgt=-0.070/0.394 pstd=0.408 gen=0.1s train=0.4s
[t=  25.9s] greedy ep 39 games=  96 dec= 19055 rows= 18231 horizon=0.33 L=0.00328 L/var=0.02 tgt=-0.064/0.408 pstd=0.418 gen=0.1s train=0.4s
[t=  26.5s] greedy ep 40 games=  96 dec= 19137 rows= 18373 horizon=0.33 L=0.00296 L/var=0.02 tgt=-0.046/0.397 pstd=0.398 gen=0.1s train=0.4s
[t=  27.2s] greedy ep 41 games=  96 dec= 19509 rows= 18716 horizon=0.40 L=0.00354 L/var=0.02 tgt=-0.065/0.393 pstd=0.412 gen=0.1s train=0.4s
[t=  27.7s] greedy ep 42 games=  96 dec= 16863 rows= 16131 horizon=0.17 L=0.00219 L/var=0.01 tgt=-0.079/0.410 pstd=0.411 gen=0.1s train=0.4s
[t=  28.3s] greedy ep 43 games=  96 dec= 18526 rows= 17672 horizon=0.29 L=0.00206 L/var=0.01 tgt=-0.081/0.417 pstd=0.414 gen=0.1s train=0.4s
[t=  28.9s] greedy ep 44 games=  96 dec= 18324 rows= 17547 horizon=0.28 L=0.00194 L/var=0.01 tgt=-0.090/0.410 pstd=0.410 gen=0.1s train=0.4s
[t=  29.6s] greedy ep 45 games=  96 dec= 18596 rows= 17807 horizon=0.32 L=0.00214 L/var=0.01 tgt=-0.065/0.390 pstd=0.412 gen=0.1s train=0.4s
[t=  30.1s] greedy ep 46 games=  96 dec= 18501 rows= 17704 horizon=0.27 L=0.00190 L/var=0.01 tgt=-0.060/0.390 pstd=0.414 gen=0.1s train=0.4s
[t=  30.7s] greedy ep 47 games=  96 dec= 18225 rows= 17459 horizon=0.26 L=0.00183 L/var=0.01 tgt=-0.089/0.437 pstd=0.412 gen=0.1s train=0.4s
[t=  31.3s] greedy ep 48 games=  96 dec= 17423 rows= 16697 horizon=0.22 L=0.00169 L/var=0.01 tgt=-0.073/0.404 pstd=0.416 gen=0.1s train=0.4s
[t=  31.9s] greedy ep 49 games=  96 dec= 18508 rows= 17705 horizon=0.29 L=0.00192 L/var=0.01 tgt=-0.067/0.383 pstd=0.413 gen=0.1s train=0.4s
[t=  32.5s] greedy ep 50 games=  96 dec= 18766 rows= 17977 horizon=0.27 L=0.00175 L/var=0.01 tgt=-0.062/0.401 pstd=0.413 gen=0.1s train=0.4s
[t=  33.1s] greedy ep 51 games=  96 dec= 17748 rows= 16939 horizon=0.21 L=0.00341 L/var=0.03 tgt=-0.046/0.360 pstd=0.408 gen=0.1s train=0.4s
[t=  33.7s] greedy ep 52 games=  96 dec= 18439 rows= 17667 horizon=0.28 L=0.00308 L/var=0.02 tgt=-0.056/0.407 pstd=0.398 gen=0.1s train=0.4s
[t=  34.4s] greedy ep 53 games=  96 dec= 18358 rows= 17607 horizon=0.30 L=0.00317 L/var=0.02 tgt=-0.091/0.409 pstd=0.417 gen=0.1s train=0.4s
[t=  35.0s] greedy ep 54 games=  96 dec= 18634 rows= 17875 horizon=0.28 L=0.00190 L/var=0.01 tgt=-0.077/0.398 pstd=0.416 gen=0.1s train=0.4s
[t=  35.6s] greedy ep 55 games=  96 dec= 17822 rows= 17162 horizon=0.24 L=0.00163 L/var=0.01 tgt=-0.061/0.409 pstd=0.405 gen=0.1s train=0.4s
[t=  36.2s] greedy ep 56 games=  96 dec= 18645 rows= 17784 horizon=0.27 L=0.00173 L/var=0.01 tgt=-0.068/0.402 pstd=0.410 gen=0.1s train=0.4s
[t=  36.8s] greedy ep 57 games=  96 dec= 18747 rows= 18022 horizon=0.30 L=0.00166 L/var=0.01 tgt=-0.090/0.398 pstd=0.408 gen=0.1s train=0.4s
[t=  37.5s] greedy ep 58 games=  96 dec= 18838 rows= 18056 horizon=0.34 L=0.00152 L/var=0.01 tgt=-0.050/0.413 pstd=0.411 gen=0.1s train=0.4s
[t=  38.1s] greedy ep 59 games=  96 dec= 18583 rows= 17788 horizon=0.26 L=0.00141 L/var=0.01 tgt=-0.082/0.396 pstd=0.411 gen=0.1s train=0.4s
[t=  38.7s] greedy ep 60 games=  96 dec= 18345 rows= 17425 horizon=0.23 L=0.00152 L/var=0.01 tgt=-0.058/0.383 pstd=0.413 gen=0.1s train=0.4s
[t=  39.3s] greedy ep 61 games=  96 dec= 18589 rows= 17845 horizon=0.32 L=0.00151 L/var=0.01 tgt=-0.077/0.401 pstd=0.415 gen=0.1s train=0.4s
[t=  39.9s] greedy ep 62 games=  96 dec= 18299 rows= 17510 horizon=0.28 L=0.00149 L/var=0.01 tgt=-0.062/0.367 pstd=0.411 gen=0.1s train=0.4s
[t=  40.6s] greedy ep 63 games=  96 dec= 18811 rows= 18061 horizon=0.30 L=0.00152 L/var=0.01 tgt=-0.067/0.409 pstd=0.406 gen=0.1s train=0.4s
[t=  41.1s] greedy ep 64 games=  96 dec= 17621 rows= 16887 horizon=0.27 L=0.00199 L/var=0.01 tgt=-0.071/0.396 pstd=0.408 gen=0.1s train=0.4s
[t=  41.8s] greedy ep 65 games=  96 dec= 18425 rows= 17605 horizon=0.27 L=0.00162 L/var=0.01 tgt=-0.062/0.400 pstd=0.409 gen=0.1s train=0.4s
[t=  42.4s] greedy ep 66 games=  96 dec= 18314 rows= 17552 horizon=0.27 L=0.00151 L/var=0.01 tgt=-0.085/0.405 pstd=0.406 gen=0.1s train=0.4s
[t=  43.0s] greedy ep 67 games=  96 dec= 17767 rows= 16977 horizon=0.23 L=0.00141 L/var=0.01 tgt=-0.060/0.380 pstd=0.410 gen=0.1s train=0.4s
[t=  43.6s] greedy ep 68 games=  96 dec= 19118 rows= 18259 horizon=0.31 L=0.00152 L/var=0.01 tgt=-0.061/0.400 pstd=0.411 gen=0.1s train=0.4s
[t=  44.2s] greedy ep 69 games=  96 dec= 18649 rows= 17840 horizon=0.34 L=0.00196 L/var=0.01 tgt=-0.071/0.424 pstd=0.408 gen=0.1s train=0.4s
[t=  44.8s] greedy ep 70 games=  96 dec= 18566 rows= 17842 horizon=0.33 L=0.00144 L/var=0.01 tgt=-0.077/0.387 pstd=0.406 gen=0.1s train=0.4s
[t=  45.4s] greedy ep 71 games=  96 dec= 18608 rows= 17830 horizon=0.33 L=0.00137 L/var=0.01 tgt=-0.077/0.400 pstd=0.409 gen=0.1s train=0.4s
[t=  46.1s] greedy ep 72 games=  96 dec= 19162 rows= 18329 horizon=0.29 L=0.00129 L/var=0.01 tgt=-0.073/0.403 pstd=0.413 gen=0.1s train=0.4s
[t=  46.7s] greedy ep 73 games=  96 dec= 18889 rows= 18091 horizon=0.34 L=0.00168 L/var=0.01 tgt=-0.072/0.384 pstd=0.403 gen=0.1s train=0.4s
[t=  47.4s] greedy ep 74 games=  96 dec= 18885 rows= 18022 horizon=0.27 L=0.00223 L/var=0.01 tgt=-0.065/0.399 pstd=0.407 gen=0.1s train=0.4s
[t=  48.0s] greedy ep 75 games=  96 dec= 19240 rows= 18424 horizon=0.32 L=0.00143 L/var=0.01 tgt=-0.085/0.410 pstd=0.413 gen=0.1s train=0.4s
[t=  48.6s] greedy ep 76 games=  96 dec= 18600 rows= 17766 horizon=0.30 L=0.00133 L/var=0.01 tgt=-0.060/0.388 pstd=0.411 gen=0.1s train=0.4s
[t=  49.2s] greedy ep 77 games=  96 dec= 18643 rows= 17865 horizon=0.27 L=0.00130 L/var=0.01 tgt=-0.092/0.407 pstd=0.411 gen=0.1s train=0.4s
[t=  49.8s] greedy ep 78 games=  96 dec= 18099 rows= 17279 horizon=0.24 L=0.00120 L/var=0.01 tgt=-0.070/0.387 pstd=0.405 gen=0.1s train=0.4s
[t=  50.4s] greedy ep 79 games=  96 dec= 17372 rows= 16660 horizon=0.25 L=0.00133 L/var=0.01 tgt=-0.057/0.394 pstd=0.409 gen=0.1s train=0.4s
[t=  51.1s] greedy ep 80 games=  96 dec= 19008 rows= 18168 horizon=0.35 L=0.00111 L/var=0.01 tgt=-0.087/0.418 pstd=0.416 gen=0.1s train=0.4s
[t=  51.7s] greedy ep 81 games=  96 dec= 19221 rows= 18357 horizon=0.35 L=0.00107 L/var=0.01 tgt=-0.106/0.412 pstd=0.405 gen=0.1s train=0.4s
[t=  52.3s] greedy ep 82 games=  96 dec= 18603 rows= 17932 horizon=0.34 L=0.00412 L/var=0.02 tgt=-0.086/0.407 pstd=0.405 gen=0.1s train=0.4s
[t=  53.0s] greedy ep 83 games=  96 dec= 19416 rows= 18653 horizon=0.34 L=0.00919 L/var=0.06 tgt=-0.064/0.380 pstd=0.415 gen=0.1s train=0.4s
[t=  53.6s] greedy ep 84 games=  96 dec= 18121 rows= 17346 horizon=0.26 L=0.00350 L/var=0.02 tgt=-0.079/0.394 pstd=0.411 gen=0.1s train=0.4s
[t=  54.2s] greedy ep 85 games=  96 dec= 19202 rows= 18341 horizon=0.32 L=0.00171 L/var=0.01 tgt=-0.066/0.382 pstd=0.412 gen=0.1s train=0.4s
[t=  54.9s] greedy ep 86 games=  96 dec= 19364 rows= 18579 horizon=0.36 L=0.00129 L/var=0.01 tgt=-0.105/0.431 pstd=0.412 gen=0.1s train=0.4s
[t=  55.5s] greedy ep 87 games=  96 dec= 19061 rows= 18264 horizon=0.34 L=0.00113 L/var=0.01 tgt=-0.074/0.411 pstd=0.409 gen=0.1s train=0.4s
[t=  56.1s] greedy ep 88 games=  96 dec= 17241 rows= 16489 horizon=0.20 L=0.00106 L/var=0.01 tgt=-0.089/0.414 pstd=0.412 gen=0.1s train=0.4s
[t=  56.7s] greedy ep 89 games=  96 dec= 19327 rows= 18544 horizon=0.31 L=0.00105 L/var=0.01 tgt=-0.073/0.411 pstd=0.409 gen=0.1s train=0.4s
[t=  57.4s] greedy ep 90 games=  96 dec= 18750 rows= 17965 horizon=0.31 L=0.00106 L/var=0.01 tgt=-0.055/0.422 pstd=0.415 gen=0.1s train=0.4s
[t=  58.0s] greedy ep 91 games=  96 dec= 19234 rows= 18421 horizon=0.31 L=0.00097 L/var=0.01 tgt=-0.085/0.410 pstd=0.411 gen=0.1s train=0.4s
[t=  58.6s] greedy ep 92 games=  96 dec= 17780 rows= 16976 horizon=0.22 L=0.00093 L/var=0.01 tgt=-0.053/0.388 pstd=0.414 gen=0.1s train=0.4s
[t=  59.3s] greedy ep 93 games=  96 dec= 17559 rows= 16782 horizon=0.22 L=0.00093 L/var=0.01 tgt=-0.107/0.406 pstd=0.412 gen=0.1s train=0.4s
[t=  59.9s] greedy ep 94 games=  96 dec= 17834 rows= 17118 horizon=0.30 L=0.00084 L/var=0.01 tgt=-0.069/0.401 pstd=0.410 gen=0.1s train=0.4s
[t=  60.5s] greedy ep 95 games=  96 dec= 18234 rows= 17493 horizon=0.25 L=0.00088 L/var=0.01 tgt=-0.080/0.407 pstd=0.411 gen=0.1s train=0.4s
[t=  61.1s] greedy ep 96 games=  96 dec= 18140 rows= 17420 horizon=0.30 L=0.00088 L/var=0.01 tgt=-0.081/0.391 pstd=0.411 gen=0.1s train=0.4s
[t=  61.7s] greedy ep 97 games=  96 dec= 18874 rows= 18061 horizon=0.34 L=0.00088 L/var=0.01 tgt=-0.057/0.380 pstd=0.413 gen=0.1s train=0.4s
[t=  62.3s] greedy ep 98 games=  96 dec= 18078 rows= 17337 horizon=0.29 L=0.00089 L/var=0.01 tgt=-0.068/0.393 pstd=0.412 gen=0.1s train=0.4s
[t=  63.0s] greedy ep 99 games=  96 dec= 19006 rows= 18320 horizon=0.36 L=0.00082 L/var=0.01 tgt=-0.078/0.399 pstd=0.413 gen=0.1s train=0.4s
[t=  63.6s] greedy ep100 games=  96 dec= 18701 rows= 17874 horizon=0.29 L=0.00089 L/var=0.01 tgt=-0.078/0.391 pstd=0.407 gen=0.1s train=0.4s
[t=  64.2s] greedy ep101 games=  96 dec= 18206 rows= 17392 horizon=0.26 L=0.00105 L/var=0.01 tgt=-0.072/0.408 pstd=0.404 gen=0.1s train=0.4s
[t=  64.8s] greedy ep102 games=  96 dec= 18528 rows= 17735 horizon=0.31 L=0.00088 L/var=0.01 tgt=-0.085/0.418 pstd=0.409 gen=0.1s train=0.4s
[t=  65.4s] greedy ep103 games=  96 dec= 18258 rows= 17472 horizon=0.22 L=0.00085 L/var=0.01 tgt=-0.072/0.384 pstd=0.411 gen=0.1s train=0.4s
[t=  66.0s] greedy ep104 games=  96 dec= 18247 rows= 17517 horizon=0.31 L=0.00100 L/var=0.01 tgt=-0.065/0.391 pstd=0.413 gen=0.1s train=0.4s
[t=  66.6s] greedy ep105 games=  96 dec= 18770 rows= 17900 horizon=0.26 L=0.00087 L/var=0.01 tgt=-0.052/0.393 pstd=0.408 gen=0.1s train=0.4s
[t=  67.3s] greedy ep106 games=  96 dec= 18136 rows= 17362 horizon=0.23 L=0.00081 L/var=0.00 tgt=-0.065/0.406 pstd=0.412 gen=0.1s train=0.4s
[t=  67.9s] greedy ep107 games=  96 dec= 18793 rows= 17936 horizon=0.29 L=0.00071 L/var=0.00 tgt=-0.093/0.414 pstd=0.412 gen=0.1s train=0.4s
[t=  68.6s] greedy ep108 games=  96 dec= 19445 rows= 18617 horizon=0.38 L=0.00092 L/var=0.01 tgt=-0.098/0.412 pstd=0.414 gen=0.1s train=0.4s
[t=  69.2s] greedy ep109 games=  96 dec= 17917 rows= 17105 horizon=0.28 L=0.00075 L/var=0.00 tgt=-0.084/0.399 pstd=0.413 gen=0.1s train=0.4s
[t=  69.8s] greedy ep110 games=  96 dec= 18212 rows= 17444 horizon=0.26 L=0.00097 L/var=0.01 tgt=-0.052/0.383 pstd=0.409 gen=0.1s train=0.4s
[t=  70.4s] greedy ep111 games=  96 dec= 19022 rows= 18193 horizon=0.31 L=0.00093 L/var=0.01 tgt=-0.085/0.411 pstd=0.410 gen=0.1s train=0.4s
[t=  71.1s] greedy ep112 games=  96 dec= 19117 rows= 18347 horizon=0.34 L=0.00067 L/var=0.00 tgt=-0.087/0.375 pstd=0.412 gen=0.1s train=0.4s
[t=  71.7s] greedy ep113 games=  96 dec= 18042 rows= 17265 horizon=0.28 L=0.00071 L/var=0.00 tgt=-0.052/0.401 pstd=0.415 gen=0.1s train=0.4s
[t=  72.3s] greedy ep114 games=  96 dec= 18449 rows= 17729 horizon=0.31 L=0.00121 L/var=0.01 tgt=-0.074/0.387 pstd=0.412 gen=0.1s train=0.4s
[t=  72.9s] greedy ep115 games=  96 dec= 18402 rows= 17621 horizon=0.29 L=0.00088 L/var=0.01 tgt=-0.066/0.400 pstd=0.409 gen=0.1s train=0.4s
[t=  73.6s] greedy ep116 games=  96 dec= 17323 rows= 16562 horizon=0.20 L=0.00071 L/var=0.00 tgt=-0.065/0.411 pstd=0.409 gen=0.1s train=0.4s
[t=  74.2s] greedy ep117 games=  96 dec= 18491 rows= 17723 horizon=0.28 L=0.00066 L/var=0.00 tgt=-0.070/0.389 pstd=0.409 gen=0.1s train=0.5s
[t=  74.9s] greedy ep118 games=  96 dec= 19130 rows= 18353 horizon=0.40 L=0.00070 L/var=0.00 tgt=-0.065/0.409 pstd=0.407 gen=0.1s train=0.5s
[t=  75.6s] greedy ep119 games=  96 dec= 19372 rows= 18582 horizon=0.36 L=0.00069 L/var=0.00 tgt=-0.064/0.398 pstd=0.416 gen=0.1s train=0.5s
[t=  76.3s] greedy ep120 games=  96 dec= 18964 rows= 18191 horizon=0.34 L=0.00078 L/var=0.01 tgt=-0.086/0.394 pstd=0.407 gen=0.1s train=0.5s
[t=  77.0s] greedy ep121 games=  96 dec= 19036 rows= 18305 horizon=0.33 L=0.00069 L/var=0.00 tgt=-0.067/0.387 pstd=0.409 gen=0.1s train=0.5s
[t=  77.7s] greedy ep122 games=  96 dec= 17646 rows= 17006 horizon=0.28 L=0.00101 L/var=0.01 tgt=-0.075/0.402 pstd=0.409 gen=0.1s train=0.5s
[t=  78.4s] greedy ep123 games=  96 dec= 18389 rows= 17696 horizon=0.24 L=0.00075 L/var=0.00 tgt=-0.080/0.402 pstd=0.414 gen=0.1s train=0.5s
[t=  79.1s] greedy ep124 games=  96 dec= 19187 rows= 18405 horizon=0.35 L=0.00067 L/var=0.00 tgt=-0.076/0.405 pstd=0.409 gen=0.1s train=0.5s
[t=  79.7s] greedy ep125 games=  96 dec= 18043 rows= 17320 horizon=0.27 L=0.00063 L/var=0.00 tgt=-0.095/0.407 pstd=0.411 gen=0.1s train=0.5s
[t=  80.4s] greedy ep126 games=  96 dec= 19160 rows= 18369 horizon=0.36 L=0.00057 L/var=0.00 tgt=-0.071/0.406 pstd=0.411 gen=0.1s train=0.5s
[t=  81.1s] greedy ep127 games=  96 dec= 18232 rows= 17491 horizon=0.28 L=0.00088 L/var=0.00 tgt=-0.085/0.426 pstd=0.409 gen=0.1s train=0.5s
[t=  81.8s] greedy ep128 games=  96 dec= 17735 rows= 16960 horizon=0.26 L=0.00075 L/var=0.00 tgt=-0.090/0.395 pstd=0.413 gen=0.1s train=0.5s
[t=  82.5s] greedy ep129 games=  96 dec= 18345 rows= 17687 horizon=0.28 L=0.00059 L/var=0.00 tgt=-0.097/0.405 pstd=0.413 gen=0.1s train=0.5s
[t=  83.2s] greedy ep130 games=  96 dec= 17085 rows= 16353 horizon=0.18 L=0.00073 L/var=0.00 tgt=-0.098/0.435 pstd=0.412 gen=0.1s train=0.4s
[t=  83.8s] greedy ep131 games=  96 dec= 18713 rows= 17948 horizon=0.25 L=0.00075 L/var=0.00 tgt=-0.072/0.411 pstd=0.411 gen=0.1s train=0.4s
[t=  84.5s] greedy ep132 games=  96 dec= 18730 rows= 17903 horizon=0.31 L=0.00063 L/var=0.00 tgt=-0.091/0.430 pstd=0.415 gen=0.1s train=0.4s
[t=  85.1s] greedy ep133 games=  96 dec= 18281 rows= 17556 horizon=0.29 L=0.00060 L/var=0.00 tgt=-0.062/0.401 pstd=0.408 gen=0.1s train=0.4s
[t=  85.9s] greedy ep134 games=  96 dec= 18508 rows= 17711 horizon=0.30 L=0.00064 L/var=0.00 tgt=-0.048/0.391 pstd=0.413 gen=0.1s train=0.5s
[t=  86.6s] greedy ep135 games=  96 dec= 18240 rows= 17437 horizon=0.29 L=0.00063 L/var=0.00 tgt=-0.072/0.412 pstd=0.408 gen=0.1s train=0.5s
[t=  87.4s] greedy ep136 games=  96 dec= 18239 rows= 17446 horizon=0.24 L=0.00055 L/var=0.00 tgt=-0.058/0.410 pstd=0.413 gen=0.1s train=0.5s
[t=  88.2s] greedy ep137 games=  96 dec= 19544 rows= 18728 horizon=0.36 L=0.00079 L/var=0.01 tgt=-0.081/0.396 pstd=0.409 gen=0.1s train=0.6s
[t=  89.0s] greedy ep138 games=  96 dec= 17972 rows= 17202 horizon=0.28 L=0.00063 L/var=0.00 tgt=-0.086/0.406 pstd=0.408 gen=0.1s train=0.5s
[t=  89.7s] greedy ep139 games=  96 dec= 18494 rows= 17666 horizon=0.27 L=0.00054 L/var=0.00 tgt=-0.072/0.395 pstd=0.414 gen=0.1s train=0.5s
[t=  90.5s] greedy ep140 games=  96 dec= 17232 rows= 16508 horizon=0.19 L=0.00070 L/var=0.00 tgt=-0.075/0.384 pstd=0.408 gen=0.1s train=0.5s
[t=  91.2s] greedy ep141 games=  96 dec= 18640 rows= 17833 horizon=0.31 L=0.00053 L/var=0.00 tgt=-0.053/0.395 pstd=0.410 gen=0.1s train=0.5s
[t=  92.0s] greedy ep142 games=  96 dec= 18089 rows= 17321 horizon=0.30 L=0.00058 L/var=0.00 tgt=-0.067/0.403 pstd=0.411 gen=0.1s train=0.5s
[t=  92.8s] greedy ep143 games=  96 dec= 18751 rows= 17965 horizon=0.35 L=0.00049 L/var=0.00 tgt=-0.069/0.402 pstd=0.410 gen=0.1s train=0.6s
[t=  93.6s] greedy ep144 games=  96 dec= 19415 rows= 18602 horizon=0.30 L=0.00056 L/var=0.00 tgt=-0.071/0.392 pstd=0.410 gen=0.1s train=0.6s
[t=  94.4s] greedy ep145 games=  96 dec= 18399 rows= 17665 horizon=0.33 L=0.00108 L/var=0.01 tgt=-0.076/0.419 pstd=0.406 gen=0.1s train=0.5s
[t=  95.2s] greedy ep146 games=  96 dec= 18263 rows= 17432 horizon=0.24 L=0.00087 L/var=0.01 tgt=-0.071/0.399 pstd=0.409 gen=0.1s train=0.5s
[t=  95.9s] greedy ep147 games=  96 dec= 18646 rows= 17789 horizon=0.24 L=0.00057 L/var=0.00 tgt=-0.096/0.392 pstd=0.408 gen=0.1s train=0.5s
[t=  96.7s] greedy ep148 games=  96 dec= 18131 rows= 17355 horizon=0.29 L=0.00044 L/var=0.00 tgt=-0.062/0.374 pstd=0.411 gen=0.1s train=0.5s
[t=  97.5s] greedy ep149 games=  96 dec= 18145 rows= 17403 horizon=0.23 L=0.00045 L/var=0.00 tgt=-0.081/0.422 pstd=0.413 gen=0.1s train=0.5s
[t=  98.3s] greedy ep150 games=  96 dec= 19039 rows= 18254 horizon=0.29 L=0.00043 L/var=0.00 tgt=-0.087/0.415 pstd=0.409 gen=0.1s train=0.6s
[t=  99.1s] greedy ep151 games=  96 dec= 18394 rows= 17530 horizon=0.26 L=0.00045 L/var=0.00 tgt=-0.049/0.383 pstd=0.411 gen=0.1s train=0.5s
[t=  99.8s] greedy ep152 games=  96 dec= 18324 rows= 17510 horizon=0.24 L=0.00076 L/var=0.01 tgt=-0.043/0.376 pstd=0.416 gen=0.1s train=0.5s
[t= 100.6s] greedy ep153 games=  96 dec= 18170 rows= 17351 horizon=0.27 L=0.00081 L/var=0.01 tgt=-0.071/0.397 pstd=0.413 gen=0.1s train=0.5s
[t= 101.4s] greedy ep154 games=  96 dec= 18261 rows= 17466 horizon=0.25 L=0.00062 L/var=0.00 tgt=-0.072/0.412 pstd=0.418 gen=0.1s train=0.5s
[t= 102.2s] greedy ep155 games=  96 dec= 18562 rows= 17791 horizon=0.30 L=0.00048 L/var=0.00 tgt=-0.073/0.378 pstd=0.416 gen=0.1s train=0.5s
[t= 102.9s] greedy ep156 games=  96 dec= 17369 rows= 16657 horizon=0.21 L=0.00041 L/var=0.00 tgt=-0.060/0.400 pstd=0.406 gen=0.1s train=0.5s
[t= 103.8s] greedy ep157 games=  96 dec= 19066 rows= 18300 horizon=0.31 L=0.00045 L/var=0.00 tgt=-0.089/0.386 pstd=0.410 gen=0.1s train=0.6s
[t= 104.6s] greedy ep158 games=  96 dec= 19556 rows= 18757 horizon=0.32 L=0.00041 L/var=0.00 tgt=-0.076/0.402 pstd=0.410 gen=0.1s train=0.6s
[t= 105.4s] greedy ep159 games=  96 dec= 18308 rows= 17482 horizon=0.24 L=0.00099 L/var=0.01 tgt=-0.071/0.384 pstd=0.412 gen=0.1s train=0.5s
[t= 106.2s] greedy ep160 games=  96 dec= 17888 rows= 17117 horizon=0.23 L=0.00055 L/var=0.00 tgt=-0.080/0.416 pstd=0.413 gen=0.1s train=0.5s
[t= 106.9s] greedy ep161 games=  96 dec= 17515 rows= 16752 horizon=0.25 L=0.00053 L/var=0.00 tgt=-0.065/0.386 pstd=0.407 gen=0.1s train=0.5s
[t= 107.7s] greedy ep162 games=  96 dec= 18902 rows= 18090 horizon=0.36 L=0.00055 L/var=0.00 tgt=-0.079/0.398 pstd=0.406 gen=0.1s train=0.6s
[t= 108.5s] greedy ep163 games=  96 dec= 18189 rows= 17374 horizon=0.24 L=0.00048 L/var=0.00 tgt=-0.095/0.406 pstd=0.410 gen=0.1s train=0.5s
[t= 109.3s] greedy ep164 games=  96 dec= 17930 rows= 17183 horizon=0.23 L=0.00041 L/var=0.00 tgt=-0.052/0.397 pstd=0.412 gen=0.1s train=0.5s
[t= 110.1s] greedy ep165 games=  96 dec= 18131 rows= 17322 horizon=0.27 L=0.00038 L/var=0.00 tgt=-0.062/0.400 pstd=0.410 gen=0.1s train=0.5s
[t= 110.9s] greedy ep166 games=  96 dec= 19875 rows= 19071 horizon=0.36 L=0.00040 L/var=0.00 tgt=-0.064/0.374 pstd=0.411 gen=0.1s train=0.6s
[t= 111.7s] greedy ep167 games=  96 dec= 18729 rows= 17965 horizon=0.32 L=0.00076 L/var=0.00 tgt=-0.071/0.402 pstd=0.409 gen=0.1s train=0.6s
[t= 112.5s] greedy ep168 games=  96 dec= 18955 rows= 18132 horizon=0.31 L=0.00060 L/var=0.00 tgt=-0.073/0.405 pstd=0.412 gen=0.1s train=0.6s
[t= 113.3s] greedy ep169 games=  96 dec= 17426 rows= 16700 horizon=0.20 L=0.00045 L/var=0.00 tgt=-0.074/0.412 pstd=0.409 gen=0.1s train=0.5s
[t= 114.1s] greedy ep170 games=  96 dec= 19362 rows= 18658 horizon=0.39 L=0.00037 L/var=0.00 tgt=-0.066/0.388 pstd=0.415 gen=0.1s train=0.5s
[t= 114.7s] greedy ep171 games=  96 dec= 17541 rows= 16840 horizon=0.27 L=0.00036 L/var=0.00 tgt=-0.095/0.407 pstd=0.416 gen=0.1s train=0.4s
[t= 115.4s] greedy ep172 games=  96 dec= 19005 rows= 18198 horizon=0.30 L=0.00044 L/var=0.00 tgt=-0.067/0.411 pstd=0.406 gen=0.1s train=0.5s
[t= 116.1s] greedy ep173 games=  96 dec= 19625 rows= 18817 horizon=0.34 L=0.00107 L/var=0.01 tgt=-0.079/0.396 pstd=0.411 gen=0.1s train=0.5s
[t= 116.8s] greedy ep174 games=  96 dec= 17938 rows= 17160 horizon=0.22 L=0.00056 L/var=0.00 tgt=-0.059/0.392 pstd=0.411 gen=0.1s train=0.5s
[t= 117.4s] greedy ep175 games=  96 dec= 17828 rows= 17034 horizon=0.24 L=0.00037 L/var=0.00 tgt=-0.065/0.388 pstd=0.416 gen=0.1s train=0.5s
[t= 118.1s] greedy ep176 games=  96 dec= 18439 rows= 17696 horizon=0.25 L=0.00034 L/var=0.00 tgt=-0.082/0.392 pstd=0.411 gen=0.1s train=0.5s
[t= 118.8s] greedy ep177 games=  96 dec= 17568 rows= 16797 horizon=0.23 L=0.00031 L/var=0.00 tgt=-0.055/0.413 pstd=0.412 gen=0.1s train=0.4s
[t= 119.5s] greedy ep178 games=  96 dec= 18388 rows= 17590 horizon=0.25 L=0.00032 L/var=0.00 tgt=-0.070/0.374 pstd=0.410 gen=0.1s train=0.5s
[t= 120.3s] greedy ep179 games=  96 dec= 17304 rows= 16612 horizon=0.25 L=0.00067 L/var=0.00 tgt=-0.079/0.398 pstd=0.412 gen=0.1s train=0.5s
[t= 121.1s] greedy ep180 games=  96 dec= 19999 rows= 19227 horizon=0.41 L=0.00047 L/var=0.00 tgt=-0.047/0.375 pstd=0.416 gen=0.1s train=0.6s
[t= 121.8s] greedy ep181 games=  96 dec= 17947 rows= 17152 horizon=0.25 L=0.00041 L/var=0.00 tgt=-0.065/0.385 pstd=0.406 gen=0.1s train=0.5s
[t= 122.4s] greedy ep182 games=  96 dec= 17788 rows= 17051 horizon=0.26 L=0.00037 L/var=0.00 tgt=-0.083/0.399 pstd=0.404 gen=0.1s train=0.5s
[t= 123.1s] greedy ep183 games=  96 dec= 19177 rows= 18305 horizon=0.32 L=0.00050 L/var=0.00 tgt=-0.089/0.393 pstd=0.414 gen=0.1s train=0.5s
[t= 123.9s] greedy ep184 games=  96 dec= 18995 rows= 18260 horizon=0.38 L=0.00047 L/var=0.00 tgt=-0.073/0.390 pstd=0.406 gen=0.1s train=0.5s
[t= 124.6s] greedy ep185 games=  96 dec= 18618 rows= 17813 horizon=0.27 L=0.00037 L/var=0.00 tgt=-0.054/0.406 pstd=0.412 gen=0.1s train=0.5s
[t= 125.3s] greedy ep186 games=  96 dec= 17259 rows= 16525 horizon=0.23 L=0.00034 L/var=0.00 tgt=-0.084/0.425 pstd=0.415 gen=0.1s train=0.4s
[t= 126.0s] greedy ep187 games=  96 dec= 18657 rows= 17898 horizon=0.24 L=0.00041 L/var=0.00 tgt=-0.078/0.403 pstd=0.414 gen=0.1s train=0.5s
[t= 126.7s] greedy ep188 games=  96 dec= 18258 rows= 17418 horizon=0.28 L=0.00038 L/var=0.00 tgt=-0.070/0.403 pstd=0.411 gen=0.1s train=0.5s
[t= 127.4s] greedy ep189 games=  96 dec= 18365 rows= 17572 horizon=0.28 L=0.00042 L/var=0.00 tgt=-0.077/0.407 pstd=0.410 gen=0.1s train=0.4s
[t= 128.0s] greedy ep190 games=  96 dec= 18935 rows= 18133 horizon=0.27 L=0.00029 L/var=0.00 tgt=-0.083/0.398 pstd=0.410 gen=0.1s train=0.4s
[t= 128.6s] greedy ep191 games=  96 dec= 17837 rows= 17124 horizon=0.25 L=0.00115 L/var=0.01 tgt=-0.062/0.388 pstd=0.409 gen=0.1s train=0.4s
[t= 129.3s] greedy ep192 games=  96 dec= 19058 rows= 18247 horizon=0.33 L=0.00051 L/var=0.00 tgt=-0.080/0.367 pstd=0.414 gen=0.1s train=0.4s
[t= 129.9s] greedy ep193 games=  96 dec= 18873 rows= 18054 horizon=0.28 L=0.00037 L/var=0.00 tgt=-0.059/0.382 pstd=0.411 gen=0.1s train=0.4s
[t= 130.5s] greedy ep194 games=  96 dec= 18840 rows= 18066 horizon=0.34 L=0.00032 L/var=0.00 tgt=-0.089/0.401 pstd=0.410 gen=0.1s train=0.4s
[t= 131.2s] greedy ep195 games=  96 dec= 19053 rows= 18215 horizon=0.33 L=0.00032 L/var=0.00 tgt=-0.057/0.414 pstd=0.409 gen=0.1s train=0.4s
[t= 131.8s] greedy ep196 games=  96 dec= 18664 rows= 17880 horizon=0.30 L=0.00029 L/var=0.00 tgt=-0.061/0.385 pstd=0.410 gen=0.1s train=0.4s
[t= 132.5s] greedy ep197 games=  96 dec= 18923 rows= 18083 horizon=0.29 L=0.00032 L/var=0.00 tgt=-0.076/0.393 pstd=0.414 gen=0.1s train=0.4s
[t= 133.1s] greedy ep198 games=  96 dec= 18455 rows= 17665 horizon=0.29 L=0.00026 L/var=0.00 tgt=-0.074/0.409 pstd=0.412 gen=0.1s train=0.4s
[t= 133.7s] greedy ep199 games=  96 dec= 18328 rows= 17488 horizon=0.30 L=0.00083 L/var=0.01 tgt=-0.081/0.404 pstd=0.407 gen=0.1s train=0.4s
[t= 134.3s] greedy ep200 games=  96 dec= 17560 rows= 16789 horizon=0.23 L=0.00045 L/var=0.00 tgt=-0.065/0.410 pstd=0.412 gen=0.1s train=0.4s
[t= 134.9s] greedy ep201 games=  96 dec= 18934 rows= 18105 horizon=0.30 L=0.00028 L/var=0.00 tgt=-0.074/0.405 pstd=0.408 gen=0.1s train=0.4s
[t= 135.6s] greedy ep202 games=  96 dec= 19139 rows= 18361 horizon=0.35 L=0.00028 L/var=0.00 tgt=-0.091/0.409 pstd=0.411 gen=0.1s train=0.4s
[t= 136.2s] greedy ep203 games=  96 dec= 18217 rows= 17430 horizon=0.29 L=0.00035 L/var=0.00 tgt=-0.064/0.408 pstd=0.412 gen=0.1s train=0.4s
[t= 136.9s] greedy ep204 games=  96 dec= 18670 rows= 17985 horizon=0.33 L=0.00039 L/var=0.00 tgt=-0.062/0.392 pstd=0.415 gen=0.1s train=0.4s
[t= 137.5s] greedy ep205 games=  96 dec= 18741 rows= 17967 horizon=0.31 L=0.00026 L/var=0.00 tgt=-0.072/0.404 pstd=0.411 gen=0.1s train=0.4s
[t= 138.2s] greedy ep206 games=  96 dec= 17778 rows= 17016 horizon=0.20 L=0.00026 L/var=0.00 tgt=-0.076/0.387 pstd=0.406 gen=0.1s train=0.5s
[t= 138.9s] greedy ep207 games=  96 dec= 19055 rows= 18283 horizon=0.35 L=0.00057 L/var=0.00 tgt=-0.070/0.417 pstd=0.406 gen=0.1s train=0.5s
[t= 139.6s] greedy ep208 games=  96 dec= 18809 rows= 18004 horizon=0.31 L=0.00039 L/var=0.00 tgt=-0.064/0.423 pstd=0.408 gen=0.1s train=0.5s
[t= 140.3s] greedy ep209 games=  96 dec= 17807 rows= 17026 horizon=0.24 L=0.00027 L/var=0.00 tgt=-0.061/0.408 pstd=0.411 gen=0.1s train=0.5s
[t= 141.0s] greedy ep210 games=  96 dec= 17950 rows= 17151 horizon=0.23 L=0.00024 L/var=0.00 tgt=-0.078/0.403 pstd=0.415 gen=0.1s train=0.5s
[t= 141.7s] greedy ep211 games=  96 dec= 19374 rows= 18569 horizon=0.36 L=0.00025 L/var=0.00 tgt=-0.103/0.437 pstd=0.414 gen=0.1s train=0.5s
[t= 142.4s] greedy ep212 games=  96 dec= 18827 rows= 18003 horizon=0.30 L=0.00034 L/var=0.00 tgt=-0.087/0.406 pstd=0.413 gen=0.1s train=0.5s
[t= 143.1s] greedy ep213 games=  96 dec= 18398 rows= 17644 horizon=0.32 L=0.00052 L/var=0.00 tgt=-0.057/0.408 pstd=0.408 gen=0.1s train=0.4s
[t= 143.8s] greedy ep214 games=  96 dec= 18370 rows= 17636 horizon=0.28 L=0.00038 L/var=0.00 tgt=-0.051/0.411 pstd=0.410 gen=0.1s train=0.5s
[t= 144.5s] greedy ep215 games=  96 dec= 18397 rows= 17639 horizon=0.29 L=0.00031 L/var=0.00 tgt=-0.066/0.391 pstd=0.410 gen=0.1s train=0.5s
[t= 145.2s] greedy ep216 games=  96 dec= 18625 rows= 17800 horizon=0.30 L=0.00024 L/var=0.00 tgt=-0.061/0.429 pstd=0.411 gen=0.1s train=0.5s
[t= 145.8s] greedy ep217 games=  96 dec= 18470 rows= 17666 horizon=0.32 L=0.00034 L/var=0.00 tgt=-0.075/0.417 pstd=0.411 gen=0.1s train=0.5s
[t= 146.5s] greedy ep218 games=  96 dec= 19151 rows= 18409 horizon=0.34 L=0.00032 L/var=0.00 tgt=-0.078/0.405 pstd=0.413 gen=0.1s train=0.5s
[t= 147.2s] greedy ep219 games=  96 dec= 18336 rows= 17573 horizon=0.30 L=0.00039 L/var=0.00 tgt=-0.062/0.394 pstd=0.414 gen=0.1s train=0.5s
[t= 147.9s] greedy ep220 games=  96 dec= 16739 rows= 16034 horizon=0.17 L=0.00028 L/var=0.00 tgt=-0.058/0.387 pstd=0.411 gen=0.1s train=0.4s
[t= 148.5s] greedy ep221 games=  96 dec= 18195 rows= 17447 horizon=0.34 L=0.00036 L/var=0.00 tgt=-0.070/0.419 pstd=0.413 gen=0.1s train=0.5s
[t= 149.2s] greedy ep222 games=  96 dec= 17542 rows= 16814 horizon=0.21 L=0.00040 L/var=0.00 tgt=-0.085/0.384 pstd=0.411 gen=0.1s train=0.4s
[t= 149.9s] greedy ep223 games=  96 dec= 18195 rows= 17436 horizon=0.29 L=0.00025 L/var=0.00 tgt=-0.073/0.422 pstd=0.409 gen=0.1s train=0.5s
[t= 150.6s] greedy ep224 games=  96 dec= 18938 rows= 18016 horizon=0.29 L=0.00028 L/var=0.00 tgt=-0.057/0.394 pstd=0.411 gen=0.1s train=0.5s
[t= 151.3s] greedy ep225 games=  96 dec= 18312 rows= 17497 horizon=0.27 L=0.00040 L/var=0.00 tgt=-0.099/0.408 pstd=0.416 gen=0.1s train=0.5s
[t= 151.9s] greedy ep226 games=  96 dec= 18395 rows= 17619 horizon=0.32 L=0.00038 L/var=0.00 tgt=-0.106/0.401 pstd=0.413 gen=0.1s train=0.5s
[t= 152.6s] greedy ep227 games=  96 dec= 17832 rows= 17116 horizon=0.24 L=0.00032 L/var=0.00 tgt=-0.096/0.414 pstd=0.413 gen=0.1s train=0.5s
[t= 153.3s] greedy ep228 games=  96 dec= 17843 rows= 17032 horizon=0.24 L=0.00021 L/var=0.00 tgt=-0.098/0.409 pstd=0.412 gen=0.1s train=0.5s
[t= 154.0s] greedy ep229 games=  96 dec= 18013 rows= 17199 horizon=0.24 L=0.00028 L/var=0.00 tgt=-0.075/0.408 pstd=0.410 gen=0.1s train=0.5s
[t= 154.6s] greedy ep230 games=  96 dec= 17851 rows= 17139 horizon=0.26 L=0.00062 L/var=0.00 tgt=-0.080/0.407 pstd=0.410 gen=0.1s train=0.5s
[t= 155.4s] greedy ep231 games=  96 dec= 18433 rows= 17669 horizon=0.25 L=0.00034 L/var=0.00 tgt=-0.058/0.394 pstd=0.413 gen=0.1s train=0.5s
[t= 156.1s] greedy ep232 games=  96 dec= 18109 rows= 17351 horizon=0.25 L=0.00035 L/var=0.00 tgt=-0.079/0.416 pstd=0.414 gen=0.1s train=0.5s
[t= 156.7s] greedy ep233 games=  96 dec= 18913 rows= 18047 horizon=0.29 L=0.00026 L/var=0.00 tgt=-0.072/0.396 pstd=0.417 gen=0.1s train=0.4s
[t= 157.3s] greedy ep234 games=  96 dec= 18141 rows= 17479 horizon=0.32 L=0.00021 L/var=0.00 tgt=-0.066/0.390 pstd=0.413 gen=0.1s train=0.4s
[t= 158.0s] greedy ep235 games=  96 dec= 19351 rows= 18603 horizon=0.38 L=0.00019 L/var=0.00 tgt=-0.049/0.381 pstd=0.412 gen=0.1s train=0.4s
[t= 158.6s] greedy ep236 games=  96 dec= 18209 rows= 17443 horizon=0.25 L=0.00043 L/var=0.00 tgt=-0.096/0.411 pstd=0.411 gen=0.1s train=0.4s
[t= 159.2s] greedy ep237 games=  96 dec= 16914 rows= 16218 horizon=0.23 L=0.00027 L/var=0.00 tgt=-0.074/0.406 pstd=0.414 gen=0.1s train=0.4s
[t= 159.8s] greedy ep238 games=  96 dec= 18017 rows= 17166 horizon=0.24 L=0.00022 L/var=0.00 tgt=-0.073/0.413 pstd=0.414 gen=0.1s train=0.4s
[t= 160.5s] greedy ep239 games=  96 dec= 17940 rows= 17197 horizon=0.23 L=0.00032 L/var=0.00 tgt=-0.052/0.401 pstd=0.414 gen=0.1s train=0.4s
[t= 161.2s] greedy ep240 games=  96 dec= 18055 rows= 17303 horizon=0.23 L=0.00032 L/var=0.00 tgt=-0.053/0.397 pstd=0.414 gen=0.1s train=0.5s
[t= 162.0s] greedy ep241 games=  96 dec= 17113 rows= 16403 horizon=0.20 L=0.00023 L/var=0.00 tgt=-0.076/0.402 pstd=0.413 gen=0.1s train=0.5s
[t= 162.8s] greedy ep242 games=  96 dec= 17538 rows= 16748 horizon=0.24 L=0.00018 L/var=0.00 tgt=-0.079/0.401 pstd=0.412 gen=0.1s train=0.5s
[t= 163.6s] greedy ep243 games=  96 dec= 18725 rows= 17964 horizon=0.27 L=0.00060 L/var=0.00 tgt=-0.092/0.418 pstd=0.414 gen=0.1s train=0.6s
[t= 164.4s] greedy ep244 games=  96 dec= 17854 rows= 17069 horizon=0.27 L=0.00037 L/var=0.00 tgt=-0.069/0.397 pstd=0.411 gen=0.1s train=0.5s
[t= 165.2s] greedy ep245 games=  96 dec= 17849 rows= 17080 horizon=0.28 L=0.00025 L/var=0.00 tgt=-0.081/0.403 pstd=0.411 gen=0.1s train=0.5s
[t= 165.9s] greedy ep246 games=  96 dec= 17722 rows= 16969 horizon=0.25 L=0.00018 L/var=0.00 tgt=-0.096/0.416 pstd=0.410 gen=0.1s train=0.5s
[t= 166.7s] greedy ep247 games=  96 dec= 17942 rows= 17115 horizon=0.24 L=0.00018 L/var=0.00 tgt=-0.079/0.407 pstd=0.408 gen=0.1s train=0.5s
[t= 167.5s] greedy ep248 games=  96 dec= 17379 rows= 16704 horizon=0.19 L=0.00024 L/var=0.00 tgt=-0.069/0.411 pstd=0.410 gen=0.1s train=0.5s
[t= 168.2s] greedy ep249 games=  96 dec= 17624 rows= 16863 horizon=0.21 L=0.00040 L/var=0.00 tgt=-0.124/0.429 pstd=0.411 gen=0.1s train=0.5s
[t= 169.0s] greedy ep250 games=  96 dec= 18377 rows= 17634 horizon=0.30 L=0.00021 L/var=0.00 tgt=-0.089/0.403 pstd=0.412 gen=0.1s train=0.5s
[t= 169.8s] greedy ep251 games=  96 dec= 19166 rows= 18445 horizon=0.36 L=0.00019 L/var=0.00 tgt=-0.093/0.408 pstd=0.408 gen=0.1s train=0.6s
[t= 170.6s] greedy ep252 games=  96 dec= 18239 rows= 17511 horizon=0.26 L=0.00023 L/var=0.00 tgt=-0.059/0.397 pstd=0.407 gen=0.1s train=0.5s
[t= 171.4s] greedy ep253 games=  96 dec= 19694 rows= 18889 horizon=0.39 L=0.00020 L/var=0.00 tgt=-0.081/0.406 pstd=0.411 gen=0.1s train=0.6s
[t= 172.1s] greedy ep254 games=  96 dec= 16533 rows= 15862 horizon=0.18 L=0.00019 L/var=0.00 tgt=-0.075/0.405 pstd=0.412 gen=0.1s train=0.5s
[t= 172.9s] greedy ep255 games=  96 dec= 18439 rows= 17686 horizon=0.33 L=0.00070 L/var=0.00 tgt=-0.089/0.400 pstd=0.412 gen=0.1s train=0.5s
[t= 173.7s] greedy ep256 games=  96 dec= 19421 rows= 18619 horizon=0.36 L=0.00023 L/var=0.00 tgt=-0.069/0.391 pstd=0.411 gen=0.1s train=0.6s
[t= 174.5s] greedy ep257 games=  96 dec= 18655 rows= 17814 horizon=0.32 L=0.00019 L/var=0.00 tgt=-0.095/0.398 pstd=0.412 gen=0.1s train=0.5s
[t= 175.3s] greedy ep258 games=  96 dec= 17670 rows= 16805 horizon=0.21 L=0.00018 L/var=0.00 tgt=-0.054/0.400 pstd=0.410 gen=0.1s train=0.5s
[t= 176.1s] greedy ep259 games=  96 dec= 18638 rows= 17902 horizon=0.30 L=0.00022 L/var=0.00 tgt=-0.074/0.390 pstd=0.411 gen=0.1s train=0.5s
[t= 176.8s] greedy ep260 games=  96 dec= 17606 rows= 16809 horizon=0.25 L=0.00019 L/var=0.00 tgt=-0.056/0.364 pstd=0.412 gen=0.1s train=0.5s
[t= 177.6s] greedy ep261 games=  96 dec= 18031 rows= 17270 horizon=0.25 L=0.00020 L/var=0.00 tgt=-0.072/0.407 pstd=0.410 gen=0.1s train=0.5s
[t= 178.4s] greedy ep262 games=  96 dec= 18224 rows= 17494 horizon=0.33 L=0.00043 L/var=0.00 tgt=-0.077/0.404 pstd=0.413 gen=0.1s train=0.5s
[t= 179.2s] greedy ep263 games=  96 dec= 18361 rows= 17576 horizon=0.29 L=0.00026 L/var=0.00 tgt=-0.059/0.411 pstd=0.407 gen=0.1s train=0.5s
[t= 179.9s] greedy ep264 games=  96 dec= 18511 rows= 17690 horizon=0.27 L=0.00019 L/var=0.00 tgt=-0.082/0.419 pstd=0.406 gen=0.1s train=0.5s
[t= 180.7s] greedy ep265 games=  96 dec= 18187 rows= 17417 horizon=0.23 L=0.00017 L/var=0.00 tgt=-0.070/0.389 pstd=0.413 gen=0.1s train=0.5s
[t= 181.5s] greedy ep266 games=  96 dec= 18451 rows= 17637 horizon=0.26 L=0.00035 L/var=0.00 tgt=-0.059/0.391 pstd=0.408 gen=0.1s train=0.5s
[t= 182.3s] greedy ep267 games=  96 dec= 18664 rows= 17820 horizon=0.28 L=0.00027 L/var=0.00 tgt=-0.082/0.393 pstd=0.412 gen=0.1s train=0.5s
[t= 183.1s] greedy ep268 games=  96 dec= 18767 rows= 18064 horizon=0.30 L=0.00025 L/var=0.00 tgt=-0.079/0.410 pstd=0.410 gen=0.1s train=0.6s
[t= 183.9s] greedy ep269 games=  96 dec= 19249 rows= 18454 horizon=0.35 L=0.00018 L/var=0.00 tgt=-0.075/0.388 pstd=0.418 gen=0.1s train=0.6s
[t= 184.7s] greedy ep270 games=  96 dec= 16799 rows= 16031 horizon=0.17 L=0.00026 L/var=0.00 tgt=-0.080/0.382 pstd=0.410 gen=0.1s train=0.5s
[t= 185.5s] greedy ep271 games=  96 dec= 18199 rows= 17443 horizon=0.30 L=0.00023 L/var=0.00 tgt=-0.092/0.415 pstd=0.410 gen=0.1s train=0.5s
[t= 186.3s] greedy ep272 games=  96 dec= 18110 rows= 17306 horizon=0.27 L=0.00017 L/var=0.00 tgt=-0.069/0.401 pstd=0.412 gen=0.1s train=0.5s
[t= 187.1s] greedy ep273 games=  96 dec= 18443 rows= 17686 horizon=0.26 L=0.00014 L/var=0.00 tgt=-0.065/0.407 pstd=0.411 gen=0.1s train=0.5s
[t= 187.9s] greedy ep274 games=  96 dec= 19533 rows= 18672 horizon=0.36 L=0.00074 L/var=0.00 tgt=-0.103/0.411 pstd=0.409 gen=0.1s train=0.6s
[t= 188.7s] greedy ep275 games=  96 dec= 19061 rows= 18299 horizon=0.34 L=0.00026 L/var=0.00 tgt=-0.068/0.385 pstd=0.412 gen=0.1s train=0.6s
[t= 189.5s] greedy ep276 games=  96 dec= 18082 rows= 17318 horizon=0.25 L=0.00019 L/var=0.00 tgt=-0.075/0.395 pstd=0.410 gen=0.1s train=0.5s
[t= 190.3s] greedy ep277 games=  96 dec= 18483 rows= 17734 horizon=0.31 L=0.00017 L/var=0.00 tgt=-0.066/0.391 pstd=0.408 gen=0.1s train=0.5s
[t= 191.1s] greedy ep278 games=  96 dec= 19019 rows= 18316 horizon=0.33 L=0.00023 L/var=0.00 tgt=-0.075/0.408 pstd=0.410 gen=0.1s train=0.6s
[t= 191.9s] greedy ep279 games=  96 dec= 18921 rows= 18093 horizon=0.27 L=0.00019 L/var=0.00 tgt=-0.064/0.389 pstd=0.411 gen=0.1s train=0.6s
[t= 192.7s] greedy ep280 games=  96 dec= 18508 rows= 17751 horizon=0.26 L=0.00018 L/var=0.00 tgt=-0.066/0.375 pstd=0.411 gen=0.1s train=0.5s
[t= 193.5s] greedy ep281 games=  96 dec= 18618 rows= 17801 horizon=0.30 L=0.00015 L/var=0.00 tgt=-0.078/0.411 pstd=0.410 gen=0.1s train=0.5s
[t= 194.3s] greedy ep282 games=  96 dec= 18184 rows= 17499 horizon=0.31 L=0.00038 L/var=0.00 tgt=-0.071/0.411 pstd=0.409 gen=0.1s train=0.5s
[t= 195.1s] greedy ep283 games=  96 dec= 18852 rows= 18147 horizon=0.34 L=0.00049 L/var=0.00 tgt=-0.069/0.389 pstd=0.409 gen=0.1s train=0.6s
[t= 195.9s] greedy ep284 games=  96 dec= 18502 rows= 17656 horizon=0.26 L=0.00021 L/var=0.00 tgt=-0.100/0.430 pstd=0.408 gen=0.1s train=0.5s
[t= 196.6s] greedy ep285 games=  96 dec= 17143 rows= 16543 horizon=0.24 L=0.00021 L/var=0.00 tgt=-0.088/0.402 pstd=0.413 gen=0.1s train=0.5s
[t= 197.4s] greedy ep286 games=  96 dec= 18823 rows= 17973 horizon=0.27 L=0.00018 L/var=0.00 tgt=-0.056/0.408 pstd=0.411 gen=0.1s train=0.5s
[t= 198.2s] greedy ep287 games=  96 dec= 18502 rows= 17751 horizon=0.28 L=0.00015 L/var=0.00 tgt=-0.068/0.398 pstd=0.415 gen=0.1s train=0.5s
[t= 198.9s] greedy ep288 games=  96 dec= 17253 rows= 16586 horizon=0.24 L=0.00021 L/var=0.00 tgt=-0.066/0.393 pstd=0.411 gen=0.1s train=0.5s
[t= 199.6s] greedy ep289 games=  96 dec= 18602 rows= 17691 horizon=0.27 L=0.00031 L/var=0.00 tgt=-0.056/0.392 pstd=0.415 gen=0.1s train=0.5s
[t= 200.4s] greedy ep290 games=  96 dec= 18693 rows= 18004 horizon=0.31 L=0.00015 L/var=0.00 tgt=-0.068/0.390 pstd=0.414 gen=0.1s train=0.5s
[t= 201.1s] greedy ep291 games=  96 dec= 18306 rows= 17457 horizon=0.28 L=0.00014 L/var=0.00 tgt=-0.073/0.397 pstd=0.408 gen=0.1s train=0.5s
[t= 201.9s] greedy ep292 games=  96 dec= 18964 rows= 18174 horizon=0.33 L=0.00029 L/var=0.00 tgt=-0.074/0.400 pstd=0.415 gen=0.1s train=0.5s
[t= 202.5s] greedy ep293 games=  96 dec= 17704 rows= 16953 horizon=0.24 L=0.00025 L/var=0.00 tgt=-0.076/0.403 pstd=0.409 gen=0.1s train=0.4s
[t= 203.1s] greedy ep294 games=  96 dec= 18592 rows= 17844 horizon=0.28 L=0.00015 L/var=0.00 tgt=-0.102/0.407 pstd=0.410 gen=0.1s train=0.4s
[t= 203.7s] greedy ep295 games=  96 dec= 17648 rows= 16873 horizon=0.23 L=0.00018 L/var=0.00 tgt=-0.092/0.409 pstd=0.410 gen=0.1s train=0.4s
[t= 204.4s] greedy ep296 games=  96 dec= 19099 rows= 18265 horizon=0.31 L=0.00018 L/var=0.00 tgt=-0.100/0.395 pstd=0.418 gen=0.1s train=0.4s
[t= 205.1s] greedy ep297 games=  96 dec= 19203 rows= 18433 horizon=0.35 L=0.00036 L/var=0.00 tgt=-0.086/0.405 pstd=0.412 gen=0.1s train=0.4s
[t= 205.7s] greedy ep298 games=  96 dec= 18311 rows= 17494 horizon=0.27 L=0.00025 L/var=0.00 tgt=-0.078/0.409 pstd=0.412 gen=0.1s train=0.4s
[t= 206.3s] greedy ep299 games=  96 dec= 18657 rows= 17910 horizon=0.30 L=0.00019 L/var=0.00 tgt=-0.058/0.402 pstd=0.410 gen=0.1s train=0.4s
[t= 206.9s] greedy ep300 games=  96 dec= 18465 rows= 17742 horizon=0.30 L=0.00022 L/var=0.00 tgt=-0.074/0.387 pstd=0.413 gen=0.1s train=0.4s
[t= 207.6s] greedy ep301 games=  96 dec= 17977 rows= 17268 horizon=0.30 L=0.00013 L/var=0.00 tgt=-0.064/0.380 pstd=0.411 gen=0.1s train=0.4s
[t= 208.2s] greedy ep302 games=  96 dec= 17281 rows= 16486 horizon=0.18 L=0.00013 L/var=0.00 tgt=-0.085/0.412 pstd=0.414 gen=0.1s train=0.4s
[t= 208.8s] greedy ep303 games=  96 dec= 18589 rows= 17786 horizon=0.30 L=0.00011 L/var=0.00 tgt=-0.066/0.391 pstd=0.409 gen=0.1s train=0.4s
[t= 209.5s] greedy ep304 games=  96 dec= 18889 rows= 18120 horizon=0.35 L=0.00039 L/var=0.00 tgt=-0.085/0.407 pstd=0.415 gen=0.1s train=0.4s
[t= 210.1s] greedy ep305 games=  96 dec= 18700 rows= 17942 horizon=0.33 L=0.00018 L/var=0.00 tgt=-0.106/0.392 pstd=0.415 gen=0.1s train=0.4s
[t= 210.8s] greedy ep306 games=  96 dec= 18414 rows= 17660 horizon=0.33 L=0.00013 L/var=0.00 tgt=-0.081/0.399 pstd=0.409 gen=0.1s train=0.4s
[t= 211.4s] greedy ep307 games=  96 dec= 17546 rows= 16804 horizon=0.24 L=0.00011 L/var=0.00 tgt=-0.058/0.393 pstd=0.412 gen=0.1s train=0.4s
[t= 212.0s] greedy ep308 games=  96 dec= 18591 rows= 17796 horizon=0.29 L=0.00010 L/var=0.00 tgt=-0.092/0.411 pstd=0.413 gen=0.1s train=0.4s
[t= 212.6s] greedy ep309 games=  96 dec= 18388 rows= 17621 horizon=0.29 L=0.00055 L/var=0.00 tgt=-0.080/0.414 pstd=0.410 gen=0.1s train=0.4s
[t= 213.3s] greedy ep310 games=  96 dec= 18616 rows= 17806 horizon=0.35 L=0.00024 L/var=0.00 tgt=-0.069/0.383 pstd=0.406 gen=0.1s train=0.4s
[t= 213.9s] greedy ep311 games=  96 dec= 19348 rows= 18539 horizon=0.35 L=0.00018 L/var=0.00 tgt=-0.087/0.408 pstd=0.411 gen=0.1s train=0.4s
[t= 214.6s] greedy ep312 games=  96 dec= 18489 rows= 17683 horizon=0.30 L=0.00014 L/var=0.00 tgt=-0.063/0.406 pstd=0.411 gen=0.1s train=0.4s
[t= 215.2s] greedy ep313 games=  96 dec= 18547 rows= 17790 horizon=0.31 L=0.00013 L/var=0.00 tgt=-0.081/0.413 pstd=0.409 gen=0.1s train=0.4s
[t= 215.8s] greedy ep314 games=  96 dec= 17704 rows= 16945 horizon=0.20 L=0.00012 L/var=0.00 tgt=-0.054/0.377 pstd=0.413 gen=0.1s train=0.4s
[t= 216.4s] greedy ep315 games=  96 dec= 19047 rows= 18279 horizon=0.28 L=0.00022 L/var=0.00 tgt=-0.077/0.399 pstd=0.410 gen=0.1s train=0.4s
[t= 217.1s] greedy ep316 games=  96 dec= 18001 rows= 17193 horizon=0.26 L=0.00022 L/var=0.00 tgt=-0.079/0.416 pstd=0.416 gen=0.1s train=0.4s
[t= 217.7s] greedy ep317 games=  96 dec= 19132 rows= 18358 horizon=0.33 L=0.00014 L/var=0.00 tgt=-0.071/0.393 pstd=0.412 gen=0.1s train=0.4s
[t= 218.4s] greedy ep318 games=  96 dec= 18714 rows= 17882 horizon=0.27 L=0.00025 L/var=0.00 tgt=-0.062/0.391 pstd=0.414 gen=0.1s train=0.4s
[t= 219.0s] greedy ep319 games=  96 dec= 17312 rows= 16576 horizon=0.22 L=0.00020 L/var=0.00 tgt=-0.074/0.394 pstd=0.411 gen=0.1s train=0.4s
[t= 219.6s] greedy ep320 games=  96 dec= 17762 rows= 16989 horizon=0.23 L=0.00012 L/var=0.00 tgt=-0.113/0.422 pstd=0.411 gen=0.1s train=0.4s
[t= 220.2s] greedy ep321 games=  96 dec= 17436 rows= 16695 horizon=0.23 L=0.00009 L/var=0.00 tgt=-0.081/0.435 pstd=0.413 gen=0.1s train=0.4s
[t= 220.9s] greedy ep322 games=  96 dec= 18483 rows= 17639 horizon=0.25 L=0.00018 L/var=0.00 tgt=-0.093/0.410 pstd=0.407 gen=0.1s train=0.4s
[t= 221.5s] greedy ep323 games=  96 dec= 19430 rows= 18584 horizon=0.28 L=0.00024 L/var=0.00 tgt=-0.062/0.380 pstd=0.410 gen=0.1s train=0.4s
[t= 222.2s] greedy ep324 games=  96 dec= 18761 rows= 17955 horizon=0.30 L=0.00016 L/var=0.00 tgt=-0.089/0.417 pstd=0.411 gen=0.1s train=0.4s
[t= 222.8s] greedy ep325 games=  96 dec= 18551 rows= 17757 horizon=0.28 L=0.00015 L/var=0.00 tgt=-0.088/0.425 pstd=0.409 gen=0.1s train=0.4s
[t= 223.5s] greedy ep326 games=  96 dec= 18635 rows= 17827 horizon=0.32 L=0.00011 L/var=0.00 tgt=-0.088/0.408 pstd=0.410 gen=0.1s train=0.4s
[t= 224.1s] greedy ep327 games=  96 dec= 18970 rows= 18200 horizon=0.32 L=0.00026 L/var=0.00 tgt=-0.098/0.406 pstd=0.405 gen=0.1s train=0.4s
[t= 224.8s] greedy ep328 games=  96 dec= 18071 rows= 17269 horizon=0.29 L=0.00033 L/var=0.00 tgt=-0.095/0.414 pstd=0.412 gen=0.1s train=0.4s
[t= 225.4s] greedy ep329 games=  96 dec= 19439 rows= 18603 horizon=0.40 L=0.00014 L/var=0.00 tgt=-0.064/0.386 pstd=0.415 gen=0.1s train=0.4s
[t= 226.1s] greedy ep330 games=  96 dec= 18759 rows= 18050 horizon=0.30 L=0.00010 L/var=0.00 tgt=-0.073/0.396 pstd=0.409 gen=0.1s train=0.4s
[t= 226.7s] greedy ep331 games=  96 dec= 18330 rows= 17549 horizon=0.30 L=0.00012 L/var=0.00 tgt=-0.083/0.431 pstd=0.413 gen=0.1s train=0.4s
[t= 227.4s] greedy ep332 games=  96 dec= 18791 rows= 17964 horizon=0.32 L=0.00017 L/var=0.00 tgt=-0.062/0.394 pstd=0.412 gen=0.1s train=0.4s
[t= 228.0s] greedy ep333 games=  96 dec= 18308 rows= 17632 horizon=0.31 L=0.00023 L/var=0.00 tgt=-0.062/0.401 pstd=0.407 gen=0.1s train=0.4s
[t= 228.7s] greedy ep334 games=  96 dec= 18662 rows= 17939 horizon=0.35 L=0.00017 L/var=0.00 tgt=-0.089/0.426 pstd=0.411 gen=0.1s train=0.4s
[t= 229.3s] greedy ep335 games=  96 dec= 18933 rows= 18186 horizon=0.31 L=0.00011 L/var=0.00 tgt=-0.092/0.432 pstd=0.409 gen=0.1s train=0.4s
[t= 230.0s] greedy ep336 games=  96 dec= 19094 rows= 18278 horizon=0.32 L=0.00011 L/var=0.00 tgt=-0.066/0.393 pstd=0.412 gen=0.1s train=0.4s
[t= 230.6s] greedy ep337 games=  96 dec= 17891 rows= 17085 horizon=0.21 L=0.00014 L/var=0.00 tgt=-0.074/0.388 pstd=0.406 gen=0.1s train=0.4s
[t= 231.2s] greedy ep338 games=  96 dec= 18937 rows= 18108 horizon=0.29 L=0.00015 L/var=0.00 tgt=-0.087/0.405 pstd=0.412 gen=0.1s train=0.4s
[t= 231.9s] greedy ep339 games=  96 dec= 19040 rows= 18285 horizon=0.34 L=0.00012 L/var=0.00 tgt=-0.091/0.415 pstd=0.413 gen=0.1s train=0.4s
[t= 232.5s] greedy ep340 games=  96 dec= 17857 rows= 17055 horizon=0.24 L=0.00009 L/var=0.00 tgt=-0.060/0.392 pstd=0.413 gen=0.1s train=0.4s
[t= 233.1s] greedy ep341 games=  96 dec= 18667 rows= 17822 horizon=0.29 L=0.00018 L/var=0.00 tgt=-0.080/0.420 pstd=0.407 gen=0.1s train=0.4s
[t= 233.8s] greedy ep342 games=  96 dec= 19725 rows= 18904 horizon=0.43 L=0.00013 L/var=0.00 tgt=-0.083/0.422 pstd=0.414 gen=0.1s train=0.4s
[t= 234.4s] greedy ep343 games=  96 dec= 18383 rows= 17603 horizon=0.28 L=0.00017 L/var=0.00 tgt=-0.097/0.418 pstd=0.409 gen=0.1s train=0.4s
[t= 235.0s] greedy ep344 games=  96 dec= 18339 rows= 17605 horizon=0.27 L=0.00020 L/var=0.00 tgt=-0.075/0.390 pstd=0.413 gen=0.1s train=0.4s
[t= 235.7s] greedy ep345 games=  96 dec= 18271 rows= 17562 horizon=0.30 L=0.00016 L/var=0.00 tgt=-0.085/0.414 pstd=0.409 gen=0.1s train=0.4s
[t= 236.3s] greedy ep346 games=  96 dec= 18385 rows= 17601 horizon=0.27 L=0.00011 L/var=0.00 tgt=-0.063/0.400 pstd=0.412 gen=0.1s train=0.4s
[t= 236.9s] greedy ep347 games=  96 dec= 17585 rows= 16876 horizon=0.25 L=0.00020 L/var=0.00 tgt=-0.071/0.441 pstd=0.408 gen=0.1s train=0.4s
[t= 237.6s] greedy ep348 games=  96 dec= 18835 rows= 18034 horizon=0.32 L=0.00028 L/var=0.00 tgt=-0.076/0.392 pstd=0.407 gen=0.1s train=0.4s
[t= 238.2s] greedy ep349 games=  96 dec= 18950 rows= 18244 horizon=0.36 L=0.00019 L/var=0.00 tgt=-0.086/0.391 pstd=0.407 gen=0.1s train=0.4s
[t= 238.8s] greedy ep350 games=  96 dec= 17038 rows= 16357 horizon=0.21 L=0.00011 L/var=0.00 tgt=-0.093/0.420 pstd=0.410 gen=0.1s train=0.4s
[t= 239.5s] greedy ep351 games=  96 dec= 19017 rows= 18172 horizon=0.33 L=0.00008 L/var=0.00 tgt=-0.071/0.395 pstd=0.410 gen=0.1s train=0.5s
[t= 240.2s] greedy ep352 games=  96 dec= 18365 rows= 17612 horizon=0.27 L=0.00010 L/var=0.00 tgt=-0.086/0.417 pstd=0.409 gen=0.1s train=0.5s
[t= 240.9s] greedy ep353 games=  96 dec= 18959 rows= 18066 horizon=0.31 L=0.00009 L/var=0.00 tgt=-0.047/0.398 pstd=0.411 gen=0.1s train=0.4s
[t= 241.5s] greedy ep354 games=  96 dec= 18635 rows= 17907 horizon=0.31 L=0.00040 L/var=0.00 tgt=-0.059/0.386 pstd=0.407 gen=0.1s train=0.4s
[t= 242.2s] greedy ep355 games=  96 dec= 18019 rows= 17176 horizon=0.24 L=0.00025 L/var=0.00 tgt=-0.051/0.385 pstd=0.417 gen=0.1s train=0.4s
[t= 242.8s] greedy ep356 games=  96 dec= 18899 rows= 18062 horizon=0.32 L=0.00014 L/var=0.00 tgt=-0.103/0.439 pstd=0.410 gen=0.1s train=0.4s
[t= 243.4s] greedy ep357 games=  96 dec= 17960 rows= 17174 horizon=0.25 L=0.00009 L/var=0.00 tgt=-0.064/0.411 pstd=0.411 gen=0.1s train=0.4s
[t= 244.1s] greedy ep358 games=  96 dec= 18306 rows= 17525 horizon=0.29 L=0.00007 L/var=0.00 tgt=-0.084/0.392 pstd=0.411 gen=0.1s train=0.4s
[t= 244.7s] greedy ep359 games=  96 dec= 19750 rows= 18863 horizon=0.38 L=0.00021 L/var=0.00 tgt=-0.071/0.394 pstd=0.411 gen=0.1s train=0.4s
[t= 245.3s] greedy ep360 games=  96 dec= 17845 rows= 17179 horizon=0.32 L=0.00041 L/var=0.00 tgt=-0.088/0.385 pstd=0.413 gen=0.1s train=0.4s
[t= 246.0s] greedy ep361 games=  96 dec= 18511 rows= 17748 horizon=0.28 L=0.00021 L/var=0.00 tgt=-0.084/0.405 pstd=0.411 gen=0.1s train=0.4s
[t= 246.6s] greedy ep362 games=  96 dec= 18596 rows= 17723 horizon=0.28 L=0.00017 L/var=0.00 tgt=-0.104/0.400 pstd=0.406 gen=0.1s train=0.5s
[t= 247.3s] greedy ep363 games=  96 dec= 18682 rows= 17905 horizon=0.27 L=0.00011 L/var=0.00 tgt=-0.111/0.424 pstd=0.413 gen=0.1s train=0.5s
[t= 248.0s] greedy ep364 games=  96 dec= 18577 rows= 17791 horizon=0.31 L=0.00008 L/var=0.00 tgt=-0.092/0.433 pstd=0.410 gen=0.1s train=0.5s
[t= 248.7s] greedy ep365 games=  96 dec= 18682 rows= 17916 horizon=0.33 L=0.00007 L/var=0.00 tgt=-0.057/0.390 pstd=0.412 gen=0.1s train=0.5s
[t= 249.5s] greedy ep366 games=  96 dec= 18340 rows= 17538 horizon=0.28 L=0.00006 L/var=0.00 tgt=-0.073/0.415 pstd=0.411 gen=0.1s train=0.5s
[t= 250.3s] greedy ep367 games=  96 dec= 17720 rows= 16956 horizon=0.22 L=0.00006 L/var=0.00 tgt=-0.063/0.430 pstd=0.410 gen=0.1s train=0.5s
[t= 251.0s] greedy ep368 games=  96 dec= 17910 rows= 17193 horizon=0.29 L=0.00009 L/var=0.00 tgt=-0.069/0.390 pstd=0.412 gen=0.1s train=0.5s
[t= 251.8s] greedy ep369 games=  96 dec= 17923 rows= 17159 horizon=0.24 L=0.00013 L/var=0.00 tgt=-0.062/0.410 pstd=0.413 gen=0.1s train=0.5s
[t= 252.6s] greedy ep370 games=  96 dec= 18541 rows= 17783 horizon=0.30 L=0.00009 L/var=0.00 tgt=-0.066/0.386 pstd=0.411 gen=0.1s train=0.5s
[t= 253.3s] greedy ep371 games=  96 dec= 18669 rows= 17877 horizon=0.31 L=0.00010 L/var=0.00 tgt=-0.089/0.394 pstd=0.410 gen=0.1s train=0.5s
[t= 254.1s] greedy ep372 games=  96 dec= 18211 rows= 17407 horizon=0.21 L=0.00020 L/var=0.00 tgt=-0.042/0.395 pstd=0.410 gen=0.1s train=0.5s
[t= 254.9s] greedy ep373 games=  96 dec= 19319 rows= 18428 horizon=0.33 L=0.00008 L/var=0.00 tgt=-0.071/0.398 pstd=0.413 gen=0.1s train=0.6s
[t= 255.7s] greedy ep374 games=  96 dec= 18873 rows= 18139 horizon=0.35 L=0.00007 L/var=0.00 tgt=-0.073/0.394 pstd=0.411 gen=0.1s train=0.6s
[t= 256.5s] greedy ep375 games=  96 dec= 18864 rows= 18132 horizon=0.32 L=0.00024 L/var=0.00 tgt=-0.061/0.402 pstd=0.408 gen=0.1s train=0.6s
[t= 257.3s] greedy ep376 games=  96 dec= 19098 rows= 18167 horizon=0.30 L=0.00047 L/var=0.00 tgt=-0.049/0.365 pstd=0.407 gen=0.1s train=0.6s
[t= 258.1s] greedy ep377 games=  96 dec= 18318 rows= 17598 horizon=0.34 L=0.00029 L/var=0.00 tgt=-0.086/0.446 pstd=0.407 gen=0.1s train=0.5s
[t= 258.9s] greedy ep378 games=  96 dec= 18649 rows= 17873 horizon=0.33 L=0.00012 L/var=0.00 tgt=-0.091/0.403 pstd=0.412 gen=0.1s train=0.5s
[t= 259.6s] greedy ep379 games=  96 dec= 18300 rows= 17496 horizon=0.27 L=0.00013 L/var=0.00 tgt=-0.085/0.403 pstd=0.412 gen=0.1s train=0.5s
[t= 260.4s] greedy ep380 games=  96 dec= 18220 rows= 17438 horizon=0.31 L=0.00015 L/var=0.00 tgt=-0.056/0.389 pstd=0.412 gen=0.1s train=0.5s
[t= 261.2s] greedy ep381 games=  96 dec= 18573 rows= 17849 horizon=0.29 L=0.00012 L/var=0.00 tgt=-0.081/0.425 pstd=0.409 gen=0.1s train=0.5s
[t= 262.0s] greedy ep382 games=  96 dec= 18474 rows= 17789 horizon=0.29 L=0.00008 L/var=0.00 tgt=-0.079/0.425 pstd=0.415 gen=0.1s train=0.5s
[t= 262.8s] greedy ep383 games=  96 dec= 18275 rows= 17492 horizon=0.26 L=0.00008 L/var=0.00 tgt=-0.086/0.432 pstd=0.407 gen=0.1s train=0.5s
[t= 263.6s] greedy ep384 games=  96 dec= 18072 rows= 17381 horizon=0.30 L=0.00009 L/var=0.00 tgt=-0.070/0.399 pstd=0.411 gen=0.1s train=0.5s
[t= 264.4s] greedy ep385 games=  96 dec= 18670 rows= 17852 horizon=0.27 L=0.00011 L/var=0.00 tgt=-0.067/0.368 pstd=0.412 gen=0.1s train=0.5s
[t= 265.1s] greedy ep386 games=  96 dec= 18380 rows= 17541 horizon=0.25 L=0.00008 L/var=0.00 tgt=-0.076/0.395 pstd=0.411 gen=0.1s train=0.5s
[t= 265.9s] greedy ep387 games=  96 dec= 18243 rows= 17479 horizon=0.22 L=0.00018 L/var=0.00 tgt=-0.050/0.394 pstd=0.406 gen=0.1s train=0.5s
[t= 266.7s] greedy ep388 games=  96 dec= 18440 rows= 17698 horizon=0.27 L=0.00009 L/var=0.00 tgt=-0.077/0.401 pstd=0.416 gen=0.1s train=0.5s
[t= 267.5s] greedy ep389 games=  96 dec= 18475 rows= 17650 horizon=0.29 L=0.00011 L/var=0.00 tgt=-0.057/0.375 pstd=0.408 gen=0.1s train=0.5s
[t= 268.1s] greedy ep390 games=  96 dec= 18774 rows= 18016 horizon=0.31 L=0.00013 L/var=0.00 tgt=-0.090/0.417 pstd=0.410 gen=0.1s train=0.4s
[t= 268.8s] greedy ep391 games=  96 dec= 18158 rows= 17262 horizon=0.20 L=0.00010 L/var=0.00 tgt=-0.086/0.418 pstd=0.410 gen=0.1s train=0.4s
[t= 269.4s] greedy ep392 games=  96 dec= 18399 rows= 17583 horizon=0.25 L=0.00015 L/var=0.00 tgt=-0.083/0.411 pstd=0.412 gen=0.1s train=0.4s
[t= 270.1s] greedy ep393 games=  96 dec= 18735 rows= 18128 horizon=0.40 L=0.00009 L/var=0.00 tgt=-0.094/0.417 pstd=0.413 gen=0.1s train=0.4s
[t= 270.7s] greedy ep394 games=  96 dec= 19609 rows= 18803 horizon=0.43 L=0.00008 L/var=0.00 tgt=-0.080/0.422 pstd=0.413 gen=0.1s train=0.4s
[t= 271.4s] greedy ep395 games=  96 dec= 18705 rows= 17816 horizon=0.29 L=0.00007 L/var=0.00 tgt=-0.061/0.391 pstd=0.413 gen=0.1s train=0.4s
[t= 272.0s] greedy ep396 games=  96 dec= 18722 rows= 17934 horizon=0.31 L=0.00015 L/var=0.00 tgt=-0.076/0.384 pstd=0.413 gen=0.1s train=0.4s
[t= 272.6s] greedy ep397 games=  96 dec= 18742 rows= 17880 horizon=0.32 L=0.00006 L/var=0.00 tgt=-0.053/0.396 pstd=0.411 gen=0.1s train=0.4s
[t= 273.3s] greedy ep398 games=  96 dec= 17226 rows= 16428 horizon=0.23 L=0.00012 L/var=0.00 tgt=-0.070/0.396 pstd=0.409 gen=0.1s train=0.4s
[t= 273.9s] greedy ep399 games=  96 dec= 18895 rows= 18166 horizon=0.36 L=0.00012 L/var=0.00 tgt=-0.078/0.392 pstd=0.412 gen=0.1s train=0.4s
[t= 274.5s] greedy ep400 games=  96 dec= 18442 rows= 17712 horizon=0.35 L=0.00008 L/var=0.00 tgt=-0.075/0.404 pstd=0.410 gen=0.1s train=0.4s
[t= 275.2s] greedy ep401 games=  96 dec= 18635 rows= 17856 horizon=0.32 L=0.00024 L/var=0.00 tgt=-0.048/0.383 pstd=0.407 gen=0.1s train=0.4s
[t= 275.8s] greedy ep402 games=  96 dec= 18215 rows= 17481 horizon=0.30 L=0.00012 L/var=0.00 tgt=-0.102/0.439 pstd=0.408 gen=0.1s train=0.4s
[t= 276.4s] greedy ep403 games=  96 dec= 17407 rows= 16748 horizon=0.29 L=0.00009 L/var=0.00 tgt=-0.075/0.421 pstd=0.410 gen=0.1s train=0.4s
[t= 277.1s] greedy ep404 games=  96 dec= 18331 rows= 17593 horizon=0.30 L=0.00142 L/var=0.01 tgt=-0.097/0.402 pstd=0.373 gen=0.1s train=0.4s
[t= 277.7s] greedy ep405 games=  96 dec= 18509 rows= 17753 horizon=0.32 L=0.08224 L/var=0.48 tgt=-0.059/0.413 pstd=0.341 gen=0.1s train=0.4s
[t= 278.4s] greedy ep406 games=  96 dec= 17964 rows= 17231 horizon=0.24 L=0.02513 L/var=0.15 tgt=-0.077/0.407 pstd=0.396 gen=0.1s train=0.4s
[t= 279.0s] greedy ep407 games=  96 dec= 18471 rows= 17642 horizon=0.30 L=0.00659 L/var=0.04 tgt=-0.094/0.410 pstd=0.404 gen=0.1s train=0.4s
[t= 279.6s] greedy ep408 games=  96 dec= 18815 rows= 18038 horizon=0.31 L=0.00262 L/var=0.02 tgt=-0.089/0.406 pstd=0.409 gen=0.1s train=0.4s
[t= 280.3s] greedy ep409 games=  96 dec= 18249 rows= 17522 horizon=0.31 L=0.00166 L/var=0.01 tgt=-0.052/0.398 pstd=0.410 gen=0.1s train=0.4s
[t= 280.9s] greedy ep410 games=  96 dec= 17705 rows= 16947 horizon=0.22 L=0.00131 L/var=0.01 tgt=-0.067/0.403 pstd=0.411 gen=0.1s train=0.4s
[t= 281.5s] greedy ep411 games=  96 dec= 18074 rows= 17378 horizon=0.30 L=0.00098 L/var=0.01 tgt=-0.070/0.403 pstd=0.409 gen=0.1s train=0.4s
[t= 282.2s] greedy ep412 games=  96 dec= 19154 rows= 18280 horizon=0.31 L=0.00080 L/var=0.01 tgt=-0.090/0.395 pstd=0.411 gen=0.1s train=0.4s
[t= 282.8s] greedy ep413 games=  96 dec= 18423 rows= 17624 horizon=0.26 L=0.00062 L/var=0.00 tgt=-0.066/0.409 pstd=0.410 gen=0.1s train=0.4s
[t= 283.4s] greedy ep414 games=  96 dec= 18720 rows= 17858 horizon=0.25 L=0.00048 L/var=0.00 tgt=-0.077/0.376 pstd=0.410 gen=0.1s train=0.4s
[t= 284.1s] greedy ep415 games=  96 dec= 19296 rows= 18513 horizon=0.31 L=0.00037 L/var=0.00 tgt=-0.067/0.397 pstd=0.411 gen=0.1s train=0.4s
[t= 284.7s] greedy ep416 games=  96 dec= 18408 rows= 17571 horizon=0.27 L=0.00030 L/var=0.00 tgt=-0.081/0.387 pstd=0.409 gen=0.1s train=0.4s
[t= 285.4s] greedy ep417 games=  96 dec= 18872 rows= 18151 horizon=0.32 L=0.00027 L/var=0.00 tgt=-0.081/0.407 pstd=0.408 gen=0.1s train=0.4s
[t= 286.0s] greedy ep418 games=  96 dec= 18165 rows= 17371 horizon=0.24 L=0.00022 L/var=0.00 tgt=-0.076/0.408 pstd=0.408 gen=0.1s train=0.4s
[t= 286.7s] greedy ep419 games=  96 dec= 18003 rows= 17249 horizon=0.26 L=0.00021 L/var=0.00 tgt=-0.082/0.386 pstd=0.408 gen=0.1s train=0.4s
[t= 287.3s] greedy ep420 games=  96 dec= 19359 rows= 18517 horizon=0.34 L=0.00020 L/var=0.00 tgt=-0.072/0.404 pstd=0.409 gen=0.1s train=0.4s
[t= 288.0s] greedy ep421 games=  96 dec= 18570 rows= 17827 horizon=0.35 L=0.00020 L/var=0.00 tgt=-0.089/0.420 pstd=0.411 gen=0.1s train=0.4s
[t= 288.6s] greedy ep422 games=  96 dec= 18698 rows= 17891 horizon=0.26 L=0.00021 L/var=0.00 tgt=-0.053/0.401 pstd=0.410 gen=0.1s train=0.4s
[t= 289.2s] greedy ep423 games=  96 dec= 18373 rows= 17673 horizon=0.30 L=0.00018 L/var=0.00 tgt=-0.073/0.425 pstd=0.410 gen=0.1s train=0.4s
[t= 289.8s] greedy ep424 games=  96 dec= 18156 rows= 17387 horizon=0.30 L=0.00021 L/var=0.00 tgt=-0.079/0.421 pstd=0.409 gen=0.1s train=0.4s
[t= 290.5s] greedy ep425 games=  96 dec= 18751 rows= 17933 horizon=0.31 L=0.00021 L/var=0.00 tgt=-0.056/0.389 pstd=0.409 gen=0.1s train=0.4s
[t= 291.1s] greedy ep426 games=  96 dec= 18981 rows= 18213 horizon=0.31 L=0.00016 L/var=0.00 tgt=-0.087/0.411 pstd=0.410 gen=0.1s train=0.4s
[t= 291.8s] greedy ep427 games=  96 dec= 18001 rows= 17260 horizon=0.29 L=0.00014 L/var=0.00 tgt=-0.072/0.403 pstd=0.409 gen=0.1s train=0.4s
[t= 292.4s] greedy ep428 games=  96 dec= 18125 rows= 17309 horizon=0.28 L=0.00012 L/var=0.00 tgt=-0.065/0.386 pstd=0.409 gen=0.1s train=0.4s
[t= 293.0s] greedy ep429 games=  96 dec= 19499 rows= 18667 horizon=0.39 L=0.00012 L/var=0.00 tgt=-0.082/0.394 pstd=0.410 gen=0.1s train=0.4s
[t= 293.7s] greedy ep430 games=  96 dec= 18493 rows= 17766 horizon=0.31 L=0.00011 L/var=0.00 tgt=-0.072/0.395 pstd=0.411 gen=0.1s train=0.4s
[t= 294.3s] greedy ep431 games=  96 dec= 18407 rows= 17567 horizon=0.21 L=0.00011 L/var=0.00 tgt=-0.075/0.420 pstd=0.411 gen=0.1s train=0.4s
[t= 294.9s] greedy ep432 games=  96 dec= 18204 rows= 17383 horizon=0.27 L=0.00011 L/var=0.00 tgt=-0.081/0.416 pstd=0.408 gen=0.1s train=0.4s
[t= 295.5s] greedy ep433 games=  96 dec= 17428 rows= 16605 horizon=0.18 L=0.00010 L/var=0.00 tgt=-0.071/0.389 pstd=0.410 gen=0.1s train=0.4s
[t= 296.2s] greedy ep434 games=  96 dec= 18990 rows= 18181 horizon=0.35 L=0.00012 L/var=0.00 tgt=-0.076/0.418 pstd=0.410 gen=0.1s train=0.4s
[t= 296.8s] greedy ep435 games=  96 dec= 17429 rows= 16636 horizon=0.21 L=0.00011 L/var=0.00 tgt=-0.066/0.389 pstd=0.410 gen=0.1s train=0.4s
[t= 297.4s] greedy ep436 games=  96 dec= 17932 rows= 17133 horizon=0.30 L=0.00011 L/var=0.00 tgt=-0.103/0.406 pstd=0.411 gen=0.1s train=0.4s
[t= 298.1s] greedy ep437 games=  96 dec= 18538 rows= 17675 horizon=0.25 L=0.00010 L/var=0.00 tgt=-0.075/0.395 pstd=0.409 gen=0.1s train=0.4s
[t= 298.7s] greedy ep438 games=  96 dec= 18162 rows= 17424 horizon=0.29 L=0.00009 L/var=0.00 tgt=-0.067/0.401 pstd=0.411 gen=0.1s train=0.4s
[t= 299.4s] greedy ep439 games=  96 dec= 18694 rows= 17923 horizon=0.32 L=0.00009 L/var=0.00 tgt=-0.071/0.391 pstd=0.411 gen=0.1s train=0.4s
[t= 300.0s] greedy ep440 games=  96 dec= 18534 rows= 17742 horizon=0.25 L=0.00009 L/var=0.00 tgt=-0.076/0.415 pstd=0.410 gen=0.1s train=0.4s
[t= 300.0s] --- snapshot snap_00.pt (init) ---
[t= 300.1s] --- switching to ReBeL ---
[t= 310.1s] rebel stream solves=13312 raw=1326/s balanced=1326/s debt=0 rows steps=52 horizon=0.00 games=0 over=0 card=0 drop=0 L=0.03064 L/var=14.19 tgt=+0.001/0.046 cfg/b=39842 prep=0.31s gpu=0.00s conv=0.01s add=0.23s train=2.04s
[t= 320.1s] rebel stream solves=27648 raw=1379/s balanced=1379/s debt=0 rows steps=108 horizon=0.00 games=0 over=0 card=0 drop=0 L=0.00031 L/var=15.27 tgt=+0.010/0.005 cfg/b=68013 prep=0.38s gpu=0.00s conv=0.03s add=0.83s train=2.50s
[t= 330.1s] rebel stream solves=43008 raw=1430/s balanced=1430/s debt=0 rows steps=168 horizon=0.00 games=0 over=0 card=0 drop=0 L=0.00015 L/var=19.63 tgt=+0.008/0.003 cfg/b=33398 prep=0.34s gpu=0.00s conv=0.01s add=0.19s train=1.97s
[t= 340.2s] rebel stream solves=50176 raw=1251/s balanced=1251/s debt=0 rows steps=196 horizon=0.00 games=0 over=0 card=0 drop=0 L=0.00011 L/var=86.53 tgt=+0.008/0.001 cfg/b=29210 prep=0.14s gpu=0.00s conv=0.00s add=0.13s train=0.86s
[t= 350.2s] rebel stream solves=57344 raw=1143/s balanced=1143/s debt=0 rows steps=224 horizon=0.00 games=0 over=1 card=0 drop=0 L=0.00008 L/var=42.07 tgt=+0.008/0.001 cfg/b=30249 prep=0.16s gpu=0.00s conv=0.00s add=0.14s train=0.90s
[t= 360.2s] rebel stream solves=66560 raw=1106/s balanced=1106/s debt=0 rows steps=260 horizon=0.00 games=0 over=1 card=0 drop=0 L=0.00008 L/var=39.65 tgt=+0.008/0.001 cfg/b=30879 prep=0.20s gpu=0.00s conv=0.00s add=0.23s train=1.19s
[t= 370.3s] rebel stream solves=72704 raw=1036/s balanced=1036/s debt=0 rows steps=284 horizon=0.00 games=0 over=3 card=0 drop=0 L=0.00007 L/var=30.11 tgt=+0.008/0.001 cfg/b=28011 prep=0.14s gpu=0.00s conv=0.00s add=0.08s train=0.78s
[t= 380.3s] rebel stream solves=78848 raw=983/s balanced=983/s debt=0 rows steps=308 horizon=0.00 games=0 over=6 card=0 drop=0 L=0.00007 L/var=28.31 tgt=+0.008/0.002 cfg/b=24393 prep=0.16s gpu=0.00s conv=0.00s add=0.08s train=0.82s
[t= 390.3s] rebel stream solves=83968 raw=930/s balanced=930/s debt=0 rows steps=328 horizon=0.00 games=0 over=17 card=0 drop=0 L=0.00005 L/var=17.46 tgt=+0.008/0.002 cfg/b=21738 prep=0.13s gpu=0.00s conv=0.00s add=0.05s train=0.67s
[t= 400.4s] rebel stream solves=89088 raw=888/s balanced=888/s debt=0 rows steps=348 horizon=0.00 games=0 over=22 card=0 drop=0 L=0.00005 L/var=16.98 tgt=+0.008/0.002 cfg/b=21076 prep=0.12s gpu=0.00s conv=0.00s add=0.06s train=0.70s
[t= 410.4s] rebel stream solves=94208 raw=854/s balanced=854/s debt=0 rows steps=368 horizon=0.00 games=0 over=32 card=0 drop=0 L=0.00005 L/var=14.42 tgt=+0.008/0.002 cfg/b=20152 prep=0.12s gpu=0.00s conv=0.00s add=0.06s train=0.65s
[t= 420.4s] rebel stream solves=98304 raw=817/s balanced=817/s debt=0 rows steps=384 horizon=0.00 games=2 over=38 card=0 drop=0 L=0.00005 L/var=0.25 tgt=+0.008/0.014 cfg/b=18864 prep=0.10s gpu=0.00s conv=0.00s add=0.05s train=0.55s
[t= 430.4s] rebel stream solves=103424 raw=793/s balanced=793/s debt=0 rows steps=404 horizon=0.00 games=0 over=51 card=0 drop=0 L=0.00006 L/var=13.04 tgt=+0.008/0.002 cfg/b=18670 prep=0.12s gpu=0.00s conv=0.00s add=0.05s train=0.66s
[t= 440.4s] rebel stream solves=107520 raw=766/s balanced=766/s debt=0 rows steps=420 horizon=0.00 games=1 over=61 card=0 drop=0 L=0.00004 L/var=0.51 tgt=+0.008/0.009 cfg/b=17419 prep=0.10s gpu=0.00s conv=0.00s add=0.04s train=0.54s
[t= 450.4s] rebel stream solves=111616 raw=742/s balanced=742/s debt=0 rows steps=436 horizon=0.00 games=2 over=75 card=0 drop=0 L=0.00013 L/var=1.60 tgt=+0.008/0.009 cfg/b=17129 prep=0.10s gpu=0.00s conv=0.00s add=0.04s train=0.54s
[t= 460.5s] rebel stream solves=115712 raw=721/s balanced=721/s debt=0 rows steps=452 horizon=0.00 games=0 over=87 card=0 drop=0 L=0.00008 L/var=0.43 tgt=+0.008/0.013 cfg/b=16901 prep=0.11s gpu=0.00s conv=0.00s add=0.04s train=0.54s
