[cfg] FEAT=812 NHAND=56 hidden=384 depth=2 iters=8 budget=600s warm=90s device=cpu draft=starter
[t=   0.9s] greedy ep  0 games=  96 dec= 17663 cap=0.33 cfgs= 23.5 L=0.07170 tgt=+0.009/0.481 pstd=0.500 capv=0.000 gen=0.1s train=0.7s
[t=   1.9s] greedy ep  1 games=  96 dec= 17463 cap=0.31 cfgs= 24.8 L=0.04992 tgt=+0.010/0.496 pstd=0.481 capv=0.000 gen=0.1s train=0.9s
[t=   3.0s] greedy ep  2 games=  96 dec= 16863 cap=0.28 cfgs= 25.5 L=0.05097 tgt=+0.001/0.536 pstd=0.498 capv=0.000 gen=0.1s train=0.9s
[t=   4.3s] greedy ep  3 games=  96 dec= 17691 cap=0.33 cfgs= 23.6 L=0.04793 tgt=+0.012/0.485 pstd=0.494 capv=0.000 gen=0.2s train=1.0s
[t=   5.9s] greedy ep  4 games=  96 dec= 17283 cap=0.30 cfgs= 24.6 L=0.04674 tgt=+0.005/0.508 pstd=0.507 capv=0.000 gen=0.3s train=1.2s
[t=   7.2s] greedy ep  5 games=  96 dec= 17735 cap=0.32 cfgs= 23.0 L=0.04717 tgt=+0.002/0.487 pstd=0.503 capv=0.000 gen=0.1s train=1.1s
[t=   8.9s] greedy ep  6 games=  96 dec= 18025 cap=0.38 cfgs= 23.9 L=0.04513 tgt=+0.004/0.490 pstd=0.474 capv=0.000 gen=0.2s train=1.4s
[t=  10.1s] greedy ep  7 games=  96 dec= 18138 cap=0.33 cfgs= 23.5 L=0.04810 tgt=+0.005/0.470 pstd=0.505 capv=0.000 gen=0.2s train=0.9s
[t=  11.1s] greedy ep  8 games=  96 dec= 16418 cap=0.24 cfgs= 24.6 L=0.04820 tgt=+0.012/0.524 pstd=0.493 capv=0.000 gen=0.1s train=0.8s
[t=  12.2s] greedy ep  9 games=  96 dec= 17028 cap=0.28 cfgs= 24.5 L=0.05271 tgt=+0.015/0.483 pstd=0.487 capv=0.000 gen=0.1s train=0.9s
[t=  13.4s] greedy ep 10 games=  96 dec= 17118 cap=0.27 cfgs= 23.3 L=0.05297 tgt=+0.011/0.499 pstd=0.513 capv=0.000 gen=0.2s train=0.9s
[t=  14.5s] greedy ep 11 games=  96 dec= 16602 cap=0.26 cfgs= 26.8 L=0.05363 tgt=+0.017/0.519 pstd=0.467 capv=0.000 gen=0.1s train=0.9s
[t=  15.6s] greedy ep 12 games=  96 dec= 16834 cap=0.25 cfgs= 25.5 L=0.05665 tgt=+0.014/0.492 pstd=0.492 capv=0.000 gen=0.1s train=0.8s
[t=  16.7s] greedy ep 13 games=  96 dec= 16975 cap=0.28 cfgs= 24.8 L=0.05672 tgt=+0.003/0.495 pstd=0.456 capv=0.000 gen=0.1s train=0.8s
[t=  18.0s] greedy ep 14 games=  96 dec= 18236 cap=0.36 cfgs= 24.7 L=0.05824 tgt=+0.000/0.469 pstd=0.496 capv=0.000 gen=0.1s train=1.0s
[t=  19.2s] greedy ep 15 games=  96 dec= 16830 cap=0.26 cfgs= 25.4 L=0.05918 tgt=-0.003/0.519 pstd=0.474 capv=0.000 gen=0.1s train=0.9s
[t=  20.4s] greedy ep 16 games=  96 dec= 16653 cap=0.26 cfgs= 24.9 L=0.06085 tgt=+0.015/0.518 pstd=0.456 capv=0.000 gen=0.1s train=0.8s
[t=  21.6s] greedy ep 17 games=  96 dec= 18020 cap=0.35 cfgs= 24.0 L=0.05770 tgt=+0.017/0.479 pstd=0.458 capv=0.000 gen=0.1s train=0.9s
[t=  22.7s] greedy ep 18 games=  96 dec= 17357 cap=0.30 cfgs= 24.2 L=0.05846 tgt=+0.012/0.496 pstd=0.446 capv=0.000 gen=0.1s train=0.8s
[t=  24.0s] greedy ep 19 games=  96 dec= 18933 cap=0.46 cfgs= 23.3 L=0.06018 tgt=-0.004/0.450 pstd=0.435 capv=0.000 gen=0.2s train=0.9s
[t=  25.1s] greedy ep 20 games=  96 dec= 17217 cap=0.26 cfgs= 25.7 L=0.06246 tgt=+0.022/0.520 pstd=0.473 capv=0.000 gen=0.1s train=0.8s
[t=  26.3s] greedy ep 21 games=  96 dec= 17364 cap=0.30 cfgs= 23.6 L=0.06105 tgt=+0.009/0.475 pstd=0.440 capv=0.000 gen=0.1s train=0.8s
[t=  27.4s] greedy ep 22 games=  96 dec= 17748 cap=0.36 cfgs= 25.1 L=0.06185 tgt=-0.007/0.466 pstd=0.470 capv=0.000 gen=0.1s train=0.8s
[t=  28.5s] greedy ep 23 games=  96 dec= 16126 cap=0.22 cfgs= 25.7 L=0.06142 tgt=+0.011/0.519 pstd=0.462 capv=0.000 gen=0.1s train=0.8s
[t=  29.7s] greedy ep 24 games=  96 dec= 18560 cap=0.42 cfgs= 22.9 L=0.06329 tgt=+0.008/0.444 pstd=0.455 capv=0.000 gen=0.1s train=0.9s
[t=  30.9s] greedy ep 25 games=  96 dec= 17402 cap=0.31 cfgs= 23.9 L=0.06240 tgt=+0.004/0.502 pstd=0.463 capv=0.000 gen=0.1s train=0.8s
[t=  32.1s] greedy ep 26 games=  96 dec= 18245 cap=0.38 cfgs= 22.2 L=0.06338 tgt=+0.019/0.462 pstd=0.443 capv=0.000 gen=0.1s train=0.8s
[t=  33.3s] greedy ep 27 games=  96 dec= 18252 cap=0.36 cfgs= 23.2 L=0.06346 tgt=+0.011/0.468 pstd=0.431 capv=0.000 gen=0.1s train=0.9s
[t=  34.5s] greedy ep 28 games=  96 dec= 16622 cap=0.24 cfgs= 26.2 L=0.06449 tgt=+0.021/0.528 pstd=0.483 capv=0.000 gen=0.1s train=0.8s
[t=  35.7s] greedy ep 29 games=  96 dec= 17551 cap=0.35 cfgs= 23.7 L=0.06547 tgt=+0.010/0.467 pstd=0.429 capv=0.000 gen=0.1s train=0.9s
[t=  37.0s] greedy ep 30 games=  96 dec= 17764 cap=0.34 cfgs= 22.7 L=0.06470 tgt=+0.010/0.498 pstd=0.440 capv=0.000 gen=0.1s train=0.8s
[t=  38.3s] greedy ep 31 games=  96 dec= 17543 cap=0.35 cfgs= 24.1 L=0.06620 tgt=+0.006/0.487 pstd=0.469 capv=0.000 gen=0.1s train=0.9s
[t=  39.6s] greedy ep 32 games=  96 dec= 17410 cap=0.28 cfgs= 25.0 L=0.06723 tgt=+0.012/0.520 pstd=0.472 capv=0.000 gen=0.1s train=0.9s
[t=  40.9s] greedy ep 33 games=  96 dec= 17308 cap=0.26 cfgs= 22.5 L=0.06781 tgt=+0.013/0.529 pstd=0.487 capv=0.000 gen=0.1s train=0.8s
[t=  42.4s] greedy ep 34 games=  96 dec= 17440 cap=0.33 cfgs= 24.1 L=0.06819 tgt=+0.002/0.502 pstd=0.450 capv=0.000 gen=0.1s train=1.0s
[t=  43.9s] greedy ep 35 games=  96 dec= 17831 cap=0.33 cfgs= 24.0 L=0.06821 tgt=+0.011/0.490 pstd=0.453 capv=0.000 gen=0.1s train=0.9s
[t=  45.4s] greedy ep 36 games=  96 dec= 17393 cap=0.25 cfgs= 24.2 L=0.06849 tgt=+0.017/0.508 pstd=0.443 capv=0.000 gen=0.1s train=0.9s
[t=  46.8s] greedy ep 37 games=  96 dec= 17234 cap=0.30 cfgs= 24.6 L=0.06742 tgt=+0.017/0.498 pstd=0.470 capv=0.000 gen=0.1s train=0.9s
[t=  48.5s] greedy ep 38 games=  96 dec= 16631 cap=0.25 cfgs= 25.1 L=0.06921 tgt=+0.009/0.532 pstd=0.463 capv=0.000 gen=0.3s train=0.9s
[t=  50.0s] greedy ep 39 games=  96 dec= 17350 cap=0.29 cfgs= 25.2 L=0.07222 tgt=+0.014/0.500 pstd=0.480 capv=0.000 gen=0.1s train=0.9s
[t=  51.5s] greedy ep 40 games=  96 dec= 16594 cap=0.24 cfgs= 26.4 L=0.06938 tgt=+0.006/0.496 pstd=0.455 capv=0.000 gen=0.1s train=0.8s
[t=  53.2s] greedy ep 41 games=  96 dec= 17185 cap=0.29 cfgs= 25.2 L=0.07026 tgt=-0.003/0.500 pstd=0.467 capv=0.000 gen=0.3s train=0.9s
[t=  55.0s] greedy ep 42 games=  96 dec= 19091 cap=0.45 cfgs= 22.7 L=0.07279 tgt=-0.006/0.451 pstd=0.478 capv=0.000 gen=0.1s train=1.0s
[t=  56.8s] greedy ep 43 games=  96 dec= 16718 cap=0.28 cfgs= 23.9 L=0.07172 tgt=-0.008/0.515 pstd=0.478 capv=0.000 gen=0.3s train=0.9s
[t=  58.3s] greedy ep 44 games=  96 dec= 16386 cap=0.21 cfgs= 25.6 L=0.07323 tgt=+0.003/0.525 pstd=0.469 capv=0.000 gen=0.1s train=0.9s
[t=  60.1s] greedy ep 45 games=  96 dec= 17749 cap=0.35 cfgs= 24.9 L=0.07292 tgt=+0.003/0.491 pstd=0.454 capv=0.000 gen=0.1s train=1.0s
[t=  61.9s] greedy ep 46 games=  96 dec= 17746 cap=0.30 cfgs= 23.9 L=0.07340 tgt=+0.004/0.494 pstd=0.441 capv=0.000 gen=0.2s train=1.0s
[t=  63.5s] greedy ep 47 games=  96 dec= 17606 cap=0.33 cfgs= 24.3 L=0.07352 tgt=+0.017/0.465 pstd=0.434 capv=0.000 gen=0.1s train=0.9s
[t=  65.1s] greedy ep 48 games=  96 dec= 17550 cap=0.31 cfgs= 25.5 L=0.07369 tgt=-0.000/0.500 pstd=0.420 capv=0.000 gen=0.1s train=0.9s
[t=  67.0s] greedy ep 49 games=  96 dec= 17250 cap=0.32 cfgs= 23.5 L=0.07588 tgt=+0.008/0.487 pstd=0.426 capv=0.000 gen=0.1s train=1.2s
[t=  68.7s] greedy ep 50 games=  96 dec= 17832 cap=0.32 cfgs= 23.7 L=0.07402 tgt=+0.017/0.486 pstd=0.414 capv=0.000 gen=0.1s train=0.9s
[t=  70.5s] greedy ep 51 games=  96 dec= 17923 cap=0.38 cfgs= 22.9 L=0.07565 tgt=+0.012/0.464 pstd=0.420 capv=0.000 gen=0.1s train=1.0s
[t=  72.2s] greedy ep 52 games=  96 dec= 17105 cap=0.30 cfgs= 23.7 L=0.07518 tgt=-0.009/0.489 pstd=0.418 capv=0.000 gen=0.1s train=1.0s
[t=  73.8s] greedy ep 53 games=  96 dec= 17117 cap=0.27 cfgs= 25.4 L=0.07471 tgt=+0.003/0.491 pstd=0.410 capv=0.000 gen=0.1s train=0.9s
[t=  75.5s] greedy ep 54 games=  96 dec= 17527 cap=0.30 cfgs= 25.8 L=0.07740 tgt=+0.003/0.515 pstd=0.433 capv=0.000 gen=0.1s train=1.0s
[t=  77.2s] greedy ep 55 games=  96 dec= 18462 cap=0.38 cfgs= 20.9 L=0.07612 tgt=+0.008/0.483 pstd=0.430 capv=0.000 gen=0.1s train=1.0s
[t=  78.8s] greedy ep 56 games=  96 dec= 16363 cap=0.24 cfgs= 25.6 L=0.07639 tgt=-0.003/0.525 pstd=0.412 capv=0.000 gen=0.1s train=0.9s
[t=  80.5s] greedy ep 57 games=  96 dec= 17612 cap=0.27 cfgs= 24.4 L=0.07673 tgt=+0.023/0.481 pstd=0.388 capv=0.000 gen=0.2s train=1.0s
[t=  82.4s] greedy ep 58 games=  96 dec= 17001 cap=0.28 cfgs= 25.3 L=0.07881 tgt=+0.014/0.494 pstd=0.428 capv=0.000 gen=0.1s train=1.1s
[t=  84.4s] greedy ep 59 games=  96 dec= 16968 cap=0.30 cfgs= 24.4 L=0.07763 tgt=+0.014/0.485 pstd=0.425 capv=0.000 gen=0.1s train=1.2s
[t=  86.3s] greedy ep 60 games=  96 dec= 16654 cap=0.27 cfgs= 25.3 L=0.07682 tgt=+0.004/0.516 pstd=0.404 capv=0.000 gen=0.1s train=1.1s
[t=  88.3s] greedy ep 61 games=  96 dec= 17045 cap=0.27 cfgs= 24.9 L=0.07828 tgt=+0.016/0.508 pstd=0.408 capv=0.000 gen=0.2s train=1.1s
[t=  90.1s] greedy ep 62 games=  96 dec= 16734 cap=0.26 cfgs= 24.1 L=0.07838 tgt=+0.004/0.507 pstd=0.381 capv=0.000 gen=0.1s train=1.1s
[t=  90.1s] --- initial checkpoint saved, switching to ReBeL ---
[t=  96.7s] rebel  ep 63 games=  48 dec=  8306 cap=0.17 cfgs= 24.1 L=0.01398 tgt=+0.004/0.375 pstd=0.359 capv=0.000 gen=6.4s train=0.2s
[t= 102.1s] rebel  ep 64 games=  48 dec=  7458 cap=0.08 cfgs= 23.8 L=0.01099 tgt=+0.015/0.355 pstd=0.357 capv=0.000 gen=5.3s train=0.1s
[t= 107.5s] rebel  ep 65 games=  48 dec=  6814 cap=0.00 cfgs= 27.0 L=0.00911 tgt=+0.017/0.394 pstd=0.357 capv=0.000 gen=5.3s train=0.1s
[t= 112.9s] rebel  ep 66 games=  48 dec=  6817 cap=0.06 cfgs= 25.5 L=0.00879 tgt=+0.009/0.390 pstd=0.354 capv=0.000 gen=5.2s train=0.2s
[t= 118.2s] rebel  ep 67 games=  48 dec=  6770 cap=0.06 cfgs= 25.7 L=0.00843 tgt=-0.004/0.372 pstd=0.357 capv=0.000 gen=5.1s train=0.1s
[t= 123.7s] rebel  ep 68 games=  48 dec=  6719 cap=0.06 cfgs= 24.1 L=0.00819 tgt=+0.013/0.383 pstd=0.357 capv=0.000 gen=5.2s train=0.3s
[t= 129.8s] rebel  ep 69 games=  48 dec=  6316 cap=0.02 cfgs= 25.2 L=0.00819 tgt=-0.008/0.358 pstd=0.360 capv=0.000 gen=5.9s train=0.2s
[t= 136.1s] rebel  ep 70 games=  48 dec=  6091 cap=0.08 cfgs= 28.3 L=0.00784 tgt=+0.010/0.378 pstd=0.355 capv=0.000 gen=6.0s train=0.2s
[t= 142.2s] rebel  ep 71 games=  48 dec=  6225 cap=0.04 cfgs= 27.0 L=0.00738 tgt=+0.002/0.373 pstd=0.358 capv=0.000 gen=6.0s train=0.2s
[t= 147.6s] rebel  ep 72 games=  48 dec=  6011 cap=0.04 cfgs= 24.4 L=0.00747 tgt=-0.005/0.390 pstd=0.357 capv=0.000 gen=5.2s train=0.1s
[t= 152.8s] rebel  ep 73 games=  48 dec=  6633 cap=0.04 cfgs= 24.0 L=0.00734 tgt=+0.012/0.393 pstd=0.363 capv=0.000 gen=5.1s train=0.1s
[t= 157.5s] rebel  ep 74 games=  48 dec=  5890 cap=0.02 cfgs= 27.5 L=0.00710 tgt=-0.005/0.382 pstd=0.358 capv=0.000 gen=4.6s train=0.1s
[t= 162.6s] rebel  ep 75 games=  48 dec=  6216 cap=0.02 cfgs= 26.2 L=0.00714 tgt=+0.006/0.391 pstd=0.356 capv=0.000 gen=4.9s train=0.1s
[t= 167.5s] rebel  ep 76 games=  48 dec=  5930 cap=0.02 cfgs= 25.5 L=0.00725 tgt=+0.000/0.351 pstd=0.358 capv=0.000 gen=4.8s train=0.1s
[t= 172.5s] rebel  ep 77 games=  48 dec=  6374 cap=0.04 cfgs= 26.2 L=0.00715 tgt=+0.008/0.350 pstd=0.353 capv=0.000 gen=4.8s train=0.1s
[t= 177.9s] rebel  ep 78 games=  48 dec=  6311 cap=0.04 cfgs= 28.0 L=0.00705 tgt=-0.009/0.334 pstd=0.353 capv=0.000 gen=5.3s train=0.1s
[t= 182.5s] rebel  ep 79 games=  48 dec=  6212 cap=0.06 cfgs= 25.6 L=0.00719 tgt=+0.020/0.367 pstd=0.354 capv=0.000 gen=4.4s train=0.1s
[t= 186.6s] rebel  ep 80 games=  48 dec=  6338 cap=0.04 cfgs= 23.7 L=0.00702 tgt=+0.002/0.387 pstd=0.351 capv=0.000 gen=4.1s train=0.1s
[t= 190.8s] rebel  ep 81 games=  48 dec=  5802 cap=0.02 cfgs= 26.7 L=0.00684 tgt=+0.002/0.353 pstd=0.356 capv=0.000 gen=4.1s train=0.1s
[t= 195.1s] rebel  ep 82 games=  48 dec=  5424 cap=0.00 cfgs= 27.7 L=0.00707 tgt=-0.011/0.371 pstd=0.353 capv=0.000 gen=4.1s train=0.1s
[t= 199.7s] rebel  ep 83 games=  48 dec=  5724 cap=0.00 cfgs= 26.2 L=0.00681 tgt=-0.008/0.344 pstd=0.356 capv=0.000 gen=4.4s train=0.1s
[t= 204.5s] rebel  ep 84 games=  48 dec=  5776 cap=0.04 cfgs= 27.2 L=0.00695 tgt=+0.001/0.358 pstd=0.352 capv=0.000 gen=4.6s train=0.1s
[t= 209.4s] rebel  ep 85 games=  48 dec=  6374 cap=0.02 cfgs= 23.4 L=0.00681 tgt=+0.001/0.361 pstd=0.356 capv=0.000 gen=4.8s train=0.1s
[t= 213.8s] rebel  ep 86 games=  48 dec=  5198 cap=0.00 cfgs= 24.9 L=0.00709 tgt=-0.002/0.363 pstd=0.354 capv=0.000 gen=4.3s train=0.1s
[t= 218.1s] rebel  ep 87 games=  48 dec=  5604 cap=0.02 cfgs= 26.1 L=0.00695 tgt=-0.001/0.388 pstd=0.353 capv=0.000 gen=4.1s train=0.1s
[t= 222.5s] rebel  ep 88 games=  48 dec=  6169 cap=0.02 cfgs= 25.4 L=0.00713 tgt=-0.002/0.368 pstd=0.352 capv=0.000 gen=4.3s train=0.1s
[t= 227.2s] rebel  ep 89 games=  48 dec=  5731 cap=0.00 cfgs= 26.9 L=0.00713 tgt=-0.008/0.358 pstd=0.354 capv=0.000 gen=4.4s train=0.1s
[t= 232.2s] rebel  ep 90 games=  48 dec=  6454 cap=0.02 cfgs= 22.9 L=0.00679 tgt=-0.003/0.364 pstd=0.351 capv=0.000 gen=4.8s train=0.1s
[t= 236.7s] rebel  ep 91 games=  48 dec=  5410 cap=0.00 cfgs= 23.8 L=0.00676 tgt=-0.001/0.370 pstd=0.351 capv=0.000 gen=4.4s train=0.1s
[t= 241.6s] rebel  ep 92 games=  48 dec=  5676 cap=0.02 cfgs= 28.1 L=0.00711 tgt=+0.007/0.386 pstd=0.351 capv=0.000 gen=4.7s train=0.1s
[t= 247.0s] rebel  ep 93 games=  48 dec=  5886 cap=0.04 cfgs= 24.4 L=0.00677 tgt=+0.009/0.356 pstd=0.352 capv=0.000 gen=5.2s train=0.2s
[t= 252.3s] rebel  ep 94 games=  48 dec=  5864 cap=0.04 cfgs= 22.6 L=0.00723 tgt=-0.010/0.334 pstd=0.355 capv=0.000 gen=5.1s train=0.1s
[t= 256.6s] rebel  ep 95 games=  48 dec=  5587 cap=0.02 cfgs= 24.8 L=0.00722 tgt=-0.002/0.366 pstd=0.360 capv=0.000 gen=4.2s train=0.1s
[t= 261.3s] rebel  ep 96 games=  48 dec=  5882 cap=0.00 cfgs= 26.1 L=0.00711 tgt=-0.004/0.370 pstd=0.356 capv=0.000 gen=4.6s train=0.1s
[t= 265.8s] rebel  ep 97 games=  48 dec=  5288 cap=0.02 cfgs= 25.9 L=0.00697 tgt=+0.002/0.378 pstd=0.353 capv=0.000 gen=4.3s train=0.1s
[t= 270.7s] rebel  ep 98 games=  48 dec=  6272 cap=0.02 cfgs= 25.2 L=0.00675 tgt=+0.003/0.368 pstd=0.350 capv=0.000 gen=4.7s train=0.1s
[t= 275.2s] rebel  ep 99 games=  48 dec=  5951 cap=0.00 cfgs= 23.2 L=0.00689 tgt=+0.002/0.380 pstd=0.352 capv=0.000 gen=4.3s train=0.1s
[t= 279.6s] rebel  ep100 games=  48 dec=  5801 cap=0.02 cfgs= 24.6 L=0.00666 tgt=+0.002/0.355 pstd=0.348 capv=0.000 gen=4.3s train=0.1s
[t= 283.9s] rebel  ep101 games=  48 dec=  6180 cap=0.06 cfgs= 22.9 L=0.00699 tgt=+0.010/0.372 pstd=0.352 capv=0.000 gen=4.1s train=0.1s
[t= 288.0s] rebel  ep102 games=  48 dec=  5886 cap=0.00 cfgs= 22.5 L=0.00707 tgt=+0.009/0.401 pstd=0.355 capv=0.000 gen=4.0s train=0.1s
[t= 292.3s] rebel  ep103 games=  48 dec=  5647 cap=0.00 cfgs= 24.0 L=0.00680 tgt=+0.001/0.387 pstd=0.351 capv=0.000 gen=4.1s train=0.1s
[t= 296.6s] rebel  ep104 games=  48 dec=  5868 cap=0.04 cfgs= 24.9 L=0.00671 tgt=-0.011/0.377 pstd=0.350 capv=0.000 gen=4.1s train=0.1s
[t= 301.2s] rebel  ep105 games=  48 dec=  5980 cap=0.04 cfgs= 23.7 L=0.00675 tgt=-0.001/0.372 pstd=0.355 capv=0.000 gen=4.4s train=0.1s
[t= 305.5s] rebel  ep106 games=  48 dec=  5586 cap=0.02 cfgs= 24.9 L=0.00661 tgt=+0.001/0.374 pstd=0.349 capv=0.000 gen=4.2s train=0.1s
[t= 309.6s] rebel  ep107 games=  48 dec=  5331 cap=0.00 cfgs= 25.1 L=0.00680 tgt=-0.005/0.362 pstd=0.356 capv=0.000 gen=4.0s train=0.1s
[t= 314.0s] rebel  ep108 games=  48 dec=  5603 cap=0.02 cfgs= 24.8 L=0.00671 tgt=-0.008/0.350 pstd=0.352 capv=0.000 gen=4.3s train=0.1s
[t= 318.0s] rebel  ep109 games=  48 dec=  5632 cap=0.02 cfgs= 22.5 L=0.00690 tgt=+0.008/0.387 pstd=0.352 capv=0.000 gen=3.8s train=0.1s
[t= 322.6s] rebel  ep110 games=  48 dec=  5679 cap=0.00 cfgs= 26.5 L=0.00695 tgt=-0.018/0.359 pstd=0.358 capv=0.000 gen=4.4s train=0.1s
[t= 326.9s] rebel  ep111 games=  48 dec=  5788 cap=0.02 cfgs= 24.0 L=0.00655 tgt=+0.001/0.385 pstd=0.355 capv=0.000 gen=4.1s train=0.1s
[t= 331.4s] rebel  ep112 games=  48 dec=  5743 cap=0.02 cfgs= 24.0 L=0.00642 tgt=-0.010/0.388 pstd=0.350 capv=0.000 gen=4.3s train=0.1s
[t= 335.7s] rebel  ep113 games=  48 dec=  5896 cap=0.02 cfgs= 22.6 L=0.00699 tgt=-0.001/0.367 pstd=0.350 capv=0.000 gen=4.1s train=0.1s
[t= 340.2s] rebel  ep114 games=  48 dec=  6118 cap=0.02 cfgs= 25.0 L=0.00685 tgt=-0.002/0.364 pstd=0.355 capv=0.000 gen=4.3s train=0.1s
[t= 344.7s] rebel  ep115 games=  48 dec=  5518 cap=0.02 cfgs= 26.2 L=0.00686 tgt=-0.006/0.362 pstd=0.354 capv=0.000 gen=4.4s train=0.1s
[t= 349.0s] rebel  ep116 games=  48 dec=  5867 cap=0.04 cfgs= 22.9 L=0.00685 tgt=+0.002/0.381 pstd=0.350 capv=0.000 gen=4.2s train=0.1s
[t= 353.3s] rebel  ep117 games=  48 dec=  5337 cap=0.04 cfgs= 24.8 L=0.00638 tgt=-0.009/0.365 pstd=0.349 capv=0.000 gen=4.2s train=0.1s
[t= 358.0s] rebel  ep118 games=  48 dec=  5916 cap=0.04 cfgs= 25.7 L=0.00691 tgt=-0.004/0.389 pstd=0.355 capv=0.000 gen=4.5s train=0.1s
[t= 362.6s] rebel  ep119 games=  48 dec=  5593 cap=0.02 cfgs= 24.8 L=0.00714 tgt=-0.002/0.383 pstd=0.353 capv=0.000 gen=4.4s train=0.1s
[t= 366.7s] rebel  ep120 games=  48 dec=  6078 cap=0.06 cfgs= 21.0 L=0.00684 tgt=-0.001/0.390 pstd=0.354 capv=0.000 gen=3.9s train=0.1s
[t= 371.0s] rebel  ep121 games=  48 dec=  5813 cap=0.02 cfgs= 23.0 L=0.00683 tgt=-0.009/0.353 pstd=0.349 capv=0.000 gen=4.2s train=0.1s
[t= 375.4s] rebel  ep122 games=  48 dec=  5338 cap=0.00 cfgs= 25.9 L=0.00663 tgt=-0.007/0.404 pstd=0.349 capv=0.000 gen=4.2s train=0.1s
[t= 379.9s] rebel  ep123 games=  48 dec=  5668 cap=0.04 cfgs= 24.1 L=0.00661 tgt=+0.000/0.374 pstd=0.354 capv=0.000 gen=4.3s train=0.1s
[t= 384.0s] rebel  ep124 games=  48 dec=  5196 cap=0.00 cfgs= 24.1 L=0.00641 tgt=+0.011/0.366 pstd=0.350 capv=0.000 gen=4.0s train=0.1s
[t= 388.3s] rebel  ep125 games=  48 dec=  5805 cap=0.00 cfgs= 22.9 L=0.00660 tgt=-0.008/0.367 pstd=0.354 capv=0.000 gen=4.1s train=0.1s
[t= 392.5s] rebel  ep126 games=  48 dec=  5721 cap=0.04 cfgs= 23.7 L=0.00674 tgt=-0.002/0.382 pstd=0.361 capv=0.000 gen=4.0s train=0.1s
[t= 396.4s] rebel  ep127 games=  48 dec=  4953 cap=0.00 cfgs= 27.1 L=0.00690 tgt=+0.004/0.374 pstd=0.353 capv=0.000 gen=3.8s train=0.1s
[t= 401.3s] rebel  ep128 games=  48 dec=  6096 cap=0.00 cfgs= 25.7 L=0.00680 tgt=-0.005/0.368 pstd=0.346 capv=0.000 gen=4.7s train=0.1s
[t= 406.1s] rebel  ep129 games=  48 dec=  5833 cap=0.00 cfgs= 25.2 L=0.00656 tgt=+0.006/0.373 pstd=0.349 capv=0.000 gen=4.5s train=0.1s
[t= 410.9s] rebel  ep130 games=  48 dec=  6053 cap=0.04 cfgs= 25.1 L=0.00716 tgt=-0.001/0.364 pstd=0.354 capv=0.000 gen=4.6s train=0.1s
[t= 415.2s] rebel  ep131 games=  48 dec=  5395 cap=0.00 cfgs= 24.5 L=0.00685 tgt=-0.006/0.352 pstd=0.356 capv=0.000 gen=4.1s train=0.1s
[t= 419.5s] rebel  ep132 games=  48 dec=  5606 cap=0.00 cfgs= 23.8 L=0.00678 tgt=+0.005/0.373 pstd=0.357 capv=0.000 gen=4.2s train=0.1s
[t= 423.9s] rebel  ep133 games=  48 dec=  5901 cap=0.04 cfgs= 22.9 L=0.00666 tgt=-0.002/0.385 pstd=0.355 capv=0.000 gen=4.2s train=0.1s
[t= 428.3s] rebel  ep134 games=  48 dec=  5851 cap=0.02 cfgs= 24.7 L=0.00665 tgt=-0.009/0.360 pstd=0.356 capv=0.000 gen=4.2s train=0.1s
[t= 432.4s] rebel  ep135 games=  48 dec=  5599 cap=0.02 cfgs= 24.0 L=0.00675 tgt=+0.006/0.400 pstd=0.350 capv=0.000 gen=3.9s train=0.1s
[t= 436.6s] rebel  ep136 games=  48 dec=  5008 cap=0.02 cfgs= 24.9 L=0.00692 tgt=+0.006/0.337 pstd=0.352 capv=0.000 gen=4.0s train=0.1s
[t= 441.1s] rebel  ep137 games=  48 dec=  5949 cap=0.04 cfgs= 23.0 L=0.00707 tgt=-0.016/0.398 pstd=0.350 capv=0.000 gen=4.2s train=0.1s
[t= 445.4s] rebel  ep138 games=  48 dec=  5362 cap=0.00 cfgs= 24.1 L=0.00652 tgt=+0.007/0.388 pstd=0.353 capv=0.000 gen=4.1s train=0.1s
[t= 449.7s] rebel  ep139 games=  48 dec=  5477 cap=0.02 cfgs= 25.7 L=0.00629 tgt=-0.004/0.401 pstd=0.350 capv=0.000 gen=4.1s train=0.1s
[t= 454.2s] rebel  ep140 games=  48 dec=  5757 cap=0.02 cfgs= 24.7 L=0.00659 tgt=+0.008/0.379 pstd=0.351 capv=0.000 gen=4.3s train=0.1s
[t= 458.6s] rebel  ep141 games=  48 dec=  5708 cap=0.02 cfgs= 26.1 L=0.00656 tgt=+0.005/0.378 pstd=0.349 capv=0.000 gen=4.2s train=0.1s
[t= 463.3s] rebel  ep142 games=  48 dec=  5346 cap=0.00 cfgs= 25.8 L=0.00687 tgt=+0.010/0.367 pstd=0.354 capv=0.000 gen=4.4s train=0.1s
[t= 467.7s] rebel  ep143 games=  48 dec=  5213 cap=0.00 cfgs= 27.2 L=0.00671 tgt=-0.005/0.371 pstd=0.351 capv=0.000 gen=4.3s train=0.1s
[t= 472.5s] rebel  ep144 games=  48 dec=  5715 cap=0.02 cfgs= 24.3 L=0.00695 tgt=-0.005/0.332 pstd=0.348 capv=0.000 gen=4.5s train=0.1s
[t= 477.0s] rebel  ep145 games=  48 dec=  5832 cap=0.02 cfgs= 23.6 L=0.00681 tgt=-0.004/0.423 pstd=0.352 capv=0.000 gen=4.3s train=0.1s
[t= 481.6s] rebel  ep146 games=  48 dec=  5667 cap=0.02 cfgs= 22.9 L=0.00656 tgt=-0.001/0.373 pstd=0.350 capv=0.000 gen=4.4s train=0.1s
[t= 486.0s] rebel  ep147 games=  48 dec=  5810 cap=0.04 cfgs= 23.0 L=0.00689 tgt=+0.004/0.360 pstd=0.354 capv=0.000 gen=4.2s train=0.1s
[t= 490.5s] rebel  ep148 games=  48 dec=  5508 cap=0.02 cfgs= 25.3 L=0.00664 tgt=-0.008/0.384 pstd=0.352 capv=0.000 gen=4.3s train=0.1s
[t= 494.5s] rebel  ep149 games=  48 dec=  5269 cap=0.00 cfgs= 23.5 L=0.00636 tgt=-0.007/0.382 pstd=0.355 capv=0.000 gen=3.9s train=0.1s
[t= 499.0s] rebel  ep150 games=  48 dec=  5519 cap=0.04 cfgs= 25.4 L=0.00665 tgt=-0.014/0.386 pstd=0.352 capv=0.000 gen=4.2s train=0.1s
[t= 503.4s] rebel  ep151 games=  48 dec=  5058 cap=0.00 cfgs= 26.8 L=0.00633 tgt=-0.012/0.376 pstd=0.353 capv=0.000 gen=4.2s train=0.1s
[t= 507.6s] rebel  ep152 games=  48 dec=  5634 cap=0.02 cfgs= 23.0 L=0.00653 tgt=-0.003/0.370 pstd=0.352 capv=0.000 gen=4.0s train=0.1s
[t= 511.7s] rebel  ep153 games=  48 dec=  5534 cap=0.02 cfgs= 22.8 L=0.00677 tgt=-0.005/0.382 pstd=0.347 capv=0.000 gen=3.9s train=0.1s
[t= 516.2s] rebel  ep154 games=  48 dec=  5415 cap=0.02 cfgs= 25.6 L=0.00660 tgt=-0.001/0.394 pstd=0.352 capv=0.000 gen=4.2s train=0.1s
[t= 520.5s] rebel  ep155 games=  48 dec=  5347 cap=0.00 cfgs= 25.8 L=0.00666 tgt=-0.008/0.382 pstd=0.355 capv=0.000 gen=4.2s train=0.1s
[t= 525.2s] rebel  ep156 games=  48 dec=  5514 cap=0.00 cfgs= 24.3 L=0.00667 tgt=-0.009/0.397 pstd=0.350 capv=0.000 gen=4.4s train=0.1s
[t= 529.6s] rebel  ep157 games=  48 dec=  5524 cap=0.04 cfgs= 23.6 L=0.00675 tgt=-0.003/0.366 pstd=0.353 capv=0.000 gen=4.1s train=0.1s
[t= 534.0s] rebel  ep158 games=  48 dec=  5772 cap=0.04 cfgs= 23.2 L=0.00660 tgt=-0.003/0.382 pstd=0.348 capv=0.000 gen=4.2s train=0.1s
[t= 538.4s] rebel  ep159 games=  48 dec=  5600 cap=0.04 cfgs= 21.6 L=0.00655 tgt=-0.005/0.345 pstd=0.351 capv=0.000 gen=4.1s train=0.1s
[t= 542.6s] rebel  ep160 games=  48 dec=  5451 cap=0.06 cfgs= 22.6 L=0.00653 tgt=-0.004/0.381 pstd=0.350 capv=0.000 gen=4.0s train=0.1s
[t= 546.8s] rebel  ep161 games=  48 dec=  5240 cap=0.00 cfgs= 24.3 L=0.00655 tgt=+0.000/0.401 pstd=0.342 capv=0.000 gen=4.0s train=0.1s
[t= 551.2s] rebel  ep162 games=  48 dec=  5196 cap=0.00 cfgs= 25.4 L=0.00658 tgt=+0.002/0.372 pstd=0.344 capv=0.000 gen=4.1s train=0.1s
[t= 555.6s] rebel  ep163 games=  48 dec=  5538 cap=0.00 cfgs= 24.8 L=0.00645 tgt=-0.000/0.369 pstd=0.348 capv=0.000 gen=4.2s train=0.1s
[t= 560.5s] rebel  ep164 games=  48 dec=  5437 cap=0.02 cfgs= 26.3 L=0.00671 tgt=-0.015/0.349 pstd=0.348 capv=0.000 gen=4.7s train=0.1s
[t= 564.9s] rebel  ep165 games=  48 dec=  5061 cap=0.00 cfgs= 25.9 L=0.00693 tgt=-0.006/0.365 pstd=0.346 capv=0.000 gen=4.2s train=0.1s
[t= 569.5s] rebel  ep166 games=  48 dec=  5635 cap=0.02 cfgs= 23.9 L=0.00653 tgt=+0.002/0.367 pstd=0.346 capv=0.000 gen=4.4s train=0.1s
[t= 574.2s] rebel  ep167 games=  48 dec=  5477 cap=0.00 cfgs= 23.7 L=0.00661 tgt=-0.019/0.371 pstd=0.349 capv=0.000 gen=4.4s train=0.1s
[t= 578.6s] rebel  ep168 games=  48 dec=  5696 cap=0.02 cfgs= 22.5 L=0.00646 tgt=+0.007/0.361 pstd=0.348 capv=0.000 gen=4.1s train=0.1s
[t= 582.6s] rebel  ep169 games=  48 dec=  4913 cap=0.00 cfgs= 26.5 L=0.00645 tgt=-0.011/0.373 pstd=0.345 capv=0.000 gen=3.8s train=0.1s
[t= 586.9s] rebel  ep170 games=  48 dec=  5366 cap=0.02 cfgs= 22.5 L=0.00652 tgt=-0.008/0.377 pstd=0.344 capv=0.000 gen=4.0s train=0.1s
[t= 591.1s] rebel  ep171 games=  48 dec=  5416 cap=0.00 cfgs= 22.2 L=0.00670 tgt=-0.002/0.366 pstd=0.347 capv=0.000 gen=4.0s train=0.1s
[t= 595.8s] rebel  ep172 games=  48 dec=  5548 cap=0.02 cfgs= 23.2 L=0.00654 tgt=-0.008/0.365 pstd=0.340 capv=0.000 gen=4.4s train=0.1s
[t= 600.1s] rebel  ep173 games=  48 dec=  5429 cap=0.02 cfgs= 23.3 L=0.00667 tgt=-0.014/0.376 pstd=0.343 capv=0.000 gen=4.0s train=0.1s

=== evaluation on the real game (horizon payoff 0; training ended at 0.000) ===
final checkpoint vs Greedy             W 200 L   0 D   0   score 1.000 +- 0.000
final checkpoint vs initial checkpoint W 191 L   7 D   2   score 0.960 +- 0.028

GOAL: the run produced a checkpoint better than the initial one that also beats Greedy -> PASS
      (ReBeL self-play must carry the warm-started network past its own start; final_vs_init is the headline)
