[cfg] PUBFEAT=957 CFEAT=16 hidden=384 dg=64 rank=64 depth=2 iters=32 budget=3900s warm=300s device=cpu draft=starter snapshot_every=20.0min train_gen_ratio=4.0 recent_mix=0.5/0.2 augment=True cap=2000000
[t=  11.7s] greedy ep  0 games=  96 dec= 16953 rows= 16953 cap=0.26 cfgs= 24.8 L=0.10454 P=nan old=0.07707 new=0.00949 tgt=-0.033/0.508 pstd=0.417 capv=0.040 lr=1.0e-03 gen=0.2s train=11.1s
[t=  24.1s] greedy ep  1 games=  96 dec= 16990 rows= 16990 cap=0.26 cfgs= 26.5 L=0.06237 P=nan old=0.05102 new=0.01495 tgt=-0.029/0.506 pstd=0.438 capv=0.040 lr=1.0e-03 gen=0.2s train=11.9s
[t=  36.0s] greedy ep  2 games=  96 dec= 16923 rows= 16923 cap=0.28 cfgs= 24.9 L=0.05493 P=nan old=0.04653 new=0.01898 tgt=-0.056/0.526 pstd=0.465 capv=0.040 lr=1.0e-03 gen=0.2s train=11.5s
[t=  48.0s] greedy ep  3 games=  96 dec= 16461 rows= 16461 cap=0.21 cfgs= 26.7 L=0.05343 P=nan old=0.04853 new=0.02926 tgt=-0.017/0.509 pstd=0.524 capv=0.040 lr=1.0e-03 gen=0.2s train=11.4s
[t=  60.2s] greedy ep  4 games=  96 dec= 16842 rows= 16842 cap=0.24 cfgs= 25.0 L=0.05476 P=nan old=0.04386 new=0.02070 tgt=-0.025/0.512 pstd=0.462 capv=0.040 lr=1.0e-03 gen=0.2s train=11.8s
[t=  72.1s] greedy ep  5 games=  96 dec= 16359 rows= 16359 cap=0.22 cfgs= 25.5 L=0.05660 P=nan old=0.04142 new=0.02409 tgt=-0.016/0.505 pstd=0.465 capv=0.040 lr=1.0e-03 gen=0.2s train=11.3s
[t=  84.8s] greedy ep  6 games=  96 dec= 17975 rows= 17975 cap=0.33 cfgs= 24.4 L=0.04812 P=nan old=0.04002 new=0.02489 tgt=-0.005/0.481 pstd=0.495 capv=0.040 lr=1.0e-03 gen=0.2s train=12.3s
[t=  97.3s] greedy ep  7 games=  96 dec= 17918 rows= 17918 cap=0.31 cfgs= 24.0 L=0.04378 P=nan old=0.03936 new=0.02047 tgt=-0.007/0.471 pstd=0.455 capv=0.040 lr=1.0e-03 gen=0.2s train=12.0s
[t= 109.9s] greedy ep  8 games=  96 dec= 18086 rows= 18086 cap=0.38 cfgs= 24.8 L=0.04491 P=nan old=0.04305 new=0.02311 tgt=-0.038/0.471 pstd=0.453 capv=0.040 lr=1.0e-03 gen=0.2s train=12.2s
[t= 121.6s] greedy ep  9 games=  96 dec= 16757 rows= 16757 cap=0.25 cfgs= 25.6 L=0.05191 P=nan old=0.04298 new=0.02579 tgt=-0.064/0.517 pstd=0.450 capv=0.040 lr=1.0e-03 gen=0.2s train=11.2s
[t= 134.1s] greedy ep 10 games=  96 dec= 17254 rows= 17254 cap=0.28 cfgs= 26.6 L=0.05008 P=nan old=0.04475 new=0.03483 tgt=+0.003/0.492 pstd=0.490 capv=0.040 lr=1.0e-03 gen=0.2s train=11.9s
[t= 146.4s] greedy ep 11 games=  96 dec= 17520 rows= 17520 cap=0.33 cfgs= 22.1 L=0.04992 P=nan old=0.04869 new=0.02665 tgt=-0.045/0.498 pstd=0.461 capv=0.040 lr=1.0e-03 gen=0.1s train=11.9s
[t= 158.2s] greedy ep 12 games=  96 dec= 17312 rows= 17312 cap=0.30 cfgs= 23.8 L=0.04864 P=nan old=0.05180 new=0.03727 tgt=-0.028/0.485 pstd=0.465 capv=0.040 lr=1.0e-03 gen=0.2s train=11.3s
[t= 170.3s] greedy ep 13 games=  96 dec= 17806 rows= 17806 cap=0.34 cfgs= 24.4 L=0.05074 P=nan old=0.05121 new=0.04105 tgt=-0.008/0.462 pstd=0.473 capv=0.040 lr=1.0e-03 gen=0.2s train=11.7s
[t= 182.4s] greedy ep 14 games=  96 dec= 17140 rows= 17140 cap=0.31 cfgs= 26.0 L=0.05009 P=nan old=0.04893 new=0.03237 tgt=-0.048/0.488 pstd=0.444 capv=0.040 lr=1.0e-03 gen=0.2s train=11.6s
[t= 195.6s] greedy ep 15 games=  96 dec= 18060 rows= 18060 cap=0.34 cfgs= 24.6 L=0.05184 P=nan old=0.04633 new=0.03741 tgt=-0.039/0.481 pstd=0.423 capv=0.040 lr=1.0e-03 gen=0.2s train=12.7s
[t= 207.9s] greedy ep 16 games=  96 dec= 17238 rows= 17238 cap=0.31 cfgs= 23.6 L=0.04950 P=nan old=0.05375 new=0.03998 tgt=-0.006/0.461 pstd=0.437 capv=0.040 lr=1.0e-03 gen=0.2s train=11.8s
[t= 220.8s] greedy ep 17 games=  96 dec= 18022 rows= 18022 cap=0.33 cfgs= 22.8 L=0.05163 P=nan old=0.04903 new=0.04061 tgt=-0.014/0.477 pstd=0.425 capv=0.040 lr=1.0e-03 gen=0.2s train=12.5s
[t= 233.7s] greedy ep 18 games=  96 dec= 17691 rows= 17691 cap=0.35 cfgs= 23.8 L=0.05068 P=nan old=0.05098 new=0.03439 tgt=-0.004/0.451 pstd=0.412 capv=0.040 lr=1.0e-03 gen=0.2s train=12.4s
[t= 246.2s] greedy ep 19 games=  96 dec= 17775 rows= 17775 cap=0.35 cfgs= 23.1 L=0.05133 P=nan old=0.05407 new=0.03678 tgt=-0.050/0.477 pstd=0.431 capv=0.040 lr=1.0e-03 gen=0.2s train=12.0s
[t= 258.8s] greedy ep 20 games=  96 dec= 17507 rows= 17507 cap=0.28 cfgs= 24.7 L=0.05222 P=nan old=0.05071 new=0.04322 tgt=-0.002/0.480 pstd=0.428 capv=0.040 lr=1.0e-03 gen=0.2s train=12.1s
[t= 271.0s] greedy ep 21 games=  96 dec= 17419 rows= 17419 cap=0.28 cfgs= 22.7 L=0.05364 P=nan old=0.05314 new=0.04319 tgt=-0.032/0.509 pstd=0.389 capv=0.040 lr=1.0e-03 gen=0.2s train=11.7s
[t= 283.1s] greedy ep 22 games=  96 dec= 17078 rows= 17078 cap=0.27 cfgs= 25.1 L=0.05713 P=nan old=0.05577 new=0.04380 tgt=+0.007/0.466 pstd=0.439 capv=0.040 lr=1.0e-03 gen=0.2s train=11.6s
[t= 295.1s] greedy ep 23 games=  96 dec= 17254 rows= 17254 cap=0.31 cfgs= 25.3 L=0.05575 P=nan old=0.05776 new=0.04658 tgt=-0.059/0.490 pstd=0.428 capv=0.040 lr=1.0e-03 gen=0.2s train=11.6s
[t= 307.1s] greedy ep 24 games=  96 dec= 17070 rows= 17070 cap=0.26 cfgs= 22.4 L=0.05742 P=nan old=0.06083 new=0.04513 tgt=+0.002/0.516 pstd=0.439 capv=0.040 lr=1.0e-03 gen=0.1s train=11.6s
[t= 307.1s] --- snapshot snap_00.pt (init) ---
[t= 307.1s] --- switching to ReBeL ---
[t= 361.4s] rebel  ep 25 games=  48 dec=  9183 rows= 31429 cap=0.27 cfgs= 25.7 L=0.01499 P=2.670 old=0.00920 new=0.00628 tgt=-0.041/0.396 pstd=0.371 capv=0.040 lr=1.0e-03 gen=50.3s train=3.7s
[t= 413.0s] rebel  ep 26 games=  48 dec=  8024 rows= 27390 cap=0.10 cfgs= 30.3 L=0.01034 P=2.697 old=0.00729 new=0.00438 tgt=-0.009/0.364 pstd=0.367 capv=0.038 lr=1.0e-03 gen=48.0s train=3.3s
[t= 461.5s] rebel  ep 27 games=  48 dec=  8499 rows= 29035 cap=0.10 cfgs= 26.1 L=0.00902 P=2.312 old=0.00652 new=0.00522 tgt=-0.011/0.331 pstd=0.351 capv=0.037 lr=1.0e-03 gen=45.2s train=3.0s
[t= 507.5s] rebel  ep 28 games=  48 dec=  7861 rows= 26697 cap=0.08 cfgs= 26.5 L=0.00776 P=2.866 old=0.00659 new=0.00416 tgt=-0.057/0.363 pstd=0.344 capv=0.036 lr=1.0e-03 gen=42.6s train=3.0s
[t= 554.8s] rebel  ep 29 games=  48 dec=  7371 rows= 25094 cap=0.04 cfgs= 25.3 L=0.00752 P=2.634 old=0.00661 new=0.00490 tgt=-0.025/0.345 pstd=0.340 capv=0.034 lr=1.0e-03 gen=44.1s train=2.9s
[t= 602.4s] rebel  ep 30 games=  48 dec=  7340 rows= 24919 cap=0.06 cfgs= 26.9 L=0.00695 P=2.468 old=0.00560 new=0.00539 tgt=-0.040/0.345 pstd=0.337 capv=0.033 lr=1.0e-03 gen=44.2s train=3.1s
[t= 646.5s] rebel  ep 31 games=  48 dec=  7226 rows= 24667 cap=0.10 cfgs= 24.1 L=0.00726 P=3.035 old=0.00628 new=0.00495 tgt=-0.063/0.343 pstd=0.342 capv=0.032 lr=1.0e-03 gen=41.0s train=2.7s
[t= 693.1s] rebel  ep 32 games=  48 dec=  7041 rows= 23939 cap=0.04 cfgs= 28.1 L=0.00727 P=2.703 old=0.00598 new=0.00444 tgt=-0.051/0.367 pstd=0.334 capv=0.030 lr=1.0e-03 gen=43.4s train=2.9s
[t= 735.1s] rebel  ep 33 games=  48 dec=  7305 rows= 24835 cap=0.04 cfgs= 27.0 L=0.00704 P=2.858 old=0.00555 new=0.00469 tgt=-0.051/0.341 pstd=0.336 capv=0.029 lr=1.0e-03 gen=39.2s train=2.6s
[t= 773.6s] rebel  ep 34 games=  48 dec=  6749 rows= 22945 cap=0.08 cfgs= 27.6 L=0.00653 P=2.835 old=0.00611 new=0.00491 tgt=-0.049/0.343 pstd=0.343 capv=0.028 lr=1.0e-03 gen=36.0s train=2.3s
[t= 812.7s] rebel  ep 35 games=  48 dec=  7112 rows= 24135 cap=0.02 cfgs= 25.8 L=0.00693 P=2.815 old=0.00536 new=0.00491 tgt=-0.064/0.391 pstd=0.342 capv=0.027 lr=1.0e-03 gen=36.4s train=2.4s
