[train] runs/v6_shared_3m_b at ea3238e+dirty seed=212 {'minutes': 3.0, 'warm_minutes': 0.0, 'init_weights': '/tmp/v6_shared_init.pt', 'snapshot_every': 15.0, 'depth': 2, 'iters': 64, 'cfr': 'dcfr', 'ladder_games': 0, 'gpu_drain_seconds': 5.0, 'seed': 212}
[cpu] pinned to 36 physical cores
[train] CUDA stream priority -1
[gpu] solve services up on [0, 1]
[cfg] PUBFEAT=897 CFEAT=15 architecture=v6 depth=2 iters=64 budget=180s warm=0s snapshot_every=15min device=cuda:1 draft=random train_gen_ratio=4.0 recent_mix=0.5/0.2 canonical_views=2 cap=2000000 aux_weight=0.15 matmul=high
[t=   0.0s] --- snapshot snap_00.pt (init) ---
[t=   0.0s] --- switching to ReBeL ---
Traceback (most recent call last):
  File "/workspace/warchest-engine/train/train.py", line 940, in <module>
    main()
  File "/workspace/warchest-engine/train/train.py", line 930, in main
    run_gpu_stream()
  File "/workspace/warchest-engine/train/train.py", line 756, in run_gpu_stream
    lv, train_stat = train_steps(
                     ^^^^^^^^^^^^
  File "/workspace/warchest-engine/train/train.py", line 343, in train_steps
    value, ce, acc = losses(net, *parts, stats=stat)
                     ^^^^^^^^^^^^^^^^^^^^^^^^^^^^^^^
  File "/workspace/warchest-engine/train/train.py", line 295, in losses
    ce = F.cross_entropy(flat, want)
         ^^^^^^^^^^^^^^^^^^^^^^^^^^^
  File "/venv/main/lib/python3.12/site-packages/torch/nn/functional.py", line 3507, in cross_entropy
    return torch._C._nn.cross_entropy_loss(
           ^^^^^^^^^^^^^^^^^^^^^^^^^^^^^^^^
ValueError: Expected input batch_size (10240) to match target batch_size (20480).
