[gpu] solve services up on [0, 1]
[cfg] PUBFEAT=897 CFEAT=16 hidden=384 head=384 dg=64 rank=64 depth=2 iters=64 budget=300s warm=0s device=cuda:1 draft=random snapshot_every=6.0min train_gen_ratio=4.0 recent_mix=0.5/0.2 augment=True cap=2000000 matmul=high
[t=   0.0s] --- snapshot snap_00.pt (init) ---
[t=   0.0s] --- switching to ReBeL ---
v5 GEMM compute=fast-f16
[t=  10.1s] rebel stream solves=13312 raw=1326/s balanced=1326/s debt=0 rows steps=52 over=0 drop=0 L=0.00425 tgt=+0.024/0.132 cfg/b=42301 prep=1.00s gpu=0.00s conv=0.01s add=0.31s train=5.30s
[t=  20.3s] rebel stream solves=26624 raw=1315/s balanced=1315/s debt=0 rows steps=104 over=0 drop=0 L=0.00133 tgt=+0.027/0.119 cfg/b=92867 prep=1.03s gpu=0.00s conv=0.05s add=1.35s train=4.29s
[t=  30.7s] rebel stream solves=46080 raw=1504/s balanced=1504/s debt=0 rows steps=180 over=0 drop=0 L=0.00070 tgt=+0.028/0.120 cfg/b=42870 prep=1.34s gpu=0.00s conv=0.01s add=0.45s train=5.59s
[t=  40.7s] rebel stream solves=52224 raw=1285/s balanced=1285/s debt=0 rows steps=204 over=1 drop=0 L=0.00057 tgt=+0.029/0.123 cfg/b=41740 prep=0.78s gpu=0.00s conv=0.00s add=0.27s train=2.56s
[t=  50.7s] rebel stream solves=57344 raw=1132/s balanced=1132/s debt=0 rows steps=224 over=3 drop=0 L=0.00052 tgt=+0.029/0.123 cfg/b=42808 prep=0.62s gpu=0.00s conv=0.01s add=0.34s train=2.40s
[t=  60.9s] rebel stream solves=65536 raw=1077/s balanced=1077/s debt=0 rows steps=256 over=4 drop=0 L=0.00050 tgt=+0.027/0.118 cfg/b=56072 prep=1.01s gpu=0.00s conv=0.01s add=0.58s train=3.11s
[t=  70.9s] rebel stream solves=70656 raw=996/s balanced=996/s debt=0 rows steps=276 over=10 drop=0 L=0.00048 tgt=+0.028/0.121 cfg/b=57605 prep=0.89s gpu=0.00s conv=0.00s add=0.28s train=3.33s
[t=  81.1s] rebel stream solves=77824 raw=960/s balanced=960/s debt=0 rows steps=304 over=20 drop=0 L=0.00049 tgt=+0.023/0.118 cfg/b=48108 prep=1.26s gpu=0.00s conv=0.00s add=0.33s train=3.89s
[t=  91.1s] rebel stream solves=82944 raw=911/s balanced=911/s debt=0 rows steps=324 over=26 drop=0 L=0.00053 tgt=+0.029/0.123 cfg/b=41288 prep=1.88s gpu=0.00s conv=0.00s add=0.18s train=3.39s
[t=  99.0s] --- lr -> 5.00e-04 ---
[t= 101.1s] rebel stream solves=88064 raw=871/s balanced=871/s debt=0 rows steps=344 over=35 drop=0 L=0.00058 tgt=+0.027/0.123 cfg/b=39355 prep=0.39s gpu=0.00s conv=0.00s add=0.13s train=3.30s
[t= 111.1s] rebel stream solves=91136 raw=820/s balanced=820/s debt=0 rows steps=356 over=51 drop=0 L=0.00060 tgt=+0.024/0.128 cfg/b=36403 prep=0.31s gpu=0.00s conv=0.00s add=0.06s train=1.33s
[t= 121.2s] rebel stream solves=94208 raw=778/s balanced=778/s debt=0 rows steps=368 over=65 drop=0 L=0.00056 tgt=+0.025/0.134 cfg/b=35691 prep=0.47s gpu=0.00s conv=0.05s add=0.16s train=0.94s
[t= 131.2s] rebel stream solves=98304 raw=750/s balanced=750/s debt=0 rows steps=384 over=88 drop=0 L=0.00065 tgt=+0.025/0.131 cfg/b=36402 prep=1.32s gpu=0.00s conv=0.00s add=0.12s train=2.53s
[t= 141.2s] rebel stream solves=101376 raw=718/s balanced=718/s debt=0 rows steps=396 over=101 drop=0 L=0.00072 tgt=+0.024/0.140 cfg/b=35991 prep=0.68s gpu=0.00s conv=0.00s add=0.11s train=1.26s
[t= 151.2s] rebel stream solves=104448 raw=691/s balanced=691/s debt=0 rows steps=408 over=123 drop=0 L=0.00081 tgt=+0.019/0.146 cfg/b=36231 prep=0.43s gpu=0.00s conv=0.02s add=0.10s train=1.17s
[t= 161.2s] rebel stream solves=107520 raw=667/s balanced=667/s debt=0 rows steps=420 over=148 drop=0 L=0.00091 tgt=+0.025/0.139 cfg/b=35160 prep=1.49s gpu=0.00s conv=0.00s add=0.11s train=2.11s
[t= 171.5s] rebel stream solves=110592 raw=645/s balanced=645/s debt=0 rows steps=432 over=171 drop=0 L=0.00107 tgt=+0.026/0.137 cfg/b=34700 prep=0.47s gpu=0.00s conv=0.00s add=0.10s train=1.26s
[t= 181.5s] rebel stream solves=113664 raw=626/s balanced=626/s debt=0 rows steps=444 over=191 drop=0 L=0.00118 tgt=+0.018/0.146 cfg/b=36015 prep=0.55s gpu=0.00s conv=0.00s add=0.11s train=0.93s
[t= 191.9s] rebel stream solves=117760 raw=614/s balanced=614/s debt=0 rows steps=460 over=214 drop=0 L=0.00173 tgt=+0.026/0.147 cfg/b=34406 prep=1.23s gpu=0.00s conv=0.00s add=0.14s train=2.55s
[t= 201.1s] --- lr -> 2.50e-04 ---
[t= 202.0s] rebel stream solves=120832 raw=598/s balanced=598/s debt=0 rows steps=472 over=231 drop=0 L=0.00184 tgt=+0.022/0.159 cfg/b=32843 prep=0.79s gpu=0.00s conv=0.00s add=0.17s train=1.54s
[t= 212.0s] rebel stream solves=124928 raw=589/s balanced=589/s debt=0 rows steps=488 over=249 drop=0 L=0.00205 tgt=+0.025/0.159 cfg/b=33255 prep=0.37s gpu=0.00s conv=0.00s add=0.10s train=2.10s
[t= 222.0s] rebel stream solves=128000 raw=577/s balanced=577/s debt=0 rows steps=500 over=265 drop=0 L=0.00246 tgt=+0.031/0.170 cfg/b=32510 prep=0.46s gpu=0.00s conv=0.01s add=0.06s train=0.98s
[t= 232.0s] rebel stream solves=132096 raw=569/s balanced=569/s debt=0 rows steps=516 over=297 drop=0 L=0.00286 tgt=+0.023/0.181 cfg/b=31112 prep=0.35s gpu=0.00s conv=0.00s add=0.08s train=0.82s
[t= 242.0s] rebel stream solves=135168 raw=558/s balanced=558/s debt=0 rows steps=528 over=315 drop=0 L=0.00277 tgt=+0.018/0.172 cfg/b=30363 prep=0.36s gpu=0.00s conv=0.05s add=0.09s train=0.68s
[t= 252.2s] rebel stream solves=138240 raw=548/s balanced=548/s debt=0 rows steps=540 over=329 drop=0 L=0.00432 tgt=+0.022/0.189 cfg/b=29987 prep=0.28s gpu=0.00s conv=0.07s add=0.09s train=0.81s
[t= 262.3s] rebel stream solves=143360 raw=547/s balanced=547/s debt=0 rows steps=560 over=352 drop=0 L=0.00403 tgt=+0.020/0.188 cfg/b=30166 prep=1.09s gpu=0.00s conv=0.02s add=0.13s train=3.06s
[t= 272.3s] rebel stream solves=147456 raw=542/s balanced=542/s debt=0 rows steps=576 over=368 drop=0 L=0.00434 tgt=+0.020/0.183 cfg/b=29741 prep=0.61s gpu=0.00s conv=0.01s add=0.11s train=2.06s
[t= 280.0s] --- stopping GPU admission; draining ---
[t= 282.4s] rebel stream solves=151552 raw=537/s balanced=537/s debt=0 rows steps=592 over=388 drop=0 L=0.00490 tgt=+0.018/0.190 cfg/b=29427 prep=0.56s gpu=0.00s conv=0.00s add=0.10s train=1.79s
[t= 292.4s] rebel stream solves=151552 raw=518/s balanced=518/s debt=0 rows steps=592 over=388 drop=0 L=0.00000 tgt=+0.000/0.000 cfg/b=0 prep=0.00s gpu=0.00s conv=0.00s add=0.00s train=0.00s
[t= 302.4s] rebel stream solves=152576 raw=505/s balanced=505/s debt=0 rows steps=596 over=395 drop=0 L=0.00692 tgt=+0.025/0.192 cfg/b=29357 prep=0.02s gpu=0.00s conv=0.00s add=0.03s train=0.11s
[t= 307.6s] rebel stream solves=152766 raw=497/s balanced=496/s debt=760 rows steps=596 over=398 drop=0 L=0.00000 tgt=-0.012/0.199 cfg/b=0 prep=0.00s gpu=0.00s conv=0.00s add=0.01s train=0.00s
[gpu-summary] solves=152766 optimizer_rows=610304 debt=760 raw=496.6/s balanced=496.0/s over=398 exact=0 censored=4608 dropped=0 overrun=7.61s
[t= 307.6s] --- snapshot snap_01.pt (final) ---
