[train] CUDA stream priority -1
[gpu] solve services up on [0, 1]
[cfg] PUBFEAT=897 CFEAT=16 hidden=384 head=384 dg=64 rank=64 depth=2 iters=64 budget=960s warm=60s device=cuda:1 draft=random snapshots=3 (every 5.0min) train_gen_ratio=4.0 recent_mix=0.5/0.2 augment=True cap=2000000 matmul=high
[t=   2.6s] greedy ep  0 games=  96 dec= 19020 rows= 18171 horizon=0.30 nodecap=0 over=0 card=0 exact=0 drop=0 cfgs= 27.4 L=0.08116 P=nan old=0.01415 new=0.00417 tgt=-0.023/0.480 pstd=0.465 capv=0.040 lr=1.0e-03 gen=0.1s conv=0.0s add=0.1s train=2.4s sps=0
[t=   4.7s] greedy ep  1 games=  96 dec= 18777 rows= 17977 horizon=0.32 nodecap=0 over=0 card=0 exact=0 drop=0 cfgs= 26.6 L=0.03392 P=nan old=0.01372 new=0.00369 tgt=-0.059/0.493 pstd=0.471 capv=0.040 lr=1.0e-03 gen=0.1s conv=0.0s add=0.1s train=1.9s sps=0
[t=   6.5s] greedy ep  2 games=  96 dec= 18179 rows= 17397 horizon=0.26 nodecap=0 over=0 card=0 exact=0 drop=0 cfgs= 27.9 L=0.03054 P=nan old=0.01053 new=0.00385 tgt=-0.018/0.516 pstd=0.468 capv=0.040 lr=1.0e-03 gen=0.1s conv=0.0s add=0.1s train=1.6s sps=0
[t=   8.3s] greedy ep  3 games=  96 dec= 17876 rows= 17033 horizon=0.26 nodecap=0 over=0 card=0 exact=0 drop=0 cfgs= 26.4 L=0.02668 P=nan old=0.01135 new=0.00482 tgt=-0.027/0.498 pstd=0.472 capv=0.040 lr=1.0e-03 gen=0.1s conv=0.0s add=0.1s train=1.6s sps=0
[t=  10.2s] greedy ep  4 games=  96 dec= 19004 rows= 18249 horizon=0.31 nodecap=0 over=0 card=0 exact=0 drop=0 cfgs= 28.3 L=0.02280 P=nan old=0.00840 new=0.00455 tgt=-0.025/0.465 pstd=0.464 capv=0.040 lr=1.0e-03 gen=0.1s conv=0.0s add=0.1s train=1.7s sps=0
[t=  12.2s] greedy ep  5 games=  96 dec= 19345 rows= 18536 horizon=0.35 nodecap=0 over=0 card=0 exact=0 drop=0 cfgs= 26.4 L=0.02023 P=nan old=0.00993 new=0.00454 tgt=-0.026/0.492 pstd=0.479 capv=0.040 lr=1.0e-03 gen=0.1s conv=0.0s add=0.1s train=1.7s sps=0
[t=  13.9s] greedy ep  6 games=  96 dec= 17785 rows= 17102 horizon=0.28 nodecap=0 over=0 card=0 exact=0 drop=0 cfgs= 26.9 L=0.02286 P=nan old=0.01083 new=0.00679 tgt=-0.040/0.500 pstd=0.474 capv=0.040 lr=1.0e-03 gen=0.1s conv=0.0s add=0.1s train=1.6s sps=0
[t=  15.8s] greedy ep  7 games=  96 dec= 18319 rows= 17483 horizon=0.32 nodecap=0 over=0 card=0 exact=0 drop=0 cfgs= 27.7 L=0.02050 P=nan old=0.01168 new=0.00589 tgt=-0.059/0.503 pstd=0.468 capv=0.040 lr=1.0e-03 gen=0.1s conv=0.0s add=0.1s train=1.6s sps=0
[t=  17.7s] greedy ep  8 games=  96 dec= 18824 rows= 18083 horizon=0.34 nodecap=0 over=0 card=0 exact=0 drop=0 cfgs= 26.1 L=0.01800 P=nan old=0.01095 new=0.00565 tgt=-0.018/0.491 pstd=0.469 capv=0.040 lr=1.0e-03 gen=0.1s conv=0.0s add=0.1s train=1.7s sps=0
[t=  19.5s] greedy ep  9 games=  96 dec= 18100 rows= 17381 horizon=0.26 nodecap=0 over=0 card=0 exact=0 drop=0 cfgs= 26.3 L=0.01793 P=nan old=0.01045 new=0.00605 tgt=-0.043/0.522 pstd=0.470 capv=0.040 lr=1.0e-03 gen=0.1s conv=0.0s add=0.1s train=1.6s sps=0
[t=  21.3s] greedy ep 10 games=  96 dec= 17757 rows= 17029 horizon=0.23 nodecap=0 over=0 card=0 exact=0 drop=0 cfgs= 28.7 L=0.01848 P=nan old=0.01149 new=0.00766 tgt=-0.035/0.525 pstd=0.472 capv=0.040 lr=1.0e-03 gen=0.1s conv=0.0s add=0.1s train=1.6s sps=0
[t=  23.1s] greedy ep 11 games=  96 dec= 18043 rows= 17250 horizon=0.28 nodecap=0 over=0 card=0 exact=0 drop=0 cfgs= 27.7 L=0.01800 P=nan old=0.01185 new=0.00725 tgt=-0.047/0.493 pstd=0.474 capv=0.040 lr=1.0e-03 gen=0.1s conv=0.0s add=0.1s train=1.6s sps=0
[t=  24.9s] greedy ep 12 games=  96 dec= 17420 rows= 16700 horizon=0.25 nodecap=0 over=0 card=0 exact=0 drop=0 cfgs= 27.9 L=0.01869 P=nan old=0.01143 new=0.00701 tgt=-0.028/0.502 pstd=0.483 capv=0.040 lr=1.0e-03 gen=0.1s conv=0.0s add=0.1s train=1.6s sps=0
[t=  26.7s] greedy ep 13 games=  96 dec= 18339 rows= 17564 horizon=0.29 nodecap=0 over=0 card=0 exact=0 drop=0 cfgs= 27.2 L=0.01756 P=nan old=0.01099 new=0.00728 tgt=-0.034/0.497 pstd=0.479 capv=0.040 lr=1.0e-03 gen=0.1s conv=0.0s add=0.1s train=1.6s sps=0
[t=  28.5s] greedy ep 14 games=  96 dec= 17985 rows= 17266 horizon=0.25 nodecap=0 over=0 card=0 exact=0 drop=0 cfgs= 27.8 L=0.01811 P=nan old=0.01100 new=0.00750 tgt=-0.037/0.515 pstd=0.472 capv=0.040 lr=1.0e-03 gen=0.1s conv=0.0s add=0.1s train=1.5s sps=0
[t=  30.3s] greedy ep 15 games=  96 dec= 18309 rows= 17520 horizon=0.30 nodecap=0 over=0 card=0 exact=0 drop=0 cfgs= 26.8 L=0.01672 P=nan old=0.01259 new=0.00766 tgt=-0.021/0.493 pstd=0.475 capv=0.040 lr=1.0e-03 gen=0.1s conv=0.0s add=0.1s train=1.6s sps=0
[t=  32.2s] greedy ep 16 games=  96 dec= 19097 rows= 18291 horizon=0.33 nodecap=0 over=0 card=0 exact=0 drop=0 cfgs= 27.3 L=0.01702 P=nan old=0.01252 new=0.00801 tgt=+0.006/0.479 pstd=0.483 capv=0.040 lr=1.0e-03 gen=0.1s conv=0.0s add=0.1s train=1.7s sps=0
[t=  34.1s] greedy ep 17 games=  96 dec= 18142 rows= 17461 horizon=0.26 nodecap=0 over=0 card=0 exact=0 drop=0 cfgs= 27.3 L=0.01649 P=nan old=0.01221 new=0.00906 tgt=-0.054/0.518 pstd=0.475 capv=0.040 lr=1.0e-03 gen=0.1s conv=0.0s add=0.1s train=1.6s sps=0
[t=  35.8s] greedy ep 18 games=  96 dec= 17690 rows= 16896 horizon=0.22 nodecap=0 over=0 card=0 exact=0 drop=0 cfgs= 26.3 L=0.01799 P=nan old=0.01312 new=0.00821 tgt=-0.021/0.516 pstd=0.466 capv=0.040 lr=1.0e-03 gen=0.1s conv=0.0s add=0.1s train=1.6s sps=0
[t=  37.6s] greedy ep 19 games=  96 dec= 17806 rows= 17037 horizon=0.25 nodecap=0 over=0 card=0 exact=0 drop=0 cfgs= 27.5 L=0.01833 P=nan old=0.01451 new=0.00935 tgt=-0.059/0.527 pstd=0.459 capv=0.040 lr=1.0e-03 gen=0.1s conv=0.0s add=0.1s train=1.6s sps=0
[t=  39.4s] greedy ep 20 games=  96 dec= 17813 rows= 17128 horizon=0.28 nodecap=0 over=0 card=0 exact=0 drop=0 cfgs= 27.0 L=0.01637 P=nan old=0.01375 new=0.00814 tgt=-0.068/0.519 pstd=0.476 capv=0.040 lr=1.0e-03 gen=0.1s conv=0.0s add=0.1s train=1.6s sps=0
[t=  41.2s] greedy ep 21 games=  96 dec= 17800 rows= 17085 horizon=0.25 nodecap=0 over=0 card=0 exact=0 drop=0 cfgs= 28.0 L=0.01625 P=nan old=0.01370 new=0.00821 tgt=-0.054/0.513 pstd=0.480 capv=0.040 lr=1.0e-03 gen=0.1s conv=0.0s add=0.1s train=1.6s sps=0
[t=  43.1s] greedy ep 22 games=  96 dec= 18528 rows= 17771 horizon=0.31 nodecap=0 over=0 card=0 exact=0 drop=0 cfgs= 26.7 L=0.01562 P=nan old=0.01119 new=0.00882 tgt=-0.028/0.488 pstd=0.473 capv=0.040 lr=1.0e-03 gen=0.1s conv=0.0s add=0.1s train=1.6s sps=0
[t=  44.9s] greedy ep 23 games=  96 dec= 18486 rows= 17685 horizon=0.28 nodecap=0 over=0 card=0 exact=0 drop=0 cfgs= 25.6 L=0.01560 P=nan old=0.01385 new=0.00920 tgt=-0.008/0.478 pstd=0.468 capv=0.040 lr=1.0e-03 gen=0.1s conv=0.0s add=0.1s train=1.7s sps=0
[t=  46.8s] greedy ep 24 games=  96 dec= 19060 rows= 18394 horizon=0.35 nodecap=0 over=0 card=0 exact=0 drop=0 cfgs= 25.6 L=0.01648 P=nan old=0.01401 new=0.00923 tgt=-0.011/0.480 pstd=0.462 capv=0.040 lr=1.0e-03 gen=0.1s conv=0.0s add=0.1s train=1.7s sps=0
[t=  48.7s] greedy ep 25 games=  96 dec= 18086 rows= 17335 horizon=0.23 nodecap=0 over=0 card=0 exact=0 drop=0 cfgs= 27.3 L=0.01826 P=nan old=0.01298 new=0.00919 tgt=-0.026/0.520 pstd=0.465 capv=0.040 lr=1.0e-03 gen=0.1s conv=0.0s add=0.1s train=1.6s sps=0
[t=  50.8s] greedy ep 26 games=  96 dec= 19692 rows= 18851 horizon=0.33 nodecap=0 over=0 card=0 exact=0 drop=0 cfgs= 26.5 L=0.01582 P=nan old=0.01498 new=0.00955 tgt=-0.031/0.495 pstd=0.477 capv=0.040 lr=1.0e-03 gen=0.1s conv=0.0s add=0.1s train=1.9s sps=0
[t=  52.9s] greedy ep 27 games=  96 dec= 18267 rows= 17486 horizon=0.26 nodecap=0 over=0 card=0 exact=0 drop=0 cfgs= 28.3 L=0.01607 P=nan old=0.01546 new=0.00862 tgt=-0.023/0.486 pstd=0.480 capv=0.040 lr=1.0e-03 gen=0.1s conv=0.0s add=0.1s train=1.9s sps=0
[t=  55.1s] greedy ep 28 games=  96 dec= 19074 rows= 18289 horizon=0.30 nodecap=0 over=0 card=0 exact=0 drop=0 cfgs= 27.0 L=0.01703 P=nan old=0.01638 new=0.00960 tgt=-0.044/0.496 pstd=0.472 capv=0.040 lr=1.0e-03 gen=0.1s conv=0.0s add=0.1s train=2.0s sps=0
[t=  57.3s] greedy ep 29 games=  96 dec= 18686 rows= 17929 horizon=0.26 nodecap=0 over=0 card=0 exact=0 drop=0 cfgs= 28.4 L=0.01759 P=nan old=0.01565 new=0.00983 tgt=-0.052/0.512 pstd=0.468 capv=0.040 lr=1.0e-03 gen=0.1s conv=0.0s add=0.1s train=1.9s sps=0
[t=  59.5s] greedy ep 30 games=  96 dec= 19082 rows= 18260 horizon=0.30 nodecap=0 over=0 card=0 exact=0 drop=0 cfgs= 27.4 L=0.01812 P=nan old=0.01676 new=0.00944 tgt=-0.028/0.480 pstd=0.470 capv=0.040 lr=1.0e-03 gen=0.1s conv=0.0s add=0.1s train=2.0s sps=0
[t=  61.6s] greedy ep 31 games=  96 dec= 18482 rows= 17679 horizon=0.27 nodecap=0 over=0 card=0 exact=0 drop=0 cfgs= 28.1 L=0.01697 P=nan old=0.01514 new=0.00935 tgt=-0.042/0.504 pstd=0.475 capv=0.040 lr=1.0e-03 gen=0.1s conv=0.0s add=0.1s train=1.9s sps=0
[t=  61.6s] --- snapshot snap_00.pt (init) ---
[t=  61.6s] --- switching to ReBeL ---
v5 GEMM compute=fast-f16
[t=  72.0s] rebel stream solves=16384 raw=1582/s balanced=1582/s debt=0 rows steps=64 over=0 card=0 drop=0 L=0.01558 tgt=+0.035/0.210 cfg/b=46367 prep=0.32s gpu=0.00s conv=0.02s add=0.57s train=2.01s
[t=  82.0s] rebel stream solves=44032 raw=2163/s balanced=2163/s debt=0 rows steps=172 over=0 card=0 drop=0 L=0.00396 tgt=+0.056/0.187 cfg/b=57388 prep=0.51s gpu=0.00s conv=0.06s add=1.39s train=3.19s
[t=  92.1s] rebel stream solves=56320 raw=1848/s balanced=1848/s debt=0 rows steps=220 over=0 card=0 drop=0 L=0.00277 tgt=+0.082/0.178 cfg/b=37469 prep=0.23s gpu=0.00s conv=0.01s add=0.47s train=1.35s
[t= 102.1s] rebel stream solves=69632 raw=1719/s balanced=1719/s debt=0 rows steps=272 over=0 card=0 drop=0 L=0.00242 tgt=+0.088/0.180 cfg/b=48812 prep=0.23s gpu=0.00s conv=0.04s add=0.85s train=1.40s
[t= 112.1s] rebel stream solves=82944 raw=1642/s balanced=1642/s debt=0 rows steps=324 over=0 card=0 drop=0 L=0.00227 tgt=+0.101/0.179 cfg/b=39207 prep=0.29s gpu=0.00s conv=0.01s add=0.44s train=1.59s
[t= 122.2s] rebel stream solves=94208 raw=1556/s balanced=1556/s debt=0 rows steps=368 over=0 card=0 drop=0 L=0.00211 tgt=+0.116/0.183 cfg/b=31866 prep=0.27s gpu=0.00s conv=0.01s add=0.34s train=1.37s
[t= 132.2s] rebel stream solves=103424 raw=1466/s balanced=1466/s debt=0 rows steps=404 over=0 card=0 drop=0 L=0.00200 tgt=+0.115/0.183 cfg/b=30741 prep=0.23s gpu=0.00s conv=0.01s add=0.29s train=1.11s
[t= 142.2s] rebel stream solves=112640 raw=1398/s balanced=1398/s debt=0 rows steps=440 over=0 card=0 drop=0 L=0.00199 tgt=+0.120/0.188 cfg/b=30012 prep=0.27s gpu=0.00s conv=0.01s add=0.25s train=1.19s
[t= 152.3s] rebel stream solves=120832 raw=1333/s balanced=1333/s debt=0 rows steps=472 over=0 card=0 drop=0 L=0.00193 tgt=+0.124/0.194 cfg/b=28516 prep=0.27s gpu=0.00s conv=0.01s add=0.20s train=1.09s
[t= 162.3s] rebel stream solves=130048 raw=1292/s balanced=1292/s debt=0 rows steps=508 over=0 card=0 drop=0 L=0.00199 tgt=+0.134/0.193 cfg/b=26658 prep=0.21s gpu=0.00s conv=0.01s add=0.19s train=1.08s
[t= 172.4s] rebel stream solves=138240 raw=1248/s balanced=1248/s debt=0 rows steps=540 over=0 card=0 drop=0 L=0.00203 tgt=+0.153/0.191 cfg/b=25094 prep=0.34s gpu=0.00s conv=0.00s add=0.17s train=1.20s
[t= 182.4s] rebel stream solves=146432 raw=1212/s balanced=1212/s debt=0 rows steps=572 over=0 card=0 drop=0 L=0.00208 tgt=+0.158/0.194 cfg/b=23610 prep=0.26s gpu=0.00s conv=0.01s add=0.15s train=1.09s
[t= 192.4s] rebel stream solves=153600 raw=1174/s balanced=1174/s debt=0 rows steps=600 over=0 card=0 drop=0 L=0.00265 tgt=+0.155/0.203 cfg/b=22476 prep=0.28s gpu=0.00s conv=0.00s add=0.12s train=1.24s
[t= 202.6s] rebel stream solves=162816 raw=1155/s balanced=1155/s debt=0 rows steps=636 over=0 card=0 drop=0 L=0.00296 tgt=+0.160/0.206 cfg/b=22019 prep=0.25s gpu=0.00s conv=0.01s add=0.15s train=1.14s
[t= 212.6s] rebel stream solves=169984 raw=1126/s balanced=1126/s debt=0 rows steps=664 over=0 card=0 drop=0 L=0.00354 tgt=+0.157/0.209 cfg/b=21247 prep=0.22s gpu=0.00s conv=0.00s add=0.11s train=0.93s
[t= 222.6s] rebel stream solves=178176 raw=1107/s balanced=1107/s debt=0 rows steps=696 over=0 card=0 drop=0 L=0.00381 tgt=+0.160/0.213 cfg/b=20672 prep=0.27s gpu=0.00s conv=0.00s add=0.13s train=1.08s
[t= 232.6s] rebel stream solves=186368 raw=1090/s balanced=1090/s debt=0 rows steps=728 over=0 card=0 drop=0 L=0.00407 tgt=+0.149/0.226 cfg/b=19655 prep=0.30s gpu=0.00s conv=0.00s add=0.14s train=1.11s
[t= 242.7s] rebel stream solves=195584 raw=1080/s balanced=1080/s debt=0 rows steps=764 over=0 card=0 drop=0 L=0.00443 tgt=+0.151/0.222 cfg/b=19352 prep=0.21s gpu=0.00s conv=0.01s add=0.14s train=1.11s
[t= 252.7s] rebel stream solves=206848 raw=1083/s balanced=1083/s debt=0 rows steps=808 over=0 card=0 drop=0 L=0.00512 tgt=+0.147/0.224 cfg/b=18814 prep=0.25s gpu=0.00s conv=0.00s add=0.18s train=1.37s
[t= 262.7s] rebel stream solves=218112 raw=1085/s balanced=1085/s debt=0 rows steps=852 over=0 card=0 drop=0 L=0.00533 tgt=+0.133/0.220 cfg/b=18416 prep=0.26s gpu=0.00s conv=0.01s add=0.20s train=1.34s
[t= 272.9s] rebel stream solves=229376 raw=1086/s balanced=1086/s debt=0 rows steps=896 over=0 card=0 drop=0 L=0.00657 tgt=+0.130/0.224 cfg/b=18367 prep=0.27s gpu=0.00s conv=0.00s add=0.22s train=1.37s
[t= 282.9s] rebel stream solves=240640 raw=1087/s balanced=1087/s debt=0 rows steps=940 over=0 card=0 drop=0 L=0.00706 tgt=+0.133/0.215 cfg/b=18219 prep=0.33s gpu=0.00s conv=0.01s add=0.21s train=1.45s
[t= 292.9s] rebel stream solves=253952 raw=1098/s balanced=1098/s debt=0 rows steps=992 over=0 card=0 drop=0 L=0.00743 tgt=+0.127/0.215 cfg/b=18314 prep=0.26s gpu=0.00s conv=0.01s add=0.24s train=1.46s
[t= 303.1s] rebel stream solves=267264 raw=1107/s balanced=1107/s debt=0 rows steps=1044 over=0 card=0 drop=0 L=0.00809 tgt=+0.131/0.220 cfg/b=18528 prep=0.28s gpu=0.00s conv=0.01s add=0.28s train=1.50s
[t= 313.1s] rebel stream solves=280576 raw=1116/s balanced=1116/s debt=0 rows steps=1096 over=0 card=0 drop=0 L=0.00807 tgt=+0.133/0.211 cfg/b=17347 prep=0.27s gpu=0.00s conv=0.01s add=0.33s train=1.51s
[t= 323.1s] rebel stream solves=293888 raw=1124/s balanced=1124/s debt=0 rows steps=1148 over=0 card=0 drop=0 L=0.00888 tgt=+0.129/0.221 cfg/b=16874 prep=0.32s gpu=0.00s conv=0.01s add=0.31s train=1.57s
[t= 333.2s] rebel stream solves=308224 raw=1135/s balanced=1135/s debt=0 rows steps=1204 over=0 card=0 drop=0 L=0.00928 tgt=+0.135/0.211 cfg/b=17340 prep=0.30s gpu=0.00s conv=0.01s add=0.33s train=1.67s
[t= 343.3s] rebel stream solves=322560 raw=1145/s balanced=1145/s debt=0 rows steps=1260 over=0 card=0 drop=0 L=0.00942 tgt=+0.140/0.207 cfg/b=16817 prep=0.28s gpu=0.00s conv=0.01s add=0.34s train=1.52s
[t= 353.3s] rebel stream solves=334848 raw=1148/s balanced=1148/s debt=0 rows steps=1308 over=0 card=0 drop=0 L=0.00946 tgt=+0.138/0.211 cfg/b=16748 prep=0.24s gpu=0.00s conv=0.01s add=0.30s train=1.33s
[t= 358.7s] --- lr -> 5.00e-04 ---
[t= 361.6s] --- snapshot snap_01.pt (s1) ---
[t= 363.6s] rebel stream solves=348160 raw=1153/s balanced=1153/s debt=0 rows steps=1360 over=0 card=0 drop=0 L=0.00922 tgt=+0.138/0.210 cfg/b=17238 prep=0.35s gpu=0.00s conv=0.01s add=0.36s train=1.53s
[t= 373.7s] rebel stream solves=361472 raw=1158/s balanced=1158/s debt=0 rows steps=1412 over=0 card=0 drop=0 L=0.00859 tgt=+0.146/0.200 cfg/b=17673 prep=0.27s gpu=0.00s conv=0.01s add=0.40s train=1.49s
[t= 383.7s] rebel stream solves=372736 raw=1157/s balanced=1157/s debt=0 rows steps=1456 over=0 card=0 drop=0 L=0.00947 tgt=+0.148/0.200 cfg/b=17533 prep=0.25s gpu=0.00s conv=0.01s add=0.30s train=1.24s
[t= 393.7s] rebel stream solves=384000 raw=1156/s balanced=1156/s debt=0 rows steps=1500 over=0 card=0 drop=0 L=0.00909 tgt=+0.147/0.206 cfg/b=17735 prep=0.23s gpu=0.00s conv=0.01s add=0.30s train=1.18s
[t= 403.8s] rebel stream solves=395264 raw=1155/s balanced=1155/s debt=0 rows steps=1544 over=0 card=0 drop=0 L=0.00920 tgt=+0.152/0.206 cfg/b=18010 prep=0.27s gpu=0.00s conv=0.01s add=0.35s train=1.32s
[t= 413.9s] rebel stream solves=405504 raw=1151/s balanced=1151/s debt=0 rows steps=1584 over=0 card=0 drop=0 L=0.00889 tgt=+0.152/0.208 cfg/b=18249 prep=0.23s gpu=0.00s conv=0.01s add=0.33s train=1.19s
[t= 423.9s] rebel stream solves=415744 raw=1148/s balanced=1148/s debt=0 rows steps=1624 over=0 card=0 drop=0 L=0.00916 tgt=+0.148/0.215 cfg/b=18316 prep=0.26s gpu=0.00s conv=0.01s add=0.28s train=1.23s
[t= 433.9s] rebel stream solves=428032 raw=1150/s balanced=1150/s debt=0 rows steps=1672 over=0 card=0 drop=0 L=0.00896 tgt=+0.156/0.212 cfg/b=18638 prep=0.27s gpu=0.00s conv=0.01s add=0.34s train=1.43s
[t= 443.9s] rebel stream solves=439296 raw=1149/s balanced=1149/s debt=0 rows steps=1716 over=0 card=0 drop=0 L=0.00868 tgt=+0.155/0.215 cfg/b=19229 prep=0.25s gpu=0.00s conv=0.01s add=0.32s train=1.33s
[t= 453.9s] rebel stream solves=450560 raw=1148/s balanced=1148/s debt=0 rows steps=1760 over=0 card=0 drop=0 L=0.00902 tgt=+0.156/0.213 cfg/b=18811 prep=0.25s gpu=0.00s conv=0.01s add=0.30s train=1.32s
[t= 463.9s] rebel stream solves=462848 raw=1150/s balanced=1150/s debt=0 rows steps=1808 over=0 card=0 drop=0 L=0.00874 tgt=+0.158/0.219 cfg/b=19386 prep=0.27s gpu=0.00s conv=0.01s add=0.33s train=1.44s
[t= 474.0s] rebel stream solves=474112 raw=1150/s balanced=1150/s debt=0 rows steps=1852 over=0 card=0 drop=0 L=0.00896 tgt=+0.156/0.220 cfg/b=19716 prep=0.26s gpu=0.00s conv=0.01s add=0.33s train=1.39s
[t= 484.0s] rebel stream solves=484352 raw=1147/s balanced=1147/s debt=0 rows steps=1892 over=0 card=0 drop=0 L=0.00921 tgt=+0.155/0.212 cfg/b=20257 prep=0.20s gpu=0.00s conv=0.01s add=0.34s train=1.14s
[t= 494.2s] rebel stream solves=494592 raw=1143/s balanced=1143/s debt=0 rows steps=1932 over=0 card=0 drop=0 L=0.00886 tgt=+0.152/0.226 cfg/b=20648 prep=0.30s gpu=0.00s conv=0.01s add=0.34s train=1.31s
[t= 504.4s] rebel stream solves=504832 raw=1140/s balanced=1140/s debt=0 rows steps=1972 over=0 card=0 drop=0 L=0.00862 tgt=+0.151/0.225 cfg/b=21004 prep=0.25s gpu=0.00s conv=0.01s add=0.38s train=1.26s
[t= 514.4s] rebel stream solves=515072 raw=1138/s balanced=1138/s debt=0 rows steps=2012 over=0 card=0 drop=0 L=0.00835 tgt=+0.151/0.231 cfg/b=21103 prep=0.22s gpu=0.00s conv=0.01s add=0.29s train=1.19s
[t= 524.4s] rebel stream solves=524288 raw=1133/s balanced=1133/s debt=0 rows steps=2048 over=0 card=0 drop=0 L=0.00880 tgt=+0.159/0.221 cfg/b=21168 prep=0.19s gpu=0.00s conv=0.01s add=0.25s train=1.03s
[t= 534.5s] rebel stream solves=536576 raw=1135/s balanced=1135/s debt=0 rows steps=2096 over=0 card=0 drop=0 L=0.00887 tgt=+0.152/0.225 cfg/b=21586 prep=0.33s gpu=0.00s conv=0.01s add=0.35s train=1.54s
[t= 544.5s] rebel stream solves=548864 raw=1137/s balanced=1137/s debt=0 rows steps=2144 over=0 card=0 drop=0 L=0.00877 tgt=+0.152/0.225 cfg/b=22030 prep=0.32s gpu=0.00s conv=0.01s add=0.36s train=1.50s
[t= 554.5s] rebel stream solves=560128 raw=1136/s balanced=1136/s debt=0 rows steps=2188 over=0 card=0 drop=0 L=0.00900 tgt=+0.151/0.233 cfg/b=22450 prep=0.28s gpu=0.00s conv=0.01s add=0.32s train=1.33s
[t= 564.9s] rebel stream solves=569344 raw=1131/s balanced=1131/s debt=0 rows steps=2224 over=0 card=0 drop=0 L=0.00871 tgt=+0.155/0.228 cfg/b=22745 prep=0.26s gpu=0.00s conv=0.01s add=0.29s train=1.11s
[t= 574.9s] rebel stream solves=580608 raw=1131/s balanced=1131/s debt=0 rows steps=2268 over=0 card=0 drop=0 L=0.00878 tgt=+0.155/0.230 cfg/b=23504 prep=0.29s gpu=0.00s conv=0.01s add=0.37s train=1.36s
[t= 585.0s] rebel stream solves=592896 raw=1133/s balanced=1133/s debt=0 rows steps=2316 over=0 card=0 drop=0 L=0.00896 tgt=+0.157/0.236 cfg/b=23564 prep=0.27s gpu=0.00s conv=0.01s add=0.40s train=1.47s
[t= 595.0s] rebel stream solves=605184 raw=1135/s balanced=1135/s debt=0 rows steps=2364 over=0 card=0 drop=0 L=0.00893 tgt=+0.149/0.241 cfg/b=24728 prep=0.29s gpu=0.00s conv=0.01s add=0.37s train=1.50s
[t= 605.0s] rebel stream solves=614400 raw=1131/s balanced=1131/s debt=0 rows steps=2400 over=0 card=0 drop=0 L=0.00907 tgt=+0.159/0.238 cfg/b=24324 prep=0.19s gpu=0.00s conv=0.01s add=0.33s train=1.06s
[t= 615.1s] rebel stream solves=624640 raw=1129/s balanced=1129/s debt=0 rows steps=2440 over=0 card=0 drop=0 L=0.00906 tgt=+0.153/0.242 cfg/b=24409 prep=0.21s gpu=0.00s conv=0.01s add=0.33s train=1.19s
[t= 625.1s] rebel stream solves=635904 raw=1129/s balanced=1129/s debt=0 rows steps=2484 over=0 card=0 drop=0 L=0.00836 tgt=+0.147/0.243 cfg/b=24528 prep=0.22s gpu=0.00s conv=0.01s add=0.37s train=1.31s
[t= 635.1s] rebel stream solves=646144 raw=1127/s balanced=1127/s debt=0 rows steps=2524 over=0 card=0 drop=0 L=0.00900 tgt=+0.151/0.249 cfg/b=24798 prep=0.23s gpu=0.00s conv=0.01s add=0.34s train=1.17s
[t= 645.1s] rebel stream solves=656384 raw=1125/s balanced=1125/s debt=0 rows steps=2564 over=0 card=0 drop=0 L=0.00877 tgt=+0.156/0.247 cfg/b=25153 prep=0.19s gpu=0.00s conv=0.01s add=0.32s train=1.10s
[t= 655.2s] rebel stream solves=666624 raw=1123/s balanced=1123/s debt=0 rows steps=2604 over=0 card=0 drop=0 L=0.00899 tgt=+0.147/0.262 cfg/b=25482 prep=0.19s gpu=0.00s conv=0.01s add=0.42s train=1.08s
[t= 661.6s] --- snapshot snap_02.pt (s2) ---
[t= 664.6s] --- lr -> 2.50e-04 ---
[t= 665.2s] rebel stream solves=676864 raw=1121/s balanced=1121/s debt=0 rows steps=2644 over=0 card=0 drop=0 L=0.00924 tgt=+0.149/0.258 cfg/b=25756 prep=0.31s gpu=0.00s conv=0.01s add=0.37s train=1.26s
[t= 675.2s] rebel stream solves=687104 raw=1120/s balanced=1120/s debt=0 rows steps=2684 over=0 card=0 drop=0 L=0.00910 tgt=+0.149/0.258 cfg/b=26319 prep=0.24s gpu=0.00s conv=0.01s add=0.36s train=1.19s
[t= 685.2s] rebel stream solves=696320 raw=1117/s balanced=1117/s debt=0 rows steps=2720 over=0 card=0 drop=0 L=0.00927 tgt=+0.151/0.258 cfg/b=26451 prep=0.18s gpu=0.00s conv=0.01s add=0.35s train=1.06s
[t= 695.3s] rebel stream solves=706560 raw=1115/s balanced=1115/s debt=0 rows steps=2760 over=0 card=0 drop=0 L=0.00891 tgt=+0.151/0.265 cfg/b=26690 prep=0.21s gpu=0.00s conv=0.01s add=0.37s train=1.15s
[t= 705.3s] rebel stream solves=717824 raw=1115/s balanced=1115/s debt=0 rows steps=2804 over=0 card=0 drop=0 L=0.00913 tgt=+0.151/0.269 cfg/b=27045 prep=0.23s gpu=0.00s conv=0.01s add=0.48s train=1.25s
[t= 715.3s] rebel stream solves=729088 raw=1115/s balanced=1115/s debt=0 rows steps=2848 over=0 card=0 drop=0 L=0.00903 tgt=+0.161/0.265 cfg/b=27102 prep=0.19s gpu=0.00s conv=0.01s add=0.40s train=1.18s
[t= 725.3s] rebel stream solves=738304 raw=1112/s balanced=1112/s debt=0 rows steps=2884 over=0 card=0 drop=0 L=0.00877 tgt=+0.159/0.268 cfg/b=28034 prep=0.20s gpu=0.00s conv=0.01s add=0.38s train=1.04s
[t= 735.4s] rebel stream solves=748544 raw=1111/s balanced=1111/s debt=0 rows steps=2924 over=0 card=0 drop=0 L=0.00888 tgt=+0.158/0.280 cfg/b=27750 prep=0.22s gpu=0.00s conv=0.01s add=0.36s train=1.15s
[t= 745.4s] rebel stream solves=758784 raw=1110/s balanced=1110/s debt=0 rows steps=2964 over=0 card=0 drop=0 L=0.00914 tgt=+0.160/0.272 cfg/b=28366 prep=0.22s gpu=0.00s conv=0.01s add=0.44s train=1.17s
[t= 755.5s] rebel stream solves=771072 raw=1111/s balanced=1111/s debt=0 rows steps=3012 over=0 card=0 drop=0 L=0.00937 tgt=+0.157/0.273 cfg/b=28178 prep=0.25s gpu=0.00s conv=0.01s add=0.48s train=1.37s
[t= 765.5s] rebel stream solves=781312 raw=1110/s balanced=1110/s debt=0 rows steps=3052 over=0 card=0 drop=0 L=0.00937 tgt=+0.153/0.278 cfg/b=28737 prep=0.21s gpu=0.00s conv=0.01s add=0.38s train=1.17s
[t= 775.6s] rebel stream solves=791552 raw=1109/s balanced=1109/s debt=0 rows steps=3092 over=0 card=0 drop=0 L=0.00927 tgt=+0.160/0.269 cfg/b=28848 prep=0.21s gpu=0.00s conv=0.01s add=0.35s train=1.16s
[t= 785.6s] rebel stream solves=801792 raw=1108/s balanced=1108/s debt=0 rows steps=3132 over=0 card=0 drop=0 L=0.00944 tgt=+0.159/0.287 cfg/b=29001 prep=0.21s gpu=0.00s conv=0.01s add=0.36s train=1.14s
[t= 795.6s] rebel stream solves=812032 raw=1106/s balanced=1106/s debt=0 rows steps=3172 over=0 card=0 drop=0 L=0.00981 tgt=+0.160/0.284 cfg/b=29411 prep=0.21s gpu=0.00s conv=0.01s add=0.36s train=1.17s
[t= 805.6s] rebel stream solves=822272 raw=1105/s balanced=1105/s debt=0 rows steps=3212 over=0 card=0 drop=0 L=0.00988 tgt=+0.164/0.282 cfg/b=29607 prep=0.26s gpu=0.00s conv=0.01s add=0.43s train=1.24s
[t= 815.7s] rebel stream solves=831488 raw=1103/s balanced=1103/s debt=0 rows steps=3248 over=0 card=0 drop=0 L=0.00956 tgt=+0.165/0.278 cfg/b=29653 prep=0.18s gpu=0.00s conv=0.01s add=0.37s train=1.02s
[t= 825.7s] rebel stream solves=840704 raw=1100/s balanced=1100/s debt=0 rows steps=3284 over=0 card=0 drop=0 L=0.00935 tgt=+0.158/0.284 cfg/b=29826 prep=0.23s gpu=0.00s conv=0.01s add=0.37s train=1.11s
[t= 835.7s] rebel stream solves=850944 raw=1099/s balanced=1099/s debt=0 rows steps=3324 over=0 card=0 drop=0 L=0.00927 tgt=+0.158/0.287 cfg/b=29484 prep=0.23s gpu=0.00s conv=0.01s add=0.43s train=1.12s
[t= 845.8s] rebel stream solves=860160 raw=1097/s balanced=1097/s debt=0 rows steps=3360 over=0 card=0 drop=0 L=0.00969 tgt=+0.149/0.302 cfg/b=30596 prep=0.20s gpu=0.00s conv=0.01s add=0.44s train=1.01s
[t= 855.8s] rebel stream solves=870400 raw=1096/s balanced=1096/s debt=0 rows steps=3400 over=0 card=0 drop=0 L=0.00907 tgt=+0.157/0.302 cfg/b=30194 prep=0.30s gpu=0.00s conv=0.01s add=0.43s train=1.26s
[t= 865.8s] rebel stream solves=880640 raw=1095/s balanced=1095/s debt=0 rows steps=3440 over=0 card=0 drop=0 L=0.00929 tgt=+0.159/0.301 cfg/b=30910 prep=0.18s gpu=0.00s conv=0.01s add=0.41s train=1.13s
[t= 875.8s] rebel stream solves=890880 raw=1094/s balanced=1094/s debt=0 rows steps=3480 over=0 card=0 drop=0 L=0.00891 tgt=+0.154/0.296 cfg/b=31001 prep=0.19s gpu=0.00s conv=0.01s add=0.46s train=1.07s
[t= 886.1s] rebel stream solves=901120 raw=1093/s balanced=1093/s debt=0 rows steps=3520 over=0 card=0 drop=0 L=0.00890 tgt=+0.156/0.304 cfg/b=31530 prep=0.21s gpu=0.00s conv=0.01s add=0.46s train=1.13s
[t= 896.1s] rebel stream solves=910336 raw=1091/s balanced=1091/s debt=0 rows steps=3556 over=0 card=0 drop=0 L=0.00916 tgt=+0.157/0.300 cfg/b=31310 prep=0.23s gpu=0.00s conv=0.01s add=0.39s train=1.11s
[t= 906.1s] rebel stream solves=920576 raw=1090/s balanced=1090/s debt=0 rows steps=3596 over=0 card=0 drop=0 L=0.00908 tgt=+0.151/0.297 cfg/b=31578 prep=0.20s gpu=0.00s conv=0.01s add=0.46s train=1.13s
[t= 916.2s] rebel stream solves=930816 raw=1089/s balanced=1089/s debt=0 rows steps=3636 over=0 card=0 drop=0 L=0.00938 tgt=+0.154/0.308 cfg/b=31510 prep=0.18s gpu=0.00s conv=0.01s add=0.48s train=1.11s
[t= 926.2s] rebel stream solves=942080 raw=1090/s balanced=1090/s debt=0 rows steps=3680 over=0 card=0 drop=0 L=0.00961 tgt=+0.167/0.304 cfg/b=32330 prep=0.24s gpu=0.00s conv=0.02s add=0.49s train=1.23s
[t= 936.3s] rebel stream solves=953344 raw=1090/s balanced=1090/s debt=0 rows steps=3724 over=0 card=0 drop=0 L=0.00949 tgt=+0.163/0.300 cfg/b=32428 prep=0.26s gpu=0.00s conv=0.01s add=0.49s train=1.32s
[t= 940.0s] --- stopping GPU admission; draining ---
[t= 946.3s] rebel stream solves=958464 raw=1083/s balanced=1083/s debt=0 rows steps=3744 over=0 card=0 drop=0 L=0.00938 tgt=+0.163/0.299 cfg/b=32776 prep=0.09s gpu=0.00s conv=0.01s add=0.22s train=0.55s
[t= 956.3s] rebel stream solves=958464 raw=1071/s balanced=1071/s debt=0 rows steps=3744 over=0 card=0 drop=0 L=0.00000 tgt=+0.000/0.000 cfg/b=0 prep=0.00s gpu=0.00s conv=0.00s add=0.00s train=0.00s
[t= 956.7s] rebel stream solves=959106 raw=1072/s balanced=1071/s debt=520 rows steps=3746 over=0 card=0 drop=0 L=0.00782 tgt=+0.163/0.283 cfg/b=34429 prep=0.01s gpu=0.00s conv=0.00s add=0.04s train=0.05s
[gpu-summary] solves=959106 optimizer_rows=3835904 debt=520 raw=1067.6/s balanced=1067.5/s over=0 card=0 exact=0 censored=4608 dropped=0 overrun=0.00s
[t= 960.0s] --- snapshot snap_03.pt (final) ---
[report] runs/warm-minutes16-warm_minutes1-s1/report.html
