[train] runs/gt_relu_target at 1feb485+dirty seed=1 {'minutes': 1.0, 'warm_minutes': 0.2, 'snapshot_every': 1.0, 'ladder_games': 0, 'nodes': 64, 'expand': 1, 'iters': 8, 'config_cap': 256, 'gen_workers': 72, 'gen_solves': 1, 'gpu_inference': False, 'note': 'v12-relu-native-cpu'}
[train] v12-relu-native-cpu
[train] CUDA stream priority -1
[train] search inference on CPU
[cfg] PUBFEAT=897 CFEAT=15 architecture=gt-cfr nodes=64 expand=1 iters=8 budget=60s warm=12s snapshot_every=1min device=cuda:1 draft=random train_gen_ratio=64.0 recent_mix=0.5/0.2 canonical_views=2 cap=2000000 matmul=high
[t=   1.3s] greedy ep  0 games=  96 dec= 18968 rows= 18118 horizon=0.30 L=0.29443 L/var=2.00 tgt=-0.065/0.384 pstd=0.099 gen=0.1s train=1.1s
[t=   2.0s] greedy ep  1 games=  96 dec= 18844 rows= 18051 horizon=0.33 L=0.19472 L/var=1.12 tgt=-0.083/0.417 pstd=0.145 gen=0.1s train=0.6s
[t=   2.8s] greedy ep  2 games=  96 dec= 18181 rows= 17414 horizon=0.27 L=0.20527 L/var=1.30 tgt=-0.076/0.397 pstd=0.288 gen=0.1s train=0.5s
[t=   3.6s] greedy ep  3 games=  96 dec= 17989 rows= 17120 horizon=0.26 L=0.12657 L/var=0.83 tgt=-0.077/0.389 pstd=0.393 gen=0.1s train=0.6s
[t=   4.4s] greedy ep  4 games=  96 dec= 18823 rows= 18078 horizon=0.29 L=0.08098 L/var=0.53 tgt=-0.064/0.392 pstd=0.378 gen=0.1s train=0.6s
[t=   5.3s] greedy ep  5 games=  96 dec= 18924 rows= 18146 horizon=0.33 L=0.05320 L/var=0.36 tgt=-0.051/0.384 pstd=0.411 gen=0.1s train=0.6s
[t=   6.1s] greedy ep  6 games=  96 dec= 17615 rows= 16921 horizon=0.26 L=0.03986 L/var=0.25 tgt=-0.082/0.402 pstd=0.373 gen=0.1s train=0.6s
[t=   6.9s] greedy ep  7 games=  96 dec= 18608 rows= 17786 horizon=0.36 L=0.03897 L/var=0.22 tgt=-0.092/0.417 pstd=0.410 gen=0.1s train=0.6s
[t=   7.8s] greedy ep  8 games=  96 dec= 19040 rows= 18296 horizon=0.36 L=0.05769 L/var=0.36 tgt=-0.064/0.398 pstd=0.374 gen=0.1s train=0.6s
[t=   8.6s] greedy ep  9 games=  96 dec= 18200 rows= 17459 horizon=0.27 L=0.07406 L/var=0.44 tgt=-0.090/0.411 pstd=0.360 gen=0.1s train=0.6s
[t=   9.4s] greedy ep 10 games=  96 dec= 17927 rows= 17200 horizon=0.24 L=0.04600 L/var=0.28 tgt=-0.082/0.404 pstd=0.374 gen=0.1s train=0.6s
[t=  10.3s] greedy ep 11 games=  96 dec= 17941 rows= 17162 horizon=0.28 L=0.02910 L/var=0.18 tgt=-0.100/0.400 pstd=0.372 gen=0.1s train=0.6s
[t=  11.0s] greedy ep 12 games=  96 dec= 17384 rows= 16648 horizon=0.25 L=0.02480 L/var=0.18 tgt=-0.053/0.370 pstd=0.373 gen=0.1s train=0.6s
[t=  11.9s] greedy ep 13 games=  96 dec= 18153 rows= 17377 horizon=0.28 L=0.02618 L/var=0.16 tgt=-0.090/0.400 pstd=0.374 gen=0.1s train=0.6s
[t=  12.7s] greedy ep 14 games=  96 dec= 18097 rows= 17377 horizon=0.26 L=0.02443 L/var=0.16 tgt=-0.061/0.388 pstd=0.373 gen=0.1s train=0.6s
[t=  12.7s] --- snapshot snap_00.pt (init) ---
[t=  12.7s] --- switching to GT-CFR ---
[t=  22.8s] GT-CFR solves=3104 rate=308.9/s rows=5 games=0 caps=7 L=0.03363 L/var=0.31 tgt=-0.342/0.330 gen=0.02s train=0.04s gpu=0.00s
[t=  28.6s] --- lr -> 5.00e-04 ---
[t=  32.8s] GT-CFR solves=6336 rate=316.0/s rows=5 games=0 caps=26 L=0.03878 L/var=0.72 tgt=+0.059/0.232 gen=0.02s train=0.04s gpu=0.00s
[t=  42.8s] GT-CFR solves=9808 rate=326.0/s rows=4 games=0 caps=33 L=0.04378 L/var=12.19 tgt=-0.009/0.060 gen=0.02s train=0.04s gpu=0.00s
[t=  44.9s] --- lr -> 2.50e-04 ---
[t=  52.8s] GT-CFR solves=13280 rate=331.2/s rows=3 games=0 caps=33 L=0.04187 L/var=0.70 tgt=+0.063/0.244 gen=0.01s train=0.04s gpu=0.00s
[GT-CFR-summary] solves=15824 optimizer_rows=1012736 rate=123.2/s horizon=0.05 games=37 caps=33
[t= 141.2s] --- snapshot snap_01.pt (final) ---
