[cfg] PUBFEAT=972 CFEAT=16 hidden=384 dg=64 rank=64 depth=2 iters=16 budget=600s warm=90s device=cpu draft=starter gate_every=1200s promote=0.55 train_gen_ratio=4.0 augment=True cap=2000000
[t=   3.3s] greedy ep  0 games=  96 dec= 17927 cap=0.35 cfgs= 24.4 L=0.08724 tgt=-0.018/0.479 pstd=0.424 capv=0.040 lr=1.0e-03 gen=0.1s train=3.1s
[t=   6.8s] greedy ep  1 games=  96 dec= 16382 cap=0.21 cfgs= 25.8 L=0.05353 tgt=-0.036/0.522 pstd=0.454 capv=0.040 lr=1.0e-03 gen=0.1s train=3.4s
[t=  10.4s] greedy ep  2 games=  96 dec= 17994 cap=0.34 cfgs= 22.6 L=0.04597 tgt=-0.016/0.468 pstd=0.478 capv=0.040 lr=1.0e-03 gen=0.1s train=3.4s
[t=  14.1s] greedy ep  3 games=  96 dec= 16632 cap=0.23 cfgs= 24.8 L=0.05127 tgt=-0.007/0.534 pstd=0.413 capv=0.040 lr=1.0e-03 gen=0.1s train=3.5s
[t=  18.0s] greedy ep  4 games=  96 dec= 17648 cap=0.35 cfgs= 24.1 L=0.04659 tgt=-0.002/0.450 pstd=0.430 capv=0.040 lr=1.0e-03 gen=0.1s train=3.7s
[t=  21.7s] greedy ep  5 games=  96 dec= 17867 cap=0.32 cfgs= 24.3 L=0.04939 tgt=+0.002/0.450 pstd=0.424 capv=0.040 lr=1.0e-03 gen=0.1s train=3.6s
[t=  25.3s] greedy ep  6 games=  96 dec= 17479 cap=0.31 cfgs= 23.7 L=0.04850 tgt=-0.025/0.488 pstd=0.457 capv=0.040 lr=1.0e-03 gen=0.1s train=3.4s
[t=  28.6s] greedy ep  7 games=  96 dec= 16916 cap=0.29 cfgs= 24.2 L=0.05476 tgt=-0.041/0.497 pstd=0.418 capv=0.040 lr=1.0e-03 gen=0.1s train=3.1s
[t=  31.9s] greedy ep  8 games=  96 dec= 16818 cap=0.26 cfgs= 22.9 L=0.05297 tgt=-0.034/0.494 pstd=0.446 capv=0.040 lr=1.0e-03 gen=0.1s train=3.1s
[t=  35.6s] greedy ep  9 games=  96 dec= 17675 cap=0.34 cfgs= 24.2 L=0.05588 tgt=-0.034/0.474 pstd=0.442 capv=0.040 lr=1.0e-03 gen=0.1s train=3.5s
[t=  39.2s] greedy ep 10 games=  96 dec= 17124 cap=0.30 cfgs= 27.0 L=0.05712 tgt=-0.054/0.509 pstd=0.431 capv=0.040 lr=1.0e-03 gen=0.1s train=3.5s
[t=  42.7s] greedy ep 11 games=  96 dec= 17478 cap=0.32 cfgs= 22.4 L=0.05668 tgt=-0.028/0.487 pstd=0.420 capv=0.040 lr=1.0e-03 gen=0.1s train=3.3s
[t=  46.3s] greedy ep 12 games=  96 dec= 17894 cap=0.32 cfgs= 24.0 L=0.05787 tgt=-0.039/0.483 pstd=0.398 capv=0.040 lr=1.0e-03 gen=0.1s train=3.5s
[t=  50.0s] greedy ep 13 games=  96 dec= 17324 cap=0.31 cfgs= 25.2 L=0.05917 tgt=-0.028/0.503 pstd=0.408 capv=0.040 lr=1.0e-03 gen=0.1s train=3.5s
[t=  53.4s] greedy ep 14 games=  96 dec= 17193 cap=0.29 cfgs= 25.5 L=0.06033 tgt=-0.016/0.495 pstd=0.404 capv=0.040 lr=1.0e-03 gen=0.1s train=3.2s
[t=  56.8s] greedy ep 15 games=  96 dec= 16793 cap=0.28 cfgs= 24.1 L=0.06401 tgt=-0.025/0.508 pstd=0.395 capv=0.040 lr=1.0e-03 gen=0.1s train=3.2s
[t=  60.6s] greedy ep 16 games=  96 dec= 17898 cap=0.29 cfgs= 22.8 L=0.06090 tgt=-0.019/0.485 pstd=0.436 capv=0.040 lr=1.0e-03 gen=0.1s train=3.7s
[t=  63.8s] greedy ep 17 games=  96 dec= 16393 cap=0.22 cfgs= 25.8 L=0.06438 tgt=-0.018/0.525 pstd=0.418 capv=0.040 lr=1.0e-03 gen=0.1s train=3.0s
[t=  67.7s] greedy ep 18 games=  96 dec= 18333 cap=0.36 cfgs= 23.9 L=0.06268 tgt=-0.042/0.461 pstd=0.375 capv=0.040 lr=1.0e-03 gen=0.1s train=3.7s
[t=  71.6s] greedy ep 19 games=  96 dec= 16156 cap=0.18 cfgs= 26.2 L=0.06282 tgt=-0.007/0.537 pstd=0.416 capv=0.040 lr=1.0e-03 gen=0.6s train=3.2s
[t=  75.1s] greedy ep 20 games=  96 dec= 16950 cap=0.30 cfgs= 23.8 L=0.06596 tgt=-0.045/0.495 pstd=0.408 capv=0.040 lr=1.0e-03 gen=0.1s train=3.3s
[t=  78.6s] greedy ep 21 games=  96 dec= 17061 cap=0.28 cfgs= 25.4 L=0.06378 tgt=-0.026/0.494 pstd=0.398 capv=0.040 lr=1.0e-03 gen=0.1s train=3.3s
[t=  81.9s] greedy ep 22 games=  96 dec= 17073 cap=0.27 cfgs= 24.9 L=0.06385 tgt=-0.016/0.483 pstd=0.397 capv=0.040 lr=1.0e-03 gen=0.1s train=3.1s
[t=  85.3s] greedy ep 23 games=  96 dec= 16716 cap=0.26 cfgs= 24.7 L=0.06441 tgt=-0.010/0.508 pstd=0.417 capv=0.040 lr=1.0e-03 gen=0.1s train=3.2s
[t=  88.9s] greedy ep 24 games=  96 dec= 16930 cap=0.25 cfgs= 24.5 L=0.06622 tgt=-0.001/0.499 pstd=0.400 capv=0.040 lr=1.0e-03 gen=0.1s train=3.4s
[t=  92.0s] greedy ep 25 games=  96 dec= 16806 cap=0.22 cfgs= 24.7 L=0.06844 tgt=+0.014/0.488 pstd=0.412 capv=0.040 lr=1.0e-03 gen=0.1s train=2.9s
[t=  92.0s] --- initial checkpoint saved, switching to ReBeL ---
[t= 101.1s] rebel  ep 26 games=  48 dec=  7470 cap=0.12 cfgs= 21.7 L=0.02637 tgt=-0.025/0.465 pstd=0.357 capv=0.040 lr=1.0e-03 gen=8.4s train=0.7s
[t= 109.5s] rebel  ep 27 games=  48 dec=  6440 cap=0.04 cfgs= 20.7 L=0.01943 tgt=-0.035/0.396 pstd=0.360 capv=0.038 lr=1.0e-03 gen=7.7s train=0.6s
[t= 116.5s] rebel  ep 28 games=  48 dec=  6056 cap=0.06 cfgs= 19.6 L=0.01701 tgt=-0.036/0.394 pstd=0.349 capv=0.036 lr=1.0e-03 gen=6.5s train=0.5s
[t= 123.7s] rebel  ep 29 games=  48 dec=  5996 cap=0.06 cfgs= 18.3 L=0.01536 tgt=-0.040/0.492 pstd=0.347 capv=0.035 lr=1.0e-03 gen=6.6s train=0.5s
[t= 131.2s] rebel  ep 30 games=  48 dec=  6029 cap=0.06 cfgs= 18.0 L=0.01409 tgt=-0.025/0.411 pstd=0.343 capv=0.033 lr=1.0e-03 gen=7.0s train=0.5s
[t= 138.4s] rebel  ep 31 games=  48 dec=  5635 cap=0.00 cfgs= 20.2 L=0.01405 tgt=-0.077/0.453 pstd=0.356 capv=0.032 lr=1.0e-03 gen=6.7s train=0.4s
[t= 145.8s] rebel  ep 32 games=  48 dec=  6145 cap=0.08 cfgs= 18.1 L=0.01419 tgt=-0.072/0.445 pstd=0.342 capv=0.031 lr=1.0e-03 gen=7.0s train=0.4s
[t= 152.7s] rebel  ep 33 games=  48 dec=  5407 cap=0.02 cfgs= 18.0 L=0.01366 tgt=-0.050/0.425 pstd=0.344 capv=0.029 lr=1.0e-03 gen=6.4s train=0.4s
[t= 160.1s] rebel  ep 34 games=  48 dec=  5706 cap=0.02 cfgs= 19.7 L=0.01355 tgt=-0.059/0.463 pstd=0.344 capv=0.028 lr=1.0e-03 gen=6.9s train=0.5s
[t= 167.3s] rebel  ep 35 games=  48 dec=  5299 cap=0.06 cfgs= 17.4 L=0.01346 tgt=-0.068/0.442 pstd=0.336 capv=0.026 lr=1.0e-03 gen=6.8s train=0.4s
[t= 174.6s] rebel  ep 36 games=  48 dec=  5270 cap=0.02 cfgs= 19.4 L=0.01349 tgt=-0.025/0.398 pstd=0.353 capv=0.025 lr=1.0e-03 gen=6.9s train=0.4s
[t= 182.3s] rebel  ep 37 games=  48 dec=  6032 cap=0.04 cfgs= 16.3 L=0.01323 tgt=-0.033/0.448 pstd=0.334 capv=0.023 lr=1.0e-03 gen=7.2s train=0.5s
[t= 190.0s] rebel  ep 38 games=  48 dec=  5097 cap=0.00 cfgs= 20.6 L=0.01400 tgt=-0.060/0.415 pstd=0.354 capv=0.022 lr=1.0e-03 gen=7.3s train=0.4s
[t= 197.6s] rebel  ep 39 games=  48 dec=  5618 cap=0.06 cfgs= 17.4 L=0.01358 tgt=-0.069/0.423 pstd=0.346 capv=0.020 lr=1.0e-03 gen=7.1s train=0.4s
[t= 205.2s] rebel  ep 40 games=  48 dec=  5280 cap=0.04 cfgs= 19.4 L=0.01264 tgt=-0.070/0.449 pstd=0.348 capv=0.019 lr=1.0e-03 gen=7.3s train=0.4s
[t= 213.3s] rebel  ep 41 games=  48 dec=  4907 cap=0.02 cfgs= 20.7 L=0.01317 tgt=-0.092/0.436 pstd=0.349 capv=0.017 lr=1.0e-03 gen=7.6s train=0.4s
[t= 221.3s] rebel  ep 42 games=  48 dec=  5558 cap=0.04 cfgs= 18.9 L=0.01342 tgt=-0.118/0.531 pstd=0.341 capv=0.016 lr=1.0e-03 gen=7.5s train=0.4s
[t= 229.8s] rebel  ep 43 games=  48 dec=  5200 cap=0.00 cfgs= 19.1 L=0.01248 tgt=-0.031/0.434 pstd=0.350 capv=0.014 lr=1.0e-03 gen=8.0s train=0.5s
[t= 240.1s] rebel  ep 44 games=  48 dec=  5470 cap=0.06 cfgs= 17.7 L=0.01285 tgt=-0.051/0.416 pstd=0.349 capv=0.013 lr=1.0e-03 gen=9.6s train=0.6s
[t= 250.5s] rebel  ep 45 games=  48 dec=  5255 cap=0.02 cfgs= 18.9 L=0.01295 tgt=-0.035/0.415 pstd=0.343 capv=0.011 lr=1.0e-03 gen=9.7s train=0.6s
[t= 266.1s] rebel  ep 46 games=  48 dec=  5345 cap=0.04 cfgs= 18.5 L=0.01335 tgt=-0.064/0.401 pstd=0.345 capv=0.009 lr=1.0e-03 gen=14.5s train=1.1s
[t= 266.1s] --- lr -> 5.00e-04 ---
[t= 279.9s] rebel  ep 47 games=  48 dec=  4413 cap=0.02 cfgs= 19.6 L=0.01212 tgt=-0.078/0.415 pstd=0.348 capv=0.005 lr=5.0e-04 gen=12.7s train=1.0s
[t= 295.5s] rebel  ep 48 games=  48 dec=  5567 cap=0.00 cfgs= 18.4 L=0.01257 tgt=-0.071/0.463 pstd=0.351 capv=0.003 lr=5.0e-04 gen=14.4s train=1.2s
[t= 307.5s] rebel  ep 49 games=  48 dec=  5531 cap=0.02 cfgs= 18.4 L=0.01273 tgt=-0.052/0.414 pstd=0.346 capv=0.000 lr=5.0e-04 gen=11.5s train=0.5s
[t= 316.9s] rebel  ep 50 games=  48 dec=  5369 cap=0.02 cfgs= 18.3 L=0.01262 tgt=-0.062/0.425 pstd=0.342 capv=0.000 lr=5.0e-04 gen=8.9s train=0.4s
[t= 326.5s] rebel  ep 51 games=  48 dec=  5609 cap=0.04 cfgs= 18.2 L=0.01256 tgt=-0.029/0.439 pstd=0.343 capv=0.000 lr=5.0e-04 gen=9.1s train=0.4s
[t= 335.3s] rebel  ep 52 games=  48 dec=  4956 cap=0.02 cfgs= 18.6 L=0.01217 tgt=-0.049/0.448 pstd=0.340 capv=0.000 lr=5.0e-04 gen=8.3s train=0.4s
[t= 344.6s] rebel  ep 53 games=  48 dec=  5490 cap=0.02 cfgs= 18.6 L=0.01246 tgt=-0.015/0.407 pstd=0.339 capv=0.000 lr=5.0e-04 gen=8.8s train=0.5s
[t= 354.1s] rebel  ep 54 games=  48 dec=  5000 cap=0.00 cfgs= 20.0 L=0.01314 tgt=-0.032/0.401 pstd=0.345 capv=0.000 lr=5.0e-04 gen=9.1s train=0.4s
[t= 363.1s] rebel  ep 55 games=  48 dec=  4811 cap=0.02 cfgs= 19.0 L=0.01268 tgt=-0.089/0.429 pstd=0.339 capv=0.000 lr=5.0e-04 gen=8.6s train=0.3s
[t= 372.7s] rebel  ep 56 games=  48 dec=  5063 cap=0.04 cfgs= 19.1 L=0.01325 tgt=-0.053/0.411 pstd=0.340 capv=0.000 lr=5.0e-04 gen=9.2s train=0.4s
[t= 384.4s] rebel  ep 57 games=  48 dec=  5525 cap=0.00 cfgs= 17.9 L=0.01245 tgt=-0.058/0.401 pstd=0.345 capv=0.000 lr=5.0e-04 gen=11.0s train=0.6s
[t= 402.1s] rebel  ep 58 games=  48 dec=  5148 cap=0.02 cfgs= 18.2 L=0.01251 tgt=-0.027/0.368 pstd=0.353 capv=0.000 lr=5.0e-04 gen=16.5s train=1.2s
[t= 419.3s] rebel  ep 59 games=  48 dec=  5100 cap=0.04 cfgs= 19.9 L=0.01318 tgt=-0.044/0.412 pstd=0.347 capv=0.000 lr=5.0e-04 gen=15.9s train=1.1s
[t= 435.4s] rebel  ep 60 games=  48 dec=  4942 cap=0.02 cfgs= 19.6 L=0.01297 tgt=-0.069/0.438 pstd=0.346 capv=0.000 lr=5.0e-04 gen=15.0s train=1.1s
[t= 435.4s] --- lr -> 2.50e-04 ---
[t= 447.2s] rebel  ep 61 games=  48 dec=  5741 cap=0.02 cfgs= 16.8 L=0.01297 tgt=-0.025/0.391 pstd=0.345 capv=0.000 lr=2.5e-04 gen=11.2s train=0.6s
[t= 458.1s] rebel  ep 62 games=  48 dec=  5102 cap=0.02 cfgs= 17.7 L=0.01347 tgt=-0.040/0.428 pstd=0.343 capv=0.000 lr=2.5e-04 gen=10.4s train=0.4s
[t= 469.1s] rebel  ep 63 games=  48 dec=  5389 cap=0.00 cfgs= 18.8 L=0.01298 tgt=-0.055/0.411 pstd=0.347 capv=0.000 lr=2.5e-04 gen=10.4s train=0.5s
[t= 480.5s] rebel  ep 64 games=  48 dec=  5275 cap=0.04 cfgs= 17.7 L=0.01264 tgt=-0.041/0.419 pstd=0.348 capv=0.000 lr=2.5e-04 gen=10.8s train=0.6s
[t= 492.0s] rebel  ep 65 games=  48 dec=  5362 cap=0.02 cfgs= 17.5 L=0.01256 tgt=-0.012/0.406 pstd=0.346 capv=0.000 lr=2.5e-04 gen=11.0s train=0.5s
[t= 502.3s] rebel  ep 66 games=  48 dec=  4740 cap=0.02 cfgs= 18.5 L=0.01317 tgt=-0.046/0.382 pstd=0.345 capv=0.000 lr=2.5e-04 gen=9.8s train=0.4s
[t= 513.3s] rebel  ep 67 games=  48 dec=  5036 cap=0.02 cfgs= 19.0 L=0.01261 tgt=-0.060/0.458 pstd=0.348 capv=0.000 lr=2.5e-04 gen=10.5s train=0.5s
[t= 526.3s] rebel  ep 68 games=  48 dec=  5223 cap=0.02 cfgs= 19.7 L=0.01250 tgt=-0.018/0.429 pstd=0.343 capv=0.000 lr=2.5e-04 gen=12.4s train=0.5s
[t= 537.7s] rebel  ep 69 games=  48 dec=  4811 cap=0.00 cfgs= 18.3 L=0.01308 tgt=-0.068/0.395 pstd=0.346 capv=0.000 lr=2.5e-04 gen=10.9s train=0.4s
[t= 550.6s] rebel  ep 70 games=  48 dec=  5202 cap=0.04 cfgs= 18.1 L=0.01312 tgt=-0.076/0.403 pstd=0.347 capv=0.000 lr=2.5e-04 gen=12.4s train=0.5s
[t= 563.1s] rebel  ep 71 games=  48 dec=  5208 cap=0.04 cfgs= 17.6 L=0.01280 tgt=-0.034/0.399 pstd=0.350 capv=0.000 lr=2.5e-04 gen=12.0s train=0.5s
[t= 575.9s] rebel  ep 72 games=  48 dec=  5199 cap=0.00 cfgs= 18.6 L=0.01331 tgt=-0.031/0.416 pstd=0.344 capv=0.000 lr=2.5e-04 gen=12.1s train=0.7s
[t= 589.6s] rebel  ep 73 games=  48 dec=  5617 cap=0.02 cfgs= 18.3 L=0.01288 tgt=-0.063/0.461 pstd=0.344 capv=0.000 lr=2.5e-04 gen=13.1s train=0.5s
[t= 601.9s] rebel  ep 74 games=  48 dec=  5121 cap=0.02 cfgs= 18.8 L=0.01217 tgt=-0.029/0.403 pstd=0.350 capv=0.000 lr=2.5e-04 gen=11.7s train=0.5s

=== evaluation on the real game (horizon payoff 0; training ended at 0.000) ===
final checkpoint vs Greedy             W 370 L   1 D  29   score 0.961 +- 0.019
final checkpoint vs initial checkpoint W 371 L  19 D  10   score 0.940 +- 0.024

GOAL: the run produced a checkpoint better than the initial one that also beats Greedy -> PASS
      (ReBeL self-play must carry the warm-started network past its own start; final_vs_init is the headline)
