[train] runs/sw_128_97 at 6eee99b+dirty seed=97 {'minutes': 7.0, 'warm_minutes': 5.0, 'ladder_games': 0, 'depth': 2, 'iters': 64, 'cfr': 'dcfr', 'gpu_actors': 128, 'seed': 97, 'note': 'seed-sweep'}
[train] seed-sweep
[cpu] pinned to 36 physical cores
[train] CUDA stream priority -1
[gpu] solve services up on [0, 1]
[cfg] PUBFEAT=897 CFEAT=15 architecture=v4 depth=2 iters=64 budget=420s warm=300s snapshot_every=6min device=cuda:1 draft=random train_gen_ratio=4.0 recent_mix=0.5/0.2 canonical_views=2 cap=2000000 matmul=high
[t=   1.2s] greedy ep  0 games=  96 dec= 18820 rows= 18069 horizon=0.33 L=0.11476 L/var=0.71 tgt=-0.091/0.402 pstd=0.383 gen=0.1s train=1.0s
[t=   1.8s] greedy ep  1 games=  96 dec= 18708 rows= 17919 horizon=0.28 L=0.07999 L/var=0.45 tgt=-0.078/0.423 pstd=0.366 gen=0.1s train=0.4s
[t=   2.4s] greedy ep  2 games=  96 dec= 18928 rows= 18231 horizon=0.28 L=0.05775 L/var=0.38 tgt=-0.076/0.390 pstd=0.386 gen=0.1s train=0.4s
[t=   3.0s] greedy ep  3 games=  96 dec= 18675 rows= 17825 horizon=0.28 L=0.04185 L/var=0.27 tgt=-0.078/0.393 pstd=0.380 gen=0.1s train=0.4s
[t=   3.6s] greedy ep  4 games=  96 dec= 17561 rows= 16822 horizon=0.21 L=0.03751 L/var=0.23 tgt=-0.079/0.406 pstd=0.381 gen=0.1s train=0.4s
[t=   4.1s] greedy ep  5 games=  96 dec= 17230 rows= 16594 horizon=0.30 L=0.02203 L/var=0.12 tgt=-0.102/0.429 pstd=0.418 gen=0.1s train=0.4s
[t=   4.7s] greedy ep  6 games=  96 dec= 17785 rows= 17011 horizon=0.23 L=0.01457 L/var=0.09 tgt=-0.062/0.400 pstd=0.399 gen=0.1s train=0.4s
[t=   5.3s] greedy ep  7 games=  96 dec= 18697 rows= 17913 horizon=0.31 L=0.01386 L/var=0.09 tgt=-0.082/0.397 pstd=0.377 gen=0.1s train=0.4s
[t=   5.9s] greedy ep  8 games=  96 dec= 16961 rows= 16258 horizon=0.20 L=0.01048 L/var=0.07 tgt=-0.076/0.389 pstd=0.424 gen=0.1s train=0.4s
[t=   6.5s] greedy ep  9 games=  96 dec= 18396 rows= 17682 horizon=0.25 L=0.00771 L/var=0.05 tgt=-0.087/0.401 pstd=0.415 gen=0.1s train=0.4s
[t=   7.1s] greedy ep 10 games=  96 dec= 19206 rows= 18299 horizon=0.32 L=0.00716 L/var=0.05 tgt=-0.088/0.389 pstd=0.414 gen=0.1s train=0.4s
[t=   7.7s] greedy ep 11 games=  96 dec= 17796 rows= 17040 horizon=0.23 L=0.00739 L/var=0.05 tgt=-0.085/0.405 pstd=0.410 gen=0.1s train=0.4s
[t=   8.3s] greedy ep 12 games=  96 dec= 18780 rows= 18002 horizon=0.28 L=0.00933 L/var=0.06 tgt=-0.055/0.401 pstd=0.424 gen=0.1s train=0.4s
[t=   8.9s] greedy ep 13 games=  96 dec= 18751 rows= 17949 horizon=0.29 L=0.00684 L/var=0.04 tgt=-0.083/0.407 pstd=0.421 gen=0.1s train=0.4s
[t=   9.5s] greedy ep 14 games=  96 dec= 17719 rows= 17004 horizon=0.25 L=0.00505 L/var=0.03 tgt=-0.056/0.416 pstd=0.408 gen=0.1s train=0.4s
[t=  10.2s] greedy ep 15 games=  96 dec= 19096 rows= 18347 horizon=0.32 L=0.00448 L/var=0.03 tgt=-0.088/0.397 pstd=0.422 gen=0.1s train=0.4s
[t=  10.8s] greedy ep 16 games=  96 dec= 19129 rows= 18310 horizon=0.31 L=0.00485 L/var=0.03 tgt=-0.074/0.403 pstd=0.409 gen=0.1s train=0.4s
[t=  11.4s] greedy ep 17 games=  96 dec= 18613 rows= 17837 horizon=0.31 L=0.00742 L/var=0.04 tgt=-0.086/0.412 pstd=0.382 gen=0.1s train=0.4s
[t=  12.0s] greedy ep 18 games=  96 dec= 18825 rows= 17986 horizon=0.29 L=0.00586 L/var=0.03 tgt=-0.084/0.409 pstd=0.428 gen=0.1s train=0.4s
[t=  12.6s] greedy ep 19 games=  96 dec= 17737 rows= 16923 horizon=0.20 L=0.00400 L/var=0.03 tgt=-0.080/0.398 pstd=0.424 gen=0.1s train=0.4s
[t=  13.2s] greedy ep 20 games=  96 dec= 18842 rows= 17900 horizon=0.27 L=0.00363 L/var=0.02 tgt=-0.074/0.389 pstd=0.419 gen=0.1s train=0.4s
[t=  13.8s] greedy ep 21 games=  96 dec= 17840 rows= 17161 horizon=0.26 L=0.00419 L/var=0.02 tgt=-0.101/0.418 pstd=0.409 gen=0.1s train=0.4s
[t=  14.4s] greedy ep 22 games=  96 dec= 18619 rows= 17816 horizon=0.31 L=0.00379 L/var=0.02 tgt=-0.075/0.399 pstd=0.416 gen=0.1s train=0.4s
[t=  15.0s] greedy ep 23 games=  96 dec= 18686 rows= 17864 horizon=0.32 L=0.00334 L/var=0.02 tgt=-0.060/0.402 pstd=0.416 gen=0.1s train=0.4s
[t=  15.6s] greedy ep 24 games=  96 dec= 19506 rows= 18671 horizon=0.35 L=0.00444 L/var=0.03 tgt=-0.061/0.384 pstd=0.418 gen=0.1s train=0.4s
[t=  16.2s] greedy ep 25 games=  96 dec= 17297 rows= 16553 horizon=0.20 L=0.00413 L/var=0.02 tgt=-0.077/0.410 pstd=0.395 gen=0.1s train=0.4s
[t=  16.8s] greedy ep 26 games=  96 dec= 18651 rows= 17847 horizon=0.30 L=0.00450 L/var=0.03 tgt=-0.057/0.392 pstd=0.426 gen=0.1s train=0.4s
[t=  17.4s] greedy ep 27 games=  96 dec= 18374 rows= 17570 horizon=0.31 L=0.00380 L/var=0.02 tgt=-0.074/0.395 pstd=0.403 gen=0.1s train=0.4s
[t=  18.0s] greedy ep 28 games=  96 dec= 19071 rows= 18287 horizon=0.31 L=0.00368 L/var=0.02 tgt=-0.088/0.416 pstd=0.417 gen=0.1s train=0.4s
[t=  18.6s] greedy ep 29 games=  96 dec= 17960 rows= 17239 horizon=0.27 L=0.00281 L/var=0.02 tgt=-0.045/0.377 pstd=0.415 gen=0.1s train=0.4s
[t=  19.1s] greedy ep 30 games=  96 dec= 17913 rows= 17209 horizon=0.28 L=0.00313 L/var=0.02 tgt=-0.074/0.412 pstd=0.409 gen=0.1s train=0.4s
[t=  19.8s] greedy ep 31 games=  96 dec= 18858 rows= 18092 horizon=0.33 L=0.00329 L/var=0.02 tgt=-0.061/0.395 pstd=0.417 gen=0.1s train=0.5s
[t=  20.4s] greedy ep 32 games=  96 dec= 18905 rows= 18064 horizon=0.25 L=0.00637 L/var=0.04 tgt=-0.086/0.401 pstd=0.372 gen=0.1s train=0.4s
[t=  21.0s] greedy ep 33 games=  96 dec= 18237 rows= 17472 horizon=0.29 L=0.00638 L/var=0.04 tgt=-0.075/0.416 pstd=0.416 gen=0.1s train=0.4s
[t=  21.6s] greedy ep 34 games=  96 dec= 18629 rows= 17912 horizon=0.32 L=0.00359 L/var=0.02 tgt=-0.058/0.402 pstd=0.406 gen=0.1s train=0.4s
[t=  22.2s] greedy ep 35 games=  96 dec= 19089 rows= 18294 horizon=0.26 L=0.00267 L/var=0.02 tgt=-0.074/0.403 pstd=0.416 gen=0.1s train=0.4s
[t=  22.9s] greedy ep 36 games=  96 dec= 18478 rows= 17842 horizon=0.31 L=0.00223 L/var=0.01 tgt=-0.071/0.403 pstd=0.412 gen=0.1s train=0.4s
[t=  23.5s] greedy ep 37 games=  96 dec= 18989 rows= 18187 horizon=0.30 L=0.00220 L/var=0.01 tgt=-0.070/0.396 pstd=0.412 gen=0.1s train=0.4s
[t=  24.1s] greedy ep 38 games=  96 dec= 19050 rows= 18294 horizon=0.32 L=0.00211 L/var=0.01 tgt=-0.065/0.397 pstd=0.419 gen=0.1s train=0.4s
[t=  24.7s] greedy ep 39 games=  96 dec= 18760 rows= 17980 horizon=0.31 L=0.00190 L/var=0.01 tgt=-0.071/0.392 pstd=0.408 gen=0.1s train=0.4s
[t=  25.3s] greedy ep 40 games=  96 dec= 18325 rows= 17585 horizon=0.25 L=0.00196 L/var=0.01 tgt=-0.054/0.382 pstd=0.411 gen=0.1s train=0.4s
[t=  25.9s] greedy ep 41 games=  96 dec= 18453 rows= 17750 horizon=0.32 L=0.00243 L/var=0.01 tgt=-0.091/0.404 pstd=0.414 gen=0.1s train=0.4s
[t=  26.5s] greedy ep 42 games=  96 dec= 19178 rows= 18299 horizon=0.25 L=0.00206 L/var=0.01 tgt=-0.072/0.405 pstd=0.414 gen=0.1s train=0.4s
[t=  27.1s] greedy ep 43 games=  96 dec= 17877 rows= 17169 horizon=0.28 L=0.00177 L/var=0.01 tgt=-0.078/0.399 pstd=0.416 gen=0.1s train=0.4s
[t=  27.7s] greedy ep 44 games=  96 dec= 17164 rows= 16494 horizon=0.22 L=0.00174 L/var=0.01 tgt=-0.082/0.403 pstd=0.414 gen=0.1s train=0.4s
[t=  28.3s] greedy ep 45 games=  96 dec= 18839 rows= 18049 horizon=0.31 L=0.00169 L/var=0.01 tgt=-0.093/0.408 pstd=0.416 gen=0.1s train=0.4s
[t=  28.9s] greedy ep 46 games=  96 dec= 19132 rows= 18369 horizon=0.36 L=0.00209 L/var=0.01 tgt=-0.060/0.407 pstd=0.415 gen=0.1s train=0.4s
[t=  29.5s] greedy ep 47 games=  96 dec= 18556 rows= 17770 horizon=0.29 L=0.00237 L/var=0.01 tgt=-0.070/0.414 pstd=0.417 gen=0.1s train=0.4s
[t=  30.1s] greedy ep 48 games=  96 dec= 19553 rows= 18643 horizon=0.31 L=0.00182 L/var=0.01 tgt=-0.062/0.386 pstd=0.412 gen=0.1s train=0.4s
[t=  30.7s] greedy ep 49 games=  96 dec= 18630 rows= 17848 horizon=0.31 L=0.00187 L/var=0.01 tgt=-0.072/0.394 pstd=0.409 gen=0.1s train=0.4s
[t=  31.4s] greedy ep 50 games=  96 dec= 18792 rows= 18067 horizon=0.36 L=0.00159 L/var=0.01 tgt=-0.108/0.426 pstd=0.413 gen=0.1s train=0.4s
[t=  32.0s] greedy ep 51 games=  96 dec= 18401 rows= 17622 horizon=0.26 L=0.00152 L/var=0.01 tgt=-0.079/0.401 pstd=0.410 gen=0.1s train=0.4s
[t=  32.6s] greedy ep 52 games=  96 dec= 18533 rows= 17806 horizon=0.30 L=0.00176 L/var=0.01 tgt=-0.087/0.427 pstd=0.412 gen=0.1s train=0.4s
[t=  33.1s] greedy ep 53 games=  96 dec= 17415 rows= 16682 horizon=0.21 L=0.00240 L/var=0.02 tgt=-0.061/0.393 pstd=0.417 gen=0.1s train=0.4s
[t=  33.7s] greedy ep 54 games=  96 dec= 18257 rows= 17491 horizon=0.32 L=0.00210 L/var=0.01 tgt=-0.079/0.406 pstd=0.416 gen=0.1s train=0.4s
[t=  34.3s] greedy ep 55 games=  96 dec= 18277 rows= 17560 horizon=0.28 L=0.00165 L/var=0.01 tgt=-0.075/0.393 pstd=0.415 gen=0.1s train=0.4s
[t=  34.9s] greedy ep 56 games=  96 dec= 18567 rows= 17790 horizon=0.28 L=0.00149 L/var=0.01 tgt=-0.072/0.408 pstd=0.411 gen=0.1s train=0.4s
[t=  35.5s] greedy ep 57 games=  96 dec= 18191 rows= 17408 horizon=0.28 L=0.00155 L/var=0.01 tgt=-0.072/0.411 pstd=0.411 gen=0.1s train=0.4s
[t=  36.1s] greedy ep 58 games=  96 dec= 17161 rows= 16444 horizon=0.18 L=0.00169 L/var=0.01 tgt=-0.063/0.399 pstd=0.409 gen=0.1s train=0.4s
[t=  36.7s] greedy ep 59 games=  96 dec= 18115 rows= 17347 horizon=0.30 L=0.00301 L/var=0.02 tgt=-0.069/0.406 pstd=0.418 gen=0.1s train=0.4s
[t=  37.3s] greedy ep 60 games=  96 dec= 18258 rows= 17532 horizon=0.25 L=0.00622 L/var=0.04 tgt=-0.073/0.421 pstd=0.394 gen=0.1s train=0.4s
[t=  37.9s] greedy ep 61 games=  96 dec= 18304 rows= 17479 horizon=0.25 L=0.00409 L/var=0.03 tgt=-0.071/0.402 pstd=0.420 gen=0.1s train=0.4s
[t=  38.5s] greedy ep 62 games=  96 dec= 18032 rows= 17222 horizon=0.22 L=0.00212 L/var=0.01 tgt=-0.084/0.403 pstd=0.412 gen=0.1s train=0.4s
[t=  39.1s] greedy ep 63 games=  96 dec= 18556 rows= 17757 horizon=0.32 L=0.00153 L/var=0.01 tgt=-0.074/0.378 pstd=0.417 gen=0.1s train=0.4s
[t=  39.7s] greedy ep 64 games=  96 dec= 18294 rows= 17562 horizon=0.28 L=0.00137 L/var=0.01 tgt=-0.094/0.420 pstd=0.414 gen=0.1s train=0.4s
[t=  40.3s] greedy ep 65 games=  96 dec= 19259 rows= 18524 horizon=0.35 L=0.00136 L/var=0.01 tgt=-0.086/0.395 pstd=0.413 gen=0.1s train=0.4s
[t=  40.9s] greedy ep 66 games=  96 dec= 18264 rows= 17486 horizon=0.28 L=0.00132 L/var=0.01 tgt=-0.095/0.427 pstd=0.412 gen=0.1s train=0.4s
[t=  41.5s] greedy ep 67 games=  96 dec= 18444 rows= 17641 horizon=0.26 L=0.00133 L/var=0.01 tgt=-0.086/0.398 pstd=0.410 gen=0.1s train=0.4s
[t=  42.2s] greedy ep 68 games=  96 dec= 19105 rows= 18315 horizon=0.36 L=0.00125 L/var=0.01 tgt=-0.060/0.394 pstd=0.413 gen=0.1s train=0.4s
[t=  42.8s] greedy ep 69 games=  96 dec= 18850 rows= 18090 horizon=0.31 L=0.00133 L/var=0.01 tgt=-0.072/0.405 pstd=0.412 gen=0.1s train=0.4s
[t=  43.4s] greedy ep 70 games=  96 dec= 17839 rows= 17156 horizon=0.27 L=0.00126 L/var=0.01 tgt=-0.079/0.442 pstd=0.414 gen=0.1s train=0.4s
[t=  44.0s] greedy ep 71 games=  96 dec= 18232 rows= 17408 horizon=0.24 L=0.00126 L/var=0.01 tgt=-0.084/0.400 pstd=0.409 gen=0.1s train=0.4s
[t=  44.6s] greedy ep 72 games=  96 dec= 18730 rows= 17952 horizon=0.30 L=0.00125 L/var=0.01 tgt=-0.080/0.376 pstd=0.411 gen=0.1s train=0.4s
[t=  45.2s] greedy ep 73 games=  96 dec= 18144 rows= 17369 horizon=0.26 L=0.00126 L/var=0.01 tgt=-0.082/0.401 pstd=0.409 gen=0.1s train=0.4s
[t=  45.8s] greedy ep 74 games=  96 dec= 18399 rows= 17615 horizon=0.29 L=0.00140 L/var=0.01 tgt=-0.066/0.388 pstd=0.412 gen=0.1s train=0.4s
[t=  46.4s] greedy ep 75 games=  96 dec= 18495 rows= 17707 horizon=0.30 L=0.00140 L/var=0.01 tgt=-0.096/0.393 pstd=0.410 gen=0.1s train=0.4s
[t=  47.0s] greedy ep 76 games=  96 dec= 18605 rows= 17781 horizon=0.23 L=0.00118 L/var=0.01 tgt=-0.074/0.393 pstd=0.413 gen=0.1s train=0.4s
[t=  47.7s] greedy ep 77 games=  96 dec= 18372 rows= 17651 horizon=0.32 L=0.00154 L/var=0.01 tgt=-0.074/0.392 pstd=0.411 gen=0.1s train=0.4s
[t=  48.4s] greedy ep 78 games=  96 dec= 18156 rows= 17395 horizon=0.29 L=0.00125 L/var=0.01 tgt=-0.058/0.395 pstd=0.413 gen=0.1s train=0.5s
[t=  49.0s] greedy ep 79 games=  96 dec= 18840 rows= 17878 horizon=0.28 L=0.00111 L/var=0.01 tgt=-0.053/0.398 pstd=0.412 gen=0.1s train=0.4s
[t=  49.6s] greedy ep 80 games=  96 dec= 18527 rows= 17688 horizon=0.25 L=0.00154 L/var=0.01 tgt=-0.074/0.391 pstd=0.407 gen=0.1s train=0.4s
[t=  50.2s] greedy ep 81 games=  96 dec= 17957 rows= 17250 horizon=0.23 L=0.00130 L/var=0.01 tgt=-0.107/0.413 pstd=0.405 gen=0.1s train=0.4s
[t=  50.8s] greedy ep 82 games=  96 dec= 17640 rows= 16937 horizon=0.22 L=0.00129 L/var=0.01 tgt=-0.087/0.395 pstd=0.408 gen=0.1s train=0.4s
[t=  51.4s] greedy ep 83 games=  96 dec= 18643 rows= 17805 horizon=0.29 L=0.00110 L/var=0.01 tgt=-0.080/0.418 pstd=0.407 gen=0.1s train=0.4s
[t=  52.1s] greedy ep 84 games=  96 dec= 17928 rows= 17222 horizon=0.29 L=0.00111 L/var=0.01 tgt=-0.080/0.403 pstd=0.410 gen=0.1s train=0.4s
[t=  52.7s] greedy ep 85 games=  96 dec= 18177 rows= 17450 horizon=0.29 L=0.00175 L/var=0.01 tgt=-0.082/0.400 pstd=0.409 gen=0.1s train=0.4s
[t=  53.3s] greedy ep 86 games=  96 dec= 18655 rows= 17858 horizon=0.33 L=0.00122 L/var=0.01 tgt=-0.050/0.412 pstd=0.409 gen=0.1s train=0.4s
[t=  53.9s] greedy ep 87 games=  96 dec= 18835 rows= 18091 horizon=0.32 L=0.00108 L/var=0.01 tgt=-0.056/0.402 pstd=0.414 gen=0.1s train=0.5s
[t=  54.6s] greedy ep 88 games=  96 dec= 18067 rows= 17246 horizon=0.28 L=0.00099 L/var=0.01 tgt=-0.065/0.409 pstd=0.414 gen=0.1s train=0.4s
[t=  55.2s] greedy ep 89 games=  96 dec= 17855 rows= 16950 horizon=0.19 L=0.00095 L/var=0.01 tgt=-0.071/0.379 pstd=0.412 gen=0.1s train=0.4s
[t=  55.8s] greedy ep 90 games=  96 dec= 18969 rows= 18097 horizon=0.30 L=0.00171 L/var=0.01 tgt=-0.100/0.411 pstd=0.406 gen=0.1s train=0.4s
[t=  56.4s] greedy ep 91 games=  96 dec= 17677 rows= 16992 horizon=0.26 L=0.00164 L/var=0.01 tgt=-0.078/0.395 pstd=0.412 gen=0.1s train=0.4s
[t=  57.1s] greedy ep 92 games=  96 dec= 18398 rows= 17592 horizon=0.27 L=0.00114 L/var=0.01 tgt=-0.058/0.393 pstd=0.414 gen=0.1s train=0.4s
[t=  57.7s] greedy ep 93 games=  96 dec= 17854 rows= 17071 horizon=0.21 L=0.00098 L/var=0.01 tgt=-0.096/0.395 pstd=0.412 gen=0.1s train=0.4s
[t=  58.2s] greedy ep 94 games=  96 dec= 17498 rows= 16810 horizon=0.27 L=0.00091 L/var=0.01 tgt=-0.098/0.426 pstd=0.406 gen=0.1s train=0.4s
[t=  58.9s] greedy ep 95 games=  96 dec= 18897 rows= 18201 horizon=0.32 L=0.00087 L/var=0.00 tgt=-0.075/0.418 pstd=0.414 gen=0.1s train=0.4s
[t=  59.5s] greedy ep 96 games=  96 dec= 18544 rows= 17697 horizon=0.32 L=0.00091 L/var=0.01 tgt=-0.066/0.389 pstd=0.408 gen=0.1s train=0.4s
[t=  60.1s] greedy ep 97 games=  96 dec= 18495 rows= 17842 horizon=0.30 L=0.00143 L/var=0.01 tgt=-0.070/0.400 pstd=0.413 gen=0.1s train=0.4s
[t=  60.7s] greedy ep 98 games=  96 dec= 18034 rows= 17227 horizon=0.26 L=0.00096 L/var=0.01 tgt=-0.104/0.421 pstd=0.414 gen=0.1s train=0.4s
[t=  61.3s] greedy ep 99 games=  96 dec= 17976 rows= 17251 horizon=0.21 L=0.00083 L/var=0.01 tgt=-0.060/0.387 pstd=0.414 gen=0.1s train=0.4s
[t=  62.0s] greedy ep100 games=  96 dec= 19186 rows= 18396 horizon=0.35 L=0.00106 L/var=0.01 tgt=-0.067/0.397 pstd=0.407 gen=0.1s train=0.4s
[t=  62.6s] greedy ep101 games=  96 dec= 19483 rows= 18715 horizon=0.39 L=0.00095 L/var=0.01 tgt=-0.072/0.403 pstd=0.415 gen=0.1s train=0.4s
[t=  63.2s] greedy ep102 games=  96 dec= 17697 rows= 16998 horizon=0.25 L=0.00100 L/var=0.01 tgt=-0.071/0.401 pstd=0.408 gen=0.1s train=0.4s
[t=  63.9s] greedy ep103 games=  96 dec= 19539 rows= 18697 horizon=0.35 L=0.00086 L/var=0.01 tgt=-0.076/0.401 pstd=0.412 gen=0.1s train=0.4s
[t=  64.5s] greedy ep104 games=  96 dec= 18112 rows= 17406 horizon=0.31 L=0.00085 L/var=0.00 tgt=-0.089/0.432 pstd=0.409 gen=0.1s train=0.4s
[t=  65.1s] greedy ep105 games=  96 dec= 18327 rows= 17505 horizon=0.24 L=0.00153 L/var=0.01 tgt=-0.076/0.386 pstd=0.403 gen=0.1s train=0.4s
[t=  65.7s] greedy ep106 games=  96 dec= 19050 rows= 18273 horizon=0.32 L=0.00126 L/var=0.01 tgt=-0.084/0.413 pstd=0.413 gen=0.1s train=0.4s
[t=  66.3s] greedy ep107 games=  96 dec= 19111 rows= 18252 horizon=0.38 L=0.00076 L/var=0.01 tgt=-0.063/0.389 pstd=0.413 gen=0.1s train=0.4s
[t=  67.0s] greedy ep108 games=  96 dec= 18744 rows= 17974 horizon=0.31 L=0.00067 L/var=0.00 tgt=-0.082/0.407 pstd=0.415 gen=0.1s train=0.4s
[t=  67.6s] greedy ep109 games=  96 dec= 18611 rows= 17842 horizon=0.30 L=0.00090 L/var=0.01 tgt=-0.092/0.418 pstd=0.411 gen=0.1s train=0.4s
[t=  68.2s] greedy ep110 games=  96 dec= 18345 rows= 17587 horizon=0.29 L=0.00110 L/var=0.01 tgt=-0.078/0.410 pstd=0.417 gen=0.1s train=0.4s
[t=  68.8s] greedy ep111 games=  96 dec= 18363 rows= 17608 horizon=0.29 L=0.00081 L/var=0.01 tgt=-0.059/0.396 pstd=0.412 gen=0.1s train=0.4s
[t=  69.5s] greedy ep112 games=  96 dec= 18965 rows= 18191 horizon=0.33 L=0.00068 L/var=0.00 tgt=-0.074/0.389 pstd=0.411 gen=0.1s train=0.5s
[t=  70.2s] greedy ep113 games=  96 dec= 18269 rows= 17517 horizon=0.30 L=0.00075 L/var=0.00 tgt=-0.081/0.420 pstd=0.411 gen=0.1s train=0.4s
[t=  70.8s] greedy ep114 games=  96 dec= 18049 rows= 17275 horizon=0.27 L=0.00070 L/var=0.00 tgt=-0.090/0.420 pstd=0.407 gen=0.1s train=0.4s
[t=  71.4s] greedy ep115 games=  96 dec= 18580 rows= 17793 horizon=0.26 L=0.00126 L/var=0.01 tgt=-0.074/0.399 pstd=0.412 gen=0.1s train=0.4s
[t=  72.0s] greedy ep116 games=  96 dec= 18420 rows= 17717 horizon=0.33 L=0.00077 L/var=0.00 tgt=-0.094/0.424 pstd=0.414 gen=0.1s train=0.4s
[t=  72.6s] greedy ep117 games=  96 dec= 18128 rows= 17362 horizon=0.26 L=0.00067 L/var=0.00 tgt=-0.084/0.396 pstd=0.414 gen=0.1s train=0.4s
[t=  73.2s] greedy ep118 games=  96 dec= 17502 rows= 16670 horizon=0.20 L=0.00057 L/var=0.00 tgt=-0.079/0.405 pstd=0.411 gen=0.1s train=0.4s
[t=  73.9s] greedy ep119 games=  96 dec= 18884 rows= 18024 horizon=0.25 L=0.00058 L/var=0.00 tgt=-0.105/0.419 pstd=0.409 gen=0.1s train=0.4s
[t=  74.5s] greedy ep120 games=  96 dec= 18288 rows= 17449 horizon=0.23 L=0.00175 L/var=0.01 tgt=-0.083/0.437 pstd=0.406 gen=0.1s train=0.4s
[t=  75.1s] greedy ep121 games=  96 dec= 18701 rows= 17806 horizon=0.26 L=0.00088 L/var=0.01 tgt=-0.031/0.380 pstd=0.412 gen=0.1s train=0.4s
[t=  75.7s] greedy ep122 games=  96 dec= 18188 rows= 17412 horizon=0.25 L=0.00066 L/var=0.00 tgt=-0.073/0.407 pstd=0.412 gen=0.1s train=0.4s
[t=  76.3s] greedy ep123 games=  96 dec= 18580 rows= 17793 horizon=0.30 L=0.00055 L/var=0.00 tgt=-0.059/0.374 pstd=0.412 gen=0.1s train=0.4s
[t=  76.9s] greedy ep124 games=  96 dec= 17665 rows= 16948 horizon=0.25 L=0.00071 L/var=0.00 tgt=-0.074/0.399 pstd=0.414 gen=0.1s train=0.4s
[t=  77.5s] greedy ep125 games=  96 dec= 17260 rows= 16623 horizon=0.25 L=0.00073 L/var=0.00 tgt=-0.088/0.439 pstd=0.409 gen=0.1s train=0.4s
[t=  78.1s] greedy ep126 games=  96 dec= 17586 rows= 16897 horizon=0.25 L=0.00087 L/var=0.01 tgt=-0.055/0.388 pstd=0.411 gen=0.1s train=0.4s
[t=  78.8s] greedy ep127 games=  96 dec= 18078 rows= 17261 horizon=0.23 L=0.00059 L/var=0.00 tgt=-0.070/0.378 pstd=0.410 gen=0.1s train=0.4s
[t=  79.5s] greedy ep128 games=  96 dec= 18769 rows= 17910 horizon=0.26 L=0.00049 L/var=0.00 tgt=-0.078/0.418 pstd=0.413 gen=0.1s train=0.5s
[t=  80.1s] greedy ep129 games=  96 dec= 18316 rows= 17550 horizon=0.27 L=0.00133 L/var=0.01 tgt=-0.084/0.415 pstd=0.412 gen=0.1s train=0.4s
[t=  80.8s] greedy ep130 games=  96 dec= 18223 rows= 17412 horizon=0.28 L=0.00080 L/var=0.01 tgt=-0.055/0.375 pstd=0.412 gen=0.1s train=0.4s
[t=  81.4s] greedy ep131 games=  96 dec= 17869 rows= 17093 horizon=0.24 L=0.00060 L/var=0.00 tgt=-0.074/0.404 pstd=0.410 gen=0.1s train=0.4s
[t=  82.0s] greedy ep132 games=  96 dec= 18991 rows= 18202 horizon=0.29 L=0.00052 L/var=0.00 tgt=-0.048/0.367 pstd=0.412 gen=0.1s train=0.4s
[t=  82.8s] greedy ep133 games=  96 dec= 18756 rows= 17941 horizon=0.32 L=0.00047 L/var=0.00 tgt=-0.062/0.416 pstd=0.410 gen=0.1s train=0.5s
[t=  83.4s] greedy ep134 games=  96 dec= 18957 rows= 18113 horizon=0.28 L=0.00046 L/var=0.00 tgt=-0.079/0.407 pstd=0.409 gen=0.1s train=0.4s
[t=  84.0s] greedy ep135 games=  96 dec= 18692 rows= 17925 horizon=0.32 L=0.00163 L/var=0.01 tgt=-0.092/0.419 pstd=0.412 gen=0.1s train=0.4s
[t=  84.8s] greedy ep136 games=  96 dec= 18277 rows= 17494 horizon=0.26 L=0.00082 L/var=0.01 tgt=-0.076/0.383 pstd=0.412 gen=0.1s train=0.5s
[t=  85.5s] greedy ep137 games=  96 dec= 18931 rows= 18137 horizon=0.38 L=0.00055 L/var=0.00 tgt=-0.092/0.414 pstd=0.413 gen=0.1s train=0.5s
[t=  86.2s] greedy ep138 games=  96 dec= 19092 rows= 18298 horizon=0.30 L=0.00046 L/var=0.00 tgt=-0.075/0.383 pstd=0.415 gen=0.1s train=0.5s
[t=  87.0s] greedy ep139 games=  96 dec= 18165 rows= 17420 horizon=0.24 L=0.00046 L/var=0.00 tgt=-0.080/0.419 pstd=0.412 gen=0.1s train=0.5s
[t=  87.7s] greedy ep140 games=  96 dec= 18297 rows= 17480 horizon=0.32 L=0.00052 L/var=0.00 tgt=-0.114/0.430 pstd=0.411 gen=0.1s train=0.5s
[t=  88.4s] greedy ep141 games=  96 dec= 18737 rows= 17889 horizon=0.31 L=0.00053 L/var=0.00 tgt=-0.058/0.410 pstd=0.410 gen=0.1s train=0.5s
[t=  89.1s] greedy ep142 games=  96 dec= 17959 rows= 17219 horizon=0.22 L=0.00048 L/var=0.00 tgt=-0.056/0.393 pstd=0.413 gen=0.1s train=0.5s
[t=  89.9s] greedy ep143 games=  96 dec= 18967 rows= 18227 horizon=0.32 L=0.00046 L/var=0.00 tgt=-0.058/0.402 pstd=0.414 gen=0.1s train=0.5s
[t=  90.6s] greedy ep144 games=  96 dec= 18824 rows= 18067 horizon=0.32 L=0.00064 L/var=0.00 tgt=-0.068/0.375 pstd=0.413 gen=0.1s train=0.5s
[t=  91.4s] greedy ep145 games=  96 dec= 20340 rows= 19451 horizon=0.41 L=0.00052 L/var=0.00 tgt=-0.070/0.390 pstd=0.409 gen=0.1s train=0.5s
[t=  92.1s] greedy ep146 games=  96 dec= 19553 rows= 18659 horizon=0.35 L=0.00048 L/var=0.00 tgt=-0.075/0.426 pstd=0.413 gen=0.1s train=0.5s
[t=  92.8s] greedy ep147 games=  96 dec= 17951 rows= 17176 horizon=0.26 L=0.00048 L/var=0.00 tgt=-0.075/0.389 pstd=0.408 gen=0.1s train=0.5s
[t=  93.6s] greedy ep148 games=  96 dec= 18970 rows= 18184 horizon=0.28 L=0.00104 L/var=0.01 tgt=-0.077/0.411 pstd=0.413 gen=0.1s train=0.5s
[t=  94.3s] greedy ep149 games=  96 dec= 17803 rows= 17020 horizon=0.22 L=0.00052 L/var=0.00 tgt=-0.099/0.411 pstd=0.410 gen=0.1s train=0.5s
[t=  95.0s] greedy ep150 games=  96 dec= 19077 rows= 18278 horizon=0.29 L=0.00040 L/var=0.00 tgt=-0.093/0.411 pstd=0.413 gen=0.1s train=0.5s
[t=  95.7s] greedy ep151 games=  96 dec= 18191 rows= 17355 horizon=0.27 L=0.00039 L/var=0.00 tgt=-0.078/0.402 pstd=0.409 gen=0.1s train=0.5s
[t=  96.5s] greedy ep152 games=  96 dec= 18662 rows= 17937 horizon=0.34 L=0.00041 L/var=0.00 tgt=-0.060/0.394 pstd=0.411 gen=0.1s train=0.5s
[t=  97.2s] greedy ep153 games=  96 dec= 18030 rows= 17267 horizon=0.26 L=0.00052 L/var=0.00 tgt=-0.060/0.403 pstd=0.409 gen=0.1s train=0.5s
[t=  97.9s] greedy ep154 games=  96 dec= 18281 rows= 17526 horizon=0.26 L=0.00094 L/var=0.01 tgt=-0.061/0.380 pstd=0.412 gen=0.1s train=0.5s
[t=  98.6s] greedy ep155 games=  96 dec= 17507 rows= 16782 horizon=0.23 L=0.00052 L/var=0.00 tgt=-0.048/0.384 pstd=0.408 gen=0.1s train=0.4s
[t=  99.3s] greedy ep156 games=  96 dec= 19112 rows= 18370 horizon=0.33 L=0.00037 L/var=0.00 tgt=-0.087/0.387 pstd=0.411 gen=0.1s train=0.5s
[t= 100.0s] greedy ep157 games=  96 dec= 18276 rows= 17593 horizon=0.33 L=0.00040 L/var=0.00 tgt=-0.074/0.400 pstd=0.411 gen=0.1s train=0.5s
[t= 100.7s] greedy ep158 games=  96 dec= 18304 rows= 17578 horizon=0.31 L=0.00082 L/var=0.00 tgt=-0.065/0.413 pstd=0.408 gen=0.1s train=0.5s
[t= 101.5s] greedy ep159 games=  96 dec= 18919 rows= 18121 horizon=0.29 L=0.00071 L/var=0.00 tgt=-0.048/0.405 pstd=0.414 gen=0.1s train=0.5s
[t= 102.2s] greedy ep160 games=  96 dec= 18062 rows= 17413 horizon=0.32 L=0.00045 L/var=0.00 tgt=-0.075/0.377 pstd=0.415 gen=0.1s train=0.5s
[t= 102.9s] greedy ep161 games=  96 dec= 18259 rows= 17467 horizon=0.28 L=0.00036 L/var=0.00 tgt=-0.070/0.425 pstd=0.410 gen=0.1s train=0.5s
[t= 103.6s] greedy ep162 games=  96 dec= 17582 rows= 16843 horizon=0.28 L=0.00035 L/var=0.00 tgt=-0.072/0.404 pstd=0.410 gen=0.1s train=0.4s
[t= 104.3s] greedy ep163 games=  96 dec= 18132 rows= 17403 horizon=0.30 L=0.00057 L/var=0.00 tgt=-0.065/0.410 pstd=0.414 gen=0.1s train=0.5s
[t= 105.0s] greedy ep164 games=  96 dec= 18370 rows= 17541 horizon=0.28 L=0.00055 L/var=0.00 tgt=-0.079/0.403 pstd=0.411 gen=0.1s train=0.5s
[t= 105.6s] greedy ep165 games=  96 dec= 18557 rows= 17787 horizon=0.27 L=0.00038 L/var=0.00 tgt=-0.071/0.385 pstd=0.414 gen=0.1s train=0.4s
[t= 106.3s] greedy ep166 games=  96 dec= 18806 rows= 18058 horizon=0.34 L=0.00050 L/var=0.00 tgt=-0.060/0.396 pstd=0.410 gen=0.1s train=0.4s
[t= 106.9s] greedy ep167 games=  96 dec= 17571 rows= 16802 horizon=0.18 L=0.00040 L/var=0.00 tgt=-0.067/0.391 pstd=0.413 gen=0.1s train=0.4s
[t= 107.5s] greedy ep168 games=  96 dec= 18357 rows= 17570 horizon=0.26 L=0.00036 L/var=0.00 tgt=-0.111/0.426 pstd=0.411 gen=0.1s train=0.4s
[t= 108.1s] greedy ep169 games=  96 dec= 18870 rows= 18139 horizon=0.38 L=0.00049 L/var=0.00 tgt=-0.075/0.402 pstd=0.409 gen=0.1s train=0.4s
[t= 108.7s] greedy ep170 games=  96 dec= 17797 rows= 16875 horizon=0.19 L=0.00038 L/var=0.00 tgt=-0.085/0.395 pstd=0.410 gen=0.1s train=0.4s
[t= 109.4s] greedy ep171 games=  96 dec= 19017 rows= 18201 horizon=0.31 L=0.00042 L/var=0.00 tgt=-0.069/0.419 pstd=0.408 gen=0.1s train=0.4s
[t= 110.0s] greedy ep172 games=  96 dec= 18580 rows= 17920 horizon=0.33 L=0.00056 L/var=0.00 tgt=-0.086/0.403 pstd=0.411 gen=0.1s train=0.4s
[t= 110.6s] greedy ep173 games=  96 dec= 17956 rows= 17156 horizon=0.25 L=0.00041 L/var=0.00 tgt=-0.060/0.387 pstd=0.414 gen=0.1s train=0.4s
[t= 111.2s] greedy ep174 games=  96 dec= 17968 rows= 17199 horizon=0.27 L=0.00039 L/var=0.00 tgt=-0.088/0.412 pstd=0.412 gen=0.1s train=0.4s
[t= 111.9s] greedy ep175 games=  96 dec= 18204 rows= 17454 horizon=0.32 L=0.00042 L/var=0.00 tgt=-0.117/0.419 pstd=0.415 gen=0.1s train=0.4s
[t= 112.5s] greedy ep176 games=  96 dec= 19548 rows= 18723 horizon=0.41 L=0.00069 L/var=0.00 tgt=-0.075/0.395 pstd=0.411 gen=0.1s train=0.4s
[t= 113.1s] greedy ep177 games=  96 dec= 18289 rows= 17528 horizon=0.27 L=0.00041 L/var=0.00 tgt=-0.087/0.413 pstd=0.410 gen=0.1s train=0.4s
[t= 113.7s] greedy ep178 games=  96 dec= 18042 rows= 17276 horizon=0.32 L=0.00047 L/var=0.00 tgt=-0.071/0.372 pstd=0.413 gen=0.1s train=0.4s
[t= 114.3s] greedy ep179 games=  96 dec= 18630 rows= 17847 horizon=0.33 L=0.00030 L/var=0.00 tgt=-0.090/0.405 pstd=0.411 gen=0.1s train=0.4s
[t= 115.0s] greedy ep180 games=  96 dec= 19118 rows= 18238 horizon=0.30 L=0.00029 L/var=0.00 tgt=-0.068/0.400 pstd=0.412 gen=0.1s train=0.5s
[t= 115.8s] greedy ep181 games=  96 dec= 19043 rows= 18231 horizon=0.34 L=0.00085 L/var=0.00 tgt=-0.067/0.414 pstd=0.408 gen=0.1s train=0.5s
[t= 116.3s] greedy ep182 games=  96 dec= 17167 rows= 16407 horizon=0.18 L=0.00295 L/var=0.02 tgt=-0.057/0.391 pstd=0.381 gen=0.1s train=0.4s
[t= 117.1s] greedy ep183 games=  96 dec= 18305 rows= 17520 horizon=0.29 L=0.00697 L/var=0.04 tgt=-0.071/0.396 pstd=0.436 gen=0.1s train=0.5s
[t= 117.8s] greedy ep184 games=  96 dec= 18043 rows= 17225 horizon=0.24 L=0.00324 L/var=0.02 tgt=-0.059/0.373 pstd=0.406 gen=0.1s train=0.5s
[t= 118.5s] greedy ep185 games=  96 dec= 16850 rows= 16132 horizon=0.19 L=0.00161 L/var=0.01 tgt=-0.072/0.421 pstd=0.415 gen=0.1s train=0.4s
[t= 119.2s] greedy ep186 games=  96 dec= 18816 rows= 18018 horizon=0.29 L=0.00079 L/var=0.01 tgt=-0.068/0.395 pstd=0.414 gen=0.1s train=0.5s
[t= 120.0s] greedy ep187 games=  96 dec= 19310 rows= 18482 horizon=0.28 L=0.00048 L/var=0.00 tgt=-0.077/0.386 pstd=0.409 gen=0.1s train=0.5s
[t= 120.8s] greedy ep188 games=  96 dec= 18863 rows= 18067 horizon=0.32 L=0.00040 L/var=0.00 tgt=-0.069/0.397 pstd=0.407 gen=0.1s train=0.5s
[t= 121.6s] greedy ep189 games=  96 dec= 19940 rows= 19026 horizon=0.42 L=0.00033 L/var=0.00 tgt=-0.070/0.410 pstd=0.413 gen=0.1s train=0.5s
[t= 122.3s] greedy ep190 games=  96 dec= 18031 rows= 17359 horizon=0.27 L=0.00031 L/var=0.00 tgt=-0.065/0.387 pstd=0.415 gen=0.1s train=0.5s
[t= 123.0s] greedy ep191 games=  96 dec= 18204 rows= 17423 horizon=0.27 L=0.00030 L/var=0.00 tgt=-0.094/0.398 pstd=0.407 gen=0.1s train=0.5s
[t= 123.6s] greedy ep192 games=  96 dec= 18571 rows= 17848 horizon=0.32 L=0.00027 L/var=0.00 tgt=-0.071/0.381 pstd=0.412 gen=0.1s train=0.4s
[t= 124.2s] greedy ep193 games=  96 dec= 18524 rows= 17769 horizon=0.27 L=0.00034 L/var=0.00 tgt=-0.095/0.406 pstd=0.412 gen=0.1s train=0.4s
[t= 124.8s] greedy ep194 games=  96 dec= 18627 rows= 17833 horizon=0.31 L=0.00032 L/var=0.00 tgt=-0.082/0.409 pstd=0.414 gen=0.1s train=0.4s
[t= 125.4s] greedy ep195 games=  96 dec= 18198 rows= 17499 horizon=0.30 L=0.00026 L/var=0.00 tgt=-0.063/0.409 pstd=0.412 gen=0.1s train=0.4s
[t= 126.1s] greedy ep196 games=  96 dec= 18933 rows= 18174 horizon=0.30 L=0.00026 L/var=0.00 tgt=-0.045/0.389 pstd=0.411 gen=0.1s train=0.4s
[t= 126.7s] greedy ep197 games=  96 dec= 17773 rows= 16927 horizon=0.22 L=0.00040 L/var=0.00 tgt=-0.073/0.415 pstd=0.412 gen=0.1s train=0.4s
[t= 127.3s] greedy ep198 games=  96 dec= 18396 rows= 17666 horizon=0.28 L=0.00030 L/var=0.00 tgt=-0.081/0.404 pstd=0.415 gen=0.1s train=0.4s
[t= 128.0s] greedy ep199 games=  96 dec= 17929 rows= 17145 horizon=0.27 L=0.00026 L/var=0.00 tgt=-0.087/0.402 pstd=0.410 gen=0.1s train=0.4s
[t= 128.6s] greedy ep200 games=  96 dec= 17959 rows= 17159 horizon=0.24 L=0.00024 L/var=0.00 tgt=-0.070/0.394 pstd=0.413 gen=0.1s train=0.4s
[t= 129.1s] greedy ep201 games=  96 dec= 15840 rows= 15139 horizon=0.12 L=0.00030 L/var=0.00 tgt=-0.068/0.411 pstd=0.412 gen=0.1s train=0.4s
[t= 129.7s] greedy ep202 games=  96 dec= 18458 rows= 17683 horizon=0.27 L=0.00024 L/var=0.00 tgt=-0.088/0.393 pstd=0.415 gen=0.1s train=0.4s
[t= 130.4s] greedy ep203 games=  96 dec= 18087 rows= 17331 horizon=0.26 L=0.00029 L/var=0.00 tgt=-0.069/0.421 pstd=0.411 gen=0.1s train=0.4s
[t= 131.0s] greedy ep204 games=  96 dec= 17017 rows= 16319 horizon=0.18 L=0.00029 L/var=0.00 tgt=-0.086/0.400 pstd=0.410 gen=0.1s train=0.4s
[t= 131.6s] greedy ep205 games=  96 dec= 18487 rows= 17711 horizon=0.32 L=0.00022 L/var=0.00 tgt=-0.096/0.378 pstd=0.412 gen=0.1s train=0.4s
[t= 132.2s] greedy ep206 games=  96 dec= 19012 rows= 18257 horizon=0.34 L=0.00035 L/var=0.00 tgt=-0.095/0.422 pstd=0.412 gen=0.1s train=0.4s
[t= 132.8s] greedy ep207 games=  96 dec= 17611 rows= 16924 horizon=0.25 L=0.00026 L/var=0.00 tgt=-0.073/0.432 pstd=0.412 gen=0.1s train=0.4s
[t= 133.5s] greedy ep208 games=  96 dec= 19807 rows= 19088 horizon=0.42 L=0.00021 L/var=0.00 tgt=-0.071/0.383 pstd=0.412 gen=0.1s train=0.5s
[t= 134.1s] greedy ep209 games=  96 dec= 19510 rows= 18705 horizon=0.36 L=0.00036 L/var=0.00 tgt=-0.055/0.395 pstd=0.411 gen=0.1s train=0.4s
[t= 134.8s] greedy ep210 games=  96 dec= 18292 rows= 17582 horizon=0.28 L=0.00040 L/var=0.00 tgt=-0.078/0.400 pstd=0.414 gen=0.1s train=0.4s
[t= 135.4s] greedy ep211 games=  96 dec= 18655 rows= 17782 horizon=0.29 L=0.00026 L/var=0.00 tgt=-0.045/0.393 pstd=0.413 gen=0.1s train=0.4s
[t= 136.0s] greedy ep212 games=  96 dec= 18789 rows= 18060 horizon=0.31 L=0.00020 L/var=0.00 tgt=-0.067/0.407 pstd=0.411 gen=0.1s train=0.4s
[t= 136.7s] greedy ep213 games=  96 dec= 17701 rows= 16935 horizon=0.24 L=0.00021 L/var=0.00 tgt=-0.088/0.413 pstd=0.413 gen=0.1s train=0.4s
[t= 137.2s] greedy ep214 games=  96 dec= 17577 rows= 16878 horizon=0.25 L=0.00026 L/var=0.00 tgt=-0.061/0.381 pstd=0.411 gen=0.1s train=0.4s
[t= 137.9s] greedy ep215 games=  96 dec= 19375 rows= 18658 horizon=0.36 L=0.00032 L/var=0.00 tgt=-0.072/0.394 pstd=0.411 gen=0.1s train=0.4s
[t= 138.5s] greedy ep216 games=  96 dec= 18224 rows= 17444 horizon=0.25 L=0.00019 L/var=0.00 tgt=-0.085/0.411 pstd=0.412 gen=0.1s train=0.4s
[t= 139.2s] greedy ep217 games=  96 dec= 18968 rows= 18165 horizon=0.33 L=0.00042 L/var=0.00 tgt=-0.055/0.391 pstd=0.409 gen=0.1s train=0.4s
[t= 139.8s] greedy ep218 games=  96 dec= 18850 rows= 18043 horizon=0.40 L=0.00049 L/var=0.00 tgt=-0.085/0.430 pstd=0.411 gen=0.1s train=0.5s
[t= 140.5s] greedy ep219 games=  96 dec= 18053 rows= 17334 horizon=0.32 L=0.00025 L/var=0.00 tgt=-0.078/0.402 pstd=0.413 gen=0.1s train=0.4s
[t= 141.1s] greedy ep220 games=  96 dec= 18622 rows= 17858 horizon=0.29 L=0.00020 L/var=0.00 tgt=-0.069/0.399 pstd=0.412 gen=0.1s train=0.4s
[t= 141.7s] greedy ep221 games=  96 dec= 18001 rows= 17211 horizon=0.23 L=0.00018 L/var=0.00 tgt=-0.064/0.391 pstd=0.410 gen=0.1s train=0.4s
[t= 142.4s] greedy ep222 games=  96 dec= 18113 rows= 17361 horizon=0.24 L=0.00020 L/var=0.00 tgt=-0.061/0.407 pstd=0.412 gen=0.1s train=0.4s
[t= 143.0s] greedy ep223 games=  96 dec= 19650 rows= 18754 horizon=0.35 L=0.00022 L/var=0.00 tgt=-0.066/0.383 pstd=0.414 gen=0.1s train=0.4s
[t= 143.7s] greedy ep224 games=  96 dec= 19809 rows= 18992 horizon=0.43 L=0.00032 L/var=0.00 tgt=-0.049/0.373 pstd=0.408 gen=0.1s train=0.5s
[t= 144.3s] greedy ep225 games=  96 dec= 18790 rows= 17911 horizon=0.31 L=0.00030 L/var=0.00 tgt=-0.067/0.389 pstd=0.408 gen=0.1s train=0.4s
[t= 144.9s] greedy ep226 games=  96 dec= 17849 rows= 17120 horizon=0.27 L=0.00020 L/var=0.00 tgt=-0.075/0.408 pstd=0.410 gen=0.1s train=0.4s
[t= 145.5s] greedy ep227 games=  96 dec= 17118 rows= 16450 horizon=0.26 L=0.00019 L/var=0.00 tgt=-0.059/0.411 pstd=0.411 gen=0.1s train=0.4s
[t= 146.1s] greedy ep228 games=  96 dec= 18710 rows= 17971 horizon=0.32 L=0.00030 L/var=0.00 tgt=-0.068/0.415 pstd=0.412 gen=0.1s train=0.4s
[t= 146.8s] greedy ep229 games=  96 dec= 19034 rows= 18221 horizon=0.28 L=0.00021 L/var=0.00 tgt=-0.059/0.395 pstd=0.414 gen=0.1s train=0.4s
[t= 147.5s] greedy ep230 games=  96 dec= 18969 rows= 18113 horizon=0.31 L=0.00020 L/var=0.00 tgt=-0.083/0.396 pstd=0.411 gen=0.1s train=0.4s
[t= 148.1s] greedy ep231 games=  96 dec= 18190 rows= 17361 horizon=0.25 L=0.00042 L/var=0.00 tgt=-0.112/0.430 pstd=0.412 gen=0.1s train=0.4s
[t= 148.7s] greedy ep232 games=  96 dec= 17357 rows= 16636 horizon=0.23 L=0.00028 L/var=0.00 tgt=-0.063/0.371 pstd=0.410 gen=0.1s train=0.4s
[t= 149.3s] greedy ep233 games=  96 dec= 18577 rows= 17762 horizon=0.30 L=0.00027 L/var=0.00 tgt=-0.123/0.433 pstd=0.412 gen=0.1s train=0.4s
[t= 149.9s] greedy ep234 games=  96 dec= 18673 rows= 17840 horizon=0.29 L=0.00019 L/var=0.00 tgt=-0.089/0.427 pstd=0.414 gen=0.1s train=0.4s
[t= 150.6s] greedy ep235 games=  96 dec= 18092 rows= 17313 horizon=0.30 L=0.00019 L/var=0.00 tgt=-0.089/0.407 pstd=0.415 gen=0.1s train=0.4s
[t= 151.2s] greedy ep236 games=  96 dec= 19065 rows= 18248 horizon=0.27 L=0.00025 L/var=0.00 tgt=-0.072/0.390 pstd=0.411 gen=0.1s train=0.4s
[t= 151.8s] greedy ep237 games=  96 dec= 18534 rows= 17722 horizon=0.32 L=0.00022 L/var=0.00 tgt=-0.078/0.406 pstd=0.417 gen=0.1s train=0.4s
[t= 152.5s] greedy ep238 games=  96 dec= 18748 rows= 17935 horizon=0.29 L=0.00018 L/var=0.00 tgt=-0.070/0.394 pstd=0.412 gen=0.1s train=0.4s
[t= 153.1s] greedy ep239 games=  96 dec= 17028 rows= 16385 horizon=0.22 L=0.00043 L/var=0.00 tgt=-0.066/0.400 pstd=0.411 gen=0.1s train=0.4s
[t= 153.7s] greedy ep240 games=  96 dec= 18054 rows= 17381 horizon=0.27 L=0.00032 L/var=0.00 tgt=-0.098/0.402 pstd=0.413 gen=0.1s train=0.4s
[t= 154.3s] greedy ep241 games=  96 dec= 17793 rows= 17059 horizon=0.24 L=0.00020 L/var=0.00 tgt=-0.080/0.408 pstd=0.410 gen=0.1s train=0.4s
[t= 154.9s] greedy ep242 games=  96 dec= 18487 rows= 17713 horizon=0.31 L=0.00017 L/var=0.00 tgt=-0.084/0.406 pstd=0.413 gen=0.1s train=0.4s
[t= 155.5s] greedy ep243 games=  96 dec= 18226 rows= 17464 horizon=0.28 L=0.00015 L/var=0.00 tgt=-0.075/0.409 pstd=0.413 gen=0.1s train=0.4s
[t= 156.2s] greedy ep244 games=  96 dec= 18312 rows= 17551 horizon=0.30 L=0.00038 L/var=0.00 tgt=-0.067/0.403 pstd=0.410 gen=0.1s train=0.4s
[t= 156.8s] greedy ep245 games=  96 dec= 18179 rows= 17497 horizon=0.25 L=0.00023 L/var=0.00 tgt=-0.085/0.395 pstd=0.414 gen=0.1s train=0.4s
[t= 157.4s] greedy ep246 games=  96 dec= 18029 rows= 17267 horizon=0.27 L=0.00017 L/var=0.00 tgt=-0.054/0.367 pstd=0.411 gen=0.1s train=0.4s
[t= 158.0s] greedy ep247 games=  96 dec= 18738 rows= 17938 horizon=0.28 L=0.00020 L/var=0.00 tgt=-0.086/0.420 pstd=0.410 gen=0.1s train=0.4s
[t= 158.7s] greedy ep248 games=  96 dec= 19146 rows= 18346 horizon=0.38 L=0.00017 L/var=0.00 tgt=-0.068/0.397 pstd=0.411 gen=0.1s train=0.4s
[t= 159.4s] greedy ep249 games=  96 dec= 18761 rows= 18022 horizon=0.32 L=0.00056 L/var=0.00 tgt=-0.046/0.381 pstd=0.411 gen=0.1s train=0.4s
[t= 160.0s] greedy ep250 games=  96 dec= 17785 rows= 17018 horizon=0.28 L=0.00028 L/var=0.00 tgt=-0.066/0.410 pstd=0.410 gen=0.1s train=0.4s
[t= 160.6s] greedy ep251 games=  96 dec= 18690 rows= 17870 horizon=0.27 L=0.00024 L/var=0.00 tgt=-0.071/0.395 pstd=0.411 gen=0.1s train=0.4s
[t= 161.2s] greedy ep252 games=  96 dec= 18317 rows= 17519 horizon=0.27 L=0.00020 L/var=0.00 tgt=-0.080/0.378 pstd=0.411 gen=0.1s train=0.4s
[t= 161.8s] greedy ep253 games=  96 dec= 18628 rows= 17789 horizon=0.30 L=0.00015 L/var=0.00 tgt=-0.061/0.391 pstd=0.410 gen=0.1s train=0.4s
[t= 162.4s] greedy ep254 games=  96 dec= 17484 rows= 16784 horizon=0.21 L=0.00016 L/var=0.00 tgt=-0.086/0.396 pstd=0.413 gen=0.1s train=0.4s
[t= 163.1s] greedy ep255 games=  96 dec= 18706 rows= 17949 horizon=0.31 L=0.00020 L/var=0.00 tgt=-0.072/0.382 pstd=0.415 gen=0.1s train=0.4s
[t= 163.7s] greedy ep256 games=  96 dec= 18276 rows= 17441 horizon=0.26 L=0.00021 L/var=0.00 tgt=-0.079/0.415 pstd=0.412 gen=0.1s train=0.4s
[t= 164.3s] greedy ep257 games=  96 dec= 18487 rows= 17685 horizon=0.26 L=0.00029 L/var=0.00 tgt=-0.075/0.399 pstd=0.415 gen=0.1s train=0.4s
[t= 165.0s] greedy ep258 games=  96 dec= 18851 rows= 18125 horizon=0.27 L=0.00019 L/var=0.00 tgt=-0.063/0.397 pstd=0.414 gen=0.1s train=0.4s
[t= 165.6s] greedy ep259 games=  96 dec= 19561 rows= 18694 horizon=0.38 L=0.00018 L/var=0.00 tgt=-0.058/0.385 pstd=0.413 gen=0.1s train=0.4s
[t= 166.2s] greedy ep260 games=  96 dec= 18556 rows= 17751 horizon=0.25 L=0.00030 L/var=0.00 tgt=-0.070/0.415 pstd=0.413 gen=0.1s train=0.4s
[t= 166.9s] greedy ep261 games=  96 dec= 18743 rows= 17983 horizon=0.29 L=0.00020 L/var=0.00 tgt=-0.088/0.424 pstd=0.411 gen=0.1s train=0.4s
[t= 167.5s] greedy ep262 games=  96 dec= 17699 rows= 16884 horizon=0.28 L=0.00029 L/var=0.00 tgt=-0.078/0.426 pstd=0.411 gen=0.1s train=0.4s
[t= 168.1s] greedy ep263 games=  96 dec= 17653 rows= 16810 horizon=0.24 L=0.00022 L/var=0.00 tgt=-0.090/0.423 pstd=0.416 gen=0.1s train=0.4s
[t= 168.7s] greedy ep264 games=  96 dec= 18406 rows= 17608 horizon=0.24 L=0.00017 L/var=0.00 tgt=-0.082/0.405 pstd=0.416 gen=0.1s train=0.4s
[t= 169.4s] greedy ep265 games=  96 dec= 18149 rows= 17415 horizon=0.28 L=0.00019 L/var=0.00 tgt=-0.064/0.420 pstd=0.409 gen=0.1s train=0.4s
[t= 170.0s] greedy ep266 games=  96 dec= 18254 rows= 17483 horizon=0.26 L=0.00030 L/var=0.00 tgt=-0.061/0.408 pstd=0.412 gen=0.1s train=0.4s
[t= 170.7s] greedy ep267 games=  96 dec= 18785 rows= 18022 horizon=0.30 L=0.00023 L/var=0.00 tgt=-0.076/0.419 pstd=0.414 gen=0.1s train=0.4s
[t= 171.4s] greedy ep268 games=  96 dec= 18964 rows= 18117 horizon=0.39 L=0.00015 L/var=0.00 tgt=-0.074/0.401 pstd=0.415 gen=0.1s train=0.5s
[t= 172.2s] greedy ep269 games=  96 dec= 19020 rows= 18209 horizon=0.32 L=0.00024 L/var=0.00 tgt=-0.091/0.409 pstd=0.415 gen=0.1s train=0.5s
[t= 172.9s] greedy ep270 games=  96 dec= 18038 rows= 17305 horizon=0.28 L=0.00015 L/var=0.00 tgt=-0.082/0.378 pstd=0.412 gen=0.1s train=0.5s
[t= 173.7s] greedy ep271 games=  96 dec= 17714 rows= 16907 horizon=0.25 L=0.00015 L/var=0.00 tgt=-0.047/0.385 pstd=0.413 gen=0.1s train=0.5s
[t= 174.4s] greedy ep272 games=  96 dec= 18454 rows= 17723 horizon=0.33 L=0.00012 L/var=0.00 tgt=-0.070/0.407 pstd=0.411 gen=0.1s train=0.5s
[t= 175.1s] greedy ep273 games=  96 dec= 17891 rows= 17115 horizon=0.25 L=0.00065 L/var=0.00 tgt=-0.054/0.385 pstd=0.409 gen=0.1s train=0.5s
[t= 175.9s] greedy ep274 games=  96 dec= 18590 rows= 17767 horizon=0.31 L=0.00026 L/var=0.00 tgt=-0.066/0.387 pstd=0.410 gen=0.1s train=0.5s
[t= 176.6s] greedy ep275 games=  96 dec= 18371 rows= 17637 horizon=0.26 L=0.00018 L/var=0.00 tgt=-0.060/0.402 pstd=0.412 gen=0.1s train=0.5s
[t= 177.4s] greedy ep276 games=  96 dec= 18419 rows= 17618 horizon=0.26 L=0.00013 L/var=0.00 tgt=-0.091/0.426 pstd=0.413 gen=0.1s train=0.5s
[t= 178.1s] greedy ep277 games=  96 dec= 18478 rows= 17667 horizon=0.26 L=0.00012 L/var=0.00 tgt=-0.068/0.408 pstd=0.411 gen=0.1s train=0.5s
[t= 178.8s] greedy ep278 games=  96 dec= 18999 rows= 18257 horizon=0.36 L=0.00011 L/var=0.00 tgt=-0.061/0.398 pstd=0.414 gen=0.1s train=0.5s
[t= 179.4s] greedy ep279 games=  96 dec= 17300 rows= 16578 horizon=0.23 L=0.00042 L/var=0.00 tgt=-0.063/0.383 pstd=0.411 gen=0.1s train=0.4s
[t= 180.0s] greedy ep280 games=  96 dec= 17165 rows= 16391 horizon=0.21 L=0.00021 L/var=0.00 tgt=-0.085/0.403 pstd=0.410 gen=0.1s train=0.4s
[t= 180.6s] greedy ep281 games=  96 dec= 18314 rows= 17601 horizon=0.29 L=0.00023 L/var=0.00 tgt=-0.096/0.411 pstd=0.410 gen=0.1s train=0.4s
[t= 181.3s] greedy ep282 games=  96 dec= 17947 rows= 17211 horizon=0.25 L=0.00015 L/var=0.00 tgt=-0.067/0.395 pstd=0.414 gen=0.1s train=0.4s
[t= 181.9s] greedy ep283 games=  96 dec= 17489 rows= 16702 horizon=0.23 L=0.00014 L/var=0.00 tgt=-0.047/0.391 pstd=0.414 gen=0.1s train=0.4s
[t= 182.5s] greedy ep284 games=  96 dec= 18281 rows= 17580 horizon=0.30 L=0.00012 L/var=0.00 tgt=-0.088/0.416 pstd=0.415 gen=0.1s train=0.4s
[t= 183.2s] greedy ep285 games=  96 dec= 19233 rows= 18456 horizon=0.31 L=0.00026 L/var=0.00 tgt=-0.072/0.380 pstd=0.414 gen=0.1s train=0.4s
[t= 183.8s] greedy ep286 games=  96 dec= 19150 rows= 18340 horizon=0.32 L=0.00030 L/var=0.00 tgt=-0.089/0.413 pstd=0.411 gen=0.1s train=0.4s
[t= 184.5s] greedy ep287 games=  96 dec= 18761 rows= 17978 horizon=0.30 L=0.00014 L/var=0.00 tgt=-0.060/0.393 pstd=0.413 gen=0.1s train=0.4s
[t= 185.2s] greedy ep288 games=  96 dec= 18585 rows= 17766 horizon=0.29 L=0.00013 L/var=0.00 tgt=-0.072/0.405 pstd=0.417 gen=0.1s train=0.5s
[t= 186.0s] greedy ep289 games=  96 dec= 18359 rows= 17635 horizon=0.27 L=0.00031 L/var=0.00 tgt=-0.069/0.384 pstd=0.415 gen=0.1s train=0.5s
[t= 186.7s] greedy ep290 games=  96 dec= 18050 rows= 17344 horizon=0.27 L=0.00014 L/var=0.00 tgt=-0.045/0.394 pstd=0.411 gen=0.1s train=0.5s
[t= 187.5s] greedy ep291 games=  96 dec= 18291 rows= 17438 horizon=0.17 L=0.00020 L/var=0.00 tgt=-0.103/0.414 pstd=0.413 gen=0.1s train=0.5s
[t= 188.2s] greedy ep292 games=  96 dec= 18094 rows= 17240 horizon=0.23 L=0.00013 L/var=0.00 tgt=-0.068/0.378 pstd=0.411 gen=0.1s train=0.5s
[t= 188.9s] greedy ep293 games=  96 dec= 17605 rows= 16896 horizon=0.24 L=0.00010 L/var=0.00 tgt=-0.075/0.422 pstd=0.412 gen=0.1s train=0.4s
[t= 189.7s] greedy ep294 games=  96 dec= 18790 rows= 17980 horizon=0.38 L=0.00019 L/var=0.00 tgt=-0.055/0.373 pstd=0.413 gen=0.1s train=0.5s
[t= 190.3s] greedy ep295 games=  96 dec= 17602 rows= 16873 horizon=0.29 L=0.00021 L/var=0.00 tgt=-0.077/0.398 pstd=0.413 gen=0.1s train=0.4s
[t= 190.9s] greedy ep296 games=  96 dec= 19045 rows= 18234 horizon=0.32 L=0.00016 L/var=0.00 tgt=-0.101/0.413 pstd=0.412 gen=0.1s train=0.4s
[t= 191.6s] greedy ep297 games=  96 dec= 18339 rows= 17657 horizon=0.28 L=0.00011 L/var=0.00 tgt=-0.060/0.385 pstd=0.412 gen=0.1s train=0.4s
[t= 192.2s] greedy ep298 games=  96 dec= 19018 rows= 18195 horizon=0.29 L=0.00032 L/var=0.00 tgt=-0.058/0.394 pstd=0.414 gen=0.1s train=0.4s
[t= 192.9s] greedy ep299 games=  96 dec= 19275 rows= 18528 horizon=0.35 L=0.00013 L/var=0.00 tgt=-0.063/0.384 pstd=0.410 gen=0.1s train=0.4s
[t= 193.5s] greedy ep300 games=  96 dec= 18165 rows= 17417 horizon=0.28 L=0.00012 L/var=0.00 tgt=-0.067/0.386 pstd=0.414 gen=0.1s train=0.4s
[t= 194.1s] greedy ep301 games=  96 dec= 18172 rows= 17444 horizon=0.29 L=0.00048 L/var=0.00 tgt=-0.080/0.400 pstd=0.413 gen=0.1s train=0.4s
[t= 194.8s] greedy ep302 games=  96 dec= 18409 rows= 17656 horizon=0.34 L=0.00017 L/var=0.00 tgt=-0.075/0.412 pstd=0.411 gen=0.1s train=0.4s
[t= 195.4s] greedy ep303 games=  96 dec= 18059 rows= 17335 horizon=0.24 L=0.00017 L/var=0.00 tgt=-0.076/0.395 pstd=0.415 gen=0.1s train=0.4s
[t= 196.0s] greedy ep304 games=  96 dec= 18710 rows= 17891 horizon=0.28 L=0.00014 L/var=0.00 tgt=-0.050/0.405 pstd=0.416 gen=0.1s train=0.4s
[t= 196.6s] greedy ep305 games=  96 dec= 18608 rows= 17798 horizon=0.30 L=0.00014 L/var=0.00 tgt=-0.067/0.415 pstd=0.408 gen=0.1s train=0.4s
[t= 197.3s] greedy ep306 games=  96 dec= 18938 rows= 18068 horizon=0.33 L=0.00012 L/var=0.00 tgt=-0.069/0.412 pstd=0.414 gen=0.1s train=0.4s
[t= 197.9s] greedy ep307 games=  96 dec= 18365 rows= 17594 horizon=0.30 L=0.00014 L/var=0.00 tgt=-0.064/0.394 pstd=0.415 gen=0.1s train=0.4s
[t= 198.6s] greedy ep308 games=  96 dec= 18384 rows= 17663 horizon=0.30 L=0.00010 L/var=0.00 tgt=-0.099/0.399 pstd=0.411 gen=0.1s train=0.4s
[t= 199.2s] greedy ep309 games=  96 dec= 18580 rows= 17789 horizon=0.29 L=0.00025 L/var=0.00 tgt=-0.088/0.396 pstd=0.413 gen=0.1s train=0.4s
[t= 199.8s] greedy ep310 games=  96 dec= 18666 rows= 17843 horizon=0.26 L=0.00012 L/var=0.00 tgt=-0.085/0.403 pstd=0.413 gen=0.1s train=0.4s
[t= 200.5s] greedy ep311 games=  96 dec= 17894 rows= 17185 horizon=0.29 L=0.00015 L/var=0.00 tgt=-0.079/0.400 pstd=0.414 gen=0.1s train=0.5s
[t= 201.3s] greedy ep312 games=  96 dec= 18106 rows= 17298 horizon=0.27 L=0.00026 L/var=0.00 tgt=-0.083/0.412 pstd=0.410 gen=0.1s train=0.5s
[t= 201.9s] greedy ep313 games=  96 dec= 18796 rows= 18066 horizon=0.32 L=0.00013 L/var=0.00 tgt=-0.058/0.399 pstd=0.408 gen=0.1s train=0.4s
[t= 202.6s] greedy ep314 games=  96 dec= 19282 rows= 18474 horizon=0.33 L=0.00018 L/var=0.00 tgt=-0.058/0.385 pstd=0.411 gen=0.1s train=0.5s
[t= 203.3s] greedy ep315 games=  96 dec= 18325 rows= 17574 horizon=0.32 L=0.00026 L/var=0.00 tgt=-0.086/0.430 pstd=0.410 gen=0.1s train=0.5s
[t= 204.0s] greedy ep316 games=  96 dec= 19439 rows= 18626 horizon=0.40 L=0.00035 L/var=0.00 tgt=-0.089/0.404 pstd=0.406 gen=0.1s train=0.5s
[t= 204.7s] greedy ep317 games=  96 dec= 18409 rows= 17645 horizon=0.27 L=0.00022 L/var=0.00 tgt=-0.111/0.424 pstd=0.415 gen=0.1s train=0.5s
[t= 205.4s] greedy ep318 games=  96 dec= 18483 rows= 17728 horizon=0.31 L=0.00012 L/var=0.00 tgt=-0.102/0.393 pstd=0.419 gen=0.1s train=0.5s
[t= 206.1s] greedy ep319 games=  96 dec= 18109 rows= 17402 horizon=0.30 L=0.00016 L/var=0.00 tgt=-0.066/0.378 pstd=0.412 gen=0.1s train=0.5s
[t= 206.8s] greedy ep320 games=  96 dec= 18632 rows= 17807 horizon=0.23 L=0.00016 L/var=0.00 tgt=-0.087/0.414 pstd=0.413 gen=0.1s train=0.5s
[t= 207.5s] greedy ep321 games=  96 dec= 17940 rows= 17154 horizon=0.22 L=0.00010 L/var=0.00 tgt=-0.114/0.425 pstd=0.415 gen=0.1s train=0.5s
[t= 208.2s] greedy ep322 games=  96 dec= 17961 rows= 17191 horizon=0.23 L=0.00015 L/var=0.00 tgt=-0.097/0.446 pstd=0.413 gen=0.1s train=0.5s
[t= 208.9s] greedy ep323 games=  96 dec= 19307 rows= 18423 horizon=0.30 L=0.00017 L/var=0.00 tgt=-0.069/0.393 pstd=0.417 gen=0.1s train=0.5s
[t= 209.6s] greedy ep324 games=  96 dec= 17851 rows= 17076 horizon=0.24 L=0.00008 L/var=0.00 tgt=-0.077/0.407 pstd=0.414 gen=0.1s train=0.5s
[t= 210.2s] greedy ep325 games=  96 dec= 18704 rows= 17888 horizon=0.31 L=0.00026 L/var=0.00 tgt=-0.057/0.388 pstd=0.414 gen=0.1s train=0.5s
[t= 210.9s] greedy ep326 games=  96 dec= 18314 rows= 17552 horizon=0.25 L=0.00017 L/var=0.00 tgt=-0.060/0.378 pstd=0.417 gen=0.1s train=0.5s
[t= 211.6s] greedy ep327 games=  96 dec= 18491 rows= 17701 horizon=0.32 L=0.00013 L/var=0.00 tgt=-0.095/0.410 pstd=0.412 gen=0.1s train=0.5s
[t= 212.3s] greedy ep328 games=  96 dec= 18807 rows= 18031 horizon=0.32 L=0.00011 L/var=0.00 tgt=-0.066/0.381 pstd=0.411 gen=0.1s train=0.5s
[t= 213.0s] greedy ep329 games=  96 dec= 18861 rows= 18047 horizon=0.33 L=0.00019 L/var=0.00 tgt=-0.056/0.376 pstd=0.413 gen=0.1s train=0.5s
[t= 213.7s] greedy ep330 games=  96 dec= 18549 rows= 17671 horizon=0.25 L=0.00011 L/var=0.00 tgt=-0.083/0.386 pstd=0.412 gen=0.1s train=0.4s
[t= 214.4s] greedy ep331 games=  96 dec= 17308 rows= 16669 horizon=0.26 L=0.00008 L/var=0.00 tgt=-0.081/0.419 pstd=0.413 gen=0.1s train=0.4s
[t= 215.1s] greedy ep332 games=  96 dec= 18452 rows= 17706 horizon=0.30 L=0.00031 L/var=0.00 tgt=-0.060/0.401 pstd=0.418 gen=0.1s train=0.5s
[t= 215.9s] greedy ep333 games=  96 dec= 18838 rows= 18005 horizon=0.23 L=0.00020 L/var=0.00 tgt=-0.085/0.419 pstd=0.410 gen=0.1s train=0.5s
[t= 216.5s] greedy ep334 games=  96 dec= 17196 rows= 16423 horizon=0.17 L=0.00013 L/var=0.00 tgt=-0.078/0.413 pstd=0.412 gen=0.1s train=0.4s
[t= 217.2s] greedy ep335 games=  96 dec= 18049 rows= 17293 horizon=0.23 L=0.00013 L/var=0.00 tgt=-0.065/0.394 pstd=0.415 gen=0.1s train=0.5s
[t= 217.9s] greedy ep336 games=  96 dec= 18852 rows= 18084 horizon=0.32 L=0.00012 L/var=0.00 tgt=-0.086/0.432 pstd=0.414 gen=0.1s train=0.5s
[t= 218.6s] greedy ep337 games=  96 dec= 18611 rows= 17824 horizon=0.34 L=0.00012 L/var=0.00 tgt=-0.057/0.362 pstd=0.410 gen=0.1s train=0.5s
[t= 219.3s] greedy ep338 games=  96 dec= 17964 rows= 17173 horizon=0.23 L=0.00011 L/var=0.00 tgt=-0.074/0.403 pstd=0.410 gen=0.1s train=0.5s
[t= 220.0s] greedy ep339 games=  96 dec= 17806 rows= 17031 horizon=0.27 L=0.00039 L/var=0.00 tgt=-0.068/0.396 pstd=0.411 gen=0.1s train=0.5s
[t= 220.7s] greedy ep340 games=  96 dec= 18440 rows= 17575 horizon=0.28 L=0.00018 L/var=0.00 tgt=-0.097/0.407 pstd=0.416 gen=0.1s train=0.5s
[t= 221.3s] greedy ep341 games=  96 dec= 18171 rows= 17340 horizon=0.25 L=0.00011 L/var=0.00 tgt=-0.055/0.399 pstd=0.414 gen=0.1s train=0.5s
[t= 222.0s] greedy ep342 games=  96 dec= 18812 rows= 18023 horizon=0.32 L=0.00008 L/var=0.00 tgt=-0.056/0.395 pstd=0.415 gen=0.1s train=0.5s
[t= 222.8s] greedy ep343 games=  96 dec= 19353 rows= 18565 horizon=0.33 L=0.00015 L/var=0.00 tgt=-0.057/0.407 pstd=0.411 gen=0.1s train=0.5s
[t= 223.5s] greedy ep344 games=  96 dec= 18773 rows= 18048 horizon=0.28 L=0.00009 L/var=0.00 tgt=-0.073/0.421 pstd=0.414 gen=0.1s train=0.5s
[t= 224.2s] greedy ep345 games=  96 dec= 17785 rows= 17016 horizon=0.21 L=0.00022 L/var=0.00 tgt=-0.095/0.406 pstd=0.412 gen=0.1s train=0.5s
[t= 224.8s] greedy ep346 games=  96 dec= 17921 rows= 17097 horizon=0.27 L=0.00019 L/var=0.00 tgt=-0.096/0.412 pstd=0.415 gen=0.1s train=0.5s
[t= 225.6s] greedy ep347 games=  96 dec= 18939 rows= 18102 horizon=0.33 L=0.00010 L/var=0.00 tgt=-0.071/0.417 pstd=0.415 gen=0.1s train=0.5s
[t= 226.3s] greedy ep348 games=  96 dec= 19042 rows= 18304 horizon=0.33 L=0.00016 L/var=0.00 tgt=-0.087/0.399 pstd=0.414 gen=0.1s train=0.5s
[t= 226.9s] greedy ep349 games=  96 dec= 18316 rows= 17564 horizon=0.27 L=0.00015 L/var=0.00 tgt=-0.068/0.378 pstd=0.411 gen=0.1s train=0.5s
[t= 227.6s] greedy ep350 games=  96 dec= 18384 rows= 17673 horizon=0.25 L=0.00013 L/var=0.00 tgt=-0.074/0.392 pstd=0.414 gen=0.1s train=0.5s
[t= 228.3s] greedy ep351 games=  96 dec= 19049 rows= 18150 horizon=0.32 L=0.00014 L/var=0.00 tgt=-0.085/0.414 pstd=0.411 gen=0.1s train=0.5s
[t= 229.0s] greedy ep352 games=  96 dec= 18494 rows= 17705 horizon=0.32 L=0.00014 L/var=0.00 tgt=-0.089/0.421 pstd=0.413 gen=0.1s train=0.5s
[t= 229.7s] greedy ep353 games=  96 dec= 18000 rows= 17245 horizon=0.31 L=0.00017 L/var=0.00 tgt=-0.073/0.394 pstd=0.412 gen=0.1s train=0.5s
[t= 230.4s] greedy ep354 games=  96 dec= 18063 rows= 17264 horizon=0.28 L=0.00014 L/var=0.00 tgt=-0.088/0.400 pstd=0.409 gen=0.1s train=0.5s
[t= 231.1s] greedy ep355 games=  96 dec= 18978 rows= 18140 horizon=0.29 L=0.00014 L/var=0.00 tgt=-0.102/0.415 pstd=0.411 gen=0.1s train=0.5s
[t= 231.8s] greedy ep356 games=  96 dec= 17910 rows= 17067 horizon=0.23 L=0.00009 L/var=0.00 tgt=-0.057/0.402 pstd=0.413 gen=0.1s train=0.5s
[t= 232.4s] greedy ep357 games=  96 dec= 17831 rows= 17070 horizon=0.20 L=0.00011 L/var=0.00 tgt=-0.043/0.369 pstd=0.411 gen=0.1s train=0.5s
[t= 233.1s] greedy ep358 games=  96 dec= 18602 rows= 17787 horizon=0.26 L=0.00028 L/var=0.00 tgt=-0.086/0.417 pstd=0.413 gen=0.1s train=0.5s
[t= 233.8s] greedy ep359 games=  96 dec= 18212 rows= 17498 horizon=0.30 L=0.00010 L/var=0.00 tgt=-0.088/0.413 pstd=0.417 gen=0.1s train=0.5s
[t= 234.6s] greedy ep360 games=  96 dec= 20039 rows= 19184 horizon=0.39 L=0.00012 L/var=0.00 tgt=-0.095/0.391 pstd=0.413 gen=0.1s train=0.5s
[t= 235.3s] greedy ep361 games=  96 dec= 18846 rows= 18046 horizon=0.31 L=0.00009 L/var=0.00 tgt=-0.070/0.412 pstd=0.414 gen=0.1s train=0.5s
[t= 236.0s] greedy ep362 games=  96 dec= 17974 rows= 17197 horizon=0.26 L=0.00018 L/var=0.00 tgt=-0.060/0.412 pstd=0.412 gen=0.1s train=0.5s
[t= 236.6s] greedy ep363 games=  96 dec= 17995 rows= 17154 horizon=0.23 L=0.00011 L/var=0.00 tgt=-0.061/0.374 pstd=0.412 gen=0.1s train=0.4s
[t= 237.2s] greedy ep364 games=  96 dec= 18189 rows= 17414 horizon=0.25 L=0.00016 L/var=0.00 tgt=-0.089/0.404 pstd=0.408 gen=0.1s train=0.4s
[t= 237.9s] greedy ep365 games=  96 dec= 17931 rows= 17213 horizon=0.30 L=0.00014 L/var=0.00 tgt=-0.061/0.396 pstd=0.416 gen=0.1s train=0.4s
[t= 238.5s] greedy ep366 games=  96 dec= 18526 rows= 17705 horizon=0.21 L=0.00012 L/var=0.00 tgt=-0.080/0.426 pstd=0.412 gen=0.1s train=0.4s
[t= 239.1s] greedy ep367 games=  96 dec= 18658 rows= 17825 horizon=0.30 L=0.00013 L/var=0.00 tgt=-0.111/0.432 pstd=0.416 gen=0.1s train=0.4s
[t= 239.7s] greedy ep368 games=  96 dec= 17713 rows= 16900 horizon=0.21 L=0.00007 L/var=0.00 tgt=-0.102/0.427 pstd=0.414 gen=0.1s train=0.4s
[t= 240.3s] greedy ep369 games=  96 dec= 17719 rows= 16906 horizon=0.22 L=0.00040 L/var=0.00 tgt=-0.077/0.402 pstd=0.419 gen=0.1s train=0.4s
[t= 241.0s] greedy ep370 games=  96 dec= 18204 rows= 17396 horizon=0.27 L=0.00023 L/var=0.00 tgt=-0.059/0.376 pstd=0.410 gen=0.1s train=0.4s
[t= 241.6s] greedy ep371 games=  96 dec= 18127 rows= 17357 horizon=0.26 L=0.00011 L/var=0.00 tgt=-0.070/0.390 pstd=0.416 gen=0.1s train=0.4s
[t= 242.2s] greedy ep372 games=  96 dec= 18531 rows= 17737 horizon=0.30 L=0.00010 L/var=0.00 tgt=-0.070/0.387 pstd=0.410 gen=0.1s train=0.4s
[t= 242.8s] greedy ep373 games=  96 dec= 19347 rows= 18506 horizon=0.33 L=0.00007 L/var=0.00 tgt=-0.048/0.378 pstd=0.412 gen=0.1s train=0.4s
[t= 243.5s] greedy ep374 games=  96 dec= 17776 rows= 17095 horizon=0.26 L=0.00014 L/var=0.00 tgt=-0.057/0.383 pstd=0.410 gen=0.1s train=0.4s
[t= 244.1s] greedy ep375 games=  96 dec= 19342 rows= 18633 horizon=0.36 L=0.00007 L/var=0.00 tgt=-0.058/0.389 pstd=0.413 gen=0.1s train=0.4s
[t= 244.7s] greedy ep376 games=  96 dec= 17605 rows= 16778 horizon=0.21 L=0.00011 L/var=0.00 tgt=-0.092/0.413 pstd=0.412 gen=0.1s train=0.4s
[t= 245.3s] greedy ep377 games=  96 dec= 17166 rows= 16385 horizon=0.21 L=0.00013 L/var=0.00 tgt=-0.082/0.413 pstd=0.412 gen=0.1s train=0.4s
[t= 245.9s] greedy ep378 games=  96 dec= 18408 rows= 17638 horizon=0.31 L=0.00013 L/var=0.00 tgt=-0.059/0.391 pstd=0.415 gen=0.1s train=0.4s
[t= 246.6s] greedy ep379 games=  96 dec= 18017 rows= 17226 horizon=0.27 L=0.00007 L/var=0.00 tgt=-0.085/0.395 pstd=0.411 gen=0.1s train=0.4s
[t= 247.2s] greedy ep380 games=  96 dec= 18284 rows= 17458 horizon=0.30 L=0.00016 L/var=0.00 tgt=-0.072/0.402 pstd=0.417 gen=0.1s train=0.4s
[t= 247.8s] greedy ep381 games=  96 dec= 17623 rows= 16800 horizon=0.24 L=0.00013 L/var=0.00 tgt=-0.088/0.381 pstd=0.414 gen=0.1s train=0.4s
[t= 248.5s] greedy ep382 games=  96 dec= 17657 rows= 16929 horizon=0.24 L=0.00007 L/var=0.00 tgt=-0.080/0.373 pstd=0.411 gen=0.1s train=0.5s
[t= 249.1s] greedy ep383 games=  96 dec= 19041 rows= 18259 horizon=0.34 L=0.00010 L/var=0.00 tgt=-0.080/0.394 pstd=0.410 gen=0.1s train=0.4s
[t= 249.8s] greedy ep384 games=  96 dec= 17771 rows= 16999 horizon=0.24 L=0.00038 L/var=0.00 tgt=-0.052/0.398 pstd=0.410 gen=0.1s train=0.4s
[t= 250.4s] greedy ep385 games=  96 dec= 17773 rows= 16998 horizon=0.25 L=0.00013 L/var=0.00 tgt=-0.071/0.381 pstd=0.410 gen=0.1s train=0.4s
[t= 251.1s] greedy ep386 games=  96 dec= 18490 rows= 17690 horizon=0.28 L=0.00007 L/var=0.00 tgt=-0.068/0.391 pstd=0.414 gen=0.1s train=0.4s
[t= 251.7s] greedy ep387 games=  96 dec= 18725 rows= 17936 horizon=0.30 L=0.00008 L/var=0.00 tgt=-0.082/0.408 pstd=0.414 gen=0.1s train=0.4s
[t= 252.4s] greedy ep388 games=  96 dec= 19154 rows= 18418 horizon=0.32 L=0.00009 L/var=0.00 tgt=-0.086/0.414 pstd=0.415 gen=0.1s train=0.5s
[t= 253.0s] greedy ep389 games=  96 dec= 18210 rows= 17427 horizon=0.29 L=0.00008 L/var=0.00 tgt=-0.072/0.406 pstd=0.412 gen=0.1s train=0.4s
[t= 253.7s] greedy ep390 games=  96 dec= 18894 rows= 18128 horizon=0.31 L=0.00009 L/var=0.00 tgt=-0.068/0.397 pstd=0.411 gen=0.1s train=0.4s
[t= 254.3s] greedy ep391 games=  96 dec= 18159 rows= 17332 horizon=0.25 L=0.00027 L/var=0.00 tgt=-0.061/0.401 pstd=0.416 gen=0.1s train=0.4s
[t= 255.0s] greedy ep392 games=  96 dec= 18392 rows= 17484 horizon=0.24 L=0.00011 L/var=0.00 tgt=-0.086/0.406 pstd=0.415 gen=0.1s train=0.4s
[t= 255.6s] greedy ep393 games=  96 dec= 17912 rows= 17055 horizon=0.24 L=0.00007 L/var=0.00 tgt=-0.081/0.416 pstd=0.410 gen=0.1s train=0.4s
[t= 256.3s] greedy ep394 games=  96 dec= 18563 rows= 17797 horizon=0.33 L=0.00006 L/var=0.00 tgt=-0.080/0.398 pstd=0.417 gen=0.1s train=0.4s
[t= 256.9s] greedy ep395 games=  96 dec= 17944 rows= 17128 horizon=0.23 L=0.00019 L/var=0.00 tgt=-0.063/0.396 pstd=0.410 gen=0.1s train=0.4s
[t= 257.5s] greedy ep396 games=  96 dec= 18148 rows= 17358 horizon=0.25 L=0.00012 L/var=0.00 tgt=-0.065/0.408 pstd=0.412 gen=0.1s train=0.4s
[t= 258.2s] greedy ep397 games=  96 dec= 18808 rows= 18030 horizon=0.31 L=0.00007 L/var=0.00 tgt=-0.078/0.388 pstd=0.415 gen=0.1s train=0.4s
[t= 258.9s] greedy ep398 games=  96 dec= 18917 rows= 18122 horizon=0.33 L=0.00022 L/var=0.00 tgt=-0.081/0.404 pstd=0.416 gen=0.1s train=0.4s
[t= 259.5s] greedy ep399 games=  96 dec= 18695 rows= 17901 horizon=0.29 L=0.00018 L/var=0.00 tgt=-0.069/0.413 pstd=0.416 gen=0.1s train=0.4s
[t= 260.1s] greedy ep400 games=  96 dec= 18492 rows= 17778 horizon=0.29 L=0.00009 L/var=0.00 tgt=-0.054/0.370 pstd=0.414 gen=0.1s train=0.4s
[t= 260.8s] greedy ep401 games=  96 dec= 19084 rows= 18249 horizon=0.32 L=0.00007 L/var=0.00 tgt=-0.082/0.403 pstd=0.412 gen=0.1s train=0.4s
[t= 261.5s] greedy ep402 games=  96 dec= 19045 rows= 18266 horizon=0.29 L=0.00011 L/var=0.00 tgt=-0.085/0.411 pstd=0.413 gen=0.1s train=0.4s
[t= 262.2s] greedy ep403 games=  96 dec= 18818 rows= 18009 horizon=0.31 L=0.00007 L/var=0.00 tgt=-0.099/0.411 pstd=0.414 gen=0.1s train=0.5s
[t= 262.9s] greedy ep404 games=  96 dec= 17818 rows= 17020 horizon=0.21 L=0.00020 L/var=0.00 tgt=-0.079/0.403 pstd=0.413 gen=0.1s train=0.4s
[t= 263.5s] greedy ep405 games=  96 dec= 18713 rows= 17896 horizon=0.28 L=0.00010 L/var=0.00 tgt=-0.064/0.408 pstd=0.413 gen=0.1s train=0.4s
[t= 264.1s] greedy ep406 games=  96 dec= 18766 rows= 17884 horizon=0.33 L=0.00011 L/var=0.00 tgt=-0.093/0.394 pstd=0.417 gen=0.1s train=0.4s
[t= 264.8s] greedy ep407 games=  96 dec= 18565 rows= 17816 horizon=0.28 L=0.00013 L/var=0.00 tgt=-0.059/0.367 pstd=0.418 gen=0.1s train=0.4s
[t= 265.4s] greedy ep408 games=  96 dec= 18302 rows= 17450 horizon=0.23 L=0.00007 L/var=0.00 tgt=-0.055/0.397 pstd=0.411 gen=0.1s train=0.4s
[t= 266.1s] greedy ep409 games=  96 dec= 18729 rows= 17965 horizon=0.29 L=0.00006 L/var=0.00 tgt=-0.075/0.407 pstd=0.413 gen=0.1s train=0.5s
[t= 266.7s] greedy ep410 games=  96 dec= 17572 rows= 16775 horizon=0.24 L=0.00036 L/var=0.00 tgt=-0.082/0.398 pstd=0.416 gen=0.1s train=0.4s
[t= 267.4s] greedy ep411 games=  96 dec= 18668 rows= 17844 horizon=0.23 L=0.00018 L/var=0.00 tgt=-0.090/0.443 pstd=0.412 gen=0.1s train=0.4s
[t= 268.1s] greedy ep412 games=  96 dec= 19275 rows= 18434 horizon=0.33 L=0.00009 L/var=0.00 tgt=-0.091/0.428 pstd=0.414 gen=0.1s train=0.4s
[t= 268.8s] greedy ep413 games=  96 dec= 18273 rows= 17538 horizon=0.30 L=0.00009 L/var=0.00 tgt=-0.088/0.366 pstd=0.413 gen=0.1s train=0.4s
[t= 269.4s] greedy ep414 games=  96 dec= 18704 rows= 17903 horizon=0.33 L=0.00005 L/var=0.00 tgt=-0.104/0.405 pstd=0.418 gen=0.1s train=0.5s
[t= 270.1s] greedy ep415 games=  96 dec= 16987 rows= 16291 horizon=0.22 L=0.00007 L/var=0.00 tgt=-0.071/0.400 pstd=0.415 gen=0.1s train=0.4s
[t= 270.8s] greedy ep416 games=  96 dec= 18756 rows= 17968 horizon=0.31 L=0.00007 L/var=0.00 tgt=-0.095/0.411 pstd=0.410 gen=0.1s train=0.5s
[t= 271.5s] greedy ep417 games=  96 dec= 18403 rows= 17615 horizon=0.29 L=0.00009 L/var=0.00 tgt=-0.077/0.375 pstd=0.413 gen=0.1s train=0.5s
[t= 272.2s] greedy ep418 games=  96 dec= 17701 rows= 16993 horizon=0.23 L=0.00007 L/var=0.00 tgt=-0.058/0.372 pstd=0.412 gen=0.1s train=0.5s
[t= 272.9s] greedy ep419 games=  96 dec= 18588 rows= 17836 horizon=0.31 L=0.00032 L/var=0.00 tgt=-0.073/0.421 pstd=0.417 gen=0.1s train=0.5s
[t= 273.5s] greedy ep420 games=  96 dec= 18186 rows= 17453 horizon=0.25 L=0.00010 L/var=0.00 tgt=-0.072/0.395 pstd=0.415 gen=0.1s train=0.5s
[t= 274.2s] greedy ep421 games=  96 dec= 18630 rows= 17905 horizon=0.32 L=0.00006 L/var=0.00 tgt=-0.072/0.403 pstd=0.414 gen=0.1s train=0.5s
[t= 275.0s] greedy ep422 games=  96 dec= 19135 rows= 18278 horizon=0.32 L=0.00013 L/var=0.00 tgt=-0.077/0.418 pstd=0.413 gen=0.1s train=0.5s
[t= 275.6s] greedy ep423 games=  96 dec= 18152 rows= 17365 horizon=0.31 L=0.00009 L/var=0.00 tgt=-0.098/0.405 pstd=0.411 gen=0.1s train=0.5s
[t= 276.3s] greedy ep424 games=  96 dec= 18270 rows= 17499 horizon=0.28 L=0.00006 L/var=0.00 tgt=-0.074/0.402 pstd=0.413 gen=0.1s train=0.5s
[t= 277.0s] greedy ep425 games=  96 dec= 18885 rows= 18114 horizon=0.34 L=0.00014 L/var=0.00 tgt=-0.068/0.409 pstd=0.412 gen=0.1s train=0.5s
[t= 277.7s] greedy ep426 games=  96 dec= 18955 rows= 18240 horizon=0.31 L=0.00013 L/var=0.00 tgt=-0.075/0.399 pstd=0.415 gen=0.1s train=0.5s
[t= 278.4s] greedy ep427 games=  96 dec= 18075 rows= 17418 horizon=0.29 L=0.00006 L/var=0.00 tgt=-0.074/0.402 pstd=0.414 gen=0.1s train=0.5s
[t= 279.1s] greedy ep428 games=  96 dec= 18670 rows= 17790 horizon=0.29 L=0.00007 L/var=0.00 tgt=-0.053/0.391 pstd=0.413 gen=0.1s train=0.5s
[t= 279.8s] greedy ep429 games=  96 dec= 18108 rows= 17438 horizon=0.31 L=0.00011 L/var=0.00 tgt=-0.084/0.415 pstd=0.412 gen=0.1s train=0.5s
[t= 280.5s] greedy ep430 games=  96 dec= 18411 rows= 17683 horizon=0.30 L=0.00009 L/var=0.00 tgt=-0.060/0.397 pstd=0.410 gen=0.1s train=0.5s
[t= 281.2s] greedy ep431 games=  96 dec= 18612 rows= 17811 horizon=0.25 L=0.00016 L/var=0.00 tgt=-0.072/0.411 pstd=0.411 gen=0.1s train=0.5s
[t= 281.9s] greedy ep432 games=  96 dec= 18565 rows= 17640 horizon=0.24 L=0.00014 L/var=0.00 tgt=-0.055/0.377 pstd=0.414 gen=0.1s train=0.5s
[t= 282.5s] greedy ep433 games=  96 dec= 18033 rows= 17252 horizon=0.25 L=0.00007 L/var=0.00 tgt=-0.068/0.380 pstd=0.414 gen=0.1s train=0.5s
[t= 283.2s] greedy ep434 games=  96 dec= 18131 rows= 17354 horizon=0.27 L=0.00008 L/var=0.00 tgt=-0.053/0.378 pstd=0.412 gen=0.1s train=0.5s
[t= 283.9s] greedy ep435 games=  96 dec= 18859 rows= 18014 horizon=0.35 L=0.00006 L/var=0.00 tgt=-0.079/0.417 pstd=0.413 gen=0.1s train=0.5s
[t= 284.6s] greedy ep436 games=  96 dec= 18336 rows= 17606 horizon=0.28 L=0.00008 L/var=0.00 tgt=-0.087/0.427 pstd=0.415 gen=0.1s train=0.5s
[t= 285.3s] greedy ep437 games=  96 dec= 18002 rows= 17273 horizon=0.25 L=0.00007 L/var=0.00 tgt=-0.079/0.419 pstd=0.414 gen=0.1s train=0.5s
[t= 286.0s] greedy ep438 games=  96 dec= 17961 rows= 17161 horizon=0.22 L=0.00018 L/var=0.00 tgt=-0.064/0.409 pstd=0.408 gen=0.1s train=0.5s
[t= 286.7s] greedy ep439 games=  96 dec= 18699 rows= 17982 horizon=0.27 L=0.00022 L/var=0.00 tgt=-0.067/0.393 pstd=0.417 gen=0.1s train=0.5s
[t= 287.4s] greedy ep440 games=  96 dec= 17822 rows= 17070 horizon=0.29 L=0.00016 L/var=0.00 tgt=-0.082/0.406 pstd=0.421 gen=0.1s train=0.5s
[t= 288.1s] greedy ep441 games=  96 dec= 19027 rows= 18287 horizon=0.38 L=0.00011 L/var=0.00 tgt=-0.091/0.393 pstd=0.418 gen=0.1s train=0.5s
[t= 288.8s] greedy ep442 games=  96 dec= 17880 rows= 17092 horizon=0.27 L=0.00011 L/var=0.00 tgt=-0.063/0.417 pstd=0.414 gen=0.1s train=0.5s
[t= 289.5s] greedy ep443 games=  96 dec= 18472 rows= 17719 horizon=0.25 L=0.00007 L/var=0.00 tgt=-0.077/0.416 pstd=0.411 gen=0.1s train=0.5s
[t= 290.1s] greedy ep444 games=  96 dec= 18204 rows= 17469 horizon=0.33 L=0.00006 L/var=0.00 tgt=-0.088/0.401 pstd=0.416 gen=0.1s train=0.5s
[t= 290.8s] greedy ep445 games=  96 dec= 18408 rows= 17599 horizon=0.28 L=0.00011 L/var=0.00 tgt=-0.096/0.399 pstd=0.415 gen=0.1s train=0.5s
[t= 291.5s] greedy ep446 games=  96 dec= 17709 rows= 16981 horizon=0.23 L=0.00007 L/var=0.00 tgt=-0.046/0.383 pstd=0.414 gen=0.1s train=0.5s
[t= 292.2s] greedy ep447 games=  96 dec= 18367 rows= 17593 horizon=0.29 L=0.00006 L/var=0.00 tgt=-0.065/0.387 pstd=0.411 gen=0.1s train=0.5s
[t= 292.9s] greedy ep448 games=  96 dec= 19669 rows= 18766 horizon=0.33 L=0.00011 L/var=0.00 tgt=-0.081/0.384 pstd=0.413 gen=0.1s train=0.5s
[t= 293.6s] greedy ep449 games=  96 dec= 18244 rows= 17377 horizon=0.23 L=0.00008 L/var=0.00 tgt=-0.064/0.396 pstd=0.409 gen=0.1s train=0.4s
[t= 294.2s] greedy ep450 games=  96 dec= 18220 rows= 17474 horizon=0.30 L=0.00007 L/var=0.00 tgt=-0.066/0.372 pstd=0.414 gen=0.1s train=0.4s
[t= 294.8s] greedy ep451 games=  96 dec= 18268 rows= 17482 horizon=0.26 L=0.00006 L/var=0.00 tgt=-0.068/0.380 pstd=0.413 gen=0.1s train=0.4s
[t= 295.4s] greedy ep452 games=  96 dec= 17964 rows= 17161 horizon=0.25 L=0.00019 L/var=0.00 tgt=-0.086/0.399 pstd=0.413 gen=0.1s train=0.4s
[t= 296.0s] greedy ep453 games=  96 dec= 17891 rows= 17102 horizon=0.25 L=0.00013 L/var=0.00 tgt=-0.080/0.405 pstd=0.415 gen=0.1s train=0.4s
[t= 296.7s] greedy ep454 games=  96 dec= 18598 rows= 17785 horizon=0.29 L=0.00007 L/var=0.00 tgt=-0.064/0.390 pstd=0.413 gen=0.1s train=0.4s
[t= 297.3s] greedy ep455 games=  96 dec= 19264 rows= 18458 horizon=0.33 L=0.00007 L/var=0.00 tgt=-0.073/0.387 pstd=0.410 gen=0.1s train=0.4s
[t= 297.9s] greedy ep456 games=  96 dec= 17911 rows= 17179 horizon=0.27 L=0.00006 L/var=0.00 tgt=-0.090/0.411 pstd=0.411 gen=0.1s train=0.4s
[t= 298.7s] greedy ep457 games=  96 dec= 19094 rows= 18276 horizon=0.36 L=0.00007 L/var=0.00 tgt=-0.059/0.407 pstd=0.417 gen=0.1s train=0.5s
[t= 299.4s] greedy ep458 games=  96 dec= 18734 rows= 17975 horizon=0.30 L=0.00014 L/var=0.00 tgt=-0.071/0.399 pstd=0.413 gen=0.1s train=0.5s
[t= 300.0s] greedy ep459 games=  96 dec= 17797 rows= 17013 horizon=0.23 L=0.00015 L/var=0.00 tgt=-0.067/0.413 pstd=0.413 gen=0.1s train=0.5s
[t= 300.1s] --- snapshot snap_00.pt (init) ---
[t= 300.1s] --- switching to ReBeL ---
[t= 310.1s] rebel stream solves=13312 raw=1328/s balanced=1328/s debt=0 rows steps=52 horizon=0.00 games=0 over=0 card=0 drop=0 L=0.00239 L/var=1.82 tgt=+0.006/0.036 cfg/b=43017 prep=0.28s gpu=0.00s conv=0.01s add=0.35s train=1.77s
[t= 320.1s] rebel stream solves=25600 raw=1276/s balanced=1276/s debt=0 rows steps=100 horizon=0.00 games=0 over=0 card=0 drop=0 L=0.00020 L/var=191.57 tgt=+0.008/0.001 cfg/b=103634 prep=0.41s gpu=0.00s conv=0.06s add=1.12s train=2.63s
[t= 330.2s] rebel stream solves=43008 raw=1429/s balanced=1429/s debt=0 rows steps=168 horizon=0.00 games=0 over=0 card=0 drop=0 L=0.00012 L/var=87.32 tgt=+0.008/0.001 cfg/b=51462 prep=0.51s gpu=0.00s conv=0.01s add=0.41s train=2.53s
[t= 339.7s] --- lr -> 5.00e-04 ---
[t= 340.2s] rebel stream solves=51200 raw=1276/s balanced=1276/s debt=0 rows steps=200 horizon=0.00 games=0 over=0 card=0 drop=0 L=0.00008 L/var=337.55 tgt=+0.010/0.000 cfg/b=44656 prep=0.16s gpu=0.00s conv=0.01s add=0.28s train=1.00s
[t= 350.4s] rebel stream solves=56320 raw=1120/s balanced=1120/s debt=0 rows steps=220 horizon=0.00 games=0 over=0 card=0 drop=0 L=0.00006 L/var=131.64 tgt=+0.009/0.001 cfg/b=44936 prep=0.14s gpu=0.00s conv=0.01s add=0.24s train=0.72s
[t= 360.4s] rebel stream solves=61440 raw=1018/s balanced=1018/s debt=0 rows steps=240 horizon=0.00 games=0 over=0 card=0 drop=0 L=0.00007 L/var=174.43 tgt=+0.009/0.001 cfg/b=58519 prep=0.13s gpu=0.00s conv=0.02s add=0.50s train=0.70s
[t= 370.4s] rebel stream solves=68608 raw=975/s balanced=975/s debt=0 rows steps=268 horizon=0.00 games=0 over=0 card=0 drop=0 L=0.00005 L/var=118.36 tgt=+0.009/0.001 cfg/b=68827 prep=0.23s gpu=0.00s conv=0.01s add=0.37s train=1.48s
[t= 380.5s] rebel stream solves=74752 raw=930/s balanced=930/s debt=0 rows steps=292 horizon=0.00 games=0 over=0 card=0 drop=0 L=0.00005 L/var=93.46 tgt=+0.009/0.001 cfg/b=63244 prep=0.12s gpu=0.00s conv=0.02s add=0.43s train=0.80s
[t= 380.6s] --- lr -> 2.50e-04 ---
[t= 390.5s] rebel stream solves=82944 raw=918/s balanced=918/s debt=0 rows steps=324 horizon=0.00 games=0 over=0 card=0 drop=0 L=0.00004 L/var=75.16 tgt=+0.009/0.001 cfg/b=55273 prep=0.19s gpu=0.00s conv=0.01s add=0.32s train=1.13s
[t= 400.0s] --- stopping GPU admission; draining ---
[t= 400.5s] rebel stream solves=87040 raw=867/s balanced=867/s debt=0 rows steps=340 horizon=0.00 games=0 over=0 card=0 drop=0 L=0.00005 L/var=105.35 tgt=+0.009/0.001 cfg/b=50638 prep=0.09s gpu=0.00s conv=0.00s add=0.15s train=0.59s
[t= 402.9s] rebel stream solves=88609 raw=862/s balanced=862/s debt=132 rows steps=346 horizon=0.00 games=0 over=0 card=0 drop=0 L=0.00004 L/var=101.35 tgt=+0.009/0.001 cfg/b=47888 prep=0.03s gpu=0.00s conv=0.00s add=0.06s train=0.22s
[gpu-summary] solves=88609 optimizer_rows=354304 debt=132 raw=738.9/s balanced=738.7/s horizon=0.00 games=0 over=0 card=0 exact=0 censored=4608 dropped=0 overrun=0.00s
[t= 420.0s] --- snapshot snap_01.pt (final) ---
[report] runs/sw_128_97/report.html
