[train] runs/gt_cpu_lean at 1feb485+dirty seed=1 {'minutes': 1.0, 'warm_minutes': 0.2, 'snapshot_every': 1.0, 'ladder_games': 0, 'nodes': 64, 'expand': 1, 'iters': 8, 'gen_workers': 36, 'gen_solves': 1, 'gpu_inference': False, 'note': 'v7-cpu-lean'}
[train] v7-cpu-lean
[cpu] pinned to 36 physical cores
[train] CUDA stream priority -1
[train] search inference on CPU
[cfg] PUBFEAT=897 CFEAT=15 architecture=gt-cfr nodes=64 expand=1 iters=8 budget=60s warm=12s snapshot_every=1min device=cuda:1 draft=random train_gen_ratio=64.0 recent_mix=0.5/0.2 canonical_views=2 cap=2000000 matmul=high
[t=   1.4s] greedy ep  0 games=  96 dec= 18968 rows= 18118 horizon=0.30 L=1.21217 L/var=8.23 tgt=-0.065/0.384 pstd=0.033 gen=0.1s train=1.2s
[t=   2.4s] greedy ep  1 games=  96 dec= 18844 rows= 18051 horizon=0.33 L=0.29081 L/var=1.68 tgt=-0.083/0.417 pstd=0.072 gen=0.1s train=0.8s
[t=   3.4s] greedy ep  2 games=  96 dec= 18181 rows= 17414 horizon=0.27 L=0.25072 L/var=1.59 tgt=-0.076/0.397 pstd=0.086 gen=0.1s train=0.8s
[t=   4.4s] greedy ep  3 games=  96 dec= 17989 rows= 17120 horizon=0.26 L=0.21629 L/var=1.43 tgt=-0.077/0.389 pstd=0.099 gen=0.1s train=0.8s
[t=   5.5s] greedy ep  4 games=  96 dec= 18823 rows= 18078 horizon=0.29 L=0.20609 L/var=1.34 tgt=-0.064/0.392 pstd=0.092 gen=0.1s train=0.8s
[t=   6.6s] greedy ep  5 games=  96 dec= 18924 rows= 18146 horizon=0.33 L=0.20825 L/var=1.41 tgt=-0.051/0.384 pstd=0.104 gen=0.1s train=0.8s
[t=   7.6s] greedy ep  6 games=  96 dec= 17615 rows= 16921 horizon=0.26 L=0.21505 L/var=1.33 tgt=-0.082/0.402 pstd=0.113 gen=0.1s train=0.8s
[t=   8.7s] greedy ep  7 games=  96 dec= 18608 rows= 17786 horizon=0.36 L=0.20902 L/var=1.20 tgt=-0.092/0.417 pstd=0.148 gen=0.1s train=0.8s
[t=   9.8s] greedy ep  8 games=  96 dec= 19040 rows= 18296 horizon=0.36 L=0.20258 L/var=1.28 tgt=-0.064/0.398 pstd=0.160 gen=0.1s train=0.9s
[t=  10.8s] greedy ep  9 games=  96 dec= 18200 rows= 17459 horizon=0.27 L=0.20444 L/var=1.21 tgt=-0.090/0.411 pstd=0.177 gen=0.1s train=0.8s
[t=  11.8s] greedy ep 10 games=  96 dec= 17927 rows= 17200 horizon=0.24 L=0.22161 L/var=1.36 tgt=-0.082/0.404 pstd=0.094 gen=0.1s train=0.8s
[t=  12.9s] greedy ep 11 games=  96 dec= 17941 rows= 17162 horizon=0.28 L=0.21472 L/var=1.34 tgt=-0.100/0.400 pstd=0.144 gen=0.1s train=0.8s
[t=  12.9s] --- snapshot snap_00.pt (init) ---
[t=  12.9s] --- switching to GT-CFR ---
[t=  22.9s] GT-CFR solves=3328 rate=331.9/s rows=4 games=0 caps=1 L=0.00543 L/var=1.38 tgt=+0.133/0.063 gen=0.09s train=0.04s gpu=0.00s
[t=  28.7s] --- lr -> 5.00e-04 ---
[t=  32.9s] GT-CFR solves=6896 rate=343.8/s rows=9 games=0 caps=1 L=0.00468 L/var=2.14 tgt=+0.078/0.047 gen=0.02s train=0.03s gpu=0.00s
[t=  43.0s] GT-CFR solves=10256 rate=340.8/s rows=4 games=0 caps=1 L=0.00467 L/var=2.10 tgt=+0.091/0.047 gen=0.05s train=0.04s gpu=0.00s
[t=  45.1s] --- lr -> 2.50e-04 ---
[t=  53.0s] GT-CFR solves=13792 rate=343.9/s rows=2 games=0 caps=1 L=0.00596 L/var=0.92 tgt=+0.035/0.080 gen=0.14s train=0.04s gpu=0.00s
[GT-CFR-summary] solves=16480 optimizer_rows=1054720 rate=347.3/s horizon=0.73 games=56 caps=8
[t=  60.3s] --- snapshot snap_01.pt (final) ---
