[train] runs/value_v4_public_warm3 at d47dc82+dirty seed=1 {'minutes': 10.0, 'warm_minutes': 3.0, 'snapshot_every': 4.0, 'ladder_games': 40, 'seed': 1, 'note': 'public-only-warm-private-from-zero'}
[train] public-only-warm-private-from-zero
[cpu] pinned to 36 physical cores
[train] CUDA stream priority -1
[gpu] solve services up on [0, 1]
[cfg] PUBFEAT=897 CFEAT=15 architecture=v4 depth=2 iters=64 budget=600s warm=180s snapshot_every=4min device=cuda:1 draft=random train_gen_ratio=4.0 recent_mix=0.5/0.2 canonical_views=2 cap=2000000 matmul=high
[t=   2.1s] greedy ep  0 games=  96 dec= 18968 rows= 18118 horizon=0.30 L=0.03543 L/var=0.15 tgt=-0.023/0.482 pstd=0.502 gen=0.1s train=1.9s
[t=   3.5s] greedy ep  1 games=  96 dec= 18844 rows= 18051 horizon=0.33 L=0.02288 L/var=0.09 tgt=-0.058/0.494 pstd=0.501 gen=0.1s train=1.2s
[t=   4.9s] greedy ep  2 games=  96 dec= 18181 rows= 17414 horizon=0.27 L=0.01851 L/var=0.07 tgt=-0.025/0.512 pstd=0.496 gen=0.1s train=1.2s
[t=   6.3s] greedy ep  3 games=  96 dec= 17989 rows= 17120 horizon=0.26 L=0.01789 L/var=0.07 tgt=-0.029/0.495 pstd=0.510 gen=0.1s train=1.2s
[t=   7.7s] greedy ep  4 games=  96 dec= 18823 rows= 18078 horizon=0.29 L=0.01518 L/var=0.07 tgt=-0.022/0.471 pstd=0.499 gen=0.1s train=1.3s
[t=   9.2s] greedy ep  5 games=  96 dec= 18924 rows= 18146 horizon=0.33 L=0.01274 L/var=0.05 tgt=-0.029/0.496 pstd=0.505 gen=0.1s train=1.3s
[t=  10.5s] greedy ep  6 games=  96 dec= 17615 rows= 16921 horizon=0.26 L=0.01262 L/var=0.05 tgt=-0.041/0.511 pstd=0.508 gen=0.1s train=1.2s
[t=  11.9s] greedy ep  7 games=  96 dec= 18608 rows= 17786 horizon=0.36 L=0.01122 L/var=0.05 tgt=-0.065/0.495 pstd=0.500 gen=0.1s train=1.2s
[t=  13.4s] greedy ep  8 games=  96 dec= 19040 rows= 18296 horizon=0.36 L=0.01041 L/var=0.04 tgt=-0.019/0.484 pstd=0.504 gen=0.1s train=1.3s
[t=  14.7s] greedy ep  9 games=  96 dec= 18200 rows= 17459 horizon=0.27 L=0.00965 L/var=0.04 tgt=-0.034/0.513 pstd=0.504 gen=0.1s train=1.2s
[t=  16.1s] greedy ep 10 games=  96 dec= 17927 rows= 17200 horizon=0.24 L=0.00992 L/var=0.04 tgt=-0.036/0.524 pstd=0.501 gen=0.1s train=1.2s
[t=  17.5s] greedy ep 11 games=  96 dec= 17941 rows= 17162 horizon=0.28 L=0.00912 L/var=0.04 tgt=-0.044/0.477 pstd=0.507 gen=0.1s train=1.2s
[t=  18.8s] greedy ep 12 games=  96 dec= 17384 rows= 16648 horizon=0.25 L=0.01001 L/var=0.04 tgt=-0.023/0.503 pstd=0.494 gen=0.1s train=1.1s
[t=  20.2s] greedy ep 13 games=  96 dec= 18153 rows= 17377 horizon=0.28 L=0.00862 L/var=0.03 tgt=-0.027/0.502 pstd=0.502 gen=0.1s train=1.2s
[t=  21.6s] greedy ep 14 games=  96 dec= 18097 rows= 17377 horizon=0.26 L=0.00843 L/var=0.03 tgt=-0.037/0.511 pstd=0.506 gen=0.1s train=1.2s
[t=  22.9s] greedy ep 15 games=  96 dec= 18356 rows= 17581 horizon=0.30 L=0.00839 L/var=0.03 tgt=-0.023/0.496 pstd=0.493 gen=0.1s train=1.2s
[t=  24.3s] greedy ep 16 games=  96 dec= 19141 rows= 18328 horizon=0.32 L=0.00741 L/var=0.03 tgt=+0.010/0.479 pstd=0.502 gen=0.1s train=1.2s
[t=  25.7s] greedy ep 17 games=  96 dec= 18885 rows= 18173 horizon=0.30 L=0.00729 L/var=0.03 tgt=-0.054/0.508 pstd=0.504 gen=0.1s train=1.2s
[t=  27.0s] greedy ep 18 games=  96 dec= 17886 rows= 17103 horizon=0.25 L=0.00940 L/var=0.04 tgt=-0.021/0.507 pstd=0.490 gen=0.1s train=1.1s
[t=  28.3s] greedy ep 19 games=  96 dec= 17738 rows= 16961 horizon=0.23 L=0.01027 L/var=0.04 tgt=-0.065/0.530 pstd=0.500 gen=0.1s train=1.1s
[t=  29.6s] greedy ep 20 games=  96 dec= 17716 rows= 17039 horizon=0.28 L=0.00865 L/var=0.03 tgt=-0.071/0.515 pstd=0.497 gen=0.1s train=1.1s
[t=  30.9s] greedy ep 21 games=  96 dec= 17777 rows= 17032 horizon=0.23 L=0.00807 L/var=0.03 tgt=-0.051/0.520 pstd=0.500 gen=0.1s train=1.1s
[t=  32.2s] greedy ep 22 games=  96 dec= 18472 rows= 17732 horizon=0.33 L=0.00757 L/var=0.03 tgt=-0.019/0.474 pstd=0.497 gen=0.1s train=1.2s
[t=  33.6s] greedy ep 23 games=  96 dec= 18429 rows= 17627 horizon=0.27 L=0.00881 L/var=0.04 tgt=-0.006/0.478 pstd=0.497 gen=0.1s train=1.2s
[t=  35.0s] greedy ep 24 games=  96 dec= 18992 rows= 18327 horizon=0.35 L=0.00749 L/var=0.03 tgt=-0.014/0.487 pstd=0.498 gen=0.1s train=1.2s
[t=  36.4s] greedy ep 25 games=  96 dec= 18039 rows= 17262 horizon=0.23 L=0.00926 L/var=0.03 tgt=-0.025/0.517 pstd=0.503 gen=0.1s train=1.2s
[t=  37.9s] greedy ep 26 games=  96 dec= 19627 rows= 18805 horizon=0.33 L=0.00745 L/var=0.03 tgt=-0.037/0.501 pstd=0.505 gen=0.1s train=1.3s
[t=  39.3s] greedy ep 27 games=  96 dec= 18752 rows= 17930 horizon=0.27 L=0.00739 L/var=0.03 tgt=-0.031/0.485 pstd=0.500 gen=0.1s train=1.2s
[t=  40.7s] greedy ep 28 games=  96 dec= 19116 rows= 18327 horizon=0.31 L=0.00787 L/var=0.03 tgt=-0.035/0.484 pstd=0.500 gen=0.1s train=1.2s
[t=  42.1s] greedy ep 29 games=  96 dec= 18708 rows= 17952 horizon=0.27 L=0.00764 L/var=0.03 tgt=-0.051/0.503 pstd=0.502 gen=0.1s train=1.2s
[t=  43.4s] greedy ep 30 games=  96 dec= 19066 rows= 18248 horizon=0.31 L=0.00655 L/var=0.03 tgt=-0.032/0.479 pstd=0.495 gen=0.1s train=1.2s
[t=  44.8s] greedy ep 31 games=  96 dec= 18369 rows= 17570 horizon=0.26 L=0.00661 L/var=0.03 tgt=-0.041/0.509 pstd=0.496 gen=0.1s train=1.2s
[t=  46.2s] greedy ep 32 games=  96 dec= 18567 rows= 17800 horizon=0.30 L=0.00640 L/var=0.03 tgt=+0.001/0.480 pstd=0.506 gen=0.1s train=1.2s
[t=  47.5s] greedy ep 33 games=  96 dec= 18636 rows= 17813 horizon=0.31 L=0.00596 L/var=0.02 tgt=-0.002/0.514 pstd=0.502 gen=0.1s train=1.2s
[t=  48.9s] greedy ep 34 games=  96 dec= 18664 rows= 17825 horizon=0.29 L=0.00758 L/var=0.04 tgt=+0.020/0.463 pstd=0.501 gen=0.1s train=1.2s
[t=  50.2s] greedy ep 35 games=  96 dec= 17787 rows= 17046 horizon=0.22 L=0.00751 L/var=0.03 tgt=-0.039/0.539 pstd=0.498 gen=0.1s train=1.1s
[t=  51.6s] greedy ep 36 games=  96 dec= 19279 rows= 18442 horizon=0.33 L=0.00644 L/var=0.03 tgt=-0.046/0.480 pstd=0.503 gen=0.1s train=1.2s
[t=  53.0s] greedy ep 37 games=  96 dec= 18316 rows= 17468 horizon=0.32 L=0.00590 L/var=0.02 tgt=-0.034/0.532 pstd=0.504 gen=0.1s train=1.2s
[t=  54.4s] greedy ep 38 games=  96 dec= 19158 rows= 18321 horizon=0.32 L=0.00715 L/var=0.03 tgt=-0.020/0.472 pstd=0.495 gen=0.1s train=1.2s
[t=  55.8s] greedy ep 39 games=  96 dec= 18549 rows= 17774 horizon=0.26 L=0.00593 L/var=0.02 tgt=-0.037/0.514 pstd=0.499 gen=0.1s train=1.2s
[t=  57.2s] greedy ep 40 games=  96 dec= 18971 rows= 18211 horizon=0.34 L=0.00623 L/var=0.03 tgt=-0.007/0.461 pstd=0.502 gen=0.1s train=1.2s
[t=  58.7s] greedy ep 41 games=  96 dec= 18692 rows= 17843 horizon=0.28 L=0.00621 L/var=0.02 tgt=-0.044/0.507 pstd=0.509 gen=0.1s train=1.3s
[t=  60.2s] greedy ep 42 games=  96 dec= 19162 rows= 18375 horizon=0.38 L=0.00663 L/var=0.03 tgt=-0.035/0.494 pstd=0.510 gen=0.1s train=1.3s
[t=  61.7s] greedy ep 43 games=  96 dec= 19468 rows= 18602 horizon=0.35 L=0.00597 L/var=0.03 tgt=-0.058/0.456 pstd=0.503 gen=0.1s train=1.3s
[t=  63.0s] greedy ep 44 games=  96 dec= 18443 rows= 17624 horizon=0.28 L=0.00630 L/var=0.03 tgt=-0.009/0.479 pstd=0.502 gen=0.1s train=1.2s
[t=  64.4s] greedy ep 45 games=  96 dec= 17350 rows= 16706 horizon=0.25 L=0.00673 L/var=0.02 tgt=-0.084/0.527 pstd=0.500 gen=0.1s train=1.2s
[t=  65.7s] greedy ep 46 games=  96 dec= 17993 rows= 17239 horizon=0.28 L=0.00666 L/var=0.03 tgt=-0.013/0.495 pstd=0.494 gen=0.1s train=1.1s
[t=  67.1s] greedy ep 47 games=  96 dec= 18984 rows= 18180 horizon=0.29 L=0.00653 L/var=0.03 tgt=-0.024/0.472 pstd=0.497 gen=0.1s train=1.2s
[t=  68.5s] greedy ep 48 games=  96 dec= 18071 rows= 17405 horizon=0.30 L=0.00638 L/var=0.02 tgt=-0.041/0.510 pstd=0.492 gen=0.1s train=1.1s
[t=  69.9s] greedy ep 49 games=  96 dec= 19599 rows= 18844 horizon=0.40 L=0.00566 L/var=0.03 tgt=-0.000/0.457 pstd=0.496 gen=0.1s train=1.3s
[t=  71.3s] greedy ep 50 games=  96 dec= 17856 rows= 17099 horizon=0.25 L=0.00618 L/var=0.02 tgt=-0.060/0.543 pstd=0.506 gen=0.1s train=1.1s
[t=  72.6s] greedy ep 51 games=  96 dec= 17858 rows= 17043 horizon=0.24 L=0.00665 L/var=0.02 tgt=-0.027/0.530 pstd=0.499 gen=0.1s train=1.1s
[t=  74.0s] greedy ep 52 games=  96 dec= 18973 rows= 18262 horizon=0.35 L=0.00626 L/var=0.03 tgt=-0.041/0.460 pstd=0.495 gen=0.1s train=1.2s
[t=  75.3s] greedy ep 53 games=  96 dec= 17565 rows= 16777 horizon=0.19 L=0.00607 L/var=0.02 tgt=-0.031/0.511 pstd=0.499 gen=0.1s train=1.1s
[t=  76.6s] greedy ep 54 games=  96 dec= 17835 rows= 17151 horizon=0.25 L=0.00606 L/var=0.02 tgt=-0.001/0.492 pstd=0.498 gen=0.1s train=1.1s
[t=  78.0s] greedy ep 55 games=  96 dec= 17927 rows= 17096 horizon=0.25 L=0.00603 L/var=0.03 tgt=-0.008/0.470 pstd=0.497 gen=0.1s train=1.2s
[t=  79.3s] greedy ep 56 games=  96 dec= 18561 rows= 17765 horizon=0.28 L=0.00597 L/var=0.03 tgt=-0.036/0.484 pstd=0.493 gen=0.1s train=1.2s
[t=  80.7s] greedy ep 57 games=  96 dec= 18688 rows= 17872 horizon=0.25 L=0.00653 L/var=0.02 tgt=-0.014/0.515 pstd=0.493 gen=0.1s train=1.2s
[t=  82.1s] greedy ep 58 games=  96 dec= 19251 rows= 18414 horizon=0.34 L=0.00622 L/var=0.03 tgt=-0.060/0.493 pstd=0.492 gen=0.1s train=1.2s
[t=  83.6s] greedy ep 59 games=  96 dec= 19596 rows= 18724 horizon=0.36 L=0.00559 L/var=0.03 tgt=-0.050/0.460 pstd=0.501 gen=0.1s train=1.3s
[t=  85.0s] greedy ep 60 games=  96 dec= 18869 rows= 17979 horizon=0.30 L=0.00567 L/var=0.02 tgt=-0.032/0.484 pstd=0.501 gen=0.1s train=1.2s
[t=  86.4s] greedy ep 61 games=  96 dec= 18419 rows= 17673 horizon=0.25 L=0.00578 L/var=0.02 tgt=-0.009/0.517 pstd=0.498 gen=0.1s train=1.2s
[t=  87.7s] greedy ep 62 games=  96 dec= 19032 rows= 18186 horizon=0.32 L=0.00558 L/var=0.02 tgt=-0.036/0.503 pstd=0.488 gen=0.1s train=1.2s
[t=  89.2s] greedy ep 63 games=  96 dec= 19220 rows= 18443 horizon=0.29 L=0.00644 L/var=0.03 tgt=-0.008/0.491 pstd=0.501 gen=0.1s train=1.2s
[t=  90.5s] greedy ep 64 games=  96 dec= 17814 rows= 17050 horizon=0.25 L=0.00569 L/var=0.02 tgt=-0.045/0.519 pstd=0.496 gen=0.1s train=1.1s
[t=  91.8s] greedy ep 65 games=  96 dec= 18244 rows= 17509 horizon=0.28 L=0.00526 L/var=0.02 tgt=-0.026/0.503 pstd=0.499 gen=0.1s train=1.2s
[t=  93.2s] greedy ep 66 games=  96 dec= 18182 rows= 17491 horizon=0.29 L=0.00572 L/var=0.02 tgt=-0.037/0.498 pstd=0.496 gen=0.1s train=1.2s
[t=  94.6s] greedy ep 67 games=  96 dec= 18981 rows= 18182 horizon=0.35 L=0.00494 L/var=0.02 tgt=-0.023/0.511 pstd=0.498 gen=0.1s train=1.2s
[t=  95.9s] greedy ep 68 games=  96 dec= 18200 rows= 17313 horizon=0.25 L=0.00535 L/var=0.02 tgt=-0.016/0.502 pstd=0.500 gen=0.1s train=1.1s
[t=  97.3s] greedy ep 69 games=  96 dec= 18393 rows= 17591 horizon=0.28 L=0.00522 L/var=0.02 tgt=-0.053/0.510 pstd=0.495 gen=0.1s train=1.2s
[t=  98.8s] greedy ep 70 games=  96 dec= 18464 rows= 17707 horizon=0.33 L=0.00573 L/var=0.02 tgt=-0.039/0.486 pstd=0.498 gen=0.1s train=1.3s
[t= 100.1s] greedy ep 71 games=  96 dec= 18120 rows= 17396 horizon=0.26 L=0.00616 L/var=0.02 tgt=-0.031/0.525 pstd=0.492 gen=0.1s train=1.2s
[t= 101.6s] greedy ep 72 games=  96 dec= 19113 rows= 18368 horizon=0.34 L=0.00487 L/var=0.02 tgt=-0.075/0.504 pstd=0.499 gen=0.1s train=1.2s
[t= 102.9s] greedy ep 73 games=  96 dec= 17603 rows= 16838 horizon=0.20 L=0.00542 L/var=0.02 tgt=-0.037/0.525 pstd=0.500 gen=0.1s train=1.1s
[t= 104.3s] greedy ep 74 games=  96 dec= 18477 rows= 17679 horizon=0.27 L=0.00570 L/var=0.02 tgt=-0.065/0.534 pstd=0.497 gen=0.1s train=1.2s
[t= 105.7s] greedy ep 75 games=  96 dec= 19740 rows= 18936 horizon=0.40 L=0.00530 L/var=0.02 tgt=+0.013/0.468 pstd=0.502 gen=0.1s train=1.3s
[t= 107.1s] greedy ep 76 games=  96 dec= 18307 rows= 17464 horizon=0.20 L=0.00562 L/var=0.02 tgt=-0.020/0.496 pstd=0.498 gen=0.1s train=1.2s
[t= 108.4s] greedy ep 77 games=  96 dec= 18119 rows= 17313 horizon=0.25 L=0.00614 L/var=0.02 tgt=-0.031/0.501 pstd=0.492 gen=0.1s train=1.2s
[t= 109.8s] greedy ep 78 games=  96 dec= 18056 rows= 17283 horizon=0.26 L=0.00508 L/var=0.02 tgt=-0.041/0.514 pstd=0.488 gen=0.1s train=1.2s
[t= 111.1s] greedy ep 79 games=  96 dec= 18309 rows= 17527 horizon=0.28 L=0.00516 L/var=0.02 tgt=-0.007/0.493 pstd=0.497 gen=0.1s train=1.2s
[t= 112.5s] greedy ep 80 games=  96 dec= 18361 rows= 17605 horizon=0.29 L=0.00547 L/var=0.02 tgt=-0.024/0.508 pstd=0.489 gen=0.1s train=1.2s
[t= 113.8s] greedy ep 81 games=  96 dec= 17527 rows= 16734 horizon=0.25 L=0.00613 L/var=0.02 tgt=-0.020/0.532 pstd=0.494 gen=0.1s train=1.1s
[t= 115.1s] greedy ep 82 games=  96 dec= 17529 rows= 16756 horizon=0.23 L=0.00575 L/var=0.02 tgt=-0.028/0.509 pstd=0.492 gen=0.1s train=1.1s
[t= 116.3s] greedy ep 83 games=  96 dec= 16779 rows= 15994 horizon=0.18 L=0.00530 L/var=0.02 tgt=-0.021/0.539 pstd=0.500 gen=0.1s train=1.0s
[t= 117.7s] greedy ep 84 games=  96 dec= 19106 rows= 18300 horizon=0.35 L=0.00526 L/var=0.02 tgt=-0.045/0.483 pstd=0.497 gen=0.1s train=1.2s
[t= 119.1s] greedy ep 85 games=  96 dec= 18736 rows= 17960 horizon=0.29 L=0.00523 L/var=0.02 tgt=-0.044/0.501 pstd=0.500 gen=0.1s train=1.2s
[t= 120.4s] greedy ep 86 games=  96 dec= 18107 rows= 17332 horizon=0.26 L=0.00548 L/var=0.02 tgt=-0.020/0.485 pstd=0.488 gen=0.1s train=1.2s
[t= 121.7s] greedy ep 87 games=  96 dec= 17330 rows= 16586 horizon=0.24 L=0.00595 L/var=0.02 tgt=-0.048/0.503 pstd=0.492 gen=0.1s train=1.1s
[t= 123.1s] greedy ep 88 games=  96 dec= 18635 rows= 17758 horizon=0.27 L=0.00542 L/var=0.02 tgt=-0.026/0.514 pstd=0.489 gen=0.1s train=1.2s
[t= 124.4s] greedy ep 89 games=  96 dec= 17378 rows= 16633 horizon=0.24 L=0.00524 L/var=0.02 tgt=-0.051/0.525 pstd=0.494 gen=0.1s train=1.1s
[t= 125.8s] greedy ep 90 games=  96 dec= 18682 rows= 17886 horizon=0.31 L=0.00516 L/var=0.02 tgt=-0.059/0.505 pstd=0.493 gen=0.1s train=1.2s
[t= 127.2s] greedy ep 91 games=  96 dec= 18758 rows= 18046 horizon=0.32 L=0.00477 L/var=0.02 tgt=-0.021/0.471 pstd=0.504 gen=0.1s train=1.2s
[t= 128.6s] greedy ep 92 games=  96 dec= 18910 rows= 18161 horizon=0.30 L=0.00538 L/var=0.02 tgt=-0.051/0.484 pstd=0.499 gen=0.1s train=1.3s
[t= 130.0s] greedy ep 93 games=  96 dec= 18404 rows= 17653 horizon=0.34 L=0.00506 L/var=0.02 tgt=-0.078/0.496 pstd=0.495 gen=0.1s train=1.2s
[t= 131.4s] greedy ep 94 games=  96 dec= 18792 rows= 18006 horizon=0.33 L=0.00513 L/var=0.02 tgt=-0.046/0.481 pstd=0.500 gen=0.1s train=1.2s
[t= 132.8s] greedy ep 95 games=  96 dec= 18762 rows= 17940 horizon=0.24 L=0.00565 L/var=0.02 tgt=-0.044/0.515 pstd=0.498 gen=0.1s train=1.2s
[t= 134.1s] greedy ep 96 games=  96 dec= 17651 rows= 16892 horizon=0.24 L=0.00555 L/var=0.02 tgt=-0.034/0.512 pstd=0.497 gen=0.1s train=1.1s
[t= 135.4s] greedy ep 97 games=  96 dec= 17701 rows= 17006 horizon=0.27 L=0.00529 L/var=0.02 tgt=-0.034/0.509 pstd=0.499 gen=0.1s train=1.1s
[t= 136.8s] greedy ep 98 games=  96 dec= 18691 rows= 17958 horizon=0.35 L=0.00547 L/var=0.02 tgt=-0.032/0.471 pstd=0.503 gen=0.1s train=1.2s
[t= 138.2s] greedy ep 99 games=  96 dec= 19149 rows= 18268 horizon=0.29 L=0.00564 L/var=0.02 tgt=-0.001/0.483 pstd=0.503 gen=0.1s train=1.2s
[t= 139.5s] greedy ep100 games=  96 dec= 17996 rows= 17268 horizon=0.27 L=0.00490 L/var=0.02 tgt=-0.027/0.517 pstd=0.502 gen=0.1s train=1.1s
[t= 140.8s] greedy ep101 games=  96 dec= 17954 rows= 17173 horizon=0.26 L=0.00489 L/var=0.02 tgt=-0.045/0.510 pstd=0.499 gen=0.1s train=1.1s
[t= 142.1s] greedy ep102 games=  96 dec= 17228 rows= 16426 horizon=0.19 L=0.00537 L/var=0.02 tgt=-0.074/0.531 pstd=0.499 gen=0.1s train=1.1s
[t= 143.4s] greedy ep103 games=  96 dec= 17794 rows= 16980 horizon=0.24 L=0.00533 L/var=0.02 tgt=-0.069/0.518 pstd=0.501 gen=0.1s train=1.1s
[t= 144.8s] greedy ep104 games=  96 dec= 18854 rows= 17982 horizon=0.26 L=0.00514 L/var=0.02 tgt=-0.026/0.499 pstd=0.502 gen=0.1s train=1.2s
[t= 146.1s] greedy ep105 games=  96 dec= 18802 rows= 17936 horizon=0.30 L=0.00492 L/var=0.02 tgt=-0.031/0.509 pstd=0.511 gen=0.1s train=1.2s
[t= 147.5s] greedy ep106 games=  96 dec= 18161 rows= 17476 horizon=0.27 L=0.00538 L/var=0.02 tgt=-0.050/0.503 pstd=0.498 gen=0.1s train=1.1s
[t= 148.8s] greedy ep107 games=  96 dec= 17916 rows= 17157 horizon=0.27 L=0.00569 L/var=0.02 tgt=-0.050/0.499 pstd=0.500 gen=0.1s train=1.1s
[t= 150.1s] greedy ep108 games=  96 dec= 18149 rows= 17352 horizon=0.26 L=0.00489 L/var=0.02 tgt=-0.012/0.500 pstd=0.493 gen=0.1s train=1.2s
[t= 151.5s] greedy ep109 games=  96 dec= 18197 rows= 17400 horizon=0.24 L=0.00509 L/var=0.02 tgt=-0.026/0.496 pstd=0.497 gen=0.1s train=1.1s
[t= 152.8s] greedy ep110 games=  96 dec= 17538 rows= 16803 horizon=0.24 L=0.00548 L/var=0.02 tgt=-0.056/0.526 pstd=0.491 gen=0.1s train=1.1s
[t= 154.2s] greedy ep111 games=  96 dec= 19361 rows= 18532 horizon=0.36 L=0.00518 L/var=0.02 tgt=-0.045/0.483 pstd=0.497 gen=0.1s train=1.2s
[t= 155.5s] greedy ep112 games=  96 dec= 18029 rows= 17317 horizon=0.30 L=0.00511 L/var=0.02 tgt=-0.018/0.483 pstd=0.499 gen=0.1s train=1.2s
[t= 156.8s] greedy ep113 games=  96 dec= 18174 rows= 17387 horizon=0.28 L=0.00502 L/var=0.02 tgt=-0.033/0.531 pstd=0.501 gen=0.1s train=1.2s
[t= 158.3s] greedy ep114 games=  96 dec= 19319 rows= 18518 horizon=0.36 L=0.00493 L/var=0.02 tgt=-0.034/0.490 pstd=0.499 gen=0.1s train=1.2s
[t= 159.6s] greedy ep115 games=  96 dec= 17729 rows= 16977 horizon=0.17 L=0.00548 L/var=0.02 tgt=-0.002/0.516 pstd=0.496 gen=0.1s train=1.1s
[t= 160.9s] greedy ep116 games=  96 dec= 18403 rows= 17543 horizon=0.28 L=0.00525 L/var=0.02 tgt=-0.022/0.494 pstd=0.495 gen=0.1s train=1.2s
[t= 162.2s] greedy ep117 games=  96 dec= 17865 rows= 17051 horizon=0.27 L=0.00482 L/var=0.02 tgt=-0.033/0.509 pstd=0.487 gen=0.1s train=1.1s
[t= 163.6s] greedy ep118 games=  96 dec= 18550 rows= 17822 horizon=0.36 L=0.00509 L/var=0.02 tgt=-0.095/0.506 pstd=0.489 gen=0.1s train=1.2s
[t= 165.0s] greedy ep119 games=  96 dec= 18440 rows= 17650 horizon=0.26 L=0.00484 L/var=0.02 tgt=-0.045/0.500 pstd=0.495 gen=0.1s train=1.2s
[t= 166.3s] greedy ep120 games=  96 dec= 18888 rows= 17947 horizon=0.27 L=0.00413 L/var=0.02 tgt=-0.039/0.484 pstd=0.495 gen=0.1s train=1.2s
[t= 167.7s] greedy ep121 games=  96 dec= 18400 rows= 17640 horizon=0.29 L=0.00469 L/var=0.02 tgt=-0.014/0.473 pstd=0.494 gen=0.1s train=1.2s
[t= 169.1s] greedy ep122 games=  96 dec= 19500 rows= 18715 horizon=0.40 L=0.00452 L/var=0.02 tgt=-0.048/0.473 pstd=0.487 gen=0.1s train=1.2s
[t= 170.5s] greedy ep123 games=  96 dec= 18513 rows= 17694 horizon=0.27 L=0.00455 L/var=0.02 tgt=-0.021/0.514 pstd=0.494 gen=0.1s train=1.2s
[t= 171.9s] greedy ep124 games=  96 dec= 18892 rows= 18073 horizon=0.33 L=0.00476 L/var=0.02 tgt=-0.059/0.481 pstd=0.503 gen=0.1s train=1.2s
[t= 173.2s] greedy ep125 games=  96 dec= 18520 rows= 17651 horizon=0.25 L=0.00502 L/var=0.02 tgt=-0.025/0.500 pstd=0.491 gen=0.1s train=1.2s
[t= 174.7s] greedy ep126 games=  96 dec= 19645 rows= 18833 horizon=0.36 L=0.00501 L/var=0.02 tgt=-0.015/0.474 pstd=0.486 gen=0.1s train=1.3s
[t= 176.0s] greedy ep127 games=  96 dec= 17395 rows= 16683 horizon=0.19 L=0.00501 L/var=0.02 tgt=-0.006/0.530 pstd=0.493 gen=0.1s train=1.1s
[t= 177.4s] greedy ep128 games=  96 dec= 19317 rows= 18624 horizon=0.38 L=0.00451 L/var=0.02 tgt=-0.039/0.471 pstd=0.496 gen=0.1s train=1.2s
[t= 178.8s] greedy ep129 games=  96 dec= 18062 rows= 17333 horizon=0.27 L=0.00427 L/var=0.02 tgt=-0.022/0.483 pstd=0.490 gen=0.1s train=1.2s
[t= 180.1s] greedy ep130 games=  96 dec= 17908 rows= 17168 horizon=0.25 L=0.00426 L/var=0.02 tgt=-0.041/0.492 pstd=0.491 gen=0.1s train=1.1s
[t= 180.1s] --- snapshot snap_00.pt (init) ---
[t= 180.1s] --- switching to ReBeL ---
[t= 190.1s] rebel stream solves=8192 raw=818/s balanced=818/s debt=0 rows steps=32 horizon=0.00 games=0 over=0 card=0 drop=0 L=0.02082 L/var=0.19 tgt=+0.064/0.329 cfg/b=46291 prep=0.37s gpu=0.00s conv=0.00s add=0.16s train=1.33s
[t= 200.2s] rebel stream solves=13312 raw=664/s balanced=664/s debt=0 rows steps=52 horizon=0.00 games=0 over=0 card=0 drop=0 L=0.00638 L/var=0.07 tgt=+0.104/0.300 cfg/b=30942 prep=0.10s gpu=0.00s conv=0.00s add=0.14s train=1.04s
[t= 210.8s] rebel stream solves=17408 raw=567/s balanced=567/s debt=0 rows steps=68 horizon=0.00 games=0 over=0 card=0 drop=0 L=0.00465 L/var=0.05 tgt=+0.128/0.293 cfg/b=75304 prep=0.19s gpu=0.00s conv=0.02s add=0.45s train=2.49s
[t= 220.9s] rebel stream solves=23552 raw=578/s balanced=578/s debt=0 rows steps=92 horizon=0.00 games=0 over=0 card=0 drop=0 L=0.00425 L/var=0.05 tgt=+0.144/0.280 cfg/b=90781 prep=0.15s gpu=0.00s conv=0.03s add=0.58s train=1.29s
[t= 230.9s] rebel stream solves=35840 raw=706/s balanced=706/s debt=0 rows steps=140 horizon=0.00 games=0 over=0 card=0 drop=0 L=0.00336 L/var=0.04 tgt=+0.163/0.275 cfg/b=55580 prep=0.27s gpu=0.00s conv=0.01s add=0.38s train=1.74s
[t= 240.9s] rebel stream solves=43008 raw=708/s balanced=708/s debt=0 rows steps=168 horizon=0.00 games=0 over=0 card=0 drop=0 L=0.00294 L/var=0.04 tgt=+0.193/0.266 cfg/b=32046 prep=0.15s gpu=0.00s conv=0.00s add=0.11s train=1.29s
[t= 250.9s] rebel stream solves=46080 raw=651/s balanced=651/s debt=0 rows steps=180 horizon=0.00 games=0 over=0 card=0 drop=0 L=0.00272 L/var=0.04 tgt=+0.192/0.265 cfg/b=33743 prep=0.06s gpu=0.00s conv=0.00s add=0.11s train=0.38s
[t= 260.9s] rebel stream solves=50176 raw=621/s balanced=621/s debt=0 rows steps=196 horizon=0.00 games=0 over=0 card=0 drop=0 L=0.00281 L/var=0.04 tgt=+0.196/0.262 cfg/b=39446 prep=0.06s gpu=0.00s conv=0.01s add=0.13s train=0.49s
[t= 271.0s] rebel stream solves=52224 raw=575/s balanced=575/s debt=0 rows steps=204 horizon=0.00 games=0 over=0 card=0 drop=0 L=0.00245 L/var=0.04 tgt=+0.197/0.256 cfg/b=42720 prep=0.04s gpu=0.00s conv=0.00s add=0.07s train=0.26s
[t= 281.0s] rebel stream solves=54272 raw=538/s balanced=538/s debt=0 rows steps=212 horizon=0.00 games=0 over=0 card=0 drop=0 L=0.00243 L/var=0.04 tgt=+0.201/0.253 cfg/b=42482 prep=0.06s gpu=0.00s conv=0.00s add=0.07s train=0.28s
[t= 291.0s] rebel stream solves=56320 raw=508/s balanced=508/s debt=0 rows steps=220 horizon=0.00 games=0 over=1 card=0 drop=0 L=0.00221 L/var=0.04 tgt=+0.209/0.239 cfg/b=46998 prep=0.05s gpu=0.00s conv=0.00s add=0.20s train=0.29s
[t= 301.0s] rebel stream solves=58368 raw=483/s balanced=483/s debt=0 rows steps=228 horizon=0.00 games=0 over=1 card=0 drop=0 L=0.00225 L/var=0.04 tgt=+0.209/0.238 cfg/b=55738 prep=0.05s gpu=0.00s conv=0.02s add=0.25s train=0.29s
[t= 311.0s] rebel stream solves=60416 raw=462/s balanced=462/s debt=0 rows steps=236 horizon=0.00 games=0 over=1 card=0 drop=0 L=0.00233 L/var=0.04 tgt=+0.227/0.234 cfg/b=62797 prep=0.05s gpu=0.00s conv=0.01s add=0.23s train=0.29s
[t= 318.8s] --- lr -> 5.00e-04 ---
[t= 321.1s] rebel stream solves=63488 raw=450/s balanced=450/s debt=0 rows steps=248 horizon=0.00 games=0 over=2 card=0 drop=0 L=0.00226 L/var=0.04 tgt=+0.229/0.233 cfg/b=69036 prep=0.07s gpu=0.00s conv=0.01s add=0.28s train=0.47s
[t= 331.1s] rebel stream solves=66560 raw=441/s balanced=441/s debt=0 rows steps=260 horizon=0.00 games=0 over=2 card=0 drop=0 L=0.00218 L/var=0.04 tgt=+0.239/0.227 cfg/b=74174 prep=0.08s gpu=0.00s conv=0.01s add=0.20s train=0.50s
[t= 341.1s] rebel stream solves=68608 raw=426/s balanced=426/s debt=0 rows steps=268 horizon=0.00 games=0 over=4 card=1 drop=0 L=0.00201 L/var=0.04 tgt=+0.243/0.225 cfg/b=72794 prep=0.11s gpu=0.00s conv=0.00s add=0.12s train=0.43s
[t= 351.2s] rebel stream solves=70656 raw=413/s balanced=413/s debt=0 rows steps=276 horizon=0.00 games=0 over=5 card=1 drop=0 L=0.00172 L/var=0.04 tgt=+0.243/0.220 cfg/b=70365 prep=0.04s gpu=0.00s conv=0.00s add=0.15s train=0.29s
[t= 361.2s] rebel stream solves=72704 raw=402/s balanced=402/s debt=0 rows steps=284 horizon=0.00 games=0 over=8 card=1 drop=0 L=0.00165 L/var=0.04 tgt=+0.256/0.213 cfg/b=66254 prep=0.04s gpu=0.00s conv=0.01s add=0.19s train=0.30s
[t= 371.2s] rebel stream solves=74752 raw=391/s balanced=391/s debt=0 rows steps=292 horizon=0.00 games=0 over=12 card=1 drop=0 L=0.00176 L/var=0.04 tgt=+0.243/0.213 cfg/b=64518 prep=0.04s gpu=0.00s conv=0.00s add=0.14s train=0.28s
[t= 381.2s] rebel stream solves=76800 raw=382/s balanced=382/s debt=0 rows steps=300 horizon=0.00 games=0 over=12 card=1 drop=0 L=0.00164 L/var=0.04 tgt=+0.259/0.212 cfg/b=62086 prep=0.05s gpu=0.00s conv=0.01s add=0.13s train=0.31s
[t= 391.2s] rebel stream solves=79872 raw=378/s balanced=378/s debt=0 rows steps=312 horizon=0.00 games=0 over=16 card=1 drop=0 L=0.00160 L/var=0.03 tgt=+0.256/0.215 cfg/b=58366 prep=0.07s gpu=0.00s conv=0.00s add=0.11s train=0.47s
[t= 401.9s] rebel stream solves=81920 raw=369/s balanced=369/s debt=0 rows steps=320 horizon=0.00 games=0 over=19 card=1 drop=0 L=0.00155 L/var=0.04 tgt=+0.259/0.210 cfg/b=55034 prep=0.06s gpu=0.00s conv=0.00s add=0.09s train=0.32s
[t= 411.9s] rebel stream solves=83968 raw=362/s balanced=362/s debt=0 rows steps=328 horizon=0.00 games=0 over=21 card=1 drop=0 L=0.00146 L/var=0.03 tgt=+0.247/0.226 cfg/b=54870 prep=0.05s gpu=0.00s conv=0.00s add=0.10s train=0.28s
[t= 420.1s] --- snapshot snap_01.pt (s1) ---
[t= 421.9s] rebel stream solves=84992 raw=352/s balanced=352/s debt=0 rows steps=332 horizon=0.00 games=0 over=21 card=1 drop=0 L=0.00150 L/var=0.03 tgt=+0.245/0.224 cfg/b=53998 prep=0.02s gpu=0.00s conv=0.00s add=0.07s train=0.14s
[t= 431.9s] rebel stream solves=86016 raw=342/s balanced=342/s debt=0 rows steps=336 horizon=0.00 games=0 over=26 card=1 drop=0 L=0.00143 L/var=0.03 tgt=+0.245/0.224 cfg/b=54418 prep=0.02s gpu=0.00s conv=0.00s add=0.07s train=0.14s
[t= 442.0s] rebel stream solves=88064 raw=336/s balanced=336/s debt=0 rows steps=344 horizon=0.00 games=0 over=29 card=1 drop=0 L=0.00158 L/var=0.03 tgt=+0.253/0.226 cfg/b=52893 prep=0.04s gpu=0.00s conv=0.00s add=0.11s train=0.27s
[t= 452.3s] rebel stream solves=90112 raw=331/s balanced=331/s debt=0 rows steps=352 horizon=0.00 games=0 over=32 card=1 drop=0 L=0.00144 L/var=0.03 tgt=+0.248/0.228 cfg/b=51285 prep=0.04s gpu=0.00s conv=0.00s add=0.11s train=0.29s
[t= 461.5s] --- lr -> 2.50e-04 ---
[t= 462.4s] rebel stream solves=91136 raw=323/s balanced=323/s debt=0 rows steps=356 horizon=0.00 games=0 over=33 card=1 drop=0 L=0.00150 L/var=0.03 tgt=+0.241/0.227 cfg/b=49547 prep=0.02s gpu=0.00s conv=0.00s add=0.05s train=0.15s
[t= 472.4s] rebel stream solves=93184 raw=319/s balanced=319/s debt=0 rows steps=364 horizon=0.00 games=0 over=34 card=1 drop=0 L=0.00151 L/var=0.03 tgt=+0.259/0.218 cfg/b=50011 prep=0.05s gpu=0.00s conv=0.00s add=0.09s train=0.31s
[t= 482.4s] rebel stream solves=94208 raw=312/s balanced=312/s debt=0 rows steps=368 horizon=0.00 games=0 over=36 card=1 drop=0 L=0.00153 L/var=0.03 tgt=+0.250/0.234 cfg/b=48124 prep=0.03s gpu=0.00s conv=0.00s add=0.04s train=0.14s
[t= 492.5s] rebel stream solves=95232 raw=305/s balanced=305/s debt=0 rows steps=372 horizon=0.00 games=0 over=37 card=1 drop=0 L=0.00126 L/var=0.03 tgt=+0.256/0.212 cfg/b=49066 prep=0.02s gpu=0.00s conv=0.00s add=0.05s train=0.14s
[t= 502.5s] rebel stream solves=96256 raw=299/s balanced=299/s debt=0 rows steps=376 horizon=0.00 games=0 over=37 card=1 drop=0 L=0.00126 L/var=0.03 tgt=+0.258/0.212 cfg/b=47339 prep=0.02s gpu=0.00s conv=0.00s add=0.07s train=0.17s
[t= 512.5s] rebel stream solves=97280 raw=293/s balanced=293/s debt=0 rows steps=380 horizon=0.00 games=0 over=37 card=1 drop=0 L=0.00130 L/var=0.03 tgt=+0.248/0.204 cfg/b=47702 prep=0.02s gpu=0.00s conv=0.00s add=0.08s train=0.16s
[t= 522.5s] rebel stream solves=98304 raw=287/s balanced=287/s debt=0 rows steps=384 horizon=0.00 games=0 over=42 card=1 drop=0 L=0.00129 L/var=0.03 tgt=+0.253/0.227 cfg/b=50286 prep=0.02s gpu=0.00s conv=0.00s add=0.10s train=0.13s
[t= 532.5s] rebel stream solves=99328 raw=282/s balanced=282/s debt=0 rows steps=388 horizon=0.00 games=0 over=47 card=2 drop=0 L=0.00123 L/var=0.02 tgt=+0.264/0.222 cfg/b=54176 prep=0.02s gpu=0.00s conv=0.00s add=0.09s train=0.14s
[t= 542.6s] rebel stream solves=100352 raw=277/s balanced=277/s debt=0 rows steps=392 horizon=0.00 games=0 over=50 card=2 drop=0 L=0.00127 L/var=0.03 tgt=+0.263/0.211 cfg/b=53085 prep=0.02s gpu=0.00s conv=0.00s add=0.09s train=0.13s
[t= 552.6s] rebel stream solves=101376 raw=272/s balanced=272/s debt=0 rows steps=396 horizon=0.00 games=0 over=50 card=2 drop=0 L=0.00139 L/var=0.03 tgt=+0.265/0.203 cfg/b=56771 prep=0.03s gpu=0.00s conv=0.00s add=0.10s train=0.16s
[t= 562.6s] rebel stream solves=102400 raw=268/s balanced=268/s debt=0 rows steps=400 horizon=0.00 games=0 over=52 card=2 drop=0 L=0.00139 L/var=0.03 tgt=+0.273/0.205 cfg/b=55495 prep=0.02s gpu=0.00s conv=0.00s add=0.06s train=0.15s
[t= 572.6s] rebel stream solves=104448 raw=266/s balanced=266/s debt=0 rows steps=408 horizon=0.00 games=1 over=60 card=2 drop=0 L=0.00129 L/var=0.03 tgt=+0.264/0.214 cfg/b=56749 prep=0.05s gpu=0.00s conv=0.01s add=0.15s train=0.32s
[t= 580.0s] --- stopping GPU admission; draining ---
[t= 582.7s] rebel stream solves=105472 raw=262/s balanced=262/s debt=0 rows steps=412 horizon=0.00 games=0 over=61 card=2 drop=0 L=0.00119 L/var=0.03 tgt=+0.269/0.197 cfg/b=54928 prep=0.02s gpu=0.00s conv=0.00s add=0.07s train=0.15s
[t= 594.7s] rebel stream solves=106496 raw=257/s balanced=257/s debt=0 rows steps=416 horizon=0.00 games=0 over=63 card=3 drop=0 L=0.00126 L/var=0.03 tgt=+0.270/0.193 cfg/b=55244 prep=0.10s gpu=0.00s conv=0.00s add=0.07s train=0.24s
[t= 595.2s] rebel stream solves=106602 raw=257/s balanced=257/s debt=424 rows steps=416 horizon=0.00 games=0 over=64 card=3 drop=0 L=0.00000 L/var=0.00 tgt=+0.236/0.223 cfg/b=0 prep=0.00s gpu=0.00s conv=0.00s add=0.01s train=0.00s
[gpu-summary] solves=106602 optimizer_rows=425984 debt=424 raw=253.9/s balanced=253.6/s horizon=0.00 games=1 over=64 card=3 exact=0 censored=4608 dropped=0 overrun=0.00s
[t= 600.0s] --- snapshot snap_02.pt (final) ---
[ladder] 4 players, 120 games (20/batch, cap 40/pair)
  seed                    greedy vs value_v4_public_warm3.init W 10 L  3 D  7  n= 20  score 0.675
  seed                    greedy vs value_v4_public_warm3.final W 10 L  2 D  8  n= 20  score 0.700
  seed  value_v4_public_warm3.init vs value_v4_public_warm3.s1 W  2 L  2 D 16  n= 20  score 0.500
  seed  value_v4_public_warm3.s1 vs value_v4_public_warm3.final W  0 L  2 D 18  n= 20  score 0.450
  swiss value_v4_public_warm3.init vs value_v4_public_warm3.final W  2 L  6 D 12  n= 20  score 0.400
  swiss value_v4_public_warm3.init vs value_v4_public_warm3.s1 W  2 L  5 D 13  n= 40  score 0.463

=== Elo (runs/value_v4_public_warm3, greedy = 0) ===
                      player   trained     elo   95%   score
                      greedy         -       0   115   0.688
 value_v4_public_warm3.final   10.0min    -107    90   0.483
    value_v4_public_warm3.s1    7.0min    -132    88   0.508
  value_v4_public_warm3.init    3.0min    -154    78   0.412
[report] wrote /workspace/warchest-big-refactor/runs/plotly.min.js
[report] runs/value_v4_public_warm3/report.html
