[train] CUDA stream priority -1
[gpu] solve services up on [0]
[cfg] PUBFEAT=897 CFEAT=26 hidden=384 head=384 dg=64 rank=64 depth=2 iters=64 budget=1560s warm=60s device=cuda:0 draft=random snapshots=3 (every 8.3min) train_gen_ratio=0.5 recent_mix=0.5 recent_rows=400000 augment=True cap=2000000 matmul=high
[t=   0.9s] greedy ep  0 games=  96 dec= 18643 rows= 17842 horizon=0.27 nodecap=0 over=0 card=0 exact=0 drop=0 cfgs= 23.5 L=0.15923 P=nan old=nan new=nan tgt=-0.047/0.505 pstd=0.518 capv=0.040 lr=1.0e-03 gen=0.1s conv=0.0s add=0.0s train=0.7s sps=0
[t=   1.2s] greedy ep  1 games=  96 dec= 17550 rows= 16804 horizon=0.24 nodecap=0 over=0 card=0 exact=0 drop=0 cfgs= 25.4 L=0.12693 P=nan old=nan new=nan tgt=-0.048/0.508 pstd=0.427 capv=0.040 lr=1.0e-03 gen=0.1s conv=0.0s add=0.0s train=0.2s sps=0
[t=   1.6s] greedy ep  2 games=  96 dec= 18858 rows= 18035 horizon=0.35 nodecap=0 over=0 card=0 exact=0 drop=0 cfgs= 24.8 L=0.10414 P=nan old=nan new=nan tgt=-0.052/0.480 pstd=0.486 capv=0.040 lr=1.0e-03 gen=0.1s conv=0.0s add=0.1s train=0.2s sps=0
[t=   1.9s] greedy ep  3 games=  96 dec= 18567 rows= 17815 horizon=0.31 nodecap=0 over=0 card=0 exact=0 drop=0 cfgs= 26.1 L=0.10542 P=nan old=nan new=nan tgt=-0.026/0.479 pstd=0.418 capv=0.040 lr=1.0e-03 gen=0.1s conv=0.0s add=0.1s train=0.2s sps=0
[t=   2.3s] greedy ep  4 games=  96 dec= 17909 rows= 17180 horizon=0.29 nodecap=0 over=0 card=0 exact=0 drop=0 cfgs= 26.9 L=0.10074 P=nan old=nan new=nan tgt=-0.014/0.481 pstd=0.451 capv=0.040 lr=1.0e-03 gen=0.1s conv=0.0s add=0.0s train=0.2s sps=0
[t=   2.6s] greedy ep  5 games=  96 dec= 17646 rows= 16903 horizon=0.25 nodecap=0 over=0 card=0 exact=0 drop=0 cfgs= 25.5 L=0.08715 P=nan old=nan new=nan tgt=-0.067/0.520 pstd=0.465 capv=0.040 lr=1.0e-03 gen=0.1s conv=0.0s add=0.1s train=0.2s sps=0
[t=   2.9s] greedy ep  6 games=  96 dec= 16672 rows= 15876 horizon=0.20 nodecap=0 over=0 card=0 exact=0 drop=0 cfgs= 27.3 L=0.08298 P=nan old=nan new=nan tgt=-0.044/0.548 pstd=0.456 capv=0.040 lr=1.0e-03 gen=0.1s conv=0.0s add=0.1s train=0.2s sps=0
[t=   3.3s] greedy ep  7 games=  96 dec= 17188 rows= 16488 horizon=0.23 nodecap=0 over=0 card=0 exact=0 drop=0 cfgs= 25.9 L=0.08433 P=nan old=nan new=nan tgt=-0.083/0.541 pstd=0.469 capv=0.040 lr=1.0e-03 gen=0.1s conv=0.0s add=0.1s train=0.2s sps=0
[t=   3.6s] greedy ep  8 games=  96 dec= 18311 rows= 17626 horizon=0.31 nodecap=0 over=0 card=0 exact=0 drop=0 cfgs= 25.2 L=0.07704 P=nan old=nan new=nan tgt=-0.035/0.506 pstd=0.465 capv=0.040 lr=1.0e-03 gen=0.1s conv=0.0s add=0.1s train=0.2s sps=0
[t=   3.9s] greedy ep  9 games=  96 dec= 16819 rows= 16101 horizon=0.22 nodecap=0 over=0 card=0 exact=0 drop=0 cfgs= 26.6 L=0.07971 P=nan old=nan new=nan tgt=-0.028/0.510 pstd=0.437 capv=0.040 lr=1.0e-03 gen=0.1s conv=0.0s add=0.1s train=0.2s sps=0
[t=   4.2s] greedy ep 10 games=  96 dec= 17767 rows= 17007 horizon=0.27 nodecap=0 over=0 card=0 exact=0 drop=0 cfgs= 26.0 L=0.08105 P=nan old=nan new=nan tgt=-0.006/0.490 pstd=0.445 capv=0.040 lr=1.0e-03 gen=0.1s conv=0.0s add=0.1s train=0.2s sps=0
[t=   4.6s] greedy ep 11 games=  96 dec= 18634 rows= 17822 horizon=0.32 nodecap=0 over=0 card=0 exact=0 drop=0 cfgs= 24.3 L=0.07734 P=nan old=nan new=nan tgt=-0.029/0.489 pstd=0.455 capv=0.040 lr=1.0e-03 gen=0.1s conv=0.0s add=0.1s train=0.2s sps=0
[t=   4.9s] greedy ep 12 games=  96 dec= 18195 rows= 17360 horizon=0.27 nodecap=0 over=0 card=0 exact=0 drop=0 cfgs= 25.7 L=0.06913 P=nan old=nan new=nan tgt=-0.018/0.494 pstd=0.452 capv=0.040 lr=1.0e-03 gen=0.1s conv=0.0s add=0.0s train=0.2s sps=0
[t=   5.3s] greedy ep 13 games=  96 dec= 18232 rows= 17464 horizon=0.29 nodecap=0 over=0 card=0 exact=0 drop=0 cfgs= 23.9 L=0.06888 P=nan old=nan new=nan tgt=-0.036/0.500 pstd=0.443 capv=0.040 lr=1.0e-03 gen=0.1s conv=0.0s add=0.1s train=0.2s sps=0
[t=   5.6s] greedy ep 14 games=  96 dec= 18374 rows= 17594 horizon=0.32 nodecap=0 over=0 card=0 exact=0 drop=0 cfgs= 24.1 L=0.06738 P=nan old=nan new=nan tgt=-0.022/0.474 pstd=0.450 capv=0.040 lr=1.0e-03 gen=0.1s conv=0.0s add=0.0s train=0.2s sps=0
[t=   6.0s] greedy ep 15 games=  96 dec= 18428 rows= 17662 horizon=0.34 nodecap=0 over=0 card=0 exact=0 drop=0 cfgs= 26.0 L=0.06878 P=nan old=nan new=nan tgt=-0.053/0.495 pstd=0.450 capv=0.040 lr=1.0e-03 gen=0.1s conv=0.0s add=0.1s train=0.2s sps=0
[t=   6.3s] greedy ep 16 games=  96 dec= 17897 rows= 17155 horizon=0.26 nodecap=0 over=0 card=0 exact=0 drop=0 cfgs= 25.0 L=0.06866 P=nan old=nan new=nan tgt=-0.033/0.520 pstd=0.468 capv=0.040 lr=1.0e-03 gen=0.1s conv=0.0s add=0.1s train=0.2s sps=0
[t=   6.6s] greedy ep 17 games=  96 dec= 17817 rows= 17068 horizon=0.25 nodecap=0 over=0 card=0 exact=0 drop=0 cfgs= 25.5 L=0.06727 P=nan old=nan new=nan tgt=-0.025/0.504 pstd=0.463 capv=0.040 lr=1.0e-03 gen=0.1s conv=0.0s add=0.1s train=0.2s sps=0
[t=   7.0s] greedy ep 18 games=  96 dec= 17807 rows= 17107 horizon=0.29 nodecap=0 over=0 card=0 exact=0 drop=0 cfgs= 26.6 L=0.07056 P=nan old=nan new=nan tgt=-0.047/0.494 pstd=0.477 capv=0.040 lr=1.0e-03 gen=0.1s conv=0.0s add=0.1s train=0.2s sps=0
[t=   7.3s] greedy ep 19 games=  96 dec= 18047 rows= 17326 horizon=0.31 nodecap=0 over=0 card=0 exact=0 drop=0 cfgs= 24.8 L=0.06625 P=nan old=nan new=nan tgt=-0.038/0.507 pstd=0.441 capv=0.040 lr=1.0e-03 gen=0.1s conv=0.0s add=0.0s train=0.2s sps=0
[t=   7.6s] greedy ep 20 games=  96 dec= 18059 rows= 17350 horizon=0.30 nodecap=0 over=0 card=0 exact=0 drop=0 cfgs= 25.4 L=0.06727 P=nan old=nan new=nan tgt=-0.021/0.507 pstd=0.462 capv=0.040 lr=1.0e-03 gen=0.1s conv=0.0s add=0.1s train=0.2s sps=0
[t=   8.0s] greedy ep 21 games=  96 dec= 18326 rows= 17489 horizon=0.27 nodecap=0 over=0 card=0 exact=0 drop=0 cfgs= 24.4 L=0.06366 P=nan old=nan new=nan tgt=-0.043/0.522 pstd=0.445 capv=0.040 lr=1.0e-03 gen=0.1s conv=0.0s add=0.1s train=0.2s sps=0
[t=   8.3s] greedy ep 22 games=  96 dec= 18573 rows= 17770 horizon=0.34 nodecap=0 over=0 card=0 exact=0 drop=0 cfgs= 23.6 L=0.06553 P=nan old=nan new=nan tgt=-0.024/0.486 pstd=0.439 capv=0.040 lr=1.0e-03 gen=0.1s conv=0.0s add=0.1s train=0.2s sps=0
[t=   8.7s] greedy ep 23 games=  96 dec= 18366 rows= 17594 horizon=0.31 nodecap=0 over=0 card=0 exact=0 drop=0 cfgs= 25.0 L=0.06503 P=nan old=0.03428 new=0.06143 tgt=-0.019/0.467 pstd=0.453 capv=0.040 lr=1.0e-03 gen=0.1s conv=0.0s add=0.1s train=0.2s sps=0
[t=   9.1s] greedy ep 24 games=  96 dec= 17490 rows= 16734 horizon=0.27 nodecap=0 over=0 card=0 exact=0 drop=0 cfgs= 26.1 L=0.06501 P=nan old=0.03974 new=0.06366 tgt=-0.075/0.506 pstd=0.444 capv=0.040 lr=1.0e-03 gen=0.1s conv=0.0s add=0.1s train=0.2s sps=0
[t=   9.4s] greedy ep 25 games=  96 dec= 18335 rows= 17634 horizon=0.34 nodecap=0 over=0 card=0 exact=0 drop=0 cfgs= 23.7 L=0.06730 P=nan old=0.03915 new=0.06506 tgt=-0.059/0.508 pstd=0.449 capv=0.040 lr=1.0e-03 gen=0.1s conv=0.0s add=0.0s train=0.2s sps=0
[t=   9.8s] greedy ep 26 games=  96 dec= 18095 rows= 17394 horizon=0.30 nodecap=0 over=0 card=0 exact=0 drop=0 cfgs= 26.4 L=0.06560 P=nan old=0.04809 new=0.06873 tgt=-0.040/0.516 pstd=0.423 capv=0.040 lr=1.0e-03 gen=0.1s conv=0.0s add=0.1s train=0.2s sps=0
[t=  10.1s] greedy ep 27 games=  96 dec= 18005 rows= 17209 horizon=0.27 nodecap=0 over=0 card=0 exact=0 drop=0 cfgs= 25.4 L=0.06561 P=nan old=0.03858 new=0.06445 tgt=-0.033/0.495 pstd=0.444 capv=0.040 lr=1.0e-03 gen=0.1s conv=0.0s add=0.0s train=0.2s sps=0
[t=  10.5s] greedy ep 28 games=  96 dec= 17130 rows= 16376 horizon=0.25 nodecap=0 over=0 card=0 exact=0 drop=0 cfgs= 26.2 L=0.06616 P=nan old=0.04571 new=0.06424 tgt=-0.036/0.497 pstd=0.427 capv=0.040 lr=1.0e-03 gen=0.1s conv=0.0s add=0.1s train=0.2s sps=0
[t=  10.8s] greedy ep 29 games=  96 dec= 17775 rows= 17005 horizon=0.27 nodecap=0 over=0 card=0 exact=0 drop=0 cfgs= 24.6 L=0.06501 P=nan old=0.04952 new=0.06774 tgt=-0.026/0.539 pstd=0.433 capv=0.040 lr=1.0e-03 gen=0.1s conv=0.0s add=0.0s train=0.2s sps=0
[t=  11.2s] greedy ep 30 games=  96 dec= 18458 rows= 17653 horizon=0.27 nodecap=0 over=0 card=0 exact=0 drop=0 cfgs= 24.6 L=0.06859 P=nan old=0.05319 new=0.06670 tgt=-0.031/0.493 pstd=0.429 capv=0.040 lr=1.0e-03 gen=0.1s conv=0.0s add=0.1s train=0.2s sps=0
[t=  11.5s] greedy ep 31 games=  96 dec= 17996 rows= 17251 horizon=0.31 nodecap=0 over=0 card=0 exact=0 drop=0 cfgs= 25.5 L=0.06685 P=nan old=0.04789 new=0.06974 tgt=-0.050/0.497 pstd=0.419 capv=0.040 lr=1.0e-03 gen=0.1s conv=0.0s add=0.1s train=0.2s sps=0
[t=  11.9s] greedy ep 32 games=  96 dec= 17859 rows= 17050 horizon=0.27 nodecap=0 over=0 card=0 exact=0 drop=0 cfgs= 24.8 L=0.06658 P=nan old=0.04960 new=0.06826 tgt=-0.057/0.515 pstd=0.441 capv=0.040 lr=1.0e-03 gen=0.1s conv=0.0s add=0.0s train=0.2s sps=0
[t=  12.2s] greedy ep 33 games=  96 dec= 17869 rows= 17142 horizon=0.31 nodecap=0 over=0 card=0 exact=0 drop=0 cfgs= 25.2 L=0.06916 P=nan old=0.04780 new=0.06316 tgt=-0.063/0.523 pstd=0.463 capv=0.040 lr=1.0e-03 gen=0.1s conv=0.0s add=0.0s train=0.2s sps=0
[t=  12.6s] greedy ep 34 games=  96 dec= 17437 rows= 16799 horizon=0.29 nodecap=0 over=0 card=0 exact=0 drop=0 cfgs= 26.3 L=0.06867 P=nan old=0.05136 new=0.06463 tgt=-0.049/0.523 pstd=0.439 capv=0.040 lr=1.0e-03 gen=0.1s conv=0.0s add=0.1s train=0.2s sps=0
[t=  12.9s] greedy ep 35 games=  96 dec= 17876 rows= 17179 horizon=0.27 nodecap=0 over=0 card=0 exact=0 drop=0 cfgs= 27.2 L=0.07068 P=nan old=0.05193 new=0.06898 tgt=-0.051/0.510 pstd=0.441 capv=0.040 lr=1.0e-03 gen=0.1s conv=0.0s add=0.1s train=0.2s sps=0
[t=  13.3s] greedy ep 36 games=  96 dec= 17816 rows= 17032 horizon=0.26 nodecap=0 over=0 card=0 exact=0 drop=0 cfgs= 25.7 L=0.07051 P=nan old=0.05128 new=0.07126 tgt=-0.043/0.519 pstd=0.446 capv=0.040 lr=1.0e-03 gen=0.1s conv=0.0s add=0.1s train=0.2s sps=0
[t=  13.6s] greedy ep 37 games=  96 dec= 17040 rows= 16291 horizon=0.26 nodecap=0 over=0 card=0 exact=0 drop=0 cfgs= 27.1 L=0.07072 P=nan old=0.05277 new=0.07125 tgt=-0.048/0.510 pstd=0.413 capv=0.040 lr=1.0e-03 gen=0.1s conv=0.0s add=0.1s train=0.2s sps=0
[t=  14.0s] greedy ep 38 games=  96 dec= 18559 rows= 17802 horizon=0.32 nodecap=0 over=0 card=0 exact=0 drop=0 cfgs= 24.4 L=0.07076 P=nan old=0.05675 new=0.07866 tgt=-0.041/0.494 pstd=0.409 capv=0.040 lr=1.0e-03 gen=0.1s conv=0.0s add=0.1s train=0.2s sps=0
[t=  14.4s] greedy ep 39 games=  96 dec= 18416 rows= 17517 horizon=0.28 nodecap=0 over=0 card=0 exact=0 drop=0 cfgs= 26.2 L=0.06875 P=nan old=0.05313 new=0.06729 tgt=-0.066/0.508 pstd=0.427 capv=0.040 lr=1.0e-03 gen=0.1s conv=0.0s add=0.1s train=0.2s sps=0
[t=  14.7s] greedy ep 40 games=  96 dec= 18911 rows= 18128 horizon=0.34 nodecap=0 over=0 card=0 exact=0 drop=0 cfgs= 27.1 L=0.07136 P=nan old=0.06041 new=0.07113 tgt=-0.051/0.487 pstd=0.448 capv=0.040 lr=1.0e-03 gen=0.1s conv=0.0s add=0.1s train=0.2s sps=0
[t=  15.1s] greedy ep 41 games=  96 dec= 17242 rows= 16590 horizon=0.28 nodecap=0 over=0 card=0 exact=0 drop=0 cfgs= 26.6 L=0.07145 P=nan old=0.05539 new=0.07347 tgt=-0.001/0.508 pstd=0.440 capv=0.040 lr=1.0e-03 gen=0.1s conv=0.0s add=0.1s train=0.2s sps=0
[t=  15.4s] greedy ep 42 games=  96 dec= 17735 rows= 17017 horizon=0.25 nodecap=0 over=0 card=0 exact=0 drop=0 cfgs= 25.5 L=0.06818 P=nan old=0.05045 new=0.06913 tgt=-0.069/0.528 pstd=0.417 capv=0.040 lr=1.0e-03 gen=0.1s conv=0.0s add=0.1s train=0.2s sps=0
[t=  15.8s] greedy ep 43 games=  96 dec= 18834 rows= 17991 horizon=0.34 nodecap=0 over=0 card=0 exact=0 drop=0 cfgs= 23.7 L=0.07186 P=nan old=0.05638 new=0.07906 tgt=-0.026/0.482 pstd=0.425 capv=0.040 lr=1.0e-03 gen=0.1s conv=0.0s add=0.0s train=0.2s sps=0
[t=  16.2s] greedy ep 44 games=  96 dec= 18605 rows= 17827 horizon=0.36 nodecap=0 over=0 card=0 exact=0 drop=0 cfgs= 23.9 L=0.07134 P=nan old=0.06243 new=0.07099 tgt=-0.019/0.477 pstd=0.423 capv=0.040 lr=1.0e-03 gen=0.1s conv=0.0s add=0.1s train=0.2s sps=0
[t=  16.5s] greedy ep 45 games=  96 dec= 16998 rows= 16303 horizon=0.24 nodecap=0 over=0 card=0 exact=0 drop=0 cfgs= 25.9 L=0.07169 P=nan old=0.05955 new=0.07098 tgt=-0.062/0.525 pstd=0.404 capv=0.040 lr=1.0e-03 gen=0.1s conv=0.0s add=0.1s train=0.2s sps=0
[t=  16.9s] greedy ep 46 games=  96 dec= 17840 rows= 17059 horizon=0.27 nodecap=0 over=0 card=0 exact=0 drop=0 cfgs= 27.1 L=0.07116 P=nan old=0.05855 new=0.07281 tgt=-0.014/0.494 pstd=0.420 capv=0.040 lr=1.0e-03 gen=0.1s conv=0.0s add=0.1s train=0.2s sps=0
[t=  17.2s] greedy ep 47 games=  96 dec= 18673 rows= 17913 horizon=0.28 nodecap=0 over=0 card=0 exact=0 drop=0 cfgs= 26.0 L=0.07088 P=nan old=0.05611 new=0.07708 tgt=-0.041/0.509 pstd=0.429 capv=0.040 lr=1.0e-03 gen=0.1s conv=0.0s add=0.1s train=0.2s sps=0
[t=  17.6s] greedy ep 48 games=  96 dec= 17270 rows= 16538 horizon=0.26 nodecap=0 over=0 card=0 exact=0 drop=0 cfgs= 26.7 L=0.07490 P=nan old=0.05731 new=0.06797 tgt=-0.076/0.531 pstd=0.429 capv=0.040 lr=1.0e-03 gen=0.1s conv=0.0s add=0.1s train=0.2s sps=0
[t=  17.9s] greedy ep 49 games=  96 dec= 17477 rows= 16673 horizon=0.22 nodecap=0 over=0 card=0 exact=0 drop=0 cfgs= 26.3 L=0.07215 P=nan old=0.05744 new=0.07298 tgt=-0.039/0.520 pstd=0.421 capv=0.040 lr=1.0e-03 gen=0.1s conv=0.0s add=0.0s train=0.2s sps=0
[t=  18.3s] greedy ep 50 games=  96 dec= 17820 rows= 17098 horizon=0.29 nodecap=0 over=0 card=0 exact=0 drop=0 cfgs= 25.6 L=0.07228 P=nan old=0.05898 new=0.07921 tgt=-0.057/0.504 pstd=0.419 capv=0.040 lr=1.0e-03 gen=0.1s conv=0.0s add=0.1s train=0.2s sps=0
[t=  18.7s] greedy ep 51 games=  96 dec= 18741 rows= 17867 horizon=0.32 nodecap=0 over=0 card=0 exact=0 drop=0 cfgs= 25.1 L=0.07283 P=nan old=0.06051 new=0.07359 tgt=-0.023/0.487 pstd=0.400 capv=0.040 lr=1.0e-03 gen=0.1s conv=0.0s add=0.1s train=0.2s sps=0
[t=  19.0s] greedy ep 52 games=  96 dec= 17599 rows= 16881 horizon=0.29 nodecap=0 over=0 card=0 exact=0 drop=0 cfgs= 24.8 L=0.07124 P=nan old=0.05563 new=0.06958 tgt=-0.012/0.483 pstd=0.398 capv=0.040 lr=1.0e-03 gen=0.1s conv=0.0s add=0.1s train=0.2s sps=0
[t=  19.3s] greedy ep 53 games=  96 dec= 17189 rows= 16447 horizon=0.23 nodecap=0 over=0 card=0 exact=0 drop=0 cfgs= 25.7 L=0.07157 P=nan old=0.05910 new=0.08314 tgt=-0.055/0.515 pstd=0.423 capv=0.040 lr=1.0e-03 gen=0.1s conv=0.0s add=0.1s train=0.2s sps=0
[t=  19.7s] greedy ep 54 games=  96 dec= 17923 rows= 17111 horizon=0.27 nodecap=0 over=0 card=0 exact=0 drop=0 cfgs= 24.5 L=0.07320 P=nan old=0.06333 new=0.07295 tgt=-0.026/0.483 pstd=0.413 capv=0.040 lr=1.0e-03 gen=0.1s conv=0.0s add=0.1s train=0.2s sps=0
[t=  20.0s] greedy ep 55 games=  96 dec= 16228 rows= 15530 horizon=0.17 nodecap=0 over=0 card=0 exact=0 drop=0 cfgs= 25.7 L=0.07094 P=nan old=0.06191 new=0.07127 tgt=-0.061/0.570 pstd=0.418 capv=0.040 lr=1.0e-03 gen=0.1s conv=0.0s add=0.1s train=0.2s sps=0
[t=  20.4s] greedy ep 56 games=  96 dec= 17633 rows= 16784 horizon=0.23 nodecap=0 over=0 card=0 exact=0 drop=0 cfgs= 27.2 L=0.07091 P=nan old=0.05569 new=0.07628 tgt=-0.004/0.510 pstd=0.408 capv=0.040 lr=1.0e-03 gen=0.1s conv=0.0s add=0.1s train=0.2s sps=0
[t=  20.8s] greedy ep 57 games=  96 dec= 18043 rows= 17295 horizon=0.31 nodecap=0 over=0 card=0 exact=0 drop=0 cfgs= 24.5 L=0.07392 P=nan old=0.06275 new=0.07909 tgt=-0.035/0.506 pstd=0.396 capv=0.040 lr=1.0e-03 gen=0.1s conv=0.0s add=0.1s train=0.2s sps=0
[t=  21.2s] greedy ep 58 games=  96 dec= 17818 rows= 17058 horizon=0.26 nodecap=0 over=0 card=0 exact=0 drop=0 cfgs= 27.5 L=0.07458 P=nan old=0.06406 new=0.07352 tgt=-0.035/0.492 pstd=0.399 capv=0.040 lr=1.0e-03 gen=0.1s conv=0.0s add=0.1s train=0.2s sps=0
[t=  21.5s] greedy ep 59 games=  96 dec= 18756 rows= 17988 horizon=0.35 nodecap=0 over=0 card=0 exact=0 drop=0 cfgs= 24.8 L=0.07419 P=nan old=0.06385 new=0.06744 tgt=-0.008/0.475 pstd=0.411 capv=0.040 lr=1.0e-03 gen=0.1s conv=0.0s add=0.1s train=0.2s sps=0
[t=  21.9s] greedy ep 60 games=  96 dec= 18763 rows= 17981 horizon=0.30 nodecap=0 over=0 card=0 exact=0 drop=0 cfgs= 24.4 L=0.07234 P=nan old=0.06796 new=0.08445 tgt=-0.026/0.487 pstd=0.398 capv=0.040 lr=1.0e-03 gen=0.1s conv=0.0s add=0.1s train=0.2s sps=0
[t=  22.2s] greedy ep 61 games=  96 dec= 17453 rows= 16708 horizon=0.24 nodecap=0 over=0 card=0 exact=0 drop=0 cfgs= 26.3 L=0.07534 P=nan old=0.07130 new=0.07728 tgt=-0.031/0.508 pstd=0.416 capv=0.040 lr=1.0e-03 gen=0.1s conv=0.0s add=0.1s train=0.2s sps=0
[t=  22.6s] greedy ep 62 games=  96 dec= 17820 rows= 17038 horizon=0.29 nodecap=0 over=0 card=0 exact=0 drop=0 cfgs= 25.1 L=0.07752 P=nan old=0.06518 new=0.08157 tgt=-0.002/0.475 pstd=0.405 capv=0.040 lr=1.0e-03 gen=0.1s conv=0.0s add=0.1s train=0.2s sps=0
[t=  22.9s] greedy ep 63 games=  96 dec= 17761 rows= 17052 horizon=0.28 nodecap=0 over=0 card=0 exact=0 drop=0 cfgs= 25.1 L=0.07504 P=nan old=0.06740 new=0.08280 tgt=-0.046/0.510 pstd=0.400 capv=0.040 lr=1.0e-03 gen=0.1s conv=0.0s add=0.1s train=0.2s sps=0
[t=  23.3s] greedy ep 64 games=  96 dec= 19243 rows= 18456 horizon=0.41 nodecap=0 over=0 card=0 exact=0 drop=0 cfgs= 23.8 L=0.07434 P=nan old=0.06041 new=0.08052 tgt=-0.034/0.469 pstd=0.370 capv=0.040 lr=1.0e-03 gen=0.1s conv=0.0s add=0.1s train=0.2s sps=0
[t=  23.7s] greedy ep 65 games=  96 dec= 18964 rows= 18226 horizon=0.35 nodecap=0 over=0 card=0 exact=0 drop=0 cfgs= 25.7 L=0.07062 P=nan old=0.06425 new=0.07425 tgt=-0.023/0.483 pstd=0.379 capv=0.040 lr=1.0e-03 gen=0.1s conv=0.0s add=0.1s train=0.2s sps=0
[t=  24.0s] greedy ep 66 games=  96 dec= 17136 rows= 16357 horizon=0.22 nodecap=0 over=0 card=0 exact=0 drop=0 cfgs= 27.2 L=0.07557 P=nan old=0.06262 new=0.07317 tgt=-0.016/0.489 pstd=0.398 capv=0.040 lr=1.0e-03 gen=0.1s conv=0.0s add=0.1s train=0.2s sps=0
[t=  24.4s] greedy ep 67 games=  96 dec= 17228 rows= 16508 horizon=0.21 nodecap=0 over=0 card=0 exact=0 drop=0 cfgs= 25.4 L=0.07580 P=nan old=0.06141 new=0.07616 tgt=-0.052/0.508 pstd=0.403 capv=0.040 lr=1.0e-03 gen=0.1s conv=0.0s add=0.1s train=0.2s sps=0
[t=  24.8s] greedy ep 68 games=  96 dec= 17860 rows= 16993 horizon=0.26 nodecap=0 over=0 card=0 exact=0 drop=0 cfgs= 26.8 L=0.07581 P=nan old=0.06722 new=0.08505 tgt=-0.049/0.518 pstd=0.402 capv=0.040 lr=1.0e-03 gen=0.1s conv=0.0s add=0.1s train=0.2s sps=0
[t=  25.1s] greedy ep 69 games=  96 dec= 18038 rows= 17234 horizon=0.27 nodecap=0 over=0 card=0 exact=0 drop=0 cfgs= 23.9 L=0.07556 P=nan old=0.06553 new=0.07757 tgt=-0.041/0.511 pstd=0.407 capv=0.040 lr=1.0e-03 gen=0.1s conv=0.0s add=0.1s train=0.2s sps=0
[t=  25.5s] greedy ep 70 games=  96 dec= 17355 rows= 16605 horizon=0.21 nodecap=0 over=0 card=0 exact=0 drop=0 cfgs= 26.5 L=0.07579 P=nan old=0.06589 new=0.07779 tgt=-0.010/0.531 pstd=0.362 capv=0.040 lr=1.0e-03 gen=0.1s conv=0.0s add=0.1s train=0.2s sps=0
[t=  25.8s] greedy ep 71 games=  96 dec= 17428 rows= 16699 horizon=0.19 nodecap=0 over=0 card=0 exact=0 drop=0 cfgs= 26.8 L=0.07923 P=nan old=0.07121 new=0.07568 tgt=-0.012/0.530 pstd=0.385 capv=0.040 lr=1.0e-03 gen=0.1s conv=0.0s add=0.1s train=0.2s sps=0
[t=  26.2s] greedy ep 72 games=  96 dec= 18285 rows= 17542 horizon=0.28 nodecap=0 over=0 card=0 exact=0 drop=0 cfgs= 24.5 L=0.07692 P=nan old=0.06588 new=0.08184 tgt=-0.044/0.487 pstd=0.400 capv=0.040 lr=1.0e-03 gen=0.1s conv=0.0s add=0.1s train=0.2s sps=0
[t=  26.5s] greedy ep 73 games=  96 dec= 18256 rows= 17522 horizon=0.30 nodecap=0 over=0 card=0 exact=0 drop=0 cfgs= 23.6 L=0.07955 P=nan old=0.06725 new=0.07162 tgt=-0.053/0.488 pstd=0.399 capv=0.040 lr=1.0e-03 gen=0.1s conv=0.0s add=0.1s train=0.2s sps=0
[t=  26.9s] greedy ep 74 games=  96 dec= 18197 rows= 17429 horizon=0.31 nodecap=0 over=0 card=0 exact=0 drop=0 cfgs= 24.4 L=0.08121 P=nan old=0.06607 new=0.07912 tgt=-0.034/0.479 pstd=0.407 capv=0.040 lr=1.0e-03 gen=0.1s conv=0.0s add=0.1s train=0.2s sps=0
[t=  27.3s] greedy ep 75 games=  96 dec= 17519 rows= 16784 horizon=0.22 nodecap=0 over=0 card=0 exact=0 drop=0 cfgs= 26.4 L=0.07878 P=nan old=0.07576 new=0.07722 tgt=-0.052/0.535 pstd=0.387 capv=0.040 lr=1.0e-03 gen=0.1s conv=0.0s add=0.1s train=0.2s sps=0
[t=  27.7s] greedy ep 76 games=  96 dec= 19171 rows= 18413 horizon=0.41 nodecap=0 over=0 card=0 exact=0 drop=0 cfgs= 23.6 L=0.07858 P=nan old=0.06864 new=0.07593 tgt=-0.044/0.455 pstd=0.390 capv=0.040 lr=1.0e-03 gen=0.1s conv=0.0s add=0.1s train=0.2s sps=0
[t=  28.1s] greedy ep 77 games=  96 dec= 18068 rows= 17288 horizon=0.28 nodecap=0 over=0 card=0 exact=0 drop=0 cfgs= 26.5 L=0.07876 P=nan old=0.06837 new=0.08489 tgt=+0.000/0.463 pstd=0.376 capv=0.040 lr=1.0e-03 gen=0.1s conv=0.0s add=0.1s train=0.2s sps=0
[t=  28.5s] greedy ep 78 games=  96 dec= 17319 rows= 16622 horizon=0.24 nodecap=0 over=0 card=0 exact=0 drop=0 cfgs= 25.7 L=0.07908 P=nan old=0.06891 new=0.07261 tgt=-0.030/0.509 pstd=0.382 capv=0.040 lr=1.0e-03 gen=0.1s conv=0.0s add=0.1s train=0.2s sps=0
[t=  28.9s] greedy ep 79 games=  96 dec= 19041 rows= 18243 horizon=0.34 nodecap=0 over=0 card=0 exact=0 drop=0 cfgs= 25.2 L=0.07830 P=nan old=0.07112 new=0.08309 tgt=-0.044/0.500 pstd=0.406 capv=0.040 lr=1.0e-03 gen=0.1s conv=0.0s add=0.1s train=0.2s sps=0
[t=  29.3s] greedy ep 80 games=  96 dec= 18879 rows= 18062 horizon=0.29 nodecap=0 over=0 card=0 exact=0 drop=0 cfgs= 24.8 L=0.07899 P=nan old=0.06990 new=0.08370 tgt=-0.042/0.497 pstd=0.384 capv=0.040 lr=1.0e-03 gen=0.1s conv=0.0s add=0.1s train=0.2s sps=0
[t=  29.6s] greedy ep 81 games=  96 dec= 17098 rows= 16266 horizon=0.23 nodecap=0 over=0 card=0 exact=0 drop=0 cfgs= 25.4 L=0.07587 P=nan old=0.07331 new=0.07084 tgt=-0.044/0.514 pstd=0.405 capv=0.040 lr=1.0e-03 gen=0.1s conv=0.0s add=0.1s train=0.2s sps=0
[t=  30.0s] greedy ep 82 games=  96 dec= 17493 rows= 16693 horizon=0.24 nodecap=0 over=0 card=0 exact=0 drop=0 cfgs= 25.1 L=0.07747 P=nan old=0.06922 new=0.08490 tgt=-0.025/0.502 pstd=0.402 capv=0.040 lr=1.0e-03 gen=0.1s conv=0.0s add=0.1s train=0.2s sps=0
[t=  30.3s] greedy ep 83 games=  96 dec= 17028 rows= 16362 horizon=0.25 nodecap=0 over=0 card=0 exact=0 drop=0 cfgs= 28.1 L=0.07928 P=nan old=0.07176 new=0.07873 tgt=-0.051/0.521 pstd=0.388 capv=0.040 lr=1.0e-03 gen=0.1s conv=0.0s add=0.1s train=0.2s sps=0
[t=  30.7s] greedy ep 84 games=  96 dec= 18748 rows= 18027 horizon=0.34 nodecap=0 over=0 card=0 exact=0 drop=0 cfgs= 22.9 L=0.07771 P=nan old=0.07379 new=0.07553 tgt=+0.000/0.488 pstd=0.406 capv=0.040 lr=1.0e-03 gen=0.1s conv=0.0s add=0.1s train=0.2s sps=0
[t=  31.1s] greedy ep 85 games=  96 dec= 17799 rows= 17081 horizon=0.26 nodecap=0 over=0 card=0 exact=0 drop=0 cfgs= 25.5 L=0.07797 P=nan old=0.07535 new=0.08108 tgt=-0.068/0.516 pstd=0.397 capv=0.040 lr=1.0e-03 gen=0.1s conv=0.0s add=0.1s train=0.2s sps=0
[t=  31.4s] greedy ep 86 games=  96 dec= 17251 rows= 16545 horizon=0.26 nodecap=0 over=0 card=0 exact=0 drop=0 cfgs= 26.9 L=0.07836 P=nan old=0.07129 new=0.07793 tgt=-0.083/0.540 pstd=0.407 capv=0.040 lr=1.0e-03 gen=0.1s conv=0.0s add=0.1s train=0.2s sps=0
[t=  31.8s] greedy ep 87 games=  96 dec= 18271 rows= 17521 horizon=0.32 nodecap=0 over=0 card=0 exact=0 drop=0 cfgs= 24.7 L=0.07882 P=nan old=0.07587 new=0.08237 tgt=-0.058/0.485 pstd=0.407 capv=0.040 lr=1.0e-03 gen=0.1s conv=0.0s add=0.1s train=0.2s sps=0
[t=  32.1s] greedy ep 88 games=  96 dec= 17703 rows= 16943 horizon=0.28 nodecap=0 over=0 card=0 exact=0 drop=0 cfgs= 25.7 L=0.07783 P=nan old=0.07481 new=0.07729 tgt=-0.021/0.487 pstd=0.397 capv=0.040 lr=1.0e-03 gen=0.1s conv=0.0s add=0.1s train=0.2s sps=0
[t=  32.5s] greedy ep 89 games=  96 dec= 17217 rows= 16503 horizon=0.29 nodecap=0 over=0 card=0 exact=0 drop=0 cfgs= 28.2 L=0.07727 P=nan old=0.08213 new=0.08070 tgt=-0.046/0.500 pstd=0.392 capv=0.040 lr=1.0e-03 gen=0.1s conv=0.0s add=0.1s train=0.2s sps=0
[t=  32.8s] greedy ep 90 games=  96 dec= 17729 rows= 16971 horizon=0.26 nodecap=0 over=0 card=0 exact=0 drop=0 cfgs= 25.8 L=0.07872 P=nan old=0.07656 new=0.07447 tgt=-0.041/0.506 pstd=0.389 capv=0.040 lr=1.0e-03 gen=0.1s conv=0.0s add=0.1s train=0.2s sps=0
[t=  33.2s] greedy ep 91 games=  96 dec= 17927 rows= 17027 horizon=0.24 nodecap=0 over=0 card=0 exact=0 drop=0 cfgs= 27.5 L=0.07773 P=nan old=0.07569 new=0.07318 tgt=-0.018/0.498 pstd=0.401 capv=0.040 lr=1.0e-03 gen=0.1s conv=0.0s add=0.1s train=0.2s sps=0
[t=  33.6s] greedy ep 92 games=  96 dec= 18904 rows= 18062 horizon=0.34 nodecap=0 over=0 card=0 exact=0 drop=0 cfgs= 24.1 L=0.07764 P=nan old=0.07361 new=0.07723 tgt=-0.046/0.487 pstd=0.397 capv=0.040 lr=1.0e-03 gen=0.1s conv=0.0s add=0.1s train=0.2s sps=0
[t=  34.0s] greedy ep 93 games=  96 dec= 18301 rows= 17502 horizon=0.31 nodecap=0 over=0 card=0 exact=0 drop=0 cfgs= 24.0 L=0.07990 P=nan old=0.07264 new=0.07924 tgt=-0.010/0.502 pstd=0.412 capv=0.040 lr=1.0e-03 gen=0.1s conv=0.0s add=0.1s train=0.2s sps=0
[t=  34.3s] greedy ep 94 games=  96 dec= 18331 rows= 17562 horizon=0.33 nodecap=0 over=0 card=0 exact=0 drop=0 cfgs= 26.6 L=0.08011 P=nan old=0.07827 new=0.07491 tgt=-0.060/0.480 pstd=0.413 capv=0.040 lr=1.0e-03 gen=0.1s conv=0.0s add=0.1s train=0.2s sps=0
[t=  34.7s] greedy ep 95 games=  96 dec= 18212 rows= 17443 horizon=0.31 nodecap=0 over=0 card=0 exact=0 drop=0 cfgs= 25.0 L=0.07835 P=nan old=0.07492 new=0.07835 tgt=-0.037/0.495 pstd=0.386 capv=0.040 lr=1.0e-03 gen=0.1s conv=0.0s add=0.1s train=0.2s sps=0
[t=  35.1s] greedy ep 96 games=  96 dec= 17642 rows= 16824 horizon=0.23 nodecap=0 over=0 card=0 exact=0 drop=0 cfgs= 26.1 L=0.07785 P=nan old=0.07016 new=0.07390 tgt=-0.036/0.522 pstd=0.381 capv=0.040 lr=1.0e-03 gen=0.1s conv=0.0s add=0.1s train=0.2s sps=0
[t=  35.5s] greedy ep 97 games=  96 dec= 18324 rows= 17605 horizon=0.32 nodecap=0 over=0 card=0 exact=0 drop=0 cfgs= 24.6 L=0.07698 P=nan old=0.07147 new=0.07984 tgt=-0.083/0.526 pstd=0.418 capv=0.040 lr=1.0e-03 gen=0.1s conv=0.0s add=0.1s train=0.2s sps=0
[t=  35.8s] greedy ep 98 games=  96 dec= 18283 rows= 17605 horizon=0.41 nodecap=0 over=0 card=0 exact=0 drop=0 cfgs= 23.6 L=0.07782 P=nan old=0.07181 new=0.08068 tgt=-0.069/0.501 pstd=0.411 capv=0.040 lr=1.0e-03 gen=0.1s conv=0.0s add=0.1s train=0.2s sps=0
[t=  36.2s] greedy ep 99 games=  96 dec= 18203 rows= 17375 horizon=0.25 nodecap=0 over=0 card=0 exact=0 drop=0 cfgs= 25.0 L=0.07633 P=nan old=0.07496 new=0.07893 tgt=-0.030/0.498 pstd=0.423 capv=0.040 lr=1.0e-03 gen=0.1s conv=0.0s add=0.1s train=0.2s sps=0
[t=  36.5s] greedy ep100 games=  96 dec= 17201 rows= 16379 horizon=0.19 nodecap=0 over=0 card=0 exact=0 drop=0 cfgs= 26.5 L=0.07806 P=nan old=0.08049 new=0.07564 tgt=-0.020/0.511 pstd=0.417 capv=0.040 lr=1.0e-03 gen=0.1s conv=0.0s add=0.1s train=0.2s sps=0
[t=  36.9s] greedy ep101 games=  96 dec= 18366 rows= 17605 horizon=0.30 nodecap=0 over=0 card=0 exact=0 drop=0 cfgs= 25.1 L=0.07981 P=nan old=0.07558 new=0.07489 tgt=-0.060/0.510 pstd=0.393 capv=0.040 lr=1.0e-03 gen=0.1s conv=0.0s add=0.1s train=0.2s sps=0
[t=  37.3s] greedy ep102 games=  96 dec= 18641 rows= 17827 horizon=0.33 nodecap=0 over=0 card=0 exact=0 drop=0 cfgs= 23.4 L=0.07827 P=nan old=0.07672 new=0.07688 tgt=-0.023/0.495 pstd=0.402 capv=0.040 lr=1.0e-03 gen=0.1s conv=0.0s add=0.1s train=0.2s sps=0
[t=  37.6s] greedy ep103 games=  96 dec= 18114 rows= 17303 horizon=0.29 nodecap=0 over=0 card=0 exact=0 drop=0 cfgs= 26.4 L=0.07943 P=nan old=0.07723 new=0.07842 tgt=-0.024/0.508 pstd=0.412 capv=0.040 lr=1.0e-03 gen=0.1s conv=0.0s add=0.1s train=0.2s sps=0
[t=  38.0s] greedy ep104 games=  96 dec= 17791 rows= 17096 horizon=0.30 nodecap=0 over=0 card=0 exact=0 drop=0 cfgs= 23.7 L=0.07956 P=nan old=0.07898 new=0.07494 tgt=-0.053/0.527 pstd=0.402 capv=0.040 lr=1.0e-03 gen=0.1s conv=0.0s add=0.1s train=0.2s sps=0
[t=  38.3s] greedy ep105 games=  96 dec= 17981 rows= 17239 horizon=0.27 nodecap=0 over=0 card=0 exact=0 drop=0 cfgs= 26.5 L=0.07738 P=nan old=0.07498 new=0.07875 tgt=-0.028/0.488 pstd=0.389 capv=0.040 lr=1.0e-03 gen=0.1s conv=0.0s add=0.1s train=0.2s sps=0
[t=  38.7s] greedy ep106 games=  96 dec= 17909 rows= 17156 horizon=0.25 nodecap=0 over=0 card=0 exact=0 drop=0 cfgs= 24.4 L=0.07841 P=nan old=0.08245 new=0.07617 tgt=-0.028/0.502 pstd=0.400 capv=0.040 lr=1.0e-03 gen=0.1s conv=0.0s add=0.1s train=0.2s sps=0
[t=  39.1s] greedy ep107 games=  96 dec= 18528 rows= 17716 horizon=0.30 nodecap=0 over=0 card=0 exact=0 drop=0 cfgs= 25.4 L=0.07890 P=nan old=0.07534 new=0.07908 tgt=-0.069/0.504 pstd=0.382 capv=0.040 lr=1.0e-03 gen=0.1s conv=0.0s add=0.1s train=0.2s sps=0
[t=  39.4s] greedy ep108 games=  96 dec= 17718 rows= 17042 horizon=0.31 nodecap=0 over=0 card=0 exact=0 drop=0 cfgs= 25.0 L=0.07746 P=nan old=0.08096 new=0.07749 tgt=-0.063/0.519 pstd=0.403 capv=0.040 lr=1.0e-03 gen=0.1s conv=0.0s add=0.1s train=0.2s sps=0
[t=  39.8s] greedy ep109 games=  96 dec= 18384 rows= 17638 horizon=0.30 nodecap=0 over=0 card=0 exact=0 drop=0 cfgs= 24.2 L=0.08029 P=nan old=0.07572 new=0.08324 tgt=-0.063/0.506 pstd=0.384 capv=0.040 lr=1.0e-03 gen=0.1s conv=0.0s add=0.1s train=0.2s sps=0
[t=  40.2s] greedy ep110 games=  96 dec= 17315 rows= 16592 horizon=0.25 nodecap=0 over=0 card=0 exact=0 drop=0 cfgs= 25.2 L=0.07894 P=nan old=0.07133 new=0.07598 tgt=-0.024/0.519 pstd=0.407 capv=0.040 lr=1.0e-03 gen=0.1s conv=0.0s add=0.1s train=0.2s sps=0
[t=  40.5s] greedy ep111 games=  96 dec= 18064 rows= 17302 horizon=0.28 nodecap=0 over=0 card=0 exact=0 drop=0 cfgs= 24.2 L=0.07796 P=nan old=0.07481 new=0.07993 tgt=-0.042/0.517 pstd=0.399 capv=0.040 lr=1.0e-03 gen=0.1s conv=0.0s add=0.1s train=0.2s sps=0
[t=  40.9s] greedy ep112 games=  96 dec= 16535 rows= 15806 horizon=0.22 nodecap=0 over=0 card=0 exact=0 drop=0 cfgs= 25.8 L=0.07766 P=nan old=0.07467 new=0.07716 tgt=-0.055/0.532 pstd=0.410 capv=0.040 lr=1.0e-03 gen=0.1s conv=0.0s add=0.1s train=0.2s sps=0
[t=  41.2s] greedy ep113 games=  96 dec= 17732 rows= 16992 horizon=0.31 nodecap=0 over=0 card=0 exact=0 drop=0 cfgs= 26.7 L=0.07838 P=nan old=0.07917 new=0.07207 tgt=-0.063/0.509 pstd=0.384 capv=0.040 lr=1.0e-03 gen=0.1s conv=0.0s add=0.1s train=0.2s sps=0
[t=  41.6s] greedy ep114 games=  96 dec= 18266 rows= 17475 horizon=0.31 nodecap=0 over=0 card=0 exact=0 drop=0 cfgs= 25.4 L=0.07746 P=nan old=0.08365 new=0.07719 tgt=-0.039/0.501 pstd=0.392 capv=0.040 lr=1.0e-03 gen=0.1s conv=0.0s add=0.1s train=0.2s sps=0
[t=  42.0s] greedy ep115 games=  96 dec= 17190 rows= 16432 horizon=0.21 nodecap=0 over=0 card=0 exact=0 drop=0 cfgs= 25.6 L=0.07969 P=nan old=0.07792 new=0.08457 tgt=-0.018/0.511 pstd=0.392 capv=0.040 lr=1.0e-03 gen=0.1s conv=0.0s add=0.1s train=0.2s sps=0
[t=  42.3s] greedy ep116 games=  96 dec= 18020 rows= 17344 horizon=0.30 nodecap=0 over=0 card=0 exact=0 drop=0 cfgs= 25.6 L=0.07836 P=nan old=0.07998 new=0.08253 tgt=-0.034/0.490 pstd=0.388 capv=0.040 lr=1.0e-03 gen=0.1s conv=0.0s add=0.1s train=0.2s sps=0
[t=  42.7s] greedy ep117 games=  96 dec= 19034 rows= 18234 horizon=0.31 nodecap=0 over=0 card=0 exact=0 drop=0 cfgs= 24.2 L=0.08128 P=nan old=0.07733 new=0.07877 tgt=+0.001/0.481 pstd=0.390 capv=0.040 lr=1.0e-03 gen=0.1s conv=0.0s add=0.1s train=0.2s sps=0
[t=  43.1s] greedy ep118 games=  96 dec= 18005 rows= 17295 horizon=0.30 nodecap=0 over=0 card=0 exact=0 drop=0 cfgs= 25.2 L=0.08060 P=nan old=0.07960 new=0.08097 tgt=-0.037/0.495 pstd=0.419 capv=0.040 lr=1.0e-03 gen=0.1s conv=0.0s add=0.1s train=0.2s sps=0
[t=  43.4s] greedy ep119 games=  96 dec= 18074 rows= 17294 horizon=0.28 nodecap=0 over=0 card=0 exact=0 drop=0 cfgs= 25.2 L=0.08024 P=nan old=0.07600 new=0.08275 tgt=-0.050/0.491 pstd=0.377 capv=0.040 lr=1.0e-03 gen=0.1s conv=0.0s add=0.1s train=0.2s sps=0
[t=  43.8s] greedy ep120 games=  96 dec= 17892 rows= 17096 horizon=0.27 nodecap=0 over=0 card=0 exact=0 drop=0 cfgs= 23.7 L=0.07851 P=nan old=0.07809 new=0.08476 tgt=-0.062/0.493 pstd=0.380 capv=0.040 lr=1.0e-03 gen=0.1s conv=0.0s add=0.1s train=0.2s sps=0
[t=  44.1s] greedy ep121 games=  96 dec= 16384 rows= 15684 horizon=0.17 nodecap=0 over=0 card=0 exact=0 drop=0 cfgs= 29.6 L=0.08211 P=nan old=0.08433 new=0.07971 tgt=-0.051/0.524 pstd=0.383 capv=0.040 lr=1.0e-03 gen=0.1s conv=0.0s add=0.1s train=0.2s sps=0
[t=  44.5s] greedy ep122 games=  96 dec= 18963 rows= 18165 horizon=0.33 nodecap=0 over=0 card=0 exact=0 drop=0 cfgs= 23.6 L=0.08111 P=nan old=0.07745 new=0.07446 tgt=-0.004/0.472 pstd=0.402 capv=0.040 lr=1.0e-03 gen=0.1s conv=0.0s add=0.1s train=0.2s sps=0
[t=  44.9s] greedy ep123 games=  96 dec= 18764 rows= 17996 horizon=0.32 nodecap=0 over=0 card=0 exact=0 drop=0 cfgs= 26.4 L=0.08033 P=nan old=0.07509 new=0.08092 tgt=-0.022/0.485 pstd=0.385 capv=0.040 lr=1.0e-03 gen=0.1s conv=0.0s add=0.1s train=0.2s sps=0
[t=  45.3s] greedy ep124 games=  96 dec= 18261 rows= 17538 horizon=0.30 nodecap=0 over=0 card=0 exact=0 drop=0 cfgs= 24.8 L=0.08107 P=nan old=0.08026 new=0.08159 tgt=-0.051/0.481 pstd=0.382 capv=0.040 lr=1.0e-03 gen=0.1s conv=0.0s add=0.1s train=0.2s sps=0
[t=  45.6s] greedy ep125 games=  96 dec= 18434 rows= 17613 horizon=0.32 nodecap=0 over=0 card=0 exact=0 drop=0 cfgs= 24.5 L=0.08143 P=nan old=0.08777 new=0.07274 tgt=-0.037/0.482 pstd=0.393 capv=0.040 lr=1.0e-03 gen=0.1s conv=0.0s add=0.1s train=0.2s sps=0
[t=  46.0s] greedy ep126 games=  96 dec= 17494 rows= 16659 horizon=0.19 nodecap=0 over=0 card=0 exact=0 drop=0 cfgs= 25.5 L=0.08118 P=nan old=0.07443 new=0.07954 tgt=-0.030/0.514 pstd=0.393 capv=0.040 lr=1.0e-03 gen=0.1s conv=0.0s add=0.1s train=0.2s sps=0
[t=  46.5s] greedy ep127 games=  96 dec= 16590 rows= 15896 horizon=0.20 nodecap=0 over=0 card=0 exact=0 drop=0 cfgs= 26.5 L=0.08232 P=nan old=0.07600 new=0.08391 tgt=-0.039/0.550 pstd=0.381 capv=0.040 lr=1.0e-03 gen=0.1s conv=0.0s add=0.1s train=0.2s sps=0
[t=  46.8s] greedy ep128 games=  96 dec= 18037 rows= 17173 horizon=0.22 nodecap=0 over=0 card=0 exact=0 drop=0 cfgs= 27.0 L=0.08017 P=nan old=0.08506 new=0.07179 tgt=-0.042/0.532 pstd=0.385 capv=0.040 lr=1.0e-03 gen=0.1s conv=0.0s add=0.1s train=0.2s sps=0
[t=  47.2s] greedy ep129 games=  96 dec= 18172 rows= 17391 horizon=0.31 nodecap=0 over=0 card=0 exact=0 drop=0 cfgs= 25.4 L=0.08335 P=nan old=0.08338 new=0.08137 tgt=-0.024/0.503 pstd=0.383 capv=0.040 lr=1.0e-03 gen=0.1s conv=0.0s add=0.1s train=0.2s sps=0
[t=  47.6s] greedy ep130 games=  96 dec= 19122 rows= 18365 horizon=0.40 nodecap=0 over=0 card=0 exact=0 drop=0 cfgs= 24.1 L=0.07947 P=nan old=0.08086 new=0.08200 tgt=-0.029/0.464 pstd=0.401 capv=0.040 lr=1.0e-03 gen=0.1s conv=0.0s add=0.1s train=0.2s sps=0
[t=  47.9s] greedy ep131 games=  96 dec= 17456 rows= 16742 horizon=0.24 nodecap=0 over=0 card=0 exact=0 drop=0 cfgs= 26.1 L=0.08403 P=nan old=0.07939 new=0.08197 tgt=-0.042/0.522 pstd=0.384 capv=0.040 lr=1.0e-03 gen=0.1s conv=0.0s add=0.1s train=0.2s sps=0
[t=  48.3s] greedy ep132 games=  96 dec= 17068 rows= 16340 horizon=0.25 nodecap=0 over=0 card=0 exact=0 drop=0 cfgs= 26.1 L=0.08112 P=nan old=0.08473 new=0.07732 tgt=-0.064/0.522 pstd=0.376 capv=0.040 lr=1.0e-03 gen=0.1s conv=0.0s add=0.1s train=0.2s sps=0
[t=  48.6s] greedy ep133 games=  96 dec= 18447 rows= 17725 horizon=0.32 nodecap=0 over=0 card=0 exact=0 drop=0 cfgs= 26.4 L=0.07925 P=nan old=0.08257 new=0.07976 tgt=-0.004/0.464 pstd=0.385 capv=0.040 lr=1.0e-03 gen=0.1s conv=0.0s add=0.1s train=0.2s sps=0
[t=  49.0s] greedy ep134 games=  96 dec= 18142 rows= 17325 horizon=0.27 nodecap=0 over=0 card=0 exact=0 drop=0 cfgs= 25.6 L=0.08472 P=nan old=0.08267 new=0.08516 tgt=-0.021/0.490 pstd=0.389 capv=0.040 lr=1.0e-03 gen=0.1s conv=0.0s add=0.1s train=0.2s sps=0
[t=  49.4s] greedy ep135 games=  96 dec= 17272 rows= 16546 horizon=0.23 nodecap=0 over=0 card=0 exact=0 drop=0 cfgs= 25.7 L=0.08465 P=nan old=0.08158 new=0.08570 tgt=-0.029/0.515 pstd=0.371 capv=0.040 lr=1.0e-03 gen=0.1s conv=0.0s add=0.1s train=0.2s sps=0
[t=  49.7s] greedy ep136 games=  96 dec= 17172 rows= 16393 horizon=0.20 nodecap=0 over=0 card=0 exact=0 drop=0 cfgs= 27.0 L=0.08189 P=nan old=0.08140 new=0.08377 tgt=-0.061/0.538 pstd=0.378 capv=0.040 lr=1.0e-03 gen=0.1s conv=0.0s add=0.1s train=0.2s sps=0
[t=  50.1s] greedy ep137 games=  96 dec= 17525 rows= 16739 horizon=0.26 nodecap=0 over=0 card=0 exact=0 drop=0 cfgs= 25.0 L=0.08453 P=nan old=0.07407 new=0.08172 tgt=-0.026/0.505 pstd=0.386 capv=0.040 lr=1.0e-03 gen=0.1s conv=0.0s add=0.1s train=0.2s sps=0
[t=  50.4s] greedy ep138 games=  96 dec= 17800 rows= 17073 horizon=0.29 nodecap=0 over=0 card=0 exact=0 drop=0 cfgs= 25.1 L=0.08402 P=nan old=0.08414 new=0.07056 tgt=-0.029/0.500 pstd=0.380 capv=0.040 lr=1.0e-03 gen=0.1s conv=0.0s add=0.1s train=0.2s sps=0
[t=  50.8s] greedy ep139 games=  96 dec= 16915 rows= 16086 horizon=0.18 nodecap=0 over=0 card=0 exact=0 drop=0 cfgs= 28.8 L=0.08122 P=nan old=0.08513 new=0.08486 tgt=-0.056/0.538 pstd=0.375 capv=0.040 lr=1.0e-03 gen=0.1s conv=0.0s add=0.1s train=0.2s sps=0
[t=  51.1s] greedy ep140 games=  96 dec= 17725 rows= 16977 horizon=0.25 nodecap=0 over=0 card=0 exact=0 drop=0 cfgs= 24.7 L=0.08356 P=nan old=0.07947 new=0.07989 tgt=-0.019/0.506 pstd=0.358 capv=0.040 lr=1.0e-03 gen=0.1s conv=0.0s add=0.1s train=0.2s sps=0
[t=  51.5s] greedy ep141 games=  96 dec= 17484 rows= 16690 horizon=0.22 nodecap=0 over=0 card=0 exact=0 drop=0 cfgs= 26.9 L=0.08249 P=nan old=0.08072 new=0.07857 tgt=-0.026/0.548 pstd=0.364 capv=0.040 lr=1.0e-03 gen=0.1s conv=0.0s add=0.1s train=0.2s sps=0
[t=  51.9s] greedy ep142 games=  96 dec= 18810 rows= 17934 horizon=0.33 nodecap=0 over=0 card=0 exact=0 drop=0 cfgs= 25.3 L=0.08275 P=nan old=0.07613 new=0.07559 tgt=-0.027/0.482 pstd=0.397 capv=0.040 lr=1.0e-03 gen=0.1s conv=0.0s add=0.1s train=0.2s sps=0
[t=  52.2s] greedy ep143 games=  96 dec= 18126 rows= 17384 horizon=0.31 nodecap=0 over=0 card=0 exact=0 drop=0 cfgs= 25.7 L=0.08133 P=nan old=0.07920 new=0.07397 tgt=-0.041/0.504 pstd=0.387 capv=0.040 lr=1.0e-03 gen=0.1s conv=0.0s add=0.1s train=0.2s sps=0
[t=  52.5s] greedy ep144 games=  96 dec= 17498 rows= 16755 horizon=0.29 nodecap=0 over=0 card=0 exact=0 drop=0 cfgs= 24.6 L=0.08073 P=nan old=0.07628 new=0.08105 tgt=-0.053/0.502 pstd=0.369 capv=0.040 lr=1.0e-03 gen=0.1s conv=0.0s add=0.1s train=0.2s sps=0
[t=  52.9s] greedy ep145 games=  96 dec= 18206 rows= 17401 horizon=0.33 nodecap=0 over=0 card=0 exact=0 drop=0 cfgs= 25.4 L=0.08000 P=nan old=0.07572 new=0.07963 tgt=-0.044/0.486 pstd=0.370 capv=0.040 lr=1.0e-03 gen=0.1s conv=0.0s add=0.1s train=0.2s sps=0
[t=  53.3s] greedy ep146 games=  96 dec= 17836 rows= 17001 horizon=0.24 nodecap=0 over=0 card=0 exact=0 drop=0 cfgs= 26.4 L=0.08058 P=nan old=0.07170 new=0.07256 tgt=-0.025/0.497 pstd=0.363 capv=0.040 lr=1.0e-03 gen=0.1s conv=0.0s add=0.1s train=0.2s sps=0
[t=  53.7s] greedy ep147 games=  96 dec= 18016 rows= 17290 horizon=0.30 nodecap=0 over=0 card=0 exact=0 drop=0 cfgs= 26.9 L=0.08246 P=nan old=0.08388 new=0.07993 tgt=-0.018/0.487 pstd=0.382 capv=0.040 lr=1.0e-03 gen=0.1s conv=0.0s add=0.1s train=0.2s sps=0
[t=  54.0s] greedy ep148 games=  96 dec= 17949 rows= 17074 horizon=0.26 nodecap=0 over=0 card=0 exact=0 drop=0 cfgs= 24.5 L=0.08061 P=nan old=0.07828 new=0.07556 tgt=-0.040/0.535 pstd=0.368 capv=0.040 lr=1.0e-03 gen=0.1s conv=0.0s add=0.1s train=0.2s sps=0
[t=  54.4s] greedy ep149 games=  96 dec= 18568 rows= 17754 horizon=0.33 nodecap=0 over=0 card=0 exact=0 drop=0 cfgs= 24.2 L=0.07905 P=nan old=0.08300 new=0.08182 tgt=-0.030/0.484 pstd=0.344 capv=0.040 lr=1.0e-03 gen=0.1s conv=0.0s add=0.1s train=0.2s sps=0
[t=  54.7s] greedy ep150 games=  96 dec= 17355 rows= 16643 horizon=0.29 nodecap=0 over=0 card=0 exact=0 drop=0 cfgs= 26.1 L=0.08200 P=nan old=0.07804 new=0.08446 tgt=-0.025/0.500 pstd=0.379 capv=0.040 lr=1.0e-03 gen=0.1s conv=0.0s add=0.1s train=0.2s sps=0
[t=  55.1s] greedy ep151 games=  96 dec= 17518 rows= 16756 horizon=0.25 nodecap=0 over=0 card=0 exact=0 drop=0 cfgs= 24.7 L=0.08038 P=nan old=0.07879 new=0.07418 tgt=-0.051/0.504 pstd=0.359 capv=0.040 lr=1.0e-03 gen=0.1s conv=0.0s add=0.1s train=0.2s sps=0
[t=  55.5s] greedy ep152 games=  96 dec= 18548 rows= 17763 horizon=0.32 nodecap=0 over=0 card=0 exact=0 drop=0 cfgs= 26.3 L=0.08028 P=nan old=0.08405 new=0.06889 tgt=-0.052/0.489 pstd=0.376 capv=0.040 lr=1.0e-03 gen=0.1s conv=0.0s add=0.1s train=0.2s sps=0
[t=  55.8s] greedy ep153 games=  96 dec= 17769 rows= 16992 horizon=0.29 nodecap=0 over=0 card=0 exact=0 drop=0 cfgs= 25.8 L=0.07726 P=nan old=0.07616 new=0.07557 tgt=-0.044/0.492 pstd=0.374 capv=0.040 lr=1.0e-03 gen=0.1s conv=0.0s add=0.1s train=0.2s sps=0
[t=  56.2s] greedy ep154 games=  96 dec= 18352 rows= 17536 horizon=0.33 nodecap=0 over=0 card=0 exact=0 drop=0 cfgs= 25.6 L=0.07849 P=nan old=0.07980 new=0.08132 tgt=-0.017/0.489 pstd=0.362 capv=0.040 lr=1.0e-03 gen=0.1s conv=0.0s add=0.1s train=0.2s sps=0
[t=  56.6s] greedy ep155 games=  96 dec= 19073 rows= 18330 horizon=0.38 nodecap=0 over=0 card=0 exact=0 drop=0 cfgs= 24.0 L=0.08043 P=nan old=0.08455 new=0.07618 tgt=-0.008/0.456 pstd=0.362 capv=0.040 lr=1.0e-03 gen=0.1s conv=0.0s add=0.1s train=0.2s sps=0
[t=  57.1s] greedy ep156 games=  96 dec= 17876 rows= 17106 horizon=0.26 nodecap=0 over=0 card=0 exact=0 drop=0 cfgs= 25.8 L=0.08088 P=nan old=0.07957 new=0.08304 tgt=-0.023/0.504 pstd=0.362 capv=0.040 lr=1.0e-03 gen=0.1s conv=0.0s add=0.1s train=0.2s sps=0
[t=  57.4s] greedy ep157 games=  96 dec= 17561 rows= 16874 horizon=0.27 nodecap=0 over=0 card=0 exact=0 drop=0 cfgs= 24.6 L=0.08188 P=nan old=0.07622 new=0.07860 tgt=-0.044/0.499 pstd=0.361 capv=0.040 lr=1.0e-03 gen=0.1s conv=0.0s add=0.1s train=0.2s sps=0
[t=  57.8s] greedy ep158 games=  96 dec= 17722 rows= 16966 horizon=0.27 nodecap=0 over=0 card=0 exact=0 drop=0 cfgs= 23.9 L=0.07966 P=nan old=0.08491 new=0.07665 tgt=-0.010/0.494 pstd=0.359 capv=0.040 lr=1.0e-03 gen=0.1s conv=0.0s add=0.1s train=0.2s sps=0
[t=  58.2s] greedy ep159 games=  96 dec= 17896 rows= 17081 horizon=0.28 nodecap=0 over=0 card=0 exact=0 drop=0 cfgs= 24.2 L=0.07586 P=nan old=0.08033 new=0.08414 tgt=-0.012/0.496 pstd=0.367 capv=0.040 lr=1.0e-03 gen=0.1s conv=0.0s add=0.1s train=0.2s sps=0
[t=  58.5s] greedy ep160 games=  96 dec= 18707 rows= 17923 horizon=0.32 nodecap=0 over=0 card=0 exact=0 drop=0 cfgs= 25.9 L=0.08073 P=nan old=0.08155 new=0.07782 tgt=-0.001/0.458 pstd=0.379 capv=0.040 lr=1.0e-03 gen=0.1s conv=0.0s add=0.1s train=0.2s sps=0
[t=  58.9s] greedy ep161 games=  96 dec= 17853 rows= 17089 horizon=0.24 nodecap=0 over=0 card=0 exact=0 drop=0 cfgs= 25.4 L=0.08042 P=nan old=0.07392 new=0.07371 tgt=-0.017/0.521 pstd=0.369 capv=0.040 lr=1.0e-03 gen=0.1s conv=0.0s add=0.1s train=0.2s sps=0
[t=  59.3s] greedy ep162 games=  96 dec= 17756 rows= 16998 horizon=0.27 nodecap=0 over=0 card=0 exact=0 drop=0 cfgs= 25.9 L=0.07876 P=nan old=0.07928 new=0.07697 tgt=-0.029/0.500 pstd=0.367 capv=0.040 lr=1.0e-03 gen=0.1s conv=0.0s add=0.1s train=0.2s sps=0
[t=  59.6s] greedy ep163 games=  96 dec= 17385 rows= 16622 horizon=0.27 nodecap=0 over=0 card=0 exact=0 drop=0 cfgs= 26.0 L=0.07826 P=nan old=0.08284 new=0.07256 tgt=-0.027/0.475 pstd=0.375 capv=0.040 lr=1.0e-03 gen=0.1s conv=0.0s add=0.1s train=0.2s sps=0
[t=  60.0s] greedy ep164 games=  96 dec= 18374 rows= 17629 horizon=0.28 nodecap=0 over=0 card=0 exact=0 drop=0 cfgs= 24.7 L=0.07984 P=nan old=0.08295 new=0.08062 tgt=-0.011/0.483 pstd=0.388 capv=0.040 lr=1.0e-03 gen=0.1s conv=0.0s add=0.1s train=0.2s sps=0
[t=  60.0s] --- snapshot snap_00.pt (init) ---
[t=  60.0s] --- switching to ReBeL ---
v5 GEMM compute=fast-f16
[t=  70.1s] rebel stream solves=10240 solves=1020/s rows=4946/s balanced_rows=4895/s debt=256 rows steps=24 over=0 card=0 drop=0 L=0.02885 tgt=-0.016/0.204 cfg/b=41352 prep=0.14s gpu=0.00s conv=0.01s add=0.23s train=0.70s
[t=  80.2s] rebel stream solves=15360 solves=761/s rows=4488/s balanced_rows=4463/s debt=256 rows steps=44 over=0 card=0 drop=0 L=0.01171 tgt=-0.013/0.157 cfg/b=38558 prep=0.09s gpu=0.00s conv=0.01s add=0.34s train=0.56s
[t=  90.3s] rebel stream solves=21504 solves=711/s rows=4622/s balanced_rows=4605/s debt=256 rows steps=68 over=0 card=0 drop=0 L=0.00772 tgt=-0.014/0.156 cfg/b=69759 prep=0.10s gpu=0.00s conv=0.04s add=0.76s train=0.70s
[t= 100.3s] rebel stream solves=39936 solves=992/s rows=7133/s balanced_rows=7121/s debt=256 rows steps=140 over=0 card=0 drop=0 L=0.00483 tgt=-0.014/0.156 cfg/b=67800 prep=0.44s gpu=0.00s conv=0.03s add=0.70s train=2.49s
[t= 110.4s] rebel stream solves=47104 solves=936/s rows=6846/s balanced_rows=6836/s debt=256 rows steps=168 over=0 card=0 drop=0 L=0.00349 tgt=-0.003/0.154 cfg/b=50986 prep=0.14s gpu=0.00s conv=0.01s add=0.23s train=0.88s
[t= 120.4s] rebel stream solves=52224 solves=866/s rows=6390/s balanced_rows=6382/s debt=256 rows steps=188 over=0 card=0 drop=0 L=0.00320 tgt=-0.003/0.157 cfg/b=49170 prep=0.10s gpu=0.00s conv=0.01s add=0.20s train=0.58s
[t= 130.4s] rebel stream solves=55296 solves=786/s rows=5829/s balanced_rows=5822/s debt=252 rows steps=200 over=0 card=0 drop=0 L=0.00309 tgt=-0.015/0.159 cfg/b=47515 prep=0.06s gpu=0.00s conv=0.00s add=0.14s train=0.35s
[t= 140.4s] rebel stream solves=59392 solves=739/s rows=5508/s balanced_rows=5502/s debt=252 rows steps=216 over=0 card=0 drop=0 L=0.00257 tgt=-0.031/0.155 cfg/b=49036 prep=0.07s gpu=0.00s conv=0.01s add=0.36s train=0.44s
[t= 150.5s] rebel stream solves=65536 solves=725/s rows=5439/s balanced_rows=5434/s debt=246 rows steps=240 over=0 card=0 drop=0 L=0.00222 tgt=-0.025/0.155 cfg/b=51081 prep=0.10s gpu=0.00s conv=0.02s add=0.37s train=0.68s
[t= 160.5s] rebel stream solves=70656 solves=703/s rows=5304/s balanced_rows=5299/s debt=232 rows steps=260 over=0 card=0 drop=0 L=0.00204 tgt=-0.025/0.156 cfg/b=46023 prep=0.09s gpu=0.00s conv=0.01s add=0.25s train=0.58s
[t= 170.5s] rebel stream solves=74752 solves=676/s rows=5119/s balanced_rows=5115/s debt=210 rows steps=276 over=0 card=0 drop=0 L=0.00191 tgt=-0.022/0.152 cfg/b=42998 prep=0.09s gpu=0.00s conv=0.01s add=0.19s train=0.50s
[t= 180.6s] rebel stream solves=79872 solves=663/s rows=5033/s balanced_rows=5030/s debt=182 rows steps=296 over=0 card=0 drop=0 L=0.00177 tgt=-0.011/0.154 cfg/b=40661 prep=0.44s gpu=0.00s conv=0.00s add=0.18s train=0.95s
[t= 190.6s] rebel stream solves=82944 solves=635/s rows=4833/s balanced_rows=4831/s debt=144 rows steps=308 over=0 card=0 drop=0 L=0.00174 tgt=-0.006/0.147 cfg/b=38750 prep=0.11s gpu=0.00s conv=0.00s add=0.08s train=0.43s
[t= 200.6s] rebel stream solves=86016 solves=612/s rows=4663/s balanced_rows=4661/s debt=112 rows steps=320 over=0 card=0 drop=0 L=0.00174 tgt=-0.005/0.150 cfg/b=39530 prep=0.08s gpu=0.00s conv=0.00s add=0.10s train=0.39s
[t= 210.6s] rebel stream solves=90112 solves=598/s rows=4570/s balanced_rows=4569/s debt=92 rows steps=336 over=0 card=0 drop=0 L=0.00156 tgt=-0.008/0.148 cfg/b=39176 prep=0.10s gpu=0.00s conv=0.01s add=0.12s train=0.52s
[t= 220.7s] rebel stream solves=93184 solves=580/s rows=4437/s balanced_rows=4436/s debt=60 rows steps=348 over=0 card=0 drop=0 L=0.00154 tgt=-0.008/0.150 cfg/b=39835 prep=0.06s gpu=0.00s conv=0.00s add=0.05s train=0.36s
[t= 230.7s] rebel stream solves=96256 solves=564/s rows=4320/s balanced_rows=4319/s debt=25 rows steps=360 over=0 card=0 drop=0 L=0.00149 tgt=-0.021/0.157 cfg/b=38670 prep=0.08s gpu=0.00s conv=0.00s add=0.10s train=0.39s
[t= 240.7s] rebel stream solves=98304 solves=544/s rows=4170/s balanced_rows=4170/s debt=14 rows steps=368 over=0 card=0 drop=0 L=0.00146 tgt=-0.011/0.143 cfg/b=39025 prep=0.04s gpu=0.00s conv=0.00s add=0.08s train=0.26s
[t= 250.8s] rebel stream solves=101376 solves=531/s rows=4080/s balanced_rows=4069/s debt=993 rows steps=379 over=0 card=0 drop=0 L=0.00136 tgt=-0.018/0.152 cfg/b=38112 prep=0.05s gpu=0.00s conv=0.00s add=0.09s train=0.32s
[t= 260.8s] rebel stream solves=104448 solves=520/s rows=3998/s balanced_rows=3989/s debt=954 rows steps=391 over=0 card=0 drop=0 L=0.00131 tgt=-0.013/0.149 cfg/b=37442 prep=0.06s gpu=0.00s conv=0.00s add=0.07s train=0.37s
[t= 270.8s] rebel stream solves=106496 solves=505/s rows=3886/s balanced_rows=3877/s debt=923 rows steps=399 over=0 card=0 drop=0 L=0.00133 tgt=-0.014/0.158 cfg/b=36485 prep=0.04s gpu=0.00s conv=0.00s add=0.07s train=0.25s
[t= 280.8s] rebel stream solves=109568 solves=496/s rows=3820/s balanced_rows=3812/s debt=881 rows steps=411 over=0 card=0 drop=0 L=0.00128 tgt=-0.015/0.153 cfg/b=34520 prep=0.10s gpu=0.00s conv=0.00s add=0.10s train=0.41s
[t= 290.9s] rebel stream solves=111616 solves=484/s rows=3725/s balanced_rows=3717/s debt=832 rows steps=419 over=0 card=0 drop=0 L=0.00128 tgt=-0.020/0.154 cfg/b=33436 prep=0.04s gpu=0.00s conv=0.00s add=0.04s train=0.23s
[t= 300.9s] rebel stream solves=114688 solves=476/s rows=3671/s balanced_rows=3664/s debt=776 rows steps=431 over=0 card=0 drop=0 L=0.00128 tgt=-0.008/0.154 cfg/b=32991 prep=0.08s gpu=0.00s conv=0.00s add=0.08s train=0.39s
[t= 310.9s] rebel stream solves=117760 solves=469/s rows=3622/s balanced_rows=3616/s debt=713 rows steps=443 over=0 card=0 drop=0 L=0.00121 tgt=-0.005/0.151 cfg/b=31070 prep=0.11s gpu=0.00s conv=0.00s add=0.07s train=0.42s
[t= 321.0s] rebel stream solves=119808 solves=459/s rows=3545/s balanced_rows=3540/s debt=682 rows steps=451 over=0 card=0 drop=0 L=0.00119 tgt=-0.019/0.160 cfg/b=30720 prep=0.15s gpu=0.00s conv=0.00s add=0.05s train=0.36s
[t= 331.0s] rebel stream solves=121856 solves=450/s rows=3474/s balanced_rows=3469/s debt=632 rows steps=459 over=0 card=0 drop=0 L=0.00115 tgt=-0.010/0.153 cfg/b=30517 prep=0.05s gpu=0.00s conv=0.00s add=0.06s train=0.26s
[t= 341.0s] rebel stream solves=124928 solves=445/s rows=3438/s balanced_rows=3433/s debt=587 rows steps=471 over=0 card=0 drop=0 L=0.00118 tgt=-0.009/0.146 cfg/b=30214 prep=0.06s gpu=0.00s conv=0.01s add=0.06s train=0.37s
[t= 351.0s] rebel stream solves=128000 solves=440/s rows=3403/s balanced_rows=3378/s debt=3586 rows steps=480 over=0 card=0 drop=0 L=0.00117 tgt=-0.003/0.145 cfg/b=29518 prep=0.07s gpu=0.00s conv=0.00s add=0.07s train=0.30s
[t= 361.0s] rebel stream solves=130048 solves=432/s rows=3344/s balanced_rows=3341/s debt=472 rows steps=491 over=0 card=0 drop=0 L=0.00112 tgt=-0.001/0.146 cfg/b=28627 prep=0.12s gpu=0.00s conv=0.00s add=0.05s train=0.42s
[t= 371.1s] rebel stream solves=132096 solves=425/s rows=3288/s balanced_rows=3285/s debt=426 rows steps=499 over=0 card=0 drop=0 L=0.00114 tgt=-0.005/0.145 cfg/b=29138 prep=0.04s gpu=0.00s conv=0.00s add=0.06s train=0.27s
[t= 381.1s] rebel stream solves=135168 solves=421/s rows=3261/s balanced_rows=3259/s debt=356 rows steps=511 over=0 card=0 drop=0 L=0.00114 tgt=-0.007/0.147 cfg/b=28946 prep=0.05s gpu=0.00s conv=0.00s add=0.07s train=0.33s
[t= 391.2s] rebel stream solves=138240 solves=417/s rows=3236/s balanced_rows=3235/s debt=286 rows steps=523 over=0 card=0 drop=0 L=0.00113 tgt=-0.004/0.142 cfg/b=27261 prep=0.15s gpu=0.00s conv=0.00s add=0.07s train=0.46s
[t= 401.2s] rebel stream solves=140288 solves=411/s rows=3189/s balanced_rows=3188/s debt=244 rows steps=531 over=0 card=0 drop=0 L=0.00103 tgt=+0.008/0.152 cfg/b=27468 prep=0.10s gpu=0.00s conv=0.00s add=0.04s train=0.30s
[t= 411.2s] rebel stream solves=142336 solves=405/s rows=3145/s balanced_rows=3143/s debt=202 rows steps=539 over=0 card=0 drop=0 L=0.00121 tgt=+0.001/0.144 cfg/b=27702 prep=0.04s gpu=0.00s conv=0.00s add=0.05s train=0.25s
[t= 421.2s] rebel stream solves=144384 solves=400/s rows=3103/s balanced_rows=3102/s debt=164 rows steps=547 over=0 card=0 drop=0 L=0.00116 tgt=+0.005/0.142 cfg/b=26969 prep=0.12s gpu=0.00s conv=0.00s add=0.04s train=0.34s
[t= 431.2s] rebel stream solves=147456 solves=397/s rows=3084/s balanced_rows=3084/s debt=52 rows steps=559 over=0 card=0 drop=0 L=0.00100 tgt=+0.008/0.144 cfg/b=27362 prep=0.06s gpu=0.00s conv=0.00s add=0.07s train=0.37s
[t= 441.2s] rebel stream solves=149504 solves=392/s rows=3046/s balanced_rows=3046/s debt=20 rows steps=567 over=0 card=0 drop=0 L=0.00116 tgt=+0.002/0.138 cfg/b=26469 prep=0.04s gpu=0.00s conv=0.00s add=0.04s train=0.54s
[t= 451.3s] rebel stream solves=152576 solves=390/s rows=3031/s balanced_rows=3026/s debt=956 rows steps=578 over=0 card=0 drop=0 L=0.00115 tgt=-0.002/0.152 cfg/b=25937 prep=0.09s gpu=0.00s conv=0.00s add=0.08s train=0.39s
[t= 461.3s] rebel stream solves=154624 solves=385/s rows=2996/s balanced_rows=2991/s debt=890 rows steps=586 over=0 card=0 drop=0 L=0.00111 tgt=+0.003/0.150 cfg/b=25260 prep=0.06s gpu=0.00s conv=0.00s add=0.04s train=0.26s
[t= 471.3s] rebel stream solves=157696 solves=383/s rows=2982/s balanced_rows=2978/s debt=785 rows steps=598 over=0 card=0 drop=0 L=0.00130 tgt=+0.007/0.143 cfg/b=25198 prep=0.06s gpu=0.00s conv=0.00s add=0.05s train=0.36s
[t= 481.3s] rebel stream solves=159744 solves=379/s rows=2949/s balanced_rows=2946/s debt=740 rows steps=606 over=0 card=0 drop=0 L=0.00125 tgt=-0.005/0.154 cfg/b=25462 prep=0.04s gpu=0.00s conv=0.00s add=0.05s train=0.24s
[t= 491.4s] rebel stream solves=161792 solves=375/s rows=2918/s balanced_rows=2915/s debt=684 rows steps=614 over=0 card=0 drop=0 L=0.00150 tgt=-0.009/0.151 cfg/b=25476 prep=0.04s gpu=0.00s conv=0.01s add=0.04s train=0.27s
[t= 501.4s] rebel stream solves=164864 solves=374/s rows=2908/s balanced_rows=2905/s debt=624 rows steps=626 over=0 card=0 drop=0 L=0.00119 tgt=-0.010/0.162 cfg/b=24648 prep=0.08s gpu=0.00s conv=0.00s add=0.06s train=0.40s
[t= 511.4s] rebel stream solves=166912 solves=370/s rows=2879/s balanced_rows=2877/s debt=544 rows steps=634 over=0 card=0 drop=0 L=0.00176 tgt=+0.000/0.152 cfg/b=23988 prep=0.08s gpu=0.00s conv=0.00s add=0.03s train=0.28s
[t= 521.4s] rebel stream solves=169984 solves=368/s rows=2869/s balanced_rows=2867/s debt=442 rows steps=646 over=0 card=0 drop=0 L=0.00139 tgt=+0.007/0.142 cfg/b=23757 prep=0.07s gpu=0.00s conv=0.00s add=0.06s train=0.39s
[t= 531.5s] rebel stream solves=173056 solves=367/s rows=2860/s balanced_rows=2859/s debt=348 rows steps=658 over=0 card=0 drop=0 L=0.00139 tgt=-0.024/0.184 cfg/b=23763 prep=0.07s gpu=0.00s conv=0.00s add=0.07s train=0.39s
[t= 541.5s] rebel stream solves=175104 solves=364/s rows=2834/s balanced_rows=2833/s debt=302 rows steps=666 over=0 card=0 drop=0 L=0.00155 tgt=-0.009/0.169 cfg/b=23487 prep=0.04s gpu=0.00s conv=0.00s add=0.04s train=0.26s
[t= 551.5s] rebel stream solves=178176 solves=363/s rows=2826/s balanced_rows=2825/s debt=218 rows steps=678 over=0 card=0 drop=0 L=0.00152 tgt=+0.002/0.150 cfg/b=23776 prep=0.11s gpu=0.00s conv=0.00s add=0.06s train=0.43s
[t= 555.1s] --- lr -> 5.00e-04 ---
[t= 560.0s] --- snapshot snap_01.pt (s1) ---
[t= 561.5s] rebel stream solves=180224 solves=359/s rows=2802/s balanced_rows=2802/s debt=152 rows steps=686 over=0 card=0 drop=0 L=0.00160 tgt=+0.009/0.148 cfg/b=22718 prep=0.10s gpu=0.00s conv=0.00s add=0.04s train=0.65s
[t= 571.5s] rebel stream solves=183296 solves=358/s rows=2795/s balanced_rows=2795/s debt=64 rows steps=698 over=0 card=0 drop=0 L=0.00139 tgt=-0.002/0.164 cfg/b=22763 prep=0.07s gpu=0.00s conv=0.00s add=0.06s train=0.37s
[t= 581.5s] rebel stream solves=186368 solves=357/s rows=2788/s balanced_rows=2784/s debt=990 rows steps=709 over=0 card=0 drop=0 L=0.00171 tgt=+0.000/0.150 cfg/b=22423 prep=0.07s gpu=0.00s conv=0.00s add=0.05s train=0.37s
[t= 591.6s] rebel stream solves=188416 solves=354/s rows=2766/s balanced_rows=2763/s debt=941 rows steps=717 over=0 card=0 drop=0 L=0.00170 tgt=+0.001/0.166 cfg/b=22134 prep=0.05s gpu=0.00s conv=0.00s add=0.04s train=0.27s
[t= 601.6s] rebel stream solves=191488 solves=354/s rows=2760/s balanced_rows=2757/s debt=822 rows steps=729 over=0 card=0 drop=0 L=0.00179 tgt=+0.004/0.165 cfg/b=22245 prep=0.06s gpu=0.00s conv=0.00s add=0.05s train=0.38s
[t= 611.6s] rebel stream solves=194560 solves=353/s rows=2754/s balanced_rows=2751/s debt=706 rows steps=741 over=0 card=0 drop=0 L=0.00198 tgt=+0.007/0.155 cfg/b=21405 prep=0.07s gpu=0.00s conv=0.00s add=0.05s train=0.36s
[t= 621.7s] rebel stream solves=197632 solves=352/s rows=2748/s balanced_rows=2746/s debt=630 rows steps=753 over=0 card=0 drop=0 L=0.00166 tgt=+0.002/0.152 cfg/b=20839 prep=0.08s gpu=0.00s conv=0.00s add=0.04s train=0.35s
[t= 631.7s] rebel stream solves=200704 solves=351/s rows=2742/s balanced_rows=2741/s debt=510 rows steps=765 over=0 card=0 drop=0 L=0.00203 tgt=+0.009/0.158 cfg/b=21858 prep=0.06s gpu=0.00s conv=0.00s add=0.05s train=0.35s
[t= 641.7s] rebel stream solves=204800 solves=352/s rows=2751/s balanced_rows=2750/s debt=328 rows steps=781 over=0 card=0 drop=0 L=0.00218 tgt=+0.008/0.160 cfg/b=21056 prep=0.09s gpu=0.00s conv=0.00s add=0.07s train=0.53s
[t= 651.7s] rebel stream solves=207872 solves=351/s rows=2746/s balanced_rows=2745/s debt=206 rows steps=793 over=0 card=0 drop=0 L=0.00200 tgt=+0.009/0.162 cfg/b=20969 prep=0.06s gpu=0.00s conv=0.00s add=0.08s train=0.37s
[t= 661.7s] rebel stream solves=210944 solves=351/s rows=2740/s balanced_rows=2740/s debt=48 rows steps=805 over=0 card=0 drop=0 L=0.00269 tgt=+0.012/0.157 cfg/b=20619 prep=0.07s gpu=0.00s conv=0.00s add=0.05s train=0.37s
[t= 671.8s] rebel stream solves=214016 solves=350/s rows=2735/s balanced_rows=2732/s debt=950 rows steps=816 over=0 card=0 drop=0 L=0.00268 tgt=+0.011/0.159 cfg/b=20480 prep=0.08s gpu=0.00s conv=0.00s add=0.05s train=0.36s
[t= 682.2s] rebel stream solves=218112 solves=351/s rows=2741/s balanced_rows=2739/s debt=764 rows steps=832 over=0 card=0 drop=0 L=0.00266 tgt=+0.010/0.159 cfg/b=20032 prep=0.11s gpu=0.00s conv=0.00s add=0.07s train=0.54s
[t= 692.3s] rebel stream solves=221184 solves=350/s rows=2736/s balanced_rows=2734/s debt=642 rows steps=844 over=0 card=0 drop=0 L=0.00248 tgt=+0.009/0.158 cfg/b=20085 prep=0.08s gpu=0.00s conv=0.00s add=0.06s train=0.41s
[t= 702.3s] rebel stream solves=225280 solves=351/s rows=2744/s balanced_rows=2742/s debt=418 rows steps=860 over=0 card=0 drop=0 L=0.00272 tgt=+0.006/0.161 cfg/b=19741 prep=0.08s gpu=0.00s conv=0.00s add=0.08s train=0.49s
[t= 712.3s] rebel stream solves=229376 solves=352/s rows=2751/s balanced_rows=2750/s debt=215 rows steps=876 over=0 card=0 drop=0 L=0.00364 tgt=+0.009/0.168 cfg/b=19746 prep=0.10s gpu=0.00s conv=0.00s add=0.07s train=0.50s
[t= 722.3s] rebel stream solves=233472 solves=353/s rows=2758/s balanced_rows=2755/s debt=1022 rows steps=891 over=0 card=0 drop=0 L=0.00413 tgt=+0.015/0.158 cfg/b=19222 prep=0.09s gpu=0.00s conv=0.00s add=0.08s train=0.46s
[t= 732.4s] rebel stream solves=238592 solves=355/s rows=2777/s balanced_rows=2775/s debt=808 rows steps=911 over=0 card=0 drop=0 L=0.00410 tgt=+0.011/0.167 cfg/b=19584 prep=0.11s gpu=0.00s conv=0.00s add=0.09s train=0.64s
[t= 742.4s] rebel stream solves=242688 solves=356/s rows=2784/s balanced_rows=2782/s debt=630 rows steps=927 over=0 card=0 drop=0 L=0.00429 tgt=+0.011/0.176 cfg/b=19152 prep=0.10s gpu=0.00s conv=0.00s add=0.08s train=0.54s
[t= 752.5s] rebel stream solves=247808 solves=358/s rows=2802/s balanced_rows=2801/s debt=280 rows steps=947 over=0 card=0 drop=0 L=0.00471 tgt=+0.006/0.181 cfg/b=19167 prep=0.09s gpu=0.00s conv=0.00s add=0.10s train=0.60s
[t= 762.5s] rebel stream solves=252928 solves=360/s rows=2819/s balanced_rows=2816/s debt=1017 rows steps=966 over=0 card=0 drop=0 L=0.00497 tgt=+0.007/0.170 cfg/b=18816 prep=0.11s gpu=0.00s conv=0.00s add=0.11s train=0.59s
[t= 772.5s] rebel stream solves=258048 solves=362/s rows=2836/s balanced_rows=2834/s debt=744 rows steps=986 over=0 card=0 drop=0 L=0.00542 tgt=+0.006/0.183 cfg/b=18728 prep=0.13s gpu=0.00s conv=0.00s add=0.13s train=0.64s
[t= 782.5s] rebel stream solves=264192 solves=366/s rows=2864/s balanced_rows=2863/s debt=342 rows steps=1010 over=0 card=0 drop=0 L=0.00564 tgt=+0.006/0.186 cfg/b=18714 prep=0.13s gpu=0.00s conv=0.00s add=0.12s train=0.72s
[t= 792.5s] rebel stream solves=270336 solves=369/s rows=2891/s balanced_rows=2888/s debt=872 rows steps=1033 over=0 card=0 drop=0 L=0.00638 tgt=+0.008/0.190 cfg/b=17839 prep=0.12s gpu=0.00s conv=0.00s add=0.13s train=0.69s
[t= 802.6s] rebel stream solves=276480 solves=372/s rows=2916/s balanced_rows=2915/s debt=312 rows steps=1057 over=0 card=0 drop=0 L=0.00757 tgt=+0.006/0.190 cfg/b=16708 prep=0.12s gpu=0.00s conv=0.00s add=0.13s train=0.81s
[t= 812.6s] rebel stream solves=282624 solves=376/s rows=2941/s balanced_rows=2939/s debt=790 rows steps=1080 over=0 card=0 drop=0 L=0.00742 tgt=+0.006/0.190 cfg/b=16246 prep=0.11s gpu=0.00s conv=0.00s add=0.14s train=0.67s
[t= 822.6s] rebel stream solves=289792 solves=380/s rows=2976/s balanced_rows=2976/s debt=156 rows steps=1108 over=0 card=0 drop=0 L=0.00855 tgt=+0.000/0.182 cfg/b=16670 prep=0.17s gpu=0.00s conv=0.00s add=0.19s train=0.86s
[t= 832.6s] rebel stream solves=296960 solves=384/s rows=3010/s balanced_rows=3009/s debt=561 rows steps=1135 over=0 card=0 drop=0 L=0.00977 tgt=-0.001/0.188 cfg/b=17544 prep=0.16s gpu=0.00s conv=0.00s add=0.18s train=0.81s
[t= 842.6s] rebel stream solves=304128 solves=389/s rows=3043/s balanced_rows=3041/s debt=934 rows steps=1162 over=0 card=0 drop=0 L=0.00986 tgt=+0.005/0.186 cfg/b=17542 prep=0.12s gpu=0.00s conv=0.00s add=0.15s train=0.77s
[t= 852.7s] rebel stream solves=312320 solves=394/s rows=3085/s balanced_rows=3085/s debt=132 rows steps=1194 over=0 card=0 drop=0 L=0.01057 tgt=+0.003/0.183 cfg/b=17255 prep=0.17s gpu=0.00s conv=0.00s add=0.22s train=0.97s
[t= 862.7s] rebel stream solves=319488 solves=398/s rows=3117/s balanced_rows=3115/s debt=568 rows steps=1221 over=0 card=0 drop=0 L=0.01102 tgt=-0.003/0.185 cfg/b=17408 prep=0.13s gpu=0.00s conv=0.00s add=0.20s train=0.79s
[t= 872.8s] rebel stream solves=325632 solves=401/s rows=3137/s balanced_rows=3137/s debt=47 rows steps=1245 over=0 card=0 drop=0 L=0.01108 tgt=-0.005/0.182 cfg/b=17528 prep=0.14s gpu=0.00s conv=0.00s add=0.18s train=0.76s
[t= 882.8s] rebel stream solves=333824 solves=406/s rows=3177/s balanced_rows=3176/s debt=382 rows steps=1276 over=0 card=0 drop=0 L=0.01083 tgt=-0.002/0.181 cfg/b=17878 prep=0.15s gpu=0.00s conv=0.00s add=0.27s train=0.91s
[t= 892.8s] rebel stream solves=340992 solves=409/s rows=3206/s balanced_rows=3204/s debt=790 rows steps=1303 over=0 card=0 drop=0 L=0.01183 tgt=-0.002/0.173 cfg/b=18113 prep=0.14s gpu=0.00s conv=0.00s add=0.21s train=0.80s
[t= 902.9s] rebel stream solves=349184 solves=414/s rows=3244/s balanced_rows=3244/s debt=258 rows steps=1335 over=0 card=0 drop=0 L=0.01065 tgt=-0.005/0.172 cfg/b=18222 prep=0.15s gpu=0.00s conv=0.00s add=0.25s train=0.91s
[t= 912.9s] rebel stream solves=355328 solves=417/s rows=3263/s balanced_rows=3261/s debt=746 rows steps=1358 over=0 card=0 drop=0 L=0.01085 tgt=-0.007/0.176 cfg/b=18515 prep=0.11s gpu=0.00s conv=0.01s add=0.19s train=0.67s
[t= 923.0s] rebel stream solves=362496 solves=420/s rows=3290/s balanced_rows=3289/s debt=308 rows steps=1386 over=0 card=0 drop=0 L=0.01023 tgt=-0.004/0.172 cfg/b=18883 prep=0.13s gpu=0.00s conv=0.01s add=0.22s train=0.80s
[t= 933.0s] rebel stream solves=368640 solves=422/s rows=3308/s balanced_rows=3306/s debt=920 rows steps=1409 over=0 card=0 drop=0 L=0.01020 tgt=-0.004/0.173 cfg/b=18982 prep=0.12s gpu=0.00s conv=0.00s add=0.19s train=0.69s
[t= 943.0s] rebel stream solves=374784 solves=424/s rows=3325/s balanced_rows=3324/s debt=514 rows steps=1433 over=0 card=0 drop=0 L=0.00965 tgt=-0.006/0.185 cfg/b=19144 prep=0.11s gpu=0.00s conv=0.00s add=0.17s train=0.67s
[t= 953.0s] rebel stream solves=380928 solves=427/s rows=3342/s balanced_rows=3342/s debt=118 rows steps=1457 over=0 card=0 drop=0 L=0.01051 tgt=-0.005/0.183 cfg/b=19397 prep=0.11s gpu=0.00s conv=0.01s add=0.19s train=0.70s
[t= 963.0s] rebel stream solves=387072 solves=429/s rows=3358/s balanced_rows=3357/s debt=785 rows steps=1480 over=0 card=0 drop=0 L=0.00976 tgt=-0.005/0.185 cfg/b=19862 prep=0.12s gpu=0.00s conv=0.01s add=0.19s train=0.69s
[t= 973.1s] rebel stream solves=392192 solves=430/s rows=3366/s balanced_rows=3365/s debt=484 rows steps=1500 over=0 card=0 drop=0 L=0.00975 tgt=-0.008/0.181 cfg/b=19544 prep=0.09s gpu=0.00s conv=0.01s add=0.17s train=0.58s
[t= 983.1s] rebel stream solves=397312 solves=430/s rows=3373/s balanced_rows=3372/s debt=225 rows steps=1520 over=0 card=0 drop=0 L=0.00993 tgt=-0.008/0.194 cfg/b=19648 prep=0.10s gpu=0.00s conv=0.01s add=0.18s train=0.57s
[t= 993.1s] rebel stream solves=403456 solves=432/s rows=3389/s balanced_rows=3387/s debt=885 rows steps=1543 over=0 card=0 drop=0 L=0.00994 tgt=-0.001/0.189 cfg/b=19908 prep=0.11s gpu=0.00s conv=0.00s add=0.17s train=0.65s
[t=1003.1s] rebel stream solves=408576 solves=433/s rows=3395/s balanced_rows=3394/s debt=598 rows steps=1563 over=0 card=0 drop=0 L=0.00904 tgt=-0.007/0.184 cfg/b=19959 prep=0.10s gpu=0.00s conv=0.01s add=0.17s train=0.61s
[t=1013.2s] rebel stream solves=413696 solves=434/s rows=3402/s balanced_rows=3401/s debt=346 rows steps=1583 over=0 card=0 drop=0 L=0.00927 tgt=-0.007/0.183 cfg/b=20243 prep=0.09s gpu=0.00s conv=0.00s add=0.18s train=0.57s
[t=1023.2s] rebel stream solves=418816 solves=435/s rows=3409/s balanced_rows=3409/s debt=118 rows steps=1603 over=0 card=0 drop=0 L=0.00834 tgt=-0.005/0.186 cfg/b=20113 prep=0.11s gpu=0.00s conv=0.00s add=0.19s train=0.62s
[t=1033.2s] rebel stream solves=423936 solves=436/s rows=3415/s balanced_rows=3413/s debt=894 rows steps=1622 over=0 card=0 drop=0 L=0.00830 tgt=-0.009/0.185 cfg/b=20350 prep=0.08s gpu=0.00s conv=0.00s add=0.18s train=0.47s
[t=1043.3s] rebel stream solves=428032 solves=435/s rows=3413/s balanced_rows=3412/s debt=663 rows steps=1638 over=0 card=0 drop=0 L=0.00899 tgt=-0.008/0.182 cfg/b=20672 prep=0.08s gpu=0.00s conv=0.00s add=0.12s train=0.46s
[t=1053.5s] rebel stream solves=433152 solves=436/s rows=3419/s balanced_rows=3418/s debt=372 rows steps=1658 over=0 card=0 drop=0 L=0.00858 tgt=-0.008/0.191 cfg/b=20665 prep=0.12s gpu=0.00s conv=0.00s add=0.17s train=0.59s
[t=1060.1s] --- snapshot snap_02.pt (s2) ---
[t=1063.5s] rebel stream solves=437248 solves=436/s rows=3417/s balanced_rows=3417/s debt=134 rows steps=1674 over=0 card=0 drop=0 L=0.00817 tgt=-0.008/0.191 cfg/b=20518 prep=0.09s gpu=0.00s conv=0.00s add=0.15s train=0.48s
[t=1065.1s] --- lr -> 2.50e-04 ---
[t=1073.5s] rebel stream solves=441344 solves=435/s rows=3415/s balanced_rows=3413/s debt=903 rows steps=1689 over=0 card=0 drop=0 L=0.00985 tgt=-0.012/0.196 cfg/b=20790 prep=0.07s gpu=0.00s conv=0.00s add=0.13s train=0.42s
[t=1083.5s] rebel stream solves=445440 solves=435/s rows=3413/s balanced_rows=3412/s debt=672 rows steps=1705 over=0 card=0 drop=0 L=0.00883 tgt=-0.017/0.207 cfg/b=21058 prep=0.08s gpu=0.00s conv=0.00s add=0.14s train=0.45s
[t=1093.6s] rebel stream solves=449536 solves=435/s rows=3411/s balanced_rows=3410/s debt=438 rows steps=1721 over=0 card=0 drop=0 L=0.00904 tgt=-0.012/0.196 cfg/b=20914 prep=0.10s gpu=0.00s conv=0.00s add=0.16s train=0.50s
[t=1103.6s] rebel stream solves=453632 solves=435/s rows=3409/s balanced_rows=3409/s debt=231 rows steps=1737 over=0 card=0 drop=0 L=0.00843 tgt=-0.018/0.204 cfg/b=21047 prep=0.08s gpu=0.00s conv=0.00s add=0.14s train=0.47s
[t=1113.6s] rebel stream solves=457728 solves=434/s rows=3408/s balanced_rows=3408/s debt=10 rows steps=1753 over=0 card=0 drop=0 L=0.00858 tgt=-0.015/0.206 cfg/b=20885 prep=0.07s gpu=0.00s conv=0.00s add=0.13s train=0.45s
[t=1123.6s] rebel stream solves=461824 solves=434/s rows=3406/s balanced_rows=3404/s debt=790 rows steps=1768 over=0 card=0 drop=0 L=0.00974 tgt=-0.013/0.199 cfg/b=20862 prep=0.10s gpu=0.00s conv=0.00s add=0.14s train=0.48s
[t=1133.7s] rebel stream solves=466944 solves=435/s rows=3412/s balanced_rows=3411/s debt=510 rows steps=1788 over=0 card=0 drop=0 L=0.00901 tgt=-0.019/0.209 cfg/b=21510 prep=0.09s gpu=0.00s conv=0.00s add=0.18s train=0.53s
[t=1143.7s] rebel stream solves=471040 solves=435/s rows=3410/s balanced_rows=3409/s debt=264 rows steps=1804 over=0 card=0 drop=0 L=0.00935 tgt=-0.013/0.202 cfg/b=21284 prep=0.11s gpu=0.00s conv=0.00s add=0.14s train=0.49s
[t=1153.8s] rebel stream solves=476160 solves=435/s rows=3415/s balanced_rows=3415/s debt=37 rows steps=1824 over=0 card=0 drop=0 L=0.00926 tgt=-0.015/0.217 cfg/b=21302 prep=0.08s gpu=0.00s conv=0.00s add=0.18s train=0.54s
[t=1163.9s] rebel stream solves=480256 solves=435/s rows=3413/s balanced_rows=3412/s debt=781 rows steps=1839 over=0 card=0 drop=0 L=0.00905 tgt=-0.009/0.214 cfg/b=21882 prep=0.07s gpu=0.00s conv=0.01s add=0.14s train=0.42s
[t=1173.9s] rebel stream solves=484352 solves=435/s rows=3412/s balanced_rows=3411/s debt=560 rows steps=1855 over=0 card=0 drop=0 L=0.00897 tgt=-0.013/0.217 cfg/b=21507 prep=0.11s gpu=0.00s conv=0.00s add=0.14s train=0.54s
[t=1184.0s] rebel stream solves=488448 solves=435/s rows=3410/s balanced_rows=3409/s debt=305 rows steps=1871 over=0 card=0 drop=0 L=0.00981 tgt=-0.015/0.217 cfg/b=21599 prep=0.07s gpu=0.00s conv=0.01s add=0.11s train=0.46s
[t=1194.1s] rebel stream solves=494592 solves=436/s rows=3422/s balanced_rows=3420/s debt=958 rows steps=1894 over=0 card=0 drop=0 L=0.00976 tgt=-0.017/0.221 cfg/b=21827 prep=0.10s gpu=0.00s conv=0.00s add=0.22s train=0.66s
[t=1204.2s] rebel stream solves=498688 solves=436/s rows=3420/s balanced_rows=3419/s debt=706 rows steps=1910 over=0 card=0 drop=0 L=0.00906 tgt=-0.016/0.221 cfg/b=21952 prep=0.07s gpu=0.00s conv=0.00s add=0.13s train=0.44s
[t=1214.2s] rebel stream solves=504832 solves=437/s rows=3432/s balanced_rows=3432/s debt=384 rows steps=1934 over=0 card=0 drop=0 L=0.00863 tgt=-0.012/0.230 cfg/b=21738 prep=0.09s gpu=0.00s conv=0.00s add=0.20s train=0.63s
[t=1224.2s] rebel stream solves=508928 solves=437/s rows=3431/s balanced_rows=3430/s debt=153 rows steps=1950 over=0 card=0 drop=0 L=0.00812 tgt=-0.009/0.214 cfg/b=22155 prep=0.10s gpu=0.00s conv=0.00s add=0.14s train=0.50s
[t=1234.4s] rebel stream solves=515072 solves=439/s rows=3442/s balanced_rows=3441/s debt=838 rows steps=1973 over=0 card=0 drop=0 L=0.00925 tgt=-0.006/0.217 cfg/b=22037 prep=0.15s gpu=0.00s conv=0.01s add=0.19s train=0.74s
[t=1244.4s] rebel stream solves=519168 solves=438/s rows=3440/s balanced_rows=3439/s debt=564 rows steps=1989 over=0 card=0 drop=0 L=0.00880 tgt=-0.011/0.218 cfg/b=22184 prep=0.10s gpu=0.00s conv=0.00s add=0.13s train=0.51s
[t=1254.4s] rebel stream solves=523264 solves=438/s rows=3439/s balanced_rows=3438/s debt=351 rows steps=2005 over=0 card=0 drop=0 L=0.00894 tgt=-0.014/0.228 cfg/b=22482 prep=0.08s gpu=0.00s conv=0.00s add=0.13s train=0.44s
[t=1264.5s] rebel stream solves=528384 solves=439/s rows=3443/s balanced_rows=3443/s debt=29 rows steps=2025 over=0 card=0 drop=0 L=0.00895 tgt=-0.012/0.226 cfg/b=22576 prep=0.09s gpu=0.00s conv=0.00s add=0.17s train=0.55s
[t=1274.5s] rebel stream solves=532480 solves=438/s rows=3441/s balanced_rows=3440/s debt=776 rows steps=2040 over=0 card=0 drop=0 L=0.00861 tgt=-0.014/0.227 cfg/b=22633 prep=0.09s gpu=0.00s conv=0.00s add=0.11s train=0.45s
[t=1284.5s] rebel stream solves=537600 solves=439/s rows=3446/s balanced_rows=3445/s debt=360 rows steps=2060 over=0 card=0 drop=0 L=0.00914 tgt=-0.010/0.235 cfg/b=22858 prep=0.12s gpu=0.00s conv=0.00s add=0.14s train=0.59s
[t=1294.5s] rebel stream solves=542720 solves=440/s rows=3450/s balanced_rows=3449/s debt=943 rows steps=2079 over=0 card=0 drop=0 L=0.01008 tgt=-0.017/0.234 cfg/b=22762 prep=0.10s gpu=0.00s conv=0.00s add=0.16s train=0.56s
[t=1304.6s] rebel stream solves=547840 solves=440/s rows=3455/s balanced_rows=3454/s debt=607 rows steps=2099 over=0 card=0 drop=0 L=0.00904 tgt=-0.015/0.230 cfg/b=22636 prep=0.11s gpu=0.00s conv=0.00s add=0.17s train=0.60s
[t=1314.6s] rebel stream solves=552960 solves=441/s rows=3460/s balanced_rows=3459/s debt=316 rows steps=2119 over=0 card=0 drop=0 L=0.00970 tgt=-0.015/0.231 cfg/b=22822 prep=0.10s gpu=0.00s conv=0.00s add=0.18s train=0.60s
[t=1324.6s] rebel stream solves=558080 solves=441/s rows=3464/s balanced_rows=3463/s debt=861 rows steps=2138 over=0 card=0 drop=0 L=0.00881 tgt=-0.012/0.233 cfg/b=23046 prep=0.08s gpu=0.00s conv=0.01s add=0.16s train=0.54s
[t=1334.6s] rebel stream solves=563200 solves=442/s rows=3468/s balanced_rows=3467/s debt=466 rows steps=2158 over=0 card=0 drop=0 L=0.00963 tgt=-0.009/0.220 cfg/b=22878 prep=0.10s gpu=0.00s conv=0.00s add=0.17s train=0.59s
[t=1344.6s] rebel stream solves=568320 solves=442/s rows=3472/s balanced_rows=3472/s debt=7 rows steps=2178 over=0 card=0 drop=0 L=0.00963 tgt=-0.010/0.233 cfg/b=23254 prep=0.10s gpu=0.00s conv=0.00s add=0.17s train=0.60s
[t=1354.6s] rebel stream solves=573440 solves=443/s rows=3477/s balanced_rows=3476/s debt=698 rows steps=2197 over=0 card=0 drop=0 L=0.00883 tgt=-0.015/0.236 cfg/b=23844 prep=0.09s gpu=0.00s conv=0.00s add=0.18s train=0.55s
[t=1364.7s] rebel stream solves=578560 solves=443/s rows=3481/s balanced_rows=3480/s debt=289 rows steps=2217 over=0 card=0 drop=0 L=0.00972 tgt=-0.011/0.224 cfg/b=23529 prep=0.09s gpu=0.00s conv=0.01s add=0.18s train=0.52s
[t=1374.7s] rebel stream solves=583680 solves=444/s rows=3485/s balanced_rows=3483/s debt=960 rows steps=2236 over=0 card=0 drop=0 L=0.00992 tgt=-0.008/0.221 cfg/b=24082 prep=0.09s gpu=0.00s conv=0.00s add=0.21s train=0.54s
[t=1384.7s] rebel stream solves=587776 solves=444/s rows=3483/s balanced_rows=3482/s debt=672 rows steps=2252 over=0 card=0 drop=0 L=0.00904 tgt=-0.008/0.228 cfg/b=23778 prep=0.07s gpu=0.00s conv=0.01s add=0.16s train=0.44s
[t=1394.7s] rebel stream solves=592896 solves=444/s rows=3487/s balanced_rows=3486/s debt=224 rows steps=2272 over=0 card=0 drop=0 L=0.00995 tgt=-0.013/0.231 cfg/b=24330 prep=0.09s gpu=0.00s conv=0.01s add=0.19s train=0.56s
[t=1404.8s] rebel stream solves=598016 solves=445/s rows=3490/s balanced_rows=3489/s debt=713 rows steps=2291 over=0 card=0 drop=0 L=0.00958 tgt=-0.014/0.234 cfg/b=24384 prep=0.10s gpu=0.00s conv=0.00s add=0.20s train=0.56s
[t=1414.8s] rebel stream solves=603136 solves=445/s rows=3494/s balanced_rows=3494/s debt=202 rows steps=2311 over=0 card=0 drop=0 L=0.00983 tgt=-0.015/0.232 cfg/b=24930 prep=0.09s gpu=0.00s conv=0.01s add=0.19s train=0.58s
[t=1424.8s] rebel stream solves=607232 solves=445/s rows=3492/s balanced_rows=3490/s debt=939 rows steps=2326 over=0 card=0 drop=0 L=0.00908 tgt=-0.014/0.230 cfg/b=24841 prep=0.07s gpu=0.00s conv=0.00s add=0.16s train=0.45s
[t=1434.8s] rebel stream solves=612352 solves=445/s rows=3495/s balanced_rows=3495/s debt=477 rows steps=2346 over=0 card=0 drop=0 L=0.00921 tgt=-0.012/0.231 cfg/b=25228 prep=0.10s gpu=0.00s conv=0.00s add=0.20s train=0.59s
[t=1444.9s] rebel stream solves=617472 solves=446/s rows=3499/s balanced_rows=3498/s debt=1000 rows steps=2365 over=0 card=0 drop=0 L=0.00978 tgt=-0.016/0.232 cfg/b=24791 prep=0.09s gpu=0.00s conv=0.00s add=0.20s train=0.54s
[t=1454.9s] rebel stream solves=621568 solves=446/s rows=3497/s balanced_rows=3496/s debt=636 rows steps=2381 over=0 card=0 drop=0 L=0.00941 tgt=-0.014/0.232 cfg/b=25739 prep=0.07s gpu=0.00s conv=0.00s add=0.13s train=0.45s
[t=1464.9s] rebel stream solves=626688 solves=446/s rows=3500/s balanced_rows=3500/s debt=185 rows steps=2401 over=0 card=0 drop=0 L=0.01032 tgt=-0.016/0.227 cfg/b=25558 prep=0.09s gpu=0.00s conv=0.01s add=0.19s train=0.60s
[t=1474.9s] rebel stream solves=631808 solves=447/s rows=3504/s balanced_rows=3503/s debt=908 rows steps=2420 over=0 card=0 drop=0 L=0.01010 tgt=-0.012/0.227 cfg/b=25976 prep=0.08s gpu=0.00s conv=0.01s add=0.17s train=0.52s
[t=1484.9s] rebel stream solves=636928 solves=447/s rows=3508/s balanced_rows=3507/s debt=551 rows steps=2440 over=0 card=0 drop=0 L=0.00992 tgt=-0.018/0.235 cfg/b=26152 prep=0.09s gpu=0.00s conv=0.00s add=0.21s train=0.56s
[t=1495.0s] rebel stream solves=642048 solves=447/s rows=3511/s balanced_rows=3511/s debt=264 rows steps=2460 over=0 card=0 drop=0 L=0.00935 tgt=-0.011/0.233 cfg/b=26158 prep=0.09s gpu=0.00s conv=0.00s add=0.20s train=0.58s
[t=1505.0s] rebel stream solves=648192 solves=449/s rows=3521/s balanced_rows=3519/s debt=970 rows steps=2483 over=0 card=0 drop=0 L=0.00957 tgt=-0.013/0.230 cfg/b=26400 prep=0.12s gpu=0.00s conv=0.01s add=0.21s train=0.67s
[t=1515.0s] rebel stream solves=652288 solves=448/s rows=3518/s balanced_rows=3517/s debt=735 rows steps=2499 over=0 card=0 drop=0 L=0.00914 tgt=-0.013/0.241 cfg/b=26964 prep=0.09s gpu=0.00s conv=0.01s add=0.13s train=0.47s
[t=1525.1s] rebel stream solves=657408 solves=449/s rows=3522/s balanced_rows=3521/s debt=340 rows steps=2519 over=0 card=0 drop=0 L=0.00933 tgt=-0.011/0.236 cfg/b=26934 prep=0.11s gpu=0.00s conv=0.00s add=0.22s train=0.61s
[t=1535.1s] rebel stream solves=662528 solves=449/s rows=3525/s balanced_rows=3525/s debt=80 rows steps=2539 over=0 card=0 drop=0 L=0.00938 tgt=-0.016/0.241 cfg/b=27122 prep=0.12s gpu=0.00s conv=0.00s add=0.20s train=0.58s
[t=1540.0s] --- stopping GPU admission; draining ---
[t=1545.1s] rebel stream solves=665600 solves=448/s rows=3518/s balanced_rows=3517/s debt=908 rows steps=2550 over=0 card=0 drop=0 L=0.00915 tgt=-0.018/0.246 cfg/b=26831 prep=0.05s gpu=0.00s conv=0.01s add=0.13s train=0.32s
[t=1553.6s] rebel stream solves=666328 solves=446/s rows=3502/s balanced_rows=3501/s debt=696 rows steps=2553 over=0 card=0 drop=0 L=0.01037 tgt=-0.014/0.238 cfg/b=26331 prep=0.01s gpu=0.00s conv=0.00s add=0.03s train=0.08s
[gpu-summary] solves=666328 rows=5229936 optimizer_rows=2614272 ratio=0.500 debt=696 solves=444.2/s rows=3486.7/s balanced_rows=3485.8/s over=0 card=0 exact=0 censored=4608 dropped=0 overrun=0.00s
[t=1560.0s] --- snapshot snap_03.pt (final) ---
[report] runs/warm-minutes26-warm_minutes1-s2/report.html
