[gpu] solve services up on [0, 1]
[cfg] PUBFEAT=897 CFEAT=16 hidden=384 head=384 dg=64 rank=64 depth=2 iters=64 budget=1800s warm=300s device=cuda:1 draft=random snapshot_every=6.0min train_gen_ratio=4.0 recent_mix=0.5/0.2 augment=True cap=2000000 matmul=high
[t=   2.3s] greedy ep  0 games=  96 dec= 19020 rows= 18171 horizon=0.30 nodecap=0 over=0 exact=0 drop=0 cfgs= 27.4 L=0.07847 P=nan old=0.01377 new=0.00388 tgt=-0.023/0.480 pstd=0.464 capv=0.040 lr=1.0e-03 gen=0.1s conv=0.0s add=0.1s train=2.1s sps=0
[t=   4.2s] greedy ep  1 games=  96 dec= 18777 rows= 17977 horizon=0.32 nodecap=0 over=0 exact=0 drop=0 cfgs= 26.6 L=0.03370 P=nan old=0.01328 new=0.00384 tgt=-0.059/0.493 pstd=0.480 capv=0.040 lr=1.0e-03 gen=0.1s conv=0.0s add=0.1s train=1.7s sps=0
[t=   5.9s] greedy ep  2 games=  96 dec= 18179 rows= 17397 horizon=0.26 nodecap=0 over=0 exact=0 drop=0 cfgs= 27.9 L=0.02943 P=nan old=0.00975 new=0.00375 tgt=-0.018/0.516 pstd=0.476 capv=0.040 lr=1.0e-03 gen=0.1s conv=0.0s add=0.1s train=1.6s sps=0
[t=   7.7s] greedy ep  3 games=  96 dec= 17876 rows= 17033 horizon=0.26 nodecap=0 over=0 exact=0 drop=0 cfgs= 26.4 L=0.02700 P=nan old=0.01129 new=0.00440 tgt=-0.027/0.498 pstd=0.470 capv=0.040 lr=1.0e-03 gen=0.1s conv=0.0s add=0.1s train=1.6s sps=0
[t=   9.6s] greedy ep  4 games=  96 dec= 19004 rows= 18249 horizon=0.31 nodecap=0 over=0 exact=0 drop=0 cfgs= 28.3 L=0.02301 P=nan old=0.00885 new=0.00439 tgt=-0.025/0.465 pstd=0.470 capv=0.040 lr=1.0e-03 gen=0.1s conv=0.0s add=0.1s train=1.7s sps=0
[t=  11.5s] greedy ep  5 games=  96 dec= 19345 rows= 18536 horizon=0.35 nodecap=0 over=0 exact=0 drop=0 cfgs= 26.4 L=0.02066 P=nan old=0.00952 new=0.00447 tgt=-0.026/0.492 pstd=0.471 capv=0.040 lr=1.0e-03 gen=0.1s conv=0.0s add=0.1s train=1.7s sps=0
[t=  13.2s] greedy ep  6 games=  96 dec= 17785 rows= 17102 horizon=0.28 nodecap=0 over=0 exact=0 drop=0 cfgs= 26.9 L=0.02247 P=nan old=0.01030 new=0.00673 tgt=-0.040/0.500 pstd=0.477 capv=0.040 lr=1.0e-03 gen=0.1s conv=0.0s add=0.1s train=1.6s sps=0
[t=  15.0s] greedy ep  7 games=  96 dec= 18319 rows= 17483 horizon=0.32 nodecap=0 over=0 exact=0 drop=0 cfgs= 27.7 L=0.02012 P=nan old=0.01029 new=0.00519 tgt=-0.059/0.503 pstd=0.480 capv=0.040 lr=1.0e-03 gen=0.1s conv=0.0s add=0.1s train=1.6s sps=0
[t=  16.9s] greedy ep  8 games=  96 dec= 18824 rows= 18083 horizon=0.34 nodecap=0 over=0 exact=0 drop=0 cfgs= 26.1 L=0.01816 P=nan old=0.01180 new=0.00627 tgt=-0.018/0.491 pstd=0.481 capv=0.040 lr=1.0e-03 gen=0.1s conv=0.0s add=0.1s train=1.7s sps=0
[t=  18.7s] greedy ep  9 games=  96 dec= 18100 rows= 17381 horizon=0.26 nodecap=0 over=0 exact=0 drop=0 cfgs= 26.3 L=0.01765 P=nan old=0.00983 new=0.00638 tgt=-0.043/0.522 pstd=0.473 capv=0.040 lr=1.0e-03 gen=0.1s conv=0.0s add=0.1s train=1.6s sps=0
[t=  20.4s] greedy ep 10 games=  96 dec= 17757 rows= 17029 horizon=0.23 nodecap=0 over=0 exact=0 drop=0 cfgs= 28.7 L=0.01892 P=nan old=0.01164 new=0.00825 tgt=-0.035/0.525 pstd=0.474 capv=0.040 lr=1.0e-03 gen=0.1s conv=0.0s add=0.1s train=1.6s sps=0
[t=  22.2s] greedy ep 11 games=  96 dec= 18043 rows= 17250 horizon=0.28 nodecap=0 over=0 exact=0 drop=0 cfgs= 27.7 L=0.01812 P=nan old=0.01211 new=0.00756 tgt=-0.047/0.493 pstd=0.474 capv=0.040 lr=1.0e-03 gen=0.1s conv=0.0s add=0.1s train=1.6s sps=0
[t=  24.0s] greedy ep 12 games=  96 dec= 17420 rows= 16700 horizon=0.25 nodecap=0 over=0 exact=0 drop=0 cfgs= 27.9 L=0.01929 P=nan old=0.01171 new=0.00713 tgt=-0.028/0.502 pstd=0.470 capv=0.040 lr=1.0e-03 gen=0.1s conv=0.0s add=0.1s train=1.5s sps=0
[t=  25.8s] greedy ep 13 games=  96 dec= 18339 rows= 17564 horizon=0.29 nodecap=0 over=0 exact=0 drop=0 cfgs= 27.2 L=0.01769 P=nan old=0.01313 new=0.00882 tgt=-0.034/0.497 pstd=0.484 capv=0.040 lr=1.0e-03 gen=0.1s conv=0.0s add=0.1s train=1.6s sps=0
[t=  27.5s] greedy ep 14 games=  96 dec= 17985 rows= 17266 horizon=0.25 nodecap=0 over=0 exact=0 drop=0 cfgs= 27.8 L=0.01834 P=nan old=0.01304 new=0.00740 tgt=-0.037/0.515 pstd=0.464 capv=0.040 lr=1.0e-03 gen=0.1s conv=0.0s add=0.1s train=1.6s sps=0
[t=  29.3s] greedy ep 15 games=  96 dec= 18309 rows= 17520 horizon=0.30 nodecap=0 over=0 exact=0 drop=0 cfgs= 26.8 L=0.01711 P=nan old=0.01391 new=0.00963 tgt=-0.021/0.493 pstd=0.465 capv=0.040 lr=1.0e-03 gen=0.1s conv=0.0s add=0.1s train=1.6s sps=0
[t=  31.2s] greedy ep 16 games=  96 dec= 19097 rows= 18291 horizon=0.33 nodecap=0 over=0 exact=0 drop=0 cfgs= 27.3 L=0.01756 P=nan old=0.01318 new=0.00857 tgt=+0.006/0.479 pstd=0.470 capv=0.040 lr=1.0e-03 gen=0.1s conv=0.0s add=0.1s train=1.7s sps=0
[t=  33.0s] greedy ep 17 games=  96 dec= 18142 rows= 17461 horizon=0.26 nodecap=0 over=0 exact=0 drop=0 cfgs= 27.3 L=0.01650 P=nan old=0.01292 new=0.00823 tgt=-0.054/0.518 pstd=0.474 capv=0.040 lr=1.0e-03 gen=0.1s conv=0.0s add=0.1s train=1.6s sps=0
[t=  34.8s] greedy ep 18 games=  96 dec= 17690 rows= 16896 horizon=0.22 nodecap=0 over=0 exact=0 drop=0 cfgs= 26.3 L=0.01753 P=nan old=0.01359 new=0.00784 tgt=-0.021/0.516 pstd=0.462 capv=0.040 lr=1.0e-03 gen=0.1s conv=0.0s add=0.1s train=1.6s sps=0
[t=  36.5s] greedy ep 19 games=  96 dec= 17806 rows= 17037 horizon=0.25 nodecap=0 over=0 exact=0 drop=0 cfgs= 27.5 L=0.01818 P=nan old=0.01360 new=0.00931 tgt=-0.059/0.527 pstd=0.459 capv=0.040 lr=1.0e-03 gen=0.1s conv=0.0s add=0.1s train=1.6s sps=0
[t=  38.3s] greedy ep 20 games=  96 dec= 17813 rows= 17128 horizon=0.28 nodecap=0 over=0 exact=0 drop=0 cfgs= 27.0 L=0.01690 P=nan old=0.01291 new=0.00853 tgt=-0.068/0.519 pstd=0.468 capv=0.040 lr=1.0e-03 gen=0.1s conv=0.0s add=0.1s train=1.6s sps=0
[t=  40.1s] greedy ep 21 games=  96 dec= 17800 rows= 17085 horizon=0.25 nodecap=0 over=0 exact=0 drop=0 cfgs= 28.0 L=0.01779 P=nan old=0.01579 new=0.00909 tgt=-0.054/0.513 pstd=0.457 capv=0.040 lr=1.0e-03 gen=0.1s conv=0.0s add=0.1s train=1.6s sps=0
[t=  41.9s] greedy ep 22 games=  96 dec= 18528 rows= 17771 horizon=0.31 nodecap=0 over=0 exact=0 drop=0 cfgs= 26.7 L=0.01535 P=nan old=0.01234 new=0.00831 tgt=-0.028/0.488 pstd=0.463 capv=0.040 lr=1.0e-03 gen=0.1s conv=0.0s add=0.1s train=1.6s sps=0
[t=  43.7s] greedy ep 23 games=  96 dec= 18486 rows= 17685 horizon=0.28 nodecap=0 over=0 exact=0 drop=0 cfgs= 25.6 L=0.01629 P=nan old=0.01270 new=0.00842 tgt=-0.008/0.478 pstd=0.475 capv=0.040 lr=1.0e-03 gen=0.1s conv=0.0s add=0.1s train=1.6s sps=0
[t=  45.6s] greedy ep 24 games=  96 dec= 19060 rows= 18394 horizon=0.35 nodecap=0 over=0 exact=0 drop=0 cfgs= 25.6 L=0.01662 P=nan old=0.01452 new=0.00928 tgt=-0.011/0.480 pstd=0.463 capv=0.040 lr=1.0e-03 gen=0.1s conv=0.0s add=0.1s train=1.7s sps=0
[t=  47.4s] greedy ep 25 games=  96 dec= 18086 rows= 17335 horizon=0.23 nodecap=0 over=0 exact=0 drop=0 cfgs= 27.3 L=0.01878 P=nan old=0.01382 new=0.01000 tgt=-0.026/0.520 pstd=0.471 capv=0.040 lr=1.0e-03 gen=0.1s conv=0.0s add=0.1s train=1.6s sps=0
[t=  49.3s] greedy ep 26 games=  96 dec= 19692 rows= 18851 horizon=0.33 nodecap=0 over=0 exact=0 drop=0 cfgs= 26.5 L=0.01656 P=nan old=0.01454 new=0.00976 tgt=-0.031/0.495 pstd=0.469 capv=0.040 lr=1.0e-03 gen=0.1s conv=0.0s add=0.1s train=1.8s sps=0
[t=  51.1s] greedy ep 27 games=  96 dec= 18267 rows= 17486 horizon=0.26 nodecap=0 over=0 exact=0 drop=0 cfgs= 28.3 L=0.01679 P=nan old=0.01598 new=0.00857 tgt=-0.023/0.486 pstd=0.468 capv=0.040 lr=1.0e-03 gen=0.1s conv=0.0s add=0.1s train=1.6s sps=0
[t=  52.9s] greedy ep 28 games=  96 dec= 19074 rows= 18289 horizon=0.30 nodecap=0 over=0 exact=0 drop=0 cfgs= 27.0 L=0.01727 P=nan old=0.01602 new=0.00930 tgt=-0.044/0.496 pstd=0.464 capv=0.040 lr=1.0e-03 gen=0.1s conv=0.0s add=0.1s train=1.7s sps=0
[t=  54.8s] greedy ep 29 games=  96 dec= 18686 rows= 17929 horizon=0.26 nodecap=0 over=0 exact=0 drop=0 cfgs= 28.4 L=0.01784 P=nan old=0.01382 new=0.01051 tgt=-0.052/0.512 pstd=0.462 capv=0.040 lr=1.0e-03 gen=0.1s conv=0.0s add=0.1s train=1.7s sps=0
[t=  56.7s] greedy ep 30 games=  96 dec= 19082 rows= 18260 horizon=0.30 nodecap=0 over=0 exact=0 drop=0 cfgs= 27.4 L=0.01821 P=nan old=0.01730 new=0.01052 tgt=-0.028/0.480 pstd=0.465 capv=0.040 lr=1.0e-03 gen=0.1s conv=0.0s add=0.1s train=1.7s sps=0
[t=  58.5s] greedy ep 31 games=  96 dec= 18482 rows= 17679 horizon=0.27 nodecap=0 over=0 exact=0 drop=0 cfgs= 28.1 L=0.01690 P=nan old=0.01377 new=0.00936 tgt=-0.042/0.504 pstd=0.458 capv=0.040 lr=1.0e-03 gen=0.1s conv=0.0s add=0.1s train=1.7s sps=0
[t=  60.4s] greedy ep 32 games=  96 dec= 18699 rows= 17926 horizon=0.32 nodecap=0 over=0 exact=0 drop=0 cfgs= 26.5 L=0.01612 P=nan old=0.01567 new=0.00918 tgt=-0.012/0.483 pstd=0.449 capv=0.040 lr=1.0e-03 gen=0.1s conv=0.0s add=0.1s train=1.7s sps=0
[t=  62.2s] greedy ep 33 games=  96 dec= 18814 rows= 17970 horizon=0.31 nodecap=0 over=0 exact=0 drop=0 cfgs= 27.4 L=0.01658 P=nan old=0.01479 new=0.01080 tgt=-0.000/0.514 pstd=0.463 capv=0.040 lr=1.0e-03 gen=0.1s conv=0.0s add=0.1s train=1.6s sps=0
[t=  64.1s] greedy ep 34 games=  96 dec= 18975 rows= 18126 horizon=0.32 nodecap=0 over=0 exact=0 drop=0 cfgs= 26.1 L=0.01653 P=nan old=0.01458 new=0.01127 tgt=+0.015/0.454 pstd=0.457 capv=0.040 lr=1.0e-03 gen=0.1s conv=0.0s add=0.1s train=1.7s sps=0
[t=  65.8s] greedy ep 35 games=  96 dec= 17981 rows= 17250 horizon=0.25 nodecap=0 over=0 exact=0 drop=0 cfgs= 27.3 L=0.01670 P=nan old=0.01621 new=0.00910 tgt=-0.035/0.521 pstd=0.447 capv=0.040 lr=1.0e-03 gen=0.1s conv=0.0s add=0.1s train=1.6s sps=0
[t=  67.7s] greedy ep 36 games=  96 dec= 19092 rows= 18239 horizon=0.28 nodecap=0 over=0 exact=0 drop=0 cfgs= 26.9 L=0.01760 P=nan old=0.01500 new=0.01058 tgt=-0.049/0.487 pstd=0.457 capv=0.040 lr=1.0e-03 gen=0.1s conv=0.0s add=0.1s train=1.7s sps=0
[t=  69.5s] greedy ep 37 games=  96 dec= 18212 rows= 17370 horizon=0.32 nodecap=0 over=0 exact=0 drop=0 cfgs= 27.9 L=0.01571 P=nan old=0.01432 new=0.01094 tgt=-0.034/0.532 pstd=0.473 capv=0.040 lr=1.0e-03 gen=0.1s conv=0.0s add=0.1s train=1.6s sps=0
[t=  71.4s] greedy ep 38 games=  96 dec= 19351 rows= 18505 horizon=0.33 nodecap=0 over=0 exact=0 drop=0 cfgs= 26.4 L=0.01724 P=nan old=0.01517 new=0.01054 tgt=-0.019/0.471 pstd=0.462 capv=0.040 lr=1.0e-03 gen=0.1s conv=0.0s add=0.1s train=1.7s sps=0
[t=  73.3s] greedy ep 39 games=  96 dec= 18608 rows= 17838 horizon=0.27 nodecap=0 over=0 exact=0 drop=0 cfgs= 27.1 L=0.01716 P=nan old=0.01522 new=0.01175 tgt=-0.038/0.510 pstd=0.476 capv=0.040 lr=1.0e-03 gen=0.1s conv=0.0s add=0.1s train=1.7s sps=0
[t=  75.2s] greedy ep 40 games=  96 dec= 18599 rows= 17855 horizon=0.32 nodecap=0 over=0 exact=0 drop=0 cfgs= 28.4 L=0.01679 P=nan old=0.01704 new=0.01095 tgt=+0.005/0.467 pstd=0.466 capv=0.040 lr=1.0e-03 gen=0.1s conv=0.0s add=0.1s train=1.7s sps=0
[t=  77.0s] greedy ep 41 games=  96 dec= 18879 rows= 18021 horizon=0.30 nodecap=0 over=0 exact=0 drop=0 cfgs= 28.3 L=0.01732 P=nan old=0.01736 new=0.01113 tgt=-0.041/0.500 pstd=0.474 capv=0.040 lr=1.0e-03 gen=0.1s conv=0.0s add=0.1s train=1.7s sps=0
[t=  78.9s] greedy ep 42 games=  96 dec= 18947 rows= 18147 horizon=0.34 nodecap=0 over=0 exact=0 drop=0 cfgs= 28.4 L=0.01710 P=nan old=0.01590 new=0.01020 tgt=-0.025/0.504 pstd=0.474 capv=0.040 lr=1.0e-03 gen=0.1s conv=0.0s add=0.1s train=1.7s sps=0
[t=  80.8s] greedy ep 43 games=  96 dec= 19299 rows= 18456 horizon=0.33 nodecap=0 over=0 exact=0 drop=0 cfgs= 26.1 L=0.01760 P=nan old=0.01506 new=0.01139 tgt=-0.062/0.468 pstd=0.474 capv=0.040 lr=1.0e-03 gen=0.1s conv=0.0s add=0.1s train=1.7s sps=0
[t=  82.6s] greedy ep 44 games=  96 dec= 18356 rows= 17540 horizon=0.27 nodecap=0 over=0 exact=0 drop=0 cfgs= 28.6 L=0.01648 P=nan old=0.01644 new=0.01084 tgt=-0.013/0.488 pstd=0.466 capv=0.040 lr=1.0e-03 gen=0.1s conv=0.0s add=0.1s train=1.6s sps=0
[t=  84.4s] greedy ep 45 games=  96 dec= 17718 rows= 17069 horizon=0.27 nodecap=0 over=0 exact=0 drop=0 cfgs= 28.9 L=0.01809 P=nan old=0.01732 new=0.01131 tgt=-0.085/0.518 pstd=0.479 capv=0.040 lr=1.0e-03 gen=0.1s conv=0.0s add=0.1s train=1.6s sps=0
[t=  86.2s] greedy ep 46 games=  96 dec= 18039 rows= 17287 horizon=0.28 nodecap=0 over=0 exact=0 drop=0 cfgs= 28.7 L=0.01775 P=nan old=0.01682 new=0.00989 tgt=-0.014/0.496 pstd=0.463 capv=0.040 lr=1.0e-03 gen=0.1s conv=0.0s add=0.1s train=1.6s sps=0
[t=  88.1s] greedy ep 47 games=  96 dec= 18992 rows= 18184 horizon=0.29 nodecap=0 over=0 exact=0 drop=0 cfgs= 27.2 L=0.01771 P=nan old=0.01585 new=0.01142 tgt=-0.022/0.475 pstd=0.469 capv=0.040 lr=1.0e-03 gen=0.1s conv=0.0s add=0.1s train=1.7s sps=0
[t=  89.9s] greedy ep 48 games=  96 dec= 18106 rows= 17409 horizon=0.29 nodecap=0 over=0 exact=0 drop=0 cfgs= 27.3 L=0.01711 P=nan old=0.01538 new=0.01117 tgt=-0.037/0.510 pstd=0.477 capv=0.040 lr=1.0e-03 gen=0.1s conv=0.0s add=0.1s train=1.6s sps=0
[t=  91.8s] greedy ep 49 games=  96 dec= 19697 rows= 18918 horizon=0.41 nodecap=0 over=0 exact=0 drop=0 cfgs= 25.9 L=0.01617 P=nan old=0.01660 new=0.01060 tgt=-0.000/0.452 pstd=0.477 capv=0.040 lr=1.0e-03 gen=0.1s conv=0.0s add=0.1s train=1.8s sps=0
[t=  93.5s] greedy ep 50 games=  96 dec= 17764 rows= 16989 horizon=0.24 nodecap=0 over=0 exact=0 drop=0 cfgs= 28.3 L=0.01724 P=nan old=0.01605 new=0.01112 tgt=-0.058/0.549 pstd=0.470 capv=0.040 lr=1.0e-03 gen=0.1s conv=0.0s add=0.1s train=1.6s sps=0
[t=  95.3s] greedy ep 51 games=  96 dec= 17871 rows= 17065 horizon=0.25 nodecap=0 over=0 exact=0 drop=0 cfgs= 28.4 L=0.01639 P=nan old=0.01584 new=0.00831 tgt=-0.026/0.525 pstd=0.464 capv=0.040 lr=1.0e-03 gen=0.1s conv=0.0s add=0.1s train=1.6s sps=0
[t=  97.2s] greedy ep 52 games=  96 dec= 18957 rows= 18241 horizon=0.34 nodecap=0 over=0 exact=0 drop=0 cfgs= 28.0 L=0.01660 P=nan old=0.01720 new=0.01055 tgt=-0.040/0.470 pstd=0.465 capv=0.040 lr=1.0e-03 gen=0.1s conv=0.0s add=0.1s train=1.7s sps=0
[t=  99.0s] greedy ep 53 games=  96 dec= 17594 rows= 16819 horizon=0.21 nodecap=0 over=0 exact=0 drop=0 cfgs= 28.1 L=0.01675 P=nan old=0.01865 new=0.01286 tgt=-0.032/0.511 pstd=0.468 capv=0.040 lr=1.0e-03 gen=0.1s conv=0.0s add=0.1s train=1.6s sps=0
[t= 100.7s] greedy ep 54 games=  96 dec= 17878 rows= 17181 horizon=0.24 nodecap=0 over=0 exact=0 drop=0 cfgs= 30.5 L=0.01736 P=nan old=0.01784 new=0.01192 tgt=-0.006/0.496 pstd=0.468 capv=0.040 lr=1.0e-03 gen=0.1s conv=0.0s add=0.1s train=1.6s sps=0
[t= 102.5s] greedy ep 55 games=  96 dec= 17837 rows= 16988 horizon=0.25 nodecap=0 over=0 exact=0 drop=0 cfgs= 27.0 L=0.01728 P=nan old=0.02010 new=0.01418 tgt=-0.005/0.470 pstd=0.472 capv=0.040 lr=1.0e-03 gen=0.1s conv=0.0s add=0.1s train=1.6s sps=0
[t= 104.4s] greedy ep 56 games=  96 dec= 18409 rows= 17611 horizon=0.27 nodecap=0 over=0 exact=0 drop=0 cfgs= 28.1 L=0.01749 P=nan old=0.01812 new=0.01226 tgt=-0.028/0.483 pstd=0.474 capv=0.040 lr=1.0e-03 gen=0.1s conv=0.0s add=0.1s train=1.7s sps=0
[t= 106.2s] greedy ep 57 games=  96 dec= 18651 rows= 17847 horizon=0.27 nodecap=0 over=0 exact=0 drop=0 cfgs= 26.4 L=0.01752 P=nan old=0.01793 new=0.01067 tgt=-0.015/0.515 pstd=0.457 capv=0.040 lr=1.0e-03 gen=0.1s conv=0.0s add=0.1s train=1.7s sps=0
[t= 108.1s] greedy ep 58 games=  96 dec= 19562 rows= 18696 horizon=0.35 nodecap=0 over=0 exact=0 drop=0 cfgs= 25.2 L=0.01698 P=nan old=0.01659 new=0.01169 tgt=-0.048/0.493 pstd=0.463 capv=0.040 lr=1.0e-03 gen=0.1s conv=0.0s add=0.1s train=1.8s sps=0
[t= 110.1s] greedy ep 59 games=  96 dec= 19397 rows= 18534 horizon=0.34 nodecap=0 over=0 exact=0 drop=0 cfgs= 25.2 L=0.01623 P=nan old=0.01633 new=0.00946 tgt=-0.046/0.466 pstd=0.454 capv=0.040 lr=1.0e-03 gen=0.1s conv=0.0s add=0.1s train=1.7s sps=0
[t= 111.9s] greedy ep 60 games=  96 dec= 18865 rows= 17960 horizon=0.31 nodecap=0 over=0 exact=0 drop=0 cfgs= 26.1 L=0.01609 P=nan old=0.01655 new=0.01055 tgt=-0.032/0.477 pstd=0.471 capv=0.040 lr=1.0e-03 gen=0.1s conv=0.0s add=0.1s train=1.6s sps=0
[t= 113.7s] greedy ep 61 games=  96 dec= 18309 rows= 17564 horizon=0.24 nodecap=0 over=0 exact=0 drop=0 cfgs= 29.6 L=0.01616 P=nan old=0.01582 new=0.01140 tgt=-0.007/0.527 pstd=0.454 capv=0.040 lr=1.0e-03 gen=0.1s conv=0.0s add=0.1s train=1.7s sps=0
[t= 115.6s] greedy ep 62 games=  96 dec= 18751 rows= 17895 horizon=0.29 nodecap=0 over=0 exact=0 drop=0 cfgs= 26.6 L=0.01663 P=nan old=0.01878 new=0.01415 tgt=-0.034/0.506 pstd=0.461 capv=0.040 lr=1.0e-03 gen=0.1s conv=0.0s add=0.1s train=1.7s sps=0
[t= 117.5s] greedy ep 63 games=  96 dec= 19579 rows= 18798 horizon=0.32 nodecap=0 over=0 exact=0 drop=0 cfgs= 26.5 L=0.01629 P=nan old=0.01621 new=0.01161 tgt=-0.007/0.477 pstd=0.468 capv=0.040 lr=1.0e-03 gen=0.1s conv=0.0s add=0.1s train=1.8s sps=0
[t= 119.3s] greedy ep 64 games=  96 dec= 18159 rows= 17393 horizon=0.27 nodecap=0 over=0 exact=0 drop=0 cfgs= 27.6 L=0.01637 P=nan old=0.01947 new=0.01147 tgt=-0.058/0.514 pstd=0.451 capv=0.040 lr=1.0e-03 gen=0.1s conv=0.0s add=0.1s train=1.6s sps=0
[t= 121.1s] greedy ep 65 games=  96 dec= 18155 rows= 17405 horizon=0.28 nodecap=0 over=0 exact=0 drop=0 cfgs= 30.4 L=0.01593 P=nan old=0.01619 new=0.01138 tgt=-0.026/0.503 pstd=0.469 capv=0.040 lr=1.0e-03 gen=0.1s conv=0.0s add=0.1s train=1.6s sps=0
[t= 122.9s] greedy ep 66 games=  96 dec= 18370 rows= 17668 horizon=0.30 nodecap=0 over=0 exact=0 drop=0 cfgs= 27.4 L=0.01666 P=nan old=0.01912 new=0.01409 tgt=-0.038/0.493 pstd=0.467 capv=0.040 lr=1.0e-03 gen=0.1s conv=0.0s add=0.1s train=1.7s sps=0
[t= 124.8s] greedy ep 67 games=  96 dec= 18765 rows= 17982 horizon=0.33 nodecap=0 over=0 exact=0 drop=0 cfgs= 28.7 L=0.01654 P=nan old=0.01602 new=0.01128 tgt=-0.023/0.513 pstd=0.463 capv=0.040 lr=1.0e-03 gen=0.1s conv=0.0s add=0.1s train=1.7s sps=0
[t= 126.6s] greedy ep 68 games=  96 dec= 18374 rows= 17494 horizon=0.26 nodecap=0 over=0 exact=0 drop=0 cfgs= 28.3 L=0.01667 P=nan old=0.01745 new=0.01049 tgt=-0.023/0.498 pstd=0.456 capv=0.040 lr=1.0e-03 gen=0.1s conv=0.0s add=0.1s train=1.6s sps=0
[t= 128.7s] greedy ep 69 games=  96 dec= 18297 rows= 17504 horizon=0.27 nodecap=0 over=0 exact=0 drop=0 cfgs= 27.7 L=0.01558 P=nan old=0.01728 new=0.01145 tgt=-0.056/0.516 pstd=0.464 capv=0.040 lr=1.0e-03 gen=0.1s conv=0.0s add=0.1s train=2.0s sps=0
[t= 130.9s] greedy ep 70 games=  96 dec= 18939 rows= 18157 horizon=0.34 nodecap=0 over=0 exact=0 drop=0 cfgs= 25.9 L=0.01669 P=nan old=0.01735 new=0.01272 tgt=-0.037/0.479 pstd=0.447 capv=0.040 lr=1.0e-03 gen=0.1s conv=0.0s add=0.1s train=2.0s sps=0
[t= 132.8s] greedy ep 71 games=  96 dec= 18073 rows= 17354 horizon=0.26 nodecap=0 over=0 exact=0 drop=0 cfgs= 29.8 L=0.01703 P=nan old=0.01764 new=0.01153 tgt=-0.025/0.513 pstd=0.451 capv=0.040 lr=1.0e-03 gen=0.1s conv=0.0s add=0.1s train=1.6s sps=0
[t= 134.7s] greedy ep 72 games=  96 dec= 19252 rows= 18480 horizon=0.35 nodecap=0 over=0 exact=0 drop=0 cfgs= 27.7 L=0.01531 P=nan old=0.01788 new=0.01005 tgt=-0.069/0.494 pstd=0.462 capv=0.040 lr=1.0e-03 gen=0.1s conv=0.0s add=0.1s train=1.7s sps=0
[t= 136.5s] greedy ep 73 games=  96 dec= 17654 rows= 16887 horizon=0.21 nodecap=0 over=0 exact=0 drop=0 cfgs= 27.9 L=0.01619 P=nan old=0.01724 new=0.01043 tgt=-0.039/0.521 pstd=0.464 capv=0.040 lr=1.0e-03 gen=0.1s conv=0.0s add=0.1s train=1.6s sps=0
[t= 138.4s] greedy ep 74 games=  96 dec= 18653 rows= 17839 horizon=0.28 nodecap=0 over=0 exact=0 drop=0 cfgs= 26.6 L=0.01614 P=nan old=0.01601 new=0.01260 tgt=-0.062/0.527 pstd=0.469 capv=0.040 lr=1.0e-03 gen=0.1s conv=0.0s add=0.1s train=1.7s sps=0
[t= 140.3s] greedy ep 75 games=  96 dec= 19581 rows= 18815 horizon=0.40 nodecap=0 over=0 exact=0 drop=0 cfgs= 24.2 L=0.01614 P=nan old=0.01646 new=0.01050 tgt=+0.011/0.466 pstd=0.477 capv=0.040 lr=1.0e-03 gen=0.1s conv=0.0s add=0.1s train=1.8s sps=0
[t= 142.2s] greedy ep 76 games=  96 dec= 18751 rows= 17915 horizon=0.24 nodecap=0 over=0 exact=0 drop=0 cfgs= 25.7 L=0.01708 P=nan old=0.01929 new=0.01134 tgt=-0.030/0.490 pstd=0.452 capv=0.040 lr=1.0e-03 gen=0.1s conv=0.0s add=0.1s train=1.7s sps=0
[t= 144.0s] greedy ep 77 games=  96 dec= 18346 rows= 17518 horizon=0.25 nodecap=0 over=0 exact=0 drop=0 cfgs= 27.1 L=0.01683 P=nan old=0.01643 new=0.01143 tgt=-0.053/0.521 pstd=0.455 capv=0.040 lr=1.0e-03 gen=0.1s conv=0.0s add=0.1s train=1.6s sps=0
[t= 145.8s] greedy ep 78 games=  96 dec= 17947 rows= 17157 horizon=0.25 nodecap=0 over=0 exact=0 drop=0 cfgs= 26.8 L=0.01629 P=nan old=0.01682 new=0.01175 tgt=-0.047/0.514 pstd=0.472 capv=0.040 lr=1.0e-03 gen=0.1s conv=0.0s add=0.1s train=1.6s sps=0
[t= 147.6s] greedy ep 79 games=  96 dec= 18509 rows= 17723 horizon=0.30 nodecap=0 over=0 exact=0 drop=0 cfgs= 28.3 L=0.01578 P=nan old=0.01610 new=0.01235 tgt=-0.004/0.488 pstd=0.461 capv=0.040 lr=1.0e-03 gen=0.1s conv=0.0s add=0.1s train=1.7s sps=0
[t= 149.4s] greedy ep 80 games=  96 dec= 18005 rows= 17281 horizon=0.26 nodecap=0 over=0 exact=0 drop=0 cfgs= 28.7 L=0.01594 P=nan old=0.01794 new=0.01186 tgt=-0.025/0.514 pstd=0.469 capv=0.040 lr=1.0e-03 gen=0.1s conv=0.0s add=0.1s train=1.6s sps=0
[t= 151.2s] greedy ep 81 games=  96 dec= 17458 rows= 16682 horizon=0.25 nodecap=0 over=0 exact=0 drop=0 cfgs= 28.7 L=0.01625 P=nan old=0.01633 new=0.01021 tgt=-0.024/0.534 pstd=0.454 capv=0.040 lr=1.0e-03 gen=0.1s conv=0.0s add=0.1s train=1.6s sps=0
[t= 153.0s] greedy ep 82 games=  96 dec= 17724 rows= 16956 horizon=0.25 nodecap=0 over=0 exact=0 drop=0 cfgs= 28.6 L=0.01616 P=nan old=0.01749 new=0.01249 tgt=-0.035/0.507 pstd=0.439 capv=0.040 lr=1.0e-03 gen=0.1s conv=0.0s add=0.1s train=1.6s sps=0
[t= 154.7s] greedy ep 83 games=  96 dec= 16961 rows= 16184 horizon=0.19 nodecap=0 over=0 exact=0 drop=0 cfgs= 30.2 L=0.01615 P=nan old=0.01988 new=0.01417 tgt=-0.027/0.537 pstd=0.452 capv=0.040 lr=1.0e-03 gen=0.1s conv=0.0s add=0.1s train=1.5s sps=0
[t= 156.6s] greedy ep 84 games=  96 dec= 19354 rows= 18540 horizon=0.39 nodecap=0 over=0 exact=0 drop=0 cfgs= 25.4 L=0.01580 P=nan old=0.01681 new=0.00963 tgt=-0.046/0.473 pstd=0.444 capv=0.040 lr=1.0e-03 gen=0.1s conv=0.0s add=0.1s train=1.7s sps=0
[t= 158.5s] greedy ep 85 games=  96 dec= 18656 rows= 17880 horizon=0.29 nodecap=0 over=0 exact=0 drop=0 cfgs= 27.6 L=0.01628 P=nan old=0.01845 new=0.01103 tgt=-0.043/0.499 pstd=0.435 capv=0.040 lr=1.0e-03 gen=0.1s conv=0.0s add=0.1s train=1.7s sps=0
[t= 160.3s] greedy ep 86 games=  96 dec= 18285 rows= 17486 horizon=0.26 nodecap=0 over=0 exact=0 drop=0 cfgs= 28.0 L=0.01678 P=nan old=0.01722 new=0.01105 tgt=-0.025/0.501 pstd=0.436 capv=0.040 lr=1.0e-03 gen=0.1s conv=0.0s add=0.1s train=1.6s sps=0
[t= 162.0s] greedy ep 87 games=  96 dec= 17389 rows= 16649 horizon=0.25 nodecap=0 over=0 exact=0 drop=0 cfgs= 28.5 L=0.01619 P=nan old=0.01651 new=0.01519 tgt=-0.037/0.504 pstd=0.430 capv=0.040 lr=1.0e-03 gen=0.1s conv=0.0s add=0.1s train=1.6s sps=0
[t= 163.9s] greedy ep 88 games=  96 dec= 18703 rows= 17828 horizon=0.27 nodecap=0 over=0 exact=0 drop=0 cfgs= 25.5 L=0.01615 P=nan old=0.01865 new=0.01282 tgt=-0.028/0.509 pstd=0.441 capv=0.040 lr=1.0e-03 gen=0.1s conv=0.0s add=0.1s train=1.7s sps=0
[t= 165.6s] greedy ep 89 games=  96 dec= 17445 rows= 16716 horizon=0.25 nodecap=0 over=0 exact=0 drop=0 cfgs= 28.9 L=0.01678 P=nan old=0.01741 new=0.01053 tgt=-0.056/0.523 pstd=0.445 capv=0.040 lr=1.0e-03 gen=0.1s conv=0.0s add=0.1s train=1.6s sps=0
[t= 167.5s] greedy ep 90 games=  96 dec= 18622 rows= 17824 horizon=0.30 nodecap=0 over=0 exact=0 drop=0 cfgs= 28.3 L=0.01563 P=nan old=0.01595 new=0.01085 tgt=-0.052/0.508 pstd=0.461 capv=0.040 lr=1.0e-03 gen=0.1s conv=0.0s add=0.1s train=1.7s sps=0
[t= 169.4s] greedy ep 91 games=  96 dec= 19065 rows= 18324 horizon=0.34 nodecap=0 over=0 exact=0 drop=0 cfgs= 26.2 L=0.01527 P=nan old=0.01499 new=0.01073 tgt=-0.025/0.461 pstd=0.453 capv=0.040 lr=1.0e-03 gen=0.1s conv=0.0s add=0.1s train=1.8s sps=0
[t= 171.3s] greedy ep 92 games=  96 dec= 18963 rows= 18229 horizon=0.31 nodecap=0 over=0 exact=0 drop=0 cfgs= 24.1 L=0.01563 P=nan old=0.01624 new=0.00902 tgt=-0.041/0.481 pstd=0.452 capv=0.040 lr=1.0e-03 gen=0.1s conv=0.0s add=0.1s train=1.7s sps=0
[t= 173.1s] greedy ep 93 games=  96 dec= 18277 rows= 17540 horizon=0.33 nodecap=0 over=0 exact=0 drop=0 cfgs= 26.8 L=0.01535 P=nan old=0.02064 new=0.01264 tgt=-0.073/0.495 pstd=0.446 capv=0.040 lr=1.0e-03 gen=0.1s conv=0.0s add=0.1s train=1.6s sps=0
[t= 175.0s] greedy ep 94 games=  96 dec= 18603 rows= 17822 horizon=0.32 nodecap=0 over=0 exact=0 drop=0 cfgs= 25.2 L=0.01588 P=nan old=0.01679 new=0.01041 tgt=-0.047/0.488 pstd=0.437 capv=0.040 lr=1.0e-03 gen=0.1s conv=0.0s add=0.1s train=1.7s sps=0
[t= 176.9s] greedy ep 95 games=  96 dec= 19081 rows= 18248 horizon=0.26 nodecap=0 over=0 exact=0 drop=0 cfgs= 27.4 L=0.01589 P=nan old=0.01557 new=0.01075 tgt=-0.044/0.504 pstd=0.464 capv=0.040 lr=1.0e-03 gen=0.1s conv=0.0s add=0.1s train=1.7s sps=0
[t= 178.7s] greedy ep 96 games=  96 dec= 17938 rows= 17156 horizon=0.24 nodecap=0 over=0 exact=0 drop=0 cfgs= 28.8 L=0.01574 P=nan old=0.01747 new=0.01398 tgt=-0.034/0.506 pstd=0.466 capv=0.040 lr=1.0e-03 gen=0.1s conv=0.0s add=0.1s train=1.6s sps=0
[t= 180.5s] greedy ep 97 games=  96 dec= 17223 rows= 16545 horizon=0.23 nodecap=0 over=0 exact=0 drop=0 cfgs= 27.7 L=0.01622 P=nan old=0.01679 new=0.01033 tgt=-0.036/0.520 pstd=0.467 capv=0.040 lr=1.0e-03 gen=0.1s conv=0.0s add=0.1s train=1.6s sps=0
[t= 182.3s] greedy ep 98 games=  96 dec= 18276 rows= 17527 horizon=0.31 nodecap=0 over=0 exact=0 drop=0 cfgs= 27.9 L=0.01555 P=nan old=0.01608 new=0.01104 tgt=-0.037/0.487 pstd=0.475 capv=0.040 lr=1.0e-03 gen=0.1s conv=0.0s add=0.1s train=1.7s sps=0
[t= 184.2s] greedy ep 99 games=  96 dec= 18883 rows= 18017 horizon=0.28 nodecap=0 over=0 exact=0 drop=0 cfgs= 26.9 L=0.01649 P=nan old=0.01592 new=0.01329 tgt=-0.005/0.487 pstd=0.454 capv=0.040 lr=1.0e-03 gen=0.1s conv=0.0s add=0.1s train=1.7s sps=0
[t= 186.0s] greedy ep100 games=  96 dec= 18125 rows= 17397 horizon=0.29 nodecap=0 over=0 exact=0 drop=0 cfgs= 28.4 L=0.01604 P=nan old=0.01656 new=0.01124 tgt=-0.037/0.513 pstd=0.465 capv=0.040 lr=1.0e-03 gen=0.1s conv=0.0s add=0.1s train=1.7s sps=0
[t= 187.9s] greedy ep101 games=  96 dec= 18105 rows= 17321 horizon=0.27 nodecap=0 over=0 exact=0 drop=0 cfgs= 28.4 L=0.01634 P=nan old=0.01750 new=0.01410 tgt=-0.041/0.507 pstd=0.468 capv=0.040 lr=1.0e-03 gen=0.1s conv=0.0s add=0.1s train=1.7s sps=0
[t= 189.7s] greedy ep102 games=  96 dec= 17331 rows= 16510 horizon=0.19 nodecap=0 over=0 exact=0 drop=0 cfgs= 28.9 L=0.01635 P=nan old=0.01790 new=0.01201 tgt=-0.068/0.530 pstd=0.473 capv=0.040 lr=1.0e-03 gen=0.1s conv=0.0s add=0.1s train=1.6s sps=0
[t= 191.7s] greedy ep103 games=  96 dec= 17633 rows= 16824 horizon=0.23 nodecap=0 over=0 exact=0 drop=0 cfgs= 26.9 L=0.01663 P=nan old=0.01779 new=0.01267 tgt=-0.065/0.514 pstd=0.453 capv=0.040 lr=1.0e-03 gen=0.1s conv=0.0s add=0.1s train=1.9s sps=0
[t= 193.9s] greedy ep104 games=  96 dec= 18563 rows= 17702 horizon=0.24 nodecap=0 over=0 exact=0 drop=0 cfgs= 27.6 L=0.01706 P=nan old=0.01746 new=0.01180 tgt=-0.027/0.505 pstd=0.466 capv=0.040 lr=1.0e-03 gen=0.1s conv=0.0s add=0.1s train=2.0s sps=0
[t= 196.1s] greedy ep105 games=  96 dec= 18582 rows= 17738 horizon=0.27 nodecap=0 over=0 exact=0 drop=0 cfgs= 27.1 L=0.01584 P=nan old=0.01704 new=0.01315 tgt=-0.034/0.514 pstd=0.461 capv=0.040 lr=1.0e-03 gen=0.1s conv=0.0s add=0.1s train=2.0s sps=0
[t= 198.2s] greedy ep106 games=  96 dec= 18088 rows= 17403 horizon=0.26 nodecap=0 over=0 exact=0 drop=0 cfgs= 27.4 L=0.01576 P=nan old=0.01663 new=0.01037 tgt=-0.052/0.503 pstd=0.456 capv=0.040 lr=1.0e-03 gen=0.1s conv=0.0s add=0.1s train=2.0s sps=0
[t= 200.4s] greedy ep107 games=  96 dec= 18041 rows= 17276 horizon=0.30 nodecap=0 over=0 exact=0 drop=0 cfgs= 27.1 L=0.01629 P=nan old=0.01766 new=0.01182 tgt=-0.053/0.485 pstd=0.467 capv=0.040 lr=1.0e-03 gen=0.1s conv=0.0s add=0.1s train=1.9s sps=0
[t= 202.5s] greedy ep108 games=  96 dec= 18150 rows= 17355 horizon=0.26 nodecap=0 over=0 exact=0 drop=0 cfgs= 27.5 L=0.01600 P=nan old=0.01671 new=0.01424 tgt=-0.008/0.496 pstd=0.470 capv=0.040 lr=1.0e-03 gen=0.1s conv=0.0s add=0.1s train=2.0s sps=0
[t= 204.6s] greedy ep109 games=  96 dec= 18283 rows= 17484 horizon=0.25 nodecap=0 over=0 exact=0 drop=0 cfgs= 27.7 L=0.01605 P=nan old=0.01677 new=0.01024 tgt=-0.026/0.495 pstd=0.482 capv=0.040 lr=1.0e-03 gen=0.1s conv=0.0s add=0.1s train=1.9s sps=0
[t= 206.7s] greedy ep110 games=  96 dec= 17390 rows= 16648 horizon=0.23 nodecap=0 over=0 exact=0 drop=0 cfgs= 25.7 L=0.01589 P=nan old=0.01489 new=0.01077 tgt=-0.053/0.529 pstd=0.477 capv=0.040 lr=1.0e-03 gen=0.1s conv=0.0s add=0.1s train=1.9s sps=0
[t= 208.9s] greedy ep111 games=  96 dec= 19431 rows= 18629 horizon=0.38 nodecap=0 over=0 exact=0 drop=0 cfgs= 26.4 L=0.01569 P=nan old=0.01817 new=0.01155 tgt=-0.035/0.475 pstd=0.456 capv=0.040 lr=1.0e-03 gen=0.1s conv=0.0s add=0.1s train=2.1s sps=0
[t= 211.1s] greedy ep112 games=  96 dec= 18006 rows= 17317 horizon=0.29 nodecap=0 over=0 exact=0 drop=0 cfgs= 26.2 L=0.01490 P=nan old=0.01615 new=0.01063 tgt=-0.006/0.487 pstd=0.444 capv=0.040 lr=1.0e-03 gen=0.1s conv=0.0s add=0.1s train=2.0s sps=0
[t= 213.2s] greedy ep113 games=  96 dec= 18270 rows= 17487 horizon=0.29 nodecap=0 over=0 exact=0 drop=0 cfgs= 26.4 L=0.01499 P=nan old=0.01663 new=0.01155 tgt=-0.031/0.524 pstd=0.448 capv=0.040 lr=1.0e-03 gen=0.1s conv=0.0s add=0.1s train=1.9s sps=0
[t= 215.3s] greedy ep114 games=  96 dec= 19126 rows= 18338 horizon=0.35 nodecap=0 over=0 exact=0 drop=0 cfgs= 26.4 L=0.01531 P=nan old=0.01599 new=0.01143 tgt=-0.045/0.492 pstd=0.443 capv=0.040 lr=1.0e-03 gen=0.1s conv=0.0s add=0.1s train=1.8s sps=0
[t= 217.0s] greedy ep115 games=  96 dec= 17661 rows= 16911 horizon=0.16 nodecap=0 over=0 exact=0 drop=0 cfgs= 28.4 L=0.01679 P=nan old=0.01705 new=0.01162 tgt=-0.005/0.519 pstd=0.429 capv=0.040 lr=1.0e-03 gen=0.1s conv=0.0s add=0.1s train=1.6s sps=0
[t= 218.9s] greedy ep116 games=  96 dec= 18378 rows= 17513 horizon=0.28 nodecap=0 over=0 exact=0 drop=0 cfgs= 29.8 L=0.01601 P=nan old=0.01702 new=0.01234 tgt=-0.016/0.485 pstd=0.425 capv=0.040 lr=1.0e-03 gen=0.1s conv=0.0s add=0.1s train=1.7s sps=0
[t= 220.7s] greedy ep117 games=  96 dec= 17969 rows= 17144 horizon=0.28 nodecap=0 over=0 exact=0 drop=0 cfgs= 26.2 L=0.01536 P=nan old=0.01580 new=0.01104 tgt=-0.027/0.511 pstd=0.426 capv=0.040 lr=1.0e-03 gen=0.1s conv=0.0s add=0.1s train=1.7s sps=0
[t= 222.7s] greedy ep118 games=  96 dec= 19031 rows= 18297 horizon=0.38 nodecap=0 over=0 exact=0 drop=0 cfgs= 28.1 L=0.01546 P=nan old=0.01664 new=0.01128 tgt=-0.095/0.498 pstd=0.408 capv=0.040 lr=1.0e-03 gen=0.1s conv=0.0s add=0.1s train=1.7s sps=0
[t= 224.4s] greedy ep119 games=  96 dec= 18724 rows= 17931 horizon=0.27 nodecap=0 over=0 exact=0 drop=0 cfgs= 26.8 L=0.01542 P=nan old=0.01666 new=0.01242 tgt=-0.051/0.498 pstd=0.413 capv=0.040 lr=1.0e-03 gen=0.1s conv=0.0s add=0.1s train=1.5s sps=0
[t= 225.7s] greedy ep120 games=  96 dec= 18952 rows= 18033 horizon=0.28 nodecap=0 over=0 exact=0 drop=0 cfgs= 25.5 L=0.01532 P=nan old=0.01507 new=0.01208 tgt=-0.039/0.480 pstd=0.412 capv=0.040 lr=1.0e-03 gen=0.1s conv=0.0s add=0.1s train=1.1s sps=0
[t= 227.5s] greedy ep121 games=  96 dec= 18610 rows= 17842 horizon=0.31 nodecap=0 over=0 exact=0 drop=0 cfgs= 26.4 L=0.01514 P=nan old=0.01728 new=0.01195 tgt=-0.010/0.467 pstd=0.407 capv=0.040 lr=1.0e-03 gen=0.1s conv=0.0s add=0.0s train=1.7s sps=0
[t= 229.4s] greedy ep122 games=  96 dec= 19327 rows= 18551 horizon=0.38 nodecap=0 over=0 exact=0 drop=0 cfgs= 26.0 L=0.01463 P=nan old=0.01503 new=0.00951 tgt=-0.032/0.468 pstd=0.391 capv=0.040 lr=1.0e-03 gen=0.1s conv=0.0s add=0.1s train=1.7s sps=0
[t= 231.3s] greedy ep123 games=  96 dec= 18773 rows= 17922 horizon=0.27 nodecap=0 over=0 exact=0 drop=0 cfgs= 27.1 L=0.01413 P=nan old=0.01433 new=0.01092 tgt=-0.018/0.516 pstd=0.388 capv=0.040 lr=1.0e-03 gen=0.1s conv=0.0s add=0.1s train=1.7s sps=0
[t= 233.2s] greedy ep124 games=  96 dec= 18792 rows= 17985 horizon=0.31 nodecap=0 over=0 exact=0 drop=0 cfgs= 28.7 L=0.01396 P=nan old=0.01702 new=0.00988 tgt=-0.053/0.492 pstd=0.402 capv=0.040 lr=1.0e-03 gen=0.1s conv=0.0s add=0.1s train=1.7s sps=0
[t= 235.2s] greedy ep125 games=  96 dec= 18881 rows= 18013 horizon=0.27 nodecap=0 over=0 exact=0 drop=0 cfgs= 26.8 L=0.01400 P=nan old=0.01660 new=0.00937 tgt=-0.011/0.486 pstd=0.397 capv=0.040 lr=1.0e-03 gen=0.1s conv=0.0s add=0.1s train=1.8s sps=0
[t= 237.4s] greedy ep126 games=  96 dec= 19520 rows= 18707 horizon=0.34 nodecap=0 over=0 exact=0 drop=0 cfgs= 27.0 L=0.01447 P=nan old=0.01569 new=0.00962 tgt=-0.016/0.480 pstd=0.392 capv=0.040 lr=1.0e-03 gen=0.1s conv=0.0s add=0.1s train=2.1s sps=0
[t= 239.5s] greedy ep127 games=  96 dec= 17220 rows= 16519 horizon=0.18 nodecap=0 over=0 exact=0 drop=0 cfgs= 30.1 L=0.01479 P=nan old=0.01445 new=0.01112 tgt=-0.010/0.537 pstd=0.386 capv=0.040 lr=1.0e-03 gen=0.1s conv=0.0s add=0.1s train=1.9s sps=0
[t= 241.7s] greedy ep128 games=  96 dec= 19220 rows= 18541 horizon=0.38 nodecap=0 over=0 exact=0 drop=0 cfgs= 25.2 L=0.01443 P=nan old=0.01684 new=0.01233 tgt=-0.043/0.470 pstd=0.401 capv=0.040 lr=1.0e-03 gen=0.1s conv=0.0s add=0.1s train=2.1s sps=0
[t= 243.9s] greedy ep129 games=  96 dec= 18267 rows= 17549 horizon=0.30 nodecap=0 over=0 exact=0 drop=0 cfgs= 26.8 L=0.01411 P=nan old=0.01590 new=0.01078 tgt=-0.018/0.469 pstd=0.413 capv=0.040 lr=1.0e-03 gen=0.1s conv=0.0s add=0.1s train=2.0s sps=0
[t= 246.0s] greedy ep130 games=  96 dec= 18111 rows= 17341 horizon=0.27 nodecap=0 over=0 exact=0 drop=0 cfgs= 28.1 L=0.01443 P=nan old=0.01368 new=0.01063 tgt=-0.048/0.487 pstd=0.390 capv=0.040 lr=1.0e-03 gen=0.1s conv=0.0s add=0.1s train=2.0s sps=0
[t= 248.1s] greedy ep131 games=  96 dec= 17369 rows= 16572 horizon=0.18 nodecap=0 over=0 exact=0 drop=0 cfgs= 28.7 L=0.01465 P=nan old=0.01442 new=0.01122 tgt=-0.047/0.529 pstd=0.387 capv=0.040 lr=1.0e-03 gen=0.1s conv=0.0s add=0.1s train=1.9s sps=0
[t= 250.3s] greedy ep132 games=  96 dec= 18942 rows= 18118 horizon=0.28 nodecap=0 over=0 exact=0 drop=0 cfgs= 25.9 L=0.01412 P=nan old=0.01380 new=0.01010 tgt=-0.025/0.490 pstd=0.395 capv=0.040 lr=1.0e-03 gen=0.1s conv=0.0s add=0.1s train=2.0s sps=0
[t= 252.4s] greedy ep133 games=  96 dec= 18303 rows= 17559 horizon=0.31 nodecap=0 over=0 exact=0 drop=0 cfgs= 28.8 L=0.01378 P=nan old=0.01385 new=0.00950 tgt=-0.065/0.522 pstd=0.395 capv=0.040 lr=1.0e-03 gen=0.1s conv=0.0s add=0.1s train=2.0s sps=0
[t= 254.4s] greedy ep134 games=  96 dec= 17224 rows= 16483 horizon=0.23 nodecap=0 over=0 exact=0 drop=0 cfgs= 27.3 L=0.01346 P=nan old=0.01474 new=0.00957 tgt=-0.008/0.505 pstd=0.374 capv=0.040 lr=1.0e-03 gen=0.1s conv=0.0s add=0.1s train=1.8s sps=0
[t= 256.5s] greedy ep135 games=  96 dec= 17667 rows= 16876 horizon=0.20 nodecap=0 over=0 exact=0 drop=0 cfgs= 28.8 L=0.01408 P=nan old=0.01490 new=0.01089 tgt=-0.045/0.534 pstd=0.369 capv=0.040 lr=1.0e-03 gen=0.1s conv=0.0s add=0.1s train=1.9s sps=0
[t= 258.6s] greedy ep136 games=  96 dec= 17728 rows= 16967 horizon=0.21 nodecap=0 over=0 exact=0 drop=0 cfgs= 30.7 L=0.01426 P=nan old=0.01653 new=0.01020 tgt=-0.055/0.531 pstd=0.384 capv=0.040 lr=1.0e-03 gen=0.1s conv=0.0s add=0.1s train=1.9s sps=0
[t= 260.8s] greedy ep137 games=  96 dec= 18877 rows= 18184 horizon=0.33 nodecap=0 over=0 exact=0 drop=0 cfgs= 25.5 L=0.01337 P=nan old=0.01623 new=0.01172 tgt=-0.049/0.496 pstd=0.385 capv=0.040 lr=1.0e-03 gen=0.1s conv=0.0s add=0.1s train=2.0s sps=0
[t= 263.0s] greedy ep138 games=  96 dec= 18602 rows= 17715 horizon=0.25 nodecap=0 over=0 exact=0 drop=0 cfgs= 29.2 L=0.01338 P=nan old=0.01408 new=0.00855 tgt=-0.009/0.503 pstd=0.382 capv=0.040 lr=1.0e-03 gen=0.1s conv=0.0s add=0.1s train=2.0s sps=0
[t= 265.3s] greedy ep139 games=  96 dec= 19305 rows= 18517 horizon=0.35 nodecap=0 over=0 exact=0 drop=0 cfgs= 26.5 L=0.01347 P=nan old=0.01343 new=0.00902 tgt=-0.025/0.475 pstd=0.381 capv=0.040 lr=1.0e-03 gen=0.1s conv=0.0s add=0.1s train=2.1s sps=0
[t= 267.4s] greedy ep140 games=  96 dec= 18226 rows= 17475 horizon=0.29 nodecap=0 over=0 exact=0 drop=0 cfgs= 27.6 L=0.01291 P=nan old=0.01383 new=0.00904 tgt=-0.066/0.504 pstd=0.395 capv=0.040 lr=1.0e-03 gen=0.1s conv=0.0s add=0.1s train=2.0s sps=0
[t= 269.6s] greedy ep141 games=  96 dec= 19035 rows= 18235 horizon=0.30 nodecap=0 over=0 exact=0 drop=0 cfgs= 26.1 L=0.01289 P=nan old=0.01388 new=0.00933 tgt=-0.002/0.470 pstd=0.383 capv=0.040 lr=1.0e-03 gen=0.1s conv=0.0s add=0.1s train=2.1s sps=0
[t= 271.8s] greedy ep142 games=  96 dec= 18470 rows= 17713 horizon=0.26 nodecap=0 over=0 exact=0 drop=0 cfgs= 26.3 L=0.01348 P=nan old=0.01393 new=0.00963 tgt=-0.063/0.516 pstd=0.386 capv=0.040 lr=1.0e-03 gen=0.1s conv=0.0s add=0.1s train=2.0s sps=0
[t= 273.9s] greedy ep143 games=  96 dec= 18596 rows= 17790 horizon=0.27 nodecap=0 over=0 exact=0 drop=0 cfgs= 25.5 L=0.01332 P=nan old=0.01308 new=0.00975 tgt=-0.021/0.508 pstd=0.383 capv=0.040 lr=1.0e-03 gen=0.1s conv=0.0s add=0.1s train=2.0s sps=0
[t= 275.5s] greedy ep144 games=  96 dec= 18889 rows= 18076 horizon=0.32 nodecap=0 over=0 exact=0 drop=0 cfgs= 28.6 L=0.01262 P=nan old=0.01308 new=0.00970 tgt=-0.053/0.496 pstd=0.382 capv=0.040 lr=1.0e-03 gen=0.1s conv=0.0s add=0.1s train=1.4s sps=0
[t= 276.7s] greedy ep145 games=  96 dec= 17677 rows= 16862 horizon=0.23 nodecap=0 over=0 exact=0 drop=0 cfgs= 29.6 L=0.01286 P=nan old=0.01477 new=0.00922 tgt=-0.032/0.506 pstd=0.387 capv=0.040 lr=1.0e-03 gen=0.1s conv=0.0s add=0.0s train=1.0s sps=0
[t= 277.9s] greedy ep146 games=  96 dec= 18448 rows= 17699 horizon=0.30 nodecap=0 over=0 exact=0 drop=0 cfgs= 26.6 L=0.01291 P=nan old=0.01339 new=0.00941 tgt=-0.013/0.485 pstd=0.367 capv=0.040 lr=1.0e-03 gen=0.1s conv=0.0s add=0.0s train=1.1s sps=0
[t= 279.1s] greedy ep147 games=  96 dec= 17426 rows= 16673 horizon=0.22 nodecap=0 over=0 exact=0 drop=0 cfgs= 29.1 L=0.01337 P=nan old=0.01427 new=0.00827 tgt=-0.043/0.511 pstd=0.364 capv=0.040 lr=1.0e-03 gen=0.1s conv=0.0s add=0.0s train=1.0s sps=0
[t= 280.3s] greedy ep148 games=  96 dec= 18915 rows= 18108 horizon=0.28 nodecap=0 over=0 exact=0 drop=0 cfgs= 25.8 L=0.01295 P=nan old=0.01348 new=0.00830 tgt=-0.035/0.534 pstd=0.362 capv=0.040 lr=1.0e-03 gen=0.1s conv=0.0s add=0.0s train=1.1s sps=0
[t= 281.6s] greedy ep149 games=  96 dec= 18639 rows= 17753 horizon=0.28 nodecap=0 over=0 exact=0 drop=0 cfgs= 26.8 L=0.01233 P=nan old=0.01142 new=0.00735 tgt=-0.005/0.479 pstd=0.369 capv=0.040 lr=1.0e-03 gen=0.1s conv=0.0s add=0.0s train=1.1s sps=0
[t= 282.8s] greedy ep150 games=  96 dec= 18776 rows= 18003 horizon=0.31 nodecap=0 over=0 exact=0 drop=0 cfgs= 27.7 L=0.01235 P=nan old=0.01340 new=0.00899 tgt=-0.036/0.491 pstd=0.364 capv=0.040 lr=1.0e-03 gen=0.1s conv=0.0s add=0.0s train=1.1s sps=0
[t= 284.1s] greedy ep151 games=  96 dec= 19367 rows= 18525 horizon=0.35 nodecap=0 over=0 exact=0 drop=0 cfgs= 26.8 L=0.01178 P=nan old=0.01332 new=0.01039 tgt=-0.055/0.486 pstd=0.361 capv=0.040 lr=1.0e-03 gen=0.1s conv=0.0s add=0.0s train=1.1s sps=0
[t= 285.3s] greedy ep152 games=  96 dec= 18370 rows= 17585 horizon=0.28 nodecap=0 over=0 exact=0 drop=0 cfgs= 27.0 L=0.01209 P=nan old=0.01246 new=0.00807 tgt=-0.042/0.519 pstd=0.367 capv=0.040 lr=1.0e-03 gen=0.1s conv=0.0s add=0.0s train=1.1s sps=0
[t= 286.6s] greedy ep153 games=  96 dec= 19458 rows= 18558 horizon=0.38 nodecap=0 over=0 exact=0 drop=0 cfgs= 26.1 L=0.01186 P=nan old=0.01210 new=0.00822 tgt=-0.021/0.493 pstd=0.353 capv=0.040 lr=1.0e-03 gen=0.1s conv=0.0s add=0.0s train=1.1s sps=0
[t= 287.8s] greedy ep154 games=  96 dec= 18177 rows= 17428 horizon=0.26 nodecap=0 over=0 exact=0 drop=0 cfgs= 27.6 L=0.01087 P=nan old=0.01224 new=0.00777 tgt=-0.029/0.515 pstd=0.366 capv=0.040 lr=1.0e-03 gen=0.1s conv=0.0s add=0.0s train=1.1s sps=0
[t= 289.0s] greedy ep155 games=  96 dec= 18096 rows= 17273 horizon=0.25 nodecap=0 over=0 exact=0 drop=0 cfgs= 27.5 L=0.01154 P=nan old=0.01122 new=0.00908 tgt=+0.008/0.500 pstd=0.356 capv=0.040 lr=1.0e-03 gen=0.1s conv=0.0s add=0.0s train=1.1s sps=0
[t= 290.7s] greedy ep156 games=  96 dec= 17280 rows= 16532 horizon=0.21 nodecap=0 over=0 exact=0 drop=0 cfgs= 27.2 L=0.01257 P=nan old=0.01376 new=0.00997 tgt=-0.013/0.519 pstd=0.347 capv=0.040 lr=1.0e-03 gen=0.1s conv=0.0s add=0.0s train=1.5s sps=0
[t= 292.3s] greedy ep157 games=  96 dec= 18516 rows= 17728 horizon=0.27 nodecap=0 over=0 exact=0 drop=0 cfgs= 28.6 L=0.01207 P=nan old=0.01250 new=0.00772 tgt=-0.034/0.505 pstd=0.358 capv=0.040 lr=1.0e-03 gen=0.1s conv=0.0s add=0.1s train=1.4s sps=0
[t= 293.5s] greedy ep158 games=  96 dec= 18809 rows= 18049 horizon=0.29 nodecap=0 over=0 exact=0 drop=0 cfgs= 27.2 L=0.01150 P=nan old=0.01096 new=0.00799 tgt=-0.057/0.504 pstd=0.345 capv=0.040 lr=1.0e-03 gen=0.1s conv=0.0s add=0.1s train=1.1s sps=0
[t= 294.7s] greedy ep159 games=  96 dec= 18025 rows= 17288 horizon=0.26 nodecap=0 over=0 exact=0 drop=0 cfgs= 27.3 L=0.01150 P=nan old=0.01207 new=0.00696 tgt=-0.048/0.530 pstd=0.341 capv=0.040 lr=1.0e-03 gen=0.1s conv=0.0s add=0.0s train=1.1s sps=0
[t= 295.9s] greedy ep160 games=  96 dec= 17543 rows= 16807 horizon=0.24 nodecap=0 over=0 exact=0 drop=0 cfgs= 28.6 L=0.01246 P=nan old=0.01162 new=0.00872 tgt=-0.038/0.505 pstd=0.333 capv=0.040 lr=1.0e-03 gen=0.1s conv=0.0s add=0.1s train=1.0s sps=0
[t= 297.2s] greedy ep161 games=  96 dec= 17549 rows= 16825 horizon=0.23 nodecap=0 over=0 exact=0 drop=0 cfgs= 30.4 L=0.01151 P=nan old=0.01263 new=0.00884 tgt=-0.055/0.541 pstd=0.341 capv=0.040 lr=1.0e-03 gen=0.1s conv=0.0s add=0.1s train=1.1s sps=0
[t= 299.1s] greedy ep162 games=  96 dec= 18822 rows= 17980 horizon=0.34 nodecap=0 over=0 exact=0 drop=0 cfgs= 28.1 L=0.01123 P=nan old=0.01172 new=0.00766 tgt=-0.041/0.489 pstd=0.354 capv=0.040 lr=1.0e-03 gen=0.1s conv=0.0s add=0.1s train=1.7s sps=0
[t= 300.9s] greedy ep163 games=  96 dec= 17871 rows= 17172 horizon=0.28 nodecap=0 over=0 exact=0 drop=0 cfgs= 27.8 L=0.01058 P=nan old=0.01259 new=0.00718 tgt=-0.053/0.502 pstd=0.341 capv=0.040 lr=1.0e-03 gen=0.1s conv=0.0s add=0.1s train=1.7s sps=0
[t= 300.9s] --- snapshot snap_00.pt (init) ---
[t= 300.9s] --- switching to ReBeL ---
v5 GEMM compute=fast-f16
[t= 311.0s] rebel stream solves=16384 raw=1624/s balanced=1624/s debt=0 rows steps=64 over=0 drop=0 L=0.02903 tgt=-0.004/0.272 cfg/b=43534 prep=2.28s gpu=0.00s conv=0.02s add=0.65s train=8.19s
[t= 321.3s] rebel stream solves=40960 raw=2009/s balanced=2009/s debt=0 rows steps=160 over=0 drop=0 L=0.00743 tgt=-0.007/0.239 cfg/b=51840 prep=2.65s gpu=0.00s conv=0.01s add=1.39s train=8.51s
[t= 331.6s] rebel stream solves=58368 raw=1901/s balanced=1901/s debt=0 rows steps=228 over=3 drop=0 L=0.00399 tgt=+0.000/0.241 cfg/b=29481 prep=1.95s gpu=0.00s conv=0.01s add=0.66s train=9.18s
[t= 341.7s] rebel stream solves=73728 raw=1809/s balanced=1809/s debt=0 rows steps=288 over=4 drop=0 L=0.00330 tgt=+0.003/0.251 cfg/b=28762 prep=1.43s gpu=0.00s conv=0.01s add=0.59s train=8.89s
[t= 352.1s] rebel stream solves=88064 raw=1720/s balanced=1720/s debt=0 rows steps=344 over=9 drop=0 L=0.00301 tgt=+0.010/0.260 cfg/b=23000 prep=2.06s gpu=0.00s conv=0.01s add=0.44s train=9.80s
[t= 363.1s] rebel stream solves=101376 raw=1632/s balanced=1632/s debt=0 rows steps=396 over=22 drop=0 L=0.00292 tgt=+0.015/0.277 cfg/b=20841 prep=2.18s gpu=0.00s conv=0.10s add=0.48s train=9.47s
[t= 373.4s] rebel stream solves=115712 raw=1597/s balanced=1597/s debt=0 rows steps=452 over=50 drop=0 L=0.00285 tgt=+0.034/0.295 cfg/b=19249 prep=2.79s gpu=0.00s conv=0.05s add=0.41s train=8.94s
[t= 383.5s] rebel stream solves=124928 raw=1513/s balanced=1513/s debt=0 rows steps=488 over=71 drop=0 L=0.00285 tgt=+0.039/0.310 cfg/b=17906 prep=2.08s gpu=0.00s conv=0.22s add=0.26s train=7.19s
[t= 393.5s] rebel stream solves=133120 raw=1438/s balanced=1438/s debt=0 rows steps=520 over=98 drop=0 L=0.00294 tgt=+0.052/0.317 cfg/b=17312 prep=0.86s gpu=0.00s conv=0.20s add=0.39s train=3.99s
[t= 403.5s] rebel stream solves=140288 raw=1367/s balanced=1367/s debt=0 rows steps=548 over=117 drop=0 L=0.00329 tgt=+0.057/0.320 cfg/b=16534 prep=0.57s gpu=0.00s conv=0.01s add=0.22s train=3.37s
[t= 413.6s] rebel stream solves=147456 raw=1309/s balanced=1309/s debt=0 rows steps=576 over=143 drop=0 L=0.00369 tgt=+0.070/0.332 cfg/b=16082 prep=0.89s gpu=0.00s conv=0.23s add=0.47s train=2.75s
[t= 423.6s] rebel stream solves=154624 raw=1261/s balanced=1261/s debt=0 rows steps=604 over=177 drop=0 L=0.00398 tgt=+0.093/0.343 cfg/b=16244 prep=0.79s gpu=0.00s conv=0.20s add=0.34s train=3.51s
[t= 433.8s] rebel stream solves=162816 raw=1226/s balanced=1226/s debt=0 rows steps=636 over=204 drop=0 L=0.00443 tgt=+0.071/0.342 cfg/b=15710 prep=0.68s gpu=0.00s conv=0.16s add=0.25s train=3.03s
[t= 443.9s] rebel stream solves=172032 raw=1203/s balanced=1203/s debt=0 rows steps=672 over=223 drop=0 L=0.00489 tgt=+0.081/0.336 cfg/b=15732 prep=0.94s gpu=0.00s conv=0.06s add=0.45s train=5.02s
[t= 454.1s] rebel stream solves=182272 raw=1190/s balanced=1190/s debt=0 rows steps=712 over=243 drop=0 L=0.00521 tgt=+0.068/0.332 cfg/b=15681 prep=0.78s gpu=0.00s conv=0.10s add=0.60s train=4.06s
[t= 464.4s] rebel stream solves=192512 raw=1178/s balanced=1178/s debt=0 rows steps=752 over=271 drop=0 L=0.00597 tgt=+0.068/0.346 cfg/b=15445 prep=1.30s gpu=0.00s conv=0.12s add=0.60s train=5.60s
[t= 474.9s] rebel stream solves=205824 raw=1183/s balanced=1183/s debt=0 rows steps=804 over=298 drop=0 L=0.00616 tgt=+0.058/0.331 cfg/b=15956 prep=1.97s gpu=0.00s conv=0.01s add=0.53s train=7.84s
[t= 485.3s] rebel stream solves=220160 raw=1194/s balanced=1194/s debt=0 rows steps=860 over=326 drop=0 L=0.00639 tgt=+0.061/0.329 cfg/b=15745 prep=1.26s gpu=0.00s conv=0.09s add=0.70s train=6.17s
[t= 495.3s] rebel stream solves=231424 raw=1191/s balanced=1191/s debt=0 rows steps=904 over=348 drop=0 L=0.00644 tgt=+0.044/0.312 cfg/b=15843 prep=1.39s gpu=0.00s conv=0.06s add=0.51s train=4.61s
[t= 505.3s] rebel stream solves=243712 raw=1192/s balanced=1192/s debt=0 rows steps=952 over=377 drop=0 L=0.00659 tgt=+0.041/0.314 cfg/b=16021 prep=0.96s gpu=0.00s conv=0.18s add=0.67s train=5.96s
[t= 515.4s] rebel stream solves=256000 raw=1194/s balanced=1194/s debt=0 rows steps=1000 over=395 drop=0 L=0.00691 tgt=+0.044/0.317 cfg/b=15980 prep=1.18s gpu=0.00s conv=0.08s add=0.55s train=5.97s
[t= 525.4s] rebel stream solves=267264 raw=1191/s balanced=1191/s debt=0 rows steps=1044 over=418 drop=0 L=0.00719 tgt=+0.036/0.308 cfg/b=16373 prep=1.11s gpu=0.00s conv=0.06s add=0.73s train=4.66s
[t= 535.5s] rebel stream solves=279552 raw=1192/s balanced=1192/s debt=0 rows steps=1092 over=447 drop=0 L=0.00719 tgt=+0.034/0.301 cfg/b=15026 prep=1.22s gpu=0.00s conv=0.01s add=0.47s train=6.01s
[t= 546.0s] rebel stream solves=290816 raw=1187/s balanced=1187/s debt=0 rows steps=1136 over=461 drop=0 L=0.00741 tgt=+0.025/0.290 cfg/b=15369 prep=0.85s gpu=0.00s conv=0.04s add=0.59s train=3.50s
[t= 556.0s] rebel stream solves=301056 raw=1180/s balanced=1180/s debt=0 rows steps=1176 over=479 drop=0 L=0.00734 tgt=+0.025/0.287 cfg/b=15594 prep=1.13s gpu=0.00s conv=0.06s add=0.49s train=5.89s
[t= 566.5s] rebel stream solves=312320 raw=1176/s balanced=1176/s debt=0 rows steps=1220 over=505 drop=0 L=0.00749 tgt=+0.020/0.286 cfg/b=15721 prep=1.19s gpu=0.00s conv=0.03s add=0.39s train=5.68s
[t= 576.6s] rebel stream solves=322560 raw=1170/s balanced=1170/s debt=0 rows steps=1260 over=527 drop=0 L=0.00756 tgt=+0.023/0.282 cfg/b=15859 prep=1.39s gpu=0.00s conv=0.01s add=0.42s train=5.35s
[t= 586.8s] rebel stream solves=332800 raw=1164/s balanced=1164/s debt=0 rows steps=1300 over=548 drop=0 L=0.00759 tgt=+0.009/0.297 cfg/b=16265 prep=1.45s gpu=0.00s conv=0.01s add=0.38s train=5.15s
[t= 596.9s] rebel stream solves=344064 raw=1163/s balanced=1163/s debt=0 rows steps=1344 over=571 drop=0 L=0.00764 tgt=+0.007/0.285 cfg/b=16639 prep=1.18s gpu=0.00s conv=0.01s add=0.54s train=5.51s
[t= 606.9s] rebel stream solves=355328 raw=1161/s balanced=1161/s debt=0 rows steps=1388 over=591 drop=0 L=0.00803 tgt=+0.010/0.279 cfg/b=17029 prep=1.75s gpu=0.00s conv=0.04s add=0.49s train=6.32s
[t= 616.9s] rebel stream solves=366592 raw=1160/s balanced=1160/s debt=0 rows steps=1432 over=619 drop=0 L=0.00822 tgt=+0.005/0.285 cfg/b=17498 prep=2.18s gpu=0.00s conv=0.04s add=0.69s train=7.81s
[t= 627.4s] rebel stream solves=378880 raw=1161/s balanced=1161/s debt=0 rows steps=1480 over=633 drop=0 L=0.00823 tgt=+0.006/0.268 cfg/b=18319 prep=1.55s gpu=0.00s conv=0.21s add=0.88s train=6.51s
[t= 637.4s] rebel stream solves=389120 raw=1157/s balanced=1157/s debt=0 rows steps=1520 over=649 drop=0 L=0.00878 tgt=+0.010/0.281 cfg/b=18791 prep=1.77s gpu=0.00s conv=0.17s add=0.51s train=6.31s
[t= 647.4s] rebel stream solves=399360 raw=1153/s balanced=1153/s debt=0 rows steps=1560 over=664 drop=0 L=0.00832 tgt=+0.004/0.277 cfg/b=19405 prep=1.98s gpu=0.00s conv=0.06s add=0.46s train=6.06s
[t= 657.4s] rebel stream solves=408576 raw=1146/s balanced=1146/s debt=0 rows steps=1596 over=681 drop=0 L=0.00842 tgt=+0.004/0.268 cfg/b=19682 prep=1.88s gpu=0.00s conv=0.01s add=0.43s train=5.14s
[t= 661.3s] --- snapshot snap_01.pt (s1) ---
[t= 668.0s] rebel stream solves=418816 raw=1141/s balanced=1141/s debt=0 rows steps=1636 over=695 drop=0 L=0.00891 tgt=+0.005/0.277 cfg/b=20494 prep=2.03s gpu=0.00s conv=0.01s add=0.46s train=6.74s
[t= 678.0s] rebel stream solves=429056 raw=1138/s balanced=1138/s debt=0 rows steps=1676 over=715 drop=0 L=0.00843 tgt=+0.008/0.269 cfg/b=21253 prep=0.88s gpu=0.00s conv=0.01s add=0.51s train=6.20s
[t= 688.4s] rebel stream solves=440320 raw=1136/s balanced=1136/s debt=0 rows steps=1720 over=729 drop=0 L=0.00893 tgt=-0.002/0.283 cfg/b=21661 prep=1.43s gpu=0.00s conv=0.01s add=0.47s train=6.30s
[t= 698.9s] rebel stream solves=450560 raw=1132/s balanced=1132/s debt=0 rows steps=1760 over=740 drop=0 L=0.00829 tgt=-0.006/0.286 cfg/b=22501 prep=1.43s gpu=0.00s conv=0.08s add=0.52s train=6.13s
[t= 708.9s] rebel stream solves=459776 raw=1127/s balanced=1127/s debt=0 rows steps=1796 over=748 drop=0 L=0.00880 tgt=-0.005/0.273 cfg/b=23175 prep=1.57s gpu=0.00s conv=0.04s add=0.40s train=6.44s
[t= 719.9s] rebel stream solves=470016 raw=1122/s balanced=1122/s debt=0 rows steps=1836 over=764 drop=0 L=0.00901 tgt=-0.004/0.276 cfg/b=23660 prep=1.32s gpu=0.00s conv=0.07s add=0.56s train=6.11s
[t= 729.9s] rebel stream solves=480256 raw=1120/s balanced=1120/s debt=0 rows steps=1876 over=776 drop=0 L=0.00903 tgt=-0.010/0.277 cfg/b=24070 prep=1.42s gpu=0.00s conv=0.01s add=0.48s train=6.17s
[t= 739.9s] rebel stream solves=490496 raw=1117/s balanced=1117/s debt=0 rows steps=1916 over=784 drop=0 L=0.00943 tgt=+0.000/0.274 cfg/b=24679 prep=1.35s gpu=0.00s conv=0.19s add=0.43s train=5.88s
[t= 750.5s] rebel stream solves=500736 raw=1114/s balanced=1114/s debt=0 rows steps=1956 over=794 drop=0 L=0.00898 tgt=-0.007/0.275 cfg/b=25422 prep=2.17s gpu=0.00s conv=0.09s add=0.66s train=6.58s
[t= 761.0s] rebel stream solves=510976 raw=1111/s balanced=1111/s debt=0 rows steps=1996 over=804 drop=0 L=0.00915 tgt=-0.006/0.274 cfg/b=25587 prep=1.34s gpu=0.00s conv=0.04s add=0.45s train=6.16s
[t= 771.6s] rebel stream solves=521216 raw=1107/s balanced=1107/s debt=0 rows steps=2036 over=809 drop=0 L=0.00954 tgt=-0.014/0.272 cfg/b=26304 prep=2.10s gpu=0.00s conv=0.05s add=0.49s train=7.14s
[t= 782.0s] rebel stream solves=530432 raw=1103/s balanced=1103/s debt=0 rows steps=2072 over=819 drop=0 L=0.00905 tgt=-0.010/0.265 cfg/b=26889 prep=1.32s gpu=0.00s conv=0.06s add=0.45s train=5.15s
[t= 792.0s] rebel stream solves=538624 raw=1097/s balanced=1097/s debt=0 rows steps=2104 over=826 drop=0 L=0.00943 tgt=-0.000/0.272 cfg/b=27375 prep=1.64s gpu=0.00s conv=0.01s add=0.49s train=4.44s
[t= 795.9s] --- lr -> 5.00e-04 ---
[t= 802.0s] rebel stream solves=543744 raw=1085/s balanced=1085/s debt=0 rows steps=2124 over=835 drop=0 L=0.00967 tgt=-0.014/0.266 cfg/b=28228 prep=0.64s gpu=0.00s conv=0.01s add=0.30s train=2.09s
[t= 812.0s] rebel stream solves=551936 raw=1080/s balanced=1080/s debt=0 rows steps=2156 over=842 drop=0 L=0.00938 tgt=-0.009/0.269 cfg/b=28988 prep=1.28s gpu=0.00s conv=0.05s add=0.50s train=5.61s
[t= 822.5s] rebel stream solves=560128 raw=1074/s balanced=1074/s debt=0 rows steps=2188 over=853 drop=0 L=0.00932 tgt=-0.017/0.273 cfg/b=29905 prep=1.97s gpu=0.00s conv=0.01s add=0.43s train=4.79s
[t= 832.6s] rebel stream solves=570368 raw=1073/s balanced=1073/s debt=0 rows steps=2228 over=859 drop=0 L=0.00899 tgt=-0.023/0.279 cfg/b=30477 prep=1.77s gpu=0.00s conv=0.02s add=0.54s train=6.28s
[t= 842.6s] rebel stream solves=579584 raw=1070/s balanced=1070/s debt=0 rows steps=2264 over=868 drop=0 L=0.00922 tgt=-0.026/0.283 cfg/b=31355 prep=1.72s gpu=0.00s conv=0.01s add=0.50s train=5.94s
[t= 852.6s] rebel stream solves=587776 raw=1065/s balanced=1065/s debt=0 rows steps=2296 over=879 drop=0 L=0.00923 tgt=-0.038/0.287 cfg/b=31926 prep=1.78s gpu=0.00s conv=0.01s add=0.49s train=5.00s
[t= 863.3s] rebel stream solves=595968 raw=1060/s balanced=1060/s debt=0 rows steps=2328 over=887 drop=0 L=0.00927 tgt=-0.032/0.295 cfg/b=32728 prep=1.13s gpu=0.00s conv=0.02s add=0.41s train=5.37s
[t= 873.7s] rebel stream solves=605184 raw=1057/s balanced=1057/s debt=0 rows steps=2364 over=900 drop=0 L=0.00947 tgt=-0.038/0.300 cfg/b=33179 prep=1.39s gpu=0.00s conv=0.01s add=0.51s train=5.87s
[t= 883.8s] rebel stream solves=614400 raw=1054/s balanced=1054/s debt=0 rows steps=2400 over=906 drop=0 L=0.00923 tgt=-0.043/0.297 cfg/b=33371 prep=2.00s gpu=0.00s conv=0.02s add=0.54s train=4.95s
[t= 893.8s] rebel stream solves=622592 raw=1050/s balanced=1050/s debt=0 rows steps=2432 over=913 drop=0 L=0.00969 tgt=-0.035/0.290 cfg/b=34155 prep=1.25s gpu=0.00s conv=0.06s add=0.44s train=5.43s
[t= 904.6s] rebel stream solves=631808 raw=1047/s balanced=1047/s debt=0 rows steps=2468 over=923 drop=0 L=0.00930 tgt=-0.035/0.296 cfg/b=34821 prep=1.25s gpu=0.00s conv=0.01s add=0.68s train=6.75s
[t= 915.3s] rebel stream solves=640000 raw=1042/s balanced=1042/s debt=0 rows steps=2500 over=936 drop=0 L=0.00894 tgt=-0.031/0.295 cfg/b=35115 prep=1.79s gpu=0.00s conv=0.01s add=0.52s train=4.98s
[t= 925.3s] rebel stream solves=647168 raw=1036/s balanced=1036/s debt=0 rows steps=2528 over=941 drop=0 L=0.00961 tgt=-0.027/0.296 cfg/b=35295 prep=1.23s gpu=0.00s conv=0.01s add=0.38s train=4.50s
[t= 935.8s] rebel stream solves=656384 raw=1034/s balanced=1034/s debt=0 rows steps=2564 over=949 drop=0 L=0.00947 tgt=-0.019/0.289 cfg/b=35242 prep=1.85s gpu=0.00s conv=0.10s add=0.52s train=6.56s
[t= 946.3s] rebel stream solves=665600 raw=1031/s balanced=1031/s debt=0 rows steps=2600 over=960 drop=0 L=0.00933 tgt=-0.023/0.291 cfg/b=35166 prep=1.61s gpu=0.00s conv=0.01s add=0.57s train=7.33s
[t= 956.4s] rebel stream solves=674816 raw=1030/s balanced=1030/s debt=0 rows steps=2636 over=968 drop=0 L=0.00953 tgt=-0.027/0.290 cfg/b=35258 prep=1.40s gpu=0.00s conv=0.01s add=0.51s train=5.40s
[t= 966.4s] rebel stream solves=683008 raw=1026/s balanced=1026/s debt=0 rows steps=2668 over=979 drop=0 L=0.00966 tgt=-0.024/0.291 cfg/b=35708 prep=1.73s gpu=0.00s conv=0.01s add=0.48s train=6.27s
[t= 976.4s] rebel stream solves=691200 raw=1023/s balanced=1023/s debt=0 rows steps=2700 over=980 drop=0 L=0.00975 tgt=-0.030/0.292 cfg/b=35690 prep=0.85s gpu=0.00s conv=0.01s add=0.58s train=4.06s
[t= 986.4s] rebel stream solves=699392 raw=1020/s balanced=1020/s debt=0 rows steps=2732 over=987 drop=0 L=0.01020 tgt=-0.031/0.292 cfg/b=36357 prep=1.42s gpu=0.00s conv=0.05s add=0.53s train=5.79s
[t= 996.4s] rebel stream solves=706560 raw=1016/s balanced=1016/s debt=0 rows steps=2760 over=991 drop=0 L=0.01050 tgt=-0.023/0.296 cfg/b=35716 prep=0.94s gpu=0.00s conv=0.01s add=0.48s train=4.64s
[t=1007.0s] rebel stream solves=713728 raw=1011/s balanced=1011/s debt=0 rows steps=2788 over=1000 drop=0 L=0.01057 tgt=-0.030/0.296 cfg/b=36813 prep=2.16s gpu=0.00s conv=0.01s add=0.40s train=5.63s
[t=1017.5s] rebel stream solves=721920 raw=1007/s balanced=1007/s debt=0 rows steps=2820 over=1006 drop=0 L=0.01017 tgt=-0.031/0.297 cfg/b=36853 prep=1.20s gpu=0.00s conv=0.18s add=0.43s train=4.13s
[t=1021.6s] --- snapshot snap_02.pt (s2) ---
[t=1027.9s] rebel stream solves=730112 raw=1004/s balanced=1004/s debt=0 rows steps=2852 over=1020 drop=0 L=0.00972 tgt=-0.035/0.304 cfg/b=37635 prep=1.33s gpu=0.00s conv=0.03s add=0.45s train=5.74s
[t=1038.0s] rebel stream solves=738304 raw=1002/s balanced=1002/s debt=0 rows steps=2884 over=1026 drop=0 L=0.01016 tgt=-0.029/0.305 cfg/b=37397 prep=0.99s gpu=0.00s conv=0.05s add=0.44s train=4.82s
[t=1048.9s] rebel stream solves=746496 raw=998/s balanced=998/s debt=0 rows steps=2916 over=1035 drop=0 L=0.01038 tgt=-0.029/0.304 cfg/b=38102 prep=2.05s gpu=0.00s conv=0.10s add=0.51s train=6.48s
[t=1058.9s] rebel stream solves=754688 raw=996/s balanced=996/s debt=0 rows steps=2948 over=1047 drop=0 L=0.01062 tgt=-0.038/0.319 cfg/b=38349 prep=1.05s gpu=0.00s conv=0.01s add=0.70s train=5.93s
[t=1069.1s] rebel stream solves=762880 raw=993/s balanced=993/s debt=0 rows steps=2980 over=1059 drop=0 L=0.00999 tgt=-0.040/0.309 cfg/b=38882 prep=2.63s gpu=0.00s conv=0.01s add=0.43s train=7.72s
[t=1079.8s] rebel stream solves=772096 raw=991/s balanced=991/s debt=0 rows steps=3016 over=1065 drop=0 L=0.01043 tgt=-0.038/0.307 cfg/b=38629 prep=1.88s gpu=0.00s conv=0.01s add=0.54s train=6.65s
[t=1090.1s] rebel stream solves=781312 raw=990/s balanced=990/s debt=0 rows steps=3052 over=1069 drop=0 L=0.01045 tgt=-0.032/0.313 cfg/b=39476 prep=2.17s gpu=0.00s conv=0.03s add=0.55s train=6.37s
[t=1100.7s] rebel stream solves=790528 raw=988/s balanced=988/s debt=0 rows steps=3088 over=1076 drop=0 L=0.01043 tgt=-0.027/0.308 cfg/b=39580 prep=1.16s gpu=0.00s conv=0.01s add=0.54s train=6.24s
[t=1110.8s] rebel stream solves=799744 raw=988/s balanced=988/s debt=0 rows steps=3124 over=1080 drop=0 L=0.00991 tgt=-0.037/0.325 cfg/b=38983 prep=2.32s gpu=0.00s conv=0.01s add=0.50s train=6.78s
[t=1120.9s] rebel stream solves=807936 raw=985/s balanced=985/s debt=0 rows steps=3156 over=1089 drop=0 L=0.00992 tgt=-0.046/0.331 cfg/b=39447 prep=1.69s gpu=0.00s conv=0.10s add=0.45s train=5.86s
[t=1131.5s] rebel stream solves=816128 raw=983/s balanced=983/s debt=0 rows steps=3188 over=1097 drop=0 L=0.00987 tgt=-0.036/0.326 cfg/b=39958 prep=2.23s gpu=0.00s conv=0.01s add=0.47s train=6.46s
[t=1141.5s] rebel stream solves=824320 raw=981/s balanced=981/s debt=0 rows steps=3220 over=1107 drop=0 L=0.01006 tgt=-0.039/0.326 cfg/b=39826 prep=2.11s gpu=0.00s conv=0.01s add=0.74s train=6.30s
[t=1151.9s] rebel stream solves=832512 raw=978/s balanced=978/s debt=0 rows steps=3252 over=1111 drop=0 L=0.01050 tgt=-0.035/0.330 cfg/b=39926 prep=2.13s gpu=0.00s conv=0.01s add=0.43s train=7.22s
[t=1161.9s] rebel stream solves=840704 raw=976/s balanced=976/s debt=0 rows steps=3284 over=1118 drop=0 L=0.01048 tgt=-0.032/0.326 cfg/b=39269 prep=1.30s gpu=0.00s conv=0.02s add=0.46s train=5.55s
[t=1172.8s] rebel stream solves=848896 raw=974/s balanced=974/s debt=0 rows steps=3316 over=1128 drop=0 L=0.00986 tgt=-0.031/0.328 cfg/b=38899 prep=1.58s gpu=0.00s conv=0.01s add=0.52s train=7.06s
[t=1183.3s] rebel stream solves=858112 raw=973/s balanced=973/s debt=0 rows steps=3352 over=1135 drop=0 L=0.01005 tgt=-0.025/0.328 cfg/b=39239 prep=2.11s gpu=0.00s conv=0.02s add=0.56s train=6.60s
[t=1193.3s] rebel stream solves=867328 raw=972/s balanced=972/s debt=0 rows steps=3388 over=1139 drop=0 L=0.01029 tgt=-0.027/0.333 cfg/b=39106 prep=1.80s gpu=0.00s conv=0.02s add=0.55s train=7.16s
[t=1203.7s] rebel stream solves=876544 raw=971/s balanced=971/s debt=0 rows steps=3424 over=1146 drop=0 L=0.01014 tgt=-0.028/0.333 cfg/b=38847 prep=2.67s gpu=0.00s conv=0.01s add=0.50s train=8.12s
[t=1213.8s] rebel stream solves=884736 raw=969/s balanced=969/s debt=0 rows steps=3456 over=1151 drop=0 L=0.01026 tgt=-0.030/0.336 cfg/b=39640 prep=2.20s gpu=0.00s conv=0.01s add=0.65s train=6.62s
[t=1224.2s] rebel stream solves=893952 raw=968/s balanced=968/s debt=0 rows steps=3492 over=1152 drop=0 L=0.01041 tgt=-0.040/0.336 cfg/b=39260 prep=2.82s gpu=0.00s conv=0.01s add=0.50s train=8.02s
[t=1234.2s] rebel stream solves=903168 raw=968/s balanced=968/s debt=0 rows steps=3528 over=1157 drop=0 L=0.01007 tgt=-0.041/0.336 cfg/b=39455 prep=1.12s gpu=0.00s conv=0.01s add=0.57s train=5.95s
[t=1245.0s] rebel stream solves=912384 raw=966/s balanced=966/s debt=0 rows steps=3564 over=1161 drop=0 L=0.01082 tgt=-0.039/0.346 cfg/b=39326 prep=2.52s gpu=0.00s conv=0.01s add=0.53s train=6.85s
[t=1255.2s] rebel stream solves=921600 raw=966/s balanced=966/s debt=0 rows steps=3600 over=1168 drop=0 L=0.01047 tgt=-0.039/0.339 cfg/b=38914 prep=2.59s gpu=0.00s conv=0.01s add=0.79s train=7.19s
Traceback (most recent call last):
  File "/workspace/warchest-v5/train/train.py", line 1227, in <module>
    main()
  File "/workspace/warchest-v5/train/train.py", line 1013, in main
    run_gpu_stream()
  File "/workspace/warchest-v5/train/train.py", line 866, in run_gpu_stream
    data = gen.next(timeout=0.05)
           ^^^^^^^^^^^^^^^^^^^^^^
RuntimeError: GPU stream solve failed: wave arena allocation (1073741824 elements): DriverError(CUDA_ERROR_OUT_OF_MEMORY, "out of memory")
