[train] CUDA stream priority -1
[gpu] solve services up on [0, 1]
[cfg] PUBFEAT=897 CFEAT=16 hidden=384 head=384 dg=64 rank=64 depth=2 iters=64 budget=1500s warm=300s device=cuda:1 draft=random snapshots=3 (every 6.7min) train_gen_ratio=4.0 recent_mix=0.5/0.2 augment=True cap=2000000 matmul=high
[t=   2.2s] greedy ep  0 games=  96 dec= 17508 rows= 16732 horizon=0.22 nodecap=0 over=0 card=0 exact=0 drop=0 cfgs= 27.7 L=0.04139 P=nan old=0.00807 new=0.00317 tgt=-0.015/0.527 pstd=0.531 capv=0.040 lr=1.0e-03 gen=0.1s conv=0.0s add=0.0s train=2.0s sps=0
[t=   4.2s] greedy ep  1 games=  96 dec= 18918 rows= 18083 horizon=0.33 nodecap=0 over=0 card=0 exact=0 drop=0 cfgs= 27.2 L=0.02862 P=nan old=0.00846 new=0.00289 tgt=-0.054/0.477 pstd=0.533 capv=0.040 lr=1.0e-03 gen=0.1s conv=0.0s add=0.1s train=1.7s sps=0
[t=   6.1s] greedy ep  2 games=  96 dec= 18810 rows= 18041 horizon=0.34 nodecap=0 over=0 card=0 exact=0 drop=0 cfgs= 27.8 L=0.02905 P=nan old=0.01129 new=0.00385 tgt=-0.064/0.516 pstd=0.519 capv=0.040 lr=1.0e-03 gen=0.1s conv=0.0s add=0.1s train=1.7s sps=0
[t=   8.0s] greedy ep  3 games=  96 dec= 18611 rows= 17843 horizon=0.27 nodecap=0 over=0 card=0 exact=0 drop=0 cfgs= 28.3 L=0.02446 P=nan old=0.01110 new=0.00475 tgt=-0.025/0.492 pstd=0.527 capv=0.040 lr=1.0e-03 gen=0.1s conv=0.0s add=0.1s train=1.7s sps=0
[t=   9.9s] greedy ep  4 games=  96 dec= 18611 rows= 17845 horizon=0.31 nodecap=0 over=0 card=0 exact=0 drop=0 cfgs= 27.3 L=0.02146 P=nan old=0.00982 new=0.00480 tgt=-0.025/0.492 pstd=0.531 capv=0.040 lr=1.0e-03 gen=0.1s conv=0.0s add=0.1s train=1.7s sps=0
[t=  11.9s] greedy ep  5 games=  96 dec= 19536 rows= 18696 horizon=0.40 nodecap=0 over=0 card=0 exact=0 drop=0 cfgs= 25.4 L=0.02207 P=nan old=0.00909 new=0.00477 tgt=-0.020/0.458 pstd=0.536 capv=0.040 lr=1.0e-03 gen=0.1s conv=0.0s add=0.1s train=1.8s sps=0
[t=  13.9s] greedy ep  6 games=  96 dec= 18626 rows= 17813 horizon=0.32 nodecap=0 over=0 card=0 exact=0 drop=0 cfgs= 27.2 L=0.01961 P=nan old=0.00952 new=0.00612 tgt=-0.090/0.540 pstd=0.543 capv=0.040 lr=1.0e-03 gen=0.1s conv=0.0s add=0.1s train=1.7s sps=0
[t=  15.8s] greedy ep  7 games=  96 dec= 18665 rows= 17883 horizon=0.28 nodecap=0 over=0 card=0 exact=0 drop=0 cfgs= 26.0 L=0.01942 P=nan old=0.00880 new=0.00554 tgt=-0.021/0.493 pstd=0.535 capv=0.040 lr=1.0e-03 gen=0.1s conv=0.0s add=0.1s train=1.8s sps=0
[t=  17.7s] greedy ep  8 games=  96 dec= 18040 rows= 17290 horizon=0.27 nodecap=0 over=0 card=0 exact=0 drop=0 cfgs= 26.6 L=0.01818 P=nan old=0.00981 new=0.00565 tgt=-0.034/0.500 pstd=0.532 capv=0.040 lr=1.0e-03 gen=0.1s conv=0.0s add=0.1s train=1.7s sps=0
[t=  19.6s] greedy ep  9 games=  96 dec= 18232 rows= 17394 horizon=0.30 nodecap=0 over=0 card=0 exact=0 drop=0 cfgs= 27.2 L=0.01642 P=nan old=0.00881 new=0.00597 tgt=-0.018/0.515 pstd=0.527 capv=0.040 lr=1.0e-03 gen=0.1s conv=0.0s add=0.1s train=1.7s sps=0
[t=  21.5s] greedy ep 10 games=  96 dec= 18496 rows= 17766 horizon=0.29 nodecap=0 over=0 card=0 exact=0 drop=0 cfgs= 27.7 L=0.01584 P=nan old=0.01033 new=0.00550 tgt=-0.031/0.492 pstd=0.524 capv=0.040 lr=1.0e-03 gen=0.1s conv=0.0s add=0.1s train=1.7s sps=0
[t=  23.5s] greedy ep 11 games=  96 dec= 18066 rows= 17259 horizon=0.19 nodecap=0 over=0 card=0 exact=0 drop=0 cfgs= 28.0 L=0.01695 P=nan old=0.01012 new=0.00569 tgt=-0.021/0.518 pstd=0.514 capv=0.040 lr=1.0e-03 gen=0.1s conv=0.0s add=0.1s train=1.7s sps=0
[t=  25.5s] greedy ep 12 games=  96 dec= 19443 rows= 18619 horizon=0.33 nodecap=0 over=0 card=0 exact=0 drop=0 cfgs= 26.9 L=0.01594 P=nan old=0.01065 new=0.00518 tgt=-0.031/0.486 pstd=0.529 capv=0.040 lr=1.0e-03 gen=0.1s conv=0.0s add=0.1s train=1.9s sps=0
[t=  27.3s] greedy ep 13 games=  96 dec= 17312 rows= 16580 horizon=0.20 nodecap=0 over=0 card=0 exact=0 drop=0 cfgs= 28.5 L=0.01638 P=nan old=0.01087 new=0.00765 tgt=-0.017/0.535 pstd=0.526 capv=0.040 lr=1.0e-03 gen=0.1s conv=0.0s add=0.1s train=1.6s sps=0
[t=  29.2s] greedy ep 14 games=  96 dec= 18691 rows= 17971 horizon=0.29 nodecap=0 over=0 card=0 exact=0 drop=0 cfgs= 25.1 L=0.01550 P=nan old=0.01205 new=0.00815 tgt=-0.050/0.493 pstd=0.519 capv=0.040 lr=1.0e-03 gen=0.1s conv=0.0s add=0.1s train=1.7s sps=0
[t=  31.2s] greedy ep 15 games=  96 dec= 19119 rows= 18225 horizon=0.33 nodecap=0 over=0 card=0 exact=0 drop=0 cfgs= 25.4 L=0.01638 P=nan old=0.01091 new=0.00659 tgt=-0.020/0.468 pstd=0.511 capv=0.040 lr=1.0e-03 gen=0.1s conv=0.0s add=0.1s train=1.8s sps=0
[t=  33.1s] greedy ep 16 games=  96 dec= 18420 rows= 17624 horizon=0.27 nodecap=0 over=0 card=0 exact=0 drop=0 cfgs= 25.4 L=0.01585 P=nan old=0.01107 new=0.00715 tgt=-0.017/0.515 pstd=0.527 capv=0.040 lr=1.0e-03 gen=0.1s conv=0.0s add=0.1s train=1.7s sps=0
[t=  35.0s] greedy ep 17 games=  96 dec= 18433 rows= 17649 horizon=0.29 nodecap=0 over=0 card=0 exact=0 drop=0 cfgs= 27.9 L=0.01459 P=nan old=0.01177 new=0.00807 tgt=-0.030/0.521 pstd=0.517 capv=0.040 lr=1.0e-03 gen=0.1s conv=0.0s add=0.1s train=1.7s sps=0
[t=  36.9s] greedy ep 18 games=  96 dec= 17977 rows= 17209 horizon=0.24 nodecap=0 over=0 card=0 exact=0 drop=0 cfgs= 27.2 L=0.01538 P=nan old=0.01091 new=0.00752 tgt=-0.040/0.514 pstd=0.521 capv=0.040 lr=1.0e-03 gen=0.1s conv=0.0s add=0.1s train=1.7s sps=0
[t=  39.2s] greedy ep 19 games=  96 dec= 18141 rows= 17449 horizon=0.29 nodecap=0 over=0 card=0 exact=0 drop=0 cfgs= 29.7 L=0.01507 P=nan old=0.01249 new=0.00777 tgt=-0.040/0.498 pstd=0.527 capv=0.040 lr=1.0e-03 gen=0.1s conv=0.0s add=0.1s train=2.1s sps=0
[t=  41.4s] greedy ep 20 games=  96 dec= 18535 rows= 17785 horizon=0.29 nodecap=0 over=0 card=0 exact=0 drop=0 cfgs= 25.1 L=0.01519 P=nan old=0.01193 new=0.00726 tgt=-0.028/0.521 pstd=0.519 capv=0.040 lr=1.0e-03 gen=0.1s conv=0.0s add=0.1s train=2.0s sps=0
[t=  43.3s] greedy ep 21 games=  96 dec= 18258 rows= 17442 horizon=0.25 nodecap=0 over=0 card=0 exact=0 drop=0 cfgs= 30.1 L=0.01592 P=nan old=0.01121 new=0.00717 tgt=-0.050/0.493 pstd=0.528 capv=0.040 lr=1.0e-03 gen=0.1s conv=0.0s add=0.1s train=1.7s sps=0
[t=  45.4s] greedy ep 22 games=  96 dec= 19744 rows= 18977 horizon=0.41 nodecap=0 over=0 card=0 exact=0 drop=0 cfgs= 24.9 L=0.01354 P=nan old=0.01099 new=0.00650 tgt=-0.001/0.455 pstd=0.522 capv=0.040 lr=1.0e-03 gen=0.1s conv=0.0s add=0.1s train=1.9s sps=0
[t=  47.4s] greedy ep 23 games=  96 dec= 18679 rows= 17867 horizon=0.31 nodecap=0 over=0 card=0 exact=0 drop=0 cfgs= 25.0 L=0.01404 P=nan old=0.01013 new=0.00779 tgt=+0.008/0.484 pstd=0.517 capv=0.040 lr=1.0e-03 gen=0.1s conv=0.0s add=0.1s train=1.8s sps=0
[t=  49.5s] greedy ep 24 games=  96 dec= 19262 rows= 18512 horizon=0.35 nodecap=0 over=0 card=0 exact=0 drop=0 cfgs= 27.2 L=0.01495 P=nan old=0.01007 new=0.00699 tgt=+0.000/0.477 pstd=0.519 capv=0.040 lr=1.0e-03 gen=0.1s conv=0.0s add=0.1s train=1.8s sps=0
[t=  51.4s] greedy ep 25 games=  96 dec= 18078 rows= 17384 horizon=0.32 nodecap=0 over=0 card=0 exact=0 drop=0 cfgs= 25.6 L=0.01310 P=nan old=0.01185 new=0.00720 tgt=-0.029/0.502 pstd=0.526 capv=0.040 lr=1.0e-03 gen=0.1s conv=0.0s add=0.1s train=1.7s sps=0
[t=  53.3s] greedy ep 26 games=  96 dec= 18121 rows= 17383 horizon=0.22 nodecap=0 over=0 card=0 exact=0 drop=0 cfgs= 27.1 L=0.01543 P=nan old=0.01196 new=0.00746 tgt=-0.060/0.535 pstd=0.524 capv=0.040 lr=1.0e-03 gen=0.1s conv=0.0s add=0.1s train=1.7s sps=0
[t=  55.2s] greedy ep 27 games=  96 dec= 17645 rows= 16994 horizon=0.24 nodecap=0 over=0 card=0 exact=0 drop=0 cfgs= 29.0 L=0.01603 P=nan old=0.01295 new=0.00831 tgt=-0.019/0.518 pstd=0.529 capv=0.040 lr=1.0e-03 gen=0.1s conv=0.0s add=0.1s train=1.6s sps=0
[t=  57.1s] greedy ep 28 games=  96 dec= 18452 rows= 17680 horizon=0.34 nodecap=0 over=0 card=0 exact=0 drop=0 cfgs= 25.6 L=0.01463 P=nan old=0.01293 new=0.00864 tgt=-0.002/0.472 pstd=0.546 capv=0.040 lr=1.0e-03 gen=0.1s conv=0.0s add=0.1s train=1.7s sps=0
[t=  59.0s] greedy ep 29 games=  96 dec= 18912 rows= 18121 horizon=0.29 nodecap=0 over=0 card=0 exact=0 drop=0 cfgs= 27.7 L=0.01488 P=nan old=0.01252 new=0.00727 tgt=-0.044/0.478 pstd=0.521 capv=0.040 lr=1.0e-03 gen=0.1s conv=0.0s add=0.1s train=1.7s sps=0
[t=  61.1s] greedy ep 30 games=  96 dec= 18850 rows= 18138 horizon=0.34 nodecap=0 over=0 card=0 exact=0 drop=0 cfgs= 28.4 L=0.01314 P=nan old=0.01147 new=0.00823 tgt=-0.021/0.474 pstd=0.535 capv=0.040 lr=1.0e-03 gen=0.1s conv=0.0s add=0.1s train=1.8s sps=0
[t=  63.1s] greedy ep 31 games=  96 dec= 18963 rows= 18203 horizon=0.34 nodecap=0 over=0 card=0 exact=0 drop=0 cfgs= 27.2 L=0.01361 P=nan old=0.01088 new=0.00786 tgt=-0.052/0.487 pstd=0.523 capv=0.040 lr=1.0e-03 gen=0.1s conv=0.0s add=0.1s train=1.8s sps=0
[t=  65.0s] greedy ep 32 games=  96 dec= 17296 rows= 16624 horizon=0.23 nodecap=0 over=0 card=0 exact=0 drop=0 cfgs= 28.3 L=0.01421 P=nan old=0.01222 new=0.00767 tgt=-0.004/0.501 pstd=0.510 capv=0.040 lr=1.0e-03 gen=0.1s conv=0.0s add=0.1s train=1.7s sps=0
[t=  66.8s] greedy ep 33 games=  96 dec= 17729 rows= 17010 horizon=0.28 nodecap=0 over=0 card=0 exact=0 drop=0 cfgs= 29.1 L=0.01426 P=nan old=0.01153 new=0.00757 tgt=-0.023/0.522 pstd=0.508 capv=0.040 lr=1.0e-03 gen=0.1s conv=0.0s add=0.1s train=1.7s sps=0
[t=  68.7s] greedy ep 34 games=  96 dec= 17215 rows= 16509 horizon=0.26 nodecap=0 over=0 card=0 exact=0 drop=0 cfgs= 28.7 L=0.01333 P=nan old=0.01235 new=0.00809 tgt=-0.049/0.495 pstd=0.527 capv=0.040 lr=1.0e-03 gen=0.1s conv=0.0s add=0.1s train=1.6s sps=0
[t=  70.6s] greedy ep 35 games=  96 dec= 18310 rows= 17466 horizon=0.27 nodecap=0 over=0 card=0 exact=0 drop=0 cfgs= 26.9 L=0.01414 P=nan old=0.01329 new=0.00867 tgt=-0.022/0.482 pstd=0.523 capv=0.040 lr=1.0e-03 gen=0.1s conv=0.0s add=0.1s train=1.7s sps=0
[t=  72.5s] greedy ep 36 games=  96 dec= 18212 rows= 17403 horizon=0.27 nodecap=0 over=0 card=0 exact=0 drop=0 cfgs= 26.5 L=0.01442 P=nan old=0.01258 new=0.00766 tgt=-0.022/0.495 pstd=0.526 capv=0.040 lr=1.0e-03 gen=0.1s conv=0.0s add=0.1s train=1.7s sps=0
[t=  74.5s] greedy ep 37 games=  96 dec= 17953 rows= 17176 horizon=0.23 nodecap=0 over=0 card=0 exact=0 drop=0 cfgs= 27.5 L=0.01393 P=nan old=0.01228 new=0.00754 tgt=-0.030/0.513 pstd=0.521 capv=0.040 lr=1.0e-03 gen=0.1s conv=0.0s add=0.1s train=1.7s sps=0
[t=  76.5s] greedy ep 38 games=  96 dec= 18720 rows= 17982 horizon=0.33 nodecap=0 over=0 card=0 exact=0 drop=0 cfgs= 26.8 L=0.01305 P=nan old=0.01183 new=0.00834 tgt=-0.053/0.512 pstd=0.535 capv=0.040 lr=1.0e-03 gen=0.1s conv=0.0s add=0.1s train=1.8s sps=0
[t=  78.4s] greedy ep 39 games=  96 dec= 18898 rows= 18021 horizon=0.33 nodecap=0 over=0 card=0 exact=0 drop=0 cfgs= 26.4 L=0.01323 P=nan old=0.01214 new=0.00716 tgt=-0.026/0.501 pstd=0.527 capv=0.040 lr=1.0e-03 gen=0.1s conv=0.0s add=0.1s train=1.7s sps=0
[t=  80.3s] greedy ep 40 games=  96 dec= 18299 rows= 17538 horizon=0.29 nodecap=0 over=0 card=0 exact=0 drop=0 cfgs= 27.1 L=0.01411 P=nan old=0.01207 new=0.00827 tgt=-0.028/0.494 pstd=0.532 capv=0.040 lr=1.0e-03 gen=0.1s conv=0.0s add=0.1s train=1.7s sps=0
[t=  82.2s] greedy ep 41 games=  96 dec= 17932 rows= 17187 horizon=0.28 nodecap=0 over=0 card=0 exact=0 drop=0 cfgs= 29.3 L=0.01398 P=nan old=0.01157 new=0.00860 tgt=-0.095/0.536 pstd=0.523 capv=0.040 lr=1.0e-03 gen=0.1s conv=0.0s add=0.1s train=1.7s sps=0
[t=  84.1s] greedy ep 42 games=  96 dec= 17980 rows= 17250 horizon=0.25 nodecap=0 over=0 card=0 exact=0 drop=0 cfgs= 27.5 L=0.01461 P=nan old=0.01240 new=0.00957 tgt=-0.021/0.506 pstd=0.521 capv=0.040 lr=1.0e-03 gen=0.1s conv=0.0s add=0.1s train=1.7s sps=0
[t=  86.1s] greedy ep 43 games=  96 dec= 19010 rows= 18196 horizon=0.30 nodecap=0 over=0 card=0 exact=0 drop=0 cfgs= 27.5 L=0.01461 P=nan old=0.01282 new=0.00833 tgt=-0.011/0.481 pstd=0.511 capv=0.040 lr=1.0e-03 gen=0.1s conv=0.0s add=0.1s train=1.8s sps=0
[t=  88.0s] greedy ep 44 games=  96 dec= 18505 rows= 17699 horizon=0.28 nodecap=0 over=0 card=0 exact=0 drop=0 cfgs= 27.7 L=0.01424 P=nan old=0.01182 new=0.00878 tgt=-0.079/0.524 pstd=0.542 capv=0.040 lr=1.0e-03 gen=0.1s conv=0.0s add=0.1s train=1.7s sps=0
[t=  89.8s] greedy ep 45 games=  96 dec= 17685 rows= 16882 horizon=0.26 nodecap=0 over=0 card=0 exact=0 drop=0 cfgs= 28.6 L=0.01333 P=nan old=0.01191 new=0.00722 tgt=-0.008/0.497 pstd=0.538 capv=0.040 lr=1.0e-03 gen=0.1s conv=0.0s add=0.1s train=1.6s sps=0
[t=  91.7s] greedy ep 46 games=  96 dec= 17814 rows= 17029 horizon=0.21 nodecap=0 over=0 card=0 exact=0 drop=0 cfgs= 27.3 L=0.01452 P=nan old=0.01318 new=0.00702 tgt=-0.006/0.523 pstd=0.522 capv=0.040 lr=1.0e-03 gen=0.1s conv=0.0s add=0.1s train=1.7s sps=0
[t=  93.7s] greedy ep 47 games=  96 dec= 19234 rows= 18484 horizon=0.40 nodecap=0 over=0 card=0 exact=0 drop=0 cfgs= 25.1 L=0.01356 P=nan old=0.01284 new=0.00972 tgt=-0.014/0.471 pstd=0.524 capv=0.040 lr=1.0e-03 gen=0.1s conv=0.0s add=0.1s train=1.8s sps=0
[t=  95.7s] greedy ep 48 games=  96 dec= 19142 rows= 18364 horizon=0.36 nodecap=0 over=0 card=0 exact=0 drop=0 cfgs= 26.0 L=0.01272 P=nan old=0.01108 new=0.00802 tgt=-0.028/0.481 pstd=0.528 capv=0.040 lr=1.0e-03 gen=0.1s conv=0.0s add=0.1s train=1.8s sps=0
[t=  97.5s] greedy ep 49 games=  96 dec= 17898 rows= 17096 horizon=0.20 nodecap=0 over=0 card=0 exact=0 drop=0 cfgs= 29.4 L=0.01399 P=nan old=0.01302 new=0.00856 tgt=-0.023/0.528 pstd=0.528 capv=0.040 lr=1.0e-03 gen=0.1s conv=0.0s add=0.1s train=1.6s sps=0
[t=  99.4s] greedy ep 50 games=  96 dec= 17852 rows= 17111 horizon=0.27 nodecap=0 over=0 card=0 exact=0 drop=0 cfgs= 27.5 L=0.01390 P=nan old=0.01310 new=0.00996 tgt=-0.051/0.507 pstd=0.512 capv=0.040 lr=1.0e-03 gen=0.1s conv=0.0s add=0.1s train=1.7s sps=0
[t= 101.3s] greedy ep 51 games=  96 dec= 18243 rows= 17371 horizon=0.21 nodecap=0 over=0 card=0 exact=0 drop=0 cfgs= 29.5 L=0.01434 P=nan old=0.01394 new=0.00848 tgt=-0.039/0.501 pstd=0.520 capv=0.040 lr=1.0e-03 gen=0.1s conv=0.0s add=0.1s train=1.7s sps=0
[t= 103.2s] greedy ep 52 games=  96 dec= 17748 rows= 17047 horizon=0.26 nodecap=0 over=0 card=0 exact=0 drop=0 cfgs= 27.9 L=0.01333 P=nan old=0.01245 new=0.00838 tgt=+0.007/0.502 pstd=0.534 capv=0.040 lr=1.0e-03 gen=0.1s conv=0.0s add=0.1s train=1.7s sps=0
[t= 105.1s] greedy ep 53 games=  96 dec= 18178 rows= 17465 horizon=0.25 nodecap=0 over=0 card=0 exact=0 drop=0 cfgs= 29.8 L=0.01346 P=nan old=0.01164 new=0.00794 tgt=-0.035/0.521 pstd=0.518 capv=0.040 lr=1.0e-03 gen=0.1s conv=0.0s add=0.1s train=1.7s sps=0
[t= 107.1s] greedy ep 54 games=  96 dec= 18481 rows= 17692 horizon=0.26 nodecap=0 over=0 card=0 exact=0 drop=0 cfgs= 25.5 L=0.01319 P=nan old=0.01238 new=0.00880 tgt=-0.022/0.494 pstd=0.521 capv=0.040 lr=1.0e-03 gen=0.1s conv=0.0s add=0.1s train=1.8s sps=0
[t= 109.0s] greedy ep 55 games=  96 dec= 17660 rows= 16875 horizon=0.21 nodecap=0 over=0 card=0 exact=0 drop=0 cfgs= 25.9 L=0.01405 P=nan old=0.01428 new=0.00884 tgt=-0.015/0.511 pstd=0.506 capv=0.040 lr=1.0e-03 gen=0.1s conv=0.0s add=0.1s train=1.7s sps=0
[t= 110.9s] greedy ep 56 games=  96 dec= 18483 rows= 17686 horizon=0.29 nodecap=0 over=0 card=0 exact=0 drop=0 cfgs= 27.7 L=0.01430 P=nan old=0.01357 new=0.00915 tgt=-0.037/0.483 pstd=0.516 capv=0.040 lr=1.0e-03 gen=0.1s conv=0.0s add=0.1s train=1.8s sps=0
[t= 112.9s] greedy ep 57 games=  96 dec= 18789 rows= 18039 horizon=0.36 nodecap=0 over=0 card=0 exact=0 drop=0 cfgs= 25.9 L=0.01307 P=nan old=0.01209 new=0.00944 tgt=-0.020/0.473 pstd=0.525 capv=0.040 lr=1.0e-03 gen=0.1s conv=0.0s add=0.1s train=1.8s sps=0
[t= 114.9s] greedy ep 58 games=  96 dec= 19373 rows= 18550 horizon=0.39 nodecap=0 over=0 card=0 exact=0 drop=0 cfgs= 25.6 L=0.01302 P=nan old=0.01209 new=0.00876 tgt=-0.020/0.471 pstd=0.521 capv=0.040 lr=1.0e-03 gen=0.1s conv=0.0s add=0.1s train=1.7s sps=0
[t= 116.8s] greedy ep 59 games=  96 dec= 18805 rows= 18048 horizon=0.32 nodecap=0 over=0 card=0 exact=0 drop=0 cfgs= 25.6 L=0.01209 P=nan old=0.01266 new=0.00718 tgt=-0.041/0.502 pstd=0.538 capv=0.040 lr=1.0e-03 gen=0.1s conv=0.0s add=0.1s train=1.7s sps=0
[t= 118.8s] greedy ep 60 games=  96 dec= 18320 rows= 17574 horizon=0.26 nodecap=0 over=0 card=0 exact=0 drop=0 cfgs= 28.1 L=0.01254 P=nan old=0.01134 new=0.00911 tgt=-0.043/0.509 pstd=0.521 capv=0.040 lr=1.0e-03 gen=0.1s conv=0.0s add=0.1s train=1.7s sps=0
[t= 120.7s] greedy ep 61 games=  96 dec= 18707 rows= 17887 horizon=0.30 nodecap=0 over=0 card=0 exact=0 drop=0 cfgs= 26.6 L=0.01319 P=nan old=0.01173 new=0.00858 tgt=-0.034/0.471 pstd=0.517 capv=0.040 lr=1.0e-03 gen=0.1s conv=0.0s add=0.1s train=1.7s sps=0
[t= 122.7s] greedy ep 62 games=  96 dec= 18819 rows= 17951 horizon=0.26 nodecap=0 over=0 card=0 exact=0 drop=0 cfgs= 29.2 L=0.01306 P=nan old=0.01456 new=0.00865 tgt=+0.000/0.493 pstd=0.531 capv=0.040 lr=1.0e-03 gen=0.1s conv=0.0s add=0.1s train=1.7s sps=0
[t= 124.5s] greedy ep 63 games=  96 dec= 17597 rows= 16856 horizon=0.23 nodecap=0 over=0 card=0 exact=0 drop=0 cfgs= 28.3 L=0.01303 P=nan old=0.01318 new=0.00919 tgt=-0.019/0.507 pstd=0.528 capv=0.040 lr=1.0e-03 gen=0.1s conv=0.0s add=0.1s train=1.6s sps=0
[t= 126.3s] greedy ep 64 games=  96 dec= 16749 rows= 16027 horizon=0.14 nodecap=0 over=0 card=0 exact=0 drop=0 cfgs= 30.3 L=0.01364 P=nan old=0.01314 new=0.00858 tgt=-0.034/0.554 pstd=0.517 capv=0.040 lr=1.0e-03 gen=0.1s conv=0.0s add=0.1s train=1.5s sps=0
[t= 128.2s] greedy ep 65 games=  96 dec= 18971 rows= 18264 horizon=0.38 nodecap=0 over=0 card=0 exact=0 drop=0 cfgs= 24.1 L=0.01342 P=nan old=0.01260 new=0.00980 tgt=-0.000/0.449 pstd=0.525 capv=0.040 lr=1.0e-03 gen=0.1s conv=0.0s add=0.1s train=1.7s sps=0
[t= 130.2s] greedy ep 66 games=  96 dec= 19327 rows= 18525 horizon=0.38 nodecap=0 over=0 card=0 exact=0 drop=0 cfgs= 26.1 L=0.01174 P=nan old=0.01107 new=0.00766 tgt=-0.033/0.479 pstd=0.523 capv=0.040 lr=1.0e-03 gen=0.1s conv=0.0s add=0.1s train=1.8s sps=0
[t= 132.2s] greedy ep 67 games=  96 dec= 18904 rows= 18152 horizon=0.31 nodecap=0 over=0 card=0 exact=0 drop=0 cfgs= 27.7 L=0.01287 P=nan old=0.01266 new=0.00752 tgt=-0.032/0.476 pstd=0.514 capv=0.040 lr=1.0e-03 gen=0.1s conv=0.0s add=0.1s train=1.8s sps=0
[t= 134.2s] greedy ep 68 games=  96 dec= 19116 rows= 18160 horizon=0.32 nodecap=0 over=0 card=0 exact=0 drop=0 cfgs= 25.6 L=0.01234 P=nan old=0.01221 new=0.00907 tgt=-0.018/0.473 pstd=0.516 capv=0.040 lr=1.0e-03 gen=0.1s conv=0.0s add=0.1s train=1.8s sps=0
[t= 136.0s] greedy ep 69 games=  96 dec= 17890 rows= 17147 horizon=0.23 nodecap=0 over=0 card=0 exact=0 drop=0 cfgs= 26.3 L=0.01304 P=nan old=0.01376 new=0.00984 tgt=-0.050/0.519 pstd=0.524 capv=0.040 lr=1.0e-03 gen=0.1s conv=0.0s add=0.1s train=1.6s sps=0
[t= 138.0s] greedy ep 70 games=  96 dec= 18555 rows= 17851 horizon=0.33 nodecap=0 over=0 card=0 exact=0 drop=0 cfgs= 25.8 L=0.01282 P=nan old=0.01348 new=0.00955 tgt=-0.027/0.483 pstd=0.536 capv=0.040 lr=1.0e-03 gen=0.1s conv=0.0s add=0.1s train=1.7s sps=0
[t= 140.0s] greedy ep 71 games=  96 dec= 19797 rows= 19031 horizon=0.36 nodecap=0 over=0 card=0 exact=0 drop=0 cfgs= 25.7 L=0.01226 P=nan old=0.01273 new=0.00857 tgt=-0.020/0.451 pstd=0.520 capv=0.040 lr=1.0e-03 gen=0.1s conv=0.0s add=0.1s train=1.8s sps=0
[t= 141.9s] greedy ep 72 games=  96 dec= 18202 rows= 17399 horizon=0.29 nodecap=0 over=0 card=0 exact=0 drop=0 cfgs= 26.0 L=0.01216 P=nan old=0.01120 new=0.00684 tgt=-0.008/0.486 pstd=0.536 capv=0.040 lr=1.0e-03 gen=0.1s conv=0.0s add=0.1s train=1.6s sps=0
[t= 143.8s] greedy ep 73 games=  96 dec= 18365 rows= 17541 horizon=0.24 nodecap=0 over=0 card=0 exact=0 drop=0 cfgs= 29.2 L=0.01250 P=nan old=0.01204 new=0.00923 tgt=-0.015/0.495 pstd=0.534 capv=0.040 lr=1.0e-03 gen=0.1s conv=0.0s add=0.1s train=1.7s sps=0
[t= 145.6s] greedy ep 74 games=  96 dec= 17426 rows= 16742 horizon=0.21 nodecap=0 over=0 card=0 exact=0 drop=0 cfgs= 27.9 L=0.01286 P=nan old=0.01138 new=0.00845 tgt=-0.057/0.506 pstd=0.513 capv=0.040 lr=1.0e-03 gen=0.1s conv=0.0s add=0.1s train=1.6s sps=0
[t= 146.8s] greedy ep 75 games=  96 dec= 17304 rows= 16559 horizon=0.22 nodecap=0 over=0 card=0 exact=0 drop=0 cfgs= 27.7 L=0.01344 P=nan old=0.01341 new=0.00917 tgt=-0.025/0.526 pstd=0.510 capv=0.040 lr=1.0e-03 gen=0.1s conv=0.0s add=0.1s train=1.0s sps=0
[t= 148.7s] greedy ep 76 games=  96 dec= 18569 rows= 17811 horizon=0.29 nodecap=0 over=0 card=0 exact=0 drop=0 cfgs= 25.5 L=0.01317 P=nan old=0.01252 new=0.00854 tgt=-0.024/0.472 pstd=0.513 capv=0.040 lr=1.0e-03 gen=0.1s conv=0.0s add=0.1s train=1.7s sps=0
[t= 150.7s] greedy ep 77 games=  96 dec= 18643 rows= 17809 horizon=0.30 nodecap=0 over=0 card=0 exact=0 drop=0 cfgs= 27.1 L=0.01276 P=nan old=0.01459 new=0.00893 tgt=-0.061/0.514 pstd=0.521 capv=0.040 lr=1.0e-03 gen=0.1s conv=0.0s add=0.1s train=1.7s sps=0
[t= 152.6s] greedy ep 78 games=  96 dec= 18858 rows= 18162 horizon=0.35 nodecap=0 over=0 card=0 exact=0 drop=0 cfgs= 27.2 L=0.01246 P=nan old=0.01130 new=0.00814 tgt=-0.062/0.493 pstd=0.519 capv=0.040 lr=1.0e-03 gen=0.1s conv=0.0s add=0.1s train=1.7s sps=0
[t= 154.6s] greedy ep 79 games=  96 dec= 18596 rows= 17892 horizon=0.29 nodecap=0 over=0 card=0 exact=0 drop=0 cfgs= 28.8 L=0.01215 P=nan old=0.01178 new=0.00881 tgt=-0.037/0.506 pstd=0.513 capv=0.040 lr=1.0e-03 gen=0.1s conv=0.0s add=0.1s train=1.7s sps=0
[t= 156.6s] greedy ep 80 games=  96 dec= 18865 rows= 18069 horizon=0.33 nodecap=0 over=0 card=0 exact=0 drop=0 cfgs= 28.9 L=0.01143 P=nan old=0.01226 new=0.00769 tgt=-0.064/0.516 pstd=0.505 capv=0.040 lr=1.0e-03 gen=0.1s conv=0.0s add=0.1s train=1.7s sps=0
[t= 158.4s] greedy ep 81 games=  96 dec= 17793 rows= 16976 horizon=0.24 nodecap=0 over=0 card=0 exact=0 drop=0 cfgs= 29.2 L=0.01244 P=nan old=0.01227 new=0.00787 tgt=-0.026/0.515 pstd=0.502 capv=0.040 lr=1.0e-03 gen=0.1s conv=0.0s add=0.1s train=1.6s sps=0
[t= 160.3s] greedy ep 82 games=  96 dec= 18291 rows= 17506 horizon=0.29 nodecap=0 over=0 card=0 exact=0 drop=0 cfgs= 26.6 L=0.01269 P=nan old=0.01264 new=0.00793 tgt=-0.049/0.506 pstd=0.511 capv=0.040 lr=1.0e-03 gen=0.1s conv=0.0s add=0.1s train=1.7s sps=0
[t= 162.3s] greedy ep 83 games=  96 dec= 19591 rows= 18806 horizon=0.43 nodecap=0 over=0 card=0 exact=0 drop=0 cfgs= 25.9 L=0.01118 P=nan old=0.01174 new=0.00729 tgt=-0.021/0.470 pstd=0.530 capv=0.040 lr=1.0e-03 gen=0.1s conv=0.0s add=0.1s train=1.8s sps=0
[t= 164.2s] greedy ep 84 games=  96 dec= 18034 rows= 17266 horizon=0.25 nodecap=0 over=0 card=0 exact=0 drop=0 cfgs= 27.6 L=0.01248 P=nan old=0.01351 new=0.00920 tgt=-0.021/0.525 pstd=0.541 capv=0.040 lr=1.0e-03 gen=0.1s conv=0.0s add=0.1s train=1.6s sps=0
[t= 165.5s] greedy ep 85 games=  96 dec= 18947 rows= 18197 horizon=0.32 nodecap=0 over=0 card=0 exact=0 drop=0 cfgs= 26.6 L=0.01223 P=nan old=0.01149 new=0.00721 tgt=-0.046/0.504 pstd=0.517 capv=0.040 lr=1.0e-03 gen=0.1s conv=0.0s add=0.1s train=1.1s sps=0
[t= 166.6s] greedy ep 86 games=  96 dec= 18689 rows= 17987 horizon=0.35 nodecap=0 over=0 card=0 exact=0 drop=0 cfgs= 27.1 L=0.01219 P=nan old=0.01204 new=0.00885 tgt=-0.036/0.472 pstd=0.507 capv=0.040 lr=1.0e-03 gen=0.1s conv=0.0s add=0.1s train=0.9s sps=0
[t= 167.7s] greedy ep 87 games=  96 dec= 18566 rows= 17888 horizon=0.32 nodecap=0 over=0 card=0 exact=0 drop=0 cfgs= 26.4 L=0.01213 P=nan old=0.01201 new=0.00788 tgt=-0.056/0.515 pstd=0.524 capv=0.040 lr=1.0e-03 gen=0.1s conv=0.0s add=0.1s train=0.9s sps=0
[t= 168.9s] greedy ep 88 games=  96 dec= 18173 rows= 17373 horizon=0.26 nodecap=0 over=0 card=0 exact=0 drop=0 cfgs= 27.9 L=0.01195 P=nan old=0.01151 new=0.00693 tgt=-0.012/0.485 pstd=0.524 capv=0.040 lr=1.0e-03 gen=0.1s conv=0.0s add=0.1s train=1.0s sps=0
[t= 170.7s] greedy ep 89 games=  96 dec= 18219 rows= 17395 horizon=0.25 nodecap=0 over=0 card=0 exact=0 drop=0 cfgs= 27.1 L=0.01257 P=nan old=0.01276 new=0.00780 tgt=-0.035/0.506 pstd=0.526 capv=0.040 lr=1.0e-03 gen=0.1s conv=0.0s add=0.1s train=1.6s sps=0
[t= 172.7s] greedy ep 90 games=  96 dec= 18858 rows= 18092 horizon=0.30 nodecap=0 over=0 card=0 exact=0 drop=0 cfgs= 26.2 L=0.01233 P=nan old=0.01250 new=0.00985 tgt=-0.044/0.505 pstd=0.515 capv=0.040 lr=1.0e-03 gen=0.1s conv=0.0s add=0.1s train=1.8s sps=0
[t= 174.5s] greedy ep 91 games=  96 dec= 17523 rows= 16706 horizon=0.23 nodecap=0 over=0 card=0 exact=0 drop=0 cfgs= 28.9 L=0.01248 P=nan old=0.01193 new=0.00812 tgt=-0.022/0.500 pstd=0.537 capv=0.040 lr=1.0e-03 gen=0.1s conv=0.0s add=0.1s train=1.6s sps=0
[t= 176.5s] greedy ep 92 games=  96 dec= 18500 rows= 17699 horizon=0.30 nodecap=0 over=0 card=0 exact=0 drop=0 cfgs= 26.9 L=0.01198 P=nan old=0.01267 new=0.00839 tgt=-0.042/0.514 pstd=0.523 capv=0.040 lr=1.0e-03 gen=0.1s conv=0.0s add=0.1s train=1.7s sps=0
[t= 178.5s] greedy ep 93 games=  96 dec= 18376 rows= 17568 horizon=0.28 nodecap=0 over=0 card=0 exact=0 drop=0 cfgs= 28.5 L=0.01259 P=nan old=0.01127 new=0.00806 tgt=-0.036/0.504 pstd=0.537 capv=0.040 lr=1.0e-03 gen=0.1s conv=0.0s add=0.1s train=1.7s sps=0
[t= 180.4s] greedy ep 94 games=  96 dec= 18616 rows= 17854 horizon=0.32 nodecap=0 over=0 card=0 exact=0 drop=0 cfgs= 27.7 L=0.01268 P=nan old=0.01338 new=0.00802 tgt=-0.047/0.481 pstd=0.526 capv=0.040 lr=1.0e-03 gen=0.1s conv=0.0s add=0.1s train=1.8s sps=0
[t= 182.4s] greedy ep 95 games=  96 dec= 18308 rows= 17535 horizon=0.27 nodecap=0 over=0 card=0 exact=0 drop=0 cfgs= 27.6 L=0.01310 P=nan old=0.01469 new=0.00908 tgt=-0.069/0.511 pstd=0.524 capv=0.040 lr=1.0e-03 gen=0.1s conv=0.0s add=0.1s train=1.7s sps=0
[t= 184.3s] greedy ep 96 games=  96 dec= 17572 rows= 16747 horizon=0.21 nodecap=0 over=0 card=0 exact=0 drop=0 cfgs= 30.4 L=0.01354 P=nan old=0.01285 new=0.00992 tgt=-0.060/0.525 pstd=0.549 capv=0.040 lr=1.0e-03 gen=0.1s conv=0.0s add=0.1s train=1.6s sps=0
[t= 186.2s] greedy ep 97 games=  96 dec= 18112 rows= 17323 horizon=0.27 nodecap=0 over=0 card=0 exact=0 drop=0 cfgs= 26.7 L=0.01236 P=nan old=0.01186 new=0.00850 tgt=-0.004/0.493 pstd=0.525 capv=0.040 lr=1.0e-03 gen=0.1s conv=0.0s add=0.1s train=1.7s sps=0
[t= 188.2s] greedy ep 98 games=  96 dec= 18699 rows= 17946 horizon=0.33 nodecap=0 over=0 card=0 exact=0 drop=0 cfgs= 26.6 L=0.01251 P=nan old=0.01365 new=0.00974 tgt=-0.017/0.473 pstd=0.518 capv=0.040 lr=1.0e-03 gen=0.1s conv=0.0s add=0.1s train=1.8s sps=0
[t= 190.1s] greedy ep 99 games=  96 dec= 18385 rows= 17502 horizon=0.27 nodecap=0 over=0 card=0 exact=0 drop=0 cfgs= 27.4 L=0.01199 P=nan old=0.01523 new=0.00932 tgt=-0.007/0.507 pstd=0.527 capv=0.040 lr=1.0e-03 gen=0.1s conv=0.0s add=0.1s train=1.7s sps=0
[t= 192.1s] greedy ep100 games=  96 dec= 18603 rows= 17820 horizon=0.30 nodecap=0 over=0 card=0 exact=0 drop=0 cfgs= 27.3 L=0.01194 P=nan old=0.01191 new=0.00761 tgt=-0.045/0.496 pstd=0.526 capv=0.040 lr=1.0e-03 gen=0.1s conv=0.0s add=0.1s train=1.8s sps=0
[t= 194.0s] greedy ep101 games=  96 dec= 17886 rows= 17089 horizon=0.25 nodecap=0 over=0 card=0 exact=0 drop=0 cfgs= 28.3 L=0.01159 P=nan old=0.01220 new=0.00837 tgt=-0.038/0.521 pstd=0.510 capv=0.040 lr=1.0e-03 gen=0.1s conv=0.0s add=0.1s train=1.7s sps=0
[t= 196.0s] greedy ep102 games=  96 dec= 18798 rows= 17947 horizon=0.31 nodecap=0 over=0 card=0 exact=0 drop=0 cfgs= 26.9 L=0.01158 P=nan old=0.01062 new=0.00766 tgt=-0.038/0.481 pstd=0.515 capv=0.040 lr=1.0e-03 gen=0.1s conv=0.0s add=0.1s train=1.8s sps=0
[t= 198.0s] greedy ep103 games=  96 dec= 18980 rows= 18214 horizon=0.33 nodecap=0 over=0 card=0 exact=0 drop=0 cfgs= 27.6 L=0.01138 P=nan old=0.01189 new=0.00799 tgt=-0.039/0.481 pstd=0.517 capv=0.040 lr=1.0e-03 gen=0.1s conv=0.0s add=0.1s train=1.8s sps=0
[t= 200.0s] greedy ep104 games=  96 dec= 18544 rows= 17803 horizon=0.28 nodecap=0 over=0 card=0 exact=0 drop=0 cfgs= 27.3 L=0.01159 P=nan old=0.01157 new=0.00816 tgt=-0.075/0.495 pstd=0.508 capv=0.040 lr=1.0e-03 gen=0.1s conv=0.0s add=0.1s train=1.8s sps=0
[t= 202.0s] greedy ep105 games=  96 dec= 18596 rows= 17853 horizon=0.32 nodecap=0 over=0 card=0 exact=0 drop=0 cfgs= 27.6 L=0.01189 P=nan old=0.01146 new=0.00799 tgt=-0.048/0.515 pstd=0.507 capv=0.040 lr=1.0e-03 gen=0.1s conv=0.0s add=0.1s train=1.8s sps=0
[t= 204.1s] greedy ep106 games=  96 dec= 19317 rows= 18485 horizon=0.36 nodecap=0 over=0 card=0 exact=0 drop=0 cfgs= 26.1 L=0.01173 P=nan old=0.01239 new=0.00782 tgt=-0.057/0.480 pstd=0.515 capv=0.040 lr=1.0e-03 gen=0.1s conv=0.0s add=0.1s train=1.8s sps=0
[t= 206.0s] greedy ep107 games=  96 dec= 17884 rows= 17161 horizon=0.25 nodecap=0 over=0 card=0 exact=0 drop=0 cfgs= 26.1 L=0.01177 P=nan old=0.01147 new=0.00750 tgt=-0.015/0.497 pstd=0.522 capv=0.040 lr=1.0e-03 gen=0.1s conv=0.0s add=0.1s train=1.7s sps=0
[t= 208.0s] greedy ep108 games=  96 dec= 18333 rows= 17614 horizon=0.29 nodecap=0 over=0 card=0 exact=0 drop=0 cfgs= 27.9 L=0.01197 P=nan old=0.01335 new=0.00797 tgt=-0.051/0.490 pstd=0.515 capv=0.040 lr=1.0e-03 gen=0.1s conv=0.0s add=0.1s train=1.7s sps=0
[t= 209.9s] greedy ep109 games=  96 dec= 18045 rows= 17241 horizon=0.27 nodecap=0 over=0 card=0 exact=0 drop=0 cfgs= 27.6 L=0.01214 P=nan old=0.01280 new=0.00883 tgt=-0.040/0.503 pstd=0.519 capv=0.040 lr=1.0e-03 gen=0.1s conv=0.0s add=0.1s train=1.7s sps=0
[t= 212.1s] greedy ep110 games=  96 dec= 20187 rows= 19396 horizon=0.45 nodecap=0 over=0 card=0 exact=0 drop=0 cfgs= 25.5 L=0.01087 P=nan old=0.01231 new=0.00758 tgt=-0.034/0.450 pstd=0.538 capv=0.040 lr=1.0e-03 gen=0.1s conv=0.0s add=0.1s train=1.9s sps=0
[t= 214.1s] greedy ep111 games=  96 dec= 19437 rows= 18698 horizon=0.40 nodecap=0 over=0 card=0 exact=0 drop=0 cfgs= 27.6 L=0.01126 P=nan old=0.01168 new=0.00802 tgt=-0.046/0.474 pstd=0.515 capv=0.040 lr=1.0e-03 gen=0.1s conv=0.0s add=0.1s train=1.8s sps=0
[t= 216.1s] greedy ep112 games=  96 dec= 18077 rows= 17339 horizon=0.26 nodecap=0 over=0 card=0 exact=0 drop=0 cfgs= 29.9 L=0.01149 P=nan old=0.01197 new=0.00803 tgt=-0.017/0.497 pstd=0.511 capv=0.040 lr=1.0e-03 gen=0.1s conv=0.0s add=0.1s train=1.7s sps=0
[t= 218.1s] greedy ep113 games=  96 dec= 18551 rows= 17769 horizon=0.30 nodecap=0 over=0 card=0 exact=0 drop=0 cfgs= 26.8 L=0.01105 P=nan old=0.01171 new=0.00795 tgt=-0.012/0.471 pstd=0.500 capv=0.040 lr=1.0e-03 gen=0.1s conv=0.0s add=0.1s train=1.7s sps=0
[t= 219.9s] greedy ep114 games=  96 dec= 18168 rows= 17435 horizon=0.32 nodecap=0 over=0 card=0 exact=0 drop=0 cfgs= 28.0 L=0.01132 P=nan old=0.01158 new=0.00840 tgt=-0.046/0.499 pstd=0.509 capv=0.040 lr=1.0e-03 gen=0.1s conv=0.0s add=0.1s train=1.6s sps=0
[t= 221.9s] greedy ep115 games=  96 dec= 18926 rows= 18161 horizon=0.32 nodecap=0 over=0 card=0 exact=0 drop=0 cfgs= 26.7 L=0.01119 P=nan old=0.01127 new=0.00777 tgt=-0.027/0.507 pstd=0.518 capv=0.040 lr=1.0e-03 gen=0.1s conv=0.0s add=0.1s train=1.7s sps=0
[t= 223.7s] greedy ep116 games=  96 dec= 18001 rows= 17253 horizon=0.27 nodecap=0 over=0 card=0 exact=0 drop=0 cfgs= 27.6 L=0.01106 P=nan old=0.01179 new=0.00822 tgt=-0.004/0.496 pstd=0.508 capv=0.040 lr=1.0e-03 gen=0.1s conv=0.0s add=0.1s train=1.6s sps=0
[t= 225.6s] greedy ep117 games=  96 dec= 18320 rows= 17564 horizon=0.30 nodecap=0 over=0 card=0 exact=0 drop=0 cfgs= 28.9 L=0.01110 P=nan old=0.01179 new=0.00781 tgt=-0.022/0.495 pstd=0.508 capv=0.040 lr=1.0e-03 gen=0.1s conv=0.0s add=0.1s train=1.7s sps=0
[t= 227.6s] greedy ep118 games=  96 dec= 18708 rows= 17913 horizon=0.34 nodecap=0 over=0 card=0 exact=0 drop=0 cfgs= 26.6 L=0.01069 P=nan old=0.01092 new=0.00718 tgt=-0.066/0.518 pstd=0.515 capv=0.040 lr=1.0e-03 gen=0.1s conv=0.0s add=0.1s train=1.7s sps=0
[t= 229.5s] greedy ep119 games=  96 dec= 18286 rows= 17557 horizon=0.26 nodecap=0 over=0 card=0 exact=0 drop=0 cfgs= 28.8 L=0.01110 P=nan old=0.01141 new=0.00715 tgt=-0.060/0.523 pstd=0.517 capv=0.040 lr=1.0e-03 gen=0.1s conv=0.0s add=0.1s train=1.7s sps=0
[t= 231.4s] greedy ep120 games=  96 dec= 18176 rows= 17460 horizon=0.31 nodecap=0 over=0 card=0 exact=0 drop=0 cfgs= 27.8 L=0.01069 P=nan old=0.01218 new=0.00716 tgt=-0.022/0.486 pstd=0.511 capv=0.040 lr=1.0e-03 gen=0.1s conv=0.0s add=0.1s train=1.7s sps=0
[t= 233.4s] greedy ep121 games=  96 dec= 19460 rows= 18577 horizon=0.31 nodecap=0 over=0 card=0 exact=0 drop=0 cfgs= 27.3 L=0.01059 P=nan old=0.01001 new=0.00724 tgt=-0.019/0.479 pstd=0.517 capv=0.040 lr=1.0e-03 gen=0.1s conv=0.0s add=0.1s train=1.8s sps=0
[t= 235.3s] greedy ep122 games=  96 dec= 18415 rows= 17649 horizon=0.28 nodecap=0 over=0 card=0 exact=0 drop=0 cfgs= 26.7 L=0.01074 P=nan old=0.01107 new=0.00653 tgt=-0.061/0.516 pstd=0.500 capv=0.040 lr=1.0e-03 gen=0.1s conv=0.0s add=0.1s train=1.7s sps=0
[t= 237.3s] greedy ep123 games=  96 dec= 18495 rows= 17619 horizon=0.28 nodecap=0 over=0 card=0 exact=0 drop=0 cfgs= 27.6 L=0.01083 P=nan old=0.01033 new=0.00699 tgt=-0.045/0.514 pstd=0.496 capv=0.040 lr=1.0e-03 gen=0.1s conv=0.0s add=0.1s train=1.7s sps=0
[t= 239.3s] greedy ep124 games=  96 dec= 19317 rows= 18568 horizon=0.35 nodecap=0 over=0 card=0 exact=0 drop=0 cfgs= 27.1 L=0.01017 P=nan old=0.00988 new=0.00662 tgt=-0.036/0.482 pstd=0.484 capv=0.040 lr=1.0e-03 gen=0.1s conv=0.0s add=0.1s train=1.8s sps=0
[t= 241.2s] greedy ep125 games=  96 dec= 18415 rows= 17573 horizon=0.28 nodecap=0 over=0 card=0 exact=0 drop=0 cfgs= 28.7 L=0.01048 P=nan old=0.01133 new=0.00656 tgt=-0.097/0.537 pstd=0.483 capv=0.040 lr=1.0e-03 gen=0.1s conv=0.0s add=0.1s train=1.7s sps=0
[t= 243.1s] greedy ep126 games=  96 dec= 17865 rows= 17091 horizon=0.26 nodecap=0 over=0 card=0 exact=0 drop=0 cfgs= 29.3 L=0.01028 P=nan old=0.01037 new=0.00708 tgt=-0.062/0.522 pstd=0.511 capv=0.040 lr=1.0e-03 gen=0.1s conv=0.0s add=0.1s train=1.6s sps=0
[t= 245.1s] greedy ep127 games=  96 dec= 19376 rows= 18644 horizon=0.32 nodecap=0 over=0 card=0 exact=0 drop=0 cfgs= 26.0 L=0.01001 P=nan old=0.00964 new=0.00605 tgt=-0.017/0.476 pstd=0.501 capv=0.040 lr=1.0e-03 gen=0.1s conv=0.0s add=0.1s train=1.8s sps=0
[t= 246.9s] greedy ep128 games=  96 dec= 17285 rows= 16560 horizon=0.22 nodecap=0 over=0 card=0 exact=0 drop=0 cfgs= 28.0 L=0.00982 P=nan old=0.01133 new=0.00692 tgt=-0.020/0.530 pstd=0.496 capv=0.040 lr=1.0e-03 gen=0.1s conv=0.0s add=0.1s train=1.6s sps=0
[t= 248.8s] greedy ep129 games=  96 dec= 18310 rows= 17470 horizon=0.26 nodecap=0 over=0 card=0 exact=0 drop=0 cfgs= 28.5 L=0.01043 P=nan old=0.01105 new=0.00730 tgt=-0.032/0.527 pstd=0.486 capv=0.040 lr=1.0e-03 gen=0.1s conv=0.0s add=0.1s train=1.7s sps=0
[t= 250.8s] greedy ep130 games=  96 dec= 19053 rows= 18358 horizon=0.36 nodecap=0 over=0 card=0 exact=0 drop=0 cfgs= 24.8 L=0.01018 P=nan old=0.01072 new=0.00653 tgt=-0.047/0.483 pstd=0.475 capv=0.040 lr=1.0e-03 gen=0.1s conv=0.0s add=0.1s train=1.8s sps=0
[t= 252.9s] greedy ep131 games=  96 dec= 20095 rows= 19222 horizon=0.38 nodecap=0 over=0 card=0 exact=0 drop=0 cfgs= 25.2 L=0.00968 P=nan old=0.01023 new=0.00652 tgt=-0.022/0.460 pstd=0.465 capv=0.040 lr=1.0e-03 gen=0.1s conv=0.0s add=0.1s train=1.8s sps=0
[t= 254.8s] greedy ep132 games=  96 dec= 17966 rows= 17217 horizon=0.28 nodecap=0 over=0 card=0 exact=0 drop=0 cfgs= 26.6 L=0.00952 P=nan old=0.00901 new=0.00625 tgt=-0.023/0.468 pstd=0.460 capv=0.040 lr=1.0e-03 gen=0.1s conv=0.0s add=0.1s train=1.6s sps=0
[t= 256.7s] greedy ep133 games=  96 dec= 18625 rows= 17816 horizon=0.26 nodecap=0 over=0 card=0 exact=0 drop=0 cfgs= 25.6 L=0.01005 P=nan old=0.01013 new=0.00586 tgt=+0.024/0.495 pstd=0.478 capv=0.040 lr=1.0e-03 gen=0.1s conv=0.0s add=0.1s train=1.7s sps=0
[t= 258.6s] greedy ep134 games=  96 dec= 18548 rows= 17654 horizon=0.24 nodecap=0 over=0 card=0 exact=0 drop=0 cfgs= 26.7 L=0.00982 P=nan old=0.00966 new=0.00577 tgt=-0.024/0.496 pstd=0.473 capv=0.040 lr=1.0e-03 gen=0.1s conv=0.0s add=0.1s train=1.7s sps=0
[t= 260.6s] greedy ep135 games=  96 dec= 18728 rows= 17931 horizon=0.31 nodecap=0 over=0 card=0 exact=0 drop=0 cfgs= 26.5 L=0.01003 P=nan old=0.01073 new=0.00732 tgt=-0.069/0.499 pstd=0.471 capv=0.040 lr=1.0e-03 gen=0.1s conv=0.0s add=0.1s train=1.7s sps=0
[t= 262.5s] greedy ep136 games=  96 dec= 18531 rows= 17777 horizon=0.32 nodecap=0 over=0 card=0 exact=0 drop=0 cfgs= 25.6 L=0.00971 P=nan old=0.00889 new=0.00663 tgt=-0.050/0.472 pstd=0.480 capv=0.040 lr=1.0e-03 gen=0.1s conv=0.0s add=0.1s train=1.7s sps=0
[t= 264.4s] greedy ep137 games=  96 dec= 18093 rows= 17363 horizon=0.26 nodecap=0 over=0 card=0 exact=0 drop=0 cfgs= 27.1 L=0.00968 P=nan old=0.00946 new=0.00580 tgt=-0.052/0.497 pstd=0.470 capv=0.040 lr=1.0e-03 gen=0.1s conv=0.0s add=0.1s train=1.7s sps=0
[t= 266.3s] greedy ep138 games=  96 dec= 18318 rows= 17478 horizon=0.27 nodecap=0 over=0 card=0 exact=0 drop=0 cfgs= 26.7 L=0.00997 P=nan old=0.00894 new=0.00669 tgt=-0.018/0.500 pstd=0.451 capv=0.040 lr=1.0e-03 gen=0.1s conv=0.0s add=0.1s train=1.7s sps=0
[t= 268.1s] greedy ep139 games=  96 dec= 18032 rows= 17236 horizon=0.25 nodecap=0 over=0 card=0 exact=0 drop=0 cfgs= 26.9 L=0.01025 P=nan old=0.01018 new=0.00647 tgt=-0.060/0.509 pstd=0.449 capv=0.040 lr=1.0e-03 gen=0.1s conv=0.0s add=0.1s train=1.6s sps=0
[t= 270.1s] greedy ep140 games=  96 dec= 19161 rows= 18406 horizon=0.34 nodecap=0 over=0 card=0 exact=0 drop=0 cfgs= 25.9 L=0.00959 P=nan old=0.00924 new=0.00640 tgt=-0.045/0.479 pstd=0.432 capv=0.040 lr=1.0e-03 gen=0.1s conv=0.0s add=0.1s train=1.8s sps=0
[t= 272.0s] greedy ep141 games=  96 dec= 17752 rows= 16985 horizon=0.21 nodecap=0 over=0 card=0 exact=0 drop=0 cfgs= 29.0 L=0.01005 P=nan old=0.00970 new=0.00649 tgt=-0.022/0.530 pstd=0.448 capv=0.040 lr=1.0e-03 gen=0.1s conv=0.0s add=0.1s train=1.6s sps=0
[t= 274.0s] greedy ep142 games=  96 dec= 19888 rows= 19018 horizon=0.41 nodecap=0 over=0 card=0 exact=0 drop=0 cfgs= 25.7 L=0.00935 P=nan old=0.00940 new=0.00671 tgt=-0.030/0.458 pstd=0.463 capv=0.040 lr=1.0e-03 gen=0.1s conv=0.0s add=0.1s train=1.8s sps=0
[t= 276.0s] greedy ep143 games=  96 dec= 18949 rows= 18170 horizon=0.33 nodecap=0 over=0 card=0 exact=0 drop=0 cfgs= 27.1 L=0.00936 P=nan old=0.00931 new=0.00653 tgt=-0.021/0.495 pstd=0.451 capv=0.040 lr=1.0e-03 gen=0.1s conv=0.0s add=0.1s train=1.7s sps=0
[t= 277.9s] greedy ep144 games=  96 dec= 18306 rows= 17417 horizon=0.25 nodecap=0 over=0 card=0 exact=0 drop=0 cfgs= 27.7 L=0.00899 P=nan old=0.00863 new=0.00544 tgt=-0.022/0.510 pstd=0.430 capv=0.040 lr=1.0e-03 gen=0.1s conv=0.0s add=0.1s train=1.7s sps=0
[t= 279.8s] greedy ep145 games=  96 dec= 17985 rows= 17308 horizon=0.29 nodecap=0 over=0 card=0 exact=0 drop=0 cfgs= 26.5 L=0.00934 P=nan old=0.00916 new=0.00717 tgt=-0.065/0.515 pstd=0.431 capv=0.040 lr=1.0e-03 gen=0.1s conv=0.0s add=0.1s train=1.7s sps=0
[t= 281.7s] greedy ep146 games=  96 dec= 18221 rows= 17454 horizon=0.23 nodecap=0 over=0 card=0 exact=0 drop=0 cfgs= 29.3 L=0.00911 P=nan old=0.00920 new=0.00681 tgt=-0.015/0.508 pstd=0.432 capv=0.040 lr=1.0e-03 gen=0.1s conv=0.0s add=0.1s train=1.7s sps=0
[t= 283.7s] greedy ep147 games=  96 dec= 19030 rows= 18308 horizon=0.32 nodecap=0 over=0 card=0 exact=0 drop=0 cfgs= 24.8 L=0.00900 P=nan old=0.00808 new=0.00622 tgt=-0.024/0.488 pstd=0.407 capv=0.040 lr=1.0e-03 gen=0.1s conv=0.0s add=0.1s train=1.8s sps=0
[t= 285.7s] greedy ep148 games=  96 dec= 18935 rows= 18101 horizon=0.33 nodecap=0 over=0 card=0 exact=0 drop=0 cfgs= 27.8 L=0.00913 P=nan old=0.00987 new=0.00571 tgt=-0.028/0.482 pstd=0.406 capv=0.040 lr=1.0e-03 gen=0.1s conv=0.0s add=0.1s train=1.7s sps=0
[t= 287.5s] greedy ep149 games=  96 dec= 18066 rows= 17249 horizon=0.25 nodecap=0 over=0 card=0 exact=0 drop=0 cfgs= 27.3 L=0.00939 P=nan old=0.00985 new=0.00636 tgt=-0.030/0.517 pstd=0.412 capv=0.040 lr=1.0e-03 gen=0.1s conv=0.0s add=0.1s train=1.6s sps=0
[t= 289.4s] greedy ep150 games=  96 dec= 18435 rows= 17699 horizon=0.35 nodecap=0 over=0 card=0 exact=0 drop=0 cfgs= 26.4 L=0.00905 P=nan old=0.00800 new=0.00556 tgt=-0.052/0.509 pstd=0.425 capv=0.040 lr=1.0e-03 gen=0.1s conv=0.0s add=0.1s train=1.7s sps=0
[t= 291.4s] greedy ep151 games=  96 dec= 18698 rows= 17940 horizon=0.28 nodecap=0 over=0 card=0 exact=0 drop=0 cfgs= 26.6 L=0.00867 P=nan old=0.00789 new=0.00547 tgt=-0.033/0.516 pstd=0.414 capv=0.040 lr=1.0e-03 gen=0.1s conv=0.0s add=0.1s train=1.7s sps=0
[t= 293.4s] greedy ep152 games=  96 dec= 18853 rows= 18118 horizon=0.32 nodecap=0 over=0 card=0 exact=0 drop=0 cfgs= 26.3 L=0.00841 P=nan old=0.00846 new=0.00572 tgt=-0.072/0.483 pstd=0.423 capv=0.040 lr=1.0e-03 gen=0.1s conv=0.0s add=0.1s train=1.7s sps=0
[t= 295.1s] greedy ep153 games=  96 dec= 16700 rows= 15995 horizon=0.20 nodecap=0 over=0 card=0 exact=0 drop=0 cfgs= 29.1 L=0.00927 P=nan old=0.00938 new=0.00626 tgt=-0.042/0.531 pstd=0.427 capv=0.040 lr=1.0e-03 gen=0.1s conv=0.0s add=0.1s train=1.5s sps=0
[t= 297.1s] greedy ep154 games=  96 dec= 18825 rows= 18060 horizon=0.30 nodecap=0 over=0 card=0 exact=0 drop=0 cfgs= 25.9 L=0.00904 P=nan old=0.00737 new=0.00510 tgt=-0.046/0.503 pstd=0.437 capv=0.040 lr=1.0e-03 gen=0.1s conv=0.0s add=0.1s train=1.7s sps=0
[t= 299.1s] greedy ep155 games=  96 dec= 19086 rows= 18303 horizon=0.30 nodecap=0 over=0 card=0 exact=0 drop=0 cfgs= 26.0 L=0.00877 P=nan old=0.00801 new=0.00588 tgt=-0.029/0.509 pstd=0.431 capv=0.040 lr=1.0e-03 gen=0.1s conv=0.0s add=0.1s train=1.7s sps=0
[t= 301.0s] greedy ep156 games=  96 dec= 18232 rows= 17424 horizon=0.25 nodecap=0 over=0 card=0 exact=0 drop=0 cfgs= 27.1 L=0.00928 P=nan old=0.00892 new=0.00653 tgt=-0.026/0.548 pstd=0.421 capv=0.040 lr=1.0e-03 gen=0.1s conv=0.0s add=0.1s train=1.7s sps=0
[t= 301.0s] --- snapshot snap_00.pt (init) ---
[t= 301.0s] --- switching to ReBeL ---
v5 GEMM compute=fast-f16
[t= 311.0s] rebel stream solves=15360 raw=1536/s balanced=1536/s debt=0 rows steps=60 over=0 card=0 drop=0 L=0.02396 tgt=-0.004/0.274 cfg/b=41194 prep=0.34s gpu=0.00s conv=0.02s add=0.52s train=1.89s
[t= 321.0s] rebel stream solves=43008 raw=2148/s balanced=2148/s debt=0 rows steps=168 over=0 card=0 drop=0 L=0.00487 tgt=-0.004/0.237 cfg/b=50131 prep=0.51s gpu=0.00s conv=0.04s add=1.23s train=3.36s
[t= 331.1s] rebel stream solves=60416 raw=2008/s balanced=2008/s debt=0 rows steps=236 over=0 card=0 drop=0 L=0.00253 tgt=-0.005/0.248 cfg/b=30090 prep=0.35s gpu=0.00s conv=0.02s add=0.55s train=2.09s
[t= 341.1s] rebel stream solves=78848 raw=1966/s balanced=1966/s debt=0 rows steps=308 over=0 card=0 drop=0 L=0.00227 tgt=-0.005/0.257 cfg/b=28377 prep=0.38s gpu=0.00s conv=0.01s add=0.43s train=2.28s
[t= 351.1s] rebel stream solves=95232 raw=1900/s balanced=1900/s debt=0 rows steps=372 over=0 card=0 drop=0 L=0.00216 tgt=-0.014/0.280 cfg/b=22169 prep=0.37s gpu=0.00s conv=0.01s add=0.28s train=2.08s
[t= 361.2s] rebel stream solves=108544 raw=1802/s balanced=1802/s debt=0 rows steps=424 over=0 card=0 drop=0 L=0.00208 tgt=-0.020/0.294 cfg/b=20308 prep=0.33s gpu=0.00s conv=0.01s add=0.22s train=1.73s
[t= 371.3s] rebel stream solves=120832 raw=1720/s balanced=1720/s debt=0 rows steps=472 over=0 card=0 drop=0 L=0.00225 tgt=-0.014/0.308 cfg/b=19301 prep=0.33s gpu=0.00s conv=0.00s add=0.18s train=1.57s
[t= 381.3s] rebel stream solves=134144 raw=1672/s balanced=1672/s debt=0 rows steps=524 over=0 card=0 drop=0 L=0.00231 tgt=-0.012/0.318 cfg/b=17495 prep=0.32s gpu=0.00s conv=0.00s add=0.18s train=1.72s
[t= 391.3s] rebel stream solves=147456 raw=1633/s balanced=1633/s debt=0 rows steps=576 over=0 card=0 drop=0 L=0.00278 tgt=-0.020/0.339 cfg/b=16589 prep=0.33s gpu=0.00s conv=0.01s add=0.21s train=1.75s
[t= 401.3s] rebel stream solves=160768 raw=1603/s balanced=1603/s debt=0 rows steps=628 over=0 card=0 drop=0 L=0.00372 tgt=-0.013/0.338 cfg/b=15773 prep=0.26s gpu=0.00s conv=0.01s add=0.17s train=1.54s
[t= 411.3s] rebel stream solves=175104 raw=1587/s balanced=1587/s debt=0 rows steps=684 over=0 card=0 drop=0 L=0.00414 tgt=+0.001/0.332 cfg/b=15559 prep=0.33s gpu=0.00s conv=0.01s add=0.19s train=1.73s
[t= 421.4s] rebel stream solves=188416 raw=1565/s balanced=1565/s debt=0 rows steps=736 over=0 card=0 drop=0 L=0.00519 tgt=-0.012/0.312 cfg/b=15486 prep=0.26s gpu=0.00s conv=0.01s add=0.22s train=1.49s
[t= 431.4s] rebel stream solves=203776 raw=1563/s balanced=1563/s debt=0 rows steps=796 over=0 card=0 drop=0 L=0.00618 tgt=+0.006/0.312 cfg/b=15448 prep=0.34s gpu=0.00s conv=0.01s add=0.25s train=1.82s
[t= 441.5s] rebel stream solves=219136 raw=1560/s balanced=1560/s debt=0 rows steps=856 over=0 card=0 drop=0 L=0.00671 tgt=+0.014/0.301 cfg/b=16007 prep=0.36s gpu=0.00s conv=0.01s add=0.28s train=1.85s
[t= 451.5s] rebel stream solves=232448 raw=1545/s balanced=1545/s debt=0 rows steps=908 over=0 card=0 drop=0 L=0.00729 tgt=+0.014/0.293 cfg/b=16306 prep=0.33s gpu=0.00s conv=0.01s add=0.27s train=1.59s
[t= 461.5s] rebel stream solves=245760 raw=1531/s balanced=1531/s debt=0 rows steps=960 over=0 card=0 drop=0 L=0.00770 tgt=+0.010/0.289 cfg/b=17057 prep=0.31s gpu=0.00s conv=0.01s add=0.30s train=1.63s
[t= 471.5s] rebel stream solves=260096 raw=1525/s balanced=1525/s debt=0 rows steps=1016 over=0 card=0 drop=0 L=0.00799 tgt=+0.006/0.283 cfg/b=17609 prep=0.32s gpu=0.00s conv=0.01s add=0.40s train=1.78s
[t= 481.5s] rebel stream solves=273408 raw=1514/s balanced=1514/s debt=0 rows steps=1068 over=0 card=0 drop=0 L=0.00844 tgt=+0.004/0.265 cfg/b=17969 prep=0.27s gpu=0.00s conv=0.01s add=0.37s train=1.53s
[t= 491.6s] rebel stream solves=285696 raw=1499/s balanced=1499/s debt=0 rows steps=1116 over=0 card=0 drop=0 L=0.00840 tgt=+0.008/0.261 cfg/b=17638 prep=0.24s gpu=0.00s conv=0.01s add=0.39s train=1.47s
[t= 501.6s] rebel stream solves=297984 raw=1486/s balanced=1486/s debt=0 rows steps=1164 over=0 card=0 drop=0 L=0.00872 tgt=+0.010/0.260 cfg/b=18726 prep=0.28s gpu=0.00s conv=0.01s add=0.43s train=1.47s
[t= 511.7s] rebel stream solves=310272 raw=1473/s balanced=1473/s debt=0 rows steps=1212 over=0 card=0 drop=0 L=0.00902 tgt=+0.002/0.250 cfg/b=19897 prep=0.24s gpu=0.00s conv=0.01s add=0.45s train=1.38s
[t= 521.7s] rebel stream solves=320512 raw=1452/s balanced=1452/s debt=0 rows steps=1252 over=0 card=0 drop=0 L=0.00904 tgt=+0.010/0.256 cfg/b=20574 prep=0.22s gpu=0.00s conv=0.01s add=0.38s train=1.12s
[t= 531.7s] rebel stream solves=330752 raw=1434/s balanced=1434/s debt=0 rows steps=1292 over=0 card=0 drop=0 L=0.00886 tgt=+0.001/0.250 cfg/b=21376 prep=0.23s gpu=0.00s conv=0.01s add=0.44s train=1.21s
[t= 541.8s] rebel stream solves=338944 raw=1408/s balanced=1408/s debt=0 rows steps=1324 over=0 card=0 drop=0 L=0.00836 tgt=+0.004/0.247 cfg/b=22523 prep=0.12s gpu=0.00s conv=0.01s add=0.32s train=0.87s
[t= 551.9s] rebel stream solves=349184 raw=1392/s balanced=1392/s debt=0 rows steps=1364 over=0 card=0 drop=0 L=0.00857 tgt=-0.004/0.250 cfg/b=23878 prep=0.18s gpu=0.00s conv=0.01s add=0.44s train=1.12s
[t= 562.0s] rebel stream solves=359424 raw=1377/s balanced=1377/s debt=0 rows steps=1404 over=0 card=0 drop=0 L=0.00877 tgt=-0.003/0.247 cfg/b=24612 prep=0.21s gpu=0.00s conv=0.01s add=0.43s train=1.13s
[t= 572.2s] rebel stream solves=368640 raw=1359/s balanced=1359/s debt=0 rows steps=1440 over=0 card=0 drop=0 L=0.00824 tgt=-0.012/0.252 cfg/b=26027 prep=0.15s gpu=0.00s conv=0.01s add=0.39s train=0.98s
[t= 582.3s] rebel stream solves=376832 raw=1340/s balanced=1340/s debt=0 rows steps=1472 over=0 card=0 drop=0 L=0.00854 tgt=-0.016/0.256 cfg/b=26281 prep=0.13s gpu=0.00s conv=0.01s add=0.37s train=0.85s
[t= 592.3s] rebel stream solves=385024 raw=1322/s balanced=1322/s debt=0 rows steps=1504 over=0 card=0 drop=0 L=0.00875 tgt=-0.018/0.251 cfg/b=27884 prep=0.28s gpu=0.00s conv=0.01s add=0.39s train=1.07s
[t= 602.3s] rebel stream solves=394240 raw=1308/s balanced=1308/s debt=0 rows steps=1540 over=0 card=0 drop=0 L=0.00872 tgt=-0.014/0.259 cfg/b=28969 prep=0.19s gpu=0.00s conv=0.01s add=0.45s train=1.08s
[t= 612.4s] rebel stream solves=402432 raw=1292/s balanced=1292/s debt=0 rows steps=1572 over=0 card=0 drop=0 L=0.00846 tgt=-0.011/0.257 cfg/b=29551 prep=0.16s gpu=0.00s conv=0.01s add=0.39s train=0.97s
[t= 622.5s] rebel stream solves=411648 raw=1280/s balanced=1280/s debt=0 rows steps=1608 over=0 card=0 drop=0 L=0.00851 tgt=-0.019/0.251 cfg/b=31329 prep=0.16s gpu=0.00s conv=0.01s add=0.47s train=1.04s
[t= 632.5s] rebel stream solves=418816 raw=1263/s balanced=1263/s debt=0 rows steps=1636 over=0 card=0 drop=0 L=0.00889 tgt=-0.029/0.263 cfg/b=30609 prep=0.17s gpu=0.00s conv=0.01s add=0.40s train=0.86s
[t= 642.6s] rebel stream solves=428032 raw=1253/s balanced=1253/s debt=0 rows steps=1672 over=0 card=0 drop=0 L=0.00872 tgt=-0.029/0.266 cfg/b=31328 prep=0.19s gpu=0.00s conv=0.01s add=0.50s train=0.99s
[t= 652.6s] rebel stream solves=436224 raw=1241/s balanced=1241/s debt=0 rows steps=1704 over=0 card=0 drop=0 L=0.00858 tgt=-0.022/0.266 cfg/b=32060 prep=0.19s gpu=0.00s conv=0.01s add=0.40s train=0.97s
[t= 662.7s] rebel stream solves=444416 raw=1229/s balanced=1229/s debt=0 rows steps=1736 over=0 card=0 drop=0 L=0.00924 tgt=-0.030/0.265 cfg/b=31969 prep=0.15s gpu=0.00s conv=0.01s add=0.36s train=0.90s
[t= 672.7s] rebel stream solves=453632 raw=1220/s balanced=1220/s debt=0 rows steps=1772 over=0 card=0 drop=0 L=0.00925 tgt=-0.020/0.265 cfg/b=31824 prep=0.16s gpu=0.00s conv=0.01s add=0.45s train=1.02s
[t= 682.7s] rebel stream solves=462848 raw=1212/s balanced=1212/s debt=0 rows steps=1808 over=0 card=0 drop=0 L=0.00906 tgt=-0.036/0.266 cfg/b=33292 prep=0.15s gpu=0.00s conv=0.01s add=0.47s train=0.97s
[t= 692.8s] rebel stream solves=473088 raw=1208/s balanced=1208/s debt=0 rows steps=1848 over=0 card=0 drop=0 L=0.00932 tgt=-0.034/0.267 cfg/b=33970 prep=0.18s gpu=0.00s conv=0.02s add=0.52s train=1.12s
[t= 697.0s] --- lr -> 5.00e-04 ---
[t= 701.0s] --- snapshot snap_01.pt (s1) ---
[t= 702.8s] rebel stream solves=483328 raw=1203/s balanced=1203/s debt=0 rows steps=1888 over=0 card=0 drop=0 L=0.00909 tgt=-0.028/0.256 cfg/b=33813 prep=0.20s gpu=0.00s conv=0.01s add=0.50s train=1.19s
[t= 712.8s] rebel stream solves=494592 raw=1201/s balanced=1201/s debt=0 rows steps=1932 over=0 card=0 drop=0 L=0.00895 tgt=-0.025/0.266 cfg/b=34780 prep=0.19s gpu=0.00s conv=0.02s add=0.58s train=1.27s
[t= 722.8s] rebel stream solves=504832 raw=1197/s balanced=1197/s debt=0 rows steps=1972 over=0 card=0 drop=0 L=0.00904 tgt=-0.029/0.276 cfg/b=35130 prep=0.18s gpu=0.00s conv=0.02s add=0.52s train=1.14s
[t= 732.8s] rebel stream solves=515072 raw=1193/s balanced=1193/s debt=0 rows steps=2012 over=0 card=0 drop=0 L=0.00928 tgt=-0.022/0.265 cfg/b=36342 prep=0.20s gpu=0.00s conv=0.01s add=0.53s train=1.17s
[t= 743.0s] rebel stream solves=526336 raw=1191/s balanced=1191/s debt=0 rows steps=2056 over=0 card=0 drop=0 L=0.00885 tgt=-0.030/0.275 cfg/b=36488 prep=0.22s gpu=0.00s conv=0.01s add=0.54s train=1.26s
[t= 753.0s] rebel stream solves=536576 raw=1187/s balanced=1187/s debt=0 rows steps=2096 over=0 card=0 drop=0 L=0.00968 tgt=-0.027/0.266 cfg/b=37424 prep=0.21s gpu=0.00s conv=0.02s add=0.49s train=1.11s
[t= 763.1s] rebel stream solves=546816 raw=1183/s balanced=1183/s debt=0 rows steps=2136 over=0 card=0 drop=0 L=0.00929 tgt=-0.033/0.268 cfg/b=37876 prep=0.19s gpu=0.00s conv=0.02s add=0.56s train=1.14s
[t= 773.1s] rebel stream solves=556032 raw=1178/s balanced=1178/s debt=0 rows steps=2172 over=0 card=0 drop=0 L=0.00910 tgt=-0.030/0.261 cfg/b=38530 prep=0.16s gpu=0.00s conv=0.02s add=0.51s train=1.05s
[t= 783.3s] rebel stream solves=565248 raw=1172/s balanced=1172/s debt=0 rows steps=2208 over=0 card=0 drop=0 L=0.00947 tgt=-0.026/0.250 cfg/b=39066 prep=0.17s gpu=0.00s conv=0.02s add=0.58s train=1.03s
[t= 793.4s] rebel stream solves=572416 raw=1163/s balanced=1163/s debt=0 rows steps=2236 over=0 card=0 drop=0 L=0.00953 tgt=-0.033/0.262 cfg/b=40442 prep=0.21s gpu=0.00s conv=0.01s add=0.44s train=0.87s
[t= 803.4s] rebel stream solves=583680 raw=1162/s balanced=1162/s debt=0 rows steps=2280 over=0 card=0 drop=0 L=0.00964 tgt=-0.035/0.269 cfg/b=41702 prep=0.21s gpu=0.00s conv=0.02s add=0.63s train=1.22s
[t= 813.5s] rebel stream solves=592896 raw=1157/s balanced=1157/s debt=0 rows steps=2316 over=0 card=0 drop=0 L=0.00927 tgt=-0.039/0.273 cfg/b=42012 prep=0.17s gpu=0.00s conv=0.02s add=0.53s train=1.00s
[t= 823.5s] rebel stream solves=602112 raw=1152/s balanced=1152/s debt=0 rows steps=2352 over=0 card=0 drop=0 L=0.00888 tgt=-0.032/0.269 cfg/b=43563 prep=0.18s gpu=0.00s conv=0.01s add=0.56s train=1.05s
[t= 833.6s] rebel stream solves=611328 raw=1148/s balanced=1148/s debt=0 rows steps=2388 over=0 card=0 drop=0 L=0.00872 tgt=-0.043/0.261 cfg/b=44314 prep=0.15s gpu=0.00s conv=0.02s add=0.57s train=0.96s
[t= 843.8s] rebel stream solves=620544 raw=1143/s balanced=1143/s debt=0 rows steps=2424 over=0 card=0 drop=0 L=0.00899 tgt=-0.041/0.267 cfg/b=45398 prep=0.18s gpu=0.00s conv=0.02s add=0.61s train=1.06s
[t= 853.8s] rebel stream solves=628736 raw=1137/s balanced=1137/s debt=0 rows steps=2456 over=0 card=0 drop=0 L=0.00898 tgt=-0.051/0.275 cfg/b=45249 prep=0.13s gpu=0.00s conv=0.02s add=0.55s train=0.90s
[t= 863.9s] rebel stream solves=636928 raw=1132/s balanced=1132/s debt=0 rows steps=2488 over=0 card=0 drop=0 L=0.00878 tgt=-0.051/0.271 cfg/b=46498 prep=0.16s gpu=0.00s conv=0.02s add=0.50s train=0.93s
[t= 873.9s] rebel stream solves=642048 raw=1121/s balanced=1121/s debt=0 rows steps=2508 over=0 card=0 drop=0 L=0.00929 tgt=-0.049/0.277 cfg/b=46653 prep=0.10s gpu=0.00s conv=0.01s add=0.32s train=0.58s
[t= 883.9s] rebel stream solves=649216 raw=1114/s balanced=1114/s debt=0 rows steps=2536 over=1 card=1 drop=0 L=0.00925 tgt=-0.053/0.275 cfg/b=46935 prep=0.13s gpu=0.00s conv=0.02s add=0.47s train=0.77s
[t= 894.0s] rebel stream solves=656384 raw=1107/s balanced=1107/s debt=0 rows steps=2564 over=1 card=1 drop=0 L=0.00931 tgt=-0.044/0.269 cfg/b=45895 prep=0.12s gpu=0.00s conv=0.02s add=0.48s train=0.77s
[t= 904.3s] rebel stream solves=663552 raw=1100/s balanced=1100/s debt=0 rows steps=2592 over=1 card=1 drop=0 L=0.00909 tgt=-0.055/0.278 cfg/b=48288 prep=0.14s gpu=0.00s conv=0.02s add=0.43s train=0.82s
[t= 914.5s] rebel stream solves=671744 raw=1095/s balanced=1095/s debt=0 rows steps=2624 over=1 card=1 drop=0 L=0.00950 tgt=-0.054/0.273 cfg/b=47171 prep=0.17s gpu=0.00s conv=0.02s add=0.52s train=0.96s
[t= 924.7s] rebel stream solves=679936 raw=1090/s balanced=1090/s debt=0 rows steps=2656 over=1 card=1 drop=0 L=0.00979 tgt=-0.052/0.287 cfg/b=48304 prep=0.17s gpu=0.00s conv=0.02s add=0.51s train=0.95s
[t= 934.7s] rebel stream solves=687104 raw=1084/s balanced=1084/s debt=0 rows steps=2684 over=1 card=1 drop=0 L=0.00969 tgt=-0.047/0.286 cfg/b=47796 prep=0.14s gpu=0.00s conv=0.01s add=0.45s train=0.84s
[t= 944.9s] rebel stream solves=695296 raw=1080/s balanced=1080/s debt=0 rows steps=2716 over=1 card=1 drop=0 L=0.00937 tgt=-0.039/0.289 cfg/b=49222 prep=0.17s gpu=0.00s conv=0.02s add=0.49s train=0.93s
[t= 954.9s] rebel stream solves=702464 raw=1074/s balanced=1074/s debt=0 rows steps=2744 over=1 card=1 drop=0 L=0.00914 tgt=-0.045/0.293 cfg/b=47777 prep=0.16s gpu=0.00s conv=0.02s add=0.46s train=0.87s
[t= 965.0s] rebel stream solves=710656 raw=1070/s balanced=1070/s debt=0 rows steps=2776 over=1 card=1 drop=0 L=0.00933 tgt=-0.038/0.292 cfg/b=49256 prep=0.15s gpu=0.00s conv=0.02s add=0.47s train=0.95s
[t= 975.0s] rebel stream solves=717824 raw=1065/s balanced=1065/s debt=0 rows steps=2804 over=1 card=1 drop=0 L=0.00928 tgt=-0.041/0.301 cfg/b=49516 prep=0.17s gpu=0.00s conv=0.01s add=0.45s train=0.88s
[t= 985.0s] rebel stream solves=722944 raw=1057/s balanced=1057/s debt=0 rows steps=2824 over=2 card=1 drop=0 L=0.00951 tgt=-0.034/0.292 cfg/b=47992 prep=0.08s gpu=0.00s conv=0.01s add=0.32s train=0.55s
[t= 995.1s] rebel stream solves=730112 raw=1052/s balanced=1052/s debt=0 rows steps=2852 over=2 card=1 drop=0 L=0.00904 tgt=-0.047/0.296 cfg/b=48795 prep=0.12s gpu=0.00s conv=0.02s add=0.46s train=0.80s
[t=1005.1s] rebel stream solves=739328 raw=1050/s balanced=1050/s debt=0 rows steps=2888 over=2 card=1 drop=0 L=0.00972 tgt=-0.040/0.288 cfg/b=48295 prep=0.19s gpu=0.00s conv=0.02s add=0.48s train=1.07s
[t=1015.2s] rebel stream solves=748544 raw=1048/s balanced=1048/s debt=0 rows steps=2924 over=2 card=1 drop=0 L=0.00962 tgt=-0.052/0.304 cfg/b=49006 prep=0.19s gpu=0.00s conv=0.02s add=0.58s train=1.05s
[t=1025.3s] rebel stream solves=756736 raw=1045/s balanced=1045/s debt=0 rows steps=2956 over=2 card=1 drop=0 L=0.00964 tgt=-0.064/0.315 cfg/b=49266 prep=0.17s gpu=0.00s conv=0.01s add=0.51s train=0.94s
[t=1035.3s] rebel stream solves=765952 raw=1043/s balanced=1043/s debt=0 rows steps=2992 over=2 card=1 drop=0 L=0.00944 tgt=-0.051/0.300 cfg/b=47980 prep=0.17s gpu=0.00s conv=0.02s add=0.54s train=1.05s
[t=1045.4s] rebel stream solves=775168 raw=1041/s balanced=1041/s debt=0 rows steps=3028 over=2 card=1 drop=0 L=0.00964 tgt=-0.051/0.301 cfg/b=48573 prep=0.16s gpu=0.00s conv=0.02s add=0.54s train=1.01s
[t=1055.4s] rebel stream solves=783360 raw=1038/s balanced=1038/s debt=0 rows steps=3060 over=2 card=1 drop=0 L=0.00974 tgt=-0.047/0.303 cfg/b=48171 prep=0.15s gpu=0.00s conv=0.02s add=0.46s train=0.92s
[t=1065.4s] rebel stream solves=791552 raw=1036/s balanced=1036/s debt=0 rows steps=3092 over=2 card=1 drop=0 L=0.00962 tgt=-0.036/0.301 cfg/b=48143 prep=0.16s gpu=0.00s conv=0.02s add=0.48s train=0.93s
[t=1075.4s] rebel stream solves=800768 raw=1034/s balanced=1034/s debt=0 rows steps=3128 over=2 card=1 drop=0 L=0.01012 tgt=-0.047/0.306 cfg/b=48748 prep=0.15s gpu=0.00s conv=0.01s add=0.56s train=0.99s
[t=1085.5s] rebel stream solves=809984 raw=1033/s balanced=1033/s debt=0 rows steps=3164 over=2 card=1 drop=0 L=0.00983 tgt=-0.048/0.306 cfg/b=47687 prep=0.21s gpu=0.00s conv=0.02s add=0.59s train=1.02s
[t=1095.5s] rebel stream solves=819200 raw=1031/s balanced=1031/s debt=0 rows steps=3200 over=2 card=1 drop=0 L=0.00970 tgt=-0.044/0.305 cfg/b=48694 prep=0.22s gpu=0.00s conv=0.01s add=0.58s train=1.09s
[t=1101.1s] --- snapshot snap_02.pt (s2) ---
[t=1105.0s] --- lr -> 2.50e-04 ---
[t=1105.6s] rebel stream solves=829440 raw=1031/s balanced=1031/s debt=0 rows steps=3240 over=2 card=1 drop=0 L=0.01024 tgt=-0.048/0.304 cfg/b=47490 prep=0.18s gpu=0.00s conv=0.02s add=0.65s train=1.13s
[t=1115.6s] rebel stream solves=838656 raw=1030/s balanced=1030/s debt=0 rows steps=3276 over=2 card=1 drop=0 L=0.00999 tgt=-0.049/0.308 cfg/b=47624 prep=0.17s gpu=0.00s conv=0.02s add=0.57s train=1.04s
[t=1125.7s] rebel stream solves=847872 raw=1028/s balanced=1028/s debt=0 rows steps=3312 over=2 card=1 drop=0 L=0.00999 tgt=-0.052/0.302 cfg/b=47971 prep=0.21s gpu=0.00s conv=0.01s add=0.50s train=1.12s
[t=1135.7s] rebel stream solves=857088 raw=1027/s balanced=1027/s debt=0 rows steps=3348 over=2 card=1 drop=0 L=0.00919 tgt=-0.052/0.314 cfg/b=47775 prep=0.19s gpu=0.00s conv=0.01s add=0.54s train=1.10s
[t=1145.7s] rebel stream solves=866304 raw=1026/s balanced=1026/s debt=0 rows steps=3384 over=2 card=1 drop=0 L=0.00941 tgt=-0.057/0.319 cfg/b=46792 prep=0.19s gpu=0.00s conv=0.01s add=0.54s train=1.01s
[t=1155.8s] rebel stream solves=875520 raw=1024/s balanced=1024/s debt=0 rows steps=3420 over=2 card=1 drop=0 L=0.00986 tgt=-0.061/0.331 cfg/b=46767 prep=0.23s gpu=0.00s conv=0.01s add=0.54s train=1.12s
[t=1166.0s] rebel stream solves=884736 raw=1023/s balanced=1023/s debt=0 rows steps=3456 over=2 card=1 drop=0 L=0.00998 tgt=-0.049/0.324 cfg/b=46229 prep=0.20s gpu=0.00s conv=0.02s add=0.50s train=1.09s
[t=1176.1s] rebel stream solves=892928 raw=1020/s balanced=1020/s debt=0 rows steps=3488 over=2 card=1 drop=0 L=0.01031 tgt=-0.053/0.321 cfg/b=46944 prep=0.16s gpu=0.00s conv=0.02s add=0.44s train=0.95s
[t=1186.1s] rebel stream solves=901120 raw=1018/s balanced=1018/s debt=0 rows steps=3520 over=2 card=1 drop=0 L=0.01010 tgt=-0.049/0.323 cfg/b=46999 prep=0.17s gpu=0.00s conv=0.01s add=0.49s train=0.95s
[t=1196.1s] rebel stream solves=910336 raw=1017/s balanced=1017/s debt=0 rows steps=3556 over=2 card=1 drop=0 L=0.01041 tgt=-0.053/0.329 cfg/b=47163 prep=0.16s gpu=0.00s conv=0.02s add=0.47s train=1.01s
[t=1206.1s] rebel stream solves=917504 raw=1014/s balanced=1014/s debt=0 rows steps=3584 over=2 card=1 drop=0 L=0.01022 tgt=-0.061/0.336 cfg/b=46995 prep=0.24s gpu=0.00s conv=0.02s add=0.44s train=0.93s
[t=1216.1s] rebel stream solves=925696 raw=1012/s balanced=1012/s debt=0 rows steps=3616 over=2 card=1 drop=0 L=0.00984 tgt=-0.062/0.332 cfg/b=47254 prep=0.19s gpu=0.00s conv=0.01s add=0.55s train=0.99s
[t=1226.1s] rebel stream solves=933888 raw=1009/s balanced=1009/s debt=0 rows steps=3648 over=2 card=1 drop=0 L=0.00998 tgt=-0.061/0.327 cfg/b=45700 prep=0.17s gpu=0.00s conv=0.02s add=0.48s train=0.98s
[t=1236.4s] rebel stream solves=942080 raw=1007/s balanced=1007/s debt=0 rows steps=3680 over=2 card=1 drop=0 L=0.01009 tgt=-0.054/0.323 cfg/b=45933 prep=0.15s gpu=0.00s conv=0.02s add=0.49s train=0.95s
[t=1246.5s] rebel stream solves=951296 raw=1006/s balanced=1006/s debt=0 rows steps=3716 over=2 card=1 drop=0 L=0.00994 tgt=-0.061/0.328 cfg/b=46470 prep=0.20s gpu=0.00s conv=0.02s add=0.56s train=1.11s
[t=1256.5s] rebel stream solves=959488 raw=1004/s balanced=1004/s debt=0 rows steps=3748 over=2 card=1 drop=0 L=0.00997 tgt=-0.047/0.318 cfg/b=46069 prep=0.17s gpu=0.00s conv=0.01s add=0.44s train=0.98s
[t=1266.5s] rebel stream solves=967680 raw=1002/s balanced=1002/s debt=0 rows steps=3780 over=2 card=1 drop=0 L=0.01005 tgt=-0.054/0.329 cfg/b=46138 prep=0.22s gpu=0.00s conv=0.02s add=0.46s train=1.01s
[t=1276.5s] rebel stream solves=977920 raw=1002/s balanced=1002/s debt=0 rows steps=3820 over=2 card=1 drop=0 L=0.00983 tgt=-0.057/0.336 cfg/b=44866 prep=0.20s gpu=0.00s conv=0.02s add=0.60s train=1.17s
[t=1286.6s] rebel stream solves=987136 raw=1002/s balanced=1002/s debt=0 rows steps=3856 over=2 card=1 drop=0 L=0.00946 tgt=-0.064/0.339 cfg/b=45569 prep=0.16s gpu=0.00s conv=0.02s add=0.58s train=1.03s
[t=1296.6s] rebel stream solves=995328 raw=1000/s balanced=1000/s debt=0 rows steps=3888 over=2 card=1 drop=0 L=0.01018 tgt=-0.052/0.334 cfg/b=45451 prep=0.15s gpu=0.00s conv=0.01s add=0.49s train=0.92s
[t=1306.6s] rebel stream solves=1004544 raw=999/s balanced=999/s debt=0 rows steps=3924 over=2 card=1 drop=0 L=0.00955 tgt=-0.057/0.333 cfg/b=45861 prep=0.20s gpu=0.00s conv=0.02s add=0.53s train=1.13s
[t=1316.7s] rebel stream solves=1013760 raw=998/s balanced=998/s debt=0 rows steps=3960 over=2 card=1 drop=0 L=0.01030 tgt=-0.050/0.329 cfg/b=45685 prep=0.18s gpu=0.00s conv=0.01s add=0.57s train=1.07s
[t=1326.9s] rebel stream solves=1024000 raw=998/s balanced=998/s debt=0 rows steps=4000 over=2 card=1 drop=0 L=0.01013 tgt=-0.066/0.331 cfg/b=45056 prep=0.20s gpu=0.00s conv=0.02s add=0.59s train=1.11s
[t=1336.9s] rebel stream solves=1034240 raw=998/s balanced=998/s debt=0 rows steps=4040 over=2 card=1 drop=0 L=0.01014 tgt=-0.065/0.338 cfg/b=45982 prep=0.17s gpu=0.00s conv=0.02s add=0.58s train=1.13s
[t=1347.0s] rebel stream solves=1042432 raw=997/s balanced=997/s debt=0 rows steps=4072 over=2 card=1 drop=0 L=0.00999 tgt=-0.057/0.330 cfg/b=45377 prep=0.21s gpu=0.00s conv=0.01s add=0.46s train=1.04s
[t=1357.0s] rebel stream solves=1050624 raw=995/s balanced=995/s debt=0 rows steps=4104 over=2 card=1 drop=0 L=0.00996 tgt=-0.064/0.344 cfg/b=45750 prep=0.14s gpu=0.00s conv=0.01s add=0.44s train=0.89s
[t=1367.0s] rebel stream solves=1059840 raw=994/s balanced=994/s debt=0 rows steps=4140 over=2 card=1 drop=0 L=0.00999 tgt=-0.059/0.340 cfg/b=45274 prep=0.18s gpu=0.00s conv=0.01s add=0.49s train=0.99s
[t=1377.0s] rebel stream solves=1069056 raw=994/s balanced=994/s debt=0 rows steps=4176 over=2 card=1 drop=0 L=0.00998 tgt=-0.052/0.340 cfg/b=45305 prep=0.19s gpu=0.00s conv=0.01s add=0.52s train=1.09s
[t=1387.1s] rebel stream solves=1077248 raw=992/s balanced=992/s debt=0 rows steps=4208 over=2 card=1 drop=0 L=0.01007 tgt=-0.058/0.337 cfg/b=45988 prep=0.22s gpu=0.00s conv=0.01s add=0.40s train=1.02s
[t=1397.1s] rebel stream solves=1086464 raw=991/s balanced=991/s debt=0 rows steps=4244 over=2 card=1 drop=0 L=0.00994 tgt=-0.069/0.356 cfg/b=44345 prep=0.17s gpu=0.00s conv=0.01s add=0.49s train=1.08s
[t=1407.1s] rebel stream solves=1096704 raw=991/s balanced=991/s debt=0 rows steps=4284 over=2 card=1 drop=0 L=0.01017 tgt=-0.080/0.352 cfg/b=45013 prep=0.17s gpu=0.00s conv=0.02s add=0.56s train=1.14s
[t=1417.2s] rebel stream solves=1106944 raw=992/s balanced=992/s debt=0 rows steps=4324 over=2 card=1 drop=0 L=0.00999 tgt=-0.068/0.341 cfg/b=44444 prep=0.19s gpu=0.00s conv=0.02s add=0.53s train=1.16s
[t=1427.2s] rebel stream solves=1116160 raw=991/s balanced=991/s debt=0 rows steps=4360 over=2 card=1 drop=0 L=0.01004 tgt=-0.056/0.342 cfg/b=44231 prep=0.16s gpu=0.00s conv=0.02s add=0.48s train=1.01s
[t=1437.2s] rebel stream solves=1125376 raw=990/s balanced=990/s debt=0 rows steps=4396 over=2 card=1 drop=0 L=0.01008 tgt=-0.057/0.342 cfg/b=43734 prep=0.19s gpu=0.00s conv=0.01s add=0.49s train=1.06s
[t=1447.2s] rebel stream solves=1135616 raw=991/s balanced=991/s debt=0 rows steps=4436 over=2 card=1 drop=0 L=0.01023 tgt=-0.062/0.341 cfg/b=42965 prep=0.18s gpu=0.00s conv=0.01s add=0.48s train=1.15s
[t=1457.6s] rebel stream solves=1146880 raw=992/s balanced=992/s debt=0 rows steps=4480 over=2 card=1 drop=0 L=0.01026 tgt=-0.052/0.347 cfg/b=42788 prep=0.20s gpu=0.00s conv=0.02s add=0.58s train=1.21s
[t=1467.6s] rebel stream solves=1157120 raw=992/s balanced=992/s debt=0 rows steps=4520 over=2 card=1 drop=0 L=0.01038 tgt=-0.044/0.344 cfg/b=42451 prep=0.18s gpu=0.00s conv=0.01s add=0.50s train=1.13s
[t=1477.6s] rebel stream solves=1168384 raw=993/s balanced=993/s debt=0 rows steps=4564 over=2 card=1 drop=0 L=0.01036 tgt=-0.041/0.345 cfg/b=41889 prep=0.19s gpu=0.00s conv=0.01s add=0.55s train=1.23s
[t=1480.3s] --- stopping GPU admission; draining ---
[t=1487.7s] rebel stream solves=1172480 raw=988/s balanced=988/s debt=0 rows steps=4580 over=2 card=1 drop=0 L=0.00936 tgt=-0.035/0.349 cfg/b=41655 prep=0.07s gpu=0.00s conv=0.01s add=0.21s train=0.46s
[t=1497.7s] rebel stream solves=1172480 raw=980/s balanced=980/s debt=0 rows steps=4580 over=2 card=1 drop=0 L=0.00000 tgt=+0.000/0.000 cfg/b=0 prep=0.00s gpu=0.00s conv=0.00s add=0.00s train=0.00s
[t=1499.8s] rebel stream solves=1172892 raw=978/s balanced=978/s debt=624 rows steps=4581 over=2 card=1 drop=0 L=0.00891 tgt=-0.080/0.330 cfg/b=39988 prep=0.01s gpu=0.00s conv=0.00s add=0.03s train=0.03s
[gpu-summary] solves=1172892 optimizer_rows=4690944 debt=624 raw=978.2/s balanced=978.1/s over=2 card=1 exact=0 censored=4608 dropped=0 overrun=0.00s
[t=1500.0s] --- snapshot snap_03.pt (final) ---
[report] runs/projection-base-s2/report.html
