[train] runs/gt_target_smoke at 1feb485+dirty seed=1 {'minutes': 3.0, 'warm_minutes': 0.5, 'snapshot_every': 1.0, 'ladder_games': 0, 'note': 'five-minute-target-network-profile'}
[train] five-minute-target-network-profile
[cpu] pinned to 36 physical cores
[train] CUDA stream priority -1
[cfg] PUBFEAT=897 CFEAT=15 architecture=gt-cfr nodes=256 expand=4 iters=16 budget=180s warm=30s snapshot_every=1min device=cuda:1 draft=random train_gen_ratio=64.0 recent_mix=0.5/0.2 canonical_views=2 cap=2000000 matmul=high
[t=   1.6s] greedy ep  0 games=  96 dec= 18968 rows= 18118 horizon=0.30 L=2.22109 L/var=15.08 tgt=-0.065/0.384 pstd=0.088 gen=0.1s train=1.4s
[t=   2.7s] greedy ep  1 games=  96 dec= 18844 rows= 18051 horizon=0.33 L=0.54145 L/var=3.12 tgt=-0.083/0.417 pstd=0.059 gen=0.1s train=0.9s
[t=   3.7s] greedy ep  2 games=  96 dec= 18181 rows= 17414 horizon=0.27 L=0.45045 L/var=2.85 tgt=-0.076/0.397 pstd=0.045 gen=0.1s train=0.8s
[t=   4.8s] greedy ep  3 games=  96 dec= 17989 rows= 17120 horizon=0.26 L=0.33686 L/var=2.22 tgt=-0.077/0.389 pstd=0.041 gen=0.1s train=0.9s
[t=   6.0s] greedy ep  4 games=  96 dec= 18823 rows= 18078 horizon=0.29 L=0.29761 L/var=1.93 tgt=-0.064/0.392 pstd=0.033 gen=0.1s train=1.0s
[t=   7.1s] greedy ep  5 games=  96 dec= 18924 rows= 18146 horizon=0.33 L=0.29059 L/var=1.97 tgt=-0.051/0.384 pstd=0.053 gen=0.1s train=0.9s
[t=   8.2s] greedy ep  6 games=  96 dec= 17615 rows= 16921 horizon=0.26 L=0.23536 L/var=1.46 tgt=-0.082/0.402 pstd=0.081 gen=0.1s train=0.8s
[t=   9.3s] greedy ep  7 games=  96 dec= 18608 rows= 17786 horizon=0.36 L=0.21677 L/var=1.25 tgt=-0.092/0.417 pstd=0.109 gen=0.1s train=0.9s
[t=  10.6s] greedy ep  8 games=  96 dec= 19040 rows= 18296 horizon=0.36 L=0.22882 L/var=1.44 tgt=-0.064/0.398 pstd=0.071 gen=0.1s train=1.0s
[t=  11.7s] greedy ep  9 games=  96 dec= 18200 rows= 17459 horizon=0.27 L=0.22460 L/var=1.33 tgt=-0.090/0.411 pstd=0.085 gen=0.1s train=0.8s
[t=  12.8s] greedy ep 10 games=  96 dec= 17927 rows= 17200 horizon=0.24 L=0.22522 L/var=1.38 tgt=-0.082/0.404 pstd=0.079 gen=0.1s train=0.9s
[t=  13.8s] greedy ep 11 games=  96 dec= 17941 rows= 17162 horizon=0.28 L=0.22373 L/var=1.40 tgt=-0.100/0.400 pstd=0.106 gen=0.1s train=0.9s
[t=  14.8s] greedy ep 12 games=  96 dec= 17384 rows= 16648 horizon=0.25 L=0.22217 L/var=1.62 tgt=-0.053/0.370 pstd=0.089 gen=0.1s train=0.8s
[t=  15.9s] greedy ep 13 games=  96 dec= 18153 rows= 17377 horizon=0.28 L=0.21916 L/var=1.37 tgt=-0.090/0.400 pstd=0.129 gen=0.1s train=0.9s
[t=  16.9s] greedy ep 14 games=  96 dec= 18097 rows= 17377 horizon=0.26 L=0.21440 L/var=1.42 tgt=-0.061/0.388 pstd=0.136 gen=0.1s train=0.8s
[t=  18.0s] greedy ep 15 games=  96 dec= 18356 rows= 17581 horizon=0.30 L=0.22172 L/var=1.34 tgt=-0.075/0.407 pstd=0.153 gen=0.1s train=0.9s
[t=  19.1s] greedy ep 16 games=  96 dec= 19141 rows= 18328 horizon=0.32 L=0.21305 L/var=1.33 tgt=-0.060/0.400 pstd=0.153 gen=0.1s train=0.9s
[t=  20.2s] greedy ep 17 games=  96 dec= 18885 rows= 18173 horizon=0.30 L=0.21383 L/var=1.27 tgt=-0.075/0.410 pstd=0.110 gen=0.1s train=0.9s
[t=  21.3s] greedy ep 18 games=  96 dec= 17886 rows= 17103 horizon=0.25 L=0.21201 L/var=1.42 tgt=-0.064/0.386 pstd=0.169 gen=0.1s train=0.8s
[t=  22.3s] greedy ep 19 games=  96 dec= 17738 rows= 16961 horizon=0.23 L=0.21261 L/var=1.13 tgt=-0.108/0.433 pstd=0.172 gen=0.1s train=0.8s
[t=  23.3s] greedy ep 20 games=  96 dec= 17716 rows= 17039 horizon=0.28 L=0.20895 L/var=1.13 tgt=-0.090/0.429 pstd=0.138 gen=0.1s train=0.8s
[t=  24.4s] greedy ep 21 games=  96 dec= 17777 rows= 17032 horizon=0.23 L=0.20055 L/var=1.25 tgt=-0.097/0.401 pstd=0.182 gen=0.1s train=0.8s
[t=  25.5s] greedy ep 22 games=  96 dec= 18472 rows= 17732 horizon=0.33 L=0.22644 L/var=1.44 tgt=-0.079/0.396 pstd=0.116 gen=0.1s train=0.8s
[t=  26.5s] greedy ep 23 games=  96 dec= 18429 rows= 17627 horizon=0.27 L=0.23146 L/var=1.51 tgt=-0.079/0.391 pstd=0.133 gen=0.1s train=0.8s
[t=  27.6s] greedy ep 24 games=  96 dec= 18992 rows= 18327 horizon=0.35 L=0.20787 L/var=1.22 tgt=-0.080/0.412 pstd=0.159 gen=0.1s train=0.9s
[t=  28.7s] greedy ep 25 games=  96 dec= 18039 rows= 17262 horizon=0.23 L=0.20000 L/var=1.14 tgt=-0.097/0.418 pstd=0.155 gen=0.1s train=0.8s
[t=  29.8s] greedy ep 26 games=  96 dec= 19627 rows= 18805 horizon=0.33 L=0.19911 L/var=1.17 tgt=-0.078/0.412 pstd=0.178 gen=0.1s train=0.9s
[t=  30.9s] greedy ep 27 games=  96 dec= 18752 rows= 17930 horizon=0.27 L=0.28527 L/var=1.77 tgt=-0.057/0.401 pstd=0.089 gen=0.1s train=0.9s
[t=  30.9s] --- snapshot snap_00.pt (init) ---
[t=  30.9s] --- switching to GT-CFR ---
[t=  42.3s] GT-CFR solves=296 rate=25.8/s rows=117 games=0 caps=0 L=0.00203 L/var=0.95 tgt=-0.043/0.046 gen=5.21s train=0.09s gpu=0.00s
[t=  55.0s] GT-CFR solves=872 rate=36.2/s rows=87 games=0 caps=0 L=0.00208 L/var=1.74 tgt=-0.026/0.035 gen=6.15s train=0.09s gpu=0.00s
[t=  66.7s] GT-CFR solves=1432 rate=40.0/s rows=66 games=0 caps=0 L=0.00188 L/var=0.88 tgt=+0.022/0.046 gen=5.57s train=0.09s gpu=0.00s
[t=  77.0s] GT-CFR solves=1936 rate=42.0/s rows=85 games=0 caps=0 L=0.00170 L/var=2.20 tgt=+0.004/0.028 gen=7.13s train=0.08s gpu=0.00s
[t=  80.6s] --- lr -> 5.00e-04 ---
[t=  87.0s] GT-CFR solves=2368 rate=42.2/s rows=54 games=0 caps=0 L=0.00164 L/var=0.83 tgt=+0.024/0.045 gen=7.15s train=0.04s gpu=0.00s
[t=  91.2s] --- snapshot snap_01.pt (s1) ---
[t=  97.2s] GT-CFR solves=2752 rate=41.5/s rows=30 games=0 caps=0 L=0.00158 L/var=0.42 tgt=-0.071/0.062 gen=5.77s train=0.07s gpu=0.00s
[t= 107.5s] GT-CFR solves=3200 rate=41.8/s rows=74 games=0 caps=0 L=0.00221 L/var=2.45 tgt=-0.000/0.030 gen=5.38s train=0.09s gpu=0.00s
[t= 117.7s] GT-CFR solves=3656 rate=42.1/s rows=23 games=0 caps=0 L=0.00223 L/var=1.83 tgt=-0.028/0.035 gen=7.54s train=0.09s gpu=0.00s
[t= 127.8s] GT-CFR solves=4072 rate=42.0/s rows=57 games=0 caps=0 L=0.00380 L/var=6.79 tgt=-0.011/0.024 gen=6.60s train=0.06s gpu=0.00s
[t= 131.4s] --- lr -> 2.50e-04 ---
[t= 138.0s] GT-CFR solves=4520 rate=42.2/s rows=95 games=0 caps=0 L=0.00411 L/var=1.57 tgt=+0.024/0.051 gen=5.49s train=0.05s gpu=0.00s
[t= 148.0s] GT-CFR solves=4944 rate=42.2/s rows=68 games=0 caps=0 L=0.00528 L/var=3.19 tgt=-0.033/0.041 gen=5.80s train=0.09s gpu=0.00s
[t= 151.3s] --- snapshot snap_02.pt (s2) ---
[t= 158.2s] GT-CFR solves=5392 rate=42.4/s rows=46 games=0 caps=0 L=0.00244 L/var=0.76 tgt=-0.067/0.057 gen=6.74s train=0.09s gpu=0.00s
[t= 168.3s] GT-CFR solves=5832 rate=42.4/s rows=78 games=0 caps=0 L=0.00316 L/var=3.18 tgt=-0.029/0.032 gen=5.77s train=0.07s gpu=0.00s
[t= 178.7s] GT-CFR solves=6288 rate=42.5/s rows=54 games=0 caps=0 L=0.00342 L/var=0.82 tgt=-0.032/0.065 gen=7.09s train=0.10s gpu=0.00s
[GT-CFR-summary] solves=6352 optimizer_rows=406528 rate=17.2/s horizon=0.00 games=21 caps=0
[t= 399.6s] --- snapshot snap_03.pt (final) ---
