[train] runs/gt_v8_target at 1feb485+dirty seed=1 {'minutes': 1.0, 'warm_minutes': 0.2, 'snapshot_every': 1.0, 'ladder_games': 0, 'nodes': 64, 'expand': 1, 'iters': 8, 'gen_workers': 36, 'gen_solves': 1, 'gpu_inference': False, 'note': 'v8-cpu-eight-iteration-target'}
[train] v8-cpu-eight-iteration-target
[cpu] pinned to 36 physical cores
[train] CUDA stream priority -1
[train] search inference on CPU
[cfg] PUBFEAT=897 CFEAT=15 architecture=gt-cfr nodes=64 expand=1 iters=8 budget=60s warm=12s snapshot_every=1min device=cuda:1 draft=random train_gen_ratio=64.0 recent_mix=0.5/0.2 canonical_views=2 cap=2000000 matmul=high
[t=   1.4s] greedy ep  0 games=  96 dec= 18968 rows= 18118 horizon=0.30 L=1.04211 L/var=7.08 tgt=-0.065/0.384 pstd=0.058 gen=0.1s train=1.2s
[t=   2.2s] greedy ep  1 games=  96 dec= 18844 rows= 18051 horizon=0.33 L=0.44270 L/var=2.55 tgt=-0.083/0.417 pstd=0.055 gen=0.1s train=0.7s
[t=   3.1s] greedy ep  2 games=  96 dec= 18181 rows= 17414 horizon=0.27 L=0.24454 L/var=1.55 tgt=-0.076/0.397 pstd=0.112 gen=0.1s train=0.6s
[t=   3.9s] greedy ep  3 games=  96 dec= 17989 rows= 17120 horizon=0.26 L=0.21979 L/var=1.45 tgt=-0.077/0.389 pstd=0.092 gen=0.1s train=0.6s
[t=   4.8s] greedy ep  4 games=  96 dec= 18823 rows= 18078 horizon=0.29 L=0.25332 L/var=1.65 tgt=-0.064/0.392 pstd=0.054 gen=0.1s train=0.7s
[t=   5.7s] greedy ep  5 games=  96 dec= 18924 rows= 18146 horizon=0.33 L=0.22846 L/var=1.55 tgt=-0.051/0.384 pstd=0.056 gen=0.1s train=0.7s
[t=   6.5s] greedy ep  6 games=  96 dec= 17615 rows= 16921 horizon=0.26 L=0.22179 L/var=1.38 tgt=-0.082/0.402 pstd=0.107 gen=0.1s train=0.6s
[t=   7.3s] greedy ep  7 games=  96 dec= 18608 rows= 17786 horizon=0.36 L=0.21759 L/var=1.25 tgt=-0.092/0.417 pstd=0.093 gen=0.1s train=0.6s
[t=   8.2s] greedy ep  8 games=  96 dec= 19040 rows= 18296 horizon=0.36 L=0.21168 L/var=1.34 tgt=-0.064/0.398 pstd=0.107 gen=0.1s train=0.7s
[t=   9.0s] greedy ep  9 games=  96 dec= 18200 rows= 17459 horizon=0.27 L=0.21460 L/var=1.27 tgt=-0.090/0.411 pstd=0.135 gen=0.1s train=0.6s
[t=   9.9s] greedy ep 10 games=  96 dec= 17927 rows= 17200 horizon=0.24 L=0.21567 L/var=1.32 tgt=-0.082/0.404 pstd=0.132 gen=0.1s train=0.7s
[t=  10.7s] greedy ep 11 games=  96 dec= 17941 rows= 17162 horizon=0.28 L=0.21384 L/var=1.34 tgt=-0.100/0.400 pstd=0.144 gen=0.1s train=0.7s
[t=  11.5s] greedy ep 12 games=  96 dec= 17384 rows= 16648 horizon=0.25 L=0.20498 L/var=1.50 tgt=-0.053/0.370 pstd=0.129 gen=0.1s train=0.6s
[t=  12.4s] greedy ep 13 games=  96 dec= 18153 rows= 17377 horizon=0.28 L=0.20435 L/var=1.28 tgt=-0.090/0.400 pstd=0.160 gen=0.1s train=0.6s
[t=  12.4s] --- snapshot snap_00.pt (init) ---
[t=  12.4s] --- switching to GT-CFR ---
[t=  22.4s] GT-CFR solves=4000 rate=399.1/s rows=6 games=0 caps=16 L=0.00548 L/var=0.07 tgt=+0.137/0.272 gen=0.02s train=0.03s gpu=0.00s
[t=  28.2s] --- lr -> 5.00e-04 ---
[t=  32.5s] GT-CFR solves=8304 rate=414.0/s rows=1 games=0 caps=16 L=0.00545 L/var=0.30 tgt=+0.099/0.136 gen=0.03s train=0.03s gpu=0.00s
[t=  42.5s] GT-CFR solves=12624 rate=419.6/s rows=3 games=0 caps=17 L=0.00473 L/var=1.11 tgt=+0.122/0.065 gen=0.07s train=0.03s gpu=0.00s
[t=  44.6s] --- lr -> 2.50e-04 ---
[t=  52.5s] GT-CFR solves=16863 rate=420.6/s rows=4 games=0 caps=19 L=0.00435 L/var=1.04 tgt=+0.096/0.065 gen=0.05s train=0.03s gpu=0.00s
[GT-CFR-summary] solves=19936 optimizer_rows=1275904 rate=385.6/s horizon=0.75 games=65 caps=19
[t=  64.1s] --- snapshot snap_01.pt (final) ---
