[cfg] FEAT=812 NHAND=56 hidden=384 depth=2 iters=8 budget=600s warm=90s device=cpu draft=starter
[t=   0.8s] greedy ep  0 games=  96 dec= 17663 cap=0.33 cfgs= 23.5 L=0.07171 tgt=+0.009/0.481 pstd=0.501 capv=0.000 gen=0.1s train=0.7s
[t=   2.5s] greedy ep  1 games=  96 dec= 17463 cap=0.31 cfgs= 24.8 L=0.04953 tgt=+0.010/0.496 pstd=0.475 capv=0.000 gen=1.0s train=0.6s
[t=   3.7s] greedy ep  2 games=  96 dec= 16863 cap=0.28 cfgs= 25.5 L=0.05143 tgt=+0.001/0.536 pstd=0.496 capv=0.000 gen=0.4s train=0.6s
[t=   4.5s] greedy ep  3 games=  96 dec= 17691 cap=0.33 cfgs= 23.6 L=0.04781 tgt=+0.012/0.485 pstd=0.499 capv=0.000 gen=0.1s train=0.7s
[t=   5.4s] greedy ep  4 games=  96 dec= 17283 cap=0.30 cfgs= 24.6 L=0.04790 tgt=+0.005/0.508 pstd=0.506 capv=0.000 gen=0.1s train=0.7s
[t=   6.2s] greedy ep  5 games=  96 dec= 17735 cap=0.32 cfgs= 23.0 L=0.04875 tgt=+0.002/0.487 pstd=0.495 capv=0.000 gen=0.1s train=0.7s
[t=   7.1s] greedy ep  6 games=  96 dec= 18025 cap=0.38 cfgs= 23.9 L=0.04687 tgt=+0.004/0.490 pstd=0.497 capv=0.000 gen=0.1s train=0.7s
[t=   8.2s] greedy ep  7 games=  96 dec= 18138 cap=0.33 cfgs= 23.5 L=0.04644 tgt=+0.005/0.470 pstd=0.509 capv=0.000 gen=0.3s train=0.8s
[t=   9.1s] greedy ep  8 games=  96 dec= 16418 cap=0.24 cfgs= 24.6 L=0.04883 tgt=+0.012/0.524 pstd=0.498 capv=0.000 gen=0.1s train=0.7s
[t=   9.9s] greedy ep  9 games=  96 dec= 17028 cap=0.28 cfgs= 24.5 L=0.05275 tgt=+0.015/0.483 pstd=0.494 capv=0.000 gen=0.1s train=0.7s
[t=  10.8s] greedy ep 10 games=  96 dec= 17118 cap=0.27 cfgs= 23.3 L=0.05352 tgt=+0.011/0.499 pstd=0.518 capv=0.000 gen=0.1s train=0.7s
[t=  12.3s] greedy ep 11 games=  96 dec= 16602 cap=0.26 cfgs= 26.8 L=0.05661 tgt=+0.017/0.519 pstd=0.483 capv=0.000 gen=0.8s train=0.7s
[t=  13.2s] greedy ep 12 games=  96 dec= 16834 cap=0.25 cfgs= 25.5 L=0.05631 tgt=+0.014/0.492 pstd=0.481 capv=0.000 gen=0.1s train=0.6s
[t=  14.2s] greedy ep 13 games=  96 dec= 16975 cap=0.28 cfgs= 24.8 L=0.05735 tgt=+0.003/0.495 pstd=0.463 capv=0.000 gen=0.2s train=0.7s
[t=  15.2s] greedy ep 14 games=  96 dec= 18236 cap=0.36 cfgs= 24.7 L=0.05868 tgt=+0.000/0.469 pstd=0.484 capv=0.000 gen=0.1s train=0.8s
[t=  16.1s] greedy ep 15 games=  96 dec= 16830 cap=0.26 cfgs= 25.4 L=0.05936 tgt=-0.003/0.519 pstd=0.481 capv=0.000 gen=0.1s train=0.7s
[t=  17.1s] greedy ep 16 games=  96 dec= 16653 cap=0.26 cfgs= 24.9 L=0.06085 tgt=+0.015/0.518 pstd=0.476 capv=0.000 gen=0.2s train=0.7s
[t=  18.2s] greedy ep 17 games=  96 dec= 18020 cap=0.35 cfgs= 24.0 L=0.05798 tgt=+0.017/0.479 pstd=0.453 capv=0.000 gen=0.3s train=0.7s
[t=  19.2s] greedy ep 18 games=  96 dec= 17357 cap=0.30 cfgs= 24.2 L=0.06024 tgt=+0.012/0.496 pstd=0.451 capv=0.000 gen=0.1s train=0.7s
[t=  20.4s] greedy ep 19 games=  96 dec= 18933 cap=0.46 cfgs= 23.3 L=0.06058 tgt=-0.004/0.450 pstd=0.446 capv=0.000 gen=0.3s train=0.8s
[t=  21.3s] greedy ep 20 games=  96 dec= 17217 cap=0.26 cfgs= 25.7 L=0.06197 tgt=+0.022/0.520 pstd=0.469 capv=0.000 gen=0.1s train=0.7s
[t=  22.3s] greedy ep 21 games=  96 dec= 17364 cap=0.30 cfgs= 23.6 L=0.05983 tgt=+0.009/0.475 pstd=0.448 capv=0.000 gen=0.1s train=0.7s
[t=  23.4s] greedy ep 22 games=  96 dec= 17748 cap=0.36 cfgs= 25.1 L=0.06243 tgt=-0.007/0.466 pstd=0.471 capv=0.000 gen=0.1s train=0.8s
[t=  24.5s] greedy ep 23 games=  96 dec= 16126 cap=0.22 cfgs= 25.7 L=0.06212 tgt=+0.011/0.519 pstd=0.454 capv=0.000 gen=0.1s train=0.7s
[t=  25.9s] greedy ep 24 games=  96 dec= 18560 cap=0.42 cfgs= 22.9 L=0.06257 tgt=+0.008/0.444 pstd=0.467 capv=0.000 gen=0.4s train=0.8s
[t=  27.1s] greedy ep 25 games=  96 dec= 17402 cap=0.31 cfgs= 23.9 L=0.06229 tgt=+0.004/0.502 pstd=0.460 capv=0.000 gen=0.1s train=0.7s
[t=  28.2s] greedy ep 26 games=  96 dec= 18245 cap=0.38 cfgs= 22.2 L=0.06299 tgt=+0.019/0.462 pstd=0.444 capv=0.000 gen=0.1s train=0.8s
[t=  29.6s] greedy ep 27 games=  96 dec= 18252 cap=0.36 cfgs= 23.2 L=0.06348 tgt=+0.011/0.468 pstd=0.454 capv=0.000 gen=0.2s train=0.8s
[t=  30.7s] greedy ep 28 games=  96 dec= 16622 cap=0.24 cfgs= 26.2 L=0.06562 tgt=+0.021/0.528 pstd=0.467 capv=0.000 gen=0.1s train=0.7s
[t=  31.9s] greedy ep 29 games=  96 dec= 17551 cap=0.35 cfgs= 23.7 L=0.06642 tgt=+0.010/0.467 pstd=0.450 capv=0.000 gen=0.1s train=0.8s
[t=  33.1s] greedy ep 30 games=  96 dec= 17764 cap=0.34 cfgs= 22.7 L=0.06475 tgt=+0.010/0.498 pstd=0.456 capv=0.000 gen=0.1s train=0.8s
[t=  34.2s] greedy ep 31 games=  96 dec= 17543 cap=0.35 cfgs= 24.1 L=0.06644 tgt=+0.006/0.487 pstd=0.492 capv=0.000 gen=0.1s train=0.7s
[t=  35.4s] greedy ep 32 games=  96 dec= 17410 cap=0.28 cfgs= 25.0 L=0.06752 tgt=+0.012/0.520 pstd=0.480 capv=0.000 gen=0.1s train=0.8s
[t=  36.7s] greedy ep 33 games=  96 dec= 17308 cap=0.26 cfgs= 22.5 L=0.06747 tgt=+0.013/0.529 pstd=0.487 capv=0.000 gen=0.1s train=0.8s
[t=  37.9s] greedy ep 34 games=  96 dec= 17440 cap=0.33 cfgs= 24.1 L=0.06863 tgt=+0.002/0.502 pstd=0.438 capv=0.000 gen=0.1s train=0.8s
[t=  39.2s] greedy ep 35 games=  96 dec= 17831 cap=0.33 cfgs= 24.0 L=0.06827 tgt=+0.011/0.490 pstd=0.458 capv=0.000 gen=0.1s train=0.8s
[t=  40.4s] greedy ep 36 games=  96 dec= 17393 cap=0.25 cfgs= 24.2 L=0.06795 tgt=+0.017/0.508 pstd=0.448 capv=0.000 gen=0.1s train=0.8s
[t=  41.7s] greedy ep 37 games=  96 dec= 17234 cap=0.30 cfgs= 24.6 L=0.06814 tgt=+0.017/0.498 pstd=0.470 capv=0.000 gen=0.2s train=0.8s
[t=  42.9s] greedy ep 38 games=  96 dec= 16631 cap=0.25 cfgs= 25.1 L=0.06924 tgt=+0.009/0.532 pstd=0.468 capv=0.000 gen=0.1s train=0.7s
[t=  44.3s] greedy ep 39 games=  96 dec= 17350 cap=0.29 cfgs= 25.2 L=0.07142 tgt=+0.014/0.500 pstd=0.470 capv=0.000 gen=0.1s train=0.8s
[t=  45.6s] greedy ep 40 games=  96 dec= 16594 cap=0.24 cfgs= 26.4 L=0.07027 tgt=+0.006/0.496 pstd=0.438 capv=0.000 gen=0.1s train=0.7s
[t=  46.9s] greedy ep 41 games=  96 dec= 17185 cap=0.29 cfgs= 25.2 L=0.07083 tgt=-0.003/0.500 pstd=0.421 capv=0.000 gen=0.1s train=0.7s
[t=  48.3s] greedy ep 42 games=  96 dec= 19091 cap=0.45 cfgs= 22.7 L=0.07392 tgt=-0.006/0.451 pstd=0.438 capv=0.000 gen=0.1s train=0.9s
[t=  49.7s] greedy ep 43 games=  96 dec= 16718 cap=0.28 cfgs= 23.9 L=0.07271 tgt=-0.008/0.515 pstd=0.492 capv=0.000 gen=0.2s train=0.8s
[t=  51.0s] greedy ep 44 games=  96 dec= 16386 cap=0.21 cfgs= 25.6 L=0.07268 tgt=+0.003/0.525 pstd=0.442 capv=0.000 gen=0.1s train=0.7s
[t=  52.4s] greedy ep 45 games=  96 dec= 17749 cap=0.35 cfgs= 24.9 L=0.07233 tgt=+0.003/0.491 pstd=0.414 capv=0.000 gen=0.1s train=0.8s
[t=  53.8s] greedy ep 46 games=  96 dec= 17746 cap=0.30 cfgs= 23.9 L=0.07401 tgt=+0.004/0.494 pstd=0.437 capv=0.000 gen=0.2s train=0.8s
[t=  55.6s] greedy ep 47 games=  96 dec= 17606 cap=0.33 cfgs= 24.3 L=0.07315 tgt=+0.017/0.465 pstd=0.443 capv=0.000 gen=0.4s train=0.8s
[t=  57.0s] greedy ep 48 games=  96 dec= 17550 cap=0.31 cfgs= 25.5 L=0.07356 tgt=-0.000/0.500 pstd=0.417 capv=0.000 gen=0.1s train=0.8s
[t=  58.3s] greedy ep 49 games=  96 dec= 17250 cap=0.32 cfgs= 23.5 L=0.07588 tgt=+0.008/0.487 pstd=0.432 capv=0.000 gen=0.1s train=0.7s
[t=  59.8s] greedy ep 50 games=  96 dec= 17832 cap=0.32 cfgs= 23.7 L=0.07432 tgt=+0.017/0.486 pstd=0.416 capv=0.000 gen=0.1s train=0.8s
[t=  61.2s] greedy ep 51 games=  96 dec= 17923 cap=0.38 cfgs= 22.9 L=0.07499 tgt=+0.012/0.464 pstd=0.434 capv=0.000 gen=0.1s train=0.8s
[t=  62.6s] greedy ep 52 games=  96 dec= 17105 cap=0.30 cfgs= 23.7 L=0.07540 tgt=-0.009/0.489 pstd=0.423 capv=0.000 gen=0.1s train=0.8s
[t=  64.0s] greedy ep 53 games=  96 dec= 17117 cap=0.27 cfgs= 25.4 L=0.07556 tgt=+0.003/0.491 pstd=0.429 capv=0.000 gen=0.1s train=0.8s
[t=  65.4s] greedy ep 54 games=  96 dec= 17527 cap=0.30 cfgs= 25.8 L=0.07742 tgt=+0.003/0.515 pstd=0.419 capv=0.000 gen=0.1s train=0.8s
[t=  66.9s] greedy ep 55 games=  96 dec= 18462 cap=0.38 cfgs= 20.9 L=0.07571 tgt=+0.008/0.483 pstd=0.419 capv=0.000 gen=0.1s train=0.8s
[t=  68.4s] greedy ep 56 games=  96 dec= 16363 cap=0.24 cfgs= 25.6 L=0.07513 tgt=-0.003/0.525 pstd=0.420 capv=0.000 gen=0.2s train=0.8s
[t=  69.9s] greedy ep 57 games=  96 dec= 17612 cap=0.27 cfgs= 24.4 L=0.07688 tgt=+0.023/0.481 pstd=0.400 capv=0.000 gen=0.1s train=0.8s
[t=  71.3s] greedy ep 58 games=  96 dec= 17001 cap=0.28 cfgs= 25.3 L=0.07742 tgt=+0.014/0.494 pstd=0.426 capv=0.000 gen=0.1s train=0.8s
[t=  72.6s] greedy ep 59 games=  96 dec= 16968 cap=0.30 cfgs= 24.4 L=0.07784 tgt=+0.014/0.485 pstd=0.414 capv=0.000 gen=0.1s train=0.7s
[t=  73.9s] greedy ep 60 games=  96 dec= 16654 cap=0.27 cfgs= 25.3 L=0.07655 tgt=+0.004/0.516 pstd=0.390 capv=0.000 gen=0.1s train=0.7s
[t=  75.3s] greedy ep 61 games=  96 dec= 17045 cap=0.27 cfgs= 24.9 L=0.07690 tgt=+0.016/0.508 pstd=0.415 capv=0.000 gen=0.1s train=0.8s
[t=  76.7s] greedy ep 62 games=  96 dec= 16734 cap=0.26 cfgs= 24.1 L=0.07732 tgt=+0.004/0.507 pstd=0.411 capv=0.000 gen=0.1s train=0.7s
[t=  78.1s] greedy ep 63 games=  96 dec= 17926 cap=0.35 cfgs= 23.7 L=0.07642 tgt=+0.010/0.478 pstd=0.415 capv=0.000 gen=0.1s train=0.8s
[t=  79.4s] greedy ep 64 games=  96 dec= 17017 cap=0.30 cfgs= 25.5 L=0.07590 tgt=+0.007/0.480 pstd=0.387 capv=0.000 gen=0.1s train=0.7s
[t=  80.7s] greedy ep 65 games=  96 dec= 16910 cap=0.25 cfgs= 25.7 L=0.07682 tgt=+0.001/0.489 pstd=0.420 capv=0.000 gen=0.1s train=0.8s
[t=  82.2s] greedy ep 66 games=  96 dec= 17575 cap=0.30 cfgs= 24.0 L=0.07632 tgt=+0.001/0.473 pstd=0.410 capv=0.000 gen=0.1s train=0.8s
[t=  83.5s] greedy ep 67 games=  96 dec= 16018 cap=0.20 cfgs= 26.3 L=0.07819 tgt=+0.011/0.520 pstd=0.409 capv=0.000 gen=0.1s train=0.7s
[t=  84.9s] greedy ep 68 games=  96 dec= 17157 cap=0.26 cfgs= 26.1 L=0.07776 tgt=+0.030/0.516 pstd=0.425 capv=0.000 gen=0.1s train=0.7s
[t=  86.2s] greedy ep 69 games=  96 dec= 17396 cap=0.28 cfgs= 25.1 L=0.07759 tgt=+0.007/0.494 pstd=0.394 capv=0.000 gen=0.2s train=0.7s
[t=  87.6s] greedy ep 70 games=  96 dec= 17599 cap=0.35 cfgs= 25.2 L=0.07658 tgt=+0.001/0.503 pstd=0.408 capv=0.000 gen=0.1s train=0.8s
[t=  89.0s] greedy ep 71 games=  96 dec= 17152 cap=0.28 cfgs= 24.5 L=0.07686 tgt=+0.007/0.515 pstd=0.408 capv=0.000 gen=0.1s train=0.7s
[t=  90.3s] greedy ep 72 games=  96 dec= 17020 cap=0.28 cfgs= 26.2 L=0.07648 tgt=-0.001/0.491 pstd=0.439 capv=0.000 gen=0.1s train=0.7s
[t=  90.3s] --- initial checkpoint saved, switching to ReBeL ---
[t=  94.5s] rebel  ep 73 games=  48 dec=  8196 cap=0.19 cfgs= 23.0 L=0.01641 tgt=+0.006/0.439 pstd=0.403 capv=0.000 gen=4.0s train=0.1s
[t=  98.8s] rebel  ep 74 games=  48 dec=  7411 cap=0.08 cfgs= 25.2 L=0.01222 tgt=+0.007/0.399 pstd=0.403 capv=0.000 gen=4.2s train=0.1s
[t= 102.9s] rebel  ep 75 games=  48 dec=  7036 cap=0.04 cfgs= 24.0 L=0.01042 tgt=+0.005/0.389 pstd=0.400 capv=0.000 gen=4.0s train=0.1s
[t= 106.9s] rebel  ep 76 games=  48 dec=  6637 cap=0.06 cfgs= 23.9 L=0.00931 tgt=+0.008/0.369 pstd=0.403 capv=0.000 gen=3.9s train=0.1s
[t= 111.8s] rebel  ep 77 games=  48 dec=  6907 cap=0.04 cfgs= 24.7 L=0.00914 tgt=+0.007/0.408 pstd=0.402 capv=0.000 gen=4.8s train=0.1s
[t= 116.0s] rebel  ep 78 games=  48 dec=  7383 cap=0.10 cfgs= 21.5 L=0.00865 tgt=+0.006/0.390 pstd=0.401 capv=0.000 gen=4.0s train=0.1s
[t= 120.3s] rebel  ep 79 games=  48 dec=  6763 cap=0.02 cfgs= 22.6 L=0.00904 tgt=+0.003/0.363 pstd=0.400 capv=0.000 gen=4.2s train=0.1s
[t= 124.3s] rebel  ep 80 games=  48 dec=  7132 cap=0.10 cfgs= 21.7 L=0.00794 tgt=+0.018/0.386 pstd=0.402 capv=0.000 gen=3.8s train=0.1s
[t= 128.3s] rebel  ep 81 games=  48 dec=  6782 cap=0.06 cfgs= 21.9 L=0.00817 tgt=+0.021/0.387 pstd=0.400 capv=0.000 gen=3.9s train=0.1s
[t= 132.4s] rebel  ep 82 games=  48 dec=  6272 cap=0.06 cfgs= 23.4 L=0.00803 tgt=+0.006/0.377 pstd=0.398 capv=0.000 gen=4.0s train=0.1s
[t= 136.7s] rebel  ep 83 games=  48 dec=  7003 cap=0.08 cfgs= 23.3 L=0.00776 tgt=+0.014/0.411 pstd=0.396 capv=0.000 gen=4.1s train=0.1s
[t= 140.6s] rebel  ep 84 games=  48 dec=  5656 cap=0.00 cfgs= 24.6 L=0.00768 tgt=-0.011/0.391 pstd=0.398 capv=0.000 gen=3.8s train=0.1s
[t= 144.8s] rebel  ep 85 games=  48 dec=  6167 cap=0.02 cfgs= 24.0 L=0.00815 tgt=+0.003/0.360 pstd=0.395 capv=0.000 gen=4.0s train=0.1s
[t= 149.2s] rebel  ep 86 games=  48 dec=  6892 cap=0.08 cfgs= 23.0 L=0.00809 tgt=+0.005/0.374 pstd=0.391 capv=0.000 gen=4.2s train=0.1s
[t= 153.1s] rebel  ep 87 games=  48 dec=  6172 cap=0.08 cfgs= 22.8 L=0.00767 tgt=+0.007/0.367 pstd=0.392 capv=0.000 gen=3.8s train=0.1s
[t= 157.4s] rebel  ep 88 games=  48 dec=  6203 cap=0.04 cfgs= 25.5 L=0.00763 tgt=+0.012/0.399 pstd=0.398 capv=0.000 gen=4.1s train=0.1s
[t= 161.7s] rebel  ep 89 games=  48 dec=  6662 cap=0.08 cfgs= 24.4 L=0.00772 tgt=+0.011/0.383 pstd=0.395 capv=0.000 gen=4.2s train=0.1s
[t= 166.1s] rebel  ep 90 games=  48 dec=  6355 cap=0.02 cfgs= 22.6 L=0.00779 tgt=-0.003/0.378 pstd=0.396 capv=0.000 gen=4.2s train=0.1s
[t= 170.4s] rebel  ep 91 games=  48 dec=  6325 cap=0.06 cfgs= 23.2 L=0.00803 tgt=+0.004/0.376 pstd=0.394 capv=0.000 gen=4.1s train=0.1s
[t= 174.5s] rebel  ep 92 games=  48 dec=  6077 cap=0.04 cfgs= 22.9 L=0.00749 tgt=-0.000/0.377 pstd=0.388 capv=0.000 gen=3.9s train=0.1s
[t= 178.6s] rebel  ep 93 games=  48 dec=  5916 cap=0.02 cfgs= 24.5 L=0.00769 tgt=-0.002/0.364 pstd=0.388 capv=0.000 gen=4.0s train=0.1s
[t= 182.9s] rebel  ep 94 games=  48 dec=  6363 cap=0.00 cfgs= 23.3 L=0.00753 tgt=+0.010/0.383 pstd=0.388 capv=0.000 gen=4.2s train=0.1s
[t= 187.2s] rebel  ep 95 games=  48 dec=  6496 cap=0.04 cfgs= 21.6 L=0.00749 tgt=+0.015/0.388 pstd=0.389 capv=0.000 gen=4.1s train=0.1s
[t= 191.5s] rebel  ep 96 games=  48 dec=  5435 cap=0.02 cfgs= 26.8 L=0.00731 tgt=-0.010/0.350 pstd=0.390 capv=0.000 gen=4.1s train=0.1s
[t= 195.4s] rebel  ep 97 games=  48 dec=  5779 cap=0.02 cfgs= 22.7 L=0.00783 tgt=-0.002/0.368 pstd=0.391 capv=0.000 gen=3.8s train=0.1s
[t= 199.8s] rebel  ep 98 games=  48 dec=  5627 cap=0.00 cfgs= 24.3 L=0.00770 tgt=+0.007/0.373 pstd=0.391 capv=0.000 gen=4.2s train=0.1s
[t= 204.4s] rebel  ep 99 games=  48 dec=  6532 cap=0.06 cfgs= 22.0 L=0.00759 tgt=+0.007/0.406 pstd=0.395 capv=0.000 gen=4.5s train=0.1s
[t= 208.7s] rebel  ep100 games=  48 dec=  5827 cap=0.00 cfgs= 23.2 L=0.00741 tgt=+0.004/0.367 pstd=0.394 capv=0.000 gen=4.2s train=0.1s
[t= 213.0s] rebel  ep101 games=  48 dec=  6263 cap=0.02 cfgs= 21.7 L=0.00780 tgt=+0.004/0.359 pstd=0.397 capv=0.000 gen=4.2s train=0.1s
[t= 217.1s] rebel  ep102 games=  48 dec=  6212 cap=0.04 cfgs= 22.0 L=0.00725 tgt=+0.007/0.365 pstd=0.394 capv=0.000 gen=4.0s train=0.1s
[t= 221.1s] rebel  ep103 games=  48 dec=  6291 cap=0.06 cfgs= 21.2 L=0.00768 tgt=+0.016/0.379 pstd=0.395 capv=0.000 gen=3.9s train=0.1s
[t= 225.4s] rebel  ep104 games=  48 dec=  6144 cap=0.00 cfgs= 23.2 L=0.00777 tgt=+0.001/0.379 pstd=0.396 capv=0.000 gen=4.1s train=0.1s
[t= 229.4s] rebel  ep105 games=  48 dec=  5786 cap=0.08 cfgs= 23.6 L=0.00732 tgt=-0.005/0.394 pstd=0.393 capv=0.000 gen=3.9s train=0.1s
[t= 233.7s] rebel  ep106 games=  48 dec=  5876 cap=0.02 cfgs= 22.6 L=0.00721 tgt=+0.011/0.404 pstd=0.392 capv=0.000 gen=4.1s train=0.1s
[t= 237.7s] rebel  ep107 games=  48 dec=  5815 cap=0.02 cfgs= 22.2 L=0.00760 tgt=-0.000/0.371 pstd=0.391 capv=0.000 gen=3.8s train=0.1s
[t= 241.8s] rebel  ep108 games=  48 dec=  5713 cap=0.04 cfgs= 22.0 L=0.00734 tgt=-0.009/0.370 pstd=0.391 capv=0.000 gen=3.9s train=0.1s
[t= 246.0s] rebel  ep109 games=  48 dec=  5908 cap=0.02 cfgs= 23.2 L=0.00762 tgt=-0.009/0.350 pstd=0.386 capv=0.000 gen=4.1s train=0.1s
[t= 250.4s] rebel  ep110 games=  48 dec=  5981 cap=0.04 cfgs= 23.7 L=0.00754 tgt=+0.011/0.382 pstd=0.391 capv=0.000 gen=4.2s train=0.1s
[t= 254.8s] rebel  ep111 games=  48 dec=  6044 cap=0.02 cfgs= 22.9 L=0.00745 tgt=+0.018/0.383 pstd=0.394 capv=0.000 gen=4.3s train=0.1s
[t= 258.9s] rebel  ep112 games=  48 dec=  5599 cap=0.04 cfgs= 22.7 L=0.00712 tgt=+0.002/0.378 pstd=0.391 capv=0.000 gen=4.0s train=0.1s
[t= 263.2s] rebel  ep113 games=  48 dec=  5851 cap=0.00 cfgs= 24.2 L=0.00760 tgt=+0.012/0.361 pstd=0.391 capv=0.000 gen=4.1s train=0.1s
[t= 267.4s] rebel  ep114 games=  48 dec=  5854 cap=0.06 cfgs= 22.9 L=0.00764 tgt=-0.005/0.395 pstd=0.396 capv=0.000 gen=4.1s train=0.1s
[t= 271.7s] rebel  ep115 games=  48 dec=  5878 cap=0.00 cfgs= 23.6 L=0.00747 tgt=+0.002/0.393 pstd=0.389 capv=0.000 gen=4.1s train=0.1s
[t= 275.7s] rebel  ep116 games=  48 dec=  5745 cap=0.04 cfgs= 23.1 L=0.00710 tgt=-0.014/0.387 pstd=0.397 capv=0.000 gen=3.9s train=0.1s
[t= 279.6s] rebel  ep117 games=  48 dec=  5279 cap=0.00 cfgs= 23.4 L=0.00746 tgt=+0.004/0.349 pstd=0.387 capv=0.000 gen=3.7s train=0.1s
[t= 283.4s] rebel  ep118 games=  48 dec=  5566 cap=0.02 cfgs= 21.7 L=0.00757 tgt=-0.007/0.372 pstd=0.393 capv=0.000 gen=3.7s train=0.1s
[t= 287.4s] rebel  ep119 games=  48 dec=  5822 cap=0.00 cfgs= 22.6 L=0.00747 tgt=+0.002/0.379 pstd=0.390 capv=0.000 gen=3.8s train=0.1s
[t= 291.4s] rebel  ep120 games=  48 dec=  5804 cap=0.02 cfgs= 23.8 L=0.00738 tgt=+0.004/0.434 pstd=0.391 capv=0.000 gen=3.8s train=0.1s
[t= 295.5s] rebel  ep121 games=  48 dec=  6037 cap=0.04 cfgs= 22.9 L=0.00711 tgt=-0.003/0.411 pstd=0.386 capv=0.000 gen=4.0s train=0.1s
[t= 299.7s] rebel  ep122 games=  48 dec=  5626 cap=0.04 cfgs= 23.5 L=0.00763 tgt=-0.004/0.366 pstd=0.394 capv=0.000 gen=4.1s train=0.1s
[t= 304.4s] rebel  ep123 games=  48 dec=  6070 cap=0.04 cfgs= 23.5 L=0.00738 tgt=-0.002/0.383 pstd=0.389 capv=0.000 gen=4.4s train=0.1s
[t= 308.7s] rebel  ep124 games=  48 dec=  5756 cap=0.04 cfgs= 23.2 L=0.00745 tgt=+0.005/0.371 pstd=0.385 capv=0.000 gen=4.2s train=0.1s
[t= 313.2s] rebel  ep125 games=  48 dec=  6300 cap=0.04 cfgs= 20.7 L=0.00760 tgt=+0.005/0.392 pstd=0.386 capv=0.000 gen=4.3s train=0.1s
[t= 318.3s] rebel  ep126 games=  48 dec=  6000 cap=0.04 cfgs= 22.4 L=0.00704 tgt=+0.003/0.398 pstd=0.386 capv=0.000 gen=4.9s train=0.1s
[t= 322.6s] rebel  ep127 games=  48 dec=  5041 cap=0.00 cfgs= 23.0 L=0.00720 tgt=-0.007/0.373 pstd=0.388 capv=0.000 gen=4.1s train=0.1s
[t= 327.1s] rebel  ep128 games=  48 dec=  5665 cap=0.04 cfgs= 22.7 L=0.00678 tgt=+0.008/0.400 pstd=0.393 capv=0.000 gen=4.3s train=0.1s
[t= 331.7s] rebel  ep129 games=  48 dec=  6025 cap=0.04 cfgs= 21.1 L=0.00755 tgt=+0.017/0.395 pstd=0.397 capv=0.000 gen=4.5s train=0.1s
[t= 336.4s] rebel  ep130 games=  48 dec=  5553 cap=0.00 cfgs= 23.5 L=0.00691 tgt=+0.000/0.374 pstd=0.391 capv=0.000 gen=4.5s train=0.1s
[t= 341.9s] rebel  ep131 games=  48 dec=  6083 cap=0.02 cfgs= 22.3 L=0.00747 tgt=-0.007/0.340 pstd=0.389 capv=0.000 gen=5.3s train=0.1s
[t= 346.5s] rebel  ep132 games=  48 dec=  5750 cap=0.00 cfgs= 23.6 L=0.00713 tgt=-0.004/0.363 pstd=0.388 capv=0.000 gen=4.4s train=0.1s
[t= 350.9s] rebel  ep133 games=  48 dec=  5295 cap=0.00 cfgs= 22.5 L=0.00725 tgt=+0.005/0.396 pstd=0.390 capv=0.000 gen=4.2s train=0.1s
[t= 355.5s] rebel  ep134 games=  48 dec=  5354 cap=0.00 cfgs= 24.6 L=0.00716 tgt=+0.001/0.376 pstd=0.394 capv=0.000 gen=4.4s train=0.1s
[t= 359.8s] rebel  ep135 games=  48 dec=  5202 cap=0.02 cfgs= 25.4 L=0.00734 tgt=+0.002/0.400 pstd=0.396 capv=0.000 gen=4.1s train=0.1s
[t= 364.5s] rebel  ep136 games=  48 dec=  5416 cap=0.00 cfgs= 23.9 L=0.00745 tgt=-0.011/0.375 pstd=0.391 capv=0.000 gen=4.5s train=0.1s
[t= 369.4s] rebel  ep137 games=  48 dec=  5776 cap=0.02 cfgs= 24.9 L=0.00711 tgt=+0.008/0.415 pstd=0.395 capv=0.000 gen=4.7s train=0.1s
[t= 374.4s] rebel  ep138 games=  48 dec=  5725 cap=0.02 cfgs= 23.2 L=0.00713 tgt=-0.013/0.404 pstd=0.389 capv=0.000 gen=4.8s train=0.1s
[t= 379.1s] rebel  ep139 games=  48 dec=  5661 cap=0.02 cfgs= 24.7 L=0.00719 tgt=+0.000/0.365 pstd=0.387 capv=0.000 gen=4.5s train=0.1s
[t= 383.6s] rebel  ep140 games=  48 dec=  5162 cap=0.02 cfgs= 23.8 L=0.00711 tgt=+0.005/0.358 pstd=0.387 capv=0.000 gen=4.3s train=0.1s
[t= 388.6s] rebel  ep141 games=  48 dec=  6308 cap=0.02 cfgs= 21.7 L=0.00750 tgt=+0.000/0.390 pstd=0.394 capv=0.000 gen=4.8s train=0.1s
[t= 393.0s] rebel  ep142 games=  48 dec=  5648 cap=0.04 cfgs= 21.4 L=0.00710 tgt=+0.002/0.390 pstd=0.389 capv=0.000 gen=4.3s train=0.1s
[t= 397.7s] rebel  ep143 games=  48 dec=  5318 cap=0.00 cfgs= 23.7 L=0.00745 tgt=-0.012/0.355 pstd=0.389 capv=0.000 gen=4.5s train=0.1s
[t= 402.3s] rebel  ep144 games=  48 dec=  5437 cap=0.00 cfgs= 23.3 L=0.00741 tgt=-0.010/0.381 pstd=0.382 capv=0.000 gen=4.3s train=0.1s
[t= 406.9s] rebel  ep145 games=  48 dec=  5136 cap=0.00 cfgs= 24.4 L=0.00753 tgt=-0.006/0.363 pstd=0.389 capv=0.000 gen=4.4s train=0.1s
[t= 411.6s] rebel  ep146 games=  48 dec=  5836 cap=0.02 cfgs= 21.8 L=0.00729 tgt=+0.013/0.377 pstd=0.390 capv=0.000 gen=4.4s train=0.1s
[t= 416.0s] rebel  ep147 games=  48 dec=  5648 cap=0.04 cfgs= 21.2 L=0.00725 tgt=-0.001/0.370 pstd=0.393 capv=0.000 gen=4.2s train=0.1s
[t= 421.0s] rebel  ep148 games=  48 dec=  5773 cap=0.02 cfgs= 21.1 L=0.00704 tgt=-0.002/0.390 pstd=0.390 capv=0.000 gen=4.8s train=0.1s
[t= 426.6s] rebel  ep149 games=  48 dec=  5997 cap=0.06 cfgs= 24.2 L=0.00724 tgt=+0.010/0.401 pstd=0.387 capv=0.000 gen=5.4s train=0.1s
[t= 431.4s] rebel  ep150 games=  48 dec=  5471 cap=0.04 cfgs= 23.2 L=0.00701 tgt=+0.000/0.384 pstd=0.392 capv=0.000 gen=4.6s train=0.1s
[t= 436.6s] rebel  ep151 games=  48 dec=  5671 cap=0.00 cfgs= 21.4 L=0.00748 tgt=-0.014/0.406 pstd=0.387 capv=0.000 gen=4.8s train=0.1s
[t= 441.6s] rebel  ep152 games=  48 dec=  5513 cap=0.04 cfgs= 22.0 L=0.00738 tgt=-0.006/0.395 pstd=0.388 capv=0.000 gen=4.6s train=0.1s
[t= 446.9s] rebel  ep153 games=  48 dec=  5830 cap=0.00 cfgs= 22.2 L=0.00723 tgt=+0.005/0.374 pstd=0.386 capv=0.000 gen=5.0s train=0.1s
[t= 451.8s] rebel  ep154 games=  48 dec=  5634 cap=0.04 cfgs= 22.6 L=0.00700 tgt=-0.007/0.400 pstd=0.384 capv=0.000 gen=4.6s train=0.1s
[t= 456.7s] rebel  ep155 games=  48 dec=  4947 cap=0.00 cfgs= 24.2 L=0.00719 tgt=-0.009/0.381 pstd=0.381 capv=0.000 gen=4.7s train=0.1s
[t= 461.7s] rebel  ep156 games=  48 dec=  5369 cap=0.00 cfgs= 23.9 L=0.00736 tgt=+0.000/0.403 pstd=0.390 capv=0.000 gen=4.8s train=0.1s
[t= 467.2s] rebel  ep157 games=  48 dec=  5819 cap=0.02 cfgs= 23.0 L=0.00734 tgt=-0.002/0.406 pstd=0.388 capv=0.000 gen=5.2s train=0.1s
[t= 472.4s] rebel  ep158 games=  48 dec=  5524 cap=0.00 cfgs= 23.5 L=0.00693 tgt=-0.003/0.371 pstd=0.387 capv=0.000 gen=5.0s train=0.1s
[t= 477.5s] rebel  ep159 games=  48 dec=  5830 cap=0.00 cfgs= 22.3 L=0.00732 tgt=-0.009/0.381 pstd=0.392 capv=0.000 gen=4.9s train=0.1s
[t= 482.8s] rebel  ep160 games=  48 dec=  5772 cap=0.00 cfgs= 23.3 L=0.00702 tgt=+0.007/0.369 pstd=0.395 capv=0.000 gen=5.1s train=0.1s
[t= 488.0s] rebel  ep161 games=  48 dec=  5728 cap=0.02 cfgs= 21.3 L=0.00750 tgt=+0.010/0.409 pstd=0.390 capv=0.000 gen=4.9s train=0.1s
[t= 493.6s] rebel  ep162 games=  48 dec=  5411 cap=0.00 cfgs= 25.2 L=0.00723 tgt=-0.003/0.376 pstd=0.392 capv=0.000 gen=5.4s train=0.1s
[t= 499.3s] rebel  ep163 games=  48 dec=  5435 cap=0.00 cfgs= 25.4 L=0.00697 tgt=-0.004/0.381 pstd=0.397 capv=0.000 gen=5.5s train=0.1s
[t= 505.0s] rebel  ep164 games=  48 dec=  5959 cap=0.00 cfgs= 22.8 L=0.00703 tgt=+0.002/0.383 pstd=0.394 capv=0.000 gen=5.5s train=0.1s
[t= 510.3s] rebel  ep165 games=  48 dec=  5179 cap=0.00 cfgs= 24.5 L=0.00692 tgt=-0.012/0.367 pstd=0.391 capv=0.000 gen=5.0s train=0.1s
[t= 515.6s] rebel  ep166 games=  48 dec=  5465 cap=0.02 cfgs= 26.1 L=0.00696 tgt=-0.012/0.370 pstd=0.387 capv=0.000 gen=5.1s train=0.1s
[t= 520.2s] rebel  ep167 games=  48 dec=  5015 cap=0.00 cfgs= 23.1 L=0.00744 tgt=-0.008/0.379 pstd=0.386 capv=0.000 gen=4.4s train=0.1s
[t= 525.1s] rebel  ep168 games=  48 dec=  5239 cap=0.00 cfgs= 22.0 L=0.00713 tgt=-0.013/0.373 pstd=0.396 capv=0.000 gen=4.7s train=0.1s
[t= 530.5s] rebel  ep169 games=  48 dec=  5756 cap=0.02 cfgs= 21.9 L=0.00723 tgt=-0.004/0.381 pstd=0.393 capv=0.000 gen=5.0s train=0.1s
[t= 536.1s] rebel  ep170 games=  48 dec=  5968 cap=0.06 cfgs= 24.1 L=0.00734 tgt=-0.009/0.365 pstd=0.393 capv=0.000 gen=5.4s train=0.1s
[t= 541.3s] rebel  ep171 games=  48 dec=  5461 cap=0.00 cfgs= 24.5 L=0.00716 tgt=-0.004/0.384 pstd=0.391 capv=0.000 gen=4.9s train=0.1s
[t= 546.6s] rebel  ep172 games=  48 dec=  5494 cap=0.04 cfgs= 22.6 L=0.00754 tgt=+0.003/0.350 pstd=0.387 capv=0.000 gen=5.1s train=0.1s
[t= 552.1s] rebel  ep173 games=  48 dec=  5415 cap=0.02 cfgs= 22.8 L=0.00749 tgt=+0.005/0.364 pstd=0.390 capv=0.000 gen=5.2s train=0.1s
[t= 556.9s] rebel  ep174 games=  48 dec=  4947 cap=0.02 cfgs= 24.9 L=0.00702 tgt=-0.017/0.392 pstd=0.387 capv=0.000 gen=4.6s train=0.1s
[t= 562.1s] rebel  ep175 games=  48 dec=  5510 cap=0.00 cfgs= 23.6 L=0.00713 tgt=-0.015/0.394 pstd=0.386 capv=0.000 gen=4.9s train=0.1s
[t= 567.2s] rebel  ep176 games=  48 dec=  5553 cap=0.02 cfgs= 24.2 L=0.00743 tgt=-0.015/0.401 pstd=0.394 capv=0.000 gen=4.8s train=0.1s
[t= 572.1s] rebel  ep177 games=  48 dec=  5718 cap=0.06 cfgs= 21.0 L=0.00708 tgt=-0.005/0.378 pstd=0.395 capv=0.000 gen=4.7s train=0.1s
[t= 577.3s] rebel  ep178 games=  48 dec=  5465 cap=0.04 cfgs= 24.0 L=0.00696 tgt=-0.015/0.380 pstd=0.397 capv=0.000 gen=4.9s train=0.1s
[t= 582.7s] rebel  ep179 games=  48 dec=  5151 cap=0.00 cfgs= 24.7 L=0.00736 tgt=-0.001/0.395 pstd=0.395 capv=0.000 gen=5.0s train=0.1s
[t= 587.4s] rebel  ep180 games=  48 dec=  5148 cap=0.02 cfgs= 22.6 L=0.00755 tgt=-0.000/0.362 pstd=0.399 capv=0.000 gen=4.5s train=0.1s
[t= 592.3s] rebel  ep181 games=  48 dec=  5426 cap=0.02 cfgs= 22.4 L=0.00734 tgt=-0.006/0.365 pstd=0.394 capv=0.000 gen=4.7s train=0.1s
[t= 597.3s] rebel  ep182 games=  48 dec=  4979 cap=0.00 cfgs= 23.9 L=0.00692 tgt=+0.001/0.387 pstd=0.390 capv=0.000 gen=4.7s train=0.1s
[t= 602.2s] rebel  ep183 games=  48 dec=  5266 cap=0.02 cfgs= 22.4 L=0.00702 tgt=-0.016/0.371 pstd=0.387 capv=0.000 gen=4.7s train=0.1s

=== evaluation on the real game (horizon payoff 0; training ended at 0.000) ===
final checkpoint vs Greedy             W 198 L   1 D   1   score 0.993 +- 0.012
final checkpoint vs initial checkpoint W 187 L   7 D   6   score 0.950 +- 0.031

GOAL: the run produced a checkpoint better than the initial one that also beats Greedy -> PASS
      (ReBeL self-play must carry the warm-started network past its own start; final_vs_init is the headline)
