[train] runs/gt_replay_smoke at 1feb485+dirty seed=1 {'minutes': 3.0, 'warm_minutes': 1.0, 'snapshot_every': 1.0, 'ladder_games': 0, 'nodes': 256, 'expand': 4, 'iters': 16, 'config_cap': 256, 'batch': 2048, 'replay_ratio': 0.5, 'note': 'production-budget-row-invariant-replay-smoke'}
[train] production-budget-row-invariant-replay-smoke
[train] CUDA stream priority -1
[train] search inference on CPU
[cfg] PUBFEAT=897 CFEAT=15 architecture=gt-cfr nodes=256 expand=4 iters=16 budget=180s warm=60s snapshot_every=1min device=cuda:1 draft=random replay_ratio=0.5 recent_mix=0.5/0.2 canonical_views=2 cap=2000000 matmul=high
[t=   1.1s] greedy ep  0 games=  96 dec= 18968 rows= 18118 horizon=0.30 L=0.47014 L/var=3.19 tgt=-0.065/0.384 pstd=0.038 gen=0.1s train=0.9s
[t=   1.6s] greedy ep  1 games=  96 dec= 18844 rows= 18051 horizon=0.33 L=0.21703 L/var=1.25 tgt=-0.083/0.417 pstd=0.038 gen=0.1s train=0.3s
[t=   2.1s] greedy ep  2 games=  96 dec= 18181 rows= 17414 horizon=0.27 L=0.22892 L/var=1.45 tgt=-0.076/0.397 pstd=0.061 gen=0.1s train=0.3s
[t=   2.6s] greedy ep  3 games=  96 dec= 17989 rows= 17120 horizon=0.26 L=0.20958 L/var=1.38 tgt=-0.077/0.389 pstd=0.087 gen=0.1s train=0.3s
[t=   3.1s] greedy ep  4 games=  96 dec= 18823 rows= 18078 horizon=0.29 L=0.19814 L/var=1.29 tgt=-0.064/0.392 pstd=0.103 gen=0.1s train=0.3s
[t=   3.7s] greedy ep  5 games=  96 dec= 18924 rows= 18146 horizon=0.33 L=0.20238 L/var=1.37 tgt=-0.051/0.384 pstd=0.100 gen=0.1s train=0.3s
[t=   4.2s] greedy ep  6 games=  96 dec= 17615 rows= 16921 horizon=0.26 L=0.19713 L/var=1.22 tgt=-0.082/0.402 pstd=0.156 gen=0.1s train=0.3s
[t=   4.7s] greedy ep  7 games=  96 dec= 18608 rows= 17786 horizon=0.36 L=0.19216 L/var=1.11 tgt=-0.092/0.417 pstd=0.233 gen=0.1s train=0.3s
[t=   5.2s] greedy ep  8 games=  96 dec= 19040 rows= 18296 horizon=0.36 L=0.18111 L/var=1.14 tgt=-0.064/0.398 pstd=0.193 gen=0.1s train=0.3s
[t=   5.7s] greedy ep  9 games=  96 dec= 18200 rows= 17459 horizon=0.27 L=0.16128 L/var=0.95 tgt=-0.090/0.411 pstd=0.229 gen=0.1s train=0.3s
[t=   6.2s] greedy ep 10 games=  96 dec= 17927 rows= 17200 horizon=0.24 L=0.11469 L/var=0.70 tgt=-0.082/0.404 pstd=0.276 gen=0.1s train=0.3s
[t=   6.7s] greedy ep 11 games=  96 dec= 17941 rows= 17162 horizon=0.28 L=0.08095 L/var=0.51 tgt=-0.100/0.400 pstd=0.399 gen=0.1s train=0.3s
[t=   7.2s] greedy ep 12 games=  96 dec= 17384 rows= 16648 horizon=0.25 L=0.07702 L/var=0.56 tgt=-0.053/0.370 pstd=0.297 gen=0.1s train=0.3s
[t=   7.7s] greedy ep 13 games=  96 dec= 18153 rows= 17377 horizon=0.28 L=0.05757 L/var=0.36 tgt=-0.090/0.400 pstd=0.338 gen=0.1s train=0.3s
[t=   8.2s] greedy ep 14 games=  96 dec= 18097 rows= 17377 horizon=0.26 L=0.04232 L/var=0.28 tgt=-0.061/0.388 pstd=0.351 gen=0.1s train=0.3s
[t=   8.7s] greedy ep 15 games=  96 dec= 18356 rows= 17581 horizon=0.30 L=0.03799 L/var=0.23 tgt=-0.075/0.407 pstd=0.371 gen=0.1s train=0.3s
[t=   9.2s] greedy ep 16 games=  96 dec= 19141 rows= 18328 horizon=0.32 L=0.03208 L/var=0.20 tgt=-0.060/0.400 pstd=0.369 gen=0.1s train=0.3s
[t=   9.8s] greedy ep 17 games=  96 dec= 18885 rows= 18173 horizon=0.30 L=0.02845 L/var=0.17 tgt=-0.075/0.410 pstd=0.373 gen=0.1s train=0.3s
[t=  10.2s] greedy ep 18 games=  96 dec= 17886 rows= 17103 horizon=0.25 L=0.02653 L/var=0.18 tgt=-0.064/0.386 pstd=0.377 gen=0.1s train=0.3s
[t=  10.7s] greedy ep 19 games=  96 dec= 17738 rows= 16961 horizon=0.23 L=0.02437 L/var=0.13 tgt=-0.108/0.433 pstd=0.377 gen=0.1s train=0.3s
[t=  11.2s] greedy ep 20 games=  96 dec= 17716 rows= 17039 horizon=0.28 L=0.02338 L/var=0.13 tgt=-0.090/0.429 pstd=0.382 gen=0.1s train=0.3s
[t=  11.7s] greedy ep 21 games=  96 dec= 17777 rows= 17032 horizon=0.23 L=0.02222 L/var=0.14 tgt=-0.097/0.401 pstd=0.385 gen=0.1s train=0.3s
[t=  12.2s] greedy ep 22 games=  96 dec= 18472 rows= 17732 horizon=0.33 L=0.02124 L/var=0.14 tgt=-0.079/0.396 pstd=0.366 gen=0.1s train=0.3s
[t=  12.7s] greedy ep 23 games=  96 dec= 18429 rows= 17627 horizon=0.27 L=0.02135 L/var=0.14 tgt=-0.079/0.391 pstd=0.372 gen=0.1s train=0.3s
[t=  13.3s] greedy ep 24 games=  96 dec= 18992 rows= 18327 horizon=0.35 L=0.01993 L/var=0.12 tgt=-0.080/0.412 pstd=0.389 gen=0.1s train=0.3s
[t=  13.8s] greedy ep 25 games=  96 dec= 18039 rows= 17262 horizon=0.23 L=0.02004 L/var=0.11 tgt=-0.097/0.418 pstd=0.381 gen=0.1s train=0.3s
[t=  14.3s] greedy ep 26 games=  96 dec= 19627 rows= 18805 horizon=0.33 L=0.01825 L/var=0.11 tgt=-0.078/0.412 pstd=0.389 gen=0.1s train=0.3s
[t=  14.8s] greedy ep 27 games=  96 dec= 18752 rows= 17930 horizon=0.27 L=0.01645 L/var=0.10 tgt=-0.057/0.401 pstd=0.372 gen=0.1s train=0.3s
[t=  15.4s] greedy ep 28 games=  96 dec= 19116 rows= 18327 horizon=0.31 L=0.01537 L/var=0.09 tgt=-0.078/0.412 pstd=0.378 gen=0.1s train=0.3s
[t=  15.9s] greedy ep 29 games=  96 dec= 18708 rows= 17952 horizon=0.27 L=0.01431 L/var=0.09 tgt=-0.080/0.407 pstd=0.378 gen=0.1s train=0.3s
[t=  16.4s] greedy ep 30 games=  96 dec= 19066 rows= 18248 horizon=0.31 L=0.01339 L/var=0.09 tgt=-0.075/0.397 pstd=0.382 gen=0.1s train=0.3s
[t=  17.0s] greedy ep 31 games=  96 dec= 18369 rows= 17570 horizon=0.26 L=0.01189 L/var=0.08 tgt=-0.085/0.397 pstd=0.385 gen=0.1s train=0.4s
[t=  17.5s] greedy ep 32 games=  96 dec= 18567 rows= 17800 horizon=0.30 L=0.01191 L/var=0.07 tgt=-0.065/0.405 pstd=0.390 gen=0.1s train=0.3s
[t=  18.1s] greedy ep 33 games=  96 dec= 18636 rows= 17813 horizon=0.31 L=0.01108 L/var=0.07 tgt=-0.050/0.400 pstd=0.381 gen=0.1s train=0.4s
[t=  18.6s] greedy ep 34 games=  96 dec= 18664 rows= 17825 horizon=0.29 L=0.01170 L/var=0.08 tgt=-0.077/0.378 pstd=0.363 gen=0.1s train=0.3s
[t=  19.1s] greedy ep 35 games=  96 dec= 17787 rows= 17046 horizon=0.22 L=0.01707 L/var=0.10 tgt=-0.058/0.413 pstd=0.362 gen=0.1s train=0.3s
[t=  19.6s] greedy ep 36 games=  96 dec= 19279 rows= 18442 horizon=0.33 L=0.01389 L/var=0.09 tgt=-0.083/0.403 pstd=0.375 gen=0.1s train=0.3s
[t=  20.2s] greedy ep 37 games=  96 dec= 18316 rows= 17468 horizon=0.32 L=0.01107 L/var=0.06 tgt=-0.082/0.413 pstd=0.391 gen=0.1s train=0.3s
[t=  20.7s] greedy ep 38 games=  96 dec= 19158 rows= 18321 horizon=0.32 L=0.00975 L/var=0.07 tgt=-0.052/0.371 pstd=0.377 gen=0.1s train=0.3s
[t=  21.2s] greedy ep 39 games=  96 dec= 18549 rows= 17774 horizon=0.26 L=0.00869 L/var=0.05 tgt=-0.066/0.419 pstd=0.377 gen=0.1s train=0.3s
[t=  21.8s] greedy ep 40 games=  96 dec= 18971 rows= 18211 horizon=0.34 L=0.00879 L/var=0.06 tgt=-0.061/0.378 pstd=0.376 gen=0.1s train=0.3s
[t=  22.3s] greedy ep 41 games=  96 dec= 18692 rows= 17843 horizon=0.28 L=0.00825 L/var=0.05 tgt=-0.060/0.393 pstd=0.388 gen=0.1s train=0.3s
[t=  22.8s] greedy ep 42 games=  96 dec= 19162 rows= 18375 horizon=0.38 L=0.00830 L/var=0.05 tgt=-0.081/0.417 pstd=0.387 gen=0.1s train=0.3s
[t=  23.4s] greedy ep 43 games=  96 dec= 19468 rows= 18602 horizon=0.35 L=0.00796 L/var=0.05 tgt=-0.093/0.389 pstd=0.384 gen=0.1s train=0.3s
[t=  23.9s] greedy ep 44 games=  96 dec= 18443 rows= 17624 horizon=0.28 L=0.00768 L/var=0.05 tgt=-0.068/0.375 pstd=0.374 gen=0.1s train=0.3s
[t=  24.4s] greedy ep 45 games=  96 dec= 17350 rows= 16706 horizon=0.25 L=0.00779 L/var=0.05 tgt=-0.069/0.383 pstd=0.382 gen=0.1s train=0.3s
[t=  24.9s] greedy ep 46 games=  96 dec= 17993 rows= 17239 horizon=0.28 L=0.00754 L/var=0.05 tgt=-0.095/0.400 pstd=0.381 gen=0.1s train=0.3s
[t=  25.4s] greedy ep 47 games=  96 dec= 18984 rows= 18180 horizon=0.29 L=0.00767 L/var=0.05 tgt=-0.069/0.381 pstd=0.380 gen=0.1s train=0.3s
[t=  25.9s] greedy ep 48 games=  96 dec= 18071 rows= 17405 horizon=0.30 L=0.00854 L/var=0.05 tgt=-0.064/0.410 pstd=0.376 gen=0.1s train=0.3s
[t=  26.5s] greedy ep 49 games=  96 dec= 19599 rows= 18844 horizon=0.40 L=0.00750 L/var=0.05 tgt=-0.053/0.408 pstd=0.388 gen=0.1s train=0.3s
[t=  26.9s] greedy ep 50 games=  96 dec= 17856 rows= 17099 horizon=0.25 L=0.00770 L/var=0.05 tgt=-0.078/0.412 pstd=0.380 gen=0.1s train=0.3s
[t=  27.4s] greedy ep 51 games=  96 dec= 17858 rows= 17043 horizon=0.24 L=0.00676 L/var=0.04 tgt=-0.083/0.433 pstd=0.382 gen=0.1s train=0.3s
[t=  28.0s] greedy ep 52 games=  96 dec= 18973 rows= 18262 horizon=0.35 L=0.00644 L/var=0.04 tgt=-0.080/0.397 pstd=0.384 gen=0.1s train=0.4s
[t=  28.5s] greedy ep 53 games=  96 dec= 17565 rows= 16777 horizon=0.19 L=0.00980 L/var=0.06 tgt=-0.076/0.397 pstd=0.366 gen=0.1s train=0.3s
[t=  29.0s] greedy ep 54 games=  96 dec= 17835 rows= 17151 horizon=0.25 L=0.01012 L/var=0.07 tgt=-0.070/0.384 pstd=0.370 gen=0.1s train=0.3s
[t=  29.5s] greedy ep 55 games=  96 dec= 17927 rows= 17096 horizon=0.25 L=0.00985 L/var=0.07 tgt=-0.069/0.363 pstd=0.374 gen=0.1s train=0.3s
[t=  30.0s] greedy ep 56 games=  96 dec= 18561 rows= 17765 horizon=0.28 L=0.00712 L/var=0.05 tgt=-0.062/0.381 pstd=0.379 gen=0.1s train=0.3s
[t=  30.6s] greedy ep 57 games=  96 dec= 18688 rows= 17872 horizon=0.25 L=0.00610 L/var=0.03 tgt=-0.082/0.422 pstd=0.386 gen=0.1s train=0.3s
[t=  31.1s] greedy ep 58 games=  96 dec= 19251 rows= 18414 horizon=0.34 L=0.00585 L/var=0.03 tgt=-0.092/0.413 pstd=0.382 gen=0.1s train=0.3s
[t=  31.7s] greedy ep 59 games=  96 dec= 19596 rows= 18724 horizon=0.36 L=0.00566 L/var=0.04 tgt=-0.071/0.392 pstd=0.387 gen=0.1s train=0.4s
[t=  32.3s] greedy ep 60 games=  96 dec= 18869 rows= 17979 horizon=0.30 L=0.00589 L/var=0.04 tgt=-0.087/0.395 pstd=0.385 gen=0.1s train=0.3s
[t=  32.9s] greedy ep 61 games=  96 dec= 18419 rows= 17673 horizon=0.25 L=0.00607 L/var=0.04 tgt=-0.071/0.408 pstd=0.382 gen=0.1s train=0.3s
[t=  33.4s] greedy ep 62 games=  96 dec= 19032 rows= 18186 horizon=0.32 L=0.00640 L/var=0.04 tgt=-0.082/0.423 pstd=0.379 gen=0.1s train=0.3s
[t=  33.9s] greedy ep 63 games=  96 dec= 19220 rows= 18443 horizon=0.29 L=0.00604 L/var=0.04 tgt=-0.067/0.401 pstd=0.382 gen=0.1s train=0.3s
[t=  34.4s] greedy ep 64 games=  96 dec= 17814 rows= 17050 horizon=0.25 L=0.00579 L/var=0.03 tgt=-0.077/0.407 pstd=0.383 gen=0.1s train=0.3s
[t=  35.0s] greedy ep 65 games=  96 dec= 18244 rows= 17509 horizon=0.28 L=0.00679 L/var=0.04 tgt=-0.079/0.389 pstd=0.381 gen=0.1s train=0.3s
[t=  35.5s] greedy ep 66 games=  96 dec= 18182 rows= 17491 horizon=0.29 L=0.00809 L/var=0.05 tgt=-0.084/0.400 pstd=0.361 gen=0.1s train=0.3s
[t=  36.1s] greedy ep 67 games=  96 dec= 18981 rows= 18182 horizon=0.35 L=0.00748 L/var=0.04 tgt=-0.087/0.426 pstd=0.391 gen=0.1s train=0.3s
[t=  36.6s] greedy ep 68 games=  96 dec= 18200 rows= 17313 horizon=0.25 L=0.00637 L/var=0.04 tgt=-0.057/0.399 pstd=0.388 gen=0.1s train=0.3s
[t=  37.1s] greedy ep 69 games=  96 dec= 18393 rows= 17591 horizon=0.28 L=0.00524 L/var=0.03 tgt=-0.084/0.390 pstd=0.382 gen=0.1s train=0.3s
[t=  37.6s] greedy ep 70 games=  96 dec= 18464 rows= 17707 horizon=0.33 L=0.00512 L/var=0.03 tgt=-0.094/0.424 pstd=0.378 gen=0.1s train=0.3s
[t=  38.2s] greedy ep 71 games=  96 dec= 18120 rows= 17396 horizon=0.26 L=0.00632 L/var=0.04 tgt=-0.064/0.411 pstd=0.384 gen=0.1s train=0.3s
[t=  38.7s] greedy ep 72 games=  96 dec= 19113 rows= 18368 horizon=0.34 L=0.00597 L/var=0.04 tgt=-0.105/0.413 pstd=0.376 gen=0.1s train=0.3s
[t=  39.3s] greedy ep 73 games=  96 dec= 17603 rows= 16838 horizon=0.20 L=0.00521 L/var=0.03 tgt=-0.097/0.416 pstd=0.376 gen=0.1s train=0.4s
[t=  39.8s] greedy ep 74 games=  96 dec= 18477 rows= 17679 horizon=0.27 L=0.00513 L/var=0.03 tgt=-0.080/0.425 pstd=0.383 gen=0.1s train=0.3s
[t=  40.4s] greedy ep 75 games=  96 dec= 19740 rows= 18936 horizon=0.40 L=0.00540 L/var=0.04 tgt=-0.051/0.381 pstd=0.390 gen=0.1s train=0.3s
[t=  40.9s] greedy ep 76 games=  96 dec= 18307 rows= 17464 horizon=0.20 L=0.00564 L/var=0.04 tgt=-0.073/0.386 pstd=0.376 gen=0.1s train=0.4s
[t=  41.4s] greedy ep 77 games=  96 dec= 18119 rows= 17313 horizon=0.25 L=0.00579 L/var=0.03 tgt=-0.096/0.418 pstd=0.382 gen=0.1s train=0.3s
[t=  41.9s] greedy ep 78 games=  96 dec= 18056 rows= 17283 horizon=0.26 L=0.00610 L/var=0.04 tgt=-0.067/0.398 pstd=0.381 gen=0.1s train=0.3s
[t=  42.5s] greedy ep 79 games=  96 dec= 18309 rows= 17527 horizon=0.28 L=0.00601 L/var=0.04 tgt=-0.048/0.403 pstd=0.374 gen=0.1s train=0.3s
[t=  43.0s] greedy ep 80 games=  96 dec= 18361 rows= 17605 horizon=0.29 L=0.00588 L/var=0.03 tgt=-0.092/0.423 pstd=0.395 gen=0.1s train=0.3s
[t=  43.5s] greedy ep 81 games=  96 dec= 17527 rows= 16734 horizon=0.25 L=0.00890 L/var=0.06 tgt=-0.065/0.398 pstd=0.374 gen=0.1s train=0.3s
[t=  44.0s] greedy ep 82 games=  96 dec= 17529 rows= 16756 horizon=0.23 L=0.01011 L/var=0.06 tgt=-0.061/0.397 pstd=0.360 gen=0.1s train=0.3s
[t=  44.5s] greedy ep 83 games=  96 dec= 16779 rows= 15994 horizon=0.18 L=0.00647 L/var=0.04 tgt=-0.050/0.399 pstd=0.368 gen=0.1s train=0.3s
[t=  45.0s] greedy ep 84 games=  96 dec= 19106 rows= 18300 horizon=0.35 L=0.00507 L/var=0.03 tgt=-0.060/0.405 pstd=0.391 gen=0.1s train=0.3s
[t=  45.6s] greedy ep 85 games=  96 dec= 18736 rows= 17960 horizon=0.29 L=0.00463 L/var=0.03 tgt=-0.082/0.405 pstd=0.386 gen=0.1s train=0.3s
[t=  46.1s] greedy ep 86 games=  96 dec= 18107 rows= 17332 horizon=0.26 L=0.00457 L/var=0.03 tgt=-0.063/0.393 pstd=0.379 gen=0.1s train=0.3s
[t=  46.6s] greedy ep 87 games=  96 dec= 17330 rows= 16586 horizon=0.24 L=0.00484 L/var=0.03 tgt=-0.085/0.395 pstd=0.383 gen=0.1s train=0.3s
[t=  47.1s] greedy ep 88 games=  96 dec= 18635 rows= 17758 horizon=0.27 L=0.00439 L/var=0.03 tgt=-0.061/0.389 pstd=0.384 gen=0.1s train=0.3s
[t=  47.6s] greedy ep 89 games=  96 dec= 17378 rows= 16633 horizon=0.24 L=0.00453 L/var=0.03 tgt=-0.079/0.397 pstd=0.375 gen=0.1s train=0.3s
[t=  48.2s] greedy ep 90 games=  96 dec= 18682 rows= 17886 horizon=0.31 L=0.00472 L/var=0.03 tgt=-0.098/0.418 pstd=0.391 gen=0.1s train=0.3s
[t=  48.7s] greedy ep 91 games=  96 dec= 18758 rows= 18046 horizon=0.32 L=0.00448 L/var=0.03 tgt=-0.077/0.383 pstd=0.381 gen=0.1s train=0.3s
[t=  49.2s] greedy ep 92 games=  96 dec= 18910 rows= 18161 horizon=0.30 L=0.00459 L/var=0.03 tgt=-0.080/0.401 pstd=0.375 gen=0.1s train=0.3s
[t=  49.8s] greedy ep 93 games=  96 dec= 18404 rows= 17653 horizon=0.34 L=0.00577 L/var=0.03 tgt=-0.102/0.417 pstd=0.396 gen=0.1s train=0.3s
[t=  50.3s] greedy ep 94 games=  96 dec= 18792 rows= 18006 horizon=0.33 L=0.00555 L/var=0.04 tgt=-0.081/0.391 pstd=0.374 gen=0.1s train=0.3s
[t=  50.9s] greedy ep 95 games=  96 dec= 18762 rows= 17940 horizon=0.24 L=0.00536 L/var=0.03 tgt=-0.088/0.399 pstd=0.384 gen=0.1s train=0.3s
[t=  51.4s] greedy ep 96 games=  96 dec= 17651 rows= 16892 horizon=0.24 L=0.00551 L/var=0.03 tgt=-0.080/0.418 pstd=0.379 gen=0.1s train=0.3s
[t=  51.9s] greedy ep 97 games=  96 dec= 17701 rows= 17006 horizon=0.27 L=0.00471 L/var=0.03 tgt=-0.090/0.413 pstd=0.381 gen=0.1s train=0.3s
[t=  52.4s] greedy ep 98 games=  96 dec= 18691 rows= 17958 horizon=0.35 L=0.00451 L/var=0.03 tgt=-0.069/0.364 pstd=0.378 gen=0.1s train=0.3s
[t=  52.9s] greedy ep 99 games=  96 dec= 19149 rows= 18268 horizon=0.29 L=0.00447 L/var=0.03 tgt=-0.083/0.398 pstd=0.389 gen=0.1s train=0.3s
[t=  53.4s] greedy ep100 games=  96 dec= 17996 rows= 17268 horizon=0.27 L=0.00432 L/var=0.03 tgt=-0.047/0.415 pstd=0.384 gen=0.1s train=0.3s
[t=  53.9s] greedy ep101 games=  96 dec= 17954 rows= 17173 horizon=0.26 L=0.00422 L/var=0.02 tgt=-0.101/0.429 pstd=0.380 gen=0.1s train=0.3s
[t=  54.4s] greedy ep102 games=  96 dec= 17228 rows= 16426 horizon=0.19 L=0.00398 L/var=0.02 tgt=-0.107/0.415 pstd=0.383 gen=0.1s train=0.3s
[t=  54.9s] greedy ep103 games=  96 dec= 17794 rows= 16980 horizon=0.24 L=0.00424 L/var=0.03 tgt=-0.076/0.398 pstd=0.386 gen=0.1s train=0.3s
[t=  55.5s] greedy ep104 games=  96 dec= 18854 rows= 17982 horizon=0.26 L=0.00452 L/var=0.03 tgt=-0.080/0.409 pstd=0.387 gen=0.1s train=0.3s
[t=  56.0s] greedy ep105 games=  96 dec= 18802 rows= 17936 horizon=0.30 L=0.00564 L/var=0.03 tgt=-0.084/0.410 pstd=0.376 gen=0.1s train=0.3s
[t=  56.6s] greedy ep106 games=  96 dec= 18161 rows= 17476 horizon=0.27 L=0.00742 L/var=0.05 tgt=-0.058/0.388 pstd=0.385 gen=0.1s train=0.3s
[t=  57.1s] greedy ep107 games=  96 dec= 17916 rows= 17157 horizon=0.27 L=0.00776 L/var=0.05 tgt=-0.081/0.408 pstd=0.387 gen=0.1s train=0.3s
[t=  57.6s] greedy ep108 games=  96 dec= 18149 rows= 17352 horizon=0.26 L=0.00459 L/var=0.03 tgt=-0.060/0.382 pstd=0.373 gen=0.1s train=0.3s
[t=  58.1s] greedy ep109 games=  96 dec= 18197 rows= 17400 horizon=0.24 L=0.00435 L/var=0.03 tgt=-0.067/0.387 pstd=0.376 gen=0.1s train=0.3s
[t=  58.6s] greedy ep110 games=  96 dec= 17538 rows= 16803 horizon=0.24 L=0.00400 L/var=0.02 tgt=-0.087/0.410 pstd=0.386 gen=0.1s train=0.3s
[t=  59.1s] greedy ep111 games=  96 dec= 19361 rows= 18532 horizon=0.36 L=0.00394 L/var=0.02 tgt=-0.073/0.400 pstd=0.386 gen=0.1s train=0.3s
[t=  59.6s] greedy ep112 games=  96 dec= 18029 rows= 17317 horizon=0.30 L=0.00387 L/var=0.02 tgt=-0.083/0.417 pstd=0.388 gen=0.1s train=0.3s
[t=  60.2s] greedy ep113 games=  96 dec= 18174 rows= 17387 horizon=0.28 L=0.00389 L/var=0.02 tgt=-0.042/0.413 pstd=0.389 gen=0.1s train=0.4s
[t=  60.2s] --- snapshot snap_00.pt (init) ---
[t=  60.2s] --- switching to GT-CFR ---
[t=  70.4s] GT-CFR solves=4888 rate=480.6/s rows=88723 games=6 caps=67 L=0.12668 L/var=2.31 tgt=-0.029/0.234 gen=0.42s train=0.84s gpu=0.00s
[t=  80.4s] GT-CFR solves=13376 rate=662.9/s rows=262063 games=46 caps=148 L=0.09987 L/var=0.99 tgt=-0.039/0.317 gen=0.33s train=2.25s gpu=0.00s
[t=  90.4s] GT-CFR solves=20976 rate=694.9/s rows=224746 games=42 caps=231 L=0.07062 L/var=0.81 tgt=-0.036/0.296 gen=0.37s train=1.97s gpu=0.00s
[t=  99.8s] --- lr -> 5.00e-04 ---
[t= 100.4s] GT-CFR solves=27808 rate=691.7/s rows=186403 games=31 caps=292 L=0.05888 L/var=0.73 tgt=-0.026/0.283 gen=0.37s train=1.66s gpu=0.00s
[t= 110.4s] GT-CFR solves=34256 rate=682.2/s rows=172293 games=32 caps=378 L=0.06804 L/var=0.68 tgt=-0.031/0.315 gen=0.45s train=1.56s gpu=0.00s
[t= 120.2s] --- snapshot snap_01.pt (s1) ---
[t= 120.4s] GT-CFR solves=41312 rate=686.1/s rows=230604 games=30 caps=462 L=0.06550 L/var=0.62 tgt=-0.043/0.326 gen=0.41s train=2.04s gpu=0.00s
[t= 130.5s] GT-CFR solves=48232 rate=686.6/s rows=215753 games=33 caps=505 L=0.06804 L/var=0.58 tgt=-0.108/0.341 gen=0.39s train=1.89s gpu=0.00s
[t= 140.5s] GT-CFR solves=54984 rate=685.0/s rows=199657 games=34 caps=611 L=0.06525 L/var=0.76 tgt=-0.024/0.293 gen=0.39s train=1.72s gpu=0.00s
[t= 140.6s] --- lr -> 2.50e-04 ---
[t= 150.5s] GT-CFR solves=61144 rate=677.3/s rows=176579 games=30 caps=668 L=0.06585 L/var=0.62 tgt=-0.020/0.327 gen=0.54s train=1.52s gpu=0.00s
[t= 160.5s] GT-CFR solves=67128 rate=669.4/s rows=175786 games=28 caps=725 L=0.06856 L/var=0.71 tgt=-0.024/0.311 gen=0.43s train=1.54s gpu=0.00s
[t= 170.5s] GT-CFR solves=73480 rate=666.3/s rows=201294 games=28 caps=804 L=0.06530 L/var=0.90 tgt=-0.021/0.269 gen=0.43s train=1.76s gpu=0.00s
[GT-CFR-summary] solves=79467 optimizer_rows=1157120 rate=663.5/s horizon=0.61 games=370 caps=844
[t= 205.7s] --- snapshot snap_02.pt (final) ---
