[train] runs/gt_core_smoke at 1feb485+dirty seed=1 {'minutes': 3.0, 'warm_minutes': 0.5, 'snapshot_every': 1.0, 'ladder_games': 0, 'note': 'one-game-per-core-smoke'}
[train] one-game-per-core-smoke
[cpu] pinned to 36 physical cores
[train] CUDA stream priority -1
[cfg] PUBFEAT=897 CFEAT=15 architecture=gt-cfr nodes=256 expand=4 iters=16 budget=180s warm=30s snapshot_every=1min device=cuda:1 draft=random train_gen_ratio=4.0 recent_mix=0.5/0.2 canonical_views=2 cap=2000000 matmul=high
[t=   1.6s] greedy ep  0 games=  96 dec= 18968 rows= 18118 horizon=0.30 L=2.22138 L/var=15.09 tgt=-0.065/0.384 pstd=0.088 gen=0.1s train=1.4s
[t=   2.7s] greedy ep  1 games=  96 dec= 18844 rows= 18051 horizon=0.33 L=0.54097 L/var=3.12 tgt=-0.083/0.417 pstd=0.058 gen=0.1s train=0.9s
[t=   3.7s] greedy ep  2 games=  96 dec= 18181 rows= 17414 horizon=0.27 L=0.45089 L/var=2.85 tgt=-0.076/0.397 pstd=0.046 gen=0.1s train=0.8s
[t=   4.7s] greedy ep  3 games=  96 dec= 17989 rows= 17120 horizon=0.26 L=0.33686 L/var=2.22 tgt=-0.077/0.389 pstd=0.041 gen=0.1s train=0.8s
[t=   5.8s] greedy ep  4 games=  96 dec= 18823 rows= 18078 horizon=0.29 L=0.29747 L/var=1.93 tgt=-0.064/0.392 pstd=0.033 gen=0.1s train=0.9s
[t=   7.0s] greedy ep  5 games=  96 dec= 18924 rows= 18146 horizon=0.33 L=0.28600 L/var=1.94 tgt=-0.051/0.384 pstd=0.050 gen=0.1s train=0.9s
[t=   8.0s] greedy ep  6 games=  96 dec= 17615 rows= 16921 horizon=0.26 L=0.23823 L/var=1.48 tgt=-0.082/0.402 pstd=0.090 gen=0.1s train=0.8s
[t=   9.1s] greedy ep  7 games=  96 dec= 18608 rows= 17786 horizon=0.36 L=0.26931 L/var=1.55 tgt=-0.092/0.417 pstd=0.083 gen=0.1s train=0.8s
[t=  10.2s] greedy ep  8 games=  96 dec= 19040 rows= 18296 horizon=0.36 L=0.21884 L/var=1.38 tgt=-0.064/0.398 pstd=0.088 gen=0.1s train=0.9s
[t=  11.4s] greedy ep  9 games=  96 dec= 18200 rows= 17459 horizon=0.27 L=0.21666 L/var=1.28 tgt=-0.090/0.411 pstd=0.111 gen=0.1s train=1.0s
[t=  12.6s] greedy ep 10 games=  96 dec= 17927 rows= 17200 horizon=0.24 L=0.21641 L/var=1.33 tgt=-0.082/0.404 pstd=0.109 gen=0.1s train=1.0s
[t=  13.8s] greedy ep 11 games=  96 dec= 17941 rows= 17162 horizon=0.28 L=0.21068 L/var=1.32 tgt=-0.100/0.400 pstd=0.136 gen=0.1s train=1.0s
[t=  14.8s] greedy ep 12 games=  96 dec= 17384 rows= 16648 horizon=0.25 L=0.20534 L/var=1.50 tgt=-0.053/0.370 pstd=0.140 gen=0.1s train=0.8s
[t=  15.9s] greedy ep 13 games=  96 dec= 18153 rows= 17377 horizon=0.28 L=0.20777 L/var=1.30 tgt=-0.090/0.400 pstd=0.191 gen=0.1s train=0.9s
[t=  17.0s] greedy ep 14 games=  96 dec= 18097 rows= 17377 horizon=0.26 L=0.23255 L/var=1.54 tgt=-0.061/0.388 pstd=0.108 gen=0.1s train=0.9s
[t=  18.0s] greedy ep 15 games=  96 dec= 18356 rows= 17581 horizon=0.30 L=0.23421 L/var=1.42 tgt=-0.075/0.407 pstd=0.128 gen=0.1s train=0.9s
[t=  19.2s] greedy ep 16 games=  96 dec= 19141 rows= 18328 horizon=0.32 L=0.21502 L/var=1.34 tgt=-0.060/0.400 pstd=0.147 gen=0.1s train=0.9s
[t=  20.3s] greedy ep 17 games=  96 dec= 18885 rows= 18173 horizon=0.30 L=0.21819 L/var=1.30 tgt=-0.075/0.410 pstd=0.126 gen=0.1s train=0.9s
[t=  21.4s] greedy ep 18 games=  96 dec= 17886 rows= 17103 horizon=0.25 L=0.21572 L/var=1.45 tgt=-0.064/0.386 pstd=0.141 gen=0.1s train=0.9s
[t=  22.4s] greedy ep 19 games=  96 dec= 17738 rows= 16961 horizon=0.23 L=0.20968 L/var=1.12 tgt=-0.108/0.433 pstd=0.150 gen=0.1s train=0.9s
[t=  23.5s] greedy ep 20 games=  96 dec= 17716 rows= 17039 horizon=0.28 L=0.28009 L/var=1.52 tgt=-0.090/0.429 pstd=0.142 gen=0.1s train=0.9s
[t=  24.6s] greedy ep 21 games=  96 dec= 17777 rows= 17032 horizon=0.23 L=0.46373 L/var=2.89 tgt=-0.097/0.401 pstd=0.058 gen=0.1s train=0.9s
[t=  25.6s] greedy ep 22 games=  96 dec= 18472 rows= 17732 horizon=0.33 L=0.25834 L/var=1.64 tgt=-0.079/0.396 pstd=0.083 gen=0.1s train=0.9s
[t=  26.7s] greedy ep 23 games=  96 dec= 18429 rows= 17627 horizon=0.27 L=0.21283 L/var=1.39 tgt=-0.079/0.391 pstd=0.117 gen=0.1s train=0.9s
[t=  27.8s] greedy ep 24 games=  96 dec= 18992 rows= 18327 horizon=0.35 L=0.21028 L/var=1.24 tgt=-0.080/0.412 pstd=0.169 gen=0.1s train=0.9s
[t=  28.9s] greedy ep 25 games=  96 dec= 18039 rows= 17262 horizon=0.23 L=0.20121 L/var=1.15 tgt=-0.097/0.418 pstd=0.156 gen=0.1s train=0.9s
[t=  30.0s] greedy ep 26 games=  96 dec= 19627 rows= 18805 horizon=0.33 L=0.20210 L/var=1.19 tgt=-0.078/0.412 pstd=0.166 gen=0.1s train=0.9s
[t=  30.0s] --- snapshot snap_00.pt (init) ---
[t=  30.0s] --- switching to GT-CFR ---
[t= 156.7s] --- lr -> 5.00e-04 ---
[t= 156.7s] --- lr -> 2.50e-04 ---
[t= 156.7s] --- snapshot snap_01.pt (s1) ---
[t= 156.7s] GT-CFR solves=163 rate=1.3/s rows=2101 games=1 caps=0 L=0.00000 L/var=0.00 tgt=-0.013/0.071 gen=126.62s train=0.00s gpu=0.00s
[t= 166.4s] GT-CFR solves=330 rate=2.4/s rows=1759 games=1 caps=0 L=0.01209 L/var=2.63 tgt=-0.027/0.068 gen=136.16s train=0.11s gpu=0.00s
[t= 168.8s] GT-CFR solves=510 rate=3.7/s rows=1636 games=1 caps=0 L=0.00000 L/var=0.00 tgt=-0.005/0.069 gen=138.69s train=0.00s gpu=0.00s
[t= 171.8s] GT-CFR solves=693 rate=4.9/s rows=2090 games=1 caps=0 L=0.11096 L/var=4.01 tgt=-0.044/0.166 gen=141.58s train=0.09s gpu=0.00s
[t= 173.5s] GT-CFR solves=893 rate=6.2/s rows=3421 games=1 caps=0 L=0.03056 L/var=2.15 tgt=-0.004/0.119 gen=143.33s train=0.09s gpu=0.00s
[t= 174.2s] GT-CFR solves=1074 rate=7.5/s rows=1748 games=1 caps=0 L=0.02613 L/var=1.77 tgt=-0.052/0.121 gen=143.98s train=0.09s gpu=0.00s
[t= 178.9s] GT-CFR solves=1231 rate=8.3/s rows=1665 games=1 caps=0 L=0.00000 L/var=0.00 tgt=-0.015/0.060 gen=148.87s train=0.00s gpu=0.00s
