[gpu] solve services up on [0, 1]
[cfg] PUBFEAT=897 CFEAT=16 hidden=384 head=384 dg=64 rank=64 depth=2 iters=64 budget=600s warm=300s device=cuda:1 draft=random snapshot_every=6.0min train_gen_ratio=4.0 recent_mix=0.5/0.2 augment=True cap=2000000 matmul=high
[t=   2.3s] greedy ep  0 games=  96 dec= 19020 rows= 18171 horizon=0.30 nodecap=0 over=0 exact=0 drop=0 cfgs= 27.4 L=0.01001 P=nan old=0.00177 new=0.00079 tgt=-0.023/0.480 pstd=0.482 capv=0.040 lr=1.0e-03 gen=0.1s conv=0.0s add=0.1s train=2.1s sps=0
[t=   4.5s] greedy ep  1 games=  96 dec= 18777 rows= 17977 horizon=0.32 nodecap=0 over=0 exact=0 drop=0 cfgs= 26.6 L=0.01027 P=nan old=0.00175 new=0.00084 tgt=-0.059/0.493 pstd=0.487 capv=0.040 lr=1.0e-03 gen=0.1s conv=0.0s add=0.1s train=2.0s sps=0
[t=   6.3s] greedy ep  2 games=  96 dec= 18179 rows= 17397 horizon=0.26 nodecap=0 over=0 exact=0 drop=0 cfgs= 27.9 L=0.01054 P=nan old=0.00176 new=0.00094 tgt=-0.018/0.516 pstd=0.484 capv=0.040 lr=1.0e-03 gen=0.1s conv=0.0s add=0.1s train=1.7s sps=0
[t=   8.1s] greedy ep  3 games=  96 dec= 17876 rows= 17033 horizon=0.26 nodecap=0 over=0 exact=0 drop=0 cfgs= 26.4 L=0.00926 P=nan old=0.00192 new=0.00101 tgt=-0.027/0.498 pstd=0.487 capv=0.040 lr=1.0e-03 gen=0.1s conv=0.0s add=0.1s train=1.6s sps=0
[t=  10.0s] greedy ep  4 games=  96 dec= 19004 rows= 18249 horizon=0.31 nodecap=0 over=0 exact=0 drop=0 cfgs= 28.3 L=0.00945 P=nan old=0.00185 new=0.00114 tgt=-0.025/0.465 pstd=0.488 capv=0.040 lr=1.0e-03 gen=0.1s conv=0.0s add=0.1s train=1.7s sps=0
[t=  11.9s] greedy ep  5 games=  96 dec= 19345 rows= 18536 horizon=0.35 nodecap=0 over=0 exact=0 drop=0 cfgs= 26.4 L=0.00768 P=nan old=0.00174 new=0.00103 tgt=-0.026/0.492 pstd=0.486 capv=0.040 lr=1.0e-03 gen=0.1s conv=0.0s add=0.1s train=1.7s sps=0
[t=  13.7s] greedy ep  6 games=  96 dec= 17785 rows= 17102 horizon=0.28 nodecap=0 over=0 exact=0 drop=0 cfgs= 26.9 L=0.00891 P=nan old=0.00211 new=0.00105 tgt=-0.040/0.500 pstd=0.485 capv=0.040 lr=1.0e-03 gen=0.1s conv=0.0s add=0.1s train=1.6s sps=0
[t=  15.6s] greedy ep  7 games=  96 dec= 18319 rows= 17483 horizon=0.32 nodecap=0 over=0 exact=0 drop=0 cfgs= 27.7 L=0.00700 P=nan old=0.00165 new=0.00113 tgt=-0.059/0.503 pstd=0.490 capv=0.040 lr=1.0e-03 gen=0.1s conv=0.0s add=0.1s train=1.7s sps=0
[t=  17.5s] greedy ep  8 games=  96 dec= 18824 rows= 18083 horizon=0.34 nodecap=0 over=0 exact=0 drop=0 cfgs= 26.1 L=0.00703 P=nan old=0.00194 new=0.00114 tgt=-0.018/0.491 pstd=0.486 capv=0.040 lr=1.0e-03 gen=0.1s conv=0.0s add=0.1s train=1.7s sps=0
[t=  19.3s] greedy ep  9 games=  96 dec= 18100 rows= 17381 horizon=0.26 nodecap=0 over=0 exact=0 drop=0 cfgs= 26.3 L=0.00584 P=nan old=0.00175 new=0.00119 tgt=-0.043/0.522 pstd=0.488 capv=0.040 lr=1.0e-03 gen=0.1s conv=0.0s add=0.1s train=1.6s sps=0
[t=  21.0s] greedy ep 10 games=  96 dec= 17757 rows= 17029 horizon=0.23 nodecap=0 over=0 exact=0 drop=0 cfgs= 28.7 L=0.00721 P=nan old=0.00182 new=0.00157 tgt=-0.035/0.525 pstd=0.490 capv=0.040 lr=1.0e-03 gen=0.1s conv=0.0s add=0.1s train=1.6s sps=0
[t=  22.8s] greedy ep 11 games=  96 dec= 18043 rows= 17250 horizon=0.28 nodecap=0 over=0 exact=0 drop=0 cfgs= 27.7 L=0.00577 P=nan old=0.00195 new=0.00155 tgt=-0.047/0.493 pstd=0.491 capv=0.040 lr=1.0e-03 gen=0.1s conv=0.0s add=0.1s train=1.5s sps=0
[t=  24.5s] greedy ep 12 games=  96 dec= 17420 rows= 16700 horizon=0.25 nodecap=0 over=0 exact=0 drop=0 cfgs= 27.9 L=0.00673 P=nan old=0.00182 new=0.00141 tgt=-0.028/0.502 pstd=0.478 capv=0.040 lr=1.0e-03 gen=0.1s conv=0.0s add=0.1s train=1.5s sps=0
[t=  26.3s] greedy ep 13 games=  96 dec= 18339 rows= 17564 horizon=0.29 nodecap=0 over=0 exact=0 drop=0 cfgs= 27.2 L=0.00606 P=nan old=0.00227 new=0.00169 tgt=-0.034/0.497 pstd=0.489 capv=0.040 lr=1.0e-03 gen=0.1s conv=0.0s add=0.1s train=1.6s sps=0
[t=  28.0s] greedy ep 14 games=  96 dec= 17985 rows= 17266 horizon=0.25 nodecap=0 over=0 exact=0 drop=0 cfgs= 27.8 L=0.00592 P=nan old=0.00201 new=0.00164 tgt=-0.037/0.515 pstd=0.483 capv=0.040 lr=1.0e-03 gen=0.1s conv=0.0s add=0.1s train=1.6s sps=0
[t=  29.8s] greedy ep 15 games=  96 dec= 18309 rows= 17520 horizon=0.30 nodecap=0 over=0 exact=0 drop=0 cfgs= 26.8 L=0.00502 P=nan old=0.00195 new=0.00137 tgt=-0.021/0.493 pstd=0.487 capv=0.040 lr=1.0e-03 gen=0.1s conv=0.0s add=0.1s train=1.6s sps=0
[t=  31.7s] greedy ep 16 games=  96 dec= 19097 rows= 18291 horizon=0.33 nodecap=0 over=0 exact=0 drop=0 cfgs= 27.3 L=0.00541 P=nan old=0.00203 new=0.00156 tgt=+0.006/0.479 pstd=0.483 capv=0.040 lr=1.0e-03 gen=0.1s conv=0.0s add=0.1s train=1.7s sps=0
[t=  33.5s] greedy ep 17 games=  96 dec= 18142 rows= 17461 horizon=0.26 nodecap=0 over=0 exact=0 drop=0 cfgs= 27.3 L=0.00522 P=nan old=0.00189 new=0.00145 tgt=-0.054/0.518 pstd=0.482 capv=0.040 lr=1.0e-03 gen=0.1s conv=0.0s add=0.1s train=1.6s sps=0
[t=  35.2s] greedy ep 18 games=  96 dec= 17690 rows= 16896 horizon=0.22 nodecap=0 over=0 exact=0 drop=0 cfgs= 26.3 L=0.00538 P=nan old=0.00239 new=0.00173 tgt=-0.021/0.516 pstd=0.480 capv=0.040 lr=1.0e-03 gen=0.1s conv=0.0s add=0.1s train=1.6s sps=0
[t=  36.9s] greedy ep 19 games=  96 dec= 17806 rows= 17037 horizon=0.25 nodecap=0 over=0 exact=0 drop=0 cfgs= 27.5 L=0.00531 P=nan old=0.00216 new=0.00191 tgt=-0.059/0.527 pstd=0.480 capv=0.040 lr=1.0e-03 gen=0.1s conv=0.0s add=0.1s train=1.6s sps=0
[t=  38.7s] greedy ep 20 games=  96 dec= 17813 rows= 17128 horizon=0.28 nodecap=0 over=0 exact=0 drop=0 cfgs= 27.0 L=0.00452 P=nan old=0.00217 new=0.00164 tgt=-0.068/0.519 pstd=0.481 capv=0.040 lr=1.0e-03 gen=0.1s conv=0.0s add=0.1s train=1.6s sps=0
[t=  40.4s] greedy ep 21 games=  96 dec= 17800 rows= 17085 horizon=0.25 nodecap=0 over=0 exact=0 drop=0 cfgs= 28.0 L=0.00473 P=nan old=0.00222 new=0.00172 tgt=-0.054/0.513 pstd=0.482 capv=0.040 lr=1.0e-03 gen=0.1s conv=0.0s add=0.1s train=1.6s sps=0
[t=  42.2s] greedy ep 22 games=  96 dec= 18528 rows= 17771 horizon=0.31 nodecap=0 over=0 exact=0 drop=0 cfgs= 26.7 L=0.00418 P=nan old=0.00198 new=0.00156 tgt=-0.028/0.488 pstd=0.490 capv=0.040 lr=1.0e-03 gen=0.1s conv=0.0s add=0.1s train=1.6s sps=0
[t=  44.0s] greedy ep 23 games=  96 dec= 18486 rows= 17685 horizon=0.28 nodecap=0 over=0 exact=0 drop=0 cfgs= 25.6 L=0.00411 P=nan old=0.00201 new=0.00159 tgt=-0.008/0.478 pstd=0.486 capv=0.040 lr=1.0e-03 gen=0.1s conv=0.0s add=0.1s train=1.6s sps=0
[t=  45.9s] greedy ep 24 games=  96 dec= 19060 rows= 18394 horizon=0.35 nodecap=0 over=0 exact=0 drop=0 cfgs= 25.6 L=0.00501 P=nan old=0.00198 new=0.00169 tgt=-0.011/0.480 pstd=0.478 capv=0.040 lr=1.0e-03 gen=0.1s conv=0.0s add=0.1s train=1.7s sps=0
[t=  47.6s] greedy ep 25 games=  96 dec= 18086 rows= 17335 horizon=0.23 nodecap=0 over=0 exact=0 drop=0 cfgs= 27.3 L=0.00508 P=nan old=0.00208 new=0.00191 tgt=-0.026/0.520 pstd=0.490 capv=0.040 lr=1.0e-03 gen=0.1s conv=0.0s add=0.1s train=1.6s sps=0
[t=  49.6s] greedy ep 26 games=  96 dec= 19692 rows= 18851 horizon=0.33 nodecap=0 over=0 exact=0 drop=0 cfgs= 26.5 L=0.00400 P=nan old=0.00188 new=0.00155 tgt=-0.031/0.495 pstd=0.479 capv=0.040 lr=1.0e-03 gen=0.1s conv=0.0s add=0.1s train=1.8s sps=0
[t=  51.4s] greedy ep 27 games=  96 dec= 18267 rows= 17486 horizon=0.26 nodecap=0 over=0 exact=0 drop=0 cfgs= 28.3 L=0.00380 P=nan old=0.00211 new=0.00148 tgt=-0.023/0.486 pstd=0.484 capv=0.040 lr=1.0e-03 gen=0.1s conv=0.0s add=0.1s train=1.6s sps=0
[t=  53.2s] greedy ep 28 games=  96 dec= 19074 rows= 18289 horizon=0.30 nodecap=0 over=0 exact=0 drop=0 cfgs= 27.0 L=0.00463 P=nan old=0.00224 new=0.00171 tgt=-0.044/0.496 pstd=0.486 capv=0.040 lr=1.0e-03 gen=0.1s conv=0.0s add=0.1s train=1.7s sps=0
[t=  55.0s] greedy ep 29 games=  96 dec= 18686 rows= 17929 horizon=0.26 nodecap=0 over=0 exact=0 drop=0 cfgs= 28.4 L=0.00434 P=nan old=0.00224 new=0.00156 tgt=-0.052/0.512 pstd=0.482 capv=0.040 lr=1.0e-03 gen=0.1s conv=0.0s add=0.1s train=1.6s sps=0
[t=  56.9s] greedy ep 30 games=  96 dec= 19082 rows= 18260 horizon=0.30 nodecap=0 over=0 exact=0 drop=0 cfgs= 27.4 L=0.00447 P=nan old=0.00265 new=0.00165 tgt=-0.028/0.480 pstd=0.486 capv=0.040 lr=1.0e-03 gen=0.1s conv=0.0s add=0.1s train=1.7s sps=0
[t=  58.7s] greedy ep 31 games=  96 dec= 18482 rows= 17679 horizon=0.27 nodecap=0 over=0 exact=0 drop=0 cfgs= 28.1 L=0.00413 P=nan old=0.00221 new=0.00190 tgt=-0.042/0.504 pstd=0.488 capv=0.040 lr=1.0e-03 gen=0.1s conv=0.0s add=0.1s train=1.6s sps=0
[t=  60.5s] greedy ep 32 games=  96 dec= 18699 rows= 17926 horizon=0.32 nodecap=0 over=0 exact=0 drop=0 cfgs= 26.5 L=0.00446 P=nan old=0.00238 new=0.00195 tgt=-0.012/0.483 pstd=0.487 capv=0.040 lr=1.0e-03 gen=0.1s conv=0.0s add=0.1s train=1.7s sps=0
[t=  62.4s] greedy ep 33 games=  96 dec= 18814 rows= 17970 horizon=0.31 nodecap=0 over=0 exact=0 drop=0 cfgs= 27.4 L=0.00388 P=nan old=0.00202 new=0.00190 tgt=-0.000/0.514 pstd=0.482 capv=0.040 lr=1.0e-03 gen=0.1s conv=0.0s add=0.1s train=1.7s sps=0
[t=  64.3s] greedy ep 34 games=  96 dec= 18975 rows= 18126 horizon=0.32 nodecap=0 over=0 exact=0 drop=0 cfgs= 26.1 L=0.00412 P=nan old=0.00249 new=0.00193 tgt=+0.015/0.454 pstd=0.480 capv=0.040 lr=1.0e-03 gen=0.1s conv=0.0s add=0.1s train=1.7s sps=0
[t=  66.0s] greedy ep 35 games=  96 dec= 17981 rows= 17250 horizon=0.25 nodecap=0 over=0 exact=0 drop=0 cfgs= 27.3 L=0.00418 P=nan old=0.00225 new=0.00164 tgt=-0.035/0.521 pstd=0.480 capv=0.040 lr=1.0e-03 gen=0.1s conv=0.0s add=0.1s train=1.6s sps=0
[t=  67.9s] greedy ep 36 games=  96 dec= 19092 rows= 18239 horizon=0.28 nodecap=0 over=0 exact=0 drop=0 cfgs= 26.9 L=0.00417 P=nan old=0.00244 new=0.00185 tgt=-0.049/0.487 pstd=0.477 capv=0.040 lr=1.0e-03 gen=0.1s conv=0.0s add=0.1s train=1.7s sps=0
[t=  69.7s] greedy ep 37 games=  96 dec= 18212 rows= 17370 horizon=0.32 nodecap=0 over=0 exact=0 drop=0 cfgs= 27.9 L=0.00371 P=nan old=0.00227 new=0.00183 tgt=-0.034/0.532 pstd=0.481 capv=0.040 lr=1.0e-03 gen=0.1s conv=0.0s add=0.1s train=1.6s sps=0
[t=  71.6s] greedy ep 38 games=  96 dec= 19351 rows= 18505 horizon=0.33 nodecap=0 over=0 exact=0 drop=0 cfgs= 26.4 L=0.00419 P=nan old=0.00232 new=0.00180 tgt=-0.019/0.471 pstd=0.480 capv=0.040 lr=1.0e-03 gen=0.1s conv=0.0s add=0.1s train=1.7s sps=0
[t=  73.5s] greedy ep 39 games=  96 dec= 18608 rows= 17838 horizon=0.27 nodecap=0 over=0 exact=0 drop=0 cfgs= 27.1 L=0.00403 P=nan old=0.00233 new=0.00191 tgt=-0.038/0.510 pstd=0.479 capv=0.040 lr=1.0e-03 gen=0.1s conv=0.0s add=0.1s train=1.7s sps=0
[t=  75.6s] greedy ep 40 games=  96 dec= 18599 rows= 17855 horizon=0.32 nodecap=0 over=0 exact=0 drop=0 cfgs= 28.4 L=0.00438 P=nan old=0.00268 new=0.00174 tgt=+0.005/0.467 pstd=0.478 capv=0.040 lr=1.0e-03 gen=0.1s conv=0.0s add=0.1s train=1.9s sps=0
[t=  77.8s] greedy ep 41 games=  96 dec= 18879 rows= 18021 horizon=0.30 nodecap=0 over=0 exact=0 drop=0 cfgs= 28.3 L=0.00389 P=nan old=0.00272 new=0.00202 tgt=-0.041/0.500 pstd=0.483 capv=0.040 lr=1.0e-03 gen=0.1s conv=0.0s add=0.1s train=2.0s sps=0
[t=  79.8s] greedy ep 42 games=  96 dec= 18947 rows= 18147 horizon=0.34 nodecap=0 over=0 exact=0 drop=0 cfgs= 28.4 L=0.00406 P=nan old=0.00254 new=0.00172 tgt=-0.025/0.504 pstd=0.492 capv=0.040 lr=1.0e-03 gen=0.1s conv=0.0s add=0.1s train=1.9s sps=0
[t=  82.1s] greedy ep 43 games=  96 dec= 19299 rows= 18456 horizon=0.33 nodecap=0 over=0 exact=0 drop=0 cfgs= 26.1 L=0.00417 P=nan old=0.00248 new=0.00168 tgt=-0.062/0.468 pstd=0.483 capv=0.040 lr=1.0e-03 gen=0.1s conv=0.0s add=0.1s train=2.1s sps=0
[t=  84.1s] greedy ep 44 games=  96 dec= 18356 rows= 17540 horizon=0.27 nodecap=0 over=0 exact=0 drop=0 cfgs= 28.6 L=0.00389 P=nan old=0.00253 new=0.00193 tgt=-0.013/0.488 pstd=0.488 capv=0.040 lr=1.0e-03 gen=0.1s conv=0.0s add=0.1s train=1.8s sps=0
[t=  85.9s] greedy ep 45 games=  96 dec= 17718 rows= 17069 horizon=0.27 nodecap=0 over=0 exact=0 drop=0 cfgs= 28.9 L=0.00427 P=nan old=0.00272 new=0.00202 tgt=-0.085/0.518 pstd=0.492 capv=0.040 lr=1.0e-03 gen=0.1s conv=0.0s add=0.1s train=1.6s sps=0
[t=  87.6s] greedy ep 46 games=  96 dec= 18039 rows= 17287 horizon=0.28 nodecap=0 over=0 exact=0 drop=0 cfgs= 28.7 L=0.00410 P=nan old=0.00246 new=0.00186 tgt=-0.014/0.496 pstd=0.483 capv=0.040 lr=1.0e-03 gen=0.1s conv=0.0s add=0.1s train=1.6s sps=0
[t=  89.5s] greedy ep 47 games=  96 dec= 18992 rows= 18184 horizon=0.29 nodecap=0 over=0 exact=0 drop=0 cfgs= 27.2 L=0.00392 P=nan old=0.00244 new=0.00216 tgt=-0.022/0.475 pstd=0.485 capv=0.040 lr=1.0e-03 gen=0.1s conv=0.0s add=0.1s train=1.7s sps=0
[t=  91.4s] greedy ep 48 games=  96 dec= 18106 rows= 17409 horizon=0.29 nodecap=0 over=0 exact=0 drop=0 cfgs= 27.3 L=0.00377 P=nan old=0.00284 new=0.00212 tgt=-0.037/0.510 pstd=0.482 capv=0.040 lr=1.0e-03 gen=0.1s conv=0.0s add=0.1s train=1.8s sps=0
[t=  93.3s] greedy ep 49 games=  96 dec= 19697 rows= 18918 horizon=0.41 nodecap=0 over=0 exact=0 drop=0 cfgs= 25.9 L=0.00366 P=nan old=0.00248 new=0.00185 tgt=-0.000/0.452 pstd=0.496 capv=0.040 lr=1.0e-03 gen=0.1s conv=0.0s add=0.1s train=1.7s sps=0
[t=  95.1s] greedy ep 50 games=  96 dec= 17764 rows= 16989 horizon=0.24 nodecap=0 over=0 exact=0 drop=0 cfgs= 28.3 L=0.00420 P=nan old=0.00273 new=0.00180 tgt=-0.058/0.549 pstd=0.481 capv=0.040 lr=1.0e-03 gen=0.1s conv=0.0s add=0.1s train=1.6s sps=0
[t=  96.8s] greedy ep 51 games=  96 dec= 17871 rows= 17065 horizon=0.25 nodecap=0 over=0 exact=0 drop=0 cfgs= 28.4 L=0.00398 P=nan old=0.00275 new=0.00184 tgt=-0.026/0.525 pstd=0.475 capv=0.040 lr=1.0e-03 gen=0.1s conv=0.0s add=0.1s train=1.6s sps=0
[t=  98.7s] greedy ep 52 games=  96 dec= 18957 rows= 18241 horizon=0.34 nodecap=0 over=0 exact=0 drop=0 cfgs= 28.0 L=0.00398 P=nan old=0.00283 new=0.00189 tgt=-0.040/0.470 pstd=0.476 capv=0.040 lr=1.0e-03 gen=0.1s conv=0.0s add=0.1s train=1.7s sps=0
[t= 100.5s] greedy ep 53 games=  96 dec= 17594 rows= 16819 horizon=0.21 nodecap=0 over=0 exact=0 drop=0 cfgs= 28.1 L=0.00394 P=nan old=0.00284 new=0.00233 tgt=-0.032/0.511 pstd=0.482 capv=0.040 lr=1.0e-03 gen=0.1s conv=0.0s add=0.1s train=1.6s sps=0
[t= 102.2s] greedy ep 54 games=  96 dec= 17878 rows= 17181 horizon=0.24 nodecap=0 over=0 exact=0 drop=0 cfgs= 30.5 L=0.00419 P=nan old=0.00270 new=0.00203 tgt=-0.006/0.496 pstd=0.478 capv=0.040 lr=1.0e-03 gen=0.1s conv=0.0s add=0.1s train=1.6s sps=0
[t= 104.0s] greedy ep 55 games=  96 dec= 17837 rows= 16988 horizon=0.25 nodecap=0 over=0 exact=0 drop=0 cfgs= 27.0 L=0.00424 P=nan old=0.00315 new=0.00253 tgt=-0.005/0.470 pstd=0.497 capv=0.040 lr=1.0e-03 gen=0.1s conv=0.0s add=0.1s train=1.6s sps=0
[t= 105.8s] greedy ep 56 games=  96 dec= 18409 rows= 17611 horizon=0.27 nodecap=0 over=0 exact=0 drop=0 cfgs= 28.1 L=0.00405 P=nan old=0.00302 new=0.00222 tgt=-0.028/0.483 pstd=0.486 capv=0.040 lr=1.0e-03 gen=0.1s conv=0.0s add=0.1s train=1.6s sps=0
[t= 107.7s] greedy ep 57 games=  96 dec= 18651 rows= 17847 horizon=0.27 nodecap=0 over=0 exact=0 drop=0 cfgs= 26.4 L=0.00395 P=nan old=0.00258 new=0.00186 tgt=-0.015/0.515 pstd=0.482 capv=0.040 lr=1.0e-03 gen=0.1s conv=0.0s add=0.1s train=1.7s sps=0
[t= 109.6s] greedy ep 58 games=  96 dec= 19562 rows= 18696 horizon=0.35 nodecap=0 over=0 exact=0 drop=0 cfgs= 25.2 L=0.00399 P=nan old=0.00310 new=0.00238 tgt=-0.048/0.493 pstd=0.474 capv=0.040 lr=1.0e-03 gen=0.1s conv=0.0s add=0.1s train=1.7s sps=0
[t= 111.5s] greedy ep 59 games=  96 dec= 19397 rows= 18534 horizon=0.34 nodecap=0 over=0 exact=0 drop=0 cfgs= 25.2 L=0.00389 P=nan old=0.00292 new=0.00201 tgt=-0.046/0.466 pstd=0.491 capv=0.040 lr=1.0e-03 gen=0.1s conv=0.0s add=0.1s train=1.7s sps=0
[t= 113.3s] greedy ep 60 games=  96 dec= 18865 rows= 17960 horizon=0.31 nodecap=0 over=0 exact=0 drop=0 cfgs= 26.1 L=0.00366 P=nan old=0.00274 new=0.00184 tgt=-0.032/0.477 pstd=0.481 capv=0.040 lr=1.0e-03 gen=0.1s conv=0.0s add=0.1s train=1.7s sps=0
[t= 115.2s] greedy ep 61 games=  96 dec= 18309 rows= 17564 horizon=0.24 nodecap=0 over=0 exact=0 drop=0 cfgs= 29.6 L=0.00404 P=nan old=0.00286 new=0.00218 tgt=-0.007/0.527 pstd=0.484 capv=0.040 lr=1.0e-03 gen=0.1s conv=0.0s add=0.1s train=1.6s sps=0
[t= 117.0s] greedy ep 62 games=  96 dec= 18751 rows= 17895 horizon=0.29 nodecap=0 over=0 exact=0 drop=0 cfgs= 26.6 L=0.00388 P=nan old=0.00263 new=0.00193 tgt=-0.034/0.506 pstd=0.481 capv=0.040 lr=1.0e-03 gen=0.1s conv=0.0s add=0.1s train=1.7s sps=0
[t= 119.0s] greedy ep 63 games=  96 dec= 19579 rows= 18798 horizon=0.32 nodecap=0 over=0 exact=0 drop=0 cfgs= 26.5 L=0.00379 P=nan old=0.00294 new=0.00228 tgt=-0.007/0.477 pstd=0.480 capv=0.040 lr=1.0e-03 gen=0.1s conv=0.0s add=0.1s train=1.7s sps=0
[t= 120.7s] greedy ep 64 games=  96 dec= 18159 rows= 17393 horizon=0.27 nodecap=0 over=0 exact=0 drop=0 cfgs= 27.6 L=0.00404 P=nan old=0.00290 new=0.00223 tgt=-0.058/0.514 pstd=0.478 capv=0.040 lr=1.0e-03 gen=0.1s conv=0.0s add=0.1s train=1.6s sps=0
[t= 122.5s] greedy ep 65 games=  96 dec= 18155 rows= 17405 horizon=0.28 nodecap=0 over=0 exact=0 drop=0 cfgs= 30.4 L=0.00411 P=nan old=0.00319 new=0.00239 tgt=-0.026/0.503 pstd=0.479 capv=0.040 lr=1.0e-03 gen=0.1s conv=0.0s add=0.1s train=1.6s sps=0
[t= 124.3s] greedy ep 66 games=  96 dec= 18370 rows= 17668 horizon=0.30 nodecap=0 over=0 exact=0 drop=0 cfgs= 27.4 L=0.00409 P=nan old=0.00311 new=0.00248 tgt=-0.038/0.493 pstd=0.484 capv=0.040 lr=1.0e-03 gen=0.1s conv=0.0s add=0.1s train=1.6s sps=0
[t= 126.2s] greedy ep 67 games=  96 dec= 18765 rows= 17982 horizon=0.33 nodecap=0 over=0 exact=0 drop=0 cfgs= 28.7 L=0.00398 P=nan old=0.00285 new=0.00221 tgt=-0.023/0.513 pstd=0.484 capv=0.040 lr=1.0e-03 gen=0.1s conv=0.0s add=0.1s train=1.7s sps=0
[t= 128.0s] greedy ep 68 games=  96 dec= 18374 rows= 17494 horizon=0.26 nodecap=0 over=0 exact=0 drop=0 cfgs= 28.3 L=0.00414 P=nan old=0.00331 new=0.00243 tgt=-0.023/0.498 pstd=0.482 capv=0.040 lr=1.0e-03 gen=0.1s conv=0.0s add=0.1s train=1.6s sps=0
[t= 129.8s] greedy ep 69 games=  96 dec= 18297 rows= 17504 horizon=0.27 nodecap=0 over=0 exact=0 drop=0 cfgs= 27.7 L=0.00410 P=nan old=0.00347 new=0.00237 tgt=-0.056/0.516 pstd=0.475 capv=0.040 lr=1.0e-03 gen=0.1s conv=0.0s add=0.1s train=1.6s sps=0
[t= 131.6s] greedy ep 70 games=  96 dec= 18939 rows= 18157 horizon=0.34 nodecap=0 over=0 exact=0 drop=0 cfgs= 25.9 L=0.00404 P=nan old=0.00298 new=0.00222 tgt=-0.037/0.479 pstd=0.478 capv=0.040 lr=1.0e-03 gen=0.1s conv=0.0s add=0.1s train=1.7s sps=0
[t= 133.4s] greedy ep 71 games=  96 dec= 18073 rows= 17354 horizon=0.26 nodecap=0 over=0 exact=0 drop=0 cfgs= 29.8 L=0.00444 P=nan old=0.00319 new=0.00251 tgt=-0.025/0.513 pstd=0.488 capv=0.040 lr=1.0e-03 gen=0.1s conv=0.0s add=0.1s train=1.6s sps=0
[t= 135.3s] greedy ep 72 games=  96 dec= 19252 rows= 18480 horizon=0.35 nodecap=0 over=0 exact=0 drop=0 cfgs= 27.7 L=0.00377 P=nan old=0.00301 new=0.00200 tgt=-0.069/0.494 pstd=0.478 capv=0.040 lr=1.0e-03 gen=0.1s conv=0.0s add=0.1s train=1.7s sps=0
[t= 137.0s] greedy ep 73 games=  96 dec= 17654 rows= 16887 horizon=0.21 nodecap=0 over=0 exact=0 drop=0 cfgs= 27.9 L=0.00436 P=nan old=0.00317 new=0.00222 tgt=-0.039/0.521 pstd=0.487 capv=0.040 lr=1.0e-03 gen=0.1s conv=0.0s add=0.1s train=1.6s sps=0
[t= 138.9s] greedy ep 74 games=  96 dec= 18653 rows= 17839 horizon=0.28 nodecap=0 over=0 exact=0 drop=0 cfgs= 26.6 L=0.00397 P=nan old=0.00309 new=0.00199 tgt=-0.062/0.527 pstd=0.480 capv=0.040 lr=1.0e-03 gen=0.1s conv=0.0s add=0.1s train=1.7s sps=0
[t= 140.8s] greedy ep 75 games=  96 dec= 19581 rows= 18815 horizon=0.40 nodecap=0 over=0 exact=0 drop=0 cfgs= 24.2 L=0.00370 P=nan old=0.00273 new=0.00202 tgt=+0.011/0.466 pstd=0.486 capv=0.040 lr=1.0e-03 gen=0.1s conv=0.0s add=0.1s train=1.7s sps=0
[t= 142.7s] greedy ep 76 games=  96 dec= 18751 rows= 17915 horizon=0.24 nodecap=0 over=0 exact=0 drop=0 cfgs= 25.7 L=0.00443 P=nan old=0.00398 new=0.00254 tgt=-0.030/0.490 pstd=0.479 capv=0.040 lr=1.0e-03 gen=0.1s conv=0.0s add=0.1s train=1.7s sps=0
[t= 144.5s] greedy ep 77 games=  96 dec= 18346 rows= 17518 horizon=0.25 nodecap=0 over=0 exact=0 drop=0 cfgs= 27.1 L=0.00444 P=nan old=0.00312 new=0.00258 tgt=-0.053/0.521 pstd=0.472 capv=0.040 lr=1.0e-03 gen=0.1s conv=0.0s add=0.1s train=1.6s sps=0
[t= 146.3s] greedy ep 78 games=  96 dec= 17947 rows= 17157 horizon=0.25 nodecap=0 over=0 exact=0 drop=0 cfgs= 26.8 L=0.00435 P=nan old=0.00362 new=0.00217 tgt=-0.047/0.514 pstd=0.480 capv=0.040 lr=1.0e-03 gen=0.1s conv=0.0s add=0.1s train=1.6s sps=0
[t= 148.1s] greedy ep 79 games=  96 dec= 18509 rows= 17723 horizon=0.30 nodecap=0 over=0 exact=0 drop=0 cfgs= 28.3 L=0.00424 P=nan old=0.00292 new=0.00238 tgt=-0.004/0.488 pstd=0.482 capv=0.040 lr=1.0e-03 gen=0.1s conv=0.0s add=0.1s train=1.7s sps=0
[t= 150.2s] greedy ep 80 games=  96 dec= 18005 rows= 17281 horizon=0.26 nodecap=0 over=0 exact=0 drop=0 cfgs= 28.7 L=0.00473 P=nan old=0.00368 new=0.00260 tgt=-0.025/0.514 pstd=0.487 capv=0.040 lr=1.0e-03 gen=0.1s conv=0.0s add=0.1s train=1.9s sps=0
[t= 152.2s] greedy ep 81 games=  96 dec= 17458 rows= 16682 horizon=0.25 nodecap=0 over=0 exact=0 drop=0 cfgs= 28.7 L=0.00454 P=nan old=0.00392 new=0.00274 tgt=-0.024/0.534 pstd=0.486 capv=0.040 lr=1.0e-03 gen=0.1s conv=0.0s add=0.1s train=1.8s sps=0
[t= 154.3s] greedy ep 82 games=  96 dec= 17724 rows= 16956 horizon=0.25 nodecap=0 over=0 exact=0 drop=0 cfgs= 28.6 L=0.00436 P=nan old=0.00411 new=0.00298 tgt=-0.035/0.507 pstd=0.480 capv=0.040 lr=1.0e-03 gen=0.1s conv=0.0s add=0.1s train=1.9s sps=0
[t= 156.2s] greedy ep 83 games=  96 dec= 16961 rows= 16184 horizon=0.19 nodecap=0 over=0 exact=0 drop=0 cfgs= 30.2 L=0.00464 P=nan old=0.00401 new=0.00289 tgt=-0.027/0.537 pstd=0.480 capv=0.040 lr=1.0e-03 gen=0.1s conv=0.0s add=0.1s train=1.7s sps=0
[t= 158.4s] greedy ep 84 games=  96 dec= 19354 rows= 18540 horizon=0.39 nodecap=0 over=0 exact=0 drop=0 cfgs= 25.4 L=0.00432 P=nan old=0.00339 new=0.00241 tgt=-0.046/0.473 pstd=0.477 capv=0.040 lr=1.0e-03 gen=0.1s conv=0.0s add=0.1s train=2.0s sps=0
[t= 160.2s] greedy ep 85 games=  96 dec= 18656 rows= 17880 horizon=0.29 nodecap=0 over=0 exact=0 drop=0 cfgs= 27.6 L=0.00434 P=nan old=0.00379 new=0.00224 tgt=-0.043/0.499 pstd=0.477 capv=0.040 lr=1.0e-03 gen=0.1s conv=0.0s add=0.1s train=1.6s sps=0
[t= 162.0s] greedy ep 86 games=  96 dec= 18285 rows= 17486 horizon=0.26 nodecap=0 over=0 exact=0 drop=0 cfgs= 28.0 L=0.00456 P=nan old=0.00349 new=0.00257 tgt=-0.025/0.501 pstd=0.472 capv=0.040 lr=1.0e-03 gen=0.1s conv=0.0s add=0.1s train=1.6s sps=0
[t= 163.7s] greedy ep 87 games=  96 dec= 17389 rows= 16649 horizon=0.25 nodecap=0 over=0 exact=0 drop=0 cfgs= 28.5 L=0.00449 P=nan old=0.00382 new=0.00387 tgt=-0.037/0.504 pstd=0.477 capv=0.040 lr=1.0e-03 gen=0.1s conv=0.0s add=0.1s train=1.6s sps=0
[t= 165.5s] greedy ep 88 games=  96 dec= 18703 rows= 17828 horizon=0.27 nodecap=0 over=0 exact=0 drop=0 cfgs= 25.5 L=0.00450 P=nan old=0.00371 new=0.00266 tgt=-0.028/0.509 pstd=0.479 capv=0.040 lr=1.0e-03 gen=0.1s conv=0.0s add=0.1s train=1.7s sps=0
[t= 167.3s] greedy ep 89 games=  96 dec= 17445 rows= 16716 horizon=0.25 nodecap=0 over=0 exact=0 drop=0 cfgs= 28.9 L=0.00466 P=nan old=0.00406 new=0.00256 tgt=-0.056/0.523 pstd=0.482 capv=0.040 lr=1.0e-03 gen=0.1s conv=0.0s add=0.1s train=1.5s sps=0
[t= 169.3s] greedy ep 90 games=  96 dec= 18622 rows= 17824 horizon=0.30 nodecap=0 over=0 exact=0 drop=0 cfgs= 28.3 L=0.00446 P=nan old=0.00357 new=0.00264 tgt=-0.052/0.508 pstd=0.478 capv=0.040 lr=1.0e-03 gen=0.1s conv=0.0s add=0.1s train=1.9s sps=0
[t= 171.3s] greedy ep 91 games=  96 dec= 19065 rows= 18324 horizon=0.34 nodecap=0 over=0 exact=0 drop=0 cfgs= 26.2 L=0.00428 P=nan old=0.00388 new=0.00257 tgt=-0.025/0.461 pstd=0.471 capv=0.040 lr=1.0e-03 gen=0.1s conv=0.0s add=0.1s train=1.8s sps=0
[t= 173.2s] greedy ep 92 games=  96 dec= 18963 rows= 18229 horizon=0.31 nodecap=0 over=0 exact=0 drop=0 cfgs= 24.1 L=0.00430 P=nan old=0.00336 new=0.00260 tgt=-0.041/0.481 pstd=0.480 capv=0.040 lr=1.0e-03 gen=0.1s conv=0.0s add=0.1s train=1.7s sps=0
[t= 175.1s] greedy ep 93 games=  96 dec= 18277 rows= 17540 horizon=0.33 nodecap=0 over=0 exact=0 drop=0 cfgs= 26.8 L=0.00404 P=nan old=0.00337 new=0.00231 tgt=-0.073/0.495 pstd=0.488 capv=0.040 lr=1.0e-03 gen=0.1s conv=0.0s add=0.1s train=1.8s sps=0
[t= 177.0s] greedy ep 94 games=  96 dec= 18603 rows= 17822 horizon=0.32 nodecap=0 over=0 exact=0 drop=0 cfgs= 25.2 L=0.00460 P=nan old=0.00344 new=0.00278 tgt=-0.047/0.488 pstd=0.480 capv=0.040 lr=1.0e-03 gen=0.1s conv=0.0s add=0.1s train=1.7s sps=0
[t= 178.9s] greedy ep 95 games=  96 dec= 19081 rows= 18248 horizon=0.26 nodecap=0 over=0 exact=0 drop=0 cfgs= 27.4 L=0.00460 P=nan old=0.00365 new=0.00270 tgt=-0.044/0.504 pstd=0.483 capv=0.040 lr=1.0e-03 gen=0.1s conv=0.0s add=0.1s train=1.7s sps=0
[t= 180.6s] greedy ep 96 games=  96 dec= 17938 rows= 17156 horizon=0.24 nodecap=0 over=0 exact=0 drop=0 cfgs= 28.8 L=0.00452 P=nan old=0.00376 new=0.00269 tgt=-0.034/0.506 pstd=0.484 capv=0.040 lr=1.0e-03 gen=0.1s conv=0.0s add=0.1s train=1.6s sps=0
[t= 182.3s] greedy ep 97 games=  96 dec= 17223 rows= 16545 horizon=0.23 nodecap=0 over=0 exact=0 drop=0 cfgs= 27.7 L=0.00457 P=nan old=0.00436 new=0.00261 tgt=-0.036/0.520 pstd=0.479 capv=0.040 lr=1.0e-03 gen=0.1s conv=0.0s add=0.1s train=1.5s sps=0
[t= 184.1s] greedy ep 98 games=  96 dec= 18276 rows= 17527 horizon=0.31 nodecap=0 over=0 exact=0 drop=0 cfgs= 27.9 L=0.00447 P=nan old=0.00347 new=0.00277 tgt=-0.037/0.487 pstd=0.485 capv=0.040 lr=1.0e-03 gen=0.1s conv=0.0s add=0.1s train=1.6s sps=0
[t= 185.9s] greedy ep 99 games=  96 dec= 18883 rows= 18017 horizon=0.28 nodecap=0 over=0 exact=0 drop=0 cfgs= 26.9 L=0.00505 P=nan old=0.00427 new=0.00304 tgt=-0.005/0.487 pstd=0.486 capv=0.040 lr=1.0e-03 gen=0.1s conv=0.0s add=0.1s train=1.7s sps=0
[t= 187.7s] greedy ep100 games=  96 dec= 18125 rows= 17397 horizon=0.29 nodecap=0 over=0 exact=0 drop=0 cfgs= 28.4 L=0.00479 P=nan old=0.00408 new=0.00263 tgt=-0.037/0.513 pstd=0.487 capv=0.040 lr=1.0e-03 gen=0.1s conv=0.0s add=0.1s train=1.6s sps=0
[t= 189.6s] greedy ep101 games=  96 dec= 18105 rows= 17321 horizon=0.27 nodecap=0 over=0 exact=0 drop=0 cfgs= 28.4 L=0.00472 P=nan old=0.00495 new=0.00359 tgt=-0.041/0.507 pstd=0.489 capv=0.040 lr=1.0e-03 gen=0.1s conv=0.0s add=0.1s train=1.7s sps=0
[t= 191.4s] greedy ep102 games=  96 dec= 17331 rows= 16510 horizon=0.19 nodecap=0 over=0 exact=0 drop=0 cfgs= 28.9 L=0.00506 P=nan old=0.00470 new=0.00333 tgt=-0.068/0.530 pstd=0.498 capv=0.040 lr=1.0e-03 gen=0.1s conv=0.0s add=0.1s train=1.7s sps=0
[t= 193.5s] greedy ep103 games=  96 dec= 17633 rows= 16824 horizon=0.23 nodecap=0 over=0 exact=0 drop=0 cfgs= 26.9 L=0.00502 P=nan old=0.00460 new=0.00347 tgt=-0.065/0.514 pstd=0.482 capv=0.040 lr=1.0e-03 gen=0.1s conv=0.0s add=0.1s train=1.9s sps=0
[t= 195.7s] greedy ep104 games=  96 dec= 18563 rows= 17702 horizon=0.24 nodecap=0 over=0 exact=0 drop=0 cfgs= 27.6 L=0.00488 P=nan old=0.00409 new=0.00288 tgt=-0.027/0.505 pstd=0.481 capv=0.040 lr=1.0e-03 gen=0.1s conv=0.0s add=0.1s train=2.0s sps=0
[t= 197.9s] greedy ep105 games=  96 dec= 18582 rows= 17738 horizon=0.27 nodecap=0 over=0 exact=0 drop=0 cfgs= 27.1 L=0.00498 P=nan old=0.00381 new=0.00321 tgt=-0.034/0.514 pstd=0.488 capv=0.040 lr=1.0e-03 gen=0.1s conv=0.0s add=0.1s train=2.0s sps=0
[t= 199.7s] greedy ep106 games=  96 dec= 18088 rows= 17403 horizon=0.26 nodecap=0 over=0 exact=0 drop=0 cfgs= 27.4 L=0.00462 P=nan old=0.00376 new=0.00295 tgt=-0.052/0.503 pstd=0.494 capv=0.040 lr=1.0e-03 gen=0.1s conv=0.0s add=0.1s train=1.6s sps=0
[t= 201.5s] greedy ep107 games=  96 dec= 18041 rows= 17276 horizon=0.30 nodecap=0 over=0 exact=0 drop=0 cfgs= 27.1 L=0.00466 P=nan old=0.00394 new=0.00309 tgt=-0.053/0.485 pstd=0.489 capv=0.040 lr=1.0e-03 gen=0.1s conv=0.0s add=0.1s train=1.6s sps=0
[t= 203.3s] greedy ep108 games=  96 dec= 18150 rows= 17355 horizon=0.26 nodecap=0 over=0 exact=0 drop=0 cfgs= 27.5 L=0.00482 P=nan old=0.00402 new=0.00308 tgt=-0.008/0.496 pstd=0.492 capv=0.040 lr=1.0e-03 gen=0.1s conv=0.0s add=0.1s train=1.6s sps=0
[t= 205.0s] greedy ep109 games=  96 dec= 18283 rows= 17484 horizon=0.25 nodecap=0 over=0 exact=0 drop=0 cfgs= 27.7 L=0.00491 P=nan old=0.00440 new=0.00297 tgt=-0.026/0.495 pstd=0.475 capv=0.040 lr=1.0e-03 gen=0.1s conv=0.0s add=0.1s train=1.6s sps=0
[t= 206.8s] greedy ep110 games=  96 dec= 17390 rows= 16648 horizon=0.23 nodecap=0 over=0 exact=0 drop=0 cfgs= 25.7 L=0.00530 P=nan old=0.00445 new=0.00327 tgt=-0.053/0.529 pstd=0.482 capv=0.040 lr=1.0e-03 gen=0.1s conv=0.0s add=0.1s train=1.6s sps=0
[t= 208.7s] greedy ep111 games=  96 dec= 19431 rows= 18629 horizon=0.38 nodecap=0 over=0 exact=0 drop=0 cfgs= 26.4 L=0.00494 P=nan old=0.00418 new=0.00324 tgt=-0.035/0.475 pstd=0.466 capv=0.040 lr=1.0e-03 gen=0.1s conv=0.0s add=0.1s train=1.8s sps=0
[t= 210.5s] greedy ep112 games=  96 dec= 18006 rows= 17317 horizon=0.29 nodecap=0 over=0 exact=0 drop=0 cfgs= 26.2 L=0.00478 P=nan old=0.00426 new=0.00255 tgt=-0.006/0.487 pstd=0.473 capv=0.040 lr=1.0e-03 gen=0.1s conv=0.0s add=0.1s train=1.6s sps=0
[t= 212.3s] greedy ep113 games=  96 dec= 18270 rows= 17487 horizon=0.29 nodecap=0 over=0 exact=0 drop=0 cfgs= 26.4 L=0.00520 P=nan old=0.00468 new=0.00328 tgt=-0.031/0.524 pstd=0.477 capv=0.040 lr=1.0e-03 gen=0.1s conv=0.0s add=0.1s train=1.6s sps=0
[t= 214.3s] greedy ep114 games=  96 dec= 19126 rows= 18338 horizon=0.35 nodecap=0 over=0 exact=0 drop=0 cfgs= 26.4 L=0.00500 P=nan old=0.00437 new=0.00287 tgt=-0.045/0.492 pstd=0.458 capv=0.040 lr=1.0e-03 gen=0.1s conv=0.0s add=0.1s train=1.7s sps=0
[t= 216.0s] greedy ep115 games=  96 dec= 17661 rows= 16911 horizon=0.16 nodecap=0 over=0 exact=0 drop=0 cfgs= 28.4 L=0.00557 P=nan old=0.00416 new=0.00293 tgt=-0.005/0.519 pstd=0.450 capv=0.040 lr=1.0e-03 gen=0.1s conv=0.0s add=0.1s train=1.6s sps=0
[t= 217.8s] greedy ep116 games=  96 dec= 18378 rows= 17513 horizon=0.28 nodecap=0 over=0 exact=0 drop=0 cfgs= 29.8 L=0.00515 P=nan old=0.00472 new=0.00322 tgt=-0.016/0.485 pstd=0.460 capv=0.040 lr=1.0e-03 gen=0.1s conv=0.0s add=0.1s train=1.6s sps=0
[t= 219.6s] greedy ep117 games=  96 dec= 17969 rows= 17144 horizon=0.28 nodecap=0 over=0 exact=0 drop=0 cfgs= 26.2 L=0.00499 P=nan old=0.00449 new=0.00298 tgt=-0.027/0.511 pstd=0.449 capv=0.040 lr=1.0e-03 gen=0.1s conv=0.0s add=0.1s train=1.6s sps=0
[t= 221.5s] greedy ep118 games=  96 dec= 19031 rows= 18297 horizon=0.38 nodecap=0 over=0 exact=0 drop=0 cfgs= 28.1 L=0.00538 P=nan old=0.00509 new=0.00355 tgt=-0.095/0.498 pstd=0.443 capv=0.040 lr=1.0e-03 gen=0.1s conv=0.0s add=0.1s train=1.7s sps=0
[t= 223.4s] greedy ep119 games=  96 dec= 18724 rows= 17931 horizon=0.27 nodecap=0 over=0 exact=0 drop=0 cfgs= 26.8 L=0.00530 P=nan old=0.00446 new=0.00300 tgt=-0.051/0.498 pstd=0.453 capv=0.040 lr=1.0e-03 gen=0.1s conv=0.0s add=0.1s train=1.7s sps=0
[t= 225.3s] greedy ep120 games=  96 dec= 18952 rows= 18033 horizon=0.28 nodecap=0 over=0 exact=0 drop=0 cfgs= 25.5 L=0.00473 P=nan old=0.00420 new=0.00343 tgt=-0.039/0.480 pstd=0.458 capv=0.040 lr=1.0e-03 gen=0.1s conv=0.0s add=0.1s train=1.7s sps=0
[t= 227.1s] greedy ep121 games=  96 dec= 18610 rows= 17842 horizon=0.31 nodecap=0 over=0 exact=0 drop=0 cfgs= 26.4 L=0.00496 P=nan old=0.00402 new=0.00316 tgt=-0.010/0.467 pstd=0.441 capv=0.040 lr=1.0e-03 gen=0.1s conv=0.0s add=0.1s train=1.7s sps=0
[t= 229.0s] greedy ep122 games=  96 dec= 19327 rows= 18551 horizon=0.38 nodecap=0 over=0 exact=0 drop=0 cfgs= 26.0 L=0.00477 P=nan old=0.00418 new=0.00288 tgt=-0.032/0.468 pstd=0.449 capv=0.040 lr=1.0e-03 gen=0.1s conv=0.0s add=0.1s train=1.7s sps=0
[t= 230.9s] greedy ep123 games=  96 dec= 18773 rows= 17922 horizon=0.27 nodecap=0 over=0 exact=0 drop=0 cfgs= 27.1 L=0.00504 P=nan old=0.00448 new=0.00340 tgt=-0.018/0.516 pstd=0.439 capv=0.040 lr=1.0e-03 gen=0.1s conv=0.0s add=0.1s train=1.7s sps=0
[t= 232.8s] greedy ep124 games=  96 dec= 18792 rows= 17985 horizon=0.31 nodecap=0 over=0 exact=0 drop=0 cfgs= 28.7 L=0.00490 P=nan old=0.00416 new=0.00304 tgt=-0.053/0.492 pstd=0.442 capv=0.040 lr=1.0e-03 gen=0.1s conv=0.0s add=0.1s train=1.7s sps=0
[t= 234.6s] greedy ep125 games=  96 dec= 18881 rows= 18013 horizon=0.27 nodecap=0 over=0 exact=0 drop=0 cfgs= 26.8 L=0.00526 P=nan old=0.00517 new=0.00435 tgt=-0.011/0.486 pstd=0.441 capv=0.040 lr=1.0e-03 gen=0.1s conv=0.0s add=0.1s train=1.6s sps=0
[t= 236.5s] greedy ep126 games=  96 dec= 19520 rows= 18707 horizon=0.34 nodecap=0 over=0 exact=0 drop=0 cfgs= 27.0 L=0.00527 P=nan old=0.00440 new=0.00310 tgt=-0.016/0.480 pstd=0.443 capv=0.040 lr=1.0e-03 gen=0.1s conv=0.0s add=0.1s train=1.7s sps=0
[t= 238.3s] greedy ep127 games=  96 dec= 17220 rows= 16519 horizon=0.18 nodecap=0 over=0 exact=0 drop=0 cfgs= 30.1 L=0.00557 P=nan old=0.00522 new=0.00389 tgt=-0.010/0.537 pstd=0.440 capv=0.040 lr=1.0e-03 gen=0.1s conv=0.0s add=0.1s train=1.6s sps=0
[t= 240.2s] greedy ep128 games=  96 dec= 19220 rows= 18541 horizon=0.38 nodecap=0 over=0 exact=0 drop=0 cfgs= 25.2 L=0.00500 P=nan old=0.00417 new=0.00295 tgt=-0.043/0.470 pstd=0.429 capv=0.040 lr=1.0e-03 gen=0.1s conv=0.0s add=0.1s train=1.7s sps=0
[t= 242.0s] greedy ep129 games=  96 dec= 18267 rows= 17549 horizon=0.30 nodecap=0 over=0 exact=0 drop=0 cfgs= 26.8 L=0.00483 P=nan old=0.00483 new=0.00323 tgt=-0.018/0.469 pstd=0.439 capv=0.040 lr=1.0e-03 gen=0.1s conv=0.0s add=0.1s train=1.7s sps=0
[t= 243.8s] greedy ep130 games=  96 dec= 18111 rows= 17341 horizon=0.27 nodecap=0 over=0 exact=0 drop=0 cfgs= 28.1 L=0.00484 P=nan old=0.00452 new=0.00278 tgt=-0.048/0.487 pstd=0.445 capv=0.040 lr=1.0e-03 gen=0.1s conv=0.0s add=0.1s train=1.6s sps=0
[t= 245.6s] greedy ep131 games=  96 dec= 17369 rows= 16572 horizon=0.18 nodecap=0 over=0 exact=0 drop=0 cfgs= 28.7 L=0.00500 P=nan old=0.00458 new=0.00350 tgt=-0.047/0.529 pstd=0.428 capv=0.040 lr=1.0e-03 gen=0.1s conv=0.0s add=0.1s train=1.6s sps=0
[t= 247.5s] greedy ep132 games=  96 dec= 18942 rows= 18118 horizon=0.28 nodecap=0 over=0 exact=0 drop=0 cfgs= 25.9 L=0.00502 P=nan old=0.00474 new=0.00344 tgt=-0.025/0.490 pstd=0.409 capv=0.040 lr=1.0e-03 gen=0.1s conv=0.0s add=0.1s train=1.7s sps=0
[t= 249.3s] greedy ep133 games=  96 dec= 18303 rows= 17559 horizon=0.31 nodecap=0 over=0 exact=0 drop=0 cfgs= 28.8 L=0.00498 P=nan old=0.00448 new=0.00326 tgt=-0.065/0.522 pstd=0.430 capv=0.040 lr=1.0e-03 gen=0.1s conv=0.0s add=0.1s train=1.6s sps=0
[t= 251.0s] greedy ep134 games=  96 dec= 17224 rows= 16483 horizon=0.23 nodecap=0 over=0 exact=0 drop=0 cfgs= 27.3 L=0.00535 P=nan old=0.00468 new=0.00304 tgt=-0.008/0.505 pstd=0.426 capv=0.040 lr=1.0e-03 gen=0.1s conv=0.0s add=0.1s train=1.5s sps=0
[t= 252.7s] greedy ep135 games=  96 dec= 17667 rows= 16876 horizon=0.20 nodecap=0 over=0 exact=0 drop=0 cfgs= 28.8 L=0.00511 P=nan old=0.00401 new=0.00307 tgt=-0.045/0.534 pstd=0.426 capv=0.040 lr=1.0e-03 gen=0.1s conv=0.0s add=0.1s train=1.6s sps=0
[t= 254.5s] greedy ep136 games=  96 dec= 17728 rows= 16967 horizon=0.21 nodecap=0 over=0 exact=0 drop=0 cfgs= 30.7 L=0.00563 P=nan old=0.00570 new=0.00378 tgt=-0.055/0.531 pstd=0.431 capv=0.040 lr=1.0e-03 gen=0.1s conv=0.0s add=0.1s train=1.6s sps=0
[t= 256.3s] greedy ep137 games=  96 dec= 18877 rows= 18184 horizon=0.33 nodecap=0 over=0 exact=0 drop=0 cfgs= 25.5 L=0.00540 P=nan old=0.00505 new=0.00347 tgt=-0.049/0.496 pstd=0.425 capv=0.040 lr=1.0e-03 gen=0.1s conv=0.0s add=0.1s train=1.7s sps=0
[t= 258.2s] greedy ep138 games=  96 dec= 18602 rows= 17715 horizon=0.25 nodecap=0 over=0 exact=0 drop=0 cfgs= 29.2 L=0.00528 P=nan old=0.00490 new=0.00316 tgt=-0.009/0.503 pstd=0.425 capv=0.040 lr=1.0e-03 gen=0.1s conv=0.0s add=0.1s train=1.6s sps=0
[t= 260.1s] greedy ep139 games=  96 dec= 19305 rows= 18517 horizon=0.35 nodecap=0 over=0 exact=0 drop=0 cfgs= 26.5 L=0.00517 P=nan old=0.00440 new=0.00339 tgt=-0.025/0.475 pstd=0.423 capv=0.040 lr=1.0e-03 gen=0.1s conv=0.0s add=0.1s train=1.7s sps=0
[t= 261.9s] greedy ep140 games=  96 dec= 18226 rows= 17475 horizon=0.29 nodecap=0 over=0 exact=0 drop=0 cfgs= 27.6 L=0.00493 P=nan old=0.00430 new=0.00292 tgt=-0.066/0.504 pstd=0.420 capv=0.040 lr=1.0e-03 gen=0.1s conv=0.0s add=0.1s train=1.6s sps=0
[t= 263.6s] greedy ep141 games=  96 dec= 19035 rows= 18235 horizon=0.30 nodecap=0 over=0 exact=0 drop=0 cfgs= 26.1 L=0.00512 P=nan old=0.00450 new=0.00274 tgt=-0.002/0.470 pstd=0.425 capv=0.040 lr=1.0e-03 gen=0.1s conv=0.0s add=0.0s train=1.6s sps=0
[t= 265.4s] greedy ep142 games=  96 dec= 18470 rows= 17713 horizon=0.26 nodecap=0 over=0 exact=0 drop=0 cfgs= 26.3 L=0.00532 P=nan old=0.00428 new=0.00339 tgt=-0.063/0.516 pstd=0.422 capv=0.040 lr=1.0e-03 gen=0.1s conv=0.0s add=0.1s train=1.6s sps=0
[t= 267.1s] greedy ep143 games=  96 dec= 18596 rows= 17790 horizon=0.27 nodecap=0 over=0 exact=0 drop=0 cfgs= 25.5 L=0.00531 P=nan old=0.00418 new=0.00297 tgt=-0.021/0.508 pstd=0.433 capv=0.040 lr=1.0e-03 gen=0.1s conv=0.0s add=0.1s train=1.6s sps=0
[t= 269.0s] greedy ep144 games=  96 dec= 18889 rows= 18076 horizon=0.32 nodecap=0 over=0 exact=0 drop=0 cfgs= 28.6 L=0.00513 P=nan old=0.00433 new=0.00376 tgt=-0.053/0.496 pstd=0.420 capv=0.040 lr=1.0e-03 gen=0.1s conv=0.0s add=0.1s train=1.7s sps=0
[t= 270.7s] greedy ep145 games=  96 dec= 17677 rows= 16862 horizon=0.23 nodecap=0 over=0 exact=0 drop=0 cfgs= 29.6 L=0.00527 P=nan old=0.00513 new=0.00373 tgt=-0.032/0.506 pstd=0.411 capv=0.040 lr=1.0e-03 gen=0.1s conv=0.0s add=0.1s train=1.5s sps=0
[t= 272.6s] greedy ep146 games=  96 dec= 18448 rows= 17699 horizon=0.30 nodecap=0 over=0 exact=0 drop=0 cfgs= 26.6 L=0.00515 P=nan old=0.00420 new=0.00329 tgt=-0.013/0.485 pstd=0.408 capv=0.040 lr=1.0e-03 gen=0.1s conv=0.0s add=0.1s train=1.7s sps=0
[t= 274.3s] greedy ep147 games=  96 dec= 17426 rows= 16673 horizon=0.22 nodecap=0 over=0 exact=0 drop=0 cfgs= 29.1 L=0.00528 P=nan old=0.00487 new=0.00321 tgt=-0.043/0.511 pstd=0.413 capv=0.040 lr=1.0e-03 gen=0.1s conv=0.0s add=0.1s train=1.6s sps=0
[t= 276.2s] greedy ep148 games=  96 dec= 18915 rows= 18108 horizon=0.28 nodecap=0 over=0 exact=0 drop=0 cfgs= 25.8 L=0.00546 P=nan old=0.00456 new=0.00280 tgt=-0.035/0.534 pstd=0.414 capv=0.040 lr=1.0e-03 gen=0.1s conv=0.0s add=0.1s train=1.7s sps=0
[t= 278.1s] greedy ep149 games=  96 dec= 18639 rows= 17753 horizon=0.28 nodecap=0 over=0 exact=0 drop=0 cfgs= 26.8 L=0.00519 P=nan old=0.00447 new=0.00281 tgt=-0.005/0.479 pstd=0.410 capv=0.040 lr=1.0e-03 gen=0.1s conv=0.0s add=0.1s train=1.7s sps=0
[t= 280.0s] greedy ep150 games=  96 dec= 18776 rows= 18003 horizon=0.31 nodecap=0 over=0 exact=0 drop=0 cfgs= 27.7 L=0.00538 P=nan old=0.00465 new=0.00325 tgt=-0.036/0.491 pstd=0.398 capv=0.040 lr=1.0e-03 gen=0.1s conv=0.0s add=0.1s train=1.7s sps=0
[t= 281.9s] greedy ep151 games=  96 dec= 19367 rows= 18525 horizon=0.35 nodecap=0 over=0 exact=0 drop=0 cfgs= 26.8 L=0.00508 P=nan old=0.00469 new=0.00341 tgt=-0.055/0.486 pstd=0.398 capv=0.040 lr=1.0e-03 gen=0.1s conv=0.0s add=0.1s train=1.7s sps=0
[t= 283.7s] greedy ep152 games=  96 dec= 18370 rows= 17585 horizon=0.28 nodecap=0 over=0 exact=0 drop=0 cfgs= 27.0 L=0.00503 P=nan old=0.00445 new=0.00328 tgt=-0.042/0.519 pstd=0.397 capv=0.040 lr=1.0e-03 gen=0.1s conv=0.0s add=0.1s train=1.7s sps=0
[t= 285.6s] greedy ep153 games=  96 dec= 19458 rows= 18558 horizon=0.38 nodecap=0 over=0 exact=0 drop=0 cfgs= 26.1 L=0.00486 P=nan old=0.00423 new=0.00285 tgt=-0.021/0.493 pstd=0.395 capv=0.040 lr=1.0e-03 gen=0.1s conv=0.0s add=0.1s train=1.7s sps=0
[t= 287.5s] greedy ep154 games=  96 dec= 18177 rows= 17428 horizon=0.26 nodecap=0 over=0 exact=0 drop=0 cfgs= 27.6 L=0.00510 P=nan old=0.00484 new=0.00347 tgt=-0.029/0.515 pstd=0.397 capv=0.040 lr=1.0e-03 gen=0.1s conv=0.0s add=0.1s train=1.6s sps=0
[t= 289.2s] greedy ep155 games=  96 dec= 18096 rows= 17273 horizon=0.25 nodecap=0 over=0 exact=0 drop=0 cfgs= 27.5 L=0.00554 P=nan old=0.00401 new=0.00403 tgt=+0.008/0.500 pstd=0.398 capv=0.040 lr=1.0e-03 gen=0.1s conv=0.0s add=0.1s train=1.6s sps=0
[t= 291.0s] greedy ep156 games=  96 dec= 17280 rows= 16532 horizon=0.21 nodecap=0 over=0 exact=0 drop=0 cfgs= 27.2 L=0.00555 P=nan old=0.00436 new=0.00322 tgt=-0.013/0.519 pstd=0.399 capv=0.040 lr=1.0e-03 gen=0.1s conv=0.0s add=0.1s train=1.6s sps=0
[t= 292.9s] greedy ep157 games=  96 dec= 18516 rows= 17728 horizon=0.27 nodecap=0 over=0 exact=0 drop=0 cfgs= 28.6 L=0.00555 P=nan old=0.00438 new=0.00304 tgt=-0.034/0.505 pstd=0.405 capv=0.040 lr=1.0e-03 gen=0.1s conv=0.0s add=0.1s train=1.7s sps=0
[t= 294.8s] greedy ep158 games=  96 dec= 18809 rows= 18049 horizon=0.29 nodecap=0 over=0 exact=0 drop=0 cfgs= 27.2 L=0.00552 P=nan old=0.00430 new=0.00309 tgt=-0.057/0.504 pstd=0.404 capv=0.040 lr=1.0e-03 gen=0.1s conv=0.0s add=0.1s train=1.7s sps=0
[t= 296.6s] greedy ep159 games=  96 dec= 18025 rows= 17288 horizon=0.26 nodecap=0 over=0 exact=0 drop=0 cfgs= 27.3 L=0.00543 P=nan old=0.00457 new=0.00279 tgt=-0.048/0.530 pstd=0.398 capv=0.040 lr=1.0e-03 gen=0.1s conv=0.0s add=0.1s train=1.6s sps=0
[t= 298.4s] greedy ep160 games=  96 dec= 17543 rows= 16807 horizon=0.24 nodecap=0 over=0 exact=0 drop=0 cfgs= 28.6 L=0.00592 P=nan old=0.00519 new=0.00375 tgt=-0.038/0.505 pstd=0.400 capv=0.040 lr=1.0e-03 gen=0.1s conv=0.0s add=0.1s train=1.6s sps=0
[t= 300.1s] greedy ep161 games=  96 dec= 17549 rows= 16825 horizon=0.23 nodecap=0 over=0 exact=0 drop=0 cfgs= 30.4 L=0.00590 P=nan old=0.00480 new=0.00396 tgt=-0.055/0.541 pstd=0.395 capv=0.040 lr=1.0e-03 gen=0.1s conv=0.0s add=0.1s train=1.6s sps=0
[t= 300.2s] --- snapshot snap_00.pt (init) ---
[t= 300.2s] --- switching to ReBeL ---
v5 GEMM compute=fast-f16
[t= 310.5s] rebel stream solves=14336 raw=1384/s balanced=1384/s debt=0 rows steps=56 over=0 drop=0 L=0.02893 tgt=-0.007/0.280 cfg/b=39148 prep=1.00s gpu=0.00s conv=0.01s add=0.41s train=4.00s
[t= 320.6s] rebel stream solves=30720 raw=1502/s balanced=1502/s debt=0 rows steps=120 over=0 drop=0 L=0.00617 tgt=-0.005/0.243 cfg/b=64384 prep=1.49s gpu=0.00s conv=0.02s add=1.15s train=5.59s
[t= 330.8s] rebel stream solves=49152 raw=1605/s balanced=1605/s debt=0 rows steps=192 over=1 drop=0 L=0.00296 tgt=-0.001/0.251 cfg/b=29014 prep=1.47s gpu=0.00s conv=0.01s add=0.45s train=7.84s
[t= 341.0s] rebel stream solves=59392 raw=1455/s balanced=1455/s debt=0 rows steps=232 over=2 drop=0 L=0.00220 tgt=-0.016/0.267 cfg/b=30235 prep=2.14s gpu=0.00s conv=0.01s add=0.38s train=5.25s
[t= 351.9s] rebel stream solves=71680 raw=1385/s balanced=1385/s debt=0 rows steps=280 over=7 drop=0 L=0.00205 tgt=-0.017/0.271 cfg/b=30589 prep=2.16s gpu=0.00s conv=0.05s add=0.45s train=6.99s
[t= 362.1s] rebel stream solves=82944 raw=1339/s balanced=1339/s debt=0 rows steps=324 over=21 drop=0 L=0.00188 tgt=-0.018/0.288 cfg/b=24526 prep=2.02s gpu=0.00s conv=0.00s add=0.28s train=6.36s
[t= 372.1s] rebel stream solves=91136 raw=1266/s balanced=1266/s debt=0 rows steps=356 over=37 drop=0 L=0.00189 tgt=-0.021/0.300 cfg/b=22387 prep=1.99s gpu=0.00s conv=0.01s add=0.24s train=6.00s
[t= 382.3s] rebel stream solves=97280 raw=1184/s balanced=1184/s debt=0 rows steps=380 over=56 drop=0 L=0.00181 tgt=-0.014/0.309 cfg/b=21333 prep=1.03s gpu=0.00s conv=0.03s add=0.17s train=3.74s
[t= 392.3s] rebel stream solves=104448 raw=1133/s balanced=1133/s debt=0 rows steps=408 over=75 drop=0 L=0.00171 tgt=-0.016/0.314 cfg/b=21208 prep=1.36s gpu=0.00s conv=0.00s add=0.18s train=4.11s
[t= 399.9s] --- lr -> 5.00e-04 ---
[t= 402.3s] rebel stream solves=110592 raw=1082/s balanced=1082/s debt=0 rows steps=432 over=94 drop=0 L=0.00179 tgt=-0.023/0.325 cfg/b=21002 prep=1.44s gpu=0.00s conv=0.02s add=0.24s train=3.31s
[t= 413.7s] rebel stream solves=117760 raw=1037/s balanced=1037/s debt=0 rows steps=460 over=123 drop=0 L=0.00173 tgt=-0.015/0.328 cfg/b=20300 prep=1.40s gpu=0.00s conv=0.00s add=0.19s train=4.88s
[t= 423.8s] rebel stream solves=123904 raw=1003/s balanced=1003/s debt=0 rows steps=484 over=146 drop=0 L=0.00182 tgt=-0.043/0.349 cfg/b=19564 prep=1.52s gpu=0.00s conv=0.01s add=0.26s train=3.90s
[t= 434.6s] rebel stream solves=131072 raw=975/s balanced=975/s debt=0 rows steps=512 over=172 drop=0 L=0.00191 tgt=-0.031/0.360 cfg/b=18855 prep=1.51s gpu=0.00s conv=0.00s add=0.26s train=4.25s
[t= 444.6s] rebel stream solves=138240 raw=957/s balanced=957/s debt=0 rows steps=540 over=199 drop=0 L=0.00223 tgt=-0.015/0.358 cfg/b=17946 prep=1.33s gpu=0.00s conv=0.08s add=0.20s train=4.78s
[t= 454.6s] rebel stream solves=145408 raw=942/s balanced=942/s debt=0 rows steps=568 over=221 drop=0 L=0.00227 tgt=-0.025/0.374 cfg/b=17961 prep=1.86s gpu=0.00s conv=0.03s add=0.22s train=4.24s
[t= 464.6s] rebel stream solves=150528 raw=916/s balanced=916/s debt=0 rows steps=588 over=236 drop=0 L=0.00248 tgt=-0.008/0.366 cfg/b=17396 prep=0.24s gpu=0.00s conv=0.00s add=0.14s train=2.29s
[t= 475.2s] rebel stream solves=156672 raw=895/s balanced=895/s debt=0 rows steps=612 over=264 drop=0 L=0.00306 tgt=-0.006/0.356 cfg/b=17229 prep=1.35s gpu=0.00s conv=0.00s add=0.15s train=4.31s
[t= 485.7s] rebel stream solves=161792 raw=872/s balanced=872/s debt=0 rows steps=632 over=282 drop=0 L=0.00320 tgt=-0.007/0.359 cfg/b=16775 prep=0.65s gpu=0.00s conv=0.00s add=0.34s train=2.43s
[t= 495.7s] rebel stream solves=169984 raw=869/s balanced=869/s debt=0 rows steps=664 over=310 drop=0 L=0.00332 tgt=-0.026/0.380 cfg/b=16872 prep=1.21s gpu=0.00s conv=0.05s add=0.47s train=4.45s
[t= 501.2s] --- lr -> 2.50e-04 ---
[t= 505.7s] rebel stream solves=176128 raw=857/s balanced=857/s debt=0 rows steps=688 over=342 drop=0 L=0.00390 tgt=-0.009/0.356 cfg/b=16443 prep=0.90s gpu=0.00s conv=0.00s add=0.19s train=2.07s
[t= 515.7s] rebel stream solves=182272 raw=846/s balanced=846/s debt=0 rows steps=712 over=364 drop=0 L=0.00388 tgt=-0.000/0.351 cfg/b=16610 prep=1.84s gpu=0.00s conv=0.01s add=0.18s train=2.84s
[t= 526.3s] rebel stream solves=189440 raw=838/s balanced=838/s debt=0 rows steps=740 over=391 drop=0 L=0.00424 tgt=-0.016/0.364 cfg/b=15944 prep=0.73s gpu=0.00s conv=0.02s add=0.29s train=2.41s
[t= 536.3s] rebel stream solves=197632 raw=837/s balanced=837/s debt=0 rows steps=772 over=422 drop=0 L=0.00465 tgt=-0.012/0.345 cfg/b=15915 prep=1.06s gpu=0.00s conv=0.01s add=0.22s train=3.79s
[t= 546.3s] rebel stream solves=203776 raw=828/s balanced=828/s debt=0 rows steps=796 over=442 drop=0 L=0.00527 tgt=-0.022/0.328 cfg/b=16148 prep=0.41s gpu=0.00s conv=0.00s add=0.16s train=3.10s
[t= 556.5s] rebel stream solves=214016 raw=835/s balanced=835/s debt=0 rows steps=836 over=472 drop=0 L=0.00535 tgt=-0.015/0.320 cfg/b=16162 prep=2.05s gpu=0.00s conv=0.00s add=0.42s train=5.25s
[t= 566.5s] rebel stream solves=223232 raw=838/s balanced=838/s debt=0 rows steps=872 over=499 drop=0 L=0.00628 tgt=-0.016/0.319 cfg/b=15853 prep=1.11s gpu=0.00s conv=0.02s add=0.37s train=3.88s
[t= 576.6s] rebel stream solves=231424 raw=837/s balanced=837/s debt=0 rows steps=904 over=517 drop=0 L=0.00625 tgt=-0.016/0.318 cfg/b=15653 prep=1.62s gpu=0.00s conv=0.01s add=0.20s train=3.58s
[t= 580.0s] --- stopping GPU admission; draining ---
[t= 586.6s] rebel stream solves=235520 raw=822/s balanced=822/s debt=0 rows steps=920 over=522 drop=0 L=0.00646 tgt=-0.019/0.310 cfg/b=15931 prep=0.86s gpu=0.00s conv=0.03s add=0.17s train=1.90s
[t= 596.6s] rebel stream solves=236544 raw=798/s balanced=798/s debt=0 rows steps=924 over=525 drop=0 L=0.00615 tgt=-0.003/0.283 cfg/b=17101 prep=0.02s gpu=0.00s conv=0.00s add=0.04s train=0.11s
[t= 606.6s] rebel stream solves=236544 raw=772/s balanced=772/s debt=0 rows steps=924 over=525 drop=0 L=0.00000 tgt=+0.000/0.000 cfg/b=0 prep=0.00s gpu=0.00s conv=0.00s add=0.00s train=0.00s
[t= 610.5s] rebel stream solves=236621 raw=762/s balanced=762/s debt=308 rows steps=924 over=525 drop=0 L=0.00000 tgt=+0.120/0.409 cfg/b=0 prep=0.00s gpu=0.00s conv=0.00s add=0.01s train=0.00s
[gpu-summary] solves=236621 optimizer_rows=946176 debt=308 raw=762.3/s balanced=762.1/s over=525 exact=0 censored=4608 dropped=0 overrun=10.58s
[t= 610.6s] --- snapshot snap_01.pt (final) ---
