[gpu] solve services up on [0, 1]
[cfg] PUBFEAT=897 CFEAT=16 hidden=384 head=384 dg=64 rank=64 depth=2 iters=64 budget=1800s warm=300s device=cuda:1 draft=random snapshot_every=6.0min train_gen_ratio=4.0 recent_mix=0.5/0.2 augment=True cap=2000000 matmul=high
[t=   2.3s] greedy ep  0 games=  96 dec= 19020 rows= 18171 horizon=0.30 nodecap=0 over=0 exact=0 drop=0 cfgs= 27.4 L=0.07850 P=nan old=0.01380 new=0.00391 tgt=-0.023/0.480 pstd=0.464 capv=0.040 lr=1.0e-03 gen=0.1s conv=0.0s add=0.1s train=2.1s sps=0
[t=   4.0s] greedy ep  1 games=  96 dec= 18777 rows= 17977 horizon=0.32 nodecap=0 over=0 exact=0 drop=0 cfgs= 26.6 L=0.03385 P=nan old=0.01339 new=0.00368 tgt=-0.059/0.493 pstd=0.480 capv=0.040 lr=1.0e-03 gen=0.1s conv=0.0s add=0.1s train=1.6s sps=0
[t=   5.9s] greedy ep  2 games=  96 dec= 18179 rows= 17397 horizon=0.26 nodecap=0 over=0 exact=0 drop=0 cfgs= 27.9 L=0.02978 P=nan old=0.00969 new=0.00372 tgt=-0.018/0.516 pstd=0.475 capv=0.040 lr=1.0e-03 gen=0.1s conv=0.0s add=0.1s train=1.6s sps=0
[t=   7.7s] greedy ep  3 games=  96 dec= 17876 rows= 17033 horizon=0.26 nodecap=0 over=0 exact=0 drop=0 cfgs= 26.4 L=0.02688 P=nan old=0.01107 new=0.00425 tgt=-0.027/0.498 pstd=0.471 capv=0.040 lr=1.0e-03 gen=0.1s conv=0.0s add=0.1s train=1.6s sps=0
[t=   9.6s] greedy ep  4 games=  96 dec= 19004 rows= 18249 horizon=0.31 nodecap=0 over=0 exact=0 drop=0 cfgs= 28.3 L=0.02290 P=nan old=0.00917 new=0.00466 tgt=-0.025/0.465 pstd=0.467 capv=0.040 lr=1.0e-03 gen=0.1s conv=0.0s add=0.1s train=1.7s sps=0
[t=  11.5s] greedy ep  5 games=  96 dec= 19345 rows= 18536 horizon=0.35 nodecap=0 over=0 exact=0 drop=0 cfgs= 26.4 L=0.02054 P=nan old=0.00961 new=0.00424 tgt=-0.026/0.492 pstd=0.471 capv=0.040 lr=1.0e-03 gen=0.1s conv=0.0s add=0.1s train=1.8s sps=0
[t=  13.2s] greedy ep  6 games=  96 dec= 17785 rows= 17102 horizon=0.28 nodecap=0 over=0 exact=0 drop=0 cfgs= 26.9 L=0.02238 P=nan old=0.01039 new=0.00698 tgt=-0.040/0.500 pstd=0.474 capv=0.040 lr=1.0e-03 gen=0.1s conv=0.0s add=0.1s train=1.6s sps=0
[t=  15.0s] greedy ep  7 games=  96 dec= 18319 rows= 17483 horizon=0.32 nodecap=0 over=0 exact=0 drop=0 cfgs= 27.7 L=0.02035 P=nan old=0.01118 new=0.00564 tgt=-0.059/0.503 pstd=0.476 capv=0.040 lr=1.0e-03 gen=0.1s conv=0.0s add=0.1s train=1.6s sps=0
[t=  16.8s] greedy ep  8 games=  96 dec= 18824 rows= 18083 horizon=0.34 nodecap=0 over=0 exact=0 drop=0 cfgs= 26.1 L=0.01799 P=nan old=0.01198 new=0.00641 tgt=-0.018/0.491 pstd=0.475 capv=0.040 lr=1.0e-03 gen=0.1s conv=0.0s add=0.1s train=1.7s sps=0
[t=  18.6s] greedy ep  9 games=  96 dec= 18100 rows= 17381 horizon=0.26 nodecap=0 over=0 exact=0 drop=0 cfgs= 26.3 L=0.01825 P=nan old=0.01044 new=0.00636 tgt=-0.043/0.522 pstd=0.477 capv=0.040 lr=1.0e-03 gen=0.1s conv=0.0s add=0.1s train=1.6s sps=0
[t=  20.3s] greedy ep 10 games=  96 dec= 17757 rows= 17029 horizon=0.23 nodecap=0 over=0 exact=0 drop=0 cfgs= 28.7 L=0.01832 P=nan old=0.01240 new=0.00763 tgt=-0.035/0.525 pstd=0.478 capv=0.040 lr=1.0e-03 gen=0.1s conv=0.0s add=0.1s train=1.6s sps=0
[t=  22.1s] greedy ep 11 games=  96 dec= 18043 rows= 17250 horizon=0.28 nodecap=0 over=0 exact=0 drop=0 cfgs= 27.7 L=0.01812 P=nan old=0.01211 new=0.00727 tgt=-0.047/0.493 pstd=0.471 capv=0.040 lr=1.0e-03 gen=0.1s conv=0.0s add=0.1s train=1.6s sps=0
[t=  23.7s] greedy ep 12 games=  96 dec= 17420 rows= 16700 horizon=0.25 nodecap=0 over=0 exact=0 drop=0 cfgs= 27.9 L=0.01933 P=nan old=0.01152 new=0.00700 tgt=-0.028/0.502 pstd=0.465 capv=0.040 lr=1.0e-03 gen=0.1s conv=0.0s add=0.1s train=1.5s sps=0
[t=  25.5s] greedy ep 13 games=  96 dec= 18339 rows= 17564 horizon=0.29 nodecap=0 over=0 exact=0 drop=0 cfgs= 27.2 L=0.01751 P=nan old=0.01208 new=0.00810 tgt=-0.034/0.497 pstd=0.471 capv=0.040 lr=1.0e-03 gen=0.1s conv=0.0s add=0.1s train=1.6s sps=0
[t=  27.3s] greedy ep 14 games=  96 dec= 17985 rows= 17266 horizon=0.25 nodecap=0 over=0 exact=0 drop=0 cfgs= 27.8 L=0.01808 P=nan old=0.01227 new=0.00764 tgt=-0.037/0.515 pstd=0.469 capv=0.040 lr=1.0e-03 gen=0.1s conv=0.0s add=0.1s train=1.6s sps=0
[t=  29.0s] greedy ep 15 games=  96 dec= 18309 rows= 17520 horizon=0.30 nodecap=0 over=0 exact=0 drop=0 cfgs= 26.8 L=0.01707 P=nan old=0.01328 new=0.00744 tgt=-0.021/0.493 pstd=0.469 capv=0.040 lr=1.0e-03 gen=0.1s conv=0.0s add=0.1s train=1.6s sps=0
[t=  30.9s] greedy ep 16 games=  96 dec= 19097 rows= 18291 horizon=0.33 nodecap=0 over=0 exact=0 drop=0 cfgs= 27.3 L=0.01727 P=nan old=0.01239 new=0.00740 tgt=+0.006/0.479 pstd=0.472 capv=0.040 lr=1.0e-03 gen=0.1s conv=0.0s add=0.1s train=1.7s sps=0
[t=  32.7s] greedy ep 17 games=  96 dec= 18142 rows= 17461 horizon=0.26 nodecap=0 over=0 exact=0 drop=0 cfgs= 27.3 L=0.01602 P=nan old=0.01159 new=0.00866 tgt=-0.054/0.518 pstd=0.478 capv=0.040 lr=1.0e-03 gen=0.1s conv=0.0s add=0.1s train=1.6s sps=0
[t=  34.4s] greedy ep 18 games=  96 dec= 17690 rows= 16896 horizon=0.22 nodecap=0 over=0 exact=0 drop=0 cfgs= 26.3 L=0.01783 P=nan old=0.01208 new=0.00797 tgt=-0.021/0.516 pstd=0.473 capv=0.040 lr=1.0e-03 gen=0.1s conv=0.0s add=0.1s train=1.6s sps=0
[t=  36.2s] greedy ep 19 games=  96 dec= 17806 rows= 17037 horizon=0.25 nodecap=0 over=0 exact=0 drop=0 cfgs= 27.5 L=0.01764 P=nan old=0.01442 new=0.00963 tgt=-0.059/0.527 pstd=0.464 capv=0.040 lr=1.0e-03 gen=0.1s conv=0.0s add=0.1s train=1.6s sps=0
[t=  38.0s] greedy ep 20 games=  96 dec= 17813 rows= 17128 horizon=0.28 nodecap=0 over=0 exact=0 drop=0 cfgs= 27.0 L=0.01650 P=nan old=0.01362 new=0.00883 tgt=-0.068/0.519 pstd=0.478 capv=0.040 lr=1.0e-03 gen=0.1s conv=0.0s add=0.1s train=1.6s sps=0
[t=  39.8s] greedy ep 21 games=  96 dec= 17800 rows= 17085 horizon=0.25 nodecap=0 over=0 exact=0 drop=0 cfgs= 28.0 L=0.01772 P=nan old=0.01344 new=0.00891 tgt=-0.054/0.513 pstd=0.469 capv=0.040 lr=1.0e-03 gen=0.1s conv=0.0s add=0.1s train=1.6s sps=0
[t=  41.7s] greedy ep 22 games=  96 dec= 18528 rows= 17771 horizon=0.31 nodecap=0 over=0 exact=0 drop=0 cfgs= 26.7 L=0.01530 P=nan old=0.01197 new=0.00882 tgt=-0.028/0.488 pstd=0.466 capv=0.040 lr=1.0e-03 gen=0.1s conv=0.0s add=0.1s train=1.7s sps=0
[t=  43.5s] greedy ep 23 games=  96 dec= 18486 rows= 17685 horizon=0.28 nodecap=0 over=0 exact=0 drop=0 cfgs= 25.6 L=0.01607 P=nan old=0.01241 new=0.00897 tgt=-0.008/0.478 pstd=0.468 capv=0.040 lr=1.0e-03 gen=0.1s conv=0.0s add=0.1s train=1.7s sps=0
[t=  45.4s] greedy ep 24 games=  96 dec= 19060 rows= 18394 horizon=0.35 nodecap=0 over=0 exact=0 drop=0 cfgs= 25.6 L=0.01750 P=nan old=0.01645 new=0.01015 tgt=-0.011/0.480 pstd=0.485 capv=0.040 lr=1.0e-03 gen=0.1s conv=0.0s add=0.1s train=1.7s sps=0
[t=  47.2s] greedy ep 25 games=  96 dec= 18086 rows= 17335 horizon=0.23 nodecap=0 over=0 exact=0 drop=0 cfgs= 27.3 L=0.01841 P=nan old=0.01458 new=0.00977 tgt=-0.026/0.520 pstd=0.483 capv=0.040 lr=1.0e-03 gen=0.1s conv=0.0s add=0.1s train=1.6s sps=0
[t=  49.2s] greedy ep 26 games=  96 dec= 19692 rows= 18851 horizon=0.33 nodecap=0 over=0 exact=0 drop=0 cfgs= 26.5 L=0.01677 P=nan old=0.01484 new=0.01065 tgt=-0.031/0.495 pstd=0.476 capv=0.040 lr=1.0e-03 gen=0.1s conv=0.0s add=0.1s train=1.8s sps=0
[t=  51.4s] greedy ep 27 games=  96 dec= 18267 rows= 17486 horizon=0.26 nodecap=0 over=0 exact=0 drop=0 cfgs= 28.3 L=0.01701 P=nan old=0.01464 new=0.00846 tgt=-0.023/0.486 pstd=0.479 capv=0.040 lr=1.0e-03 gen=0.1s conv=0.0s add=0.1s train=2.0s sps=0
[t=  53.6s] greedy ep 28 games=  96 dec= 19074 rows= 18289 horizon=0.30 nodecap=0 over=0 exact=0 drop=0 cfgs= 27.0 L=0.01738 P=nan old=0.01553 new=0.00938 tgt=-0.044/0.496 pstd=0.477 capv=0.040 lr=1.0e-03 gen=0.1s conv=0.0s add=0.1s train=2.1s sps=0
[t=  55.7s] greedy ep 29 games=  96 dec= 18686 rows= 17929 horizon=0.26 nodecap=0 over=0 exact=0 drop=0 cfgs= 28.4 L=0.01842 P=nan old=0.01490 new=0.00980 tgt=-0.052/0.512 pstd=0.463 capv=0.040 lr=1.0e-03 gen=0.1s conv=0.0s add=0.1s train=1.9s sps=0
[t=  57.6s] greedy ep 30 games=  96 dec= 19082 rows= 18260 horizon=0.30 nodecap=0 over=0 exact=0 drop=0 cfgs= 27.4 L=0.01822 P=nan old=0.01497 new=0.00970 tgt=-0.028/0.480 pstd=0.467 capv=0.040 lr=1.0e-03 gen=0.1s conv=0.0s add=0.1s train=1.7s sps=0
[t=  59.3s] greedy ep 31 games=  96 dec= 18482 rows= 17679 horizon=0.27 nodecap=0 over=0 exact=0 drop=0 cfgs= 28.1 L=0.01690 P=nan old=0.01511 new=0.00999 tgt=-0.042/0.504 pstd=0.464 capv=0.040 lr=1.0e-03 gen=0.1s conv=0.0s add=0.1s train=1.6s sps=0
[t=  61.2s] greedy ep 32 games=  96 dec= 18699 rows= 17926 horizon=0.32 nodecap=0 over=0 exact=0 drop=0 cfgs= 26.5 L=0.01645 P=nan old=0.01421 new=0.00935 tgt=-0.012/0.483 pstd=0.460 capv=0.040 lr=1.0e-03 gen=0.1s conv=0.0s add=0.1s train=1.7s sps=0
[t=  63.1s] greedy ep 33 games=  96 dec= 18814 rows= 17970 horizon=0.31 nodecap=0 over=0 exact=0 drop=0 cfgs= 27.4 L=0.01612 P=nan old=0.01336 new=0.00983 tgt=-0.000/0.514 pstd=0.463 capv=0.040 lr=1.0e-03 gen=0.1s conv=0.0s add=0.1s train=1.7s sps=0
[t=  65.1s] greedy ep 34 games=  96 dec= 18975 rows= 18126 horizon=0.32 nodecap=0 over=0 exact=0 drop=0 cfgs= 26.1 L=0.01644 P=nan old=0.01632 new=0.00999 tgt=+0.015/0.454 pstd=0.462 capv=0.040 lr=1.0e-03 gen=0.1s conv=0.0s add=0.1s train=1.9s sps=0
[t=  67.2s] greedy ep 35 games=  96 dec= 17981 rows= 17250 horizon=0.25 nodecap=0 over=0 exact=0 drop=0 cfgs= 27.3 L=0.01665 P=nan old=0.01457 new=0.00941 tgt=-0.035/0.521 pstd=0.452 capv=0.040 lr=1.0e-03 gen=0.1s conv=0.0s add=0.1s train=1.9s sps=0
[t=  69.4s] greedy ep 36 games=  96 dec= 19092 rows= 18239 horizon=0.28 nodecap=0 over=0 exact=0 drop=0 cfgs= 26.9 L=0.01679 P=nan old=0.01510 new=0.01093 tgt=-0.049/0.487 pstd=0.463 capv=0.040 lr=1.0e-03 gen=0.1s conv=0.0s add=0.1s train=2.0s sps=0
[t=  71.5s] greedy ep 37 games=  96 dec= 18212 rows= 17370 horizon=0.32 nodecap=0 over=0 exact=0 drop=0 cfgs= 27.9 L=0.01610 P=nan old=0.01501 new=0.01165 tgt=-0.034/0.532 pstd=0.480 capv=0.040 lr=1.0e-03 gen=0.1s conv=0.0s add=0.1s train=1.9s sps=0
[t=  73.7s] greedy ep 38 games=  96 dec= 19351 rows= 18505 horizon=0.33 nodecap=0 over=0 exact=0 drop=0 cfgs= 26.4 L=0.01709 P=nan old=0.01616 new=0.01182 tgt=-0.019/0.471 pstd=0.455 capv=0.040 lr=1.0e-03 gen=0.1s conv=0.0s add=0.1s train=2.1s sps=0
[t=  75.9s] greedy ep 39 games=  96 dec= 18608 rows= 17838 horizon=0.27 nodecap=0 over=0 exact=0 drop=0 cfgs= 27.1 L=0.01796 P=nan old=0.01642 new=0.01258 tgt=-0.038/0.510 pstd=0.477 capv=0.040 lr=1.0e-03 gen=0.1s conv=0.0s add=0.1s train=2.0s sps=0
[t=  78.1s] greedy ep 40 games=  96 dec= 18599 rows= 17855 horizon=0.32 nodecap=0 over=0 exact=0 drop=0 cfgs= 28.4 L=0.01727 P=nan old=0.01735 new=0.01117 tgt=+0.005/0.467 pstd=0.448 capv=0.040 lr=1.0e-03 gen=0.1s conv=0.0s add=0.1s train=2.0s sps=0
[t=  80.3s] greedy ep 41 games=  96 dec= 18879 rows= 18021 horizon=0.30 nodecap=0 over=0 exact=0 drop=0 cfgs= 28.3 L=0.01774 P=nan old=0.01901 new=0.01312 tgt=-0.041/0.500 pstd=0.441 capv=0.040 lr=1.0e-03 gen=0.1s conv=0.0s add=0.1s train=2.0s sps=0
[t=  82.5s] greedy ep 42 games=  96 dec= 18947 rows= 18147 horizon=0.34 nodecap=0 over=0 exact=0 drop=0 cfgs= 28.4 L=0.01726 P=nan old=0.01646 new=0.01033 tgt=-0.025/0.504 pstd=0.467 capv=0.040 lr=1.0e-03 gen=0.1s conv=0.0s add=0.1s train=2.0s sps=0
[t=  84.8s] greedy ep 43 games=  96 dec= 19299 rows= 18456 horizon=0.33 nodecap=0 over=0 exact=0 drop=0 cfgs= 26.1 L=0.01715 P=nan old=0.01610 new=0.01119 tgt=-0.062/0.468 pstd=0.467 capv=0.040 lr=1.0e-03 gen=0.1s conv=0.0s add=0.1s train=2.0s sps=0
[t=  86.7s] greedy ep 44 games=  96 dec= 18356 rows= 17540 horizon=0.27 nodecap=0 over=0 exact=0 drop=0 cfgs= 28.6 L=0.01661 P=nan old=0.01706 new=0.01049 tgt=-0.013/0.488 pstd=0.448 capv=0.040 lr=1.0e-03 gen=0.1s conv=0.0s add=0.1s train=1.7s sps=0
[t=  88.5s] greedy ep 45 games=  96 dec= 17718 rows= 17069 horizon=0.27 nodecap=0 over=0 exact=0 drop=0 cfgs= 28.9 L=0.01760 P=nan old=0.01774 new=0.01114 tgt=-0.085/0.518 pstd=0.456 capv=0.040 lr=1.0e-03 gen=0.1s conv=0.0s add=0.1s train=1.6s sps=0
[t=  90.3s] greedy ep 46 games=  96 dec= 18039 rows= 17287 horizon=0.28 nodecap=0 over=0 exact=0 drop=0 cfgs= 28.7 L=0.01771 P=nan old=0.01663 new=0.01085 tgt=-0.014/0.496 pstd=0.464 capv=0.040 lr=1.0e-03 gen=0.1s conv=0.0s add=0.1s train=1.6s sps=0
[t=  92.1s] greedy ep 47 games=  96 dec= 18992 rows= 18184 horizon=0.29 nodecap=0 over=0 exact=0 drop=0 cfgs= 27.2 L=0.01779 P=nan old=0.01495 new=0.01064 tgt=-0.022/0.475 pstd=0.451 capv=0.040 lr=1.0e-03 gen=0.1s conv=0.0s add=0.1s train=1.7s sps=0
[t=  94.0s] greedy ep 48 games=  96 dec= 18106 rows= 17409 horizon=0.29 nodecap=0 over=0 exact=0 drop=0 cfgs= 27.3 L=0.01615 P=nan old=0.01545 new=0.01070 tgt=-0.037/0.510 pstd=0.478 capv=0.040 lr=1.0e-03 gen=0.1s conv=0.0s add=0.1s train=1.6s sps=0
[t=  95.9s] greedy ep 49 games=  96 dec= 19697 rows= 18918 horizon=0.41 nodecap=0 over=0 exact=0 drop=0 cfgs= 25.9 L=0.01560 P=nan old=0.01573 new=0.00907 tgt=-0.000/0.452 pstd=0.481 capv=0.040 lr=1.0e-03 gen=0.1s conv=0.0s add=0.1s train=1.8s sps=0
[t=  97.7s] greedy ep 50 games=  96 dec= 17764 rows= 16989 horizon=0.24 nodecap=0 over=0 exact=0 drop=0 cfgs= 28.3 L=0.01657 P=nan old=0.01475 new=0.01091 tgt=-0.058/0.549 pstd=0.474 capv=0.040 lr=1.0e-03 gen=0.1s conv=0.0s add=0.1s train=1.6s sps=0
[t=  99.5s] greedy ep 51 games=  96 dec= 17871 rows= 17065 horizon=0.25 nodecap=0 over=0 exact=0 drop=0 cfgs= 28.4 L=0.01633 P=nan old=0.01589 new=0.00982 tgt=-0.026/0.525 pstd=0.474 capv=0.040 lr=1.0e-03 gen=0.1s conv=0.0s add=0.1s train=1.6s sps=0
[t= 101.4s] greedy ep 52 games=  96 dec= 18957 rows= 18241 horizon=0.34 nodecap=0 over=0 exact=0 drop=0 cfgs= 28.0 L=0.01647 P=nan old=0.01760 new=0.01117 tgt=-0.040/0.470 pstd=0.452 capv=0.040 lr=1.0e-03 gen=0.1s conv=0.0s add=0.1s train=1.7s sps=0
[t= 103.2s] greedy ep 53 games=  96 dec= 17594 rows= 16819 horizon=0.21 nodecap=0 over=0 exact=0 drop=0 cfgs= 28.1 L=0.01716 P=nan old=0.01573 new=0.01155 tgt=-0.032/0.511 pstd=0.466 capv=0.040 lr=1.0e-03 gen=0.1s conv=0.0s add=0.1s train=1.6s sps=0
[t= 105.0s] greedy ep 54 games=  96 dec= 17878 rows= 17181 horizon=0.24 nodecap=0 over=0 exact=0 drop=0 cfgs= 30.5 L=0.01733 P=nan old=0.01703 new=0.01067 tgt=-0.006/0.496 pstd=0.464 capv=0.040 lr=1.0e-03 gen=0.1s conv=0.0s add=0.1s train=1.6s sps=0
[t= 106.7s] greedy ep 55 games=  96 dec= 17837 rows= 16988 horizon=0.25 nodecap=0 over=0 exact=0 drop=0 cfgs= 27.0 L=0.01745 P=nan old=0.01932 new=0.01159 tgt=-0.005/0.470 pstd=0.463 capv=0.040 lr=1.0e-03 gen=0.1s conv=0.0s add=0.1s train=1.6s sps=0
[t= 108.6s] greedy ep 56 games=  96 dec= 18409 rows= 17611 horizon=0.27 nodecap=0 over=0 exact=0 drop=0 cfgs= 28.1 L=0.01732 P=nan old=0.01816 new=0.01200 tgt=-0.028/0.483 pstd=0.472 capv=0.040 lr=1.0e-03 gen=0.1s conv=0.0s add=0.1s train=1.7s sps=0
[t= 110.5s] greedy ep 57 games=  96 dec= 18651 rows= 17847 horizon=0.27 nodecap=0 over=0 exact=0 drop=0 cfgs= 26.4 L=0.01759 P=nan old=0.01675 new=0.01042 tgt=-0.015/0.515 pstd=0.448 capv=0.040 lr=1.0e-03 gen=0.1s conv=0.0s add=0.1s train=1.7s sps=0
[t= 112.5s] greedy ep 58 games=  96 dec= 19562 rows= 18696 horizon=0.35 nodecap=0 over=0 exact=0 drop=0 cfgs= 25.2 L=0.01730 P=nan old=0.01603 new=0.01199 tgt=-0.048/0.493 pstd=0.465 capv=0.040 lr=1.0e-03 gen=0.1s conv=0.0s add=0.1s train=1.8s sps=0
[t= 114.4s] greedy ep 59 games=  96 dec= 19397 rows= 18534 horizon=0.34 nodecap=0 over=0 exact=0 drop=0 cfgs= 25.2 L=0.01708 P=nan old=0.01721 new=0.01035 tgt=-0.046/0.466 pstd=0.467 capv=0.040 lr=1.0e-03 gen=0.1s conv=0.0s add=0.1s train=1.8s sps=0
[t= 116.3s] greedy ep 60 games=  96 dec= 18865 rows= 17960 horizon=0.31 nodecap=0 over=0 exact=0 drop=0 cfgs= 26.1 L=0.01661 P=nan old=0.01822 new=0.01001 tgt=-0.032/0.477 pstd=0.465 capv=0.040 lr=1.0e-03 gen=0.1s conv=0.0s add=0.1s train=1.7s sps=0
[t= 118.2s] greedy ep 61 games=  96 dec= 18309 rows= 17564 horizon=0.24 nodecap=0 over=0 exact=0 drop=0 cfgs= 29.6 L=0.01638 P=nan old=0.01554 new=0.01036 tgt=-0.007/0.527 pstd=0.460 capv=0.040 lr=1.0e-03 gen=0.1s conv=0.0s add=0.1s train=1.7s sps=0
[t= 120.1s] greedy ep 62 games=  96 dec= 18751 rows= 17895 horizon=0.29 nodecap=0 over=0 exact=0 drop=0 cfgs= 26.6 L=0.01615 P=nan old=0.01784 new=0.01241 tgt=-0.034/0.506 pstd=0.459 capv=0.040 lr=1.0e-03 gen=0.1s conv=0.0s add=0.1s train=1.7s sps=0
[t= 122.0s] greedy ep 63 games=  96 dec= 19579 rows= 18798 horizon=0.32 nodecap=0 over=0 exact=0 drop=0 cfgs= 26.5 L=0.01656 P=nan old=0.01802 new=0.01143 tgt=-0.007/0.477 pstd=0.449 capv=0.040 lr=1.0e-03 gen=0.1s conv=0.0s add=0.1s train=1.8s sps=0
[t= 123.9s] greedy ep 64 games=  96 dec= 18159 rows= 17393 horizon=0.27 nodecap=0 over=0 exact=0 drop=0 cfgs= 27.6 L=0.01742 P=nan old=0.01685 new=0.01144 tgt=-0.058/0.514 pstd=0.455 capv=0.040 lr=1.0e-03 gen=0.1s conv=0.0s add=0.1s train=1.7s sps=0
[t= 125.7s] greedy ep 65 games=  96 dec= 18155 rows= 17405 horizon=0.28 nodecap=0 over=0 exact=0 drop=0 cfgs= 30.4 L=0.01655 P=nan old=0.01662 new=0.01096 tgt=-0.026/0.503 pstd=0.455 capv=0.040 lr=1.0e-03 gen=0.1s conv=0.0s add=0.1s train=1.7s sps=0
[t= 127.6s] greedy ep 66 games=  96 dec= 18370 rows= 17668 horizon=0.30 nodecap=0 over=0 exact=0 drop=0 cfgs= 27.4 L=0.01674 P=nan old=0.01753 new=0.01317 tgt=-0.038/0.493 pstd=0.465 capv=0.040 lr=1.0e-03 gen=0.1s conv=0.0s add=0.1s train=1.7s sps=0
[t= 129.5s] greedy ep 67 games=  96 dec= 18765 rows= 17982 horizon=0.33 nodecap=0 over=0 exact=0 drop=0 cfgs= 28.7 L=0.01644 P=nan old=0.01843 new=0.01157 tgt=-0.023/0.513 pstd=0.476 capv=0.040 lr=1.0e-03 gen=0.1s conv=0.0s add=0.1s train=1.7s sps=0
[t= 131.4s] greedy ep 68 games=  96 dec= 18374 rows= 17494 horizon=0.26 nodecap=0 over=0 exact=0 drop=0 cfgs= 28.3 L=0.01699 P=nan old=0.01718 new=0.01101 tgt=-0.023/0.498 pstd=0.464 capv=0.040 lr=1.0e-03 gen=0.1s conv=0.0s add=0.1s train=1.7s sps=0
[t= 133.2s] greedy ep 69 games=  96 dec= 18297 rows= 17504 horizon=0.27 nodecap=0 over=0 exact=0 drop=0 cfgs= 27.7 L=0.01599 P=nan old=0.01784 new=0.01062 tgt=-0.056/0.516 pstd=0.451 capv=0.040 lr=1.0e-03 gen=0.1s conv=0.0s add=0.1s train=1.7s sps=0
[t= 135.1s] greedy ep 70 games=  96 dec= 18939 rows= 18157 horizon=0.34 nodecap=0 over=0 exact=0 drop=0 cfgs= 25.9 L=0.01617 P=nan old=0.01699 new=0.01179 tgt=-0.037/0.479 pstd=0.465 capv=0.040 lr=1.0e-03 gen=0.1s conv=0.0s add=0.1s train=1.7s sps=0
[t= 137.0s] greedy ep 71 games=  96 dec= 18073 rows= 17354 horizon=0.26 nodecap=0 over=0 exact=0 drop=0 cfgs= 29.8 L=0.01745 P=nan old=0.01628 new=0.01068 tgt=-0.025/0.513 pstd=0.456 capv=0.040 lr=1.0e-03 gen=0.1s conv=0.0s add=0.1s train=1.7s sps=0
[t= 138.8s] greedy ep 72 games=  96 dec= 19252 rows= 18480 horizon=0.35 nodecap=0 over=0 exact=0 drop=0 cfgs= 27.7 L=0.01527 P=nan old=0.01920 new=0.00969 tgt=-0.069/0.494 pstd=0.461 capv=0.040 lr=1.0e-03 gen=0.1s conv=0.0s add=0.1s train=1.7s sps=0
[t= 140.5s] greedy ep 73 games=  96 dec= 17654 rows= 16887 horizon=0.21 nodecap=0 over=0 exact=0 drop=0 cfgs= 27.9 L=0.01677 P=nan old=0.01803 new=0.01208 tgt=-0.039/0.521 pstd=0.467 capv=0.040 lr=1.0e-03 gen=0.1s conv=0.0s add=0.0s train=1.6s sps=0
[t= 142.4s] greedy ep 74 games=  96 dec= 18653 rows= 17839 horizon=0.28 nodecap=0 over=0 exact=0 drop=0 cfgs= 26.6 L=0.01647 P=nan old=0.01746 new=0.01230 tgt=-0.062/0.527 pstd=0.475 capv=0.040 lr=1.0e-03 gen=0.1s conv=0.0s add=0.1s train=1.7s sps=0
[t= 144.4s] greedy ep 75 games=  96 dec= 19581 rows= 18815 horizon=0.40 nodecap=0 over=0 exact=0 drop=0 cfgs= 24.2 L=0.01604 P=nan old=0.01751 new=0.01074 tgt=+0.011/0.466 pstd=0.477 capv=0.040 lr=1.0e-03 gen=0.1s conv=0.0s add=0.1s train=1.8s sps=0
[t= 146.3s] greedy ep 76 games=  96 dec= 18751 rows= 17915 horizon=0.24 nodecap=0 over=0 exact=0 drop=0 cfgs= 25.7 L=0.01739 P=nan old=0.01786 new=0.00999 tgt=-0.030/0.490 pstd=0.486 capv=0.040 lr=1.0e-03 gen=0.1s conv=0.0s add=0.1s train=1.7s sps=0
[t= 148.1s] greedy ep 77 games=  96 dec= 18346 rows= 17518 horizon=0.25 nodecap=0 over=0 exact=0 drop=0 cfgs= 27.1 L=0.01687 P=nan old=0.01658 new=0.01120 tgt=-0.053/0.521 pstd=0.468 capv=0.040 lr=1.0e-03 gen=0.1s conv=0.0s add=0.1s train=1.7s sps=0
[t= 149.9s] greedy ep 78 games=  96 dec= 17947 rows= 17157 horizon=0.25 nodecap=0 over=0 exact=0 drop=0 cfgs= 26.8 L=0.01624 P=nan old=0.01689 new=0.01242 tgt=-0.047/0.514 pstd=0.488 capv=0.040 lr=1.0e-03 gen=0.1s conv=0.0s add=0.1s train=1.6s sps=0
[t= 151.8s] greedy ep 79 games=  96 dec= 18509 rows= 17723 horizon=0.30 nodecap=0 over=0 exact=0 drop=0 cfgs= 28.3 L=0.01621 P=nan old=0.01747 new=0.01262 tgt=-0.004/0.488 pstd=0.472 capv=0.040 lr=1.0e-03 gen=0.1s conv=0.0s add=0.1s train=1.7s sps=0
[t= 153.6s] greedy ep 80 games=  96 dec= 18005 rows= 17281 horizon=0.26 nodecap=0 over=0 exact=0 drop=0 cfgs= 28.7 L=0.01673 P=nan old=0.01769 new=0.01169 tgt=-0.025/0.514 pstd=0.477 capv=0.040 lr=1.0e-03 gen=0.1s conv=0.0s add=0.1s train=1.7s sps=0
[t= 155.4s] greedy ep 81 games=  96 dec= 17458 rows= 16682 horizon=0.25 nodecap=0 over=0 exact=0 drop=0 cfgs= 28.7 L=0.01653 P=nan old=0.01509 new=0.01216 tgt=-0.024/0.534 pstd=0.481 capv=0.040 lr=1.0e-03 gen=0.1s conv=0.0s add=0.1s train=1.6s sps=0
[t= 157.2s] greedy ep 82 games=  96 dec= 17724 rows= 16956 horizon=0.25 nodecap=0 over=0 exact=0 drop=0 cfgs= 28.6 L=0.01643 P=nan old=0.01520 new=0.01219 tgt=-0.035/0.507 pstd=0.468 capv=0.040 lr=1.0e-03 gen=0.1s conv=0.0s add=0.1s train=1.6s sps=0
[t= 158.9s] greedy ep 83 games=  96 dec= 16961 rows= 16184 horizon=0.19 nodecap=0 over=0 exact=0 drop=0 cfgs= 30.2 L=0.01665 P=nan old=0.01869 new=0.01282 tgt=-0.027/0.537 pstd=0.451 capv=0.040 lr=1.0e-03 gen=0.1s conv=0.0s add=0.1s train=1.6s sps=0
[t= 160.9s] greedy ep 84 games=  96 dec= 19354 rows= 18540 horizon=0.39 nodecap=0 over=0 exact=0 drop=0 cfgs= 25.4 L=0.01613 P=nan old=0.01772 new=0.01054 tgt=-0.046/0.473 pstd=0.461 capv=0.040 lr=1.0e-03 gen=0.1s conv=0.0s add=0.1s train=1.8s sps=0
[t= 162.8s] greedy ep 85 games=  96 dec= 18656 rows= 17880 horizon=0.29 nodecap=0 over=0 exact=0 drop=0 cfgs= 27.6 L=0.01605 P=nan old=0.01657 new=0.01084 tgt=-0.043/0.499 pstd=0.455 capv=0.040 lr=1.0e-03 gen=0.1s conv=0.0s add=0.1s train=1.7s sps=0
[t= 164.6s] greedy ep 86 games=  96 dec= 18285 rows= 17486 horizon=0.26 nodecap=0 over=0 exact=0 drop=0 cfgs= 28.0 L=0.01649 P=nan old=0.01833 new=0.01140 tgt=-0.025/0.501 pstd=0.458 capv=0.040 lr=1.0e-03 gen=0.1s conv=0.0s add=0.1s train=1.7s sps=0
[t= 166.4s] greedy ep 87 games=  96 dec= 17389 rows= 16649 horizon=0.25 nodecap=0 over=0 exact=0 drop=0 cfgs= 28.5 L=0.01656 P=nan old=0.01886 new=0.01524 tgt=-0.037/0.504 pstd=0.454 capv=0.040 lr=1.0e-03 gen=0.1s conv=0.0s add=0.1s train=1.6s sps=0
[t= 168.3s] greedy ep 88 games=  96 dec= 18703 rows= 17828 horizon=0.27 nodecap=0 over=0 exact=0 drop=0 cfgs= 25.5 L=0.01691 P=nan old=0.01754 new=0.01236 tgt=-0.028/0.509 pstd=0.466 capv=0.040 lr=1.0e-03 gen=0.1s conv=0.0s add=0.1s train=1.7s sps=0
[t= 170.1s] greedy ep 89 games=  96 dec= 17445 rows= 16716 horizon=0.25 nodecap=0 over=0 exact=0 drop=0 cfgs= 28.9 L=0.01616 P=nan old=0.01668 new=0.01194 tgt=-0.056/0.523 pstd=0.461 capv=0.040 lr=1.0e-03 gen=0.1s conv=0.0s add=0.1s train=1.6s sps=0
[t= 171.9s] greedy ep 90 games=  96 dec= 18622 rows= 17824 horizon=0.30 nodecap=0 over=0 exact=0 drop=0 cfgs= 28.3 L=0.01608 P=nan old=0.01698 new=0.01126 tgt=-0.052/0.508 pstd=0.450 capv=0.040 lr=1.0e-03 gen=0.1s conv=0.0s add=0.1s train=1.7s sps=0
[t= 173.9s] greedy ep 91 games=  96 dec= 19065 rows= 18324 horizon=0.34 nodecap=0 over=0 exact=0 drop=0 cfgs= 26.2 L=0.01575 P=nan old=0.01527 new=0.01140 tgt=-0.025/0.461 pstd=0.463 capv=0.040 lr=1.0e-03 gen=0.1s conv=0.0s add=0.1s train=1.7s sps=0
[t= 175.7s] greedy ep 92 games=  96 dec= 18963 rows= 18229 horizon=0.31 nodecap=0 over=0 exact=0 drop=0 cfgs= 24.1 L=0.01589 P=nan old=0.01897 new=0.01119 tgt=-0.041/0.481 pstd=0.483 capv=0.040 lr=1.0e-03 gen=0.1s conv=0.0s add=0.1s train=1.7s sps=0
[t= 177.6s] greedy ep 93 games=  96 dec= 18277 rows= 17540 horizon=0.33 nodecap=0 over=0 exact=0 drop=0 cfgs= 26.8 L=0.01613 P=nan old=0.01686 new=0.01122 tgt=-0.073/0.495 pstd=0.471 capv=0.040 lr=1.0e-03 gen=0.1s conv=0.0s add=0.1s train=1.7s sps=0
[t= 179.5s] greedy ep 94 games=  96 dec= 18603 rows= 17822 horizon=0.32 nodecap=0 over=0 exact=0 drop=0 cfgs= 25.2 L=0.01618 P=nan old=0.01533 new=0.01160 tgt=-0.047/0.488 pstd=0.460 capv=0.040 lr=1.0e-03 gen=0.1s conv=0.0s add=0.1s train=1.7s sps=0
[t= 181.3s] greedy ep 95 games=  96 dec= 19081 rows= 18248 horizon=0.26 nodecap=0 over=0 exact=0 drop=0 cfgs= 27.4 L=0.01587 P=nan old=0.01673 new=0.01288 tgt=-0.044/0.504 pstd=0.459 capv=0.040 lr=1.0e-03 gen=0.1s conv=0.0s add=0.1s train=1.7s sps=0
[t= 183.2s] greedy ep 96 games=  96 dec= 17938 rows= 17156 horizon=0.24 nodecap=0 over=0 exact=0 drop=0 cfgs= 28.8 L=0.01621 P=nan old=0.01822 new=0.01300 tgt=-0.034/0.506 pstd=0.462 capv=0.040 lr=1.0e-03 gen=0.1s conv=0.0s add=0.1s train=1.6s sps=0
[t= 184.8s] greedy ep 97 games=  96 dec= 17223 rows= 16545 horizon=0.23 nodecap=0 over=0 exact=0 drop=0 cfgs= 27.7 L=0.01638 P=nan old=0.01919 new=0.01130 tgt=-0.036/0.520 pstd=0.461 capv=0.040 lr=1.0e-03 gen=0.1s conv=0.0s add=0.1s train=1.5s sps=0
[t= 186.7s] greedy ep 98 games=  96 dec= 18276 rows= 17527 horizon=0.31 nodecap=0 over=0 exact=0 drop=0 cfgs= 27.9 L=0.01561 P=nan old=0.01614 new=0.01107 tgt=-0.037/0.487 pstd=0.450 capv=0.040 lr=1.0e-03 gen=0.1s conv=0.0s add=0.1s train=1.7s sps=0
[t= 188.6s] greedy ep 99 games=  96 dec= 18883 rows= 18017 horizon=0.28 nodecap=0 over=0 exact=0 drop=0 cfgs= 26.9 L=0.01662 P=nan old=0.01711 new=0.01216 tgt=-0.005/0.487 pstd=0.471 capv=0.040 lr=1.0e-03 gen=0.1s conv=0.0s add=0.1s train=1.7s sps=0
[t= 190.4s] greedy ep100 games=  96 dec= 18125 rows= 17397 horizon=0.29 nodecap=0 over=0 exact=0 drop=0 cfgs= 28.4 L=0.01659 P=nan old=0.01889 new=0.01296 tgt=-0.037/0.513 pstd=0.459 capv=0.040 lr=1.0e-03 gen=0.1s conv=0.0s add=0.1s train=1.7s sps=0
[t= 192.2s] greedy ep101 games=  96 dec= 18105 rows= 17321 horizon=0.27 nodecap=0 over=0 exact=0 drop=0 cfgs= 28.4 L=0.01616 P=nan old=0.01632 new=0.01191 tgt=-0.041/0.507 pstd=0.482 capv=0.040 lr=1.0e-03 gen=0.1s conv=0.0s add=0.1s train=1.6s sps=0
[t= 193.9s] greedy ep102 games=  96 dec= 17331 rows= 16510 horizon=0.19 nodecap=0 over=0 exact=0 drop=0 cfgs= 28.9 L=0.01668 P=nan old=0.01605 new=0.01112 tgt=-0.068/0.530 pstd=0.472 capv=0.040 lr=1.0e-03 gen=0.1s conv=0.0s add=0.1s train=1.5s sps=0
[t= 195.7s] greedy ep103 games=  96 dec= 17633 rows= 16824 horizon=0.23 nodecap=0 over=0 exact=0 drop=0 cfgs= 26.9 L=0.01706 P=nan old=0.01779 new=0.01362 tgt=-0.065/0.514 pstd=0.463 capv=0.040 lr=1.0e-03 gen=0.1s conv=0.0s add=0.1s train=1.6s sps=0
[t= 197.5s] greedy ep104 games=  96 dec= 18563 rows= 17702 horizon=0.24 nodecap=0 over=0 exact=0 drop=0 cfgs= 27.6 L=0.01704 P=nan old=0.01826 new=0.01296 tgt=-0.027/0.505 pstd=0.449 capv=0.040 lr=1.0e-03 gen=0.1s conv=0.0s add=0.1s train=1.7s sps=0
[t= 199.4s] greedy ep105 games=  96 dec= 18582 rows= 17738 horizon=0.27 nodecap=0 over=0 exact=0 drop=0 cfgs= 27.1 L=0.01644 P=nan old=0.01805 new=0.01214 tgt=-0.034/0.514 pstd=0.449 capv=0.040 lr=1.0e-03 gen=0.1s conv=0.0s add=0.1s train=1.7s sps=0
[t= 201.2s] greedy ep106 games=  96 dec= 18088 rows= 17403 horizon=0.26 nodecap=0 over=0 exact=0 drop=0 cfgs= 27.4 L=0.01603 P=nan old=0.01693 new=0.01176 tgt=-0.052/0.503 pstd=0.464 capv=0.040 lr=1.0e-03 gen=0.1s conv=0.0s add=0.1s train=1.6s sps=0
[t= 203.0s] greedy ep107 games=  96 dec= 18041 rows= 17276 horizon=0.30 nodecap=0 over=0 exact=0 drop=0 cfgs= 27.1 L=0.01627 P=nan old=0.01592 new=0.01127 tgt=-0.053/0.485 pstd=0.463 capv=0.040 lr=1.0e-03 gen=0.1s conv=0.0s add=0.0s train=1.6s sps=0
[t= 204.8s] greedy ep108 games=  96 dec= 18150 rows= 17355 horizon=0.26 nodecap=0 over=0 exact=0 drop=0 cfgs= 27.5 L=0.01655 P=nan old=0.01560 new=0.01198 tgt=-0.008/0.496 pstd=0.457 capv=0.040 lr=1.0e-03 gen=0.1s conv=0.0s add=0.1s train=1.7s sps=0
[t= 206.6s] greedy ep109 games=  96 dec= 18283 rows= 17484 horizon=0.25 nodecap=0 over=0 exact=0 drop=0 cfgs= 27.7 L=0.01607 P=nan old=0.01580 new=0.01109 tgt=-0.026/0.495 pstd=0.456 capv=0.040 lr=1.0e-03 gen=0.1s conv=0.0s add=0.1s train=1.7s sps=0
[t= 208.4s] greedy ep110 games=  96 dec= 17390 rows= 16648 horizon=0.23 nodecap=0 over=0 exact=0 drop=0 cfgs= 25.7 L=0.01654 P=nan old=0.01729 new=0.01230 tgt=-0.053/0.529 pstd=0.463 capv=0.040 lr=1.0e-03 gen=0.1s conv=0.0s add=0.1s train=1.6s sps=0
[t= 210.3s] greedy ep111 games=  96 dec= 19431 rows= 18629 horizon=0.38 nodecap=0 over=0 exact=0 drop=0 cfgs= 26.4 L=0.01666 P=nan old=0.01690 new=0.01185 tgt=-0.035/0.475 pstd=0.455 capv=0.040 lr=1.0e-03 gen=0.1s conv=0.0s add=0.1s train=1.8s sps=0
[t= 212.1s] greedy ep112 games=  96 dec= 18006 rows= 17317 horizon=0.29 nodecap=0 over=0 exact=0 drop=0 cfgs= 26.2 L=0.01552 P=nan old=0.01701 new=0.01178 tgt=-0.006/0.487 pstd=0.473 capv=0.040 lr=1.0e-03 gen=0.1s conv=0.0s add=0.1s train=1.6s sps=0
[t= 213.9s] greedy ep113 games=  96 dec= 18270 rows= 17487 horizon=0.29 nodecap=0 over=0 exact=0 drop=0 cfgs= 26.4 L=0.01586 P=nan old=0.01692 new=0.01182 tgt=-0.031/0.524 pstd=0.447 capv=0.040 lr=1.0e-03 gen=0.1s conv=0.0s add=0.1s train=1.7s sps=0
[t= 215.9s] greedy ep114 games=  96 dec= 19126 rows= 18338 horizon=0.35 nodecap=0 over=0 exact=0 drop=0 cfgs= 26.4 L=0.01597 P=nan old=0.01772 new=0.01149 tgt=-0.045/0.492 pstd=0.439 capv=0.040 lr=1.0e-03 gen=0.1s conv=0.0s add=0.1s train=1.7s sps=0
[t= 217.6s] greedy ep115 games=  96 dec= 17661 rows= 16911 horizon=0.16 nodecap=0 over=0 exact=0 drop=0 cfgs= 28.4 L=0.01642 P=nan old=0.01759 new=0.01119 tgt=-0.005/0.519 pstd=0.417 capv=0.040 lr=1.0e-03 gen=0.1s conv=0.0s add=0.1s train=1.6s sps=0
[t= 219.5s] greedy ep116 games=  96 dec= 18378 rows= 17513 horizon=0.28 nodecap=0 over=0 exact=0 drop=0 cfgs= 29.8 L=0.01614 P=nan old=0.01659 new=0.01151 tgt=-0.016/0.485 pstd=0.422 capv=0.040 lr=1.0e-03 gen=0.1s conv=0.0s add=0.1s train=1.6s sps=0
[t= 221.3s] greedy ep117 games=  96 dec= 17969 rows= 17144 horizon=0.28 nodecap=0 over=0 exact=0 drop=0 cfgs= 26.2 L=0.01611 P=nan old=0.01480 new=0.01037 tgt=-0.027/0.511 pstd=0.431 capv=0.040 lr=1.0e-03 gen=0.1s conv=0.0s add=0.1s train=1.6s sps=0
[t= 223.1s] greedy ep118 games=  96 dec= 19031 rows= 18297 horizon=0.38 nodecap=0 over=0 exact=0 drop=0 cfgs= 28.1 L=0.01609 P=nan old=0.01841 new=0.01231 tgt=-0.095/0.498 pstd=0.407 capv=0.040 lr=1.0e-03 gen=0.1s conv=0.0s add=0.1s train=1.7s sps=0
[t= 225.0s] greedy ep119 games=  96 dec= 18724 rows= 17931 horizon=0.27 nodecap=0 over=0 exact=0 drop=0 cfgs= 26.8 L=0.01565 P=nan old=0.01601 new=0.01161 tgt=-0.051/0.498 pstd=0.421 capv=0.040 lr=1.0e-03 gen=0.1s conv=0.0s add=0.1s train=1.7s sps=0
[t= 226.8s] greedy ep120 games=  96 dec= 18952 rows= 18033 horizon=0.28 nodecap=0 over=0 exact=0 drop=0 cfgs= 25.5 L=0.01510 P=nan old=0.01474 new=0.01162 tgt=-0.039/0.480 pstd=0.413 capv=0.040 lr=1.0e-03 gen=0.1s conv=0.0s add=0.1s train=1.7s sps=0
[t= 228.7s] greedy ep121 games=  96 dec= 18610 rows= 17842 horizon=0.31 nodecap=0 over=0 exact=0 drop=0 cfgs= 26.4 L=0.01534 P=nan old=0.01605 new=0.01043 tgt=-0.010/0.467 pstd=0.412 capv=0.040 lr=1.0e-03 gen=0.1s conv=0.0s add=0.1s train=1.7s sps=0
[t= 230.6s] greedy ep122 games=  96 dec= 19327 rows= 18551 horizon=0.38 nodecap=0 over=0 exact=0 drop=0 cfgs= 26.0 L=0.01466 P=nan old=0.01588 new=0.00975 tgt=-0.032/0.468 pstd=0.418 capv=0.040 lr=1.0e-03 gen=0.1s conv=0.0s add=0.1s train=1.7s sps=0
[t= 232.4s] greedy ep123 games=  96 dec= 18773 rows= 17922 horizon=0.27 nodecap=0 over=0 exact=0 drop=0 cfgs= 27.1 L=0.01502 P=nan old=0.01747 new=0.01227 tgt=-0.018/0.516 pstd=0.418 capv=0.040 lr=1.0e-03 gen=0.1s conv=0.0s add=0.1s train=1.7s sps=0
[t= 234.3s] greedy ep124 games=  96 dec= 18792 rows= 17985 horizon=0.31 nodecap=0 over=0 exact=0 drop=0 cfgs= 28.7 L=0.01494 P=nan old=0.01824 new=0.01050 tgt=-0.053/0.492 pstd=0.429 capv=0.040 lr=1.0e-03 gen=0.1s conv=0.0s add=0.1s train=1.7s sps=0
[t= 236.1s] greedy ep125 games=  96 dec= 18881 rows= 18013 horizon=0.27 nodecap=0 over=0 exact=0 drop=0 cfgs= 26.8 L=0.01459 P=nan old=0.01723 new=0.00884 tgt=-0.011/0.486 pstd=0.408 capv=0.040 lr=1.0e-03 gen=0.1s conv=0.0s add=0.1s train=1.7s sps=0
[t= 238.0s] greedy ep126 games=  96 dec= 19520 rows= 18707 horizon=0.34 nodecap=0 over=0 exact=0 drop=0 cfgs= 27.0 L=0.01485 P=nan old=0.01558 new=0.00939 tgt=-0.016/0.480 pstd=0.405 capv=0.040 lr=1.0e-03 gen=0.1s conv=0.0s add=0.1s train=1.7s sps=0
[t= 239.7s] greedy ep127 games=  96 dec= 17220 rows= 16519 horizon=0.18 nodecap=0 over=0 exact=0 drop=0 cfgs= 30.1 L=0.01552 P=nan old=0.01720 new=0.01252 tgt=-0.010/0.537 pstd=0.398 capv=0.040 lr=1.0e-03 gen=0.1s conv=0.0s add=0.1s train=1.6s sps=0
[t= 241.6s] greedy ep128 games=  96 dec= 19220 rows= 18541 horizon=0.38 nodecap=0 over=0 exact=0 drop=0 cfgs= 25.2 L=0.01462 P=nan old=0.01547 new=0.01044 tgt=-0.043/0.470 pstd=0.400 capv=0.040 lr=1.0e-03 gen=0.1s conv=0.0s add=0.1s train=1.7s sps=0
[t= 243.5s] greedy ep129 games=  96 dec= 18267 rows= 17549 horizon=0.30 nodecap=0 over=0 exact=0 drop=0 cfgs= 26.8 L=0.01424 P=nan old=0.01580 new=0.01109 tgt=-0.018/0.469 pstd=0.404 capv=0.040 lr=1.0e-03 gen=0.1s conv=0.0s add=0.1s train=1.7s sps=0
[t= 245.3s] greedy ep130 games=  96 dec= 18111 rows= 17341 horizon=0.27 nodecap=0 over=0 exact=0 drop=0 cfgs= 28.1 L=0.01422 P=nan old=0.01475 new=0.01140 tgt=-0.048/0.487 pstd=0.391 capv=0.040 lr=1.0e-03 gen=0.1s conv=0.0s add=0.1s train=1.7s sps=0
[t= 247.1s] greedy ep131 games=  96 dec= 17369 rows= 16572 horizon=0.18 nodecap=0 over=0 exact=0 drop=0 cfgs= 28.7 L=0.01442 P=nan old=0.01632 new=0.00972 tgt=-0.047/0.529 pstd=0.381 capv=0.040 lr=1.0e-03 gen=0.1s conv=0.0s add=0.1s train=1.6s sps=0
[t= 249.3s] greedy ep132 games=  96 dec= 18942 rows= 18118 horizon=0.28 nodecap=0 over=0 exact=0 drop=0 cfgs= 25.9 L=0.01451 P=nan old=0.01477 new=0.01029 tgt=-0.025/0.490 pstd=0.378 capv=0.040 lr=1.0e-03 gen=0.1s conv=0.0s add=0.1s train=2.0s sps=0
[t= 251.5s] greedy ep133 games=  96 dec= 18303 rows= 17559 horizon=0.31 nodecap=0 over=0 exact=0 drop=0 cfgs= 28.8 L=0.01453 P=nan old=0.01516 new=0.01045 tgt=-0.065/0.522 pstd=0.401 capv=0.040 lr=1.0e-03 gen=0.1s conv=0.0s add=0.1s train=2.0s sps=0
[t= 253.5s] greedy ep134 games=  96 dec= 17224 rows= 16483 horizon=0.23 nodecap=0 over=0 exact=0 drop=0 cfgs= 27.3 L=0.01388 P=nan old=0.01430 new=0.00919 tgt=-0.008/0.505 pstd=0.391 capv=0.040 lr=1.0e-03 gen=0.1s conv=0.0s add=0.1s train=1.8s sps=0
[t= 255.6s] greedy ep135 games=  96 dec= 17667 rows= 16876 horizon=0.20 nodecap=0 over=0 exact=0 drop=0 cfgs= 28.8 L=0.01417 P=nan old=0.01376 new=0.00936 tgt=-0.045/0.534 pstd=0.378 capv=0.040 lr=1.0e-03 gen=0.1s conv=0.0s add=0.1s train=1.9s sps=0
[t= 257.6s] greedy ep136 games=  96 dec= 17728 rows= 16967 horizon=0.21 nodecap=0 over=0 exact=0 drop=0 cfgs= 30.7 L=0.01464 P=nan old=0.01598 new=0.01070 tgt=-0.055/0.531 pstd=0.401 capv=0.040 lr=1.0e-03 gen=0.1s conv=0.0s add=0.1s train=1.8s sps=0
[t= 259.5s] greedy ep137 games=  96 dec= 18877 rows= 18184 horizon=0.33 nodecap=0 over=0 exact=0 drop=0 cfgs= 25.5 L=0.01351 P=nan old=0.01447 new=0.00977 tgt=-0.049/0.496 pstd=0.389 capv=0.040 lr=1.0e-03 gen=0.1s conv=0.0s add=0.1s train=1.7s sps=0
[t= 261.3s] greedy ep138 games=  96 dec= 18602 rows= 17715 horizon=0.25 nodecap=0 over=0 exact=0 drop=0 cfgs= 29.2 L=0.01348 P=nan old=0.01510 new=0.00999 tgt=-0.009/0.503 pstd=0.385 capv=0.040 lr=1.0e-03 gen=0.1s conv=0.0s add=0.1s train=1.6s sps=0
[t= 263.2s] greedy ep139 games=  96 dec= 19305 rows= 18517 horizon=0.35 nodecap=0 over=0 exact=0 drop=0 cfgs= 26.5 L=0.01342 P=nan old=0.01389 new=0.00914 tgt=-0.025/0.475 pstd=0.384 capv=0.040 lr=1.0e-03 gen=0.1s conv=0.0s add=0.1s train=1.7s sps=0
[t= 265.0s] greedy ep140 games=  96 dec= 18226 rows= 17475 horizon=0.29 nodecap=0 over=0 exact=0 drop=0 cfgs= 27.6 L=0.01291 P=nan old=0.01591 new=0.00983 tgt=-0.066/0.504 pstd=0.384 capv=0.040 lr=1.0e-03 gen=0.1s conv=0.0s add=0.1s train=1.6s sps=0
[t= 266.8s] greedy ep141 games=  96 dec= 19035 rows= 18235 horizon=0.30 nodecap=0 over=0 exact=0 drop=0 cfgs= 26.1 L=0.01354 P=nan old=0.01369 new=0.00902 tgt=-0.002/0.470 pstd=0.396 capv=0.040 lr=1.0e-03 gen=0.1s conv=0.0s add=0.1s train=1.6s sps=0
[t= 268.6s] greedy ep142 games=  96 dec= 18470 rows= 17713 horizon=0.26 nodecap=0 over=0 exact=0 drop=0 cfgs= 26.3 L=0.01336 P=nan old=0.01348 new=0.00928 tgt=-0.063/0.516 pstd=0.404 capv=0.040 lr=1.0e-03 gen=0.1s conv=0.0s add=0.1s train=1.7s sps=0
[t= 270.5s] greedy ep143 games=  96 dec= 18596 rows= 17790 horizon=0.27 nodecap=0 over=0 exact=0 drop=0 cfgs= 25.5 L=0.01326 P=nan old=0.01404 new=0.00980 tgt=-0.021/0.508 pstd=0.398 capv=0.040 lr=1.0e-03 gen=0.1s conv=0.0s add=0.1s train=1.7s sps=0
[t= 272.4s] greedy ep144 games=  96 dec= 18889 rows= 18076 horizon=0.32 nodecap=0 over=0 exact=0 drop=0 cfgs= 28.6 L=0.01324 P=nan old=0.01263 new=0.01063 tgt=-0.053/0.496 pstd=0.398 capv=0.040 lr=1.0e-03 gen=0.1s conv=0.0s add=0.1s train=1.7s sps=0
[t= 274.1s] greedy ep145 games=  96 dec= 17677 rows= 16862 horizon=0.23 nodecap=0 over=0 exact=0 drop=0 cfgs= 29.6 L=0.01306 P=nan old=0.01313 new=0.00867 tgt=-0.032/0.506 pstd=0.406 capv=0.040 lr=1.0e-03 gen=0.1s conv=0.0s add=0.1s train=1.6s sps=0
[t= 276.0s] greedy ep146 games=  96 dec= 18448 rows= 17699 horizon=0.30 nodecap=0 over=0 exact=0 drop=0 cfgs= 26.6 L=0.01342 P=nan old=0.01210 new=0.00888 tgt=-0.013/0.485 pstd=0.381 capv=0.040 lr=1.0e-03 gen=0.1s conv=0.0s add=0.1s train=1.7s sps=0
[t= 277.7s] greedy ep147 games=  96 dec= 17426 rows= 16673 horizon=0.22 nodecap=0 over=0 exact=0 drop=0 cfgs= 29.1 L=0.01314 P=nan old=0.01311 new=0.00867 tgt=-0.043/0.511 pstd=0.399 capv=0.040 lr=1.0e-03 gen=0.1s conv=0.0s add=0.1s train=1.6s sps=0
[t= 279.6s] greedy ep148 games=  96 dec= 18915 rows= 18108 horizon=0.28 nodecap=0 over=0 exact=0 drop=0 cfgs= 25.8 L=0.01333 P=nan old=0.01431 new=0.00892 tgt=-0.035/0.534 pstd=0.382 capv=0.040 lr=1.0e-03 gen=0.1s conv=0.0s add=0.1s train=1.7s sps=0
[t= 281.4s] greedy ep149 games=  96 dec= 18639 rows= 17753 horizon=0.28 nodecap=0 over=0 exact=0 drop=0 cfgs= 26.8 L=0.01288 P=nan old=0.01321 new=0.00804 tgt=-0.005/0.479 pstd=0.378 capv=0.040 lr=1.0e-03 gen=0.1s conv=0.0s add=0.1s train=1.6s sps=0
[t= 283.3s] greedy ep150 games=  96 dec= 18776 rows= 18003 horizon=0.31 nodecap=0 over=0 exact=0 drop=0 cfgs= 27.7 L=0.01267 P=nan old=0.01446 new=0.00909 tgt=-0.036/0.491 pstd=0.374 capv=0.040 lr=1.0e-03 gen=0.1s conv=0.0s add=0.1s train=1.7s sps=0
[t= 285.2s] greedy ep151 games=  96 dec= 19367 rows= 18525 horizon=0.35 nodecap=0 over=0 exact=0 drop=0 cfgs= 26.8 L=0.01261 P=nan old=0.01434 new=0.01002 tgt=-0.055/0.486 pstd=0.366 capv=0.040 lr=1.0e-03 gen=0.1s conv=0.0s add=0.1s train=1.7s sps=0
[t= 287.1s] greedy ep152 games=  96 dec= 18370 rows= 17585 horizon=0.28 nodecap=0 over=0 exact=0 drop=0 cfgs= 27.0 L=0.01259 P=nan old=0.01314 new=0.00842 tgt=-0.042/0.519 pstd=0.380 capv=0.040 lr=1.0e-03 gen=0.1s conv=0.0s add=0.1s train=1.7s sps=0
[t= 289.2s] greedy ep153 games=  96 dec= 19458 rows= 18558 horizon=0.38 nodecap=0 over=0 exact=0 drop=0 cfgs= 26.1 L=0.01186 P=nan old=0.01235 new=0.00798 tgt=-0.021/0.493 pstd=0.371 capv=0.040 lr=1.0e-03 gen=0.1s conv=0.0s add=0.1s train=2.0s sps=0
[t= 291.4s] greedy ep154 games=  96 dec= 18177 rows= 17428 horizon=0.26 nodecap=0 over=0 exact=0 drop=0 cfgs= 27.6 L=0.01195 P=nan old=0.01275 new=0.00764 tgt=-0.029/0.515 pstd=0.365 capv=0.040 lr=1.0e-03 gen=0.1s conv=0.0s add=0.1s train=1.9s sps=0
[t= 293.5s] greedy ep155 games=  96 dec= 18096 rows= 17273 horizon=0.25 nodecap=0 over=0 exact=0 drop=0 cfgs= 27.5 L=0.01219 P=nan old=0.01178 new=0.00916 tgt=+0.008/0.500 pstd=0.349 capv=0.040 lr=1.0e-03 gen=0.1s conv=0.0s add=0.1s train=1.9s sps=0
[t= 295.5s] greedy ep156 games=  96 dec= 17280 rows= 16532 horizon=0.21 nodecap=0 over=0 exact=0 drop=0 cfgs= 27.2 L=0.01281 P=nan old=0.01344 new=0.01036 tgt=-0.013/0.519 pstd=0.373 capv=0.040 lr=1.0e-03 gen=0.1s conv=0.0s add=0.1s train=1.8s sps=0
[t= 297.3s] greedy ep157 games=  96 dec= 18516 rows= 17728 horizon=0.27 nodecap=0 over=0 exact=0 drop=0 cfgs= 28.6 L=0.01258 P=nan old=0.01242 new=0.00743 tgt=-0.034/0.505 pstd=0.370 capv=0.040 lr=1.0e-03 gen=0.1s conv=0.0s add=0.1s train=1.6s sps=0
[t= 299.2s] greedy ep158 games=  96 dec= 18809 rows= 18049 horizon=0.29 nodecap=0 over=0 exact=0 drop=0 cfgs= 27.2 L=0.01235 P=nan old=0.01260 new=0.00767 tgt=-0.057/0.504 pstd=0.377 capv=0.040 lr=1.0e-03 gen=0.1s conv=0.0s add=0.1s train=1.7s sps=0
[t= 301.0s] greedy ep159 games=  96 dec= 18025 rows= 17288 horizon=0.26 nodecap=0 over=0 exact=0 drop=0 cfgs= 27.3 L=0.01169 P=nan old=0.01274 new=0.00783 tgt=-0.048/0.530 pstd=0.367 capv=0.040 lr=1.0e-03 gen=0.1s conv=0.0s add=0.1s train=1.6s sps=0
[t= 301.0s] --- snapshot snap_00.pt (init) ---
[t= 301.0s] --- switching to ReBeL ---
[t= 311.0s] rebel stream solves=13312 raw=1329/s balanced=1329/s debt=0 rows steps=52 over=0 drop=0 L=0.02705 tgt=-0.001/0.238 cfg/b=40016 prep=1.47s gpu=0.00s conv=0.01s add=0.40s train=5.02s
[t= 321.2s] rebel stream solves=28672 raw=1417/s balanced=1417/s debt=0 rows steps=112 over=0 drop=0 L=0.00660 tgt=+0.006/0.185 cfg/b=69219 prep=1.01s gpu=0.00s conv=0.03s add=1.16s train=5.33s
[t= 331.6s] rebel stream solves=47104 raw=1541/s balanced=1541/s debt=0 rows steps=184 over=2 drop=0 L=0.00358 tgt=+0.009/0.185 cfg/b=31984 prep=2.34s gpu=0.00s conv=0.01s add=0.38s train=6.75s
[t= 341.6s] rebel stream solves=57344 raw=1413/s balanced=1413/s debt=0 rows steps=224 over=2 drop=0 L=0.00276 tgt=+0.010/0.190 cfg/b=31029 prep=1.02s gpu=0.00s conv=0.00s add=0.33s train=6.25s
[t= 352.1s] rebel stream solves=69632 raw=1362/s balanced=1362/s debt=0 rows steps=272 over=3 drop=0 L=0.00252 tgt=+0.003/0.202 cfg/b=31747 prep=2.51s gpu=0.00s conv=0.01s add=0.45s train=8.83s
[t= 362.9s] rebel stream solves=81920 raw=1323/s balanced=1323/s debt=0 rows steps=320 over=11 drop=0 L=0.00236 tgt=+0.011/0.207 cfg/b=25822 prep=3.08s gpu=0.00s conv=0.01s add=0.28s train=8.22s
[t= 373.3s] rebel stream solves=91136 raw=1261/s balanced=1261/s debt=0 rows steps=356 over=21 drop=0 L=0.00224 tgt=+0.004/0.220 cfg/b=22743 prep=1.76s gpu=0.00s conv=0.00s add=0.22s train=7.17s
[t= 383.3s] rebel stream solves=99328 raw=1207/s balanced=1207/s debt=0 rows steps=388 over=38 drop=0 L=0.00219 tgt=+0.007/0.226 cfg/b=21460 prep=1.65s gpu=0.00s conv=0.00s add=0.17s train=6.39s
[t= 394.0s] rebel stream solves=107520 raw=1156/s balanced=1156/s debt=0 rows steps=420 over=52 drop=0 L=0.00213 tgt=+0.007/0.235 cfg/b=20602 prep=2.68s gpu=0.00s conv=0.01s add=0.21s train=6.79s
[t= 404.1s] rebel stream solves=113664 raw=1103/s balanced=1103/s debt=0 rows steps=444 over=73 drop=0 L=0.00216 tgt=+0.017/0.244 cfg/b=19781 prep=1.40s gpu=0.00s conv=0.01s add=0.18s train=5.74s
[t= 414.6s] rebel stream solves=120832 raw=1064/s balanced=1064/s debt=0 rows steps=472 over=102 drop=0 L=0.00203 tgt=+0.033/0.251 cfg/b=19062 prep=2.79s gpu=0.00s conv=0.12s add=0.14s train=4.77s
[t= 425.3s] rebel stream solves=128000 raw=1030/s balanced=1030/s debt=0 rows steps=500 over=125 drop=0 L=0.00215 tgt=+0.035/0.263 cfg/b=18343 prep=1.39s gpu=0.00s conv=0.03s add=0.21s train=3.68s
[t= 435.5s] rebel stream solves=135168 raw=1005/s balanced=1005/s debt=0 rows steps=528 over=147 drop=0 L=0.00230 tgt=+0.035/0.269 cfg/b=17966 prep=0.61s gpu=0.00s conv=0.10s add=0.18s train=5.50s
[t= 445.5s] rebel stream solves=142336 raw=985/s balanced=985/s debt=0 rows steps=556 over=162 drop=0 L=0.00258 tgt=+0.026/0.277 cfg/b=17068 prep=2.09s gpu=0.00s conv=0.02s add=0.14s train=5.43s
[t= 455.5s] rebel stream solves=149504 raw=968/s balanced=968/s debt=0 rows steps=584 over=185 drop=0 L=0.00280 tgt=+0.043/0.278 cfg/b=16559 prep=1.64s gpu=0.00s conv=0.07s add=0.20s train=5.13s
[t= 465.5s] rebel stream solves=156672 raw=952/s balanced=952/s debt=0 rows steps=612 over=199 drop=0 L=0.00312 tgt=+0.060/0.278 cfg/b=16078 prep=1.72s gpu=0.00s conv=0.00s add=0.27s train=5.11s
[t= 475.8s] rebel stream solves=163840 raw=937/s balanced=937/s debt=0 rows steps=640 over=222 drop=0 L=0.00345 tgt=+0.082/0.292 cfg/b=16053 prep=1.36s gpu=0.00s conv=0.05s add=0.19s train=5.51s
[t= 486.0s] rebel stream solves=171008 raw=924/s balanced=924/s debt=0 rows steps=668 over=243 drop=0 L=0.00393 tgt=+0.094/0.301 cfg/b=15717 prep=1.37s gpu=0.00s conv=0.02s add=0.15s train=4.17s
[t= 496.0s] rebel stream solves=178176 raw=914/s balanced=914/s debt=0 rows steps=696 over=269 drop=0 L=0.00427 tgt=+0.082/0.294 cfg/b=15384 prep=1.59s gpu=0.00s conv=0.00s add=0.15s train=5.46s
[t= 506.0s] rebel stream solves=186368 raw=909/s balanced=909/s debt=0 rows steps=728 over=283 drop=0 L=0.00458 tgt=+0.070/0.284 cfg/b=15526 prep=0.98s gpu=0.00s conv=0.10s add=0.18s train=6.19s
[t= 516.3s] rebel stream solves=194560 raw=904/s balanced=904/s debt=0 rows steps=760 over=301 drop=0 L=0.00523 tgt=+0.068/0.287 cfg/b=15338 prep=1.15s gpu=0.00s conv=0.04s add=0.16s train=5.85s
[t= 526.3s] rebel stream solves=202752 raw=900/s balanced=900/s debt=0 rows steps=792 over=311 drop=0 L=0.00564 tgt=+0.065/0.280 cfg/b=15154 prep=0.89s gpu=0.00s conv=0.03s add=0.21s train=4.08s
[t= 536.8s] rebel stream solves=210944 raw=895/s balanced=895/s debt=0 rows steps=824 over=327 drop=0 L=0.00610 tgt=+0.064/0.272 cfg/b=15510 prep=1.93s gpu=0.00s conv=0.00s add=0.35s train=5.12s
[t= 546.8s] rebel stream solves=220160 raw=896/s balanced=896/s debt=0 rows steps=860 over=348 drop=0 L=0.00646 tgt=+0.069/0.273 cfg/b=15579 prep=2.22s gpu=0.00s conv=0.00s add=0.31s train=6.46s
[t= 557.3s] rebel stream solves=230400 raw=899/s balanced=899/s debt=0 rows steps=900 over=363 drop=0 L=0.00698 tgt=+0.058/0.267 cfg/b=15809 prep=1.52s gpu=0.00s conv=0.07s add=0.31s train=6.71s
[t= 567.5s] rebel stream solves=240640 raw=903/s balanced=903/s debt=0 rows steps=940 over=379 drop=0 L=0.00716 tgt=+0.043/0.277 cfg/b=15843 prep=1.58s gpu=0.00s conv=0.01s add=0.26s train=6.34s
[t= 577.6s] rebel stream solves=250880 raw=907/s balanced=907/s debt=0 rows steps=980 over=396 drop=0 L=0.00740 tgt=+0.038/0.269 cfg/b=16301 prep=2.50s gpu=0.00s conv=0.00s add=0.34s train=6.71s
[t= 587.6s] rebel stream solves=261120 raw=911/s balanced=911/s debt=0 rows steps=1020 over=409 drop=0 L=0.00800 tgt=+0.032/0.251 cfg/b=16685 prep=1.68s gpu=0.00s conv=0.00s add=0.34s train=6.85s
[t= 597.6s] rebel stream solves=271360 raw=915/s balanced=915/s debt=0 rows steps=1060 over=420 drop=0 L=0.00786 tgt=+0.026/0.238 cfg/b=16216 prep=1.81s gpu=0.00s conv=0.00s add=0.32s train=5.88s
[t= 608.0s] rebel stream solves=281600 raw=917/s balanced=917/s debt=0 rows steps=1100 over=433 drop=0 L=0.00867 tgt=+0.025/0.235 cfg/b=15269 prep=1.75s gpu=0.00s conv=0.01s add=0.31s train=6.33s
[t= 618.1s] rebel stream solves=290816 raw=917/s balanced=917/s debt=0 rows steps=1136 over=447 drop=0 L=0.00874 tgt=+0.018/0.227 cfg/b=15795 prep=2.16s gpu=0.00s conv=0.03s add=0.30s train=5.70s
[t= 628.1s] rebel stream solves=300032 raw=917/s balanced=917/s debt=0 rows steps=1172 over=457 drop=0 L=0.00812 tgt=+0.013/0.230 cfg/b=16001 prep=2.06s gpu=0.00s conv=0.01s add=0.28s train=5.60s
[t= 638.2s] rebel stream solves=310272 raw=920/s balanced=920/s debt=0 rows steps=1212 over=464 drop=0 L=0.00843 tgt=+0.014/0.228 cfg/b=16579 prep=1.48s gpu=0.00s conv=0.01s add=0.35s train=6.33s
[t= 648.2s] rebel stream solves=319488 raw=920/s balanced=920/s debt=0 rows steps=1248 over=473 drop=0 L=0.00809 tgt=+0.021/0.225 cfg/b=16652 prep=1.32s gpu=0.00s conv=0.00s add=0.29s train=6.97s
[t= 658.2s] rebel stream solves=328704 raw=920/s balanced=920/s debt=0 rows steps=1284 over=480 drop=0 L=0.00824 tgt=+0.019/0.227 cfg/b=17090 prep=1.78s gpu=0.00s conv=0.01s add=0.34s train=5.88s
[t= 661.1s] --- snapshot snap_01.pt (s1) ---
[t= 668.2s] rebel stream solves=337920 raw=920/s balanced=920/s debt=0 rows steps=1320 over=489 drop=0 L=0.00828 tgt=+0.012/0.232 cfg/b=17766 prep=3.31s gpu=0.00s conv=0.01s add=0.37s train=6.60s
[t= 678.3s] rebel stream solves=346112 raw=917/s balanced=917/s debt=0 rows steps=1352 over=502 drop=0 L=0.00810 tgt=+0.016/0.225 cfg/b=17917 prep=1.58s gpu=0.00s conv=0.13s add=0.26s train=6.57s
[t= 688.4s] rebel stream solves=354304 raw=914/s balanced=914/s debt=0 rows steps=1384 over=514 drop=0 L=0.00815 tgt=+0.013/0.227 cfg/b=18369 prep=2.18s gpu=0.00s conv=0.01s add=0.32s train=6.28s
[t= 698.4s] rebel stream solves=360448 raw=907/s balanced=907/s debt=0 rows steps=1408 over=525 drop=0 L=0.00755 tgt=+0.002/0.233 cfg/b=19011 prep=1.46s gpu=0.00s conv=0.00s add=0.30s train=3.81s
[t= 708.7s] rebel stream solves=367616 raw=902/s balanced=902/s debt=0 rows steps=1436 over=546 drop=0 L=0.00858 tgt=+0.001/0.237 cfg/b=19227 prep=0.75s gpu=0.00s conv=0.00s add=0.26s train=4.12s
[t= 719.3s] rebel stream solves=373760 raw=893/s balanced=893/s debt=0 rows steps=1460 over=561 drop=0 L=0.00791 tgt=+0.002/0.237 cfg/b=19635 prep=1.27s gpu=0.00s conv=0.05s add=0.23s train=4.01s
[t= 729.5s] rebel stream solves=380928 raw=889/s balanced=889/s debt=0 rows steps=1488 over=571 drop=0 L=0.00809 tgt=+0.001/0.233 cfg/b=20059 prep=1.19s gpu=0.00s conv=0.00s add=0.32s train=3.83s
[t= 739.5s] rebel stream solves=387072 raw=883/s balanced=883/s debt=0 rows steps=1512 over=581 drop=0 L=0.00798 tgt=-0.002/0.239 cfg/b=20373 prep=0.91s gpu=0.00s conv=0.01s add=0.22s train=3.99s
[t= 749.6s] rebel stream solves=394240 raw=879/s balanced=879/s debt=0 rows steps=1540 over=590 drop=0 L=0.00800 tgt=-0.001/0.240 cfg/b=20864 prep=1.52s gpu=0.00s conv=0.03s add=0.28s train=4.00s
[t= 760.1s] rebel stream solves=401408 raw=874/s balanced=874/s debt=0 rows steps=1568 over=600 drop=0 L=0.00790 tgt=-0.003/0.242 cfg/b=21308 prep=0.97s gpu=0.00s conv=0.00s add=0.29s train=3.59s
[t= 770.4s] rebel stream solves=408576 raw=870/s balanced=870/s debt=0 rows steps=1596 over=608 drop=0 L=0.00837 tgt=-0.004/0.241 cfg/b=21557 prep=0.95s gpu=0.00s conv=0.00s add=0.29s train=3.64s
[t= 780.4s] rebel stream solves=414720 raw=865/s balanced=865/s debt=0 rows steps=1620 over=619 drop=0 L=0.00843 tgt=-0.020/0.258 cfg/b=22444 prep=1.52s gpu=0.00s conv=0.00s add=0.40s train=3.67s
[t= 790.8s] rebel stream solves=421888 raw=861/s balanced=861/s debt=0 rows steps=1648 over=639 drop=0 L=0.00853 tgt=-0.015/0.249 cfg/b=22964 prep=1.06s gpu=0.00s conv=0.01s add=0.21s train=5.11s
[t= 796.0s] --- lr -> 5.00e-04 ---
[t= 800.9s] rebel stream solves=428032 raw=856/s balanced=856/s debt=0 rows steps=1672 over=654 drop=0 L=0.00835 tgt=-0.014/0.250 cfg/b=22695 prep=1.42s gpu=0.00s conv=0.02s add=0.26s train=2.77s
[t= 810.9s] rebel stream solves=435200 raw=854/s balanced=854/s debt=0 rows steps=1700 over=663 drop=0 L=0.00865 tgt=-0.007/0.250 cfg/b=23360 prep=1.28s gpu=0.00s conv=0.00s add=0.33s train=5.17s
[t= 820.9s] rebel stream solves=443392 raw=853/s balanced=853/s debt=0 rows steps=1732 over=670 drop=0 L=0.00843 tgt=-0.012/0.255 cfg/b=23725 prep=1.98s gpu=0.00s conv=0.00s add=0.31s train=4.93s
[t= 831.0s] rebel stream solves=450560 raw=850/s balanced=850/s debt=0 rows steps=1760 over=676 drop=0 L=0.00866 tgt=-0.018/0.261 cfg/b=24610 prep=1.31s gpu=0.00s conv=0.00s add=0.48s train=5.25s
[t= 842.0s] rebel stream solves=458752 raw=848/s balanced=848/s debt=0 rows steps=1792 over=685 drop=0 L=0.00883 tgt=-0.020/0.251 cfg/b=25110 prep=1.15s gpu=0.00s conv=0.09s add=0.36s train=5.85s
[t= 852.0s] rebel stream solves=465920 raw=846/s balanced=846/s debt=0 rows steps=1820 over=697 drop=0 L=0.00823 tgt=-0.017/0.250 cfg/b=25425 prep=1.87s gpu=0.00s conv=0.00s add=0.36s train=4.34s
[t= 862.3s] rebel stream solves=473088 raw=843/s balanced=843/s debt=0 rows steps=1848 over=710 drop=0 L=0.00855 tgt=-0.018/0.257 cfg/b=25966 prep=1.46s gpu=0.00s conv=0.06s add=0.32s train=5.40s
[t= 872.7s] rebel stream solves=481280 raw=842/s balanced=842/s debt=0 rows steps=1880 over=722 drop=0 L=0.00831 tgt=-0.021/0.258 cfg/b=26532 prep=1.48s gpu=0.00s conv=0.04s add=0.38s train=5.39s
[t= 882.8s] rebel stream solves=488448 raw=840/s balanced=840/s debt=0 rows steps=1908 over=734 drop=0 L=0.00873 tgt=-0.021/0.260 cfg/b=27300 prep=1.19s gpu=0.00s conv=0.00s add=0.34s train=3.94s
[t= 892.8s] rebel stream solves=495616 raw=837/s balanced=837/s debt=0 rows steps=1936 over=744 drop=0 L=0.00822 tgt=-0.006/0.239 cfg/b=27925 prep=2.46s gpu=0.00s conv=0.00s add=0.35s train=5.42s
[t= 902.9s] rebel stream solves=502784 raw=835/s balanced=835/s debt=0 rows steps=1964 over=754 drop=0 L=0.00854 tgt=-0.016/0.251 cfg/b=27806 prep=2.62s gpu=0.00s conv=0.00s add=0.35s train=5.48s
[t= 912.9s] rebel stream solves=509952 raw=833/s balanced=833/s debt=0 rows steps=1992 over=759 drop=0 L=0.00843 tgt=-0.014/0.260 cfg/b=28722 prep=1.08s gpu=0.00s conv=0.00s add=0.43s train=4.18s
[t= 924.2s] rebel stream solves=518144 raw=831/s balanced=831/s debt=0 rows steps=2024 over=770 drop=0 L=0.00877 tgt=-0.007/0.252 cfg/b=28801 prep=2.69s gpu=0.00s conv=0.01s add=0.41s train=5.83s
[t= 934.2s] rebel stream solves=525312 raw=830/s balanced=830/s debt=0 rows steps=2052 over=777 drop=0 L=0.00889 tgt=-0.002/0.251 cfg/b=29275 prep=1.94s gpu=0.00s conv=0.00s add=0.34s train=6.29s
[t= 944.5s] rebel stream solves=533504 raw=829/s balanced=829/s debt=0 rows steps=2084 over=785 drop=0 L=0.00833 tgt=-0.005/0.245 cfg/b=29129 prep=1.89s gpu=0.00s conv=0.01s add=0.37s train=5.40s
[t= 954.5s] rebel stream solves=539648 raw=826/s balanced=826/s debt=0 rows steps=2108 over=798 drop=0 L=0.00832 tgt=-0.014/0.244 cfg/b=30305 prep=1.98s gpu=0.00s conv=0.01s add=0.35s train=4.64s
[t= 964.5s] rebel stream solves=546816 raw=824/s balanced=824/s debt=0 rows steps=2136 over=805 drop=0 L=0.00881 tgt=-0.009/0.249 cfg/b=30389 prep=1.01s gpu=0.00s conv=0.01s add=0.38s train=3.40s
[t= 975.0s] rebel stream solves=552960 raw=820/s balanced=820/s debt=0 rows steps=2160 over=813 drop=0 L=0.00822 tgt=-0.009/0.239 cfg/b=32113 prep=2.28s gpu=0.00s conv=0.01s add=0.34s train=4.59s
[t= 985.3s] rebel stream solves=559104 raw=817/s balanced=817/s debt=0 rows steps=2184 over=824 drop=0 L=0.00881 tgt=-0.014/0.240 cfg/b=32151 prep=1.78s gpu=0.00s conv=0.01s add=0.34s train=4.21s
Traceback (most recent call last):
  File "/workspace/warchest-v5/train/train.py", line 1216, in <module>
    main()
  File "/workspace/warchest-v5/train/train.py", line 1002, in main
    run_gpu_stream()
  File "/workspace/warchest-v5/train/train.py", line 855, in run_gpu_stream
    data = gen.next(timeout=0.05)
           ^^^^^^^^^^^^^^^^^^^^^^
RuntimeError: GPU stream solve failed: wave arena allocation (2147483648 elements): DriverError(CUDA_ERROR_OUT_OF_MEMORY, "out of memory")
