[train] runs/v6_c96_d1_30m at ea3238e+dirty seed=216 {'note': 'production-v6-c96-depth1-30m', 'minutes': 30.0, 'warm_minutes': 6.0, 'snapshot_every': 15.0, 'depth': 1, 'iters': 64, 'cfr': 'dcfr', 'ladder_games': 200, 'gpu_drain_seconds': 5.0, 'seed': 216}
[train] production-v6-c96-depth1-30m
[cpu] pinned to 36 physical cores
[train] CUDA stream priority -1
[gpu] solve services up on [0, 1]
[cfg] PUBFEAT=897 CFEAT=15 architecture=v6 depth=1 iters=64 budget=1800s warm=360s snapshot_every=15min device=cuda:1 draft=random train_gen_ratio=4.0 recent_mix=0.5/0.2 canonical_views=2 cap=2000000 aux_weight=0.15 matmul=high
[t=   1.6s] greedy ep  0 games=  96 dec= 18342 rows= 17608 horizon=0.29 L=2.66555 L/var=15.27 tgt=-0.079/0.418 pstd=0.314 aux=0.9968/0.473 gen=0.1s train=1.4s
[t=   2.7s] greedy ep  1 games=  96 dec= 18396 rows= 17677 horizon=0.27 L=0.47055 L/var=3.00 tgt=-0.066/0.396 pstd=0.056 aux=0.8951/0.639 gen=0.1s train=0.9s
[t=   3.9s] greedy ep  2 games=  96 dec= 18377 rows= 17583 horizon=0.26 L=0.33288 L/var=1.92 tgt=-0.078/0.417 pstd=0.089 aux=0.7957/0.722 gen=0.1s train=1.0s
[t=   5.2s] greedy ep  3 games=  96 dec= 18947 rows= 18171 horizon=0.32 L=0.29888 L/var=1.96 tgt=-0.057/0.391 pstd=0.093 aux=0.6952/0.733 gen=0.1s train=1.0s
[t=   6.4s] greedy ep  4 games=  96 dec= 18547 rows= 17732 horizon=0.30 L=0.28025 L/var=1.57 tgt=-0.112/0.422 pstd=0.083 aux=0.7232/0.689 gen=0.1s train=1.0s
[t=   7.6s] greedy ep  5 games=  96 dec= 18901 rows= 18097 horizon=0.34 L=0.26939 L/var=1.61 tgt=-0.082/0.409 pstd=0.072 aux=0.7171/0.685 gen=0.1s train=1.0s
[t=   8.8s] greedy ep  6 games=  96 dec= 18387 rows= 17547 horizon=0.30 L=0.23683 L/var=1.51 tgt=-0.076/0.396 pstd=0.075 aux=0.6212/0.736 gen=0.1s train=1.0s
[t=  10.1s] greedy ep  7 games=  96 dec= 18528 rows= 17793 horizon=0.27 L=0.23102 L/var=1.39 tgt=-0.088/0.408 pstd=0.095 aux=0.6206/0.734 gen=0.1s train=1.0s
[t=  11.3s] greedy ep  8 games=  96 dec= 18394 rows= 17655 horizon=0.29 L=0.22657 L/var=1.25 tgt=-0.092/0.425 pstd=0.087 aux=0.5948/0.753 gen=0.1s train=1.0s
[t=  12.5s] greedy ep  9 games=  96 dec= 17563 rows= 16745 horizon=0.21 L=0.23107 L/var=1.26 tgt=-0.120/0.429 pstd=0.109 aux=0.6273/0.737 gen=0.1s train=0.9s
[t=  13.7s] greedy ep 10 games=  96 dec= 18069 rows= 17384 horizon=0.29 L=0.30591 L/var=1.74 tgt=-0.085/0.419 pstd=0.124 aux=0.6108/0.749 gen=0.1s train=1.0s
[t=  15.0s] greedy ep 11 games=  96 dec= 18176 rows= 17372 horizon=0.23 L=0.34527 L/var=2.41 tgt=-0.056/0.379 pstd=0.041 aux=0.5889/0.751 gen=0.1s train=1.0s
[t=  16.3s] greedy ep 12 games=  96 dec= 19741 rows= 18986 horizon=0.35 L=0.24911 L/var=1.57 tgt=-0.068/0.398 pstd=0.072 aux=0.5768/0.758 gen=0.1s train=1.1s
[t=  17.5s] greedy ep 13 games=  96 dec= 18238 rows= 17467 horizon=0.29 L=0.21888 L/var=1.21 tgt=-0.083/0.425 pstd=0.103 aux=0.5527/0.770 gen=0.1s train=1.0s
[t=  18.8s] greedy ep 14 games=  96 dec= 18696 rows= 17927 horizon=0.31 L=0.24016 L/var=1.46 tgt=-0.088/0.406 pstd=0.086 aux=0.5386/0.776 gen=0.1s train=1.0s
[t=  20.1s] greedy ep 15 games=  96 dec= 18933 rows= 18158 horizon=0.35 L=0.23087 L/var=1.43 tgt=-0.095/0.402 pstd=0.140 aux=0.5338/0.779 gen=0.1s train=1.0s
[t=  21.4s] greedy ep 16 games=  96 dec= 18762 rows= 17955 horizon=0.32 L=0.24961 L/var=1.59 tgt=-0.079/0.396 pstd=0.087 aux=0.5228/0.783 gen=0.1s train=1.0s
[t=  22.6s] greedy ep 17 games=  96 dec= 18245 rows= 17407 horizon=0.27 L=0.24441 L/var=1.51 tgt=-0.104/0.402 pstd=0.092 aux=0.5552/0.764 gen=0.1s train=1.0s
[t=  23.8s] greedy ep 18 games=  96 dec= 18022 rows= 17241 horizon=0.26 L=0.23305 L/var=1.40 tgt=-0.092/0.408 pstd=0.110 aux=0.5189/0.784 gen=0.1s train=1.0s
[t=  25.0s] greedy ep 19 games=  96 dec= 18196 rows= 17360 horizon=0.22 L=0.21929 L/var=1.51 tgt=-0.064/0.381 pstd=0.135 aux=0.4970/0.797 gen=0.1s train=1.0s
[t=  26.3s] greedy ep 20 games=  96 dec= 18279 rows= 17498 horizon=0.29 L=0.20599 L/var=1.22 tgt=-0.105/0.412 pstd=0.152 aux=0.4838/0.803 gen=0.1s train=1.0s
[t=  27.5s] greedy ep 21 games=  96 dec= 18301 rows= 17570 horizon=0.27 L=0.20124 L/var=1.29 tgt=-0.064/0.395 pstd=0.148 aux=0.4872/0.800 gen=0.1s train=1.0s
[t=  28.7s] greedy ep 22 games=  96 dec= 18621 rows= 17801 horizon=0.28 L=0.20399 L/var=1.30 tgt=-0.060/0.397 pstd=0.157 aux=0.4864/0.799 gen=0.1s train=1.0s
[t=  30.0s] greedy ep 23 games=  96 dec= 18753 rows= 17971 horizon=0.31 L=0.20477 L/var=1.28 tgt=-0.082/0.400 pstd=0.176 aux=0.4985/0.793 gen=0.1s train=1.0s
[t=  31.2s] greedy ep 24 games=  96 dec= 18088 rows= 17373 horizon=0.27 L=0.29155 L/var=1.67 tgt=-0.089/0.418 pstd=0.042 aux=0.5532/0.766 gen=0.1s train=1.0s
[t=  32.5s] greedy ep 25 games=  96 dec= 18349 rows= 17726 horizon=0.30 L=0.27945 L/var=1.54 tgt=-0.113/0.426 pstd=0.069 aux=0.5868/0.751 gen=0.1s train=1.0s
[t=  33.7s] greedy ep 26 games=  96 dec= 18477 rows= 17641 horizon=0.29 L=0.22680 L/var=1.39 tgt=-0.083/0.404 pstd=0.115 aux=0.5250/0.790 gen=0.1s train=1.0s
[t=  34.9s] greedy ep 27 games=  96 dec= 18477 rows= 17659 horizon=0.27 L=0.21360 L/var=1.41 tgt=-0.083/0.390 pstd=0.151 aux=0.4960/0.797 gen=0.1s train=1.0s
[t=  36.1s] greedy ep 28 games=  96 dec= 17496 rows= 16729 horizon=0.25 L=0.20537 L/var=1.27 tgt=-0.073/0.402 pstd=0.168 aux=0.4933/0.794 gen=0.1s train=0.9s
[t=  37.4s] greedy ep 29 games=  96 dec= 19429 rows= 18607 horizon=0.35 L=0.21772 L/var=1.42 tgt=-0.056/0.391 pstd=0.088 aux=0.5081/0.787 gen=0.1s train=1.0s
[t=  38.6s] greedy ep 30 games=  96 dec= 18237 rows= 17408 horizon=0.26 L=0.25380 L/var=1.65 tgt=-0.061/0.393 pstd=0.104 aux=0.5158/0.784 gen=0.1s train=1.0s
[t=  39.9s] greedy ep 31 games=  96 dec= 18073 rows= 17303 horizon=0.25 L=0.21187 L/var=1.26 tgt=-0.083/0.410 pstd=0.148 aux=0.4953/0.794 gen=0.1s train=1.0s
[t=  41.1s] greedy ep 32 games=  96 dec= 18210 rows= 17484 horizon=0.31 L=0.19755 L/var=1.12 tgt=-0.096/0.420 pstd=0.177 aux=0.4874/0.799 gen=0.1s train=1.0s
[t=  42.3s] greedy ep 33 games=  96 dec= 17956 rows= 17191 horizon=0.22 L=0.21015 L/var=1.13 tgt=-0.080/0.431 pstd=0.144 aux=0.5072/0.786 gen=0.1s train=1.0s
[t=  43.6s] greedy ep 34 games=  96 dec= 18181 rows= 17435 horizon=0.27 L=0.20732 L/var=1.29 tgt=-0.075/0.401 pstd=0.148 aux=0.5276/0.777 gen=0.1s train=1.0s
[t=  44.8s] greedy ep 35 games=  96 dec= 18033 rows= 17209 horizon=0.25 L=0.21652 L/var=1.39 tgt=-0.077/0.395 pstd=0.129 aux=0.4904/0.800 gen=0.1s train=1.0s
[t=  46.1s] greedy ep 36 games=  96 dec= 18846 rows= 18065 horizon=0.30 L=0.20632 L/var=1.36 tgt=-0.049/0.389 pstd=0.155 aux=0.4866/0.799 gen=0.1s train=1.0s
[t=  47.4s] greedy ep 37 games=  96 dec= 18927 rows= 18102 horizon=0.32 L=0.19906 L/var=1.28 tgt=-0.089/0.394 pstd=0.155 aux=0.4819/0.800 gen=0.1s train=1.0s
[t=  48.6s] greedy ep 38 games=  96 dec= 18515 rows= 17716 horizon=0.28 L=0.19924 L/var=1.38 tgt=-0.049/0.381 pstd=0.164 aux=0.4823/0.799 gen=0.1s train=1.0s
[t=  49.8s] greedy ep 39 games=  96 dec= 17680 rows= 16853 horizon=0.21 L=0.19935 L/var=1.09 tgt=-0.081/0.429 pstd=0.168 aux=0.4805/0.799 gen=0.1s train=0.9s
[t=  51.0s] greedy ep 40 games=  96 dec= 17851 rows= 17124 horizon=0.28 L=0.19009 L/var=1.18 tgt=-0.087/0.402 pstd=0.211 aux=0.4884/0.797 gen=0.1s train=1.0s
[t=  52.1s] greedy ep 41 games=  96 dec= 18117 rows= 17374 horizon=0.31 L=0.18930 L/var=1.18 tgt=-0.093/0.401 pstd=0.332 aux=0.5023/0.791 gen=0.1s train=0.9s
[t=  53.2s] greedy ep 42 games=  96 dec= 18144 rows= 17387 horizon=0.25 L=0.17024 L/var=0.99 tgt=-0.078/0.415 pstd=0.371 aux=0.5096/0.790 gen=0.1s train=0.9s
[t=  54.3s] greedy ep 43 games=  96 dec= 19105 rows= 18300 horizon=0.29 L=0.23506 L/var=1.46 tgt=-0.057/0.401 pstd=0.087 aux=0.5027/0.796 gen=0.1s train=0.9s
[t=  55.4s] greedy ep 44 games=  96 dec= 18233 rows= 17345 horizon=0.24 L=0.20407 L/var=1.09 tgt=-0.091/0.433 pstd=0.269 aux=0.4904/0.798 gen=0.1s train=0.9s
[t=  56.7s] greedy ep 45 games=  96 dec= 19501 rows= 18734 horizon=0.35 L=0.17789 L/var=1.00 tgt=-0.082/0.423 pstd=0.267 aux=0.4936/0.795 gen=0.1s train=1.1s
