[train] runs/value_v4_smoke at a9b3044+dirty seed=1 {'minutes': 2.0, 'warm_minutes': 0.25, 'snapshot_every': 1.0, 'warm_games': 24, 'ladder_games': 8, 'note': 'v4_cuda_smoke'}
[train] v4_cuda_smoke
[cpu] pinned to 36 physical cores
[train] CUDA stream priority -1
[gpu] solve services up on [0, 1]
[cfg] PUBFEAT=897 CFEAT=15 architecture=v4 depth=2 iters=64 budget=120s warm=15s snapshot_every=1min device=cuda:1 draft=random train_gen_ratio=4.0 recent_mix=0.5/0.2 canonical_views=2 cap=2000000 matmul=high
[t=   1.0s] greedy ep  0 games=  24 dec=  4585 rows=  4424 horizon=0.38 L=0.07860 L/var=0.39 tgt=-0.006/0.451 pstd=0.400 gen=0.0s train=0.9s
[t=   1.5s] greedy ep  1 games=  24 dec=  4454 rows=  4264 horizon=0.21 L=0.09495 L/var=0.37 tgt=-0.054/0.506 pstd=0.400 gen=0.0s train=0.4s
[t=   2.0s] greedy ep  2 games=  24 dec=  4033 rows=  3834 horizon=0.12 L=0.07692 L/var=0.23 tgt=-0.060/0.584 pstd=0.506 gen=0.0s train=0.4s
[t=   2.6s] greedy ep  3 games=  24 dec=  4732 rows=  4482 horizon=0.38 L=0.05883 L/var=0.29 tgt=-0.050/0.449 pstd=0.467 gen=0.0s train=0.5s
[t=   3.1s] greedy ep  4 games=  24 dec=  4857 rows=  4661 horizon=0.33 L=0.07064 L/var=0.32 tgt=-0.020/0.473 pstd=0.487 gen=0.0s train=0.5s
[t=   3.7s] greedy ep  5 games=  24 dec=  4634 rows=  4437 horizon=0.25 L=0.06512 L/var=0.23 tgt=-0.011/0.531 pstd=0.470 gen=0.0s train=0.5s
[t=   4.3s] greedy ep  6 games=  24 dec=  4406 rows=  4242 horizon=0.21 L=0.06733 L/var=0.26 tgt=+0.015/0.507 pstd=0.521 gen=0.0s train=0.5s
[t=   4.8s] greedy ep  7 games=  24 dec=  4014 rows=  3810 horizon=0.17 L=0.06376 L/var=0.19 tgt=-0.047/0.583 pstd=0.499 gen=0.0s train=0.4s
[t=   5.4s] greedy ep  8 games=  24 dec=  4648 rows=  4493 horizon=0.38 L=0.04424 L/var=0.25 tgt=-0.033/0.421 pstd=0.441 gen=0.0s train=0.5s
[t=   5.9s] greedy ep  9 games=  24 dec=  4224 rows=  4068 horizon=0.21 L=0.03460 L/var=0.12 tgt=-0.021/0.530 pstd=0.436 gen=0.0s train=0.4s
[t=   6.5s] greedy ep 10 games=  24 dec=  4694 rows=  4500 horizon=0.33 L=0.03880 L/var=0.19 tgt=+0.000/0.447 pstd=0.406 gen=0.0s train=0.5s
[t=   7.0s] greedy ep 11 games=  24 dec=  4281 rows=  4083 horizon=0.21 L=0.02824 L/var=0.12 tgt=-0.028/0.485 pstd=0.421 gen=0.0s train=0.4s
[t=   7.6s] greedy ep 12 games=  24 dec=  4462 rows=  4292 horizon=0.33 L=0.02971 L/var=0.13 tgt=-0.007/0.473 pstd=0.437 gen=0.0s train=0.5s
[t=   8.1s] greedy ep 13 games=  24 dec=  4903 rows=  4698 horizon=0.38 L=0.02559 L/var=0.10 tgt=-0.026/0.497 pstd=0.453 gen=0.0s train=0.5s
[t=   8.7s] greedy ep 14 games=  24 dec=  4497 rows=  4305 horizon=0.29 L=0.02682 L/var=0.11 tgt=-0.026/0.489 pstd=0.439 gen=0.0s train=0.5s
[t=   9.2s] greedy ep 15 games=  24 dec=  4353 rows=  4171 horizon=0.33 L=0.02845 L/var=0.12 tgt=-0.007/0.487 pstd=0.414 gen=0.0s train=0.4s
[t=   9.8s] greedy ep 16 games=  24 dec=  4666 rows=  4480 horizon=0.25 L=0.02822 L/var=0.13 tgt=-0.019/0.471 pstd=0.445 gen=0.0s train=0.5s
[t=  10.4s] greedy ep 17 games=  24 dec=  4897 rows=  4712 horizon=0.33 L=0.01681 L/var=0.06 tgt=-0.039/0.536 pstd=0.466 gen=0.0s train=0.5s
[t=  11.0s] greedy ep 18 games=  24 dec=  4196 rows=  3987 horizon=0.17 L=0.02164 L/var=0.07 tgt=-0.065/0.558 pstd=0.435 gen=0.0s train=0.4s
[t=  11.5s] greedy ep 19 games=  24 dec=  4244 rows=  4042 horizon=0.17 L=0.01955 L/var=0.08 tgt=-0.000/0.504 pstd=0.432 gen=0.0s train=0.4s
[t=  12.1s] greedy ep 20 games=  24 dec=  4687 rows=  4514 horizon=0.38 L=0.01444 L/var=0.07 tgt=-0.065/0.467 pstd=0.443 gen=0.0s train=0.5s
[t=  12.7s] greedy ep 21 games=  24 dec=  4597 rows=  4387 horizon=0.25 L=0.01794 L/var=0.07 tgt=-0.030/0.497 pstd=0.470 gen=0.0s train=0.5s
[t=  13.2s] greedy ep 22 games=  24 dec=  4886 rows=  4691 horizon=0.38 L=0.01427 L/var=0.06 tgt=-0.010/0.469 pstd=0.452 gen=0.0s train=0.5s
[t=  13.8s] greedy ep 23 games=  24 dec=  4478 rows=  4309 horizon=0.25 L=0.01440 L/var=0.07 tgt=+0.016/0.462 pstd=0.471 gen=0.0s train=0.5s
[t=  14.4s] greedy ep 24 games=  24 dec=  5001 rows=  4835 horizon=0.46 L=0.01330 L/var=0.06 tgt=-0.075/0.481 pstd=0.458 gen=0.0s train=0.5s
[t=  15.1s] greedy ep 25 games=  24 dec=  5033 rows=  4801 horizon=0.29 L=0.01436 L/var=0.07 tgt=-0.012/0.459 pstd=0.449 gen=0.0s train=0.5s
[t=  15.1s] --- snapshot snap_00.pt (init) ---
[t=  15.1s] --- switching to ReBeL ---
[t=  25.1s] rebel stream solves=8192 raw=816/s balanced=816/s debt=0 rows steps=32 horizon=0.00 games=0 over=0 card=0 drop=0 L=0.04132 L/var=0.52 tgt=+0.039/0.282 cfg/b=47558 prep=0.19s gpu=0.00s conv=0.01s add=0.16s train=1.10s
[t=  35.2s] rebel stream solves=12288 raw=613/s balanced=613/s debt=0 rows steps=48 horizon=0.00 games=0 over=0 card=0 drop=0 L=0.00671 L/var=0.10 tgt=+0.060/0.255 cfg/b=35605 prep=0.07s gpu=0.00s conv=0.00s add=0.11s train=1.06s
[t=  46.1s] rebel stream solves=16384 raw=529/s balanced=529/s debt=0 rows steps=64 horizon=0.00 games=0 over=0 card=0 drop=0 L=0.00436 L/var=0.08 tgt=+0.085/0.239 cfg/b=70618 prep=0.31s gpu=0.00s conv=0.01s add=0.47s train=2.23s
[t=  49.8s] --- lr -> 5.00e-04 ---
[t=  56.1s] rebel stream solves=21504 raw=524/s balanced=524/s debt=0 rows steps=84 horizon=0.00 games=0 over=0 card=0 drop=0 L=0.00348 L/var=0.06 tgt=+0.098/0.236 cfg/b=109008 prep=0.13s gpu=0.00s conv=0.03s add=0.63s train=1.66s
[t=  66.1s] rebel stream solves=30720 raw=602/s balanced=602/s debt=0 rows steps=120 horizon=0.00 games=0 over=0 card=0 drop=0 L=0.00262 L/var=0.05 tgt=+0.123/0.228 cfg/b=76679 prep=0.19s gpu=0.00s conv=0.02s add=0.56s train=1.34s
[t=  75.1s] --- snapshot snap_01.pt (s1) ---
[t=  76.2s] rebel stream solves=41984 raw=687/s balanced=687/s debt=0 rows steps=164 horizon=0.00 games=0 over=0 card=0 drop=0 L=0.00233 L/var=0.05 tgt=+0.177/0.209 cfg/b=39610 prep=0.52s gpu=0.00s conv=0.00s add=0.16s train=1.78s
[t=  85.5s] --- lr -> 2.50e-04 ---
[t=  86.2s] rebel stream solves=44032 raw=619/s balanced=619/s debt=0 rows steps=172 horizon=0.00 games=0 over=2 card=0 drop=0 L=0.00220 L/var=0.05 tgt=+0.181/0.203 cfg/b=35184 prep=0.04s gpu=0.00s conv=0.00s add=0.09s train=0.25s
[t=  96.2s] rebel stream solves=46080 raw=568/s balanced=568/s debt=0 rows steps=180 horizon=0.00 games=0 over=4 card=0 drop=0 L=0.00214 L/var=0.05 tgt=+0.171/0.208 cfg/b=37897 prep=0.03s gpu=0.00s conv=0.00s add=0.08s train=0.24s
[t= 100.0s] --- stopping GPU admission; draining ---
[t= 105.3s] rebel stream solves=48147 raw=534/s balanced=533/s debt=76 rows steps=188 horizon=0.00 games=0 over=9 card=0 drop=0 L=0.00208 L/var=0.05 tgt=+0.191/0.196 cfg/b=41057 prep=0.04s gpu=0.00s conv=0.00s add=0.10s train=0.27s
[gpu-summary] solves=48147 optimizer_rows=192512 debt=76 raw=458.9/s balanced=458.8/s horizon=0.00 games=0 over=9 card=0 exact=0 censored=4608 dropped=0 overrun=0.00s
[t= 120.0s] --- snapshot snap_02.pt (final) ---
[ladder] 4 players, 24 games (20/batch, cap 8/pair)
  seed                    greedy vs value_v4_smoke.init      W  3 L  3 D  2  n=  8  score 0.500
  seed                    greedy vs value_v4_smoke.final     W  5 L  1 D  2  n=  8  score 0.750
  seed       value_v4_smoke.init vs value_v4_smoke.s1        W  2 L  1 D  5  n=  8  score 0.562

=== Elo (runs/value_v4_smoke, greedy = 0) ===
                      player   trained     elo   95%   score
                      greedy         -       0   179   0.625
         value_v4_smoke.init    0.3min      -0   171   0.531
           value_v4_smoke.s1    1.3min     -39   242   0.438
        value_v4_smoke.final    2.0min    -166   269   0.250
[report] runs/value_v4_smoke/report.html
