[cfg] FEAT=1104 NHAND=56 hidden=384 depth=2 iters=8 budget=600s warm=90s device=cpu draft=starter gate_every=1200s promote=0.55 train_gen_ratio=4.0
[t=   0.9s] greedy ep  0 games=  96 dec= 17650 cap=0.32 cfgs= 26.0 L=0.07604 tgt=+0.016/0.488 pstd=0.445 capv=0.000 lr=1.0e-03 gen=0.1s train=0.7s
[t=   1.7s] greedy ep  1 games=  96 dec= 17846 cap=0.35 cfgs= 22.8 L=0.04877 tgt=-0.003/0.499 pstd=0.442 capv=0.000 lr=1.0e-03 gen=0.1s train=0.7s
[t=   2.5s] greedy ep  2 games=  96 dec= 16714 cap=0.25 cfgs= 24.3 L=0.04953 tgt=+0.018/0.529 pstd=0.459 capv=0.000 lr=1.0e-03 gen=0.1s train=0.7s
[t=   3.4s] greedy ep  3 games=  96 dec= 17743 cap=0.39 cfgs= 23.0 L=0.04374 tgt=+0.003/0.482 pstd=0.457 capv=0.000 lr=1.0e-03 gen=0.1s train=0.7s
[t=   4.2s] greedy ep  4 games=  96 dec= 17092 cap=0.27 cfgs= 26.3 L=0.04847 tgt=+0.010/0.480 pstd=0.460 capv=0.000 lr=1.0e-03 gen=0.1s train=0.7s
[t=   5.1s] greedy ep  5 games=  96 dec= 17624 cap=0.34 cfgs= 24.8 L=0.05414 tgt=+0.009/0.482 pstd=0.432 capv=0.000 lr=1.0e-03 gen=0.1s train=0.7s
[t=   5.9s] greedy ep  6 games=  96 dec= 17619 cap=0.34 cfgs= 23.4 L=0.05318 tgt=-0.005/0.491 pstd=0.430 capv=0.000 lr=1.0e-03 gen=0.1s train=0.7s
[t=   6.9s] greedy ep  7 games=  96 dec= 17528 cap=0.32 cfgs= 22.8 L=0.05258 tgt=-0.006/0.488 pstd=0.451 capv=0.000 lr=1.0e-03 gen=0.1s train=0.8s
[t=   7.8s] greedy ep  8 games=  96 dec= 17853 cap=0.31 cfgs= 24.0 L=0.05447 tgt=+0.028/0.488 pstd=0.455 capv=0.000 lr=1.0e-03 gen=0.1s train=0.8s
[t=   8.6s] greedy ep  9 games=  96 dec= 16271 cap=0.23 cfgs= 25.9 L=0.05759 tgt=+0.015/0.515 pstd=0.455 capv=0.000 lr=1.0e-03 gen=0.1s train=0.7s
[t=   9.5s] greedy ep 10 games=  96 dec= 17444 cap=0.32 cfgs= 23.8 L=0.05666 tgt=+0.001/0.491 pstd=0.447 capv=0.000 lr=1.0e-03 gen=0.1s train=0.8s
[t=  10.4s] greedy ep 11 games=  96 dec= 18369 cap=0.39 cfgs= 23.2 L=0.05635 tgt=+0.002/0.464 pstd=0.454 capv=0.000 lr=1.0e-03 gen=0.1s train=0.8s
[t=  11.3s] greedy ep 12 games=  96 dec= 16987 cap=0.31 cfgs= 23.2 L=0.05845 tgt=-0.003/0.496 pstd=0.414 capv=0.000 lr=1.0e-03 gen=0.1s train=0.7s
[t=  12.3s] greedy ep 13 games=  96 dec= 17597 cap=0.29 cfgs= 24.5 L=0.06026 tgt=+0.019/0.490 pstd=0.443 capv=0.000 lr=1.0e-03 gen=0.1s train=0.8s
[t=  13.1s] greedy ep 14 games=  96 dec= 16694 cap=0.23 cfgs= 25.3 L=0.06094 tgt=-0.020/0.538 pstd=0.394 capv=0.000 lr=1.0e-03 gen=0.1s train=0.7s
[t=  14.0s] greedy ep 15 games=  96 dec= 17002 cap=0.25 cfgs= 25.9 L=0.06467 tgt=+0.004/0.507 pstd=0.454 capv=0.000 lr=1.0e-03 gen=0.1s train=0.7s
[t=  14.9s] greedy ep 16 games=  96 dec= 16653 cap=0.25 cfgs= 23.6 L=0.06470 tgt=+0.006/0.519 pstd=0.441 capv=0.000 lr=1.0e-03 gen=0.1s train=0.7s
[t=  15.8s] greedy ep 17 games=  96 dec= 17594 cap=0.33 cfgs= 23.6 L=0.06381 tgt=+0.006/0.488 pstd=0.421 capv=0.000 lr=1.0e-03 gen=0.1s train=0.7s
[t=  16.7s] greedy ep 18 games=  96 dec= 18043 cap=0.39 cfgs= 23.6 L=0.06297 tgt=-0.002/0.464 pstd=0.444 capv=0.000 lr=1.0e-03 gen=0.1s train=0.8s
[t=  17.7s] greedy ep 19 games=  96 dec= 18229 cap=0.36 cfgs= 23.6 L=0.06391 tgt=+0.006/0.483 pstd=0.448 capv=0.000 lr=1.0e-03 gen=0.1s train=0.8s
[t=  18.5s] greedy ep 20 games=  96 dec= 16631 cap=0.26 cfgs= 26.8 L=0.06854 tgt=+0.008/0.504 pstd=0.381 capv=0.000 lr=1.0e-03 gen=0.1s train=0.7s
[t=  19.4s] greedy ep 21 games=  96 dec= 17997 cap=0.35 cfgs= 23.8 L=0.06388 tgt=+0.003/0.490 pstd=0.419 capv=0.000 lr=1.0e-03 gen=0.1s train=0.7s
[t=  20.3s] greedy ep 22 games=  96 dec= 17186 cap=0.28 cfgs= 23.4 L=0.06649 tgt=-0.003/0.505 pstd=0.408 capv=0.000 lr=1.0e-03 gen=0.2s train=0.7s
[t=  21.3s] greedy ep 23 games=  96 dec= 18417 cap=0.39 cfgs= 23.7 L=0.06711 tgt=-0.001/0.458 pstd=0.382 capv=0.000 lr=1.0e-03 gen=0.1s train=0.8s
[t=  22.2s] greedy ep 24 games=  96 dec= 17847 cap=0.33 cfgs= 24.6 L=0.06886 tgt=+0.016/0.465 pstd=0.413 capv=0.000 lr=1.0e-03 gen=0.1s train=0.8s
[t=  23.1s] greedy ep 25 games=  96 dec= 17130 cap=0.26 cfgs= 24.3 L=0.06634 tgt=+0.009/0.523 pstd=0.390 capv=0.000 lr=1.0e-03 gen=0.1s train=0.8s
[t=  24.1s] greedy ep 26 games=  96 dec= 17706 cap=0.31 cfgs= 24.0 L=0.06972 tgt=-0.003/0.499 pstd=0.407 capv=0.000 lr=1.0e-03 gen=0.2s train=0.7s
[t=  24.9s] greedy ep 27 games=  96 dec= 16841 cap=0.26 cfgs= 24.7 L=0.06946 tgt=+0.018/0.522 pstd=0.379 capv=0.000 lr=1.0e-03 gen=0.1s train=0.7s
[t=  25.8s] greedy ep 28 games=  96 dec= 18338 cap=0.35 cfgs= 22.8 L=0.06745 tgt=-0.000/0.488 pstd=0.411 capv=0.000 lr=1.0e-03 gen=0.1s train=0.7s
[t=  26.7s] greedy ep 29 games=  96 dec= 16308 cap=0.24 cfgs= 26.6 L=0.07287 tgt=+0.009/0.513 pstd=0.429 capv=0.000 lr=1.0e-03 gen=0.1s train=0.7s
[t=  27.5s] greedy ep 30 games=  96 dec= 17047 cap=0.29 cfgs= 24.5 L=0.07489 tgt=+0.000/0.512 pstd=0.414 capv=0.000 lr=1.0e-03 gen=0.1s train=0.7s
[t=  28.5s] greedy ep 31 games=  96 dec= 17402 cap=0.29 cfgs= 23.5 L=0.07301 tgt=+0.009/0.512 pstd=0.426 capv=0.000 lr=1.0e-03 gen=0.1s train=0.7s
[t=  29.3s] greedy ep 32 games=  96 dec= 16833 cap=0.27 cfgs= 25.0 L=0.07357 tgt=+0.014/0.496 pstd=0.447 capv=0.000 lr=1.0e-03 gen=0.1s train=0.7s
[t=  30.5s] greedy ep 33 games=  96 dec= 16936 cap=0.25 cfgs= 24.4 L=0.07523 tgt=+0.011/0.527 pstd=0.389 capv=0.000 lr=1.0e-03 gen=0.4s train=0.7s
[t=  31.3s] greedy ep 34 games=  96 dec= 17348 cap=0.31 cfgs= 24.5 L=0.07370 tgt=+0.005/0.494 pstd=0.421 capv=0.000 lr=1.0e-03 gen=0.1s train=0.7s
[t=  32.3s] greedy ep 35 games=  96 dec= 17283 cap=0.30 cfgs= 24.5 L=0.07528 tgt=+0.003/0.500 pstd=0.409 capv=0.000 lr=1.0e-03 gen=0.1s train=0.8s
[t=  33.2s] greedy ep 36 games=  96 dec= 18397 cap=0.38 cfgs= 23.7 L=0.07479 tgt=+0.007/0.470 pstd=0.402 capv=0.000 lr=1.0e-03 gen=0.1s train=0.8s
[t=  34.0s] greedy ep 37 games=  96 dec= 16360 cap=0.24 cfgs= 24.5 L=0.07484 tgt=+0.024/0.527 pstd=0.373 capv=0.000 lr=1.0e-03 gen=0.1s train=0.7s
[t=  35.0s] greedy ep 38 games=  96 dec= 18278 cap=0.34 cfgs= 23.9 L=0.07488 tgt=+0.016/0.488 pstd=0.398 capv=0.000 lr=1.0e-03 gen=0.2s train=0.8s
[t=  36.0s] greedy ep 39 games=  96 dec= 18504 cap=0.39 cfgs= 23.7 L=0.07464 tgt=+0.011/0.461 pstd=0.400 capv=0.000 lr=1.0e-03 gen=0.1s train=0.8s
[t=  36.9s] greedy ep 40 games=  96 dec= 16475 cap=0.25 cfgs= 24.5 L=0.07563 tgt=+0.015/0.496 pstd=0.411 capv=0.000 lr=1.0e-03 gen=0.1s train=0.7s
[t=  37.7s] greedy ep 41 games=  96 dec= 16889 cap=0.28 cfgs= 24.4 L=0.07660 tgt=+0.012/0.501 pstd=0.409 capv=0.000 lr=1.0e-03 gen=0.1s train=0.7s
[t=  38.7s] greedy ep 42 games=  96 dec= 18024 cap=0.34 cfgs= 22.8 L=0.07660 tgt=-0.001/0.483 pstd=0.444 capv=0.000 lr=1.0e-03 gen=0.1s train=0.8s
[t=  39.7s] greedy ep 43 games=  96 dec= 16914 cap=0.24 cfgs= 26.4 L=0.07708 tgt=+0.017/0.506 pstd=0.412 capv=0.000 lr=1.0e-03 gen=0.1s train=0.8s
[t=  40.5s] greedy ep 44 games=  96 dec= 17157 cap=0.29 cfgs= 23.6 L=0.07618 tgt=+0.016/0.504 pstd=0.409 capv=0.000 lr=1.0e-03 gen=0.1s train=0.7s
[t=  41.5s] greedy ep 45 games=  96 dec= 16184 cap=0.22 cfgs= 27.3 L=0.07761 tgt=+0.004/0.521 pstd=0.395 capv=0.000 lr=1.0e-03 gen=0.1s train=0.8s
[t=  42.4s] greedy ep 46 games=  96 dec= 16816 cap=0.27 cfgs= 24.4 L=0.07755 tgt=+0.013/0.510 pstd=0.403 capv=0.000 lr=1.0e-03 gen=0.1s train=0.8s
[t=  43.5s] greedy ep 47 games=  96 dec= 18804 cap=0.43 cfgs= 22.1 L=0.07776 tgt=-0.001/0.467 pstd=0.394 capv=0.000 lr=1.0e-03 gen=0.2s train=0.9s
[t=  44.5s] greedy ep 48 games=  96 dec= 17181 cap=0.30 cfgs= 24.2 L=0.07914 tgt=+0.008/0.498 pstd=0.421 capv=0.000 lr=1.0e-03 gen=0.1s train=0.8s
[t=  45.3s] greedy ep 49 games=  96 dec= 16830 cap=0.29 cfgs= 24.6 L=0.07902 tgt=+0.008/0.509 pstd=0.385 capv=0.000 lr=1.0e-03 gen=0.1s train=0.7s
[t=  46.3s] greedy ep 50 games=  96 dec= 17518 cap=0.32 cfgs= 23.1 L=0.07937 tgt=+0.006/0.511 pstd=0.384 capv=0.000 lr=1.0e-03 gen=0.1s train=0.8s
[t=  47.1s] greedy ep 51 games=  96 dec= 16799 cap=0.26 cfgs= 27.1 L=0.08066 tgt=+0.012/0.520 pstd=0.382 capv=0.000 lr=1.0e-03 gen=0.1s train=0.7s
[t=  48.2s] greedy ep 52 games=  96 dec= 18478 cap=0.36 cfgs= 23.5 L=0.07954 tgt=-0.013/0.473 pstd=0.388 capv=0.000 lr=1.0e-03 gen=0.2s train=0.8s
[t=  49.0s] greedy ep 53 games=  96 dec= 16933 cap=0.27 cfgs= 28.0 L=0.08285 tgt=+0.018/0.491 pstd=0.370 capv=0.000 lr=1.0e-03 gen=0.1s train=0.7s
[t=  50.0s] greedy ep 54 games=  96 dec= 17796 cap=0.30 cfgs= 23.2 L=0.08179 tgt=+0.009/0.487 pstd=0.367 capv=0.000 lr=1.0e-03 gen=0.1s train=0.8s
[t=  51.0s] greedy ep 55 games=  96 dec= 18180 cap=0.39 cfgs= 23.1 L=0.08167 tgt=+0.004/0.460 pstd=0.375 capv=0.000 lr=1.0e-03 gen=0.2s train=0.8s
[t=  51.9s] greedy ep 56 games=  96 dec= 17383 cap=0.32 cfgs= 24.7 L=0.08131 tgt=+0.015/0.481 pstd=0.363 capv=0.000 lr=1.0e-03 gen=0.1s train=0.8s
[t=  53.0s] greedy ep 57 games=  96 dec= 17337 cap=0.32 cfgs= 25.1 L=0.08052 tgt=-0.004/0.486 pstd=0.382 capv=0.000 lr=1.0e-03 gen=0.1s train=0.9s
[t=  54.0s] greedy ep 58 games=  96 dec= 18046 cap=0.32 cfgs= 23.9 L=0.08152 tgt=+0.008/0.465 pstd=0.377 capv=0.000 lr=1.0e-03 gen=0.1s train=0.9s
[t=  54.9s] greedy ep 59 games=  96 dec= 18167 cap=0.38 cfgs= 23.0 L=0.08199 tgt=+0.007/0.468 pstd=0.396 capv=0.000 lr=1.0e-03 gen=0.1s train=0.8s
[t=  55.8s] greedy ep 60 games=  96 dec= 17610 cap=0.31 cfgs= 25.2 L=0.08122 tgt=+0.007/0.503 pstd=0.381 capv=0.000 lr=1.0e-03 gen=0.1s train=0.7s
[t=  56.7s] greedy ep 61 games=  96 dec= 16858 cap=0.27 cfgs= 24.4 L=0.08094 tgt=+0.011/0.511 pstd=0.377 capv=0.000 lr=1.0e-03 gen=0.1s train=0.8s
[t=  57.7s] greedy ep 62 games=  96 dec= 17892 cap=0.36 cfgs= 23.1 L=0.08252 tgt=+0.002/0.475 pstd=0.381 capv=0.000 lr=1.0e-03 gen=0.1s train=0.8s
[t=  58.6s] greedy ep 63 games=  96 dec= 16272 cap=0.22 cfgs= 26.0 L=0.07915 tgt=+0.015/0.533 pstd=0.359 capv=0.000 lr=1.0e-03 gen=0.1s train=0.7s
[t=  59.5s] greedy ep 64 games=  96 dec= 17413 cap=0.28 cfgs= 24.5 L=0.08122 tgt=-0.004/0.488 pstd=0.366 capv=0.000 lr=1.0e-03 gen=0.1s train=0.7s
[t=  60.4s] greedy ep 65 games=  96 dec= 17167 cap=0.29 cfgs= 25.8 L=0.08125 tgt=+0.015/0.495 pstd=0.373 capv=0.000 lr=1.0e-03 gen=0.1s train=0.7s
[t=  61.4s] greedy ep 66 games=  96 dec= 18148 cap=0.40 cfgs= 23.3 L=0.08112 tgt=+0.009/0.471 pstd=0.367 capv=0.000 lr=1.0e-03 gen=0.1s train=0.8s
[t=  62.3s] greedy ep 67 games=  96 dec= 17062 cap=0.27 cfgs= 25.6 L=0.08172 tgt=-0.003/0.489 pstd=0.376 capv=0.000 lr=1.0e-03 gen=0.1s train=0.7s
[t=  63.3s] greedy ep 68 games=  96 dec= 17124 cap=0.28 cfgs= 24.5 L=0.08154 tgt=+0.004/0.484 pstd=0.358 capv=0.000 lr=1.0e-03 gen=0.1s train=0.8s
[t=  64.2s] greedy ep 69 games=  96 dec= 17276 cap=0.28 cfgs= 23.7 L=0.08100 tgt=+0.015/0.510 pstd=0.367 capv=0.000 lr=1.0e-03 gen=0.1s train=0.8s
[t=  65.1s] greedy ep 70 games=  96 dec= 17274 cap=0.30 cfgs= 25.4 L=0.08127 tgt=+0.013/0.477 pstd=0.355 capv=0.000 lr=1.0e-03 gen=0.1s train=0.7s
[t=  66.0s] greedy ep 71 games=  96 dec= 17037 cap=0.26 cfgs= 25.0 L=0.08143 tgt=+0.016/0.494 pstd=0.353 capv=0.000 lr=1.0e-03 gen=0.1s train=0.7s
[t=  66.8s] greedy ep 72 games=  96 dec= 16698 cap=0.24 cfgs= 23.7 L=0.08080 tgt=+0.014/0.502 pstd=0.360 capv=0.000 lr=1.0e-03 gen=0.1s train=0.7s
[t=  67.8s] greedy ep 73 games=  96 dec= 16980 cap=0.28 cfgs= 24.4 L=0.08073 tgt=+0.013/0.494 pstd=0.369 capv=0.000 lr=1.0e-03 gen=0.1s train=0.8s
[t=  68.8s] greedy ep 74 games=  96 dec= 17033 cap=0.28 cfgs= 23.4 L=0.08038 tgt=+0.011/0.501 pstd=0.346 capv=0.000 lr=1.0e-03 gen=0.1s train=0.8s
[t=  69.8s] greedy ep 75 games=  96 dec= 17088 cap=0.25 cfgs= 24.6 L=0.08183 tgt=+0.006/0.499 pstd=0.344 capv=0.000 lr=1.0e-03 gen=0.1s train=0.8s
[t=  70.7s] greedy ep 76 games=  96 dec= 17130 cap=0.30 cfgs= 24.2 L=0.08098 tgt=+0.014/0.483 pstd=0.374 capv=0.000 lr=1.0e-03 gen=0.1s train=0.8s
[t=  71.7s] greedy ep 77 games=  96 dec= 17710 cap=0.33 cfgs= 23.7 L=0.08091 tgt=-0.004/0.469 pstd=0.374 capv=0.000 lr=1.0e-03 gen=0.1s train=0.8s
[t=  72.6s] greedy ep 78 games=  96 dec= 16583 cap=0.22 cfgs= 25.1 L=0.08183 tgt=+0.016/0.536 pstd=0.361 capv=0.000 lr=1.0e-03 gen=0.1s train=0.7s
[t=  73.5s] greedy ep 79 games=  96 dec= 16523 cap=0.26 cfgs= 26.2 L=0.08101 tgt=+0.010/0.498 pstd=0.354 capv=0.000 lr=1.0e-03 gen=0.1s train=0.7s
[t=  74.4s] greedy ep 80 games=  96 dec= 16916 cap=0.29 cfgs= 25.2 L=0.07935 tgt=+0.015/0.492 pstd=0.374 capv=0.000 lr=1.0e-03 gen=0.2s train=0.7s
[t=  75.3s] greedy ep 81 games=  96 dec= 17783 cap=0.28 cfgs= 25.1 L=0.08073 tgt=+0.018/0.485 pstd=0.360 capv=0.000 lr=1.0e-03 gen=0.1s train=0.7s
[t=  76.2s] greedy ep 82 games=  96 dec= 18124 cap=0.36 cfgs= 23.6 L=0.08090 tgt=+0.015/0.459 pstd=0.362 capv=0.000 lr=1.0e-03 gen=0.1s train=0.7s
[t=  77.0s] greedy ep 83 games=  96 dec= 16736 cap=0.29 cfgs= 25.5 L=0.08113 tgt=+0.006/0.518 pstd=0.376 capv=0.000 lr=1.0e-03 gen=0.1s train=0.7s
[t=  77.9s] greedy ep 84 games=  96 dec= 17615 cap=0.31 cfgs= 23.0 L=0.08104 tgt=+0.010/0.485 pstd=0.385 capv=0.000 lr=1.0e-03 gen=0.2s train=0.7s
[t=  78.8s] greedy ep 85 games=  96 dec= 17462 cap=0.34 cfgs= 24.6 L=0.07882 tgt=+0.007/0.489 pstd=0.351 capv=0.000 lr=1.0e-03 gen=0.1s train=0.7s
[t=  79.6s] greedy ep 86 games=  96 dec= 16745 cap=0.24 cfgs= 25.5 L=0.07894 tgt=+0.007/0.527 pstd=0.373 capv=0.000 lr=1.0e-03 gen=0.1s train=0.7s
[t=  80.5s] greedy ep 87 games=  96 dec= 17391 cap=0.30 cfgs= 23.9 L=0.07893 tgt=+0.008/0.490 pstd=0.361 capv=0.000 lr=1.0e-03 gen=0.1s train=0.7s
[t=  81.3s] greedy ep 88 games=  96 dec= 17583 cap=0.30 cfgs= 24.2 L=0.07824 tgt=+0.010/0.491 pstd=0.355 capv=0.000 lr=1.0e-03 gen=0.1s train=0.7s
[t=  82.3s] greedy ep 89 games=  96 dec= 18058 cap=0.35 cfgs= 24.6 L=0.07844 tgt=-0.003/0.483 pstd=0.365 capv=0.000 lr=1.0e-03 gen=0.1s train=0.8s
[t=  83.1s] greedy ep 90 games=  96 dec= 17264 cap=0.32 cfgs= 24.7 L=0.07919 tgt=+0.010/0.493 pstd=0.356 capv=0.000 lr=1.0e-03 gen=0.2s train=0.7s
[t=  84.0s] greedy ep 91 games=  96 dec= 17287 cap=0.27 cfgs= 23.9 L=0.07931 tgt=+0.007/0.507 pstd=0.359 capv=0.000 lr=1.0e-03 gen=0.1s train=0.7s
[t=  84.9s] greedy ep 92 games=  96 dec= 17645 cap=0.32 cfgs= 23.9 L=0.07949 tgt=+0.003/0.503 pstd=0.355 capv=0.000 lr=1.0e-03 gen=0.1s train=0.7s
[t=  85.7s] greedy ep 93 games=  96 dec= 16731 cap=0.27 cfgs= 24.1 L=0.07851 tgt=+0.005/0.495 pstd=0.362 capv=0.000 lr=1.0e-03 gen=0.1s train=0.7s
[t=  86.6s] greedy ep 94 games=  96 dec= 17489 cap=0.31 cfgs= 25.1 L=0.07782 tgt=+0.014/0.476 pstd=0.369 capv=0.000 lr=1.0e-03 gen=0.1s train=0.7s
[t=  87.5s] greedy ep 95 games=  96 dec= 17407 cap=0.28 cfgs= 25.7 L=0.07756 tgt=+0.005/0.509 pstd=0.378 capv=0.000 lr=1.0e-03 gen=0.1s train=0.7s
[t=  88.3s] greedy ep 96 games=  96 dec= 16338 cap=0.21 cfgs= 25.6 L=0.07946 tgt=+0.021/0.521 pstd=0.363 capv=0.000 lr=1.0e-03 gen=0.1s train=0.6s
[t=  89.2s] greedy ep 97 games=  96 dec= 17064 cap=0.30 cfgs= 25.8 L=0.07745 tgt=+0.011/0.490 pstd=0.372 capv=0.000 lr=1.0e-03 gen=0.1s train=0.7s
[t=  90.0s] greedy ep 98 games=  96 dec= 16733 cap=0.27 cfgs= 26.1 L=0.07742 tgt=+0.002/0.508 pstd=0.356 capv=0.000 lr=1.0e-03 gen=0.1s train=0.7s
[t=  90.0s] --- initial checkpoint saved, switching to ReBeL ---
[t=  94.3s] rebel  ep 99 games=  48 dec=  8138 cap=0.10 cfgs= 23.3 L=0.01605 tgt=+0.002/0.390 pstd=0.319 capv=0.000 lr=1.0e-03 gen=4.1s train=0.1s
[t=  99.1s] rebel  ep100 games=  48 dec=  7667 cap=0.06 cfgs= 28.5 L=0.01182 tgt=+0.011/0.400 pstd=0.317 capv=0.000 lr=1.0e-03 gen=4.6s train=0.1s
[t= 104.0s] rebel  ep101 games=  48 dec=  7192 cap=0.04 cfgs= 29.2 L=0.01083 tgt=+0.006/0.376 pstd=0.317 capv=0.000 lr=1.0e-03 gen=4.8s train=0.1s
[t= 108.0s] rebel  ep102 games=  48 dec=  6624 cap=0.04 cfgs= 27.0 L=0.01021 tgt=+0.005/0.355 pstd=0.321 capv=0.000 lr=1.0e-03 gen=3.9s train=0.1s
[t= 112.3s] rebel  ep103 games=  48 dec=  6586 cap=0.02 cfgs= 26.5 L=0.00908 tgt=+0.004/0.377 pstd=0.325 capv=0.000 lr=1.0e-03 gen=4.1s train=0.1s
[t= 116.5s] rebel  ep104 games=  48 dec=  6589 cap=0.10 cfgs= 27.1 L=0.00887 tgt=-0.004/0.397 pstd=0.323 capv=0.000 lr=1.0e-03 gen=4.1s train=0.1s
[t= 120.6s] rebel  ep105 games=  48 dec=  6340 cap=0.02 cfgs= 27.0 L=0.00870 tgt=+0.016/0.398 pstd=0.324 capv=0.000 lr=1.0e-03 gen=4.0s train=0.1s
[t= 125.7s] rebel  ep106 games=  48 dec=  6768 cap=0.04 cfgs= 24.4 L=0.00879 tgt=+0.017/0.389 pstd=0.326 capv=0.000 lr=1.0e-03 gen=4.9s train=0.1s
[t= 130.1s] rebel  ep107 games=  48 dec=  6302 cap=0.06 cfgs= 27.1 L=0.00831 tgt=+0.016/0.385 pstd=0.324 capv=0.000 lr=1.0e-03 gen=4.3s train=0.1s
[t= 134.6s] rebel  ep108 games=  48 dec=  6321 cap=0.02 cfgs= 26.6 L=0.00834 tgt=+0.005/0.366 pstd=0.320 capv=0.000 lr=1.0e-03 gen=4.4s train=0.1s
[t= 139.2s] rebel  ep109 games=  48 dec=  6532 cap=0.00 cfgs= 27.9 L=0.00824 tgt=+0.003/0.361 pstd=0.319 capv=0.000 lr=1.0e-03 gen=4.5s train=0.1s
[t= 143.6s] rebel  ep110 games=  48 dec=  6504 cap=0.04 cfgs= 27.2 L=0.00813 tgt=-0.001/0.362 pstd=0.320 capv=0.000 lr=1.0e-03 gen=4.2s train=0.1s
[t= 148.4s] rebel  ep111 games=  48 dec=  6306 cap=0.02 cfgs= 29.6 L=0.00796 tgt=+0.000/0.368 pstd=0.325 capv=0.000 lr=1.0e-03 gen=4.7s train=0.1s
[t= 153.1s] rebel  ep112 games=  48 dec=  6715 cap=0.06 cfgs= 26.4 L=0.00790 tgt=+0.011/0.381 pstd=0.322 capv=0.000 lr=1.0e-03 gen=4.6s train=0.1s
[t= 157.6s] rebel  ep113 games=  48 dec=  6416 cap=0.00 cfgs= 28.2 L=0.00775 tgt=+0.020/0.391 pstd=0.323 capv=0.000 lr=1.0e-03 gen=4.4s train=0.1s
[t= 161.9s] rebel  ep114 games=  48 dec=  5749 cap=0.00 cfgs= 28.3 L=0.00783 tgt=+0.009/0.402 pstd=0.322 capv=0.000 lr=1.0e-03 gen=4.2s train=0.1s
[t= 166.1s] rebel  ep115 games=  48 dec=  6216 cap=0.08 cfgs= 25.4 L=0.00788 tgt=-0.009/0.379 pstd=0.322 capv=0.000 lr=1.0e-03 gen=4.1s train=0.1s
[t= 170.5s] rebel  ep116 games=  48 dec=  6399 cap=0.04 cfgs= 25.6 L=0.00791 tgt=+0.014/0.402 pstd=0.324 capv=0.000 lr=1.0e-03 gen=4.3s train=0.1s
[t= 174.8s] rebel  ep117 games=  48 dec=  6320 cap=0.02 cfgs= 27.2 L=0.00786 tgt=+0.014/0.366 pstd=0.328 capv=0.000 lr=1.0e-03 gen=4.2s train=0.1s
[t= 179.2s] rebel  ep118 games=  48 dec=  6141 cap=0.02 cfgs= 27.6 L=0.00748 tgt=-0.003/0.386 pstd=0.325 capv=0.000 lr=1.0e-03 gen=4.3s train=0.1s
[t= 183.8s] rebel  ep119 games=  48 dec=  6455 cap=0.00 cfgs= 25.1 L=0.00766 tgt=+0.014/0.380 pstd=0.325 capv=0.000 lr=1.0e-03 gen=4.5s train=0.1s
[t= 188.8s] rebel  ep120 games=  48 dec=  5788 cap=0.00 cfgs= 28.4 L=0.00782 tgt=+0.011/0.410 pstd=0.324 capv=0.000 lr=1.0e-03 gen=4.8s train=0.1s
[t= 193.5s] rebel  ep121 games=  48 dec=  6174 cap=0.02 cfgs= 25.6 L=0.00762 tgt=+0.020/0.382 pstd=0.325 capv=0.000 lr=1.0e-03 gen=4.5s train=0.1s
[t= 198.1s] rebel  ep122 games=  48 dec=  5793 cap=0.04 cfgs= 28.5 L=0.00739 tgt=-0.001/0.364 pstd=0.325 capv=0.000 lr=1.0e-03 gen=4.5s train=0.1s
[t= 202.6s] rebel  ep123 games=  48 dec=  5956 cap=0.00 cfgs= 26.4 L=0.00783 tgt=+0.011/0.356 pstd=0.323 capv=0.000 lr=1.0e-03 gen=4.4s train=0.1s
[t= 207.3s] rebel  ep124 games=  48 dec=  5820 cap=0.00 cfgs= 28.1 L=0.00735 tgt=+0.018/0.369 pstd=0.324 capv=0.000 lr=1.0e-03 gen=4.6s train=0.1s
[t= 212.0s] rebel  ep125 games=  48 dec=  5724 cap=0.02 cfgs= 30.9 L=0.00746 tgt=+0.005/0.390 pstd=0.324 capv=0.000 lr=1.0e-03 gen=4.7s train=0.1s
[t= 216.8s] rebel  ep126 games=  48 dec=  6279 cap=0.06 cfgs= 25.9 L=0.00737 tgt=+0.002/0.374 pstd=0.321 capv=0.000 lr=1.0e-03 gen=4.6s train=0.1s
[t= 221.6s] rebel  ep127 games=  48 dec=  5799 cap=0.04 cfgs= 26.8 L=0.00733 tgt=+0.000/0.377 pstd=0.325 capv=0.000 lr=1.0e-03 gen=4.7s train=0.1s
[t= 226.3s] rebel  ep128 games=  48 dec=  5686 cap=0.02 cfgs= 28.0 L=0.00709 tgt=-0.002/0.359 pstd=0.323 capv=0.000 lr=1.0e-03 gen=4.7s train=0.1s
[t= 230.7s] rebel  ep129 games=  48 dec=  5834 cap=0.04 cfgs= 25.8 L=0.00801 tgt=+0.013/0.408 pstd=0.324 capv=0.000 lr=1.0e-03 gen=4.3s train=0.1s
[t= 235.1s] rebel  ep130 games=  48 dec=  6386 cap=0.04 cfgs= 23.7 L=0.00778 tgt=+0.004/0.356 pstd=0.325 capv=0.000 lr=1.0e-03 gen=4.3s train=0.1s
[t= 239.5s] rebel  ep131 games=  48 dec=  5739 cap=0.00 cfgs= 26.9 L=0.00729 tgt=+0.014/0.397 pstd=0.323 capv=0.000 lr=1.0e-03 gen=4.3s train=0.1s
[t= 243.3s] rebel  ep132 games=  48 dec=  5408 cap=0.02 cfgs= 25.7 L=0.00771 tgt=+0.003/0.408 pstd=0.324 capv=0.000 lr=1.0e-03 gen=3.7s train=0.1s
[t= 247.9s] rebel  ep133 games=  48 dec=  5911 cap=0.04 cfgs= 26.1 L=0.00750 tgt=+0.007/0.377 pstd=0.323 capv=0.000 lr=1.0e-03 gen=4.4s train=0.1s
[t= 252.6s] rebel  ep134 games=  48 dec=  6418 cap=0.04 cfgs= 24.6 L=0.00720 tgt=-0.002/0.350 pstd=0.323 capv=0.000 lr=1.0e-03 gen=4.6s train=0.1s
[t= 257.5s] rebel  ep135 games=  48 dec=  6623 cap=0.06 cfgs= 24.0 L=0.00746 tgt=+0.008/0.363 pstd=0.327 capv=0.000 lr=1.0e-03 gen=4.7s train=0.1s
[t= 261.8s] rebel  ep136 games=  48 dec=  5611 cap=0.00 cfgs= 28.8 L=0.00716 tgt=+0.007/0.392 pstd=0.327 capv=0.000 lr=1.0e-03 gen=4.2s train=0.1s
[t= 261.8s] --- lr -> 5.00e-04 ---
[t= 266.2s] rebel  ep137 games=  48 dec=  6134 cap=0.08 cfgs= 23.7 L=0.00724 tgt=+0.009/0.391 pstd=0.327 capv=0.000 lr=5.0e-04 gen=4.3s train=0.1s
[t= 270.9s] rebel  ep138 games=  48 dec=  6152 cap=0.00 cfgs= 28.1 L=0.00731 tgt=-0.003/0.362 pstd=0.323 capv=0.000 lr=5.0e-04 gen=4.6s train=0.1s
[t= 275.5s] rebel  ep139 games=  48 dec=  6109 cap=0.06 cfgs= 23.9 L=0.00751 tgt=+0.010/0.367 pstd=0.325 capv=0.000 lr=5.0e-04 gen=4.4s train=0.1s
[t= 279.7s] rebel  ep140 games=  48 dec=  5327 cap=0.02 cfgs= 27.1 L=0.00728 tgt=+0.010/0.377 pstd=0.325 capv=0.000 lr=5.0e-04 gen=4.1s train=0.1s
[t= 284.1s] rebel  ep141 games=  48 dec=  6157 cap=0.12 cfgs= 24.6 L=0.00703 tgt=+0.019/0.380 pstd=0.324 capv=0.000 lr=5.0e-04 gen=4.3s train=0.1s
[t= 288.9s] rebel  ep142 games=  48 dec=  6715 cap=0.08 cfgs= 23.7 L=0.00676 tgt=+0.023/0.412 pstd=0.324 capv=0.000 lr=5.0e-04 gen=4.7s train=0.1s
[t= 293.8s] rebel  ep143 games=  48 dec=  6219 cap=0.04 cfgs= 27.3 L=0.00707 tgt=+0.003/0.374 pstd=0.325 capv=0.000 lr=5.0e-04 gen=4.7s train=0.1s
[t= 298.2s] rebel  ep144 games=  48 dec=  5724 cap=0.02 cfgs= 28.1 L=0.00711 tgt=+0.016/0.393 pstd=0.327 capv=0.000 lr=5.0e-04 gen=4.3s train=0.1s
[t= 302.9s] rebel  ep145 games=  48 dec=  5829 cap=0.02 cfgs= 28.2 L=0.00703 tgt=+0.007/0.402 pstd=0.325 capv=0.000 lr=5.0e-04 gen=4.6s train=0.1s
[t= 307.3s] rebel  ep146 games=  48 dec=  6112 cap=0.02 cfgs= 24.9 L=0.00704 tgt=+0.003/0.375 pstd=0.322 capv=0.000 lr=5.0e-04 gen=4.2s train=0.1s
[t= 311.9s] rebel  ep147 games=  48 dec=  5900 cap=0.02 cfgs= 27.0 L=0.00710 tgt=+0.012/0.397 pstd=0.325 capv=0.000 lr=5.0e-04 gen=4.5s train=0.1s
[t= 316.5s] rebel  ep148 games=  48 dec=  6141 cap=0.04 cfgs= 23.6 L=0.00737 tgt=-0.008/0.390 pstd=0.325 capv=0.000 lr=5.0e-04 gen=4.5s train=0.1s
[t= 320.7s] rebel  ep149 games=  48 dec=  5479 cap=0.00 cfgs= 28.6 L=0.00721 tgt=-0.008/0.369 pstd=0.325 capv=0.000 lr=5.0e-04 gen=4.1s train=0.1s
[t= 325.0s] rebel  ep150 games=  48 dec=  5876 cap=0.04 cfgs= 26.1 L=0.00739 tgt=+0.013/0.351 pstd=0.325 capv=0.000 lr=5.0e-04 gen=4.1s train=0.1s
[t= 329.2s] rebel  ep151 games=  48 dec=  5908 cap=0.04 cfgs= 24.1 L=0.00713 tgt=-0.001/0.362 pstd=0.325 capv=0.000 lr=5.0e-04 gen=4.1s train=0.1s
[t= 333.6s] rebel  ep152 games=  48 dec=  5971 cap=0.02 cfgs= 26.0 L=0.00730 tgt=+0.013/0.394 pstd=0.324 capv=0.000 lr=5.0e-04 gen=4.3s train=0.1s
[t= 337.9s] rebel  ep153 games=  48 dec=  5922 cap=0.04 cfgs= 24.6 L=0.00687 tgt=+0.007/0.396 pstd=0.321 capv=0.000 lr=5.0e-04 gen=4.2s train=0.1s
[t= 342.4s] rebel  ep154 games=  48 dec=  5747 cap=0.02 cfgs= 27.2 L=0.00682 tgt=+0.010/0.375 pstd=0.325 capv=0.000 lr=5.0e-04 gen=4.4s train=0.1s
[t= 346.9s] rebel  ep155 games=  48 dec=  5613 cap=0.00 cfgs= 26.0 L=0.00749 tgt=-0.006/0.372 pstd=0.324 capv=0.000 lr=5.0e-04 gen=4.3s train=0.1s
[t= 351.2s] rebel  ep156 games=  48 dec=  5502 cap=0.00 cfgs= 26.0 L=0.00719 tgt=+0.022/0.408 pstd=0.326 capv=0.000 lr=5.0e-04 gen=4.2s train=0.1s
[t= 355.8s] rebel  ep157 games=  48 dec=  5688 cap=0.00 cfgs= 27.8 L=0.00757 tgt=-0.009/0.371 pstd=0.324 capv=0.000 lr=5.0e-04 gen=4.6s train=0.1s
[t= 360.4s] rebel  ep158 games=  48 dec=  5620 cap=0.04 cfgs= 26.2 L=0.00715 tgt=+0.006/0.344 pstd=0.328 capv=0.000 lr=5.0e-04 gen=4.5s train=0.1s
[t= 364.9s] rebel  ep159 games=  48 dec=  5463 cap=0.00 cfgs= 25.9 L=0.00733 tgt=+0.010/0.404 pstd=0.321 capv=0.000 lr=5.0e-04 gen=4.4s train=0.1s
[t= 369.5s] rebel  ep160 games=  48 dec=  5672 cap=0.06 cfgs= 26.1 L=0.00741 tgt=-0.003/0.357 pstd=0.326 capv=0.000 lr=5.0e-04 gen=4.5s train=0.1s
[t= 374.4s] rebel  ep161 games=  48 dec=  5590 cap=0.00 cfgs= 27.6 L=0.00733 tgt=-0.004/0.370 pstd=0.329 capv=0.000 lr=5.0e-04 gen=4.8s train=0.1s
[t= 379.0s] rebel  ep162 games=  48 dec=  5916 cap=0.04 cfgs= 25.1 L=0.00738 tgt=-0.003/0.354 pstd=0.322 capv=0.000 lr=5.0e-04 gen=4.5s train=0.1s
[t= 384.1s] rebel  ep163 games=  48 dec=  5789 cap=0.02 cfgs= 25.8 L=0.00710 tgt=+0.014/0.366 pstd=0.329 capv=0.000 lr=5.0e-04 gen=5.0s train=0.1s
[t= 389.3s] rebel  ep164 games=  48 dec=  5685 cap=0.02 cfgs= 24.2 L=0.00689 tgt=+0.011/0.393 pstd=0.324 capv=0.000 lr=5.0e-04 gen=5.0s train=0.1s
[t= 395.0s] rebel  ep165 games=  48 dec=  5963 cap=0.04 cfgs= 25.8 L=0.00708 tgt=-0.002/0.366 pstd=0.325 capv=0.000 lr=5.0e-04 gen=5.6s train=0.1s
[t= 400.3s] rebel  ep166 games=  48 dec=  5247 cap=0.00 cfgs= 29.7 L=0.00745 tgt=-0.006/0.380 pstd=0.327 capv=0.000 lr=5.0e-04 gen=5.2s train=0.1s
[t= 405.4s] rebel  ep167 games=  48 dec=  5520 cap=0.00 cfgs= 24.7 L=0.00725 tgt=-0.009/0.392 pstd=0.327 capv=0.000 lr=5.0e-04 gen=5.0s train=0.1s
[t= 411.4s] rebel  ep168 games=  48 dec=  6342 cap=0.04 cfgs= 23.7 L=0.00694 tgt=+0.015/0.386 pstd=0.325 capv=0.000 lr=5.0e-04 gen=5.9s train=0.1s
[t= 416.8s] rebel  ep169 games=  48 dec=  5329 cap=0.02 cfgs= 27.4 L=0.00721 tgt=-0.002/0.377 pstd=0.327 capv=0.000 lr=5.0e-04 gen=5.3s train=0.1s
[t= 422.4s] rebel  ep170 games=  48 dec=  5521 cap=0.00 cfgs= 28.0 L=0.00702 tgt=+0.002/0.382 pstd=0.325 capv=0.000 lr=5.0e-04 gen=5.5s train=0.1s
[t= 427.8s] rebel  ep171 games=  48 dec=  5321 cap=0.00 cfgs= 28.6 L=0.00725 tgt=-0.009/0.360 pstd=0.328 capv=0.000 lr=5.0e-04 gen=5.2s train=0.1s
[t= 433.1s] rebel  ep172 games=  48 dec=  5440 cap=0.02 cfgs= 28.0 L=0.00726 tgt=+0.007/0.397 pstd=0.326 capv=0.000 lr=5.0e-04 gen=5.2s train=0.1s
[t= 433.1s] --- lr -> 2.50e-04 ---
[t= 438.2s] rebel  ep173 games=  48 dec=  5429 cap=0.02 cfgs= 25.8 L=0.00725 tgt=+0.013/0.394 pstd=0.327 capv=0.000 lr=2.5e-04 gen=5.0s train=0.1s
[t= 443.3s] rebel  ep174 games=  48 dec=  5096 cap=0.00 cfgs= 29.6 L=0.00715 tgt=-0.009/0.372 pstd=0.323 capv=0.000 lr=2.5e-04 gen=5.0s train=0.1s
[t= 448.5s] rebel  ep175 games=  48 dec=  5288 cap=0.00 cfgs= 27.3 L=0.00706 tgt=+0.007/0.385 pstd=0.326 capv=0.000 lr=2.5e-04 gen=5.1s train=0.1s
[t= 454.0s] rebel  ep176 games=  48 dec=  5820 cap=0.08 cfgs= 25.9 L=0.00731 tgt=-0.011/0.396 pstd=0.325 capv=0.000 lr=2.5e-04 gen=5.3s train=0.1s
[t= 459.0s] rebel  ep177 games=  48 dec=  5926 cap=0.06 cfgs= 22.7 L=0.00733 tgt=-0.004/0.388 pstd=0.327 capv=0.000 lr=2.5e-04 gen=4.9s train=0.1s
[t= 464.2s] rebel  ep178 games=  48 dec=  5758 cap=0.04 cfgs= 23.8 L=0.00723 tgt=+0.003/0.358 pstd=0.323 capv=0.000 lr=2.5e-04 gen=5.1s train=0.1s
[t= 469.3s] rebel  ep179 games=  48 dec=  5826 cap=0.04 cfgs= 24.2 L=0.00725 tgt=+0.008/0.399 pstd=0.326 capv=0.000 lr=2.5e-04 gen=4.9s train=0.1s
[t= 474.6s] rebel  ep180 games=  48 dec=  5810 cap=0.02 cfgs= 23.8 L=0.00748 tgt=+0.002/0.392 pstd=0.321 capv=0.000 lr=2.5e-04 gen=5.2s train=0.1s
[t= 480.2s] rebel  ep181 games=  48 dec=  5754 cap=0.00 cfgs= 28.6 L=0.00708 tgt=-0.004/0.385 pstd=0.323 capv=0.000 lr=2.5e-04 gen=5.5s train=0.1s
[t= 485.7s] rebel  ep182 games=  48 dec=  5831 cap=0.04 cfgs= 26.0 L=0.00739 tgt=-0.008/0.391 pstd=0.323 capv=0.000 lr=2.5e-04 gen=5.4s train=0.1s
[t= 491.0s] rebel  ep183 games=  48 dec=  5741 cap=0.02 cfgs= 25.8 L=0.00700 tgt=+0.003/0.379 pstd=0.325 capv=0.000 lr=2.5e-04 gen=5.2s train=0.1s
[t= 496.3s] rebel  ep184 games=  48 dec=  5673 cap=0.02 cfgs= 25.8 L=0.00706 tgt=-0.013/0.362 pstd=0.324 capv=0.000 lr=2.5e-04 gen=5.1s train=0.1s
[t= 501.6s] rebel  ep185 games=  48 dec=  5679 cap=0.00 cfgs= 23.9 L=0.00735 tgt=+0.016/0.379 pstd=0.323 capv=0.000 lr=2.5e-04 gen=5.2s train=0.1s
[t= 507.0s] rebel  ep186 games=  48 dec=  5822 cap=0.04 cfgs= 27.8 L=0.00733 tgt=-0.005/0.423 pstd=0.326 capv=0.000 lr=2.5e-04 gen=5.2s train=0.1s
[t= 511.3s] rebel  ep187 games=  48 dec=  5051 cap=0.02 cfgs= 25.3 L=0.00740 tgt=-0.016/0.386 pstd=0.324 capv=0.000 lr=2.5e-04 gen=4.2s train=0.1s
[t= 516.5s] rebel  ep188 games=  48 dec=  5208 cap=0.00 cfgs= 26.0 L=0.00702 tgt=+0.005/0.394 pstd=0.324 capv=0.000 lr=2.5e-04 gen=5.1s train=0.1s
[t= 521.9s] rebel  ep189 games=  48 dec=  6136 cap=0.00 cfgs= 24.3 L=0.00754 tgt=-0.002/0.369 pstd=0.325 capv=0.000 lr=2.5e-04 gen=5.3s train=0.1s
[t= 527.3s] rebel  ep190 games=  48 dec=  6132 cap=0.06 cfgs= 23.4 L=0.00737 tgt=-0.002/0.391 pstd=0.324 capv=0.000 lr=2.5e-04 gen=5.3s train=0.1s
[t= 533.0s] rebel  ep191 games=  48 dec=  5489 cap=0.00 cfgs= 29.7 L=0.00716 tgt=+0.004/0.384 pstd=0.326 capv=0.000 lr=2.5e-04 gen=5.5s train=0.1s
[t= 538.5s] rebel  ep192 games=  48 dec=  5935 cap=0.06 cfgs= 25.9 L=0.00694 tgt=+0.002/0.367 pstd=0.326 capv=0.000 lr=2.5e-04 gen=5.4s train=0.1s
[t= 544.3s] rebel  ep193 games=  48 dec=  5871 cap=0.02 cfgs= 28.1 L=0.00693 tgt=+0.006/0.407 pstd=0.325 capv=0.000 lr=2.5e-04 gen=5.6s train=0.1s
[t= 549.7s] rebel  ep194 games=  48 dec=  5420 cap=0.02 cfgs= 26.1 L=0.00711 tgt=-0.007/0.396 pstd=0.326 capv=0.000 lr=2.5e-04 gen=5.3s train=0.1s
[t= 554.8s] rebel  ep195 games=  48 dec=  5253 cap=0.00 cfgs= 26.2 L=0.00735 tgt=-0.003/0.381 pstd=0.326 capv=0.000 lr=2.5e-04 gen=5.1s train=0.1s
[t= 560.0s] rebel  ep196 games=  48 dec=  5510 cap=0.00 cfgs= 24.8 L=0.00725 tgt=+0.005/0.381 pstd=0.327 capv=0.000 lr=2.5e-04 gen=5.0s train=0.1s
[t= 564.8s] rebel  ep197 games=  48 dec=  5227 cap=0.00 cfgs= 23.2 L=0.00720 tgt=+0.008/0.376 pstd=0.325 capv=0.000 lr=2.5e-04 gen=4.7s train=0.1s
[t= 570.5s] rebel  ep198 games=  48 dec=  6026 cap=0.06 cfgs= 25.9 L=0.00735 tgt=-0.009/0.361 pstd=0.326 capv=0.000 lr=2.5e-04 gen=5.6s train=0.1s
[t= 575.9s] rebel  ep199 games=  48 dec=  5135 cap=0.00 cfgs= 27.8 L=0.00753 tgt=-0.011/0.384 pstd=0.326 capv=0.000 lr=2.5e-04 gen=5.2s train=0.1s
[t= 581.4s] rebel  ep200 games=  48 dec=  6237 cap=0.02 cfgs= 22.8 L=0.00720 tgt=+0.000/0.374 pstd=0.327 capv=0.000 lr=2.5e-04 gen=5.5s train=0.1s
[t= 586.7s] rebel  ep201 games=  48 dec=  5164 cap=0.00 cfgs= 26.2 L=0.00710 tgt=-0.006/0.379 pstd=0.326 capv=0.000 lr=2.5e-04 gen=5.1s train=0.1s
[t= 592.3s] rebel  ep202 games=  48 dec=  5493 cap=0.00 cfgs= 29.0 L=0.00721 tgt=+0.000/0.391 pstd=0.325 capv=0.000 lr=2.5e-04 gen=5.5s train=0.1s
[t= 597.6s] rebel  ep203 games=  48 dec=  5226 cap=0.00 cfgs= 29.8 L=0.00708 tgt=-0.002/0.408 pstd=0.325 capv=0.000 lr=2.5e-04 gen=5.2s train=0.1s
[t= 603.2s] rebel  ep204 games=  48 dec=  5776 cap=0.02 cfgs= 25.3 L=0.00682 tgt=-0.010/0.395 pstd=0.326 capv=0.000 lr=2.5e-04 gen=5.4s train=0.2s
dumped 315169 buffer rows to runs/feat02/buf.npz

=== evaluation on the real game (horizon payoff 0; training ended at 0.000) ===
final checkpoint vs Greedy             W 196 L   0 D   4   score 0.990 +- 0.014
final checkpoint vs initial checkpoint W 188 L  10 D   2   score 0.945 +- 0.032

GOAL: the run produced a checkpoint better than the initial one that also beats Greedy -> PASS
      (ReBeL self-play must carry the warm-started network past its own start; final_vs_init is the headline)
