[train] runs/gt_batch_smoke at 1feb485+dirty seed=1 {'minutes': 3.0, 'warm_minutes': 0.5, 'snapshot_every': 1.0, 'ladder_games': 0, 'note': 'eight-solve-stream-profile'}
[train] eight-solve-stream-profile
[cpu] pinned to 36 physical cores
[train] CUDA stream priority -1
[cfg] PUBFEAT=897 CFEAT=15 architecture=gt-cfr nodes=256 expand=4 iters=16 budget=180s warm=30s snapshot_every=1min device=cuda:1 draft=random train_gen_ratio=4.0 recent_mix=0.5/0.2 canonical_views=2 cap=2000000 matmul=high
[t=   1.6s] greedy ep  0 games=  96 dec= 18968 rows= 18118 horizon=0.30 L=2.22096 L/var=15.08 tgt=-0.065/0.384 pstd=0.088 gen=0.1s train=1.4s
[t=   2.7s] greedy ep  1 games=  96 dec= 18844 rows= 18051 horizon=0.33 L=0.54173 L/var=3.12 tgt=-0.083/0.417 pstd=0.060 gen=0.1s train=0.9s
[t=   3.7s] greedy ep  2 games=  96 dec= 18181 rows= 17414 horizon=0.27 L=0.45027 L/var=2.85 tgt=-0.076/0.397 pstd=0.044 gen=0.1s train=0.8s
[t=   4.8s] greedy ep  3 games=  96 dec= 17989 rows= 17120 horizon=0.26 L=0.33687 L/var=2.22 tgt=-0.077/0.389 pstd=0.041 gen=0.1s train=0.8s
[t=   5.9s] greedy ep  4 games=  96 dec= 18823 rows= 18078 horizon=0.29 L=0.29767 L/var=1.93 tgt=-0.064/0.392 pstd=0.033 gen=0.1s train=0.9s
[t=   7.0s] greedy ep  5 games=  96 dec= 18924 rows= 18146 horizon=0.33 L=0.29288 L/var=1.99 tgt=-0.051/0.384 pstd=0.056 gen=0.1s train=0.9s
[t=   8.1s] greedy ep  6 games=  96 dec= 17615 rows= 16921 horizon=0.26 L=0.24082 L/var=1.49 tgt=-0.082/0.402 pstd=0.083 gen=0.1s train=0.9s
[t=   9.1s] greedy ep  7 games=  96 dec= 18608 rows= 17786 horizon=0.36 L=0.22733 L/var=1.31 tgt=-0.092/0.417 pstd=0.084 gen=0.1s train=0.9s
[t=  10.3s] greedy ep  8 games=  96 dec= 19040 rows= 18296 horizon=0.36 L=0.22485 L/var=1.42 tgt=-0.064/0.398 pstd=0.086 gen=0.1s train=0.9s
[t=  11.3s] greedy ep  9 games=  96 dec= 18200 rows= 17459 horizon=0.27 L=0.24874 L/var=1.47 tgt=-0.090/0.411 pstd=0.076 gen=0.1s train=0.9s
[t=  12.5s] greedy ep 10 games=  96 dec= 17927 rows= 17200 horizon=0.24 L=0.24543 L/var=1.50 tgt=-0.082/0.404 pstd=0.090 gen=0.1s train=0.9s
[t=  13.7s] greedy ep 11 games=  96 dec= 17941 rows= 17162 horizon=0.28 L=0.23847 L/var=1.49 tgt=-0.100/0.400 pstd=0.088 gen=0.1s train=1.0s
[t=  14.8s] greedy ep 12 games=  96 dec= 17384 rows= 16648 horizon=0.25 L=0.21014 L/var=1.54 tgt=-0.053/0.370 pstd=0.107 gen=0.1s train=0.8s
[t=  15.9s] greedy ep 13 games=  96 dec= 18153 rows= 17377 horizon=0.28 L=0.21023 L/var=1.32 tgt=-0.090/0.400 pstd=0.144 gen=0.1s train=0.9s
[t=  17.0s] greedy ep 14 games=  96 dec= 18097 rows= 17377 horizon=0.26 L=0.20611 L/var=1.37 tgt=-0.061/0.388 pstd=0.167 gen=0.1s train=0.9s
[t=  18.1s] greedy ep 15 games=  96 dec= 18356 rows= 17581 horizon=0.30 L=0.20933 L/var=1.27 tgt=-0.075/0.407 pstd=0.172 gen=0.1s train=0.9s
[t=  19.2s] greedy ep 16 games=  96 dec= 19141 rows= 18328 horizon=0.32 L=0.20929 L/var=1.31 tgt=-0.060/0.400 pstd=0.124 gen=0.1s train=0.9s
[t=  20.4s] greedy ep 17 games=  96 dec= 18885 rows= 18173 horizon=0.30 L=0.21040 L/var=1.25 tgt=-0.075/0.410 pstd=0.141 gen=0.1s train=0.9s
[t=  21.5s] greedy ep 18 games=  96 dec= 17886 rows= 17103 horizon=0.25 L=0.20620 L/var=1.38 tgt=-0.064/0.386 pstd=0.146 gen=0.1s train=0.9s
[t=  22.5s] greedy ep 19 games=  96 dec= 17738 rows= 16961 horizon=0.23 L=0.20201 L/var=1.08 tgt=-0.108/0.433 pstd=0.207 gen=0.1s train=0.9s
[t=  23.6s] greedy ep 20 games=  96 dec= 17716 rows= 17039 horizon=0.28 L=0.31580 L/var=1.72 tgt=-0.090/0.429 pstd=0.103 gen=0.1s train=0.9s
[t=  24.7s] greedy ep 21 games=  96 dec= 17777 rows= 17032 horizon=0.23 L=0.25389 L/var=1.58 tgt=-0.097/0.401 pstd=0.093 gen=0.1s train=0.9s
[t=  25.8s] greedy ep 22 games=  96 dec= 18472 rows= 17732 horizon=0.33 L=0.21315 L/var=1.36 tgt=-0.079/0.396 pstd=0.152 gen=0.1s train=0.9s
[t=  26.9s] greedy ep 23 games=  96 dec= 18429 rows= 17627 horizon=0.27 L=0.20749 L/var=1.36 tgt=-0.079/0.391 pstd=0.174 gen=0.1s train=0.9s
[t=  28.1s] greedy ep 24 games=  96 dec= 18992 rows= 18327 horizon=0.35 L=0.20713 L/var=1.22 tgt=-0.080/0.412 pstd=0.169 gen=0.1s train=0.9s
[t=  29.2s] greedy ep 25 games=  96 dec= 18039 rows= 17262 horizon=0.23 L=0.19907 L/var=1.14 tgt=-0.097/0.418 pstd=0.162 gen=0.1s train=0.9s
[t=  30.3s] greedy ep 26 games=  96 dec= 19627 rows= 18805 horizon=0.33 L=0.20873 L/var=1.23 tgt=-0.078/0.412 pstd=0.260 gen=0.1s train=0.9s
[t=  30.3s] --- snapshot snap_00.pt (init) ---
[t=  30.3s] --- switching to GT-CFR ---
[t=  41.5s] GT-CFR solves=296 rate=26.4/s rows=150 games=0 caps=0 L=0.07388 L/var=4.13 tgt=+0.141/0.134 gen=5.20s train=0.13s gpu=0.00s
[t=  53.1s] GT-CFR solves=872 rate=38.3/s rows=141 games=0 caps=0 L=0.17936 L/var=7.40 tgt=-0.134/0.156 gen=5.93s train=0.08s gpu=0.00s
[t=  63.4s] GT-CFR solves=1424 rate=43.1/s rows=58 games=0 caps=0 L=0.38845 L/var=3.81 tgt=+0.364/0.319 gen=7.64s train=0.07s gpu=0.00s
[t=  73.4s] GT-CFR solves=1784 rate=41.4/s rows=90 games=0 caps=0 L=0.22155 L/var=184.19 tgt=+0.019/0.035 gen=9.13s train=0.10s gpu=0.00s
[t=  80.0s] --- lr -> 5.00e-04 ---
[t=  83.7s] GT-CFR solves=2264 rate=42.5/s rows=63 games=0 caps=0 L=0.14213 L/var=5.32 tgt=+0.183/0.163 gen=6.21s train=0.13s gpu=0.00s
[t=  91.0s] --- snapshot snap_01.pt (s1) ---
[t=  93.8s] GT-CFR solves=2616 rate=41.2/s rows=54 games=0 caps=0 L=0.07461 L/var=2.19 tgt=+0.223/0.185 gen=8.70s train=0.14s gpu=0.00s
[t= 103.9s] GT-CFR solves=2960 rate=40.2/s rows=48 games=0 caps=0 L=0.08951 L/var=48.70 tgt=-0.038/0.043 gen=7.52s train=0.15s gpu=0.00s
[t= 114.1s] GT-CFR solves=3368 rate=40.2/s rows=56 games=0 caps=0 L=0.04864 L/var=125.07 tgt=-0.017/0.020 gen=6.80s train=0.19s gpu=0.00s
[t= 124.3s] GT-CFR solves=3736 rate=39.7/s rows=83 games=0 caps=0 L=0.06576 L/var=11.94 tgt=+0.100/0.074 gen=6.52s train=0.18s gpu=0.00s
[t= 131.1s] --- lr -> 2.50e-04 ---
[t= 134.9s] GT-CFR solves=4104 rate=39.3/s rows=64 games=0 caps=0 L=0.04703 L/var=22.30 tgt=+0.048/0.046 gen=6.72s train=0.18s gpu=0.00s
[t= 144.9s] GT-CFR solves=4504 rate=39.3/s rows=81 games=0 caps=0 L=0.04131 L/var=21.99 tgt=+0.034/0.043 gen=8.83s train=0.16s gpu=0.00s
[t= 151.1s] --- snapshot snap_02.pt (s2) ---
[t= 155.0s] GT-CFR solves=4936 rate=39.6/s rows=57 games=0 caps=0 L=0.04793 L/var=15.39 tgt=+0.009/0.056 gen=9.83s train=0.17s gpu=0.00s
[t= 165.5s] GT-CFR solves=5352 rate=39.6/s rows=79 games=0 caps=0 L=0.03959 L/var=48.44 tgt=+0.015/0.029 gen=6.45s train=0.15s gpu=0.00s
[t= 175.6s] GT-CFR solves=5784 rate=39.8/s rows=112 games=0 caps=0 L=0.03368 L/var=38.64 tgt=+0.037/0.030 gen=5.72s train=0.14s gpu=0.00s
[GT-CFR-summary] solves=5944 optimizer_rows=23552 rate=35.4/s horizon=0.00 games=8 caps=0
[t= 198.2s] --- snapshot snap_03.pt (final) ---
