[gpu] solve services up on [0, 1]
[cfg] PUBFEAT=897 CFEAT=16 hidden=384 head=384 dg=64 rank=64 depth=2 iters=64 budget=1800s warm=300s device=cuda:1 draft=random snapshot_every=6.0min train_gen_ratio=4.0 recent_mix=0.5/0.2 augment=True cap=2000000 matmul=high
[t=   2.3s] greedy ep  0 games=  96 dec= 19020 rows= 18171 horizon=0.30 nodecap=0 over=0 card=0 exact=0 drop=0 cfgs= 27.4 L=0.07847 P=nan old=0.01377 new=0.00385 tgt=-0.023/0.480 pstd=0.464 capv=0.040 lr=1.0e-03 gen=0.1s conv=0.0s add=0.1s train=2.1s sps=0
[t=   4.2s] greedy ep  1 games=  96 dec= 18777 rows= 17977 horizon=0.32 nodecap=0 over=0 card=0 exact=0 drop=0 cfgs= 26.6 L=0.03378 P=nan old=0.01339 new=0.00363 tgt=-0.059/0.493 pstd=0.479 capv=0.040 lr=1.0e-03 gen=0.1s conv=0.0s add=0.1s train=1.7s sps=0
[t=   6.0s] greedy ep  2 games=  96 dec= 18179 rows= 17397 horizon=0.26 nodecap=0 over=0 card=0 exact=0 drop=0 cfgs= 27.9 L=0.02957 P=nan old=0.00981 new=0.00384 tgt=-0.018/0.516 pstd=0.474 capv=0.040 lr=1.0e-03 gen=0.1s conv=0.0s add=0.1s train=1.6s sps=0
[t=   7.8s] greedy ep  3 games=  96 dec= 17876 rows= 17033 horizon=0.26 nodecap=0 over=0 card=0 exact=0 drop=0 cfgs= 26.4 L=0.02701 P=nan old=0.01121 new=0.00428 tgt=-0.027/0.498 pstd=0.471 capv=0.040 lr=1.0e-03 gen=0.1s conv=0.0s add=0.1s train=1.6s sps=0
[t=   9.7s] greedy ep  4 games=  96 dec= 19004 rows= 18249 horizon=0.31 nodecap=0 over=0 card=0 exact=0 drop=0 cfgs= 28.3 L=0.02299 P=nan old=0.00904 new=0.00444 tgt=-0.025/0.465 pstd=0.464 capv=0.040 lr=1.0e-03 gen=0.1s conv=0.0s add=0.1s train=1.7s sps=0
[t=  11.7s] greedy ep  5 games=  96 dec= 19345 rows= 18536 horizon=0.35 nodecap=0 over=0 card=0 exact=0 drop=0 cfgs= 26.4 L=0.02068 P=nan old=0.00986 new=0.00470 tgt=-0.026/0.492 pstd=0.473 capv=0.040 lr=1.0e-03 gen=0.1s conv=0.0s add=0.1s train=1.8s sps=0
[t=  13.5s] greedy ep  6 games=  96 dec= 17785 rows= 17102 horizon=0.28 nodecap=0 over=0 card=0 exact=0 drop=0 cfgs= 26.9 L=0.02259 P=nan old=0.01050 new=0.00626 tgt=-0.040/0.500 pstd=0.470 capv=0.040 lr=1.0e-03 gen=0.1s conv=0.0s add=0.1s train=1.6s sps=0
[t=  15.3s] greedy ep  7 games=  96 dec= 18319 rows= 17483 horizon=0.32 nodecap=0 over=0 card=0 exact=0 drop=0 cfgs= 27.7 L=0.02038 P=nan old=0.01065 new=0.00512 tgt=-0.059/0.503 pstd=0.476 capv=0.040 lr=1.0e-03 gen=0.1s conv=0.0s add=0.1s train=1.7s sps=0
[t=  17.2s] greedy ep  8 games=  96 dec= 18824 rows= 18083 horizon=0.34 nodecap=0 over=0 card=0 exact=0 drop=0 cfgs= 26.1 L=0.01814 P=nan old=0.01195 new=0.00616 tgt=-0.018/0.491 pstd=0.475 capv=0.040 lr=1.0e-03 gen=0.1s conv=0.0s add=0.1s train=1.7s sps=0
[t=  19.0s] greedy ep  9 games=  96 dec= 18100 rows= 17381 horizon=0.26 nodecap=0 over=0 card=0 exact=0 drop=0 cfgs= 26.3 L=0.01820 P=nan old=0.01048 new=0.00601 tgt=-0.043/0.522 pstd=0.470 capv=0.040 lr=1.0e-03 gen=0.1s conv=0.0s add=0.1s train=1.7s sps=0
[t=  20.8s] greedy ep 10 games=  96 dec= 17757 rows= 17029 horizon=0.23 nodecap=0 over=0 card=0 exact=0 drop=0 cfgs= 28.7 L=0.01863 P=nan old=0.01165 new=0.00785 tgt=-0.035/0.525 pstd=0.472 capv=0.040 lr=1.0e-03 gen=0.1s conv=0.0s add=0.1s train=1.6s sps=0
[t=  22.6s] greedy ep 11 games=  96 dec= 18043 rows= 17250 horizon=0.28 nodecap=0 over=0 card=0 exact=0 drop=0 cfgs= 27.7 L=0.01786 P=nan old=0.01254 new=0.00701 tgt=-0.047/0.493 pstd=0.470 capv=0.040 lr=1.0e-03 gen=0.1s conv=0.0s add=0.1s train=1.6s sps=0
[t=  24.3s] greedy ep 12 games=  96 dec= 17420 rows= 16700 horizon=0.25 nodecap=0 over=0 card=0 exact=0 drop=0 cfgs= 27.9 L=0.01913 P=nan old=0.01224 new=0.00728 tgt=-0.028/0.502 pstd=0.469 capv=0.040 lr=1.0e-03 gen=0.1s conv=0.0s add=0.1s train=1.6s sps=0
[t=  26.1s] greedy ep 13 games=  96 dec= 18339 rows= 17564 horizon=0.29 nodecap=0 over=0 card=0 exact=0 drop=0 cfgs= 27.2 L=0.01743 P=nan old=0.01158 new=0.00826 tgt=-0.034/0.497 pstd=0.469 capv=0.040 lr=1.0e-03 gen=0.1s conv=0.0s add=0.1s train=1.7s sps=0
[t=  28.0s] greedy ep 14 games=  96 dec= 17985 rows= 17266 horizon=0.25 nodecap=0 over=0 card=0 exact=0 drop=0 cfgs= 27.8 L=0.01827 P=nan old=0.01220 new=0.00777 tgt=-0.037/0.515 pstd=0.463 capv=0.040 lr=1.0e-03 gen=0.1s conv=0.0s add=0.1s train=1.6s sps=0
[t=  29.9s] greedy ep 15 games=  96 dec= 18309 rows= 17520 horizon=0.30 nodecap=0 over=0 card=0 exact=0 drop=0 cfgs= 26.8 L=0.01779 P=nan old=0.01423 new=0.00829 tgt=-0.021/0.493 pstd=0.461 capv=0.040 lr=1.0e-03 gen=0.1s conv=0.0s add=0.1s train=1.8s sps=0
[t=  32.1s] greedy ep 16 games=  96 dec= 19097 rows= 18291 horizon=0.33 nodecap=0 over=0 card=0 exact=0 drop=0 cfgs= 27.3 L=0.01734 P=nan old=0.01318 new=0.00831 tgt=+0.006/0.479 pstd=0.464 capv=0.040 lr=1.0e-03 gen=0.1s conv=0.0s add=0.1s train=2.1s sps=0
[t=  34.1s] greedy ep 17 games=  96 dec= 18142 rows= 17461 horizon=0.26 nodecap=0 over=0 card=0 exact=0 drop=0 cfgs= 27.3 L=0.01627 P=nan old=0.01269 new=0.00913 tgt=-0.054/0.518 pstd=0.467 capv=0.040 lr=1.0e-03 gen=0.1s conv=0.0s add=0.1s train=1.8s sps=0
[t=  35.9s] greedy ep 18 games=  96 dec= 17690 rows= 16896 horizon=0.22 nodecap=0 over=0 card=0 exact=0 drop=0 cfgs= 26.3 L=0.01802 P=nan old=0.01291 new=0.00854 tgt=-0.021/0.516 pstd=0.459 capv=0.040 lr=1.0e-03 gen=0.1s conv=0.0s add=0.1s train=1.6s sps=0
[t=  37.7s] greedy ep 19 games=  96 dec= 17806 rows= 17037 horizon=0.25 nodecap=0 over=0 card=0 exact=0 drop=0 cfgs= 27.5 L=0.01800 P=nan old=0.01393 new=0.00934 tgt=-0.059/0.527 pstd=0.452 capv=0.040 lr=1.0e-03 gen=0.1s conv=0.0s add=0.1s train=1.6s sps=0
[t=  39.5s] greedy ep 20 games=  96 dec= 17813 rows= 17128 horizon=0.28 nodecap=0 over=0 card=0 exact=0 drop=0 cfgs= 27.0 L=0.01668 P=nan old=0.01479 new=0.00893 tgt=-0.068/0.519 pstd=0.476 capv=0.040 lr=1.0e-03 gen=0.1s conv=0.0s add=0.1s train=1.6s sps=0
[t=  41.3s] greedy ep 21 games=  96 dec= 17800 rows= 17085 horizon=0.25 nodecap=0 over=0 card=0 exact=0 drop=0 cfgs= 28.0 L=0.01792 P=nan old=0.01377 new=0.00951 tgt=-0.054/0.513 pstd=0.466 capv=0.040 lr=1.0e-03 gen=0.1s conv=0.0s add=0.1s train=1.6s sps=0
[t=  43.1s] greedy ep 22 games=  96 dec= 18528 rows= 17771 horizon=0.31 nodecap=0 over=0 card=0 exact=0 drop=0 cfgs= 26.7 L=0.01545 P=nan old=0.01341 new=0.01012 tgt=-0.028/0.488 pstd=0.462 capv=0.040 lr=1.0e-03 gen=0.1s conv=0.0s add=0.1s train=1.7s sps=0
[t=  44.9s] greedy ep 23 games=  96 dec= 18486 rows= 17685 horizon=0.28 nodecap=0 over=0 card=0 exact=0 drop=0 cfgs= 25.6 L=0.01583 P=nan old=0.01232 new=0.00956 tgt=-0.008/0.478 pstd=0.468 capv=0.040 lr=1.0e-03 gen=0.1s conv=0.0s add=0.1s train=1.7s sps=0
[t=  46.9s] greedy ep 24 games=  96 dec= 19060 rows= 18394 horizon=0.35 nodecap=0 over=0 card=0 exact=0 drop=0 cfgs= 25.6 L=0.01738 P=nan old=0.01411 new=0.01046 tgt=-0.011/0.480 pstd=0.462 capv=0.040 lr=1.0e-03 gen=0.1s conv=0.0s add=0.1s train=1.7s sps=0
[t=  48.7s] greedy ep 25 games=  96 dec= 18086 rows= 17335 horizon=0.23 nodecap=0 over=0 card=0 exact=0 drop=0 cfgs= 27.3 L=0.01855 P=nan old=0.01465 new=0.00975 tgt=-0.026/0.520 pstd=0.460 capv=0.040 lr=1.0e-03 gen=0.1s conv=0.0s add=0.1s train=1.6s sps=0
[t=  50.6s] greedy ep 26 games=  96 dec= 19692 rows= 18851 horizon=0.33 nodecap=0 over=0 card=0 exact=0 drop=0 cfgs= 26.5 L=0.01609 P=nan old=0.01307 new=0.00913 tgt=-0.031/0.495 pstd=0.466 capv=0.040 lr=1.0e-03 gen=0.1s conv=0.0s add=0.1s train=1.8s sps=0
[t=  52.4s] greedy ep 27 games=  96 dec= 18267 rows= 17486 horizon=0.26 nodecap=0 over=0 card=0 exact=0 drop=0 cfgs= 28.3 L=0.01653 P=nan old=0.01613 new=0.00961 tgt=-0.023/0.486 pstd=0.461 capv=0.040 lr=1.0e-03 gen=0.1s conv=0.0s add=0.1s train=1.6s sps=0
[t=  54.3s] greedy ep 28 games=  96 dec= 19074 rows= 18289 horizon=0.30 nodecap=0 over=0 card=0 exact=0 drop=0 cfgs= 27.0 L=0.01761 P=nan old=0.01601 new=0.00968 tgt=-0.044/0.496 pstd=0.476 capv=0.040 lr=1.0e-03 gen=0.1s conv=0.0s add=0.1s train=1.7s sps=0
[t=  56.2s] greedy ep 29 games=  96 dec= 18686 rows= 17929 horizon=0.26 nodecap=0 over=0 card=0 exact=0 drop=0 cfgs= 28.4 L=0.01819 P=nan old=0.01788 new=0.01117 tgt=-0.052/0.512 pstd=0.455 capv=0.040 lr=1.0e-03 gen=0.1s conv=0.0s add=0.1s train=1.7s sps=0
[t=  58.1s] greedy ep 30 games=  96 dec= 19082 rows= 18260 horizon=0.30 nodecap=0 over=0 card=0 exact=0 drop=0 cfgs= 27.4 L=0.01800 P=nan old=0.01555 new=0.00943 tgt=-0.028/0.480 pstd=0.454 capv=0.040 lr=1.0e-03 gen=0.1s conv=0.0s add=0.1s train=1.7s sps=0
[t=  59.9s] greedy ep 31 games=  96 dec= 18482 rows= 17679 horizon=0.27 nodecap=0 over=0 card=0 exact=0 drop=0 cfgs= 28.1 L=0.01694 P=nan old=0.01518 new=0.00910 tgt=-0.042/0.504 pstd=0.465 capv=0.040 lr=1.0e-03 gen=0.1s conv=0.0s add=0.1s train=1.7s sps=0
[t=  61.8s] greedy ep 32 games=  96 dec= 18699 rows= 17926 horizon=0.32 nodecap=0 over=0 card=0 exact=0 drop=0 cfgs= 26.5 L=0.01668 P=nan old=0.01592 new=0.00867 tgt=-0.012/0.483 pstd=0.463 capv=0.040 lr=1.0e-03 gen=0.1s conv=0.0s add=0.1s train=1.7s sps=0
[t=  63.7s] greedy ep 33 games=  96 dec= 18814 rows= 17970 horizon=0.31 nodecap=0 over=0 card=0 exact=0 drop=0 cfgs= 27.4 L=0.01749 P=nan old=0.01576 new=0.01233 tgt=-0.000/0.514 pstd=0.465 capv=0.040 lr=1.0e-03 gen=0.1s conv=0.0s add=0.1s train=1.7s sps=0
[t=  65.6s] greedy ep 34 games=  96 dec= 18975 rows= 18126 horizon=0.32 nodecap=0 over=0 card=0 exact=0 drop=0 cfgs= 26.1 L=0.01659 P=nan old=0.01574 new=0.00959 tgt=+0.015/0.454 pstd=0.480 capv=0.040 lr=1.0e-03 gen=0.1s conv=0.0s add=0.1s train=1.7s sps=0
[t=  67.4s] greedy ep 35 games=  96 dec= 17981 rows= 17250 horizon=0.25 nodecap=0 over=0 card=0 exact=0 drop=0 cfgs= 27.3 L=0.01719 P=nan old=0.01655 new=0.01094 tgt=-0.035/0.521 pstd=0.443 capv=0.040 lr=1.0e-03 gen=0.1s conv=0.0s add=0.1s train=1.6s sps=0
[t=  69.3s] greedy ep 36 games=  96 dec= 19092 rows= 18239 horizon=0.28 nodecap=0 over=0 card=0 exact=0 drop=0 cfgs= 26.9 L=0.01732 P=nan old=0.01415 new=0.01054 tgt=-0.049/0.487 pstd=0.466 capv=0.040 lr=1.0e-03 gen=0.1s conv=0.0s add=0.1s train=1.7s sps=0
[t=  71.1s] greedy ep 37 games=  96 dec= 18212 rows= 17370 horizon=0.32 nodecap=0 over=0 card=0 exact=0 drop=0 cfgs= 27.9 L=0.01531 P=nan old=0.01457 new=0.01109 tgt=-0.034/0.532 pstd=0.469 capv=0.040 lr=1.0e-03 gen=0.1s conv=0.0s add=0.1s train=1.6s sps=0
[t=  73.1s] greedy ep 38 games=  96 dec= 19351 rows= 18505 horizon=0.33 nodecap=0 over=0 card=0 exact=0 drop=0 cfgs= 26.4 L=0.01681 P=nan old=0.01662 new=0.01178 tgt=-0.019/0.471 pstd=0.464 capv=0.040 lr=1.0e-03 gen=0.1s conv=0.0s add=0.1s train=1.8s sps=0
[t=  74.9s] greedy ep 39 games=  96 dec= 18608 rows= 17838 horizon=0.27 nodecap=0 over=0 card=0 exact=0 drop=0 cfgs= 27.1 L=0.01722 P=nan old=0.01636 new=0.01162 tgt=-0.038/0.510 pstd=0.473 capv=0.040 lr=1.0e-03 gen=0.1s conv=0.0s add=0.1s train=1.7s sps=0
[t=  76.8s] greedy ep 40 games=  96 dec= 18599 rows= 17855 horizon=0.32 nodecap=0 over=0 card=0 exact=0 drop=0 cfgs= 28.4 L=0.01673 P=nan old=0.01693 new=0.01052 tgt=+0.005/0.467 pstd=0.458 capv=0.040 lr=1.0e-03 gen=0.1s conv=0.0s add=0.1s train=1.7s sps=0
[t=  78.7s] greedy ep 41 games=  96 dec= 18879 rows= 18021 horizon=0.30 nodecap=0 over=0 card=0 exact=0 drop=0 cfgs= 28.3 L=0.01695 P=nan old=0.01655 new=0.01172 tgt=-0.041/0.500 pstd=0.462 capv=0.040 lr=1.0e-03 gen=0.1s conv=0.0s add=0.1s train=1.7s sps=0
[t=  80.6s] greedy ep 42 games=  96 dec= 18947 rows= 18147 horizon=0.34 nodecap=0 over=0 card=0 exact=0 drop=0 cfgs= 28.4 L=0.01725 P=nan old=0.01557 new=0.00881 tgt=-0.025/0.504 pstd=0.462 capv=0.040 lr=1.0e-03 gen=0.1s conv=0.0s add=0.1s train=1.7s sps=0
[t=  82.4s] greedy ep 43 games=  96 dec= 19299 rows= 18456 horizon=0.33 nodecap=0 over=0 card=0 exact=0 drop=0 cfgs= 26.1 L=0.01745 P=nan old=0.01603 new=0.01101 tgt=-0.062/0.468 pstd=0.467 capv=0.040 lr=1.0e-03 gen=0.1s conv=0.0s add=0.0s train=1.7s sps=0
[t=  84.2s] greedy ep 44 games=  96 dec= 18356 rows= 17540 horizon=0.27 nodecap=0 over=0 card=0 exact=0 drop=0 cfgs= 28.6 L=0.01694 P=nan old=0.01699 new=0.00989 tgt=-0.013/0.488 pstd=0.452 capv=0.040 lr=1.0e-03 gen=0.1s conv=0.0s add=0.1s train=1.7s sps=0
[t=  86.0s] greedy ep 45 games=  96 dec= 17718 rows= 17069 horizon=0.27 nodecap=0 over=0 card=0 exact=0 drop=0 cfgs= 28.9 L=0.01736 P=nan old=0.01801 new=0.01079 tgt=-0.085/0.518 pstd=0.455 capv=0.040 lr=1.0e-03 gen=0.1s conv=0.0s add=0.1s train=1.6s sps=0
[t=  87.8s] greedy ep 46 games=  96 dec= 18039 rows= 17287 horizon=0.28 nodecap=0 over=0 card=0 exact=0 drop=0 cfgs= 28.7 L=0.01767 P=nan old=0.01696 new=0.01088 tgt=-0.014/0.496 pstd=0.448 capv=0.040 lr=1.0e-03 gen=0.1s conv=0.0s add=0.1s train=1.6s sps=0
[t=  89.7s] greedy ep 47 games=  96 dec= 18992 rows= 18184 horizon=0.29 nodecap=0 over=0 card=0 exact=0 drop=0 cfgs= 27.2 L=0.01743 P=nan old=0.01504 new=0.01093 tgt=-0.022/0.475 pstd=0.466 capv=0.040 lr=1.0e-03 gen=0.1s conv=0.0s add=0.1s train=1.7s sps=0
[t=  91.5s] greedy ep 48 games=  96 dec= 18106 rows= 17409 horizon=0.29 nodecap=0 over=0 card=0 exact=0 drop=0 cfgs= 27.3 L=0.01664 P=nan old=0.01639 new=0.01016 tgt=-0.037/0.510 pstd=0.472 capv=0.040 lr=1.0e-03 gen=0.1s conv=0.0s add=0.1s train=1.6s sps=0
[t=  93.5s] greedy ep 49 games=  96 dec= 19697 rows= 18918 horizon=0.41 nodecap=0 over=0 card=0 exact=0 drop=0 cfgs= 25.9 L=0.01609 P=nan old=0.01462 new=0.01026 tgt=-0.000/0.452 pstd=0.456 capv=0.040 lr=1.0e-03 gen=0.1s conv=0.0s add=0.1s train=1.8s sps=0
[t=  95.3s] greedy ep 50 games=  96 dec= 17764 rows= 16989 horizon=0.24 nodecap=0 over=0 card=0 exact=0 drop=0 cfgs= 28.3 L=0.01725 P=nan old=0.01604 new=0.01088 tgt=-0.058/0.549 pstd=0.469 capv=0.040 lr=1.0e-03 gen=0.1s conv=0.0s add=0.1s train=1.6s sps=0
[t=  97.0s] greedy ep 51 games=  96 dec= 17871 rows= 17065 horizon=0.25 nodecap=0 over=0 card=0 exact=0 drop=0 cfgs= 28.4 L=0.01667 P=nan old=0.01737 new=0.00915 tgt=-0.026/0.525 pstd=0.452 capv=0.040 lr=1.0e-03 gen=0.1s conv=0.0s add=0.1s train=1.6s sps=0
[t=  98.9s] greedy ep 52 games=  96 dec= 18957 rows= 18241 horizon=0.34 nodecap=0 over=0 card=0 exact=0 drop=0 cfgs= 28.0 L=0.01621 P=nan old=0.01525 new=0.01031 tgt=-0.040/0.470 pstd=0.446 capv=0.040 lr=1.0e-03 gen=0.1s conv=0.0s add=0.1s train=1.7s sps=0
[t= 100.6s] greedy ep 53 games=  96 dec= 17594 rows= 16819 horizon=0.21 nodecap=0 over=0 card=0 exact=0 drop=0 cfgs= 28.1 L=0.01614 P=nan old=0.01646 new=0.01130 tgt=-0.032/0.511 pstd=0.455 capv=0.040 lr=1.0e-03 gen=0.1s conv=0.0s add=0.1s train=1.6s sps=0
[t= 102.4s] greedy ep 54 games=  96 dec= 17878 rows= 17181 horizon=0.24 nodecap=0 over=0 card=0 exact=0 drop=0 cfgs= 30.5 L=0.01682 P=nan old=0.01787 new=0.01107 tgt=-0.006/0.496 pstd=0.457 capv=0.040 lr=1.0e-03 gen=0.1s conv=0.0s add=0.1s train=1.6s sps=0
[t= 104.2s] greedy ep 55 games=  96 dec= 17837 rows= 16988 horizon=0.25 nodecap=0 over=0 card=0 exact=0 drop=0 cfgs= 27.0 L=0.01710 P=nan old=0.01891 new=0.01248 tgt=-0.005/0.470 pstd=0.459 capv=0.040 lr=1.0e-03 gen=0.1s conv=0.0s add=0.1s train=1.6s sps=0
[t= 106.0s] greedy ep 56 games=  96 dec= 18409 rows= 17611 horizon=0.27 nodecap=0 over=0 card=0 exact=0 drop=0 cfgs= 28.1 L=0.01746 P=nan old=0.01747 new=0.01096 tgt=-0.028/0.483 pstd=0.464 capv=0.040 lr=1.0e-03 gen=0.1s conv=0.0s add=0.1s train=1.7s sps=0
[t= 107.9s] greedy ep 57 games=  96 dec= 18651 rows= 17847 horizon=0.27 nodecap=0 over=0 card=0 exact=0 drop=0 cfgs= 26.4 L=0.01789 P=nan old=0.02006 new=0.01349 tgt=-0.015/0.515 pstd=0.465 capv=0.040 lr=1.0e-03 gen=0.1s conv=0.0s add=0.1s train=1.7s sps=0
[t= 109.8s] greedy ep 58 games=  96 dec= 19562 rows= 18696 horizon=0.35 nodecap=0 over=0 card=0 exact=0 drop=0 cfgs= 25.2 L=0.01688 P=nan old=0.01615 new=0.01114 tgt=-0.048/0.493 pstd=0.459 capv=0.040 lr=1.0e-03 gen=0.1s conv=0.0s add=0.1s train=1.8s sps=0
[t= 111.7s] greedy ep 59 games=  96 dec= 19397 rows= 18534 horizon=0.34 nodecap=0 over=0 card=0 exact=0 drop=0 cfgs= 25.2 L=0.01671 P=nan old=0.01707 new=0.01143 tgt=-0.046/0.466 pstd=0.457 capv=0.040 lr=1.0e-03 gen=0.1s conv=0.0s add=0.1s train=1.7s sps=0
[t= 113.6s] greedy ep 60 games=  96 dec= 18865 rows= 17960 horizon=0.31 nodecap=0 over=0 card=0 exact=0 drop=0 cfgs= 26.1 L=0.01645 P=nan old=0.01786 new=0.01100 tgt=-0.032/0.477 pstd=0.463 capv=0.040 lr=1.0e-03 gen=0.1s conv=0.0s add=0.1s train=1.7s sps=0
[t= 115.4s] greedy ep 61 games=  96 dec= 18309 rows= 17564 horizon=0.24 nodecap=0 over=0 card=0 exact=0 drop=0 cfgs= 29.6 L=0.01641 P=nan old=0.01674 new=0.01167 tgt=-0.007/0.527 pstd=0.465 capv=0.040 lr=1.0e-03 gen=0.1s conv=0.0s add=0.1s train=1.7s sps=0
[t= 117.3s] greedy ep 62 games=  96 dec= 18751 rows= 17895 horizon=0.29 nodecap=0 over=0 card=0 exact=0 drop=0 cfgs= 26.6 L=0.01710 P=nan old=0.01688 new=0.01124 tgt=-0.034/0.506 pstd=0.465 capv=0.040 lr=1.0e-03 gen=0.1s conv=0.0s add=0.1s train=1.7s sps=0
[t= 119.2s] greedy ep 63 games=  96 dec= 19579 rows= 18798 horizon=0.32 nodecap=0 over=0 card=0 exact=0 drop=0 cfgs= 26.5 L=0.01624 P=nan old=0.01668 new=0.01035 tgt=-0.007/0.477 pstd=0.454 capv=0.040 lr=1.0e-03 gen=0.1s conv=0.0s add=0.1s train=1.8s sps=0
[t= 121.0s] greedy ep 64 games=  96 dec= 18159 rows= 17393 horizon=0.27 nodecap=0 over=0 card=0 exact=0 drop=0 cfgs= 27.6 L=0.01653 P=nan old=0.01691 new=0.01094 tgt=-0.058/0.514 pstd=0.469 capv=0.040 lr=1.0e-03 gen=0.1s conv=0.0s add=0.1s train=1.6s sps=0
[t= 122.9s] greedy ep 65 games=  96 dec= 18155 rows= 17405 horizon=0.28 nodecap=0 over=0 card=0 exact=0 drop=0 cfgs= 30.4 L=0.01580 P=nan old=0.01694 new=0.01041 tgt=-0.026/0.503 pstd=0.464 capv=0.040 lr=1.0e-03 gen=0.1s conv=0.0s add=0.1s train=1.6s sps=0
[t= 124.7s] greedy ep 66 games=  96 dec= 18370 rows= 17668 horizon=0.30 nodecap=0 over=0 card=0 exact=0 drop=0 cfgs= 27.4 L=0.01599 P=nan old=0.01660 new=0.01152 tgt=-0.038/0.493 pstd=0.458 capv=0.040 lr=1.0e-03 gen=0.1s conv=0.0s add=0.1s train=1.7s sps=0
[t= 126.6s] greedy ep 67 games=  96 dec= 18765 rows= 17982 horizon=0.33 nodecap=0 over=0 card=0 exact=0 drop=0 cfgs= 28.7 L=0.01567 P=nan old=0.01598 new=0.01087 tgt=-0.023/0.513 pstd=0.468 capv=0.040 lr=1.0e-03 gen=0.1s conv=0.0s add=0.1s train=1.7s sps=0
[t= 128.4s] greedy ep 68 games=  96 dec= 18374 rows= 17494 horizon=0.26 nodecap=0 over=0 card=0 exact=0 drop=0 cfgs= 28.3 L=0.01683 P=nan old=0.01837 new=0.01089 tgt=-0.023/0.498 pstd=0.453 capv=0.040 lr=1.0e-03 gen=0.1s conv=0.0s add=0.1s train=1.7s sps=0
[t= 130.2s] greedy ep 69 games=  96 dec= 18297 rows= 17504 horizon=0.27 nodecap=0 over=0 card=0 exact=0 drop=0 cfgs= 27.7 L=0.01604 P=nan old=0.01860 new=0.01110 tgt=-0.056/0.516 pstd=0.476 capv=0.040 lr=1.0e-03 gen=0.1s conv=0.0s add=0.1s train=1.6s sps=0
[t= 132.1s] greedy ep 70 games=  96 dec= 18939 rows= 18157 horizon=0.34 nodecap=0 over=0 card=0 exact=0 drop=0 cfgs= 25.9 L=0.01628 P=nan old=0.01783 new=0.01193 tgt=-0.037/0.479 pstd=0.474 capv=0.040 lr=1.0e-03 gen=0.1s conv=0.0s add=0.1s train=1.7s sps=0
[t= 133.9s] greedy ep 71 games=  96 dec= 18073 rows= 17354 horizon=0.26 nodecap=0 over=0 card=0 exact=0 drop=0 cfgs= 29.8 L=0.01608 P=nan old=0.01694 new=0.01114 tgt=-0.025/0.513 pstd=0.467 capv=0.040 lr=1.0e-03 gen=0.1s conv=0.0s add=0.1s train=1.6s sps=0
[t= 135.8s] greedy ep 72 games=  96 dec= 19252 rows= 18480 horizon=0.35 nodecap=0 over=0 card=0 exact=0 drop=0 cfgs= 27.7 L=0.01541 P=nan old=0.01803 new=0.01027 tgt=-0.069/0.494 pstd=0.466 capv=0.040 lr=1.0e-03 gen=0.1s conv=0.0s add=0.1s train=1.7s sps=0
[t= 137.5s] greedy ep 73 games=  96 dec= 17654 rows= 16887 horizon=0.21 nodecap=0 over=0 card=0 exact=0 drop=0 cfgs= 27.9 L=0.01699 P=nan old=0.01870 new=0.01047 tgt=-0.039/0.521 pstd=0.463 capv=0.040 lr=1.0e-03 gen=0.1s conv=0.0s add=0.0s train=1.5s sps=0
[t= 139.3s] greedy ep 74 games=  96 dec= 18653 rows= 17839 horizon=0.28 nodecap=0 over=0 card=0 exact=0 drop=0 cfgs= 26.6 L=0.01570 P=nan old=0.01590 new=0.01192 tgt=-0.062/0.527 pstd=0.457 capv=0.040 lr=1.0e-03 gen=0.1s conv=0.0s add=0.1s train=1.7s sps=0
[t= 141.3s] greedy ep 75 games=  96 dec= 19581 rows= 18815 horizon=0.40 nodecap=0 over=0 card=0 exact=0 drop=0 cfgs= 24.2 L=0.01647 P=nan old=0.01697 new=0.01088 tgt=+0.011/0.466 pstd=0.476 capv=0.040 lr=1.0e-03 gen=0.1s conv=0.0s add=0.1s train=1.8s sps=0
[t= 143.2s] greedy ep 76 games=  96 dec= 18751 rows= 17915 horizon=0.24 nodecap=0 over=0 card=0 exact=0 drop=0 cfgs= 25.7 L=0.01664 P=nan old=0.01858 new=0.01006 tgt=-0.030/0.490 pstd=0.472 capv=0.040 lr=1.0e-03 gen=0.1s conv=0.0s add=0.1s train=1.7s sps=0
[t= 145.0s] greedy ep 77 games=  96 dec= 18346 rows= 17518 horizon=0.25 nodecap=0 over=0 card=0 exact=0 drop=0 cfgs= 27.1 L=0.01721 P=nan old=0.01638 new=0.01141 tgt=-0.053/0.521 pstd=0.462 capv=0.040 lr=1.0e-03 gen=0.1s conv=0.0s add=0.1s train=1.6s sps=0
[t= 146.8s] greedy ep 78 games=  96 dec= 17947 rows= 17157 horizon=0.25 nodecap=0 over=0 card=0 exact=0 drop=0 cfgs= 26.8 L=0.01642 P=nan old=0.01817 new=0.01057 tgt=-0.047/0.514 pstd=0.455 capv=0.040 lr=1.0e-03 gen=0.1s conv=0.0s add=0.1s train=1.6s sps=0
[t= 148.6s] greedy ep 79 games=  96 dec= 18509 rows= 17723 horizon=0.30 nodecap=0 over=0 card=0 exact=0 drop=0 cfgs= 28.3 L=0.01578 P=nan old=0.01486 new=0.01225 tgt=-0.004/0.488 pstd=0.445 capv=0.040 lr=1.0e-03 gen=0.1s conv=0.0s add=0.1s train=1.7s sps=0
[t= 150.4s] greedy ep 80 games=  96 dec= 18005 rows= 17281 horizon=0.26 nodecap=0 over=0 card=0 exact=0 drop=0 cfgs= 28.7 L=0.01593 P=nan old=0.01740 new=0.01043 tgt=-0.025/0.514 pstd=0.469 capv=0.040 lr=1.0e-03 gen=0.1s conv=0.0s add=0.1s train=1.6s sps=0
[t= 152.2s] greedy ep 81 games=  96 dec= 17458 rows= 16682 horizon=0.25 nodecap=0 over=0 card=0 exact=0 drop=0 cfgs= 28.7 L=0.01652 P=nan old=0.01858 new=0.01306 tgt=-0.024/0.534 pstd=0.466 capv=0.040 lr=1.0e-03 gen=0.1s conv=0.0s add=0.1s train=1.6s sps=0
[t= 153.9s] greedy ep 82 games=  96 dec= 17724 rows= 16956 horizon=0.25 nodecap=0 over=0 card=0 exact=0 drop=0 cfgs= 28.6 L=0.01650 P=nan old=0.01668 new=0.01188 tgt=-0.035/0.507 pstd=0.445 capv=0.040 lr=1.0e-03 gen=0.1s conv=0.0s add=0.1s train=1.6s sps=0
[t= 155.6s] greedy ep 83 games=  96 dec= 16961 rows= 16184 horizon=0.19 nodecap=0 over=0 card=0 exact=0 drop=0 cfgs= 30.2 L=0.01587 P=nan old=0.01800 new=0.01176 tgt=-0.027/0.537 pstd=0.453 capv=0.040 lr=1.0e-03 gen=0.1s conv=0.0s add=0.1s train=1.5s sps=0
[t= 157.5s] greedy ep 84 games=  96 dec= 19354 rows= 18540 horizon=0.39 nodecap=0 over=0 card=0 exact=0 drop=0 cfgs= 25.4 L=0.01596 P=nan old=0.01666 new=0.01107 tgt=-0.046/0.473 pstd=0.451 capv=0.040 lr=1.0e-03 gen=0.1s conv=0.0s add=0.1s train=1.7s sps=0
[t= 159.4s] greedy ep 85 games=  96 dec= 18656 rows= 17880 horizon=0.29 nodecap=0 over=0 card=0 exact=0 drop=0 cfgs= 27.6 L=0.01599 P=nan old=0.01796 new=0.01098 tgt=-0.043/0.499 pstd=0.452 capv=0.040 lr=1.0e-03 gen=0.1s conv=0.0s add=0.1s train=1.7s sps=0
[t= 161.2s] greedy ep 86 games=  96 dec= 18285 rows= 17486 horizon=0.26 nodecap=0 over=0 card=0 exact=0 drop=0 cfgs= 28.0 L=0.01671 P=nan old=0.01790 new=0.01195 tgt=-0.025/0.501 pstd=0.451 capv=0.040 lr=1.0e-03 gen=0.1s conv=0.0s add=0.1s train=1.6s sps=0
[t= 163.0s] greedy ep 87 games=  96 dec= 17389 rows= 16649 horizon=0.25 nodecap=0 over=0 card=0 exact=0 drop=0 cfgs= 28.5 L=0.01634 P=nan old=0.01734 new=0.01269 tgt=-0.037/0.504 pstd=0.452 capv=0.040 lr=1.0e-03 gen=0.1s conv=0.0s add=0.1s train=1.6s sps=0
[t= 164.9s] greedy ep 88 games=  96 dec= 18703 rows= 17828 horizon=0.27 nodecap=0 over=0 card=0 exact=0 drop=0 cfgs= 25.5 L=0.01637 P=nan old=0.01846 new=0.01198 tgt=-0.028/0.509 pstd=0.447 capv=0.040 lr=1.0e-03 gen=0.1s conv=0.0s add=0.1s train=1.7s sps=0
[t= 166.6s] greedy ep 89 games=  96 dec= 17445 rows= 16716 horizon=0.25 nodecap=0 over=0 card=0 exact=0 drop=0 cfgs= 28.9 L=0.01756 P=nan old=0.01731 new=0.01284 tgt=-0.056/0.523 pstd=0.446 capv=0.040 lr=1.0e-03 gen=0.1s conv=0.0s add=0.1s train=1.5s sps=0
[t= 168.5s] greedy ep 90 games=  96 dec= 18622 rows= 17824 horizon=0.30 nodecap=0 over=0 card=0 exact=0 drop=0 cfgs= 28.3 L=0.01590 P=nan old=0.01773 new=0.01150 tgt=-0.052/0.508 pstd=0.441 capv=0.040 lr=1.0e-03 gen=0.1s conv=0.0s add=0.1s train=1.7s sps=0
[t= 170.4s] greedy ep 91 games=  96 dec= 19065 rows= 18324 horizon=0.34 nodecap=0 over=0 card=0 exact=0 drop=0 cfgs= 26.2 L=0.01632 P=nan old=0.01817 new=0.01153 tgt=-0.025/0.461 pstd=0.458 capv=0.040 lr=1.0e-03 gen=0.1s conv=0.0s add=0.1s train=1.8s sps=0
[t= 172.3s] greedy ep 92 games=  96 dec= 18963 rows= 18229 horizon=0.31 nodecap=0 over=0 card=0 exact=0 drop=0 cfgs= 24.1 L=0.01599 P=nan old=0.01684 new=0.01130 tgt=-0.041/0.481 pstd=0.446 capv=0.040 lr=1.0e-03 gen=0.1s conv=0.0s add=0.1s train=1.7s sps=0
[t= 174.2s] greedy ep 93 games=  96 dec= 18277 rows= 17540 horizon=0.33 nodecap=0 over=0 card=0 exact=0 drop=0 cfgs= 26.8 L=0.01543 P=nan old=0.01682 new=0.01095 tgt=-0.073/0.495 pstd=0.453 capv=0.040 lr=1.0e-03 gen=0.1s conv=0.0s add=0.1s train=1.7s sps=0
[t= 176.0s] greedy ep 94 games=  96 dec= 18603 rows= 17822 horizon=0.32 nodecap=0 over=0 card=0 exact=0 drop=0 cfgs= 25.2 L=0.01566 P=nan old=0.01590 new=0.01108 tgt=-0.047/0.488 pstd=0.459 capv=0.040 lr=1.0e-03 gen=0.1s conv=0.0s add=0.1s train=1.7s sps=0
[t= 177.9s] greedy ep 95 games=  96 dec= 19081 rows= 18248 horizon=0.26 nodecap=0 over=0 card=0 exact=0 drop=0 cfgs= 27.4 L=0.01667 P=nan old=0.01980 new=0.01567 tgt=-0.044/0.504 pstd=0.466 capv=0.040 lr=1.0e-03 gen=0.1s conv=0.0s add=0.1s train=1.7s sps=0
[t= 179.7s] greedy ep 96 games=  96 dec= 17938 rows= 17156 horizon=0.24 nodecap=0 over=0 card=0 exact=0 drop=0 cfgs= 28.8 L=0.01614 P=nan old=0.01746 new=0.01503 tgt=-0.034/0.506 pstd=0.449 capv=0.040 lr=1.0e-03 gen=0.1s conv=0.0s add=0.1s train=1.6s sps=0
[t= 181.4s] greedy ep 97 games=  96 dec= 17223 rows= 16545 horizon=0.23 nodecap=0 over=0 card=0 exact=0 drop=0 cfgs= 27.7 L=0.01676 P=nan old=0.01650 new=0.01102 tgt=-0.036/0.520 pstd=0.459 capv=0.040 lr=1.0e-03 gen=0.1s conv=0.0s add=0.1s train=1.6s sps=0
[t= 183.2s] greedy ep 98 games=  96 dec= 18276 rows= 17527 horizon=0.31 nodecap=0 over=0 card=0 exact=0 drop=0 cfgs= 27.9 L=0.01541 P=nan old=0.01621 new=0.01183 tgt=-0.037/0.487 pstd=0.470 capv=0.040 lr=1.0e-03 gen=0.1s conv=0.0s add=0.1s train=1.6s sps=0
[t= 185.1s] greedy ep 99 games=  96 dec= 18883 rows= 18017 horizon=0.28 nodecap=0 over=0 card=0 exact=0 drop=0 cfgs= 26.9 L=0.01656 P=nan old=0.01672 new=0.01266 tgt=-0.005/0.487 pstd=0.460 capv=0.040 lr=1.0e-03 gen=0.1s conv=0.0s add=0.1s train=1.7s sps=0
[t= 187.0s] greedy ep100 games=  96 dec= 18125 rows= 17397 horizon=0.29 nodecap=0 over=0 card=0 exact=0 drop=0 cfgs= 28.4 L=0.01598 P=nan old=0.01822 new=0.01213 tgt=-0.037/0.513 pstd=0.464 capv=0.040 lr=1.0e-03 gen=0.1s conv=0.0s add=0.1s train=1.7s sps=0
[t= 188.8s] greedy ep101 games=  96 dec= 18105 rows= 17321 horizon=0.27 nodecap=0 over=0 card=0 exact=0 drop=0 cfgs= 28.4 L=0.01672 P=nan old=0.01786 new=0.01155 tgt=-0.041/0.507 pstd=0.461 capv=0.040 lr=1.0e-03 gen=0.1s conv=0.0s add=0.1s train=1.6s sps=0
[t= 190.5s] greedy ep102 games=  96 dec= 17331 rows= 16510 horizon=0.19 nodecap=0 over=0 card=0 exact=0 drop=0 cfgs= 28.9 L=0.01591 P=nan old=0.01649 new=0.01071 tgt=-0.068/0.530 pstd=0.449 capv=0.040 lr=1.0e-03 gen=0.1s conv=0.0s add=0.1s train=1.6s sps=0
[t= 192.3s] greedy ep103 games=  96 dec= 17633 rows= 16824 horizon=0.23 nodecap=0 over=0 card=0 exact=0 drop=0 cfgs= 26.9 L=0.01619 P=nan old=0.01754 new=0.01192 tgt=-0.065/0.514 pstd=0.442 capv=0.040 lr=1.0e-03 gen=0.1s conv=0.0s add=0.1s train=1.6s sps=0
[t= 194.1s] greedy ep104 games=  96 dec= 18563 rows= 17702 horizon=0.24 nodecap=0 over=0 card=0 exact=0 drop=0 cfgs= 27.6 L=0.01692 P=nan old=0.01808 new=0.01286 tgt=-0.027/0.505 pstd=0.442 capv=0.040 lr=1.0e-03 gen=0.1s conv=0.0s add=0.1s train=1.7s sps=0
[t= 196.0s] greedy ep105 games=  96 dec= 18582 rows= 17738 horizon=0.27 nodecap=0 over=0 card=0 exact=0 drop=0 cfgs= 27.1 L=0.01631 P=nan old=0.01681 new=0.01190 tgt=-0.034/0.514 pstd=0.449 capv=0.040 lr=1.0e-03 gen=0.1s conv=0.0s add=0.1s train=1.7s sps=0
[t= 197.8s] greedy ep106 games=  96 dec= 18088 rows= 17403 horizon=0.26 nodecap=0 over=0 card=0 exact=0 drop=0 cfgs= 27.4 L=0.01610 P=nan old=0.01633 new=0.01053 tgt=-0.052/0.503 pstd=0.452 capv=0.040 lr=1.0e-03 gen=0.1s conv=0.0s add=0.1s train=1.6s sps=0
[t= 199.5s] greedy ep107 games=  96 dec= 18041 rows= 17276 horizon=0.30 nodecap=0 over=0 card=0 exact=0 drop=0 cfgs= 27.1 L=0.01602 P=nan old=0.01645 new=0.01177 tgt=-0.053/0.485 pstd=0.446 capv=0.040 lr=1.0e-03 gen=0.1s conv=0.0s add=0.1s train=1.6s sps=0
[t= 201.3s] greedy ep108 games=  96 dec= 18150 rows= 17355 horizon=0.26 nodecap=0 over=0 card=0 exact=0 drop=0 cfgs= 27.5 L=0.01613 P=nan old=0.01654 new=0.01273 tgt=-0.008/0.496 pstd=0.455 capv=0.040 lr=1.0e-03 gen=0.1s conv=0.0s add=0.1s train=1.6s sps=0
[t= 203.1s] greedy ep109 games=  96 dec= 18283 rows= 17484 horizon=0.25 nodecap=0 over=0 card=0 exact=0 drop=0 cfgs= 27.7 L=0.01675 P=nan old=0.01617 new=0.01120 tgt=-0.026/0.495 pstd=0.465 capv=0.040 lr=1.0e-03 gen=0.1s conv=0.0s add=0.1s train=1.6s sps=0
[t= 204.8s] greedy ep110 games=  96 dec= 17390 rows= 16648 horizon=0.23 nodecap=0 over=0 card=0 exact=0 drop=0 cfgs= 25.7 L=0.01654 P=nan old=0.01667 new=0.01177 tgt=-0.053/0.529 pstd=0.466 capv=0.040 lr=1.0e-03 gen=0.1s conv=0.0s add=0.1s train=1.5s sps=0
[t= 206.8s] greedy ep111 games=  96 dec= 19431 rows= 18629 horizon=0.38 nodecap=0 over=0 card=0 exact=0 drop=0 cfgs= 26.4 L=0.01588 P=nan old=0.01684 new=0.01092 tgt=-0.035/0.475 pstd=0.443 capv=0.040 lr=1.0e-03 gen=0.1s conv=0.0s add=0.1s train=1.7s sps=0
[t= 208.6s] greedy ep112 games=  96 dec= 18006 rows= 17317 horizon=0.29 nodecap=0 over=0 card=0 exact=0 drop=0 cfgs= 26.2 L=0.01565 P=nan old=0.01613 new=0.01061 tgt=-0.006/0.487 pstd=0.446 capv=0.040 lr=1.0e-03 gen=0.1s conv=0.0s add=0.1s train=1.6s sps=0
[t= 210.4s] greedy ep113 games=  96 dec= 18270 rows= 17487 horizon=0.29 nodecap=0 over=0 card=0 exact=0 drop=0 cfgs= 26.4 L=0.01573 P=nan old=0.01691 new=0.01134 tgt=-0.031/0.524 pstd=0.441 capv=0.040 lr=1.0e-03 gen=0.1s conv=0.0s add=0.1s train=1.6s sps=0
[t= 212.3s] greedy ep114 games=  96 dec= 19126 rows= 18338 horizon=0.35 nodecap=0 over=0 card=0 exact=0 drop=0 cfgs= 26.4 L=0.01588 P=nan old=0.01718 new=0.01307 tgt=-0.045/0.492 pstd=0.432 capv=0.040 lr=1.0e-03 gen=0.1s conv=0.0s add=0.1s train=1.7s sps=0
[t= 214.0s] greedy ep115 games=  96 dec= 17661 rows= 16911 horizon=0.16 nodecap=0 over=0 card=0 exact=0 drop=0 cfgs= 28.4 L=0.01696 P=nan old=0.02016 new=0.01443 tgt=-0.005/0.519 pstd=0.410 capv=0.040 lr=1.0e-03 gen=0.1s conv=0.0s add=0.1s train=1.6s sps=0
[t= 215.9s] greedy ep116 games=  96 dec= 18378 rows= 17513 horizon=0.28 nodecap=0 over=0 card=0 exact=0 drop=0 cfgs= 29.8 L=0.01631 P=nan old=0.01668 new=0.01222 tgt=-0.016/0.485 pstd=0.424 capv=0.040 lr=1.0e-03 gen=0.1s conv=0.0s add=0.1s train=1.6s sps=0
[t= 217.6s] greedy ep117 games=  96 dec= 17969 rows= 17144 horizon=0.28 nodecap=0 over=0 card=0 exact=0 drop=0 cfgs= 26.2 L=0.01600 P=nan old=0.01762 new=0.01120 tgt=-0.027/0.511 pstd=0.434 capv=0.040 lr=1.0e-03 gen=0.1s conv=0.0s add=0.1s train=1.6s sps=0
[t= 219.9s] greedy ep118 games=  96 dec= 19031 rows= 18297 horizon=0.38 nodecap=0 over=0 card=0 exact=0 drop=0 cfgs= 28.1 L=0.01568 P=nan old=0.01701 new=0.01156 tgt=-0.095/0.498 pstd=0.411 capv=0.040 lr=1.0e-03 gen=0.1s conv=0.0s add=0.1s train=2.0s sps=0
[t= 222.0s] greedy ep119 games=  96 dec= 18724 rows= 17931 horizon=0.27 nodecap=0 over=0 card=0 exact=0 drop=0 cfgs= 26.8 L=0.01554 P=nan old=0.01643 new=0.01237 tgt=-0.051/0.498 pstd=0.413 capv=0.040 lr=1.0e-03 gen=0.1s conv=0.0s add=0.1s train=2.0s sps=0
[t= 224.2s] greedy ep120 games=  96 dec= 18952 rows= 18033 horizon=0.28 nodecap=0 over=0 card=0 exact=0 drop=0 cfgs= 25.5 L=0.01570 P=nan old=0.01687 new=0.01378 tgt=-0.039/0.480 pstd=0.403 capv=0.040 lr=1.0e-03 gen=0.1s conv=0.0s add=0.1s train=2.0s sps=0
[t= 226.4s] greedy ep121 games=  96 dec= 18610 rows= 17842 horizon=0.31 nodecap=0 over=0 card=0 exact=0 drop=0 cfgs= 26.4 L=0.01543 P=nan old=0.01663 new=0.01090 tgt=-0.010/0.467 pstd=0.400 capv=0.040 lr=1.0e-03 gen=0.1s conv=0.0s add=0.1s train=2.0s sps=0
[t= 228.6s] greedy ep122 games=  96 dec= 19327 rows= 18551 horizon=0.38 nodecap=0 over=0 card=0 exact=0 drop=0 cfgs= 26.0 L=0.01456 P=nan old=0.01460 new=0.00973 tgt=-0.032/0.468 pstd=0.400 capv=0.040 lr=1.0e-03 gen=0.1s conv=0.0s add=0.1s train=2.0s sps=0
[t= 230.5s] greedy ep123 games=  96 dec= 18773 rows= 17922 horizon=0.27 nodecap=0 over=0 card=0 exact=0 drop=0 cfgs= 27.1 L=0.01491 P=nan old=0.01580 new=0.01114 tgt=-0.018/0.516 pstd=0.391 capv=0.040 lr=1.0e-03 gen=0.1s conv=0.0s add=0.1s train=1.7s sps=0
[t= 232.4s] greedy ep124 games=  96 dec= 18792 rows= 17985 horizon=0.31 nodecap=0 over=0 card=0 exact=0 drop=0 cfgs= 28.7 L=0.01455 P=nan old=0.01716 new=0.01108 tgt=-0.053/0.492 pstd=0.390 capv=0.040 lr=1.0e-03 gen=0.1s conv=0.0s add=0.1s train=1.7s sps=0
[t= 234.3s] greedy ep125 games=  96 dec= 18881 rows= 18013 horizon=0.27 nodecap=0 over=0 card=0 exact=0 drop=0 cfgs= 26.8 L=0.01458 P=nan old=0.01707 new=0.00947 tgt=-0.011/0.486 pstd=0.394 capv=0.040 lr=1.0e-03 gen=0.1s conv=0.0s add=0.1s train=1.7s sps=0
[t= 236.2s] greedy ep126 games=  96 dec= 19520 rows= 18707 horizon=0.34 nodecap=0 over=0 card=0 exact=0 drop=0 cfgs= 27.0 L=0.01493 P=nan old=0.01743 new=0.01039 tgt=-0.016/0.480 pstd=0.405 capv=0.040 lr=1.0e-03 gen=0.1s conv=0.0s add=0.1s train=1.8s sps=0
[t= 238.0s] greedy ep127 games=  96 dec= 17220 rows= 16519 horizon=0.18 nodecap=0 over=0 card=0 exact=0 drop=0 cfgs= 30.1 L=0.01483 P=nan old=0.01507 new=0.01010 tgt=-0.010/0.537 pstd=0.384 capv=0.040 lr=1.0e-03 gen=0.1s conv=0.0s add=0.1s train=1.6s sps=0
[t= 239.8s] greedy ep128 games=  96 dec= 19220 rows= 18541 horizon=0.38 nodecap=0 over=0 card=0 exact=0 drop=0 cfgs= 25.2 L=0.01452 P=nan old=0.01521 new=0.01001 tgt=-0.043/0.470 pstd=0.400 capv=0.040 lr=1.0e-03 gen=0.1s conv=0.0s add=0.1s train=1.7s sps=0
[t= 241.7s] greedy ep129 games=  96 dec= 18267 rows= 17549 horizon=0.30 nodecap=0 over=0 card=0 exact=0 drop=0 cfgs= 26.8 L=0.01372 P=nan old=0.01548 new=0.00975 tgt=-0.018/0.469 pstd=0.400 capv=0.040 lr=1.0e-03 gen=0.1s conv=0.0s add=0.1s train=1.7s sps=0
[t= 243.5s] greedy ep130 games=  96 dec= 18111 rows= 17341 horizon=0.27 nodecap=0 over=0 card=0 exact=0 drop=0 cfgs= 28.1 L=0.01423 P=nan old=0.01498 new=0.01072 tgt=-0.048/0.487 pstd=0.392 capv=0.040 lr=1.0e-03 gen=0.1s conv=0.0s add=0.1s train=1.6s sps=0
[t= 245.2s] greedy ep131 games=  96 dec= 17369 rows= 16572 horizon=0.18 nodecap=0 over=0 card=0 exact=0 drop=0 cfgs= 28.7 L=0.01442 P=nan old=0.01559 new=0.01028 tgt=-0.047/0.529 pstd=0.386 capv=0.040 lr=1.0e-03 gen=0.1s conv=0.0s add=0.1s train=1.6s sps=0
[t= 247.1s] greedy ep132 games=  96 dec= 18942 rows= 18118 horizon=0.28 nodecap=0 over=0 card=0 exact=0 drop=0 cfgs= 25.9 L=0.01438 P=nan old=0.01520 new=0.01090 tgt=-0.025/0.490 pstd=0.382 capv=0.040 lr=1.0e-03 gen=0.1s conv=0.0s add=0.1s train=1.7s sps=0
[t= 248.9s] greedy ep133 games=  96 dec= 18303 rows= 17559 horizon=0.31 nodecap=0 over=0 card=0 exact=0 drop=0 cfgs= 28.8 L=0.01378 P=nan old=0.01426 new=0.01046 tgt=-0.065/0.522 pstd=0.401 capv=0.040 lr=1.0e-03 gen=0.1s conv=0.0s add=0.1s train=1.7s sps=0
[t= 250.7s] greedy ep134 games=  96 dec= 17224 rows= 16483 horizon=0.23 nodecap=0 over=0 card=0 exact=0 drop=0 cfgs= 27.3 L=0.01428 P=nan old=0.01595 new=0.01022 tgt=-0.008/0.505 pstd=0.379 capv=0.040 lr=1.0e-03 gen=0.1s conv=0.0s add=0.1s train=1.5s sps=0
[t= 252.4s] greedy ep135 games=  96 dec= 17667 rows= 16876 horizon=0.20 nodecap=0 over=0 card=0 exact=0 drop=0 cfgs= 28.8 L=0.01402 P=nan old=0.01470 new=0.00907 tgt=-0.045/0.534 pstd=0.381 capv=0.040 lr=1.0e-03 gen=0.1s conv=0.0s add=0.1s train=1.6s sps=0
[t= 254.2s] greedy ep136 games=  96 dec= 17728 rows= 16967 horizon=0.21 nodecap=0 over=0 card=0 exact=0 drop=0 cfgs= 30.7 L=0.01445 P=nan old=0.01717 new=0.01114 tgt=-0.055/0.531 pstd=0.384 capv=0.040 lr=1.0e-03 gen=0.1s conv=0.0s add=0.1s train=1.6s sps=0
[t= 256.3s] greedy ep137 games=  96 dec= 18877 rows= 18184 horizon=0.33 nodecap=0 over=0 card=0 exact=0 drop=0 cfgs= 25.5 L=0.01394 P=nan old=0.01515 new=0.01116 tgt=-0.049/0.496 pstd=0.393 capv=0.040 lr=1.0e-03 gen=0.1s conv=0.0s add=0.1s train=2.0s sps=0
[t= 258.4s] greedy ep138 games=  96 dec= 18602 rows= 17715 horizon=0.25 nodecap=0 over=0 card=0 exact=0 drop=0 cfgs= 29.2 L=0.01397 P=nan old=0.01463 new=0.00978 tgt=-0.009/0.503 pstd=0.373 capv=0.040 lr=1.0e-03 gen=0.1s conv=0.0s add=0.1s train=1.9s sps=0
[t= 260.7s] greedy ep139 games=  96 dec= 19305 rows= 18517 horizon=0.35 nodecap=0 over=0 card=0 exact=0 drop=0 cfgs= 26.5 L=0.01420 P=nan old=0.01415 new=0.00987 tgt=-0.025/0.475 pstd=0.409 capv=0.040 lr=1.0e-03 gen=0.1s conv=0.0s add=0.1s train=2.1s sps=0
[t= 262.7s] greedy ep140 games=  96 dec= 18226 rows= 17475 horizon=0.29 nodecap=0 over=0 card=0 exact=0 drop=0 cfgs= 27.6 L=0.01336 P=nan old=0.01439 new=0.00900 tgt=-0.066/0.504 pstd=0.387 capv=0.040 lr=1.0e-03 gen=0.1s conv=0.0s add=0.1s train=1.9s sps=0
[t= 265.0s] greedy ep141 games=  96 dec= 19035 rows= 18235 horizon=0.30 nodecap=0 over=0 card=0 exact=0 drop=0 cfgs= 26.1 L=0.01336 P=nan old=0.01568 new=0.01097 tgt=-0.002/0.470 pstd=0.414 capv=0.040 lr=1.0e-03 gen=0.1s conv=0.0s add=0.1s train=2.0s sps=0
[t= 266.8s] greedy ep142 games=  96 dec= 18470 rows= 17713 horizon=0.26 nodecap=0 over=0 card=0 exact=0 drop=0 cfgs= 26.3 L=0.01383 P=nan old=0.01425 new=0.00875 tgt=-0.063/0.516 pstd=0.408 capv=0.040 lr=1.0e-03 gen=0.1s conv=0.0s add=0.1s train=1.6s sps=0
[t= 268.6s] greedy ep143 games=  96 dec= 18596 rows= 17790 horizon=0.27 nodecap=0 over=0 card=0 exact=0 drop=0 cfgs= 25.5 L=0.01344 P=nan old=0.01488 new=0.00889 tgt=-0.021/0.508 pstd=0.388 capv=0.040 lr=1.0e-03 gen=0.1s conv=0.0s add=0.1s train=1.6s sps=0
[t= 270.5s] greedy ep144 games=  96 dec= 18889 rows= 18076 horizon=0.32 nodecap=0 over=0 card=0 exact=0 drop=0 cfgs= 28.6 L=0.01301 P=nan old=0.01317 new=0.01031 tgt=-0.053/0.496 pstd=0.387 capv=0.040 lr=1.0e-03 gen=0.1s conv=0.0s add=0.1s train=1.7s sps=0
[t= 272.3s] greedy ep145 games=  96 dec= 17677 rows= 16862 horizon=0.23 nodecap=0 over=0 card=0 exact=0 drop=0 cfgs= 29.6 L=0.01314 P=nan old=0.01350 new=0.00891 tgt=-0.032/0.506 pstd=0.390 capv=0.040 lr=1.0e-03 gen=0.1s conv=0.0s add=0.1s train=1.6s sps=0
[t= 274.1s] greedy ep146 games=  96 dec= 18448 rows= 17699 horizon=0.30 nodecap=0 over=0 card=0 exact=0 drop=0 cfgs= 26.6 L=0.01308 P=nan old=0.01330 new=0.00946 tgt=-0.013/0.485 pstd=0.384 capv=0.040 lr=1.0e-03 gen=0.1s conv=0.0s add=0.1s train=1.6s sps=0
[t= 275.8s] greedy ep147 games=  96 dec= 17426 rows= 16673 horizon=0.22 nodecap=0 over=0 card=0 exact=0 drop=0 cfgs= 29.1 L=0.01349 P=nan old=0.01346 new=0.00814 tgt=-0.043/0.511 pstd=0.365 capv=0.040 lr=1.0e-03 gen=0.1s conv=0.0s add=0.1s train=1.6s sps=0
[t= 277.7s] greedy ep148 games=  96 dec= 18915 rows= 18108 horizon=0.28 nodecap=0 over=0 card=0 exact=0 drop=0 cfgs= 25.8 L=0.01338 P=nan old=0.01335 new=0.00798 tgt=-0.035/0.534 pstd=0.375 capv=0.040 lr=1.0e-03 gen=0.1s conv=0.0s add=0.1s train=1.7s sps=0
[t= 279.5s] greedy ep149 games=  96 dec= 18639 rows= 17753 horizon=0.28 nodecap=0 over=0 card=0 exact=0 drop=0 cfgs= 26.8 L=0.01274 P=nan old=0.01411 new=0.00869 tgt=-0.005/0.479 pstd=0.385 capv=0.040 lr=1.0e-03 gen=0.1s conv=0.0s add=0.1s train=1.6s sps=0
[t= 281.3s] greedy ep150 games=  96 dec= 18776 rows= 18003 horizon=0.31 nodecap=0 over=0 card=0 exact=0 drop=0 cfgs= 27.7 L=0.01324 P=nan old=0.01287 new=0.00829 tgt=-0.036/0.491 pstd=0.365 capv=0.040 lr=1.0e-03 gen=0.1s conv=0.0s add=0.1s train=1.6s sps=0
[t= 283.2s] greedy ep151 games=  96 dec= 19367 rows= 18525 horizon=0.35 nodecap=0 over=0 card=0 exact=0 drop=0 cfgs= 26.8 L=0.01211 P=nan old=0.01288 new=0.00893 tgt=-0.055/0.486 pstd=0.364 capv=0.040 lr=1.0e-03 gen=0.1s conv=0.0s add=0.1s train=1.7s sps=0
[t= 285.0s] greedy ep152 games=  96 dec= 18370 rows= 17585 horizon=0.28 nodecap=0 over=0 card=0 exact=0 drop=0 cfgs= 27.0 L=0.01241 P=nan old=0.01373 new=0.00769 tgt=-0.042/0.519 pstd=0.369 capv=0.040 lr=1.0e-03 gen=0.1s conv=0.0s add=0.1s train=1.6s sps=0
[t= 286.9s] greedy ep153 games=  96 dec= 19458 rows= 18558 horizon=0.38 nodecap=0 over=0 card=0 exact=0 drop=0 cfgs= 26.1 L=0.01175 P=nan old=0.01247 new=0.00856 tgt=-0.021/0.493 pstd=0.349 capv=0.040 lr=1.0e-03 gen=0.1s conv=0.0s add=0.1s train=1.8s sps=0
[t= 288.7s] greedy ep154 games=  96 dec= 18177 rows= 17428 horizon=0.26 nodecap=0 over=0 card=0 exact=0 drop=0 cfgs= 27.6 L=0.01183 P=nan old=0.01320 new=0.00810 tgt=-0.029/0.515 pstd=0.358 capv=0.040 lr=1.0e-03 gen=0.1s conv=0.0s add=0.1s train=1.6s sps=0
[t= 290.4s] greedy ep155 games=  96 dec= 18096 rows= 17273 horizon=0.25 nodecap=0 over=0 card=0 exact=0 drop=0 cfgs= 27.5 L=0.01212 P=nan old=0.01256 new=0.01106 tgt=+0.008/0.500 pstd=0.360 capv=0.040 lr=1.0e-03 gen=0.1s conv=0.0s add=0.1s train=1.6s sps=0
[t= 292.2s] greedy ep156 games=  96 dec= 17280 rows= 16532 horizon=0.21 nodecap=0 over=0 card=0 exact=0 drop=0 cfgs= 27.2 L=0.01280 P=nan old=0.01347 new=0.00975 tgt=-0.013/0.519 pstd=0.370 capv=0.040 lr=1.0e-03 gen=0.1s conv=0.0s add=0.1s train=1.6s sps=0
[t= 294.0s] greedy ep157 games=  96 dec= 18516 rows= 17728 horizon=0.27 nodecap=0 over=0 card=0 exact=0 drop=0 cfgs= 28.6 L=0.01240 P=nan old=0.01259 new=0.00746 tgt=-0.034/0.505 pstd=0.366 capv=0.040 lr=1.0e-03 gen=0.1s conv=0.0s add=0.1s train=1.6s sps=0
[t= 296.0s] greedy ep158 games=  96 dec= 18809 rows= 18049 horizon=0.29 nodecap=0 over=0 card=0 exact=0 drop=0 cfgs= 27.2 L=0.01181 P=nan old=0.01162 new=0.00784 tgt=-0.057/0.504 pstd=0.366 capv=0.040 lr=1.0e-03 gen=0.1s conv=0.0s add=0.1s train=1.7s sps=0
[t= 297.8s] greedy ep159 games=  96 dec= 18025 rows= 17288 horizon=0.26 nodecap=0 over=0 card=0 exact=0 drop=0 cfgs= 27.3 L=0.01125 P=nan old=0.01179 new=0.00709 tgt=-0.048/0.530 pstd=0.349 capv=0.040 lr=1.0e-03 gen=0.1s conv=0.0s add=0.1s train=1.7s sps=0
[t= 299.5s] greedy ep160 games=  96 dec= 17543 rows= 16807 horizon=0.24 nodecap=0 over=0 card=0 exact=0 drop=0 cfgs= 28.6 L=0.01183 P=nan old=0.01142 new=0.00711 tgt=-0.038/0.505 pstd=0.362 capv=0.040 lr=1.0e-03 gen=0.1s conv=0.0s add=0.1s train=1.5s sps=0
[t= 301.5s] greedy ep161 games=  96 dec= 17549 rows= 16825 horizon=0.23 nodecap=0 over=0 card=0 exact=0 drop=0 cfgs= 30.4 L=0.01192 P=nan old=0.01332 new=0.00985 tgt=-0.055/0.541 pstd=0.370 capv=0.040 lr=1.0e-03 gen=0.1s conv=0.0s add=0.1s train=1.8s sps=0
[t= 301.5s] --- snapshot snap_00.pt (init) ---
[t= 301.5s] --- switching to ReBeL ---
v5 GEMM compute=fast-f16
[t= 311.8s] rebel stream solves=17408 raw=1707/s balanced=1707/s debt=0 rows steps=68 over=0 card=0 drop=0 L=0.02934 tgt=-0.002/0.272 cfg/b=46499 prep=2.07s gpu=0.00s conv=0.01s add=0.84s train=8.42s
[t= 322.1s] rebel stream solves=43008 raw=2093/s balanced=2093/s debt=0 rows steps=168 over=0 card=0 drop=0 L=0.00820 tgt=-0.002/0.232 cfg/b=49125 prep=3.04s gpu=0.00s conv=0.01s add=1.00s train=8.87s
[t= 332.5s] rebel stream solves=60416 raw=1953/s balanced=1953/s debt=0 rows steps=236 over=0 card=0 drop=0 L=0.00444 tgt=+0.008/0.234 cfg/b=31018 prep=2.72s gpu=0.00s conv=0.01s add=0.55s train=9.40s
[t= 342.8s] rebel stream solves=75776 raw=1837/s balanced=1837/s debt=0 rows steps=296 over=0 card=0 drop=0 L=0.00369 tgt=+0.013/0.245 cfg/b=29436 prep=1.86s gpu=0.00s conv=0.01s add=0.51s train=9.31s
[t= 353.8s] rebel stream solves=90112 raw=1724/s balanced=1724/s debt=0 rows steps=352 over=0 card=0 drop=0 L=0.00340 tgt=+0.015/0.261 cfg/b=23652 prep=3.23s gpu=0.00s conv=0.06s add=0.39s train=10.18s
[t= 365.3s] rebel stream solves=104448 raw=1639/s balanced=1639/s debt=0 rows steps=408 over=0 card=0 drop=0 L=0.00317 tgt=+0.032/0.287 cfg/b=21306 prep=2.63s gpu=0.00s conv=0.03s add=0.38s train=10.73s
[t= 375.8s] rebel stream solves=115712 raw=1559/s balanced=1559/s debt=0 rows steps=452 over=0 card=0 drop=0 L=0.00321 tgt=+0.037/0.298 cfg/b=19813 prep=3.07s gpu=0.00s conv=0.09s add=0.38s train=8.59s
[t= 385.8s] rebel stream solves=128000 raw=1519/s balanced=1519/s debt=0 rows steps=500 over=0 card=0 drop=0 L=0.00335 tgt=+0.048/0.306 cfg/b=18840 prep=2.26s gpu=0.00s conv=0.07s add=0.50s train=8.27s
[t= 396.1s] rebel stream solves=138240 raw=1463/s balanced=1463/s debt=0 rows steps=540 over=0 card=0 drop=0 L=0.00392 tgt=+0.072/0.326 cfg/b=17577 prep=1.79s gpu=0.00s conv=0.09s add=0.53s train=7.26s
[t= 406.1s] rebel stream solves=147456 raw=1411/s balanced=1411/s debt=0 rows steps=576 over=0 card=0 drop=0 L=0.00412 tgt=+0.083/0.337 cfg/b=17105 prep=1.22s gpu=0.00s conv=0.06s add=0.46s train=5.01s
[t= 416.3s] rebel stream solves=156672 raw=1365/s balanced=1365/s debt=0 rows steps=612 over=0 card=0 drop=0 L=0.00475 tgt=+0.083/0.341 cfg/b=17024 prep=1.55s gpu=0.00s conv=0.02s add=0.32s train=6.26s
[t= 426.9s] rebel stream solves=167936 raw=1340/s balanced=1340/s debt=0 rows steps=656 over=0 card=0 drop=0 L=0.00516 tgt=+0.071/0.346 cfg/b=16748 prep=0.90s gpu=0.00s conv=0.18s add=0.68s train=6.86s
[t= 437.2s] rebel stream solves=178176 raw=1314/s balanced=1314/s debt=0 rows steps=696 over=0 card=0 drop=0 L=0.00559 tgt=+0.059/0.333 cfg/b=16793 prep=1.18s gpu=0.00s conv=0.12s add=0.44s train=6.05s
[t= 447.9s] rebel stream solves=189440 raw=1295/s balanced=1295/s debt=0 rows steps=740 over=0 card=0 drop=0 L=0.00584 tgt=+0.071/0.327 cfg/b=16385 prep=2.00s gpu=0.00s conv=0.08s add=0.42s train=6.06s
[t= 458.0s] rebel stream solves=198656 raw=1270/s balanced=1270/s debt=0 rows steps=776 over=0 card=0 drop=0 L=0.00610 tgt=+0.042/0.321 cfg/b=16170 prep=2.27s gpu=0.00s conv=0.01s add=0.57s train=7.59s
[t= 468.1s] rebel stream solves=208896 raw=1255/s balanced=1255/s debt=0 rows steps=816 over=0 card=0 drop=0 L=0.00637 tgt=+0.057/0.322 cfg/b=16097 prep=2.45s gpu=0.00s conv=0.31s add=0.57s train=8.17s
[t= 478.3s] rebel stream solves=219136 raw=1240/s balanced=1240/s debt=0 rows steps=856 over=0 card=0 drop=0 L=0.00658 tgt=+0.046/0.307 cfg/b=16017 prep=1.70s gpu=0.00s conv=0.02s add=0.59s train=7.90s
[t= 488.9s] rebel stream solves=229376 raw=1224/s balanced=1224/s debt=0 rows steps=896 over=0 card=0 drop=0 L=0.00677 tgt=+0.051/0.299 cfg/b=16088 prep=2.36s gpu=0.00s conv=0.29s add=0.41s train=6.12s
[t= 499.3s] rebel stream solves=236544 raw=1196/s balanced=1196/s debt=0 rows steps=924 over=0 card=0 drop=0 L=0.00732 tgt=+0.049/0.304 cfg/b=15782 prep=1.31s gpu=0.00s conv=0.03s add=0.36s train=6.75s
[t= 509.8s] rebel stream solves=246784 raw=1185/s balanced=1185/s debt=0 rows steps=964 over=0 card=0 drop=0 L=0.00762 tgt=+0.042/0.292 cfg/b=16318 prep=2.11s gpu=0.00s conv=0.06s add=0.74s train=8.97s
[t= 520.3s] rebel stream solves=258048 raw=1180/s balanced=1180/s debt=0 rows steps=1008 over=0 card=0 drop=0 L=0.00728 tgt=+0.041/0.293 cfg/b=16266 prep=2.42s gpu=0.00s conv=0.09s add=0.42s train=9.46s
[t= 530.6s] rebel stream solves=270336 raw=1180/s balanced=1180/s debt=0 rows steps=1056 over=0 card=0 drop=0 L=0.00777 tgt=+0.049/0.290 cfg/b=16144 prep=1.24s gpu=0.00s conv=0.05s add=0.68s train=8.87s
[t= 541.3s] rebel stream solves=283648 raw=1183/s balanced=1183/s debt=0 rows steps=1108 over=0 card=0 drop=0 L=0.00770 tgt=+0.031/0.281 cfg/b=15034 prep=2.41s gpu=0.00s conv=0.05s add=0.84s train=9.07s
[t= 551.3s] rebel stream solves=296960 raw=1189/s balanced=1189/s debt=0 rows steps=1160 over=0 card=0 drop=0 L=0.00812 tgt=+0.030/0.284 cfg/b=15602 prep=1.77s gpu=0.00s conv=0.06s add=0.74s train=8.58s
[t= 561.6s] rebel stream solves=310272 raw=1193/s balanced=1193/s debt=0 rows steps=1212 over=0 card=0 drop=0 L=0.00811 tgt=+0.032/0.271 cfg/b=16145 prep=2.64s gpu=0.00s conv=0.12s add=0.66s train=8.48s
[t= 572.5s] rebel stream solves=324608 raw=1198/s balanced=1198/s debt=0 rows steps=1268 over=0 card=0 drop=0 L=0.00847 tgt=+0.021/0.261 cfg/b=16532 prep=2.32s gpu=0.00s conv=0.01s add=0.69s train=9.56s
[t= 582.9s] rebel stream solves=337920 raw=1201/s balanced=1201/s debt=0 rows steps=1320 over=0 card=0 drop=0 L=0.00868 tgt=+0.019/0.258 cfg/b=17220 prep=3.20s gpu=0.00s conv=0.13s add=0.40s train=9.28s
[t= 592.9s] rebel stream solves=349184 raw=1198/s balanced=1198/s debt=0 rows steps=1364 over=0 card=0 drop=0 L=0.00840 tgt=+0.018/0.254 cfg/b=17842 prep=1.05s gpu=0.00s conv=0.01s add=0.62s train=9.15s
[t= 603.6s] rebel stream solves=361472 raw=1197/s balanced=1197/s debt=0 rows steps=1412 over=0 card=0 drop=0 L=0.00853 tgt=+0.012/0.248 cfg/b=18704 prep=2.18s gpu=0.00s conv=0.03s add=0.53s train=9.50s
[t= 614.4s] rebel stream solves=373760 raw=1195/s balanced=1195/s debt=0 rows steps=1460 over=0 card=0 drop=0 L=0.00835 tgt=+0.016/0.249 cfg/b=19742 prep=2.18s gpu=0.00s conv=0.06s add=0.81s train=9.38s
[t= 625.4s] rebel stream solves=386048 raw=1192/s balanced=1192/s debt=0 rows steps=1508 over=0 card=0 drop=0 L=0.00875 tgt=+0.013/0.247 cfg/b=20240 prep=1.73s gpu=0.00s conv=0.01s add=0.55s train=9.65s
[t= 636.1s] rebel stream solves=398336 raw=1191/s balanced=1191/s debt=0 rows steps=1556 over=0 card=0 drop=0 L=0.00882 tgt=+0.012/0.255 cfg/b=21606 prep=2.31s gpu=0.00s conv=0.10s add=0.46s train=9.37s
[t= 646.2s] rebel stream solves=409600 raw=1189/s balanced=1189/s debt=0 rows steps=1600 over=0 card=0 drop=0 L=0.00861 tgt=+0.013/0.262 cfg/b=22168 prep=2.67s gpu=0.00s conv=0.08s add=0.68s train=8.53s
[t= 657.2s] rebel stream solves=420864 raw=1184/s balanced=1184/s debt=0 rows steps=1644 over=0 card=0 drop=0 L=0.00858 tgt=+0.007/0.262 cfg/b=22823 prep=2.65s gpu=0.00s conv=0.02s add=0.47s train=10.01s
[t= 661.8s] --- snapshot snap_01.pt (s1) ---
[t= 667.4s] rebel stream solves=430080 raw=1176/s balanced=1176/s debt=0 rows steps=1680 over=0 card=0 drop=0 L=0.00879 tgt=+0.003/0.262 cfg/b=23157 prep=2.93s gpu=0.00s conv=0.19s add=0.55s train=8.97s
[t= 678.4s] rebel stream solves=440320 raw=1169/s balanced=1169/s debt=0 rows steps=1720 over=0 card=0 drop=0 L=0.00893 tgt=+0.008/0.252 cfg/b=23303 prep=3.08s gpu=0.00s conv=0.05s add=0.48s train=10.04s
[t= 688.8s] rebel stream solves=452608 raw=1169/s balanced=1169/s debt=0 rows steps=1768 over=0 card=0 drop=0 L=0.00850 tgt=-0.006/0.260 cfg/b=24666 prep=1.55s gpu=0.00s conv=0.02s add=0.48s train=9.07s
[t= 699.4s] rebel stream solves=459776 raw=1156/s balanced=1156/s debt=0 rows steps=1796 over=0 card=0 drop=0 L=0.00944 tgt=-0.006/0.252 cfg/b=25736 prep=2.23s gpu=0.00s conv=0.02s add=0.59s train=8.32s
[t= 710.3s] rebel stream solves=471040 raw=1153/s balanced=1153/s debt=0 rows steps=1840 over=0 card=0 drop=0 L=0.00904 tgt=-0.012/0.264 cfg/b=26039 prep=1.38s gpu=0.00s conv=0.05s add=0.53s train=9.44s
[t= 721.0s] rebel stream solves=482304 raw=1150/s balanced=1150/s debt=0 rows steps=1884 over=0 card=0 drop=0 L=0.00903 tgt=-0.008/0.257 cfg/b=26981 prep=3.33s gpu=0.00s conv=0.01s add=0.50s train=9.99s
[t= 732.1s] rebel stream solves=493568 raw=1147/s balanced=1147/s debt=0 rows steps=1928 over=0 card=0 drop=0 L=0.00885 tgt=-0.006/0.259 cfg/b=27588 prep=2.76s gpu=0.00s conv=0.02s add=0.54s train=10.01s
[t= 742.6s] rebel stream solves=501760 raw=1138/s balanced=1138/s debt=0 rows steps=1960 over=0 card=0 drop=0 L=0.00872 tgt=-0.008/0.246 cfg/b=28162 prep=2.69s gpu=0.00s conv=0.02s add=0.37s train=9.48s
[t= 754.0s] rebel stream solves=512000 raw=1132/s balanced=1132/s debt=0 rows steps=2000 over=0 card=0 drop=0 L=0.00920 tgt=-0.007/0.249 cfg/b=29127 prep=2.91s gpu=0.00s conv=0.05s add=0.58s train=10.24s
[t= 764.1s] rebel stream solves=521216 raw=1127/s balanced=1127/s debt=0 rows steps=2036 over=0 card=0 drop=0 L=0.00885 tgt=-0.017/0.253 cfg/b=30185 prep=3.18s gpu=0.00s conv=0.01s add=0.47s train=8.92s
[t= 774.1s] rebel stream solves=529408 raw=1120/s balanced=1120/s debt=0 rows steps=2068 over=0 card=0 drop=0 L=0.00920 tgt=-0.022/0.250 cfg/b=30776 prep=2.62s gpu=0.00s conv=0.01s add=0.46s train=8.65s
[t= 784.6s] rebel stream solves=539648 raw=1117/s balanced=1117/s debt=0 rows steps=2108 over=0 card=0 drop=0 L=0.00934 tgt=-0.019/0.265 cfg/b=31268 prep=3.11s gpu=0.00s conv=0.10s add=0.58s train=9.03s
[t= 794.9s] rebel stream solves=547840 raw=1110/s balanced=1110/s debt=0 rows steps=2140 over=0 card=0 drop=0 L=0.00930 tgt=-0.011/0.257 cfg/b=32367 prep=3.72s gpu=0.00s conv=0.05s add=0.58s train=9.40s
[t= 797.1s] --- lr -> 5.00e-04 ---
[t= 805.8s] rebel stream solves=558080 raw=1107/s balanced=1107/s debt=0 rows steps=2180 over=0 card=0 drop=0 L=0.00938 tgt=-0.022/0.269 cfg/b=32946 prep=2.10s gpu=0.00s conv=0.01s add=0.61s train=9.44s
[t= 816.1s] rebel stream solves=568320 raw=1105/s balanced=1105/s debt=0 rows steps=2220 over=0 card=0 drop=0 L=0.00924 tgt=-0.029/0.272 cfg/b=33158 prep=2.08s gpu=0.00s conv=0.01s add=0.65s train=9.14s
[t= 826.4s] rebel stream solves=577536 raw=1101/s balanced=1101/s debt=0 rows steps=2256 over=0 card=0 drop=0 L=0.00884 tgt=-0.026/0.274 cfg/b=33493 prep=2.11s gpu=0.00s conv=0.01s add=0.66s train=7.41s
[t= 837.6s] rebel stream solves=587776 raw=1096/s balanced=1096/s debt=0 rows steps=2296 over=0 card=0 drop=0 L=0.00916 tgt=-0.027/0.275 cfg/b=33576 prep=3.90s gpu=0.00s conv=0.07s add=0.94s train=9.58s
[t= 848.5s] rebel stream solves=598016 raw=1093/s balanced=1093/s debt=0 rows steps=2336 over=0 card=0 drop=0 L=0.00883 tgt=-0.028/0.285 cfg/b=34812 prep=2.46s gpu=0.00s conv=0.01s add=0.89s train=9.71s
[t= 858.9s] rebel stream solves=608256 raw=1091/s balanced=1091/s debt=0 rows steps=2376 over=0 card=0 drop=0 L=0.00903 tgt=-0.025/0.282 cfg/b=34594 prep=1.99s gpu=0.00s conv=0.01s add=0.50s train=9.63s
[t= 869.8s] rebel stream solves=618496 raw=1088/s balanced=1088/s debt=0 rows steps=2416 over=0 card=0 drop=0 L=0.00898 tgt=-0.028/0.278 cfg/b=34878 prep=1.36s gpu=0.00s conv=0.03s add=0.59s train=9.66s
[t= 881.0s] rebel stream solves=628736 raw=1085/s balanced=1085/s debt=0 rows steps=2456 over=0 card=0 drop=0 L=0.00941 tgt=-0.020/0.272 cfg/b=35281 prep=2.22s gpu=0.00s conv=0.01s add=0.83s train=8.94s
[t= 891.5s] rebel stream solves=638976 raw=1083/s balanced=1083/s debt=0 rows steps=2496 over=0 card=0 drop=0 L=0.00970 tgt=-0.017/0.267 cfg/b=35711 prep=2.26s gpu=0.00s conv=0.04s add=0.51s train=9.38s
[t= 901.9s] rebel stream solves=648192 raw=1080/s balanced=1080/s debt=0 rows steps=2532 over=0 card=0 drop=0 L=0.00960 tgt=-0.017/0.266 cfg/b=36185 prep=2.64s gpu=0.00s conv=0.01s add=0.74s train=9.01s
[t= 913.0s] rebel stream solves=658432 raw=1077/s balanced=1077/s debt=0 rows steps=2572 over=0 card=0 drop=0 L=0.00974 tgt=-0.012/0.268 cfg/b=36797 prep=4.34s gpu=0.00s conv=0.01s add=0.57s train=10.34s
[t= 923.8s] rebel stream solves=667648 raw=1073/s balanced=1073/s debt=0 rows steps=2608 over=0 card=0 drop=0 L=0.00950 tgt=-0.013/0.275 cfg/b=37270 prep=1.50s gpu=0.00s conv=0.01s add=0.70s train=9.66s
[t= 934.3s] rebel stream solves=677888 raw=1071/s balanced=1071/s debt=0 rows steps=2648 over=0 card=0 drop=0 L=0.00938 tgt=-0.014/0.269 cfg/b=37607 prep=2.58s gpu=0.00s conv=0.01s add=0.60s train=9.39s
[t= 944.6s] rebel stream solves=688128 raw=1070/s balanced=1070/s debt=0 rows steps=2688 over=0 card=0 drop=0 L=0.00973 tgt=-0.011/0.268 cfg/b=38752 prep=2.86s gpu=0.00s conv=0.02s add=0.67s train=8.61s
[t= 954.9s] rebel stream solves=697344 raw=1067/s balanced=1067/s debt=0 rows steps=2724 over=0 card=0 drop=0 L=0.00933 tgt=-0.013/0.270 cfg/b=38665 prep=3.33s gpu=0.00s conv=0.01s add=0.51s train=9.58s
[t= 965.6s] rebel stream solves=704512 raw=1061/s balanced=1061/s debt=0 rows steps=2752 over=0 card=0 drop=0 L=0.00959 tgt=-0.018/0.270 cfg/b=38988 prep=4.79s gpu=0.00s conv=0.01s add=0.70s train=9.59s
[t= 976.9s] rebel stream solves=714752 raw=1058/s balanced=1058/s debt=0 rows steps=2792 over=0 card=0 drop=0 L=0.00997 tgt=-0.022/0.274 cfg/b=39295 prep=3.94s gpu=0.00s conv=0.01s add=0.70s train=10.37s
[t= 987.2s] rebel stream solves=724992 raw=1057/s balanced=1057/s debt=0 rows steps=2832 over=0 card=0 drop=0 L=0.00931 tgt=-0.020/0.278 cfg/b=39952 prep=3.05s gpu=0.00s conv=0.01s add=0.56s train=9.25s
[t= 998.0s] rebel stream solves=736256 raw=1057/s balanced=1057/s debt=0 rows steps=2876 over=0 card=0 drop=0 L=0.00933 tgt=-0.017/0.286 cfg/b=40404 prep=2.29s gpu=0.00s conv=0.01s add=0.66s train=9.94s
[t=1009.2s] rebel stream solves=747520 raw=1056/s balanced=1056/s debt=0 rows steps=2920 over=0 card=0 drop=0 L=0.00981 tgt=-0.025/0.285 cfg/b=40741 prep=3.09s gpu=0.00s conv=0.04s add=0.60s train=10.38s
[t=1019.4s] rebel stream solves=758784 raw=1057/s balanced=1057/s debt=0 rows steps=2964 over=0 card=0 drop=0 L=0.00990 tgt=-0.022/0.291 cfg/b=40890 prep=2.28s gpu=0.00s conv=0.01s add=0.65s train=9.03s
[t=1022.1s] --- snapshot snap_02.pt (s2) ---
[t=1029.7s] rebel stream solves=768000 raw=1055/s balanced=1055/s debt=0 rows steps=3000 over=0 card=0 drop=0 L=0.00964 tgt=-0.025/0.301 cfg/b=41138 prep=2.73s gpu=0.00s conv=0.01s add=0.51s train=8.93s
[t=1040.0s] rebel stream solves=778240 raw=1054/s balanced=1054/s debt=0 rows steps=3040 over=0 card=0 drop=0 L=0.00940 tgt=-0.016/0.300 cfg/b=40960 prep=1.56s gpu=0.00s conv=0.04s add=0.50s train=9.56s
[t=1050.9s] rebel stream solves=789504 raw=1054/s balanced=1054/s debt=0 rows steps=3084 over=0 card=0 drop=0 L=0.00985 tgt=-0.020/0.291 cfg/b=40897 prep=2.34s gpu=0.00s conv=0.01s add=0.58s train=10.07s
[t=1062.0s] rebel stream solves=800768 raw=1053/s balanced=1053/s debt=0 rows steps=3128 over=0 card=0 drop=0 L=0.00968 tgt=-0.026/0.302 cfg/b=41126 prep=3.51s gpu=0.00s conv=0.01s add=0.55s train=10.37s
[t=1072.0s] rebel stream solves=811008 raw=1053/s balanced=1053/s debt=0 rows steps=3168 over=0 card=0 drop=0 L=0.00985 tgt=-0.017/0.299 cfg/b=40208 prep=1.58s gpu=0.00s conv=0.01s add=0.51s train=9.12s
[t=1082.6s] rebel stream solves=820224 raw=1050/s balanced=1050/s debt=0 rows steps=3204 over=0 card=0 drop=0 L=0.00989 tgt=-0.031/0.305 cfg/b=40002 prep=2.50s gpu=0.00s conv=0.01s add=0.47s train=9.94s
[t=1093.6s] rebel stream solves=831488 raw=1050/s balanced=1050/s debt=0 rows steps=3248 over=0 card=0 drop=0 L=0.01015 tgt=-0.028/0.299 cfg/b=41264 prep=3.25s gpu=0.00s conv=0.01s add=0.60s train=10.20s
[t=1103.9s] rebel stream solves=841728 raw=1049/s balanced=1049/s debt=0 rows steps=3288 over=0 card=0 drop=0 L=0.00961 tgt=-0.021/0.304 cfg/b=40376 prep=2.53s gpu=0.00s conv=0.01s add=0.55s train=9.56s
[t=1114.1s] rebel stream solves=851968 raw=1049/s balanced=1049/s debt=0 rows steps=3328 over=0 card=0 drop=0 L=0.00976 tgt=-0.021/0.304 cfg/b=40687 prep=2.86s gpu=0.00s conv=0.05s add=0.49s train=9.39s
[t=1124.6s] rebel stream solves=862208 raw=1048/s balanced=1048/s debt=0 rows steps=3368 over=0 card=0 drop=0 L=0.01018 tgt=-0.015/0.311 cfg/b=40263 prep=2.14s gpu=0.00s conv=0.01s add=0.61s train=9.56s
[t=1135.5s] rebel stream solves=872448 raw=1046/s balanced=1046/s debt=0 rows steps=3408 over=0 card=0 drop=0 L=0.00963 tgt=-0.014/0.310 cfg/b=41108 prep=2.45s gpu=0.00s conv=0.05s add=0.56s train=10.21s
[t=1145.8s] rebel stream solves=882688 raw=1046/s balanced=1046/s debt=0 rows steps=3448 over=0 card=0 drop=0 L=0.00962 tgt=-0.009/0.307 cfg/b=40589 prep=2.03s gpu=0.00s conv=0.01s add=0.48s train=9.63s
[t=1156.3s] rebel stream solves=892928 raw=1045/s balanced=1045/s debt=0 rows steps=3488 over=0 card=0 drop=0 L=0.00981 tgt=-0.014/0.296 cfg/b=40309 prep=2.51s gpu=0.00s conv=0.11s add=0.66s train=9.26s
[t=1167.5s] rebel stream solves=903168 raw=1043/s balanced=1043/s debt=0 rows steps=3528 over=0 card=0 drop=0 L=0.00991 tgt=-0.019/0.292 cfg/b=40408 prep=2.60s gpu=0.00s conv=0.10s add=0.74s train=9.81s
[t=1178.2s] rebel stream solves=913408 raw=1042/s balanced=1042/s debt=0 rows steps=3568 over=0 card=0 drop=0 L=0.01007 tgt=-0.025/0.308 cfg/b=41007 prep=1.84s gpu=0.00s conv=0.01s add=0.76s train=9.70s
[t=1189.1s] rebel stream solves=923648 raw=1041/s balanced=1041/s debt=0 rows steps=3608 over=0 card=0 drop=0 L=0.01008 tgt=-0.020/0.303 cfg/b=40208 prep=3.89s gpu=0.00s conv=0.01s add=0.60s train=10.16s
[t=1199.3s] rebel stream solves=933888 raw=1040/s balanced=1040/s debt=0 rows steps=3648 over=0 card=0 drop=0 L=0.01010 tgt=-0.024/0.314 cfg/b=40891 prep=3.87s gpu=0.00s conv=0.01s add=0.54s train=9.36s
[t=1209.9s] rebel stream solves=945152 raw=1041/s balanced=1041/s debt=0 rows steps=3692 over=0 card=0 drop=0 L=0.01038 tgt=-0.028/0.329 cfg/b=41187 prep=3.20s gpu=0.00s conv=0.01s add=0.60s train=9.62s
[t=1220.9s] rebel stream solves=956416 raw=1040/s balanced=1040/s debt=0 rows steps=3736 over=0 card=0 drop=0 L=0.01019 tgt=-0.019/0.323 cfg/b=40816 prep=3.37s gpu=0.00s conv=0.01s add=0.58s train=9.15s
[t=1231.0s] rebel stream solves=967680 raw=1041/s balanced=1041/s debt=0 rows steps=3780 over=0 card=0 drop=0 L=0.01044 tgt=-0.023/0.319 cfg/b=41006 prep=2.83s gpu=0.00s conv=0.01s add=0.58s train=9.23s
[t=1241.3s] rebel stream solves=976896 raw=1040/s balanced=1040/s debt=0 rows steps=3816 over=0 card=0 drop=0 L=0.00979 tgt=-0.024/0.316 cfg/b=40879 prep=3.60s gpu=0.00s conv=0.01s add=0.45s train=9.59s
[t=1251.5s] rebel stream solves=986112 raw=1038/s balanced=1038/s debt=0 rows steps=3852 over=0 card=0 drop=0 L=0.01018 tgt=-0.023/0.314 cfg/b=40580 prep=2.20s gpu=0.00s conv=0.02s add=0.93s train=8.70s
[t=1262.2s] rebel stream solves=996352 raw=1037/s balanced=1037/s debt=0 rows steps=3892 over=0 card=0 drop=0 L=0.00998 tgt=-0.028/0.318 cfg/b=41052 prep=3.07s gpu=0.00s conv=0.01s add=0.54s train=9.80s
[t=1272.7s] rebel stream solves=1005568 raw=1036/s balanced=1036/s debt=0 rows steps=3928 over=0 card=0 drop=0 L=0.01045 tgt=-0.025/0.329 cfg/b=40268 prep=2.80s gpu=0.00s conv=0.02s add=0.56s train=9.38s
[t=1283.8s] rebel stream solves=1015808 raw=1034/s balanced=1034/s debt=0 rows steps=3968 over=0 card=0 drop=0 L=0.01006 tgt=-0.019/0.313 cfg/b=40697 prep=2.84s gpu=0.00s conv=0.01s add=0.72s train=10.15s
[t=1294.4s] rebel stream solves=1026048 raw=1033/s balanced=1033/s debt=0 rows steps=4008 over=0 card=0 drop=0 L=0.01050 tgt=-0.016/0.313 cfg/b=40545 prep=2.88s gpu=0.00s conv=0.06s add=0.91s train=9.41s
[t=1305.2s] rebel stream solves=1036288 raw=1033/s balanced=1033/s debt=0 rows steps=4048 over=0 card=0 drop=0 L=0.01044 tgt=-0.020/0.330 cfg/b=39624 prep=2.56s gpu=0.00s conv=0.01s add=0.77s train=9.56s
[t=1306.6s] --- lr -> 2.50e-04 ---
[t=1315.4s] rebel stream solves=1047552 raw=1033/s balanced=1033/s debt=0 rows steps=4092 over=0 card=0 drop=0 L=0.01041 tgt=-0.019/0.322 cfg/b=39848 prep=2.79s gpu=0.00s conv=0.02s add=0.59s train=9.30s
[t=1326.5s] rebel stream solves=1057792 raw=1032/s balanced=1032/s debt=0 rows steps=4132 over=0 card=0 drop=0 L=0.01023 tgt=-0.027/0.330 cfg/b=39761 prep=2.77s gpu=0.00s conv=0.01s add=0.73s train=9.54s
[t=1337.2s] rebel stream solves=1069056 raw=1032/s balanced=1032/s debt=0 rows steps=4176 over=0 card=0 drop=0 L=0.01014 tgt=-0.026/0.333 cfg/b=39641 prep=2.74s gpu=0.00s conv=0.01s add=0.59s train=9.80s
[t=1347.6s] rebel stream solves=1079296 raw=1032/s balanced=1032/s debt=0 rows steps=4216 over=0 card=0 drop=0 L=0.00988 tgt=-0.020/0.337 cfg/b=38534 prep=1.97s gpu=0.00s conv=0.01s add=0.50s train=9.16s
[t=1357.8s] rebel stream solves=1090560 raw=1033/s balanced=1033/s debt=0 rows steps=4260 over=0 card=0 drop=0 L=0.00988 tgt=-0.025/0.339 cfg/b=39435 prep=2.23s gpu=0.00s conv=0.01s add=0.59s train=8.91s
[t=1367.9s] rebel stream solves=1099776 raw=1031/s balanced=1031/s debt=0 rows steps=4296 over=0 card=0 drop=0 L=0.01014 tgt=-0.024/0.333 cfg/b=38974 prep=3.97s gpu=0.00s conv=0.01s add=0.48s train=9.45s
[t=1378.8s] rebel stream solves=1111040 raw=1031/s balanced=1031/s debt=0 rows steps=4340 over=0 card=0 drop=0 L=0.00976 tgt=-0.029/0.341 cfg/b=38508 prep=2.66s gpu=0.00s conv=0.04s add=0.62s train=9.89s
[t=1382.8s] --- snapshot snap_03.pt (s3) ---
[t=1390.0s] rebel stream solves=1122304 raw=1031/s balanced=1031/s debt=0 rows steps=4384 over=0 card=0 drop=0 L=0.01025 tgt=-0.024/0.335 cfg/b=38286 prep=3.27s gpu=0.00s conv=0.01s add=0.55s train=9.89s
[t=1401.3s] rebel stream solves=1134592 raw=1032/s balanced=1032/s debt=0 rows steps=4432 over=0 card=0 drop=0 L=0.01042 tgt=-0.028/0.339 cfg/b=38474 prep=3.20s gpu=0.00s conv=0.01s add=0.57s train=10.61s
[t=1411.9s] rebel stream solves=1144832 raw=1031/s balanced=1031/s debt=0 rows steps=4472 over=0 card=0 drop=0 L=0.01029 tgt=-0.032/0.341 cfg/b=38295 prep=2.99s gpu=0.00s conv=0.02s add=0.49s train=9.67s
[t=1422.9s] rebel stream solves=1156096 raw=1031/s balanced=1031/s debt=0 rows steps=4516 over=0 card=0 drop=0 L=0.01048 tgt=-0.017/0.339 cfg/b=38942 prep=2.40s gpu=0.00s conv=0.01s add=0.60s train=9.63s
[t=1433.6s] rebel stream solves=1167360 raw=1031/s balanced=1031/s debt=0 rows steps=4560 over=0 card=0 drop=0 L=0.01006 tgt=-0.022/0.342 cfg/b=38018 prep=2.14s gpu=0.00s conv=0.02s add=0.60s train=9.74s
[t=1443.7s] rebel stream solves=1176576 raw=1030/s balanced=1030/s debt=0 rows steps=4596 over=0 card=0 drop=0 L=0.01020 tgt=-0.018/0.348 cfg/b=37343 prep=1.92s gpu=0.00s conv=0.07s add=0.45s train=8.92s
[t=1454.0s] rebel stream solves=1186816 raw=1030/s balanced=1030/s debt=0 rows steps=4636 over=0 card=0 drop=0 L=0.01008 tgt=-0.024/0.353 cfg/b=37191 prep=2.68s gpu=0.00s conv=0.01s add=0.51s train=9.41s
[t=1464.1s] rebel stream solves=1196032 raw=1029/s balanced=1029/s debt=0 rows steps=4672 over=0 card=0 drop=0 L=0.01064 tgt=-0.019/0.350 cfg/b=37202 prep=3.07s gpu=0.00s conv=0.01s add=0.42s train=9.02s
[t=1474.7s] rebel stream solves=1207296 raw=1029/s balanced=1029/s debt=0 rows steps=4716 over=0 card=0 drop=0 L=0.01065 tgt=-0.012/0.340 cfg/b=37427 prep=2.78s gpu=0.00s conv=0.01s add=0.45s train=9.95s
[t=1484.9s] rebel stream solves=1218560 raw=1030/s balanced=1030/s debt=0 rows steps=4760 over=0 card=0 drop=0 L=0.01067 tgt=-0.006/0.350 cfg/b=36922 prep=3.40s gpu=0.00s conv=0.01s add=0.60s train=9.33s
[t=1495.0s] rebel stream solves=1229824 raw=1030/s balanced=1030/s debt=0 rows steps=4804 over=0 card=0 drop=0 L=0.01025 tgt=-0.018/0.354 cfg/b=36684 prep=2.98s gpu=0.00s conv=0.01s add=0.51s train=9.32s
[t=1506.1s] rebel stream solves=1241088 raw=1030/s balanced=1030/s debt=0 rows steps=4848 over=0 card=0 drop=0 L=0.01038 tgt=-0.016/0.352 cfg/b=36098 prep=1.45s gpu=0.00s conv=0.04s add=0.49s train=10.16s
[t=1516.3s] rebel stream solves=1251328 raw=1030/s balanced=1030/s debt=0 rows steps=4888 over=0 card=0 drop=0 L=0.01037 tgt=-0.009/0.346 cfg/b=36280 prep=2.68s gpu=0.00s conv=0.01s add=0.52s train=9.24s
[t=1526.5s] rebel stream solves=1262592 raw=1031/s balanced=1031/s debt=0 rows steps=4932 over=0 card=0 drop=0 L=0.01001 tgt=-0.019/0.343 cfg/b=35694 prep=2.45s gpu=0.00s conv=0.12s add=0.50s train=9.17s
[t=1536.8s] rebel stream solves=1272832 raw=1030/s balanced=1030/s debt=0 rows steps=4972 over=0 card=0 drop=0 L=0.00990 tgt=-0.022/0.357 cfg/b=36032 prep=2.86s gpu=0.00s conv=0.01s add=0.52s train=9.52s
[t=1547.4s] rebel stream solves=1283072 raw=1030/s balanced=1030/s debt=0 rows steps=5012 over=0 card=0 drop=0 L=0.00992 tgt=-0.024/0.359 cfg/b=34773 prep=2.63s gpu=0.00s conv=0.16s add=0.45s train=9.72s
[t=1558.0s] rebel stream solves=1293312 raw=1029/s balanced=1029/s debt=0 rows steps=5052 over=0 card=0 drop=0 L=0.01003 tgt=-0.026/0.364 cfg/b=35323 prep=2.43s gpu=0.00s conv=0.01s add=0.51s train=9.53s
[t=1569.4s] rebel stream solves=1304576 raw=1029/s balanced=1029/s debt=0 rows steps=5096 over=0 card=0 drop=0 L=0.00990 tgt=-0.019/0.348 cfg/b=34406 prep=2.13s gpu=0.00s conv=0.07s add=0.46s train=10.28s
[t=1579.6s] rebel stream solves=1314816 raw=1029/s balanced=1029/s debt=0 rows steps=5136 over=0 card=0 drop=0 L=0.00999 tgt=-0.016/0.341 cfg/b=34112 prep=2.83s gpu=0.00s conv=0.01s add=0.48s train=9.38s
[t=1591.0s] rebel stream solves=1327104 raw=1029/s balanced=1029/s debt=0 rows steps=5184 over=0 card=0 drop=0 L=0.00982 tgt=-0.013/0.346 cfg/b=34154 prep=3.23s gpu=0.00s conv=0.04s add=0.65s train=10.44s
[t=1601.4s] rebel stream solves=1338368 raw=1030/s balanced=1030/s debt=0 rows steps=5228 over=0 card=0 drop=0 L=0.01029 tgt=-0.014/0.358 cfg/b=34418 prep=2.22s gpu=0.00s conv=0.01s add=0.49s train=9.69s
[t=1611.8s] rebel stream solves=1349632 raw=1030/s balanced=1030/s debt=0 rows steps=5272 over=0 card=0 drop=0 L=0.00997 tgt=-0.006/0.352 cfg/b=33843 prep=2.33s gpu=0.00s conv=0.01s add=0.49s train=9.30s
[t=1623.1s] rebel stream solves=1361920 raw=1031/s balanced=1031/s debt=0 rows steps=5320 over=0 card=0 drop=0 L=0.01045 tgt=-0.004/0.344 cfg/b=33771 prep=2.66s gpu=0.00s conv=0.01s add=0.61s train=10.41s
[t=1633.6s] rebel stream solves=1374208 raw=1032/s balanced=1032/s debt=0 rows steps=5368 over=0 card=0 drop=0 L=0.01040 tgt=-0.004/0.341 cfg/b=33108 prep=2.99s gpu=0.00s conv=0.01s add=0.53s train=9.35s
[t=1644.4s] rebel stream solves=1384448 raw=1031/s balanced=1031/s debt=0 rows steps=5408 over=0 card=0 drop=0 L=0.00985 tgt=-0.001/0.347 cfg/b=33087 prep=1.36s gpu=0.00s conv=0.09s add=0.50s train=7.40s
[t=1654.9s] rebel stream solves=1394688 raw=1031/s balanced=1031/s debt=0 rows steps=5448 over=0 card=0 drop=0 L=0.01004 tgt=-0.007/0.350 cfg/b=32709 prep=3.07s gpu=0.00s conv=0.14s add=0.51s train=9.09s
[t=1665.0s] rebel stream solves=1406976 raw=1032/s balanced=1032/s debt=0 rows steps=5496 over=0 card=0 drop=0 L=0.01015 tgt=-0.012/0.350 cfg/b=33333 prep=2.11s gpu=0.00s conv=0.08s add=0.58s train=8.64s
[t=1675.9s] rebel stream solves=1417216 raw=1031/s balanced=1031/s debt=0 rows steps=5536 over=0 card=0 drop=0 L=0.01020 tgt=-0.013/0.352 cfg/b=32842 prep=3.62s gpu=0.00s conv=0.01s add=0.48s train=10.00s
[t=1686.5s] rebel stream solves=1428480 raw=1031/s balanced=1031/s debt=0 rows steps=5580 over=0 card=0 drop=0 L=0.01010 tgt=-0.009/0.351 cfg/b=32519 prep=2.86s gpu=0.00s conv=0.01s add=0.54s train=9.68s
[t=1696.6s] rebel stream solves=1439744 raw=1032/s balanced=1032/s debt=0 rows steps=5624 over=0 card=0 drop=0 L=0.01030 tgt=-0.008/0.352 cfg/b=32490 prep=2.01s gpu=0.00s conv=0.01s add=0.51s train=9.14s
[t=1707.1s] rebel stream solves=1449984 raw=1032/s balanced=1032/s debt=0 rows steps=5664 over=0 card=0 drop=0 L=0.01022 tgt=-0.016/0.355 cfg/b=32683 prep=1.72s gpu=0.00s conv=0.05s add=0.53s train=9.75s
[t=1717.4s] rebel stream solves=1461248 raw=1032/s balanced=1032/s debt=0 rows steps=5708 over=0 card=0 drop=0 L=0.01035 tgt=-0.010/0.359 cfg/b=32732 prep=1.78s gpu=0.00s conv=0.01s add=0.60s train=9.29s
[t=1728.1s] rebel stream solves=1472512 raw=1032/s balanced=1032/s debt=0 rows steps=5752 over=0 card=0 drop=0 L=0.01014 tgt=-0.005/0.357 cfg/b=32432 prep=2.49s gpu=0.00s conv=0.01s add=0.52s train=9.70s
[t=1738.2s] rebel stream solves=1482752 raw=1032/s balanced=1032/s debt=0 rows steps=5792 over=0 card=0 drop=0 L=0.01012 tgt=+0.003/0.362 cfg/b=32326 prep=2.08s gpu=0.00s conv=0.01s add=0.48s train=9.16s
[t=1743.8s] --- snapshot snap_04.pt (s4) ---
[t=1748.9s] rebel stream solves=1494016 raw=1032/s balanced=1032/s debt=0 rows steps=5836 over=0 card=0 drop=0 L=0.01018 tgt=-0.010/0.368 cfg/b=31780 prep=1.87s gpu=0.00s conv=0.01s add=0.64s train=9.58s
[t=1759.6s] rebel stream solves=1505280 raw=1032/s balanced=1032/s debt=0 rows steps=5880 over=0 card=0 drop=0 L=0.01006 tgt=-0.007/0.364 cfg/b=31936 prep=2.64s gpu=0.00s conv=0.01s add=0.52s train=9.75s
[t=1769.6s] rebel stream solves=1515520 raw=1032/s balanced=1032/s debt=0 rows steps=5920 over=0 card=0 drop=0 L=0.01007 tgt=-0.012/0.364 cfg/b=31824 prep=2.20s gpu=0.00s conv=0.01s add=0.49s train=8.87s
[t=1779.7s] rebel stream solves=1526784 raw=1033/s balanced=1033/s debt=0 rows steps=5964 over=0 card=0 drop=0 L=0.01038 tgt=-0.002/0.370 cfg/b=31785 prep=2.82s gpu=0.00s conv=0.01s add=0.47s train=9.35s
[t=1780.2s] --- stopping GPU admission; draining ---
[t=1789.7s] rebel stream solves=1532928 raw=1030/s balanced=1030/s debt=0 rows steps=5988 over=0 card=0 drop=0 L=0.01045 tgt=-0.003/0.366 cfg/b=31719 prep=0.30s gpu=0.00s conv=0.03s add=0.24s train=0.87s
[t=1791.2s] rebel stream solves=1533928 raw=1030/s balanced=1030/s debt=928 rows steps=5991 over=0 card=0 drop=0 L=0.01047 tgt=-0.000/0.358 cfg/b=31770 prep=0.01s gpu=0.00s conv=0.00s add=0.03s train=0.07s
[gpu-summary] solves=1533928 optimizer_rows=6134784 debt=928 raw=1023.7/s balanced=1023.5/s over=0 card=0 exact=0 censored=4608 dropped=0 overrun=0.00s
