[train] runs/value_v4_fullwarm30 at cd4d730+dirty seed=71 {'ladder_games': 0, 'seed': 71, 'note': 'full-network-greedy-warm-32iter-research'}
[train] full-network-greedy-warm-32iter-research
[cpu] pinned to 36 physical cores
[train] CUDA stream priority -1
[gpu] solve services up on [0, 1]
[cfg] PUBFEAT=897 CFEAT=15 architecture=v4 depth=2 iters=32 budget=1800s warm=300s snapshot_every=6min device=cuda:1 draft=random train_gen_ratio=12.0 recent_mix=0.5/0.2 canonical_views=2 cap=2000000 matmul=high
[t=   1.2s] greedy ep  0 games=  96 dec= 18766 rows= 17966 horizon=0.29 L=0.13177 L/var=0.89 tgt=-0.087/0.385 pstd=0.300 gen=0.1s train=1.0s
[t=   1.7s] greedy ep  1 games=  96 dec= 18181 rows= 17384 horizon=0.24 L=0.08430 L/var=0.56 tgt=-0.068/0.388 pstd=0.335 gen=0.1s train=0.4s
[t=   2.4s] greedy ep  2 games=  96 dec= 17784 rows= 17022 horizon=0.23 L=0.07365 L/var=0.44 tgt=-0.093/0.410 pstd=0.387 gen=0.1s train=0.5s
[t=   3.1s] greedy ep  3 games=  96 dec= 19219 rows= 18479 horizon=0.36 L=0.04707 L/var=0.30 tgt=-0.079/0.393 pstd=0.356 gen=0.1s train=0.5s
[t=   3.8s] greedy ep  4 games=  96 dec= 18209 rows= 17409 horizon=0.26 L=0.03438 L/var=0.22 tgt=-0.065/0.400 pstd=0.348 gen=0.1s train=0.5s
[t=   4.5s] greedy ep  5 games=  96 dec= 17090 rows= 16391 horizon=0.24 L=0.02171 L/var=0.12 tgt=-0.106/0.427 pstd=0.373 gen=0.1s train=0.4s
[t=   5.2s] greedy ep  6 games=  96 dec= 18846 rows= 18058 horizon=0.26 L=0.01858 L/var=0.14 tgt=-0.064/0.365 pstd=0.389 gen=0.1s train=0.5s
[t=   5.9s] greedy ep  7 games=  96 dec= 17855 rows= 17102 horizon=0.27 L=0.01370 L/var=0.09 tgt=-0.067/0.383 pstd=0.376 gen=0.1s train=0.5s
[t=   6.6s] greedy ep  8 games=  96 dec= 18203 rows= 17381 horizon=0.23 L=0.01001 L/var=0.06 tgt=-0.057/0.401 pstd=0.387 gen=0.1s train=0.5s
[t=   7.3s] greedy ep  9 games=  96 dec= 18268 rows= 17448 horizon=0.22 L=0.00883 L/var=0.05 tgt=-0.079/0.428 pstd=0.396 gen=0.1s train=0.5s
[t=   8.0s] greedy ep 10 games=  96 dec= 18421 rows= 17618 horizon=0.25 L=0.00798 L/var=0.05 tgt=-0.064/0.410 pstd=0.399 gen=0.1s train=0.5s
[t=   8.8s] greedy ep 11 games=  96 dec= 18740 rows= 18039 horizon=0.34 L=0.01417 L/var=0.09 tgt=-0.061/0.394 pstd=0.385 gen=0.1s train=0.5s
[t=   9.5s] greedy ep 12 games=  96 dec= 19127 rows= 18290 horizon=0.34 L=0.01069 L/var=0.07 tgt=-0.068/0.401 pstd=0.410 gen=0.1s train=0.5s
[t=  10.2s] greedy ep 13 games=  96 dec= 17919 rows= 17118 horizon=0.20 L=0.00580 L/var=0.04 tgt=-0.058/0.385 pstd=0.396 gen=0.1s train=0.5s
[t=  10.9s] greedy ep 14 games=  96 dec= 18568 rows= 17789 horizon=0.27 L=0.00482 L/var=0.03 tgt=-0.071/0.381 pstd=0.386 gen=0.1s train=0.5s
[t=  11.7s] greedy ep 15 games=  96 dec= 18137 rows= 17321 horizon=0.24 L=0.00468 L/var=0.03 tgt=-0.072/0.406 pstd=0.388 gen=0.1s train=0.5s
[t=  12.4s] greedy ep 16 games=  96 dec= 19499 rows= 18695 horizon=0.36 L=0.00457 L/var=0.03 tgt=-0.092/0.386 pstd=0.389 gen=0.1s train=0.5s
[t=  13.1s] greedy ep 17 games=  96 dec= 17739 rows= 16917 horizon=0.21 L=0.00567 L/var=0.03 tgt=-0.079/0.407 pstd=0.397 gen=0.1s train=0.5s
[t=  13.8s] greedy ep 18 games=  96 dec= 19666 rows= 18803 horizon=0.38 L=0.00584 L/var=0.04 tgt=-0.040/0.367 pstd=0.391 gen=0.1s train=0.5s
[t=  14.6s] greedy ep 19 games=  96 dec= 18024 rows= 17326 horizon=0.25 L=0.00440 L/var=0.03 tgt=-0.083/0.408 pstd=0.386 gen=0.1s train=0.5s
[t=  15.3s] greedy ep 20 games=  96 dec= 18658 rows= 17896 horizon=0.32 L=0.00394 L/var=0.02 tgt=-0.089/0.400 pstd=0.388 gen=0.1s train=0.5s
[t=  16.0s] greedy ep 21 games=  96 dec= 18397 rows= 17652 horizon=0.30 L=0.00373 L/var=0.02 tgt=-0.098/0.404 pstd=0.384 gen=0.1s train=0.5s
[t=  16.7s] greedy ep 22 games=  96 dec= 18152 rows= 17293 horizon=0.24 L=0.00360 L/var=0.02 tgt=-0.071/0.392 pstd=0.386 gen=0.1s train=0.5s
[t=  17.4s] greedy ep 23 games=  96 dec= 18636 rows= 17825 horizon=0.30 L=0.00972 L/var=0.06 tgt=-0.078/0.393 pstd=0.395 gen=0.1s train=0.5s
[t=  18.1s] greedy ep 24 games=  96 dec= 18984 rows= 18198 horizon=0.36 L=0.00654 L/var=0.04 tgt=-0.080/0.387 pstd=0.372 gen=0.1s train=0.5s
[t=  18.8s] greedy ep 25 games=  96 dec= 17131 rows= 16426 horizon=0.17 L=0.00446 L/var=0.03 tgt=-0.092/0.402 pstd=0.378 gen=0.1s train=0.5s
[t=  19.6s] greedy ep 26 games=  96 dec= 19201 rows= 18342 horizon=0.28 L=0.00367 L/var=0.03 tgt=-0.073/0.382 pstd=0.390 gen=0.1s train=0.5s
[t=  20.3s] greedy ep 27 games=  96 dec= 18924 rows= 18109 horizon=0.30 L=0.00325 L/var=0.02 tgt=-0.091/0.416 pstd=0.385 gen=0.1s train=0.5s
[t=  21.0s] greedy ep 28 games=  96 dec= 19348 rows= 18622 horizon=0.39 L=0.00308 L/var=0.02 tgt=-0.095/0.429 pstd=0.389 gen=0.1s train=0.5s
[t=  21.7s] greedy ep 29 games=  96 dec= 18309 rows= 17441 horizon=0.26 L=0.00291 L/var=0.02 tgt=-0.068/0.406 pstd=0.381 gen=0.1s train=0.5s
[t=  22.5s] greedy ep 30 games=  96 dec= 19287 rows= 18611 horizon=0.39 L=0.00307 L/var=0.02 tgt=-0.071/0.402 pstd=0.386 gen=0.1s train=0.5s
[t=  23.2s] greedy ep 31 games=  96 dec= 19436 rows= 18693 horizon=0.34 L=0.00312 L/var=0.02 tgt=-0.095/0.421 pstd=0.388 gen=0.1s train=0.5s
[t=  24.0s] greedy ep 32 games=  96 dec= 18835 rows= 18044 horizon=0.36 L=0.00296 L/var=0.02 tgt=-0.095/0.423 pstd=0.389 gen=0.1s train=0.5s
[t=  24.7s] greedy ep 33 games=  96 dec= 18201 rows= 17396 horizon=0.23 L=0.00319 L/var=0.02 tgt=-0.076/0.399 pstd=0.378 gen=0.1s train=0.5s
[t=  25.4s] greedy ep 34 games=  96 dec= 18803 rows= 18075 horizon=0.33 L=0.00607 L/var=0.03 tgt=-0.105/0.428 pstd=0.350 gen=0.1s train=0.5s
[t=  26.1s] greedy ep 35 games=  96 dec= 18573 rows= 17743 horizon=0.26 L=0.00733 L/var=0.05 tgt=-0.076/0.394 pstd=0.389 gen=0.1s train=0.5s
[t=  26.8s] greedy ep 36 games=  96 dec= 18327 rows= 17470 horizon=0.19 L=0.00377 L/var=0.03 tgt=-0.057/0.385 pstd=0.376 gen=0.1s train=0.5s
[t=  27.5s] greedy ep 37 games=  96 dec= 18382 rows= 17692 horizon=0.27 L=0.00307 L/var=0.02 tgt=-0.096/0.411 pstd=0.385 gen=0.1s train=0.5s
[t=  28.3s] greedy ep 38 games=  96 dec= 18942 rows= 18124 horizon=0.30 L=0.00280 L/var=0.02 tgt=-0.053/0.383 pstd=0.384 gen=0.1s train=0.5s
[t=  29.0s] greedy ep 39 games=  96 dec= 17792 rows= 17070 horizon=0.19 L=0.00258 L/var=0.01 tgt=-0.104/0.429 pstd=0.385 gen=0.1s train=0.5s
[t=  29.7s] greedy ep 40 games=  96 dec= 19159 rows= 18387 horizon=0.34 L=0.00233 L/var=0.02 tgt=-0.071/0.391 pstd=0.385 gen=0.1s train=0.5s
[t=  30.4s] greedy ep 41 games=  96 dec= 18482 rows= 17772 horizon=0.32 L=0.00230 L/var=0.01 tgt=-0.075/0.431 pstd=0.388 gen=0.1s train=0.5s
[t=  31.1s] greedy ep 42 games=  96 dec= 18334 rows= 17571 horizon=0.30 L=0.00308 L/var=0.02 tgt=-0.071/0.416 pstd=0.366 gen=0.1s train=0.5s
[t=  31.9s] greedy ep 43 games=  96 dec= 18851 rows= 18140 horizon=0.33 L=0.00276 L/var=0.02 tgt=-0.073/0.401 pstd=0.382 gen=0.1s train=0.5s
[t=  32.6s] greedy ep 44 games=  96 dec= 18568 rows= 17809 horizon=0.29 L=0.00222 L/var=0.01 tgt=-0.085/0.388 pstd=0.392 gen=0.1s train=0.5s
[t=  33.2s] greedy ep 45 games=  96 dec= 17642 rows= 16865 horizon=0.23 L=0.00217 L/var=0.01 tgt=-0.060/0.403 pstd=0.380 gen=0.1s train=0.5s
[t=  34.0s] greedy ep 46 games=  96 dec= 19538 rows= 18714 horizon=0.31 L=0.00208 L/var=0.01 tgt=-0.094/0.417 pstd=0.385 gen=0.1s train=0.5s
[t=  34.7s] greedy ep 47 games=  96 dec= 18567 rows= 17817 horizon=0.32 L=0.00228 L/var=0.01 tgt=-0.079/0.392 pstd=0.391 gen=0.1s train=0.5s
[t=  35.4s] greedy ep 48 games=  96 dec= 18760 rows= 18083 horizon=0.35 L=0.00214 L/var=0.02 tgt=-0.059/0.377 pstd=0.385 gen=0.1s train=0.5s
[t=  36.1s] greedy ep 49 games=  96 dec= 18559 rows= 17818 horizon=0.27 L=0.00186 L/var=0.01 tgt=-0.088/0.398 pstd=0.377 gen=0.1s train=0.4s
[t=  36.7s] greedy ep 50 games=  96 dec= 18442 rows= 17613 horizon=0.29 L=0.00194 L/var=0.01 tgt=-0.073/0.381 pstd=0.389 gen=0.1s train=0.5s
[t=  37.4s] greedy ep 51 games=  96 dec= 17776 rows= 17090 horizon=0.25 L=0.00178 L/var=0.01 tgt=-0.086/0.401 pstd=0.382 gen=0.1s train=0.5s
[t=  38.0s] greedy ep 52 games=  96 dec= 17412 rows= 16758 horizon=0.25 L=0.00185 L/var=0.01 tgt=-0.073/0.405 pstd=0.389 gen=0.1s train=0.4s
[t=  38.6s] greedy ep 53 games=  96 dec= 18640 rows= 17863 horizon=0.26 L=0.00170 L/var=0.01 tgt=-0.086/0.418 pstd=0.387 gen=0.1s train=0.4s
[t=  39.3s] greedy ep 54 games=  96 dec= 18727 rows= 17924 horizon=0.29 L=0.00186 L/var=0.01 tgt=-0.064/0.410 pstd=0.385 gen=0.1s train=0.5s
[t=  39.9s] greedy ep 55 games=  96 dec= 18714 rows= 17891 horizon=0.27 L=0.00169 L/var=0.01 tgt=-0.066/0.378 pstd=0.384 gen=0.1s train=0.4s
[t=  40.6s] greedy ep 56 games=  96 dec= 18251 rows= 17512 horizon=0.28 L=0.00154 L/var=0.01 tgt=-0.064/0.366 pstd=0.384 gen=0.1s train=0.4s
[t=  41.2s] greedy ep 57 games=  96 dec= 18219 rows= 17469 horizon=0.28 L=0.00211 L/var=0.01 tgt=-0.076/0.388 pstd=0.381 gen=0.1s train=0.4s
[t=  41.8s] greedy ep 58 games=  96 dec= 17391 rows= 16683 horizon=0.18 L=0.00165 L/var=0.01 tgt=-0.081/0.427 pstd=0.383 gen=0.1s train=0.4s
[t=  42.4s] greedy ep 59 games=  96 dec= 18946 rows= 18114 horizon=0.32 L=0.00169 L/var=0.01 tgt=-0.061/0.376 pstd=0.389 gen=0.1s train=0.4s
[t=  43.0s] greedy ep 60 games=  96 dec= 19335 rows= 18457 horizon=0.34 L=0.00219 L/var=0.01 tgt=-0.055/0.395 pstd=0.382 gen=0.1s train=0.4s
[t=  43.7s] greedy ep 61 games=  96 dec= 18173 rows= 17436 horizon=0.25 L=0.00167 L/var=0.01 tgt=-0.075/0.376 pstd=0.385 gen=0.1s train=0.4s
[t=  44.3s] greedy ep 62 games=  96 dec= 18859 rows= 18106 horizon=0.33 L=0.00160 L/var=0.01 tgt=-0.069/0.405 pstd=0.382 gen=0.1s train=0.4s
[t=  44.9s] greedy ep 63 games=  96 dec= 18161 rows= 17473 horizon=0.29 L=0.00152 L/var=0.01 tgt=-0.078/0.396 pstd=0.381 gen=0.1s train=0.4s
[t=  45.5s] greedy ep 64 games=  96 dec= 18743 rows= 17973 horizon=0.35 L=0.00162 L/var=0.01 tgt=-0.082/0.413 pstd=0.389 gen=0.1s train=0.4s
[t=  46.1s] greedy ep 65 games=  96 dec= 17830 rows= 17101 horizon=0.29 L=0.00145 L/var=0.01 tgt=-0.047/0.366 pstd=0.385 gen=0.1s train=0.4s
[t=  46.8s] greedy ep 66 games=  96 dec= 18792 rows= 17916 horizon=0.31 L=0.00327 L/var=0.02 tgt=-0.065/0.408 pstd=0.385 gen=0.1s train=0.4s
[t=  47.4s] greedy ep 67 games=  96 dec= 18295 rows= 17466 horizon=0.30 L=0.00223 L/var=0.01 tgt=-0.069/0.394 pstd=0.380 gen=0.1s train=0.4s
[t=  48.0s] greedy ep 68 games=  96 dec= 18788 rows= 17968 horizon=0.30 L=0.00163 L/var=0.01 tgt=-0.075/0.406 pstd=0.384 gen=0.1s train=0.4s
[t=  48.6s] greedy ep 69 games=  96 dec= 18881 rows= 18187 horizon=0.34 L=0.00150 L/var=0.01 tgt=-0.083/0.387 pstd=0.383 gen=0.1s train=0.4s
[t=  49.3s] greedy ep 70 games=  96 dec= 18407 rows= 17583 horizon=0.24 L=0.00141 L/var=0.01 tgt=-0.079/0.420 pstd=0.386 gen=0.1s train=0.4s
[t=  49.9s] greedy ep 71 games=  96 dec= 17905 rows= 17035 horizon=0.24 L=0.00135 L/var=0.01 tgt=-0.069/0.394 pstd=0.383 gen=0.1s train=0.4s
[t=  50.5s] greedy ep 72 games=  96 dec= 17953 rows= 17091 horizon=0.23 L=0.00131 L/var=0.01 tgt=-0.072/0.365 pstd=0.385 gen=0.1s train=0.4s
[t=  51.1s] greedy ep 73 games=  96 dec= 17481 rows= 16698 horizon=0.23 L=0.00153 L/var=0.01 tgt=-0.065/0.410 pstd=0.388 gen=0.1s train=0.4s
[t=  51.7s] greedy ep 74 games=  96 dec= 18653 rows= 17920 horizon=0.29 L=0.00133 L/var=0.01 tgt=-0.069/0.399 pstd=0.374 gen=0.1s train=0.4s
[t=  52.4s] greedy ep 75 games=  96 dec= 19664 rows= 18912 horizon=0.41 L=0.00126 L/var=0.01 tgt=-0.085/0.391 pstd=0.383 gen=0.1s train=0.4s
[t=  53.0s] greedy ep 76 games=  96 dec= 18113 rows= 17338 horizon=0.26 L=0.00706 L/var=0.05 tgt=-0.063/0.376 pstd=0.348 gen=0.1s train=0.4s
[t=  53.6s] greedy ep 77 games=  96 dec= 17207 rows= 16507 horizon=0.22 L=0.00380 L/var=0.02 tgt=-0.083/0.397 pstd=0.395 gen=0.1s train=0.4s
[t=  54.2s] greedy ep 78 games=  96 dec= 18418 rows= 17727 horizon=0.29 L=0.00207 L/var=0.01 tgt=-0.067/0.412 pstd=0.376 gen=0.1s train=0.4s
[t=  54.8s] greedy ep 79 games=  96 dec= 18115 rows= 17315 horizon=0.24 L=0.00157 L/var=0.01 tgt=-0.071/0.409 pstd=0.387 gen=0.1s train=0.4s
[t=  55.4s] greedy ep 80 games=  96 dec= 18606 rows= 17891 horizon=0.31 L=0.00132 L/var=0.01 tgt=-0.069/0.400 pstd=0.386 gen=0.1s train=0.4s
[t=  56.1s] greedy ep 81 games=  96 dec= 18436 rows= 17724 horizon=0.32 L=0.00121 L/var=0.01 tgt=-0.090/0.402 pstd=0.381 gen=0.1s train=0.4s
[t=  56.7s] greedy ep 82 games=  96 dec= 18815 rows= 17992 horizon=0.30 L=0.00119 L/var=0.01 tgt=-0.094/0.375 pstd=0.380 gen=0.1s train=0.4s
[t=  57.3s] greedy ep 83 games=  96 dec= 19308 rows= 18474 horizon=0.32 L=0.00119 L/var=0.01 tgt=-0.065/0.387 pstd=0.384 gen=0.1s train=0.4s
[t=  58.0s] greedy ep 84 games=  96 dec= 18238 rows= 17387 horizon=0.25 L=0.00114 L/var=0.01 tgt=-0.079/0.415 pstd=0.380 gen=0.1s train=0.4s
[t=  58.6s] greedy ep 85 games=  96 dec= 18388 rows= 17652 horizon=0.27 L=0.00114 L/var=0.01 tgt=-0.069/0.399 pstd=0.387 gen=0.1s train=0.4s
[t=  59.3s] greedy ep 86 games=  96 dec= 18493 rows= 17664 horizon=0.26 L=0.00111 L/var=0.01 tgt=-0.072/0.394 pstd=0.389 gen=0.1s train=0.4s
[t=  59.9s] greedy ep 87 games=  96 dec= 18519 rows= 17713 horizon=0.30 L=0.00115 L/var=0.01 tgt=-0.068/0.399 pstd=0.389 gen=0.1s train=0.4s
[t=  60.6s] greedy ep 88 games=  96 dec= 18824 rows= 18032 horizon=0.27 L=0.00116 L/var=0.01 tgt=-0.090/0.390 pstd=0.385 gen=0.1s train=0.5s
[t=  61.2s] greedy ep 89 games=  96 dec= 18558 rows= 17765 horizon=0.33 L=0.00112 L/var=0.01 tgt=-0.103/0.419 pstd=0.382 gen=0.1s train=0.4s
[t=  61.8s] greedy ep 90 games=  96 dec= 17595 rows= 16855 horizon=0.27 L=0.00112 L/var=0.01 tgt=-0.078/0.409 pstd=0.386 gen=0.1s train=0.4s
[t=  62.4s] greedy ep 91 games=  96 dec= 18221 rows= 17460 horizon=0.26 L=0.00103 L/var=0.01 tgt=-0.075/0.399 pstd=0.382 gen=0.1s train=0.4s
[t=  63.0s] greedy ep 92 games=  96 dec= 17785 rows= 16885 horizon=0.25 L=0.00103 L/var=0.01 tgt=-0.065/0.398 pstd=0.383 gen=0.1s train=0.4s
[t=  63.7s] greedy ep 93 games=  96 dec= 16793 rows= 16055 horizon=0.22 L=0.00110 L/var=0.01 tgt=-0.093/0.434 pstd=0.384 gen=0.1s train=0.4s
[t=  64.3s] greedy ep 94 games=  96 dec= 17387 rows= 16659 horizon=0.21 L=0.00176 L/var=0.01 tgt=-0.057/0.399 pstd=0.379 gen=0.1s train=0.4s
[t=  64.9s] greedy ep 95 games=  96 dec= 17826 rows= 17055 horizon=0.26 L=0.00136 L/var=0.01 tgt=-0.080/0.390 pstd=0.388 gen=0.1s train=0.4s
[t=  65.6s] greedy ep 96 games=  96 dec= 19049 rows= 18201 horizon=0.33 L=0.00106 L/var=0.01 tgt=-0.074/0.388 pstd=0.382 gen=0.1s train=0.5s
[t=  66.2s] greedy ep 97 games=  96 dec= 18359 rows= 17649 horizon=0.34 L=0.00100 L/var=0.01 tgt=-0.079/0.425 pstd=0.387 gen=0.1s train=0.4s
[t=  66.9s] greedy ep 98 games=  96 dec= 18567 rows= 17814 horizon=0.26 L=0.00101 L/var=0.01 tgt=-0.082/0.414 pstd=0.387 gen=0.1s train=0.4s
[t=  67.5s] greedy ep 99 games=  96 dec= 17913 rows= 17157 horizon=0.27 L=0.00097 L/var=0.01 tgt=-0.071/0.414 pstd=0.387 gen=0.1s train=0.4s
[t=  68.1s] greedy ep100 games=  96 dec= 17961 rows= 17194 horizon=0.27 L=0.00094 L/var=0.01 tgt=-0.070/0.401 pstd=0.387 gen=0.1s train=0.4s
[t=  68.9s] greedy ep101 games=  96 dec= 17896 rows= 17160 horizon=0.25 L=0.00155 L/var=0.01 tgt=-0.071/0.379 pstd=0.389 gen=0.1s train=0.5s
[t=  69.6s] greedy ep102 games=  96 dec= 18277 rows= 17479 horizon=0.29 L=0.00105 L/var=0.01 tgt=-0.075/0.405 pstd=0.386 gen=0.1s train=0.5s
[t=  70.4s] greedy ep103 games=  96 dec= 18836 rows= 18126 horizon=0.36 L=0.00094 L/var=0.01 tgt=-0.104/0.418 pstd=0.389 gen=0.1s train=0.5s
[t=  71.0s] greedy ep104 games=  96 dec= 19090 rows= 18345 horizon=0.39 L=0.00093 L/var=0.01 tgt=-0.088/0.415 pstd=0.382 gen=0.1s train=0.5s
[t=  71.7s] greedy ep105 games=  96 dec= 18631 rows= 17888 horizon=0.31 L=0.00108 L/var=0.01 tgt=-0.075/0.405 pstd=0.384 gen=0.1s train=0.4s
[t=  72.3s] greedy ep106 games=  96 dec= 18658 rows= 17979 horizon=0.35 L=0.00084 L/var=0.01 tgt=-0.079/0.397 pstd=0.384 gen=0.1s train=0.5s
[t=  73.0s] greedy ep107 games=  96 dec= 17886 rows= 17007 horizon=0.28 L=0.00157 L/var=0.01 tgt=-0.085/0.416 pstd=0.384 gen=0.1s train=0.4s
[t=  73.6s] greedy ep108 games=  96 dec= 17892 rows= 17161 horizon=0.25 L=0.00114 L/var=0.01 tgt=-0.076/0.386 pstd=0.381 gen=0.1s train=0.4s
[t=  74.3s] greedy ep109 games=  96 dec= 18699 rows= 17867 horizon=0.29 L=0.00094 L/var=0.01 tgt=-0.070/0.401 pstd=0.389 gen=0.1s train=0.4s
[t=  74.9s] greedy ep110 games=  96 dec= 17683 rows= 16962 horizon=0.31 L=0.00079 L/var=0.00 tgt=-0.070/0.413 pstd=0.381 gen=0.1s train=0.4s
[t=  75.6s] greedy ep111 games=  96 dec= 19115 rows= 18285 horizon=0.33 L=0.00079 L/var=0.00 tgt=-0.071/0.408 pstd=0.383 gen=0.1s train=0.5s
[t=  76.2s] greedy ep112 games=  96 dec= 18455 rows= 17671 horizon=0.32 L=0.00083 L/var=0.00 tgt=-0.081/0.412 pstd=0.384 gen=0.1s train=0.4s
[t=  76.9s] greedy ep113 games=  96 dec= 18982 rows= 18116 horizon=0.38 L=0.00095 L/var=0.01 tgt=-0.060/0.382 pstd=0.387 gen=0.1s train=0.5s
[t=  77.5s] greedy ep114 games=  96 dec= 17995 rows= 17139 horizon=0.21 L=0.00097 L/var=0.01 tgt=-0.086/0.388 pstd=0.385 gen=0.1s train=0.4s
[t=  78.2s] greedy ep115 games=  96 dec= 19195 rows= 18264 horizon=0.30 L=0.00098 L/var=0.01 tgt=-0.070/0.397 pstd=0.385 gen=0.1s train=0.5s
[t=  78.9s] greedy ep116 games=  96 dec= 18561 rows= 17832 horizon=0.28 L=0.00118 L/var=0.01 tgt=-0.081/0.395 pstd=0.383 gen=0.1s train=0.5s
[t=  79.5s] greedy ep117 games=  96 dec= 18671 rows= 17885 horizon=0.32 L=0.00075 L/var=0.00 tgt=-0.060/0.420 pstd=0.385 gen=0.1s train=0.4s
[t=  80.2s] greedy ep118 games=  96 dec= 18181 rows= 17450 horizon=0.27 L=0.00071 L/var=0.00 tgt=-0.072/0.413 pstd=0.385 gen=0.1s train=0.4s
[t=  80.8s] greedy ep119 games=  96 dec= 18408 rows= 17604 horizon=0.30 L=0.00066 L/var=0.00 tgt=-0.089/0.415 pstd=0.385 gen=0.1s train=0.4s
[t=  81.5s] greedy ep120 games=  96 dec= 19266 rows= 18364 horizon=0.34 L=0.00173 L/var=0.01 tgt=-0.068/0.398 pstd=0.381 gen=0.1s train=0.5s
[t=  82.2s] greedy ep121 games=  96 dec= 18413 rows= 17606 horizon=0.27 L=0.00142 L/var=0.01 tgt=-0.069/0.397 pstd=0.374 gen=0.1s train=0.5s
[t=  83.0s] greedy ep122 games=  96 dec= 19063 rows= 18275 horizon=0.29 L=0.00161 L/var=0.01 tgt=-0.107/0.438 pstd=0.380 gen=0.1s train=0.6s
[t=  83.8s] greedy ep123 games=  96 dec= 19526 rows= 18756 horizon=0.36 L=0.00092 L/var=0.01 tgt=-0.068/0.378 pstd=0.390 gen=0.1s train=0.6s
[t=  84.6s] greedy ep124 games=  96 dec= 19331 rows= 18451 horizon=0.36 L=0.00067 L/var=0.00 tgt=-0.069/0.402 pstd=0.387 gen=0.1s train=0.6s
[t=  85.3s] greedy ep125 games=  96 dec= 18824 rows= 17986 horizon=0.35 L=0.00059 L/var=0.00 tgt=-0.076/0.395 pstd=0.386 gen=0.1s train=0.5s
[t=  86.0s] greedy ep126 games=  96 dec= 18280 rows= 17516 horizon=0.30 L=0.00057 L/var=0.00 tgt=-0.095/0.420 pstd=0.385 gen=0.1s train=0.5s
[t=  86.6s] greedy ep127 games=  96 dec= 17529 rows= 16796 horizon=0.26 L=0.00052 L/var=0.00 tgt=-0.068/0.375 pstd=0.386 gen=0.1s train=0.4s
[t=  87.3s] greedy ep128 games=  96 dec= 19603 rows= 18754 horizon=0.38 L=0.00052 L/var=0.00 tgt=-0.065/0.393 pstd=0.380 gen=0.1s train=0.5s
[t=  87.9s] greedy ep129 games=  96 dec= 17952 rows= 17154 horizon=0.22 L=0.00082 L/var=0.00 tgt=-0.054/0.407 pstd=0.381 gen=0.1s train=0.4s
[t=  88.5s] greedy ep130 games=  96 dec= 18403 rows= 17647 horizon=0.25 L=0.00056 L/var=0.00 tgt=-0.072/0.425 pstd=0.387 gen=0.1s train=0.4s
[t=  89.2s] greedy ep131 games=  96 dec= 18445 rows= 17678 horizon=0.34 L=0.00051 L/var=0.00 tgt=-0.075/0.412 pstd=0.381 gen=0.1s train=0.5s
[t=  89.9s] greedy ep132 games=  96 dec= 18934 rows= 18120 horizon=0.30 L=0.00063 L/var=0.00 tgt=-0.073/0.379 pstd=0.381 gen=0.1s train=0.5s
[t=  90.6s] greedy ep133 games=  96 dec= 18428 rows= 17733 horizon=0.35 L=0.00077 L/var=0.01 tgt=-0.089/0.376 pstd=0.381 gen=0.1s train=0.5s
[t=  91.3s] greedy ep134 games=  96 dec= 18744 rows= 17814 horizon=0.24 L=0.00065 L/var=0.00 tgt=-0.051/0.390 pstd=0.384 gen=0.1s train=0.5s
[t=  91.9s] greedy ep135 games=  96 dec= 17327 rows= 16575 horizon=0.22 L=0.00062 L/var=0.00 tgt=-0.075/0.378 pstd=0.386 gen=0.1s train=0.4s
[t=  92.6s] greedy ep136 games=  96 dec= 18928 rows= 18133 horizon=0.29 L=0.00057 L/var=0.00 tgt=-0.075/0.410 pstd=0.380 gen=0.1s train=0.4s
[t=  93.2s] greedy ep137 games=  96 dec= 18033 rows= 17268 horizon=0.22 L=0.00051 L/var=0.00 tgt=-0.070/0.399 pstd=0.384 gen=0.1s train=0.4s
[t=  93.9s] greedy ep138 games=  96 dec= 18537 rows= 17750 horizon=0.29 L=0.00082 L/var=0.00 tgt=-0.061/0.411 pstd=0.385 gen=0.1s train=0.4s
[t=  94.5s] greedy ep139 games=  96 dec= 17772 rows= 17041 horizon=0.25 L=0.00057 L/var=0.00 tgt=-0.081/0.420 pstd=0.384 gen=0.1s train=0.4s
[t=  95.1s] greedy ep140 games=  96 dec= 18137 rows= 17337 horizon=0.25 L=0.00054 L/var=0.00 tgt=-0.055/0.385 pstd=0.385 gen=0.1s train=0.4s
[t=  95.8s] greedy ep141 games=  96 dec= 18853 rows= 18152 horizon=0.33 L=0.00059 L/var=0.00 tgt=-0.069/0.404 pstd=0.381 gen=0.1s train=0.4s
[t=  96.4s] greedy ep142 games=  96 dec= 17797 rows= 17055 horizon=0.25 L=0.00048 L/var=0.00 tgt=-0.085/0.374 pstd=0.384 gen=0.1s train=0.4s
[t=  97.0s] greedy ep143 games=  96 dec= 18304 rows= 17524 horizon=0.25 L=0.00066 L/var=0.00 tgt=-0.097/0.430 pstd=0.380 gen=0.1s train=0.4s
[t=  97.7s] greedy ep144 games=  96 dec= 18436 rows= 17635 horizon=0.30 L=0.00187 L/var=0.01 tgt=-0.064/0.393 pstd=0.370 gen=0.1s train=0.5s
[t=  98.5s] greedy ep145 games=  96 dec= 18868 rows= 18151 horizon=0.32 L=0.00145 L/var=0.01 tgt=-0.062/0.381 pstd=0.362 gen=0.1s train=0.5s
[t=  99.2s] greedy ep146 games=  96 dec= 18242 rows= 17459 horizon=0.32 L=0.00190 L/var=0.01 tgt=-0.087/0.413 pstd=0.392 gen=0.1s train=0.5s
[t=  99.9s] greedy ep147 games=  96 dec= 18455 rows= 17752 horizon=0.30 L=0.00081 L/var=0.01 tgt=-0.101/0.393 pstd=0.380 gen=0.1s train=0.5s
[t= 100.7s] greedy ep148 games=  96 dec= 18568 rows= 17798 horizon=0.34 L=0.00055 L/var=0.00 tgt=-0.080/0.398 pstd=0.385 gen=0.1s train=0.5s
[t= 101.4s] greedy ep149 games=  96 dec= 18154 rows= 17393 horizon=0.25 L=0.00045 L/var=0.00 tgt=-0.068/0.402 pstd=0.384 gen=0.1s train=0.5s
[t= 102.1s] greedy ep150 games=  96 dec= 17190 rows= 16390 horizon=0.19 L=0.00042 L/var=0.00 tgt=-0.086/0.394 pstd=0.381 gen=0.1s train=0.4s
[t= 102.8s] greedy ep151 games=  96 dec= 17698 rows= 16971 horizon=0.26 L=0.00039 L/var=0.00 tgt=-0.074/0.409 pstd=0.386 gen=0.1s train=0.5s
[t= 103.5s] greedy ep152 games=  96 dec= 19288 rows= 18490 horizon=0.29 L=0.00038 L/var=0.00 tgt=-0.072/0.413 pstd=0.382 gen=0.1s train=0.5s
[t= 104.3s] greedy ep153 games=  96 dec= 18882 rows= 18116 horizon=0.30 L=0.00037 L/var=0.00 tgt=-0.071/0.376 pstd=0.380 gen=0.1s train=0.5s
[t= 104.9s] greedy ep154 games=  96 dec= 18603 rows= 17873 horizon=0.30 L=0.00041 L/var=0.00 tgt=-0.052/0.394 pstd=0.384 gen=0.1s train=0.5s
[t= 105.7s] greedy ep155 games=  96 dec= 18924 rows= 18023 horizon=0.31 L=0.00050 L/var=0.00 tgt=-0.081/0.410 pstd=0.385 gen=0.1s train=0.5s
[t= 106.4s] greedy ep156 games=  96 dec= 17681 rows= 16931 horizon=0.24 L=0.00045 L/var=0.00 tgt=-0.046/0.384 pstd=0.385 gen=0.1s train=0.5s
[t= 107.1s] greedy ep157 games=  96 dec= 18035 rows= 17344 horizon=0.30 L=0.00042 L/var=0.00 tgt=-0.094/0.429 pstd=0.380 gen=0.1s train=0.5s
[t= 107.8s] greedy ep158 games=  96 dec= 18771 rows= 17946 horizon=0.29 L=0.00040 L/var=0.00 tgt=-0.095/0.406 pstd=0.383 gen=0.1s train=0.5s
[t= 108.5s] greedy ep159 games=  96 dec= 19135 rows= 18384 horizon=0.34 L=0.00039 L/var=0.00 tgt=-0.073/0.399 pstd=0.380 gen=0.1s train=0.5s
[t= 109.2s] greedy ep160 games=  96 dec= 18729 rows= 18013 horizon=0.32 L=0.00043 L/var=0.00 tgt=-0.065/0.383 pstd=0.382 gen=0.1s train=0.5s
[t= 110.0s] greedy ep161 games=  96 dec= 19303 rows= 18514 horizon=0.39 L=0.00052 L/var=0.00 tgt=-0.061/0.386 pstd=0.385 gen=0.1s train=0.5s
[t= 110.7s] greedy ep162 games=  96 dec= 18911 rows= 18138 horizon=0.33 L=0.00037 L/var=0.00 tgt=-0.055/0.384 pstd=0.380 gen=0.1s train=0.5s
[t= 111.4s] greedy ep163 games=  96 dec= 19142 rows= 18304 horizon=0.33 L=0.00035 L/var=0.00 tgt=-0.078/0.415 pstd=0.383 gen=0.1s train=0.5s
[t= 112.1s] greedy ep164 games=  96 dec= 19065 rows= 18285 horizon=0.34 L=0.00037 L/var=0.00 tgt=-0.081/0.398 pstd=0.381 gen=0.1s train=0.5s
[t= 112.9s] greedy ep165 games=  96 dec= 18849 rows= 18037 horizon=0.30 L=0.00109 L/var=0.01 tgt=-0.071/0.390 pstd=0.380 gen=0.1s train=0.5s
[t= 113.6s] greedy ep166 games=  96 dec= 18401 rows= 17561 horizon=0.23 L=0.00051 L/var=0.00 tgt=-0.065/0.404 pstd=0.383 gen=0.1s train=0.5s
[t= 114.2s] greedy ep167 games=  96 dec= 18354 rows= 17611 horizon=0.29 L=0.00039 L/var=0.00 tgt=-0.071/0.401 pstd=0.384 gen=0.1s train=0.4s
[t= 114.9s] greedy ep168 games=  96 dec= 18795 rows= 17919 horizon=0.26 L=0.00034 L/var=0.00 tgt=-0.070/0.404 pstd=0.383 gen=0.1s train=0.4s
[t= 115.6s] greedy ep169 games=  96 dec= 17740 rows= 17010 horizon=0.22 L=0.00033 L/var=0.00 tgt=-0.075/0.408 pstd=0.382 gen=0.1s train=0.5s
[t= 116.3s] greedy ep170 games=  96 dec= 17786 rows= 16996 horizon=0.25 L=0.00031 L/var=0.00 tgt=-0.059/0.381 pstd=0.382 gen=0.1s train=0.5s
[t= 117.0s] greedy ep171 games=  96 dec= 18032 rows= 17255 horizon=0.30 L=0.00046 L/var=0.00 tgt=-0.066/0.413 pstd=0.379 gen=0.1s train=0.5s
[t= 117.7s] greedy ep172 games=  96 dec= 18316 rows= 17675 horizon=0.28 L=0.00135 L/var=0.01 tgt=-0.053/0.399 pstd=0.384 gen=0.1s train=0.5s
[t= 118.4s] greedy ep173 games=  96 dec= 17668 rows= 16826 horizon=0.20 L=0.00055 L/var=0.00 tgt=-0.061/0.392 pstd=0.388 gen=0.1s train=0.4s
[t= 119.1s] greedy ep174 games=  96 dec= 19016 rows= 18165 horizon=0.30 L=0.00036 L/var=0.00 tgt=-0.068/0.395 pstd=0.382 gen=0.1s train=0.5s
[t= 119.8s] greedy ep175 games=  96 dec= 19256 rows= 18432 horizon=0.30 L=0.00033 L/var=0.00 tgt=-0.050/0.403 pstd=0.383 gen=0.1s train=0.5s
[t= 120.6s] greedy ep176 games=  96 dec= 18960 rows= 18181 horizon=0.35 L=0.00028 L/var=0.00 tgt=-0.092/0.393 pstd=0.383 gen=0.1s train=0.5s
[t= 121.3s] greedy ep177 games=  96 dec= 18394 rows= 17618 horizon=0.31 L=0.00029 L/var=0.00 tgt=-0.085/0.415 pstd=0.382 gen=0.1s train=0.5s
[t= 122.0s] greedy ep178 games=  96 dec= 18168 rows= 17374 horizon=0.29 L=0.00034 L/var=0.00 tgt=-0.075/0.388 pstd=0.385 gen=0.1s train=0.5s
[t= 122.7s] greedy ep179 games=  96 dec= 17644 rows= 16928 horizon=0.28 L=0.00034 L/var=0.00 tgt=-0.057/0.393 pstd=0.382 gen=0.1s train=0.5s
[t= 123.4s] greedy ep180 games=  96 dec= 18772 rows= 17992 horizon=0.27 L=0.00033 L/var=0.00 tgt=-0.073/0.392 pstd=0.386 gen=0.1s train=0.5s
[t= 124.1s] greedy ep181 games=  96 dec= 19212 rows= 18399 horizon=0.29 L=0.00031 L/var=0.00 tgt=-0.087/0.391 pstd=0.381 gen=0.1s train=0.5s
[t= 124.9s] greedy ep182 games=  96 dec= 18544 rows= 17710 horizon=0.28 L=0.00038 L/var=0.00 tgt=-0.063/0.391 pstd=0.380 gen=0.1s train=0.5s
[t= 125.6s] greedy ep183 games=  96 dec= 17716 rows= 16958 horizon=0.19 L=0.00041 L/var=0.00 tgt=-0.076/0.389 pstd=0.383 gen=0.1s train=0.5s
[t= 126.3s] greedy ep184 games=  96 dec= 18374 rows= 17593 horizon=0.29 L=0.00040 L/var=0.00 tgt=-0.070/0.399 pstd=0.384 gen=0.1s train=0.5s
[t= 127.0s] greedy ep185 games=  96 dec= 18507 rows= 17840 horizon=0.33 L=0.00053 L/var=0.00 tgt=-0.081/0.389 pstd=0.383 gen=0.1s train=0.5s
[t= 127.7s] greedy ep186 games=  96 dec= 18801 rows= 17996 horizon=0.30 L=0.00047 L/var=0.00 tgt=-0.056/0.386 pstd=0.383 gen=0.1s train=0.5s
[t= 128.5s] greedy ep187 games=  96 dec= 18804 rows= 17976 horizon=0.28 L=0.00037 L/var=0.00 tgt=-0.055/0.413 pstd=0.385 gen=0.1s train=0.5s
[t= 129.2s] greedy ep188 games=  96 dec= 18934 rows= 18226 horizon=0.33 L=0.00032 L/var=0.00 tgt=-0.091/0.421 pstd=0.385 gen=0.1s train=0.5s
[t= 129.9s] greedy ep189 games=  96 dec= 19181 rows= 18393 horizon=0.32 L=0.00028 L/var=0.00 tgt=-0.087/0.385 pstd=0.380 gen=0.1s train=0.5s
[t= 130.6s] greedy ep190 games=  96 dec= 18911 rows= 18063 horizon=0.33 L=0.00028 L/var=0.00 tgt=-0.063/0.399 pstd=0.380 gen=0.1s train=0.5s
[t= 131.3s] greedy ep191 games=  96 dec= 18565 rows= 17814 horizon=0.28 L=0.00083 L/var=0.01 tgt=-0.084/0.388 pstd=0.382 gen=0.1s train=0.5s
[t= 132.1s] greedy ep192 games=  96 dec= 18591 rows= 17818 horizon=0.31 L=0.00033 L/var=0.00 tgt=-0.044/0.396 pstd=0.385 gen=0.1s train=0.5s
[t= 132.8s] greedy ep193 games=  96 dec= 17435 rows= 16636 horizon=0.20 L=0.00032 L/var=0.00 tgt=-0.077/0.427 pstd=0.380 gen=0.1s train=0.4s
[t= 133.5s] greedy ep194 games=  96 dec= 17661 rows= 16842 horizon=0.24 L=0.00031 L/var=0.00 tgt=-0.083/0.425 pstd=0.380 gen=0.1s train=0.5s
[t= 134.2s] greedy ep195 games=  96 dec= 18820 rows= 17978 horizon=0.29 L=0.00026 L/var=0.00 tgt=-0.059/0.370 pstd=0.381 gen=0.1s train=0.5s
[t= 134.9s] greedy ep196 games=  96 dec= 18178 rows= 17448 horizon=0.24 L=0.00029 L/var=0.00 tgt=-0.064/0.404 pstd=0.385 gen=0.1s train=0.4s
[t= 135.5s] greedy ep197 games=  96 dec= 18661 rows= 17866 horizon=0.34 L=0.00026 L/var=0.00 tgt=-0.075/0.399 pstd=0.384 gen=0.1s train=0.4s
[t= 136.1s] greedy ep198 games=  96 dec= 18432 rows= 17661 horizon=0.30 L=0.00070 L/var=0.00 tgt=-0.084/0.407 pstd=0.386 gen=0.1s train=0.4s
[t= 136.8s] greedy ep199 games=  96 dec= 19076 rows= 18337 horizon=0.34 L=0.00035 L/var=0.00 tgt=-0.070/0.406 pstd=0.386 gen=0.1s train=0.4s
[t= 137.4s] greedy ep200 games=  96 dec= 19015 rows= 18240 horizon=0.32 L=0.00026 L/var=0.00 tgt=-0.074/0.406 pstd=0.380 gen=0.1s train=0.4s
[t= 138.1s] greedy ep201 games=  96 dec= 18029 rows= 17244 horizon=0.24 L=0.00031 L/var=0.00 tgt=-0.077/0.405 pstd=0.381 gen=0.1s train=0.4s
[t= 138.7s] greedy ep202 games=  96 dec= 18872 rows= 18034 horizon=0.26 L=0.00025 L/var=0.00 tgt=-0.084/0.413 pstd=0.380 gen=0.1s train=0.4s
[t= 139.4s] greedy ep203 games=  96 dec= 19494 rows= 18685 horizon=0.35 L=0.00049 L/var=0.00 tgt=-0.067/0.390 pstd=0.383 gen=0.1s train=0.4s
[t= 140.0s] greedy ep204 games=  96 dec= 19434 rows= 18623 horizon=0.40 L=0.00033 L/var=0.00 tgt=-0.053/0.393 pstd=0.382 gen=0.1s train=0.4s
[t= 140.6s] greedy ep205 games=  96 dec= 17906 rows= 17147 horizon=0.21 L=0.00033 L/var=0.00 tgt=-0.067/0.405 pstd=0.385 gen=0.1s train=0.4s
[t= 141.3s] greedy ep206 games=  96 dec= 17949 rows= 17157 horizon=0.24 L=0.00025 L/var=0.00 tgt=-0.073/0.412 pstd=0.383 gen=0.1s train=0.4s
[t= 141.9s] greedy ep207 games=  96 dec= 18693 rows= 17916 horizon=0.33 L=0.00039 L/var=0.00 tgt=-0.073/0.406 pstd=0.382 gen=0.1s train=0.4s
[t= 142.6s] greedy ep208 games=  96 dec= 19155 rows= 18383 horizon=0.31 L=0.00069 L/var=0.00 tgt=-0.053/0.385 pstd=0.387 gen=0.1s train=0.4s
[t= 143.2s] greedy ep209 games=  96 dec= 19333 rows= 18521 horizon=0.34 L=0.00032 L/var=0.00 tgt=-0.039/0.375 pstd=0.385 gen=0.1s train=0.5s
[t= 143.9s] greedy ep210 games=  96 dec= 18338 rows= 17510 horizon=0.29 L=0.00022 L/var=0.00 tgt=-0.081/0.400 pstd=0.383 gen=0.1s train=0.4s
[t= 144.5s] greedy ep211 games=  96 dec= 18632 rows= 17799 horizon=0.25 L=0.00022 L/var=0.00 tgt=-0.108/0.425 pstd=0.381 gen=0.1s train=0.4s
[t= 145.1s] greedy ep212 games=  96 dec= 17919 rows= 17212 horizon=0.28 L=0.00022 L/var=0.00 tgt=-0.095/0.402 pstd=0.384 gen=0.1s train=0.4s
[t= 145.8s] greedy ep213 games=  96 dec= 18080 rows= 17335 horizon=0.22 L=0.00034 L/var=0.00 tgt=-0.061/0.399 pstd=0.387 gen=0.1s train=0.4s
[t= 146.4s] greedy ep214 games=  96 dec= 18550 rows= 17768 horizon=0.31 L=0.00025 L/var=0.00 tgt=-0.071/0.411 pstd=0.384 gen=0.1s train=0.4s
[t= 147.1s] greedy ep215 games=  96 dec= 18717 rows= 17954 horizon=0.31 L=0.00032 L/var=0.00 tgt=-0.072/0.402 pstd=0.383 gen=0.1s train=0.4s
[t= 147.7s] greedy ep216 games=  96 dec= 18475 rows= 17760 horizon=0.26 L=0.00024 L/var=0.00 tgt=-0.074/0.394 pstd=0.388 gen=0.1s train=0.4s
[t= 148.3s] greedy ep217 games=  96 dec= 17043 rows= 16353 horizon=0.24 L=0.00039 L/var=0.00 tgt=-0.057/0.408 pstd=0.382 gen=0.1s train=0.4s
[t= 148.9s] greedy ep218 games=  96 dec= 18485 rows= 17657 horizon=0.32 L=0.00032 L/var=0.00 tgt=-0.091/0.408 pstd=0.381 gen=0.1s train=0.4s
[t= 149.6s] greedy ep219 games=  96 dec= 18308 rows= 17546 horizon=0.31 L=0.00022 L/var=0.00 tgt=-0.071/0.410 pstd=0.384 gen=0.1s train=0.4s
[t= 150.2s] greedy ep220 games=  96 dec= 18445 rows= 17635 horizon=0.33 L=0.00022 L/var=0.00 tgt=-0.083/0.416 pstd=0.386 gen=0.1s train=0.4s
[t= 150.8s] greedy ep221 games=  96 dec= 18195 rows= 17429 horizon=0.26 L=0.00050 L/var=0.00 tgt=-0.077/0.378 pstd=0.388 gen=0.1s train=0.4s
[t= 151.4s] greedy ep222 games=  96 dec= 18081 rows= 17321 horizon=0.29 L=0.00029 L/var=0.00 tgt=-0.064/0.376 pstd=0.384 gen=0.1s train=0.4s
[t= 152.1s] greedy ep223 games=  96 dec= 18577 rows= 17853 horizon=0.32 L=0.00026 L/var=0.00 tgt=-0.078/0.413 pstd=0.384 gen=0.1s train=0.4s
[t= 152.7s] greedy ep224 games=  96 dec= 18163 rows= 17410 horizon=0.23 L=0.00026 L/var=0.00 tgt=-0.068/0.417 pstd=0.390 gen=0.1s train=0.4s
[t= 153.3s] greedy ep225 games=  96 dec= 17586 rows= 16868 horizon=0.26 L=0.00038 L/var=0.00 tgt=-0.091/0.421 pstd=0.385 gen=0.1s train=0.4s
[t= 153.9s] greedy ep226 games=  96 dec= 18154 rows= 17453 horizon=0.27 L=0.00023 L/var=0.00 tgt=-0.064/0.413 pstd=0.387 gen=0.1s train=0.4s
[t= 154.6s] greedy ep227 games=  96 dec= 18639 rows= 17854 horizon=0.33 L=0.00022 L/var=0.00 tgt=-0.081/0.415 pstd=0.382 gen=0.1s train=0.4s
[t= 155.3s] greedy ep228 games=  96 dec= 18816 rows= 18023 horizon=0.33 L=0.00041 L/var=0.00 tgt=-0.064/0.397 pstd=0.381 gen=0.1s train=0.5s
[t= 156.0s] greedy ep229 games=  96 dec= 18430 rows= 17661 horizon=0.29 L=0.00027 L/var=0.00 tgt=-0.076/0.403 pstd=0.382 gen=0.1s train=0.5s
[t= 156.6s] greedy ep230 games=  96 dec= 17729 rows= 17015 horizon=0.25 L=0.00028 L/var=0.00 tgt=-0.067/0.404 pstd=0.382 gen=0.1s train=0.5s
[t= 157.2s] greedy ep231 games=  96 dec= 17622 rows= 16870 horizon=0.23 L=0.00020 L/var=0.00 tgt=-0.088/0.395 pstd=0.385 gen=0.1s train=0.4s
[t= 157.9s] greedy ep232 games=  96 dec= 18534 rows= 17788 horizon=0.26 L=0.00054 L/var=0.00 tgt=-0.079/0.408 pstd=0.384 gen=0.1s train=0.4s
[t= 158.5s] greedy ep233 games=  96 dec= 18212 rows= 17405 horizon=0.26 L=0.00027 L/var=0.00 tgt=-0.083/0.415 pstd=0.378 gen=0.1s train=0.4s
[t= 159.2s] greedy ep234 games=  96 dec= 18660 rows= 17843 horizon=0.29 L=0.00023 L/var=0.00 tgt=-0.061/0.411 pstd=0.378 gen=0.1s train=0.4s
[t= 159.8s] greedy ep235 games=  96 dec= 17122 rows= 16387 horizon=0.18 L=0.00023 L/var=0.00 tgt=-0.087/0.391 pstd=0.380 gen=0.1s train=0.4s
[t= 160.4s] greedy ep236 games=  96 dec= 18672 rows= 17902 horizon=0.28 L=0.00038 L/var=0.00 tgt=-0.068/0.369 pstd=0.382 gen=0.1s train=0.4s
[t= 161.1s] greedy ep237 games=  96 dec= 19236 rows= 18475 horizon=0.33 L=0.00021 L/var=0.00 tgt=-0.088/0.402 pstd=0.384 gen=0.1s train=0.5s
[t= 161.7s] greedy ep238 games=  96 dec= 17997 rows= 17300 horizon=0.28 L=0.00023 L/var=0.00 tgt=-0.079/0.414 pstd=0.383 gen=0.1s train=0.4s
[t= 162.3s] greedy ep239 games=  96 dec= 18496 rows= 17737 horizon=0.27 L=0.00043 L/var=0.00 tgt=-0.077/0.400 pstd=0.384 gen=0.1s train=0.4s
[t= 163.0s] greedy ep240 games=  96 dec= 18660 rows= 17775 horizon=0.29 L=0.00030 L/var=0.00 tgt=-0.050/0.380 pstd=0.381 gen=0.1s train=0.4s
[t= 163.6s] greedy ep241 games=  96 dec= 18167 rows= 17487 horizon=0.25 L=0.00029 L/var=0.00 tgt=-0.069/0.398 pstd=0.378 gen=0.1s train=0.4s
[t= 164.2s] greedy ep242 games=  96 dec= 19106 rows= 18334 horizon=0.34 L=0.00020 L/var=0.00 tgt=-0.101/0.406 pstd=0.381 gen=0.1s train=0.5s
[t= 164.9s] greedy ep243 games=  96 dec= 18920 rows= 18156 horizon=0.33 L=0.00039 L/var=0.00 tgt=-0.091/0.415 pstd=0.384 gen=0.1s train=0.4s
[t= 165.6s] greedy ep244 games=  96 dec= 19877 rows= 19047 horizon=0.39 L=0.00027 L/var=0.00 tgt=-0.077/0.393 pstd=0.382 gen=0.1s train=0.5s
[t= 166.3s] greedy ep245 games=  96 dec= 18822 rows= 17970 horizon=0.26 L=0.00019 L/var=0.00 tgt=-0.074/0.386 pstd=0.383 gen=0.1s train=0.5s
[t= 166.9s] greedy ep246 games=  96 dec= 18282 rows= 17617 horizon=0.30 L=0.00017 L/var=0.00 tgt=-0.097/0.422 pstd=0.383 gen=0.1s train=0.4s
[t= 167.6s] greedy ep247 games=  96 dec= 18716 rows= 17943 horizon=0.34 L=0.00054 L/var=0.00 tgt=-0.071/0.400 pstd=0.384 gen=0.1s train=0.5s
[t= 168.2s] greedy ep248 games=  96 dec= 18511 rows= 17729 horizon=0.32 L=0.00027 L/var=0.00 tgt=-0.061/0.428 pstd=0.377 gen=0.1s train=0.4s
[t= 168.8s] greedy ep249 games=  96 dec= 18194 rows= 17483 horizon=0.26 L=0.00022 L/var=0.00 tgt=-0.050/0.382 pstd=0.382 gen=0.1s train=0.4s
[t= 169.5s] greedy ep250 games=  96 dec= 17927 rows= 17270 horizon=0.25 L=0.00018 L/var=0.00 tgt=-0.091/0.423 pstd=0.383 gen=0.1s train=0.4s
[t= 170.1s] greedy ep251 games=  96 dec= 17732 rows= 16881 horizon=0.26 L=0.00017 L/var=0.00 tgt=-0.061/0.396 pstd=0.379 gen=0.1s train=0.4s
[t= 170.7s] greedy ep252 games=  96 dec= 18641 rows= 17848 horizon=0.27 L=0.00038 L/var=0.00 tgt=-0.050/0.403 pstd=0.382 gen=0.1s train=0.4s
[t= 171.4s] greedy ep253 games=  96 dec= 18421 rows= 17688 horizon=0.29 L=0.00032 L/var=0.00 tgt=-0.081/0.379 pstd=0.386 gen=0.1s train=0.4s
[t= 172.0s] greedy ep254 games=  96 dec= 17923 rows= 17204 horizon=0.24 L=0.00022 L/var=0.00 tgt=-0.098/0.397 pstd=0.382 gen=0.1s train=0.4s
[t= 172.6s] greedy ep255 games=  96 dec= 18102 rows= 17388 horizon=0.28 L=0.00022 L/var=0.00 tgt=-0.048/0.391 pstd=0.382 gen=0.1s train=0.4s
[t= 173.3s] greedy ep256 games=  96 dec= 18797 rows= 18022 horizon=0.30 L=0.00022 L/var=0.00 tgt=-0.070/0.371 pstd=0.382 gen=0.1s train=0.4s
[t= 173.9s] greedy ep257 games=  96 dec= 19194 rows= 18405 horizon=0.35 L=0.00031 L/var=0.00 tgt=-0.058/0.401 pstd=0.382 gen=0.1s train=0.4s
[t= 174.6s] greedy ep258 games=  96 dec= 19194 rows= 18440 horizon=0.40 L=0.00018 L/var=0.00 tgt=-0.075/0.409 pstd=0.389 gen=0.1s train=0.4s
[t= 175.3s] greedy ep259 games=  96 dec= 19463 rows= 18582 horizon=0.35 L=0.00035 L/var=0.00 tgt=-0.055/0.399 pstd=0.385 gen=0.1s train=0.5s
[t= 176.0s] greedy ep260 games=  96 dec= 18137 rows= 17348 horizon=0.30 L=0.00030 L/var=0.00 tgt=-0.065/0.405 pstd=0.382 gen=0.1s train=0.5s
[t= 176.7s] greedy ep261 games=  96 dec= 18128 rows= 17430 horizon=0.29 L=0.00022 L/var=0.00 tgt=-0.072/0.388 pstd=0.383 gen=0.1s train=0.5s
[t= 177.5s] greedy ep262 games=  96 dec= 19216 rows= 18383 horizon=0.31 L=0.00018 L/var=0.00 tgt=-0.079/0.396 pstd=0.380 gen=0.1s train=0.5s
[t= 178.3s] greedy ep263 games=  96 dec= 18345 rows= 17474 horizon=0.29 L=0.00017 L/var=0.00 tgt=-0.061/0.387 pstd=0.381 gen=0.1s train=0.5s
[t= 179.0s] greedy ep264 games=  96 dec= 18461 rows= 17578 horizon=0.28 L=0.00015 L/var=0.00 tgt=-0.069/0.383 pstd=0.377 gen=0.1s train=0.5s
[t= 179.8s] greedy ep265 games=  96 dec= 19537 rows= 18682 horizon=0.38 L=0.00056 L/var=0.00 tgt=-0.086/0.394 pstd=0.385 gen=0.1s train=0.5s
[t= 180.5s] greedy ep266 games=  96 dec= 18111 rows= 17334 horizon=0.26 L=0.00031 L/var=0.00 tgt=-0.061/0.362 pstd=0.384 gen=0.1s train=0.5s
[t= 181.3s] greedy ep267 games=  96 dec= 18200 rows= 17450 horizon=0.30 L=0.00017 L/var=0.00 tgt=-0.074/0.401 pstd=0.387 gen=0.1s train=0.5s
[t= 182.0s] greedy ep268 games=  96 dec= 18112 rows= 17280 horizon=0.24 L=0.00015 L/var=0.00 tgt=-0.080/0.395 pstd=0.382 gen=0.1s train=0.5s
[t= 182.8s] greedy ep269 games=  96 dec= 18664 rows= 17865 horizon=0.32 L=0.00015 L/var=0.00 tgt=-0.072/0.411 pstd=0.382 gen=0.1s train=0.5s
[t= 183.5s] greedy ep270 games=  96 dec= 18049 rows= 17321 horizon=0.26 L=0.00033 L/var=0.00 tgt=-0.090/0.418 pstd=0.387 gen=0.1s train=0.5s
[t= 184.1s] greedy ep271 games=  96 dec= 18074 rows= 17360 horizon=0.24 L=0.00028 L/var=0.00 tgt=-0.070/0.399 pstd=0.387 gen=0.1s train=0.4s
[t= 184.8s] greedy ep272 games=  96 dec= 18490 rows= 17740 horizon=0.32 L=0.00015 L/var=0.00 tgt=-0.074/0.402 pstd=0.383 gen=0.1s train=0.4s
[t= 185.4s] greedy ep273 games=  96 dec= 18845 rows= 18082 horizon=0.32 L=0.00018 L/var=0.00 tgt=-0.087/0.400 pstd=0.381 gen=0.1s train=0.5s
[t= 186.1s] greedy ep274 games=  96 dec= 18236 rows= 17456 horizon=0.31 L=0.00015 L/var=0.00 tgt=-0.090/0.418 pstd=0.384 gen=0.1s train=0.4s
[t= 186.7s] greedy ep275 games=  96 dec= 18852 rows= 18078 horizon=0.33 L=0.00013 L/var=0.00 tgt=-0.084/0.401 pstd=0.384 gen=0.1s train=0.5s
[t= 187.4s] greedy ep276 games=  96 dec= 18716 rows= 17960 horizon=0.31 L=0.00060 L/var=0.00 tgt=-0.057/0.385 pstd=0.384 gen=0.1s train=0.5s
[t= 188.1s] greedy ep277 games=  96 dec= 18837 rows= 18050 horizon=0.30 L=0.00024 L/var=0.00 tgt=-0.095/0.391 pstd=0.387 gen=0.1s train=0.4s
[t= 188.7s] greedy ep278 games=  96 dec= 17465 rows= 16648 horizon=0.23 L=0.00016 L/var=0.00 tgt=-0.071/0.411 pstd=0.383 gen=0.1s train=0.4s
[t= 189.4s] greedy ep279 games=  96 dec= 18964 rows= 18204 horizon=0.36 L=0.00014 L/var=0.00 tgt=-0.064/0.385 pstd=0.384 gen=0.1s train=0.5s
[t= 190.0s] greedy ep280 games=  96 dec= 16873 rows= 16190 horizon=0.21 L=0.00012 L/var=0.00 tgt=-0.102/0.403 pstd=0.384 gen=0.1s train=0.4s
[t= 190.7s] greedy ep281 games=  96 dec= 17885 rows= 17178 horizon=0.29 L=0.00020 L/var=0.00 tgt=-0.080/0.417 pstd=0.382 gen=0.1s train=0.4s
[t= 191.3s] greedy ep282 games=  96 dec= 17668 rows= 17025 horizon=0.25 L=0.00020 L/var=0.00 tgt=-0.073/0.419 pstd=0.381 gen=0.1s train=0.4s
[t= 192.0s] greedy ep283 games=  96 dec= 19002 rows= 18138 horizon=0.27 L=0.00014 L/var=0.00 tgt=-0.072/0.396 pstd=0.381 gen=0.1s train=0.4s
[t= 192.7s] greedy ep284 games=  96 dec= 18567 rows= 17711 horizon=0.30 L=0.00013 L/var=0.00 tgt=-0.098/0.417 pstd=0.385 gen=0.1s train=0.5s
[t= 193.4s] greedy ep285 games=  96 dec= 17294 rows= 16437 horizon=0.21 L=0.00012 L/var=0.00 tgt=-0.078/0.421 pstd=0.382 gen=0.1s train=0.5s
[t= 194.1s] greedy ep286 games=  96 dec= 17763 rows= 17016 horizon=0.21 L=0.00062 L/var=0.00 tgt=-0.098/0.414 pstd=0.383 gen=0.1s train=0.4s
[t= 194.7s] greedy ep287 games=  96 dec= 17968 rows= 17193 horizon=0.28 L=0.00030 L/var=0.00 tgt=-0.064/0.397 pstd=0.378 gen=0.1s train=0.4s
[t= 195.4s] greedy ep288 games=  96 dec= 18968 rows= 18106 horizon=0.22 L=0.00014 L/var=0.00 tgt=-0.056/0.389 pstd=0.385 gen=0.1s train=0.5s
[t= 196.1s] greedy ep289 games=  96 dec= 18725 rows= 17969 horizon=0.32 L=0.00014 L/var=0.00 tgt=-0.086/0.417 pstd=0.381 gen=0.1s train=0.5s
[t= 196.8s] greedy ep290 games=  96 dec= 18354 rows= 17588 horizon=0.28 L=0.00012 L/var=0.00 tgt=-0.084/0.414 pstd=0.381 gen=0.1s train=0.4s
[t= 197.4s] greedy ep291 games=  96 dec= 17513 rows= 16694 horizon=0.25 L=0.00012 L/var=0.00 tgt=-0.071/0.404 pstd=0.380 gen=0.1s train=0.4s
[t= 198.1s] greedy ep292 games=  96 dec= 18331 rows= 17618 horizon=0.26 L=0.00042 L/var=0.00 tgt=-0.089/0.408 pstd=0.385 gen=0.1s train=0.4s
[t= 198.7s] greedy ep293 games=  96 dec= 18409 rows= 17655 horizon=0.28 L=0.00038 L/var=0.00 tgt=-0.058/0.370 pstd=0.381 gen=0.1s train=0.4s
[t= 199.3s] greedy ep294 games=  96 dec= 18644 rows= 17798 horizon=0.26 L=0.00018 L/var=0.00 tgt=-0.098/0.438 pstd=0.379 gen=0.1s train=0.4s
[t= 200.0s] greedy ep295 games=  96 dec= 17840 rows= 17119 horizon=0.29 L=0.00014 L/var=0.00 tgt=-0.066/0.390 pstd=0.380 gen=0.1s train=0.4s
[t= 200.6s] greedy ep296 games=  96 dec= 18027 rows= 17321 horizon=0.22 L=0.00015 L/var=0.00 tgt=-0.084/0.408 pstd=0.381 gen=0.1s train=0.4s
[t= 201.3s] greedy ep297 games=  96 dec= 18787 rows= 18081 horizon=0.38 L=0.00020 L/var=0.00 tgt=-0.068/0.394 pstd=0.382 gen=0.1s train=0.5s
[t= 202.0s] greedy ep298 games=  96 dec= 19072 rows= 18265 horizon=0.33 L=0.00014 L/var=0.00 tgt=-0.096/0.416 pstd=0.381 gen=0.1s train=0.5s
[t= 202.6s] greedy ep299 games=  96 dec= 17551 rows= 16862 horizon=0.26 L=0.00018 L/var=0.00 tgt=-0.085/0.412 pstd=0.384 gen=0.1s train=0.4s
[t= 203.3s] greedy ep300 games=  96 dec= 18688 rows= 17895 horizon=0.34 L=0.00014 L/var=0.00 tgt=-0.061/0.402 pstd=0.385 gen=0.1s train=0.4s
[t= 203.9s] greedy ep301 games=  96 dec= 18534 rows= 17682 horizon=0.27 L=0.00032 L/var=0.00 tgt=-0.066/0.395 pstd=0.380 gen=0.1s train=0.4s
[t= 204.6s] greedy ep302 games=  96 dec= 17931 rows= 17150 horizon=0.30 L=0.00014 L/var=0.00 tgt=-0.075/0.398 pstd=0.382 gen=0.1s train=0.4s
[t= 205.2s] greedy ep303 games=  96 dec= 19151 rows= 18366 horizon=0.41 L=0.00013 L/var=0.00 tgt=-0.065/0.388 pstd=0.382 gen=0.1s train=0.5s
[t= 205.9s] greedy ep304 games=  96 dec= 18868 rows= 18078 horizon=0.29 L=0.00015 L/var=0.00 tgt=-0.071/0.398 pstd=0.384 gen=0.1s train=0.5s
[t= 206.6s] greedy ep305 games=  96 dec= 17995 rows= 17248 horizon=0.25 L=0.00025 L/var=0.00 tgt=-0.065/0.399 pstd=0.383 gen=0.1s train=0.4s
[t= 207.2s] greedy ep306 games=  96 dec= 17757 rows= 16917 horizon=0.21 L=0.00029 L/var=0.00 tgt=-0.082/0.385 pstd=0.383 gen=0.1s train=0.4s
[t= 207.9s] greedy ep307 games=  96 dec= 18244 rows= 17489 horizon=0.22 L=0.00015 L/var=0.00 tgt=-0.064/0.406 pstd=0.386 gen=0.1s train=0.4s
[t= 208.6s] greedy ep308 games=  96 dec= 19172 rows= 18438 horizon=0.34 L=0.00012 L/var=0.00 tgt=-0.069/0.418 pstd=0.382 gen=0.1s train=0.4s
[t= 209.2s] greedy ep309 games=  96 dec= 17050 rows= 16312 horizon=0.23 L=0.00023 L/var=0.00 tgt=-0.058/0.412 pstd=0.383 gen=0.1s train=0.4s
[t= 209.8s] greedy ep310 games=  96 dec= 17573 rows= 16893 horizon=0.24 L=0.00013 L/var=0.00 tgt=-0.082/0.397 pstd=0.383 gen=0.1s train=0.4s
[t= 210.4s] greedy ep311 games=  96 dec= 18431 rows= 17716 horizon=0.26 L=0.00013 L/var=0.00 tgt=-0.046/0.362 pstd=0.381 gen=0.1s train=0.4s
[t= 211.1s] greedy ep312 games=  96 dec= 18841 rows= 18146 horizon=0.33 L=0.00039 L/var=0.00 tgt=-0.079/0.384 pstd=0.382 gen=0.1s train=0.4s
[t= 211.7s] greedy ep313 games=  96 dec= 19504 rows= 18760 horizon=0.38 L=0.00020 L/var=0.00 tgt=-0.073/0.397 pstd=0.382 gen=0.1s train=0.4s
[t= 212.4s] greedy ep314 games=  96 dec= 18338 rows= 17512 horizon=0.25 L=0.00014 L/var=0.00 tgt=-0.058/0.384 pstd=0.383 gen=0.1s train=0.4s
[t= 213.0s] greedy ep315 games=  96 dec= 18123 rows= 17403 horizon=0.27 L=0.00011 L/var=0.00 tgt=-0.102/0.425 pstd=0.381 gen=0.1s train=0.4s
[t= 213.7s] greedy ep316 games=  96 dec= 17794 rows= 17104 horizon=0.22 L=0.00011 L/var=0.00 tgt=-0.095/0.401 pstd=0.384 gen=0.1s train=0.4s
[t= 214.3s] greedy ep317 games=  96 dec= 18485 rows= 17672 horizon=0.27 L=0.00012 L/var=0.00 tgt=-0.065/0.418 pstd=0.384 gen=0.1s train=0.4s
[t= 214.9s] greedy ep318 games=  96 dec= 17818 rows= 17006 horizon=0.25 L=0.00066 L/var=0.00 tgt=-0.066/0.397 pstd=0.377 gen=0.1s train=0.4s
[t= 215.6s] greedy ep319 games=  96 dec= 19078 rows= 18322 horizon=0.31 L=0.00020 L/var=0.00 tgt=-0.085/0.408 pstd=0.384 gen=0.1s train=0.4s
[t= 216.2s] greedy ep320 games=  96 dec= 18510 rows= 17770 horizon=0.28 L=0.00013 L/var=0.00 tgt=-0.082/0.407 pstd=0.380 gen=0.1s train=0.4s
[t= 216.9s] greedy ep321 games=  96 dec= 18509 rows= 17738 horizon=0.29 L=0.00010 L/var=0.00 tgt=-0.066/0.409 pstd=0.383 gen=0.1s train=0.4s
[t= 217.6s] greedy ep322 games=  96 dec= 18539 rows= 17806 horizon=0.31 L=0.00010 L/var=0.00 tgt=-0.073/0.406 pstd=0.383 gen=0.1s train=0.5s
[t= 218.4s] greedy ep323 games=  96 dec= 18495 rows= 17742 horizon=0.25 L=0.00013 L/var=0.00 tgt=-0.091/0.411 pstd=0.380 gen=0.1s train=0.5s
[t= 219.1s] greedy ep324 games=  96 dec= 17456 rows= 16709 horizon=0.22 L=0.00017 L/var=0.00 tgt=-0.080/0.393 pstd=0.387 gen=0.1s train=0.5s
[t= 219.9s] greedy ep325 games=  96 dec= 18087 rows= 17339 horizon=0.30 L=0.00011 L/var=0.00 tgt=-0.097/0.420 pstd=0.382 gen=0.1s train=0.5s
[t= 220.6s] greedy ep326 games=  96 dec= 17716 rows= 16939 horizon=0.21 L=0.00015 L/var=0.00 tgt=-0.067/0.404 pstd=0.385 gen=0.1s train=0.5s
[t= 221.4s] greedy ep327 games=  96 dec= 17923 rows= 17115 horizon=0.24 L=0.00013 L/var=0.00 tgt=-0.067/0.390 pstd=0.386 gen=0.1s train=0.5s
[t= 222.2s] greedy ep328 games=  96 dec= 17983 rows= 17245 horizon=0.27 L=0.00022 L/var=0.00 tgt=-0.087/0.423 pstd=0.381 gen=0.1s train=0.5s
[t= 222.9s] greedy ep329 games=  96 dec= 18160 rows= 17402 horizon=0.29 L=0.00018 L/var=0.00 tgt=-0.077/0.394 pstd=0.384 gen=0.1s train=0.5s
[t= 223.7s] greedy ep330 games=  96 dec= 18072 rows= 17350 horizon=0.29 L=0.00012 L/var=0.00 tgt=-0.083/0.406 pstd=0.384 gen=0.1s train=0.5s
[t= 224.5s] greedy ep331 games=  96 dec= 19363 rows= 18551 horizon=0.39 L=0.00010 L/var=0.00 tgt=-0.081/0.397 pstd=0.383 gen=0.1s train=0.5s
[t= 225.3s] greedy ep332 games=  96 dec= 18843 rows= 17946 horizon=0.24 L=0.00018 L/var=0.00 tgt=-0.060/0.390 pstd=0.382 gen=0.1s train=0.5s
[t= 226.0s] greedy ep333 games=  96 dec= 18131 rows= 17425 horizon=0.29 L=0.00009 L/var=0.00 tgt=-0.077/0.424 pstd=0.384 gen=0.1s train=0.5s
[t= 226.8s] greedy ep334 games=  96 dec= 18608 rows= 17784 horizon=0.29 L=0.00013 L/var=0.00 tgt=-0.090/0.415 pstd=0.382 gen=0.1s train=0.5s
[t= 227.6s] greedy ep335 games=  96 dec= 18325 rows= 17562 horizon=0.31 L=0.00038 L/var=0.00 tgt=-0.080/0.422 pstd=0.384 gen=0.1s train=0.5s
[t= 228.3s] greedy ep336 games=  96 dec= 18483 rows= 17714 horizon=0.27 L=0.00019 L/var=0.00 tgt=-0.077/0.406 pstd=0.383 gen=0.1s train=0.5s
[t= 229.1s] greedy ep337 games=  96 dec= 18172 rows= 17475 horizon=0.30 L=0.00010 L/var=0.00 tgt=-0.063/0.422 pstd=0.383 gen=0.1s train=0.5s
[t= 229.8s] greedy ep338 games=  96 dec= 17917 rows= 17144 horizon=0.24 L=0.00012 L/var=0.00 tgt=-0.097/0.414 pstd=0.382 gen=0.1s train=0.5s
[t= 230.6s] greedy ep339 games=  96 dec= 19019 rows= 18189 horizon=0.25 L=0.00011 L/var=0.00 tgt=-0.078/0.400 pstd=0.384 gen=0.1s train=0.5s
[t= 231.4s] greedy ep340 games=  96 dec= 19706 rows= 18857 horizon=0.41 L=0.00017 L/var=0.00 tgt=-0.078/0.390 pstd=0.381 gen=0.1s train=0.5s
[t= 232.2s] greedy ep341 games=  96 dec= 18503 rows= 17686 horizon=0.31 L=0.00014 L/var=0.00 tgt=-0.059/0.363 pstd=0.382 gen=0.1s train=0.5s
[t= 232.9s] greedy ep342 games=  96 dec= 17624 rows= 16946 horizon=0.26 L=0.00016 L/var=0.00 tgt=-0.088/0.424 pstd=0.378 gen=0.1s train=0.5s
[t= 233.7s] greedy ep343 games=  96 dec= 18819 rows= 18010 horizon=0.28 L=0.00016 L/var=0.00 tgt=-0.072/0.406 pstd=0.382 gen=0.1s train=0.5s
[t= 234.5s] greedy ep344 games=  96 dec= 17966 rows= 17231 horizon=0.26 L=0.00010 L/var=0.00 tgt=-0.071/0.396 pstd=0.384 gen=0.1s train=0.5s
[t= 235.2s] greedy ep345 games=  96 dec= 18591 rows= 17876 horizon=0.31 L=0.00045 L/var=0.00 tgt=-0.071/0.371 pstd=0.378 gen=0.1s train=0.5s
[t= 236.0s] greedy ep346 games=  96 dec= 18420 rows= 17609 horizon=0.27 L=0.00039 L/var=0.00 tgt=-0.070/0.373 pstd=0.386 gen=0.1s train=0.5s
[t= 236.7s] greedy ep347 games=  96 dec= 18403 rows= 17699 horizon=0.31 L=0.00015 L/var=0.00 tgt=-0.072/0.368 pstd=0.380 gen=0.1s train=0.5s
[t= 237.6s] greedy ep348 games=  96 dec= 19385 rows= 18585 horizon=0.36 L=0.00011 L/var=0.00 tgt=-0.083/0.395 pstd=0.382 gen=0.1s train=0.6s
[t= 238.4s] greedy ep349 games=  96 dec= 18451 rows= 17658 horizon=0.29 L=0.00010 L/var=0.00 tgt=-0.072/0.395 pstd=0.381 gen=0.1s train=0.5s
[t= 239.2s] greedy ep350 games=  96 dec= 17960 rows= 17158 horizon=0.22 L=0.00014 L/var=0.00 tgt=-0.069/0.388 pstd=0.383 gen=0.1s train=0.5s
[t= 240.0s] greedy ep351 games=  96 dec= 17777 rows= 17057 horizon=0.26 L=0.00009 L/var=0.00 tgt=-0.079/0.420 pstd=0.383 gen=0.1s train=0.5s
[t= 240.9s] greedy ep352 games=  96 dec= 18925 rows= 18087 horizon=0.30 L=0.00009 L/var=0.00 tgt=-0.067/0.390 pstd=0.382 gen=0.1s train=0.6s
[t= 241.7s] greedy ep353 games=  96 dec= 18764 rows= 17957 horizon=0.30 L=0.00014 L/var=0.00 tgt=-0.075/0.390 pstd=0.380 gen=0.1s train=0.6s
[t= 242.5s] greedy ep354 games=  96 dec= 18025 rows= 17240 horizon=0.23 L=0.00017 L/var=0.00 tgt=-0.060/0.392 pstd=0.383 gen=0.1s train=0.5s
[t= 243.2s] greedy ep355 games=  96 dec= 18164 rows= 17452 horizon=0.28 L=0.00011 L/var=0.00 tgt=-0.091/0.413 pstd=0.383 gen=0.1s train=0.5s
[t= 244.0s] greedy ep356 games=  96 dec= 19163 rows= 18348 horizon=0.36 L=0.00010 L/var=0.00 tgt=-0.049/0.398 pstd=0.382 gen=0.1s train=0.5s
[t= 244.7s] greedy ep357 games=  96 dec= 18419 rows= 17659 horizon=0.28 L=0.00022 L/var=0.00 tgt=-0.063/0.403 pstd=0.388 gen=0.1s train=0.5s
[t= 245.5s] greedy ep358 games=  96 dec= 19074 rows= 18236 horizon=0.25 L=0.00015 L/var=0.00 tgt=-0.084/0.407 pstd=0.385 gen=0.1s train=0.5s
[t= 246.3s] greedy ep359 games=  96 dec= 18472 rows= 17681 horizon=0.29 L=0.00009 L/var=0.00 tgt=-0.080/0.402 pstd=0.384 gen=0.1s train=0.5s
[t= 247.0s] greedy ep360 games=  96 dec= 18331 rows= 17561 horizon=0.30 L=0.00009 L/var=0.00 tgt=-0.054/0.405 pstd=0.380 gen=0.1s train=0.5s
[t= 247.8s] greedy ep361 games=  96 dec= 18666 rows= 17854 horizon=0.33 L=0.00016 L/var=0.00 tgt=-0.088/0.388 pstd=0.385 gen=0.1s train=0.5s
[t= 248.5s] greedy ep362 games=  96 dec= 18171 rows= 17390 horizon=0.28 L=0.00013 L/var=0.00 tgt=-0.085/0.393 pstd=0.383 gen=0.1s train=0.5s
[t= 249.3s] greedy ep363 games=  96 dec= 18869 rows= 18082 horizon=0.30 L=0.00047 L/var=0.00 tgt=-0.082/0.397 pstd=0.381 gen=0.1s train=0.5s
[t= 250.1s] greedy ep364 games=  96 dec= 19006 rows= 18274 horizon=0.32 L=0.00020 L/var=0.00 tgt=-0.093/0.395 pstd=0.383 gen=0.1s train=0.5s
[t= 250.8s] greedy ep365 games=  96 dec= 18381 rows= 17579 horizon=0.25 L=0.00012 L/var=0.00 tgt=-0.068/0.392 pstd=0.386 gen=0.1s train=0.5s
[t= 251.6s] greedy ep366 games=  96 dec= 18239 rows= 17542 horizon=0.29 L=0.00010 L/var=0.00 tgt=-0.042/0.373 pstd=0.381 gen=0.1s train=0.5s
[t= 252.3s] greedy ep367 games=  96 dec= 18636 rows= 17807 horizon=0.30 L=0.00009 L/var=0.00 tgt=-0.062/0.394 pstd=0.385 gen=0.1s train=0.5s
[t= 253.0s] greedy ep368 games=  96 dec= 17726 rows= 16902 horizon=0.22 L=0.00013 L/var=0.00 tgt=-0.061/0.400 pstd=0.382 gen=0.1s train=0.5s
[t= 253.8s] greedy ep369 games=  96 dec= 19285 rows= 18515 horizon=0.34 L=0.00018 L/var=0.00 tgt=-0.088/0.401 pstd=0.383 gen=0.1s train=0.5s
[t= 254.6s] greedy ep370 games=  96 dec= 18949 rows= 18179 horizon=0.29 L=0.00010 L/var=0.00 tgt=-0.095/0.404 pstd=0.384 gen=0.1s train=0.5s
[t= 255.4s] greedy ep371 games=  96 dec= 18308 rows= 17503 horizon=0.27 L=0.00007 L/var=0.00 tgt=-0.071/0.407 pstd=0.382 gen=0.1s train=0.5s
[t= 256.1s] greedy ep372 games=  96 dec= 18316 rows= 17623 horizon=0.31 L=0.00014 L/var=0.00 tgt=-0.081/0.401 pstd=0.379 gen=0.1s train=0.5s
[t= 256.9s] greedy ep373 games=  96 dec= 18752 rows= 17897 horizon=0.29 L=0.00012 L/var=0.00 tgt=-0.075/0.409 pstd=0.384 gen=0.1s train=0.5s
[t= 257.7s] greedy ep374 games=  96 dec= 18654 rows= 17866 horizon=0.25 L=0.00014 L/var=0.00 tgt=-0.049/0.379 pstd=0.379 gen=0.1s train=0.5s
[t= 258.4s] greedy ep375 games=  96 dec= 18840 rows= 18134 horizon=0.35 L=0.00012 L/var=0.00 tgt=-0.096/0.401 pstd=0.380 gen=0.1s train=0.5s
[t= 259.2s] greedy ep376 games=  96 dec= 18263 rows= 17398 horizon=0.25 L=0.00009 L/var=0.00 tgt=-0.056/0.418 pstd=0.382 gen=0.1s train=0.5s
[t= 259.9s] greedy ep377 games=  96 dec= 17825 rows= 17057 horizon=0.24 L=0.00011 L/var=0.00 tgt=-0.092/0.429 pstd=0.383 gen=0.1s train=0.5s
[t= 260.7s] greedy ep378 games=  96 dec= 18805 rows= 18075 horizon=0.32 L=0.00008 L/var=0.00 tgt=-0.086/0.387 pstd=0.383 gen=0.1s train=0.5s
[t= 261.5s] greedy ep379 games=  96 dec= 18316 rows= 17466 horizon=0.19 L=0.00029 L/var=0.00 tgt=-0.060/0.398 pstd=0.380 gen=0.1s train=0.5s
[t= 262.3s] greedy ep380 games=  96 dec= 19424 rows= 18758 horizon=0.39 L=0.00025 L/var=0.00 tgt=-0.069/0.391 pstd=0.380 gen=0.1s train=0.5s
[t= 263.0s] greedy ep381 games=  96 dec= 17959 rows= 17162 horizon=0.25 L=0.00011 L/var=0.00 tgt=-0.061/0.382 pstd=0.382 gen=0.1s train=0.5s
[t= 263.8s] greedy ep382 games=  96 dec= 18793 rows= 17988 horizon=0.31 L=0.00008 L/var=0.00 tgt=-0.069/0.380 pstd=0.385 gen=0.1s train=0.5s
[t= 264.6s] greedy ep383 games=  96 dec= 19416 rows= 18590 horizon=0.32 L=0.00006 L/var=0.00 tgt=-0.096/0.427 pstd=0.385 gen=0.1s train=0.5s
[t= 265.4s] greedy ep384 games=  96 dec= 17819 rows= 17021 horizon=0.24 L=0.00014 L/var=0.00 tgt=-0.078/0.404 pstd=0.385 gen=0.1s train=0.5s
[t= 266.1s] greedy ep385 games=  96 dec= 18455 rows= 17702 horizon=0.31 L=0.00013 L/var=0.00 tgt=-0.051/0.391 pstd=0.382 gen=0.1s train=0.5s
[t= 266.9s] greedy ep386 games=  96 dec= 18329 rows= 17503 horizon=0.27 L=0.00007 L/var=0.00 tgt=-0.049/0.400 pstd=0.381 gen=0.1s train=0.5s
[t= 267.6s] greedy ep387 games=  96 dec= 18003 rows= 17197 horizon=0.27 L=0.00013 L/var=0.00 tgt=-0.084/0.389 pstd=0.382 gen=0.1s train=0.5s
[t= 268.4s] greedy ep388 games=  96 dec= 18489 rows= 17757 horizon=0.28 L=0.00038 L/var=0.00 tgt=-0.074/0.406 pstd=0.376 gen=0.1s train=0.5s
[t= 269.1s] greedy ep389 games=  96 dec= 18249 rows= 17478 horizon=0.30 L=0.00012 L/var=0.00 tgt=-0.058/0.391 pstd=0.385 gen=0.1s train=0.5s
[t= 269.9s] greedy ep390 games=  96 dec= 18746 rows= 17998 horizon=0.30 L=0.00008 L/var=0.00 tgt=-0.089/0.435 pstd=0.385 gen=0.1s train=0.5s
[t= 270.6s] greedy ep391 games=  96 dec= 18323 rows= 17497 horizon=0.30 L=0.00012 L/var=0.00 tgt=-0.043/0.385 pstd=0.383 gen=0.1s train=0.5s
[t= 271.4s] greedy ep392 games=  96 dec= 18642 rows= 17834 horizon=0.28 L=0.00009 L/var=0.00 tgt=-0.062/0.397 pstd=0.383 gen=0.1s train=0.5s
[t= 272.2s] greedy ep393 games=  96 dec= 19129 rows= 18291 horizon=0.31 L=0.00008 L/var=0.00 tgt=-0.068/0.395 pstd=0.385 gen=0.1s train=0.5s
[t= 272.8s] greedy ep394 games=  96 dec= 18512 rows= 17737 horizon=0.32 L=0.00013 L/var=0.00 tgt=-0.082/0.409 pstd=0.383 gen=0.1s train=0.4s
[t= 273.5s] greedy ep395 games=  96 dec= 18300 rows= 17547 horizon=0.30 L=0.00008 L/var=0.00 tgt=-0.062/0.379 pstd=0.382 gen=0.1s train=0.4s
[t= 274.1s] greedy ep396 games=  96 dec= 18352 rows= 17637 horizon=0.29 L=0.00007 L/var=0.00 tgt=-0.081/0.407 pstd=0.383 gen=0.1s train=0.4s
[t= 274.7s] greedy ep397 games=  96 dec= 18591 rows= 17801 horizon=0.26 L=0.00018 L/var=0.00 tgt=-0.066/0.398 pstd=0.383 gen=0.1s train=0.4s
[t= 275.4s] greedy ep398 games=  96 dec= 18191 rows= 17481 horizon=0.29 L=0.00011 L/var=0.00 tgt=-0.060/0.392 pstd=0.382 gen=0.1s train=0.4s
[t= 276.0s] greedy ep399 games=  96 dec= 18858 rows= 18138 horizon=0.31 L=0.00009 L/var=0.00 tgt=-0.070/0.378 pstd=0.382 gen=0.1s train=0.5s
[t= 276.7s] greedy ep400 games=  96 dec= 19174 rows= 18324 horizon=0.28 L=0.00008 L/var=0.00 tgt=-0.072/0.405 pstd=0.383 gen=0.1s train=0.5s
[t= 277.3s] greedy ep401 games=  96 dec= 18283 rows= 17555 horizon=0.32 L=0.00011 L/var=0.00 tgt=-0.075/0.405 pstd=0.382 gen=0.1s train=0.4s
[t= 278.0s] greedy ep402 games=  96 dec= 20060 rows= 19242 horizon=0.42 L=0.00032 L/var=0.00 tgt=-0.066/0.391 pstd=0.388 gen=0.1s train=0.5s
[t= 278.6s] greedy ep403 games=  96 dec= 17496 rows= 16788 horizon=0.27 L=0.00013 L/var=0.00 tgt=-0.063/0.409 pstd=0.385 gen=0.1s train=0.4s
[t= 279.3s] greedy ep404 games=  96 dec= 18204 rows= 17355 horizon=0.23 L=0.00010 L/var=0.00 tgt=-0.074/0.412 pstd=0.382 gen=0.1s train=0.4s
[t= 280.0s] greedy ep405 games=  96 dec= 18074 rows= 17240 horizon=0.26 L=0.00008 L/var=0.00 tgt=-0.069/0.421 pstd=0.382 gen=0.1s train=0.5s
[t= 280.6s] greedy ep406 games=  96 dec= 18683 rows= 17919 horizon=0.29 L=0.00008 L/var=0.00 tgt=-0.079/0.386 pstd=0.384 gen=0.1s train=0.4s
[t= 281.3s] greedy ep407 games=  96 dec= 18784 rows= 17980 horizon=0.32 L=0.00014 L/var=0.00 tgt=-0.077/0.388 pstd=0.384 gen=0.1s train=0.4s
[t= 281.9s] greedy ep408 games=  96 dec= 18479 rows= 17633 horizon=0.25 L=0.00011 L/var=0.00 tgt=-0.074/0.396 pstd=0.383 gen=0.1s train=0.4s
[t= 282.6s] greedy ep409 games=  96 dec= 18152 rows= 17355 horizon=0.27 L=0.00008 L/var=0.00 tgt=-0.071/0.393 pstd=0.385 gen=0.1s train=0.4s
[t= 283.2s] greedy ep410 games=  96 dec= 18438 rows= 17660 horizon=0.29 L=0.00006 L/var=0.00 tgt=-0.070/0.410 pstd=0.381 gen=0.1s train=0.4s
[t= 283.9s] greedy ep411 games=  96 dec= 19018 rows= 18253 horizon=0.34 L=0.00010 L/var=0.00 tgt=-0.081/0.406 pstd=0.383 gen=0.1s train=0.4s
[t= 284.5s] greedy ep412 games=  96 dec= 17814 rows= 17086 horizon=0.27 L=0.00012 L/var=0.00 tgt=-0.098/0.404 pstd=0.382 gen=0.1s train=0.4s
[t= 285.1s] greedy ep413 games=  96 dec= 18737 rows= 17875 horizon=0.31 L=0.00013 L/var=0.00 tgt=-0.115/0.405 pstd=0.381 gen=0.1s train=0.4s
[t= 285.8s] greedy ep414 games=  96 dec= 18921 rows= 18175 horizon=0.28 L=0.00011 L/var=0.00 tgt=-0.096/0.415 pstd=0.382 gen=0.1s train=0.4s
[t= 286.4s] greedy ep415 games=  96 dec= 18630 rows= 17914 horizon=0.30 L=0.00008 L/var=0.00 tgt=-0.067/0.404 pstd=0.385 gen=0.1s train=0.4s
[t= 287.1s] greedy ep416 games=  96 dec= 18086 rows= 17314 horizon=0.25 L=0.00007 L/var=0.00 tgt=-0.072/0.415 pstd=0.384 gen=0.1s train=0.4s
[t= 287.7s] greedy ep417 games=  96 dec= 18605 rows= 17808 horizon=0.30 L=0.00045 L/var=0.00 tgt=-0.069/0.392 pstd=0.384 gen=0.1s train=0.4s
[t= 288.3s] greedy ep418 games=  96 dec= 17941 rows= 17200 horizon=0.25 L=0.00048 L/var=0.00 tgt=-0.058/0.369 pstd=0.388 gen=0.1s train=0.4s
[t= 289.0s] greedy ep419 games=  96 dec= 18086 rows= 17320 horizon=0.29 L=0.00011 L/var=0.00 tgt=-0.092/0.419 pstd=0.382 gen=0.1s train=0.4s
[t= 289.6s] greedy ep420 games=  96 dec= 17786 rows= 17125 horizon=0.32 L=0.00007 L/var=0.00 tgt=-0.075/0.416 pstd=0.384 gen=0.1s train=0.4s
[t= 290.3s] greedy ep421 games=  96 dec= 18697 rows= 17972 horizon=0.35 L=0.00006 L/var=0.00 tgt=-0.059/0.393 pstd=0.383 gen=0.1s train=0.4s
[t= 290.9s] greedy ep422 games=  96 dec= 17737 rows= 16918 horizon=0.22 L=0.00005 L/var=0.00 tgt=-0.053/0.381 pstd=0.383 gen=0.1s train=0.4s
[t= 291.6s] greedy ep423 games=  96 dec= 18586 rows= 17809 horizon=0.28 L=0.00006 L/var=0.00 tgt=-0.062/0.397 pstd=0.381 gen=0.1s train=0.4s
[t= 292.2s] greedy ep424 games=  96 dec= 17813 rows= 17023 horizon=0.24 L=0.00009 L/var=0.00 tgt=-0.056/0.396 pstd=0.380 gen=0.1s train=0.4s
[t= 292.8s] greedy ep425 games=  96 dec= 18502 rows= 17754 horizon=0.31 L=0.00007 L/var=0.00 tgt=-0.077/0.381 pstd=0.385 gen=0.1s train=0.4s
[t= 293.4s] greedy ep426 games=  96 dec= 18466 rows= 17758 horizon=0.32 L=0.00010 L/var=0.00 tgt=-0.091/0.406 pstd=0.382 gen=0.1s train=0.4s
[t= 294.1s] greedy ep427 games=  96 dec= 19125 rows= 18386 horizon=0.36 L=0.00009 L/var=0.00 tgt=-0.046/0.399 pstd=0.383 gen=0.1s train=0.4s
[t= 294.8s] greedy ep428 games=  96 dec= 18745 rows= 18050 horizon=0.33 L=0.00006 L/var=0.00 tgt=-0.071/0.385 pstd=0.384 gen=0.1s train=0.4s
[t= 295.4s] greedy ep429 games=  96 dec= 18010 rows= 17249 horizon=0.25 L=0.00005 L/var=0.00 tgt=-0.058/0.391 pstd=0.382 gen=0.1s train=0.4s
[t= 296.1s] greedy ep430 games=  96 dec= 19434 rows= 18554 horizon=0.31 L=0.00011 L/var=0.00 tgt=-0.077/0.412 pstd=0.381 gen=0.1s train=0.4s
[t= 296.7s] greedy ep431 games=  96 dec= 18182 rows= 17482 horizon=0.27 L=0.00008 L/var=0.00 tgt=-0.076/0.384 pstd=0.384 gen=0.1s train=0.4s
[t= 297.3s] greedy ep432 games=  96 dec= 18131 rows= 17289 horizon=0.21 L=0.00006 L/var=0.00 tgt=-0.099/0.404 pstd=0.381 gen=0.1s train=0.4s
[t= 298.0s] greedy ep433 games=  96 dec= 19060 rows= 18311 horizon=0.35 L=0.00009 L/var=0.00 tgt=-0.089/0.398 pstd=0.381 gen=0.1s train=0.4s
[t= 298.6s] greedy ep434 games=  96 dec= 17648 rows= 16953 horizon=0.26 L=0.00005 L/var=0.00 tgt=-0.062/0.393 pstd=0.384 gen=0.1s train=0.4s
[t= 299.3s] greedy ep435 games=  96 dec= 19017 rows= 18329 horizon=0.36 L=0.00019 L/var=0.00 tgt=-0.067/0.394 pstd=0.385 gen=0.1s train=0.4s
[t= 299.9s] greedy ep436 games=  96 dec= 17436 rows= 16653 horizon=0.27 L=0.00016 L/var=0.00 tgt=-0.099/0.430 pstd=0.383 gen=0.1s train=0.4s
[t= 300.5s] greedy ep437 games=  96 dec= 18448 rows= 17655 horizon=0.24 L=0.00008 L/var=0.00 tgt=-0.083/0.408 pstd=0.383 gen=0.1s train=0.4s
[t= 300.5s] --- snapshot snap_00.pt (init) ---
[t= 300.6s] --- switching to ReBeL ---
[t= 311.0s] rebel stream solves=13312 raw=1278/s balanced=1278/s debt=0 rows steps=156 horizon=0.00 games=0 over=0 card=0 drop=0 L=0.00175 L/var=55.84 tgt=+0.008/0.006 cfg/b=40950 prep=1.03s gpu=0.00s conv=0.00s add=0.22s train=5.07s
[t= 321.5s] rebel stream solves=24576 raw=1176/s balanced=1176/s debt=0 rows steps=288 horizon=0.00 games=0 over=0 card=0 drop=0 L=0.00001 L/var=2.97 tgt=+0.009/0.002 cfg/b=92918 prep=0.80s gpu=0.00s conv=0.03s add=0.82s train=6.02s
[t= 331.5s] rebel stream solves=41984 raw=1357/s balanced=1357/s debt=0 rows steps=492 horizon=0.00 games=0 over=0 card=0 drop=0 L=0.00001 L/var=0.62 tgt=+0.008/0.003 cfg/b=48919 prep=0.99s gpu=0.00s conv=0.01s add=0.23s train=6.51s
[t= 341.8s] rebel stream solves=50176 raw=1217/s balanced=1217/s debt=0 rows steps=588 horizon=0.00 games=0 over=0 card=0 drop=0 L=0.00000 L/var=0.30 tgt=+0.008/0.004 cfg/b=38238 prep=0.50s gpu=0.00s conv=0.01s add=0.25s train=3.14s
[t= 351.8s] rebel stream solves=55296 raw=1079/s balanced=1079/s debt=0 rows steps=648 horizon=0.00 games=0 over=0 card=0 drop=0 L=0.00000 L/var=0.24 tgt=+0.007/0.004 cfg/b=43574 prep=0.36s gpu=0.00s conv=0.01s add=0.17s train=2.07s
[t= 362.0s] rebel stream solves=63488 raw=1034/s balanced=1023/s debt=8192 rows steps=736 horizon=0.00 games=0 over=0 card=0 drop=0 L=0.00000 L/var=0.27 tgt=+0.006/0.003 cfg/b=54836 prep=0.40s gpu=0.00s conv=0.02s add=0.61s train=2.90s
[t= 372.0s] rebel stream solves=71680 raw=1004/s balanced=1004/s debt=0 rows steps=840 horizon=0.00 games=0 over=1 card=0 drop=0 L=0.00000 L/var=0.21 tgt=+0.006/0.004 cfg/b=60570 prep=0.53s gpu=0.00s conv=0.01s add=0.32s train=3.65s
[t= 382.3s] rebel stream solves=78848 raw=965/s balanced=965/s debt=0 rows steps=924 horizon=0.00 games=0 over=5 card=0 drop=0 L=0.00000 L/var=0.16 tgt=+0.007/0.004 cfg/b=49087 prep=0.46s gpu=0.00s conv=0.01s add=0.22s train=2.89s
[t= 392.5s] rebel stream solves=84992 raw=924/s balanced=921/s debt=4096 rows steps=992 horizon=0.00 games=0 over=8 card=0 drop=0 L=0.00000 L/var=0.12 tgt=+0.007/0.004 cfg/b=42978 prep=0.38s gpu=0.00s conv=0.00s add=0.19s train=2.32s
[t= 402.5s] rebel stream solves=90112 raw=884/s balanced=884/s debt=0 rows steps=1056 horizon=0.00 games=0 over=12 card=0 drop=0 L=0.00000 L/var=0.11 tgt=+0.007/0.004 cfg/b=42925 prep=0.31s gpu=0.00s conv=0.00s add=0.20s train=2.05s
[t= 412.6s] rebel stream solves=95232 raw=850/s balanced=850/s debt=0 rows steps=1116 horizon=0.00 games=0 over=14 card=0 drop=0 L=0.00000 L/var=0.11 tgt=+0.007/0.004 cfg/b=42438 prep=0.36s gpu=0.00s conv=0.00s add=0.14s train=2.05s
[t= 422.6s] rebel stream solves=99328 raw=814/s balanced=814/s debt=0 rows steps=1164 horizon=0.00 games=0 over=15 card=0 drop=0 L=0.00000 L/var=0.15 tgt=+0.007/0.004 cfg/b=44544 prep=0.23s gpu=0.00s conv=0.01s add=0.24s train=1.57s
[t= 432.6s] rebel stream solves=103424 raw=783/s balanced=783/s debt=0 rows steps=1212 horizon=0.00 games=0 over=16 card=0 drop=0 L=0.00000 L/var=0.13 tgt=+0.007/0.004 cfg/b=49733 prep=0.23s gpu=0.00s conv=0.01s add=0.20s train=1.60s
[t= 442.6s] rebel stream solves=107520 raw=757/s balanced=757/s debt=0 rows steps=1260 horizon=0.00 games=0 over=18 card=0 drop=0 L=0.00000 L/var=0.12 tgt=+0.007/0.004 cfg/b=50771 prep=0.30s gpu=0.00s conv=0.01s add=0.18s train=1.74s
[t= 452.7s] rebel stream solves=110592 raw=727/s balanced=727/s debt=0 rows steps=1296 horizon=0.00 games=0 over=25 card=0 drop=0 L=0.00000 L/var=0.12 tgt=+0.007/0.004 cfg/b=52251 prep=0.17s gpu=0.00s conv=0.00s add=0.16s train=1.20s
[t= 462.7s] rebel stream solves=114688 raw=707/s balanced=707/s debt=0 rows steps=1344 horizon=0.00 games=0 over=30 card=0 drop=0 L=0.00000 L/var=0.12 tgt=+0.007/0.004 cfg/b=55670 prep=0.23s gpu=0.00s conv=0.01s add=0.27s train=1.66s
[t= 473.2s] rebel stream solves=118784 raw=688/s balanced=688/s debt=0 rows steps=1392 horizon=0.00 games=0 over=33 card=0 drop=0 L=0.00000 L/var=0.07 tgt=+0.007/0.005 cfg/b=57001 prep=0.28s gpu=0.00s conv=0.01s add=0.20s train=1.75s
[t= 483.2s] rebel stream solves=121856 raw=667/s balanced=667/s debt=0 rows steps=1428 horizon=0.00 games=0 over=39 card=0 drop=0 L=0.00000 L/var=0.09 tgt=+0.007/0.004 cfg/b=56648 prep=0.19s gpu=0.00s conv=0.00s add=0.10s train=1.26s
[t= 493.2s] rebel stream solves=123904 raw=643/s balanced=643/s debt=0 rows steps=1452 horizon=0.00 games=0 over=44 card=1 drop=0 L=0.00000 L/var=0.08 tgt=+0.007/0.004 cfg/b=55064 prep=0.11s gpu=0.00s conv=0.00s add=0.12s train=0.76s
[t= 503.5s] rebel stream solves=126976 raw=626/s balanced=626/s debt=0 rows steps=1488 horizon=0.00 games=1 over=52 card=2 drop=0 L=0.00002 L/var=1.34 tgt=+0.007/0.004 cfg/b=55088 prep=0.20s gpu=0.00s conv=0.01s add=0.15s train=1.26s
[t= 513.5s] rebel stream solves=129024 raw=606/s balanced=606/s debt=0 rows steps=1512 horizon=0.00 games=0 over=57 card=3 drop=0 L=0.00000 L/var=0.11 tgt=+0.007/0.004 cfg/b=54437 prep=0.13s gpu=0.00s conv=0.00s add=0.09s train=0.84s
[t= 523.5s] rebel stream solves=132096 raw=592/s balanced=592/s debt=0 rows steps=1548 horizon=0.00 games=0 over=67 card=3 drop=0 L=0.00002 L/var=1.18 tgt=+0.007/0.004 cfg/b=54185 prep=0.21s gpu=0.00s conv=0.00s add=0.12s train=1.29s
[t= 534.1s] rebel stream solves=135168 raw=579/s balanced=579/s debt=0 rows steps=1584 horizon=0.00 games=0 over=72 card=3 drop=0 L=0.00000 L/var=0.09 tgt=+0.007/0.004 cfg/b=53977 prep=0.21s gpu=0.00s conv=0.00s add=0.13s train=1.30s
[t= 544.1s] rebel stream solves=137216 raw=563/s balanced=563/s debt=0 rows steps=1608 horizon=0.00 games=0 over=75 card=3 drop=0 L=0.00005 L/var=2.98 tgt=+0.007/0.004 cfg/b=53651 prep=0.23s gpu=0.00s conv=0.00s add=0.12s train=0.96s
[t= 554.2s] rebel stream solves=139264 raw=549/s balanced=549/s debt=0 rows steps=1632 horizon=0.00 games=0 over=81 card=3 drop=0 L=0.00000 L/var=0.12 tgt=+0.007/0.004 cfg/b=55213 prep=0.17s gpu=0.00s conv=0.01s add=0.16s train=0.90s
[t= 564.2s] rebel stream solves=142336 raw=540/s balanced=539/s debt=4096 rows steps=1664 horizon=0.00 games=0 over=92 card=3 drop=0 L=0.00002 L/var=0.28 tgt=+0.007/0.008 cfg/b=55229 prep=0.21s gpu=0.00s conv=0.01s add=0.19s train=1.16s
[t= 574.3s] rebel stream solves=144384 raw=528/s balanced=528/s debt=0 rows steps=1692 horizon=0.00 games=0 over=99 card=3 drop=0 L=0.00000 L/var=0.09 tgt=+0.008/0.004 cfg/b=54150 prep=0.18s gpu=0.00s conv=0.00s add=0.08s train=0.99s
[t= 584.3s] rebel stream solves=146432 raw=516/s balanced=516/s debt=0 rows steps=1716 horizon=0.00 games=0 over=109 card=3 drop=0 L=0.00002 L/var=0.85 tgt=+0.007/0.005 cfg/b=54745 prep=0.18s gpu=0.00s conv=0.00s add=0.11s train=0.94s
[t= 594.3s] rebel stream solves=148480 raw=506/s balanced=506/s debt=0 rows steps=1740 horizon=0.00 games=0 over=116 card=3 drop=0 L=0.00002 L/var=0.43 tgt=+0.007/0.008 cfg/b=55188 prep=0.17s gpu=0.00s conv=0.01s add=0.13s train=0.88s
[t= 604.3s] rebel stream solves=149504 raw=492/s balanced=492/s debt=0 rows steps=1752 horizon=0.00 games=0 over=123 card=3 drop=0 L=0.00000 L/var=0.10 tgt=+0.007/0.006 cfg/b=54597 prep=0.08s gpu=0.00s conv=0.00s add=0.07s train=0.47s
[t= 614.3s] rebel stream solves=151552 raw=483/s balanced=483/s debt=0 rows steps=1776 horizon=0.00 games=0 over=128 card=3 drop=0 L=0.00005 L/var=3.33 tgt=+0.007/0.004 cfg/b=58034 prep=0.16s gpu=0.00s conv=0.00s add=0.14s train=0.91s
[t= 624.9s] rebel stream solves=154624 raw=477/s balanced=476/s debt=4096 rows steps=1808 horizon=0.00 games=1 over=144 card=3 drop=0 L=0.00003 L/var=0.35 tgt=+0.007/0.009 cfg/b=58152 prep=0.22s gpu=0.00s conv=0.01s add=0.21s train=1.22s
[t= 634.9s] rebel stream solves=156672 raw=469/s balanced=469/s debt=0 rows steps=1836 horizon=0.00 games=1 over=152 card=3 drop=0 L=0.00005 L/var=3.18 tgt=+0.007/0.004 cfg/b=57762 prep=0.19s gpu=0.00s conv=0.01s add=0.10s train=1.02s
[t= 644.9s] rebel stream solves=157696 raw=458/s balanced=458/s debt=0 rows steps=1848 horizon=0.00 games=1 over=161 card=3 drop=0 L=0.00005 L/var=3.01 tgt=+0.007/0.004 cfg/b=58491 prep=0.09s gpu=0.00s conv=0.00s add=0.07s train=0.48s
[t= 655.0s] rebel stream solves=159744 raw=451/s balanced=451/s debt=0 rows steps=1872 horizon=0.00 games=0 over=166 card=3 drop=0 L=0.00007 L/var=4.36 tgt=+0.007/0.004 cfg/b=58480 prep=0.12s gpu=0.00s conv=0.00s add=0.11s train=0.85s
[t= 660.6s] --- snapshot snap_01.pt (s1) ---
[t= 665.0s] rebel stream solves=161792 raw=444/s balanced=444/s debt=0 rows steps=1896 horizon=0.00 games=0 over=175 card=3 drop=0 L=0.00002 L/var=0.78 tgt=+0.007/0.005 cfg/b=57540 prep=0.20s gpu=0.00s conv=0.01s add=0.20s train=0.95s
[t= 675.7s] rebel stream solves=163840 raw=437/s balanced=437/s debt=0 rows steps=1920 horizon=0.00 games=0 over=190 card=4 drop=0 L=0.00010 L/var=2.40 tgt=+0.007/0.006 cfg/b=58880 prep=0.15s gpu=0.00s conv=0.01s add=0.15s train=0.87s
[t= 685.7s] rebel stream solves=165888 raw=431/s balanced=431/s debt=0 rows steps=1944 horizon=0.00 games=1 over=199 card=4 drop=0 L=0.00015 L/var=2.01 tgt=+0.007/0.008 cfg/b=60324 prep=0.18s gpu=0.00s conv=0.01s add=0.13s train=0.91s
[t= 695.8s] rebel stream solves=167936 raw=425/s balanced=425/s debt=0 rows steps=1968 horizon=0.00 games=2 over=211 card=4 drop=0 L=0.00007 L/var=3.75 tgt=+0.007/0.004 cfg/b=61167 prep=0.21s gpu=0.00s conv=0.00s add=0.11s train=0.97s
[t= 705.8s] rebel stream solves=169984 raw=419/s balanced=419/s debt=0 rows steps=1992 horizon=0.00 games=0 over=216 card=4 drop=0 L=0.00010 L/var=1.88 tgt=+0.007/0.007 cfg/b=61669 prep=0.14s gpu=0.00s conv=0.00s add=0.09s train=0.86s
[t= 715.8s] rebel stream solves=172032 raw=414/s balanced=414/s debt=0 rows steps=2016 horizon=0.00 games=0 over=229 card=4 drop=0 L=0.00010 L/var=1.17 tgt=+0.007/0.009 cfg/b=61507 prep=0.19s gpu=0.00s conv=0.01s add=0.10s train=0.97s
[t= 726.1s] rebel stream solves=174080 raw=409/s balanced=409/s debt=0 rows steps=2040 horizon=0.00 games=0 over=236 card=4 drop=0 L=0.00007 L/var=0.17 tgt=+0.007/0.020 cfg/b=59967 prep=0.19s gpu=0.00s conv=0.00s add=0.11s train=0.92s
[t= 736.1s] rebel stream solves=176128 raw=404/s balanced=404/s debt=0 rows steps=2064 horizon=0.00 games=2 over=245 card=4 drop=0 L=0.00014 L/var=1.53 tgt=+0.007/0.009 cfg/b=59798 prep=0.21s gpu=0.00s conv=0.00s add=0.10s train=0.97s
[t= 746.2s] rebel stream solves=177152 raw=398/s balanced=398/s debt=0 rows steps=2076 horizon=0.00 games=1 over=251 card=4 drop=0 L=0.00022 L/var=1.23 tgt=+0.007/0.013 cfg/b=61839 prep=0.07s gpu=0.00s conv=0.00s add=0.05s train=0.43s
[t= 756.2s] rebel stream solves=179200 raw=393/s balanced=393/s debt=0 rows steps=2100 horizon=0.00 games=2 over=258 card=5 drop=0 L=0.00026 L/var=2.09 tgt=+0.007/0.011 cfg/b=59538 prep=0.15s gpu=0.00s conv=0.00s add=0.12s train=0.91s
[t= 766.2s] rebel stream solves=181248 raw=389/s balanced=389/s debt=0 rows steps=2124 horizon=0.00 games=3 over=273 card=6 drop=0 L=0.00029 L/var=1.64 tgt=+0.008/0.013 cfg/b=59855 prep=0.13s gpu=0.00s conv=0.01s add=0.10s train=0.89s
[t= 776.4s] rebel stream solves=183296 raw=385/s balanced=384/s debt=4096 rows steps=2144 horizon=0.00 games=2 over=284 card=6 drop=0 L=0.00023 L/var=1.80 tgt=+0.008/0.011 cfg/b=59235 prep=0.15s gpu=0.00s conv=0.00s add=0.10s train=0.78s
[t= 786.5s] rebel stream solves=184320 raw=379/s balanced=379/s debt=0 rows steps=2160 horizon=0.00 games=1 over=292 card=6 drop=0 L=0.00036 L/var=2.01 tgt=+0.008/0.013 cfg/b=59919 prep=0.11s gpu=0.00s conv=0.00s add=0.05s train=0.61s
[t= 795.6s] --- lr -> 5.00e-04 ---
[t= 796.5s] rebel stream solves=186368 raw=376/s balanced=376/s debt=0 rows steps=2184 horizon=0.00 games=2 over=301 card=6 drop=0 L=0.00027 L/var=0.67 tgt=+0.007/0.020 cfg/b=58518 prep=0.14s gpu=0.00s conv=0.00s add=0.09s train=0.90s
[t= 806.5s] rebel stream solves=187392 raw=370/s balanced=370/s debt=0 rows steps=2196 horizon=0.00 games=1 over=313 card=6 drop=0 L=0.00019 L/var=0.63 tgt=+0.007/0.017 cfg/b=56991 prep=0.08s gpu=0.00s conv=0.00s add=0.05s train=0.43s
[t= 816.5s] rebel stream solves=189440 raw=367/s balanced=367/s debt=0 rows steps=2220 horizon=0.00 games=6 over=325 card=6 drop=0 L=0.00034 L/var=0.46 tgt=+0.007/0.027 cfg/b=56498 prep=0.39s gpu=0.00s conv=0.00s add=0.08s train=1.17s
[t= 826.5s] rebel stream solves=191488 raw=364/s balanced=364/s debt=0 rows steps=2244 horizon=0.00 games=3 over=331 card=6 drop=0 L=0.00057 L/var=1.04 tgt=+0.007/0.023 cfg/b=56704 prep=0.17s gpu=0.00s conv=0.00s add=0.08s train=0.90s
[t= 836.6s] rebel stream solves=193536 raw=361/s balanced=361/s debt=0 rows steps=2268 horizon=0.00 games=6 over=351 card=6 drop=0 L=0.00025 L/var=0.55 tgt=+0.007/0.021 cfg/b=55779 prep=0.22s gpu=0.00s conv=0.00s add=0.08s train=0.97s
[t= 846.6s] rebel stream solves=194560 raw=356/s balanced=356/s debt=0 rows steps=2280 horizon=0.00 games=1 over=358 card=6 drop=0 L=0.00054 L/var=0.30 tgt=+0.006/0.042 cfg/b=54079 prep=0.13s gpu=0.00s conv=0.00s add=0.04s train=0.51s
[t= 856.6s] rebel stream solves=196608 raw=354/s balanced=354/s debt=0 rows steps=2304 horizon=0.00 games=4 over=366 card=6 drop=0 L=0.00057 L/var=0.65 tgt=+0.007/0.030 cfg/b=55130 prep=0.15s gpu=0.00s conv=0.00s add=0.09s train=0.85s
[t= 867.3s] rebel stream solves=198656 raw=351/s balanced=349/s debt=8192 rows steps=2320 horizon=0.00 games=8 over=386 card=6 drop=0 L=0.00119 L/var=0.35 tgt=+0.006/0.058 cfg/b=52731 prep=0.09s gpu=0.00s conv=0.00s add=0.09s train=0.58s
[t= 877.3s] rebel stream solves=200704 raw=348/s balanced=348/s debt=0 rows steps=2352 horizon=0.00 games=8 over=395 card=6 drop=0 L=0.00057 L/var=0.75 tgt=+0.008/0.028 cfg/b=53679 prep=0.20s gpu=0.00s conv=0.01s add=0.08s train=1.20s
[t= 887.3s] rebel stream solves=201728 raw=344/s balanced=344/s debt=0 rows steps=2364 horizon=0.00 games=4 over=400 card=6 drop=0 L=0.00074 L/var=0.37 tgt=+0.009/0.045 cfg/b=53016 prep=0.07s gpu=0.00s conv=0.00s add=0.03s train=0.45s
[t= 897.4s] rebel stream solves=203776 raw=341/s balanced=341/s debt=0 rows steps=2388 horizon=0.00 games=6 over=419 card=6 drop=0 L=0.00095 L/var=0.69 tgt=+0.006/0.037 cfg/b=51321 prep=0.15s gpu=0.00s conv=0.00s add=0.09s train=0.91s
[t= 907.4s] rebel stream solves=205824 raw=339/s balanced=339/s debt=0 rows steps=2412 horizon=0.00 games=9 over=429 card=6 drop=0 L=0.00085 L/var=0.53 tgt=+0.006/0.040 cfg/b=50847 prep=0.14s gpu=0.00s conv=0.00s add=0.08s train=0.87s
[t= 917.4s] rebel stream solves=207872 raw=337/s balanced=337/s debt=0 rows steps=2436 horizon=0.00 games=6 over=433 card=6 drop=0 L=0.00097 L/var=0.32 tgt=+0.005/0.055 cfg/b=50224 prep=0.18s gpu=0.00s conv=0.00s add=0.07s train=0.95s
[t= 927.5s] rebel stream solves=209920 raw=335/s balanced=335/s debt=0 rows steps=2460 horizon=0.00 games=17 over=436 card=6 drop=0 L=0.00130 L/var=0.39 tgt=+0.004/0.058 cfg/b=49823 prep=0.17s gpu=0.00s conv=0.00s add=0.07s train=0.87s
[t= 937.8s] rebel stream solves=211968 raw=333/s balanced=332/s debt=4096 rows steps=2480 horizon=0.00 games=10 over=451 card=6 drop=0 L=0.00144 L/var=0.13 tgt=-0.004/0.105 cfg/b=49474 prep=0.11s gpu=0.00s conv=0.00s add=0.05s train=0.71s
[t= 947.8s] rebel stream solves=214016 raw=331/s balanced=331/s debt=0 rows steps=2508 horizon=0.00 games=17 over=462 card=6 drop=0 L=0.00127 L/var=0.42 tgt=+0.003/0.055 cfg/b=48191 prep=0.18s gpu=0.00s conv=0.00s add=0.07s train=1.00s
[t= 957.9s] rebel stream solves=216064 raw=329/s balanced=329/s debt=0 rows steps=2532 horizon=0.00 games=14 over=471 card=6 drop=0 L=0.00161 L/var=0.19 tgt=-0.002/0.093 cfg/b=46368 prep=0.24s gpu=0.00s conv=0.00s add=0.07s train=0.98s
[t= 967.9s] rebel stream solves=218112 raw=327/s balanced=327/s debt=0 rows steps=2556 horizon=0.00 games=18 over=478 card=6 drop=0 L=0.00163 L/var=0.24 tgt=-0.001/0.082 cfg/b=45975 prep=0.12s gpu=0.00s conv=0.00s add=0.06s train=0.79s
[t= 978.0s] rebel stream solves=220160 raw=325/s balanced=325/s debt=0 rows steps=2580 horizon=0.00 games=14 over=490 card=6 drop=0 L=0.00225 L/var=0.17 tgt=-0.001/0.115 cfg/b=45802 prep=0.15s gpu=0.00s conv=0.00s add=0.07s train=0.86s
[t= 988.0s] rebel stream solves=222208 raw=323/s balanced=323/s debt=0 rows steps=2604 horizon=0.00 games=18 over=505 card=6 drop=0 L=0.00225 L/var=0.21 tgt=-0.002/0.104 cfg/b=44458 prep=0.13s gpu=0.00s conv=0.00s add=0.06s train=0.80s
[t= 998.0s] rebel stream solves=224256 raw=322/s balanced=322/s debt=0 rows steps=2628 horizon=0.00 games=26 over=510 card=6 drop=0 L=0.00237 L/var=0.17 tgt=-0.006/0.119 cfg/b=44286 prep=0.13s gpu=0.00s conv=0.00s add=0.06s train=0.85s
[t=1008.1s] rebel stream solves=227328 raw=321/s balanced=321/s debt=0 rows steps=2664 horizon=0.00 games=39 over=523 card=6 drop=0 L=0.00220 L/var=0.18 tgt=-0.010/0.111 cfg/b=44568 prep=0.19s gpu=0.00s conv=0.00s add=0.09s train=1.24s
[t=1018.1s] rebel stream solves=229376 raw=320/s balanced=320/s debt=0 rows steps=2688 horizon=0.00 games=24 over=527 card=6 drop=0 L=0.00282 L/var=0.12 tgt=-0.021/0.154 cfg/b=42623 prep=0.13s gpu=0.00s conv=0.00s add=0.06s train=0.83s
[t=1020.6s] --- snapshot snap_02.pt (s2) ---
[t=1028.1s] rebel stream solves=231424 raw=318/s balanced=318/s debt=0 rows steps=2712 horizon=0.00 games=21 over=537 card=6 drop=0 L=0.00324 L/var=0.16 tgt=-0.006/0.142 cfg/b=42256 prep=0.13s gpu=0.00s conv=0.00s add=0.07s train=0.80s
[t=1038.2s] rebel stream solves=234496 raw=318/s balanced=318/s debt=0 rows steps=2748 horizon=0.00 games=55 over=552 card=7 drop=0 L=0.00357 L/var=0.12 tgt=-0.023/0.170 cfg/b=42086 prep=0.21s gpu=0.00s conv=0.00s add=0.11s train=1.20s
[t=1048.7s] rebel stream solves=237568 raw=318/s balanced=318/s debt=0 rows steps=2784 horizon=0.00 games=65 over=559 card=7 drop=0 L=0.00360 L/var=0.15 tgt=-0.021/0.157 cfg/b=40909 prep=0.19s gpu=0.00s conv=0.00s add=0.09s train=1.24s
[t=1059.0s] rebel stream solves=239616 raw=316/s balanced=316/s debt=0 rows steps=2808 horizon=0.00 games=44 over=571 card=7 drop=0 L=0.00437 L/var=0.11 tgt=-0.043/0.201 cfg/b=41870 prep=0.19s gpu=0.00s conv=0.00s add=0.06s train=0.88s
[t=1069.0s] rebel stream solves=241664 raw=314/s balanced=314/s debt=0 rows steps=2832 horizon=0.00 games=39 over=575 card=7 drop=0 L=0.00427 L/var=0.15 tgt=-0.020/0.169 cfg/b=41496 prep=0.13s gpu=0.00s conv=0.00s add=0.06s train=0.82s
[t=1079.0s] rebel stream solves=244736 raw=314/s balanced=314/s debt=0 rows steps=2868 horizon=0.00 games=64 over=584 card=7 drop=0 L=0.00462 L/var=0.09 tgt=-0.044/0.224 cfg/b=41026 prep=0.19s gpu=0.00s conv=0.00s add=0.07s train=1.23s
[t=1089.2s] rebel stream solves=247808 raw=314/s balanced=314/s debt=0 rows steps=2904 horizon=0.00 games=77 over=594 card=7 drop=0 L=0.00544 L/var=0.07 tgt=-0.063/0.272 cfg/b=40122 prep=0.20s gpu=0.00s conv=0.00s add=0.07s train=1.24s
[t=1099.2s] rebel stream solves=250880 raw=314/s balanced=314/s debt=0 rows steps=2940 horizon=0.00 games=105 over=599 card=7 drop=0 L=0.00503 L/var=0.11 tgt=-0.033/0.217 cfg/b=39517 prep=0.20s gpu=0.00s conv=0.00s add=0.08s train=1.23s
[t=1109.2s] rebel stream solves=253952 raw=314/s balanced=314/s debt=0 rows steps=2976 horizon=0.00 games=64 over=606 card=7 drop=0 L=0.00545 L/var=0.11 tgt=-0.037/0.222 cfg/b=38785 prep=0.20s gpu=0.00s conv=0.00s add=0.08s train=1.27s
[t=1119.5s] rebel stream solves=258048 raw=315/s balanced=315/s debt=0 rows steps=3024 horizon=0.00 games=92 over=616 card=7 drop=0 L=0.00598 L/var=0.11 tgt=-0.032/0.237 cfg/b=38486 prep=0.29s gpu=0.00s conv=0.00s add=0.10s train=1.69s
[t=1129.5s] rebel stream solves=261120 raw=315/s balanced=315/s debt=0 rows steps=3060 horizon=0.00 games=81 over=622 card=7 drop=0 L=0.00611 L/var=0.08 tgt=-0.054/0.271 cfg/b=38260 prep=0.22s gpu=0.00s conv=0.00s add=0.07s train=1.25s
[t=1139.5s] rebel stream solves=264192 raw=315/s balanced=315/s debt=0 rows steps=3096 horizon=0.00 games=83 over=631 card=7 drop=0 L=0.00659 L/var=0.10 tgt=-0.038/0.252 cfg/b=37366 prep=0.22s gpu=0.00s conv=0.00s add=0.08s train=1.24s
[t=1149.6s] rebel stream solves=267264 raw=315/s balanced=315/s debt=0 rows steps=3132 horizon=0.00 games=84 over=639 card=7 drop=0 L=0.00654 L/var=0.11 tgt=-0.035/0.246 cfg/b=37498 prep=0.19s gpu=0.00s conv=0.00s add=0.07s train=1.21s
[t=1159.6s] rebel stream solves=271360 raw=316/s balanced=316/s debt=0 rows steps=3180 horizon=0.00 games=94 over=647 card=7 drop=0 L=0.00659 L/var=0.08 tgt=-0.062/0.294 cfg/b=36971 prep=0.25s gpu=0.00s conv=0.00s add=0.09s train=1.58s
[t=1169.7s] rebel stream solves=275456 raw=317/s balanced=317/s debt=0 rows steps=3228 horizon=0.00 games=122 over=654 card=7 drop=0 L=0.00695 L/var=0.09 tgt=-0.040/0.279 cfg/b=37347 prep=0.24s gpu=0.00s conv=0.01s add=0.10s train=1.55s
[t=1179.7s] rebel stream solves=278528 raw=317/s balanced=317/s debt=0 rows steps=3264 horizon=0.00 games=94 over=657 card=7 drop=0 L=0.00718 L/var=0.07 tgt=-0.069/0.321 cfg/b=36236 prep=0.22s gpu=0.00s conv=0.00s add=0.08s train=1.25s
[t=1189.8s] rebel stream solves=283648 raw=319/s balanced=319/s debt=0 rows steps=3324 horizon=0.00 games=147 over=663 card=7 drop=0 L=0.00733 L/var=0.09 tgt=-0.045/0.288 cfg/b=36275 prep=0.32s gpu=0.00s conv=0.00s add=0.13s train=1.99s
[t=1199.8s] rebel stream solves=287744 raw=320/s balanced=320/s debt=0 rows steps=3372 horizon=0.00 games=119 over=672 card=7 drop=0 L=0.00721 L/var=0.09 tgt=-0.044/0.287 cfg/b=36113 prep=0.24s gpu=0.00s conv=0.00s add=0.11s train=1.58s
[t=1209.8s] rebel stream solves=291840 raw=321/s balanced=321/s debt=0 rows steps=3420 horizon=0.00 games=122 over=679 card=7 drop=0 L=0.00700 L/var=0.08 tgt=-0.038/0.297 cfg/b=35383 prep=0.24s gpu=0.00s conv=0.00s add=0.11s train=1.51s
[t=1220.2s] rebel stream solves=297984 raw=324/s balanced=324/s debt=4096 rows steps=3488 horizon=0.00 games=169 over=684 card=7 drop=0 L=0.00697 L/var=0.10 tgt=-0.023/0.267 cfg/b=35405 prep=0.38s gpu=0.00s conv=0.00s add=0.16s train=2.27s
[t=1230.3s] rebel stream solves=303104 raw=326/s balanced=326/s debt=0 rows steps=3552 horizon=0.00 games=132 over=691 card=7 drop=0 L=0.00694 L/var=0.10 tgt=-0.024/0.268 cfg/b=35273 prep=0.33s gpu=0.00s conv=0.00s add=0.14s train=2.01s
[t=1240.3s] rebel stream solves=308224 raw=328/s balanced=328/s debt=0 rows steps=3612 horizon=0.00 games=157 over=696 card=7 drop=0 L=0.00704 L/var=0.13 tgt=-0.006/0.233 cfg/b=34514 prep=0.34s gpu=0.00s conv=0.00s add=0.15s train=1.97s
[t=1250.3s] rebel stream solves=313344 raw=330/s balanced=330/s debt=0 rows steps=3672 horizon=0.00 games=135 over=701 card=7 drop=0 L=0.00697 L/var=0.13 tgt=-0.007/0.232 cfg/b=34253 prep=0.33s gpu=0.00s conv=0.00s add=0.14s train=1.97s
[t=1260.3s] rebel stream solves=318464 raw=332/s balanced=332/s debt=0 rows steps=3732 horizon=0.00 games=159 over=709 card=7 drop=0 L=0.00682 L/var=0.12 tgt=-0.003/0.235 cfg/b=34215 prep=0.31s gpu=0.00s conv=0.00s add=0.14s train=1.94s
[t=1270.3s] rebel stream solves=324608 raw=335/s balanced=335/s debt=0 rows steps=3804 horizon=0.00 games=145 over=713 card=7 drop=0 L=0.00661 L/var=0.14 tgt=+0.008/0.217 cfg/b=34472 prep=0.35s gpu=0.00s conv=0.00s add=0.18s train=2.27s
[t=1280.8s] rebel stream solves=330752 raw=337/s balanced=337/s debt=4096 rows steps=3872 horizon=0.00 games=161 over=719 card=7 drop=0 L=0.00672 L/var=0.13 tgt=+0.000/0.223 cfg/b=34823 prep=0.36s gpu=0.00s conv=0.00s add=0.19s train=2.21s
[t=1290.9s] rebel stream solves=336896 raw=340/s balanced=340/s debt=0 rows steps=3948 horizon=0.00 games=161 over=724 card=7 drop=0 L=0.00670 L/var=0.16 tgt=+0.004/0.205 cfg/b=35519 prep=0.39s gpu=0.00s conv=0.00s add=0.18s train=2.44s
[t=1300.9s] rebel stream solves=343040 raw=343/s balanced=343/s debt=0 rows steps=4020 horizon=0.00 games=123 over=728 card=7 drop=0 L=0.00645 L/var=0.15 tgt=+0.007/0.210 cfg/b=35787 prep=0.36s gpu=0.00s conv=0.00s add=0.17s train=2.31s
[t=1305.6s] --- lr -> 2.50e-04 ---
[t=1310.9s] rebel stream solves=349184 raw=346/s balanced=346/s debt=0 rows steps=4092 horizon=0.00 games=139 over=732 card=7 drop=0 L=0.00618 L/var=0.14 tgt=+0.010/0.207 cfg/b=36080 prep=0.36s gpu=0.00s conv=0.00s add=0.16s train=2.31s
[t=1321.0s] rebel stream solves=355328 raw=348/s balanced=348/s debt=4096 rows steps=4160 horizon=0.00 games=110 over=739 card=7 drop=0 L=0.00591 L/var=0.15 tgt=+0.010/0.202 cfg/b=35548 prep=0.35s gpu=0.00s conv=0.00s add=0.18s train=2.21s
[t=1331.0s] rebel stream solves=361472 raw=351/s balanced=351/s debt=0 rows steps=4236 horizon=0.00 games=109 over=743 card=7 drop=0 L=0.00569 L/var=0.13 tgt=+0.007/0.210 cfg/b=35221 prep=0.40s gpu=0.00s conv=0.00s add=0.17s train=2.50s
[t=1341.2s] rebel stream solves=367616 raw=353/s balanced=353/s debt=4096 rows steps=4304 horizon=0.00 games=114 over=746 card=7 drop=0 L=0.00568 L/var=0.14 tgt=+0.012/0.203 cfg/b=35498 prep=0.34s gpu=0.00s conv=0.00s add=0.19s train=2.21s
[t=1351.2s] rebel stream solves=373760 raw=356/s balanced=356/s debt=0 rows steps=4380 horizon=0.00 games=100 over=748 card=7 drop=0 L=0.00556 L/var=0.15 tgt=+0.016/0.193 cfg/b=34958 prep=0.38s gpu=0.00s conv=0.00s add=0.17s train=2.39s
[t=1361.2s] rebel stream solves=379904 raw=358/s balanced=358/s debt=0 rows steps=4452 horizon=0.00 games=111 over=751 card=7 drop=0 L=0.00547 L/var=0.14 tgt=+0.016/0.199 cfg/b=34604 prep=0.36s gpu=0.00s conv=0.01s add=0.18s train=2.31s
[t=1371.7s] rebel stream solves=387072 raw=361/s balanced=361/s debt=8192 rows steps=4528 horizon=0.00 games=127 over=755 card=7 drop=0 L=0.00551 L/var=0.13 tgt=+0.017/0.207 cfg/b=34211 prep=0.39s gpu=0.00s conv=0.00s add=0.20s train=2.46s
[t=1380.6s] --- snapshot snap_03.pt (s3) ---
[t=1381.7s] rebel stream solves=393216 raw=364/s balanced=364/s debt=0 rows steps=4608 horizon=0.00 games=92 over=759 card=7 drop=0 L=0.00549 L/var=0.13 tgt=+0.015/0.204 cfg/b=33515 prep=0.42s gpu=0.00s conv=0.00s add=0.18s train=2.58s
[t=1391.7s] rebel stream solves=398336 raw=365/s balanced=365/s debt=0 rows steps=4668 horizon=0.00 games=89 over=762 card=7 drop=0 L=0.00553 L/var=0.12 tgt=+0.013/0.219 cfg/b=32274 prep=0.29s gpu=0.00s conv=0.00s add=0.14s train=1.88s
[t=1401.7s] rebel stream solves=404480 raw=367/s balanced=367/s debt=0 rows steps=4740 horizon=0.00 games=111 over=766 card=7 drop=0 L=0.00566 L/var=0.11 tgt=+0.008/0.226 cfg/b=31885 prep=0.36s gpu=0.00s conv=0.00s add=0.16s train=2.29s
[t=1411.7s] rebel stream solves=410624 raw=370/s balanced=370/s debt=0 rows steps=4812 horizon=0.00 games=95 over=769 card=7 drop=0 L=0.00566 L/var=0.09 tgt=+0.011/0.246 cfg/b=30898 prep=0.40s gpu=0.00s conv=0.00s add=0.16s train=2.45s
[t=1421.8s] rebel stream solves=416768 raw=372/s balanced=372/s debt=0 rows steps=4884 horizon=0.00 games=120 over=770 card=7 drop=0 L=0.00585 L/var=0.09 tgt=+0.004/0.257 cfg/b=30361 prep=0.42s gpu=0.00s conv=0.00s add=0.17s train=2.38s
[t=1431.9s] rebel stream solves=422912 raw=374/s balanced=374/s debt=0 rows steps=4956 horizon=0.00 games=106 over=774 card=7 drop=0 L=0.00590 L/var=0.08 tgt=+0.006/0.268 cfg/b=30056 prep=0.39s gpu=0.00s conv=0.00s add=0.16s train=2.32s
[t=1441.9s] rebel stream solves=429056 raw=376/s balanced=376/s debt=0 rows steps=5028 horizon=0.00 games=126 over=777 card=7 drop=0 L=0.00628 L/var=0.09 tgt=+0.012/0.262 cfg/b=29835 prep=0.38s gpu=0.00s conv=0.00s add=0.17s train=2.36s
[t=1451.9s] rebel stream solves=435200 raw=378/s balanced=378/s debt=0 rows steps=5100 horizon=0.00 games=106 over=781 card=7 drop=0 L=0.00628 L/var=0.08 tgt=+0.001/0.282 cfg/b=29009 prep=0.35s gpu=0.00s conv=0.00s add=0.15s train=2.25s
[t=1462.0s] rebel stream solves=441344 raw=380/s balanced=380/s debt=4096 rows steps=5168 horizon=0.00 games=138 over=787 card=7 drop=0 L=0.00631 L/var=0.08 tgt=-0.003/0.278 cfg/b=28631 prep=0.33s gpu=0.00s conv=0.00s add=0.16s train=2.12s
[t=1472.1s] rebel stream solves=446464 raw=381/s balanced=381/s debt=0 rows steps=5232 horizon=0.00 games=115 over=793 card=7 drop=0 L=0.00664 L/var=0.09 tgt=+0.007/0.273 cfg/b=28158 prep=0.32s gpu=0.00s conv=0.00s add=0.13s train=2.03s
[t=1482.3s] rebel stream solves=452608 raw=383/s balanced=382/s debt=8192 rows steps=5296 horizon=0.00 games=121 over=796 card=7 drop=0 L=0.00656 L/var=0.08 tgt=+0.005/0.279 cfg/b=27473 prep=0.31s gpu=0.00s conv=0.00s add=0.17s train=1.96s
[t=1492.7s] rebel stream solves=458752 raw=385/s balanced=385/s debt=0 rows steps=5376 horizon=0.00 games=121 over=803 card=7 drop=0 L=0.00677 L/var=0.09 tgt=+0.005/0.278 cfg/b=26918 prep=0.42s gpu=0.00s conv=0.00s add=0.18s train=2.54s
[t=1502.7s] rebel stream solves=463872 raw=386/s balanced=386/s debt=0 rows steps=5436 horizon=0.00 games=113 over=809 card=7 drop=0 L=0.00715 L/var=0.09 tgt=-0.001/0.288 cfg/b=26956 prep=0.30s gpu=0.00s conv=0.00s add=0.13s train=1.89s
[t=1513.1s] rebel stream solves=471040 raw=388/s balanced=388/s debt=0 rows steps=5520 horizon=0.00 games=165 over=814 card=7 drop=0 L=0.00716 L/var=0.09 tgt=+0.004/0.285 cfg/b=26489 prep=0.43s gpu=0.00s conv=0.00s add=0.18s train=2.65s
[t=1523.6s] rebel stream solves=478208 raw=391/s balanced=391/s debt=4096 rows steps=5600 horizon=0.00 games=143 over=815 card=7 drop=0 L=0.00756 L/var=0.09 tgt=+0.003/0.286 cfg/b=26161 prep=0.44s gpu=0.00s conv=0.00s add=0.19s train=2.54s
[t=1534.0s] rebel stream solves=485376 raw=394/s balanced=393/s debt=8192 rows steps=5680 horizon=0.00 games=143 over=817 card=7 drop=0 L=0.00766 L/var=0.09 tgt=+0.010/0.288 cfg/b=25903 prep=0.39s gpu=0.00s conv=0.00s add=0.20s train=2.53s
[t=1544.1s] rebel stream solves=491520 raw=395/s balanced=395/s debt=0 rows steps=5760 horizon=0.00 games=128 over=821 card=7 drop=0 L=0.00781 L/var=0.09 tgt=+0.009/0.297 cfg/b=25663 prep=0.40s gpu=0.00s conv=0.00s add=0.16s train=2.44s
[t=1554.5s] rebel stream solves=497664 raw=397/s balanced=396/s debt=8192 rows steps=5824 horizon=0.00 games=130 over=822 card=8 drop=0 L=0.00764 L/var=0.09 tgt=+0.010/0.295 cfg/b=25850 prep=0.34s gpu=0.00s conv=0.00s add=0.16s train=2.03s
[t=1564.5s] rebel stream solves=503808 raw=399/s balanced=399/s debt=0 rows steps=5904 horizon=0.00 games=121 over=827 card=8 drop=0 L=0.00775 L/var=0.09 tgt=+0.013/0.293 cfg/b=25641 prep=0.43s gpu=0.00s conv=0.00s add=0.17s train=2.57s
[t=1574.6s] rebel stream solves=509952 raw=400/s balanced=400/s debt=8192 rows steps=5968 horizon=0.00 games=136 over=830 card=9 drop=0 L=0.00784 L/var=0.09 tgt=+0.016/0.297 cfg/b=25539 prep=0.36s gpu=0.00s conv=0.00s add=0.17s train=2.04s
[t=1584.6s] rebel stream solves=516096 raw=402/s balanced=402/s debt=0 rows steps=6048 horizon=0.00 games=119 over=835 card=10 drop=0 L=0.00787 L/var=0.10 tgt=+0.023/0.279 cfg/b=25438 prep=0.39s gpu=0.00s conv=0.00s add=0.16s train=2.43s
[t=1594.6s] rebel stream solves=523264 raw=404/s balanced=404/s debt=0 rows steps=6132 horizon=0.00 games=144 over=837 card=10 drop=0 L=0.00802 L/var=0.10 tgt=+0.021/0.285 cfg/b=25313 prep=0.43s gpu=0.00s conv=0.00s add=0.19s train=2.63s
[t=1604.8s] rebel stream solves=530432 raw=407/s balanced=406/s debt=8192 rows steps=6208 horizon=0.00 games=156 over=839 card=10 drop=0 L=0.00803 L/var=0.09 tgt=+0.023/0.296 cfg/b=25326 prep=0.36s gpu=0.00s conv=0.00s add=0.16s train=2.28s
[t=1614.8s] rebel stream solves=538624 raw=410/s balanced=410/s debt=0 rows steps=6312 horizon=0.00 games=172 over=841 card=10 drop=0 L=0.00793 L/var=0.09 tgt=+0.014/0.290 cfg/b=25299 prep=0.47s gpu=0.00s conv=0.00s add=0.23s train=3.12s
[t=1625.0s] rebel stream solves=545792 raw=412/s balanced=412/s debt=0 rows steps=6396 horizon=0.00 games=152 over=845 card=11 drop=0 L=0.00780 L/var=0.10 tgt=+0.016/0.275 cfg/b=25343 prep=0.41s gpu=0.00s conv=0.00s add=0.19s train=2.61s
[t=1635.1s] rebel stream solves=552960 raw=414/s balanced=414/s debt=0 rows steps=6480 horizon=0.00 games=140 over=848 card=11 drop=0 L=0.00774 L/var=0.10 tgt=+0.025/0.274 cfg/b=25158 prep=0.43s gpu=0.00s conv=0.00s add=0.19s train=2.65s
[t=1645.1s] rebel stream solves=559104 raw=416/s balanced=416/s debt=0 rows steps=6552 horizon=0.11 games=137 over=854 card=11 drop=0 L=0.00776 L/var=0.11 tgt=+0.026/0.272 cfg/b=25185 prep=0.34s gpu=0.00s conv=0.00s add=0.19s train=2.23s
[t=1655.1s] rebel stream solves=566272 raw=418/s balanced=418/s debt=0 rows steps=6636 horizon=0.28 games=190 over=858 card=12 drop=0 L=0.00801 L/var=0.11 tgt=+0.023/0.268 cfg/b=25257 prep=0.42s gpu=0.00s conv=0.00s add=0.20s train=2.67s
[t=1665.1s] rebel stream solves=572416 raw=419/s balanced=419/s debt=0 rows steps=6708 horizon=0.17 games=139 over=862 card=12 drop=0 L=0.00809 L/var=0.11 tgt=+0.020/0.275 cfg/b=25567 prep=0.38s gpu=0.00s conv=0.00s add=0.18s train=2.27s
[t=1675.1s] rebel stream solves=579584 raw=422/s balanced=421/s debt=8192 rows steps=6784 horizon=0.13 games=180 over=865 card=12 drop=0 L=0.00819 L/var=0.11 tgt=+0.017/0.267 cfg/b=25631 prep=0.36s gpu=0.00s conv=0.00s add=0.21s train=2.31s
[t=1685.4s] rebel stream solves=586752 raw=424/s balanced=424/s debt=0 rows steps=6876 horizon=0.08 games=132 over=869 card=12 drop=0 L=0.00812 L/var=0.11 tgt=+0.019/0.270 cfg/b=26112 prep=0.46s gpu=0.00s conv=0.00s add=0.21s train=2.83s
[t=1696.2s] rebel stream solves=593920 raw=426/s balanced=426/s debt=0 rows steps=6960 horizon=0.07 games=138 over=871 card=12 drop=0 L=0.00820 L/var=0.12 tgt=+0.017/0.267 cfg/b=26179 prep=0.41s gpu=0.00s conv=0.00s add=0.21s train=2.55s
[t=1706.2s] rebel stream solves=601088 raw=428/s balanced=428/s debt=0 rows steps=7044 horizon=0.09 games=162 over=873 card=12 drop=0 L=0.00806 L/var=0.11 tgt=+0.019/0.269 cfg/b=26864 prep=0.42s gpu=0.00s conv=0.00s add=0.20s train=2.60s
[t=1716.7s] rebel stream solves=609280 raw=430/s balanced=430/s debt=4096 rows steps=7136 horizon=0.15 games=189 over=874 card=12 drop=0 L=0.00816 L/var=0.10 tgt=+0.018/0.288 cfg/b=26479 prep=0.43s gpu=0.00s conv=0.00s add=0.22s train=2.81s
[t=1726.7s] rebel stream solves=616448 raw=432/s balanced=432/s debt=0 rows steps=7224 horizon=0.04 games=148 over=874 card=12 drop=0 L=0.00812 L/var=0.11 tgt=+0.029/0.272 cfg/b=26791 prep=0.42s gpu=0.00s conv=0.01s add=0.21s train=2.67s
[t=1736.7s] rebel stream solves=622592 raw=434/s balanced=434/s debt=0 rows steps=7296 horizon=0.08 games=127 over=880 card=12 drop=0 L=0.00813 L/var=0.11 tgt=+0.021/0.277 cfg/b=26862 prep=0.35s gpu=0.00s conv=0.00s add=0.18s train=2.18s
[t=1740.7s] --- snapshot snap_04.pt (s4) ---
[t=1746.8s] rebel stream solves=629760 raw=435/s balanced=435/s debt=0 rows steps=7380 horizon=0.06 games=148 over=883 card=12 drop=0 L=0.00775 L/var=0.10 tgt=+0.028/0.279 cfg/b=27100 prep=0.45s gpu=0.00s conv=0.01s add=0.21s train=2.66s
[t=1756.9s] rebel stream solves=636928 raw=437/s balanced=437/s debt=8192 rows steps=7456 horizon=0.06 games=121 over=887 card=12 drop=0 L=0.00809 L/var=0.10 tgt=+0.027/0.281 cfg/b=27271 prep=0.39s gpu=0.00s conv=0.00s add=0.23s train=2.39s
[t=1767.1s] rebel stream solves=643072 raw=439/s balanced=439/s debt=0 rows steps=7536 horizon=0.00 games=123 over=892 card=12 drop=0 L=0.00835 L/var=0.10 tgt=+0.020/0.294 cfg/b=27058 prep=0.40s gpu=0.00s conv=0.00s add=0.19s train=2.47s
[t=1777.1s] rebel stream solves=649216 raw=440/s balanced=440/s debt=0 rows steps=7608 horizon=0.00 games=124 over=896 card=12 drop=0 L=0.00836 L/var=0.10 tgt=+0.023/0.296 cfg/b=27096 prep=0.36s gpu=0.00s conv=0.00s add=0.20s train=2.22s
[t=1780.0s] --- stopping GPU admission; draining ---
[t=1787.1s] rebel stream solves=652288 raw=439/s balanced=439/s debt=0 rows steps=7644 horizon=0.00 games=103 over=896 card=12 drop=0 L=0.00818 L/var=0.09 tgt=+0.027/0.302 cfg/b=27214 prep=0.17s gpu=0.00s conv=0.00s add=0.09s train=1.10s
[t=1795.3s] rebel stream solves=652807 raw=437/s balanced=437/s debt=84 rows steps=7650 horizon=0.00 games=8 over=896 card=12 drop=0 L=0.00827 L/var=0.08 tgt=+0.010/0.321 cfg/b=27826 prep=0.03s gpu=0.00s conv=0.00s add=0.02s train=0.18s
[gpu-summary] solves=652807 optimizer_rows=7833600 debt=84 raw=435.4/s balanced=435.4/s horizon=0.02 games=9474 over=896 card=12 exact=0 censored=4608 dropped=0 overrun=0.00s
[report] runs/value_v4_fullwarm30/report.html
