[train] runs/perf_d2i64_rows2x at 1336aea+dirty seed=101 {'minutes': 4.0, 'warm_minutes': 0.0, 'init_weights': 'runs/value_v4_depth1_precise30/snap_04.pt', 'ladder_games': 0, 'cap_value': 0.0, 'depth': 2, 'iters': 64, 'cfr': 'dcfr', 'gpu_actors': 32, 'seed': 101, 'note': 'depth2-64-dcfr-double-wave-rows'}
[train] depth2-64-dcfr-double-wave-rows
[cpu] pinned to 36 physical cores
[train] CUDA stream priority -1
[gpu] solve services up on [0, 1]
[cfg] PUBFEAT=897 CFEAT=15 architecture=v4 depth=2 iters=64 budget=240s warm=0s snapshot_every=6min device=cuda:1 draft=random train_gen_ratio=4.0 recent_mix=0.5/0.2 canonical_views=2 cap=2000000 matmul=high
[t=   0.0s] --- snapshot snap_00.pt (init) ---
[t=   0.0s] --- switching to ReBeL ---
[t=  10.0s] rebel stream solves=11264 raw=1126/s balanced=1126/s debt=0 rows steps=44 horizon=0.00 games=0 over=0 card=0 drop=0 L=0.15634 L/var=1.53 tgt=+0.306/0.320 cfg/b=47268 prep=0.29s gpu=0.00s conv=0.01s add=0.47s train=4.37s
[t=  20.1s] rebel stream solves=16384 raw=818/s balanced=818/s debt=0 rows steps=64 horizon=0.00 games=0 over=0 card=0 drop=0 L=0.00483 L/var=0.06 tgt=+0.309/0.283 cfg/b=34714 prep=0.09s gpu=0.00s conv=0.00s add=0.20s train=0.60s
[t=  30.1s] rebel stream solves=20480 raw=681/s balanced=681/s debt=0 rows steps=80 horizon=0.00 games=3 over=0 card=0 drop=0 L=0.00377 L/var=0.04 tgt=+0.299/0.311 cfg/b=30080 prep=0.08s gpu=0.00s conv=0.00s add=0.13s train=0.50s
[t=  40.2s] rebel stream solves=25600 raw=637/s balanced=637/s debt=0 rows steps=100 horizon=0.00 games=26 over=0 card=0 drop=0 L=0.00397 L/var=0.03 tgt=+0.280/0.360 cfg/b=25276 prep=0.13s gpu=0.00s conv=0.00s add=0.12s train=1.08s
[t=  50.2s] rebel stream solves=29696 raw=592/s balanced=592/s debt=0 rows steps=116 horizon=0.00 games=41 over=0 card=0 drop=0 L=0.00479 L/var=0.03 tgt=+0.246/0.411 cfg/b=23906 prep=0.09s gpu=0.00s conv=0.00s add=0.10s train=0.51s
[t=  60.4s] rebel stream solves=34816 raw=577/s balanced=577/s debt=0 rows steps=136 horizon=0.00 games=90 over=0 card=0 drop=0 L=0.00591 L/var=0.03 tgt=+0.218/0.468 cfg/b=23332 prep=0.13s gpu=0.00s conv=0.00s add=0.14s train=0.66s
[t=  70.4s] rebel stream solves=39936 raw=568/s balanced=568/s debt=0 rows steps=156 horizon=0.00 games=129 over=0 card=0 drop=0 L=0.00681 L/var=0.03 tgt=+0.212/0.476 cfg/b=23157 prep=0.09s gpu=0.00s conv=0.00s add=0.13s train=0.60s
[t=  79.4s] --- lr -> 5.00e-04 ---
[t=  80.4s] rebel stream solves=47104 raw=586/s balanced=586/s debt=0 rows steps=184 horizon=0.00 games=204 over=0 card=0 drop=0 L=0.00795 L/var=0.04 tgt=+0.242/0.458 cfg/b=23707 prep=0.13s gpu=0.00s conv=0.00s add=0.19s train=0.82s
[t=  90.4s] rebel stream solves=54272 raw=600/s balanced=600/s debt=0 rows steps=212 horizon=0.00 games=175 over=0 card=0 drop=0 L=0.00793 L/var=0.04 tgt=+0.252/0.439 cfg/b=24472 prep=0.14s gpu=0.00s conv=0.00s add=0.22s train=0.84s
[t= 100.4s] rebel stream solves=60416 raw=602/s balanced=602/s debt=0 rows steps=236 horizon=0.00 games=147 over=0 card=0 drop=0 L=0.00784 L/var=0.04 tgt=+0.279/0.432 cfg/b=23875 prep=0.12s gpu=0.00s conv=0.00s add=0.19s train=0.72s
[t= 110.5s] rebel stream solves=65536 raw=594/s balanced=594/s debt=0 rows steps=256 horizon=0.00 games=109 over=0 card=0 drop=0 L=0.00724 L/var=0.04 tgt=+0.282/0.403 cfg/b=23748 prep=0.10s gpu=0.00s conv=0.00s add=0.15s train=0.60s
[t= 120.6s] rebel stream solves=71680 raw=594/s balanced=594/s debt=0 rows steps=280 horizon=0.00 games=113 over=0 card=0 drop=0 L=0.00719 L/var=0.05 tgt=+0.293/0.393 cfg/b=23868 prep=0.11s gpu=0.00s conv=0.01s add=0.21s train=0.72s
[t= 131.0s] rebel stream solves=77824 raw=594/s balanced=594/s debt=0 rows steps=304 horizon=0.00 games=125 over=0 card=0 drop=0 L=0.00676 L/var=0.04 tgt=+0.271/0.427 cfg/b=23852 prep=0.11s gpu=0.00s conv=0.00s add=0.18s train=0.71s
[t= 141.0s] rebel stream solves=82944 raw=588/s balanced=588/s debt=0 rows steps=324 horizon=0.00 games=104 over=0 card=0 drop=0 L=0.00711 L/var=0.04 tgt=+0.269/0.428 cfg/b=23669 prep=0.10s gpu=0.00s conv=0.00s add=0.17s train=0.61s
[t= 151.1s] rebel stream solves=89088 raw=590/s balanced=590/s debt=0 rows steps=348 horizon=0.00 games=140 over=0 card=0 drop=0 L=0.00734 L/var=0.04 tgt=+0.268/0.436 cfg/b=23594 prep=0.12s gpu=0.00s conv=0.00s add=0.19s train=0.73s
[t= 160.8s] --- lr -> 2.50e-04 ---
[t= 161.1s] rebel stream solves=94208 raw=585/s balanced=585/s debt=0 rows steps=368 horizon=0.00 games=106 over=0 card=0 drop=0 L=0.00731 L/var=0.04 tgt=+0.264/0.435 cfg/b=23443 prep=0.10s gpu=0.00s conv=0.01s add=0.18s train=0.61s
[t= 171.1s] rebel stream solves=100352 raw=587/s balanced=587/s debt=0 rows steps=392 horizon=0.00 games=127 over=0 card=0 drop=0 L=0.00732 L/var=0.04 tgt=+0.264/0.441 cfg/b=23835 prep=0.12s gpu=0.00s conv=0.00s add=0.17s train=0.72s
[t= 181.7s] rebel stream solves=106496 raw=586/s balanced=586/s debt=0 rows steps=416 horizon=0.00 games=125 over=0 card=0 drop=0 L=0.00794 L/var=0.04 tgt=+0.278/0.436 cfg/b=23525 prep=0.13s gpu=0.00s conv=0.00s add=0.20s train=0.76s
[t= 191.7s] rebel stream solves=112640 raw=588/s balanced=588/s debt=0 rows steps=440 horizon=0.00 games=129 over=0 card=0 drop=0 L=0.00758 L/var=0.04 tgt=+0.282/0.449 cfg/b=23924 prep=0.13s gpu=0.00s conv=0.00s add=0.20s train=0.75s
[t= 201.7s] rebel stream solves=117760 raw=584/s balanced=584/s debt=0 rows steps=460 horizon=0.00 games=106 over=0 card=0 drop=0 L=0.00809 L/var=0.04 tgt=+0.267/0.462 cfg/b=23311 prep=0.10s gpu=0.00s conv=0.00s add=0.16s train=0.61s
[t= 212.8s] rebel stream solves=122880 raw=577/s balanced=577/s debt=0 rows steps=480 horizon=0.00 games=99 over=0 card=0 drop=0 L=0.00794 L/var=0.04 tgt=+0.255/0.456 cfg/b=23242 prep=0.13s gpu=0.00s conv=0.00s add=0.17s train=0.66s
[t= 220.0s] --- stopping GPU admission; draining ---
[t= 222.9s] rebel stream solves=129024 raw=579/s balanced=579/s debt=0 rows steps=504 horizon=0.01 games=108 over=0 card=0 drop=0 L=0.00790 L/var=0.04 tgt=+0.255/0.459 cfg/b=23473 prep=0.13s gpu=0.00s conv=0.00s add=0.19s train=0.73s
[t= 224.0s] rebel stream solves=129099 raw=576/s balanced=576/s debt=300 rows steps=504 horizon=0.00 games=0 over=0 card=0 drop=0 L=0.00000 L/var=0.00 tgt=+0.283/0.509 cfg/b=0 prep=0.00s gpu=0.00s conv=0.00s add=0.00s train=0.00s
[gpu-summary] solves=129099 optimizer_rows=516096 debt=300 raw=538.0/s balanced=537.7/s horizon=0.00 games=2206 over=0 card=0 exact=0 censored=1152 dropped=0 overrun=0.00s
[t= 240.0s] --- snapshot snap_01.pt (final) ---
[report] runs/perf_d2i64_rows2x/report.html
