[train] runs/gt_gpu_batch2 at 1feb485+dirty seed=1 {'minutes': 2.0, 'warm_minutes': 0.5, 'snapshot_every': 1.0, 'ladder_games': 0, 'note': 'two-ms-inference-gather'}
[train] two-ms-inference-gather
[cpu] pinned to 36 physical cores
[train] CUDA stream priority -1
[train] search inference on cuda:0
[cfg] PUBFEAT=897 CFEAT=15 architecture=gt-cfr nodes=256 expand=4 iters=16 budget=120s warm=30s snapshot_every=1min device=cuda:1 draft=random train_gen_ratio=64.0 recent_mix=0.5/0.2 canonical_views=2 cap=2000000 matmul=high
[t=   1.7s] greedy ep  0 games=  96 dec= 18968 rows= 18118 horizon=0.30 L=2.22010 L/var=15.08 tgt=-0.065/0.384 pstd=0.088 gen=0.1s train=1.4s
[t=   2.7s] greedy ep  1 games=  96 dec= 18844 rows= 18051 horizon=0.33 L=0.54360 L/var=3.13 tgt=-0.083/0.417 pstd=0.064 gen=0.1s train=0.9s
[t=   3.8s] greedy ep  2 games=  96 dec= 18181 rows= 17414 horizon=0.27 L=0.44946 L/var=2.85 tgt=-0.076/0.397 pstd=0.042 gen=0.1s train=0.8s
[t=   4.9s] greedy ep  3 games=  96 dec= 17989 rows= 17120 horizon=0.26 L=0.33705 L/var=2.22 tgt=-0.077/0.389 pstd=0.041 gen=0.1s train=0.9s
[t=   6.1s] greedy ep  4 games=  96 dec= 18823 rows= 18078 horizon=0.29 L=0.29817 L/var=1.94 tgt=-0.064/0.392 pstd=0.034 gen=0.1s train=1.0s
[t=   7.3s] greedy ep  5 games=  96 dec= 18924 rows= 18146 horizon=0.33 L=0.25641 L/var=1.74 tgt=-0.051/0.384 pstd=0.071 gen=0.1s train=1.0s
[t=   8.5s] greedy ep  6 games=  96 dec= 17615 rows= 16921 horizon=0.26 L=0.27858 L/var=1.73 tgt=-0.082/0.402 pstd=0.073 gen=0.1s train=0.9s
[t=   9.6s] greedy ep  7 games=  96 dec= 18608 rows= 17786 horizon=0.36 L=0.24910 L/var=1.43 tgt=-0.092/0.417 pstd=0.074 gen=0.1s train=0.9s
[t=  10.8s] greedy ep  8 games=  96 dec= 19040 rows= 18296 horizon=0.36 L=0.21461 L/var=1.35 tgt=-0.064/0.398 pstd=0.118 gen=0.1s train=1.0s
[t=  12.0s] greedy ep  9 games=  96 dec= 18200 rows= 17459 horizon=0.27 L=0.27396 L/var=1.62 tgt=-0.090/0.411 pstd=0.082 gen=0.1s train=0.9s
[t=  13.1s] greedy ep 10 games=  96 dec= 17927 rows= 17200 horizon=0.24 L=0.21970 L/var=1.35 tgt=-0.082/0.404 pstd=0.109 gen=0.1s train=0.9s
[t=  14.3s] greedy ep 11 games=  96 dec= 17941 rows= 17162 horizon=0.28 L=0.21390 L/var=1.34 tgt=-0.100/0.400 pstd=0.138 gen=0.1s train=0.9s
[t=  15.4s] greedy ep 12 games=  96 dec= 17384 rows= 16648 horizon=0.25 L=0.20530 L/var=1.50 tgt=-0.053/0.370 pstd=0.145 gen=0.1s train=0.9s
[t=  16.6s] greedy ep 13 games=  96 dec= 18153 rows= 17377 horizon=0.28 L=0.21021 L/var=1.32 tgt=-0.090/0.400 pstd=0.137 gen=0.1s train=0.9s
[t=  17.8s] greedy ep 14 games=  96 dec= 18097 rows= 17377 horizon=0.26 L=0.25139 L/var=1.67 tgt=-0.061/0.388 pstd=0.151 gen=0.1s train=0.9s
[t=  18.9s] greedy ep 15 games=  96 dec= 18356 rows= 17581 horizon=0.30 L=0.23652 L/var=1.43 tgt=-0.075/0.407 pstd=0.123 gen=0.1s train=0.9s
[t=  20.1s] greedy ep 16 games=  96 dec= 19141 rows= 18328 horizon=0.32 L=0.21859 L/var=1.36 tgt=-0.060/0.400 pstd=0.133 gen=0.1s train=1.0s
[t=  21.3s] greedy ep 17 games=  96 dec= 18885 rows= 18173 horizon=0.30 L=0.21537 L/var=1.28 tgt=-0.075/0.410 pstd=0.136 gen=0.1s train=1.0s
[t=  22.5s] greedy ep 18 games=  96 dec= 17886 rows= 17103 horizon=0.25 L=0.21126 L/var=1.42 tgt=-0.064/0.386 pstd=0.163 gen=0.1s train=0.9s
[t=  23.6s] greedy ep 19 games=  96 dec= 17738 rows= 16961 horizon=0.23 L=0.20820 L/var=1.11 tgt=-0.108/0.433 pstd=0.196 gen=0.1s train=0.9s
[t=  24.8s] greedy ep 20 games=  96 dec= 17716 rows= 17039 horizon=0.28 L=0.20192 L/var=1.10 tgt=-0.090/0.429 pstd=0.189 gen=0.1s train=0.9s
[t=  26.0s] greedy ep 21 games=  96 dec= 17777 rows= 17032 horizon=0.23 L=0.21039 L/var=1.31 tgt=-0.097/0.401 pstd=0.160 gen=0.1s train=0.9s
[t=  27.1s] greedy ep 22 games=  96 dec= 18472 rows= 17732 horizon=0.33 L=0.20294 L/var=1.29 tgt=-0.079/0.396 pstd=0.180 gen=0.1s train=0.9s
[t=  28.3s] greedy ep 23 games=  96 dec= 18429 rows= 17627 horizon=0.27 L=0.21611 L/var=1.41 tgt=-0.079/0.391 pstd=0.176 gen=0.1s train=0.9s
[t=  29.5s] greedy ep 24 games=  96 dec= 18992 rows= 18327 horizon=0.35 L=0.24265 L/var=1.43 tgt=-0.080/0.412 pstd=0.190 gen=0.1s train=0.9s
[t=  30.6s] greedy ep 25 games=  96 dec= 18039 rows= 17262 horizon=0.23 L=0.26882 L/var=1.54 tgt=-0.097/0.418 pstd=0.120 gen=0.1s train=0.9s
[t=  30.6s] --- snapshot snap_00.pt (init) ---
[t=  30.6s] --- switching to GT-CFR ---
[t=  40.7s] GT-CFR solves=584 rate=57.8/s rows=82 games=0 caps=38 L=0.00261 L/var=1.49 tgt=-0.037/0.042 gen=3.45s train=0.14s gpu=0.00s
[t=  50.8s] GT-CFR solves=1200 rate=59.4/s rows=111 games=0 caps=119 L=0.00212 L/var=1.09 tgt=-0.059/0.044 gen=5.14s train=0.15s gpu=0.00s
[t=  60.5s] --- lr -> 5.00e-04 ---
[t=  60.9s] GT-CFR solves=1920 rate=63.5/s rows=53 games=0 caps=190 L=0.00173 L/var=0.87 tgt=-0.051/0.045 gen=3.86s train=0.16s gpu=0.00s
[t=  71.0s] GT-CFR solves=2592 rate=64.3/s rows=106 games=0 caps=200 L=0.00160 L/var=1.56 tgt=-0.051/0.032 gen=3.87s train=0.14s gpu=0.00s
[t=  81.0s] GT-CFR solves=3344 rate=66.4/s rows=90 games=0 caps=202 L=0.00154 L/var=0.81 tgt=-0.048/0.044 gen=4.52s train=0.15s gpu=0.00s
[t=  90.8s] --- snapshot snap_01.pt (s1) ---
[t=  91.0s] --- lr -> 2.50e-04 ---
[t=  91.1s] GT-CFR solves=4080 rate=67.5/s rows=109 games=0 caps=203 L=0.00160 L/var=1.62 tgt=-0.034/0.032 gen=3.81s train=0.13s gpu=0.00s
[t= 101.2s] GT-CFR solves=4912 rate=69.7/s rows=116 games=0 caps=203 L=0.00155 L/var=2.19 tgt=-0.046/0.027 gen=3.37s train=0.14s gpu=0.00s
[t= 111.3s] GT-CFR solves=5808 rate=72.0/s rows=33 games=0 caps=203 L=0.00144 L/var=1.37 tgt=-0.073/0.032 gen=2.59s train=0.11s gpu=0.00s
[GT-CFR-summary] solves=6528 optimizer_rows=417792 rate=71.2/s horizon=0.00 games=1 caps=204
[inference] board=13628 rows/s 582 rows/batch 12.5 req/batch 8.2 ms/batch config=16976 rows/s 1061 rows/batch 11.3 req/batch 1.8 ms/batch join=217942 rows/s 2992 rows/batch 14.7 req/batch 2.7 ms/batch
[t= 122.3s] --- snapshot snap_02.pt (final) ---
