[train] runs/gt_resident at 1feb485+dirty seed=1 {'minutes': 2.0, 'warm_minutes': 0.5, 'snapshot_every': 1.0, 'ladder_games': 0, 'note': 'v6-resident-gpu-cache-scalar-readout'}
[train] v6-resident-gpu-cache-scalar-readout
[cpu] pinned to 36 physical cores
[train] CUDA stream priority -1
[train] search inference on cuda:0
[cfg] PUBFEAT=897 CFEAT=15 architecture=gt-cfr nodes=256 expand=4 iters=16 budget=120s warm=30s snapshot_every=1min device=cuda:1 draft=random train_gen_ratio=64.0 recent_mix=0.5/0.2 canonical_views=2 cap=2000000 matmul=high
[t=   1.7s] greedy ep  0 games=  96 dec= 18968 rows= 18118 horizon=0.30 L=1.25648 L/var=8.53 tgt=-0.065/0.384 pstd=0.032 gen=0.1s train=1.5s
[t=   2.8s] greedy ep  1 games=  96 dec= 18844 rows= 18051 horizon=0.33 L=0.26846 L/var=1.55 tgt=-0.083/0.417 pstd=0.100 gen=0.1s train=0.8s
[t=   3.8s] greedy ep  2 games=  96 dec= 18181 rows= 17414 horizon=0.27 L=0.23832 L/var=1.51 tgt=-0.076/0.397 pstd=0.099 gen=0.1s train=0.8s
[t=   4.8s] greedy ep  3 games=  96 dec= 17989 rows= 17120 horizon=0.26 L=0.22371 L/var=1.48 tgt=-0.077/0.389 pstd=0.086 gen=0.1s train=0.8s
[t=   5.9s] greedy ep  4 games=  96 dec= 18823 rows= 18078 horizon=0.29 L=0.23295 L/var=1.51 tgt=-0.064/0.392 pstd=0.109 gen=0.1s train=0.9s
[t=   7.1s] greedy ep  5 games=  96 dec= 18924 rows= 18146 horizon=0.33 L=0.31590 L/var=2.14 tgt=-0.051/0.384 pstd=0.034 gen=0.1s train=0.9s
[t=   8.1s] greedy ep  6 games=  96 dec= 17615 rows= 16921 horizon=0.26 L=0.21940 L/var=1.36 tgt=-0.082/0.402 pstd=0.125 gen=0.1s train=0.9s
[t=   9.2s] greedy ep  7 games=  96 dec= 18608 rows= 17786 horizon=0.36 L=0.33669 L/var=1.94 tgt=-0.092/0.417 pstd=0.056 gen=0.1s train=0.9s
[t=  10.3s] greedy ep  8 games=  96 dec= 19040 rows= 18296 horizon=0.36 L=0.22650 L/var=1.43 tgt=-0.064/0.398 pstd=0.093 gen=0.1s train=0.9s
[t=  11.4s] greedy ep  9 games=  96 dec= 18200 rows= 17459 horizon=0.27 L=0.22336 L/var=1.32 tgt=-0.090/0.411 pstd=0.108 gen=0.1s train=0.9s
[t=  12.6s] greedy ep 10 games=  96 dec= 17927 rows= 17200 horizon=0.24 L=0.21892 L/var=1.34 tgt=-0.082/0.404 pstd=0.138 gen=0.1s train=1.0s
[t=  13.8s] greedy ep 11 games=  96 dec= 17941 rows= 17162 horizon=0.28 L=0.21455 L/var=1.34 tgt=-0.100/0.400 pstd=0.142 gen=0.1s train=1.0s
[t=  15.0s] greedy ep 12 games=  96 dec= 17384 rows= 16648 horizon=0.25 L=0.20859 L/var=1.53 tgt=-0.053/0.370 pstd=0.142 gen=0.1s train=0.9s
[t=  16.1s] greedy ep 13 games=  96 dec= 18153 rows= 17377 horizon=0.28 L=0.21235 L/var=1.33 tgt=-0.090/0.400 pstd=0.148 gen=0.1s train=0.9s
[t=  17.2s] greedy ep 14 games=  96 dec= 18097 rows= 17377 horizon=0.26 L=0.21091 L/var=1.40 tgt=-0.061/0.388 pstd=0.155 gen=0.1s train=0.9s
[t=  18.4s] greedy ep 15 games=  96 dec= 18356 rows= 17581 horizon=0.30 L=0.21167 L/var=1.28 tgt=-0.075/0.407 pstd=0.145 gen=0.1s train=0.9s
[t=  19.7s] greedy ep 16 games=  96 dec= 19141 rows= 18328 horizon=0.32 L=0.20339 L/var=1.27 tgt=-0.060/0.400 pstd=0.195 gen=0.1s train=1.0s
[t=  20.9s] greedy ep 17 games=  96 dec= 18885 rows= 18173 horizon=0.30 L=0.38652 L/var=2.30 tgt=-0.075/0.410 pstd=0.104 gen=0.1s train=1.0s
[t=  22.1s] greedy ep 18 games=  96 dec= 17886 rows= 17103 horizon=0.25 L=0.26999 L/var=1.81 tgt=-0.064/0.386 pstd=0.062 gen=0.1s train=0.9s
[t=  23.3s] greedy ep 19 games=  96 dec= 17738 rows= 16961 horizon=0.23 L=0.21639 L/var=1.15 tgt=-0.108/0.433 pstd=0.126 gen=0.1s train=0.9s
[t=  24.4s] greedy ep 20 games=  96 dec= 17716 rows= 17039 horizon=0.28 L=0.20338 L/var=1.10 tgt=-0.090/0.429 pstd=0.145 gen=0.1s train=0.9s
[t=  25.6s] greedy ep 21 games=  96 dec= 17777 rows= 17032 horizon=0.23 L=0.19749 L/var=1.23 tgt=-0.097/0.401 pstd=0.168 gen=0.1s train=0.9s
[t=  26.8s] greedy ep 22 games=  96 dec= 18472 rows= 17732 horizon=0.33 L=0.19644 L/var=1.25 tgt=-0.079/0.396 pstd=0.209 gen=0.1s train=0.9s
[t=  28.0s] greedy ep 23 games=  96 dec= 18429 rows= 17627 horizon=0.27 L=0.22672 L/var=1.48 tgt=-0.079/0.391 pstd=0.108 gen=0.1s train=0.9s
[t=  29.2s] greedy ep 24 games=  96 dec= 18992 rows= 18327 horizon=0.35 L=0.21366 L/var=1.26 tgt=-0.080/0.412 pstd=0.140 gen=0.1s train=1.0s
[t=  30.4s] greedy ep 25 games=  96 dec= 18039 rows= 17262 horizon=0.23 L=0.19296 L/var=1.10 tgt=-0.097/0.418 pstd=0.358 gen=0.1s train=0.9s
[t=  30.4s] --- snapshot snap_00.pt (init) ---
[t=  30.4s] --- switching to GT-CFR ---
[t=  40.6s] GT-CFR solves=480 rate=47.3/s rows=105 games=0 caps=58 L=0.00176 L/var=2.39 tgt=+0.030/0.027 gen=7.36s train=0.12s gpu=0.00s
[t=  50.6s] GT-CFR solves=1488 rate=73.9/s rows=106 games=0 caps=119 L=0.00057 L/var=1.08 tgt=+0.019/0.023 gen=7.02s train=0.18s gpu=0.00s
[t=  60.2s] --- lr -> 5.00e-04 ---
[t=  60.7s] GT-CFR solves=2416 rate=79.9/s rows=77 games=0 caps=309 L=0.00062 L/var=1.73 tgt=+0.017/0.019 gen=5.31s train=0.14s gpu=0.00s
[t=  70.7s] GT-CFR solves=3088 rate=76.7/s rows=85 games=0 caps=442 L=0.00061 L/var=1.45 tgt=+0.026/0.021 gen=9.19s train=0.14s gpu=0.00s
[t=  80.9s] GT-CFR solves=3792 rate=75.1/s rows=49 games=0 caps=575 L=0.00063 L/var=0.72 tgt=+0.037/0.030 gen=9.93s train=0.23s gpu=0.00s
[t=  90.5s] --- snapshot snap_01.pt (s1) ---
[t=  90.9s] --- lr -> 2.50e-04 ---
[t=  91.0s] GT-CFR solves=4592 rate=75.8/s rows=90 games=0 caps=617 L=0.00066 L/var=0.93 tgt=+0.026/0.027 gen=9.02s train=0.15s gpu=0.00s
[t= 101.1s] GT-CFR solves=5344 rate=75.6/s rows=57 games=0 caps=656 L=0.00072 L/var=1.42 tgt=+0.032/0.023 gen=7.40s train=0.14s gpu=0.00s
[t= 111.2s] GT-CFR solves=5944 rate=73.6/s rows=36 games=0 caps=673 L=0.00078 L/var=0.60 tgt=+0.049/0.036 gen=9.31s train=0.15s gpu=0.00s
[GT-CFR-summary] solves=6336 optimizer_rows=405504 rate=67.0/s horizon=0.00 games=0 caps=686
[inference] board=17973 rows/s 1998 rows/batch 22.6 req/batch 16.4 ms/batch config=37759 rows/s 4704 rows/batch 21.6 req/batch 4.3 ms/batch values=299319 rows/s 8135 rows/batch 28.4 req/batch 6.1 ms/batch
[t= 125.0s] --- snapshot snap_02.pt (final) ---
