[train] runs/v5_fused_lanes53_2m at 00b77da+dirty seed=212 {'minutes': 2.0, 'warm_minutes': 0.0, 'init_weights': 'runs/v5_arch_30m/snap_04.pt', 'snapshot_every': 15.0, 'depth': 2, 'iters': 64, 'cfr': 'dcfr', 'ladder_games': 0, 'gpu_drain_seconds': 5.0, 'seed': 212}
[cpu] pinned to 36 physical cores
[train] CUDA stream priority -1
[gpu] solve services up on [0, 1]
[cfg] PUBFEAT=897 CFEAT=15 architecture=v5 depth=2 iters=64 budget=120s warm=0s snapshot_every=15min device=cuda:1 draft=random train_gen_ratio=4.0 recent_mix=0.5/0.2 canonical_views=2 cap=2000000 aux_weight=0.15 matmul=high
[t=   0.0s] --- snapshot snap_00.pt (init) ---
[t=   0.0s] --- switching to ReBeL ---
[t=  10.1s] rebel stream solves=6144 raw=611/s balanced=611/s debt=0 rows steps=24 horizon=0.00 games=0 over=0 card=0 drop=0 L=0.01830 L/var=13.79 tgt=-0.022/0.036 aux=0.0018/1.000 cfg/b=51706 prep=0.37s gpu=0.00s conv=0.01s add=0.24s train=6.83s
[t=  20.1s] rebel stream solves=11264 raw=561/s balanced=561/s debt=0 rows steps=44 horizon=0.00 games=0 over=0 card=0 drop=0 L=0.00108 L/var=2.29 tgt=+0.004/0.022 aux=0.0009/1.000 cfg/b=35493 prep=0.22s gpu=0.00s conv=0.00s add=0.13s train=1.67s
[t=  30.1s] rebel stream solves=14336 raw=477/s balanced=477/s debt=0 rows steps=56 horizon=0.00 games=0 over=0 card=0 drop=0 L=0.00058 L/var=3.79 tgt=+0.024/0.012 aux=0.0005/1.000 cfg/b=32375 prep=0.13s gpu=0.00s conv=0.00s add=0.11s train=0.96s
[t=  39.7s] --- lr -> 5.00e-04 ---
[t=  40.2s] rebel stream solves=17408 raw=434/s balanced=434/s debt=0 rows steps=68 horizon=0.00 games=0 over=0 card=0 drop=0 L=0.00046 L/var=1.40 tgt=+0.023/0.018 aux=0.0003/1.000 cfg/b=34903 prep=0.13s gpu=0.00s conv=0.00s add=0.14s train=0.97s
[t=  50.3s] rebel stream solves=20480 raw=407/s balanced=407/s debt=0 rows steps=80 horizon=0.00 games=0 over=0 card=0 drop=0 L=0.00031 L/var=0.65 tgt=+0.027/0.022 aux=0.0002/1.000 cfg/b=29189 prep=0.14s gpu=0.00s conv=0.00s add=0.08s train=0.96s
[t=  60.3s] rebel stream solves=22528 raw=374/s balanced=374/s debt=0 rows steps=88 horizon=0.00 games=6 over=0 card=0 drop=0 L=0.00090 L/var=0.23 tgt=+0.027/0.062 aux=0.0001/1.000 cfg/b=25109 prep=0.08s gpu=0.00s conv=0.00s add=0.04s train=0.64s
[t=  70.3s] rebel stream solves=23552 raw=335/s balanced=335/s debt=0 rows steps=92 horizon=0.00 games=5 over=0 card=0 drop=0 L=0.00187 L/var=0.32 tgt=+0.028/0.076 aux=0.0001/1.000 cfg/b=23949 prep=0.05s gpu=0.00s conv=0.00s add=0.02s train=0.32s
[t=  80.4s] rebel stream solves=25600 raw=319/s balanced=319/s debt=0 rows steps=100 horizon=0.00 games=15 over=0 card=0 drop=0 L=0.00247 L/var=0.31 tgt=+0.025/0.089 aux=0.0001/1.000 cfg/b=23688 prep=0.09s gpu=0.00s conv=0.00s add=0.05s train=0.63s
[t=  80.5s] --- lr -> 2.50e-04 ---
[t=  90.4s] rebel stream solves=26624 raw=295/s balanced=295/s debt=0 rows steps=104 horizon=0.00 games=13 over=0 card=0 drop=0 L=0.00394 L/var=0.22 tgt=+0.023/0.134 aux=0.0001/1.000 cfg/b=22636 prep=0.04s gpu=0.00s conv=0.00s add=0.02s train=0.33s
[t= 100.4s] rebel stream solves=28672 raw=286/s balanced=286/s debt=0 rows steps=112 horizon=0.00 games=34 over=0 card=0 drop=0 L=0.00504 L/var=0.21 tgt=+0.020/0.154 aux=0.0001/1.000 cfg/b=21318 prep=0.09s gpu=0.00s conv=0.00s add=0.04s train=0.64s
[t= 110.4s] rebel stream solves=29696 raw=269/s balanced=269/s debt=0 rows steps=116 horizon=0.00 games=27 over=0 card=0 drop=0 L=0.00544 L/var=0.28 tgt=+0.028/0.139 aux=0.0001/1.000 cfg/b=20810 prep=0.04s gpu=0.00s conv=0.00s add=0.02s train=0.32s
[t= 115.0s] --- stopping GPU admission; draining ---
[t= 120.5s] rebel stream solves=30720 raw=255/s balanced=255/s debt=0 rows steps=120 horizon=0.00 games=24 over=0 card=0 drop=0 L=0.00714 L/var=0.18 tgt=+0.014/0.197 aux=0.0001/1.000 cfg/b=20315 prep=0.04s gpu=0.00s conv=0.00s add=0.02s train=0.32s
[t= 124.7s] rebel stream solves=31938 raw=256/s balanced=255/s debt=776 rows steps=124 horizon=0.00 games=6 over=0 card=0 drop=0 L=0.00873 L/var=0.28 tgt=+0.040/0.177 aux=0.0001/1.000 cfg/b=20066 prep=0.05s gpu=0.00s conv=0.00s add=0.03s train=0.32s
[gpu-summary] solves=31938 optimizer_rows=126976 debt=776 raw=256.1/s balanced=254.5/s horizon=0.00 games=130 over=0 card=0 exact=0 censored=1152 dropped=0 overrun=4.76s
[t= 124.8s] --- snapshot snap_01.pt (final) ---
