[train] runs/oddperf at a9b3044+dirty seed=1 {'minutes': 9.0, 'warm_minutes': 3.0, 'ladder_games': 0, 'note': 'throughput check for the antisymmetric readout'}
[train] throughput check for the antisymmetric readout
[cpu] pinned to 36 physical cores
[train] CUDA stream priority -1
[gpu] solve services up on [0, 1]
[cfg] PUBFEAT=897 CFEAT=16 hidden=384 head=384 dg=64 rank=64 depth=2 iters=64 budget=540s warm=180s snapshot_every=6min device=cuda:1 draft=random train_gen_ratio=4.0 recent_mix=0.5/0.2 augment=True cap=2000000 matmul=high
[t=   2.9s] greedy ep  0 games=  96 dec= 18968 rows= 18118 horizon=0.30 L=0.20598 L/var=0.89 tgt=-0.023/0.482 pstd=0.441 gen=0.1s train=2.6s
[t=   5.3s] greedy ep  1 games=  96 dec= 18844 rows= 18051 horizon=0.33 L=0.04778 L/var=0.20 tgt=-0.058/0.494 pstd=0.478 gen=0.1s train=2.2s
[t=   7.6s] greedy ep  2 games=  96 dec= 18181 rows= 17414 horizon=0.27 L=0.03544 L/var=0.14 tgt=-0.025/0.512 pstd=0.489 gen=0.1s train=2.1s
[t=   9.9s] greedy ep  3 games=  96 dec= 17989 rows= 17120 horizon=0.26 L=0.03112 L/var=0.13 tgt=-0.029/0.495 pstd=0.481 gen=0.1s train=2.1s
[t=  12.3s] greedy ep  4 games=  96 dec= 18823 rows= 18078 horizon=0.29 L=0.02856 L/var=0.13 tgt=-0.022/0.471 pstd=0.480 gen=0.1s train=2.2s
[t=  14.7s] greedy ep  5 games=  96 dec= 18924 rows= 18146 horizon=0.33 L=0.02701 L/var=0.11 tgt=-0.029/0.496 pstd=0.487 gen=0.1s train=2.2s
[t=  16.9s] greedy ep  6 games=  96 dec= 17615 rows= 16921 horizon=0.26 L=0.02641 L/var=0.10 tgt=-0.041/0.511 pstd=0.499 gen=0.1s train=2.0s
[t=  19.3s] greedy ep  7 games=  96 dec= 18608 rows= 17786 horizon=0.36 L=0.02445 L/var=0.10 tgt=-0.065/0.495 pstd=0.490 gen=0.1s train=2.1s
[t=  21.7s] greedy ep  8 games=  96 dec= 19040 rows= 18296 horizon=0.36 L=0.02265 L/var=0.10 tgt=-0.019/0.484 pstd=0.473 gen=0.1s train=2.2s
[t=  24.0s] greedy ep  9 games=  96 dec= 18200 rows= 17459 horizon=0.27 L=0.02382 L/var=0.09 tgt=-0.034/0.513 pstd=0.503 gen=0.1s train=2.1s
[t=  26.3s] greedy ep 10 games=  96 dec= 17927 rows= 17200 horizon=0.24 L=0.02470 L/var=0.09 tgt=-0.036/0.524 pstd=0.481 gen=0.1s train=2.1s
[t=  28.6s] greedy ep 11 games=  96 dec= 17941 rows= 17162 horizon=0.28 L=0.02266 L/var=0.10 tgt=-0.044/0.477 pstd=0.485 gen=0.1s train=2.1s
[t=  30.9s] greedy ep 12 games=  96 dec= 17384 rows= 16648 horizon=0.25 L=0.02143 L/var=0.08 tgt=-0.023/0.503 pstd=0.474 gen=0.1s train=2.0s
[t=  33.2s] greedy ep 13 games=  96 dec= 18153 rows= 17377 horizon=0.28 L=0.02127 L/var=0.08 tgt=-0.027/0.502 pstd=0.496 gen=0.1s train=2.1s
[t=  35.5s] greedy ep 14 games=  96 dec= 18097 rows= 17377 horizon=0.26 L=0.02061 L/var=0.08 tgt=-0.037/0.511 pstd=0.497 gen=0.1s train=2.1s
[t=  37.9s] greedy ep 15 games=  96 dec= 18356 rows= 17581 horizon=0.30 L=0.02111 L/var=0.09 tgt=-0.023/0.496 pstd=0.479 gen=0.1s train=2.2s
[t=  40.4s] greedy ep 16 games=  96 dec= 19141 rows= 18328 horizon=0.32 L=0.01917 L/var=0.08 tgt=+0.010/0.479 pstd=0.470 gen=0.1s train=2.2s
[t=  42.8s] greedy ep 17 games=  96 dec= 18885 rows= 18173 horizon=0.30 L=0.01859 L/var=0.07 tgt=-0.054/0.508 pstd=0.496 gen=0.1s train=2.2s
[t=  45.1s] greedy ep 18 games=  96 dec= 17886 rows= 17103 horizon=0.25 L=0.02111 L/var=0.08 tgt=-0.021/0.507 pstd=0.488 gen=0.1s train=2.1s
[t=  47.4s] greedy ep 19 games=  96 dec= 17738 rows= 16961 horizon=0.23 L=0.02106 L/var=0.07 tgt=-0.065/0.530 pstd=0.477 gen=0.1s train=2.1s
[t=  49.6s] greedy ep 20 games=  96 dec= 17716 rows= 17039 horizon=0.28 L=0.01942 L/var=0.07 tgt=-0.071/0.515 pstd=0.480 gen=0.1s train=2.0s
[t=  51.9s] greedy ep 21 games=  96 dec= 17777 rows= 17032 horizon=0.23 L=0.01992 L/var=0.07 tgt=-0.051/0.520 pstd=0.485 gen=0.1s train=2.1s
[t=  54.3s] greedy ep 22 games=  96 dec= 18472 rows= 17732 horizon=0.33 L=0.01852 L/var=0.08 tgt=-0.019/0.474 pstd=0.487 gen=0.1s train=2.2s
[t=  56.6s] greedy ep 23 games=  96 dec= 18429 rows= 17627 horizon=0.27 L=0.01866 L/var=0.08 tgt=-0.006/0.478 pstd=0.478 gen=0.1s train=2.2s
[t=  59.1s] greedy ep 24 games=  96 dec= 18992 rows= 18327 horizon=0.35 L=0.01938 L/var=0.08 tgt=-0.014/0.487 pstd=0.482 gen=0.1s train=2.2s
[t=  61.4s] greedy ep 25 games=  96 dec= 18039 rows= 17262 horizon=0.23 L=0.01955 L/var=0.07 tgt=-0.025/0.517 pstd=0.482 gen=0.1s train=2.1s
[t=  63.9s] greedy ep 26 games=  96 dec= 19627 rows= 18805 horizon=0.33 L=0.01782 L/var=0.07 tgt=-0.037/0.501 pstd=0.477 gen=0.1s train=2.2s
[t=  66.3s] greedy ep 27 games=  96 dec= 18752 rows= 17930 horizon=0.27 L=0.01768 L/var=0.08 tgt=-0.031/0.485 pstd=0.496 gen=0.1s train=2.2s
[t=  68.8s] greedy ep 28 games=  96 dec= 19116 rows= 18327 horizon=0.31 L=0.01826 L/var=0.08 tgt=-0.035/0.484 pstd=0.485 gen=0.1s train=2.2s
[t=  71.2s] greedy ep 29 games=  96 dec= 18708 rows= 17952 horizon=0.27 L=0.01949 L/var=0.08 tgt=-0.051/0.503 pstd=0.481 gen=0.1s train=2.2s
[t=  73.6s] greedy ep 30 games=  96 dec= 19066 rows= 18248 horizon=0.31 L=0.01834 L/var=0.08 tgt=-0.032/0.479 pstd=0.498 gen=0.1s train=2.2s
[t=  75.7s] greedy ep 31 games=  96 dec= 18369 rows= 17570 horizon=0.26 L=0.01865 L/var=0.07 tgt=-0.041/0.509 pstd=0.496 gen=0.1s train=1.9s
[t=  77.8s] greedy ep 32 games=  96 dec= 18567 rows= 17800 horizon=0.30 L=0.01757 L/var=0.08 tgt=+0.001/0.480 pstd=0.496 gen=0.1s train=1.8s
[t=  79.9s] greedy ep 33 games=  96 dec= 18636 rows= 17813 horizon=0.31 L=0.01751 L/var=0.07 tgt=-0.002/0.514 pstd=0.466 gen=0.1s train=1.9s
[t=  81.9s] greedy ep 34 games=  96 dec= 18664 rows= 17825 horizon=0.29 L=0.01748 L/var=0.08 tgt=+0.020/0.463 pstd=0.483 gen=0.1s train=1.9s
[t=  83.9s] greedy ep 35 games=  96 dec= 17787 rows= 17046 horizon=0.22 L=0.01854 L/var=0.06 tgt=-0.039/0.539 pstd=0.474 gen=0.1s train=1.8s
[t=  86.1s] greedy ep 36 games=  96 dec= 19279 rows= 18442 horizon=0.33 L=0.01874 L/var=0.08 tgt=-0.046/0.480 pstd=0.494 gen=0.1s train=1.9s
[t=  88.1s] greedy ep 37 games=  96 dec= 18316 rows= 17468 horizon=0.32 L=0.01788 L/var=0.06 tgt=-0.034/0.532 pstd=0.514 gen=0.1s train=1.8s
[t=  90.2s] greedy ep 38 games=  96 dec= 19158 rows= 18321 horizon=0.32 L=0.01858 L/var=0.08 tgt=-0.020/0.472 pstd=0.497 gen=0.1s train=1.9s
[t=  92.2s] greedy ep 39 games=  96 dec= 18549 rows= 17774 horizon=0.26 L=0.01804 L/var=0.07 tgt=-0.037/0.514 pstd=0.494 gen=0.1s train=1.8s
[t=  94.7s] greedy ep 40 games=  96 dec= 18971 rows= 18211 horizon=0.34 L=0.01774 L/var=0.08 tgt=-0.007/0.461 pstd=0.477 gen=0.1s train=2.2s
[t=  97.1s] greedy ep 41 games=  96 dec= 18692 rows= 17843 horizon=0.28 L=0.01788 L/var=0.07 tgt=-0.044/0.507 pstd=0.484 gen=0.1s train=2.2s
[t=  99.6s] greedy ep 42 games=  96 dec= 19162 rows= 18375 horizon=0.38 L=0.01815 L/var=0.07 tgt=-0.035/0.494 pstd=0.485 gen=0.1s train=2.3s
[t= 102.0s] greedy ep 43 games=  96 dec= 19468 rows= 18602 horizon=0.35 L=0.01844 L/var=0.09 tgt=-0.058/0.456 pstd=0.463 gen=0.1s train=2.2s
[t= 104.1s] greedy ep 44 games=  96 dec= 18443 rows= 17624 horizon=0.28 L=0.01703 L/var=0.07 tgt=-0.009/0.479 pstd=0.502 gen=0.1s train=1.8s
[t= 106.0s] greedy ep 45 games=  96 dec= 17350 rows= 16706 horizon=0.25 L=0.01877 L/var=0.07 tgt=-0.084/0.527 pstd=0.498 gen=0.1s train=1.7s
[t= 108.0s] greedy ep 46 games=  96 dec= 17993 rows= 17239 horizon=0.28 L=0.01968 L/var=0.08 tgt=-0.013/0.495 pstd=0.489 gen=0.1s train=1.8s
[t= 110.1s] greedy ep 47 games=  96 dec= 18984 rows= 18180 horizon=0.29 L=0.01910 L/var=0.09 tgt=-0.024/0.472 pstd=0.489 gen=0.1s train=1.9s
[t= 112.1s] greedy ep 48 games=  96 dec= 18071 rows= 17405 horizon=0.30 L=0.01808 L/var=0.07 tgt=-0.041/0.510 pstd=0.496 gen=0.1s train=1.8s
[t= 114.3s] greedy ep 49 games=  96 dec= 19599 rows= 18844 horizon=0.40 L=0.01810 L/var=0.09 tgt=-0.000/0.457 pstd=0.484 gen=0.1s train=1.9s
[t= 116.2s] greedy ep 50 games=  96 dec= 17856 rows= 17099 horizon=0.25 L=0.01828 L/var=0.06 tgt=-0.060/0.543 pstd=0.470 gen=0.1s train=1.7s
[t= 118.2s] greedy ep 51 games=  96 dec= 17858 rows= 17043 horizon=0.24 L=0.01859 L/var=0.07 tgt=-0.027/0.530 pstd=0.497 gen=0.1s train=1.8s
[t= 120.3s] greedy ep 52 games=  96 dec= 18973 rows= 18262 horizon=0.35 L=0.01907 L/var=0.09 tgt=-0.041/0.460 pstd=0.482 gen=0.1s train=1.9s
[t= 122.3s] greedy ep 53 games=  96 dec= 17565 rows= 16777 horizon=0.19 L=0.01833 L/var=0.07 tgt=-0.031/0.511 pstd=0.467 gen=0.1s train=1.8s
[t= 124.3s] greedy ep 54 games=  96 dec= 17835 rows= 17151 horizon=0.25 L=0.01901 L/var=0.08 tgt=-0.001/0.492 pstd=0.501 gen=0.1s train=1.8s
[t= 126.3s] greedy ep 55 games=  96 dec= 17927 rows= 17096 horizon=0.25 L=0.01856 L/var=0.08 tgt=-0.008/0.470 pstd=0.493 gen=0.1s train=1.8s
[t= 128.4s] greedy ep 56 games=  96 dec= 18561 rows= 17765 horizon=0.28 L=0.01875 L/var=0.08 tgt=-0.036/0.484 pstd=0.478 gen=0.1s train=1.9s
[t= 130.5s] greedy ep 57 games=  96 dec= 18688 rows= 17872 horizon=0.25 L=0.01896 L/var=0.07 tgt=-0.014/0.515 pstd=0.476 gen=0.1s train=1.9s
[t= 132.7s] greedy ep 58 games=  96 dec= 19251 rows= 18414 horizon=0.34 L=0.01836 L/var=0.08 tgt=-0.060/0.493 pstd=0.497 gen=0.1s train=1.9s
[t= 134.9s] greedy ep 59 games=  96 dec= 19596 rows= 18724 horizon=0.36 L=0.01836 L/var=0.09 tgt=-0.050/0.460 pstd=0.492 gen=0.1s train=2.0s
[t= 137.0s] greedy ep 60 games=  96 dec= 18869 rows= 17979 horizon=0.30 L=0.01867 L/var=0.08 tgt=-0.032/0.484 pstd=0.481 gen=0.1s train=1.9s
[t= 139.1s] greedy ep 61 games=  96 dec= 18419 rows= 17673 horizon=0.25 L=0.01792 L/var=0.07 tgt=-0.009/0.517 pstd=0.507 gen=0.1s train=1.8s
[t= 141.1s] greedy ep 62 games=  96 dec= 19032 rows= 18186 horizon=0.32 L=0.01795 L/var=0.07 tgt=-0.036/0.503 pstd=0.500 gen=0.1s train=1.9s
[t= 143.3s] greedy ep 63 games=  96 dec= 19220 rows= 18443 horizon=0.29 L=0.01854 L/var=0.08 tgt=-0.008/0.491 pstd=0.471 gen=0.1s train=1.9s
[t= 145.3s] greedy ep 64 games=  96 dec= 17814 rows= 17050 horizon=0.25 L=0.01765 L/var=0.07 tgt=-0.045/0.519 pstd=0.488 gen=0.1s train=1.8s
[t= 147.4s] greedy ep 65 games=  96 dec= 18244 rows= 17509 horizon=0.28 L=0.01804 L/var=0.07 tgt=-0.026/0.503 pstd=0.480 gen=0.1s train=1.8s
[t= 149.4s] greedy ep 66 games=  96 dec= 18182 rows= 17491 horizon=0.29 L=0.01875 L/var=0.08 tgt=-0.037/0.498 pstd=0.495 gen=0.1s train=1.8s
[t= 151.5s] greedy ep 67 games=  96 dec= 18981 rows= 18182 horizon=0.35 L=0.01821 L/var=0.07 tgt=-0.023/0.511 pstd=0.477 gen=0.1s train=1.9s
[t= 153.5s] greedy ep 68 games=  96 dec= 18200 rows= 17313 horizon=0.25 L=0.01843 L/var=0.07 tgt=-0.016/0.502 pstd=0.482 gen=0.1s train=1.8s
[t= 155.5s] greedy ep 69 games=  96 dec= 18393 rows= 17591 horizon=0.28 L=0.01845 L/var=0.07 tgt=-0.053/0.510 pstd=0.480 gen=0.1s train=1.8s
[t= 157.6s] greedy ep 70 games=  96 dec= 18464 rows= 17707 horizon=0.33 L=0.01829 L/var=0.08 tgt=-0.039/0.486 pstd=0.478 gen=0.1s train=1.8s
[t= 159.9s] greedy ep 71 games=  96 dec= 18120 rows= 17396 horizon=0.26 L=0.01822 L/var=0.07 tgt=-0.031/0.525 pstd=0.465 gen=0.1s train=2.1s
[t= 162.4s] greedy ep 72 games=  96 dec= 19113 rows= 18368 horizon=0.34 L=0.01811 L/var=0.07 tgt=-0.075/0.504 pstd=0.467 gen=0.1s train=2.3s
[t= 164.7s] greedy ep 73 games=  96 dec= 17603 rows= 16838 horizon=0.20 L=0.01917 L/var=0.07 tgt=-0.037/0.525 pstd=0.491 gen=0.1s train=2.1s
[t= 167.1s] greedy ep 74 games=  96 dec= 18477 rows= 17679 horizon=0.27 L=0.01826 L/var=0.06 tgt=-0.065/0.534 pstd=0.491 gen=0.1s train=2.1s
[t= 169.7s] greedy ep 75 games=  96 dec= 19740 rows= 18936 horizon=0.40 L=0.01763 L/var=0.08 tgt=+0.013/0.468 pstd=0.481 gen=0.1s train=2.3s
[t= 172.0s] greedy ep 76 games=  96 dec= 18307 rows= 17464 horizon=0.20 L=0.01947 L/var=0.08 tgt=-0.020/0.496 pstd=0.471 gen=0.1s train=2.1s
[t= 174.4s] greedy ep 77 games=  96 dec= 18119 rows= 17313 horizon=0.25 L=0.01972 L/var=0.08 tgt=-0.031/0.501 pstd=0.474 gen=0.1s train=2.1s
[t= 176.7s] greedy ep 78 games=  96 dec= 18056 rows= 17283 horizon=0.26 L=0.01922 L/var=0.07 tgt=-0.041/0.514 pstd=0.477 gen=0.1s train=2.1s
[t= 179.0s] greedy ep 79 games=  96 dec= 18309 rows= 17527 horizon=0.28 L=0.01907 L/var=0.08 tgt=-0.007/0.493 pstd=0.467 gen=0.1s train=2.1s
[t= 181.1s] greedy ep 80 games=  96 dec= 18361 rows= 17605 horizon=0.29 L=0.01820 L/var=0.07 tgt=-0.024/0.508 pstd=0.486 gen=0.1s train=1.8s
[t= 181.1s] --- snapshot snap_00.pt (init) ---
[t= 181.1s] --- switching to ReBeL ---
[t= 191.3s] rebel stream solves=15360 raw=1510/s balanced=1510/s debt=0 rows steps=60 horizon=0.00 games=0 over=0 card=0 drop=0 L=0.02922 L/var=0.53 tgt=-0.013/0.235 cfg/b=42714 prep=0.30s gpu=0.00s conv=0.01s add=0.52s train=1.79s
[t= 201.3s] rebel stream solves=39936 raw=1975/s balanced=1975/s debt=0 rows steps=156 horizon=0.00 games=0 over=0 card=0 drop=0 L=0.00693 L/var=0.16 tgt=-0.017/0.208 cfg/b=62240 prep=0.44s gpu=0.00s conv=0.07s add=1.33s train=2.98s
[t= 211.4s] rebel stream solves=51200 raw=1692/s balanced=1692/s debt=0 rows steps=200 horizon=0.00 games=0 over=0 card=0 drop=0 L=0.00435 L/var=0.10 tgt=-0.006/0.207 cfg/b=35451 prep=0.18s gpu=0.00s conv=0.01s add=0.37s train=1.25s
[t= 221.4s] rebel stream solves=59392 raw=1473/s balanced=1473/s debt=0 rows steps=232 horizon=0.00 games=0 over=0 card=0 drop=0 L=0.00376 L/var=0.09 tgt=-0.031/0.210 cfg/b=42821 prep=0.16s gpu=0.00s conv=0.01s add=0.48s train=0.92s
[t= 231.4s] rebel stream solves=70656 raw=1403/s balanced=1403/s debt=0 rows steps=276 horizon=0.00 games=0 over=0 card=0 drop=0 L=0.00338 L/var=0.08 tgt=-0.032/0.212 cfg/b=49516 prep=0.22s gpu=0.00s conv=0.02s add=0.53s train=1.29s
[t= 241.5s] rebel stream solves=79872 raw=1323/s balanced=1323/s debt=0 rows steps=312 horizon=0.00 games=0 over=0 card=0 drop=0 L=0.00309 L/var=0.07 tgt=-0.024/0.210 cfg/b=39736 prep=0.17s gpu=0.00s conv=0.01s add=0.30s train=1.09s
[t= 251.5s] rebel stream solves=87040 raw=1236/s balanced=1236/s debt=0 rows steps=340 horizon=0.00 games=0 over=0 card=0 drop=0 L=0.00282 L/var=0.07 tgt=-0.011/0.203 cfg/b=34323 prep=0.15s gpu=0.00s conv=0.00s add=0.23s train=0.90s
[t= 261.6s] rebel stream solves=94208 raw=1170/s balanced=1170/s debt=0 rows steps=368 horizon=0.00 games=0 over=0 card=0 drop=0 L=0.00272 L/var=0.06 tgt=-0.010/0.208 cfg/b=32905 prep=0.16s gpu=0.00s conv=0.01s add=0.22s train=0.93s
[t= 271.7s] rebel stream solves=99328 raw=1096/s balanced=1096/s debt=0 rows steps=388 horizon=0.00 games=0 over=0 card=0 drop=0 L=0.00259 L/var=0.06 tgt=-0.026/0.213 cfg/b=32136 prep=0.11s gpu=0.00s conv=0.00s add=0.19s train=0.64s
[t= 281.8s] rebel stream solves=104448 raw=1038/s balanced=1038/s debt=0 rows steps=408 horizon=0.00 games=0 over=0 card=0 drop=0 L=0.00251 L/var=0.06 tgt=-0.017/0.204 cfg/b=32832 prep=0.10s gpu=0.00s conv=0.00s add=0.15s train=0.61s
[t= 291.8s] rebel stream solves=109568 raw=990/s balanced=990/s debt=0 rows steps=428 horizon=0.00 games=1 over=0 card=0 drop=0 L=0.00247 L/var=0.05 tgt=-0.025/0.217 cfg/b=31719 prep=0.12s gpu=0.00s conv=0.00s add=0.16s train=0.66s
[t= 299.9s] --- lr -> 5.00e-04 ---
[t= 301.8s] rebel stream solves=115712 raw=958/s balanced=958/s debt=0 rows steps=452 horizon=0.00 games=0 over=0 card=0 drop=0 L=0.00240 L/var=0.06 tgt=-0.017/0.207 cfg/b=30668 prep=0.11s gpu=0.00s conv=0.00s add=0.15s train=0.73s
[t= 311.9s] rebel stream solves=119808 raw=916/s balanced=916/s debt=0 rows steps=468 horizon=0.00 games=2 over=0 card=0 drop=0 L=0.00239 L/var=0.05 tgt=-0.014/0.213 cfg/b=30165 prep=0.09s gpu=0.00s conv=0.00s add=0.09s train=0.50s
[t= 321.9s] rebel stream solves=124928 raw=887/s balanced=887/s debt=0 rows steps=488 horizon=0.00 games=3 over=0 card=0 drop=0 L=0.00247 L/var=0.06 tgt=-0.015/0.209 cfg/b=28812 prep=0.14s gpu=0.00s conv=0.00s add=0.14s train=0.68s
[t= 332.0s] rebel stream solves=129024 raw=855/s balanced=855/s debt=0 rows steps=504 horizon=0.00 games=1 over=0 card=0 drop=0 L=0.00255 L/var=0.06 tgt=-0.006/0.200 cfg/b=28204 prep=0.08s gpu=0.00s conv=0.00s add=0.09s train=0.48s
[t= 342.0s] rebel stream solves=134144 raw=834/s balanced=834/s debt=0 rows steps=524 horizon=0.00 games=5 over=0 card=0 drop=0 L=0.00239 L/var=0.05 tgt=-0.007/0.216 cfg/b=27958 prep=0.17s gpu=0.00s conv=0.00s add=0.11s train=0.71s
[t= 352.4s] rebel stream solves=139264 raw=813/s balanced=813/s debt=0 rows steps=544 horizon=0.00 games=7 over=0 card=0 drop=0 L=0.00239 L/var=0.05 tgt=-0.001/0.219 cfg/b=26587 prep=0.12s gpu=0.00s conv=0.00s add=0.13s train=0.67s
[t= 362.4s] rebel stream solves=144384 raw=796/s balanced=796/s debt=0 rows steps=564 horizon=0.00 games=5 over=0 card=0 drop=0 L=0.00253 L/var=0.05 tgt=-0.018/0.236 cfg/b=26278 prep=0.13s gpu=0.00s conv=0.00s add=0.12s train=0.70s
[t= 372.5s] rebel stream solves=148480 raw=776/s balanced=776/s debt=0 rows steps=580 horizon=0.00 games=12 over=0 card=0 drop=0 L=0.00255 L/var=0.04 tgt=-0.024/0.246 cfg/b=25910 prep=0.16s gpu=0.00s conv=0.00s add=0.09s train=0.58s
[t= 382.5s] rebel stream solves=154624 raw=768/s balanced=768/s debt=0 rows steps=604 horizon=0.00 games=16 over=0 card=0 drop=0 L=0.00258 L/var=0.05 tgt=-0.007/0.225 cfg/b=25048 prep=0.16s gpu=0.00s conv=0.00s add=0.12s train=0.78s
[t= 392.5s] rebel stream solves=158720 raw=751/s balanced=751/s debt=0 rows steps=620 horizon=0.00 games=15 over=0 card=0 drop=0 L=0.00264 L/var=0.05 tgt=-0.007/0.231 cfg/b=24642 prep=0.09s gpu=0.00s conv=0.00s add=0.11s train=0.53s
[t= 402.5s] rebel stream solves=163840 raw=740/s balanced=740/s debt=0 rows steps=640 horizon=0.00 games=20 over=0 card=0 drop=0 L=0.00292 L/var=0.06 tgt=+0.004/0.222 cfg/b=24654 prep=0.11s gpu=0.00s conv=0.00s add=0.11s train=0.65s
[t= 412.5s] rebel stream solves=168960 raw=730/s balanced=730/s debt=0 rows steps=660 horizon=0.00 games=32 over=0 card=0 drop=0 L=0.00332 L/var=0.06 tgt=-0.002/0.229 cfg/b=24238 prep=0.11s gpu=0.00s conv=0.00s add=0.12s train=0.63s
[t= 422.3s] --- lr -> 2.50e-04 ---
[t= 422.5s] rebel stream solves=175104 raw=725/s balanced=725/s debt=0 rows steps=684 horizon=0.00 games=35 over=0 card=0 drop=0 L=0.00322 L/var=0.05 tgt=-0.003/0.244 cfg/b=23489 prep=0.11s gpu=0.00s conv=0.00s add=0.12s train=0.78s
[t= 432.5s] rebel stream solves=180224 raw=717/s balanced=717/s debt=0 rows steps=704 horizon=0.00 games=31 over=0 card=0 drop=0 L=0.00355 L/var=0.06 tgt=+0.002/0.235 cfg/b=22942 prep=0.16s gpu=0.00s conv=0.00s add=0.11s train=0.69s
[t= 442.6s] rebel stream solves=186368 raw=713/s balanced=713/s debt=0 rows steps=728 horizon=0.00 games=34 over=0 card=0 drop=0 L=0.00350 L/var=0.07 tgt=+0.020/0.231 cfg/b=22666 prep=0.14s gpu=0.00s conv=0.00s add=0.12s train=0.80s
[t= 453.2s] rebel stream solves=192512 raw=708/s balanced=708/s debt=0 rows steps=752 horizon=0.00 games=58 over=0 card=0 drop=0 L=0.00418 L/var=0.08 tgt=+0.025/0.228 cfg/b=22426 prep=0.24s gpu=0.00s conv=0.00s add=0.13s train=0.90s
[t= 463.2s] rebel stream solves=197632 raw=701/s balanced=701/s debt=0 rows steps=772 horizon=0.00 games=55 over=0 card=0 drop=0 L=0.00473 L/var=0.09 tgt=+0.011/0.231 cfg/b=21593 prep=0.15s gpu=0.00s conv=0.00s add=0.11s train=0.72s
[t= 473.2s] rebel stream solves=203776 raw=698/s balanced=698/s debt=0 rows steps=796 horizon=0.00 games=39 over=0 card=0 drop=0 L=0.00464 L/var=0.08 tgt=+0.011/0.235 cfg/b=21450 prep=0.18s gpu=0.00s conv=0.00s add=0.13s train=0.84s
[t= 483.3s] rebel stream solves=209920 raw=695/s balanced=695/s debt=0 rows steps=820 horizon=0.00 games=72 over=0 card=0 drop=0 L=0.00497 L/var=0.09 tgt=+0.009/0.237 cfg/b=21053 prep=0.12s gpu=0.00s conv=0.00s add=0.14s train=0.75s
[t= 493.3s] rebel stream solves=218112 raw=699/s balanced=699/s debt=0 rows steps=852 horizon=0.00 games=101 over=0 card=0 drop=0 L=0.00525 L/var=0.08 tgt=+0.010/0.250 cfg/b=20930 prep=0.15s gpu=0.00s conv=0.00s add=0.17s train=0.99s
[t= 503.3s] rebel stream solves=225280 raw=699/s balanced=699/s debt=0 rows steps=880 horizon=0.00 games=98 over=0 card=0 drop=0 L=0.00603 L/var=0.10 tgt=+0.017/0.245 cfg/b=20434 prep=0.19s gpu=0.00s conv=0.00s add=0.13s train=0.91s
[t= 513.3s] rebel stream solves=233472 raw=703/s balanced=703/s debt=0 rows steps=912 horizon=0.00 games=139 over=0 card=0 drop=0 L=0.00666 L/var=0.10 tgt=+0.014/0.254 cfg/b=20829 prep=0.18s gpu=0.00s conv=0.00s add=0.14s train=1.01s
[t= 520.0s] --- stopping GPU admission; draining ---
[t= 523.3s] rebel stream solves=239616 raw=700/s balanced=700/s debt=0 rows steps=936 horizon=0.00 games=118 over=0 card=0 drop=0 L=0.00758 L/var=0.13 tgt=+0.014/0.244 cfg/b=20720 prep=0.12s gpu=0.00s conv=0.01s add=0.13s train=0.75s
[t= 530.2s] rebel stream solves=240492 raw=689/s balanced=689/s debt=432 rows steps=939 horizon=0.00 games=15 over=0 card=0 drop=0 L=0.00662 L/var=0.10 tgt=-0.010/0.261 cfg/b=19641 prep=0.01s gpu=0.00s conv=0.00s add=0.02s train=0.08s
[gpu-summary] solves=240492 optimizer_rows=961536 debt=432 raw=670.1/s balanced=669.8/s horizon=0.00 games=914 over=0 card=0 exact=0 censored=4608 dropped=0 overrun=0.00s
[t= 540.0s] --- snapshot snap_01.pt (final) ---
Traceback (most recent call last):
  File "/workspace/warchest-engine/train/train.py", line 952, in <module>
    main()
  File "/workspace/warchest-engine/train/train.py", line 947, in main
    ladder.run([args.out], games=args.ladder_games, gpu=True)
  File "/workspace/warchest-engine/train/ladder.py", line 142, in run
    raise ValueError("games must be a positive even count")
ValueError: games must be a positive even count
