[train] CUDA stream priority -1
[gpu] solve services up on [0, 1]
[cfg] PUBFEAT=897 CFEAT=16 hidden=384 head=384 dg=64 rank=64 depth=2 iters=64 budget=930s warm=30s device=cuda:1 draft=random snapshots=3 (every 5.0min) train_gen_ratio=4.0 recent_mix=0.5/0.2 augment=True cap=2000000 matmul=high
[t=   2.1s] greedy ep  0 games=  96 dec= 17508 rows= 16732 horizon=0.22 nodecap=0 over=0 card=0 exact=0 drop=0 cfgs= 27.7 L=0.08359 P=nan old=0.01385 new=0.00500 tgt=-0.015/0.527 pstd=0.524 capv=0.040 lr=1.0e-03 gen=0.1s conv=0.0s add=0.0s train=1.9s sps=0
[t=   4.0s] greedy ep  1 games=  96 dec= 18918 rows= 18083 horizon=0.33 nodecap=0 over=0 card=0 exact=0 drop=0 cfgs= 27.2 L=0.03315 P=nan old=0.01123 new=0.00373 tgt=-0.054/0.477 pstd=0.545 capv=0.040 lr=1.0e-03 gen=0.1s conv=0.0s add=0.1s train=1.6s sps=0
[t=   5.8s] greedy ep  2 games=  96 dec= 18810 rows= 18041 horizon=0.34 nodecap=0 over=0 card=0 exact=0 drop=0 cfgs= 27.8 L=0.02985 P=nan old=0.01221 new=0.00399 tgt=-0.064/0.516 pstd=0.528 capv=0.040 lr=1.0e-03 gen=0.1s conv=0.0s add=0.1s train=1.6s sps=0
[t=   7.6s] greedy ep  3 games=  96 dec= 18611 rows= 17843 horizon=0.27 nodecap=0 over=0 card=0 exact=0 drop=0 cfgs= 28.3 L=0.02379 P=nan old=0.01104 new=0.00489 tgt=-0.025/0.492 pstd=0.534 capv=0.040 lr=1.0e-03 gen=0.1s conv=0.0s add=0.1s train=1.6s sps=0
[t=   9.5s] greedy ep  4 games=  96 dec= 18611 rows= 17845 horizon=0.31 nodecap=0 over=0 card=0 exact=0 drop=0 cfgs= 27.3 L=0.02084 P=nan old=0.00970 new=0.00421 tgt=-0.025/0.492 pstd=0.526 capv=0.040 lr=1.0e-03 gen=0.1s conv=0.0s add=0.1s train=1.6s sps=0
[t=  11.3s] greedy ep  5 games=  96 dec= 19536 rows= 18696 horizon=0.40 nodecap=0 over=0 card=0 exact=0 drop=0 cfgs= 25.4 L=0.02000 P=nan old=0.00983 new=0.00538 tgt=-0.020/0.458 pstd=0.531 capv=0.040 lr=1.0e-03 gen=0.1s conv=0.0s add=0.1s train=1.6s sps=0
[t=  13.2s] greedy ep  6 games=  96 dec= 18626 rows= 17813 horizon=0.32 nodecap=0 over=0 card=0 exact=0 drop=0 cfgs= 27.2 L=0.01905 P=nan old=0.01085 new=0.00581 tgt=-0.090/0.540 pstd=0.531 capv=0.040 lr=1.0e-03 gen=0.1s conv=0.0s add=0.1s train=1.6s sps=0
[t=  15.0s] greedy ep  7 games=  96 dec= 18665 rows= 17883 horizon=0.28 nodecap=0 over=0 card=0 exact=0 drop=0 cfgs= 26.0 L=0.01965 P=nan old=0.01107 new=0.00663 tgt=-0.021/0.493 pstd=0.534 capv=0.040 lr=1.0e-03 gen=0.1s conv=0.0s add=0.1s train=1.6s sps=0
[t=  16.7s] greedy ep  8 games=  96 dec= 18040 rows= 17290 horizon=0.27 nodecap=0 over=0 card=0 exact=0 drop=0 cfgs= 26.6 L=0.01854 P=nan old=0.00943 new=0.00629 tgt=-0.034/0.500 pstd=0.538 capv=0.040 lr=1.0e-03 gen=0.1s conv=0.0s add=0.1s train=1.6s sps=0
[t=  18.5s] greedy ep  9 games=  96 dec= 18232 rows= 17394 horizon=0.30 nodecap=0 over=0 card=0 exact=0 drop=0 cfgs= 27.2 L=0.01636 P=nan old=0.01001 new=0.00577 tgt=-0.018/0.515 pstd=0.523 capv=0.040 lr=1.0e-03 gen=0.1s conv=0.0s add=0.1s train=1.6s sps=0
[t=  20.4s] greedy ep 10 games=  96 dec= 18496 rows= 17766 horizon=0.29 nodecap=0 over=0 card=0 exact=0 drop=0 cfgs= 27.7 L=0.01674 P=nan old=0.01083 new=0.00678 tgt=-0.031/0.492 pstd=0.514 capv=0.040 lr=1.0e-03 gen=0.1s conv=0.0s add=0.1s train=1.6s sps=0
[t=  22.2s] greedy ep 11 games=  96 dec= 18066 rows= 17259 horizon=0.19 nodecap=0 over=0 card=0 exact=0 drop=0 cfgs= 28.0 L=0.01834 P=nan old=0.01154 new=0.00724 tgt=-0.021/0.518 pstd=0.528 capv=0.040 lr=1.0e-03 gen=0.1s conv=0.0s add=0.1s train=1.6s sps=0
[t=  24.1s] greedy ep 12 games=  96 dec= 19443 rows= 18619 horizon=0.33 nodecap=0 over=0 card=0 exact=0 drop=0 cfgs= 26.9 L=0.01688 P=nan old=0.01127 new=0.00642 tgt=-0.031/0.486 pstd=0.511 capv=0.040 lr=1.0e-03 gen=0.1s conv=0.0s add=0.1s train=1.7s sps=0
[t=  25.8s] greedy ep 13 games=  96 dec= 17312 rows= 16580 horizon=0.20 nodecap=0 over=0 card=0 exact=0 drop=0 cfgs= 28.5 L=0.01750 P=nan old=0.01138 new=0.00713 tgt=-0.017/0.535 pstd=0.524 capv=0.040 lr=1.0e-03 gen=0.1s conv=0.0s add=0.1s train=1.5s sps=0
[t=  27.7s] greedy ep 14 games=  96 dec= 18691 rows= 17971 horizon=0.29 nodecap=0 over=0 card=0 exact=0 drop=0 cfgs= 25.1 L=0.01598 P=nan old=0.01137 new=0.00702 tgt=-0.050/0.493 pstd=0.514 capv=0.040 lr=1.0e-03 gen=0.1s conv=0.0s add=0.1s train=1.7s sps=0
[t=  29.5s] greedy ep 15 games=  96 dec= 19119 rows= 18225 horizon=0.33 nodecap=0 over=0 card=0 exact=0 drop=0 cfgs= 25.4 L=0.01682 P=nan old=0.01102 new=0.00754 tgt=-0.020/0.468 pstd=0.512 capv=0.040 lr=1.0e-03 gen=0.1s conv=0.0s add=0.1s train=1.7s sps=0
[t=  31.4s] greedy ep 16 games=  96 dec= 18420 rows= 17624 horizon=0.27 nodecap=0 over=0 card=0 exact=0 drop=0 cfgs= 25.4 L=0.01740 P=nan old=0.01178 new=0.00786 tgt=-0.017/0.515 pstd=0.536 capv=0.040 lr=1.0e-03 gen=0.1s conv=0.0s add=0.1s train=1.6s sps=0
[t=  31.4s] --- snapshot snap_00.pt (init) ---
[t=  31.4s] --- switching to ReBeL ---
v5 GEMM compute=fast-f16
[t=  41.4s] rebel stream solves=15360 raw=1535/s balanced=1535/s debt=0 rows steps=60 over=0 card=0 drop=0 L=0.03150 tgt=-0.041/0.158 cfg/b=44254 prep=0.33s gpu=0.00s conv=0.02s add=0.61s train=1.85s
[t=  51.6s] rebel stream solves=41984 raw=2083/s balanced=2083/s debt=0 rows steps=164 over=0 card=0 drop=0 L=0.00354 tgt=-0.018/0.125 cfg/b=68991 prep=0.54s gpu=0.00s conv=0.07s add=1.58s train=3.21s
[t=  61.7s] rebel stream solves=53248 raw=1757/s balanced=1757/s debt=0 rows steps=208 over=0 card=0 drop=0 L=0.00215 tgt=+0.023/0.121 cfg/b=43558 prep=0.22s gpu=0.00s conv=0.02s add=0.56s train=1.25s
[t=  71.7s] rebel stream solves=59392 raw=1473/s balanced=1473/s debt=0 rows steps=232 over=0 card=0 drop=0 L=0.00196 tgt=+0.039/0.121 cfg/b=62439 prep=0.13s gpu=0.00s conv=0.05s add=0.80s train=0.75s
[t=  81.7s] rebel stream solves=68608 raw=1363/s balanced=1363/s debt=0 rows steps=268 over=0 card=0 drop=0 L=0.00177 tgt=+0.045/0.120 cfg/b=92061 prep=0.22s gpu=0.00s conv=0.05s add=0.94s train=1.22s
[t=  91.7s] rebel stream solves=78848 raw=1307/s balanced=1307/s debt=0 rows steps=308 over=0 card=0 drop=0 L=0.00161 tgt=+0.057/0.120 cfg/b=81250 prep=0.23s gpu=0.00s conv=0.04s add=0.83s train=1.29s
[t= 101.8s] rebel stream solves=87040 raw=1237/s balanced=1237/s debt=0 rows steps=340 over=0 card=0 drop=0 L=0.00150 tgt=+0.074/0.119 cfg/b=66736 prep=0.18s gpu=0.00s conv=0.02s add=0.47s train=1.00s
[t= 111.8s] rebel stream solves=94208 raw=1171/s balanced=1171/s debt=0 rows steps=368 over=0 card=0 drop=0 L=0.00141 tgt=+0.084/0.119 cfg/b=61974 prep=0.20s gpu=0.00s conv=0.02s add=0.41s train=0.83s
[t= 121.9s] rebel stream solves=97280 raw=1075/s balanced=1075/s debt=0 rows steps=380 over=0 card=0 drop=0 L=0.00135 tgt=+0.094/0.120 cfg/b=58881 prep=0.07s gpu=0.00s conv=0.01s add=0.26s train=0.37s
[t= 131.9s] rebel stream solves=101376 raw=1009/s balanced=1009/s debt=0 rows steps=396 over=0 card=0 drop=0 L=0.00125 tgt=+0.092/0.119 cfg/b=66081 prep=0.10s gpu=0.00s conv=0.05s add=0.51s train=0.49s
[t= 141.9s] rebel stream solves=105472 raw=954/s balanced=954/s debt=0 rows steps=412 over=0 card=0 drop=0 L=0.00121 tgt=+0.099/0.118 cfg/b=71517 prep=0.09s gpu=0.00s conv=0.03s add=0.44s train=0.51s
[t= 151.9s] rebel stream solves=107520 raw=892/s balanced=892/s debt=0 rows steps=420 over=0 card=0 drop=0 L=0.00127 tgt=+0.104/0.116 cfg/b=71928 prep=0.07s gpu=0.00s conv=0.01s add=0.21s train=0.30s
[t= 162.0s] rebel stream solves=110592 raw=847/s balanced=847/s debt=0 rows steps=432 over=0 card=0 drop=0 L=0.00118 tgt=+0.111/0.116 cfg/b=76804 prep=0.06s gpu=0.00s conv=0.03s add=0.47s train=0.38s
[t= 172.0s] rebel stream solves=113664 raw=808/s balanced=808/s debt=0 rows steps=444 over=0 card=0 drop=0 L=0.00122 tgt=+0.113/0.114 cfg/b=83115 prep=0.07s gpu=0.00s conv=0.03s add=0.41s train=0.38s
[t= 182.0s] rebel stream solves=117760 raw=782/s balanced=782/s debt=0 rows steps=460 over=0 card=0 drop=0 L=0.00123 tgt=+0.115/0.117 cfg/b=88222 prep=0.14s gpu=0.00s conv=0.02s add=0.40s train=0.55s
[t= 192.0s] rebel stream solves=120832 raw=752/s balanced=752/s debt=0 rows steps=472 over=0 card=0 drop=0 L=0.00112 tgt=+0.117/0.118 cfg/b=87670 prep=0.06s gpu=0.00s conv=0.01s add=0.32s train=0.38s
[t= 202.1s] rebel stream solves=122880 raw=720/s balanced=720/s debt=0 rows steps=480 over=0 card=0 drop=0 L=0.00118 tgt=+0.125/0.114 cfg/b=89140 prep=0.04s gpu=0.00s conv=0.02s add=0.25s train=0.27s
[t= 212.4s] rebel stream solves=126976 raw=702/s balanced=702/s debt=0 rows steps=496 over=0 card=0 drop=0 L=0.00112 tgt=+0.130/0.112 cfg/b=91210 prep=0.10s gpu=0.00s conv=0.03s add=0.53s train=0.54s
[t= 222.5s] rebel stream solves=130048 raw=681/s balanced=681/s debt=0 rows steps=508 over=0 card=0 drop=0 L=0.00103 tgt=+0.132/0.113 cfg/b=91639 prep=0.14s gpu=0.00s conv=0.03s add=0.34s train=0.51s
[t= 232.5s] rebel stream solves=132096 raw=657/s balanced=657/s debt=0 rows steps=516 over=0 card=0 drop=0 L=0.00107 tgt=+0.140/0.112 cfg/b=92548 prep=0.13s gpu=0.00s conv=0.01s add=0.25s train=0.36s
[t= 242.5s] rebel stream solves=135168 raw=640/s balanced=640/s debt=0 rows steps=528 over=0 card=0 drop=0 L=0.00104 tgt=+0.143/0.110 cfg/b=93909 prep=0.08s gpu=0.00s conv=0.02s add=0.35s train=0.44s
[t= 252.6s] rebel stream solves=137216 raw=620/s balanced=620/s debt=0 rows steps=536 over=0 card=0 drop=0 L=0.00122 tgt=+0.142/0.114 cfg/b=89989 prep=0.06s gpu=0.00s conv=0.02s add=0.23s train=0.29s
[t= 262.6s] rebel stream solves=140288 raw=607/s balanced=607/s debt=0 rows steps=548 over=0 card=0 drop=0 L=0.00110 tgt=+0.146/0.113 cfg/b=90884 prep=0.15s gpu=0.00s conv=0.03s add=0.37s train=0.53s
[t= 272.6s] rebel stream solves=142336 raw=590/s balanced=590/s debt=0 rows steps=556 over=0 card=0 drop=0 L=0.00111 tgt=+0.145/0.116 cfg/b=87660 prep=0.05s gpu=0.00s conv=0.01s add=0.23s train=0.31s
[t= 282.6s] rebel stream solves=144384 raw=575/s balanced=575/s debt=0 rows steps=564 over=0 card=0 drop=0 L=0.00104 tgt=+0.149/0.115 cfg/b=89093 prep=0.09s gpu=0.00s conv=0.02s add=0.20s train=0.33s
[t= 292.7s] rebel stream solves=146432 raw=560/s balanced=560/s debt=0 rows steps=572 over=1 card=1 drop=0 L=0.00103 tgt=+0.160/0.115 cfg/b=87910 prep=0.04s gpu=0.00s conv=0.01s add=0.19s train=0.24s
[t= 302.7s] rebel stream solves=148480 raw=547/s balanced=547/s debt=0 rows steps=580 over=1 card=1 drop=0 L=0.00113 tgt=+0.153/0.111 cfg/b=89763 prep=0.08s gpu=0.00s conv=0.01s add=0.25s train=0.33s
[t= 312.8s] rebel stream solves=150528 raw=535/s balanced=535/s debt=0 rows steps=588 over=1 card=1 drop=0 L=0.00093 tgt=+0.167/0.116 cfg/b=86105 prep=0.05s gpu=0.00s conv=0.02s add=0.25s train=0.25s
[t= 322.8s] rebel stream solves=152576 raw=524/s balanced=524/s debt=0 rows steps=596 over=1 card=1 drop=0 L=0.00109 tgt=+0.162/0.118 cfg/b=86119 prep=0.05s gpu=0.00s conv=0.01s add=0.25s train=0.28s
[t= 328.4s] --- lr -> 5.00e-04 ---
[t= 331.4s] --- snapshot snap_01.pt (s1) ---
[t= 332.8s] rebel stream solves=154624 raw=513/s balanced=513/s debt=0 rows steps=604 over=1 card=1 drop=0 L=0.00115 tgt=+0.163/0.112 cfg/b=86863 prep=0.06s gpu=0.00s conv=0.01s add=0.18s train=0.31s
[t= 342.9s] rebel stream solves=156672 raw=503/s balanced=503/s debt=0 rows steps=612 over=2 card=2 drop=0 L=0.00116 tgt=+0.158/0.119 cfg/b=89716 prep=0.05s gpu=0.00s conv=0.01s add=0.28s train=0.26s
[t= 352.9s] rebel stream solves=158720 raw=494/s balanced=494/s debt=0 rows steps=620 over=2 card=2 drop=0 L=0.00105 tgt=+0.163/0.113 cfg/b=86778 prep=0.10s gpu=0.00s conv=0.01s add=0.23s train=0.35s
[t= 362.9s] rebel stream solves=160768 raw=485/s balanced=485/s debt=0 rows steps=628 over=2 card=2 drop=0 L=0.00102 tgt=+0.168/0.120 cfg/b=86968 prep=0.05s gpu=0.00s conv=0.01s add=0.23s train=0.27s
[t= 373.0s] rebel stream solves=162816 raw=477/s balanced=477/s debt=0 rows steps=636 over=2 card=2 drop=0 L=0.00064 tgt=+0.171/0.113 cfg/b=89115 prep=0.05s gpu=0.00s conv=0.02s add=0.29s train=0.27s
[t= 383.0s] rebel stream solves=164864 raw=469/s balanced=469/s debt=0 rows steps=644 over=3 card=2 drop=0 L=0.00079 tgt=+0.176/0.117 cfg/b=89013 prep=0.05s gpu=0.00s conv=0.02s add=0.23s train=0.25s
[t= 393.0s] rebel stream solves=165888 raw=459/s balanced=459/s debt=0 rows steps=648 over=3 card=2 drop=0 L=0.00060 tgt=+0.176/0.108 cfg/b=91455 prep=0.05s gpu=0.00s conv=0.01s add=0.12s train=0.15s
[t= 403.1s] rebel stream solves=167936 raw=452/s balanced=452/s debt=0 rows steps=656 over=4 card=2 drop=0 L=0.00094 tgt=+0.183/0.115 cfg/b=88381 prep=0.06s gpu=0.00s conv=0.02s add=0.26s train=0.30s
[t= 413.1s] rebel stream solves=168960 raw=443/s balanced=443/s debt=0 rows steps=660 over=5 card=3 drop=0 L=0.00089 tgt=+0.173/0.139 cfg/b=91817 prep=0.02s gpu=0.00s conv=0.01s add=0.13s train=0.14s
[t= 423.1s] rebel stream solves=171008 raw=437/s balanced=437/s debt=0 rows steps=668 over=5 card=3 drop=0 L=0.00101 tgt=+0.179/0.112 cfg/b=91360 prep=0.04s gpu=0.00s conv=0.01s add=0.17s train=0.26s
[t= 433.2s] rebel stream solves=173056 raw=431/s balanced=431/s debt=0 rows steps=676 over=5 card=3 drop=0 L=0.00101 tgt=+0.180/0.116 cfg/b=88279 prep=0.04s gpu=0.00s conv=0.01s add=0.28s train=0.23s
[t= 443.2s] rebel stream solves=175104 raw=425/s balanced=425/s debt=0 rows steps=684 over=5 card=3 drop=0 L=0.00093 tgt=+0.188/0.112 cfg/b=93065 prep=0.07s gpu=0.00s conv=0.02s add=0.27s train=0.30s
[t= 453.2s] rebel stream solves=177152 raw=420/s balanced=420/s debt=0 rows steps=692 over=6 card=3 drop=0 L=0.00079 tgt=+0.184/0.108 cfg/b=92175 prep=0.06s gpu=0.00s conv=0.02s add=0.25s train=0.28s
[t= 463.2s] rebel stream solves=179200 raw=415/s balanced=415/s debt=0 rows steps=700 over=6 card=3 drop=0 L=0.00100 tgt=+0.191/0.112 cfg/b=93373 prep=0.04s gpu=0.00s conv=0.01s add=0.25s train=0.24s
[t= 473.2s] rebel stream solves=181248 raw=410/s balanced=410/s debt=0 rows steps=708 over=7 card=3 drop=0 L=0.00123 tgt=+0.190/0.113 cfg/b=99377 prep=0.08s gpu=0.00s conv=0.01s add=0.24s train=0.32s
[t= 483.2s] rebel stream solves=183296 raw=406/s balanced=406/s debt=0 rows steps=716 over=7 card=3 drop=0 L=0.00091 tgt=+0.197/0.108 cfg/b=94999 prep=0.05s gpu=0.00s conv=0.02s add=0.22s train=0.29s
[t= 493.3s] rebel stream solves=185344 raw=401/s balanced=401/s debt=0 rows steps=724 over=7 card=3 drop=0 L=0.00093 tgt=+0.190/0.107 cfg/b=100466 prep=0.09s gpu=0.00s conv=0.02s add=0.25s train=0.31s
[t= 503.3s] rebel stream solves=186368 raw=395/s balanced=395/s debt=0 rows steps=728 over=7 card=3 drop=0 L=0.00124 tgt=+0.197/0.112 cfg/b=98592 prep=0.05s gpu=0.00s conv=0.01s add=0.11s train=0.15s
[t= 513.3s] rebel stream solves=188416 raw=391/s balanced=391/s debt=0 rows steps=736 over=8 card=4 drop=0 L=0.00077 tgt=+0.195/0.114 cfg/b=98352 prep=0.04s gpu=0.00s conv=0.01s add=0.20s train=0.25s
[t= 523.3s] rebel stream solves=191488 raw=389/s balanced=389/s debt=0 rows steps=748 over=8 card=4 drop=0 L=0.00107 tgt=+0.197/0.125 cfg/b=97752 prep=0.14s gpu=0.00s conv=0.02s add=0.37s train=0.54s
[t= 533.4s] rebel stream solves=193536 raw=386/s balanced=386/s debt=0 rows steps=756 over=8 card=4 drop=0 L=0.00116 tgt=+0.199/0.114 cfg/b=94878 prep=0.11s gpu=0.00s conv=0.01s add=0.19s train=0.34s
[t= 543.4s] rebel stream solves=195584 raw=382/s balanced=382/s debt=0 rows steps=764 over=8 card=4 drop=0 L=0.00113 tgt=+0.207/0.110 cfg/b=95665 prep=0.05s gpu=0.00s conv=0.01s add=0.21s train=0.25s
[t= 553.4s] rebel stream solves=197632 raw=379/s balanced=379/s debt=0 rows steps=772 over=8 card=4 drop=0 L=0.00080 tgt=+0.193/0.130 cfg/b=95117 prep=0.04s gpu=0.00s conv=0.02s add=0.19s train=0.28s
[t= 563.4s] rebel stream solves=199680 raw=375/s balanced=375/s debt=0 rows steps=780 over=8 card=4 drop=0 L=0.00089 tgt=+0.208/0.118 cfg/b=94435 prep=0.05s gpu=0.00s conv=0.01s add=0.21s train=0.30s
[t= 573.4s] rebel stream solves=201728 raw=372/s balanced=372/s debt=0 rows steps=788 over=8 card=4 drop=0 L=0.00113 tgt=+0.212/0.109 cfg/b=95636 prep=0.05s gpu=0.00s conv=0.01s add=0.19s train=0.27s
[t= 583.5s] rebel stream solves=203776 raw=369/s balanced=369/s debt=0 rows steps=796 over=8 card=4 drop=0 L=0.00104 tgt=+0.213/0.118 cfg/b=94318 prep=0.07s gpu=0.00s conv=0.01s add=0.19s train=0.29s
[t= 593.5s] rebel stream solves=205824 raw=366/s balanced=366/s debt=0 rows steps=804 over=8 card=4 drop=0 L=0.00089 tgt=+0.216/0.125 cfg/b=95544 prep=0.20s gpu=0.00s conv=0.02s add=0.25s train=0.44s
[t= 603.5s] rebel stream solves=207872 raw=363/s balanced=363/s debt=0 rows steps=812 over=8 card=4 drop=0 L=0.00121 tgt=+0.210/0.115 cfg/b=98930 prep=0.05s gpu=0.00s conv=0.02s add=0.24s train=0.31s
[t= 613.5s] rebel stream solves=210944 raw=362/s balanced=362/s debt=0 rows steps=824 over=8 card=4 drop=0 L=0.00147 tgt=+0.212/0.119 cfg/b=93976 prep=0.16s gpu=0.00s conv=0.02s add=0.38s train=0.53s
[t= 623.5s] rebel stream solves=212992 raw=360/s balanced=360/s debt=0 rows steps=832 over=8 card=4 drop=0 L=0.00180 tgt=+0.218/0.117 cfg/b=94333 prep=0.05s gpu=0.00s conv=0.02s add=0.25s train=0.27s
[t= 631.4s] --- snapshot snap_02.pt (s2) ---
[t= 633.6s] rebel stream solves=215040 raw=357/s balanced=357/s debt=0 rows steps=840 over=8 card=4 drop=0 L=0.00131 tgt=+0.223/0.126 cfg/b=94519 prep=0.04s gpu=0.00s conv=0.01s add=0.17s train=0.24s
[t= 634.4s] --- lr -> 2.50e-04 ---
[t= 643.6s] rebel stream solves=217088 raw=355/s balanced=355/s debt=0 rows steps=848 over=8 card=4 drop=0 L=0.00159 tgt=+0.229/0.118 cfg/b=91410 prep=0.04s gpu=0.00s conv=0.02s add=0.28s train=0.25s
[t= 653.6s] rebel stream solves=220160 raw=354/s balanced=354/s debt=0 rows steps=860 over=9 card=4 drop=0 L=0.00180 tgt=+0.224/0.124 cfg/b=95759 prep=0.10s gpu=0.00s conv=0.02s add=0.32s train=0.46s
[t= 663.6s] rebel stream solves=222208 raw=351/s balanced=351/s debt=0 rows steps=868 over=9 card=4 drop=0 L=0.00162 tgt=+0.223/0.118 cfg/b=93652 prep=0.08s gpu=0.00s conv=0.01s add=0.20s train=0.32s
[t= 673.8s] rebel stream solves=225280 raw=351/s balanced=351/s debt=0 rows steps=880 over=9 card=4 drop=0 L=0.00174 tgt=+0.234/0.118 cfg/b=94612 prep=0.07s gpu=0.00s conv=0.02s add=0.32s train=0.40s
[t= 683.9s] rebel stream solves=227328 raw=348/s balanced=348/s debt=0 rows steps=888 over=10 card=4 drop=0 L=0.00205 tgt=+0.237/0.125 cfg/b=93278 prep=0.05s gpu=0.00s conv=0.01s add=0.23s train=0.26s
[t= 693.9s] rebel stream solves=229376 raw=346/s balanced=346/s debt=0 rows steps=896 over=10 card=4 drop=0 L=0.00173 tgt=+0.231/0.120 cfg/b=92332 prep=0.06s gpu=0.00s conv=0.02s add=0.24s train=0.28s
[t= 703.9s] rebel stream solves=232448 raw=346/s balanced=346/s debt=0 rows steps=908 over=10 card=4 drop=0 L=0.00247 tgt=+0.239/0.124 cfg/b=92917 prep=0.09s gpu=0.00s conv=0.02s add=0.35s train=0.45s
[t= 713.9s] rebel stream solves=234496 raw=344/s balanced=344/s debt=0 rows steps=916 over=10 card=4 drop=0 L=0.00219 tgt=+0.233/0.133 cfg/b=93260 prep=0.12s gpu=0.00s conv=0.01s add=0.19s train=0.36s
[t= 724.0s] rebel stream solves=237568 raw=343/s balanced=343/s debt=0 rows steps=928 over=10 card=4 drop=0 L=0.00224 tgt=+0.234/0.127 cfg/b=91213 prep=0.09s gpu=0.00s conv=0.02s add=0.28s train=0.46s
[t= 734.0s] rebel stream solves=240640 raw=343/s balanced=343/s debt=0 rows steps=940 over=10 card=4 drop=0 L=0.00202 tgt=+0.245/0.123 cfg/b=90307 prep=0.08s gpu=0.00s conv=0.01s add=0.33s train=0.41s
[t= 744.0s] rebel stream solves=243712 raw=342/s balanced=342/s debt=0 rows steps=952 over=11 card=4 drop=0 L=0.00217 tgt=+0.240/0.122 cfg/b=90144 prep=0.12s gpu=0.00s conv=0.01s add=0.28s train=0.49s
[t= 754.0s] rebel stream solves=246784 raw=341/s balanced=341/s debt=0 rows steps=964 over=11 card=4 drop=0 L=0.00228 tgt=+0.247/0.126 cfg/b=87421 prep=0.11s gpu=0.00s conv=0.01s add=0.26s train=0.46s
[t= 764.1s] rebel stream solves=249856 raw=341/s balanced=341/s debt=0 rows steps=976 over=11 card=4 drop=0 L=0.00269 tgt=+0.247/0.137 cfg/b=89016 prep=0.14s gpu=0.00s conv=0.01s add=0.25s train=0.54s
[t= 774.1s] rebel stream solves=252928 raw=341/s balanced=341/s debt=0 rows steps=988 over=11 card=4 drop=0 L=0.00219 tgt=+0.245/0.136 cfg/b=87953 prep=0.07s gpu=0.00s conv=0.01s add=0.32s train=0.40s
[t= 784.1s] rebel stream solves=256000 raw=340/s balanced=340/s debt=0 rows steps=1000 over=12 card=4 drop=0 L=0.00215 tgt=+0.249/0.124 cfg/b=81083 prep=0.13s gpu=0.00s conv=0.02s add=0.24s train=0.49s
[t= 794.2s] rebel stream solves=258048 raw=338/s balanced=338/s debt=0 rows steps=1008 over=12 card=4 drop=0 L=0.00303 tgt=+0.244/0.125 cfg/b=83185 prep=0.09s gpu=0.00s conv=0.01s add=0.09s train=0.31s
[t= 804.4s] rebel stream solves=262144 raw=339/s balanced=339/s debt=0 rows steps=1024 over=12 card=4 drop=0 L=0.00268 tgt=+0.249/0.136 cfg/b=81859 prep=0.10s gpu=0.00s conv=0.02s add=0.39s train=0.60s
[t= 814.6s] rebel stream solves=266240 raw=340/s balanced=340/s debt=0 rows steps=1040 over=12 card=4 drop=0 L=0.00304 tgt=+0.248/0.126 cfg/b=79606 prep=0.20s gpu=0.00s conv=0.01s add=0.30s train=0.65s
[t= 824.7s] rebel stream solves=270336 raw=341/s balanced=341/s debt=0 rows steps=1056 over=12 card=4 drop=0 L=0.00288 tgt=+0.246/0.139 cfg/b=79137 prep=0.11s gpu=0.00s conv=0.01s add=0.26s train=0.49s
[t= 834.7s] rebel stream solves=273408 raw=340/s balanced=340/s debt=0 rows steps=1068 over=12 card=4 drop=0 L=0.00359 tgt=+0.256/0.134 cfg/b=76614 prep=0.32s gpu=0.00s conv=0.01s add=0.20s train=0.65s
[t= 844.8s] rebel stream solves=276480 raw=340/s balanced=340/s debt=0 rows steps=1080 over=13 card=4 drop=0 L=0.00308 tgt=+0.256/0.129 cfg/b=75081 prep=0.06s gpu=0.00s conv=0.01s add=0.19s train=0.38s
[t= 854.8s] rebel stream solves=280576 raw=341/s balanced=341/s debt=0 rows steps=1096 over=13 card=4 drop=0 L=0.00329 tgt=+0.244/0.133 cfg/b=76215 prep=0.09s gpu=0.00s conv=0.01s add=0.22s train=0.52s
[t= 864.8s] rebel stream solves=285696 raw=343/s balanced=343/s debt=0 rows steps=1116 over=13 card=4 drop=0 L=0.00325 tgt=+0.256/0.145 cfg/b=71350 prep=0.13s gpu=0.00s conv=0.01s add=0.31s train=0.66s
[t= 874.9s] rebel stream solves=289792 raw=344/s balanced=344/s debt=0 rows steps=1132 over=13 card=4 drop=0 L=0.00389 tgt=+0.260/0.144 cfg/b=73641 prep=0.12s gpu=0.00s conv=0.01s add=0.21s train=0.53s
[t= 884.9s] rebel stream solves=294912 raw=346/s balanced=346/s debt=0 rows steps=1152 over=13 card=4 drop=0 L=0.00392 tgt=+0.263/0.139 cfg/b=69577 prep=0.18s gpu=0.00s conv=0.01s add=0.34s train=0.73s
[t= 895.1s] rebel stream solves=301056 raw=349/s balanced=349/s debt=0 rows steps=1176 over=13 card=4 drop=0 L=0.00404 tgt=+0.258/0.147 cfg/b=70421 prep=0.16s gpu=0.00s conv=0.02s add=0.35s train=0.78s
[t= 905.1s] rebel stream solves=306176 raw=350/s balanced=350/s debt=0 rows steps=1196 over=13 card=4 drop=0 L=0.00412 tgt=+0.256/0.151 cfg/b=70050 prep=0.21s gpu=0.00s conv=0.01s add=0.30s train=0.76s
[t= 910.0s] --- stopping GPU admission; draining ---
[t= 915.1s] rebel stream solves=309248 raw=350/s balanced=350/s debt=0 rows steps=1208 over=13 card=4 drop=0 L=0.00394 tgt=+0.257/0.161 cfg/b=67091 prep=0.06s gpu=0.00s conv=0.01s add=0.18s train=0.35s
[t= 920.0s] rebel stream solves=310372 raw=349/s balanced=349/s debt=400 rows steps=1212 over=13 card=4 drop=0 L=0.00342 tgt=+0.266/0.145 cfg/b=66144 prep=0.02s gpu=0.00s conv=0.00s add=0.06s train=0.11s
[gpu-summary] solves=310372 optimizer_rows=1241088 debt=400 raw=345.4/s balanced=345.3/s over=13 card=4 exact=0 censored=4608 dropped=0 overrun=0.00s
[t= 930.0s] --- snapshot snap_03.pt (final) ---
[report] runs/warm-minutes15.5-warm_minutes0.5-s2/report.html
