[cfg] PUBFEAT=972 CFEAT=16 hidden=384 dg=64 rank=64 depth=2 iters=512 budget=16200s warm=300s device=cpu draft=starter snapshot_every=60.0min train_gen_ratio=4.0 recent_mix=0.5/0.2 augment=True cap=2000000
[t=   3.1s] greedy ep  0 games=  96 dec= 17758 rows= 17758 cap=0.33 cfgs= 22.6 L=0.08604 old=0.04691 new=0.01111 tgt=-0.050/0.474 pstd=0.404 capv=0.040 lr=1.0e-03 gen=0.1s train=2.9s
[t=   6.3s] greedy ep  1 games=  96 dec= 18236 rows= 18236 cap=0.34 cfgs= 23.3 L=0.05019 old=0.03983 new=0.01258 tgt=-0.035/0.484 pstd=0.407 capv=0.040 lr=1.0e-03 gen=0.1s train=2.9s
[t=   9.4s] greedy ep  2 games=  96 dec= 17176 rows= 17176 cap=0.32 cfgs= 24.3 L=0.05686 old=0.04837 new=0.02549 tgt=-0.003/0.484 pstd=0.418 capv=0.040 lr=1.0e-03 gen=0.1s train=2.9s
[t=  12.6s] greedy ep  3 games=  96 dec= 18177 rows= 18177 cap=0.35 cfgs= 22.9 L=0.04976 old=0.04721 new=0.01761 tgt=-0.016/0.483 pstd=0.398 capv=0.040 lr=1.0e-03 gen=0.1s train=3.0s
[t=  15.8s] greedy ep  4 games=  96 dec= 17570 rows= 17570 cap=0.30 cfgs= 24.0 L=0.05155 old=0.04291 new=0.03201 tgt=-0.011/0.480 pstd=0.392 capv=0.040 lr=1.0e-03 gen=0.1s train=3.1s
[t=  18.9s] greedy ep  5 games=  96 dec= 17461 rows= 17461 cap=0.29 cfgs= 24.6 L=0.05655 old=0.04945 new=0.02652 tgt=-0.014/0.467 pstd=0.419 capv=0.040 lr=1.0e-03 gen=0.1s train=2.8s
[t=  21.8s] greedy ep  6 games=  96 dec= 17150 rows= 17150 cap=0.29 cfgs= 23.2 L=0.06188 old=0.06484 new=0.05876 tgt=-0.036/0.466 pstd=0.397 capv=0.040 lr=1.0e-03 gen=0.1s train=2.7s
[t=  24.9s] greedy ep  7 games=  96 dec= 18203 rows= 18203 cap=0.38 cfgs= 24.8 L=0.06046 old=0.05394 new=0.04301 tgt=-0.049/0.476 pstd=0.383 capv=0.040 lr=1.0e-03 gen=0.1s train=2.9s
[t=  28.1s] greedy ep  8 games=  96 dec= 17789 rows= 17789 cap=0.31 cfgs= 24.3 L=0.05834 old=0.05825 new=0.04345 tgt=-0.015/0.476 pstd=0.387 capv=0.040 lr=1.0e-03 gen=0.1s train=2.9s
[t=  31.1s] greedy ep  9 games=  96 dec= 17785 rows= 17785 cap=0.29 cfgs= 23.8 L=0.05774 old=0.05069 new=0.03608 tgt=-0.027/0.467 pstd=0.385 capv=0.040 lr=1.0e-03 gen=0.1s train=2.8s
[t=  34.0s] greedy ep 10 games=  96 dec= 17608 rows= 17608 cap=0.26 cfgs= 23.7 L=0.06416 old=0.05600 new=0.04671 tgt=-0.015/0.473 pstd=0.366 capv=0.040 lr=1.0e-03 gen=0.1s train=2.7s
[t=  37.0s] greedy ep 11 games=  96 dec= 17411 rows= 17411 cap=0.30 cfgs= 25.4 L=0.05980 old=0.05697 new=0.03957 tgt=-0.029/0.502 pstd=0.389 capv=0.040 lr=1.0e-03 gen=0.1s train=2.8s
[t=  40.0s] greedy ep 12 games=  96 dec= 16967 rows= 16967 cap=0.24 cfgs= 24.5 L=0.06585 old=0.06717 new=0.05191 tgt=-0.017/0.495 pstd=0.380 capv=0.040 lr=1.0e-03 gen=0.1s train=2.8s
[t=  43.4s] greedy ep 13 games=  96 dec= 18298 rows= 18298 cap=0.36 cfgs= 23.8 L=0.06337 old=0.06116 new=0.04743 tgt=-0.038/0.482 pstd=0.382 capv=0.040 lr=1.0e-03 gen=0.1s train=3.1s
[t=  46.4s] greedy ep 14 games=  96 dec= 16752 rows= 16752 cap=0.26 cfgs= 24.4 L=0.06412 old=0.05665 new=0.05121 tgt=-0.069/0.495 pstd=0.375 capv=0.040 lr=1.0e-03 gen=0.1s train=2.8s
[t=  49.6s] greedy ep 15 games=  96 dec= 17683 rows= 17683 cap=0.33 cfgs= 24.3 L=0.06360 old=0.06161 new=0.04706 tgt=-0.048/0.514 pstd=0.385 capv=0.040 lr=1.0e-03 gen=0.1s train=3.1s
[t=  52.8s] greedy ep 16 games=  96 dec= 17687 rows= 17687 cap=0.33 cfgs= 22.6 L=0.06219 old=0.06369 new=0.04476 tgt=-0.034/0.476 pstd=0.390 capv=0.040 lr=1.0e-03 gen=0.1s train=3.0s
[t=  56.0s] greedy ep 17 games=  96 dec= 17640 rows= 17640 cap=0.31 cfgs= 23.0 L=0.06531 old=0.06293 new=0.05518 tgt=-0.030/0.479 pstd=0.378 capv=0.040 lr=1.0e-03 gen=0.1s train=3.0s
[t=  59.3s] greedy ep 18 games=  96 dec= 18893 rows= 18893 cap=0.41 cfgs= 23.8 L=0.06279 old=0.06659 new=0.05398 tgt=-0.027/0.467 pstd=0.344 capv=0.040 lr=1.0e-03 gen=0.1s train=3.1s
[t=  62.3s] greedy ep 19 games=  96 dec= 17605 rows= 17605 cap=0.31 cfgs= 24.2 L=0.06623 old=0.06774 new=0.05832 tgt=+0.002/0.469 pstd=0.345 capv=0.040 lr=1.0e-03 gen=0.1s train=2.8s
[t=  65.3s] greedy ep 20 games=  96 dec= 17534 rows= 17534 cap=0.28 cfgs= 24.2 L=0.06712 old=0.06738 new=0.05587 tgt=-0.023/0.489 pstd=0.364 capv=0.040 lr=1.0e-03 gen=0.1s train=2.8s
[t=  68.3s] greedy ep 21 games=  96 dec= 17399 rows= 17399 cap=0.24 cfgs= 25.0 L=0.06802 old=0.06239 new=0.05665 tgt=-0.016/0.501 pstd=0.338 capv=0.040 lr=1.0e-03 gen=0.1s train=2.8s
[t=  71.3s] greedy ep 22 games=  96 dec= 17152 rows= 17152 cap=0.32 cfgs= 23.4 L=0.06768 old=0.06579 new=0.06357 tgt=-0.037/0.470 pstd=0.374 capv=0.040 lr=1.0e-03 gen=0.1s train=2.8s
[t=  74.5s] greedy ep 23 games=  96 dec= 18743 rows= 18743 cap=0.44 cfgs= 23.6 L=0.06654 old=0.06773 new=0.05875 tgt=-0.026/0.467 pstd=0.379 capv=0.040 lr=1.0e-03 gen=0.1s train=3.0s
[t=  77.4s] greedy ep 24 games=  96 dec= 16933 rows= 16933 cap=0.27 cfgs= 24.9 L=0.06602 old=0.06925 new=0.06221 tgt=-0.014/0.491 pstd=0.356 capv=0.040 lr=1.0e-03 gen=0.1s train=2.7s
[t=  80.7s] greedy ep 25 games=  96 dec= 18247 rows= 18247 cap=0.33 cfgs= 24.3 L=0.06570 old=0.07043 new=0.05378 tgt=-0.010/0.460 pstd=0.364 capv=0.040 lr=1.0e-03 gen=0.1s train=3.0s
[t=  83.8s] greedy ep 26 games=  96 dec= 17303 rows= 17303 cap=0.28 cfgs= 24.0 L=0.06747 old=0.06632 new=0.05672 tgt=-0.025/0.493 pstd=0.379 capv=0.040 lr=1.0e-03 gen=0.1s train=2.9s
[t=  87.0s] greedy ep 27 games=  96 dec= 17565 rows= 17565 cap=0.31 cfgs= 24.5 L=0.06720 old=0.06917 new=0.05760 tgt=-0.043/0.490 pstd=0.391 capv=0.040 lr=1.0e-03 gen=0.1s train=3.0s
[t=  90.2s] greedy ep 28 games=  96 dec= 17732 rows= 17732 cap=0.28 cfgs= 24.9 L=0.06677 old=0.07204 new=0.05804 tgt=+0.002/0.497 pstd=0.344 capv=0.040 lr=1.0e-03 gen=0.1s train=3.0s
[t=  93.5s] greedy ep 29 games=  96 dec= 17474 rows= 17474 cap=0.28 cfgs= 24.5 L=0.06982 old=0.06702 new=0.05749 tgt=-0.011/0.450 pstd=0.360 capv=0.040 lr=1.0e-03 gen=0.1s train=3.1s
[t=  97.1s] greedy ep 30 games=  96 dec= 17740 rows= 17740 cap=0.33 cfgs= 24.1 L=0.06641 old=0.07181 new=0.05585 tgt=-0.007/0.486 pstd=0.358 capv=0.040 lr=1.0e-03 gen=0.1s train=3.3s
[t= 100.3s] greedy ep 31 games=  96 dec= 17552 rows= 17552 cap=0.31 cfgs= 23.6 L=0.07130 old=0.08248 new=0.06404 tgt=-0.022/0.483 pstd=0.362 capv=0.040 lr=1.0e-03 gen=0.1s train=3.1s
[t= 103.6s] greedy ep 32 games=  96 dec= 17525 rows= 17525 cap=0.31 cfgs= 24.1 L=0.07028 old=0.07885 new=0.06778 tgt=-0.026/0.472 pstd=0.370 capv=0.040 lr=1.0e-03 gen=0.1s train=3.0s
[t= 107.4s] greedy ep 33 games=  96 dec= 18198 rows= 18198 cap=0.32 cfgs= 24.5 L=0.07033 old=0.08018 new=0.06560 tgt=-0.001/0.453 pstd=0.330 capv=0.040 lr=1.0e-03 gen=0.5s train=3.1s
[t= 111.9s] greedy ep 34 games=  96 dec= 16857 rows= 16857 cap=0.30 cfgs= 24.8 L=0.06932 old=0.07993 new=0.06639 tgt=-0.005/0.486 pstd=0.384 capv=0.040 lr=1.0e-03 gen=1.7s train=2.8s
[t= 115.6s] greedy ep 35 games=  96 dec= 17176 rows= 17176 cap=0.25 cfgs= 25.4 L=0.07192 old=0.07818 new=0.06688 tgt=-0.051/0.515 pstd=0.371 capv=0.040 lr=1.0e-03 gen=0.1s train=3.4s
[t= 119.0s] greedy ep 36 games=  96 dec= 17938 rows= 17938 cap=0.35 cfgs= 22.8 L=0.07165 old=0.07755 new=0.06575 tgt=-0.017/0.497 pstd=0.368 capv=0.040 lr=1.0e-03 gen=0.1s train=3.2s
[t= 122.1s] greedy ep 37 games=  96 dec= 17682 rows= 17682 cap=0.35 cfgs= 25.1 L=0.07126 old=0.07859 new=0.06171 tgt=-0.030/0.474 pstd=0.369 capv=0.040 lr=1.0e-03 gen=0.1s train=2.9s
[t= 125.3s] greedy ep 38 games=  96 dec= 18546 rows= 18546 cap=0.42 cfgs= 23.2 L=0.07042 old=0.07820 new=0.05349 tgt=+0.001/0.442 pstd=0.379 capv=0.040 lr=1.0e-03 gen=0.1s train=3.0s
[t= 128.7s] greedy ep 39 games=  96 dec= 18107 rows= 18107 cap=0.38 cfgs= 22.6 L=0.07025 old=0.07696 new=0.05833 tgt=-0.035/0.492 pstd=0.392 capv=0.040 lr=1.0e-03 gen=0.1s train=3.1s
[t= 131.9s] greedy ep 40 games=  96 dec= 17496 rows= 17496 cap=0.23 cfgs= 24.0 L=0.07100 old=0.07509 new=0.06032 tgt=-0.027/0.503 pstd=0.364 capv=0.040 lr=1.0e-03 gen=0.1s train=2.9s
[t= 135.0s] greedy ep 41 games=  96 dec= 16769 rows= 16769 cap=0.28 cfgs= 25.3 L=0.07319 old=0.08378 new=0.06830 tgt=-0.030/0.516 pstd=0.377 capv=0.040 lr=1.0e-03 gen=0.1s train=2.9s
[t= 138.1s] greedy ep 42 games=  96 dec= 17974 rows= 17974 cap=0.28 cfgs= 24.1 L=0.07338 old=0.06775 new=0.06265 tgt=-0.020/0.487 pstd=0.370 capv=0.040 lr=1.0e-03 gen=0.1s train=2.9s
[t= 141.1s] greedy ep 43 games=  96 dec= 17221 rows= 17221 cap=0.26 cfgs= 24.5 L=0.07482 old=0.07878 new=0.06724 tgt=-0.057/0.500 pstd=0.349 capv=0.040 lr=1.0e-03 gen=0.1s train=2.7s
[t= 144.0s] greedy ep 44 games=  96 dec= 17609 rows= 17609 cap=0.35 cfgs= 22.5 L=0.07514 old=0.08170 new=0.06788 tgt=-0.019/0.464 pstd=0.358 capv=0.040 lr=1.0e-03 gen=0.1s train=2.8s
[t= 147.2s] greedy ep 45 games=  96 dec= 17840 rows= 17840 cap=0.28 cfgs= 23.6 L=0.07435 old=0.07970 new=0.06730 tgt=-0.002/0.487 pstd=0.355 capv=0.040 lr=1.0e-03 gen=0.1s train=3.0s
[t= 150.5s] greedy ep 46 games=  96 dec= 17225 rows= 17225 cap=0.29 cfgs= 24.2 L=0.07474 old=0.07675 new=0.06911 tgt=-0.039/0.504 pstd=0.353 capv=0.040 lr=1.0e-03 gen=0.1s train=3.0s
[t= 153.6s] greedy ep 47 games=  96 dec= 17070 rows= 17070 cap=0.30 cfgs= 24.4 L=0.07629 old=0.07530 new=0.07415 tgt=-0.007/0.498 pstd=0.360 capv=0.040 lr=1.0e-03 gen=0.1s train=2.9s
[t= 156.9s] greedy ep 48 games=  96 dec= 18473 rows= 18473 cap=0.39 cfgs= 24.1 L=0.07559 old=0.07723 new=0.06559 tgt=-0.014/0.454 pstd=0.372 capv=0.040 lr=1.0e-03 gen=0.1s train=3.1s
[t= 160.0s] greedy ep 49 games=  96 dec= 17061 rows= 17061 cap=0.28 cfgs= 24.3 L=0.07585 old=0.07788 new=0.07172 tgt=-0.060/0.514 pstd=0.355 capv=0.040 lr=1.0e-03 gen=0.1s train=2.9s
[t= 163.2s] greedy ep 50 games=  96 dec= 17361 rows= 17361 cap=0.27 cfgs= 26.2 L=0.07814 old=0.07622 new=0.07448 tgt=-0.019/0.492 pstd=0.353 capv=0.040 lr=1.0e-03 gen=0.2s train=2.8s
[t= 166.4s] greedy ep 51 games=  96 dec= 18579 rows= 18579 cap=0.44 cfgs= 23.4 L=0.07622 old=0.07264 new=0.06796 tgt=-0.040/0.462 pstd=0.370 capv=0.040 lr=1.0e-03 gen=0.1s train=3.0s
[t= 169.4s] greedy ep 52 games=  96 dec= 17813 rows= 17813 cap=0.31 cfgs= 23.8 L=0.07585 old=0.08515 new=0.07180 tgt=-0.052/0.481 pstd=0.352 capv=0.040 lr=1.0e-03 gen=0.1s train=2.8s
[t= 172.4s] greedy ep 53 games=  96 dec= 17624 rows= 17624 cap=0.31 cfgs= 24.0 L=0.07723 old=0.08220 new=0.06825 tgt=-0.022/0.470 pstd=0.332 capv=0.040 lr=1.0e-03 gen=0.1s train=2.8s
[t= 175.4s] greedy ep 54 games=  96 dec= 17350 rows= 17350 cap=0.29 cfgs= 25.3 L=0.07562 old=0.07795 new=0.06850 tgt=-0.048/0.488 pstd=0.351 capv=0.040 lr=1.0e-03 gen=0.1s train=2.8s
[t= 178.5s] greedy ep 55 games=  96 dec= 17588 rows= 17588 cap=0.32 cfgs= 25.8 L=0.07514 old=0.08282 new=0.06856 tgt=+0.002/0.480 pstd=0.324 capv=0.040 lr=1.0e-03 gen=0.1s train=2.9s
[t= 181.6s] greedy ep 56 games=  96 dec= 17528 rows= 17528 cap=0.32 cfgs= 24.0 L=0.07749 old=0.07632 new=0.06685 tgt=-0.003/0.483 pstd=0.380 capv=0.040 lr=1.0e-03 gen=0.1s train=3.0s
[t= 184.7s] greedy ep 57 games=  96 dec= 17310 rows= 17310 cap=0.30 cfgs= 24.5 L=0.07608 old=0.07883 new=0.06522 tgt=+0.015/0.482 pstd=0.365 capv=0.040 lr=1.0e-03 gen=0.1s train=2.8s
[t= 188.8s] greedy ep 58 games=  96 dec= 17310 rows= 17310 cap=0.29 cfgs= 25.0 L=0.07793 old=0.08133 new=0.07005 tgt=+0.007/0.491 pstd=0.362 capv=0.040 lr=1.0e-03 gen=1.3s train=2.8s
[t= 192.1s] greedy ep 59 games=  96 dec= 17388 rows= 17388 cap=0.28 cfgs= 23.6 L=0.07738 old=0.07952 new=0.06809 tgt=+0.028/0.470 pstd=0.355 capv=0.040 lr=1.0e-03 gen=0.1s train=3.0s
[t= 195.2s] greedy ep 60 games=  96 dec= 17059 rows= 17059 cap=0.29 cfgs= 23.8 L=0.07715 old=0.08316 new=0.06511 tgt=+0.015/0.470 pstd=0.342 capv=0.040 lr=1.0e-03 gen=0.1s train=2.9s
[t= 198.3s] greedy ep 61 games=  96 dec= 17335 rows= 17335 cap=0.34 cfgs= 22.1 L=0.07758 old=0.08512 new=0.06722 tgt=-0.023/0.489 pstd=0.330 capv=0.040 lr=1.0e-03 gen=0.1s train=2.9s
[t= 201.5s] greedy ep 62 games=  96 dec= 17849 rows= 17849 cap=0.32 cfgs= 22.8 L=0.07696 old=0.08724 new=0.07167 tgt=-0.017/0.474 pstd=0.333 capv=0.040 lr=1.0e-03 gen=0.1s train=3.0s
[t= 204.6s] greedy ep 63 games=  96 dec= 17454 rows= 17454 cap=0.28 cfgs= 25.1 L=0.07759 old=0.08206 new=0.07455 tgt=-0.032/0.482 pstd=0.353 capv=0.040 lr=1.0e-03 gen=0.1s train=2.9s
[t= 207.5s] greedy ep 64 games=  96 dec= 16492 rows= 16492 cap=0.21 cfgs= 26.4 L=0.07911 old=0.07606 new=0.07657 tgt=+0.015/0.497 pstd=0.325 capv=0.040 lr=1.0e-03 gen=0.1s train=2.7s
[t= 210.5s] greedy ep 65 games=  96 dec= 16913 rows= 16913 cap=0.30 cfgs= 22.6 L=0.07836 old=0.08246 new=0.07618 tgt=+0.001/0.477 pstd=0.340 capv=0.040 lr=1.0e-03 gen=0.1s train=2.8s
[t= 213.3s] greedy ep 66 games=  96 dec= 16453 rows= 16453 cap=0.28 cfgs= 24.1 L=0.07803 old=0.08119 new=0.07611 tgt=-0.043/0.492 pstd=0.327 capv=0.040 lr=1.0e-03 gen=0.1s train=2.7s
[t= 216.5s] greedy ep 67 games=  96 dec= 17932 rows= 17932 cap=0.33 cfgs= 23.3 L=0.07924 old=0.08832 new=0.07184 tgt=-0.005/0.473 pstd=0.347 capv=0.040 lr=1.0e-03 gen=0.1s train=2.9s
[t= 219.5s] greedy ep 68 games=  96 dec= 16826 rows= 16826 cap=0.27 cfgs= 25.7 L=0.07901 old=0.08576 new=0.07106 tgt=-0.029/0.487 pstd=0.358 capv=0.040 lr=1.0e-03 gen=0.1s train=2.9s
[t= 222.7s] greedy ep 69 games=  96 dec= 17310 rows= 17310 cap=0.31 cfgs= 23.3 L=0.08001 old=0.08182 new=0.07787 tgt=-0.028/0.479 pstd=0.353 capv=0.040 lr=1.0e-03 gen=0.1s train=3.0s
[t= 225.8s] greedy ep 70 games=  96 dec= 17704 rows= 17704 cap=0.31 cfgs= 24.6 L=0.08019 old=0.08052 new=0.07598 tgt=-0.031/0.489 pstd=0.343 capv=0.040 lr=1.0e-03 gen=0.1s train=2.9s
[t= 228.8s] greedy ep 71 games=  96 dec= 16705 rows= 16705 cap=0.24 cfgs= 26.2 L=0.08047 old=0.08715 new=0.07975 tgt=-0.029/0.489 pstd=0.363 capv=0.040 lr=1.0e-03 gen=0.1s train=2.7s
[t= 232.3s] greedy ep 72 games=  96 dec= 18615 rows= 18615 cap=0.36 cfgs= 22.4 L=0.08021 old=0.08154 new=0.07361 tgt=-0.017/0.471 pstd=0.336 capv=0.040 lr=1.0e-03 gen=0.3s train=3.2s
[t= 237.6s] greedy ep 73 games=  96 dec= 17566 rows= 17566 cap=0.34 cfgs= 25.4 L=0.08062 old=0.08548 new=0.07320 tgt=-0.047/0.478 pstd=0.337 capv=0.040 lr=1.0e-03 gen=2.2s train=3.1s
[t= 240.6s] greedy ep 74 games=  96 dec= 17155 rows= 17155 cap=0.34 cfgs= 24.1 L=0.07992 old=0.08799 new=0.07392 tgt=-0.048/0.503 pstd=0.320 capv=0.040 lr=1.0e-03 gen=0.1s train=2.8s
[t= 243.9s] greedy ep 75 games=  96 dec= 17859 rows= 17859 cap=0.32 cfgs= 23.4 L=0.08007 old=0.07929 new=0.07320 tgt=+0.008/0.471 pstd=0.332 capv=0.040 lr=1.0e-03 gen=0.1s train=3.1s
[t= 247.1s] greedy ep 76 games=  96 dec= 18211 rows= 18211 cap=0.34 cfgs= 23.2 L=0.08041 old=0.08108 new=0.07480 tgt=-0.024/0.477 pstd=0.330 capv=0.040 lr=1.0e-03 gen=0.1s train=3.0s
[t= 253.6s] greedy ep 77 games=  96 dec= 17963 rows= 17963 cap=0.32 cfgs= 23.8 L=0.08153 old=0.08649 new=0.07480 tgt=-0.022/0.458 pstd=0.340 capv=0.040 lr=1.0e-03 gen=3.5s train=2.9s
[t= 256.7s] greedy ep 78 games=  96 dec= 17277 rows= 17277 cap=0.27 cfgs= 24.4 L=0.08132 old=0.07938 new=0.07402 tgt=-0.018/0.482 pstd=0.341 capv=0.040 lr=1.0e-03 gen=0.1s train=2.9s
[t= 260.0s] greedy ep 79 games=  96 dec= 17829 rows= 17829 cap=0.32 cfgs= 24.6 L=0.08111 old=0.08844 new=0.07320 tgt=-0.034/0.497 pstd=0.349 capv=0.040 lr=1.0e-03 gen=0.1s train=3.1s
[t= 263.0s] greedy ep 80 games=  96 dec= 16116 rows= 16116 cap=0.21 cfgs= 25.4 L=0.08283 old=0.08706 new=0.07636 tgt=+0.002/0.498 pstd=0.333 capv=0.040 lr=1.0e-03 gen=0.1s train=2.8s
[t= 266.4s] greedy ep 81 games=  96 dec= 18601 rows= 18601 cap=0.33 cfgs= 22.1 L=0.08239 old=0.07721 new=0.07747 tgt=-0.028/0.463 pstd=0.339 capv=0.040 lr=1.0e-03 gen=0.1s train=3.2s
[t= 269.4s] greedy ep 82 games=  96 dec= 16677 rows= 16677 cap=0.24 cfgs= 25.2 L=0.08278 old=0.08952 new=0.07810 tgt=-0.035/0.508 pstd=0.341 capv=0.040 lr=1.0e-03 gen=0.1s train=2.8s
[t= 272.6s] greedy ep 83 games=  96 dec= 17613 rows= 17613 cap=0.30 cfgs= 23.8 L=0.08369 old=0.08144 new=0.08023 tgt=-0.019/0.474 pstd=0.344 capv=0.040 lr=1.0e-03 gen=0.1s train=3.0s
[t= 275.8s] greedy ep 84 games=  96 dec= 16310 rows= 16310 cap=0.21 cfgs= 26.8 L=0.08399 old=0.08154 new=0.08025 tgt=-0.034/0.514 pstd=0.343 capv=0.040 lr=1.0e-03 gen=0.1s train=2.9s
[t= 278.9s] greedy ep 85 games=  96 dec= 16893 rows= 16893 cap=0.25 cfgs= 25.1 L=0.08454 old=0.08976 new=0.08120 tgt=-0.043/0.503 pstd=0.337 capv=0.040 lr=1.0e-03 gen=0.1s train=2.9s
[t= 281.9s] greedy ep 86 games=  96 dec= 16629 rows= 16629 cap=0.26 cfgs= 24.5 L=0.08382 old=0.09351 new=0.08547 tgt=-0.063/0.525 pstd=0.352 capv=0.040 lr=1.0e-03 gen=0.1s train=2.9s
[t= 285.1s] greedy ep 87 games=  96 dec= 17545 rows= 17545 cap=0.31 cfgs= 24.4 L=0.08450 old=0.08863 new=0.07829 tgt=+0.010/0.470 pstd=0.360 capv=0.040 lr=1.0e-03 gen=0.1s train=3.0s
[t= 288.2s] greedy ep 88 games=  96 dec= 17434 rows= 17434 cap=0.29 cfgs= 22.6 L=0.08507 old=0.09016 new=0.08237 tgt=-0.026/0.471 pstd=0.323 capv=0.040 lr=1.0e-03 gen=0.1s train=2.9s
[t= 291.3s] greedy ep 89 games=  96 dec= 17121 rows= 17121 cap=0.28 cfgs= 24.6 L=0.08477 old=0.09137 new=0.07871 tgt=-0.020/0.497 pstd=0.323 capv=0.040 lr=1.0e-03 gen=0.1s train=2.9s
[t= 294.1s] greedy ep 90 games=  96 dec= 16075 rows= 16075 cap=0.22 cfgs= 26.7 L=0.08500 old=0.09105 new=0.08806 tgt=-0.016/0.520 pstd=0.322 capv=0.040 lr=1.0e-03 gen=0.1s train=2.6s
[t= 297.1s] greedy ep 91 games=  96 dec= 17212 rows= 17212 cap=0.27 cfgs= 26.0 L=0.08600 old=0.09062 new=0.08390 tgt=-0.040/0.501 pstd=0.321 capv=0.040 lr=1.0e-03 gen=0.1s train=2.8s
[t= 300.0s] greedy ep 92 games=  96 dec= 15930 rows= 15930 cap=0.19 cfgs= 26.1 L=0.08757 old=0.08599 new=0.08092 tgt=+0.004/0.489 pstd=0.341 capv=0.040 lr=1.0e-03 gen=0.1s train=2.7s
[t= 300.0s] --- snapshot snap_00.pt (init) ---
[t= 300.0s] --- switching to ReBeL ---
[t= 448.8s] rebel  ep 93 games=  48 dec=  6059 rows= 32256 cap=0.04 cfgs= 15.5 L=0.02438 old=0.01365 new=0.01450 tgt=-0.022/0.472 pstd=0.321 capv=0.040 lr=1.0e-03 gen=148.3s train=0.4s
[t= 586.6s] rebel  ep 94 games=  48 dec=  4790 rows= 25447 cap=0.00 cfgs= 19.1 L=0.02019 old=0.01764 new=0.01408 tgt=-0.058/0.440 pstd=0.312 capv=0.039 lr=1.0e-03 gen=137.4s train=0.3s
[t= 752.0s] rebel  ep 95 games=  48 dec=  5377 rows= 28582 cap=0.04 cfgs= 19.1 L=0.01972 old=0.01583 new=0.01109 tgt=-0.043/0.469 pstd=0.305 capv=0.038 lr=1.0e-03 gen=165.0s train=0.3s
[t= 893.1s] rebel  ep 96 games=  48 dec=  4557 rows= 24149 cap=0.02 cfgs= 17.3 L=0.01856 old=0.01393 new=0.01107 tgt=-0.075/0.500 pstd=0.314 capv=0.037 lr=1.0e-03 gen=140.7s train=0.3s
[t=1020.6s] rebel  ep 97 games=  48 dec=  4266 rows= 22642 cap=0.00 cfgs= 17.1 L=0.01656 old=0.01350 new=0.01381 tgt=-0.084/0.489 pstd=0.311 capv=0.036 lr=1.0e-03 gen=127.2s train=0.3s
[t=1180.8s] rebel  ep 98 games=  48 dec=  4574 rows= 24149 cap=0.00 cfgs= 17.9 L=0.01631 old=0.01441 new=0.01210 tgt=-0.126/0.510 pstd=0.312 capv=0.035 lr=1.0e-03 gen=159.8s train=0.3s
[t=1336.5s] rebel  ep 99 games=  48 dec=  3994 rows= 21179 cap=0.02 cfgs= 19.9 L=0.01583 old=0.01258 new=0.01409 tgt=-0.141/0.480 pstd=0.317 capv=0.034 lr=1.0e-03 gen=155.3s train=0.3s
[t=1490.5s] rebel  ep100 games=  48 dec=  4124 rows= 21817 cap=0.00 cfgs= 18.0 L=0.01509 old=0.01510 new=0.01036 tgt=-0.164/0.523 pstd=0.319 capv=0.033 lr=1.0e-03 gen=153.5s train=0.4s
[t=1663.3s] rebel  ep101 games=  48 dec=  4367 rows= 23214 cap=0.02 cfgs= 18.3 L=0.01530 old=0.01429 new=0.01119 tgt=-0.128/0.567 pstd=0.314 capv=0.033 lr=1.0e-03 gen=172.4s train=0.3s
[t=1817.6s] rebel  ep102 games=  48 dec=  4425 rows= 23335 cap=0.04 cfgs= 13.7 L=0.01483 old=0.01292 new=0.01273 tgt=-0.020/0.467 pstd=0.315 capv=0.031 lr=1.0e-03 gen=154.0s train=0.3s
[t=1976.1s] rebel  ep103 games=  48 dec=  4438 rows= 23445 cap=0.02 cfgs= 16.8 L=0.01595 old=0.01332 new=0.01255 tgt=-0.057/0.577 pstd=0.315 capv=0.030 lr=1.0e-03 gen=158.0s train=0.3s
[t=2203.8s] rebel  ep104 games=  48 dec=  4707 rows= 24908 cap=0.02 cfgs= 21.5 L=0.01453 old=0.01220 new=0.00955 tgt=-0.225/0.565 pstd=0.319 capv=0.029 lr=1.0e-03 gen=227.2s train=0.4s
[t=2368.3s] rebel  ep105 games=  48 dec=  4507 rows= 23742 cap=0.00 cfgs= 15.9 L=0.01484 old=0.01252 new=0.01274 tgt=-0.033/0.479 pstd=0.321 capv=0.028 lr=1.0e-03 gen=164.0s train=0.4s
[t=2521.2s] rebel  ep106 games=  48 dec=  4035 rows= 21355 cap=0.00 cfgs= 16.3 L=0.01462 old=0.01399 new=0.01044 tgt=-0.149/0.511 pstd=0.324 capv=0.027 lr=1.0e-03 gen=152.4s train=0.3s
[t=2697.7s] rebel  ep107 games=  48 dec=  4523 rows= 23830 cap=0.00 cfgs= 17.0 L=0.01400 old=0.01302 new=0.01050 tgt=-0.183/0.542 pstd=0.329 capv=0.026 lr=1.0e-03 gen=176.1s train=0.4s
[t=2873.8s] rebel  ep108 games=  48 dec=  4424 rows= 23346 cap=0.00 cfgs= 18.5 L=0.01430 old=0.01148 new=0.01102 tgt=-0.241/0.573 pstd=0.321 capv=0.025 lr=1.0e-03 gen=175.7s train=0.3s
[t=3024.6s] rebel  ep109 games=  48 dec=  4123 rows= 21784 cap=0.00 cfgs= 17.2 L=0.01469 old=0.01104 new=0.01364 tgt=-0.125/0.514 pstd=0.312 capv=0.024 lr=1.0e-03 gen=150.4s train=0.3s
[t=3177.1s] rebel  ep110 games=  48 dec=  3993 rows= 21080 cap=0.00 cfgs= 16.1 L=0.01471 old=0.01237 new=0.01364 tgt=-0.083/0.521 pstd=0.316 capv=0.023 lr=1.0e-03 gen=152.1s train=0.3s
[t=3369.3s] rebel  ep111 games=  48 dec=  4271 rows= 22477 cap=0.00 cfgs= 18.7 L=0.01324 old=0.01194 new=0.01059 tgt=-0.175/0.566 pstd=0.319 capv=0.022 lr=1.0e-03 gen=191.8s train=0.3s
[t=3547.9s] rebel  ep112 games=  48 dec=  4392 rows= 23170 cap=0.00 cfgs= 18.0 L=0.01316 old=0.01251 new=0.01133 tgt=-0.192/0.586 pstd=0.316 capv=0.021 lr=1.0e-03 gen=178.2s train=0.3s
[t=3726.4s] rebel  ep113 games=  48 dec=  4459 rows= 23643 cap=0.02 cfgs= 15.5 L=0.01357 old=0.01317 new=0.01029 tgt=-0.042/0.466 pstd=0.314 capv=0.020 lr=1.0e-03 gen=177.9s train=0.5s
[t=3900.5s] --- snapshot snap_01.pt (s1) ---
[t=3900.5s] rebel  ep114 games=  48 dec=  4390 rows= 23214 cap=0.00 cfgs= 16.8 L=0.01341 old=0.01204 new=0.01067 tgt=-0.144/0.556 pstd=0.313 capv=0.018 lr=1.0e-03 gen=173.7s train=0.3s
[t=4056.0s] rebel  ep115 games=  48 dec=  4142 rows= 21806 cap=0.00 cfgs= 16.2 L=0.01501 old=0.01338 new=0.01551 tgt=-0.101/0.518 pstd=0.313 capv=0.017 lr=1.0e-03 gen=155.1s train=0.3s
[t=4227.2s] rebel  ep116 games=  48 dec=  4210 rows= 22224 cap=0.00 cfgs= 17.2 L=0.01411 old=0.01164 new=0.01326 tgt=-0.113/0.501 pstd=0.308 capv=0.016 lr=1.0e-03 gen=170.8s train=0.3s
[t=4399.6s] rebel  ep117 games=  48 dec=  4519 rows= 23940 cap=0.02 cfgs= 21.7 L=0.01434 old=0.01261 new=0.01283 tgt=-0.244/0.571 pstd=0.319 capv=0.015 lr=1.0e-03 gen=172.0s train=0.3s
[t=4553.8s] rebel  ep118 games=  48 dec=  4103 rows= 21663 cap=0.00 cfgs= 17.6 L=0.01377 old=0.01247 new=0.01050 tgt=-0.125/0.556 pstd=0.319 capv=0.014 lr=1.0e-03 gen=153.8s train=0.3s
[t=4703.1s] rebel  ep119 games=  48 dec=  4816 rows= 25469 cap=0.02 cfgs= 14.4 L=0.01288 old=0.00975 new=0.01149 tgt=-0.033/0.490 pstd=0.312 capv=0.013 lr=1.0e-03 gen=148.9s train=0.3s
[t=4884.6s] rebel  ep120 games=  48 dec=  4764 rows= 25128 cap=0.02 cfgs= 19.9 L=0.01325 old=0.01266 new=0.01136 tgt=-0.154/0.585 pstd=0.319 capv=0.012 lr=1.0e-03 gen=181.1s train=0.3s
[t=5033.8s] rebel  ep121 games=  48 dec=  4580 rows= 24215 cap=0.02 cfgs= 14.6 L=0.01476 old=0.01114 new=0.01230 tgt=-0.100/0.498 pstd=0.321 capv=0.011 lr=1.0e-03 gen=148.8s train=0.3s
[t=5202.9s] rebel  ep122 games=  48 dec=  4596 rows= 24270 cap=0.00 cfgs= 16.4 L=0.01446 old=0.01187 new=0.01150 tgt=-0.131/0.543 pstd=0.310 capv=0.010 lr=1.0e-03 gen=168.8s train=0.3s
[t=5364.7s] rebel  ep123 games=  48 dec=  3917 rows= 20497 cap=0.00 cfgs= 18.3 L=0.01403 old=0.01073 new=0.01220 tgt=-0.222/0.580 pstd=0.310 capv=0.009 lr=1.0e-03 gen=161.5s train=0.2s
[t=5538.2s] rebel  ep124 games=  48 dec=  4463 rows= 23456 cap=0.04 cfgs= 19.2 L=0.01408 old=0.01131 new=0.01315 tgt=-0.203/0.541 pstd=0.310 capv=0.008 lr=1.0e-03 gen=173.1s train=0.3s
[t=5706.6s] rebel  ep125 games=  48 dec=  4254 rows= 22356 cap=0.00 cfgs= 16.6 L=0.01342 old=0.01389 new=0.01324 tgt=-0.063/0.460 pstd=0.316 capv=0.007 lr=1.0e-03 gen=167.8s train=0.4s
[t=5706.6s] --- lr -> 5.00e-04 ---
[t=5882.4s] rebel  ep126 games=  48 dec=  4311 rows= 22719 cap=0.02 cfgs= 17.4 L=0.01373 old=0.01028 new=0.01157 tgt=-0.163/0.504 pstd=0.322 capv=0.006 lr=5.0e-04 gen=175.5s train=0.3s
[t=6027.3s] rebel  ep127 games=  48 dec=  4546 rows= 24006 cap=0.04 cfgs= 17.2 L=0.01306 old=0.01123 new=0.01467 tgt=-0.185/0.578 pstd=0.323 capv=0.005 lr=5.0e-04 gen=144.5s train=0.3s
[t=6175.5s] rebel  ep128 games=  48 dec=  4146 rows= 21905 cap=0.02 cfgs= 16.7 L=0.01374 old=0.01238 new=0.01262 tgt=-0.102/0.537 pstd=0.318 capv=0.004 lr=5.0e-04 gen=147.9s train=0.3s
[t=6328.1s] rebel  ep129 games=  48 dec=  4153 rows= 21817 cap=0.02 cfgs= 20.2 L=0.01371 old=0.01117 new=0.01252 tgt=-0.190/0.555 pstd=0.316 capv=0.003 lr=5.0e-04 gen=152.2s train=0.3s
[t=6476.3s] rebel  ep130 games=  48 dec=  4093 rows= 21619 cap=0.00 cfgs= 17.0 L=0.01374 old=0.01065 new=0.01154 tgt=-0.144/0.531 pstd=0.319 capv=0.002 lr=5.0e-04 gen=147.8s train=0.3s
[t=6657.0s] rebel  ep131 games=  48 dec=  4512 rows= 23786 cap=0.02 cfgs= 19.8 L=0.01329 old=0.01346 new=0.01266 tgt=-0.143/0.578 pstd=0.320 capv=0.001 lr=5.0e-04 gen=180.3s train=0.3s
[t=6826.5s] rebel  ep132 games=  48 dec=  4093 rows= 21586 cap=0.00 cfgs= 17.2 L=0.01340 old=0.01283 new=0.01106 tgt=-0.091/0.505 pstd=0.321 capv=0.000 lr=5.0e-04 gen=169.2s train=0.3s
[t=6990.1s] rebel  ep133 games=  48 dec=  4447 rows= 23368 cap=0.00 cfgs= 15.8 L=0.01267 old=0.01254 new=0.00968 tgt=-0.083/0.583 pstd=0.316 capv=0.000 lr=5.0e-04 gen=163.2s train=0.3s
[t=7160.1s] rebel  ep134 games=  48 dec=  4239 rows= 22279 cap=0.00 cfgs= 15.6 L=0.01306 old=0.00986 new=0.01093 tgt=-0.057/0.446 pstd=0.317 capv=0.000 lr=5.0e-04 gen=169.7s train=0.3s
[t=7317.9s] rebel  ep135 games=  48 dec=  4733 rows= 24886 cap=0.00 cfgs= 13.8 L=0.01272 old=0.01182 new=0.01121 tgt=-0.051/0.471 pstd=0.315 capv=0.000 lr=5.0e-04 gen=157.4s train=0.3s
[t=7472.8s] rebel  ep136 games=  48 dec=  4449 rows= 23544 cap=0.00 cfgs= 14.2 L=0.01296 old=0.01187 new=0.01130 tgt=+0.002/0.491 pstd=0.320 capv=0.000 lr=5.0e-04 gen=154.5s train=0.3s
[t=7665.5s] --- snapshot snap_02.pt (s2) ---
[t=7665.5s] rebel  ep137 games=  48 dec=  4795 rows= 25249 cap=0.04 cfgs= 16.5 L=0.01355 old=0.01077 new=0.01273 tgt=-0.050/0.532 pstd=0.317 capv=0.000 lr=5.0e-04 gen=192.2s train=0.3s
[t=7835.7s] rebel  ep138 games=  48 dec=  4327 rows= 22796 cap=0.02 cfgs= 16.1 L=0.01279 old=0.01150 new=0.01319 tgt=-0.066/0.576 pstd=0.320 capv=0.000 lr=5.0e-04 gen=169.9s train=0.3s
[t=8018.7s] rebel  ep139 games=  48 dec=  4634 rows= 24446 cap=0.02 cfgs= 14.9 L=0.01359 old=0.01290 new=0.01128 tgt=-0.003/0.473 pstd=0.323 capv=0.000 lr=5.0e-04 gen=182.6s train=0.3s
[t=8200.6s] rebel  ep140 games=  48 dec=  5026 rows= 26470 cap=0.04 cfgs= 16.2 L=0.01318 old=0.01305 new=0.01055 tgt=-0.162/0.633 pstd=0.321 capv=0.000 lr=5.0e-04 gen=181.5s train=0.3s
[t=8371.4s] rebel  ep141 games=  48 dec=  4395 rows= 22939 cap=0.00 cfgs= 14.9 L=0.01424 old=0.01347 new=0.01006 tgt=-0.084/0.580 pstd=0.320 capv=0.000 lr=5.0e-04 gen=170.5s train=0.3s
[t=8552.0s] rebel  ep142 games=  48 dec=  4340 rows= 22851 cap=0.02 cfgs= 18.2 L=0.01375 old=0.01231 new=0.01352 tgt=-0.151/0.573 pstd=0.316 capv=0.000 lr=5.0e-04 gen=180.2s train=0.3s
[t=8749.9s] rebel  ep143 games=  48 dec=  4762 rows= 25172 cap=0.04 cfgs= 18.1 L=0.01392 old=0.01180 new=0.00954 tgt=-0.116/0.550 pstd=0.310 capv=0.000 lr=5.0e-04 gen=197.5s train=0.3s
[t=8901.3s] rebel  ep144 games=  48 dec=  4490 rows= 23632 cap=0.00 cfgs= 13.3 L=0.01287 old=0.01158 new=0.01267 tgt=-0.032/0.486 pstd=0.319 capv=0.000 lr=5.0e-04 gen=151.0s train=0.3s
[t=9057.1s] rebel  ep145 games=  48 dec=  4255 rows= 22356 cap=0.00 cfgs= 14.0 L=0.01393 old=0.01084 new=0.01023 tgt=-0.035/0.479 pstd=0.323 capv=0.000 lr=5.0e-04 gen=155.4s train=0.3s
[t=9244.3s] rebel  ep146 games=  48 dec=  4521 rows= 23731 cap=0.02 cfgs= 17.9 L=0.01401 old=0.01090 new=0.01353 tgt=-0.130/0.586 pstd=0.321 capv=0.000 lr=5.0e-04 gen=186.9s train=0.3s
[t=9403.1s] rebel  ep147 games=  48 dec=  4128 rows= 21663 cap=0.00 cfgs= 16.4 L=0.01361 old=0.01401 new=0.01231 tgt=-0.147/0.526 pstd=0.315 capv=0.000 lr=5.0e-04 gen=158.4s train=0.3s
[t=9582.1s] rebel  ep148 games=  48 dec=  4700 rows= 24776 cap=0.02 cfgs= 14.7 L=0.01397 old=0.01403 new=0.01272 tgt=-0.081/0.523 pstd=0.317 capv=0.000 lr=5.0e-04 gen=178.6s train=0.3s
[t=9749.8s] rebel  ep149 games=  48 dec=  4565 rows= 23973 cap=0.00 cfgs= 16.5 L=0.01362 old=0.01295 new=0.01173 tgt=-0.156/0.576 pstd=0.318 capv=0.000 lr=5.0e-04 gen=167.2s train=0.3s
[t=9916.9s] rebel  ep150 games=  48 dec=  4393 rows= 23181 cap=0.00 cfgs= 15.2 L=0.01330 old=0.01101 new=0.01214 tgt=-0.079/0.545 pstd=0.322 capv=0.000 lr=5.0e-04 gen=166.7s train=0.3s
[t=10078.4s] rebel  ep151 games=  48 dec=  4306 rows= 22598 cap=0.00 cfgs= 15.7 L=0.01243 old=0.01156 new=0.01146 tgt=-0.151/0.530 pstd=0.318 capv=0.000 lr=5.0e-04 gen=161.2s train=0.3s
[t=10231.4s] rebel  ep152 games=  48 dec=  4141 rows= 21817 cap=0.02 cfgs= 14.2 L=0.01334 old=0.01376 new=0.01118 tgt=-0.094/0.543 pstd=0.323 capv=0.000 lr=5.0e-04 gen=152.6s train=0.3s
[t=10399.9s] rebel  ep153 games=  48 dec=  4264 rows= 22499 cap=0.00 cfgs= 15.9 L=0.01358 old=0.01220 new=0.01108 tgt=-0.092/0.485 pstd=0.322 capv=0.000 lr=5.0e-04 gen=168.1s train=0.3s
[t=10567.3s] rebel  ep154 games=  48 dec=  4618 rows= 24259 cap=0.04 cfgs= 14.9 L=0.01348 old=0.01144 new=0.01078 tgt=-0.102/0.500 pstd=0.317 capv=0.000 lr=5.0e-04 gen=167.1s train=0.3s
[t=10742.8s] rebel  ep155 games=  48 dec=  4800 rows= 25315 cap=0.02 cfgs= 15.9 L=0.01354 old=0.01088 new=0.01103 tgt=-0.126/0.561 pstd=0.315 capv=0.000 lr=5.0e-04 gen=175.1s train=0.3s
[t=10894.9s] rebel  ep156 games=  48 dec=  4151 rows= 21806 cap=0.00 cfgs= 15.5 L=0.01308 old=0.01188 new=0.01177 tgt=-0.055/0.548 pstd=0.320 capv=0.000 lr=5.0e-04 gen=151.7s train=0.3s
[t=11070.3s] rebel  ep157 games=  48 dec=  4695 rows= 24743 cap=0.02 cfgs= 15.4 L=0.01232 old=0.01125 new=0.01281 tgt=-0.091/0.526 pstd=0.325 capv=0.000 lr=5.0e-04 gen=175.0s train=0.3s
[t=11070.4s] --- lr -> 2.50e-04 ---
[t=11242.1s] rebel  ep158 games=  48 dec=  4376 rows= 23115 cap=0.00 cfgs= 16.8 L=0.01309 old=0.01294 new=0.01157 tgt=-0.151/0.508 pstd=0.318 capv=0.000 lr=2.5e-04 gen=171.3s train=0.3s
[t=11388.7s] --- snapshot snap_03.pt (s3) ---
[t=11388.8s] rebel  ep159 games=  48 dec=  4422 rows= 23313 cap=0.02 cfgs= 15.3 L=0.01260 old=0.01059 new=0.01147 tgt=-0.116/0.595 pstd=0.323 capv=0.000 lr=2.5e-04 gen=146.3s train=0.3s
[t=11546.0s] rebel  ep160 games=  48 dec=  4185 rows= 21949 cap=0.00 cfgs= 16.1 L=0.01358 old=0.01190 new=0.01128 tgt=-0.112/0.542 pstd=0.318 capv=0.000 lr=2.5e-04 gen=156.9s train=0.3s
[t=11703.2s] rebel  ep161 games=  48 dec=  4447 rows= 23412 cap=0.02 cfgs= 14.1 L=0.01288 old=0.01173 new=0.01281 tgt=-0.042/0.508 pstd=0.323 capv=0.000 lr=2.5e-04 gen=156.8s train=0.3s
[t=11860.4s] rebel  ep162 games=  48 dec=  4036 rows= 21179 cap=0.00 cfgs= 14.9 L=0.01264 old=0.01276 new=0.01381 tgt=-0.034/0.486 pstd=0.323 capv=0.000 lr=2.5e-04 gen=156.8s train=0.3s
[t=12041.4s] rebel  ep163 games=  48 dec=  4679 rows= 24644 cap=0.00 cfgs= 16.1 L=0.01345 old=0.01236 new=0.01099 tgt=-0.105/0.525 pstd=0.318 capv=0.000 lr=2.5e-04 gen=180.6s train=0.3s
[t=12204.0s] rebel  ep164 games=  48 dec=  4665 rows= 24578 cap=0.02 cfgs= 14.3 L=0.01346 old=0.01265 new=0.01507 tgt=-0.047/0.504 pstd=0.319 capv=0.000 lr=2.5e-04 gen=162.2s train=0.3s
[t=12371.9s] rebel  ep165 games=  48 dec=  4468 rows= 23555 cap=0.00 cfgs= 15.4 L=0.01373 old=0.01285 new=0.01151 tgt=-0.057/0.457 pstd=0.319 capv=0.000 lr=2.5e-04 gen=167.5s train=0.3s
[t=12541.6s] rebel  ep166 games=  48 dec=  4349 rows= 22840 cap=0.00 cfgs= 15.4 L=0.01298 old=0.01263 new=0.01152 tgt=-0.109/0.518 pstd=0.319 capv=0.000 lr=2.5e-04 gen=169.3s train=0.3s
[t=12690.9s] rebel  ep167 games=  48 dec=  4634 rows= 24413 cap=0.04 cfgs= 14.2 L=0.01327 old=0.01261 new=0.01493 tgt=+0.009/0.504 pstd=0.321 capv=0.000 lr=2.5e-04 gen=149.0s train=0.3s
[t=12829.5s] rebel  ep168 games=  48 dec=  4659 rows= 24446 cap=0.02 cfgs= 13.8 L=0.01347 old=0.01185 new=0.01214 tgt=-0.039/0.539 pstd=0.319 capv=0.000 lr=2.5e-04 gen=138.2s train=0.3s
[t=12971.9s] rebel  ep169 games=  48 dec=  4344 rows= 22840 cap=0.02 cfgs= 15.9 L=0.01381 old=0.00957 new=0.01372 tgt=-0.116/0.528 pstd=0.320 capv=0.000 lr=2.5e-04 gen=142.1s train=0.2s
[t=13100.9s] rebel  ep170 games=  48 dec=  4109 rows= 21498 cap=0.02 cfgs= 13.8 L=0.01340 old=0.01107 new=0.01331 tgt=-0.035/0.494 pstd=0.320 capv=0.000 lr=2.5e-04 gen=128.7s train=0.2s
[t=13244.8s] rebel  ep171 games=  48 dec=  4418 rows= 23093 cap=0.02 cfgs= 14.4 L=0.01283 old=0.01332 new=0.01576 tgt=-0.079/0.506 pstd=0.318 capv=0.000 lr=2.5e-04 gen=143.5s train=0.2s
[t=13398.0s] rebel  ep172 games=  48 dec=  4089 rows= 21454 cap=0.00 cfgs= 17.8 L=0.01447 old=0.01118 new=0.01252 tgt=-0.149/0.527 pstd=0.322 capv=0.000 lr=2.5e-04 gen=152.9s train=0.2s
[t=13549.8s] rebel  ep173 games=  48 dec=  4557 rows= 23940 cap=0.00 cfgs= 14.3 L=0.01439 old=0.01273 new=0.01050 tgt=-0.038/0.490 pstd=0.321 capv=0.000 lr=2.5e-04 gen=151.5s train=0.3s
[t=13704.1s] rebel  ep174 games=  48 dec=  4593 rows= 24138 cap=0.04 cfgs= 15.9 L=0.01385 old=0.01079 new=0.01173 tgt=-0.083/0.574 pstd=0.320 capv=0.000 lr=2.5e-04 gen=153.9s train=0.3s
[t=13868.2s] rebel  ep175 games=  48 dec=  4342 rows= 22785 cap=0.02 cfgs= 18.1 L=0.01353 old=0.01068 new=0.01421 tgt=-0.165/0.549 pstd=0.324 capv=0.000 lr=2.5e-04 gen=163.8s train=0.2s
[t=14023.0s] rebel  ep176 games=  48 dec=  4634 rows= 24369 cap=0.02 cfgs= 15.2 L=0.01387 old=0.01264 new=0.01182 tgt=-0.122/0.498 pstd=0.322 capv=0.000 lr=2.5e-04 gen=154.4s train=0.3s
[t=14176.5s] rebel  ep177 games=  48 dec=  4692 rows= 24677 cap=0.04 cfgs= 14.1 L=0.01368 old=0.01274 new=0.01131 tgt=-0.033/0.491 pstd=0.322 capv=0.000 lr=2.5e-04 gen=153.1s train=0.3s
[t=14327.9s] rebel  ep178 games=  48 dec=  4594 rows= 24127 cap=0.02 cfgs= 14.3 L=0.01333 old=0.01439 new=0.01144 tgt=-0.104/0.536 pstd=0.323 capv=0.000 lr=2.5e-04 gen=151.1s train=0.3s
[t=14488.5s] rebel  ep179 games=  48 dec=  4483 rows= 23577 cap=0.02 cfgs= 17.0 L=0.01310 old=0.01115 new=0.01240 tgt=-0.125/0.524 pstd=0.322 capv=0.000 lr=2.5e-04 gen=160.2s train=0.3s
[t=14639.8s] rebel  ep180 games=  48 dec=  3984 rows= 20871 cap=0.00 cfgs= 16.5 L=0.01483 old=0.01114 new=0.01361 tgt=-0.106/0.514 pstd=0.320 capv=0.000 lr=2.5e-04 gen=151.0s train=0.2s
[t=14790.3s] rebel  ep181 games=  48 dec=  4582 rows= 24072 cap=0.02 cfgs= 15.1 L=0.01353 old=0.01033 new=0.01366 tgt=-0.104/0.527 pstd=0.322 capv=0.000 lr=2.5e-04 gen=150.1s train=0.3s
[t=14937.4s] rebel  ep182 games=  48 dec=  4551 rows= 23907 cap=0.02 cfgs= 16.4 L=0.01424 old=0.01062 new=0.01568 tgt=-0.080/0.525 pstd=0.322 capv=0.000 lr=2.5e-04 gen=146.7s train=0.3s
[t=15062.6s] --- snapshot snap_04.pt (s4) ---
[t=15062.6s] rebel  ep183 games=  48 dec=  4228 rows= 22092 cap=0.00 cfgs= 14.3 L=0.01343 old=0.01069 new=0.01486 tgt=-0.034/0.516 pstd=0.324 capv=0.000 lr=2.5e-04 gen=124.8s train=0.2s
[t=15200.9s] rebel  ep184 games=  48 dec=  4629 rows= 24292 cap=0.00 cfgs= 14.9 L=0.01282 old=0.01296 new=0.01104 tgt=-0.065/0.538 pstd=0.320 capv=0.000 lr=2.5e-04 gen=137.9s train=0.3s
[t=15342.3s] rebel  ep185 games=  48 dec=  4538 rows= 23896 cap=0.02 cfgs= 15.7 L=0.01266 old=0.01145 new=0.01354 tgt=-0.100/0.524 pstd=0.322 capv=0.000 lr=2.5e-04 gen=141.1s train=0.3s
[t=15471.3s] rebel  ep186 games=  48 dec=  4321 rows= 22642 cap=0.00 cfgs= 13.3 L=0.01354 old=0.01118 new=0.01306 tgt=-0.021/0.469 pstd=0.326 capv=0.000 lr=2.5e-04 gen=128.6s train=0.3s
[t=15609.7s] rebel  ep187 games=  48 dec=  4265 rows= 22367 cap=0.00 cfgs= 15.3 L=0.01365 old=0.01238 new=0.01156 tgt=-0.039/0.460 pstd=0.322 capv=0.000 lr=2.5e-04 gen=138.1s train=0.2s
[t=15749.2s] rebel  ep188 games=  48 dec=  4484 rows= 23434 cap=0.00 cfgs= 13.7 L=0.01350 old=0.01049 new=0.01216 tgt=-0.057/0.516 pstd=0.321 capv=0.000 lr=2.5e-04 gen=139.2s train=0.2s
[t=15892.0s] rebel  ep189 games=  48 dec=  4094 rows= 21465 cap=0.02 cfgs= 16.1 L=0.01322 old=0.01158 new=0.01532 tgt=-0.073/0.524 pstd=0.324 capv=0.000 lr=2.5e-04 gen=142.4s train=0.3s
[t=16049.3s] rebel  ep190 games=  48 dec=  4123 rows= 21608 cap=0.00 cfgs= 17.0 L=0.01298 old=0.01052 new=0.01035 tgt=-0.084/0.521 pstd=0.323 capv=0.000 lr=2.5e-04 gen=157.0s train=0.2s
[t=16202.1s] rebel  ep191 games=  48 dec=  4097 rows= 21553 cap=0.00 cfgs= 15.2 L=0.01373 old=0.01451 new=0.01088 tgt=-0.061/0.526 pstd=0.321 capv=0.000 lr=2.5e-04 gen=152.4s train=0.3s
[t=16202.1s] --- snapshot snap_05.pt (final) ---
