[gpu] solve services up on [0, 1]
[cfg] PUBFEAT=897 CFEAT=16 hidden=384 head=384 dg=64 rank=64 depth=2 iters=64 budget=360s warm=120s snapshots=3 (every 1.3min) device=cuda:1 draft=starter train_gen_ratio=4.0 recent_mix=0.5/0.2 augment=True cap=2000000 matmul=high
[t=   2.3s] greedy ep  0 games=  96 dec= 17927 rows= 17735 horizon=0.35 L=0.11681 tgt=-0.018/0.478 pstd=0.388 gen=0.1s train=2.1s
[t=   3.4s] greedy ep  1 games=  96 dec= 16382 rows= 16234 horizon=0.21 L=0.06151 tgt=-0.036/0.522 pstd=0.424 gen=0.1s train=1.0s
[t=   4.5s] greedy ep  2 games=  96 dec= 17994 rows= 17846 horizon=0.34 L=0.04774 tgt=-0.016/0.468 pstd=0.425 gen=0.1s train=0.9s
[t=   5.4s] greedy ep  3 games=  96 dec= 16632 rows= 16464 horizon=0.23 L=0.05545 tgt=-0.007/0.534 pstd=0.413 gen=0.1s train=0.8s
[t=   6.5s] greedy ep  4 games=  96 dec= 17648 rows= 17450 horizon=0.35 L=0.04482 tgt=-0.002/0.450 pstd=0.426 gen=0.1s train=1.0s
[t=   8.3s] greedy ep  5 games=  96 dec= 17867 rows= 17714 horizon=0.32 L=0.05054 tgt=+0.002/0.450 pstd=0.402 gen=0.1s train=1.6s
[t=  10.1s] greedy ep  6 games=  96 dec= 17479 rows= 17256 horizon=0.31 L=0.04972 tgt=-0.025/0.488 pstd=0.400 gen=0.1s train=1.6s
[t=  11.9s] greedy ep  7 games=  96 dec= 16916 rows= 16740 horizon=0.29 L=0.05244 tgt=-0.041/0.497 pstd=0.417 gen=0.1s train=1.6s
[t=  13.7s] greedy ep  8 games=  96 dec= 16818 rows= 16655 horizon=0.26 L=0.05434 tgt=-0.034/0.494 pstd=0.410 gen=0.1s train=1.6s
[t=  15.4s] greedy ep  9 games=  96 dec= 17675 rows= 17523 horizon=0.34 L=0.05206 tgt=-0.034/0.474 pstd=0.394 gen=0.1s train=1.6s
[t=  17.2s] greedy ep 10 games=  96 dec= 17124 rows= 16945 horizon=0.30 L=0.05361 tgt=-0.054/0.509 pstd=0.432 gen=0.1s train=1.6s
[t=  19.0s] greedy ep 11 games=  96 dec= 17478 rows= 17303 horizon=0.32 L=0.05188 tgt=-0.028/0.487 pstd=0.400 gen=0.1s train=1.6s
[t=  20.9s] greedy ep 12 games=  96 dec= 17894 rows= 17711 horizon=0.32 L=0.05433 tgt=-0.039/0.483 pstd=0.400 gen=0.1s train=1.6s
[t=  22.7s] greedy ep 13 games=  96 dec= 17324 rows= 17170 horizon=0.31 L=0.05438 tgt=-0.028/0.503 pstd=0.432 gen=0.1s train=1.6s
[t=  24.4s] greedy ep 14 games=  96 dec= 17193 rows= 17013 horizon=0.29 L=0.05729 tgt=-0.016/0.495 pstd=0.395 gen=0.1s train=1.6s
[t=  26.1s] greedy ep 15 games=  96 dec= 16793 rows= 16605 horizon=0.28 L=0.05548 tgt=-0.024/0.508 pstd=0.382 gen=0.1s train=1.5s
[t=  28.0s] greedy ep 16 games=  96 dec= 17898 rows= 17736 horizon=0.29 L=0.05692 tgt=-0.019/0.485 pstd=0.418 gen=0.1s train=1.6s
[t=  29.6s] greedy ep 17 games=  96 dec= 16393 rows= 16227 horizon=0.22 L=0.05746 tgt=-0.018/0.524 pstd=0.400 gen=0.1s train=1.5s
[t=  31.5s] greedy ep 18 games=  96 dec= 18333 rows= 18158 horizon=0.36 L=0.05524 tgt=-0.043/0.460 pstd=0.394 gen=0.1s train=1.7s
[t=  33.2s] greedy ep 19 games=  96 dec= 16156 rows= 15988 horizon=0.18 L=0.05773 tgt=-0.007/0.537 pstd=0.408 gen=0.1s train=1.5s
[t=  35.0s] greedy ep 20 games=  96 dec= 16950 rows= 16798 horizon=0.30 L=0.05658 tgt=-0.045/0.495 pstd=0.402 gen=0.1s train=1.6s
[t=  36.8s] greedy ep 21 games=  96 dec= 17061 rows= 16903 horizon=0.28 L=0.05707 tgt=-0.026/0.494 pstd=0.393 gen=0.1s train=1.6s
[t=  38.6s] greedy ep 22 games=  96 dec= 17073 rows= 16893 horizon=0.27 L=0.05666 tgt=-0.016/0.482 pstd=0.404 gen=0.1s train=1.6s
[t=  40.3s] greedy ep 23 games=  96 dec= 16716 rows= 16570 horizon=0.26 L=0.05828 tgt=-0.011/0.508 pstd=0.413 gen=0.1s train=1.6s
[t=  42.1s] greedy ep 24 games=  96 dec= 16930 rows= 16743 horizon=0.25 L=0.05993 tgt=+0.000/0.498 pstd=0.389 gen=0.1s train=1.6s
[t=  43.8s] greedy ep 25 games=  96 dec= 16806 rows= 16638 horizon=0.22 L=0.05998 tgt=+0.013/0.488 pstd=0.424 gen=0.1s train=1.6s
[t=  45.6s] greedy ep 26 games=  96 dec= 17218 rows= 17066 horizon=0.32 L=0.05927 tgt=-0.015/0.485 pstd=0.368 gen=0.1s train=1.6s
[t=  47.3s] greedy ep 27 games=  96 dec= 16681 rows= 16508 horizon=0.26 L=0.05896 tgt=-0.023/0.490 pstd=0.396 gen=0.1s train=1.5s
[t=  49.3s] greedy ep 28 games=  96 dec= 18253 rows= 18087 horizon=0.38 L=0.06023 tgt=-0.026/0.451 pstd=0.380 gen=0.1s train=1.7s
[t=  51.0s] greedy ep 29 games=  96 dec= 16708 rows= 16556 horizon=0.27 L=0.06127 tgt=-0.012/0.493 pstd=0.378 gen=0.1s train=1.6s
[t=  52.9s] greedy ep 30 games=  96 dec= 18306 rows= 18149 horizon=0.38 L=0.05852 tgt=-0.021/0.486 pstd=0.408 gen=0.1s train=1.7s
[t=  54.7s] greedy ep 31 games=  96 dec= 16905 rows= 16743 horizon=0.29 L=0.06041 tgt=-0.070/0.512 pstd=0.400 gen=0.1s train=1.6s
[t=  56.3s] greedy ep 32 games=  96 dec= 16280 rows= 16143 horizon=0.26 L=0.06125 tgt=+0.006/0.480 pstd=0.370 gen=0.1s train=1.5s
[t=  58.2s] greedy ep 33 games=  96 dec= 18009 rows= 17841 horizon=0.35 L=0.05878 tgt=-0.026/0.475 pstd=0.374 gen=0.1s train=1.7s
[t=  60.1s] greedy ep 34 games=  96 dec= 17717 rows= 17553 horizon=0.35 L=0.05928 tgt=-0.034/0.500 pstd=0.417 gen=0.1s train=1.6s
[t=  61.8s] greedy ep 35 games=  96 dec= 16284 rows= 16121 horizon=0.23 L=0.06109 tgt=-0.009/0.501 pstd=0.385 gen=0.1s train=1.5s
[t=  63.6s] greedy ep 36 games=  96 dec= 17362 rows= 17161 horizon=0.29 L=0.06014 tgt=-0.015/0.492 pstd=0.413 gen=0.1s train=1.6s
[t=  65.5s] greedy ep 37 games=  96 dec= 17993 rows= 17836 horizon=0.33 L=0.06186 tgt=-0.012/0.466 pstd=0.395 gen=0.1s train=1.7s
[t=  67.3s] greedy ep 38 games=  96 dec= 17849 rows= 17696 horizon=0.35 L=0.06183 tgt=-0.010/0.468 pstd=0.375 gen=0.1s train=1.7s
[t=  69.2s] greedy ep 39 games=  96 dec= 17267 rows= 17089 horizon=0.28 L=0.06272 tgt=-0.040/0.489 pstd=0.360 gen=0.1s train=1.6s
[t=  71.0s] greedy ep 40 games=  96 dec= 17160 rows= 16990 horizon=0.31 L=0.06275 tgt=-0.065/0.481 pstd=0.375 gen=0.1s train=1.6s
[t=  72.8s] greedy ep 41 games=  96 dec= 17130 rows= 16982 horizon=0.29 L=0.06248 tgt=-0.004/0.463 pstd=0.390 gen=0.1s train=1.6s
[t=  74.7s] greedy ep 42 games=  96 dec= 18668 rows= 18491 horizon=0.35 L=0.06349 tgt=-0.012/0.457 pstd=0.373 gen=0.1s train=1.7s
[t=  76.4s] greedy ep 43 games=  96 dec= 17024 rows= 16874 horizon=0.29 L=0.06436 tgt=-0.017/0.490 pstd=0.365 gen=0.1s train=1.6s
[t=  78.2s] greedy ep 44 games=  96 dec= 16925 rows= 16795 horizon=0.31 L=0.06332 tgt=-0.068/0.511 pstd=0.355 gen=0.1s train=1.6s
[t=  79.9s] greedy ep 45 games=  96 dec= 16578 rows= 16410 horizon=0.22 L=0.06573 tgt=-0.003/0.483 pstd=0.374 gen=0.1s train=1.5s
[t=  81.8s] greedy ep 46 games=  96 dec= 17651 rows= 17511 horizon=0.31 L=0.06581 tgt=-0.040/0.497 pstd=0.366 gen=0.1s train=1.6s
[t=  83.6s] greedy ep 47 games=  96 dec= 18482 rows= 18303 horizon=0.43 L=0.06468 tgt=-0.004/0.453 pstd=0.369 gen=0.1s train=1.6s
[t=  85.3s] greedy ep 48 games=  96 dec= 16906 rows= 16759 horizon=0.27 L=0.06587 tgt=-0.010/0.505 pstd=0.362 gen=0.1s train=1.6s
[t=  87.2s] greedy ep 49 games=  96 dec= 17900 rows= 17718 horizon=0.34 L=0.06463 tgt=-0.020/0.487 pstd=0.365 gen=0.1s train=1.6s
[t=  89.0s] greedy ep 50 games=  96 dec= 17284 rows= 17102 horizon=0.28 L=0.06553 tgt=-0.046/0.513 pstd=0.337 gen=0.1s train=1.6s
[t=  90.7s] greedy ep 51 games=  96 dec= 16971 rows= 16783 horizon=0.30 L=0.06591 tgt=-0.037/0.495 pstd=0.368 gen=0.1s train=1.6s
[t=  92.5s] greedy ep 52 games=  96 dec= 16827 rows= 16652 horizon=0.26 L=0.06571 tgt=-0.013/0.499 pstd=0.359 gen=0.1s train=1.5s
[t=  94.4s] greedy ep 53 games=  96 dec= 18185 rows= 18000 horizon=0.36 L=0.06600 tgt=-0.032/0.481 pstd=0.372 gen=0.1s train=1.7s
[t=  96.2s] greedy ep 54 games=  96 dec= 17126 rows= 16958 horizon=0.30 L=0.06631 tgt=-0.035/0.498 pstd=0.371 gen=0.1s train=1.6s
[t=  98.0s] greedy ep 55 games=  96 dec= 17699 rows= 17542 horizon=0.33 L=0.06719 tgt=-0.016/0.487 pstd=0.359 gen=0.1s train=1.7s
[t=  99.8s] greedy ep 56 games=  96 dec= 16957 rows= 16806 horizon=0.27 L=0.06690 tgt=-0.031/0.500 pstd=0.351 gen=0.1s train=1.6s
[t= 101.6s] greedy ep 57 games=  96 dec= 17199 rows= 17029 horizon=0.29 L=0.06637 tgt=-0.031/0.478 pstd=0.372 gen=0.1s train=1.6s
[t= 103.4s] greedy ep 58 games=  96 dec= 16897 rows= 16718 horizon=0.26 L=0.06820 tgt=-0.045/0.508 pstd=0.364 gen=0.1s train=1.6s
[t= 105.3s] greedy ep 59 games=  96 dec= 17731 rows= 17588 horizon=0.35 L=0.06834 tgt=-0.049/0.447 pstd=0.364 gen=0.1s train=1.7s
[t= 107.1s] greedy ep 60 games=  96 dec= 16743 rows= 16561 horizon=0.29 L=0.06815 tgt=-0.034/0.488 pstd=0.357 gen=0.1s train=1.6s
[t= 108.9s] greedy ep 61 games=  96 dec= 17628 rows= 17468 horizon=0.36 L=0.06945 tgt=-0.025/0.481 pstd=0.364 gen=0.1s train=1.7s
[t= 110.8s] greedy ep 62 games=  96 dec= 17824 rows= 17658 horizon=0.36 L=0.06684 tgt=-0.016/0.487 pstd=0.362 gen=0.1s train=1.6s
[t= 112.5s] greedy ep 63 games=  96 dec= 16489 rows= 16327 horizon=0.28 L=0.06773 tgt=-0.054/0.515 pstd=0.362 gen=0.1s train=1.5s
[t= 114.3s] greedy ep 64 games=  96 dec= 17295 rows= 17123 horizon=0.27 L=0.06880 tgt=-0.056/0.490 pstd=0.345 gen=0.1s train=1.6s
[t= 116.1s] greedy ep 65 games=  96 dec= 17175 rows= 16980 horizon=0.29 L=0.06808 tgt=-0.060/0.524 pstd=0.355 gen=0.1s train=1.6s
[t= 117.9s] greedy ep 66 games=  96 dec= 17057 rows= 16886 horizon=0.26 L=0.06932 tgt=+0.017/0.496 pstd=0.359 gen=0.1s train=1.6s
[t= 119.7s] greedy ep 67 games=  96 dec= 17504 rows= 17345 horizon=0.29 L=0.06914 tgt=-0.012/0.486 pstd=0.368 gen=0.1s train=1.6s
[t= 121.5s] greedy ep 68 games=  96 dec= 17416 rows= 17257 horizon=0.32 L=0.06969 tgt=-0.037/0.494 pstd=0.336 gen=0.1s train=1.6s
[t= 121.5s] --- snapshot snap_00.pt (init) ---
[t= 121.5s] --- switching to ReBeL ---
v5 GEMM compute=fast-f16
[t= 131.6s] rebel stream solves=16384 raw=1624/s balanced=1624/s debt=0 rows steps=64 over=0 card=0 drop=0 L=0.00395 tgt=-0.003/0.093 cfg/b=44756 prep=1.08s gpu=0.00s conv=0.03s add=0.67s train=4.24s
[t= 141.7s] rebel stream solves=45056 raw=2238/s balanced=2238/s debt=0 rows steps=176 over=0 card=0 drop=0 L=0.00177 tgt=-0.005/0.083 cfg/b=50542 prep=1.35s gpu=0.00s conv=0.06s add=1.32s train=7.04s
[t= 151.9s] rebel stream solves=61440 raw=2020/s balanced=2020/s debt=0 rows steps=240 over=0 card=0 drop=0 L=0.00152 tgt=-0.012/0.094 cfg/b=36028 prep=1.34s gpu=0.00s conv=0.02s add=0.80s train=4.63s
[t= 162.1s] rebel stream solves=84992 raw=2097/s balanced=2097/s debt=0 rows steps=332 over=0 card=0 drop=0 L=0.00142 tgt=-0.003/0.099 cfg/b=35624 prep=1.50s gpu=0.00s conv=0.03s add=0.76s train=6.57s
[t= 172.3s] rebel stream solves=105472 raw=2079/s balanced=2079/s debt=0 rows steps=412 over=0 card=0 drop=0 L=0.00144 tgt=+0.005/0.118 cfg/b=29055 prep=1.32s gpu=0.00s conv=0.01s add=0.65s train=6.07s
[t= 182.5s] rebel stream solves=128000 raw=2099/s balanced=2099/s debt=0 rows steps=500 over=0 card=0 drop=0 L=0.00204 tgt=+0.006/0.152 cfg/b=28586 prep=1.59s gpu=0.00s conv=0.01s add=0.65s train=6.52s
[t= 192.7s] rebel stream solves=150528 raw=2115/s balanced=2115/s debt=0 rows steps=588 over=0 card=0 drop=0 L=0.00375 tgt=+0.013/0.191 cfg/b=26974 prep=1.63s gpu=0.00s conv=0.02s add=0.72s train=6.85s
[t= 200.8s] --- lr -> 5.00e-04 ---
[t= 201.7s] --- snapshot snap_01.pt (s1) ---
[t= 202.8s] rebel stream solves=173056 raw=2130/s balanced=2130/s debt=0 rows steps=676 over=0 card=0 drop=0 L=0.00691 tgt=+0.019/0.226 cfg/b=27215 prep=1.04s gpu=0.00s conv=0.02s add=0.72s train=5.85s
[t= 213.2s] rebel stream solves=196608 raw=2146/s balanced=2146/s debt=0 rows steps=768 over=0 card=0 drop=0 L=0.00889 tgt=+0.021/0.235 cfg/b=27160 prep=1.22s gpu=0.00s conv=0.02s add=0.73s train=6.43s
[t= 223.2s] rebel stream solves=221184 raw=2175/s balanced=2175/s debt=0 rows steps=864 over=0 card=0 drop=0 L=0.00990 tgt=+0.029/0.214 cfg/b=27628 prep=1.43s gpu=0.00s conv=0.02s add=0.76s train=6.78s
[t= 233.4s] rebel stream solves=245760 raw=2197/s balanced=2197/s debt=0 rows steps=960 over=0 card=0 drop=0 L=0.01033 tgt=+0.029/0.217 cfg/b=27300 prep=1.54s gpu=0.00s conv=0.02s add=0.79s train=6.92s
[t= 243.7s] rebel stream solves=270336 raw=2212/s balanced=2212/s debt=0 rows steps=1056 over=0 card=0 drop=0 L=0.01006 tgt=+0.026/0.207 cfg/b=27094 prep=1.69s gpu=0.00s conv=0.03s add=0.81s train=7.21s
[t= 253.7s] rebel stream solves=293888 raw=2223/s balanced=2223/s debt=0 rows steps=1148 over=0 card=0 drop=0 L=0.00978 tgt=+0.018/0.204 cfg/b=25321 prep=1.44s gpu=0.00s conv=0.02s add=0.69s train=6.42s
[t= 263.7s] rebel stream solves=317440 raw=2232/s balanced=2232/s debt=0 rows steps=1240 over=0 card=0 drop=0 L=0.00996 tgt=+0.016/0.209 cfg/b=25164 prep=1.20s gpu=0.00s conv=0.02s add=0.76s train=6.54s
[t= 274.0s] rebel stream solves=340992 raw=2236/s balanced=2236/s debt=0 rows steps=1332 over=0 card=0 drop=0 L=0.01025 tgt=+0.015/0.233 cfg/b=24452 prep=1.74s gpu=0.00s conv=0.02s add=0.68s train=6.47s
[t= 282.1s] --- snapshot snap_02.pt (s2) ---
[t= 282.5s] --- lr -> 2.50e-04 ---
[t= 284.4s] rebel stream solves=364544 raw=2238/s balanced=2238/s debt=0 rows steps=1424 over=0 card=0 drop=0 L=0.01032 tgt=+0.017/0.238 cfg/b=24686 prep=1.68s gpu=0.00s conv=0.02s add=0.86s train=6.15s
[t= 294.6s] rebel stream solves=388096 raw=2242/s balanced=2242/s debt=0 rows steps=1516 over=0 card=0 drop=0 L=0.01063 tgt=+0.021/0.249 cfg/b=24703 prep=1.58s gpu=0.00s conv=0.01s add=0.84s train=6.68s
[t= 304.9s] rebel stream solves=411648 raw=2244/s balanced=2244/s debt=0 rows steps=1608 over=0 card=0 drop=0 L=0.01096 tgt=+0.025/0.265 cfg/b=25015 prep=1.66s gpu=0.00s conv=0.01s add=0.77s train=6.74s
[t= 315.3s] rebel stream solves=436224 raw=2252/s balanced=2252/s debt=0 rows steps=1704 over=0 card=0 drop=0 L=0.01103 tgt=+0.022/0.255 cfg/b=24818 prep=1.35s gpu=0.00s conv=0.02s add=0.82s train=7.27s
[t= 325.4s] rebel stream solves=459776 raw=2255/s balanced=2255/s debt=0 rows steps=1796 over=0 card=0 drop=0 L=0.01113 tgt=+0.023/0.263 cfg/b=24921 prep=1.65s gpu=0.00s conv=0.02s add=0.75s train=7.23s
[t= 335.6s] rebel stream solves=483328 raw=2258/s balanced=2258/s debt=0 rows steps=1888 over=0 card=0 drop=0 L=0.01077 tgt=+0.022/0.282 cfg/b=25353 prep=1.36s gpu=0.00s conv=0.01s add=0.82s train=6.32s
[t= 340.2s] --- stopping GPU admission; draining ---
[t= 340.9s] rebel stream solves=495714 raw=2260/s balanced=2259/s debt=392 rows steps=1936 over=0 card=0 drop=0 L=0.01072 tgt=+0.023/0.279 cfg/b=25378 prep=0.84s gpu=0.00s conv=0.02s add=0.45s train=3.29s
[gpu-summary] solves=495714 optimizer_rows=1982464 debt=392 raw=2078.7/s balanced=2078.3/s over=0 card=0 exact=0 censored=4608 dropped=0 overrun=0.00s
[t= 360.0s] --- snapshot snap_03.pt (final) ---
[report] wrote /workspace/warchest-engine/runs/plotly.min.js
[report] runs/smoke-base/report.html
