[train] CUDA stream priority -1
[gpu] solve services up on [0, 1]
[cfg] PUBFEAT=897 CFEAT=16 hidden=384 head=384 dg=64 rank=64 depth=2 iters=64 budget=1500s warm=300s device=cuda:1 draft=random snapshots=3 (every 6.7min) train_gen_ratio=4.0 recent_mix=0.5/0.2 augment=True cap=2000000 matmul=high
[t=   2.1s] greedy ep  0 games=  96 dec= 17508 rows= 16732 horizon=0.22 nodecap=0 over=0 card=0 exact=0 drop=0 cfgs= 27.7 L=0.08359 P=nan old=0.01388 new=0.00502 tgt=-0.015/0.527 pstd=0.520 capv=0.040 lr=1.0e-03 gen=0.1s conv=0.0s add=0.0s train=1.9s sps=0
[t=   4.0s] greedy ep  1 games=  96 dec= 18918 rows= 18083 horizon=0.33 nodecap=0 over=0 card=0 exact=0 drop=0 cfgs= 27.2 L=0.03315 P=nan old=0.01104 new=0.00370 tgt=-0.054/0.477 pstd=0.539 capv=0.040 lr=1.0e-03 gen=0.1s conv=0.0s add=0.1s train=1.7s sps=0
[t=   5.9s] greedy ep  2 games=  96 dec= 18810 rows= 18041 horizon=0.34 nodecap=0 over=0 card=0 exact=0 drop=0 cfgs= 27.8 L=0.02964 P=nan old=0.01174 new=0.00412 tgt=-0.064/0.516 pstd=0.526 capv=0.040 lr=1.0e-03 gen=0.1s conv=0.0s add=0.1s train=1.7s sps=0
[t=   7.8s] greedy ep  3 games=  96 dec= 18611 rows= 17843 horizon=0.27 nodecap=0 over=0 card=0 exact=0 drop=0 cfgs= 28.3 L=0.02367 P=nan old=0.01032 new=0.00429 tgt=-0.025/0.492 pstd=0.530 capv=0.040 lr=1.0e-03 gen=0.1s conv=0.0s add=0.1s train=1.7s sps=0
[t=   9.6s] greedy ep  4 games=  96 dec= 18611 rows= 17845 horizon=0.31 nodecap=0 over=0 card=0 exact=0 drop=0 cfgs= 27.3 L=0.02068 P=nan old=0.00934 new=0.00414 tgt=-0.025/0.492 pstd=0.528 capv=0.040 lr=1.0e-03 gen=0.1s conv=0.0s add=0.1s train=1.7s sps=0
[t=  11.6s] greedy ep  5 games=  96 dec= 19536 rows= 18696 horizon=0.40 nodecap=0 over=0 card=0 exact=0 drop=0 cfgs= 25.4 L=0.02007 P=nan old=0.01003 new=0.00551 tgt=-0.020/0.458 pstd=0.526 capv=0.040 lr=1.0e-03 gen=0.1s conv=0.0s add=0.1s train=1.7s sps=0
[t=  13.5s] greedy ep  6 games=  96 dec= 18626 rows= 17813 horizon=0.32 nodecap=0 over=0 card=0 exact=0 drop=0 cfgs= 27.2 L=0.01880 P=nan old=0.01027 new=0.00589 tgt=-0.090/0.540 pstd=0.532 capv=0.040 lr=1.0e-03 gen=0.1s conv=0.0s add=0.1s train=1.7s sps=0
[t=  15.3s] greedy ep  7 games=  96 dec= 18665 rows= 17883 horizon=0.28 nodecap=0 over=0 card=0 exact=0 drop=0 cfgs= 26.0 L=0.01954 P=nan old=0.01090 new=0.00670 tgt=-0.021/0.493 pstd=0.538 capv=0.040 lr=1.0e-03 gen=0.1s conv=0.0s add=0.1s train=1.7s sps=0
[t=  17.1s] greedy ep  8 games=  96 dec= 18040 rows= 17290 horizon=0.27 nodecap=0 over=0 card=0 exact=0 drop=0 cfgs= 26.6 L=0.01852 P=nan old=0.00928 new=0.00631 tgt=-0.034/0.500 pstd=0.529 capv=0.040 lr=1.0e-03 gen=0.1s conv=0.0s add=0.1s train=1.6s sps=0
[t=  19.0s] greedy ep  9 games=  96 dec= 18232 rows= 17394 horizon=0.30 nodecap=0 over=0 card=0 exact=0 drop=0 cfgs= 27.2 L=0.01639 P=nan old=0.00965 new=0.00598 tgt=-0.018/0.515 pstd=0.513 capv=0.040 lr=1.0e-03 gen=0.1s conv=0.0s add=0.1s train=1.6s sps=0
[t=  20.8s] greedy ep 10 games=  96 dec= 18496 rows= 17766 horizon=0.29 nodecap=0 over=0 card=0 exact=0 drop=0 cfgs= 27.7 L=0.01673 P=nan old=0.01147 new=0.00712 tgt=-0.031/0.492 pstd=0.501 capv=0.040 lr=1.0e-03 gen=0.1s conv=0.0s add=0.1s train=1.6s sps=0
[t=  22.6s] greedy ep 11 games=  96 dec= 18066 rows= 17259 horizon=0.19 nodecap=0 over=0 card=0 exact=0 drop=0 cfgs= 28.0 L=0.01878 P=nan old=0.01095 new=0.00636 tgt=-0.021/0.518 pstd=0.514 capv=0.040 lr=1.0e-03 gen=0.1s conv=0.0s add=0.1s train=1.6s sps=0
[t=  24.5s] greedy ep 12 games=  96 dec= 19443 rows= 18619 horizon=0.33 nodecap=0 over=0 card=0 exact=0 drop=0 cfgs= 26.9 L=0.01675 P=nan old=0.01095 new=0.00593 tgt=-0.031/0.486 pstd=0.514 capv=0.040 lr=1.0e-03 gen=0.1s conv=0.0s add=0.1s train=1.7s sps=0
[t=  26.2s] greedy ep 13 games=  96 dec= 17312 rows= 16580 horizon=0.20 nodecap=0 over=0 card=0 exact=0 drop=0 cfgs= 28.5 L=0.01709 P=nan old=0.01216 new=0.00734 tgt=-0.017/0.535 pstd=0.523 capv=0.040 lr=1.0e-03 gen=0.1s conv=0.0s add=0.1s train=1.5s sps=0
[t=  28.4s] greedy ep 14 games=  96 dec= 18691 rows= 17971 horizon=0.29 nodecap=0 over=0 card=0 exact=0 drop=0 cfgs= 25.1 L=0.01607 P=nan old=0.01270 new=0.00940 tgt=-0.050/0.493 pstd=0.513 capv=0.040 lr=1.0e-03 gen=0.1s conv=0.0s add=0.1s train=1.9s sps=0
[t=  30.6s] greedy ep 15 games=  96 dec= 19119 rows= 18225 horizon=0.33 nodecap=0 over=0 card=0 exact=0 drop=0 cfgs= 25.4 L=0.01743 P=nan old=0.01278 new=0.00801 tgt=-0.020/0.468 pstd=0.511 capv=0.040 lr=1.0e-03 gen=0.1s conv=0.0s add=0.1s train=2.0s sps=0
[t=  32.7s] greedy ep 16 games=  96 dec= 18420 rows= 17624 horizon=0.27 nodecap=0 over=0 card=0 exact=0 drop=0 cfgs= 25.4 L=0.01711 P=nan old=0.01192 new=0.00797 tgt=-0.017/0.515 pstd=0.523 capv=0.040 lr=1.0e-03 gen=0.1s conv=0.0s add=0.1s train=1.9s sps=0
[t=  34.9s] greedy ep 17 games=  96 dec= 18433 rows= 17649 horizon=0.29 nodecap=0 over=0 card=0 exact=0 drop=0 cfgs= 27.9 L=0.01524 P=nan old=0.01261 new=0.00848 tgt=-0.030/0.521 pstd=0.517 capv=0.040 lr=1.0e-03 gen=0.1s conv=0.0s add=0.1s train=1.9s sps=0
[t=  36.9s] greedy ep 18 games=  96 dec= 17977 rows= 17209 horizon=0.24 nodecap=0 over=0 card=0 exact=0 drop=0 cfgs= 27.2 L=0.01741 P=nan old=0.01344 new=0.00865 tgt=-0.040/0.514 pstd=0.545 capv=0.040 lr=1.0e-03 gen=0.1s conv=0.0s add=0.1s train=1.8s sps=0
[t=  38.8s] greedy ep 19 games=  96 dec= 18141 rows= 17449 horizon=0.29 nodecap=0 over=0 card=0 exact=0 drop=0 cfgs= 29.7 L=0.01582 P=nan old=0.01206 new=0.00758 tgt=-0.040/0.498 pstd=0.534 capv=0.040 lr=1.0e-03 gen=0.1s conv=0.0s add=0.1s train=1.6s sps=0
[t=  40.6s] greedy ep 20 games=  96 dec= 18535 rows= 17785 horizon=0.29 nodecap=0 over=0 card=0 exact=0 drop=0 cfgs= 25.1 L=0.01674 P=nan old=0.01355 new=0.00740 tgt=-0.028/0.521 pstd=0.525 capv=0.040 lr=1.0e-03 gen=0.1s conv=0.0s add=0.1s train=1.7s sps=0
[t=  42.3s] greedy ep 21 games=  96 dec= 18258 rows= 17442 horizon=0.25 nodecap=0 over=0 card=0 exact=0 drop=0 cfgs= 30.1 L=0.01764 P=nan old=0.01469 new=0.01093 tgt=-0.050/0.493 pstd=0.519 capv=0.040 lr=1.0e-03 gen=0.1s conv=0.0s add=0.1s train=1.5s sps=0
[t=  43.5s] greedy ep 22 games=  96 dec= 19744 rows= 18977 horizon=0.41 nodecap=0 over=0 card=0 exact=0 drop=0 cfgs= 24.9 L=0.01579 P=nan old=0.01255 new=0.00865 tgt=-0.001/0.455 pstd=0.529 capv=0.040 lr=1.0e-03 gen=0.1s conv=0.0s add=0.1s train=1.0s sps=0
[t=  44.5s] greedy ep 23 games=  96 dec= 18679 rows= 17867 horizon=0.31 nodecap=0 over=0 card=0 exact=0 drop=0 cfgs= 25.0 L=0.01674 P=nan old=0.01179 new=0.00850 tgt=+0.008/0.484 pstd=0.514 capv=0.040 lr=1.0e-03 gen=0.1s conv=0.0s add=0.0s train=0.9s sps=0
[t=  46.2s] greedy ep 24 games=  96 dec= 19262 rows= 18512 horizon=0.35 nodecap=0 over=0 card=0 exact=0 drop=0 cfgs= 27.2 L=0.01650 P=nan old=0.01249 new=0.00867 tgt=+0.000/0.477 pstd=0.524 capv=0.040 lr=1.0e-03 gen=0.1s conv=0.0s add=0.1s train=1.5s sps=0
[t=  48.0s] greedy ep 25 games=  96 dec= 18078 rows= 17384 horizon=0.32 nodecap=0 over=0 card=0 exact=0 drop=0 cfgs= 25.6 L=0.01490 P=nan old=0.01470 new=0.00925 tgt=-0.029/0.502 pstd=0.521 capv=0.040 lr=1.0e-03 gen=0.1s conv=0.0s add=0.1s train=1.6s sps=0
[t=  49.8s] greedy ep 26 games=  96 dec= 18121 rows= 17383 horizon=0.22 nodecap=0 over=0 card=0 exact=0 drop=0 cfgs= 27.1 L=0.01747 P=nan old=0.01594 new=0.01038 tgt=-0.060/0.535 pstd=0.504 capv=0.040 lr=1.0e-03 gen=0.1s conv=0.0s add=0.1s train=1.6s sps=0
[t=  51.6s] greedy ep 27 games=  96 dec= 17645 rows= 16994 horizon=0.24 nodecap=0 over=0 card=0 exact=0 drop=0 cfgs= 29.0 L=0.01831 P=nan old=0.01789 new=0.01108 tgt=-0.019/0.518 pstd=0.498 capv=0.040 lr=1.0e-03 gen=0.1s conv=0.0s add=0.1s train=1.5s sps=0
[t=  53.4s] greedy ep 28 games=  96 dec= 18452 rows= 17680 horizon=0.34 nodecap=0 over=0 card=0 exact=0 drop=0 cfgs= 25.6 L=0.01632 P=nan old=0.01514 new=0.00924 tgt=-0.002/0.472 pstd=0.518 capv=0.040 lr=1.0e-03 gen=0.1s conv=0.0s add=0.1s train=1.6s sps=0
[t=  55.3s] greedy ep 29 games=  96 dec= 18912 rows= 18121 horizon=0.29 nodecap=0 over=0 card=0 exact=0 drop=0 cfgs= 27.7 L=0.01656 P=nan old=0.01650 new=0.00902 tgt=-0.044/0.478 pstd=0.511 capv=0.040 lr=1.0e-03 gen=0.1s conv=0.0s add=0.1s train=1.7s sps=0
[t=  57.2s] greedy ep 30 games=  96 dec= 18850 rows= 18138 horizon=0.34 nodecap=0 over=0 card=0 exact=0 drop=0 cfgs= 28.4 L=0.01501 P=nan old=0.01466 new=0.00870 tgt=-0.021/0.474 pstd=0.528 capv=0.040 lr=1.0e-03 gen=0.1s conv=0.0s add=0.1s train=1.7s sps=0
[t=  59.1s] greedy ep 31 games=  96 dec= 18963 rows= 18203 horizon=0.34 nodecap=0 over=0 card=0 exact=0 drop=0 cfgs= 27.2 L=0.01654 P=nan old=0.01368 new=0.00933 tgt=-0.052/0.487 pstd=0.517 capv=0.040 lr=1.0e-03 gen=0.1s conv=0.0s add=0.1s train=1.7s sps=0
[t=  60.8s] greedy ep 32 games=  96 dec= 17296 rows= 16624 horizon=0.23 nodecap=0 over=0 card=0 exact=0 drop=0 cfgs= 28.3 L=0.01810 P=nan old=0.01600 new=0.01138 tgt=-0.004/0.501 pstd=0.500 capv=0.040 lr=1.0e-03 gen=0.1s conv=0.0s add=0.1s train=1.5s sps=0
[t=  62.7s] greedy ep 33 games=  96 dec= 17729 rows= 17010 horizon=0.28 nodecap=0 over=0 card=0 exact=0 drop=0 cfgs= 29.1 L=0.01728 P=nan old=0.01527 new=0.00990 tgt=-0.023/0.522 pstd=0.510 capv=0.040 lr=1.0e-03 gen=0.1s conv=0.0s add=0.1s train=1.7s sps=0
[t=  64.5s] greedy ep 34 games=  96 dec= 17215 rows= 16509 horizon=0.26 nodecap=0 over=0 card=0 exact=0 drop=0 cfgs= 28.7 L=0.01731 P=nan old=0.01550 new=0.00986 tgt=-0.049/0.495 pstd=0.519 capv=0.040 lr=1.0e-03 gen=0.1s conv=0.0s add=0.1s train=1.5s sps=0
[t=  66.3s] greedy ep 35 games=  96 dec= 18310 rows= 17466 horizon=0.27 nodecap=0 over=0 card=0 exact=0 drop=0 cfgs= 26.9 L=0.01776 P=nan old=0.01620 new=0.01021 tgt=-0.022/0.482 pstd=0.511 capv=0.040 lr=1.0e-03 gen=0.1s conv=0.0s add=0.1s train=1.6s sps=0
[t=  68.2s] greedy ep 36 games=  96 dec= 18212 rows= 17403 horizon=0.27 nodecap=0 over=0 card=0 exact=0 drop=0 cfgs= 26.5 L=0.01714 P=nan old=0.01651 new=0.00989 tgt=-0.022/0.495 pstd=0.526 capv=0.040 lr=1.0e-03 gen=0.1s conv=0.0s add=0.1s train=1.7s sps=0
[t=  70.0s] greedy ep 37 games=  96 dec= 17953 rows= 17176 horizon=0.23 nodecap=0 over=0 card=0 exact=0 drop=0 cfgs= 27.5 L=0.01628 P=nan old=0.01673 new=0.00919 tgt=-0.030/0.513 pstd=0.507 capv=0.040 lr=1.0e-03 gen=0.1s conv=0.0s add=0.1s train=1.6s sps=0
[t=  71.9s] greedy ep 38 games=  96 dec= 18720 rows= 17982 horizon=0.33 nodecap=0 over=0 card=0 exact=0 drop=0 cfgs= 26.8 L=0.01604 P=nan old=0.01483 new=0.01045 tgt=-0.053/0.512 pstd=0.514 capv=0.040 lr=1.0e-03 gen=0.1s conv=0.0s add=0.1s train=1.7s sps=0
[t=  73.8s] greedy ep 39 games=  96 dec= 18898 rows= 18021 horizon=0.33 nodecap=0 over=0 card=0 exact=0 drop=0 cfgs= 26.4 L=0.01680 P=nan old=0.01560 new=0.00963 tgt=-0.026/0.501 pstd=0.522 capv=0.040 lr=1.0e-03 gen=0.1s conv=0.0s add=0.1s train=1.7s sps=0
[t=  75.6s] greedy ep 40 games=  96 dec= 18299 rows= 17538 horizon=0.29 nodecap=0 over=0 card=0 exact=0 drop=0 cfgs= 27.1 L=0.01688 P=nan old=0.01504 new=0.01053 tgt=-0.028/0.494 pstd=0.512 capv=0.040 lr=1.0e-03 gen=0.1s conv=0.0s add=0.1s train=1.6s sps=0
[t=  77.4s] greedy ep 41 games=  96 dec= 17932 rows= 17187 horizon=0.28 nodecap=0 over=0 card=0 exact=0 drop=0 cfgs= 29.3 L=0.01737 P=nan old=0.01669 new=0.01207 tgt=-0.095/0.536 pstd=0.525 capv=0.040 lr=1.0e-03 gen=0.1s conv=0.0s add=0.1s train=1.6s sps=0
[t=  79.2s] greedy ep 42 games=  96 dec= 17980 rows= 17250 horizon=0.25 nodecap=0 over=0 card=0 exact=0 drop=0 cfgs= 27.5 L=0.01743 P=nan old=0.01636 new=0.01196 tgt=-0.021/0.506 pstd=0.516 capv=0.040 lr=1.0e-03 gen=0.1s conv=0.0s add=0.1s train=1.6s sps=0
[t=  81.1s] greedy ep 43 games=  96 dec= 19010 rows= 18196 horizon=0.30 nodecap=0 over=0 card=0 exact=0 drop=0 cfgs= 27.5 L=0.01811 P=nan old=0.01654 new=0.01157 tgt=-0.011/0.481 pstd=0.520 capv=0.040 lr=1.0e-03 gen=0.1s conv=0.0s add=0.1s train=1.7s sps=0
[t=  83.0s] greedy ep 44 games=  96 dec= 18505 rows= 17699 horizon=0.28 nodecap=0 over=0 card=0 exact=0 drop=0 cfgs= 27.7 L=0.01704 P=nan old=0.01606 new=0.01106 tgt=-0.079/0.524 pstd=0.513 capv=0.040 lr=1.0e-03 gen=0.1s conv=0.0s add=0.1s train=1.6s sps=0
[t=  84.7s] greedy ep 45 games=  96 dec= 17685 rows= 16882 horizon=0.26 nodecap=0 over=0 card=0 exact=0 drop=0 cfgs= 28.6 L=0.01697 P=nan old=0.01670 new=0.00963 tgt=-0.008/0.497 pstd=0.520 capv=0.040 lr=1.0e-03 gen=0.1s conv=0.0s add=0.1s train=1.5s sps=0
[t=  86.4s] greedy ep 46 games=  96 dec= 17814 rows= 17029 horizon=0.21 nodecap=0 over=0 card=0 exact=0 drop=0 cfgs= 27.3 L=0.01819 P=nan old=0.01770 new=0.01147 tgt=-0.006/0.523 pstd=0.545 capv=0.040 lr=1.0e-03 gen=0.1s conv=0.0s add=0.1s train=1.5s sps=0
[t=  88.3s] greedy ep 47 games=  96 dec= 19234 rows= 18484 horizon=0.40 nodecap=0 over=0 card=0 exact=0 drop=0 cfgs= 25.1 L=0.01748 P=nan old=0.01540 new=0.01061 tgt=-0.014/0.471 pstd=0.528 capv=0.040 lr=1.0e-03 gen=0.1s conv=0.0s add=0.1s train=1.6s sps=0
[t=  90.1s] greedy ep 48 games=  96 dec= 19142 rows= 18364 horizon=0.36 nodecap=0 over=0 card=0 exact=0 drop=0 cfgs= 26.0 L=0.01622 P=nan old=0.01464 new=0.00921 tgt=-0.028/0.481 pstd=0.520 capv=0.040 lr=1.0e-03 gen=0.1s conv=0.0s add=0.1s train=1.6s sps=0
[t=  91.8s] greedy ep 49 games=  96 dec= 17898 rows= 17096 horizon=0.20 nodecap=0 over=0 card=0 exact=0 drop=0 cfgs= 29.4 L=0.01719 P=nan old=0.01638 new=0.01212 tgt=-0.023/0.528 pstd=0.516 capv=0.040 lr=1.0e-03 gen=0.1s conv=0.0s add=0.1s train=1.5s sps=0
[t=  93.5s] greedy ep 50 games=  96 dec= 17852 rows= 17111 horizon=0.27 nodecap=0 over=0 card=0 exact=0 drop=0 cfgs= 27.5 L=0.01714 P=nan old=0.01629 new=0.01230 tgt=-0.051/0.507 pstd=0.513 capv=0.040 lr=1.0e-03 gen=0.1s conv=0.0s add=0.1s train=1.5s sps=0
[t=  95.3s] greedy ep 51 games=  96 dec= 18243 rows= 17371 horizon=0.21 nodecap=0 over=0 card=0 exact=0 drop=0 cfgs= 29.5 L=0.01771 P=nan old=0.01805 new=0.01077 tgt=-0.039/0.501 pstd=0.511 capv=0.040 lr=1.0e-03 gen=0.1s conv=0.0s add=0.1s train=1.5s sps=0
[t=  97.0s] greedy ep 52 games=  96 dec= 17748 rows= 17047 horizon=0.26 nodecap=0 over=0 card=0 exact=0 drop=0 cfgs= 27.9 L=0.01668 P=nan old=0.01602 new=0.01076 tgt=+0.007/0.502 pstd=0.513 capv=0.040 lr=1.0e-03 gen=0.1s conv=0.0s add=0.1s train=1.5s sps=0
[t=  98.9s] greedy ep 53 games=  96 dec= 18178 rows= 17465 horizon=0.25 nodecap=0 over=0 card=0 exact=0 drop=0 cfgs= 29.8 L=0.01714 P=nan old=0.01675 new=0.01164 tgt=-0.035/0.521 pstd=0.516 capv=0.040 lr=1.0e-03 gen=0.1s conv=0.0s add=0.1s train=1.6s sps=0
[t= 100.6s] greedy ep 54 games=  96 dec= 18481 rows= 17692 horizon=0.26 nodecap=0 over=0 card=0 exact=0 drop=0 cfgs= 25.5 L=0.01694 P=nan old=0.01539 new=0.01032 tgt=-0.022/0.494 pstd=0.508 capv=0.040 lr=1.0e-03 gen=0.1s conv=0.0s add=0.1s train=1.6s sps=0
[t= 102.4s] greedy ep 55 games=  96 dec= 17660 rows= 16875 horizon=0.21 nodecap=0 over=0 card=0 exact=0 drop=0 cfgs= 25.9 L=0.01739 P=nan old=0.01657 new=0.01194 tgt=-0.015/0.511 pstd=0.500 capv=0.040 lr=1.0e-03 gen=0.1s conv=0.0s add=0.1s train=1.5s sps=0
[t= 104.2s] greedy ep 56 games=  96 dec= 18483 rows= 17686 horizon=0.29 nodecap=0 over=0 card=0 exact=0 drop=0 cfgs= 27.7 L=0.01799 P=nan old=0.01833 new=0.01318 tgt=-0.037/0.483 pstd=0.495 capv=0.040 lr=1.0e-03 gen=0.1s conv=0.0s add=0.1s train=1.6s sps=0
[t= 106.1s] greedy ep 57 games=  96 dec= 18789 rows= 18039 horizon=0.36 nodecap=0 over=0 card=0 exact=0 drop=0 cfgs= 25.9 L=0.01725 P=nan old=0.01645 new=0.01279 tgt=-0.020/0.473 pstd=0.513 capv=0.040 lr=1.0e-03 gen=0.1s conv=0.0s add=0.1s train=1.7s sps=0
[t= 108.1s] greedy ep 58 games=  96 dec= 19373 rows= 18550 horizon=0.39 nodecap=0 over=0 card=0 exact=0 drop=0 cfgs= 25.6 L=0.01635 P=nan old=0.01643 new=0.01108 tgt=-0.020/0.471 pstd=0.512 capv=0.040 lr=1.0e-03 gen=0.1s conv=0.0s add=0.1s train=1.7s sps=0
[t= 109.9s] greedy ep 59 games=  96 dec= 18805 rows= 18048 horizon=0.32 nodecap=0 over=0 card=0 exact=0 drop=0 cfgs= 25.6 L=0.01666 P=nan old=0.01671 new=0.01089 tgt=-0.041/0.502 pstd=0.499 capv=0.040 lr=1.0e-03 gen=0.1s conv=0.0s add=0.1s train=1.7s sps=0
[t= 111.8s] greedy ep 60 games=  96 dec= 18320 rows= 17574 horizon=0.26 nodecap=0 over=0 card=0 exact=0 drop=0 cfgs= 28.1 L=0.01736 P=nan old=0.01796 new=0.01290 tgt=-0.043/0.509 pstd=0.506 capv=0.040 lr=1.0e-03 gen=0.1s conv=0.0s add=0.1s train=1.6s sps=0
[t= 113.7s] greedy ep 61 games=  96 dec= 18707 rows= 17887 horizon=0.30 nodecap=0 over=0 card=0 exact=0 drop=0 cfgs= 26.6 L=0.01748 P=nan old=0.01759 new=0.01052 tgt=-0.034/0.471 pstd=0.527 capv=0.040 lr=1.0e-03 gen=0.1s conv=0.0s add=0.1s train=1.7s sps=0
[t= 115.6s] greedy ep 62 games=  96 dec= 18819 rows= 17951 horizon=0.26 nodecap=0 over=0 card=0 exact=0 drop=0 cfgs= 29.2 L=0.01614 P=nan old=0.01764 new=0.01057 tgt=+0.000/0.493 pstd=0.519 capv=0.040 lr=1.0e-03 gen=0.1s conv=0.0s add=0.1s train=1.7s sps=0
[t= 117.4s] greedy ep 63 games=  96 dec= 17597 rows= 16856 horizon=0.23 nodecap=0 over=0 card=0 exact=0 drop=0 cfgs= 28.3 L=0.01673 P=nan old=0.01800 new=0.01323 tgt=-0.019/0.507 pstd=0.518 capv=0.040 lr=1.0e-03 gen=0.1s conv=0.0s add=0.1s train=1.6s sps=0
[t= 119.1s] greedy ep 64 games=  96 dec= 16749 rows= 16027 horizon=0.14 nodecap=0 over=0 card=0 exact=0 drop=0 cfgs= 30.3 L=0.01785 P=nan old=0.01809 new=0.01183 tgt=-0.034/0.554 pstd=0.513 capv=0.040 lr=1.0e-03 gen=0.1s conv=0.0s add=0.1s train=1.5s sps=0
[t= 121.0s] greedy ep 65 games=  96 dec= 18971 rows= 18264 horizon=0.38 nodecap=0 over=0 card=0 exact=0 drop=0 cfgs= 24.1 L=0.01790 P=nan old=0.01787 new=0.01144 tgt=-0.000/0.449 pstd=0.499 capv=0.040 lr=1.0e-03 gen=0.1s conv=0.0s add=0.1s train=1.7s sps=0
[t= 122.9s] greedy ep 66 games=  96 dec= 19327 rows= 18525 horizon=0.38 nodecap=0 over=0 card=0 exact=0 drop=0 cfgs= 26.1 L=0.01572 P=nan old=0.01773 new=0.01192 tgt=-0.033/0.479 pstd=0.522 capv=0.040 lr=1.0e-03 gen=0.1s conv=0.0s add=0.1s train=1.7s sps=0
[t= 124.8s] greedy ep 67 games=  96 dec= 18904 rows= 18152 horizon=0.31 nodecap=0 over=0 card=0 exact=0 drop=0 cfgs= 27.7 L=0.01679 P=nan old=0.01724 new=0.01092 tgt=-0.032/0.476 pstd=0.489 capv=0.040 lr=1.0e-03 gen=0.1s conv=0.0s add=0.1s train=1.7s sps=0
[t= 126.7s] greedy ep 68 games=  96 dec= 19116 rows= 18160 horizon=0.32 nodecap=0 over=0 card=0 exact=0 drop=0 cfgs= 25.6 L=0.01642 P=nan old=0.01854 new=0.01100 tgt=-0.018/0.473 pstd=0.509 capv=0.040 lr=1.0e-03 gen=0.1s conv=0.0s add=0.1s train=1.7s sps=0
[t= 128.5s] greedy ep 69 games=  96 dec= 17890 rows= 17147 horizon=0.23 nodecap=0 over=0 card=0 exact=0 drop=0 cfgs= 26.3 L=0.01727 P=nan old=0.01905 new=0.01342 tgt=-0.050/0.519 pstd=0.508 capv=0.040 lr=1.0e-03 gen=0.1s conv=0.0s add=0.1s train=1.6s sps=0
[t= 130.3s] greedy ep 70 games=  96 dec= 18555 rows= 17851 horizon=0.33 nodecap=0 over=0 card=0 exact=0 drop=0 cfgs= 25.8 L=0.01725 P=nan old=0.01755 new=0.01221 tgt=-0.027/0.483 pstd=0.504 capv=0.040 lr=1.0e-03 gen=0.1s conv=0.0s add=0.1s train=1.6s sps=0
[t= 132.2s] greedy ep 71 games=  96 dec= 19797 rows= 19031 horizon=0.36 nodecap=0 over=0 card=0 exact=0 drop=0 cfgs= 25.7 L=0.01644 P=nan old=0.01805 new=0.01237 tgt=-0.020/0.451 pstd=0.507 capv=0.040 lr=1.0e-03 gen=0.1s conv=0.0s add=0.1s train=1.7s sps=0
[t= 133.9s] greedy ep 72 games=  96 dec= 18202 rows= 17399 horizon=0.29 nodecap=0 over=0 card=0 exact=0 drop=0 cfgs= 26.0 L=0.01603 P=nan old=0.01654 new=0.01094 tgt=-0.008/0.486 pstd=0.510 capv=0.040 lr=1.0e-03 gen=0.1s conv=0.0s add=0.1s train=1.5s sps=0
[t= 135.7s] greedy ep 73 games=  96 dec= 18365 rows= 17541 horizon=0.24 nodecap=0 over=0 card=0 exact=0 drop=0 cfgs= 29.2 L=0.01672 P=nan old=0.01726 new=0.01209 tgt=-0.015/0.495 pstd=0.517 capv=0.040 lr=1.0e-03 gen=0.1s conv=0.0s add=0.1s train=1.6s sps=0
[t= 137.5s] greedy ep 74 games=  96 dec= 17426 rows= 16742 horizon=0.21 nodecap=0 over=0 card=0 exact=0 drop=0 cfgs= 27.9 L=0.01674 P=nan old=0.01659 new=0.01283 tgt=-0.057/0.506 pstd=0.506 capv=0.040 lr=1.0e-03 gen=0.1s conv=0.0s add=0.1s train=1.5s sps=0
[t= 139.2s] greedy ep 75 games=  96 dec= 17304 rows= 16559 horizon=0.22 nodecap=0 over=0 card=0 exact=0 drop=0 cfgs= 27.7 L=0.01753 P=nan old=0.01889 new=0.01204 tgt=-0.025/0.526 pstd=0.510 capv=0.040 lr=1.0e-03 gen=0.1s conv=0.0s add=0.1s train=1.5s sps=0
[t= 141.0s] greedy ep 76 games=  96 dec= 18569 rows= 17811 horizon=0.29 nodecap=0 over=0 card=0 exact=0 drop=0 cfgs= 25.5 L=0.01657 P=nan old=0.01768 new=0.01305 tgt=-0.024/0.472 pstd=0.514 capv=0.040 lr=1.0e-03 gen=0.1s conv=0.0s add=0.1s train=1.6s sps=0
[t= 142.9s] greedy ep 77 games=  96 dec= 18643 rows= 17809 horizon=0.30 nodecap=0 over=0 card=0 exact=0 drop=0 cfgs= 27.1 L=0.01681 P=nan old=0.01911 new=0.01273 tgt=-0.061/0.514 pstd=0.490 capv=0.040 lr=1.0e-03 gen=0.1s conv=0.0s add=0.1s train=1.6s sps=0
[t= 144.7s] greedy ep 78 games=  96 dec= 18858 rows= 18162 horizon=0.35 nodecap=0 over=0 card=0 exact=0 drop=0 cfgs= 27.2 L=0.01642 P=nan old=0.01689 new=0.01161 tgt=-0.062/0.493 pstd=0.504 capv=0.040 lr=1.0e-03 gen=0.1s conv=0.0s add=0.1s train=1.7s sps=0
[t= 146.6s] greedy ep 79 games=  96 dec= 18596 rows= 17892 horizon=0.29 nodecap=0 over=0 card=0 exact=0 drop=0 cfgs= 28.8 L=0.01631 P=nan old=0.01726 new=0.01054 tgt=-0.037/0.506 pstd=0.493 capv=0.040 lr=1.0e-03 gen=0.1s conv=0.0s add=0.1s train=1.6s sps=0
[t= 148.5s] greedy ep 80 games=  96 dec= 18865 rows= 18069 horizon=0.33 nodecap=0 over=0 card=0 exact=0 drop=0 cfgs= 28.9 L=0.01530 P=nan old=0.01717 new=0.01164 tgt=-0.064/0.516 pstd=0.502 capv=0.040 lr=1.0e-03 gen=0.1s conv=0.0s add=0.1s train=1.7s sps=0
[t= 150.3s] greedy ep 81 games=  96 dec= 17793 rows= 16976 horizon=0.24 nodecap=0 over=0 card=0 exact=0 drop=0 cfgs= 29.2 L=0.01718 P=nan old=0.01510 new=0.01162 tgt=-0.026/0.515 pstd=0.485 capv=0.040 lr=1.0e-03 gen=0.1s conv=0.0s add=0.1s train=1.5s sps=0
[t= 152.1s] greedy ep 82 games=  96 dec= 18291 rows= 17506 horizon=0.29 nodecap=0 over=0 card=0 exact=0 drop=0 cfgs= 26.6 L=0.01727 P=nan old=0.01702 new=0.01134 tgt=-0.049/0.506 pstd=0.494 capv=0.040 lr=1.0e-03 gen=0.1s conv=0.0s add=0.1s train=1.6s sps=0
[t= 153.9s] greedy ep 83 games=  96 dec= 19591 rows= 18806 horizon=0.43 nodecap=0 over=0 card=0 exact=0 drop=0 cfgs= 25.9 L=0.01534 P=nan old=0.01754 new=0.01037 tgt=-0.021/0.470 pstd=0.501 capv=0.040 lr=1.0e-03 gen=0.1s conv=0.0s add=0.1s train=1.7s sps=0
[t= 155.7s] greedy ep 84 games=  96 dec= 18034 rows= 17266 horizon=0.25 nodecap=0 over=0 card=0 exact=0 drop=0 cfgs= 27.6 L=0.01667 P=nan old=0.01865 new=0.01350 tgt=-0.021/0.525 pstd=0.522 capv=0.040 lr=1.0e-03 gen=0.1s conv=0.0s add=0.1s train=1.6s sps=0
[t= 157.6s] greedy ep 85 games=  96 dec= 18947 rows= 18197 horizon=0.32 nodecap=0 over=0 card=0 exact=0 drop=0 cfgs= 26.6 L=0.01633 P=nan old=0.01713 new=0.01181 tgt=-0.046/0.504 pstd=0.515 capv=0.040 lr=1.0e-03 gen=0.1s conv=0.0s add=0.1s train=1.7s sps=0
[t= 159.5s] greedy ep 86 games=  96 dec= 18689 rows= 17987 horizon=0.35 nodecap=0 over=0 card=0 exact=0 drop=0 cfgs= 27.1 L=0.01584 P=nan old=0.01671 new=0.01165 tgt=-0.036/0.472 pstd=0.522 capv=0.040 lr=1.0e-03 gen=0.1s conv=0.0s add=0.1s train=1.6s sps=0
[t= 161.3s] greedy ep 87 games=  96 dec= 18566 rows= 17888 horizon=0.32 nodecap=0 over=0 card=0 exact=0 drop=0 cfgs= 26.4 L=0.01562 P=nan old=0.01871 new=0.01108 tgt=-0.056/0.515 pstd=0.531 capv=0.040 lr=1.0e-03 gen=0.1s conv=0.0s add=0.1s train=1.6s sps=0
[t= 163.1s] greedy ep 88 games=  96 dec= 18173 rows= 17373 horizon=0.26 nodecap=0 over=0 card=0 exact=0 drop=0 cfgs= 27.9 L=0.01668 P=nan old=0.02003 new=0.01337 tgt=-0.012/0.485 pstd=0.521 capv=0.040 lr=1.0e-03 gen=0.1s conv=0.0s add=0.1s train=1.6s sps=0
[t= 164.9s] greedy ep 89 games=  96 dec= 18219 rows= 17395 horizon=0.25 nodecap=0 over=0 card=0 exact=0 drop=0 cfgs= 27.1 L=0.01621 P=nan old=0.01741 new=0.01294 tgt=-0.035/0.506 pstd=0.510 capv=0.040 lr=1.0e-03 gen=0.1s conv=0.0s add=0.1s train=1.6s sps=0
[t= 166.8s] greedy ep 90 games=  96 dec= 18858 rows= 18092 horizon=0.30 nodecap=0 over=0 card=0 exact=0 drop=0 cfgs= 26.2 L=0.01591 P=nan old=0.01613 new=0.01313 tgt=-0.044/0.505 pstd=0.506 capv=0.040 lr=1.0e-03 gen=0.1s conv=0.0s add=0.1s train=1.6s sps=0
[t= 168.5s] greedy ep 91 games=  96 dec= 17523 rows= 16706 horizon=0.23 nodecap=0 over=0 card=0 exact=0 drop=0 cfgs= 28.9 L=0.01704 P=nan old=0.01726 new=0.01128 tgt=-0.022/0.500 pstd=0.524 capv=0.040 lr=1.0e-03 gen=0.1s conv=0.0s add=0.1s train=1.5s sps=0
[t= 170.4s] greedy ep 92 games=  96 dec= 18500 rows= 17699 horizon=0.30 nodecap=0 over=0 card=0 exact=0 drop=0 cfgs= 26.9 L=0.01665 P=nan old=0.01728 new=0.01288 tgt=-0.042/0.514 pstd=0.541 capv=0.040 lr=1.0e-03 gen=0.1s conv=0.0s add=0.1s train=1.6s sps=0
[t= 172.4s] greedy ep 93 games=  96 dec= 18376 rows= 17568 horizon=0.28 nodecap=0 over=0 card=0 exact=0 drop=0 cfgs= 28.5 L=0.01665 P=nan old=0.01618 new=0.01203 tgt=-0.036/0.504 pstd=0.515 capv=0.040 lr=1.0e-03 gen=0.1s conv=0.0s add=0.1s train=1.8s sps=0
[t= 174.6s] greedy ep 94 games=  96 dec= 18616 rows= 17854 horizon=0.32 nodecap=0 over=0 card=0 exact=0 drop=0 cfgs= 27.7 L=0.01680 P=nan old=0.01712 new=0.01168 tgt=-0.047/0.481 pstd=0.512 capv=0.040 lr=1.0e-03 gen=0.1s conv=0.0s add=0.1s train=2.0s sps=0
[t= 176.8s] greedy ep 95 games=  96 dec= 18308 rows= 17535 horizon=0.27 nodecap=0 over=0 card=0 exact=0 drop=0 cfgs= 27.6 L=0.01698 P=nan old=0.01969 new=0.01279 tgt=-0.069/0.511 pstd=0.517 capv=0.040 lr=1.0e-03 gen=0.1s conv=0.0s add=0.1s train=1.9s sps=0
[t= 178.8s] greedy ep 96 games=  96 dec= 17572 rows= 16747 horizon=0.21 nodecap=0 over=0 card=0 exact=0 drop=0 cfgs= 30.4 L=0.01760 P=nan old=0.01726 new=0.01346 tgt=-0.060/0.525 pstd=0.548 capv=0.040 lr=1.0e-03 gen=0.1s conv=0.0s add=0.1s train=1.8s sps=0
[t= 181.0s] greedy ep 97 games=  96 dec= 18112 rows= 17323 horizon=0.27 nodecap=0 over=0 card=0 exact=0 drop=0 cfgs= 26.7 L=0.01700 P=nan old=0.01857 new=0.01332 tgt=-0.004/0.493 pstd=0.515 capv=0.040 lr=1.0e-03 gen=0.1s conv=0.0s add=0.1s train=1.9s sps=0
[t= 182.9s] greedy ep 98 games=  96 dec= 18699 rows= 17946 horizon=0.33 nodecap=0 over=0 card=0 exact=0 drop=0 cfgs= 26.6 L=0.01627 P=nan old=0.01762 new=0.01185 tgt=-0.017/0.473 pstd=0.509 capv=0.040 lr=1.0e-03 gen=0.1s conv=0.0s add=0.1s train=1.7s sps=0
[t= 184.7s] greedy ep 99 games=  96 dec= 18385 rows= 17502 horizon=0.27 nodecap=0 over=0 card=0 exact=0 drop=0 cfgs= 27.4 L=0.01620 P=nan old=0.01795 new=0.01160 tgt=-0.007/0.507 pstd=0.520 capv=0.040 lr=1.0e-03 gen=0.1s conv=0.0s add=0.1s train=1.6s sps=0
[t= 186.6s] greedy ep100 games=  96 dec= 18603 rows= 17820 horizon=0.30 nodecap=0 over=0 card=0 exact=0 drop=0 cfgs= 27.3 L=0.01632 P=nan old=0.01804 new=0.01116 tgt=-0.045/0.496 pstd=0.502 capv=0.040 lr=1.0e-03 gen=0.1s conv=0.0s add=0.1s train=1.7s sps=0
[t= 188.4s] greedy ep101 games=  96 dec= 17886 rows= 17089 horizon=0.25 nodecap=0 over=0 card=0 exact=0 drop=0 cfgs= 28.3 L=0.01551 P=nan old=0.01849 new=0.01190 tgt=-0.038/0.521 pstd=0.497 capv=0.040 lr=1.0e-03 gen=0.1s conv=0.0s add=0.1s train=1.6s sps=0
[t= 190.3s] greedy ep102 games=  96 dec= 18798 rows= 17947 horizon=0.31 nodecap=0 over=0 card=0 exact=0 drop=0 cfgs= 26.9 L=0.01636 P=nan old=0.01704 new=0.01212 tgt=-0.038/0.481 pstd=0.487 capv=0.040 lr=1.0e-03 gen=0.1s conv=0.0s add=0.1s train=1.7s sps=0
[t= 192.2s] greedy ep103 games=  96 dec= 18980 rows= 18214 horizon=0.33 nodecap=0 over=0 card=0 exact=0 drop=0 cfgs= 27.6 L=0.01622 P=nan old=0.01788 new=0.01170 tgt=-0.039/0.481 pstd=0.488 capv=0.040 lr=1.0e-03 gen=0.1s conv=0.0s add=0.1s train=1.7s sps=0
[t= 194.1s] greedy ep104 games=  96 dec= 18544 rows= 17803 horizon=0.28 nodecap=0 over=0 card=0 exact=0 drop=0 cfgs= 27.3 L=0.01599 P=nan old=0.01589 new=0.01136 tgt=-0.075/0.495 pstd=0.490 capv=0.040 lr=1.0e-03 gen=0.1s conv=0.0s add=0.1s train=1.7s sps=0
[t= 196.0s] greedy ep105 games=  96 dec= 18596 rows= 17853 horizon=0.32 nodecap=0 over=0 card=0 exact=0 drop=0 cfgs= 27.6 L=0.01633 P=nan old=0.01960 new=0.01399 tgt=-0.048/0.515 pstd=0.495 capv=0.040 lr=1.0e-03 gen=0.1s conv=0.0s add=0.1s train=1.7s sps=0
[t= 197.8s] greedy ep106 games=  96 dec= 19317 rows= 18485 horizon=0.36 nodecap=0 over=0 card=0 exact=0 drop=0 cfgs= 26.1 L=0.01691 P=nan old=0.01879 new=0.01057 tgt=-0.057/0.480 pstd=0.501 capv=0.040 lr=1.0e-03 gen=0.1s conv=0.0s add=0.1s train=1.6s sps=0
[t= 199.6s] greedy ep107 games=  96 dec= 17884 rows= 17161 horizon=0.25 nodecap=0 over=0 card=0 exact=0 drop=0 cfgs= 26.1 L=0.01553 P=nan old=0.01731 new=0.01184 tgt=-0.015/0.497 pstd=0.497 capv=0.040 lr=1.0e-03 gen=0.1s conv=0.0s add=0.1s train=1.6s sps=0
[t= 201.4s] greedy ep108 games=  96 dec= 18333 rows= 17614 horizon=0.29 nodecap=0 over=0 card=0 exact=0 drop=0 cfgs= 27.9 L=0.01600 P=nan old=0.01771 new=0.01252 tgt=-0.051/0.490 pstd=0.488 capv=0.040 lr=1.0e-03 gen=0.1s conv=0.0s add=0.1s train=1.6s sps=0
[t= 203.2s] greedy ep109 games=  96 dec= 18045 rows= 17241 horizon=0.27 nodecap=0 over=0 card=0 exact=0 drop=0 cfgs= 27.6 L=0.01678 P=nan old=0.01848 new=0.01287 tgt=-0.040/0.503 pstd=0.501 capv=0.040 lr=1.0e-03 gen=0.1s conv=0.0s add=0.1s train=1.6s sps=0
[t= 205.2s] greedy ep110 games=  96 dec= 20187 rows= 19396 horizon=0.45 nodecap=0 over=0 card=0 exact=0 drop=0 cfgs= 25.5 L=0.01543 P=nan old=0.01684 new=0.01196 tgt=-0.034/0.450 pstd=0.491 capv=0.040 lr=1.0e-03 gen=0.1s conv=0.0s add=0.1s train=1.8s sps=0
[t= 207.2s] greedy ep111 games=  96 dec= 19437 rows= 18698 horizon=0.40 nodecap=0 over=0 card=0 exact=0 drop=0 cfgs= 27.6 L=0.01511 P=nan old=0.01558 new=0.01075 tgt=-0.046/0.474 pstd=0.493 capv=0.040 lr=1.0e-03 gen=0.1s conv=0.0s add=0.1s train=1.7s sps=0
[t= 209.0s] greedy ep112 games=  96 dec= 18077 rows= 17339 horizon=0.26 nodecap=0 over=0 card=0 exact=0 drop=0 cfgs= 29.9 L=0.01557 P=nan old=0.01709 new=0.01215 tgt=-0.017/0.497 pstd=0.495 capv=0.040 lr=1.0e-03 gen=0.1s conv=0.0s add=0.1s train=1.6s sps=0
[t= 210.8s] greedy ep113 games=  96 dec= 18551 rows= 17769 horizon=0.30 nodecap=0 over=0 card=0 exact=0 drop=0 cfgs= 26.8 L=0.01491 P=nan old=0.01753 new=0.01157 tgt=-0.012/0.471 pstd=0.484 capv=0.040 lr=1.0e-03 gen=0.1s conv=0.0s add=0.1s train=1.6s sps=0
[t= 212.6s] greedy ep114 games=  96 dec= 18168 rows= 17435 horizon=0.32 nodecap=0 over=0 card=0 exact=0 drop=0 cfgs= 28.0 L=0.01543 P=nan old=0.01624 new=0.01052 tgt=-0.046/0.499 pstd=0.463 capv=0.040 lr=1.0e-03 gen=0.1s conv=0.0s add=0.1s train=1.6s sps=0
[t= 214.4s] greedy ep115 games=  96 dec= 18926 rows= 18161 horizon=0.32 nodecap=0 over=0 card=0 exact=0 drop=0 cfgs= 26.7 L=0.01542 P=nan old=0.01779 new=0.01110 tgt=-0.027/0.507 pstd=0.464 capv=0.040 lr=1.0e-03 gen=0.1s conv=0.0s add=0.1s train=1.6s sps=0
[t= 216.2s] greedy ep116 games=  96 dec= 18001 rows= 17253 horizon=0.27 nodecap=0 over=0 card=0 exact=0 drop=0 cfgs= 27.6 L=0.01510 P=nan old=0.01768 new=0.01069 tgt=-0.004/0.496 pstd=0.468 capv=0.040 lr=1.0e-03 gen=0.1s conv=0.0s add=0.1s train=1.5s sps=0
[t= 218.0s] greedy ep117 games=  96 dec= 18320 rows= 17564 horizon=0.30 nodecap=0 over=0 card=0 exact=0 drop=0 cfgs= 28.9 L=0.01500 P=nan old=0.01596 new=0.01134 tgt=-0.022/0.495 pstd=0.462 capv=0.040 lr=1.0e-03 gen=0.1s conv=0.0s add=0.1s train=1.6s sps=0
[t= 219.9s] greedy ep118 games=  96 dec= 18708 rows= 17913 horizon=0.34 nodecap=0 over=0 card=0 exact=0 drop=0 cfgs= 26.6 L=0.01473 P=nan old=0.01796 new=0.01248 tgt=-0.066/0.518 pstd=0.463 capv=0.040 lr=1.0e-03 gen=0.1s conv=0.0s add=0.1s train=1.6s sps=0
[t= 221.7s] greedy ep119 games=  96 dec= 18286 rows= 17557 horizon=0.26 nodecap=0 over=0 card=0 exact=0 drop=0 cfgs= 28.8 L=0.01537 P=nan old=0.01743 new=0.01007 tgt=-0.060/0.523 pstd=0.472 capv=0.040 lr=1.0e-03 gen=0.1s conv=0.0s add=0.1s train=1.6s sps=0
[t= 223.5s] greedy ep120 games=  96 dec= 18176 rows= 17460 horizon=0.31 nodecap=0 over=0 card=0 exact=0 drop=0 cfgs= 27.8 L=0.01479 P=nan old=0.01641 new=0.00955 tgt=-0.022/0.486 pstd=0.464 capv=0.040 lr=1.0e-03 gen=0.1s conv=0.0s add=0.1s train=1.6s sps=0
[t= 225.4s] greedy ep121 games=  96 dec= 19460 rows= 18577 horizon=0.31 nodecap=0 over=0 card=0 exact=0 drop=0 cfgs= 27.3 L=0.01501 P=nan old=0.01645 new=0.01117 tgt=-0.019/0.479 pstd=0.467 capv=0.040 lr=1.0e-03 gen=0.1s conv=0.0s add=0.1s train=1.7s sps=0
[t= 227.3s] greedy ep122 games=  96 dec= 18415 rows= 17649 horizon=0.28 nodecap=0 over=0 card=0 exact=0 drop=0 cfgs= 26.7 L=0.01513 P=nan old=0.01615 new=0.01073 tgt=-0.061/0.516 pstd=0.460 capv=0.040 lr=1.0e-03 gen=0.1s conv=0.0s add=0.1s train=1.6s sps=0
[t= 229.0s] greedy ep123 games=  96 dec= 18495 rows= 17619 horizon=0.28 nodecap=0 over=0 card=0 exact=0 drop=0 cfgs= 27.6 L=0.01455 P=nan old=0.01519 new=0.01201 tgt=-0.045/0.514 pstd=0.460 capv=0.040 lr=1.0e-03 gen=0.1s conv=0.0s add=0.1s train=1.5s sps=0
[t= 231.0s] greedy ep124 games=  96 dec= 19317 rows= 18568 horizon=0.35 nodecap=0 over=0 card=0 exact=0 drop=0 cfgs= 27.1 L=0.01438 P=nan old=0.01485 new=0.00950 tgt=-0.036/0.482 pstd=0.442 capv=0.040 lr=1.0e-03 gen=0.1s conv=0.0s add=0.1s train=1.7s sps=0
[t= 232.8s] greedy ep125 games=  96 dec= 18415 rows= 17573 horizon=0.28 nodecap=0 over=0 card=0 exact=0 drop=0 cfgs= 28.7 L=0.01523 P=nan old=0.01575 new=0.00910 tgt=-0.097/0.537 pstd=0.458 capv=0.040 lr=1.0e-03 gen=0.1s conv=0.0s add=0.1s train=1.6s sps=0
[t= 234.6s] greedy ep126 games=  96 dec= 17865 rows= 17091 horizon=0.26 nodecap=0 over=0 card=0 exact=0 drop=0 cfgs= 29.3 L=0.01454 P=nan old=0.01487 new=0.01102 tgt=-0.062/0.522 pstd=0.443 capv=0.040 lr=1.0e-03 gen=0.1s conv=0.0s add=0.1s train=1.6s sps=0
[t= 236.5s] greedy ep127 games=  96 dec= 19376 rows= 18644 horizon=0.32 nodecap=0 over=0 card=0 exact=0 drop=0 cfgs= 26.0 L=0.01408 P=nan old=0.01394 new=0.00914 tgt=-0.017/0.476 pstd=0.462 capv=0.040 lr=1.0e-03 gen=0.1s conv=0.0s add=0.1s train=1.7s sps=0
[t= 238.3s] greedy ep128 games=  96 dec= 17285 rows= 16560 horizon=0.22 nodecap=0 over=0 card=0 exact=0 drop=0 cfgs= 28.0 L=0.01456 P=nan old=0.01603 new=0.00873 tgt=-0.020/0.530 pstd=0.450 capv=0.040 lr=1.0e-03 gen=0.1s conv=0.0s add=0.1s train=1.5s sps=0
[t= 240.1s] greedy ep129 games=  96 dec= 18310 rows= 17470 horizon=0.26 nodecap=0 over=0 card=0 exact=0 drop=0 cfgs= 28.5 L=0.01414 P=nan old=0.01629 new=0.01102 tgt=-0.032/0.527 pstd=0.460 capv=0.040 lr=1.0e-03 gen=0.1s conv=0.0s add=0.1s train=1.6s sps=0
[t= 242.0s] greedy ep130 games=  96 dec= 19053 rows= 18358 horizon=0.36 nodecap=0 over=0 card=0 exact=0 drop=0 cfgs= 24.8 L=0.01424 P=nan old=0.01809 new=0.00985 tgt=-0.047/0.483 pstd=0.432 capv=0.040 lr=1.0e-03 gen=0.1s conv=0.0s add=0.1s train=1.7s sps=0
[t= 243.9s] greedy ep131 games=  96 dec= 20095 rows= 19222 horizon=0.38 nodecap=0 over=0 card=0 exact=0 drop=0 cfgs= 25.2 L=0.01381 P=nan old=0.01515 new=0.00899 tgt=-0.022/0.460 pstd=0.438 capv=0.040 lr=1.0e-03 gen=0.1s conv=0.0s add=0.1s train=1.7s sps=0
[t= 245.7s] greedy ep132 games=  96 dec= 17966 rows= 17217 horizon=0.28 nodecap=0 over=0 card=0 exact=0 drop=0 cfgs= 26.6 L=0.01345 P=nan old=0.01410 new=0.00975 tgt=-0.023/0.468 pstd=0.435 capv=0.040 lr=1.0e-03 gen=0.1s conv=0.0s add=0.1s train=1.5s sps=0
[t= 247.6s] greedy ep133 games=  96 dec= 18625 rows= 17816 horizon=0.26 nodecap=0 over=0 card=0 exact=0 drop=0 cfgs= 25.6 L=0.01456 P=nan old=0.01681 new=0.00850 tgt=+0.024/0.495 pstd=0.444 capv=0.040 lr=1.0e-03 gen=0.1s conv=0.0s add=0.1s train=1.7s sps=0
[t= 249.4s] greedy ep134 games=  96 dec= 18548 rows= 17654 horizon=0.24 nodecap=0 over=0 card=0 exact=0 drop=0 cfgs= 26.7 L=0.01411 P=nan old=0.01404 new=0.00866 tgt=-0.024/0.496 pstd=0.434 capv=0.040 lr=1.0e-03 gen=0.1s conv=0.0s add=0.1s train=1.6s sps=0
[t= 251.3s] greedy ep135 games=  96 dec= 18728 rows= 17931 horizon=0.31 nodecap=0 over=0 card=0 exact=0 drop=0 cfgs= 26.5 L=0.01403 P=nan old=0.01460 new=0.01002 tgt=-0.069/0.499 pstd=0.432 capv=0.040 lr=1.0e-03 gen=0.1s conv=0.0s add=0.1s train=1.6s sps=0
[t= 253.1s] greedy ep136 games=  96 dec= 18531 rows= 17777 horizon=0.32 nodecap=0 over=0 card=0 exact=0 drop=0 cfgs= 25.6 L=0.01360 P=nan old=0.01495 new=0.01009 tgt=-0.050/0.472 pstd=0.439 capv=0.040 lr=1.0e-03 gen=0.1s conv=0.0s add=0.1s train=1.6s sps=0
[t= 254.9s] greedy ep137 games=  96 dec= 18093 rows= 17363 horizon=0.26 nodecap=0 over=0 card=0 exact=0 drop=0 cfgs= 27.1 L=0.01340 P=nan old=0.01542 new=0.00911 tgt=-0.052/0.497 pstd=0.422 capv=0.040 lr=1.0e-03 gen=0.1s conv=0.0s add=0.1s train=1.6s sps=0
[t= 256.7s] greedy ep138 games=  96 dec= 18318 rows= 17478 horizon=0.27 nodecap=0 over=0 card=0 exact=0 drop=0 cfgs= 26.7 L=0.01330 P=nan old=0.01266 new=0.00928 tgt=-0.018/0.500 pstd=0.428 capv=0.040 lr=1.0e-03 gen=0.1s conv=0.0s add=0.1s train=1.6s sps=0
[t= 258.5s] greedy ep139 games=  96 dec= 18032 rows= 17236 horizon=0.25 nodecap=0 over=0 card=0 exact=0 drop=0 cfgs= 26.9 L=0.01315 P=nan old=0.01467 new=0.00954 tgt=-0.060/0.509 pstd=0.416 capv=0.040 lr=1.0e-03 gen=0.1s conv=0.0s add=0.1s train=1.6s sps=0
[t= 260.4s] greedy ep140 games=  96 dec= 19161 rows= 18406 horizon=0.34 nodecap=0 over=0 card=0 exact=0 drop=0 cfgs= 25.9 L=0.01295 P=nan old=0.01311 new=0.00856 tgt=-0.045/0.479 pstd=0.415 capv=0.040 lr=1.0e-03 gen=0.1s conv=0.0s add=0.1s train=1.7s sps=0
[t= 262.2s] greedy ep141 games=  96 dec= 17752 rows= 16985 horizon=0.21 nodecap=0 over=0 card=0 exact=0 drop=0 cfgs= 29.0 L=0.01340 P=nan old=0.01526 new=0.00974 tgt=-0.022/0.530 pstd=0.409 capv=0.040 lr=1.0e-03 gen=0.1s conv=0.0s add=0.1s train=1.5s sps=0
[t= 264.1s] greedy ep142 games=  96 dec= 19888 rows= 19018 horizon=0.41 nodecap=0 over=0 card=0 exact=0 drop=0 cfgs= 25.7 L=0.01278 P=nan old=0.01217 new=0.00916 tgt=-0.030/0.458 pstd=0.406 capv=0.040 lr=1.0e-03 gen=0.1s conv=0.0s add=0.1s train=1.7s sps=0
[t= 266.0s] greedy ep143 games=  96 dec= 18949 rows= 18170 horizon=0.33 nodecap=0 over=0 card=0 exact=0 drop=0 cfgs= 27.1 L=0.01202 P=nan old=0.01392 new=0.00896 tgt=-0.021/0.495 pstd=0.410 capv=0.040 lr=1.0e-03 gen=0.1s conv=0.0s add=0.1s train=1.7s sps=0
[t= 267.8s] greedy ep144 games=  96 dec= 18306 rows= 17417 horizon=0.25 nodecap=0 over=0 card=0 exact=0 drop=0 cfgs= 27.7 L=0.01240 P=nan old=0.01411 new=0.00811 tgt=-0.022/0.510 pstd=0.395 capv=0.040 lr=1.0e-03 gen=0.1s conv=0.0s add=0.1s train=1.6s sps=0
[t= 269.7s] greedy ep145 games=  96 dec= 17985 rows= 17308 horizon=0.29 nodecap=0 over=0 card=0 exact=0 drop=0 cfgs= 26.5 L=0.01285 P=nan old=0.01352 new=0.00844 tgt=-0.065/0.515 pstd=0.390 capv=0.040 lr=1.0e-03 gen=0.1s conv=0.0s add=0.1s train=1.6s sps=0
[t= 271.5s] greedy ep146 games=  96 dec= 18221 rows= 17454 horizon=0.23 nodecap=0 over=0 card=0 exact=0 drop=0 cfgs= 29.3 L=0.01306 P=nan old=0.01402 new=0.00858 tgt=-0.015/0.508 pstd=0.380 capv=0.040 lr=1.0e-03 gen=0.1s conv=0.0s add=0.1s train=1.6s sps=0
[t= 273.4s] greedy ep147 games=  96 dec= 19030 rows= 18308 horizon=0.32 nodecap=0 over=0 card=0 exact=0 drop=0 cfgs= 24.8 L=0.01255 P=nan old=0.01338 new=0.00734 tgt=-0.024/0.488 pstd=0.396 capv=0.040 lr=1.0e-03 gen=0.1s conv=0.0s add=0.1s train=1.7s sps=0
[t= 275.3s] greedy ep148 games=  96 dec= 18935 rows= 18101 horizon=0.33 nodecap=0 over=0 card=0 exact=0 drop=0 cfgs= 27.8 L=0.01274 P=nan old=0.01365 new=0.00764 tgt=-0.028/0.482 pstd=0.392 capv=0.040 lr=1.0e-03 gen=0.1s conv=0.0s add=0.1s train=1.7s sps=0
[t= 277.1s] greedy ep149 games=  96 dec= 18066 rows= 17249 horizon=0.25 nodecap=0 over=0 card=0 exact=0 drop=0 cfgs= 27.3 L=0.01249 P=nan old=0.01396 new=0.00966 tgt=-0.030/0.517 pstd=0.403 capv=0.040 lr=1.0e-03 gen=0.1s conv=0.0s add=0.1s train=1.5s sps=0
[t= 278.9s] greedy ep150 games=  96 dec= 18435 rows= 17699 horizon=0.35 nodecap=0 over=0 card=0 exact=0 drop=0 cfgs= 26.4 L=0.01254 P=nan old=0.01311 new=0.00934 tgt=-0.052/0.509 pstd=0.373 capv=0.040 lr=1.0e-03 gen=0.1s conv=0.0s add=0.1s train=1.6s sps=0
[t= 280.7s] greedy ep151 games=  96 dec= 18698 rows= 17940 horizon=0.28 nodecap=0 over=0 card=0 exact=0 drop=0 cfgs= 26.6 L=0.01216 P=nan old=0.01352 new=0.00778 tgt=-0.033/0.516 pstd=0.381 capv=0.040 lr=1.0e-03 gen=0.1s conv=0.0s add=0.1s train=1.6s sps=0
[t= 282.6s] greedy ep152 games=  96 dec= 18853 rows= 18118 horizon=0.32 nodecap=0 over=0 card=0 exact=0 drop=0 cfgs= 26.3 L=0.01191 P=nan old=0.01295 new=0.00855 tgt=-0.072/0.483 pstd=0.379 capv=0.040 lr=1.0e-03 gen=0.1s conv=0.0s add=0.1s train=1.6s sps=0
[t= 284.2s] greedy ep153 games=  96 dec= 16700 rows= 15995 horizon=0.20 nodecap=0 over=0 card=0 exact=0 drop=0 cfgs= 29.1 L=0.01240 P=nan old=0.01326 new=0.00904 tgt=-0.042/0.531 pstd=0.381 capv=0.040 lr=1.0e-03 gen=0.1s conv=0.0s add=0.1s train=1.4s sps=0
[t= 286.1s] greedy ep154 games=  96 dec= 18825 rows= 18060 horizon=0.30 nodecap=0 over=0 card=0 exact=0 drop=0 cfgs= 25.9 L=0.01249 P=nan old=0.01225 new=0.00785 tgt=-0.046/0.503 pstd=0.369 capv=0.040 lr=1.0e-03 gen=0.1s conv=0.0s add=0.1s train=1.7s sps=0
[t= 288.0s] greedy ep155 games=  96 dec= 19086 rows= 18303 horizon=0.30 nodecap=0 over=0 card=0 exact=0 drop=0 cfgs= 26.0 L=0.01183 P=nan old=0.01261 new=0.00792 tgt=-0.029/0.509 pstd=0.356 capv=0.040 lr=1.0e-03 gen=0.1s conv=0.0s add=0.1s train=1.7s sps=0
[t= 289.9s] greedy ep156 games=  96 dec= 18232 rows= 17424 horizon=0.25 nodecap=0 over=0 card=0 exact=0 drop=0 cfgs= 27.1 L=0.01191 P=nan old=0.01254 new=0.00776 tgt=-0.026/0.548 pstd=0.361 capv=0.040 lr=1.0e-03 gen=0.1s conv=0.0s add=0.1s train=1.6s sps=0
[t= 291.7s] greedy ep157 games=  96 dec= 18033 rows= 17289 horizon=0.25 nodecap=0 over=0 card=0 exact=0 drop=0 cfgs= 25.6 L=0.01225 P=nan old=0.01281 new=0.00824 tgt=-0.039/0.537 pstd=0.351 capv=0.040 lr=1.0e-03 gen=0.1s conv=0.0s add=0.1s train=1.6s sps=0
[t= 293.5s] greedy ep158 games=  96 dec= 17788 rows= 16999 horizon=0.23 nodecap=0 over=0 card=0 exact=0 drop=0 cfgs= 28.4 L=0.01273 P=nan old=0.01268 new=0.00880 tgt=-0.027/0.511 pstd=0.356 capv=0.040 lr=1.0e-03 gen=0.1s conv=0.0s add=0.1s train=1.6s sps=0
[t= 295.4s] greedy ep159 games=  96 dec= 18884 rows= 18105 horizon=0.31 nodecap=0 over=0 card=0 exact=0 drop=0 cfgs= 24.9 L=0.01269 P=nan old=0.01360 new=0.00892 tgt=-0.041/0.485 pstd=0.352 capv=0.040 lr=1.0e-03 gen=0.1s conv=0.0s add=0.1s train=1.7s sps=0
[t= 297.2s] greedy ep160 games=  96 dec= 17358 rows= 16630 horizon=0.21 nodecap=0 over=0 card=0 exact=0 drop=0 cfgs= 29.1 L=0.01234 P=nan old=0.01278 new=0.00899 tgt=-0.059/0.530 pstd=0.360 capv=0.040 lr=1.0e-03 gen=0.1s conv=0.0s add=0.1s train=1.6s sps=0
[t= 299.1s] greedy ep161 games=  96 dec= 18280 rows= 17526 horizon=0.26 nodecap=0 over=0 card=0 exact=0 drop=0 cfgs= 27.6 L=0.01215 P=nan old=0.01147 new=0.00818 tgt=-0.040/0.502 pstd=0.358 capv=0.040 lr=1.0e-03 gen=0.1s conv=0.0s add=0.1s train=1.6s sps=0
[t= 301.0s] greedy ep162 games=  96 dec= 18863 rows= 18044 horizon=0.27 nodecap=0 over=0 card=0 exact=0 drop=0 cfgs= 24.3 L=0.01209 P=nan old=0.01141 new=0.00835 tgt=-0.058/0.510 pstd=0.353 capv=0.040 lr=1.0e-03 gen=0.1s conv=0.0s add=0.1s train=1.7s sps=0
[t= 301.0s] --- snapshot snap_00.pt (init) ---
[t= 301.0s] --- switching to ReBeL ---
v5 GEMM compute=fast-f16
[t= 311.0s] rebel stream solves=16384 raw=1638/s balanced=1638/s debt=0 rows steps=64 over=0 card=0 drop=0 L=0.02554 tgt=-0.003/0.226 cfg/b=44410 prep=0.34s gpu=0.00s conv=0.02s add=0.65s train=1.92s
[t= 321.2s] rebel stream solves=45056 raw=2230/s balanced=2230/s debt=0 rows steps=176 over=0 card=0 drop=0 L=0.00504 tgt=-0.002/0.197 cfg/b=50196 prep=0.57s gpu=0.00s conv=0.05s add=1.20s train=3.25s
[t= 331.2s] rebel stream solves=63488 raw=2102/s balanced=2102/s debt=0 rows steps=248 over=0 card=0 drop=0 L=0.00298 tgt=+0.007/0.208 cfg/b=31036 prep=0.39s gpu=0.00s conv=0.01s add=0.52s train=2.20s
[t= 341.2s] rebel stream solves=82944 raw=2062/s balanced=2062/s debt=0 rows steps=324 over=0 card=0 drop=0 L=0.00257 tgt=+0.012/0.215 cfg/b=26366 prep=0.42s gpu=0.00s conv=0.01s add=0.37s train=2.32s
[t= 351.3s] rebel stream solves=98304 raw=1956/s balanced=1956/s debt=0 rows steps=384 over=0 card=0 drop=0 L=0.00244 tgt=+0.017/0.242 cfg/b=21226 prep=0.41s gpu=0.00s conv=0.01s add=0.26s train=1.90s
[t= 361.3s] rebel stream solves=109568 raw=1817/s balanced=1817/s debt=0 rows steps=428 over=0 card=0 drop=0 L=0.00238 tgt=+0.023/0.264 cfg/b=19360 prep=0.26s gpu=0.00s conv=0.01s add=0.17s train=1.32s
[t= 371.3s] rebel stream solves=120832 raw=1719/s balanced=1719/s debt=0 rows steps=472 over=0 card=0 drop=0 L=0.00238 tgt=+0.045/0.272 cfg/b=17842 prep=0.28s gpu=0.00s conv=0.00s add=0.15s train=1.35s
[t= 381.3s] rebel stream solves=131072 raw=1632/s balanced=1632/s debt=0 rows steps=512 over=0 card=0 drop=0 L=0.00277 tgt=+0.034/0.285 cfg/b=16884 prep=0.38s gpu=0.00s conv=0.01s add=0.12s train=1.34s
[t= 391.3s] rebel stream solves=141312 raw=1565/s balanced=1565/s debt=0 rows steps=552 over=0 card=0 drop=0 L=0.00302 tgt=+0.041/0.292 cfg/b=16265 prep=0.22s gpu=0.00s conv=0.01s add=0.14s train=1.12s
[t= 401.4s] rebel stream solves=151552 raw=1510/s balanced=1510/s debt=0 rows steps=592 over=0 card=0 drop=0 L=0.00331 tgt=+0.052/0.305 cfg/b=15797 prep=0.22s gpu=0.00s conv=0.01s add=0.14s train=1.23s
[t= 411.4s] rebel stream solves=161792 raw=1466/s balanced=1466/s debt=0 rows steps=632 over=0 card=0 drop=0 L=0.00407 tgt=+0.063/0.314 cfg/b=15672 prep=0.25s gpu=0.00s conv=0.00s add=0.13s train=1.24s
[t= 421.4s] rebel stream solves=173056 raw=1438/s balanced=1438/s debt=0 rows steps=676 over=0 card=0 drop=0 L=0.00452 tgt=+0.075/0.322 cfg/b=15174 prep=0.25s gpu=0.00s conv=0.01s add=0.16s train=1.33s
[t= 431.4s] rebel stream solves=183296 raw=1406/s balanced=1406/s debt=0 rows steps=716 over=0 card=0 drop=0 L=0.00542 tgt=+0.056/0.307 cfg/b=15072 prep=0.23s gpu=0.00s conv=0.00s add=0.15s train=1.24s
[t= 441.6s] rebel stream solves=196608 raw=1399/s balanced=1399/s debt=0 rows steps=768 over=0 card=0 drop=0 L=0.00561 tgt=+0.072/0.305 cfg/b=15310 prep=0.30s gpu=0.00s conv=0.01s add=0.22s train=1.54s
[t= 451.6s] rebel stream solves=208896 raw=1387/s balanced=1387/s debt=0 rows steps=816 over=0 card=0 drop=0 L=0.00622 tgt=+0.067/0.315 cfg/b=15342 prep=0.27s gpu=0.00s conv=0.01s add=0.20s train=1.49s
[t= 461.6s] rebel stream solves=222208 raw=1384/s balanced=1384/s debt=0 rows steps=868 over=0 card=0 drop=0 L=0.00703 tgt=+0.062/0.307 cfg/b=15734 prep=0.28s gpu=0.00s conv=0.01s add=0.25s train=1.53s
[t= 471.6s] rebel stream solves=234496 raw=1375/s balanced=1375/s debt=0 rows steps=916 over=0 card=0 drop=0 L=0.00726 tgt=+0.054/0.295 cfg/b=16191 prep=0.30s gpu=0.00s conv=0.01s add=0.29s train=1.53s
[t= 481.7s] rebel stream solves=248832 raw=1377/s balanced=1377/s debt=0 rows steps=972 over=0 card=0 drop=0 L=0.00771 tgt=+0.055/0.293 cfg/b=16781 prep=0.31s gpu=0.00s conv=0.01s add=0.33s train=1.66s
[t= 491.7s] rebel stream solves=262144 raw=1375/s balanced=1375/s debt=0 rows steps=1024 over=0 card=0 drop=0 L=0.00798 tgt=+0.047/0.284 cfg/b=17330 prep=0.30s gpu=0.00s conv=0.01s add=0.37s train=1.54s
[t= 501.8s] rebel stream solves=277504 raw=1382/s balanced=1382/s debt=0 rows steps=1084 over=0 card=0 drop=0 L=0.00895 tgt=+0.042/0.270 cfg/b=17279 prep=0.32s gpu=0.00s conv=0.01s add=0.38s train=1.68s
[t= 511.8s] rebel stream solves=292864 raw=1390/s balanced=1390/s debt=0 rows steps=1144 over=0 card=0 drop=0 L=0.00807 tgt=+0.039/0.261 cfg/b=17189 prep=0.32s gpu=0.00s conv=0.01s add=0.45s train=1.76s
[t= 521.8s] rebel stream solves=306176 raw=1387/s balanced=1387/s debt=0 rows steps=1196 over=0 card=0 drop=0 L=0.00854 tgt=+0.039/0.255 cfg/b=18474 prep=0.25s gpu=0.00s conv=0.01s add=0.39s train=1.46s
[t= 531.8s] rebel stream solves=317440 raw=1376/s balanced=1376/s debt=0 rows steps=1240 over=0 card=0 drop=0 L=0.00795 tgt=+0.031/0.247 cfg/b=18961 prep=0.27s gpu=0.00s conv=0.01s add=0.39s train=1.28s
[t= 541.8s] rebel stream solves=328704 raw=1365/s balanced=1365/s debt=0 rows steps=1284 over=0 card=0 drop=0 L=0.00789 tgt=+0.028/0.241 cfg/b=19671 prep=0.21s gpu=0.00s conv=0.01s add=0.40s train=1.22s
[t= 551.8s] rebel stream solves=340992 raw=1360/s balanced=1360/s debt=0 rows steps=1332 over=0 card=0 drop=0 L=0.00844 tgt=+0.025/0.244 cfg/b=20794 prep=0.27s gpu=0.00s conv=0.01s add=0.41s train=1.41s
[t= 561.9s] rebel stream solves=351232 raw=1347/s balanced=1347/s debt=0 rows steps=1372 over=0 card=0 drop=0 L=0.00817 tgt=+0.019/0.245 cfg/b=21256 prep=0.26s gpu=0.00s conv=0.01s add=0.37s train=1.22s
[t= 571.9s] rebel stream solves=362496 raw=1338/s balanced=1338/s debt=0 rows steps=1416 over=0 card=0 drop=0 L=0.00778 tgt=+0.017/0.239 cfg/b=22347 prep=0.22s gpu=0.00s conv=0.01s add=0.42s train=1.27s
[t= 581.9s] rebel stream solves=372736 raw=1327/s balanced=1327/s debt=0 rows steps=1456 over=0 card=0 drop=0 L=0.00782 tgt=+0.009/0.248 cfg/b=22348 prep=0.28s gpu=0.00s conv=0.01s add=0.36s train=1.22s
[t= 592.1s] rebel stream solves=385024 raw=1323/s balanced=1323/s debt=0 rows steps=1504 over=0 card=0 drop=0 L=0.00837 tgt=+0.005/0.248 cfg/b=23053 prep=0.23s gpu=0.00s conv=0.01s add=0.51s train=1.33s
[t= 602.1s] rebel stream solves=395264 raw=1313/s balanced=1313/s debt=0 rows steps=1544 over=0 card=0 drop=0 L=0.00826 tgt=+0.001/0.247 cfg/b=24194 prep=0.24s gpu=0.00s conv=0.01s add=0.40s train=1.22s
[t= 612.1s] rebel stream solves=404480 raw=1300/s balanced=1300/s debt=0 rows steps=1580 over=0 card=0 drop=0 L=0.00867 tgt=-0.010/0.256 cfg/b=24957 prep=0.24s gpu=0.00s conv=0.01s add=0.39s train=1.09s
[t= 622.2s] rebel stream solves=414720 raw=1291/s balanced=1291/s debt=0 rows steps=1620 over=0 card=0 drop=0 L=0.00842 tgt=-0.008/0.255 cfg/b=26065 prep=0.20s gpu=0.00s conv=0.01s add=0.37s train=1.09s
[t= 632.2s] rebel stream solves=424960 raw=1283/s balanced=1283/s debt=0 rows steps=1660 over=0 card=0 drop=0 L=0.00854 tgt=-0.012/0.266 cfg/b=26157 prep=0.20s gpu=0.00s conv=0.01s add=0.40s train=1.11s
[t= 642.2s] rebel stream solves=433152 raw=1270/s balanced=1270/s debt=0 rows steps=1692 over=0 card=0 drop=0 L=0.00831 tgt=-0.011/0.262 cfg/b=26870 prep=0.17s gpu=0.00s conv=0.01s add=0.31s train=0.92s
[t= 652.3s] rebel stream solves=442368 raw=1259/s balanced=1259/s debt=0 rows steps=1728 over=0 card=0 drop=0 L=0.00855 tgt=-0.008/0.257 cfg/b=27594 prep=0.17s gpu=0.00s conv=0.01s add=0.41s train=1.02s
[t= 662.3s] rebel stream solves=451584 raw=1250/s balanced=1250/s debt=0 rows steps=1764 over=0 card=0 drop=0 L=0.00902 tgt=-0.010/0.262 cfg/b=28524 prep=0.18s gpu=0.00s conv=0.01s add=0.37s train=1.02s
[t= 672.3s] rebel stream solves=459776 raw=1238/s balanced=1238/s debt=0 rows steps=1796 over=0 card=0 drop=0 L=0.00870 tgt=-0.007/0.258 cfg/b=28721 prep=0.22s gpu=0.00s conv=0.01s add=0.35s train=0.99s
[t= 682.3s] rebel stream solves=468992 raw=1230/s balanced=1230/s debt=0 rows steps=1832 over=0 card=0 drop=0 L=0.00975 tgt=-0.010/0.263 cfg/b=29108 prep=0.19s gpu=0.00s conv=0.01s add=0.47s train=1.02s
[t= 692.4s] rebel stream solves=478208 raw=1222/s balanced=1222/s debt=0 rows steps=1868 over=0 card=0 drop=0 L=0.00925 tgt=-0.001/0.259 cfg/b=29973 prep=0.16s gpu=0.00s conv=0.01s add=0.46s train=0.99s
[t= 697.1s] --- lr -> 5.00e-04 ---
[t= 701.0s] --- snapshot snap_01.pt (s1) ---
[t= 702.4s] rebel stream solves=488448 raw=1217/s balanced=1217/s debt=0 rows steps=1908 over=0 card=0 drop=0 L=0.00955 tgt=-0.009/0.259 cfg/b=31486 prep=0.18s gpu=0.00s conv=0.01s add=0.53s train=1.10s
[t= 712.4s] rebel stream solves=498688 raw=1212/s balanced=1212/s debt=0 rows steps=1948 over=0 card=0 drop=0 L=0.00949 tgt=-0.014/0.262 cfg/b=32194 prep=0.18s gpu=0.00s conv=0.01s add=0.52s train=1.11s
[t= 722.4s] rebel stream solves=506880 raw=1203/s balanced=1203/s debt=0 rows steps=1980 over=0 card=0 drop=0 L=0.00945 tgt=-0.017/0.256 cfg/b=32774 prep=0.14s gpu=0.00s conv=0.01s add=0.37s train=0.84s
[t= 732.4s] rebel stream solves=516096 raw=1196/s balanced=1196/s debt=0 rows steps=2016 over=0 card=0 drop=0 L=0.00898 tgt=-0.020/0.246 cfg/b=34378 prep=0.16s gpu=0.00s conv=0.02s add=0.48s train=0.96s
[t= 742.4s] rebel stream solves=522240 raw=1183/s balanced=1183/s debt=0 rows steps=2040 over=1 card=0 drop=0 L=0.00877 tgt=-0.028/0.260 cfg/b=34674 prep=0.11s gpu=0.00s conv=0.01s add=0.33s train=0.67s
[t= 752.5s] rebel stream solves=530432 raw=1175/s balanced=1175/s debt=0 rows steps=2072 over=2 card=0 drop=0 L=0.00923 tgt=-0.030/0.259 cfg/b=36273 prep=0.15s gpu=0.00s conv=0.02s add=0.42s train=0.87s
[t= 762.5s] rebel stream solves=538624 raw=1167/s balanced=1167/s debt=0 rows steps=2104 over=2 card=0 drop=0 L=0.00897 tgt=-0.022/0.257 cfg/b=36914 prep=0.24s gpu=0.00s conv=0.02s add=0.39s train=0.96s
[t= 772.5s] rebel stream solves=546816 raw=1160/s balanced=1160/s debt=0 rows steps=2136 over=2 card=0 drop=0 L=0.00908 tgt=-0.020/0.258 cfg/b=37892 prep=0.22s gpu=0.00s conv=0.02s add=0.48s train=0.95s
[t= 782.6s] rebel stream solves=555008 raw=1153/s balanced=1153/s debt=0 rows steps=2168 over=2 card=0 drop=0 L=0.00909 tgt=-0.018/0.255 cfg/b=38527 prep=0.17s gpu=0.00s conv=0.02s add=0.43s train=0.89s
[t= 792.6s] rebel stream solves=563200 raw=1146/s balanced=1146/s debt=0 rows steps=2200 over=2 card=0 drop=0 L=0.00982 tgt=-0.030/0.258 cfg/b=39723 prep=0.17s gpu=0.00s conv=0.02s add=0.49s train=0.92s
[t= 802.6s] rebel stream solves=569344 raw=1135/s balanced=1135/s debt=0 rows steps=2224 over=2 card=0 drop=0 L=0.00929 tgt=-0.032/0.257 cfg/b=40663 prep=0.11s gpu=0.00s conv=0.01s add=0.32s train=0.66s
[t= 812.7s] rebel stream solves=576512 raw=1127/s balanced=1127/s debt=0 rows steps=2252 over=2 card=0 drop=0 L=0.00937 tgt=-0.037/0.258 cfg/b=40936 prep=0.18s gpu=0.00s conv=0.01s add=0.43s train=0.82s
[t= 822.7s] rebel stream solves=584704 raw=1121/s balanced=1121/s debt=0 rows steps=2284 over=2 card=0 drop=0 L=0.00948 tgt=-0.034/0.258 cfg/b=41419 prep=0.17s gpu=0.00s conv=0.02s add=0.53s train=0.89s
[t= 832.8s] rebel stream solves=591872 raw=1113/s balanced=1113/s debt=0 rows steps=2312 over=2 card=0 drop=0 L=0.00996 tgt=-0.028/0.251 cfg/b=42113 prep=0.15s gpu=0.00s conv=0.01s add=0.39s train=0.84s
[t= 842.8s] rebel stream solves=599040 raw=1106/s balanced=1106/s debt=0 rows steps=2340 over=2 card=0 drop=0 L=0.00947 tgt=-0.038/0.258 cfg/b=42366 prep=0.20s gpu=0.00s conv=0.01s add=0.46s train=0.87s
[t= 852.8s] rebel stream solves=607232 raw=1100/s balanced=1100/s debt=0 rows steps=2372 over=2 card=0 drop=0 L=0.00940 tgt=-0.041/0.272 cfg/b=44358 prep=0.15s gpu=0.00s conv=0.02s add=0.50s train=0.91s
[t= 862.8s] rebel stream solves=615424 raw=1095/s balanced=1095/s debt=0 rows steps=2404 over=2 card=0 drop=0 L=0.00934 tgt=-0.041/0.282 cfg/b=44088 prep=0.18s gpu=0.00s conv=0.02s add=0.51s train=0.94s
[t= 872.9s] rebel stream solves=623616 raw=1091/s balanced=1091/s debt=0 rows steps=2436 over=2 card=0 drop=0 L=0.00957 tgt=-0.044/0.284 cfg/b=45248 prep=0.15s gpu=0.00s conv=0.01s add=0.48s train=0.88s
[t= 882.9s] rebel stream solves=630784 raw=1084/s balanced=1084/s debt=0 rows steps=2464 over=2 card=0 drop=0 L=0.00914 tgt=-0.037/0.276 cfg/b=45295 prep=0.13s gpu=0.00s conv=0.02s add=0.43s train=0.82s
[t= 892.9s] rebel stream solves=638976 raw=1080/s balanced=1080/s debt=0 rows steps=2496 over=2 card=0 drop=0 L=0.00988 tgt=-0.027/0.280 cfg/b=45160 prep=0.14s gpu=0.00s conv=0.02s add=0.45s train=0.86s
[t= 902.9s] rebel stream solves=646144 raw=1074/s balanced=1074/s debt=0 rows steps=2524 over=2 card=0 drop=0 L=0.00974 tgt=-0.032/0.280 cfg/b=45624 prep=0.13s gpu=0.00s conv=0.01s add=0.44s train=0.77s
[t= 912.9s] rebel stream solves=653312 raw=1068/s balanced=1068/s debt=0 rows steps=2552 over=2 card=0 drop=0 L=0.00974 tgt=-0.032/0.276 cfg/b=46320 prep=0.13s gpu=0.00s conv=0.02s add=0.47s train=0.79s
[t= 923.0s] rebel stream solves=661504 raw=1064/s balanced=1064/s debt=0 rows steps=2584 over=2 card=0 drop=0 L=0.00988 tgt=-0.038/0.283 cfg/b=46958 prep=0.16s gpu=0.00s conv=0.02s add=0.51s train=0.90s
[t= 933.0s] rebel stream solves=668672 raw=1058/s balanced=1058/s debt=0 rows steps=2612 over=2 card=0 drop=0 L=0.00992 tgt=-0.035/0.284 cfg/b=47184 prep=0.12s gpu=0.00s conv=0.02s add=0.42s train=0.73s
[t= 943.0s] rebel stream solves=676864 raw=1054/s balanced=1054/s debt=0 rows steps=2644 over=2 card=0 drop=0 L=0.00969 tgt=-0.039/0.283 cfg/b=47604 prep=0.16s gpu=0.00s conv=0.02s add=0.44s train=0.95s
[t= 953.1s] rebel stream solves=685056 raw=1051/s balanced=1051/s debt=0 rows steps=2676 over=2 card=0 drop=0 L=0.00970 tgt=-0.037/0.285 cfg/b=47743 prep=0.21s gpu=0.00s conv=0.02s add=0.45s train=0.99s
[t= 963.1s] rebel stream solves=693248 raw=1047/s balanced=1047/s debt=0 rows steps=2708 over=2 card=0 drop=0 L=0.00954 tgt=-0.035/0.295 cfg/b=49247 prep=0.30s gpu=0.00s conv=0.02s add=0.51s train=1.04s
[t= 973.1s] rebel stream solves=700416 raw=1042/s balanced=1042/s debt=0 rows steps=2736 over=2 card=0 drop=0 L=0.00945 tgt=-0.026/0.282 cfg/b=48220 prep=0.17s gpu=0.00s conv=0.01s add=0.45s train=0.84s
[t= 983.1s] rebel stream solves=708608 raw=1039/s balanced=1039/s debt=0 rows steps=2768 over=2 card=0 drop=0 L=0.00995 tgt=-0.040/0.295 cfg/b=48829 prep=0.17s gpu=0.00s conv=0.02s add=0.47s train=0.93s
[t= 993.1s] rebel stream solves=717824 raw=1037/s balanced=1037/s debt=0 rows steps=2804 over=2 card=0 drop=0 L=0.00934 tgt=-0.039/0.287 cfg/b=48241 prep=0.22s gpu=0.00s conv=0.02s add=0.55s train=1.05s
[t=1003.2s] rebel stream solves=721920 raw=1028/s balanced=1028/s debt=0 rows steps=2820 over=2 card=0 drop=0 L=0.01041 tgt=-0.035/0.297 cfg/b=48947 prep=0.10s gpu=0.00s conv=0.01s add=0.20s train=0.44s
[t=1013.2s] rebel stream solves=729088 raw=1024/s balanced=1024/s debt=0 rows steps=2848 over=3 card=0 drop=0 L=0.00906 tgt=-0.027/0.291 cfg/b=49453 prep=0.17s gpu=0.00s conv=0.02s add=0.46s train=0.87s
[t=1023.4s] rebel stream solves=737280 raw=1021/s balanced=1021/s debt=0 rows steps=2880 over=3 card=0 drop=0 L=0.01013 tgt=-0.035/0.299 cfg/b=48680 prep=0.20s gpu=0.00s conv=0.01s add=0.48s train=0.99s
[t=1033.4s] rebel stream solves=744448 raw=1016/s balanced=1016/s debt=0 rows steps=2908 over=3 card=0 drop=0 L=0.00978 tgt=-0.029/0.301 cfg/b=48679 prep=0.16s gpu=0.00s conv=0.02s add=0.42s train=0.79s
[t=1043.4s] rebel stream solves=750592 raw=1011/s balanced=1011/s debt=0 rows steps=2932 over=4 card=0 drop=0 L=0.00947 tgt=-0.039/0.299 cfg/b=49385 prep=0.16s gpu=0.00s conv=0.01s add=0.37s train=0.75s
[t=1053.6s] rebel stream solves=758784 raw=1008/s balanced=1008/s debt=0 rows steps=2964 over=4 card=0 drop=0 L=0.00976 tgt=-0.039/0.305 cfg/b=49526 prep=0.17s gpu=0.00s conv=0.02s add=0.51s train=0.95s
[t=1063.6s] rebel stream solves=766976 raw=1006/s balanced=1006/s debt=0 rows steps=2996 over=4 card=0 drop=0 L=0.00977 tgt=-0.032/0.294 cfg/b=48549 prep=0.18s gpu=0.00s conv=0.02s add=0.44s train=0.96s
[t=1073.7s] rebel stream solves=774144 raw=1002/s balanced=1002/s debt=0 rows steps=3024 over=4 card=0 drop=0 L=0.00961 tgt=-0.032/0.289 cfg/b=48860 prep=0.15s gpu=0.00s conv=0.01s add=0.44s train=0.84s
[t=1083.7s] rebel stream solves=782336 raw=1000/s balanced=1000/s debt=0 rows steps=3056 over=4 card=0 drop=0 L=0.00983 tgt=-0.026/0.303 cfg/b=49676 prep=0.18s gpu=0.00s conv=0.02s add=0.47s train=0.93s
[t=1093.7s] rebel stream solves=790528 raw=997/s balanced=997/s debt=0 rows steps=3088 over=4 card=0 drop=0 L=0.00996 tgt=-0.034/0.307 cfg/b=48715 prep=0.18s gpu=0.00s conv=0.02s add=0.43s train=0.91s
[t=1101.1s] --- snapshot snap_02.pt (s2) ---
[t=1103.7s] rebel stream solves=799744 raw=996/s balanced=996/s debt=0 rows steps=3124 over=4 card=0 drop=0 L=0.00941 tgt=-0.032/0.309 cfg/b=49476 prep=0.22s gpu=0.00s conv=0.02s add=0.54s train=1.03s
[t=1105.1s] --- lr -> 2.50e-04 ---
[t=1113.7s] rebel stream solves=807936 raw=994/s balanced=994/s debt=0 rows steps=3156 over=4 card=0 drop=0 L=0.00987 tgt=-0.031/0.310 cfg/b=48987 prep=0.20s gpu=0.00s conv=0.01s add=0.42s train=0.96s
[t=1123.8s] rebel stream solves=816128 raw=992/s balanced=992/s debt=0 rows steps=3188 over=4 card=0 drop=0 L=0.01023 tgt=-0.030/0.307 cfg/b=48188 prep=0.17s gpu=0.00s conv=0.01s add=0.46s train=0.89s
[t=1133.9s] rebel stream solves=824320 raw=990/s balanced=990/s debt=0 rows steps=3220 over=4 card=0 drop=0 L=0.00944 tgt=-0.032/0.311 cfg/b=48747 prep=0.19s gpu=0.00s conv=0.02s add=0.50s train=0.93s
[t=1143.9s] rebel stream solves=832512 raw=988/s balanced=988/s debt=0 rows steps=3252 over=4 card=0 drop=0 L=0.00986 tgt=-0.025/0.315 cfg/b=48031 prep=0.18s gpu=0.00s conv=0.02s add=0.52s train=0.95s
[t=1154.0s] rebel stream solves=841728 raw=987/s balanced=987/s debt=0 rows steps=3288 over=4 card=0 drop=0 L=0.00990 tgt=-0.015/0.314 cfg/b=48347 prep=0.17s gpu=0.00s conv=0.01s add=0.53s train=1.01s
[t=1164.0s] rebel stream solves=850944 raw=986/s balanced=986/s debt=0 rows steps=3324 over=4 card=0 drop=0 L=0.00985 tgt=-0.015/0.309 cfg/b=48572 prep=0.21s gpu=0.00s conv=0.01s add=0.52s train=1.06s
[t=1174.0s] rebel stream solves=859136 raw=984/s balanced=984/s debt=0 rows steps=3356 over=4 card=0 drop=0 L=0.00966 tgt=-0.017/0.310 cfg/b=48409 prep=0.17s gpu=0.00s conv=0.02s add=0.42s train=0.94s
[t=1184.0s] rebel stream solves=867328 raw=982/s balanced=982/s debt=0 rows steps=3388 over=4 card=0 drop=0 L=0.01018 tgt=-0.017/0.308 cfg/b=48909 prep=0.17s gpu=0.00s conv=0.02s add=0.42s train=0.92s
[t=1194.1s] rebel stream solves=876544 raw=982/s balanced=982/s debt=0 rows steps=3424 over=4 card=0 drop=0 L=0.00988 tgt=-0.028/0.305 cfg/b=49391 prep=0.18s gpu=0.00s conv=0.02s add=0.56s train=1.00s
[t=1204.1s] rebel stream solves=884736 raw=980/s balanced=980/s debt=0 rows steps=3456 over=4 card=0 drop=0 L=0.01035 tgt=-0.029/0.313 cfg/b=48272 prep=0.17s gpu=0.00s conv=0.02s add=0.45s train=0.96s
[t=1214.1s] rebel stream solves=892928 raw=978/s balanced=978/s debt=0 rows steps=3488 over=4 card=0 drop=0 L=0.00993 tgt=-0.033/0.313 cfg/b=47740 prep=0.23s gpu=0.00s conv=0.01s add=0.38s train=1.02s
[t=1224.3s] rebel stream solves=902144 raw=977/s balanced=977/s debt=0 rows steps=3524 over=4 card=0 drop=0 L=0.01021 tgt=-0.029/0.324 cfg/b=47632 prep=0.23s gpu=0.00s conv=0.02s add=0.49s train=1.12s
[t=1234.4s] rebel stream solves=909312 raw=974/s balanced=974/s debt=0 rows steps=3552 over=4 card=0 drop=0 L=0.01053 tgt=-0.028/0.324 cfg/b=47614 prep=0.13s gpu=0.00s conv=0.01s add=0.48s train=0.78s
[t=1244.4s] rebel stream solves=918528 raw=974/s balanced=974/s debt=0 rows steps=3588 over=4 card=0 drop=0 L=0.01005 tgt=-0.030/0.324 cfg/b=47982 prep=0.18s gpu=0.00s conv=0.03s add=0.58s train=1.05s
[t=1254.4s] rebel stream solves=926720 raw=972/s balanced=972/s debt=0 rows steps=3620 over=4 card=0 drop=0 L=0.01039 tgt=-0.022/0.318 cfg/b=48396 prep=0.25s gpu=0.00s conv=0.01s add=0.50s train=1.00s
[t=1264.5s] rebel stream solves=934912 raw=970/s balanced=970/s debt=0 rows steps=3652 over=4 card=0 drop=0 L=0.01076 tgt=-0.017/0.312 cfg/b=48433 prep=0.16s gpu=0.00s conv=0.02s add=0.46s train=0.90s
[t=1274.6s] rebel stream solves=943104 raw=969/s balanced=969/s debt=0 rows steps=3684 over=4 card=0 drop=0 L=0.01004 tgt=-0.020/0.317 cfg/b=47677 prep=0.19s gpu=0.00s conv=0.01s add=0.51s train=0.97s
[t=1284.8s] rebel stream solves=951296 raw=967/s balanced=967/s debt=0 rows steps=3716 over=4 card=0 drop=0 L=0.01039 tgt=-0.017/0.316 cfg/b=48358 prep=0.31s gpu=0.00s conv=0.02s add=0.47s train=1.02s
[t=1294.8s] rebel stream solves=959488 raw=965/s balanced=965/s debt=0 rows steps=3748 over=4 card=0 drop=0 L=0.01069 tgt=-0.020/0.332 cfg/b=47524 prep=0.22s gpu=0.00s conv=0.02s add=0.43s train=1.00s
[t=1304.9s] rebel stream solves=966656 raw=963/s balanced=963/s debt=0 rows steps=3776 over=4 card=0 drop=0 L=0.01078 tgt=-0.020/0.326 cfg/b=47282 prep=0.12s gpu=0.00s conv=0.01s add=0.40s train=0.75s
[t=1314.9s] rebel stream solves=976896 raw=964/s balanced=964/s debt=0 rows steps=3816 over=4 card=0 drop=0 L=0.01056 tgt=-0.015/0.323 cfg/b=46787 prep=0.21s gpu=0.00s conv=0.02s add=0.50s train=1.12s
[t=1324.9s] rebel stream solves=986112 raw=963/s balanced=963/s debt=0 rows steps=3852 over=4 card=0 drop=0 L=0.01010 tgt=-0.020/0.339 cfg/b=46327 prep=0.17s gpu=0.00s conv=0.01s add=0.49s train=1.00s
[t=1335.0s] rebel stream solves=994304 raw=962/s balanced=962/s debt=0 rows steps=3884 over=4 card=0 drop=0 L=0.01021 tgt=-0.024/0.340 cfg/b=46368 prep=0.16s gpu=0.00s conv=0.01s add=0.44s train=0.90s
[t=1345.0s] rebel stream solves=1001472 raw=959/s balanced=959/s debt=0 rows steps=3912 over=4 card=0 drop=0 L=0.00955 tgt=-0.017/0.337 cfg/b=45810 prep=0.13s gpu=0.00s conv=0.01s add=0.44s train=0.79s
[t=1355.0s] rebel stream solves=1009664 raw=958/s balanced=958/s debt=0 rows steps=3944 over=4 card=0 drop=0 L=0.01009 tgt=-0.016/0.338 cfg/b=46022 prep=0.22s gpu=0.00s conv=0.01s add=0.44s train=0.98s
[t=1365.1s] rebel stream solves=1018880 raw=958/s balanced=958/s debt=0 rows steps=3980 over=4 card=0 drop=0 L=0.01002 tgt=-0.013/0.332 cfg/b=45876 prep=0.24s gpu=0.00s conv=0.02s add=0.49s train=1.11s
[t=1375.1s] rebel stream solves=1027072 raw=956/s balanced=956/s debt=0 rows steps=4012 over=4 card=0 drop=0 L=0.01032 tgt=-0.015/0.341 cfg/b=44986 prep=0.15s gpu=0.00s conv=0.02s add=0.44s train=0.91s
[t=1385.1s] rebel stream solves=1035264 raw=955/s balanced=955/s debt=0 rows steps=4044 over=4 card=0 drop=0 L=0.01010 tgt=-0.020/0.336 cfg/b=44791 prep=0.16s gpu=0.00s conv=0.01s add=0.44s train=0.88s
[t=1395.2s] rebel stream solves=1044480 raw=955/s balanced=955/s debt=0 rows steps=4080 over=4 card=0 drop=0 L=0.00997 tgt=-0.036/0.348 cfg/b=44727 prep=0.24s gpu=0.00s conv=0.01s add=0.47s train=1.11s
[t=1405.3s] rebel stream solves=1054720 raw=955/s balanced=955/s debt=0 rows steps=4120 over=4 card=0 drop=0 L=0.01029 tgt=-0.030/0.349 cfg/b=44613 prep=0.30s gpu=0.00s conv=0.01s add=0.53s train=1.25s
[t=1415.3s] rebel stream solves=1063936 raw=955/s balanced=955/s debt=0 rows steps=4156 over=4 card=0 drop=0 L=0.00980 tgt=-0.025/0.349 cfg/b=44734 prep=0.17s gpu=0.00s conv=0.01s add=0.51s train=0.97s
[t=1425.3s] rebel stream solves=1073152 raw=955/s balanced=955/s debt=0 rows steps=4192 over=4 card=0 drop=0 L=0.00997 tgt=-0.020/0.346 cfg/b=44086 prep=0.20s gpu=0.00s conv=0.01s add=0.51s train=1.03s
[t=1435.3s] rebel stream solves=1083392 raw=955/s balanced=955/s debt=0 rows steps=4232 over=4 card=0 drop=0 L=0.01005 tgt=-0.016/0.350 cfg/b=44634 prep=0.17s gpu=0.00s conv=0.02s add=0.44s train=1.06s
[t=1445.4s] rebel stream solves=1092608 raw=955/s balanced=955/s debt=0 rows steps=4268 over=4 card=0 drop=0 L=0.01022 tgt=-0.014/0.337 cfg/b=43279 prep=0.22s gpu=0.00s conv=0.01s add=0.45s train=1.08s
[t=1455.7s] rebel stream solves=1101824 raw=954/s balanced=954/s debt=0 rows steps=4304 over=4 card=0 drop=0 L=0.01021 tgt=-0.008/0.332 cfg/b=43624 prep=0.21s gpu=0.00s conv=0.02s add=0.49s train=1.05s
[t=1465.7s] rebel stream solves=1110016 raw=953/s balanced=953/s debt=0 rows steps=4336 over=4 card=0 drop=0 L=0.01056 tgt=-0.014/0.345 cfg/b=43559 prep=0.15s gpu=0.00s conv=0.02s add=0.43s train=0.88s
[t=1475.8s] rebel stream solves=1119232 raw=953/s balanced=953/s debt=0 rows steps=4372 over=4 card=0 drop=0 L=0.01072 tgt=-0.011/0.331 cfg/b=42661 prep=0.20s gpu=0.00s conv=0.01s add=0.47s train=1.04s
[t=1480.1s] --- stopping GPU admission; draining ---
[t=1485.8s] rebel stream solves=1125376 raw=950/s balanced=950/s debt=0 rows steps=4396 over=4 card=0 drop=0 L=0.01034 tgt=-0.002/0.333 cfg/b=43067 prep=0.10s gpu=0.00s conv=0.01s add=0.35s train=0.64s
[t=1495.8s] rebel stream solves=1125376 raw=942/s balanced=942/s debt=0 rows steps=4396 over=4 card=0 drop=0 L=0.00000 tgt=+0.000/0.000 cfg/b=0 prep=0.00s gpu=0.00s conv=0.00s add=0.00s train=0.00s
[t=1501.1s] --- snapshot snap_03.pt (s3) ---
[t=1505.8s] rebel stream solves=1125376 raw=934/s balanced=934/s debt=0 rows steps=4396 over=4 card=0 drop=0 L=0.00000 tgt=+0.000/0.000 cfg/b=0 prep=0.00s gpu=0.00s conv=0.00s add=0.00s train=0.00s
[t=1507.8s] rebel stream solves=1125736 raw=933/s balanced=933/s debt=416 rows steps=4397 over=4 card=0 drop=0 L=0.01130 tgt=-0.026/0.375 cfg/b=44632 prep=0.01s gpu=0.00s conv=0.00s add=0.02s train=0.03s
[gpu-summary] solves=1125736 optimizer_rows=4502528 debt=416 raw=932.8/s balanced=932.7/s over=4 card=0 exact=0 censored=4608 dropped=0 overrun=7.86s
[report] runs/projection-zero_sumFalse-s2/report.html
