[train] runs/value_v4_public_warm30 at d47dc82+dirty seed=1 {'minutes': 30.0, 'warm_minutes': 3.0, 'snapshot_every': 5.0, 'ladder_games': 80, 'seed': 1, 'note': 'public-only-warm-cached-public-context'}
[train] public-only-warm-cached-public-context
[cpu] pinned to 36 physical cores
[train] CUDA stream priority -1
[gpu] solve services up on [0, 1]
[cfg] PUBFEAT=897 CFEAT=15 architecture=v4 depth=2 iters=64 budget=1800s warm=180s snapshot_every=5min device=cuda:1 draft=random train_gen_ratio=4.0 recent_mix=0.5/0.2 canonical_views=2 cap=2000000 matmul=high
[t=   1.9s] greedy ep  0 games=  96 dec= 18968 rows= 18118 horizon=0.30 L=0.03543 L/var=0.15 tgt=-0.023/0.482 pstd=0.502 gen=0.1s train=1.7s
[t=   3.3s] greedy ep  1 games=  96 dec= 18844 rows= 18051 horizon=0.33 L=0.02288 L/var=0.09 tgt=-0.058/0.494 pstd=0.501 gen=0.1s train=1.2s
[t=   4.6s] greedy ep  2 games=  96 dec= 18181 rows= 17414 horizon=0.27 L=0.01851 L/var=0.07 tgt=-0.025/0.512 pstd=0.496 gen=0.1s train=1.1s
[t=   5.8s] greedy ep  3 games=  96 dec= 17989 rows= 17120 horizon=0.26 L=0.01789 L/var=0.07 tgt=-0.029/0.495 pstd=0.510 gen=0.1s train=1.1s
[t=   7.2s] greedy ep  4 games=  96 dec= 18823 rows= 18078 horizon=0.29 L=0.01518 L/var=0.07 tgt=-0.022/0.471 pstd=0.499 gen=0.1s train=1.2s
[t=   8.5s] greedy ep  5 games=  96 dec= 18924 rows= 18146 horizon=0.33 L=0.01274 L/var=0.05 tgt=-0.029/0.496 pstd=0.505 gen=0.1s train=1.2s
[t=   9.8s] greedy ep  6 games=  96 dec= 17615 rows= 16921 horizon=0.26 L=0.01262 L/var=0.05 tgt=-0.041/0.511 pstd=0.508 gen=0.1s train=1.1s
[t=  11.1s] greedy ep  7 games=  96 dec= 18608 rows= 17786 horizon=0.36 L=0.01122 L/var=0.05 tgt=-0.065/0.495 pstd=0.500 gen=0.1s train=1.2s
[t=  12.5s] greedy ep  8 games=  96 dec= 19040 rows= 18296 horizon=0.36 L=0.01041 L/var=0.04 tgt=-0.019/0.484 pstd=0.504 gen=0.1s train=1.2s
[t=  13.8s] greedy ep  9 games=  96 dec= 18200 rows= 17459 horizon=0.27 L=0.00965 L/var=0.04 tgt=-0.034/0.513 pstd=0.504 gen=0.1s train=1.1s
[t=  15.1s] greedy ep 10 games=  96 dec= 17927 rows= 17200 horizon=0.24 L=0.00992 L/var=0.04 tgt=-0.036/0.524 pstd=0.501 gen=0.1s train=1.1s
[t=  16.5s] greedy ep 11 games=  96 dec= 17941 rows= 17162 horizon=0.28 L=0.00912 L/var=0.04 tgt=-0.044/0.477 pstd=0.507 gen=0.1s train=1.2s
[t=  17.8s] greedy ep 12 games=  96 dec= 17384 rows= 16648 horizon=0.25 L=0.01002 L/var=0.04 tgt=-0.023/0.503 pstd=0.494 gen=0.1s train=1.1s
[t=  19.2s] greedy ep 13 games=  96 dec= 18153 rows= 17377 horizon=0.28 L=0.00875 L/var=0.03 tgt=-0.027/0.502 pstd=0.501 gen=0.1s train=1.2s
[t=  20.5s] greedy ep 14 games=  96 dec= 18097 rows= 17377 horizon=0.26 L=0.00854 L/var=0.03 tgt=-0.037/0.511 pstd=0.505 gen=0.1s train=1.1s
[t=  21.8s] greedy ep 15 games=  96 dec= 18356 rows= 17581 horizon=0.30 L=0.00839 L/var=0.03 tgt=-0.023/0.496 pstd=0.495 gen=0.1s train=1.2s
[t=  23.3s] greedy ep 16 games=  96 dec= 19141 rows= 18328 horizon=0.32 L=0.00758 L/var=0.03 tgt=+0.010/0.479 pstd=0.497 gen=0.1s train=1.3s
[t=  24.7s] greedy ep 17 games=  96 dec= 18885 rows= 18173 horizon=0.30 L=0.00725 L/var=0.03 tgt=-0.054/0.508 pstd=0.499 gen=0.1s train=1.2s
[t=  26.2s] greedy ep 18 games=  96 dec= 17886 rows= 17103 horizon=0.25 L=0.00933 L/var=0.04 tgt=-0.021/0.507 pstd=0.502 gen=0.1s train=1.2s
[t=  27.4s] greedy ep 19 games=  96 dec= 17738 rows= 16961 horizon=0.23 L=0.00995 L/var=0.04 tgt=-0.065/0.530 pstd=0.503 gen=0.1s train=1.1s
[t=  28.7s] greedy ep 20 games=  96 dec= 17716 rows= 17039 horizon=0.28 L=0.00825 L/var=0.03 tgt=-0.071/0.515 pstd=0.496 gen=0.1s train=1.1s
[t=  30.0s] greedy ep 21 games=  96 dec= 17777 rows= 17032 horizon=0.23 L=0.00833 L/var=0.03 tgt=-0.051/0.520 pstd=0.500 gen=0.1s train=1.1s
[t=  31.4s] greedy ep 22 games=  96 dec= 18472 rows= 17732 horizon=0.33 L=0.00772 L/var=0.03 tgt=-0.019/0.474 pstd=0.501 gen=0.1s train=1.2s
[t=  32.7s] greedy ep 23 games=  96 dec= 18429 rows= 17627 horizon=0.27 L=0.00829 L/var=0.04 tgt=-0.006/0.478 pstd=0.490 gen=0.1s train=1.2s
[t=  34.1s] greedy ep 24 games=  96 dec= 18992 rows= 18327 horizon=0.35 L=0.00772 L/var=0.03 tgt=-0.014/0.487 pstd=0.504 gen=0.1s train=1.2s
[t=  35.5s] greedy ep 25 games=  96 dec= 18039 rows= 17262 horizon=0.23 L=0.00841 L/var=0.03 tgt=-0.025/0.517 pstd=0.495 gen=0.1s train=1.2s
[t=  37.1s] greedy ep 26 games=  96 dec= 19627 rows= 18805 horizon=0.33 L=0.00736 L/var=0.03 tgt=-0.037/0.501 pstd=0.507 gen=0.1s train=1.3s
[t=  38.5s] greedy ep 27 games=  96 dec= 18752 rows= 17930 horizon=0.27 L=0.00659 L/var=0.03 tgt=-0.031/0.485 pstd=0.507 gen=0.1s train=1.2s
[t=  39.9s] greedy ep 28 games=  96 dec= 19116 rows= 18327 horizon=0.31 L=0.00749 L/var=0.03 tgt=-0.035/0.484 pstd=0.505 gen=0.1s train=1.2s
[t=  41.3s] greedy ep 29 games=  96 dec= 18708 rows= 17952 horizon=0.27 L=0.00809 L/var=0.03 tgt=-0.051/0.503 pstd=0.501 gen=0.1s train=1.2s
[t=  42.7s] greedy ep 30 games=  96 dec= 19066 rows= 18248 horizon=0.31 L=0.00681 L/var=0.03 tgt=-0.032/0.479 pstd=0.495 gen=0.1s train=1.2s
[t=  44.1s] greedy ep 31 games=  96 dec= 18369 rows= 17570 horizon=0.26 L=0.00687 L/var=0.03 tgt=-0.041/0.509 pstd=0.500 gen=0.1s train=1.2s
[t=  45.4s] greedy ep 32 games=  96 dec= 18567 rows= 17800 horizon=0.30 L=0.00668 L/var=0.03 tgt=+0.001/0.480 pstd=0.500 gen=0.1s train=1.2s
[t=  46.8s] greedy ep 33 games=  96 dec= 18636 rows= 17813 horizon=0.31 L=0.00620 L/var=0.02 tgt=-0.002/0.514 pstd=0.496 gen=0.1s train=1.2s
[t=  48.2s] greedy ep 34 games=  96 dec= 18664 rows= 17825 horizon=0.29 L=0.00716 L/var=0.03 tgt=+0.020/0.463 pstd=0.502 gen=0.1s train=1.2s
[t=  49.5s] greedy ep 35 games=  96 dec= 17787 rows= 17046 horizon=0.22 L=0.00735 L/var=0.03 tgt=-0.039/0.539 pstd=0.500 gen=0.1s train=1.2s
[t=  51.0s] greedy ep 36 games=  96 dec= 19279 rows= 18442 horizon=0.33 L=0.00664 L/var=0.03 tgt=-0.046/0.480 pstd=0.499 gen=0.1s train=1.2s
[t=  52.3s] greedy ep 37 games=  96 dec= 18316 rows= 17468 horizon=0.32 L=0.00585 L/var=0.02 tgt=-0.034/0.532 pstd=0.495 gen=0.1s train=1.2s
[t=  53.7s] greedy ep 38 games=  96 dec= 19158 rows= 18321 horizon=0.32 L=0.00678 L/var=0.03 tgt=-0.020/0.472 pstd=0.509 gen=0.1s train=1.2s
[t=  55.1s] greedy ep 39 games=  96 dec= 18549 rows= 17774 horizon=0.26 L=0.00609 L/var=0.02 tgt=-0.037/0.514 pstd=0.501 gen=0.1s train=1.2s
[t=  56.5s] greedy ep 40 games=  96 dec= 18971 rows= 18211 horizon=0.34 L=0.00639 L/var=0.03 tgt=-0.007/0.461 pstd=0.500 gen=0.1s train=1.2s
[t=  57.9s] greedy ep 41 games=  96 dec= 18692 rows= 17843 horizon=0.28 L=0.00591 L/var=0.02 tgt=-0.044/0.507 pstd=0.504 gen=0.1s train=1.2s
[t=  59.3s] greedy ep 42 games=  96 dec= 19162 rows= 18375 horizon=0.38 L=0.00600 L/var=0.02 tgt=-0.035/0.494 pstd=0.510 gen=0.1s train=1.2s
[t=  60.7s] greedy ep 43 games=  96 dec= 19468 rows= 18602 horizon=0.35 L=0.00584 L/var=0.03 tgt=-0.058/0.456 pstd=0.496 gen=0.1s train=1.3s
[t=  62.1s] greedy ep 44 games=  96 dec= 18443 rows= 17624 horizon=0.28 L=0.00617 L/var=0.03 tgt=-0.009/0.479 pstd=0.495 gen=0.1s train=1.2s
[t=  63.3s] greedy ep 45 games=  96 dec= 17350 rows= 16706 horizon=0.25 L=0.00715 L/var=0.03 tgt=-0.084/0.527 pstd=0.497 gen=0.1s train=1.1s
[t=  64.7s] greedy ep 46 games=  96 dec= 17993 rows= 17239 horizon=0.28 L=0.00726 L/var=0.03 tgt=-0.013/0.495 pstd=0.497 gen=0.1s train=1.2s
[t=  66.1s] greedy ep 47 games=  96 dec= 18984 rows= 18180 horizon=0.29 L=0.00765 L/var=0.03 tgt=-0.024/0.472 pstd=0.490 gen=0.1s train=1.2s
[t=  67.7s] greedy ep 48 games=  96 dec= 18071 rows= 17405 horizon=0.30 L=0.00615 L/var=0.02 tgt=-0.041/0.510 pstd=0.507 gen=0.1s train=1.4s
[t=  69.5s] greedy ep 49 games=  96 dec= 19599 rows= 18844 horizon=0.40 L=0.00620 L/var=0.03 tgt=-0.000/0.457 pstd=0.506 gen=0.1s train=1.6s
[t=  71.2s] greedy ep 50 games=  96 dec= 17856 rows= 17099 horizon=0.25 L=0.00613 L/var=0.02 tgt=-0.060/0.543 pstd=0.504 gen=0.1s train=1.5s
[t=  72.8s] greedy ep 51 games=  96 dec= 17858 rows= 17043 horizon=0.24 L=0.00706 L/var=0.03 tgt=-0.027/0.530 pstd=0.498 gen=0.1s train=1.5s
[t=  74.6s] greedy ep 52 games=  96 dec= 18973 rows= 18262 horizon=0.35 L=0.00697 L/var=0.03 tgt=-0.041/0.460 pstd=0.494 gen=0.1s train=1.6s
[t=  76.2s] greedy ep 53 games=  96 dec= 17565 rows= 16777 horizon=0.19 L=0.00585 L/var=0.02 tgt=-0.031/0.511 pstd=0.503 gen=0.1s train=1.4s
[t=  77.7s] greedy ep 54 games=  96 dec= 17835 rows= 17151 horizon=0.25 L=0.00619 L/var=0.03 tgt=-0.001/0.492 pstd=0.496 gen=0.1s train=1.3s
[t=  79.0s] greedy ep 55 games=  96 dec= 17927 rows= 17096 horizon=0.25 L=0.00576 L/var=0.03 tgt=-0.008/0.470 pstd=0.497 gen=0.1s train=1.1s
[t=  80.4s] greedy ep 56 games=  96 dec= 18561 rows= 17765 horizon=0.28 L=0.00567 L/var=0.02 tgt=-0.036/0.484 pstd=0.506 gen=0.1s train=1.2s
[t=  81.8s] greedy ep 57 games=  96 dec= 18688 rows= 17872 horizon=0.25 L=0.00606 L/var=0.02 tgt=-0.014/0.515 pstd=0.506 gen=0.1s train=1.2s
[t=  83.2s] greedy ep 58 games=  96 dec= 19251 rows= 18414 horizon=0.34 L=0.00622 L/var=0.03 tgt=-0.060/0.493 pstd=0.495 gen=0.1s train=1.2s
[t=  84.6s] greedy ep 59 games=  96 dec= 19596 rows= 18724 horizon=0.36 L=0.00569 L/var=0.03 tgt=-0.050/0.460 pstd=0.501 gen=0.1s train=1.2s
[t=  86.0s] greedy ep 60 games=  96 dec= 18869 rows= 17979 horizon=0.30 L=0.00560 L/var=0.02 tgt=-0.032/0.484 pstd=0.501 gen=0.1s train=1.2s
[t=  87.4s] greedy ep 61 games=  96 dec= 18419 rows= 17673 horizon=0.25 L=0.00534 L/var=0.02 tgt=-0.009/0.517 pstd=0.499 gen=0.1s train=1.2s
[t=  88.8s] greedy ep 62 games=  96 dec= 19032 rows= 18186 horizon=0.32 L=0.00557 L/var=0.02 tgt=-0.036/0.503 pstd=0.493 gen=0.1s train=1.2s
[t=  90.2s] greedy ep 63 games=  96 dec= 19220 rows= 18443 horizon=0.29 L=0.00655 L/var=0.03 tgt=-0.008/0.491 pstd=0.495 gen=0.1s train=1.2s
[t=  91.5s] greedy ep 64 games=  96 dec= 17814 rows= 17050 horizon=0.25 L=0.00585 L/var=0.02 tgt=-0.045/0.519 pstd=0.504 gen=0.1s train=1.1s
[t=  92.9s] greedy ep 65 games=  96 dec= 18244 rows= 17509 horizon=0.28 L=0.00575 L/var=0.02 tgt=-0.026/0.503 pstd=0.496 gen=0.1s train=1.2s
[t=  94.3s] greedy ep 66 games=  96 dec= 18182 rows= 17491 horizon=0.29 L=0.00602 L/var=0.02 tgt=-0.037/0.498 pstd=0.496 gen=0.1s train=1.2s
[t=  95.9s] greedy ep 67 games=  96 dec= 18981 rows= 18182 horizon=0.35 L=0.00537 L/var=0.02 tgt=-0.023/0.511 pstd=0.502 gen=0.1s train=1.4s
[t=  97.4s] greedy ep 68 games=  96 dec= 18200 rows= 17313 horizon=0.25 L=0.00520 L/var=0.02 tgt=-0.016/0.502 pstd=0.498 gen=0.1s train=1.2s
[t=  98.8s] greedy ep 69 games=  96 dec= 18393 rows= 17591 horizon=0.28 L=0.00577 L/var=0.02 tgt=-0.053/0.510 pstd=0.499 gen=0.1s train=1.2s
[t= 100.2s] greedy ep 70 games=  96 dec= 18464 rows= 17707 horizon=0.33 L=0.00592 L/var=0.03 tgt=-0.039/0.486 pstd=0.499 gen=0.1s train=1.2s
[t= 101.5s] greedy ep 71 games=  96 dec= 18120 rows= 17396 horizon=0.26 L=0.00586 L/var=0.02 tgt=-0.031/0.525 pstd=0.498 gen=0.1s train=1.1s
[t= 102.9s] greedy ep 72 games=  96 dec= 19113 rows= 18368 horizon=0.34 L=0.00506 L/var=0.02 tgt=-0.075/0.504 pstd=0.495 gen=0.1s train=1.2s
[t= 104.2s] greedy ep 73 games=  96 dec= 17603 rows= 16838 horizon=0.20 L=0.00580 L/var=0.02 tgt=-0.037/0.525 pstd=0.506 gen=0.1s train=1.1s
[t= 105.5s] greedy ep 74 games=  96 dec= 18477 rows= 17679 horizon=0.27 L=0.00560 L/var=0.02 tgt=-0.065/0.534 pstd=0.496 gen=0.1s train=1.2s
[t= 107.1s] greedy ep 75 games=  96 dec= 19740 rows= 18936 horizon=0.40 L=0.00538 L/var=0.02 tgt=+0.013/0.468 pstd=0.506 gen=0.1s train=1.4s
[t= 108.5s] greedy ep 76 games=  96 dec= 18307 rows= 17464 horizon=0.20 L=0.00609 L/var=0.02 tgt=-0.020/0.496 pstd=0.490 gen=0.1s train=1.2s
[t= 109.8s] greedy ep 77 games=  96 dec= 18119 rows= 17313 horizon=0.25 L=0.00598 L/var=0.02 tgt=-0.031/0.501 pstd=0.500 gen=0.1s train=1.2s
[t= 111.2s] greedy ep 78 games=  96 dec= 18056 rows= 17283 horizon=0.26 L=0.00483 L/var=0.02 tgt=-0.041/0.514 pstd=0.497 gen=0.1s train=1.1s
[t= 112.5s] greedy ep 79 games=  96 dec= 18309 rows= 17527 horizon=0.28 L=0.00541 L/var=0.02 tgt=-0.007/0.493 pstd=0.495 gen=0.1s train=1.1s
[t= 113.9s] greedy ep 80 games=  96 dec= 18361 rows= 17605 horizon=0.29 L=0.00532 L/var=0.02 tgt=-0.024/0.508 pstd=0.500 gen=0.1s train=1.2s
[t= 115.2s] greedy ep 81 games=  96 dec= 17527 rows= 16734 horizon=0.25 L=0.00575 L/var=0.02 tgt=-0.020/0.532 pstd=0.503 gen=0.1s train=1.1s
[t= 116.4s] greedy ep 82 games=  96 dec= 17529 rows= 16756 horizon=0.23 L=0.00523 L/var=0.02 tgt=-0.028/0.509 pstd=0.504 gen=0.1s train=1.1s
[t= 117.7s] greedy ep 83 games=  96 dec= 16779 rows= 15994 horizon=0.18 L=0.00515 L/var=0.02 tgt=-0.021/0.539 pstd=0.502 gen=0.1s train=1.1s
[t= 119.1s] greedy ep 84 games=  96 dec= 19106 rows= 18300 horizon=0.35 L=0.00522 L/var=0.02 tgt=-0.045/0.483 pstd=0.496 gen=0.1s train=1.2s
[t= 120.4s] greedy ep 85 games=  96 dec= 18736 rows= 17960 horizon=0.29 L=0.00523 L/var=0.02 tgt=-0.044/0.501 pstd=0.504 gen=0.1s train=1.2s
[t= 121.8s] greedy ep 86 games=  96 dec= 18107 rows= 17332 horizon=0.26 L=0.00555 L/var=0.02 tgt=-0.020/0.485 pstd=0.501 gen=0.1s train=1.2s
[t= 123.1s] greedy ep 87 games=  96 dec= 17330 rows= 16586 horizon=0.24 L=0.00622 L/var=0.02 tgt=-0.048/0.503 pstd=0.510 gen=0.1s train=1.1s
[t= 124.4s] greedy ep 88 games=  96 dec= 18635 rows= 17758 horizon=0.27 L=0.00571 L/var=0.02 tgt=-0.026/0.514 pstd=0.503 gen=0.1s train=1.2s
[t= 125.7s] greedy ep 89 games=  96 dec= 17378 rows= 16633 horizon=0.24 L=0.00521 L/var=0.02 tgt=-0.051/0.525 pstd=0.503 gen=0.1s train=1.1s
[t= 127.1s] greedy ep 90 games=  96 dec= 18682 rows= 17886 horizon=0.31 L=0.00520 L/var=0.02 tgt=-0.059/0.505 pstd=0.498 gen=0.1s train=1.2s
[t= 128.5s] greedy ep 91 games=  96 dec= 18758 rows= 18046 horizon=0.32 L=0.00544 L/var=0.02 tgt=-0.021/0.471 pstd=0.497 gen=0.1s train=1.2s
[t= 129.9s] greedy ep 92 games=  96 dec= 18910 rows= 18161 horizon=0.30 L=0.00517 L/var=0.02 tgt=-0.051/0.484 pstd=0.499 gen=0.1s train=1.2s
[t= 131.2s] greedy ep 93 games=  96 dec= 18404 rows= 17653 horizon=0.34 L=0.00505 L/var=0.02 tgt=-0.078/0.496 pstd=0.504 gen=0.1s train=1.2s
[t= 132.6s] greedy ep 94 games=  96 dec= 18792 rows= 18006 horizon=0.33 L=0.00533 L/var=0.02 tgt=-0.046/0.481 pstd=0.502 gen=0.1s train=1.2s
[t= 134.0s] greedy ep 95 games=  96 dec= 18762 rows= 17940 horizon=0.24 L=0.00568 L/var=0.02 tgt=-0.044/0.515 pstd=0.501 gen=0.1s train=1.2s
[t= 135.3s] greedy ep 96 games=  96 dec= 17651 rows= 16892 horizon=0.24 L=0.00557 L/var=0.02 tgt=-0.034/0.512 pstd=0.503 gen=0.1s train=1.1s
[t= 136.6s] greedy ep 97 games=  96 dec= 17701 rows= 17006 horizon=0.27 L=0.00497 L/var=0.02 tgt=-0.034/0.509 pstd=0.502 gen=0.1s train=1.1s
[t= 138.0s] greedy ep 98 games=  96 dec= 18691 rows= 17958 horizon=0.35 L=0.00488 L/var=0.02 tgt=-0.032/0.471 pstd=0.502 gen=0.1s train=1.2s
[t= 139.4s] greedy ep 99 games=  96 dec= 19149 rows= 18268 horizon=0.29 L=0.00546 L/var=0.02 tgt=-0.001/0.483 pstd=0.495 gen=0.1s train=1.2s
[t= 140.7s] greedy ep100 games=  96 dec= 17996 rows= 17268 horizon=0.27 L=0.00494 L/var=0.02 tgt=-0.027/0.517 pstd=0.496 gen=0.1s train=1.1s
[t= 142.0s] greedy ep101 games=  96 dec= 17954 rows= 17173 horizon=0.26 L=0.00500 L/var=0.02 tgt=-0.045/0.510 pstd=0.500 gen=0.1s train=1.1s
[t= 143.3s] greedy ep102 games=  96 dec= 17228 rows= 16426 horizon=0.19 L=0.00513 L/var=0.02 tgt=-0.074/0.531 pstd=0.498 gen=0.1s train=1.1s
[t= 144.6s] greedy ep103 games=  96 dec= 17794 rows= 16980 horizon=0.24 L=0.00522 L/var=0.02 tgt=-0.069/0.518 pstd=0.497 gen=0.1s train=1.1s
[t= 146.0s] greedy ep104 games=  96 dec= 18854 rows= 17982 horizon=0.26 L=0.00539 L/var=0.02 tgt=-0.026/0.499 pstd=0.507 gen=0.1s train=1.2s
[t= 147.3s] greedy ep105 games=  96 dec= 18802 rows= 17936 horizon=0.30 L=0.00499 L/var=0.02 tgt=-0.031/0.509 pstd=0.504 gen=0.1s train=1.2s
[t= 148.7s] greedy ep106 games=  96 dec= 18161 rows= 17476 horizon=0.27 L=0.00525 L/var=0.02 tgt=-0.050/0.503 pstd=0.495 gen=0.1s train=1.2s
[t= 150.0s] greedy ep107 games=  96 dec= 17916 rows= 17157 horizon=0.27 L=0.00536 L/var=0.02 tgt=-0.050/0.499 pstd=0.502 gen=0.1s train=1.1s
[t= 151.3s] greedy ep108 games=  96 dec= 18149 rows= 17352 horizon=0.26 L=0.00522 L/var=0.02 tgt=-0.012/0.500 pstd=0.503 gen=0.1s train=1.2s
[t= 152.7s] greedy ep109 games=  96 dec= 18197 rows= 17400 horizon=0.24 L=0.00476 L/var=0.02 tgt=-0.026/0.496 pstd=0.500 gen=0.1s train=1.1s
[t= 154.0s] greedy ep110 games=  96 dec= 17538 rows= 16803 horizon=0.24 L=0.00515 L/var=0.02 tgt=-0.056/0.526 pstd=0.494 gen=0.1s train=1.1s
[t= 155.4s] greedy ep111 games=  96 dec= 19361 rows= 18532 horizon=0.36 L=0.00482 L/var=0.02 tgt=-0.045/0.483 pstd=0.500 gen=0.1s train=1.2s
[t= 156.7s] greedy ep112 games=  96 dec= 18029 rows= 17317 horizon=0.30 L=0.00482 L/var=0.02 tgt=-0.018/0.483 pstd=0.500 gen=0.1s train=1.2s
[t= 158.1s] greedy ep113 games=  96 dec= 18174 rows= 17387 horizon=0.28 L=0.00484 L/var=0.02 tgt=-0.033/0.531 pstd=0.493 gen=0.1s train=1.2s
[t= 159.5s] greedy ep114 games=  96 dec= 19319 rows= 18518 horizon=0.36 L=0.00497 L/var=0.02 tgt=-0.034/0.490 pstd=0.505 gen=0.1s train=1.2s
[t= 160.8s] greedy ep115 games=  96 dec= 17729 rows= 16977 horizon=0.17 L=0.00544 L/var=0.02 tgt=-0.002/0.516 pstd=0.494 gen=0.1s train=1.1s
[t= 162.2s] greedy ep116 games=  96 dec= 18403 rows= 17543 horizon=0.28 L=0.00500 L/var=0.02 tgt=-0.022/0.494 pstd=0.500 gen=0.1s train=1.2s
[t= 163.5s] greedy ep117 games=  96 dec= 17865 rows= 17051 horizon=0.27 L=0.00485 L/var=0.02 tgt=-0.033/0.509 pstd=0.499 gen=0.1s train=1.1s
[t= 164.9s] greedy ep118 games=  96 dec= 18550 rows= 17822 horizon=0.36 L=0.00475 L/var=0.02 tgt=-0.095/0.506 pstd=0.498 gen=0.1s train=1.2s
[t= 166.2s] greedy ep119 games=  96 dec= 18440 rows= 17650 horizon=0.26 L=0.00493 L/var=0.02 tgt=-0.045/0.500 pstd=0.491 gen=0.1s train=1.2s
[t= 167.6s] greedy ep120 games=  96 dec= 18888 rows= 17947 horizon=0.27 L=0.00480 L/var=0.02 tgt=-0.039/0.484 pstd=0.487 gen=0.1s train=1.2s
[t= 169.0s] greedy ep121 games=  96 dec= 18400 rows= 17640 horizon=0.29 L=0.00458 L/var=0.02 tgt=-0.014/0.473 pstd=0.503 gen=0.1s train=1.2s
[t= 170.4s] greedy ep122 games=  96 dec= 19500 rows= 18715 horizon=0.40 L=0.00416 L/var=0.02 tgt=-0.048/0.473 pstd=0.492 gen=0.1s train=1.2s
[t= 171.8s] greedy ep123 games=  96 dec= 18513 rows= 17694 horizon=0.27 L=0.00457 L/var=0.02 tgt=-0.021/0.514 pstd=0.493 gen=0.1s train=1.2s
[t= 173.2s] greedy ep124 games=  96 dec= 18892 rows= 18073 horizon=0.33 L=0.00423 L/var=0.02 tgt=-0.059/0.481 pstd=0.488 gen=0.1s train=1.2s
[t= 174.5s] greedy ep125 games=  96 dec= 18520 rows= 17651 horizon=0.25 L=0.00458 L/var=0.02 tgt=-0.025/0.500 pstd=0.483 gen=0.1s train=1.2s
[t= 176.0s] greedy ep126 games=  96 dec= 19645 rows= 18833 horizon=0.36 L=0.00450 L/var=0.02 tgt=-0.015/0.474 pstd=0.471 gen=0.1s train=1.2s
[t= 177.2s] greedy ep127 games=  96 dec= 17395 rows= 16683 horizon=0.19 L=0.00485 L/var=0.02 tgt=-0.006/0.530 pstd=0.476 gen=0.1s train=1.1s
[t= 178.7s] greedy ep128 games=  96 dec= 19317 rows= 18624 horizon=0.38 L=0.00476 L/var=0.02 tgt=-0.039/0.471 pstd=0.474 gen=0.1s train=1.2s
[t= 180.0s] greedy ep129 games=  96 dec= 18062 rows= 17333 horizon=0.27 L=0.00437 L/var=0.02 tgt=-0.022/0.483 pstd=0.474 gen=0.1s train=1.1s
[t= 181.3s] greedy ep130 games=  96 dec= 17908 rows= 17168 horizon=0.25 L=0.00435 L/var=0.02 tgt=-0.041/0.492 pstd=0.479 gen=0.1s train=1.1s
[t= 181.3s] --- snapshot snap_00.pt (init) ---
[t= 181.4s] --- switching to ReBeL ---
[t= 191.4s] rebel stream solves=9216 raw=917/s balanced=917/s debt=0 rows steps=36 horizon=0.00 games=0 over=0 card=0 drop=0 L=0.02039 L/var=0.18 tgt=+0.104/0.333 cfg/b=45245 prep=0.22s gpu=0.00s conv=0.00s add=0.19s train=1.90s
[t= 201.4s] rebel stream solves=13312 raw=663/s balanced=663/s debt=0 rows steps=52 horizon=0.00 games=0 over=0 card=0 drop=0 L=0.00661 L/var=0.07 tgt=+0.146/0.304 cfg/b=29568 prep=0.08s gpu=0.00s conv=0.00s add=0.10s train=0.85s
[t= 211.7s] rebel stream solves=18432 raw=606/s balanced=606/s debt=0 rows steps=72 horizon=0.00 games=0 over=0 card=0 drop=0 L=0.00522 L/var=0.06 tgt=+0.165/0.293 cfg/b=79616 prep=0.38s gpu=0.00s conv=0.03s add=0.55s train=3.84s
[t= 221.8s] rebel stream solves=26624 raw=659/s balanced=659/s debt=0 rows steps=104 horizon=0.00 games=0 over=0 card=0 drop=0 L=0.00400 L/var=0.05 tgt=+0.186/0.285 cfg/b=81626 prep=0.18s gpu=0.00s conv=0.03s add=0.66s train=1.45s
[t= 232.2s] rebel stream solves=40960 raw=805/s balanced=805/s debt=0 rows steps=160 horizon=0.00 games=0 over=0 card=0 drop=0 L=0.00314 L/var=0.04 tgt=+0.215/0.276 cfg/b=42188 prep=0.30s gpu=0.00s conv=0.01s add=0.26s train=1.88s
[t= 242.2s] rebel stream solves=45056 raw=740/s balanced=740/s debt=0 rows steps=176 horizon=0.00 games=0 over=0 card=0 drop=0 L=0.00300 L/var=0.04 tgt=+0.232/0.274 cfg/b=31314 prep=0.08s gpu=0.00s conv=0.00s add=0.11s train=0.51s
[t= 252.3s] rebel stream solves=48128 raw=679/s balanced=679/s debt=0 rows steps=188 horizon=0.00 games=0 over=1 card=0 drop=0 L=0.00284 L/var=0.04 tgt=+0.232/0.270 cfg/b=35178 prep=0.05s gpu=0.00s conv=0.00s add=0.09s train=0.36s
[t= 262.3s] rebel stream solves=51200 raw=632/s balanced=632/s debt=0 rows steps=200 horizon=0.00 games=0 over=3 card=0 drop=0 L=0.00277 L/var=0.04 tgt=+0.239/0.266 cfg/b=39554 prep=0.06s gpu=0.00s conv=0.00s add=0.11s train=0.40s
[t= 272.3s] rebel stream solves=54272 raw=596/s balanced=596/s debt=0 rows steps=212 horizon=0.00 games=0 over=3 card=0 drop=0 L=0.00249 L/var=0.04 tgt=+0.236/0.264 cfg/b=39950 prep=0.08s gpu=0.00s conv=0.00s add=0.11s train=0.41s
[t= 282.4s] rebel stream solves=56320 raw=558/s balanced=558/s debt=0 rows steps=220 horizon=0.00 games=0 over=3 card=0 drop=0 L=0.00246 L/var=0.04 tgt=+0.237/0.252 cfg/b=41285 prep=0.03s gpu=0.00s conv=0.01s add=0.14s train=0.25s
[t= 292.4s] rebel stream solves=58368 raw=526/s balanced=526/s debt=0 rows steps=228 horizon=0.00 games=0 over=5 card=0 drop=0 L=0.00235 L/var=0.04 tgt=+0.248/0.239 cfg/b=48885 prep=0.03s gpu=0.00s conv=0.01s add=0.22s train=0.26s
[t= 302.5s] rebel stream solves=61440 raw=507/s balanced=507/s debt=0 rows steps=240 horizon=0.00 games=0 over=6 card=0 drop=0 L=0.00241 L/var=0.04 tgt=+0.248/0.248 cfg/b=57218 prep=0.07s gpu=0.00s conv=0.01s add=0.24s train=0.42s
[t= 312.5s] rebel stream solves=64512 raw=492/s balanced=492/s debt=0 rows steps=252 horizon=0.00 games=0 over=7 card=0 drop=0 L=0.00226 L/var=0.04 tgt=+0.258/0.240 cfg/b=61235 prep=0.07s gpu=0.00s conv=0.01s add=0.22s train=0.45s
[t= 322.5s] rebel stream solves=67584 raw=479/s balanced=479/s debt=0 rows steps=264 horizon=0.00 games=0 over=8 card=0 drop=0 L=0.00217 L/var=0.04 tgt=+0.271/0.238 cfg/b=62546 prep=0.08s gpu=0.00s conv=0.00s add=0.16s train=0.47s
[t= 332.6s] rebel stream solves=70656 raw=467/s balanced=467/s debt=0 rows steps=276 horizon=0.00 games=0 over=10 card=0 drop=0 L=0.00216 L/var=0.04 tgt=+0.266/0.234 cfg/b=59967 prep=0.06s gpu=0.00s conv=0.00s add=0.18s train=0.43s
[t= 342.6s] rebel stream solves=71680 raw=445/s balanced=445/s debt=0 rows steps=280 horizon=0.00 games=0 over=13 card=0 drop=0 L=0.00218 L/var=0.04 tgt=+0.273/0.221 cfg/b=55459 prep=0.02s gpu=0.00s conv=0.00s add=0.07s train=0.15s
[t= 352.6s] rebel stream solves=74752 raw=436/s balanced=436/s debt=0 rows steps=292 horizon=0.00 games=0 over=13 card=0 drop=0 L=0.00224 L/var=0.05 tgt=+0.285/0.218 cfg/b=55505 prep=0.06s gpu=0.00s conv=0.01s add=0.19s train=0.40s
[t= 362.6s] rebel stream solves=76800 raw=424/s balanced=424/s debt=0 rows steps=300 horizon=0.00 games=0 over=16 card=0 drop=0 L=0.00203 L/var=0.04 tgt=+0.292/0.227 cfg/b=52569 prep=0.05s gpu=0.00s conv=0.00s add=0.10s train=0.29s
[t= 372.7s] rebel stream solves=78848 raw=412/s balanced=412/s debt=0 rows steps=308 horizon=0.00 games=0 over=18 card=0 drop=0 L=0.00207 L/var=0.04 tgt=+0.287/0.230 cfg/b=49516 prep=0.04s gpu=0.00s conv=0.00s add=0.09s train=0.29s
[t= 383.0s] rebel stream solves=81920 raw=406/s balanced=406/s debt=0 rows steps=320 horizon=0.00 games=0 over=24 card=0 drop=0 L=0.00199 L/var=0.04 tgt=+0.292/0.234 cfg/b=47430 prep=0.07s gpu=0.00s conv=0.00s add=0.11s train=0.43s
[t= 393.0s] rebel stream solves=82944 raw=392/s balanced=392/s debt=0 rows steps=324 horizon=0.00 games=0 over=30 card=0 drop=0 L=0.00213 L/var=0.04 tgt=+0.279/0.242 cfg/b=45811 prep=0.02s gpu=0.00s conv=0.00s add=0.04s train=0.13s
[t= 403.1s] rebel stream solves=83968 raw=379/s balanced=379/s debt=0 rows steps=328 horizon=0.00 games=0 over=31 card=0 drop=0 L=0.00213 L/var=0.04 tgt=+0.287/0.242 cfg/b=46318 prep=0.02s gpu=0.00s conv=0.00s add=0.06s train=0.13s
[t= 413.1s] rebel stream solves=84992 raw=367/s balanced=367/s debt=0 rows steps=332 horizon=0.00 games=0 over=36 card=0 drop=0 L=0.00199 L/var=0.03 tgt=+0.281/0.257 cfg/b=45632 prep=0.02s gpu=0.00s conv=0.00s add=0.06s train=0.14s
[t= 423.1s] rebel stream solves=87040 raw=360/s balanced=360/s debt=0 rows steps=340 horizon=0.00 games=0 over=44 card=0 drop=0 L=0.00213 L/var=0.04 tgt=+0.291/0.238 cfg/b=47987 prep=0.03s gpu=0.00s conv=0.00s add=0.11s train=0.26s
[t= 433.2s] rebel stream solves=89088 raw=354/s balanced=354/s debt=0 rows steps=348 horizon=0.00 games=0 over=46 card=0 drop=0 L=0.00210 L/var=0.03 tgt=+0.286/0.253 cfg/b=43476 prep=0.05s gpu=0.00s conv=0.00s add=0.10s train=0.27s
[t= 443.2s] rebel stream solves=90112 raw=344/s balanced=344/s debt=0 rows steps=352 horizon=0.00 games=0 over=50 card=0 drop=0 L=0.00195 L/var=0.04 tgt=+0.296/0.226 cfg/b=44120 prep=0.02s gpu=0.00s conv=0.00s add=0.05s train=0.14s
[t= 453.4s] rebel stream solves=92160 raw=339/s balanced=339/s debt=0 rows steps=360 horizon=0.00 games=1 over=55 card=0 drop=0 L=0.00203 L/var=0.04 tgt=+0.297/0.232 cfg/b=43512 prep=0.04s gpu=0.00s conv=0.00s add=0.08s train=0.25s
[t= 463.4s] rebel stream solves=93184 raw=330/s balanced=330/s debt=0 rows steps=364 horizon=0.00 games=0 over=57 card=0 drop=0 L=0.00203 L/var=0.03 tgt=+0.298/0.248 cfg/b=43052 prep=0.02s gpu=0.00s conv=0.00s add=0.04s train=0.14s
[t= 473.5s] rebel stream solves=94208 raw=322/s balanced=322/s debt=0 rows steps=368 horizon=0.00 games=0 over=60 card=0 drop=0 L=0.00192 L/var=0.03 tgt=+0.297/0.243 cfg/b=41014 prep=0.03s gpu=0.00s conv=0.00s add=0.03s train=0.16s
[t= 481.4s] --- snapshot snap_01.pt (s1) ---
[t= 483.5s] rebel stream solves=95232 raw=315/s balanced=315/s debt=0 rows steps=372 horizon=0.00 games=0 over=63 card=0 drop=0 L=0.00192 L/var=0.03 tgt=+0.286/0.242 cfg/b=40102 prep=0.02s gpu=0.00s conv=0.00s add=0.04s train=0.12s
[t= 493.5s] rebel stream solves=96256 raw=308/s balanced=308/s debt=0 rows steps=376 horizon=0.00 games=0 over=70 card=0 drop=0 L=0.00197 L/var=0.03 tgt=+0.270/0.252 cfg/b=41778 prep=0.02s gpu=0.00s conv=0.00s add=0.04s train=0.14s
[t= 503.5s] rebel stream solves=97280 raw=302/s balanced=302/s debt=0 rows steps=380 horizon=0.00 games=0 over=74 card=0 drop=0 L=0.00193 L/var=0.04 tgt=+0.279/0.235 cfg/b=41038 prep=0.05s gpu=0.00s conv=0.00s add=0.06s train=0.21s
[t= 513.5s] rebel stream solves=98304 raw=296/s balanced=296/s debt=0 rows steps=384 horizon=0.00 games=0 over=76 card=0 drop=0 L=0.00212 L/var=0.03 tgt=+0.272/0.250 cfg/b=43188 prep=0.03s gpu=0.00s conv=0.01s add=0.07s train=0.14s
[t= 523.6s] rebel stream solves=99328 raw=290/s balanced=290/s debt=0 rows steps=388 horizon=0.00 games=0 over=78 card=0 drop=0 L=0.00185 L/var=0.03 tgt=+0.295/0.237 cfg/b=44511 prep=0.02s gpu=0.00s conv=0.00s add=0.08s train=0.15s
[t= 533.6s] rebel stream solves=100352 raw=285/s balanced=285/s debt=0 rows steps=392 horizon=0.00 games=1 over=86 card=0 drop=0 L=0.00171 L/var=0.03 tgt=+0.297/0.233 cfg/b=45480 prep=0.02s gpu=0.00s conv=0.00s add=0.09s train=0.13s
[t= 543.6s] rebel stream solves=101376 raw=280/s balanced=280/s debt=0 rows steps=396 horizon=0.00 games=0 over=91 card=0 drop=0 L=0.00198 L/var=0.04 tgt=+0.285/0.221 cfg/b=46789 prep=0.02s gpu=0.00s conv=0.00s add=0.07s train=0.15s
[t= 553.6s] rebel stream solves=102400 raw=275/s balanced=275/s debt=0 rows steps=400 horizon=0.00 games=0 over=95 card=0 drop=0 L=0.00185 L/var=0.03 tgt=+0.291/0.241 cfg/b=47896 prep=0.02s gpu=0.00s conv=0.00s add=0.08s train=0.13s
[t= 563.6s] rebel stream solves=103424 raw=271/s balanced=271/s debt=0 rows steps=404 horizon=0.00 games=0 over=98 card=0 drop=0 L=0.00183 L/var=0.03 tgt=+0.293/0.237 cfg/b=47300 prep=0.01s gpu=0.00s conv=0.00s add=0.07s train=0.12s
[t= 573.7s] rebel stream solves=105472 raw=269/s balanced=269/s debt=0 rows steps=412 horizon=0.00 games=0 over=108 card=0 drop=0 L=0.00174 L/var=0.04 tgt=+0.304/0.210 cfg/b=47132 prep=0.05s gpu=0.00s conv=0.01s add=0.12s train=0.29s
[t= 584.1s] rebel stream solves=106496 raw=264/s balanced=264/s debt=0 rows steps=416 horizon=0.00 games=0 over=117 card=0 drop=0 L=0.00181 L/var=0.03 tgt=+0.280/0.235 cfg/b=47744 prep=0.02s gpu=0.00s conv=0.00s add=0.06s train=0.14s
[t= 594.1s] rebel stream solves=107520 raw=260/s balanced=260/s debt=0 rows steps=420 horizon=0.00 games=0 over=122 card=0 drop=0 L=0.00184 L/var=0.04 tgt=+0.308/0.217 cfg/b=46772 prep=0.02s gpu=0.00s conv=0.00s add=0.05s train=0.13s
[t= 604.1s] rebel stream solves=107520 raw=254/s balanced=254/s debt=0 rows steps=420 horizon=0.00 games=0 over=122 card=0 drop=0 L=0.00000 L/var=0.00 tgt=+0.000/0.000 cfg/b=0 prep=0.00s gpu=0.00s conv=0.00s add=0.00s train=0.00s
[t= 614.2s] rebel stream solves=108544 raw=251/s balanced=251/s debt=0 rows steps=424 horizon=0.00 games=0 over=129 card=0 drop=0 L=0.00168 L/var=0.04 tgt=+0.321/0.202 cfg/b=44422 prep=0.02s gpu=0.00s conv=0.00s add=0.05s train=0.13s
[t= 624.2s] rebel stream solves=109568 raw=247/s balanced=247/s debt=0 rows steps=428 horizon=0.00 games=0 over=136 card=1 drop=0 L=0.00168 L/var=0.04 tgt=+0.293/0.210 cfg/b=46582 prep=0.02s gpu=0.00s conv=0.00s add=0.07s train=0.13s
[t= 634.2s] rebel stream solves=110592 raw=244/s balanced=244/s debt=0 rows steps=432 horizon=0.00 games=0 over=142 card=1 drop=0 L=0.00164 L/var=0.03 tgt=+0.286/0.221 cfg/b=48786 prep=0.02s gpu=0.00s conv=0.00s add=0.09s train=0.14s
[t= 644.2s] rebel stream solves=110592 raw=239/s balanced=239/s debt=0 rows steps=432 horizon=0.00 games=0 over=142 card=1 drop=0 L=0.00000 L/var=0.00 tgt=+0.000/0.000 cfg/b=0 prep=0.00s gpu=0.00s conv=0.00s add=0.00s train=0.00s
[t= 654.2s] rebel stream solves=111616 raw=236/s balanced=236/s debt=0 rows steps=436 horizon=0.00 games=0 over=149 card=2 drop=0 L=0.00160 L/var=0.03 tgt=+0.274/0.237 cfg/b=45671 prep=0.03s gpu=0.00s conv=0.01s add=0.07s train=0.16s
[t= 664.2s] rebel stream solves=112640 raw=233/s balanced=233/s debt=0 rows steps=440 horizon=0.00 games=0 over=156 card=2 drop=0 L=0.00202 L/var=0.04 tgt=+0.302/0.216 cfg/b=50344 prep=0.02s gpu=0.00s conv=0.01s add=0.08s train=0.15s
[t= 674.2s] rebel stream solves=113664 raw=231/s balanced=231/s debt=0 rows steps=444 horizon=0.00 games=0 over=162 card=2 drop=0 L=0.00170 L/var=0.04 tgt=+0.289/0.208 cfg/b=50683 prep=0.03s gpu=0.00s conv=0.00s add=0.09s train=0.15s
[t= 684.2s] rebel stream solves=114688 raw=228/s balanced=228/s debt=0 rows steps=448 horizon=0.00 games=0 over=170 card=2 drop=0 L=0.00152 L/var=0.03 tgt=+0.299/0.212 cfg/b=50552 prep=0.02s gpu=0.00s conv=0.01s add=0.07s train=0.13s
[t= 694.3s] rebel stream solves=114688 raw=224/s balanced=224/s debt=0 rows steps=448 horizon=0.00 games=0 over=170 card=2 drop=0 L=0.00000 L/var=0.00 tgt=+0.000/0.000 cfg/b=0 prep=0.00s gpu=0.00s conv=0.00s add=0.00s train=0.00s
[t= 704.3s] rebel stream solves=115712 raw=221/s balanced=221/s debt=0 rows steps=452 horizon=0.00 games=1 over=177 card=3 drop=0 L=0.00163 L/var=0.03 tgt=+0.302/0.221 cfg/b=52256 prep=0.02s gpu=0.00s conv=0.00s add=0.07s train=0.14s
[t= 714.3s] rebel stream solves=116736 raw=219/s balanced=219/s debt=0 rows steps=456 horizon=0.00 games=1 over=180 card=3 drop=0 L=0.00167 L/var=0.04 tgt=+0.305/0.207 cfg/b=53458 prep=0.03s gpu=0.00s conv=0.00s add=0.06s train=0.14s
[t= 716.0s] --- lr -> 5.00e-04 ---
[t= 724.3s] rebel stream solves=117760 raw=217/s balanced=217/s debt=0 rows steps=460 horizon=0.00 games=0 over=190 card=3 drop=0 L=0.00169 L/var=0.04 tgt=+0.306/0.201 cfg/b=51668 prep=0.02s gpu=0.00s conv=0.00s add=0.08s train=0.15s
[t= 734.3s] rebel stream solves=118784 raw=215/s balanced=215/s debt=0 rows steps=464 horizon=0.00 games=0 over=203 card=3 drop=0 L=0.00162 L/var=0.04 tgt=+0.291/0.209 cfg/b=54688 prep=0.02s gpu=0.00s conv=0.00s add=0.07s train=0.14s
[t= 744.3s] rebel stream solves=118784 raw=211/s balanced=211/s debt=0 rows steps=464 horizon=0.00 games=0 over=203 card=3 drop=0 L=0.00000 L/var=0.00 tgt=+0.000/0.000 cfg/b=0 prep=0.00s gpu=0.00s conv=0.00s add=0.00s train=0.00s
[t= 754.3s] rebel stream solves=119808 raw=209/s balanced=209/s debt=0 rows steps=468 horizon=0.00 games=0 over=210 card=3 drop=0 L=0.00152 L/var=0.03 tgt=+0.317/0.210 cfg/b=57196 prep=0.02s gpu=0.00s conv=0.00s add=0.06s train=0.15s
