[train] runs/value_v4_research32 at cd4d730+dirty seed=31 {'init_weights': 'runs/value_v4_clean30/snap_06.pt', 'seed': 31, 'ladder_games': 560, 'note': 'research-32iter-clean-continuation'}
[train] research-32iter-clean-continuation
[cpu] pinned to 36 physical cores
[train] CUDA stream priority -1
[gpu] solve services up on [0, 1]
[cfg] PUBFEAT=897 CFEAT=15 architecture=v4 depth=2 iters=32 budget=1800s warm=180s snapshot_every=6min device=cuda:1 draft=random train_gen_ratio=12.0 recent_mix=0.5/0.2 canonical_views=2 cap=2000000 matmul=high
[t=   1.0s] greedy ep  0 games=  96 dec= 17752 rows= 17019 horizon=0.25 L=0.06375 L/var=0.43 tgt=-0.074/0.383 pstd=0.367 gen=0.1s train=0.8s
[t=   1.4s] greedy ep  1 games=  96 dec= 18479 rows= 17637 horizon=0.29 L=0.02497 L/var=0.18 tgt=-0.070/0.369 pstd=0.373 gen=0.1s train=0.3s
[t=   1.9s] greedy ep  2 games=  96 dec= 18356 rows= 17612 horizon=0.32 L=0.01335 L/var=0.07 tgt=-0.077/0.435 pstd=0.376 gen=0.1s train=0.3s
[t=   2.3s] greedy ep  3 games=  96 dec= 18306 rows= 17575 horizon=0.27 L=0.00913 L/var=0.06 tgt=-0.076/0.393 pstd=0.376 gen=0.1s train=0.3s
[t=   2.8s] greedy ep  4 games=  96 dec= 19143 rows= 18318 horizon=0.30 L=0.00690 L/var=0.04 tgt=-0.104/0.431 pstd=0.378 gen=0.1s train=0.3s
[t=   3.2s] greedy ep  5 games=  96 dec= 18435 rows= 17533 horizon=0.22 L=0.00547 L/var=0.03 tgt=-0.094/0.437 pstd=0.377 gen=0.1s train=0.3s
[t=   3.6s] greedy ep  6 games=  96 dec= 18264 rows= 17466 horizon=0.24 L=0.00409 L/var=0.02 tgt=-0.080/0.405 pstd=0.382 gen=0.1s train=0.3s
[t=   4.0s] greedy ep  7 games=  96 dec= 17019 rows= 16290 horizon=0.20 L=0.00351 L/var=0.02 tgt=-0.090/0.422 pstd=0.379 gen=0.1s train=0.2s
[t=   4.4s] greedy ep  8 games=  96 dec= 18062 rows= 17310 horizon=0.27 L=0.00306 L/var=0.02 tgt=-0.060/0.404 pstd=0.377 gen=0.1s train=0.3s
[t=   4.9s] greedy ep  9 games=  96 dec= 18488 rows= 17731 horizon=0.30 L=0.00332 L/var=0.02 tgt=-0.088/0.413 pstd=0.381 gen=0.1s train=0.3s
[t=   5.3s] greedy ep 10 games=  96 dec= 18404 rows= 17544 horizon=0.23 L=0.00256 L/var=0.01 tgt=-0.083/0.427 pstd=0.378 gen=0.1s train=0.3s
[t=   5.7s] greedy ep 11 games=  96 dec= 18178 rows= 17379 horizon=0.26 L=0.00236 L/var=0.02 tgt=-0.051/0.394 pstd=0.382 gen=0.1s train=0.3s
[t=   6.2s] greedy ep 12 games=  96 dec= 19335 rows= 18496 horizon=0.31 L=0.00291 L/var=0.02 tgt=-0.071/0.388 pstd=0.383 gen=0.1s train=0.3s
[t=   6.6s] greedy ep 13 games=  96 dec= 17990 rows= 17250 horizon=0.29 L=0.00205 L/var=0.01 tgt=-0.088/0.413 pstd=0.379 gen=0.1s train=0.3s
[t=   7.0s] greedy ep 14 games=  96 dec= 18166 rows= 17347 horizon=0.29 L=0.00179 L/var=0.01 tgt=-0.080/0.388 pstd=0.384 gen=0.1s train=0.3s
[t=   7.5s] greedy ep 15 games=  96 dec= 18834 rows= 17990 horizon=0.32 L=0.00223 L/var=0.02 tgt=-0.070/0.376 pstd=0.382 gen=0.1s train=0.3s
[t=   7.9s] greedy ep 16 games=  96 dec= 18211 rows= 17414 horizon=0.26 L=0.00174 L/var=0.01 tgt=-0.070/0.415 pstd=0.381 gen=0.1s train=0.3s
[t=   8.4s] greedy ep 17 games=  96 dec= 18087 rows= 17329 horizon=0.25 L=0.00132 L/var=0.01 tgt=-0.075/0.415 pstd=0.385 gen=0.1s train=0.3s
[t=   8.8s] greedy ep 18 games=  96 dec= 18315 rows= 17545 horizon=0.29 L=0.00142 L/var=0.01 tgt=-0.081/0.394 pstd=0.380 gen=0.1s train=0.3s
[t=   9.2s] greedy ep 19 games=  96 dec= 18830 rows= 17952 horizon=0.29 L=0.00155 L/var=0.01 tgt=-0.069/0.389 pstd=0.378 gen=0.1s train=0.3s
[t=   9.7s] greedy ep 20 games=  96 dec= 17919 rows= 17201 horizon=0.28 L=0.00130 L/var=0.01 tgt=-0.068/0.392 pstd=0.383 gen=0.1s train=0.3s
[t=  10.1s] greedy ep 21 games=  96 dec= 17632 rows= 16857 horizon=0.22 L=0.00106 L/var=0.01 tgt=-0.067/0.402 pstd=0.380 gen=0.1s train=0.3s
[t=  10.5s] greedy ep 22 games=  96 dec= 16939 rows= 16183 horizon=0.18 L=0.00292 L/var=0.02 tgt=-0.073/0.386 pstd=0.374 gen=0.1s train=0.3s
[t=  11.0s] greedy ep 23 games=  96 dec= 18057 rows= 17337 horizon=0.27 L=0.00159 L/var=0.01 tgt=-0.061/0.421 pstd=0.382 gen=0.1s train=0.3s
[t=  11.4s] greedy ep 24 games=  96 dec= 18631 rows= 17916 horizon=0.34 L=0.00101 L/var=0.01 tgt=-0.077/0.392 pstd=0.383 gen=0.1s train=0.3s
[t=  11.9s] greedy ep 25 games=  96 dec= 18985 rows= 18190 horizon=0.29 L=0.00090 L/var=0.01 tgt=-0.071/0.397 pstd=0.380 gen=0.1s train=0.3s
[t=  12.3s] greedy ep 26 games=  96 dec= 18822 rows= 18058 horizon=0.28 L=0.00084 L/var=0.01 tgt=-0.079/0.389 pstd=0.384 gen=0.1s train=0.3s
[t=  12.8s] greedy ep 27 games=  96 dec= 18760 rows= 17928 horizon=0.25 L=0.00081 L/var=0.00 tgt=-0.080/0.408 pstd=0.382 gen=0.1s train=0.3s
[t=  13.2s] greedy ep 28 games=  96 dec= 18914 rows= 18135 horizon=0.29 L=0.00075 L/var=0.00 tgt=-0.080/0.417 pstd=0.380 gen=0.1s train=0.3s
[t=  13.7s] greedy ep 29 games=  96 dec= 18579 rows= 17818 horizon=0.27 L=0.00084 L/var=0.01 tgt=-0.059/0.379 pstd=0.381 gen=0.1s train=0.3s
[t=  14.1s] greedy ep 30 games=  96 dec= 18155 rows= 17319 horizon=0.26 L=0.00109 L/var=0.01 tgt=-0.090/0.413 pstd=0.382 gen=0.1s train=0.3s
[t=  14.6s] greedy ep 31 games=  96 dec= 18556 rows= 17740 horizon=0.28 L=0.00081 L/var=0.00 tgt=-0.076/0.401 pstd=0.381 gen=0.1s train=0.3s
[t=  15.1s] greedy ep 32 games=  96 dec= 19395 rows= 18510 horizon=0.26 L=0.00065 L/var=0.00 tgt=-0.075/0.393 pstd=0.381 gen=0.1s train=0.3s
[t=  15.5s] greedy ep 33 games=  96 dec= 18990 rows= 18219 horizon=0.33 L=0.00126 L/var=0.01 tgt=-0.073/0.409 pstd=0.375 gen=0.1s train=0.3s
[t=  15.9s] greedy ep 34 games=  96 dec= 18143 rows= 17468 horizon=0.29 L=0.00122 L/var=0.01 tgt=-0.078/0.401 pstd=0.382 gen=0.1s train=0.3s
[t=  16.5s] greedy ep 35 games=  96 dec= 17633 rows= 16923 horizon=0.21 L=0.00067 L/var=0.00 tgt=-0.093/0.415 pstd=0.383 gen=0.1s train=0.3s
[t=  17.0s] greedy ep 36 games=  96 dec= 18887 rows= 18072 horizon=0.27 L=0.00059 L/var=0.00 tgt=-0.057/0.405 pstd=0.382 gen=0.1s train=0.3s
[t=  17.5s] greedy ep 37 games=  96 dec= 18455 rows= 17673 horizon=0.29 L=0.00057 L/var=0.00 tgt=-0.071/0.396 pstd=0.379 gen=0.1s train=0.3s
[t=  17.9s] greedy ep 38 games=  96 dec= 17417 rows= 16659 horizon=0.22 L=0.00058 L/var=0.00 tgt=-0.086/0.410 pstd=0.382 gen=0.1s train=0.3s
[t=  18.3s] greedy ep 39 games=  96 dec= 17463 rows= 16712 horizon=0.22 L=0.00111 L/var=0.01 tgt=-0.104/0.423 pstd=0.378 gen=0.1s train=0.3s
[t=  18.8s] greedy ep 40 games=  96 dec= 18184 rows= 17442 horizon=0.25 L=0.00097 L/var=0.01 tgt=-0.064/0.392 pstd=0.379 gen=0.1s train=0.3s
[t=  19.2s] greedy ep 41 games=  96 dec= 17830 rows= 17078 horizon=0.26 L=0.00067 L/var=0.00 tgt=-0.072/0.395 pstd=0.380 gen=0.1s train=0.3s
[t=  19.7s] greedy ep 42 games=  96 dec= 18368 rows= 17623 horizon=0.30 L=0.00050 L/var=0.00 tgt=-0.079/0.394 pstd=0.380 gen=0.1s train=0.3s
[t=  20.1s] greedy ep 43 games=  96 dec= 18260 rows= 17501 horizon=0.32 L=0.00051 L/var=0.00 tgt=-0.071/0.392 pstd=0.381 gen=0.1s train=0.3s
[t=  20.6s] greedy ep 44 games=  96 dec= 19170 rows= 18321 horizon=0.32 L=0.00051 L/var=0.00 tgt=-0.080/0.391 pstd=0.380 gen=0.1s train=0.3s
[t=  21.0s] greedy ep 45 games=  96 dec= 18267 rows= 17468 horizon=0.27 L=0.00077 L/var=0.01 tgt=-0.077/0.389 pstd=0.380 gen=0.1s train=0.3s
[t=  21.5s] greedy ep 46 games=  96 dec= 19211 rows= 18302 horizon=0.28 L=0.00057 L/var=0.00 tgt=-0.079/0.393 pstd=0.379 gen=0.1s train=0.3s
[t=  21.9s] greedy ep 47 games=  96 dec= 17977 rows= 17268 horizon=0.25 L=0.00051 L/var=0.00 tgt=-0.070/0.391 pstd=0.381 gen=0.1s train=0.3s
[t=  22.4s] greedy ep 48 games=  96 dec= 18530 rows= 17843 horizon=0.34 L=0.00051 L/var=0.00 tgt=-0.078/0.398 pstd=0.380 gen=0.1s train=0.3s
[t=  22.9s] greedy ep 49 games=  96 dec= 18273 rows= 17483 horizon=0.29 L=0.00059 L/var=0.00 tgt=-0.076/0.427 pstd=0.381 gen=0.1s train=0.3s
[t=  23.3s] greedy ep 50 games=  96 dec= 17415 rows= 16676 horizon=0.25 L=0.00087 L/var=0.01 tgt=-0.059/0.388 pstd=0.380 gen=0.1s train=0.3s
[t=  23.8s] greedy ep 51 games=  96 dec= 18254 rows= 17477 horizon=0.31 L=0.00052 L/var=0.00 tgt=-0.082/0.396 pstd=0.379 gen=0.1s train=0.3s
[t=  24.3s] greedy ep 52 games=  96 dec= 19522 rows= 18682 horizon=0.36 L=0.00040 L/var=0.00 tgt=-0.086/0.416 pstd=0.381 gen=0.1s train=0.3s
[t=  24.7s] greedy ep 53 games=  96 dec= 19367 rows= 18558 horizon=0.30 L=0.00041 L/var=0.00 tgt=-0.069/0.429 pstd=0.383 gen=0.1s train=0.3s
[t=  25.2s] greedy ep 54 games=  96 dec= 17871 rows= 16956 horizon=0.18 L=0.00046 L/var=0.00 tgt=-0.071/0.394 pstd=0.381 gen=0.1s train=0.3s
[t=  25.6s] greedy ep 55 games=  96 dec= 19154 rows= 18394 horizon=0.34 L=0.00140 L/var=0.01 tgt=-0.054/0.382 pstd=0.383 gen=0.1s train=0.3s
[t=  26.1s] greedy ep 56 games=  96 dec= 18885 rows= 18061 horizon=0.30 L=0.00051 L/var=0.00 tgt=-0.101/0.390 pstd=0.382 gen=0.1s train=0.3s
[t=  26.6s] greedy ep 57 games=  96 dec= 18565 rows= 17815 horizon=0.30 L=0.00036 L/var=0.00 tgt=-0.064/0.395 pstd=0.381 gen=0.1s train=0.3s
[t=  27.0s] greedy ep 58 games=  96 dec= 19236 rows= 18402 horizon=0.35 L=0.00036 L/var=0.00 tgt=-0.090/0.429 pstd=0.382 gen=0.1s train=0.3s
[t=  27.5s] greedy ep 59 games=  96 dec= 18638 rows= 17944 horizon=0.31 L=0.00032 L/var=0.00 tgt=-0.056/0.388 pstd=0.380 gen=0.1s train=0.3s
[t=  28.0s] greedy ep 60 games=  96 dec= 18631 rows= 17863 horizon=0.39 L=0.00032 L/var=0.00 tgt=-0.057/0.378 pstd=0.381 gen=0.1s train=0.3s
[t=  28.4s] greedy ep 61 games=  96 dec= 18163 rows= 17448 horizon=0.23 L=0.00034 L/var=0.00 tgt=-0.068/0.397 pstd=0.381 gen=0.1s train=0.3s
[t=  28.9s] greedy ep 62 games=  96 dec= 19480 rows= 18675 horizon=0.36 L=0.00056 L/var=0.00 tgt=-0.115/0.425 pstd=0.383 gen=0.1s train=0.3s
[t=  29.4s] greedy ep 63 games=  96 dec= 19342 rows= 18531 horizon=0.27 L=0.00035 L/var=0.00 tgt=-0.080/0.385 pstd=0.381 gen=0.1s train=0.3s
[t=  29.9s] greedy ep 64 games=  96 dec= 18651 rows= 17836 horizon=0.31 L=0.00032 L/var=0.00 tgt=-0.088/0.395 pstd=0.381 gen=0.1s train=0.3s
[t=  30.3s] greedy ep 65 games=  96 dec= 18243 rows= 17424 horizon=0.25 L=0.00069 L/var=0.00 tgt=-0.065/0.393 pstd=0.382 gen=0.1s train=0.3s
[t=  30.8s] greedy ep 66 games=  96 dec= 17735 rows= 16915 horizon=0.24 L=0.00045 L/var=0.00 tgt=-0.091/0.390 pstd=0.382 gen=0.1s train=0.3s
[t=  31.2s] greedy ep 67 games=  96 dec= 19433 rows= 18577 horizon=0.33 L=0.00031 L/var=0.00 tgt=-0.063/0.392 pstd=0.380 gen=0.1s train=0.3s
[t=  31.7s] greedy ep 68 games=  96 dec= 18992 rows= 18176 horizon=0.36 L=0.00032 L/var=0.00 tgt=-0.065/0.382 pstd=0.383 gen=0.1s train=0.3s
[t=  32.2s] greedy ep 69 games=  96 dec= 17988 rows= 17228 horizon=0.30 L=0.00032 L/var=0.00 tgt=-0.067/0.398 pstd=0.380 gen=0.1s train=0.3s
[t=  32.6s] greedy ep 70 games=  96 dec= 17572 rows= 16836 horizon=0.20 L=0.00082 L/var=0.01 tgt=-0.066/0.395 pstd=0.381 gen=0.1s train=0.3s
[t=  33.1s] greedy ep 71 games=  96 dec= 18213 rows= 17450 horizon=0.30 L=0.00043 L/var=0.00 tgt=-0.073/0.387 pstd=0.382 gen=0.1s train=0.3s
[t=  33.5s] greedy ep 72 games=  96 dec= 18202 rows= 17393 horizon=0.26 L=0.00031 L/var=0.00 tgt=-0.071/0.382 pstd=0.381 gen=0.1s train=0.3s
[t=  34.0s] greedy ep 73 games=  96 dec= 18463 rows= 17737 horizon=0.33 L=0.00027 L/var=0.00 tgt=-0.082/0.414 pstd=0.382 gen=0.1s train=0.3s
[t=  34.5s] greedy ep 74 games=  96 dec= 18667 rows= 17766 horizon=0.31 L=0.00036 L/var=0.00 tgt=-0.067/0.420 pstd=0.380 gen=0.1s train=0.3s
[t=  35.0s] greedy ep 75 games=  96 dec= 17733 rows= 16974 horizon=0.26 L=0.00100 L/var=0.01 tgt=-0.068/0.396 pstd=0.383 gen=0.1s train=0.3s
[t=  35.4s] greedy ep 76 games=  96 dec= 18522 rows= 17691 horizon=0.26 L=0.00041 L/var=0.00 tgt=-0.086/0.429 pstd=0.384 gen=0.1s train=0.3s
[t=  35.9s] greedy ep 77 games=  96 dec= 18197 rows= 17435 horizon=0.28 L=0.00031 L/var=0.00 tgt=-0.064/0.385 pstd=0.381 gen=0.1s train=0.3s
[t=  36.3s] greedy ep 78 games=  96 dec= 17506 rows= 16754 horizon=0.22 L=0.00026 L/var=0.00 tgt=-0.090/0.415 pstd=0.381 gen=0.1s train=0.3s
[t=  36.8s] greedy ep 79 games=  96 dec= 18928 rows= 18187 horizon=0.26 L=0.00029 L/var=0.00 tgt=-0.101/0.422 pstd=0.380 gen=0.1s train=0.3s
[t=  37.2s] greedy ep 80 games=  96 dec= 18380 rows= 17557 horizon=0.23 L=0.00026 L/var=0.00 tgt=-0.073/0.410 pstd=0.383 gen=0.1s train=0.3s
[t=  37.7s] greedy ep 81 games=  96 dec= 18378 rows= 17588 horizon=0.26 L=0.00025 L/var=0.00 tgt=-0.074/0.415 pstd=0.381 gen=0.1s train=0.3s
[t=  38.1s] greedy ep 82 games=  96 dec= 18448 rows= 17662 horizon=0.29 L=0.00044 L/var=0.00 tgt=-0.068/0.383 pstd=0.380 gen=0.1s train=0.3s
[t=  38.7s] greedy ep 83 games=  96 dec= 18332 rows= 17559 horizon=0.23 L=0.00053 L/var=0.00 tgt=-0.049/0.389 pstd=0.381 gen=0.1s train=0.3s
[t=  39.1s] greedy ep 84 games=  96 dec= 18459 rows= 17652 horizon=0.29 L=0.00028 L/var=0.00 tgt=-0.109/0.421 pstd=0.380 gen=0.1s train=0.3s
[t=  39.6s] greedy ep 85 games=  96 dec= 19388 rows= 18559 horizon=0.34 L=0.00023 L/var=0.00 tgt=-0.073/0.400 pstd=0.381 gen=0.1s train=0.3s
[t=  40.1s] greedy ep 86 games=  96 dec= 19127 rows= 18360 horizon=0.33 L=0.00026 L/var=0.00 tgt=-0.069/0.438 pstd=0.381 gen=0.1s train=0.3s
[t=  40.5s] greedy ep 87 games=  96 dec= 18592 rows= 17852 horizon=0.32 L=0.00032 L/var=0.00 tgt=-0.089/0.413 pstd=0.382 gen=0.1s train=0.3s
[t=  41.0s] greedy ep 88 games=  96 dec= 18140 rows= 17424 horizon=0.27 L=0.00033 L/var=0.00 tgt=-0.079/0.399 pstd=0.382 gen=0.1s train=0.3s
[t=  41.4s] greedy ep 89 games=  96 dec= 19305 rows= 18463 horizon=0.27 L=0.00037 L/var=0.00 tgt=-0.089/0.396 pstd=0.381 gen=0.1s train=0.3s
[t=  41.9s] greedy ep 90 games=  96 dec= 18072 rows= 17366 horizon=0.30 L=0.00023 L/var=0.00 tgt=-0.057/0.387 pstd=0.382 gen=0.1s train=0.3s
[t=  42.3s] greedy ep 91 games=  96 dec= 17654 rows= 16895 horizon=0.27 L=0.00059 L/var=0.00 tgt=-0.116/0.451 pstd=0.381 gen=0.1s train=0.3s
[t=  42.8s] greedy ep 92 games=  96 dec= 19297 rows= 18438 horizon=0.35 L=0.00034 L/var=0.00 tgt=-0.057/0.417 pstd=0.381 gen=0.1s train=0.3s
[t=  43.2s] greedy ep 93 games=  96 dec= 18128 rows= 17337 horizon=0.24 L=0.00034 L/var=0.00 tgt=-0.073/0.404 pstd=0.381 gen=0.1s train=0.3s
[t=  43.7s] greedy ep 94 games=  96 dec= 18548 rows= 17776 horizon=0.30 L=0.00023 L/var=0.00 tgt=-0.047/0.403 pstd=0.381 gen=0.1s train=0.3s
[t=  44.2s] greedy ep 95 games=  96 dec= 17355 rows= 16658 horizon=0.24 L=0.00021 L/var=0.00 tgt=-0.081/0.397 pstd=0.381 gen=0.1s train=0.3s
[t=  44.7s] greedy ep 96 games=  96 dec= 19459 rows= 18654 horizon=0.38 L=0.00049 L/var=0.00 tgt=-0.079/0.400 pstd=0.375 gen=0.1s train=0.3s
[t=  45.2s] greedy ep 97 games=  96 dec= 18456 rows= 17723 horizon=0.32 L=0.00112 L/var=0.01 tgt=-0.065/0.409 pstd=0.378 gen=0.1s train=0.3s
[t=  45.6s] greedy ep 98 games=  96 dec= 18135 rows= 17298 horizon=0.26 L=0.00050 L/var=0.00 tgt=-0.095/0.406 pstd=0.383 gen=0.1s train=0.3s
[t=  46.0s] greedy ep 99 games=  96 dec= 17003 rows= 16265 horizon=0.22 L=0.00025 L/var=0.00 tgt=-0.071/0.409 pstd=0.382 gen=0.1s train=0.3s
[t=  46.5s] greedy ep100 games=  96 dec= 18337 rows= 17548 horizon=0.31 L=0.00021 L/var=0.00 tgt=-0.080/0.402 pstd=0.380 gen=0.1s train=0.3s
[t=  47.0s] greedy ep101 games=  96 dec= 18535 rows= 17759 horizon=0.27 L=0.00020 L/var=0.00 tgt=-0.076/0.397 pstd=0.381 gen=0.1s train=0.3s
[t=  47.4s] greedy ep102 games=  96 dec= 17540 rows= 16834 horizon=0.22 L=0.00021 L/var=0.00 tgt=-0.073/0.386 pstd=0.379 gen=0.1s train=0.3s
[t=  47.8s] greedy ep103 games=  96 dec= 18697 rows= 17779 horizon=0.32 L=0.00020 L/var=0.00 tgt=-0.057/0.390 pstd=0.381 gen=0.1s train=0.3s
[t=  48.3s] greedy ep104 games=  96 dec= 18533 rows= 17732 horizon=0.26 L=0.00020 L/var=0.00 tgt=-0.071/0.379 pstd=0.381 gen=0.1s train=0.3s
[t=  48.8s] greedy ep105 games=  96 dec= 19491 rows= 18646 horizon=0.33 L=0.00019 L/var=0.00 tgt=-0.073/0.391 pstd=0.381 gen=0.1s train=0.3s
[t=  49.2s] greedy ep106 games=  96 dec= 17399 rows= 16639 horizon=0.24 L=0.00020 L/var=0.00 tgt=-0.050/0.393 pstd=0.381 gen=0.1s train=0.3s
[t=  49.7s] greedy ep107 games=  96 dec= 18004 rows= 17319 horizon=0.29 L=0.00027 L/var=0.00 tgt=-0.079/0.401 pstd=0.382 gen=0.1s train=0.3s
[t=  50.1s] greedy ep108 games=  96 dec= 18595 rows= 17869 horizon=0.31 L=0.00028 L/var=0.00 tgt=-0.079/0.404 pstd=0.379 gen=0.1s train=0.3s
[t=  50.6s] greedy ep109 games=  96 dec= 18496 rows= 17674 horizon=0.29 L=0.00032 L/var=0.00 tgt=-0.086/0.431 pstd=0.382 gen=0.1s train=0.3s
[t=  51.0s] greedy ep110 games=  96 dec= 17955 rows= 17202 horizon=0.24 L=0.00026 L/var=0.00 tgt=-0.062/0.401 pstd=0.380 gen=0.1s train=0.3s
[t=  51.5s] greedy ep111 games=  96 dec= 17662 rows= 16866 horizon=0.24 L=0.00037 L/var=0.00 tgt=-0.042/0.388 pstd=0.382 gen=0.1s train=0.3s
[t=  51.9s] greedy ep112 games=  96 dec= 18746 rows= 18034 horizon=0.32 L=0.00023 L/var=0.00 tgt=-0.066/0.378 pstd=0.382 gen=0.1s train=0.3s
[t=  52.4s] greedy ep113 games=  96 dec= 18543 rows= 17649 horizon=0.29 L=0.00018 L/var=0.00 tgt=-0.077/0.390 pstd=0.381 gen=0.1s train=0.3s
[t=  52.9s] greedy ep114 games=  96 dec= 18420 rows= 17675 horizon=0.29 L=0.00026 L/var=0.00 tgt=-0.055/0.387 pstd=0.381 gen=0.1s train=0.3s
[t=  53.3s] greedy ep115 games=  96 dec= 18769 rows= 18058 horizon=0.32 L=0.00037 L/var=0.00 tgt=-0.087/0.403 pstd=0.383 gen=0.1s train=0.3s
[t=  53.8s] greedy ep116 games=  96 dec= 18396 rows= 17662 horizon=0.28 L=0.00027 L/var=0.00 tgt=-0.083/0.399 pstd=0.381 gen=0.1s train=0.3s
[t=  54.3s] greedy ep117 games=  96 dec= 19008 rows= 18322 horizon=0.35 L=0.00018 L/var=0.00 tgt=-0.057/0.406 pstd=0.382 gen=0.1s train=0.3s
[t=  54.7s] greedy ep118 games=  96 dec= 18733 rows= 18037 horizon=0.32 L=0.00024 L/var=0.00 tgt=-0.059/0.397 pstd=0.382 gen=0.1s train=0.3s
[t=  55.2s] greedy ep119 games=  96 dec= 18776 rows= 17978 horizon=0.27 L=0.00019 L/var=0.00 tgt=-0.086/0.420 pstd=0.382 gen=0.1s train=0.3s
[t=  55.6s] greedy ep120 games=  96 dec= 18097 rows= 17364 horizon=0.32 L=0.00018 L/var=0.00 tgt=-0.085/0.417 pstd=0.382 gen=0.1s train=0.3s
[t=  56.1s] greedy ep121 games=  96 dec= 19453 rows= 18695 horizon=0.38 L=0.00068 L/var=0.00 tgt=-0.088/0.383 pstd=0.382 gen=0.1s train=0.3s
[t=  56.6s] greedy ep122 games=  96 dec= 19091 rows= 18232 horizon=0.29 L=0.00031 L/var=0.00 tgt=-0.082/0.406 pstd=0.381 gen=0.1s train=0.3s
[t=  57.0s] greedy ep123 games=  96 dec= 17993 rows= 17225 horizon=0.24 L=0.00019 L/var=0.00 tgt=-0.077/0.403 pstd=0.382 gen=0.1s train=0.3s
[t=  57.5s] greedy ep124 games=  96 dec= 18439 rows= 17581 horizon=0.29 L=0.00017 L/var=0.00 tgt=-0.073/0.383 pstd=0.380 gen=0.1s train=0.3s
[t=  57.9s] greedy ep125 games=  96 dec= 17767 rows= 16990 horizon=0.25 L=0.00017 L/var=0.00 tgt=-0.068/0.398 pstd=0.382 gen=0.1s train=0.3s
[t=  58.4s] greedy ep126 games=  96 dec= 18312 rows= 17561 horizon=0.29 L=0.00023 L/var=0.00 tgt=-0.059/0.405 pstd=0.382 gen=0.1s train=0.3s
[t=  58.9s] greedy ep127 games=  96 dec= 19396 rows= 18558 horizon=0.36 L=0.00024 L/var=0.00 tgt=-0.069/0.380 pstd=0.381 gen=0.1s train=0.3s
[t=  59.3s] greedy ep128 games=  96 dec= 17803 rows= 17097 horizon=0.24 L=0.00019 L/var=0.00 tgt=-0.066/0.412 pstd=0.381 gen=0.1s train=0.3s
[t=  59.8s] greedy ep129 games=  96 dec= 18400 rows= 17663 horizon=0.28 L=0.00018 L/var=0.00 tgt=-0.054/0.402 pstd=0.381 gen=0.1s train=0.3s
[t=  60.3s] greedy ep130 games=  96 dec= 19176 rows= 18334 horizon=0.35 L=0.00036 L/var=0.00 tgt=-0.065/0.375 pstd=0.381 gen=0.1s train=0.3s
[t=  60.7s] greedy ep131 games=  96 dec= 17431 rows= 16678 horizon=0.20 L=0.00018 L/var=0.00 tgt=-0.079/0.403 pstd=0.382 gen=0.1s train=0.3s
[t=  61.2s] greedy ep132 games=  96 dec= 19064 rows= 18296 horizon=0.39 L=0.00017 L/var=0.00 tgt=-0.064/0.419 pstd=0.382 gen=0.1s train=0.3s
[t=  61.7s] greedy ep133 games=  96 dec= 19351 rows= 18576 horizon=0.31 L=0.00027 L/var=0.00 tgt=-0.057/0.398 pstd=0.380 gen=0.1s train=0.3s
[t=  62.1s] greedy ep134 games=  96 dec= 17912 rows= 17116 horizon=0.26 L=0.00029 L/var=0.00 tgt=-0.094/0.394 pstd=0.381 gen=0.1s train=0.3s
[t=  62.6s] greedy ep135 games=  96 dec= 18772 rows= 17922 horizon=0.29 L=0.00020 L/var=0.00 tgt=-0.090/0.401 pstd=0.381 gen=0.1s train=0.3s
[t=  63.1s] greedy ep136 games=  96 dec= 18410 rows= 17634 horizon=0.32 L=0.00015 L/var=0.00 tgt=-0.079/0.419 pstd=0.382 gen=0.1s train=0.3s
[t=  63.6s] greedy ep137 games=  96 dec= 18832 rows= 18011 horizon=0.31 L=0.00027 L/var=0.00 tgt=-0.067/0.379 pstd=0.381 gen=0.1s train=0.3s
[t=  64.1s] greedy ep138 games=  96 dec= 18898 rows= 18109 horizon=0.31 L=0.00029 L/var=0.00 tgt=-0.052/0.396 pstd=0.381 gen=0.1s train=0.3s
[t=  64.5s] greedy ep139 games=  96 dec= 18358 rows= 17582 horizon=0.30 L=0.00016 L/var=0.00 tgt=-0.080/0.407 pstd=0.381 gen=0.1s train=0.3s
[t=  65.0s] greedy ep140 games=  96 dec= 19532 rows= 18779 horizon=0.38 L=0.00023 L/var=0.00 tgt=-0.079/0.406 pstd=0.382 gen=0.1s train=0.3s
[t=  65.5s] greedy ep141 games=  96 dec= 18844 rows= 18154 horizon=0.34 L=0.00015 L/var=0.00 tgt=-0.070/0.416 pstd=0.382 gen=0.1s train=0.3s
[t=  65.9s] greedy ep142 games=  96 dec= 18527 rows= 17644 horizon=0.26 L=0.00016 L/var=0.00 tgt=-0.094/0.436 pstd=0.382 gen=0.1s train=0.3s
[t=  66.4s] greedy ep143 games=  96 dec= 19320 rows= 18547 horizon=0.35 L=0.00091 L/var=0.01 tgt=-0.089/0.421 pstd=0.384 gen=0.1s train=0.3s
[t=  66.9s] greedy ep144 games=  96 dec= 18646 rows= 17942 horizon=0.30 L=0.00035 L/var=0.00 tgt=-0.071/0.399 pstd=0.382 gen=0.1s train=0.3s
[t=  67.4s] greedy ep145 games=  96 dec= 17943 rows= 17229 horizon=0.28 L=0.00018 L/var=0.00 tgt=-0.073/0.395 pstd=0.381 gen=0.1s train=0.3s
[t=  67.8s] greedy ep146 games=  96 dec= 17572 rows= 16814 horizon=0.25 L=0.00015 L/var=0.00 tgt=-0.060/0.377 pstd=0.381 gen=0.1s train=0.3s
[t=  68.2s] greedy ep147 games=  96 dec= 18024 rows= 17264 horizon=0.25 L=0.00014 L/var=0.00 tgt=-0.055/0.387 pstd=0.382 gen=0.1s train=0.3s
[t=  68.7s] greedy ep148 games=  96 dec= 18422 rows= 17590 horizon=0.24 L=0.00014 L/var=0.00 tgt=-0.062/0.407 pstd=0.382 gen=0.1s train=0.3s
[t=  69.2s] greedy ep149 games=  96 dec= 18872 rows= 18024 horizon=0.30 L=0.00014 L/var=0.00 tgt=-0.058/0.381 pstd=0.383 gen=0.1s train=0.3s
[t=  69.6s] greedy ep150 games=  96 dec= 18337 rows= 17631 horizon=0.34 L=0.00016 L/var=0.00 tgt=-0.075/0.392 pstd=0.381 gen=0.1s train=0.3s
[t=  70.1s] greedy ep151 games=  96 dec= 18236 rows= 17468 horizon=0.25 L=0.00020 L/var=0.00 tgt=-0.081/0.410 pstd=0.381 gen=0.1s train=0.3s
[t=  70.6s] greedy ep152 games=  96 dec= 18954 rows= 18122 horizon=0.28 L=0.00015 L/var=0.00 tgt=-0.078/0.400 pstd=0.383 gen=0.1s train=0.3s
[t=  71.1s] greedy ep153 games=  96 dec= 20202 rows= 19271 horizon=0.38 L=0.00019 L/var=0.00 tgt=-0.098/0.424 pstd=0.381 gen=0.1s train=0.3s
[t=  71.6s] greedy ep154 games=  96 dec= 19346 rows= 18472 horizon=0.33 L=0.00034 L/var=0.00 tgt=-0.101/0.421 pstd=0.382 gen=0.1s train=0.3s
[t=  72.0s] greedy ep155 games=  96 dec= 18555 rows= 17817 horizon=0.35 L=0.00016 L/var=0.00 tgt=-0.078/0.405 pstd=0.382 gen=0.1s train=0.3s
[t=  72.5s] greedy ep156 games=  96 dec= 17222 rows= 16526 horizon=0.18 L=0.00013 L/var=0.00 tgt=-0.070/0.383 pstd=0.381 gen=0.1s train=0.3s
[t=  72.9s] greedy ep157 games=  96 dec= 17577 rows= 16821 horizon=0.24 L=0.00014 L/var=0.00 tgt=-0.063/0.401 pstd=0.382 gen=0.1s train=0.3s
[t=  73.4s] greedy ep158 games=  96 dec= 18677 rows= 17901 horizon=0.25 L=0.00026 L/var=0.00 tgt=-0.080/0.421 pstd=0.382 gen=0.1s train=0.3s
[t=  73.9s] greedy ep159 games=  96 dec= 18986 rows= 18131 horizon=0.34 L=0.00014 L/var=0.00 tgt=-0.072/0.409 pstd=0.382 gen=0.1s train=0.3s
[t=  74.4s] greedy ep160 games=  96 dec= 18427 rows= 17657 horizon=0.30 L=0.00016 L/var=0.00 tgt=-0.069/0.374 pstd=0.382 gen=0.1s train=0.3s
[t=  74.8s] greedy ep161 games=  96 dec= 18240 rows= 17498 horizon=0.30 L=0.00037 L/var=0.00 tgt=-0.094/0.411 pstd=0.380 gen=0.1s train=0.3s
[t=  75.3s] greedy ep162 games=  96 dec= 17391 rows= 16701 horizon=0.29 L=0.00022 L/var=0.00 tgt=-0.112/0.422 pstd=0.380 gen=0.1s train=0.3s
[t=  75.8s] greedy ep163 games=  96 dec= 18045 rows= 17304 horizon=0.28 L=0.00018 L/var=0.00 tgt=-0.083/0.393 pstd=0.380 gen=0.1s train=0.3s
[t=  76.3s] greedy ep164 games=  96 dec= 19916 rows= 19069 horizon=0.33 L=0.00017 L/var=0.00 tgt=-0.092/0.411 pstd=0.382 gen=0.1s train=0.3s
[t=  76.7s] greedy ep165 games=  96 dec= 17697 rows= 16962 horizon=0.26 L=0.00013 L/var=0.00 tgt=-0.082/0.402 pstd=0.381 gen=0.1s train=0.3s
[t=  77.2s] greedy ep166 games=  96 dec= 18255 rows= 17434 horizon=0.29 L=0.00016 L/var=0.00 tgt=-0.086/0.416 pstd=0.382 gen=0.1s train=0.3s
[t=  77.7s] greedy ep167 games=  96 dec= 19121 rows= 18261 horizon=0.32 L=0.00015 L/var=0.00 tgt=-0.093/0.426 pstd=0.380 gen=0.1s train=0.3s
[t=  78.1s] greedy ep168 games=  96 dec= 17377 rows= 16609 horizon=0.22 L=0.00054 L/var=0.00 tgt=-0.078/0.397 pstd=0.381 gen=0.1s train=0.3s
[t=  78.6s] greedy ep169 games=  96 dec= 18449 rows= 17689 horizon=0.29 L=0.00018 L/var=0.00 tgt=-0.041/0.396 pstd=0.381 gen=0.1s train=0.3s
[t=  79.1s] greedy ep170 games=  96 dec= 17996 rows= 17272 horizon=0.24 L=0.00012 L/var=0.00 tgt=-0.067/0.382 pstd=0.382 gen=0.1s train=0.3s
[t=  79.6s] greedy ep171 games=  96 dec= 18705 rows= 17883 horizon=0.26 L=0.00014 L/var=0.00 tgt=-0.075/0.398 pstd=0.383 gen=0.1s train=0.3s
[t=  80.0s] greedy ep172 games=  96 dec= 18654 rows= 17876 horizon=0.31 L=0.00013 L/var=0.00 tgt=-0.101/0.390 pstd=0.381 gen=0.1s train=0.3s
[t=  80.5s] greedy ep173 games=  96 dec= 19075 rows= 18211 horizon=0.32 L=0.00018 L/var=0.00 tgt=-0.067/0.386 pstd=0.382 gen=0.1s train=0.3s
[t=  81.0s] greedy ep174 games=  96 dec= 18757 rows= 18029 horizon=0.34 L=0.00018 L/var=0.00 tgt=-0.081/0.397 pstd=0.382 gen=0.1s train=0.3s
[t=  81.5s] greedy ep175 games=  96 dec= 19244 rows= 18415 horizon=0.36 L=0.00012 L/var=0.00 tgt=-0.054/0.385 pstd=0.380 gen=0.1s train=0.3s
[t=  81.9s] greedy ep176 games=  96 dec= 18350 rows= 17569 horizon=0.22 L=0.00079 L/var=0.00 tgt=-0.092/0.411 pstd=0.377 gen=0.1s train=0.3s
[t=  82.4s] greedy ep177 games=  96 dec= 19158 rows= 18337 horizon=0.33 L=0.00041 L/var=0.00 tgt=-0.065/0.388 pstd=0.380 gen=0.1s train=0.3s
[t=  82.9s] greedy ep178 games=  96 dec= 18604 rows= 17793 horizon=0.29 L=0.00023 L/var=0.00 tgt=-0.069/0.397 pstd=0.381 gen=0.1s train=0.3s
[t=  83.3s] greedy ep179 games=  96 dec= 18614 rows= 17875 horizon=0.34 L=0.00014 L/var=0.00 tgt=-0.065/0.408 pstd=0.382 gen=0.1s train=0.3s
[t=  83.8s] greedy ep180 games=  96 dec= 18561 rows= 17799 horizon=0.34 L=0.00012 L/var=0.00 tgt=-0.058/0.384 pstd=0.382 gen=0.1s train=0.3s
[t=  84.3s] greedy ep181 games=  96 dec= 18633 rows= 17776 horizon=0.32 L=0.00011 L/var=0.00 tgt=-0.072/0.380 pstd=0.382 gen=0.1s train=0.3s
[t=  84.7s] greedy ep182 games=  96 dec= 18232 rows= 17478 horizon=0.27 L=0.00012 L/var=0.00 tgt=-0.072/0.400 pstd=0.382 gen=0.1s train=0.3s
[t=  85.2s] greedy ep183 games=  96 dec= 18016 rows= 17250 horizon=0.23 L=0.00012 L/var=0.00 tgt=-0.070/0.393 pstd=0.383 gen=0.1s train=0.3s
[t=  85.7s] greedy ep184 games=  96 dec= 18287 rows= 17552 horizon=0.30 L=0.00011 L/var=0.00 tgt=-0.081/0.426 pstd=0.382 gen=0.1s train=0.3s
[t=  86.1s] greedy ep185 games=  96 dec= 18405 rows= 17652 horizon=0.28 L=0.00012 L/var=0.00 tgt=-0.101/0.403 pstd=0.381 gen=0.1s train=0.3s
[t=  86.6s] greedy ep186 games=  96 dec= 18435 rows= 17686 horizon=0.28 L=0.00019 L/var=0.00 tgt=-0.066/0.395 pstd=0.381 gen=0.1s train=0.3s
[t=  87.1s] greedy ep187 games=  96 dec= 18544 rows= 17648 horizon=0.27 L=0.00022 L/var=0.00 tgt=-0.072/0.407 pstd=0.381 gen=0.1s train=0.3s
[t=  87.5s] greedy ep188 games=  96 dec= 17843 rows= 17102 horizon=0.30 L=0.00012 L/var=0.00 tgt=-0.106/0.430 pstd=0.381 gen=0.1s train=0.3s
[t=  88.0s] greedy ep189 games=  96 dec= 18868 rows= 17978 horizon=0.36 L=0.00012 L/var=0.00 tgt=-0.070/0.396 pstd=0.381 gen=0.1s train=0.3s
[t=  88.5s] greedy ep190 games=  96 dec= 17720 rows= 16865 horizon=0.20 L=0.00014 L/var=0.00 tgt=-0.071/0.390 pstd=0.379 gen=0.1s train=0.3s
[t=  88.9s] greedy ep191 games=  96 dec= 18930 rows= 18158 horizon=0.30 L=0.00025 L/var=0.00 tgt=-0.075/0.413 pstd=0.382 gen=0.1s train=0.3s
[t=  89.4s] greedy ep192 games=  96 dec= 18413 rows= 17628 horizon=0.27 L=0.00013 L/var=0.00 tgt=-0.070/0.415 pstd=0.382 gen=0.1s train=0.3s
[t=  89.9s] greedy ep193 games=  96 dec= 18038 rows= 17231 horizon=0.27 L=0.00024 L/var=0.00 tgt=-0.064/0.385 pstd=0.380 gen=0.1s train=0.3s
[t=  90.3s] greedy ep194 games=  96 dec= 18584 rows= 17781 horizon=0.29 L=0.00015 L/var=0.00 tgt=-0.066/0.392 pstd=0.382 gen=0.1s train=0.3s
[t=  90.9s] greedy ep195 games=  96 dec= 18297 rows= 17580 horizon=0.26 L=0.00016 L/var=0.00 tgt=-0.063/0.397 pstd=0.381 gen=0.1s train=0.3s
[t=  91.3s] greedy ep196 games=  96 dec= 17912 rows= 17202 horizon=0.28 L=0.00014 L/var=0.00 tgt=-0.087/0.408 pstd=0.381 gen=0.1s train=0.3s
[t=  91.8s] greedy ep197 games=  96 dec= 18818 rows= 17940 horizon=0.31 L=0.00013 L/var=0.00 tgt=-0.094/0.423 pstd=0.381 gen=0.1s train=0.3s
[t=  92.3s] greedy ep198 games=  96 dec= 17931 rows= 17132 horizon=0.23 L=0.00025 L/var=0.00 tgt=-0.100/0.412 pstd=0.381 gen=0.1s train=0.3s
[t=  92.7s] greedy ep199 games=  96 dec= 17386 rows= 16661 horizon=0.21 L=0.00016 L/var=0.00 tgt=-0.085/0.423 pstd=0.381 gen=0.1s train=0.3s
[t=  93.2s] greedy ep200 games=  96 dec= 18714 rows= 17888 horizon=0.28 L=0.00013 L/var=0.00 tgt=-0.074/0.405 pstd=0.382 gen=0.1s train=0.3s
[t=  93.7s] greedy ep201 games=  96 dec= 18553 rows= 17699 horizon=0.27 L=0.00023 L/var=0.00 tgt=-0.088/0.422 pstd=0.382 gen=0.1s train=0.3s
[t=  94.2s] greedy ep202 games=  96 dec= 19004 rows= 18218 horizon=0.35 L=0.00014 L/var=0.00 tgt=-0.073/0.410 pstd=0.381 gen=0.1s train=0.3s
[t=  94.6s] greedy ep203 games=  96 dec= 18241 rows= 17474 horizon=0.26 L=0.00011 L/var=0.00 tgt=-0.068/0.408 pstd=0.381 gen=0.1s train=0.3s
[t=  95.1s] greedy ep204 games=  96 dec= 17978 rows= 17183 horizon=0.19 L=0.00019 L/var=0.00 tgt=-0.085/0.399 pstd=0.382 gen=0.1s train=0.3s
[t=  95.5s] greedy ep205 games=  96 dec= 17919 rows= 17181 horizon=0.27 L=0.00013 L/var=0.00 tgt=-0.049/0.371 pstd=0.383 gen=0.1s train=0.3s
[t=  96.0s] greedy ep206 games=  96 dec= 18554 rows= 17765 horizon=0.27 L=0.00019 L/var=0.00 tgt=-0.071/0.399 pstd=0.382 gen=0.1s train=0.3s
[t=  96.5s] greedy ep207 games=  96 dec= 18739 rows= 18037 horizon=0.31 L=0.00013 L/var=0.00 tgt=-0.067/0.398 pstd=0.382 gen=0.1s train=0.3s
[t=  97.0s] greedy ep208 games=  96 dec= 18316 rows= 17599 horizon=0.30 L=0.00015 L/var=0.00 tgt=-0.069/0.405 pstd=0.381 gen=0.1s train=0.3s
[t=  97.5s] greedy ep209 games=  96 dec= 18651 rows= 17853 horizon=0.29 L=0.00018 L/var=0.00 tgt=-0.074/0.395 pstd=0.381 gen=0.1s train=0.3s
[t=  97.9s] greedy ep210 games=  96 dec= 17823 rows= 17049 horizon=0.24 L=0.00017 L/var=0.00 tgt=-0.090/0.405 pstd=0.380 gen=0.1s train=0.3s
[t=  98.4s] greedy ep211 games=  96 dec= 18545 rows= 17772 horizon=0.27 L=0.00014 L/var=0.00 tgt=-0.059/0.404 pstd=0.382 gen=0.1s train=0.3s
[t=  98.9s] greedy ep212 games=  96 dec= 18787 rows= 17967 horizon=0.30 L=0.00010 L/var=0.00 tgt=-0.084/0.406 pstd=0.382 gen=0.1s train=0.3s
[t=  99.4s] greedy ep213 games=  96 dec= 18416 rows= 17640 horizon=0.30 L=0.00017 L/var=0.00 tgt=-0.065/0.392 pstd=0.382 gen=0.1s train=0.3s
[t=  99.8s] greedy ep214 games=  96 dec= 17751 rows= 16955 horizon=0.24 L=0.00063 L/var=0.00 tgt=-0.058/0.378 pstd=0.382 gen=0.1s train=0.3s
[t= 100.3s] greedy ep215 games=  96 dec= 19093 rows= 18275 horizon=0.30 L=0.00017 L/var=0.00 tgt=-0.066/0.381 pstd=0.381 gen=0.1s train=0.3s
[t= 100.8s] greedy ep216 games=  96 dec= 18166 rows= 17428 horizon=0.27 L=0.00013 L/var=0.00 tgt=-0.079/0.401 pstd=0.380 gen=0.1s train=0.3s
[t= 101.3s] greedy ep217 games=  96 dec= 19366 rows= 18543 horizon=0.36 L=0.00010 L/var=0.00 tgt=-0.089/0.401 pstd=0.383 gen=0.1s train=0.3s
[t= 101.7s] greedy ep218 games=  96 dec= 17265 rows= 16533 horizon=0.22 L=0.00009 L/var=0.00 tgt=-0.074/0.391 pstd=0.382 gen=0.1s train=0.3s
[t= 102.2s] greedy ep219 games=  96 dec= 17367 rows= 16637 horizon=0.24 L=0.00010 L/var=0.00 tgt=-0.071/0.410 pstd=0.382 gen=0.1s train=0.3s
[t= 102.6s] greedy ep220 games=  96 dec= 17801 rows= 17048 horizon=0.24 L=0.00010 L/var=0.00 tgt=-0.072/0.380 pstd=0.381 gen=0.1s train=0.3s
[t= 103.1s] greedy ep221 games=  96 dec= 19295 rows= 18396 horizon=0.31 L=0.00016 L/var=0.00 tgt=-0.095/0.410 pstd=0.381 gen=0.1s train=0.3s
[t= 103.6s] greedy ep222 games=  96 dec= 18530 rows= 17737 horizon=0.34 L=0.00013 L/var=0.00 tgt=-0.075/0.415 pstd=0.380 gen=0.1s train=0.3s
[t= 104.1s] greedy ep223 games=  96 dec= 17585 rows= 16827 horizon=0.26 L=0.00011 L/var=0.00 tgt=-0.079/0.387 pstd=0.382 gen=0.1s train=0.3s
[t= 104.5s] greedy ep224 games=  96 dec= 19223 rows= 18402 horizon=0.36 L=0.00009 L/var=0.00 tgt=-0.071/0.398 pstd=0.382 gen=0.1s train=0.3s
[t= 105.0s] greedy ep225 games=  96 dec= 18035 rows= 17276 horizon=0.29 L=0.00060 L/var=0.00 tgt=-0.065/0.399 pstd=0.380 gen=0.1s train=0.3s
[t= 105.4s] greedy ep226 games=  96 dec= 17282 rows= 16539 horizon=0.22 L=0.00023 L/var=0.00 tgt=-0.074/0.410 pstd=0.381 gen=0.1s train=0.3s
[t= 105.9s] greedy ep227 games=  96 dec= 19375 rows= 18605 horizon=0.42 L=0.00015 L/var=0.00 tgt=-0.080/0.412 pstd=0.382 gen=0.1s train=0.3s
[t= 106.4s] greedy ep228 games=  96 dec= 17538 rows= 16815 horizon=0.27 L=0.00010 L/var=0.00 tgt=-0.078/0.410 pstd=0.382 gen=0.1s train=0.3s
[t= 106.8s] greedy ep229 games=  96 dec= 18529 rows= 17749 horizon=0.31 L=0.00009 L/var=0.00 tgt=-0.076/0.394 pstd=0.381 gen=0.1s train=0.3s
[t= 107.3s] greedy ep230 games=  96 dec= 18206 rows= 17427 horizon=0.26 L=0.00010 L/var=0.00 tgt=-0.065/0.390 pstd=0.381 gen=0.1s train=0.3s
[t= 107.7s] greedy ep231 games=  96 dec= 18385 rows= 17562 horizon=0.28 L=0.00009 L/var=0.00 tgt=-0.062/0.381 pstd=0.382 gen=0.1s train=0.3s
[t= 108.2s] greedy ep232 games=  96 dec= 18846 rows= 18095 horizon=0.35 L=0.00009 L/var=0.00 tgt=-0.083/0.403 pstd=0.381 gen=0.1s train=0.3s
[t= 108.7s] greedy ep233 games=  96 dec= 18727 rows= 17935 horizon=0.33 L=0.00010 L/var=0.00 tgt=-0.068/0.402 pstd=0.382 gen=0.1s train=0.3s
[t= 109.1s] greedy ep234 games=  96 dec= 18611 rows= 17832 horizon=0.31 L=0.00029 L/var=0.00 tgt=-0.075/0.414 pstd=0.380 gen=0.1s train=0.3s
[t= 109.6s] greedy ep235 games=  96 dec= 18885 rows= 18014 horizon=0.27 L=0.00029 L/var=0.00 tgt=-0.103/0.432 pstd=0.380 gen=0.1s train=0.3s
[t= 110.1s] greedy ep236 games=  96 dec= 18459 rows= 17683 horizon=0.32 L=0.00013 L/var=0.00 tgt=-0.060/0.396 pstd=0.382 gen=0.1s train=0.3s
[t= 110.5s] greedy ep237 games=  96 dec= 18868 rows= 18010 horizon=0.26 L=0.00009 L/var=0.00 tgt=-0.068/0.377 pstd=0.380 gen=0.1s train=0.3s
[t= 111.0s] greedy ep238 games=  96 dec= 17403 rows= 16672 horizon=0.24 L=0.00009 L/var=0.00 tgt=-0.059/0.403 pstd=0.382 gen=0.1s train=0.3s
[t= 111.4s] greedy ep239 games=  96 dec= 19643 rows= 18762 horizon=0.40 L=0.00009 L/var=0.00 tgt=-0.074/0.409 pstd=0.382 gen=0.1s train=0.3s
[t= 111.9s] greedy ep240 games=  96 dec= 19331 rows= 18494 horizon=0.34 L=0.00008 L/var=0.00 tgt=-0.061/0.381 pstd=0.381 gen=0.1s train=0.3s
[t= 112.4s] greedy ep241 games=  96 dec= 18994 rows= 18185 horizon=0.32 L=0.00008 L/var=0.00 tgt=-0.052/0.384 pstd=0.382 gen=0.1s train=0.3s
[t= 112.9s] greedy ep242 games=  96 dec= 18159 rows= 17366 horizon=0.25 L=0.00043 L/var=0.00 tgt=-0.057/0.414 pstd=0.380 gen=0.1s train=0.3s
[t= 113.3s] greedy ep243 games=  96 dec= 18908 rows= 18145 horizon=0.31 L=0.00054 L/var=0.00 tgt=-0.062/0.399 pstd=0.381 gen=0.1s train=0.3s
[t= 113.8s] greedy ep244 games=  96 dec= 17808 rows= 17014 horizon=0.24 L=0.00033 L/var=0.00 tgt=-0.086/0.388 pstd=0.377 gen=0.1s train=0.3s
[t= 114.3s] greedy ep245 games=  96 dec= 18324 rows= 17562 horizon=0.25 L=0.00014 L/var=0.00 tgt=-0.073/0.413 pstd=0.382 gen=0.1s train=0.3s
[t= 114.8s] greedy ep246 games=  96 dec= 19040 rows= 18313 horizon=0.35 L=0.00009 L/var=0.00 tgt=-0.065/0.388 pstd=0.381 gen=0.1s train=0.3s
[t= 115.2s] greedy ep247 games=  96 dec= 18374 rows= 17563 horizon=0.25 L=0.00008 L/var=0.00 tgt=-0.049/0.392 pstd=0.380 gen=0.1s train=0.3s
[t= 115.7s] greedy ep248 games=  96 dec= 18573 rows= 17761 horizon=0.30 L=0.00009 L/var=0.00 tgt=-0.058/0.395 pstd=0.382 gen=0.1s train=0.3s
[t= 116.2s] greedy ep249 games=  96 dec= 18699 rows= 17894 horizon=0.28 L=0.00008 L/var=0.00 tgt=-0.065/0.388 pstd=0.381 gen=0.1s train=0.3s
[t= 116.6s] greedy ep250 games=  96 dec= 18415 rows= 17606 horizon=0.27 L=0.00008 L/var=0.00 tgt=-0.068/0.402 pstd=0.382 gen=0.1s train=0.3s
[t= 117.1s] greedy ep251 games=  96 dec= 19373 rows= 18670 horizon=0.38 L=0.00009 L/var=0.00 tgt=-0.062/0.387 pstd=0.381 gen=0.1s train=0.3s
[t= 117.6s] greedy ep252 games=  96 dec= 17914 rows= 17110 horizon=0.22 L=0.00009 L/var=0.00 tgt=-0.067/0.408 pstd=0.382 gen=0.1s train=0.3s
[t= 118.1s] greedy ep253 games=  96 dec= 18220 rows= 17340 horizon=0.25 L=0.00009 L/var=0.00 tgt=-0.089/0.391 pstd=0.381 gen=0.1s train=0.3s
[t= 118.5s] greedy ep254 games=  96 dec= 19576 rows= 18686 horizon=0.32 L=0.00008 L/var=0.00 tgt=-0.077/0.389 pstd=0.382 gen=0.1s train=0.3s
[t= 119.0s] greedy ep255 games=  96 dec= 17818 rows= 17089 horizon=0.26 L=0.00011 L/var=0.00 tgt=-0.059/0.398 pstd=0.379 gen=0.1s train=0.3s
[t= 119.5s] greedy ep256 games=  96 dec= 18136 rows= 17440 horizon=0.30 L=0.00009 L/var=0.00 tgt=-0.076/0.371 pstd=0.382 gen=0.1s train=0.3s
[t= 119.9s] greedy ep257 games=  96 dec= 18306 rows= 17425 horizon=0.20 L=0.00016 L/var=0.00 tgt=-0.073/0.396 pstd=0.379 gen=0.1s train=0.3s
[t= 120.4s] greedy ep258 games=  96 dec= 18207 rows= 17444 horizon=0.26 L=0.00012 L/var=0.00 tgt=-0.040/0.412 pstd=0.382 gen=0.1s train=0.3s
[t= 120.8s] greedy ep259 games=  96 dec= 17520 rows= 16779 horizon=0.20 L=0.00022 L/var=0.00 tgt=-0.099/0.416 pstd=0.382 gen=0.1s train=0.3s
[t= 121.3s] greedy ep260 games=  96 dec= 19144 rows= 18324 horizon=0.36 L=0.00012 L/var=0.00 tgt=-0.080/0.385 pstd=0.382 gen=0.1s train=0.3s
[t= 121.8s] greedy ep261 games=  96 dec= 18754 rows= 17914 horizon=0.30 L=0.00011 L/var=0.00 tgt=-0.104/0.423 pstd=0.380 gen=0.1s train=0.3s
[t= 122.3s] greedy ep262 games=  96 dec= 19196 rows= 18436 horizon=0.30 L=0.00008 L/var=0.00 tgt=-0.081/0.412 pstd=0.382 gen=0.1s train=0.3s
[t= 122.7s] greedy ep263 games=  96 dec= 18855 rows= 18088 horizon=0.30 L=0.00017 L/var=0.00 tgt=-0.075/0.405 pstd=0.382 gen=0.1s train=0.3s
[t= 123.2s] greedy ep264 games=  96 dec= 17756 rows= 16943 horizon=0.24 L=0.00011 L/var=0.00 tgt=-0.085/0.397 pstd=0.381 gen=0.1s train=0.3s
[t= 123.7s] greedy ep265 games=  96 dec= 18134 rows= 17359 horizon=0.26 L=0.00012 L/var=0.00 tgt=-0.087/0.407 pstd=0.382 gen=0.1s train=0.3s
[t= 124.2s] greedy ep266 games=  96 dec= 19312 rows= 18464 horizon=0.32 L=0.00009 L/var=0.00 tgt=-0.085/0.404 pstd=0.381 gen=0.1s train=0.3s
[t= 124.6s] greedy ep267 games=  96 dec= 17702 rows= 16926 horizon=0.23 L=0.00011 L/var=0.00 tgt=-0.069/0.394 pstd=0.381 gen=0.1s train=0.3s
[t= 125.1s] greedy ep268 games=  96 dec= 17823 rows= 17079 horizon=0.20 L=0.00014 L/var=0.00 tgt=-0.088/0.382 pstd=0.381 gen=0.1s train=0.3s
[t= 125.6s] greedy ep269 games=  96 dec= 17765 rows= 16946 horizon=0.17 L=0.00015 L/var=0.00 tgt=-0.064/0.400 pstd=0.383 gen=0.1s train=0.3s
[t= 126.0s] greedy ep270 games=  96 dec= 17984 rows= 17277 horizon=0.31 L=0.00016 L/var=0.00 tgt=-0.109/0.395 pstd=0.381 gen=0.1s train=0.3s
[t= 126.5s] greedy ep271 games=  96 dec= 18356 rows= 17594 horizon=0.30 L=0.00013 L/var=0.00 tgt=-0.072/0.418 pstd=0.381 gen=0.1s train=0.3s
[t= 127.0s] greedy ep272 games=  96 dec= 19589 rows= 18705 horizon=0.42 L=0.00012 L/var=0.00 tgt=-0.119/0.412 pstd=0.381 gen=0.1s train=0.3s
[t= 127.6s] greedy ep273 games=  96 dec= 18244 rows= 17419 horizon=0.28 L=0.00009 L/var=0.00 tgt=-0.087/0.399 pstd=0.382 gen=0.1s train=0.3s
[t= 128.0s] greedy ep274 games=  96 dec= 18251 rows= 17393 horizon=0.22 L=0.00013 L/var=0.00 tgt=-0.072/0.399 pstd=0.381 gen=0.1s train=0.3s
[t= 128.5s] greedy ep275 games=  96 dec= 17718 rows= 16945 horizon=0.24 L=0.00010 L/var=0.00 tgt=-0.070/0.384 pstd=0.382 gen=0.1s train=0.3s
[t= 129.0s] greedy ep276 games=  96 dec= 19237 rows= 18439 horizon=0.35 L=0.00015 L/var=0.00 tgt=-0.108/0.415 pstd=0.381 gen=0.1s train=0.3s
[t= 129.5s] greedy ep277 games=  96 dec= 19010 rows= 18224 horizon=0.33 L=0.00011 L/var=0.00 tgt=-0.073/0.387 pstd=0.382 gen=0.1s train=0.3s
[t= 130.0s] greedy ep278 games=  96 dec= 18989 rows= 18113 horizon=0.33 L=0.00011 L/var=0.00 tgt=-0.070/0.400 pstd=0.381 gen=0.1s train=0.3s
[t= 130.5s] greedy ep279 games=  96 dec= 18363 rows= 17625 horizon=0.32 L=0.00034 L/var=0.00 tgt=-0.077/0.415 pstd=0.381 gen=0.1s train=0.3s
[t= 130.9s] greedy ep280 games=  96 dec= 18334 rows= 17510 horizon=0.23 L=0.00010 L/var=0.00 tgt=-0.057/0.403 pstd=0.380 gen=0.1s train=0.3s
[t= 131.4s] greedy ep281 games=  96 dec= 18563 rows= 17800 horizon=0.29 L=0.00009 L/var=0.00 tgt=-0.088/0.411 pstd=0.383 gen=0.1s train=0.3s
[t= 131.9s] greedy ep282 games=  96 dec= 18805 rows= 17959 horizon=0.27 L=0.00007 L/var=0.00 tgt=-0.102/0.416 pstd=0.381 gen=0.1s train=0.3s
[t= 132.3s] greedy ep283 games=  96 dec= 18452 rows= 17701 horizon=0.33 L=0.00009 L/var=0.00 tgt=-0.069/0.382 pstd=0.383 gen=0.1s train=0.3s
[t= 132.8s] greedy ep284 games=  96 dec= 18490 rows= 17701 horizon=0.30 L=0.00009 L/var=0.00 tgt=-0.046/0.405 pstd=0.381 gen=0.1s train=0.3s
[t= 133.4s] greedy ep285 games=  96 dec= 18595 rows= 17821 horizon=0.26 L=0.00009 L/var=0.00 tgt=-0.074/0.383 pstd=0.381 gen=0.1s train=0.3s
[t= 134.0s] greedy ep286 games=  96 dec= 18324 rows= 17583 horizon=0.30 L=0.00015 L/var=0.00 tgt=-0.085/0.406 pstd=0.382 gen=0.1s train=0.3s
[t= 134.6s] greedy ep287 games=  96 dec= 18570 rows= 17829 horizon=0.25 L=0.00016 L/var=0.00 tgt=-0.098/0.427 pstd=0.382 gen=0.1s train=0.3s
[t= 135.1s] greedy ep288 games=  96 dec= 18305 rows= 17557 horizon=0.27 L=0.00011 L/var=0.00 tgt=-0.059/0.381 pstd=0.381 gen=0.1s train=0.3s
[t= 135.5s] greedy ep289 games=  96 dec= 17788 rows= 17010 horizon=0.21 L=0.00008 L/var=0.00 tgt=-0.096/0.418 pstd=0.381 gen=0.1s train=0.3s
[t= 136.0s] greedy ep290 games=  96 dec= 19095 rows= 18201 horizon=0.33 L=0.00007 L/var=0.00 tgt=-0.071/0.389 pstd=0.381 gen=0.1s train=0.3s
[t= 136.6s] greedy ep291 games=  96 dec= 18613 rows= 17815 horizon=0.26 L=0.00042 L/var=0.00 tgt=-0.071/0.384 pstd=0.383 gen=0.1s train=0.3s
[t= 137.0s] greedy ep292 games=  96 dec= 17161 rows= 16480 horizon=0.22 L=0.00020 L/var=0.00 tgt=-0.092/0.415 pstd=0.380 gen=0.1s train=0.3s
[t= 137.5s] greedy ep293 games=  96 dec= 19474 rows= 18684 horizon=0.36 L=0.00009 L/var=0.00 tgt=-0.067/0.406 pstd=0.381 gen=0.1s train=0.3s
[t= 138.0s] greedy ep294 games=  96 dec= 18093 rows= 17289 horizon=0.30 L=0.00009 L/var=0.00 tgt=-0.094/0.411 pstd=0.382 gen=0.1s train=0.3s
[t= 138.5s] greedy ep295 games=  96 dec= 18517 rows= 17724 horizon=0.30 L=0.00007 L/var=0.00 tgt=-0.066/0.398 pstd=0.380 gen=0.1s train=0.3s
[t= 139.0s] greedy ep296 games=  96 dec= 18487 rows= 17803 horizon=0.26 L=0.00007 L/var=0.00 tgt=-0.056/0.393 pstd=0.380 gen=0.1s train=0.3s
[t= 139.5s] greedy ep297 games=  96 dec= 18438 rows= 17638 horizon=0.29 L=0.00007 L/var=0.00 tgt=-0.076/0.395 pstd=0.382 gen=0.1s train=0.3s
[t= 139.9s] greedy ep298 games=  96 dec= 18117 rows= 17272 horizon=0.26 L=0.00007 L/var=0.00 tgt=-0.068/0.408 pstd=0.379 gen=0.1s train=0.3s
[t= 140.4s] greedy ep299 games=  96 dec= 17992 rows= 17256 horizon=0.24 L=0.00022 L/var=0.00 tgt=-0.061/0.410 pstd=0.381 gen=0.1s train=0.3s
[t= 140.9s] greedy ep300 games=  96 dec= 17915 rows= 17127 horizon=0.23 L=0.00016 L/var=0.00 tgt=-0.076/0.413 pstd=0.382 gen=0.1s train=0.3s
[t= 141.4s] greedy ep301 games=  96 dec= 18434 rows= 17707 horizon=0.34 L=0.00011 L/var=0.00 tgt=-0.084/0.388 pstd=0.381 gen=0.1s train=0.3s
[t= 141.8s] greedy ep302 games=  96 dec= 18456 rows= 17624 horizon=0.31 L=0.00011 L/var=0.00 tgt=-0.062/0.400 pstd=0.380 gen=0.1s train=0.3s
[t= 142.3s] greedy ep303 games=  96 dec= 18937 rows= 18141 horizon=0.34 L=0.00007 L/var=0.00 tgt=-0.085/0.389 pstd=0.380 gen=0.1s train=0.3s
[t= 142.8s] greedy ep304 games=  96 dec= 18872 rows= 18094 horizon=0.32 L=0.00006 L/var=0.00 tgt=-0.075/0.404 pstd=0.381 gen=0.1s train=0.3s
[t= 143.3s] greedy ep305 games=  96 dec= 18897 rows= 18083 horizon=0.31 L=0.00017 L/var=0.00 tgt=-0.090/0.380 pstd=0.380 gen=0.1s train=0.3s
[t= 143.8s] greedy ep306 games=  96 dec= 18618 rows= 17839 horizon=0.26 L=0.00011 L/var=0.00 tgt=-0.072/0.424 pstd=0.383 gen=0.1s train=0.3s
[t= 144.2s] greedy ep307 games=  96 dec= 18556 rows= 17876 horizon=0.35 L=0.00009 L/var=0.00 tgt=-0.065/0.370 pstd=0.381 gen=0.1s train=0.3s
[t= 144.7s] greedy ep308 games=  96 dec= 18356 rows= 17693 horizon=0.28 L=0.00013 L/var=0.00 tgt=-0.060/0.388 pstd=0.380 gen=0.1s train=0.3s
[t= 145.1s] greedy ep309 games=  96 dec= 17547 rows= 16836 horizon=0.22 L=0.00008 L/var=0.00 tgt=-0.077/0.409 pstd=0.383 gen=0.1s train=0.3s
[t= 145.6s] greedy ep310 games=  96 dec= 17008 rows= 16341 horizon=0.25 L=0.00007 L/var=0.00 tgt=-0.070/0.383 pstd=0.381 gen=0.1s train=0.3s
[t= 146.1s] greedy ep311 games=  96 dec= 18873 rows= 18141 horizon=0.35 L=0.00036 L/var=0.00 tgt=-0.077/0.384 pstd=0.382 gen=0.1s train=0.3s
[t= 146.6s] greedy ep312 games=  96 dec= 18907 rows= 18119 horizon=0.31 L=0.00011 L/var=0.00 tgt=-0.066/0.417 pstd=0.381 gen=0.1s train=0.3s
[t= 147.1s] greedy ep313 games=  96 dec= 18256 rows= 17438 horizon=0.28 L=0.00007 L/var=0.00 tgt=-0.085/0.388 pstd=0.381 gen=0.1s train=0.3s
[t= 147.5s] greedy ep314 games=  96 dec= 18129 rows= 17273 horizon=0.29 L=0.00006 L/var=0.00 tgt=-0.094/0.423 pstd=0.381 gen=0.1s train=0.3s
[t= 148.0s] greedy ep315 games=  96 dec= 19118 rows= 18251 horizon=0.30 L=0.00008 L/var=0.00 tgt=-0.074/0.436 pstd=0.382 gen=0.1s train=0.3s
[t= 148.5s] greedy ep316 games=  96 dec= 19447 rows= 18589 horizon=0.36 L=0.00015 L/var=0.00 tgt=-0.080/0.422 pstd=0.381 gen=0.1s train=0.3s
[t= 149.0s] greedy ep317 games=  96 dec= 17804 rows= 17012 horizon=0.24 L=0.00008 L/var=0.00 tgt=-0.081/0.404 pstd=0.382 gen=0.1s train=0.3s
[t= 149.4s] greedy ep318 games=  96 dec= 18161 rows= 17412 horizon=0.26 L=0.00008 L/var=0.00 tgt=-0.081/0.393 pstd=0.381 gen=0.1s train=0.3s
[t= 149.9s] greedy ep319 games=  96 dec= 19026 rows= 18321 horizon=0.35 L=0.00011 L/var=0.00 tgt=-0.079/0.410 pstd=0.382 gen=0.1s train=0.3s
[t= 150.4s] greedy ep320 games=  96 dec= 17924 rows= 17182 horizon=0.25 L=0.00006 L/var=0.00 tgt=-0.064/0.405 pstd=0.381 gen=0.1s train=0.3s
[t= 150.9s] greedy ep321 games=  96 dec= 18771 rows= 18058 horizon=0.33 L=0.00006 L/var=0.00 tgt=-0.066/0.401 pstd=0.383 gen=0.1s train=0.3s
[t= 151.4s] greedy ep322 games=  96 dec= 18588 rows= 17858 horizon=0.29 L=0.00007 L/var=0.00 tgt=-0.115/0.419 pstd=0.382 gen=0.1s train=0.3s
[t= 151.8s] greedy ep323 games=  96 dec= 18414 rows= 17618 horizon=0.29 L=0.00047 L/var=0.00 tgt=-0.093/0.424 pstd=0.382 gen=0.1s train=0.3s
[t= 152.3s] greedy ep324 games=  96 dec= 18025 rows= 17304 horizon=0.29 L=0.00018 L/var=0.00 tgt=-0.076/0.407 pstd=0.382 gen=0.1s train=0.3s
[t= 152.9s] greedy ep325 games=  96 dec= 17661 rows= 16942 horizon=0.24 L=0.00008 L/var=0.00 tgt=-0.068/0.426 pstd=0.382 gen=0.1s train=0.3s
[t= 153.3s] greedy ep326 games=  96 dec= 18315 rows= 17604 horizon=0.30 L=0.00007 L/var=0.00 tgt=-0.099/0.400 pstd=0.381 gen=0.1s train=0.3s
[t= 153.8s] greedy ep327 games=  96 dec= 17967 rows= 17273 horizon=0.29 L=0.00007 L/var=0.00 tgt=-0.078/0.417 pstd=0.380 gen=0.1s train=0.3s
[t= 154.3s] greedy ep328 games=  96 dec= 17593 rows= 16877 horizon=0.25 L=0.00006 L/var=0.00 tgt=-0.088/0.419 pstd=0.382 gen=0.1s train=0.3s
[t= 154.8s] greedy ep329 games=  96 dec= 18643 rows= 17795 horizon=0.23 L=0.00008 L/var=0.00 tgt=-0.057/0.398 pstd=0.382 gen=0.1s train=0.3s
[t= 155.3s] greedy ep330 games=  96 dec= 18762 rows= 17898 horizon=0.31 L=0.00011 L/var=0.00 tgt=-0.063/0.378 pstd=0.381 gen=0.1s train=0.3s
[t= 155.8s] greedy ep331 games=  96 dec= 18545 rows= 17808 horizon=0.28 L=0.00008 L/var=0.00 tgt=-0.097/0.429 pstd=0.381 gen=0.1s train=0.3s
[t= 156.3s] greedy ep332 games=  96 dec= 19231 rows= 18412 horizon=0.33 L=0.00006 L/var=0.00 tgt=-0.088/0.386 pstd=0.382 gen=0.1s train=0.3s
[t= 156.8s] greedy ep333 games=  96 dec= 18221 rows= 17396 horizon=0.25 L=0.00009 L/var=0.00 tgt=-0.087/0.403 pstd=0.381 gen=0.1s train=0.3s
[t= 157.3s] greedy ep334 games=  96 dec= 18935 rows= 18129 horizon=0.33 L=0.00007 L/var=0.00 tgt=-0.100/0.396 pstd=0.381 gen=0.1s train=0.3s
[t= 157.7s] greedy ep335 games=  96 dec= 17303 rows= 16606 horizon=0.24 L=0.00009 L/var=0.00 tgt=-0.069/0.412 pstd=0.382 gen=0.1s train=0.3s
[t= 158.2s] greedy ep336 games=  96 dec= 19416 rows= 18635 horizon=0.31 L=0.00024 L/var=0.00 tgt=-0.053/0.391 pstd=0.380 gen=0.1s train=0.3s
[t= 158.6s] greedy ep337 games=  96 dec= 17801 rows= 17062 horizon=0.26 L=0.00017 L/var=0.00 tgt=-0.087/0.399 pstd=0.380 gen=0.1s train=0.3s
[t= 159.1s] greedy ep338 games=  96 dec= 17837 rows= 17077 horizon=0.27 L=0.00010 L/var=0.00 tgt=-0.064/0.419 pstd=0.380 gen=0.1s train=0.3s
[t= 159.6s] greedy ep339 games=  96 dec= 18205 rows= 17480 horizon=0.33 L=0.00007 L/var=0.00 tgt=-0.065/0.374 pstd=0.381 gen=0.1s train=0.3s
[t= 160.0s] greedy ep340 games=  96 dec= 18101 rows= 17285 horizon=0.26 L=0.00005 L/var=0.00 tgt=-0.072/0.393 pstd=0.383 gen=0.1s train=0.3s
[t= 160.5s] greedy ep341 games=  96 dec= 18028 rows= 17290 horizon=0.26 L=0.00005 L/var=0.00 tgt=-0.098/0.414 pstd=0.381 gen=0.1s train=0.3s
[t= 161.0s] greedy ep342 games=  96 dec= 19015 rows= 18284 horizon=0.32 L=0.00007 L/var=0.00 tgt=-0.079/0.379 pstd=0.381 gen=0.1s train=0.3s
[t= 161.5s] greedy ep343 games=  96 dec= 19529 rows= 18579 horizon=0.34 L=0.00020 L/var=0.00 tgt=-0.078/0.374 pstd=0.381 gen=0.1s train=0.3s
[t= 162.0s] greedy ep344 games=  96 dec= 18411 rows= 17562 horizon=0.24 L=0.00009 L/var=0.00 tgt=-0.074/0.410 pstd=0.382 gen=0.1s train=0.3s
[t= 162.5s] greedy ep345 games=  96 dec= 20027 rows= 19154 horizon=0.36 L=0.00008 L/var=0.00 tgt=-0.081/0.409 pstd=0.381 gen=0.1s train=0.3s
[t= 163.0s] greedy ep346 games=  96 dec= 18997 rows= 18228 horizon=0.33 L=0.00008 L/var=0.00 tgt=-0.100/0.403 pstd=0.381 gen=0.1s train=0.3s
[t= 163.5s] greedy ep347 games=  96 dec= 18026 rows= 17208 horizon=0.25 L=0.00008 L/var=0.00 tgt=-0.076/0.391 pstd=0.382 gen=0.1s train=0.3s
[t= 164.0s] greedy ep348 games=  96 dec= 18605 rows= 17737 horizon=0.25 L=0.00007 L/var=0.00 tgt=-0.057/0.415 pstd=0.382 gen=0.1s train=0.3s
[t= 164.4s] greedy ep349 games=  96 dec= 18234 rows= 17484 horizon=0.26 L=0.00023 L/var=0.00 tgt=-0.086/0.397 pstd=0.382 gen=0.1s train=0.3s
[t= 164.9s] greedy ep350 games=  96 dec= 17727 rows= 17026 horizon=0.25 L=0.00008 L/var=0.00 tgt=-0.119/0.430 pstd=0.382 gen=0.1s train=0.3s
[t= 165.4s] greedy ep351 games=  96 dec= 18380 rows= 17601 horizon=0.27 L=0.00009 L/var=0.00 tgt=-0.067/0.396 pstd=0.381 gen=0.1s train=0.3s
[t= 165.8s] greedy ep352 games=  96 dec= 18513 rows= 17752 horizon=0.33 L=0.00006 L/var=0.00 tgt=-0.100/0.414 pstd=0.381 gen=0.1s train=0.3s
[t= 166.3s] greedy ep353 games=  96 dec= 18292 rows= 17482 horizon=0.27 L=0.00010 L/var=0.00 tgt=-0.077/0.397 pstd=0.381 gen=0.1s train=0.3s
[t= 166.8s] greedy ep354 games=  96 dec= 19258 rows= 18412 horizon=0.36 L=0.00008 L/var=0.00 tgt=-0.093/0.415 pstd=0.383 gen=0.1s train=0.3s
[t= 167.3s] greedy ep355 games=  96 dec= 17823 rows= 17157 horizon=0.27 L=0.00006 L/var=0.00 tgt=-0.111/0.430 pstd=0.382 gen=0.1s train=0.3s
[t= 167.8s] greedy ep356 games=  96 dec= 18425 rows= 17625 horizon=0.28 L=0.00012 L/var=0.00 tgt=-0.080/0.388 pstd=0.382 gen=0.1s train=0.3s
[t= 168.2s] greedy ep357 games=  96 dec= 18239 rows= 17402 horizon=0.24 L=0.00011 L/var=0.00 tgt=-0.099/0.391 pstd=0.382 gen=0.1s train=0.3s
[t= 168.7s] greedy ep358 games=  96 dec= 18912 rows= 18097 horizon=0.32 L=0.00008 L/var=0.00 tgt=-0.073/0.407 pstd=0.381 gen=0.1s train=0.3s
[t= 169.2s] greedy ep359 games=  96 dec= 18409 rows= 17745 horizon=0.30 L=0.00013 L/var=0.00 tgt=-0.092/0.395 pstd=0.381 gen=0.1s train=0.3s
[t= 169.7s] greedy ep360 games=  96 dec= 18570 rows= 17686 horizon=0.30 L=0.00008 L/var=0.00 tgt=-0.091/0.447 pstd=0.381 gen=0.1s train=0.3s
[t= 170.1s] greedy ep361 games=  96 dec= 18482 rows= 17668 horizon=0.31 L=0.00009 L/var=0.00 tgt=-0.090/0.415 pstd=0.381 gen=0.1s train=0.3s
[t= 170.6s] greedy ep362 games=  96 dec= 18480 rows= 17699 horizon=0.30 L=0.00009 L/var=0.00 tgt=-0.079/0.408 pstd=0.381 gen=0.1s train=0.3s
[t= 171.1s] greedy ep363 games=  96 dec= 18617 rows= 17850 horizon=0.30 L=0.00005 L/var=0.00 tgt=-0.084/0.408 pstd=0.383 gen=0.1s train=0.3s
[t= 171.5s] greedy ep364 games=  96 dec= 17714 rows= 16863 horizon=0.19 L=0.00009 L/var=0.00 tgt=-0.074/0.400 pstd=0.381 gen=0.1s train=0.3s
[t= 172.0s] greedy ep365 games=  96 dec= 18556 rows= 17749 horizon=0.27 L=0.00008 L/var=0.00 tgt=-0.078/0.394 pstd=0.381 gen=0.1s train=0.3s
[t= 172.5s] greedy ep366 games=  96 dec= 18896 rows= 18063 horizon=0.31 L=0.00015 L/var=0.00 tgt=-0.078/0.394 pstd=0.380 gen=0.1s train=0.3s
[t= 172.9s] greedy ep367 games=  96 dec= 17979 rows= 17262 horizon=0.29 L=0.00007 L/var=0.00 tgt=-0.065/0.395 pstd=0.380 gen=0.1s train=0.3s
[t= 173.4s] greedy ep368 games=  96 dec= 17990 rows= 17201 horizon=0.24 L=0.00013 L/var=0.00 tgt=-0.096/0.415 pstd=0.381 gen=0.1s train=0.3s
[t= 173.8s] greedy ep369 games=  96 dec= 17573 rows= 16856 horizon=0.27 L=0.00006 L/var=0.00 tgt=-0.066/0.391 pstd=0.382 gen=0.1s train=0.3s
[t= 174.3s] greedy ep370 games=  96 dec= 18701 rows= 17818 horizon=0.28 L=0.00006 L/var=0.00 tgt=-0.070/0.386 pstd=0.382 gen=0.1s train=0.3s
[t= 174.8s] greedy ep371 games=  96 dec= 18102 rows= 17309 horizon=0.24 L=0.00015 L/var=0.00 tgt=-0.063/0.411 pstd=0.382 gen=0.1s train=0.3s
[t= 175.2s] greedy ep372 games=  96 dec= 18827 rows= 18037 horizon=0.31 L=0.00007 L/var=0.00 tgt=-0.086/0.416 pstd=0.382 gen=0.1s train=0.3s
[t= 175.7s] greedy ep373 games=  96 dec= 17600 rows= 16785 horizon=0.25 L=0.00012 L/var=0.00 tgt=-0.090/0.424 pstd=0.381 gen=0.1s train=0.3s
[t= 176.2s] greedy ep374 games=  96 dec= 18999 rows= 18162 horizon=0.34 L=0.00008 L/var=0.00 tgt=-0.061/0.399 pstd=0.383 gen=0.1s train=0.3s
[t= 176.7s] greedy ep375 games=  96 dec= 18196 rows= 17517 horizon=0.29 L=0.00006 L/var=0.00 tgt=-0.066/0.391 pstd=0.382 gen=0.1s train=0.3s
[t= 177.1s] greedy ep376 games=  96 dec= 18290 rows= 17537 horizon=0.27 L=0.00016 L/var=0.00 tgt=-0.064/0.387 pstd=0.383 gen=0.1s train=0.3s
[t= 177.6s] greedy ep377 games=  96 dec= 18551 rows= 17841 horizon=0.32 L=0.00009 L/var=0.00 tgt=-0.074/0.375 pstd=0.381 gen=0.1s train=0.3s
[t= 178.1s] greedy ep378 games=  96 dec= 18661 rows= 17854 horizon=0.28 L=0.00007 L/var=0.00 tgt=-0.092/0.399 pstd=0.380 gen=0.1s train=0.3s
[t= 178.5s] greedy ep379 games=  96 dec= 18021 rows= 17182 horizon=0.22 L=0.00006 L/var=0.00 tgt=-0.066/0.402 pstd=0.382 gen=0.1s train=0.3s
[t= 179.0s] greedy ep380 games=  96 dec= 20118 rows= 19277 horizon=0.41 L=0.00010 L/var=0.00 tgt=-0.069/0.387 pstd=0.382 gen=0.1s train=0.3s
[t= 179.5s] greedy ep381 games=  96 dec= 18939 rows= 18107 horizon=0.31 L=0.00016 L/var=0.00 tgt=-0.095/0.424 pstd=0.380 gen=0.1s train=0.3s
[t= 180.0s] greedy ep382 games=  96 dec= 18899 rows= 18108 horizon=0.30 L=0.00007 L/var=0.00 tgt=-0.062/0.400 pstd=0.382 gen=0.1s train=0.3s
[t= 180.4s] greedy ep383 games=  96 dec= 17512 rows= 16809 horizon=0.29 L=0.00005 L/var=0.00 tgt=-0.084/0.404 pstd=0.381 gen=0.1s train=0.3s
[t= 180.4s] --- snapshot snap_00.pt (init) ---
[t= 180.5s] --- switching to ReBeL ---
[t= 190.5s] rebel stream solves=13312 raw=1326/s balanced=1326/s debt=0 rows steps=156 horizon=0.00 games=0 over=0 card=0 drop=0 L=0.00185 L/var=2.34 tgt=-0.054/0.028 cfg/b=40400 prep=1.08s gpu=0.00s conv=0.00s add=0.18s train=5.58s
[t= 200.8s] rebel stream solves=24576 raw=1209/s balanced=1209/s debt=0 rows steps=288 horizon=0.00 games=0 over=0 card=0 drop=0 L=0.00016 L/var=0.09 tgt=-0.103/0.042 cfg/b=90332 prep=0.78s gpu=0.00s conv=0.03s add=0.84s train=6.03s
[t= 210.9s] rebel stream solves=43008 raw=1412/s balanced=1389/s debt=8192 rows steps=496 horizon=0.00 games=0 over=0 card=0 drop=0 L=0.00073 L/var=0.08 tgt=-0.169/0.093 cfg/b=49284 prep=1.05s gpu=0.00s conv=0.01s add=0.27s train=6.54s
[t= 221.0s] rebel stream solves=50176 raw=1239/s balanced=1239/s debt=0 rows steps=588 horizon=0.00 games=0 over=0 card=0 drop=0 L=0.00047 L/var=0.06 tgt=-0.131/0.089 cfg/b=36420 prep=0.44s gpu=0.00s conv=0.00s add=0.17s train=2.85s
[t= 231.7s] rebel stream solves=57344 raw=1119/s balanced=1119/s debt=0 rows steps=672 horizon=0.00 games=0 over=0 card=0 drop=0 L=0.00052 L/var=0.04 tgt=-0.179/0.115 cfg/b=38172 prep=0.43s gpu=0.00s conv=0.01s add=0.21s train=2.69s
[t= 242.1s] rebel stream solves=65536 raw=1063/s balanced=1063/s debt=0 rows steps=768 horizon=0.00 games=0 over=0 card=0 drop=0 L=0.00077 L/var=0.05 tgt=-0.201/0.124 cfg/b=41542 prep=0.46s gpu=0.00s conv=0.01s add=0.32s train=3.06s
[t= 252.1s] rebel stream solves=70656 raw=986/s balanced=986/s debt=0 rows steps=828 horizon=0.00 games=0 over=1 card=0 drop=0 L=0.00090 L/var=0.05 tgt=-0.183/0.132 cfg/b=40432 prep=0.32s gpu=0.00s conv=0.00s add=0.11s train=2.02s
[t= 262.2s] rebel stream solves=73728 raw=902/s balanced=902/s debt=0 rows steps=864 horizon=0.00 games=0 over=6 card=0 drop=0 L=0.00082 L/var=0.06 tgt=-0.171/0.122 cfg/b=36474 prep=0.19s gpu=0.00s conv=0.00s add=0.08s train=1.15s
[t= 272.2s] rebel stream solves=77824 raw=848/s balanced=848/s debt=0 rows steps=912 horizon=0.00 games=0 over=10 card=0 drop=0 L=0.00082 L/var=0.06 tgt=-0.157/0.117 cfg/b=33098 prep=0.24s gpu=0.00s conv=0.00s add=0.08s train=1.53s
[t= 282.3s] rebel stream solves=81920 raw=805/s balanced=805/s debt=0 rows steps=960 horizon=0.00 games=0 over=16 card=0 drop=0 L=0.00074 L/var=0.05 tgt=-0.161/0.120 cfg/b=30538 prep=0.26s gpu=0.00s conv=0.00s add=0.06s train=1.53s
[t= 293.2s] rebel stream solves=84992 raw=754/s balanced=751/s debt=4096 rows steps=992 horizon=0.00 games=1 over=24 card=0 drop=0 L=0.00069 L/var=0.04 tgt=-0.179/0.137 cfg/b=29922 prep=0.18s gpu=0.00s conv=0.00s add=0.08s train=1.06s
[t= 303.2s] rebel stream solves=87040 raw=709/s balanced=709/s debt=0 rows steps=1020 horizon=0.00 games=0 over=34 card=0 drop=0 L=0.00066 L/var=0.04 tgt=-0.170/0.126 cfg/b=30482 prep=0.14s gpu=0.00s conv=0.00s add=0.06s train=0.85s
[t= 313.3s] rebel stream solves=90112 raw=678/s balanced=678/s debt=0 rows steps=1056 horizon=0.00 games=0 over=39 card=0 drop=0 L=0.00071 L/var=0.04 tgt=-0.168/0.140 cfg/b=29274 prep=0.17s gpu=0.00s conv=0.00s add=0.07s train=1.15s
[t= 323.3s] rebel stream solves=93184 raw=652/s balanced=652/s debt=0 rows steps=1092 horizon=0.00 games=4 over=46 card=0 drop=0 L=0.00069 L/var=0.04 tgt=-0.156/0.124 cfg/b=28887 prep=0.22s gpu=0.00s conv=0.00s add=0.05s train=1.19s
[t= 333.3s] rebel stream solves=95232 raw=623/s balanced=623/s debt=0 rows steps=1116 horizon=0.00 games=0 over=56 card=0 drop=0 L=0.00072 L/var=0.04 tgt=-0.155/0.140 cfg/b=28206 prep=0.17s gpu=0.00s conv=0.00s add=0.04s train=0.84s
[t= 343.3s] rebel stream solves=97280 raw=597/s balanced=597/s debt=0 rows steps=1140 horizon=0.00 games=3 over=76 card=0 drop=0 L=0.00088 L/var=0.05 tgt=-0.151/0.134 cfg/b=28807 prep=0.14s gpu=0.00s conv=0.00s add=0.04s train=0.75s
[t= 353.3s] rebel stream solves=99328 raw=575/s balanced=575/s debt=0 rows steps=1164 horizon=0.00 games=5 over=86 card=0 drop=0 L=0.00099 L/var=0.05 tgt=-0.147/0.137 cfg/b=28308 prep=0.13s gpu=0.00s conv=0.00s add=0.06s train=0.76s
[t= 363.4s] rebel stream solves=101376 raw=554/s balanced=554/s debt=0 rows steps=1188 horizon=0.00 games=9 over=98 card=0 drop=0 L=0.00099 L/var=0.06 tgt=-0.134/0.131 cfg/b=29042 prep=0.12s gpu=0.00s conv=0.00s add=0.05s train=0.75s
[t= 373.4s] rebel stream solves=104448 raw=541/s balanced=541/s debt=0 rows steps=1224 horizon=0.00 games=7 over=108 card=0 drop=0 L=0.00110 L/var=0.06 tgt=-0.132/0.134 cfg/b=28953 prep=0.18s gpu=0.00s conv=0.00s add=0.06s train=1.13s
[t= 383.4s] rebel stream solves=106496 raw=525/s balanced=525/s debt=0 rows steps=1248 horizon=0.00 games=5 over=119 card=1 drop=0 L=0.00121 L/var=0.07 tgt=-0.120/0.133 cfg/b=28260 prep=0.14s gpu=0.00s conv=0.00s add=0.04s train=0.77s
[t= 393.4s] rebel stream solves=108544 raw=510/s balanced=510/s debt=0 rows steps=1272 horizon=0.00 games=7 over=135 card=1 drop=0 L=0.00126 L/var=0.06 tgt=-0.129/0.144 cfg/b=28030 prep=0.14s gpu=0.00s conv=0.00s add=0.05s train=0.79s
[t= 403.5s] rebel stream solves=109568 raw=491/s balanced=491/s debt=0 rows steps=1284 horizon=0.00 games=0 over=140 card=1 drop=0 L=0.00134 L/var=0.06 tgt=-0.130/0.146 cfg/b=27767 prep=0.07s gpu=0.00s conv=0.00s add=0.03s train=0.34s
[t= 413.5s] rebel stream solves=111616 raw=479/s balanced=479/s debt=0 rows steps=1308 horizon=0.00 games=11 over=147 card=1 drop=0 L=0.00172 L/var=0.06 tgt=-0.126/0.166 cfg/b=27999 prep=0.12s gpu=0.00s conv=0.00s add=0.03s train=0.74s
[t= 424.2s] rebel stream solves=114688 raw=471/s balanced=471/s debt=0 rows steps=1344 horizon=0.00 games=21 over=167 card=1 drop=0 L=0.00190 L/var=0.07 tgt=-0.121/0.161 cfg/b=27732 prep=0.23s gpu=0.00s conv=0.00s add=0.06s train=1.24s
[t= 434.2s] rebel stream solves=116736 raw=460/s balanced=460/s debt=0 rows steps=1368 horizon=0.00 games=21 over=175 card=1 drop=0 L=0.00177 L/var=0.07 tgt=-0.104/0.157 cfg/b=27938 prep=0.13s gpu=0.00s conv=0.00s add=0.03s train=0.83s
[t= 444.4s] rebel stream solves=119808 raw=454/s balanced=454/s debt=0 rows steps=1404 horizon=0.00 games=26 over=188 card=1 drop=0 L=0.00224 L/var=0.05 tgt=-0.122/0.210 cfg/b=27752 prep=0.18s gpu=0.00s conv=0.00s add=0.07s train=1.19s
[t= 454.4s] rebel stream solves=120832 raw=441/s balanced=441/s debt=0 rows steps=1416 horizon=0.00 games=5 over=190 card=1 drop=0 L=0.00277 L/var=0.06 tgt=-0.123/0.224 cfg/b=27779 prep=0.08s gpu=0.00s conv=0.00s add=0.03s train=0.46s
[t= 464.4s] rebel stream solves=122880 raw=433/s balanced=433/s debt=0 rows steps=1440 horizon=0.00 games=33 over=209 card=1 drop=0 L=0.00296 L/var=0.06 tgt=-0.111/0.227 cfg/b=27938 prep=0.14s gpu=0.00s conv=0.00s add=0.05s train=0.77s
[t= 474.4s] rebel stream solves=125952 raw=428/s balanced=428/s debt=0 rows steps=1476 horizon=0.00 games=58 over=222 card=1 drop=0 L=0.00310 L/var=0.07 tgt=-0.103/0.210 cfg/b=27820 prep=0.20s gpu=0.00s conv=0.00s add=0.08s train=1.14s
[t= 484.5s] rebel stream solves=128000 raw=421/s balanced=421/s debt=0 rows steps=1500 horizon=0.00 games=45 over=234 card=1 drop=0 L=0.00343 L/var=0.06 tgt=-0.120/0.236 cfg/b=27969 prep=0.14s gpu=0.00s conv=0.00s add=0.05s train=0.76s
[t= 494.5s] rebel stream solves=130048 raw=414/s balanced=414/s debt=0 rows steps=1524 horizon=0.00 games=29 over=243 card=1 drop=0 L=0.00354 L/var=0.07 tgt=-0.096/0.225 cfg/b=27854 prep=0.13s gpu=0.00s conv=0.00s add=0.05s train=0.78s
[t= 504.5s] rebel stream solves=133120 raw=411/s balanced=411/s debt=0 rows steps=1560 horizon=0.00 games=40 over=250 card=1 drop=0 L=0.00436 L/var=0.07 tgt=-0.109/0.252 cfg/b=28201 prep=0.21s gpu=0.00s conv=0.00s add=0.08s train=1.20s
[t= 514.6s] rebel stream solves=135168 raw=405/s balanced=405/s debt=0 rows steps=1584 horizon=0.00 games=48 over=259 card=1 drop=0 L=0.00468 L/var=0.06 tgt=-0.128/0.282 cfg/b=28386 prep=0.13s gpu=0.00s conv=0.00s add=0.07s train=0.77s
[t= 524.6s] rebel stream solves=137216 raw=399/s balanced=399/s debt=0 rows steps=1608 horizon=0.00 games=55 over=267 card=3 drop=0 L=0.00524 L/var=0.07 tgt=-0.105/0.265 cfg/b=28591 prep=0.10s gpu=0.00s conv=0.00s add=0.06s train=0.70s
[t= 534.6s] rebel stream solves=139264 raw=393/s balanced=393/s debt=0 rows steps=1632 horizon=0.00 games=44 over=273 card=3 drop=0 L=0.00578 L/var=0.07 tgt=-0.092/0.285 cfg/b=29152 prep=0.12s gpu=0.00s conv=0.00s add=0.06s train=0.77s
[t= 540.5s] --- snapshot snap_01.pt (s1) ---
[t= 544.6s] rebel stream solves=143360 raw=394/s balanced=394/s debt=0 rows steps=1680 horizon=0.00 games=98 over=281 card=3 drop=0 L=0.00621 L/var=0.08 tgt=-0.096/0.281 cfg/b=30056 prep=0.27s gpu=0.00s conv=0.00s add=0.12s train=1.55s
[t= 555.1s] rebel stream solves=146432 raw=391/s balanced=390/s debt=4096 rows steps=1712 horizon=0.00 games=70 over=292 card=3 drop=0 L=0.00613 L/var=0.05 tgt=-0.112/0.335 cfg/b=29403 prep=0.17s gpu=0.00s conv=0.00s add=0.09s train=1.01s
[t= 565.2s] rebel stream solves=149504 raw=389/s balanced=387/s debt=8192 rows steps=1744 horizon=0.00 games=88 over=296 card=3 drop=0 L=0.00680 L/var=0.06 tgt=-0.086/0.349 cfg/b=30894 prep=0.15s gpu=0.00s conv=0.00s add=0.08s train=1.01s
[t= 575.3s] rebel stream solves=152576 raw=386/s balanced=386/s debt=0 rows steps=1788 horizon=0.00 games=101 over=301 card=3 drop=0 L=0.00728 L/var=0.06 tgt=-0.073/0.357 cfg/b=31229 prep=0.21s gpu=0.00s conv=0.00s add=0.09s train=1.38s
[t= 585.3s] rebel stream solves=155648 raw=384/s balanced=384/s debt=0 rows steps=1824 horizon=0.00 games=90 over=302 card=3 drop=0 L=0.00826 L/var=0.06 tgt=-0.073/0.359 cfg/b=30976 prep=0.18s gpu=0.00s conv=0.00s add=0.07s train=1.17s
[t= 595.4s] rebel stream solves=158720 raw=383/s balanced=383/s debt=0 rows steps=1860 horizon=0.00 games=108 over=312 card=3 drop=0 L=0.00836 L/var=0.06 tgt=-0.078/0.376 cfg/b=30796 prep=0.22s gpu=0.00s conv=0.00s add=0.08s train=1.20s
[t= 605.5s] rebel stream solves=162816 raw=383/s balanced=383/s debt=0 rows steps=1908 horizon=0.00 games=150 over=320 card=3 drop=0 L=0.00899 L/var=0.05 tgt=-0.076/0.405 cfg/b=31174 prep=0.25s gpu=0.00s conv=0.00s add=0.12s train=1.55s
[t= 615.5s] rebel stream solves=166912 raw=384/s balanced=384/s debt=0 rows steps=1956 horizon=0.00 games=168 over=325 card=4 drop=0 L=0.00895 L/var=0.05 tgt=-0.057/0.404 cfg/b=31612 prep=0.26s gpu=0.00s conv=0.00s add=0.11s train=1.58s
[t= 625.5s] rebel stream solves=171008 raw=384/s balanced=384/s debt=0 rows steps=2004 horizon=0.00 games=146 over=327 card=4 drop=0 L=0.00921 L/var=0.06 tgt=-0.048/0.401 cfg/b=30970 prep=0.24s gpu=0.00s conv=0.00s add=0.12s train=1.56s
[t= 635.5s] rebel stream solves=175104 raw=385/s balanced=384/s debt=4096 rows steps=2048 horizon=0.00 games=123 over=335 card=5 drop=0 L=0.00975 L/var=0.05 tgt=-0.054/0.433 cfg/b=30967 prep=0.23s gpu=0.00s conv=0.00s add=0.12s train=1.41s
[t= 645.7s] rebel stream solves=179200 raw=385/s balanced=385/s debt=0 rows steps=2100 horizon=0.00 games=127 over=339 card=5 drop=0 L=0.00995 L/var=0.06 tgt=-0.050/0.423 cfg/b=31004 prep=0.26s gpu=0.00s conv=0.00s add=0.13s train=1.64s
[t= 655.8s] rebel stream solves=183296 raw=386/s balanced=386/s debt=0 rows steps=2148 horizon=0.00 games=125 over=347 card=5 drop=0 L=0.00976 L/var=0.06 tgt=-0.043/0.412 cfg/b=31264 prep=0.27s gpu=0.00s conv=0.00s add=0.12s train=1.57s
[t= 665.8s] rebel stream solves=188416 raw=388/s balanced=388/s debt=0 rows steps=2208 horizon=0.00 games=175 over=348 card=5 drop=0 L=0.01032 L/var=0.06 tgt=-0.047/0.423 cfg/b=30690 prep=0.28s gpu=0.00s conv=0.00s add=0.13s train=1.86s
[t= 675.9s] rebel stream solves=192512 raw=389/s balanced=389/s debt=0 rows steps=2256 horizon=0.00 games=130 over=357 card=5 drop=0 L=0.00999 L/var=0.06 tgt=-0.044/0.420 cfg/b=30505 prep=0.25s gpu=0.00s conv=0.00s add=0.12s train=1.53s
[t= 685.9s] rebel stream solves=196608 raw=389/s balanced=389/s debt=0 rows steps=2304 horizon=0.00 games=94 over=363 card=5 drop=0 L=0.00999 L/var=0.05 tgt=-0.026/0.430 cfg/b=30128 prep=0.28s gpu=0.00s conv=0.00s add=0.12s train=1.54s
[t= 696.0s] rebel stream solves=200704 raw=389/s balanced=389/s debt=0 rows steps=2352 horizon=0.00 games=95 over=371 card=5 drop=0 L=0.00980 L/var=0.05 tgt=-0.031/0.437 cfg/b=29857 prep=0.23s gpu=0.00s conv=0.00s add=0.12s train=1.49s
[t= 706.0s] rebel stream solves=205824 raw=392/s balanced=392/s debt=0 rows steps=2412 horizon=0.00 games=147 over=374 card=5 drop=0 L=0.00943 L/var=0.05 tgt=-0.033/0.418 cfg/b=30082 prep=0.32s gpu=0.00s conv=0.00s add=0.16s train=1.90s
[t= 715.1s] --- lr -> 5.00e-04 ---
[t= 716.1s] rebel stream solves=209920 raw=392/s balanced=392/s debt=0 rows steps=2460 horizon=0.00 games=105 over=377 card=5 drop=0 L=0.00939 L/var=0.05 tgt=-0.026/0.414 cfg/b=30003 prep=0.27s gpu=0.00s conv=0.00s add=0.12s train=1.57s
[t= 726.3s] rebel stream solves=215040 raw=394/s balanced=393/s debt=8192 rows steps=2512 horizon=0.00 games=102 over=385 card=5 drop=0 L=0.00899 L/var=0.05 tgt=-0.015/0.417 cfg/b=30107 prep=0.27s gpu=0.00s conv=0.00s add=0.15s train=1.66s
[t= 736.3s] rebel stream solves=219136 raw=394/s balanced=394/s debt=0 rows steps=2568 horizon=0.00 games=105 over=388 card=5 drop=0 L=0.00837 L/var=0.05 tgt=-0.022/0.414 cfg/b=30089 prep=0.24s gpu=0.00s conv=0.00s add=0.12s train=1.67s
[t= 746.3s] rebel stream solves=223232 raw=394/s balanced=394/s debt=0 rows steps=2616 horizon=0.00 games=94 over=389 card=5 drop=0 L=0.00838 L/var=0.06 tgt=-0.037/0.388 cfg/b=29815 prep=0.26s gpu=0.00s conv=0.00s add=0.11s train=1.47s
[t= 756.3s] rebel stream solves=227328 raw=395/s balanced=395/s debt=0 rows steps=2664 horizon=0.00 games=108 over=393 card=5 drop=0 L=0.00847 L/var=0.05 tgt=-0.028/0.394 cfg/b=29358 prep=0.26s gpu=0.00s conv=0.00s add=0.11s train=1.54s
[t= 766.4s] rebel stream solves=231424 raw=395/s balanced=395/s debt=0 rows steps=2712 horizon=0.00 games=87 over=397 card=5 drop=0 L=0.00837 L/var=0.06 tgt=-0.029/0.376 cfg/b=29633 prep=0.23s gpu=0.00s conv=0.00s add=0.12s train=1.46s
[t= 776.4s] rebel stream solves=235520 raw=395/s balanced=395/s debt=0 rows steps=2760 horizon=0.00 games=92 over=400 card=5 drop=0 L=0.00833 L/var=0.07 tgt=-0.042/0.351 cfg/b=29345 prep=0.23s gpu=0.00s conv=0.00s add=0.12s train=1.52s
[t= 786.4s] rebel stream solves=239616 raw=395/s balanced=395/s debt=0 rows steps=2808 horizon=0.00 games=84 over=406 card=5 drop=0 L=0.00836 L/var=0.06 tgt=-0.035/0.368 cfg/b=29075 prep=0.24s gpu=0.00s conv=0.00s add=0.12s train=1.52s
[t= 796.7s] rebel stream solves=243712 raw=395/s balanced=394/s debt=8192 rows steps=2848 horizon=0.00 games=92 over=411 card=5 drop=0 L=0.00807 L/var=0.06 tgt=-0.044/0.354 cfg/b=29353 prep=0.20s gpu=0.00s conv=0.00s add=0.11s train=1.27s
[t= 806.7s] rebel stream solves=247808 raw=396/s balanced=396/s debt=0 rows steps=2904 horizon=0.00 games=83 over=413 card=5 drop=0 L=0.00816 L/var=0.06 tgt=-0.039/0.360 cfg/b=29131 prep=0.28s gpu=0.00s conv=0.00s add=0.12s train=1.77s
[t= 816.7s] rebel stream solves=251904 raw=396/s balanced=395/s debt=8192 rows steps=2944 horizon=0.00 games=76 over=418 card=5 drop=0 L=0.00794 L/var=0.06 tgt=-0.036/0.362 cfg/b=29089 prep=0.21s gpu=0.00s conv=0.00s add=0.12s train=1.28s
[t= 827.1s] rebel stream solves=256000 raw=396/s balanced=395/s debt=8192 rows steps=2992 horizon=0.00 games=83 over=423 card=5 drop=0 L=0.00799 L/var=0.06 tgt=-0.045/0.360 cfg/b=29154 prep=0.23s gpu=0.00s conv=0.00s add=0.12s train=1.48s
[t= 838.2s] rebel stream solves=260096 raw=395/s balanced=394/s debt=8192 rows steps=3040 horizon=0.00 games=59 over=427 card=5 drop=0 L=0.00793 L/var=0.07 tgt=-0.045/0.338 cfg/b=29102 prep=0.25s gpu=0.00s conv=0.00s add=0.12s train=1.51s
[t= 848.2s] rebel stream solves=264192 raw=396/s balanced=396/s debt=0 rows steps=3096 horizon=0.00 games=49 over=430 card=5 drop=0 L=0.00796 L/var=0.07 tgt=-0.043/0.348 cfg/b=29069 prep=0.31s gpu=0.00s conv=0.00s add=0.12s train=1.78s
[t= 858.2s] rebel stream solves=268288 raw=396/s balanced=396/s debt=0 rows steps=3144 horizon=0.00 games=93 over=436 card=6 drop=0 L=0.00809 L/var=0.06 tgt=-0.033/0.362 cfg/b=29081 prep=0.26s gpu=0.00s conv=0.00s add=0.12s train=1.55s
[t= 868.2s] rebel stream solves=272384 raw=396/s balanced=396/s debt=0 rows steps=3192 horizon=0.00 games=66 over=439 card=6 drop=0 L=0.00792 L/var=0.06 tgt=-0.029/0.354 cfg/b=28807 prep=0.24s gpu=0.00s conv=0.00s add=0.11s train=1.50s
[t= 878.4s] rebel stream solves=276480 raw=396/s balanced=396/s debt=0 rows steps=3240 horizon=0.00 games=81 over=445 card=6 drop=0 L=0.00809 L/var=0.06 tgt=-0.036/0.358 cfg/b=28877 prep=0.22s gpu=0.00s conv=0.00s add=0.10s train=1.49s
[t= 888.4s] rebel stream solves=280576 raw=396/s balanced=396/s debt=0 rows steps=3288 horizon=0.00 games=79 over=446 card=6 drop=0 L=0.00805 L/var=0.06 tgt=-0.031/0.360 cfg/b=28318 prep=0.26s gpu=0.00s conv=0.00s add=0.10s train=1.58s
[t= 898.5s] rebel stream solves=284672 raw=396/s balanced=396/s debt=0 rows steps=3336 horizon=0.00 games=75 over=451 card=6 drop=0 L=0.00836 L/var=0.07 tgt=-0.027/0.356 cfg/b=28537 prep=0.22s gpu=0.00s conv=0.00s add=0.10s train=1.47s
[t= 900.5s] --- snapshot snap_02.pt (s2) ---
[t= 908.5s] rebel stream solves=288768 raw=397/s balanced=397/s debt=0 rows steps=3384 horizon=0.00 games=50 over=454 card=6 drop=0 L=0.00827 L/var=0.06 tgt=-0.034/0.368 cfg/b=28410 prep=0.23s gpu=0.00s conv=0.00s add=0.11s train=1.47s
[t= 918.6s] rebel stream solves=292864 raw=397/s balanced=397/s debt=0 rows steps=3432 horizon=0.00 games=86 over=459 card=7 drop=0 L=0.00822 L/var=0.06 tgt=-0.031/0.367 cfg/b=28368 prep=0.24s gpu=0.00s conv=0.00s add=0.12s train=1.52s
[t= 928.6s] rebel stream solves=296960 raw=397/s balanced=397/s debt=0 rows steps=3480 horizon=0.00 games=79 over=465 card=7 drop=0 L=0.00821 L/var=0.06 tgt=-0.027/0.373 cfg/b=28124 prep=0.24s gpu=0.00s conv=0.00s add=0.11s train=1.48s
[t= 938.6s] rebel stream solves=301056 raw=397/s balanced=397/s debt=0 rows steps=3528 horizon=0.00 games=89 over=469 card=7 drop=0 L=0.00819 L/var=0.06 tgt=-0.026/0.365 cfg/b=28020 prep=0.22s gpu=0.00s conv=0.00s add=0.12s train=1.47s
[t= 948.7s] rebel stream solves=305152 raw=397/s balanced=396/s debt=8192 rows steps=3568 horizon=0.00 games=57 over=475 card=7 drop=0 L=0.00866 L/var=0.06 tgt=-0.026/0.373 cfg/b=27712 prep=0.22s gpu=0.00s conv=0.00s add=0.12s train=1.27s
[t= 958.7s] rebel stream solves=309248 raw=397/s balanced=397/s debt=0 rows steps=3624 horizon=0.00 games=57 over=476 card=7 drop=0 L=0.00859 L/var=0.06 tgt=-0.024/0.381 cfg/b=27032 prep=0.28s gpu=0.00s conv=0.00s add=0.12s train=1.75s
[t= 968.8s] rebel stream solves=312320 raw=396/s balanced=396/s debt=0 rows steps=3660 horizon=0.00 games=52 over=484 card=8 drop=0 L=0.00888 L/var=0.05 tgt=-0.027/0.402 cfg/b=26377 prep=0.20s gpu=0.00s conv=0.00s add=0.08s train=1.14s
[t= 978.8s] rebel stream solves=316416 raw=396/s balanced=396/s debt=0 rows steps=3708 horizon=0.00 games=73 over=485 card=8 drop=0 L=0.00892 L/var=0.06 tgt=-0.010/0.396 cfg/b=26169 prep=0.26s gpu=0.00s conv=0.00s add=0.10s train=1.57s
[t= 988.9s] rebel stream solves=321536 raw=398/s balanced=398/s debt=0 rows steps=3768 horizon=0.00 games=105 over=494 card=8 drop=0 L=0.00908 L/var=0.06 tgt=-0.001/0.405 cfg/b=25772 prep=0.31s gpu=0.00s conv=0.00s add=0.12s train=1.88s
[t= 998.9s] rebel stream solves=325632 raw=398/s balanced=398/s debt=0 rows steps=3816 horizon=0.00 games=101 over=496 card=8 drop=0 L=0.00933 L/var=0.06 tgt=+0.010/0.403 cfg/b=25568 prep=0.26s gpu=0.00s conv=0.00s add=0.11s train=1.51s
[t=1009.2s] rebel stream solves=330752 raw=399/s balanced=399/s debt=4096 rows steps=3872 horizon=0.00 games=106 over=501 card=8 drop=0 L=0.00949 L/var=0.05 tgt=+0.001/0.421 cfg/b=25811 prep=0.29s gpu=0.00s conv=0.00s add=0.14s train=1.72s
[t=1019.2s] rebel stream solves=333824 raw=398/s balanced=398/s debt=0 rows steps=3912 horizon=0.00 games=52 over=505 card=8 drop=0 L=0.00962 L/var=0.06 tgt=+0.021/0.407 cfg/b=26002 prep=0.19s gpu=0.00s conv=0.00s add=0.09s train=1.19s
[t=1029.3s] rebel stream solves=337920 raw=398/s balanced=398/s debt=0 rows steps=3960 horizon=0.00 games=78 over=509 card=8 drop=0 L=0.00955 L/var=0.06 tgt=+0.012/0.404 cfg/b=26189 prep=0.23s gpu=0.00s conv=0.00s add=0.12s train=1.43s
[t=1039.3s] rebel stream solves=342016 raw=398/s balanced=398/s debt=0 rows steps=4008 horizon=0.00 games=80 over=514 card=8 drop=0 L=0.00959 L/var=0.06 tgt=+0.021/0.412 cfg/b=26168 prep=0.26s gpu=0.00s conv=0.00s add=0.12s train=1.48s
[t=1049.3s] rebel stream solves=346112 raw=398/s balanced=398/s debt=0 rows steps=4056 horizon=0.00 games=89 over=516 card=8 drop=0 L=0.00995 L/var=0.06 tgt=+0.006/0.406 cfg/b=26385 prep=0.23s gpu=0.00s conv=0.00s add=0.13s train=1.48s
[t=1059.4s] rebel stream solves=350208 raw=398/s balanced=398/s debt=0 rows steps=4104 horizon=0.00 games=78 over=521 card=8 drop=0 L=0.01015 L/var=0.06 tgt=+0.026/0.401 cfg/b=25792 prep=0.26s gpu=0.00s conv=0.00s add=0.12s train=1.51s
[t=1069.7s] rebel stream solves=355328 raw=400/s balanced=399/s debt=4096 rows steps=4160 horizon=0.00 games=92 over=526 card=8 drop=0 L=0.01014 L/var=0.06 tgt=+0.037/0.416 cfg/b=25822 prep=0.29s gpu=0.00s conv=0.00s add=0.13s train=1.74s
[t=1079.7s] rebel stream solves=359424 raw=400/s balanced=400/s debt=0 rows steps=4212 horizon=0.00 games=74 over=527 card=8 drop=0 L=0.01039 L/var=0.06 tgt=+0.026/0.407 cfg/b=26153 prep=0.25s gpu=0.00s conv=0.00s add=0.13s train=1.58s
[t=1089.7s] rebel stream solves=363520 raw=400/s balanced=400/s debt=0 rows steps=4260 horizon=0.00 games=78 over=530 card=8 drop=0 L=0.01015 L/var=0.06 tgt=+0.028/0.415 cfg/b=26267 prep=0.25s gpu=0.00s conv=0.00s add=0.13s train=1.50s
[t=1099.8s] rebel stream solves=367616 raw=400/s balanced=400/s debt=0 rows steps=4308 horizon=0.00 games=91 over=533 card=8 drop=0 L=0.01051 L/var=0.06 tgt=+0.032/0.412 cfg/b=26156 prep=0.25s gpu=0.00s conv=0.00s add=0.13s train=1.49s
[t=1109.8s] rebel stream solves=371712 raw=400/s balanced=400/s debt=0 rows steps=4356 horizon=0.00 games=111 over=537 card=8 drop=0 L=0.01055 L/var=0.07 tgt=+0.013/0.395 cfg/b=26552 prep=0.24s gpu=0.00s conv=0.00s add=0.12s train=1.45s
[t=1120.1s] rebel stream solves=376832 raw=401/s balanced=401/s debt=0 rows steps=4416 horizon=0.00 games=86 over=542 card=8 drop=0 L=0.01072 L/var=0.07 tgt=+0.024/0.405 cfg/b=26709 prep=0.26s gpu=0.00s conv=0.00s add=0.14s train=1.79s
[t=1130.4s] rebel stream solves=380928 raw=401/s balanced=401/s debt=0 rows steps=4464 horizon=0.00 games=73 over=545 card=8 drop=0 L=0.01088 L/var=0.07 tgt=+0.022/0.393 cfg/b=26734 prep=0.23s gpu=0.00s conv=0.00s add=0.14s train=1.48s
[t=1141.5s] rebel stream solves=385024 raw=401/s balanced=401/s debt=0 rows steps=4512 horizon=0.00 games=72 over=549 card=8 drop=0 L=0.01068 L/var=0.07 tgt=+0.025/0.392 cfg/b=27329 prep=0.22s gpu=0.00s conv=0.00s add=0.14s train=1.44s
[t=1151.5s] rebel stream solves=389120 raw=401/s balanced=401/s debt=0 rows steps=4560 horizon=0.00 games=69 over=551 card=8 drop=0 L=0.01073 L/var=0.07 tgt=+0.039/0.403 cfg/b=27549 prep=0.22s gpu=0.00s conv=0.00s add=0.14s train=1.45s
[t=1161.7s] rebel stream solves=393216 raw=401/s balanced=401/s debt=0 rows steps=4608 horizon=0.00 games=61 over=554 card=8 drop=0 L=0.01056 L/var=0.06 tgt=+0.043/0.410 cfg/b=27753 prep=0.25s gpu=0.00s conv=0.00s add=0.13s train=1.51s
[t=1171.7s] rebel stream solves=396288 raw=400/s balanced=400/s debt=0 rows steps=4644 horizon=0.00 games=55 over=561 card=8 drop=0 L=0.01096 L/var=0.06 tgt=+0.070/0.422 cfg/b=28464 prep=0.18s gpu=0.00s conv=0.00s add=0.10s train=1.12s
[t=1181.9s] rebel stream solves=400384 raw=400/s balanced=400/s debt=0 rows steps=4692 horizon=0.00 games=70 over=564 card=8 drop=0 L=0.01052 L/var=0.06 tgt=+0.061/0.408 cfg/b=28229 prep=0.22s gpu=0.00s conv=0.00s add=0.14s train=1.48s
[t=1191.9s] rebel stream solves=403456 raw=399/s balanced=399/s debt=0 rows steps=4728 horizon=0.00 games=58 over=566 card=8 drop=0 L=0.01129 L/var=0.07 tgt=+0.060/0.411 cfg/b=28046 prep=0.20s gpu=0.00s conv=0.00s add=0.08s train=1.15s
[t=1202.0s] rebel stream solves=407552 raw=399/s balanced=399/s debt=0 rows steps=4776 horizon=0.00 games=76 over=577 card=8 drop=0 L=0.01110 L/var=0.06 tgt=+0.071/0.420 cfg/b=28388 prep=0.24s gpu=0.00s conv=0.00s add=0.13s train=1.50s
[t=1212.2s] rebel stream solves=411648 raw=399/s balanced=398/s debt=8192 rows steps=4816 horizon=0.00 games=73 over=582 card=8 drop=0 L=0.01068 L/var=0.06 tgt=+0.079/0.414 cfg/b=28581 prep=0.22s gpu=0.00s conv=0.00s add=0.14s train=1.33s
[t=1222.4s] rebel stream solves=415744 raw=399/s balanced=398/s debt=8192 rows steps=4864 horizon=0.00 games=78 over=585 card=8 drop=0 L=0.01072 L/var=0.06 tgt=+0.076/0.409 cfg/b=28487 prep=0.23s gpu=0.00s conv=0.00s add=0.13s train=1.51s
[t=1232.4s] rebel stream solves=418816 raw=398/s balanced=398/s debt=0 rows steps=4908 horizon=0.00 games=52 over=589 card=8 drop=0 L=0.01058 L/var=0.06 tgt=+0.081/0.410 cfg/b=28269 prep=0.21s gpu=0.00s conv=0.00s add=0.09s train=1.36s
[t=1242.5s] rebel stream solves=422912 raw=398/s balanced=398/s debt=0 rows steps=4956 horizon=0.00 games=77 over=593 card=8 drop=0 L=0.01087 L/var=0.06 tgt=+0.083/0.409 cfg/b=29000 prep=0.25s gpu=0.00s conv=0.00s add=0.15s train=1.51s
[t=1252.5s] rebel stream solves=427008 raw=398/s balanced=398/s debt=0 rows steps=5004 horizon=0.00 games=72 over=599 card=8 drop=0 L=0.01085 L/var=0.07 tgt=+0.079/0.404 cfg/b=28766 prep=0.23s gpu=0.00s conv=0.00s add=0.14s train=1.48s
[t=1260.5s] --- snapshot snap_03.pt (s3) ---
[t=1262.5s] rebel stream solves=431104 raw=398/s balanced=398/s debt=0 rows steps=5052 horizon=0.00 games=38 over=599 card=8 drop=0 L=0.01052 L/var=0.06 tgt=+0.086/0.413 cfg/b=28612 prep=0.23s gpu=0.00s conv=0.00s add=0.12s train=1.49s
[t=1265.9s] --- lr -> 2.50e-04 ---
[t=1272.5s] rebel stream solves=434176 raw=398/s balanced=398/s debt=0 rows steps=5088 horizon=0.00 games=59 over=602 card=8 drop=0 L=0.01076 L/var=0.06 tgt=+0.108/0.422 cfg/b=28493 prep=0.17s gpu=0.00s conv=0.00s add=0.10s train=1.12s
[t=1282.6s] rebel stream solves=438272 raw=398/s balanced=398/s debt=0 rows steps=5136 horizon=0.00 games=59 over=608 card=8 drop=0 L=0.01033 L/var=0.06 tgt=+0.117/0.426 cfg/b=28806 prep=0.24s gpu=0.00s conv=0.00s add=0.13s train=1.46s
[t=1292.7s] rebel stream solves=442368 raw=398/s balanced=398/s debt=0 rows steps=5184 horizon=0.00 games=63 over=611 card=8 drop=0 L=0.01031 L/var=0.06 tgt=+0.118/0.417 cfg/b=28392 prep=0.25s gpu=0.00s conv=0.00s add=0.14s train=1.50s
[t=1302.7s] rebel stream solves=445440 raw=397/s balanced=397/s debt=0 rows steps=5220 horizon=0.00 games=55 over=617 card=8 drop=0 L=0.01023 L/var=0.05 tgt=+0.131/0.432 cfg/b=28426 prep=0.17s gpu=0.00s conv=0.00s add=0.10s train=1.11s
[t=1312.8s] rebel stream solves=448512 raw=396/s balanced=396/s debt=0 rows steps=5256 horizon=0.00 games=56 over=619 card=9 drop=0 L=0.01019 L/var=0.05 tgt=+0.137/0.432 cfg/b=28474 prep=0.18s gpu=0.00s conv=0.00s add=0.10s train=1.10s
[t=1322.8s] rebel stream solves=452608 raw=396/s balanced=396/s debt=0 rows steps=5304 horizon=0.00 games=67 over=626 card=9 drop=0 L=0.01013 L/var=0.06 tgt=+0.158/0.426 cfg/b=28434 prep=0.24s gpu=0.00s conv=0.00s add=0.12s train=1.52s
[t=1332.8s] rebel stream solves=455680 raw=395/s balanced=395/s debt=0 rows steps=5340 horizon=0.00 games=52 over=632 card=10 drop=0 L=0.01027 L/var=0.06 tgt=+0.158/0.427 cfg/b=27558 prep=0.20s gpu=0.00s conv=0.00s add=0.08s train=1.14s
[t=1342.8s] rebel stream solves=459776 raw=396/s balanced=396/s debt=0 rows steps=5388 horizon=0.00 games=49 over=638 card=10 drop=0 L=0.01055 L/var=0.06 tgt=+0.164/0.423 cfg/b=27926 prep=0.23s gpu=0.00s conv=0.00s add=0.12s train=1.48s
[t=1352.9s] rebel stream solves=463872 raw=396/s balanced=396/s debt=0 rows steps=5436 horizon=0.00 games=62 over=642 card=10 drop=0 L=0.01004 L/var=0.06 tgt=+0.160/0.424 cfg/b=27794 prep=0.22s gpu=0.00s conv=0.00s add=0.13s train=1.43s
[t=1362.9s] rebel stream solves=466944 raw=395/s balanced=395/s debt=0 rows steps=5472 horizon=0.00 games=53 over=650 card=10 drop=0 L=0.01013 L/var=0.05 tgt=+0.192/0.430 cfg/b=27857 prep=0.18s gpu=0.00s conv=0.00s add=0.10s train=1.15s
[t=1372.9s] rebel stream solves=470016 raw=394/s balanced=394/s debt=0 rows steps=5508 horizon=0.00 games=43 over=657 card=10 drop=0 L=0.01044 L/var=0.06 tgt=+0.183/0.419 cfg/b=27966 prep=0.16s gpu=0.00s conv=0.00s add=0.09s train=1.09s
[t=1382.9s] rebel stream solves=474112 raw=394/s balanced=394/s debt=0 rows steps=5556 horizon=0.00 games=87 over=660 card=10 drop=0 L=0.01033 L/var=0.06 tgt=+0.193/0.427 cfg/b=27774 prep=0.23s gpu=0.00s conv=0.00s add=0.15s train=1.52s
[t=1393.0s] rebel stream solves=477184 raw=394/s balanced=394/s debt=0 rows steps=5592 horizon=0.00 games=52 over=665 card=10 drop=0 L=0.01041 L/var=0.06 tgt=+0.202/0.416 cfg/b=27628 prep=0.19s gpu=0.00s conv=0.00s add=0.11s train=1.12s
[t=1403.0s] rebel stream solves=480256 raw=393/s balanced=393/s debt=0 rows steps=5628 horizon=0.00 games=38 over=671 card=10 drop=0 L=0.01025 L/var=0.06 tgt=+0.202/0.426 cfg/b=27785 prep=0.23s gpu=0.00s conv=0.00s add=0.09s train=1.20s
[t=1413.0s] rebel stream solves=484352 raw=393/s balanced=393/s debt=0 rows steps=5676 horizon=0.00 games=51 over=678 card=10 drop=0 L=0.01012 L/var=0.06 tgt=+0.207/0.420 cfg/b=27758 prep=0.25s gpu=0.00s conv=0.00s add=0.12s train=1.52s
[t=1423.2s] rebel stream solves=488448 raw=393/s balanced=393/s debt=0 rows steps=5724 horizon=0.00 games=58 over=683 card=10 drop=0 L=0.01070 L/var=0.06 tgt=+0.210/0.420 cfg/b=27810 prep=0.24s gpu=0.00s conv=0.00s add=0.14s train=1.52s
[t=1433.3s] rebel stream solves=491520 raw=392/s balanced=392/s debt=0 rows steps=5760 horizon=0.00 games=58 over=687 card=10 drop=0 L=0.01027 L/var=0.06 tgt=+0.218/0.419 cfg/b=28003 prep=0.17s gpu=0.00s conv=0.00s add=0.10s train=1.10s
[t=1443.3s] rebel stream solves=495616 raw=392/s balanced=392/s debt=0 rows steps=5808 horizon=0.02 games=41 over=692 card=10 drop=0 L=0.01033 L/var=0.06 tgt=+0.245/0.417 cfg/b=27849 prep=0.24s gpu=0.00s conv=0.00s add=0.13s train=1.45s
[t=1453.3s] rebel stream solves=498688 raw=392/s balanced=392/s debt=0 rows steps=5844 horizon=0.00 games=48 over=697 card=10 drop=0 L=0.01030 L/var=0.06 tgt=+0.276/0.411 cfg/b=27674 prep=0.19s gpu=0.00s conv=0.00s add=0.10s train=1.18s
[t=1463.3s] rebel stream solves=501760 raw=391/s balanced=391/s debt=0 rows steps=5880 horizon=0.00 games=43 over=703 card=10 drop=0 L=0.01046 L/var=0.06 tgt=+0.255/0.422 cfg/b=28193 prep=0.20s gpu=0.00s conv=0.00s add=0.11s train=1.17s
[t=1473.4s] rebel stream solves=504832 raw=390/s balanced=390/s debt=0 rows steps=5916 horizon=0.00 games=39 over=707 card=10 drop=0 L=0.01013 L/var=0.06 tgt=+0.251/0.413 cfg/b=28107 prep=0.16s gpu=0.00s conv=0.00s add=0.09s train=1.05s
[t=1483.7s] rebel stream solves=508928 raw=390/s balanced=390/s debt=0 rows steps=5964 horizon=0.00 games=75 over=716 card=10 drop=0 L=0.00999 L/var=0.06 tgt=+0.272/0.403 cfg/b=27964 prep=0.28s gpu=0.00s conv=0.00s add=0.12s train=1.57s
[t=1493.8s] rebel stream solves=512000 raw=390/s balanced=390/s debt=0 rows steps=6000 horizon=0.00 games=43 over=723 card=10 drop=0 L=0.01034 L/var=0.06 tgt=+0.268/0.403 cfg/b=27890 prep=0.20s gpu=0.00s conv=0.00s add=0.11s train=1.15s
[t=1503.8s] rebel stream solves=515072 raw=389/s balanced=389/s debt=0 rows steps=6036 horizon=0.00 games=40 over=728 card=10 drop=0 L=0.01029 L/var=0.06 tgt=+0.281/0.402 cfg/b=28064 prep=0.17s gpu=0.00s conv=0.00s add=0.09s train=1.10s
[t=1514.2s] rebel stream solves=519168 raw=389/s balanced=389/s debt=4096 rows steps=6080 horizon=0.01 games=65 over=734 card=10 drop=0 L=0.01047 L/var=0.07 tgt=+0.290/0.395 cfg/b=27894 prep=0.22s gpu=0.00s conv=0.00s add=0.14s train=1.32s
[t=1524.2s] rebel stream solves=522240 raw=389/s balanced=389/s debt=0 rows steps=6120 horizon=0.00 games=35 over=740 card=10 drop=0 L=0.01007 L/var=0.06 tgt=+0.295/0.398 cfg/b=28289 prep=0.20s gpu=0.00s conv=0.00s add=0.10s train=1.25s
[t=1534.2s] rebel stream solves=525312 raw=388/s balanced=388/s debt=0 rows steps=6156 horizon=0.00 games=54 over=744 card=10 drop=0 L=0.01046 L/var=0.07 tgt=+0.298/0.384 cfg/b=28240 prep=0.20s gpu=0.00s conv=0.00s add=0.11s train=1.17s
[t=1544.2s] rebel stream solves=528384 raw=387/s balanced=387/s debt=0 rows steps=6192 horizon=0.00 games=36 over=749 card=10 drop=0 L=0.01008 L/var=0.06 tgt=+0.314/0.396 cfg/b=27992 prep=0.20s gpu=0.00s conv=0.00s add=0.12s train=1.16s
[t=1554.2s] rebel stream solves=531456 raw=387/s balanced=387/s debt=0 rows steps=6228 horizon=0.00 games=32 over=754 card=10 drop=0 L=0.01003 L/var=0.07 tgt=+0.315/0.384 cfg/b=28525 prep=0.18s gpu=0.00s conv=0.00s add=0.11s train=1.14s
[t=1564.6s] rebel stream solves=534528 raw=386/s balanced=386/s debt=8192 rows steps=6256 horizon=0.00 games=20 over=763 card=10 drop=0 L=0.01046 L/var=0.07 tgt=+0.329/0.391 cfg/b=28379 prep=0.13s gpu=0.00s conv=0.00s add=0.11s train=0.87s
[t=1574.6s] rebel stream solves=537600 raw=386/s balanced=386/s debt=0 rows steps=6300 horizon=0.00 games=40 over=770 card=10 drop=0 L=0.01033 L/var=0.07 tgt=+0.344/0.385 cfg/b=28262 prep=0.20s gpu=0.00s conv=0.00s add=0.11s train=1.33s
[t=1584.7s] rebel stream solves=539648 raw=384/s balanced=384/s debt=0 rows steps=6324 horizon=0.00 games=33 over=773 card=10 drop=0 L=0.01021 L/var=0.07 tgt=+0.345/0.385 cfg/b=27884 prep=0.12s gpu=0.00s conv=0.00s add=0.07s train=0.80s
[t=1594.7s] rebel stream solves=542720 raw=384/s balanced=384/s debt=0 rows steps=6360 horizon=0.00 games=26 over=778 card=10 drop=0 L=0.01047 L/var=0.07 tgt=+0.331/0.374 cfg/b=28388 prep=0.21s gpu=0.00s conv=0.00s add=0.10s train=1.18s
[t=1604.7s] rebel stream solves=545792 raw=383/s balanced=383/s debt=0 rows steps=6396 horizon=0.02 games=46 over=784 card=10 drop=0 L=0.01020 L/var=0.07 tgt=+0.350/0.383 cfg/b=28293 prep=0.22s gpu=0.00s conv=0.00s add=0.09s train=1.15s
[t=1614.8s] rebel stream solves=548864 raw=383/s balanced=383/s debt=0 rows steps=6432 horizon=0.00 games=27 over=791 card=10 drop=0 L=0.01019 L/var=0.07 tgt=+0.346/0.395 cfg/b=28074 prep=0.17s gpu=0.00s conv=0.00s add=0.11s train=1.11s
[t=1620.7s] --- snapshot snap_04.pt (s4) ---
[t=1624.8s] rebel stream solves=551936 raw=382/s balanced=382/s debt=0 rows steps=6468 horizon=0.00 games=50 over=793 card=10 drop=0 L=0.01031 L/var=0.07 tgt=+0.361/0.389 cfg/b=27945 prep=0.18s gpu=0.00s conv=0.00s add=0.09s train=1.14s
[t=1634.8s] rebel stream solves=555008 raw=382/s balanced=382/s debt=0 rows steps=6504 horizon=0.00 games=28 over=798 card=10 drop=0 L=0.00994 L/var=0.07 tgt=+0.363/0.381 cfg/b=27631 prep=0.21s gpu=0.00s conv=0.00s add=0.08s train=1.15s
[t=1644.8s] rebel stream solves=558080 raw=381/s balanced=381/s debt=0 rows steps=6540 horizon=0.00 games=38 over=801 card=10 drop=0 L=0.00981 L/var=0.07 tgt=+0.366/0.377 cfg/b=28337 prep=0.19s gpu=0.00s conv=0.00s add=0.08s train=1.14s
[t=1655.1s] rebel stream solves=561152 raw=381/s balanced=381/s debt=0 rows steps=6576 horizon=0.12 games=40 over=805 card=10 drop=0 L=0.01003 L/var=0.07 tgt=+0.371/0.391 cfg/b=27617 prep=0.20s gpu=0.00s conv=0.00s add=0.10s train=1.18s
[t=1665.5s] rebel stream solves=564224 raw=380/s balanced=380/s debt=4096 rows steps=6608 horizon=0.46 games=50 over=812 card=10 drop=0 L=0.00998 L/var=0.07 tgt=+0.374/0.372 cfg/b=28125 prep=0.16s gpu=0.00s conv=0.00s add=0.09s train=1.03s
[t=1675.9s] rebel stream solves=567296 raw=379/s balanced=379/s debt=8192 rows steps=6640 horizon=0.30 games=47 over=820 card=10 drop=0 L=0.01032 L/var=0.07 tgt=+0.373/0.388 cfg/b=27582 prep=0.23s gpu=0.00s conv=0.00s add=0.11s train=1.05s
[t=1685.9s] rebel stream solves=569344 raw=378/s balanced=378/s debt=0 rows steps=6672 horizon=0.22 games=23 over=823 card=10 drop=0 L=0.00998 L/var=0.07 tgt=+0.359/0.382 cfg/b=27776 prep=0.16s gpu=0.00s conv=0.00s add=0.06s train=0.96s
[t=1695.9s] rebel stream solves=573440 raw=378/s balanced=378/s debt=0 rows steps=6720 horizon=0.25 games=64 over=829 card=10 drop=0 L=0.00995 L/var=0.07 tgt=+0.373/0.388 cfg/b=27870 prep=0.24s gpu=0.00s conv=0.00s add=0.12s train=1.48s
[t=1705.9s] rebel stream solves=576512 raw=378/s balanced=378/s debt=0 rows steps=6756 horizon=0.17 games=54 over=835 card=10 drop=0 L=0.01017 L/var=0.07 tgt=+0.372/0.382 cfg/b=27816 prep=0.17s gpu=0.00s conv=0.00s add=0.11s train=1.13s
[t=1716.1s] rebel stream solves=579584 raw=377/s balanced=377/s debt=0 rows steps=6792 horizon=0.12 games=40 over=845 card=10 drop=0 L=0.01013 L/var=0.07 tgt=+0.384/0.385 cfg/b=27386 prep=0.18s gpu=0.00s conv=0.00s add=0.12s train=1.14s
[t=1726.1s] rebel stream solves=582656 raw=377/s balanced=377/s debt=0 rows steps=6828 horizon=0.24 games=59 over=851 card=10 drop=0 L=0.00984 L/var=0.07 tgt=+0.370/0.374 cfg/b=27607 prep=0.19s gpu=0.00s conv=0.00s add=0.10s train=1.14s
[t=1736.2s] rebel stream solves=586752 raw=377/s balanced=377/s debt=0 rows steps=6876 horizon=0.27 games=75 over=856 card=10 drop=0 L=0.01008 L/var=0.07 tgt=+0.375/0.374 cfg/b=27550 prep=0.25s gpu=0.00s conv=0.00s add=0.12s train=1.52s
[t=1746.3s] rebel stream solves=589824 raw=377/s balanced=377/s debt=0 rows steps=6912 horizon=0.13 games=39 over=862 card=10 drop=0 L=0.01003 L/var=0.07 tgt=+0.358/0.372 cfg/b=27364 prep=0.17s gpu=0.00s conv=0.00s add=0.09s train=1.10s
[t=1756.3s] rebel stream solves=592896 raw=376/s balanced=376/s debt=0 rows steps=6948 horizon=0.14 games=44 over=871 card=10 drop=0 L=0.01036 L/var=0.08 tgt=+0.386/0.367 cfg/b=27564 prep=0.18s gpu=0.00s conv=0.00s add=0.10s train=1.14s
[t=1766.4s] rebel stream solves=594944 raw=375/s balanced=375/s debt=0 rows steps=6972 horizon=0.14 games=28 over=879 card=10 drop=0 L=0.01002 L/var=0.07 tgt=+0.368/0.385 cfg/b=27563 prep=0.11s gpu=0.00s conv=0.00s add=0.07s train=0.74s
[t=1776.4s] rebel stream solves=598016 raw=375/s balanced=375/s debt=0 rows steps=7008 horizon=0.08 games=48 over=883 card=10 drop=0 L=0.01007 L/var=0.08 tgt=+0.379/0.364 cfg/b=27592 prep=0.20s gpu=0.00s conv=0.00s add=0.10s train=1.15s
[t=1780.0s] --- stopping GPU admission; draining ---
[t=1784.7s] rebel stream solves=600809 raw=375/s balanced=374/s debt=748 rows steps=7040 horizon=0.04 games=23 over=892 card=10 drop=0 L=0.01022 L/var=0.08 tgt=+0.392/0.364 cfg/b=27721 prep=0.18s gpu=0.00s conv=0.00s add=0.09s train=1.00s
[gpu-summary] solves=600809 optimizer_rows=7208960 debt=748 raw=371.0/s balanced=370.9/s horizon=0.01 games=9268 over=892 card=10 exact=0 censored=4608 dropped=0 overrun=0.00s
[t=1800.0s] --- snapshot snap_05.pt (final) ---
[ladder] 7 players, 3360 games (20/batch, cap 560/pair)
  seed                    greedy vs value_v4_research32.init W  7 L  6 D  7  n= 20  score 0.525
  seed                    greedy vs value_v4_research32.final W  0 L 16 D  4  n= 20  score 0.100  stop
  seed  value_v4_research32.init vs value_v4_research32.s1   W  2 L 16 D  2  n= 20  score 0.150  stop
  seed    value_v4_research32.s1 vs value_v4_research32.s2   W  4 L 13 D  3  n= 20  score 0.275
  seed    value_v4_research32.s2 vs value_v4_research32.s3   W  7 L 11 D  2  n= 20  score 0.400
  seed    value_v4_research32.s3 vs value_v4_research32.s4   W  8 L  6 D  6  n= 20  score 0.550
  seed    value_v4_research32.s4 vs value_v4_research32.final W  7 L  7 D  6  n= 20  score 0.500
  swiss   value_v4_research32.s2 vs value_v4_research32.final W 11 L  6 D  3  n= 20  score 0.625
  swiss                   greedy vs value_v4_research32.init W  5 L  4 D 11  n= 40  score 0.525
  swiss                   greedy vs value_v4_research32.init W 10 L  4 D  6  n= 60  score 0.567
  swiss   value_v4_research32.s2 vs value_v4_research32.s4   W  8 L  7 D  5  n= 20  score 0.525
