[train] runs/gt_batch2048_smoke at 1feb485+dirty seed=1 {'minutes': 1.0, 'warm_minutes': 0.2, 'snapshot_every': 1.0, 'ladder_games': 0, 'nodes': 64, 'expand': 1, 'iters': 8, 'config_cap': 256, 'batch': 2048, 'note': 'batch-2048-throughput-ablation'}
[train] batch-2048-throughput-ablation
[train] CUDA stream priority -1
[train] search inference on CPU
[cfg] PUBFEAT=897 CFEAT=15 architecture=gt-cfr nodes=64 expand=1 iters=8 budget=60s warm=12s snapshot_every=1min device=cuda:1 draft=random train_gen_ratio=64.0 recent_mix=0.5/0.2 canonical_views=2 cap=2000000 matmul=high
[t=   1.1s] greedy ep  0 games=  96 dec= 18968 rows= 18118 horizon=0.30 L=0.47014 L/var=3.19 tgt=-0.065/0.384 pstd=0.038 gen=0.1s train=0.9s
[t=   1.6s] greedy ep  1 games=  96 dec= 18844 rows= 18051 horizon=0.33 L=0.21703 L/var=1.25 tgt=-0.083/0.417 pstd=0.038 gen=0.1s train=0.3s
[t=   2.1s] greedy ep  2 games=  96 dec= 18181 rows= 17414 horizon=0.27 L=0.22892 L/var=1.45 tgt=-0.076/0.397 pstd=0.061 gen=0.1s train=0.3s
[t=   2.6s] greedy ep  3 games=  96 dec= 17989 rows= 17120 horizon=0.26 L=0.20958 L/var=1.38 tgt=-0.077/0.389 pstd=0.087 gen=0.1s train=0.3s
[t=   3.1s] greedy ep  4 games=  96 dec= 18823 rows= 18078 horizon=0.29 L=0.19814 L/var=1.29 tgt=-0.064/0.392 pstd=0.103 gen=0.1s train=0.3s
[t=   3.7s] greedy ep  5 games=  96 dec= 18924 rows= 18146 horizon=0.33 L=0.20238 L/var=1.37 tgt=-0.051/0.384 pstd=0.100 gen=0.1s train=0.3s
[t=   4.1s] greedy ep  6 games=  96 dec= 17615 rows= 16921 horizon=0.26 L=0.19713 L/var=1.22 tgt=-0.082/0.402 pstd=0.156 gen=0.1s train=0.3s
[t=   4.7s] greedy ep  7 games=  96 dec= 18608 rows= 17786 horizon=0.36 L=0.19228 L/var=1.11 tgt=-0.092/0.417 pstd=0.232 gen=0.1s train=0.4s
[t=   5.2s] greedy ep  8 games=  96 dec= 19040 rows= 18296 horizon=0.36 L=0.18113 L/var=1.14 tgt=-0.064/0.398 pstd=0.194 gen=0.1s train=0.3s
[t=   5.7s] greedy ep  9 games=  96 dec= 18200 rows= 17459 horizon=0.27 L=0.16503 L/var=0.98 tgt=-0.090/0.411 pstd=0.236 gen=0.1s train=0.3s
[t=   6.3s] greedy ep 10 games=  96 dec= 17927 rows= 17200 horizon=0.24 L=0.14008 L/var=0.86 tgt=-0.082/0.404 pstd=0.305 gen=0.1s train=0.4s
[t=   6.8s] greedy ep 11 games=  96 dec= 17941 rows= 17162 horizon=0.28 L=0.09993 L/var=0.63 tgt=-0.100/0.400 pstd=0.386 gen=0.1s train=0.3s
[t=   7.3s] greedy ep 12 games=  96 dec= 17384 rows= 16648 horizon=0.25 L=0.06525 L/var=0.48 tgt=-0.053/0.370 pstd=0.333 gen=0.1s train=0.3s
[t=   7.8s] greedy ep 13 games=  96 dec= 18153 rows= 17377 horizon=0.28 L=0.05040 L/var=0.32 tgt=-0.090/0.400 pstd=0.358 gen=0.1s train=0.3s
[t=   8.3s] greedy ep 14 games=  96 dec= 18097 rows= 17377 horizon=0.26 L=0.04411 L/var=0.29 tgt=-0.061/0.388 pstd=0.372 gen=0.1s train=0.3s
[t=   8.8s] greedy ep 15 games=  96 dec= 18356 rows= 17581 horizon=0.30 L=0.03605 L/var=0.22 tgt=-0.075/0.407 pstd=0.386 gen=0.1s train=0.4s
[t=   9.4s] greedy ep 16 games=  96 dec= 19141 rows= 18328 horizon=0.32 L=0.03192 L/var=0.20 tgt=-0.060/0.400 pstd=0.371 gen=0.1s train=0.3s
[t=   9.9s] greedy ep 17 games=  96 dec= 18885 rows= 18173 horizon=0.30 L=0.02926 L/var=0.17 tgt=-0.075/0.410 pstd=0.366 gen=0.1s train=0.3s
[t=  10.4s] greedy ep 18 games=  96 dec= 17886 rows= 17103 horizon=0.25 L=0.02812 L/var=0.19 tgt=-0.064/0.386 pstd=0.366 gen=0.1s train=0.3s
[t=  10.9s] greedy ep 19 games=  96 dec= 17738 rows= 16961 horizon=0.23 L=0.02603 L/var=0.14 tgt=-0.108/0.433 pstd=0.369 gen=0.1s train=0.3s
[t=  11.4s] greedy ep 20 games=  96 dec= 17716 rows= 17039 horizon=0.28 L=0.02419 L/var=0.13 tgt=-0.090/0.429 pstd=0.383 gen=0.1s train=0.3s
[t=  11.8s] greedy ep 21 games=  96 dec= 17777 rows= 17032 horizon=0.23 L=0.02213 L/var=0.14 tgt=-0.097/0.401 pstd=0.393 gen=0.1s train=0.3s
[t=  12.4s] greedy ep 22 games=  96 dec= 18472 rows= 17732 horizon=0.33 L=0.02131 L/var=0.14 tgt=-0.079/0.396 pstd=0.374 gen=0.1s train=0.3s
[t=  12.4s] --- snapshot snap_00.pt (init) ---
[t=  12.4s] --- switching to GT-CFR ---
[t=  22.6s] GT-CFR solves=7136 rate=698.9/s rows=16 games=0 caps=35 L=0.03224 L/var=0.12 tgt=-0.522/0.515 gen=0.11s train=0.03s gpu=0.00s
[t=  28.2s] --- lr -> 5.00e-04 ---
[t=  32.6s] GT-CFR solves=16224 rate=802.2/s rows=28 games=0 caps=49 L=0.04216 L/var=10.12 tgt=-0.006/0.065 gen=0.12s train=0.04s gpu=0.00s
[t=  42.6s] GT-CFR solves=24224 rate=800.7/s rows=25 games=0 caps=58 L=0.03839 L/var=0.19 tgt=+0.316/0.444 gen=0.10s train=0.04s gpu=0.00s
[t=  44.6s] --- lr -> 2.50e-04 ---
[t=  52.7s] GT-CFR solves=33728 rate=837.4/s rows=34 games=0 caps=90 L=0.04291 L/var=29.52 tgt=-0.010/0.038 gen=0.14s train=0.04s gpu=0.00s
[GT-CFR-summary] solves=40256 optimizer_rows=2576384 rate=845.5/s horizon=0.48 games=188 caps=94
[t=  80.9s] --- snapshot snap_01.pt (final) ---
