[cfg] FEAT=812 NHAND=56 hidden=384 depth=2 iters=8 budget=600s warm=90s device=cpu draft=starter
[t=   0.9s] greedy ep  0 games=  96 dec= 17663 cap=0.33 cfgs= 23.5 L=0.07171 tgt=+0.009/0.481 pstd=0.501 capv=0.000 gen=0.1s train=0.7s
[t=   1.6s] greedy ep  1 games=  96 dec= 17463 cap=0.31 cfgs= 24.8 L=0.04953 tgt=+0.010/0.496 pstd=0.475 capv=0.000 gen=0.1s train=0.6s
[t=   2.4s] greedy ep  2 games=  96 dec= 16863 cap=0.28 cfgs= 25.5 L=0.05143 tgt=+0.001/0.536 pstd=0.496 capv=0.000 gen=0.1s train=0.6s
[t=   3.2s] greedy ep  3 games=  96 dec= 17691 cap=0.33 cfgs= 23.6 L=0.04781 tgt=+0.012/0.485 pstd=0.499 capv=0.000 gen=0.1s train=0.7s
[t=   4.1s] greedy ep  4 games=  96 dec= 17283 cap=0.30 cfgs= 24.6 L=0.04790 tgt=+0.005/0.508 pstd=0.506 capv=0.000 gen=0.1s train=0.6s
[t=   4.9s] greedy ep  5 games=  96 dec= 17735 cap=0.32 cfgs= 23.0 L=0.04875 tgt=+0.002/0.487 pstd=0.495 capv=0.000 gen=0.1s train=0.7s
[t=   5.8s] greedy ep  6 games=  96 dec= 18025 cap=0.38 cfgs= 23.9 L=0.04687 tgt=+0.004/0.490 pstd=0.497 capv=0.000 gen=0.1s train=0.7s
[t=   6.6s] greedy ep  7 games=  96 dec= 18138 cap=0.33 cfgs= 23.5 L=0.04644 tgt=+0.005/0.470 pstd=0.509 capv=0.000 gen=0.1s train=0.7s
[t=   7.4s] greedy ep  8 games=  96 dec= 16418 cap=0.24 cfgs= 24.6 L=0.04883 tgt=+0.012/0.524 pstd=0.498 capv=0.000 gen=0.1s train=0.6s
[t=   8.2s] greedy ep  9 games=  96 dec= 17028 cap=0.28 cfgs= 24.5 L=0.05275 tgt=+0.015/0.483 pstd=0.494 capv=0.000 gen=0.1s train=0.6s
[t=   9.0s] greedy ep 10 games=  96 dec= 17118 cap=0.27 cfgs= 23.3 L=0.05352 tgt=+0.011/0.499 pstd=0.518 capv=0.000 gen=0.1s train=0.6s
[t=   9.9s] greedy ep 11 games=  96 dec= 16602 cap=0.26 cfgs= 26.8 L=0.05661 tgt=+0.017/0.519 pstd=0.483 capv=0.000 gen=0.1s train=0.7s
[t=  10.7s] greedy ep 12 games=  96 dec= 16834 cap=0.25 cfgs= 25.5 L=0.05631 tgt=+0.014/0.492 pstd=0.481 capv=0.000 gen=0.1s train=0.6s
[t=  11.6s] greedy ep 13 games=  96 dec= 16975 cap=0.28 cfgs= 24.8 L=0.05735 tgt=+0.003/0.495 pstd=0.463 capv=0.000 gen=0.1s train=0.6s
[t=  12.5s] greedy ep 14 games=  96 dec= 18236 cap=0.36 cfgs= 24.7 L=0.05868 tgt=+0.000/0.469 pstd=0.484 capv=0.000 gen=0.1s train=0.7s
[t=  13.4s] greedy ep 15 games=  96 dec= 16830 cap=0.26 cfgs= 25.4 L=0.05936 tgt=-0.003/0.519 pstd=0.481 capv=0.000 gen=0.2s train=0.7s
[t=  14.3s] greedy ep 16 games=  96 dec= 16653 cap=0.26 cfgs= 24.9 L=0.06085 tgt=+0.015/0.518 pstd=0.476 capv=0.000 gen=0.1s train=0.6s
[t=  15.2s] greedy ep 17 games=  96 dec= 18020 cap=0.35 cfgs= 24.0 L=0.05798 tgt=+0.017/0.479 pstd=0.453 capv=0.000 gen=0.1s train=0.7s
[t=  16.2s] greedy ep 18 games=  96 dec= 17357 cap=0.30 cfgs= 24.2 L=0.06024 tgt=+0.012/0.496 pstd=0.451 capv=0.000 gen=0.1s train=0.7s
[t=  17.4s] greedy ep 19 games=  96 dec= 18933 cap=0.46 cfgs= 23.3 L=0.06058 tgt=-0.004/0.450 pstd=0.446 capv=0.000 gen=0.1s train=0.8s
[t=  18.3s] greedy ep 20 games=  96 dec= 17217 cap=0.26 cfgs= 25.7 L=0.06197 tgt=+0.022/0.520 pstd=0.469 capv=0.000 gen=0.1s train=0.7s
[t=  19.4s] greedy ep 21 games=  96 dec= 17364 cap=0.30 cfgs= 23.6 L=0.05983 tgt=+0.009/0.475 pstd=0.448 capv=0.000 gen=0.1s train=0.7s
[t=  20.5s] greedy ep 22 games=  96 dec= 17748 cap=0.36 cfgs= 25.1 L=0.06243 tgt=-0.007/0.466 pstd=0.471 capv=0.000 gen=0.2s train=0.7s
[t=  21.5s] greedy ep 23 games=  96 dec= 16126 cap=0.22 cfgs= 25.7 L=0.06212 tgt=+0.011/0.519 pstd=0.454 capv=0.000 gen=0.1s train=0.7s
[t=  22.7s] greedy ep 24 games=  96 dec= 18560 cap=0.42 cfgs= 22.9 L=0.06257 tgt=+0.008/0.444 pstd=0.467 capv=0.000 gen=0.1s train=0.8s
[t=  23.7s] greedy ep 25 games=  96 dec= 17402 cap=0.31 cfgs= 23.9 L=0.06229 tgt=+0.004/0.502 pstd=0.460 capv=0.000 gen=0.1s train=0.7s
[t=  24.8s] greedy ep 26 games=  96 dec= 18245 cap=0.38 cfgs= 22.2 L=0.06299 tgt=+0.019/0.462 pstd=0.444 capv=0.000 gen=0.1s train=0.7s
[t=  26.1s] greedy ep 27 games=  96 dec= 18252 cap=0.36 cfgs= 23.2 L=0.06348 tgt=+0.011/0.468 pstd=0.454 capv=0.000 gen=0.2s train=0.8s
[t=  27.2s] greedy ep 28 games=  96 dec= 16622 cap=0.24 cfgs= 26.2 L=0.06562 tgt=+0.021/0.528 pstd=0.467 capv=0.000 gen=0.1s train=0.7s
[t=  28.4s] greedy ep 29 games=  96 dec= 17551 cap=0.35 cfgs= 23.7 L=0.06642 tgt=+0.010/0.467 pstd=0.450 capv=0.000 gen=0.1s train=0.8s
[t=  29.5s] greedy ep 30 games=  96 dec= 17764 cap=0.34 cfgs= 22.7 L=0.06475 tgt=+0.010/0.498 pstd=0.456 capv=0.000 gen=0.1s train=0.7s
[t=  30.7s] greedy ep 31 games=  96 dec= 17543 cap=0.35 cfgs= 24.1 L=0.06644 tgt=+0.006/0.487 pstd=0.492 capv=0.000 gen=0.1s train=0.8s
[t=  31.8s] greedy ep 32 games=  96 dec= 17410 cap=0.28 cfgs= 25.0 L=0.06752 tgt=+0.012/0.520 pstd=0.480 capv=0.000 gen=0.1s train=0.7s
[t=  33.1s] greedy ep 33 games=  96 dec= 17308 cap=0.26 cfgs= 22.5 L=0.06747 tgt=+0.013/0.529 pstd=0.487 capv=0.000 gen=0.2s train=0.7s
[t=  34.3s] greedy ep 34 games=  96 dec= 17440 cap=0.33 cfgs= 24.1 L=0.06863 tgt=+0.002/0.502 pstd=0.438 capv=0.000 gen=0.1s train=0.8s
[t=  35.6s] greedy ep 35 games=  96 dec= 17831 cap=0.33 cfgs= 24.0 L=0.06827 tgt=+0.011/0.490 pstd=0.458 capv=0.000 gen=0.1s train=0.8s
[t=  36.9s] greedy ep 36 games=  96 dec= 17393 cap=0.25 cfgs= 24.2 L=0.06795 tgt=+0.017/0.508 pstd=0.448 capv=0.000 gen=0.2s train=0.8s
[t=  38.1s] greedy ep 37 games=  96 dec= 17234 cap=0.30 cfgs= 24.6 L=0.06814 tgt=+0.017/0.498 pstd=0.470 capv=0.000 gen=0.1s train=0.8s
[t=  39.3s] greedy ep 38 games=  96 dec= 16631 cap=0.25 cfgs= 25.1 L=0.06924 tgt=+0.009/0.532 pstd=0.468 capv=0.000 gen=0.1s train=0.7s
[t=  40.7s] greedy ep 39 games=  96 dec= 17350 cap=0.29 cfgs= 25.2 L=0.07142 tgt=+0.014/0.500 pstd=0.470 capv=0.000 gen=0.1s train=0.8s
[t=  41.9s] greedy ep 40 games=  96 dec= 16594 cap=0.24 cfgs= 26.4 L=0.07027 tgt=+0.006/0.496 pstd=0.438 capv=0.000 gen=0.1s train=0.7s
[t=  43.3s] greedy ep 41 games=  96 dec= 17185 cap=0.29 cfgs= 25.2 L=0.07083 tgt=-0.003/0.500 pstd=0.421 capv=0.000 gen=0.1s train=0.8s
[t=  45.0s] greedy ep 42 games=  96 dec= 19091 cap=0.45 cfgs= 22.7 L=0.07392 tgt=-0.006/0.451 pstd=0.438 capv=0.000 gen=0.3s train=0.9s
[t=  46.3s] greedy ep 43 games=  96 dec= 16718 cap=0.28 cfgs= 23.9 L=0.07271 tgt=-0.008/0.515 pstd=0.492 capv=0.000 gen=0.1s train=0.8s
[t=  47.7s] greedy ep 44 games=  96 dec= 16386 cap=0.21 cfgs= 25.6 L=0.07268 tgt=+0.003/0.525 pstd=0.442 capv=0.000 gen=0.1s train=0.8s
[t=  49.1s] greedy ep 45 games=  96 dec= 17749 cap=0.35 cfgs= 24.9 L=0.07233 tgt=+0.003/0.491 pstd=0.414 capv=0.000 gen=0.1s train=0.8s
[t=  50.6s] greedy ep 46 games=  96 dec= 17746 cap=0.30 cfgs= 23.9 L=0.07401 tgt=+0.004/0.494 pstd=0.437 capv=0.000 gen=0.1s train=0.8s
[t=  52.0s] greedy ep 47 games=  96 dec= 17606 cap=0.33 cfgs= 24.3 L=0.07315 tgt=+0.017/0.465 pstd=0.443 capv=0.000 gen=0.1s train=0.8s
[t=  53.4s] greedy ep 48 games=  96 dec= 17550 cap=0.31 cfgs= 25.5 L=0.07356 tgt=-0.000/0.500 pstd=0.417 capv=0.000 gen=0.1s train=0.8s
[t=  54.8s] greedy ep 49 games=  96 dec= 17250 cap=0.32 cfgs= 23.5 L=0.07588 tgt=+0.008/0.487 pstd=0.432 capv=0.000 gen=0.1s train=0.8s
[t=  56.3s] greedy ep 50 games=  96 dec= 17832 cap=0.32 cfgs= 23.7 L=0.07432 tgt=+0.017/0.486 pstd=0.416 capv=0.000 gen=0.1s train=0.8s
[t=  57.7s] greedy ep 51 games=  96 dec= 17923 cap=0.38 cfgs= 22.9 L=0.07499 tgt=+0.012/0.464 pstd=0.434 capv=0.000 gen=0.1s train=0.8s
[t=  59.1s] greedy ep 52 games=  96 dec= 17105 cap=0.30 cfgs= 23.7 L=0.07540 tgt=-0.009/0.489 pstd=0.423 capv=0.000 gen=0.1s train=0.8s
[t=  60.5s] greedy ep 53 games=  96 dec= 17117 cap=0.27 cfgs= 25.4 L=0.07556 tgt=+0.003/0.491 pstd=0.429 capv=0.000 gen=0.2s train=0.7s
[t=  62.0s] greedy ep 54 games=  96 dec= 17527 cap=0.30 cfgs= 25.8 L=0.07742 tgt=+0.003/0.515 pstd=0.419 capv=0.000 gen=0.1s train=0.8s
[t=  63.4s] greedy ep 55 games=  96 dec= 18462 cap=0.38 cfgs= 20.9 L=0.07571 tgt=+0.008/0.483 pstd=0.419 capv=0.000 gen=0.1s train=0.8s
[t=  64.8s] greedy ep 56 games=  96 dec= 16363 cap=0.24 cfgs= 25.6 L=0.07513 tgt=-0.003/0.525 pstd=0.420 capv=0.000 gen=0.1s train=0.7s
[t=  66.2s] greedy ep 57 games=  96 dec= 17612 cap=0.27 cfgs= 24.4 L=0.07688 tgt=+0.023/0.481 pstd=0.400 capv=0.000 gen=0.1s train=0.8s
[t=  67.5s] greedy ep 58 games=  96 dec= 17001 cap=0.28 cfgs= 25.3 L=0.07742 tgt=+0.014/0.494 pstd=0.426 capv=0.000 gen=0.1s train=0.8s
[t=  68.9s] greedy ep 59 games=  96 dec= 16968 cap=0.30 cfgs= 24.4 L=0.07784 tgt=+0.014/0.485 pstd=0.414 capv=0.000 gen=0.1s train=0.8s
[t=  70.6s] greedy ep 60 games=  96 dec= 16654 cap=0.27 cfgs= 25.3 L=0.07655 tgt=+0.004/0.516 pstd=0.390 capv=0.000 gen=0.5s train=0.7s
[t=  72.0s] greedy ep 61 games=  96 dec= 17045 cap=0.27 cfgs= 24.9 L=0.07690 tgt=+0.016/0.508 pstd=0.415 capv=0.000 gen=0.2s train=0.7s
[t=  73.5s] greedy ep 62 games=  96 dec= 16734 cap=0.26 cfgs= 24.1 L=0.07732 tgt=+0.004/0.507 pstd=0.411 capv=0.000 gen=0.2s train=0.8s
[t=  74.9s] greedy ep 63 games=  96 dec= 17926 cap=0.35 cfgs= 23.7 L=0.07642 tgt=+0.010/0.478 pstd=0.415 capv=0.000 gen=0.1s train=0.8s
[t=  76.2s] greedy ep 64 games=  96 dec= 17017 cap=0.30 cfgs= 25.5 L=0.07590 tgt=+0.007/0.480 pstd=0.387 capv=0.000 gen=0.1s train=0.7s
[t=  77.6s] greedy ep 65 games=  96 dec= 16910 cap=0.25 cfgs= 25.7 L=0.07682 tgt=+0.001/0.489 pstd=0.420 capv=0.000 gen=0.2s train=0.7s
[t=  79.2s] greedy ep 66 games=  96 dec= 17575 cap=0.30 cfgs= 24.0 L=0.07632 tgt=+0.001/0.473 pstd=0.410 capv=0.000 gen=0.1s train=0.8s
[t=  80.7s] greedy ep 67 games=  96 dec= 16018 cap=0.20 cfgs= 26.3 L=0.07819 tgt=+0.011/0.520 pstd=0.409 capv=0.000 gen=0.1s train=0.7s
[t=  82.3s] greedy ep 68 games=  96 dec= 17157 cap=0.26 cfgs= 26.1 L=0.07776 tgt=+0.030/0.516 pstd=0.425 capv=0.000 gen=0.3s train=0.8s
[t=  83.8s] greedy ep 69 games=  96 dec= 17396 cap=0.28 cfgs= 25.1 L=0.07759 tgt=+0.007/0.494 pstd=0.394 capv=0.000 gen=0.1s train=0.8s
[t=  85.6s] greedy ep 70 games=  96 dec= 17599 cap=0.35 cfgs= 25.2 L=0.07658 tgt=+0.001/0.503 pstd=0.408 capv=0.000 gen=0.1s train=1.1s
[t=  87.5s] greedy ep 71 games=  96 dec= 17152 cap=0.28 cfgs= 24.5 L=0.07686 tgt=+0.007/0.515 pstd=0.408 capv=0.000 gen=0.1s train=1.0s
[t=  89.5s] greedy ep 72 games=  96 dec= 17020 cap=0.28 cfgs= 26.2 L=0.07648 tgt=-0.001/0.491 pstd=0.439 capv=0.000 gen=0.2s train=0.9s
[t=  91.1s] greedy ep 73 games=  96 dec= 16518 cap=0.26 cfgs= 26.4 L=0.07646 tgt=+0.004/0.509 pstd=0.395 capv=0.000 gen=0.1s train=0.9s
[t=  91.1s] --- initial checkpoint saved, switching to ReBeL ---
[t=  98.1s] rebel  ep 74 games=  48 dec=  8148 cap=0.15 cfgs= 26.0 L=0.01456 tgt=+0.012/0.399 pstd=0.357 capv=0.000 gen=6.8s train=0.1s
[t= 104.3s] rebel  ep 75 games=  48 dec=  7514 cap=0.12 cfgs= 23.5 L=0.01117 tgt=+0.005/0.381 pstd=0.358 capv=0.000 gen=6.1s train=0.2s
[t= 111.9s] rebel  ep 76 games=  48 dec=  7408 cap=0.06 cfgs= 26.9 L=0.01022 tgt=+0.007/0.389 pstd=0.353 capv=0.000 gen=7.3s train=0.2s
[t= 118.9s] rebel  ep 77 games=  48 dec=  7390 cap=0.10 cfgs= 24.9 L=0.00933 tgt=+0.002/0.373 pstd=0.356 capv=0.000 gen=6.8s train=0.2s
[t= 124.8s] rebel  ep 78 games=  48 dec=  6916 cap=0.04 cfgs= 25.1 L=0.00872 tgt=+0.001/0.360 pstd=0.351 capv=0.000 gen=5.8s train=0.1s
[t= 131.2s] rebel  ep 79 games=  48 dec=  7383 cap=0.08 cfgs= 24.6 L=0.00857 tgt=+0.024/0.374 pstd=0.350 capv=0.000 gen=6.2s train=0.1s
[t= 137.4s] rebel  ep 80 games=  48 dec=  6252 cap=0.02 cfgs= 25.8 L=0.00844 tgt=-0.002/0.343 pstd=0.359 capv=0.000 gen=6.0s train=0.1s
[t= 143.8s] rebel  ep 81 games=  48 dec=  6746 cap=0.04 cfgs= 25.2 L=0.00848 tgt=+0.015/0.367 pstd=0.355 capv=0.000 gen=6.3s train=0.1s
[t= 150.6s] rebel  ep 82 games=  48 dec=  7146 cap=0.06 cfgs= 23.3 L=0.00795 tgt=+0.014/0.382 pstd=0.353 capv=0.000 gen=6.6s train=0.2s
[t= 157.3s] rebel  ep 83 games=  48 dec=  6228 cap=0.00 cfgs= 24.6 L=0.00803 tgt=-0.010/0.378 pstd=0.359 capv=0.000 gen=6.5s train=0.1s
[t= 164.3s] rebel  ep 84 games=  48 dec=  6944 cap=0.10 cfgs= 23.8 L=0.00784 tgt=+0.019/0.357 pstd=0.355 capv=0.000 gen=6.8s train=0.2s
[t= 171.2s] rebel  ep 85 games=  48 dec=  6463 cap=0.06 cfgs= 22.6 L=0.00824 tgt=-0.000/0.347 pstd=0.354 capv=0.000 gen=6.7s train=0.2s
[t= 178.3s] rebel  ep 86 games=  48 dec=  5943 cap=0.04 cfgs= 25.0 L=0.00806 tgt=-0.001/0.357 pstd=0.358 capv=0.000 gen=6.9s train=0.1s
[t= 186.8s] rebel  ep 87 games=  48 dec=  6759 cap=0.08 cfgs= 23.4 L=0.00757 tgt=-0.004/0.331 pstd=0.360 capv=0.000 gen=8.3s train=0.2s
[t= 194.9s] rebel  ep 88 games=  48 dec=  6082 cap=0.02 cfgs= 26.6 L=0.00785 tgt=+0.006/0.343 pstd=0.357 capv=0.000 gen=7.9s train=0.1s
[t= 202.6s] rebel  ep 89 games=  48 dec=  6355 cap=0.10 cfgs= 23.2 L=0.00782 tgt=+0.010/0.352 pstd=0.357 capv=0.000 gen=7.5s train=0.2s
[t= 211.6s] rebel  ep 90 games=  48 dec=  6276 cap=0.06 cfgs= 23.8 L=0.00738 tgt=-0.008/0.349 pstd=0.358 capv=0.000 gen=8.8s train=0.1s
[t= 220.5s] rebel  ep 91 games=  48 dec=  6206 cap=0.04 cfgs= 24.2 L=0.00742 tgt=+0.013/0.336 pstd=0.358 capv=0.000 gen=8.8s train=0.1s
[t= 229.1s] rebel  ep 92 games=  48 dec=  6260 cap=0.04 cfgs= 25.3 L=0.00782 tgt=-0.000/0.348 pstd=0.356 capv=0.000 gen=8.4s train=0.1s
[t= 238.9s] rebel  ep 93 games=  48 dec=  6236 cap=0.06 cfgs= 24.8 L=0.00744 tgt=-0.006/0.364 pstd=0.358 capv=0.000 gen=9.5s train=0.1s
[t= 249.3s] rebel  ep 94 games=  48 dec=  6382 cap=0.04 cfgs= 24.4 L=0.00749 tgt=-0.006/0.368 pstd=0.355 capv=0.000 gen=10.2s train=0.2s
[t= 259.5s] rebel  ep 95 games=  48 dec=  5952 cap=0.04 cfgs= 25.9 L=0.00750 tgt=-0.000/0.364 pstd=0.358 capv=0.000 gen=10.0s train=0.2s
[t= 268.7s] rebel  ep 96 games=  48 dec=  6017 cap=0.04 cfgs= 25.7 L=0.00737 tgt=+0.015/0.347 pstd=0.355 capv=0.000 gen=8.9s train=0.2s
[t= 279.6s] rebel  ep 97 games=  48 dec=  6022 cap=0.02 cfgs= 25.2 L=0.00703 tgt=-0.002/0.342 pstd=0.354 capv=0.000 gen=10.7s train=0.2s
[t= 289.0s] rebel  ep 98 games=  48 dec=  5852 cap=0.02 cfgs= 25.1 L=0.00771 tgt=-0.008/0.345 pstd=0.355 capv=0.000 gen=9.1s train=0.2s
[t= 298.2s] rebel  ep 99 games=  48 dec=  5897 cap=0.02 cfgs= 23.5 L=0.00721 tgt=+0.002/0.359 pstd=0.355 capv=0.000 gen=9.0s train=0.2s
[t= 307.8s] rebel  ep100 games=  48 dec=  5700 cap=0.00 cfgs= 26.4 L=0.00733 tgt=-0.009/0.344 pstd=0.356 capv=0.000 gen=9.4s train=0.1s
[t= 317.4s] rebel  ep101 games=  48 dec=  5672 cap=0.00 cfgs= 25.7 L=0.00750 tgt=-0.002/0.370 pstd=0.353 capv=0.000 gen=9.3s train=0.2s
[t= 328.0s] rebel  ep102 games=  48 dec=  6230 cap=0.00 cfgs= 23.8 L=0.00776 tgt=+0.006/0.370 pstd=0.359 capv=0.000 gen=10.2s train=0.3s
[t= 338.4s] rebel  ep103 games=  48 dec=  5917 cap=0.04 cfgs= 25.2 L=0.00737 tgt=+0.003/0.371 pstd=0.356 capv=0.000 gen=10.1s train=0.2s
[t= 348.8s] rebel  ep104 games=  48 dec=  5788 cap=0.02 cfgs= 25.2 L=0.00764 tgt=+0.003/0.384 pstd=0.349 capv=0.000 gen=10.1s train=0.2s
[t= 359.9s] rebel  ep105 games=  48 dec=  5955 cap=0.02 cfgs= 25.6 L=0.00728 tgt=+0.006/0.357 pstd=0.349 capv=0.000 gen=10.9s train=0.2s
[t= 370.3s] rebel  ep106 games=  48 dec=  5315 cap=0.02 cfgs= 27.2 L=0.00734 tgt=-0.006/0.354 pstd=0.357 capv=0.000 gen=10.0s train=0.2s
[t= 380.8s] rebel  ep107 games=  48 dec=  5762 cap=0.02 cfgs= 24.4 L=0.00745 tgt=-0.005/0.345 pstd=0.359 capv=0.000 gen=10.2s train=0.2s
[t= 393.4s] rebel  ep108 games=  48 dec=  5903 cap=0.00 cfgs= 25.5 L=0.00759 tgt=-0.002/0.341 pstd=0.356 capv=0.000 gen=12.3s train=0.2s
[t= 406.1s] rebel  ep109 games=  48 dec=  5758 cap=0.02 cfgs= 24.4 L=0.00759 tgt=+0.002/0.374 pstd=0.366 capv=0.000 gen=12.3s train=0.3s
[t= 418.8s] rebel  ep110 games=  48 dec=  5480 cap=0.00 cfgs= 27.7 L=0.00688 tgt=-0.000/0.340 pstd=0.354 capv=0.000 gen=12.3s train=0.2s
[t= 433.2s] rebel  ep111 games=  48 dec=  6014 cap=0.04 cfgs= 24.7 L=0.00740 tgt=+0.002/0.340 pstd=0.358 capv=0.000 gen=13.7s train=0.3s
[t= 446.0s] rebel  ep112 games=  48 dec=  5481 cap=0.00 cfgs= 26.0 L=0.00680 tgt=-0.002/0.367 pstd=0.357 capv=0.000 gen=12.4s train=0.2s
[t= 461.7s] rebel  ep113 games=  48 dec=  5884 cap=0.02 cfgs= 26.7 L=0.00710 tgt=-0.001/0.370 pstd=0.355 capv=0.000 gen=15.2s train=0.3s
[t= 473.5s] rebel  ep114 games=  48 dec=  5366 cap=0.00 cfgs= 26.4 L=0.00762 tgt=+0.005/0.364 pstd=0.358 capv=0.000 gen=11.5s train=0.2s
[t= 485.0s] rebel  ep115 games=  48 dec=  6112 cap=0.06 cfgs= 22.2 L=0.00732 tgt=+0.005/0.379 pstd=0.361 capv=0.000 gen=11.1s train=0.2s
[t= 496.0s] rebel  ep116 games=  48 dec=  6349 cap=0.06 cfgs= 24.4 L=0.00763 tgt=+0.004/0.353 pstd=0.361 capv=0.000 gen=10.7s train=0.1s
[t= 505.7s] rebel  ep117 games=  48 dec=  5909 cap=0.06 cfgs= 23.0 L=0.00700 tgt=+0.008/0.332 pstd=0.362 capv=0.000 gen=9.5s train=0.2s
[t= 516.0s] rebel  ep118 games=  48 dec=  5632 cap=0.02 cfgs= 26.8 L=0.00716 tgt=+0.002/0.358 pstd=0.363 capv=0.000 gen=10.1s train=0.1s
[t= 526.0s] rebel  ep119 games=  48 dec=  5800 cap=0.02 cfgs= 27.8 L=0.00729 tgt=-0.002/0.382 pstd=0.358 capv=0.000 gen=9.7s train=0.2s
[t= 535.0s] rebel  ep120 games=  48 dec=  5751 cap=0.02 cfgs= 24.4 L=0.00712 tgt=-0.005/0.349 pstd=0.353 capv=0.000 gen=8.8s train=0.2s
[t= 544.0s] rebel  ep121 games=  48 dec=  5528 cap=0.00 cfgs= 26.2 L=0.00669 tgt=+0.006/0.340 pstd=0.358 capv=0.000 gen=8.7s train=0.2s
[t= 552.8s] rebel  ep122 games=  48 dec=  5432 cap=0.02 cfgs= 27.1 L=0.00729 tgt=-0.005/0.355 pstd=0.359 capv=0.000 gen=8.5s train=0.1s
[t= 562.4s] rebel  ep123 games=  48 dec=  6083 cap=0.00 cfgs= 27.1 L=0.00710 tgt=-0.009/0.380 pstd=0.358 capv=0.000 gen=9.4s train=0.2s
[t= 571.4s] rebel  ep124 games=  48 dec=  5628 cap=0.02 cfgs= 24.1 L=0.00751 tgt=-0.002/0.342 pstd=0.360 capv=0.000 gen=8.6s train=0.1s
[t= 580.9s] rebel  ep125 games=  48 dec=  6127 cap=0.04 cfgs= 24.7 L=0.00714 tgt=+0.005/0.362 pstd=0.364 capv=0.000 gen=9.2s train=0.2s
[t= 588.8s] rebel  ep126 games=  48 dec=  5365 cap=0.02 cfgs= 23.9 L=0.00702 tgt=+0.000/0.383 pstd=0.364 capv=0.000 gen=7.5s train=0.2s
[t= 598.1s] rebel  ep127 games=  48 dec=  5853 cap=0.00 cfgs= 26.9 L=0.00739 tgt=-0.002/0.325 pstd=0.357 capv=0.000 gen=9.0s train=0.2s
[t= 607.3s] rebel  ep128 games=  48 dec=  5504 cap=0.00 cfgs= 25.5 L=0.00717 tgt=-0.000/0.344 pstd=0.358 capv=0.000 gen=9.0s train=0.2s

=== evaluation on the real game (horizon payoff 0; training ended at 0.000) ===
final checkpoint vs Greedy             W 189 L   4 D   7   score 0.963 +- 0.027
final checkpoint vs initial checkpoint W 189 L   6 D   5   score 0.958 +- 0.029

GOAL: the run produced a checkpoint better than the initial one that also beats Greedy -> PASS
      (ReBeL self-play must carry the warm-started network past its own start; final_vs_init is the headline)
