[cfg] PUBFEAT=897 CFEAT=16 hidden=384 head=384 dg=64 rank=64 depth=2 iters=64 budget=16200s warm=300s device=cpu draft=random snapshot_every=6.0min train_gen_ratio=4.0 recent_mix=0.5/0.2 augment=True cap=2000000
[t=  21.1s] greedy ep  0 games=  96 dec= 19020 rows= 18171 cap=0.30 cfgs= 27.4 L=0.07371 P=nan old=0.01476 new=0.00455 tgt=-0.023/0.480 pstd=0.455 capv=0.040 lr=1.0e-03 gen=0.1s train=20.1s
[t=  39.7s] greedy ep  1 games=  96 dec= 18777 rows= 17977 cap=0.32 cfgs= 26.6 L=0.03663 P=nan old=0.01523 new=0.00420 tgt=-0.059/0.493 pstd=0.483 capv=0.040 lr=1.0e-03 gen=0.1s train=18.0s
[t=  57.5s] greedy ep  2 games=  96 dec= 18179 rows= 17397 cap=0.26 cfgs= 27.9 L=0.03295 P=nan old=0.01245 new=0.00411 tgt=-0.018/0.516 pstd=0.467 capv=0.040 lr=1.0e-03 gen=0.1s train=17.2s
[t=  75.1s] greedy ep  3 games=  96 dec= 17876 rows= 17033 cap=0.26 cfgs= 26.4 L=0.02606 P=nan old=0.01155 new=0.00497 tgt=-0.027/0.498 pstd=0.469 capv=0.040 lr=1.0e-03 gen=0.1s train=16.9s
[t=  93.9s] greedy ep  4 games=  96 dec= 19004 rows= 18249 cap=0.31 cfgs= 28.3 L=0.02240 P=nan old=0.00905 new=0.00454 tgt=-0.025/0.465 pstd=0.463 capv=0.040 lr=1.0e-03 gen=0.1s train=18.2s
[t= 112.5s] greedy ep  5 games=  96 dec= 19345 rows= 18536 cap=0.35 cfgs= 26.4 L=0.02034 P=nan old=0.00961 new=0.00452 tgt=-0.026/0.492 pstd=0.472 capv=0.040 lr=1.0e-03 gen=0.1s train=17.9s
[t= 129.5s] greedy ep  6 games=  96 dec= 17785 rows= 17102 cap=0.28 cfgs= 26.9 L=0.02342 P=nan old=0.00982 new=0.00592 tgt=-0.040/0.500 pstd=0.471 capv=0.040 lr=1.0e-03 gen=0.1s train=16.4s
[t= 147.0s] greedy ep  7 games=  96 dec= 18319 rows= 17483 cap=0.32 cfgs= 27.7 L=0.02023 P=nan old=0.01103 new=0.00558 tgt=-0.059/0.503 pstd=0.479 capv=0.040 lr=1.0e-03 gen=0.1s train=17.0s
[t= 165.1s] greedy ep  8 games=  96 dec= 18824 rows= 18083 cap=0.34 cfgs= 26.1 L=0.01857 P=nan old=0.01200 new=0.00561 tgt=-0.018/0.491 pstd=0.475 capv=0.040 lr=1.0e-03 gen=0.1s train=17.4s
[t= 182.1s] greedy ep  9 games=  96 dec= 18100 rows= 17381 cap=0.26 cfgs= 26.3 L=0.01822 P=nan old=0.01055 new=0.00608 tgt=-0.043/0.522 pstd=0.467 capv=0.040 lr=1.0e-03 gen=0.1s train=16.4s
[t= 199.3s] greedy ep 10 games=  96 dec= 17757 rows= 17029 cap=0.23 cfgs= 28.7 L=0.01918 P=nan old=0.01109 new=0.00776 tgt=-0.035/0.525 pstd=0.476 capv=0.040 lr=1.0e-03 gen=0.1s train=16.6s
[t= 216.5s] greedy ep 11 games=  96 dec= 18043 rows= 17250 cap=0.28 cfgs= 27.7 L=0.01871 P=nan old=0.01170 new=0.00732 tgt=-0.047/0.493 pstd=0.485 capv=0.040 lr=1.0e-03 gen=0.1s train=16.6s
[t= 233.4s] greedy ep 12 games=  96 dec= 17420 rows= 16700 cap=0.25 cfgs= 27.9 L=0.01937 P=nan old=0.01215 new=0.00685 tgt=-0.028/0.502 pstd=0.478 capv=0.040 lr=1.0e-03 gen=0.1s train=16.3s
[t= 251.2s] greedy ep 13 games=  96 dec= 18339 rows= 17564 cap=0.29 cfgs= 27.2 L=0.01784 P=nan old=0.01260 new=0.00773 tgt=-0.034/0.497 pstd=0.480 capv=0.040 lr=1.0e-03 gen=0.1s train=17.2s
[t= 268.4s] greedy ep 14 games=  96 dec= 17985 rows= 17266 cap=0.25 cfgs= 27.8 L=0.01779 P=nan old=0.01371 new=0.00877 tgt=-0.037/0.515 pstd=0.474 capv=0.040 lr=1.0e-03 gen=0.1s train=16.6s
[t= 285.6s] greedy ep 15 games=  96 dec= 18309 rows= 17520 cap=0.30 cfgs= 26.8 L=0.01659 P=nan old=0.01186 new=0.00752 tgt=-0.021/0.493 pstd=0.485 capv=0.040 lr=1.0e-03 gen=0.1s train=16.6s
[t= 303.7s] greedy ep 16 games=  96 dec= 19097 rows= 18291 cap=0.33 cfgs= 27.3 L=0.01703 P=nan old=0.01093 new=0.00686 tgt=+0.006/0.479 pstd=0.479 capv=0.040 lr=1.0e-03 gen=0.1s train=17.5s
[t= 303.7s] --- snapshot snap_00.pt (init) ---
[t= 303.7s] --- switching to ReBeL ---
[t= 427.0s] rebel  ep 17 games=  48 dec=  9159 rows= 34546 cap=0.42 cfgs=  8.6 L=0.01538 P=nan old=0.00907 new=0.00962 tgt=-0.004/0.427 pstd=0.376 capv=0.040 lr=1.0e-03 gen=120.8s train=2.2s
[t= 457.9s] rebel  ep 18 games=  48 dec=  8294 rows= 31016 cap=0.29 cfgs=  7.4 L=0.01061 P=nan old=0.00777 new=0.00643 tgt=+0.070/0.372 pstd=0.348 capv=0.039 lr=1.0e-03 gen=28.8s train=1.8s
[t= 506.7s] rebel  ep 19 games=  48 dec=  7990 rows= 29712 cap=0.25 cfgs=  7.5 L=0.01046 P=nan old=0.00755 new=0.00904 tgt=+0.034/0.332 pstd=0.329 capv=0.039 lr=1.0e-03 gen=46.7s train=1.8s
