[gpu] solve services up on [0, 1]
[cfg] PUBFEAT=897 CFEAT=16 hidden=384 head=384 dg=64 rank=64 depth=2 iters=64 budget=1800s warm=300s device=cuda:1 draft=random snapshot_every=6.0min train_gen_ratio=4.0 recent_mix=0.5/0.2 augment=True cap=2000000 matmul=high
[t=   2.3s] greedy ep  0 games=  96 dec= 19020 rows= 18171 horizon=0.30 nodecap=0 over=0 card=0 exact=0 drop=0 cfgs= 27.4 L=0.07849 P=nan old=0.01384 new=0.00389 tgt=-0.023/0.480 pstd=0.465 capv=0.040 lr=1.0e-03 gen=0.1s conv=0.0s add=0.1s train=2.1s sps=0
[t=   4.3s] greedy ep  1 games=  96 dec= 18777 rows= 17977 horizon=0.32 nodecap=0 over=0 card=0 exact=0 drop=0 cfgs= 26.6 L=0.03376 P=nan old=0.01341 new=0.00368 tgt=-0.059/0.493 pstd=0.481 capv=0.040 lr=1.0e-03 gen=0.1s conv=0.0s add=0.1s train=1.8s sps=0
[t=   6.2s] greedy ep  2 games=  96 dec= 18179 rows= 17397 horizon=0.26 nodecap=0 over=0 card=0 exact=0 drop=0 cfgs= 27.9 L=0.02965 P=nan old=0.01019 new=0.00396 tgt=-0.018/0.516 pstd=0.471 capv=0.040 lr=1.0e-03 gen=0.1s conv=0.0s add=0.1s train=1.7s sps=0
[t=   8.0s] greedy ep  3 games=  96 dec= 17876 rows= 17033 horizon=0.26 nodecap=0 over=0 card=0 exact=0 drop=0 cfgs= 26.4 L=0.02712 P=nan old=0.01143 new=0.00440 tgt=-0.027/0.498 pstd=0.469 capv=0.040 lr=1.0e-03 gen=0.1s conv=0.0s add=0.1s train=1.6s sps=0
[t=   9.9s] greedy ep  4 games=  96 dec= 19004 rows= 18249 horizon=0.31 nodecap=0 over=0 card=0 exact=0 drop=0 cfgs= 28.3 L=0.02317 P=nan old=0.00927 new=0.00467 tgt=-0.025/0.465 pstd=0.464 capv=0.040 lr=1.0e-03 gen=0.1s conv=0.0s add=0.1s train=1.7s sps=0
[t=  11.9s] greedy ep  5 games=  96 dec= 19345 rows= 18536 horizon=0.35 nodecap=0 over=0 card=0 exact=0 drop=0 cfgs= 26.4 L=0.02045 P=nan old=0.01004 new=0.00439 tgt=-0.026/0.492 pstd=0.468 capv=0.040 lr=1.0e-03 gen=0.1s conv=0.0s add=0.1s train=1.7s sps=0
[t=  13.7s] greedy ep  6 games=  96 dec= 17785 rows= 17102 horizon=0.28 nodecap=0 over=0 card=0 exact=0 drop=0 cfgs= 26.9 L=0.02243 P=nan old=0.01034 new=0.00636 tgt=-0.040/0.500 pstd=0.474 capv=0.040 lr=1.0e-03 gen=0.1s conv=0.0s add=0.1s train=1.6s sps=0
[t=  15.6s] greedy ep  7 games=  96 dec= 18319 rows= 17483 horizon=0.32 nodecap=0 over=0 card=0 exact=0 drop=0 cfgs= 27.7 L=0.02007 P=nan old=0.01112 new=0.00529 tgt=-0.059/0.503 pstd=0.479 capv=0.040 lr=1.0e-03 gen=0.1s conv=0.0s add=0.1s train=1.7s sps=0
[t=  17.5s] greedy ep  8 games=  96 dec= 18824 rows= 18083 horizon=0.34 nodecap=0 over=0 card=0 exact=0 drop=0 cfgs= 26.1 L=0.01792 P=nan old=0.01178 new=0.00617 tgt=-0.018/0.491 pstd=0.477 capv=0.040 lr=1.0e-03 gen=0.1s conv=0.0s add=0.1s train=1.7s sps=0
[t=  19.3s] greedy ep  9 games=  96 dec= 18100 rows= 17381 horizon=0.26 nodecap=0 over=0 card=0 exact=0 drop=0 cfgs= 26.3 L=0.01824 P=nan old=0.01026 new=0.00639 tgt=-0.043/0.522 pstd=0.472 capv=0.040 lr=1.0e-03 gen=0.1s conv=0.0s add=0.1s train=1.6s sps=0
[t=  21.1s] greedy ep 10 games=  96 dec= 17757 rows= 17029 horizon=0.23 nodecap=0 over=0 card=0 exact=0 drop=0 cfgs= 28.7 L=0.01869 P=nan old=0.01172 new=0.00746 tgt=-0.035/0.525 pstd=0.479 capv=0.040 lr=1.0e-03 gen=0.1s conv=0.0s add=0.1s train=1.6s sps=0
[t=  23.0s] greedy ep 11 games=  96 dec= 18043 rows= 17250 horizon=0.28 nodecap=0 over=0 card=0 exact=0 drop=0 cfgs= 27.7 L=0.01827 P=nan old=0.01268 new=0.00685 tgt=-0.047/0.493 pstd=0.470 capv=0.040 lr=1.0e-03 gen=0.1s conv=0.0s add=0.1s train=1.6s sps=0
[t=  24.7s] greedy ep 12 games=  96 dec= 17420 rows= 16700 horizon=0.25 nodecap=0 over=0 card=0 exact=0 drop=0 cfgs= 27.9 L=0.01879 P=nan old=0.01186 new=0.00709 tgt=-0.028/0.502 pstd=0.473 capv=0.040 lr=1.0e-03 gen=0.1s conv=0.0s add=0.1s train=1.6s sps=0
[t=  26.6s] greedy ep 13 games=  96 dec= 18339 rows= 17564 horizon=0.29 nodecap=0 over=0 card=0 exact=0 drop=0 cfgs= 27.2 L=0.01760 P=nan old=0.01180 new=0.00780 tgt=-0.034/0.497 pstd=0.473 capv=0.040 lr=1.0e-03 gen=0.1s conv=0.0s add=0.1s train=1.7s sps=0
[t=  28.4s] greedy ep 14 games=  96 dec= 17985 rows= 17266 horizon=0.25 nodecap=0 over=0 card=0 exact=0 drop=0 cfgs= 27.8 L=0.01779 P=nan old=0.01369 new=0.00856 tgt=-0.037/0.515 pstd=0.480 capv=0.040 lr=1.0e-03 gen=0.1s conv=0.0s add=0.1s train=1.6s sps=0
[t=  30.3s] greedy ep 15 games=  96 dec= 18309 rows= 17520 horizon=0.30 nodecap=0 over=0 card=0 exact=0 drop=0 cfgs= 26.8 L=0.01692 P=nan old=0.01277 new=0.00823 tgt=-0.021/0.493 pstd=0.465 capv=0.040 lr=1.0e-03 gen=0.1s conv=0.0s add=0.1s train=1.6s sps=0
[t=  32.2s] greedy ep 16 games=  96 dec= 19097 rows= 18291 horizon=0.33 nodecap=0 over=0 card=0 exact=0 drop=0 cfgs= 27.3 L=0.01705 P=nan old=0.01278 new=0.00777 tgt=+0.006/0.479 pstd=0.478 capv=0.040 lr=1.0e-03 gen=0.1s conv=0.0s add=0.1s train=1.7s sps=0
[t=  34.0s] greedy ep 17 games=  96 dec= 18142 rows= 17461 horizon=0.26 nodecap=0 over=0 card=0 exact=0 drop=0 cfgs= 27.3 L=0.01642 P=nan old=0.01237 new=0.00858 tgt=-0.054/0.518 pstd=0.466 capv=0.040 lr=1.0e-03 gen=0.1s conv=0.0s add=0.1s train=1.6s sps=0
[t=  35.9s] greedy ep 18 games=  96 dec= 17690 rows= 16896 horizon=0.22 nodecap=0 over=0 card=0 exact=0 drop=0 cfgs= 26.3 L=0.01791 P=nan old=0.01401 new=0.00752 tgt=-0.021/0.516 pstd=0.452 capv=0.040 lr=1.0e-03 gen=0.1s conv=0.0s add=0.1s train=1.6s sps=0
[t=  37.7s] greedy ep 19 games=  96 dec= 17806 rows= 17037 horizon=0.25 nodecap=0 over=0 card=0 exact=0 drop=0 cfgs= 27.5 L=0.01815 P=nan old=0.01455 new=0.00950 tgt=-0.059/0.527 pstd=0.461 capv=0.040 lr=1.0e-03 gen=0.1s conv=0.0s add=0.1s train=1.6s sps=0
[t=  39.6s] greedy ep 20 games=  96 dec= 17813 rows= 17128 horizon=0.28 nodecap=0 over=0 card=0 exact=0 drop=0 cfgs= 27.0 L=0.01678 P=nan old=0.01351 new=0.00854 tgt=-0.068/0.519 pstd=0.484 capv=0.040 lr=1.0e-03 gen=0.1s conv=0.0s add=0.1s train=1.6s sps=0
[t=  41.3s] greedy ep 21 games=  96 dec= 17800 rows= 17085 horizon=0.25 nodecap=0 over=0 card=0 exact=0 drop=0 cfgs= 28.0 L=0.01743 P=nan old=0.01814 new=0.01099 tgt=-0.054/0.513 pstd=0.453 capv=0.040 lr=1.0e-03 gen=0.1s conv=0.0s add=0.1s train=1.6s sps=0
[t=  43.2s] greedy ep 22 games=  96 dec= 18528 rows= 17771 horizon=0.31 nodecap=0 over=0 card=0 exact=0 drop=0 cfgs= 26.7 L=0.01532 P=nan old=0.01198 new=0.00900 tgt=-0.028/0.488 pstd=0.461 capv=0.040 lr=1.0e-03 gen=0.1s conv=0.0s add=0.1s train=1.7s sps=0
[t=  45.1s] greedy ep 23 games=  96 dec= 18486 rows= 17685 horizon=0.28 nodecap=0 over=0 card=0 exact=0 drop=0 cfgs= 25.6 L=0.01595 P=nan old=0.01330 new=0.00892 tgt=-0.008/0.478 pstd=0.474 capv=0.040 lr=1.0e-03 gen=0.1s conv=0.0s add=0.1s train=1.7s sps=0
[t=  47.0s] greedy ep 24 games=  96 dec= 19060 rows= 18394 horizon=0.35 nodecap=0 over=0 card=0 exact=0 drop=0 cfgs= 25.6 L=0.01697 P=nan old=0.01529 new=0.00987 tgt=-0.011/0.480 pstd=0.476 capv=0.040 lr=1.0e-03 gen=0.1s conv=0.0s add=0.1s train=1.7s sps=0
[t=  48.8s] greedy ep 25 games=  96 dec= 18086 rows= 17335 horizon=0.23 nodecap=0 over=0 card=0 exact=0 drop=0 cfgs= 27.3 L=0.01812 P=nan old=0.01510 new=0.01017 tgt=-0.026/0.520 pstd=0.471 capv=0.040 lr=1.0e-03 gen=0.1s conv=0.0s add=0.1s train=1.6s sps=0
[t=  50.8s] greedy ep 26 games=  96 dec= 19692 rows= 18851 horizon=0.33 nodecap=0 over=0 card=0 exact=0 drop=0 cfgs= 26.5 L=0.01594 P=nan old=0.01241 new=0.00868 tgt=-0.031/0.495 pstd=0.468 capv=0.040 lr=1.0e-03 gen=0.1s conv=0.0s add=0.1s train=1.8s sps=0
[t=  52.7s] greedy ep 27 games=  96 dec= 18267 rows= 17486 horizon=0.26 nodecap=0 over=0 card=0 exact=0 drop=0 cfgs= 28.3 L=0.01642 P=nan old=0.01529 new=0.00872 tgt=-0.023/0.486 pstd=0.482 capv=0.040 lr=1.0e-03 gen=0.1s conv=0.0s add=0.1s train=1.6s sps=0
[t=  54.6s] greedy ep 28 games=  96 dec= 19074 rows= 18289 horizon=0.30 nodecap=0 over=0 card=0 exact=0 drop=0 cfgs= 27.0 L=0.01702 P=nan old=0.01530 new=0.00966 tgt=-0.044/0.496 pstd=0.475 capv=0.040 lr=1.0e-03 gen=0.1s conv=0.0s add=0.1s train=1.7s sps=0
[t=  56.5s] greedy ep 29 games=  96 dec= 18686 rows= 17929 horizon=0.26 nodecap=0 over=0 card=0 exact=0 drop=0 cfgs= 28.4 L=0.01849 P=nan old=0.01612 new=0.00976 tgt=-0.052/0.512 pstd=0.471 capv=0.040 lr=1.0e-03 gen=0.1s conv=0.0s add=0.1s train=1.7s sps=0
[t=  58.4s] greedy ep 30 games=  96 dec= 19082 rows= 18260 horizon=0.30 nodecap=0 over=0 card=0 exact=0 drop=0 cfgs= 27.4 L=0.01815 P=nan old=0.01532 new=0.00941 tgt=-0.028/0.480 pstd=0.467 capv=0.040 lr=1.0e-03 gen=0.1s conv=0.0s add=0.1s train=1.7s sps=0
[t=  60.3s] greedy ep 31 games=  96 dec= 18482 rows= 17679 horizon=0.27 nodecap=0 over=0 card=0 exact=0 drop=0 cfgs= 28.1 L=0.01664 P=nan old=0.01469 new=0.00854 tgt=-0.042/0.504 pstd=0.471 capv=0.040 lr=1.0e-03 gen=0.1s conv=0.0s add=0.1s train=1.7s sps=0
[t=  62.2s] greedy ep 32 games=  96 dec= 18699 rows= 17926 horizon=0.32 nodecap=0 over=0 card=0 exact=0 drop=0 cfgs= 26.5 L=0.01648 P=nan old=0.01487 new=0.00970 tgt=-0.012/0.483 pstd=0.453 capv=0.040 lr=1.0e-03 gen=0.1s conv=0.0s add=0.1s train=1.7s sps=0
[t=  64.1s] greedy ep 33 games=  96 dec= 18814 rows= 17970 horizon=0.31 nodecap=0 over=0 card=0 exact=0 drop=0 cfgs= 27.4 L=0.01661 P=nan old=0.01488 new=0.01000 tgt=-0.000/0.514 pstd=0.463 capv=0.040 lr=1.0e-03 gen=0.1s conv=0.0s add=0.1s train=1.7s sps=0
[t=  66.0s] greedy ep 34 games=  96 dec= 18975 rows= 18126 horizon=0.32 nodecap=0 over=0 card=0 exact=0 drop=0 cfgs= 26.1 L=0.01646 P=nan old=0.01590 new=0.01001 tgt=+0.015/0.454 pstd=0.465 capv=0.040 lr=1.0e-03 gen=0.1s conv=0.0s add=0.1s train=1.7s sps=0
[t=  67.8s] greedy ep 35 games=  96 dec= 17981 rows= 17250 horizon=0.25 nodecap=0 over=0 card=0 exact=0 drop=0 cfgs= 27.3 L=0.01730 P=nan old=0.01690 new=0.00929 tgt=-0.035/0.521 pstd=0.460 capv=0.040 lr=1.0e-03 gen=0.1s conv=0.0s add=0.1s train=1.6s sps=0
[t=  69.8s] greedy ep 36 games=  96 dec= 19092 rows= 18239 horizon=0.28 nodecap=0 over=0 card=0 exact=0 drop=0 cfgs= 26.9 L=0.01728 P=nan old=0.01437 new=0.00991 tgt=-0.049/0.487 pstd=0.456 capv=0.040 lr=1.0e-03 gen=0.1s conv=0.0s add=0.1s train=1.7s sps=0
[t=  71.7s] greedy ep 37 games=  96 dec= 18212 rows= 17370 horizon=0.32 nodecap=0 over=0 card=0 exact=0 drop=0 cfgs= 27.9 L=0.01634 P=nan old=0.01512 new=0.01184 tgt=-0.034/0.532 pstd=0.459 capv=0.040 lr=1.0e-03 gen=0.1s conv=0.0s add=0.1s train=1.7s sps=0
[t=  73.7s] greedy ep 38 games=  96 dec= 19351 rows= 18505 horizon=0.33 nodecap=0 over=0 card=0 exact=0 drop=0 cfgs= 26.4 L=0.01747 P=nan old=0.01626 new=0.01205 tgt=-0.019/0.471 pstd=0.460 capv=0.040 lr=1.0e-03 gen=0.1s conv=0.0s add=0.1s train=1.7s sps=0
[t=  75.6s] greedy ep 39 games=  96 dec= 18608 rows= 17838 horizon=0.27 nodecap=0 over=0 card=0 exact=0 drop=0 cfgs= 27.1 L=0.01741 P=nan old=0.01577 new=0.01133 tgt=-0.038/0.510 pstd=0.470 capv=0.040 lr=1.0e-03 gen=0.1s conv=0.0s add=0.1s train=1.7s sps=0
[t=  77.6s] greedy ep 40 games=  96 dec= 18599 rows= 17855 horizon=0.32 nodecap=0 over=0 card=0 exact=0 drop=0 cfgs= 28.4 L=0.01731 P=nan old=0.02125 new=0.01235 tgt=+0.005/0.467 pstd=0.468 capv=0.040 lr=1.0e-03 gen=0.1s conv=0.0s add=0.1s train=1.7s sps=0
[t=  79.4s] greedy ep 41 games=  96 dec= 18879 rows= 18021 horizon=0.30 nodecap=0 over=0 card=0 exact=0 drop=0 cfgs= 28.3 L=0.01763 P=nan old=0.01719 new=0.01091 tgt=-0.041/0.500 pstd=0.439 capv=0.040 lr=1.0e-03 gen=0.1s conv=0.0s add=0.1s train=1.6s sps=0
[t=  81.3s] greedy ep 42 games=  96 dec= 18947 rows= 18147 horizon=0.34 nodecap=0 over=0 card=0 exact=0 drop=0 cfgs= 28.4 L=0.01752 P=nan old=0.01700 new=0.00959 tgt=-0.025/0.504 pstd=0.464 capv=0.040 lr=1.0e-03 gen=0.1s conv=0.0s add=0.1s train=1.7s sps=0
[t=  83.2s] greedy ep 43 games=  96 dec= 19299 rows= 18456 horizon=0.33 nodecap=0 over=0 card=0 exact=0 drop=0 cfgs= 26.1 L=0.01712 P=nan old=0.01601 new=0.01037 tgt=-0.062/0.468 pstd=0.455 capv=0.040 lr=1.0e-03 gen=0.1s conv=0.0s add=0.1s train=1.7s sps=0
[t=  85.1s] greedy ep 44 games=  96 dec= 18356 rows= 17540 horizon=0.27 nodecap=0 over=0 card=0 exact=0 drop=0 cfgs= 28.6 L=0.01643 P=nan old=0.01607 new=0.01030 tgt=-0.013/0.488 pstd=0.456 capv=0.040 lr=1.0e-03 gen=0.1s conv=0.0s add=0.1s train=1.7s sps=0
[t=  86.9s] greedy ep 45 games=  96 dec= 17718 rows= 17069 horizon=0.27 nodecap=0 over=0 card=0 exact=0 drop=0 cfgs= 28.9 L=0.01809 P=nan old=0.01651 new=0.01083 tgt=-0.085/0.518 pstd=0.466 capv=0.040 lr=1.0e-03 gen=0.1s conv=0.0s add=0.1s train=1.6s sps=0
[t=  88.8s] greedy ep 46 games=  96 dec= 18039 rows= 17287 horizon=0.28 nodecap=0 over=0 card=0 exact=0 drop=0 cfgs= 28.7 L=0.01745 P=nan old=0.01633 new=0.01026 tgt=-0.014/0.496 pstd=0.459 capv=0.040 lr=1.0e-03 gen=0.1s conv=0.0s add=0.1s train=1.7s sps=0
[t=  90.7s] greedy ep 47 games=  96 dec= 18992 rows= 18184 horizon=0.29 nodecap=0 over=0 card=0 exact=0 drop=0 cfgs= 27.2 L=0.01746 P=nan old=0.01478 new=0.01123 tgt=-0.022/0.475 pstd=0.450 capv=0.040 lr=1.0e-03 gen=0.1s conv=0.0s add=0.1s train=1.7s sps=0
[t=  92.6s] greedy ep 48 games=  96 dec= 18106 rows= 17409 horizon=0.29 nodecap=0 over=0 card=0 exact=0 drop=0 cfgs= 27.3 L=0.01638 P=nan old=0.01383 new=0.00977 tgt=-0.037/0.510 pstd=0.465 capv=0.040 lr=1.0e-03 gen=0.1s conv=0.0s add=0.1s train=1.6s sps=0
[t=  94.6s] greedy ep 49 games=  96 dec= 19697 rows= 18918 horizon=0.41 nodecap=0 over=0 card=0 exact=0 drop=0 cfgs= 25.9 L=0.01636 P=nan old=0.01559 new=0.00967 tgt=-0.000/0.452 pstd=0.456 capv=0.040 lr=1.0e-03 gen=0.1s conv=0.0s add=0.1s train=1.8s sps=0
[t=  96.4s] greedy ep 50 games=  96 dec= 17764 rows= 16989 horizon=0.24 nodecap=0 over=0 card=0 exact=0 drop=0 cfgs= 28.3 L=0.01705 P=nan old=0.01605 new=0.01124 tgt=-0.058/0.549 pstd=0.466 capv=0.040 lr=1.0e-03 gen=0.1s conv=0.0s add=0.1s train=1.6s sps=0
[t=  98.2s] greedy ep 51 games=  96 dec= 17871 rows= 17065 horizon=0.25 nodecap=0 over=0 card=0 exact=0 drop=0 cfgs= 28.4 L=0.01626 P=nan old=0.01710 new=0.01098 tgt=-0.026/0.525 pstd=0.473 capv=0.040 lr=1.0e-03 gen=0.1s conv=0.0s add=0.1s train=1.6s sps=0
[t= 100.2s] greedy ep 52 games=  96 dec= 18957 rows= 18241 horizon=0.34 nodecap=0 over=0 card=0 exact=0 drop=0 cfgs= 28.0 L=0.01686 P=nan old=0.01685 new=0.01065 tgt=-0.040/0.470 pstd=0.449 capv=0.040 lr=1.0e-03 gen=0.1s conv=0.0s add=0.1s train=1.7s sps=0
[t= 102.0s] greedy ep 53 games=  96 dec= 17594 rows= 16819 horizon=0.21 nodecap=0 over=0 card=0 exact=0 drop=0 cfgs= 28.1 L=0.01676 P=nan old=0.01687 new=0.01121 tgt=-0.032/0.511 pstd=0.455 capv=0.040 lr=1.0e-03 gen=0.1s conv=0.0s add=0.1s train=1.6s sps=0
[t= 103.8s] greedy ep 54 games=  96 dec= 17878 rows= 17181 horizon=0.24 nodecap=0 over=0 card=0 exact=0 drop=0 cfgs= 30.5 L=0.01728 P=nan old=0.01672 new=0.01017 tgt=-0.006/0.496 pstd=0.465 capv=0.040 lr=1.0e-03 gen=0.1s conv=0.0s add=0.1s train=1.6s sps=0
[t= 105.7s] greedy ep 55 games=  96 dec= 17837 rows= 16988 horizon=0.25 nodecap=0 over=0 card=0 exact=0 drop=0 cfgs= 27.0 L=0.01675 P=nan old=0.01667 new=0.01059 tgt=-0.005/0.470 pstd=0.455 capv=0.040 lr=1.0e-03 gen=0.1s conv=0.0s add=0.1s train=1.6s sps=0
[t= 107.6s] greedy ep 56 games=  96 dec= 18409 rows= 17611 horizon=0.27 nodecap=0 over=0 card=0 exact=0 drop=0 cfgs= 28.1 L=0.01748 P=nan old=0.01844 new=0.01202 tgt=-0.028/0.483 pstd=0.461 capv=0.040 lr=1.0e-03 gen=0.1s conv=0.0s add=0.1s train=1.6s sps=0
[t= 109.5s] greedy ep 57 games=  96 dec= 18651 rows= 17847 horizon=0.27 nodecap=0 over=0 card=0 exact=0 drop=0 cfgs= 26.4 L=0.01772 P=nan old=0.01875 new=0.01228 tgt=-0.015/0.515 pstd=0.467 capv=0.040 lr=1.0e-03 gen=0.1s conv=0.0s add=0.1s train=1.7s sps=0
[t= 111.5s] greedy ep 58 games=  96 dec= 19562 rows= 18696 horizon=0.35 nodecap=0 over=0 card=0 exact=0 drop=0 cfgs= 25.2 L=0.01718 P=nan old=0.01794 new=0.01140 tgt=-0.048/0.493 pstd=0.458 capv=0.040 lr=1.0e-03 gen=0.1s conv=0.0s add=0.1s train=1.8s sps=0
[t= 113.8s] greedy ep 59 games=  96 dec= 19397 rows= 18534 horizon=0.34 nodecap=0 over=0 card=0 exact=0 drop=0 cfgs= 25.2 L=0.01752 P=nan old=0.01718 new=0.01009 tgt=-0.046/0.466 pstd=0.458 capv=0.040 lr=1.0e-03 gen=0.1s conv=0.0s add=0.1s train=2.0s sps=0
[t= 116.0s] greedy ep 60 games=  96 dec= 18865 rows= 17960 horizon=0.31 nodecap=0 over=0 card=0 exact=0 drop=0 cfgs= 26.1 L=0.01675 P=nan old=0.01638 new=0.01068 tgt=-0.032/0.477 pstd=0.460 capv=0.040 lr=1.0e-03 gen=0.1s conv=0.0s add=0.1s train=2.0s sps=0
[t= 118.2s] greedy ep 61 games=  96 dec= 18309 rows= 17564 horizon=0.24 nodecap=0 over=0 card=0 exact=0 drop=0 cfgs= 29.6 L=0.01734 P=nan old=0.01615 new=0.01131 tgt=-0.007/0.527 pstd=0.454 capv=0.040 lr=1.0e-03 gen=0.1s conv=0.0s add=0.1s train=2.0s sps=0
[t= 120.4s] greedy ep 62 games=  96 dec= 18751 rows= 17895 horizon=0.29 nodecap=0 over=0 card=0 exact=0 drop=0 cfgs= 26.6 L=0.01702 P=nan old=0.01820 new=0.01139 tgt=-0.034/0.506 pstd=0.473 capv=0.040 lr=1.0e-03 gen=0.1s conv=0.0s add=0.1s train=2.0s sps=0
[t= 122.3s] greedy ep 63 games=  96 dec= 19579 rows= 18798 horizon=0.32 nodecap=0 over=0 card=0 exact=0 drop=0 cfgs= 26.5 L=0.01644 P=nan old=0.01878 new=0.01162 tgt=-0.007/0.477 pstd=0.452 capv=0.040 lr=1.0e-03 gen=0.1s conv=0.0s add=0.1s train=1.7s sps=0
[t= 123.9s] greedy ep 64 games=  96 dec= 18159 rows= 17393 horizon=0.27 nodecap=0 over=0 card=0 exact=0 drop=0 cfgs= 27.6 L=0.01705 P=nan old=0.01794 new=0.01125 tgt=-0.058/0.514 pstd=0.449 capv=0.040 lr=1.0e-03 gen=0.1s conv=0.0s add=0.1s train=1.3s sps=0
[t= 126.0s] greedy ep 65 games=  96 dec= 18155 rows= 17405 horizon=0.28 nodecap=0 over=0 card=0 exact=0 drop=0 cfgs= 30.4 L=0.01633 P=nan old=0.01597 new=0.01260 tgt=-0.026/0.503 pstd=0.458 capv=0.040 lr=1.0e-03 gen=0.1s conv=0.0s add=0.1s train=1.9s sps=0
[t= 127.9s] greedy ep 66 games=  96 dec= 18370 rows= 17668 horizon=0.30 nodecap=0 over=0 card=0 exact=0 drop=0 cfgs= 27.4 L=0.01677 P=nan old=0.01770 new=0.01174 tgt=-0.038/0.493 pstd=0.451 capv=0.040 lr=1.0e-03 gen=0.1s conv=0.0s add=0.1s train=1.7s sps=0
[t= 129.9s] greedy ep 67 games=  96 dec= 18765 rows= 17982 horizon=0.33 nodecap=0 over=0 card=0 exact=0 drop=0 cfgs= 28.7 L=0.01619 P=nan old=0.01751 new=0.00985 tgt=-0.023/0.513 pstd=0.466 capv=0.040 lr=1.0e-03 gen=0.1s conv=0.0s add=0.1s train=1.7s sps=0
[t= 131.9s] greedy ep 68 games=  96 dec= 18374 rows= 17494 horizon=0.26 nodecap=0 over=0 card=0 exact=0 drop=0 cfgs= 28.3 L=0.01756 P=nan old=0.01771 new=0.01200 tgt=-0.023/0.498 pstd=0.459 capv=0.040 lr=1.0e-03 gen=0.1s conv=0.0s add=0.1s train=1.8s sps=0
[t= 134.0s] greedy ep 69 games=  96 dec= 18297 rows= 17504 horizon=0.27 nodecap=0 over=0 card=0 exact=0 drop=0 cfgs= 27.7 L=0.01593 P=nan old=0.01851 new=0.01029 tgt=-0.056/0.516 pstd=0.449 capv=0.040 lr=1.0e-03 gen=0.1s conv=0.0s add=0.1s train=1.9s sps=0
[t= 136.3s] greedy ep 70 games=  96 dec= 18939 rows= 18157 horizon=0.34 nodecap=0 over=0 card=0 exact=0 drop=0 cfgs= 25.9 L=0.01639 P=nan old=0.01800 new=0.01298 tgt=-0.037/0.479 pstd=0.449 capv=0.040 lr=1.0e-03 gen=0.1s conv=0.0s add=0.1s train=2.0s sps=0
[t= 138.4s] greedy ep 71 games=  96 dec= 18073 rows= 17354 horizon=0.26 nodecap=0 over=0 card=0 exact=0 drop=0 cfgs= 29.8 L=0.01689 P=nan old=0.01724 new=0.01155 tgt=-0.025/0.513 pstd=0.457 capv=0.040 lr=1.0e-03 gen=0.1s conv=0.0s add=0.1s train=1.9s sps=0
[t= 140.4s] greedy ep 72 games=  96 dec= 19252 rows= 18480 horizon=0.35 nodecap=0 over=0 card=0 exact=0 drop=0 cfgs= 27.7 L=0.01597 P=nan old=0.01669 new=0.01012 tgt=-0.069/0.494 pstd=0.463 capv=0.040 lr=1.0e-03 gen=0.1s conv=0.0s add=0.1s train=1.7s sps=0
[t= 142.3s] greedy ep 73 games=  96 dec= 17654 rows= 16887 horizon=0.21 nodecap=0 over=0 card=0 exact=0 drop=0 cfgs= 27.9 L=0.01707 P=nan old=0.01785 new=0.01257 tgt=-0.039/0.521 pstd=0.463 capv=0.040 lr=1.0e-03 gen=0.1s conv=0.0s add=0.1s train=1.7s sps=0
[t= 144.5s] greedy ep 74 games=  96 dec= 18653 rows= 17839 horizon=0.28 nodecap=0 over=0 card=0 exact=0 drop=0 cfgs= 26.6 L=0.01653 P=nan old=0.01662 new=0.01312 tgt=-0.062/0.527 pstd=0.468 capv=0.040 lr=1.0e-03 gen=0.1s conv=0.0s add=0.1s train=2.0s sps=0
[t= 146.6s] greedy ep 75 games=  96 dec= 19581 rows= 18815 horizon=0.40 nodecap=0 over=0 card=0 exact=0 drop=0 cfgs= 24.2 L=0.01623 P=nan old=0.01558 new=0.01035 tgt=+0.011/0.466 pstd=0.485 capv=0.040 lr=1.0e-03 gen=0.1s conv=0.0s add=0.1s train=1.9s sps=0
[t= 148.8s] greedy ep 76 games=  96 dec= 18751 rows= 17915 horizon=0.24 nodecap=0 over=0 card=0 exact=0 drop=0 cfgs= 25.7 L=0.01735 P=nan old=0.01930 new=0.01061 tgt=-0.030/0.490 pstd=0.462 capv=0.040 lr=1.0e-03 gen=0.1s conv=0.0s add=0.1s train=2.0s sps=0
[t= 150.9s] greedy ep 77 games=  96 dec= 18346 rows= 17518 horizon=0.25 nodecap=0 over=0 card=0 exact=0 drop=0 cfgs= 27.1 L=0.01768 P=nan old=0.02048 new=0.01407 tgt=-0.053/0.521 pstd=0.467 capv=0.040 lr=1.0e-03 gen=0.1s conv=0.0s add=0.1s train=1.9s sps=0
[t= 152.9s] greedy ep 78 games=  96 dec= 17947 rows= 17157 horizon=0.25 nodecap=0 over=0 card=0 exact=0 drop=0 cfgs= 26.8 L=0.01686 P=nan old=0.01868 new=0.01120 tgt=-0.047/0.514 pstd=0.464 capv=0.040 lr=1.0e-03 gen=0.1s conv=0.0s add=0.1s train=1.7s sps=0
[t= 154.8s] greedy ep 79 games=  96 dec= 18509 rows= 17723 horizon=0.30 nodecap=0 over=0 card=0 exact=0 drop=0 cfgs= 28.3 L=0.01615 P=nan old=0.01676 new=0.01230 tgt=-0.004/0.488 pstd=0.454 capv=0.040 lr=1.0e-03 gen=0.1s conv=0.0s add=0.1s train=1.7s sps=0
[t= 156.6s] greedy ep 80 games=  96 dec= 18005 rows= 17281 horizon=0.26 nodecap=0 over=0 card=0 exact=0 drop=0 cfgs= 28.7 L=0.01670 P=nan old=0.01771 new=0.01083 tgt=-0.025/0.514 pstd=0.479 capv=0.040 lr=1.0e-03 gen=0.1s conv=0.0s add=0.1s train=1.6s sps=0
[t= 158.4s] greedy ep 81 games=  96 dec= 17458 rows= 16682 horizon=0.25 nodecap=0 over=0 card=0 exact=0 drop=0 cfgs= 28.7 L=0.01719 P=nan old=0.01835 new=0.01398 tgt=-0.024/0.534 pstd=0.475 capv=0.040 lr=1.0e-03 gen=0.1s conv=0.0s add=0.1s train=1.6s sps=0
[t= 160.5s] greedy ep 82 games=  96 dec= 17724 rows= 16956 horizon=0.25 nodecap=0 over=0 card=0 exact=0 drop=0 cfgs= 28.6 L=0.01717 P=nan old=0.01808 new=0.01214 tgt=-0.035/0.507 pstd=0.468 capv=0.040 lr=1.0e-03 gen=0.1s conv=0.0s add=0.1s train=1.8s sps=0
[t= 162.3s] greedy ep 83 games=  96 dec= 16961 rows= 16184 horizon=0.19 nodecap=0 over=0 card=0 exact=0 drop=0 cfgs= 30.2 L=0.01708 P=nan old=0.01684 new=0.01259 tgt=-0.027/0.537 pstd=0.462 capv=0.040 lr=1.0e-03 gen=0.1s conv=0.0s add=0.1s train=1.6s sps=0
[t= 164.2s] greedy ep 84 games=  96 dec= 19354 rows= 18540 horizon=0.39 nodecap=0 over=0 card=0 exact=0 drop=0 cfgs= 25.4 L=0.01618 P=nan old=0.01771 new=0.01168 tgt=-0.046/0.473 pstd=0.453 capv=0.040 lr=1.0e-03 gen=0.1s conv=0.0s add=0.1s train=1.7s sps=0
[t= 166.2s] greedy ep 85 games=  96 dec= 18656 rows= 17880 horizon=0.29 nodecap=0 over=0 card=0 exact=0 drop=0 cfgs= 27.6 L=0.01678 P=nan old=0.01740 new=0.01012 tgt=-0.043/0.499 pstd=0.447 capv=0.040 lr=1.0e-03 gen=0.1s conv=0.0s add=0.1s train=1.8s sps=0
[t= 168.4s] greedy ep 86 games=  96 dec= 18285 rows= 17486 horizon=0.26 nodecap=0 over=0 card=0 exact=0 drop=0 cfgs= 28.0 L=0.01704 P=nan old=0.01729 new=0.01194 tgt=-0.025/0.501 pstd=0.464 capv=0.040 lr=1.0e-03 gen=0.1s conv=0.0s add=0.1s train=2.0s sps=0
[t= 170.4s] greedy ep 87 games=  96 dec= 17389 rows= 16649 horizon=0.25 nodecap=0 over=0 card=0 exact=0 drop=0 cfgs= 28.5 L=0.01650 P=nan old=0.01744 new=0.01406 tgt=-0.037/0.504 pstd=0.452 capv=0.040 lr=1.0e-03 gen=0.1s conv=0.0s add=0.1s train=1.8s sps=0
[t= 172.6s] greedy ep 88 games=  96 dec= 18703 rows= 17828 horizon=0.27 nodecap=0 over=0 card=0 exact=0 drop=0 cfgs= 25.5 L=0.01649 P=nan old=0.01813 new=0.01227 tgt=-0.028/0.509 pstd=0.460 capv=0.040 lr=1.0e-03 gen=0.1s conv=0.0s add=0.1s train=2.0s sps=0
[t= 174.6s] greedy ep 89 games=  96 dec= 17445 rows= 16716 horizon=0.25 nodecap=0 over=0 card=0 exact=0 drop=0 cfgs= 28.9 L=0.01696 P=nan old=0.01756 new=0.01338 tgt=-0.056/0.523 pstd=0.457 capv=0.040 lr=1.0e-03 gen=0.1s conv=0.0s add=0.1s train=1.7s sps=0
[t= 176.5s] greedy ep 90 games=  96 dec= 18622 rows= 17824 horizon=0.30 nodecap=0 over=0 card=0 exact=0 drop=0 cfgs= 28.3 L=0.01585 P=nan old=0.01729 new=0.01130 tgt=-0.052/0.508 pstd=0.451 capv=0.040 lr=1.0e-03 gen=0.1s conv=0.0s add=0.1s train=1.7s sps=0
[t= 178.6s] greedy ep 91 games=  96 dec= 19065 rows= 18324 horizon=0.34 nodecap=0 over=0 card=0 exact=0 drop=0 cfgs= 26.2 L=0.01574 P=nan old=0.01583 new=0.01096 tgt=-0.025/0.461 pstd=0.454 capv=0.040 lr=1.0e-03 gen=0.1s conv=0.0s add=0.1s train=1.9s sps=0
[t= 180.9s] greedy ep 92 games=  96 dec= 18963 rows= 18229 horizon=0.31 nodecap=0 over=0 card=0 exact=0 drop=0 cfgs= 24.1 L=0.01593 P=nan old=0.01733 new=0.00978 tgt=-0.041/0.481 pstd=0.453 capv=0.040 lr=1.0e-03 gen=0.1s conv=0.0s add=0.1s train=2.0s sps=0
[t= 183.1s] greedy ep 93 games=  96 dec= 18277 rows= 17540 horizon=0.33 nodecap=0 over=0 card=0 exact=0 drop=0 cfgs= 26.8 L=0.01561 P=nan old=0.01941 new=0.01138 tgt=-0.073/0.495 pstd=0.452 capv=0.040 lr=1.0e-03 gen=0.1s conv=0.0s add=0.1s train=2.0s sps=0
[t= 185.2s] greedy ep 94 games=  96 dec= 18603 rows= 17822 horizon=0.32 nodecap=0 over=0 card=0 exact=0 drop=0 cfgs= 25.2 L=0.01589 P=nan old=0.01758 new=0.01220 tgt=-0.047/0.488 pstd=0.465 capv=0.040 lr=1.0e-03 gen=0.1s conv=0.0s add=0.1s train=2.0s sps=0
[t= 187.4s] greedy ep 95 games=  96 dec= 19081 rows= 18248 horizon=0.26 nodecap=0 over=0 card=0 exact=0 drop=0 cfgs= 27.4 L=0.01613 P=nan old=0.01693 new=0.01274 tgt=-0.044/0.504 pstd=0.465 capv=0.040 lr=1.0e-03 gen=0.1s conv=0.0s add=0.1s train=2.0s sps=0
[t= 189.6s] greedy ep 96 games=  96 dec= 17938 rows= 17156 horizon=0.24 nodecap=0 over=0 card=0 exact=0 drop=0 cfgs= 28.8 L=0.01562 P=nan old=0.01729 new=0.01335 tgt=-0.034/0.506 pstd=0.465 capv=0.040 lr=1.0e-03 gen=0.1s conv=0.0s add=0.1s train=1.9s sps=0
[t= 191.4s] greedy ep 97 games=  96 dec= 17223 rows= 16545 horizon=0.23 nodecap=0 over=0 card=0 exact=0 drop=0 cfgs= 27.7 L=0.01633 P=nan old=0.01664 new=0.01120 tgt=-0.036/0.520 pstd=0.464 capv=0.040 lr=1.0e-03 gen=0.1s conv=0.0s add=0.1s train=1.6s sps=0
[t= 193.3s] greedy ep 98 games=  96 dec= 18276 rows= 17527 horizon=0.31 nodecap=0 over=0 card=0 exact=0 drop=0 cfgs= 27.9 L=0.01573 P=nan old=0.01776 new=0.01001 tgt=-0.037/0.487 pstd=0.461 capv=0.040 lr=1.0e-03 gen=0.1s conv=0.0s add=0.1s train=1.7s sps=0
[t= 195.2s] greedy ep 99 games=  96 dec= 18883 rows= 18017 horizon=0.28 nodecap=0 over=0 card=0 exact=0 drop=0 cfgs= 26.9 L=0.01679 P=nan old=0.01652 new=0.01265 tgt=-0.005/0.487 pstd=0.471 capv=0.040 lr=1.0e-03 gen=0.1s conv=0.0s add=0.1s train=1.7s sps=0
[t= 197.1s] greedy ep100 games=  96 dec= 18125 rows= 17397 horizon=0.29 nodecap=0 over=0 card=0 exact=0 drop=0 cfgs= 28.4 L=0.01616 P=nan old=0.01849 new=0.01123 tgt=-0.037/0.513 pstd=0.477 capv=0.040 lr=1.0e-03 gen=0.1s conv=0.0s add=0.1s train=1.7s sps=0
[t= 199.0s] greedy ep101 games=  96 dec= 18105 rows= 17321 horizon=0.27 nodecap=0 over=0 card=0 exact=0 drop=0 cfgs= 28.4 L=0.01639 P=nan old=0.01688 new=0.01142 tgt=-0.041/0.507 pstd=0.484 capv=0.040 lr=1.0e-03 gen=0.1s conv=0.0s add=0.1s train=1.6s sps=0
[t= 200.8s] greedy ep102 games=  96 dec= 17331 rows= 16510 horizon=0.19 nodecap=0 over=0 card=0 exact=0 drop=0 cfgs= 28.9 L=0.01626 P=nan old=0.01537 new=0.01086 tgt=-0.068/0.530 pstd=0.477 capv=0.040 lr=1.0e-03 gen=0.1s conv=0.0s add=0.1s train=1.6s sps=0
[t= 202.6s] greedy ep103 games=  96 dec= 17633 rows= 16824 horizon=0.23 nodecap=0 over=0 card=0 exact=0 drop=0 cfgs= 26.9 L=0.01655 P=nan old=0.01803 new=0.01204 tgt=-0.065/0.514 pstd=0.446 capv=0.040 lr=1.0e-03 gen=0.1s conv=0.0s add=0.1s train=1.6s sps=0
[t= 204.5s] greedy ep104 games=  96 dec= 18563 rows= 17702 horizon=0.24 nodecap=0 over=0 card=0 exact=0 drop=0 cfgs= 27.6 L=0.01686 P=nan old=0.01736 new=0.01036 tgt=-0.027/0.505 pstd=0.462 capv=0.040 lr=1.0e-03 gen=0.1s conv=0.0s add=0.1s train=1.7s sps=0
[t= 206.4s] greedy ep105 games=  96 dec= 18582 rows= 17738 horizon=0.27 nodecap=0 over=0 card=0 exact=0 drop=0 cfgs= 27.1 L=0.01633 P=nan old=0.01594 new=0.01252 tgt=-0.034/0.514 pstd=0.457 capv=0.040 lr=1.0e-03 gen=0.1s conv=0.0s add=0.1s train=1.7s sps=0
[t= 208.3s] greedy ep106 games=  96 dec= 18088 rows= 17403 horizon=0.26 nodecap=0 over=0 card=0 exact=0 drop=0 cfgs= 27.4 L=0.01598 P=nan old=0.01788 new=0.01141 tgt=-0.052/0.503 pstd=0.456 capv=0.040 lr=1.0e-03 gen=0.1s conv=0.0s add=0.1s train=1.7s sps=0
[t= 210.1s] greedy ep107 games=  96 dec= 18041 rows= 17276 horizon=0.30 nodecap=0 over=0 card=0 exact=0 drop=0 cfgs= 27.1 L=0.01609 P=nan old=0.01604 new=0.01186 tgt=-0.053/0.485 pstd=0.482 capv=0.040 lr=1.0e-03 gen=0.1s conv=0.0s add=0.1s train=1.6s sps=0
[t= 212.0s] greedy ep108 games=  96 dec= 18150 rows= 17355 horizon=0.26 nodecap=0 over=0 card=0 exact=0 drop=0 cfgs= 27.5 L=0.01527 P=nan old=0.01695 new=0.01079 tgt=-0.008/0.496 pstd=0.477 capv=0.040 lr=1.0e-03 gen=0.1s conv=0.0s add=0.1s train=1.7s sps=0
[t= 213.9s] greedy ep109 games=  96 dec= 18283 rows= 17484 horizon=0.25 nodecap=0 over=0 card=0 exact=0 drop=0 cfgs= 27.7 L=0.01549 P=nan old=0.01575 new=0.01027 tgt=-0.026/0.495 pstd=0.480 capv=0.040 lr=1.0e-03 gen=0.1s conv=0.0s add=0.1s train=1.6s sps=0
[t= 215.6s] greedy ep110 games=  96 dec= 17390 rows= 16648 horizon=0.23 nodecap=0 over=0 card=0 exact=0 drop=0 cfgs= 25.7 L=0.01635 P=nan old=0.01563 new=0.01100 tgt=-0.053/0.529 pstd=0.474 capv=0.040 lr=1.0e-03 gen=0.1s conv=0.0s add=0.1s train=1.5s sps=0
[t= 217.6s] greedy ep111 games=  96 dec= 19431 rows= 18629 horizon=0.38 nodecap=0 over=0 card=0 exact=0 drop=0 cfgs= 26.4 L=0.01566 P=nan old=0.01674 new=0.01158 tgt=-0.035/0.475 pstd=0.437 capv=0.040 lr=1.0e-03 gen=0.1s conv=0.0s add=0.1s train=1.8s sps=0
[t= 219.5s] greedy ep112 games=  96 dec= 18006 rows= 17317 horizon=0.29 nodecap=0 over=0 card=0 exact=0 drop=0 cfgs= 26.2 L=0.01571 P=nan old=0.01586 new=0.01081 tgt=-0.006/0.487 pstd=0.439 capv=0.040 lr=1.0e-03 gen=0.1s conv=0.0s add=0.1s train=1.6s sps=0
[t= 221.3s] greedy ep113 games=  96 dec= 18270 rows= 17487 horizon=0.29 nodecap=0 over=0 card=0 exact=0 drop=0 cfgs= 26.4 L=0.01553 P=nan old=0.01684 new=0.01165 tgt=-0.031/0.524 pstd=0.437 capv=0.040 lr=1.0e-03 gen=0.1s conv=0.0s add=0.1s train=1.6s sps=0
[t= 223.3s] greedy ep114 games=  96 dec= 19126 rows= 18338 horizon=0.35 nodecap=0 over=0 card=0 exact=0 drop=0 cfgs= 26.4 L=0.01553 P=nan old=0.01520 new=0.01044 tgt=-0.045/0.492 pstd=0.423 capv=0.040 lr=1.0e-03 gen=0.1s conv=0.0s add=0.1s train=1.7s sps=0
[t= 225.1s] greedy ep115 games=  96 dec= 17661 rows= 16911 horizon=0.16 nodecap=0 over=0 card=0 exact=0 drop=0 cfgs= 28.4 L=0.01612 P=nan old=0.01845 new=0.01178 tgt=-0.005/0.519 pstd=0.424 capv=0.040 lr=1.0e-03 gen=0.1s conv=0.0s add=0.1s train=1.6s sps=0
[t= 227.0s] greedy ep116 games=  96 dec= 18378 rows= 17513 horizon=0.28 nodecap=0 over=0 card=0 exact=0 drop=0 cfgs= 29.8 L=0.01573 P=nan old=0.01582 new=0.01110 tgt=-0.016/0.485 pstd=0.414 capv=0.040 lr=1.0e-03 gen=0.1s conv=0.0s add=0.1s train=1.6s sps=0
[t= 228.9s] greedy ep117 games=  96 dec= 17969 rows= 17144 horizon=0.28 nodecap=0 over=0 card=0 exact=0 drop=0 cfgs= 26.2 L=0.01524 P=nan old=0.01603 new=0.01031 tgt=-0.027/0.511 pstd=0.414 capv=0.040 lr=1.0e-03 gen=0.1s conv=0.0s add=0.1s train=1.6s sps=0
[t= 230.9s] greedy ep118 games=  96 dec= 19031 rows= 18297 horizon=0.38 nodecap=0 over=0 card=0 exact=0 drop=0 cfgs= 28.1 L=0.01579 P=nan old=0.01779 new=0.01175 tgt=-0.095/0.498 pstd=0.413 capv=0.040 lr=1.0e-03 gen=0.1s conv=0.0s add=0.1s train=1.7s sps=0
[t= 232.8s] greedy ep119 games=  96 dec= 18724 rows= 17931 horizon=0.27 nodecap=0 over=0 card=0 exact=0 drop=0 cfgs= 26.8 L=0.01595 P=nan old=0.01674 new=0.01180 tgt=-0.051/0.498 pstd=0.427 capv=0.040 lr=1.0e-03 gen=0.1s conv=0.0s add=0.1s train=1.7s sps=0
[t= 234.7s] greedy ep120 games=  96 dec= 18952 rows= 18033 horizon=0.28 nodecap=0 over=0 card=0 exact=0 drop=0 cfgs= 25.5 L=0.01559 P=nan old=0.01635 new=0.01193 tgt=-0.039/0.480 pstd=0.421 capv=0.040 lr=1.0e-03 gen=0.1s conv=0.0s add=0.1s train=1.7s sps=0
[t= 236.6s] greedy ep121 games=  96 dec= 18610 rows= 17842 horizon=0.31 nodecap=0 over=0 card=0 exact=0 drop=0 cfgs= 26.4 L=0.01524 P=nan old=0.01648 new=0.01009 tgt=-0.010/0.467 pstd=0.412 capv=0.040 lr=1.0e-03 gen=0.1s conv=0.0s add=0.1s train=1.7s sps=0
[t= 238.6s] greedy ep122 games=  96 dec= 19327 rows= 18551 horizon=0.38 nodecap=0 over=0 card=0 exact=0 drop=0 cfgs= 26.0 L=0.01426 P=nan old=0.01548 new=0.00970 tgt=-0.032/0.468 pstd=0.416 capv=0.040 lr=1.0e-03 gen=0.1s conv=0.0s add=0.1s train=1.7s sps=0
[t= 240.6s] greedy ep123 games=  96 dec= 18773 rows= 17922 horizon=0.27 nodecap=0 over=0 card=0 exact=0 drop=0 cfgs= 27.1 L=0.01433 P=nan old=0.01834 new=0.01289 tgt=-0.018/0.516 pstd=0.419 capv=0.040 lr=1.0e-03 gen=0.1s conv=0.0s add=0.1s train=1.7s sps=0
[t= 242.5s] greedy ep124 games=  96 dec= 18792 rows= 17985 horizon=0.31 nodecap=0 over=0 card=0 exact=0 drop=0 cfgs= 28.7 L=0.01450 P=nan old=0.01717 new=0.01022 tgt=-0.053/0.492 pstd=0.419 capv=0.040 lr=1.0e-03 gen=0.1s conv=0.0s add=0.1s train=1.7s sps=0
[t= 244.5s] greedy ep125 games=  96 dec= 18881 rows= 18013 horizon=0.27 nodecap=0 over=0 card=0 exact=0 drop=0 cfgs= 26.8 L=0.01431 P=nan old=0.01633 new=0.00927 tgt=-0.011/0.486 pstd=0.423 capv=0.040 lr=1.0e-03 gen=0.1s conv=0.0s add=0.1s train=1.7s sps=0
[t= 246.5s] greedy ep126 games=  96 dec= 19520 rows= 18707 horizon=0.34 nodecap=0 over=0 card=0 exact=0 drop=0 cfgs= 27.0 L=0.01439 P=nan old=0.01587 new=0.01037 tgt=-0.016/0.480 pstd=0.422 capv=0.040 lr=1.0e-03 gen=0.1s conv=0.0s add=0.1s train=1.8s sps=0
[t= 248.3s] greedy ep127 games=  96 dec= 17220 rows= 16519 horizon=0.18 nodecap=0 over=0 card=0 exact=0 drop=0 cfgs= 30.1 L=0.01516 P=nan old=0.01710 new=0.01270 tgt=-0.010/0.537 pstd=0.431 capv=0.040 lr=1.0e-03 gen=0.1s conv=0.0s add=0.1s train=1.6s sps=0
[t= 250.3s] greedy ep128 games=  96 dec= 19220 rows= 18541 horizon=0.38 nodecap=0 over=0 card=0 exact=0 drop=0 cfgs= 25.2 L=0.01439 P=nan old=0.01862 new=0.01168 tgt=-0.043/0.470 pstd=0.401 capv=0.040 lr=1.0e-03 gen=0.1s conv=0.0s add=0.1s train=1.7s sps=0
[t= 252.2s] greedy ep129 games=  96 dec= 18267 rows= 17549 horizon=0.30 nodecap=0 over=0 card=0 exact=0 drop=0 cfgs= 26.8 L=0.01383 P=nan old=0.01481 new=0.01017 tgt=-0.018/0.469 pstd=0.430 capv=0.040 lr=1.0e-03 gen=0.1s conv=0.0s add=0.1s train=1.6s sps=0
[t= 254.0s] greedy ep130 games=  96 dec= 18111 rows= 17341 horizon=0.27 nodecap=0 over=0 card=0 exact=0 drop=0 cfgs= 28.1 L=0.01393 P=nan old=0.01387 new=0.01030 tgt=-0.048/0.487 pstd=0.406 capv=0.040 lr=1.0e-03 gen=0.1s conv=0.0s add=0.1s train=1.7s sps=0
[t= 255.9s] greedy ep131 games=  96 dec= 17369 rows= 16572 horizon=0.18 nodecap=0 over=0 card=0 exact=0 drop=0 cfgs= 28.7 L=0.01421 P=nan old=0.01509 new=0.00982 tgt=-0.047/0.529 pstd=0.400 capv=0.040 lr=1.0e-03 gen=0.1s conv=0.0s add=0.1s train=1.6s sps=0
[t= 257.8s] greedy ep132 games=  96 dec= 18942 rows= 18118 horizon=0.28 nodecap=0 over=0 card=0 exact=0 drop=0 cfgs= 25.9 L=0.01438 P=nan old=0.01465 new=0.01000 tgt=-0.025/0.490 pstd=0.418 capv=0.040 lr=1.0e-03 gen=0.1s conv=0.0s add=0.1s train=1.7s sps=0
[t= 259.7s] greedy ep133 games=  96 dec= 18303 rows= 17559 horizon=0.31 nodecap=0 over=0 card=0 exact=0 drop=0 cfgs= 28.8 L=0.01411 P=nan old=0.01455 new=0.00980 tgt=-0.065/0.522 pstd=0.414 capv=0.040 lr=1.0e-03 gen=0.1s conv=0.0s add=0.1s train=1.7s sps=0
[t= 261.5s] greedy ep134 games=  96 dec= 17224 rows= 16483 horizon=0.23 nodecap=0 over=0 card=0 exact=0 drop=0 cfgs= 27.3 L=0.01397 P=nan old=0.01345 new=0.00880 tgt=-0.008/0.505 pstd=0.411 capv=0.040 lr=1.0e-03 gen=0.1s conv=0.0s add=0.1s train=1.6s sps=0
[t= 263.3s] greedy ep135 games=  96 dec= 17667 rows= 16876 horizon=0.20 nodecap=0 over=0 card=0 exact=0 drop=0 cfgs= 28.8 L=0.01366 P=nan old=0.01445 new=0.01004 tgt=-0.045/0.534 pstd=0.399 capv=0.040 lr=1.0e-03 gen=0.1s conv=0.0s add=0.1s train=1.6s sps=0
[t= 265.2s] greedy ep136 games=  96 dec= 17728 rows= 16967 horizon=0.21 nodecap=0 over=0 card=0 exact=0 drop=0 cfgs= 30.7 L=0.01433 P=nan old=0.01441 new=0.01095 tgt=-0.055/0.531 pstd=0.398 capv=0.040 lr=1.0e-03 gen=0.1s conv=0.0s add=0.1s train=1.6s sps=0
[t= 267.1s] greedy ep137 games=  96 dec= 18877 rows= 18184 horizon=0.33 nodecap=0 over=0 card=0 exact=0 drop=0 cfgs= 25.5 L=0.01387 P=nan old=0.01388 new=0.00962 tgt=-0.049/0.496 pstd=0.404 capv=0.040 lr=1.0e-03 gen=0.1s conv=0.0s add=0.1s train=1.7s sps=0
[t= 269.1s] greedy ep138 games=  96 dec= 18602 rows= 17715 horizon=0.25 nodecap=0 over=0 card=0 exact=0 drop=0 cfgs= 29.2 L=0.01358 P=nan old=0.01556 new=0.01103 tgt=-0.009/0.503 pstd=0.399 capv=0.040 lr=1.0e-03 gen=0.1s conv=0.0s add=0.1s train=1.7s sps=0
[t= 271.1s] greedy ep139 games=  96 dec= 19305 rows= 18517 horizon=0.35 nodecap=0 over=0 card=0 exact=0 drop=0 cfgs= 26.5 L=0.01347 P=nan old=0.01365 new=0.00897 tgt=-0.025/0.475 pstd=0.401 capv=0.040 lr=1.0e-03 gen=0.1s conv=0.0s add=0.1s train=1.8s sps=0
[t= 272.9s] greedy ep140 games=  96 dec= 18226 rows= 17475 horizon=0.29 nodecap=0 over=0 card=0 exact=0 drop=0 cfgs= 27.6 L=0.01248 P=nan old=0.01367 new=0.00836 tgt=-0.066/0.504 pstd=0.394 capv=0.040 lr=1.0e-03 gen=0.1s conv=0.0s add=0.1s train=1.6s sps=0
[t= 274.9s] greedy ep141 games=  96 dec= 19035 rows= 18235 horizon=0.30 nodecap=0 over=0 card=0 exact=0 drop=0 cfgs= 26.1 L=0.01282 P=nan old=0.01369 new=0.00926 tgt=-0.002/0.470 pstd=0.409 capv=0.040 lr=1.0e-03 gen=0.1s conv=0.0s add=0.1s train=1.7s sps=0
[t= 276.8s] greedy ep142 games=  96 dec= 18470 rows= 17713 horizon=0.26 nodecap=0 over=0 card=0 exact=0 drop=0 cfgs= 26.3 L=0.01392 P=nan old=0.01560 new=0.01076 tgt=-0.063/0.516 pstd=0.391 capv=0.040 lr=1.0e-03 gen=0.1s conv=0.0s add=0.1s train=1.7s sps=0
[t= 278.7s] greedy ep143 games=  96 dec= 18596 rows= 17790 horizon=0.27 nodecap=0 over=0 card=0 exact=0 drop=0 cfgs= 25.5 L=0.01363 P=nan old=0.01363 new=0.01015 tgt=-0.021/0.508 pstd=0.405 capv=0.040 lr=1.0e-03 gen=0.1s conv=0.0s add=0.1s train=1.7s sps=0
[t= 280.7s] greedy ep144 games=  96 dec= 18889 rows= 18076 horizon=0.32 nodecap=0 over=0 card=0 exact=0 drop=0 cfgs= 28.6 L=0.01389 P=nan old=0.01340 new=0.01058 tgt=-0.053/0.496 pstd=0.401 capv=0.040 lr=1.0e-03 gen=0.1s conv=0.0s add=0.1s train=1.7s sps=0
[t= 282.6s] greedy ep145 games=  96 dec= 17677 rows= 16862 horizon=0.23 nodecap=0 over=0 card=0 exact=0 drop=0 cfgs= 29.6 L=0.01357 P=nan old=0.01269 new=0.00892 tgt=-0.032/0.506 pstd=0.398 capv=0.040 lr=1.0e-03 gen=0.1s conv=0.0s add=0.1s train=1.6s sps=0
[t= 284.5s] greedy ep146 games=  96 dec= 18448 rows= 17699 horizon=0.30 nodecap=0 over=0 card=0 exact=0 drop=0 cfgs= 26.6 L=0.01343 P=nan old=0.01397 new=0.00943 tgt=-0.013/0.485 pstd=0.389 capv=0.040 lr=1.0e-03 gen=0.1s conv=0.0s add=0.1s train=1.7s sps=0
[t= 286.3s] greedy ep147 games=  96 dec= 17426 rows= 16673 horizon=0.22 nodecap=0 over=0 card=0 exact=0 drop=0 cfgs= 29.1 L=0.01347 P=nan old=0.01441 new=0.00874 tgt=-0.043/0.511 pstd=0.389 capv=0.040 lr=1.0e-03 gen=0.1s conv=0.0s add=0.1s train=1.6s sps=0
[t= 288.3s] greedy ep148 games=  96 dec= 18915 rows= 18108 horizon=0.28 nodecap=0 over=0 card=0 exact=0 drop=0 cfgs= 25.8 L=0.01299 P=nan old=0.01348 new=0.00829 tgt=-0.035/0.534 pstd=0.388 capv=0.040 lr=1.0e-03 gen=0.1s conv=0.0s add=0.1s train=1.7s sps=0
[t= 290.2s] greedy ep149 games=  96 dec= 18639 rows= 17753 horizon=0.28 nodecap=0 over=0 card=0 exact=0 drop=0 cfgs= 26.8 L=0.01296 P=nan old=0.01267 new=0.00799 tgt=-0.005/0.479 pstd=0.395 capv=0.040 lr=1.0e-03 gen=0.1s conv=0.0s add=0.1s train=1.7s sps=0
[t= 292.1s] greedy ep150 games=  96 dec= 18776 rows= 18003 horizon=0.31 nodecap=0 over=0 card=0 exact=0 drop=0 cfgs= 27.7 L=0.01262 P=nan old=0.01273 new=0.00873 tgt=-0.036/0.491 pstd=0.404 capv=0.040 lr=1.0e-03 gen=0.1s conv=0.0s add=0.1s train=1.7s sps=0
[t= 293.9s] greedy ep151 games=  96 dec= 19367 rows= 18525 horizon=0.35 nodecap=0 over=0 card=0 exact=0 drop=0 cfgs= 26.8 L=0.01235 P=nan old=0.01287 new=0.00840 tgt=-0.055/0.486 pstd=0.385 capv=0.040 lr=1.0e-03 gen=0.1s conv=0.0s add=0.1s train=1.6s sps=0
[t= 295.2s] greedy ep152 games=  96 dec= 18370 rows= 17585 horizon=0.28 nodecap=0 over=0 card=0 exact=0 drop=0 cfgs= 27.0 L=0.01199 P=nan old=0.01401 new=0.00891 tgt=-0.042/0.519 pstd=0.385 capv=0.040 lr=1.0e-03 gen=0.1s conv=0.0s add=0.1s train=1.1s sps=0
[t= 296.3s] greedy ep153 games=  96 dec= 19458 rows= 18558 horizon=0.38 nodecap=0 over=0 card=0 exact=0 drop=0 cfgs= 26.1 L=0.01218 P=nan old=0.01146 new=0.00959 tgt=-0.021/0.493 pstd=0.374 capv=0.040 lr=1.0e-03 gen=0.1s conv=0.0s add=0.1s train=0.9s sps=0
[t= 297.4s] greedy ep154 games=  96 dec= 18177 rows= 17428 horizon=0.26 nodecap=0 over=0 card=0 exact=0 drop=0 cfgs= 27.6 L=0.01205 P=nan old=0.01274 new=0.00778 tgt=-0.029/0.515 pstd=0.388 capv=0.040 lr=1.0e-03 gen=0.1s conv=0.0s add=0.1s train=0.9s sps=0
[t= 298.5s] greedy ep155 games=  96 dec= 18096 rows= 17273 horizon=0.25 nodecap=0 over=0 card=0 exact=0 drop=0 cfgs= 27.5 L=0.01192 P=nan old=0.01298 new=0.00991 tgt=+0.008/0.500 pstd=0.382 capv=0.040 lr=1.0e-03 gen=0.1s conv=0.0s add=0.1s train=0.9s sps=0
[t= 300.3s] greedy ep156 games=  96 dec= 17280 rows= 16532 horizon=0.21 nodecap=0 over=0 card=0 exact=0 drop=0 cfgs= 27.2 L=0.01221 P=nan old=0.01293 new=0.00855 tgt=-0.013/0.519 pstd=0.393 capv=0.040 lr=1.0e-03 gen=0.1s conv=0.0s add=0.1s train=1.6s sps=0
[t= 300.3s] --- snapshot snap_00.pt (init) ---
[t= 300.3s] --- switching to ReBeL ---
v5 GEMM compute=fast-f16
[t= 310.3s] rebel stream solves=13312 raw=1325/s balanced=1325/s debt=0 rows steps=52 over=0 card=0 drop=0 L=0.03338 tgt=-0.012/0.310 cfg/b=41542 prep=2.67s gpu=0.00s conv=0.02s add=0.94s train=8.12s
[t= 321.0s] rebel stream solves=36864 raw=1782/s balanced=1782/s debt=0 rows steps=144 over=0 card=0 drop=0 L=0.01298 tgt=-0.006/0.257 cfg/b=55347 prep=2.35s gpu=0.00s conv=0.06s add=2.29s train=7.88s
[t= 331.0s] rebel stream solves=52224 raw=1699/s balanced=1699/s debt=0 rows steps=204 over=0 card=0 drop=0 L=0.00645 tgt=+0.005/0.251 cfg/b=30075 prep=1.64s gpu=0.00s conv=0.01s add=1.06s train=8.74s
[t= 341.0s] rebel stream solves=66560 raw=1633/s balanced=1633/s debt=0 rows steps=260 over=0 card=0 drop=0 L=0.00498 tgt=+0.010/0.258 cfg/b=30150 prep=3.30s gpu=0.00s conv=0.01s add=1.07s train=8.63s
[t= 351.7s] rebel stream solves=80896 raw=1573/s balanced=1573/s debt=0 rows steps=316 over=0 card=0 drop=0 L=0.00452 tgt=+0.015/0.267 cfg/b=26456 prep=3.01s gpu=0.00s conv=0.01s add=1.03s train=9.37s
[t= 362.0s] rebel stream solves=93184 raw=1511/s balanced=1511/s debt=0 rows steps=364 over=0 card=0 drop=0 L=0.00405 tgt=+0.036/0.281 cfg/b=22857 prep=3.17s gpu=0.00s conv=0.01s add=0.94s train=8.91s
[t= 373.4s] rebel stream solves=106496 raw=1456/s balanced=1456/s debt=0 rows steps=416 over=0 card=0 drop=0 L=0.00391 tgt=+0.051/0.296 cfg/b=20938 prep=2.77s gpu=0.00s conv=0.01s add=1.19s train=9.92s
[t= 383.4s] rebel stream solves=119808 raw=1441/s balanced=1441/s debt=0 rows steps=468 over=0 card=0 drop=0 L=0.00388 tgt=+0.068/0.323 cfg/b=19229 prep=2.25s gpu=0.00s conv=0.01s add=1.29s train=8.25s
[t= 393.7s] rebel stream solves=132096 raw=1414/s balanced=1414/s debt=0 rows steps=516 over=0 card=0 drop=0 L=0.00444 tgt=+0.086/0.327 cfg/b=18057 prep=1.62s gpu=0.00s conv=0.01s add=1.41s train=8.40s
[t= 404.2s] rebel stream solves=142336 raw=1370/s balanced=1370/s debt=0 rows steps=556 over=0 card=0 drop=0 L=0.00506 tgt=+0.106/0.361 cfg/b=17216 prep=1.24s gpu=0.00s conv=0.01s add=1.13s train=5.08s
[t= 415.3s] rebel stream solves=150528 raw=1309/s balanced=1309/s debt=0 rows steps=588 over=0 card=0 drop=0 L=0.00521 tgt=+0.109/0.353 cfg/b=17258 prep=1.03s gpu=0.00s conv=0.01s add=1.09s train=5.31s
[t= 426.2s] rebel stream solves=159744 raw=1269/s balanced=1269/s debt=0 rows steps=624 over=0 card=0 drop=0 L=0.00575 tgt=+0.071/0.360 cfg/b=16755 prep=2.26s gpu=0.00s conv=0.01s add=1.00s train=6.19s
[t= 436.2s] rebel stream solves=171008 raw=1258/s balanced=1258/s debt=0 rows steps=668 over=0 card=0 drop=0 L=0.00597 tgt=+0.058/0.371 cfg/b=17082 prep=1.40s gpu=0.00s conv=0.01s add=1.36s train=4.78s
[t= 446.3s] rebel stream solves=180224 raw=1234/s balanced=1234/s debt=0 rows steps=704 over=0 card=0 drop=0 L=0.00618 tgt=+0.097/0.341 cfg/b=16407 prep=0.96s gpu=0.00s conv=0.01s add=1.15s train=4.93s
[t= 456.4s] rebel stream solves=188416 raw=1207/s balanced=1207/s debt=0 rows steps=736 over=0 card=0 drop=0 L=0.00634 tgt=+0.085/0.331 cfg/b=16814 prep=0.85s gpu=0.00s conv=0.01s add=0.96s train=4.97s
[t= 466.9s] rebel stream solves=198656 raw=1192/s balanced=1192/s debt=0 rows steps=776 over=0 card=0 drop=0 L=0.00625 tgt=+0.064/0.344 cfg/b=16650 prep=1.56s gpu=0.00s conv=0.01s add=1.22s train=5.72s
[t= 479.0s] rebel stream solves=208896 raw=1169/s balanced=1169/s debt=0 rows steps=816 over=0 card=0 drop=0 L=0.00718 tgt=+0.071/0.320 cfg/b=16905 prep=3.75s gpu=0.00s conv=0.01s add=1.23s train=8.30s
[t= 489.9s] rebel stream solves=218112 raw=1150/s balanced=1150/s debt=0 rows steps=852 over=0 card=0 drop=0 L=0.00721 tgt=+0.062/0.319 cfg/b=17050 prep=1.99s gpu=0.00s conv=0.01s add=1.18s train=8.72s
[t= 500.6s] rebel stream solves=229376 raw=1145/s balanced=1145/s debt=0 rows steps=896 over=0 card=0 drop=0 L=0.00733 tgt=+0.060/0.310 cfg/b=17161 prep=2.61s gpu=0.00s conv=0.01s add=1.38s train=8.83s
[t= 511.5s] rebel stream solves=239616 raw=1135/s balanced=1135/s debt=0 rows steps=936 over=0 card=0 drop=0 L=0.00760 tgt=+0.061/0.334 cfg/b=17203 prep=3.18s gpu=0.00s conv=0.02s add=1.21s train=9.11s
[t= 522.0s] rebel stream solves=252928 raw=1141/s balanced=1141/s debt=0 rows steps=988 over=0 card=0 drop=0 L=0.00720 tgt=+0.065/0.337 cfg/b=17562 prep=1.84s gpu=0.00s conv=0.03s add=1.53s train=7.94s
[t= 532.0s] rebel stream solves=264192 raw=1140/s balanced=1140/s debt=0 rows steps=1032 over=0 card=0 drop=0 L=0.00723 tgt=+0.053/0.314 cfg/b=17013 prep=1.48s gpu=0.00s conv=0.01s add=1.36s train=5.33s
[t= 542.7s] rebel stream solves=269312 raw=1111/s balanced=1111/s debt=0 rows steps=1052 over=0 card=0 drop=0 L=0.00736 tgt=+0.041/0.293 cfg/b=17055 prep=2.95s gpu=0.00s conv=0.00s add=0.58s train=8.46s
[t= 554.5s] rebel stream solves=283648 raw=1116/s balanced=1116/s debt=0 rows steps=1108 over=0 card=0 drop=0 L=0.00774 tgt=+0.055/0.312 cfg/b=16146 prep=2.20s gpu=0.00s conv=0.02s add=1.77s train=8.39s
[t= 565.5s] rebel stream solves=295936 raw=1116/s balanced=1116/s debt=0 rows steps=1156 over=0 card=0 drop=0 L=0.00757 tgt=+0.042/0.325 cfg/b=16038 prep=2.69s gpu=0.00s conv=0.02s add=1.46s train=7.71s
[t= 576.2s] rebel stream solves=307200 raw=1113/s balanced=1113/s debt=0 rows steps=1200 over=0 card=0 drop=0 L=0.00781 tgt=+0.058/0.328 cfg/b=16924 prep=1.67s gpu=0.00s conv=0.01s add=1.33s train=4.59s
[t= 587.1s] rebel stream solves=317440 raw=1107/s balanced=1107/s debt=0 rows steps=1240 over=0 card=0 drop=0 L=0.00799 tgt=+0.050/0.299 cfg/b=17044 prep=1.83s gpu=0.00s conv=0.01s add=1.21s train=6.86s
[t= 597.6s] rebel stream solves=327680 raw=1102/s balanced=1102/s debt=0 rows steps=1280 over=0 card=0 drop=0 L=0.00783 tgt=+0.040/0.321 cfg/b=16899 prep=1.83s gpu=0.00s conv=0.02s add=1.42s train=7.48s
[t= 609.0s] rebel stream solves=336896 raw=1091/s balanced=1091/s debt=0 rows steps=1316 over=0 card=0 drop=0 L=0.00790 tgt=+0.039/0.310 cfg/b=17478 prep=2.95s gpu=0.00s conv=0.02s add=1.19s train=9.06s
[t= 619.0s] rebel stream solves=347136 raw=1089/s balanced=1089/s debt=0 rows steps=1356 over=0 card=0 drop=0 L=0.00801 tgt=+0.043/0.302 cfg/b=17924 prep=1.47s gpu=0.00s conv=0.03s add=1.36s train=6.81s
[t= 629.2s] rebel stream solves=355328 raw=1080/s balanced=1080/s debt=0 rows steps=1388 over=0 card=0 drop=0 L=0.00822 tgt=+0.042/0.297 cfg/b=18356 prep=2.05s gpu=0.00s conv=0.01s add=1.06s train=6.50s
[t= 639.3s] rebel stream solves=363520 raw=1072/s balanced=1072/s debt=0 rows steps=1420 over=0 card=0 drop=0 L=0.00844 tgt=+0.037/0.309 cfg/b=18882 prep=1.39s gpu=0.00s conv=0.01s add=1.05s train=4.64s
[t= 651.0s] rebel stream solves=372736 raw=1063/s balanced=1063/s debt=0 rows steps=1456 over=0 card=0 drop=0 L=0.00861 tgt=+0.041/0.321 cfg/b=19382 prep=2.90s gpu=0.00s conv=0.07s add=1.29s train=8.33s
[t= 661.6s] --- snapshot snap_01.pt (s1) ---
[t= 661.6s] rebel stream solves=381952 raw=1057/s balanced=1057/s debt=0 rows steps=1492 over=0 card=0 drop=0 L=0.00907 tgt=+0.028/0.291 cfg/b=19974 prep=2.00s gpu=0.00s conv=0.01s add=1.21s train=8.53s
[t= 672.5s] rebel stream solves=392192 raw=1054/s balanced=1054/s debt=0 rows steps=1532 over=0 card=0 drop=0 L=0.00878 tgt=+0.040/0.291 cfg/b=20903 prep=0.93s gpu=0.00s conv=0.03s add=1.42s train=8.03s
[t= 683.6s] rebel stream solves=404480 raw=1055/s balanced=1055/s debt=0 rows steps=1580 over=0 card=0 drop=0 L=0.00904 tgt=+0.023/0.269 cfg/b=22108 prep=3.61s gpu=0.00s conv=0.10s add=1.64s train=8.43s
[t= 694.9s] rebel stream solves=412672 raw=1046/s balanced=1046/s debt=0 rows steps=1612 over=0 card=0 drop=0 L=0.00898 tgt=+0.019/0.290 cfg/b=23103 prep=1.68s gpu=0.00s conv=0.01s add=1.09s train=7.09s
[t= 707.2s] rebel stream solves=421888 raw=1037/s balanced=1037/s debt=0 rows steps=1648 over=0 card=0 drop=0 L=0.00916 tgt=+0.022/0.276 cfg/b=23539 prep=2.03s gpu=0.00s conv=0.01s add=1.19s train=9.38s
[t= 717.6s] rebel stream solves=432128 raw=1036/s balanced=1036/s debt=0 rows steps=1688 over=0 card=0 drop=0 L=0.00908 tgt=+0.007/0.290 cfg/b=24406 prep=2.06s gpu=0.00s conv=0.02s add=1.46s train=7.72s
[t= 730.1s] rebel stream solves=442368 raw=1029/s balanced=1029/s debt=0 rows steps=1728 over=0 card=0 drop=0 L=0.00909 tgt=+0.016/0.286 cfg/b=25118 prep=1.59s gpu=0.00s conv=0.02s add=1.53s train=7.05s
[t= 740.2s] rebel stream solves=448512 raw=1020/s balanced=1020/s debt=0 rows steps=1752 over=0 card=0 drop=0 L=0.00941 tgt=+0.011/0.280 cfg/b=25663 prep=1.69s gpu=0.00s conv=0.01s add=0.95s train=8.81s
[t= 751.3s] rebel stream solves=459776 raw=1020/s balanced=1020/s debt=0 rows steps=1796 over=0 card=0 drop=0 L=0.00917 tgt=+0.002/0.276 cfg/b=26574 prep=2.22s gpu=0.00s conv=0.04s add=1.33s train=8.30s
