[train] runs/sw_32_98 at 6eee99b+dirty seed=98 {'minutes': 7.0, 'warm_minutes': 5.0, 'ladder_games': 0, 'depth': 2, 'iters': 64, 'cfr': 'dcfr', 'gpu_actors': 32, 'seed': 98, 'note': 'seed-sweep'}
[train] seed-sweep
[cpu] pinned to 36 physical cores
[train] CUDA stream priority -1
[gpu] solve services up on [0, 1]
[cfg] PUBFEAT=897 CFEAT=15 architecture=v4 depth=2 iters=64 budget=420s warm=300s snapshot_every=6min device=cuda:1 draft=random train_gen_ratio=4.0 recent_mix=0.5/0.2 canonical_views=2 cap=2000000 matmul=high
[t=   1.2s] greedy ep  0 games=  96 dec= 18506 rows= 17791 horizon=0.27 L=0.12472 L/var=0.75 tgt=-0.078/0.407 pstd=0.389 gen=0.1s train=1.0s
[t=   1.8s] greedy ep  1 games=  96 dec= 18227 rows= 17455 horizon=0.27 L=0.08743 L/var=0.52 tgt=-0.090/0.410 pstd=0.424 gen=0.1s train=0.4s
[t=   2.4s] greedy ep  2 games=  96 dec= 18272 rows= 17522 horizon=0.28 L=0.05851 L/var=0.37 tgt=-0.050/0.397 pstd=0.384 gen=0.1s train=0.4s
[t=   3.0s] greedy ep  3 games=  96 dec= 17865 rows= 17130 horizon=0.25 L=0.04442 L/var=0.29 tgt=-0.065/0.394 pstd=0.376 gen=0.1s train=0.4s
[t=   3.6s] greedy ep  4 games=  96 dec= 19538 rows= 18733 horizon=0.39 L=0.03595 L/var=0.23 tgt=-0.068/0.392 pstd=0.375 gen=0.1s train=0.4s
[t=   4.3s] greedy ep  5 games=  96 dec= 18687 rows= 18045 horizon=0.34 L=0.02260 L/var=0.14 tgt=-0.081/0.409 pstd=0.408 gen=0.1s train=0.4s
[t=   4.9s] greedy ep  6 games=  96 dec= 19061 rows= 18131 horizon=0.31 L=0.02184 L/var=0.12 tgt=-0.109/0.433 pstd=0.403 gen=0.1s train=0.4s
[t=   5.5s] greedy ep  7 games=  96 dec= 19365 rows= 18458 horizon=0.36 L=0.01679 L/var=0.10 tgt=-0.074/0.404 pstd=0.394 gen=0.1s train=0.4s
[t=   6.1s] greedy ep  8 games=  96 dec= 17803 rows= 17015 horizon=0.22 L=0.01012 L/var=0.06 tgt=-0.087/0.399 pstd=0.407 gen=0.1s train=0.4s
[t=   6.7s] greedy ep  9 games=  96 dec= 18070 rows= 17294 horizon=0.22 L=0.00771 L/var=0.05 tgt=-0.060/0.396 pstd=0.410 gen=0.1s train=0.4s
[t=   7.4s] greedy ep 10 games=  96 dec= 19120 rows= 18301 horizon=0.32 L=0.00831 L/var=0.05 tgt=-0.060/0.394 pstd=0.385 gen=0.1s train=0.4s
[t=   7.9s] greedy ep 11 games=  96 dec= 18427 rows= 17664 horizon=0.27 L=0.01002 L/var=0.06 tgt=-0.077/0.406 pstd=0.393 gen=0.1s train=0.4s
[t=   8.6s] greedy ep 12 games=  96 dec= 19073 rows= 18322 horizon=0.30 L=0.00653 L/var=0.04 tgt=-0.055/0.389 pstd=0.411 gen=0.1s train=0.4s
[t=   9.2s] greedy ep 13 games=  96 dec= 18645 rows= 17771 horizon=0.27 L=0.00531 L/var=0.03 tgt=-0.080/0.416 pstd=0.421 gen=0.1s train=0.4s
[t=   9.8s] greedy ep 14 games=  96 dec= 18297 rows= 17496 horizon=0.28 L=0.00528 L/var=0.03 tgt=-0.097/0.408 pstd=0.406 gen=0.1s train=0.4s
[t=  10.4s] greedy ep 15 games=  96 dec= 17523 rows= 16777 horizon=0.18 L=0.00495 L/var=0.03 tgt=-0.065/0.409 pstd=0.405 gen=0.1s train=0.4s
[t=  11.0s] greedy ep 16 games=  96 dec= 18288 rows= 17424 horizon=0.24 L=0.00478 L/var=0.03 tgt=-0.063/0.392 pstd=0.405 gen=0.1s train=0.4s
[t=  11.6s] greedy ep 17 games=  96 dec= 18699 rows= 17953 horizon=0.33 L=0.00770 L/var=0.05 tgt=-0.059/0.405 pstd=0.401 gen=0.1s train=0.5s
[t=  12.2s] greedy ep 18 games=  96 dec= 18433 rows= 17748 horizon=0.29 L=0.01030 L/var=0.06 tgt=-0.080/0.401 pstd=0.433 gen=0.1s train=0.4s
[t=  12.8s] greedy ep 19 games=  96 dec= 18100 rows= 17384 horizon=0.27 L=0.00641 L/var=0.04 tgt=-0.086/0.409 pstd=0.425 gen=0.1s train=0.4s
[t=  13.4s] greedy ep 20 games=  96 dec= 18517 rows= 17774 horizon=0.29 L=0.00418 L/var=0.03 tgt=-0.073/0.404 pstd=0.416 gen=0.1s train=0.4s
[t=  14.1s] greedy ep 21 games=  96 dec= 18476 rows= 17631 horizon=0.29 L=0.00362 L/var=0.02 tgt=-0.064/0.423 pstd=0.402 gen=0.1s train=0.4s
[t=  14.7s] greedy ep 22 games=  96 dec= 18368 rows= 17661 horizon=0.31 L=0.00321 L/var=0.02 tgt=-0.080/0.423 pstd=0.405 gen=0.1s train=0.4s
[t=  15.3s] greedy ep 23 games=  96 dec= 18833 rows= 18048 horizon=0.28 L=0.00330 L/var=0.02 tgt=-0.070/0.408 pstd=0.410 gen=0.1s train=0.4s
[t=  15.9s] greedy ep 24 games=  96 dec= 17378 rows= 16600 horizon=0.23 L=0.00351 L/var=0.02 tgt=-0.087/0.414 pstd=0.404 gen=0.1s train=0.4s
[t=  16.5s] greedy ep 25 games=  96 dec= 17614 rows= 16945 horizon=0.24 L=0.00916 L/var=0.07 tgt=-0.055/0.360 pstd=0.391 gen=0.1s train=0.4s
[t=  17.1s] greedy ep 26 games=  96 dec= 17489 rows= 16835 horizon=0.24 L=0.00557 L/var=0.04 tgt=-0.081/0.383 pstd=0.397 gen=0.1s train=0.4s
[t=  17.7s] greedy ep 27 games=  96 dec= 18163 rows= 17336 horizon=0.25 L=0.00336 L/var=0.02 tgt=-0.064/0.395 pstd=0.407 gen=0.1s train=0.4s
[t=  18.3s] greedy ep 28 games=  96 dec= 18674 rows= 17927 horizon=0.28 L=0.00274 L/var=0.02 tgt=-0.089/0.421 pstd=0.407 gen=0.1s train=0.5s
[t=  19.0s] greedy ep 29 games=  96 dec= 18766 rows= 18025 horizon=0.34 L=0.00262 L/var=0.01 tgt=-0.074/0.431 pstd=0.406 gen=0.1s train=0.4s
[t=  19.6s] greedy ep 30 games=  96 dec= 18482 rows= 17685 horizon=0.30 L=0.00258 L/var=0.01 tgt=-0.076/0.420 pstd=0.409 gen=0.1s train=0.4s
[t=  20.2s] greedy ep 31 games=  96 dec= 18538 rows= 17771 horizon=0.30 L=0.00421 L/var=0.03 tgt=-0.071/0.401 pstd=0.396 gen=0.1s train=0.4s
[t=  20.8s] greedy ep 32 games=  96 dec= 18326 rows= 17467 horizon=0.31 L=0.00366 L/var=0.02 tgt=-0.051/0.404 pstd=0.404 gen=0.1s train=0.4s
[t=  21.4s] greedy ep 33 games=  96 dec= 18365 rows= 17530 horizon=0.26 L=0.00281 L/var=0.02 tgt=-0.074/0.395 pstd=0.402 gen=0.1s train=0.4s
[t=  22.0s] greedy ep 34 games=  96 dec= 18298 rows= 17582 horizon=0.27 L=0.00251 L/var=0.02 tgt=-0.091/0.402 pstd=0.413 gen=0.1s train=0.4s
[t=  22.7s] greedy ep 35 games=  96 dec= 19068 rows= 18359 horizon=0.34 L=0.00232 L/var=0.01 tgt=-0.104/0.428 pstd=0.405 gen=0.1s train=0.4s
[t=  23.3s] greedy ep 36 games=  96 dec= 18835 rows= 17982 horizon=0.31 L=0.00258 L/var=0.02 tgt=-0.079/0.399 pstd=0.407 gen=0.1s train=0.4s
[t=  23.9s] greedy ep 37 games=  96 dec= 18331 rows= 17533 horizon=0.27 L=0.00217 L/var=0.01 tgt=-0.091/0.392 pstd=0.412 gen=0.1s train=0.4s
[t=  24.6s] greedy ep 38 games=  96 dec= 19076 rows= 18239 horizon=0.33 L=0.00204 L/var=0.01 tgt=-0.101/0.424 pstd=0.414 gen=0.1s train=0.4s
[t=  25.2s] greedy ep 39 games=  96 dec= 19207 rows= 18417 horizon=0.32 L=0.00189 L/var=0.01 tgt=-0.052/0.416 pstd=0.412 gen=0.1s train=0.4s
[t=  25.8s] greedy ep 40 games=  96 dec= 18516 rows= 17687 horizon=0.29 L=0.00215 L/var=0.01 tgt=-0.122/0.416 pstd=0.405 gen=0.1s train=0.4s
[t=  26.5s] greedy ep 41 games=  96 dec= 18624 rows= 17788 horizon=0.30 L=0.00589 L/var=0.03 tgt=-0.080/0.420 pstd=0.413 gen=0.1s train=0.4s
[t=  27.1s] greedy ep 42 games=  96 dec= 18383 rows= 17603 horizon=0.30 L=0.00500 L/var=0.03 tgt=-0.062/0.395 pstd=0.392 gen=0.1s train=0.4s
[t=  27.7s] greedy ep 43 games=  96 dec= 19143 rows= 18343 horizon=0.27 L=0.00235 L/var=0.02 tgt=-0.066/0.383 pstd=0.412 gen=0.1s train=0.4s
[t=  28.3s] greedy ep 44 games=  96 dec= 17402 rows= 16712 horizon=0.23 L=0.00183 L/var=0.01 tgt=-0.064/0.398 pstd=0.410 gen=0.1s train=0.4s
[t=  28.9s] greedy ep 45 games=  96 dec= 17552 rows= 16805 horizon=0.21 L=0.00170 L/var=0.01 tgt=-0.064/0.400 pstd=0.410 gen=0.1s train=0.4s
[t=  29.5s] greedy ep 46 games=  96 dec= 17717 rows= 16920 horizon=0.23 L=0.00167 L/var=0.01 tgt=-0.073/0.406 pstd=0.406 gen=0.1s train=0.4s
[t=  30.1s] greedy ep 47 games=  96 dec= 18927 rows= 18200 horizon=0.30 L=0.00163 L/var=0.01 tgt=-0.082/0.408 pstd=0.409 gen=0.1s train=0.4s
[t=  30.7s] greedy ep 48 games=  96 dec= 18486 rows= 17673 horizon=0.29 L=0.00166 L/var=0.01 tgt=-0.059/0.395 pstd=0.409 gen=0.1s train=0.4s
[t=  31.4s] greedy ep 49 games=  96 dec= 18774 rows= 17935 horizon=0.27 L=0.00165 L/var=0.01 tgt=-0.093/0.384 pstd=0.403 gen=0.1s train=0.4s
[t=  32.0s] greedy ep 50 games=  96 dec= 17462 rows= 16744 horizon=0.27 L=0.00167 L/var=0.01 tgt=-0.080/0.395 pstd=0.411 gen=0.1s train=0.4s
[t=  32.6s] greedy ep 51 games=  96 dec= 18781 rows= 18016 horizon=0.34 L=0.00156 L/var=0.01 tgt=-0.069/0.378 pstd=0.405 gen=0.1s train=0.4s
[t=  33.3s] greedy ep 52 games=  96 dec= 19441 rows= 18593 horizon=0.38 L=0.00155 L/var=0.01 tgt=-0.063/0.389 pstd=0.405 gen=0.1s train=0.5s
[t=  33.9s] greedy ep 53 games=  96 dec= 18290 rows= 17553 horizon=0.28 L=0.00190 L/var=0.01 tgt=-0.100/0.440 pstd=0.403 gen=0.1s train=0.4s
[t=  34.5s] greedy ep 54 games=  96 dec= 18287 rows= 17467 horizon=0.24 L=0.00188 L/var=0.01 tgt=-0.088/0.407 pstd=0.407 gen=0.1s train=0.4s
[t=  35.2s] greedy ep 55 games=  96 dec= 18471 rows= 17623 horizon=0.23 L=0.00152 L/var=0.01 tgt=-0.099/0.404 pstd=0.408 gen=0.1s train=0.5s
[t=  35.8s] greedy ep 56 games=  96 dec= 18227 rows= 17429 horizon=0.26 L=0.00160 L/var=0.01 tgt=-0.073/0.398 pstd=0.404 gen=0.1s train=0.4s
[t=  36.5s] greedy ep 57 games=  96 dec= 17928 rows= 17010 horizon=0.19 L=0.00177 L/var=0.01 tgt=-0.090/0.397 pstd=0.406 gen=0.1s train=0.4s
[t=  37.2s] greedy ep 58 games=  96 dec= 18165 rows= 17299 horizon=0.24 L=0.00151 L/var=0.01 tgt=-0.060/0.391 pstd=0.404 gen=0.1s train=0.5s
[t=  37.9s] greedy ep 59 games=  96 dec= 17769 rows= 17024 horizon=0.28 L=0.00151 L/var=0.01 tgt=-0.076/0.400 pstd=0.413 gen=0.1s train=0.5s
[t=  38.6s] greedy ep 60 games=  96 dec= 19144 rows= 18253 horizon=0.32 L=0.00141 L/var=0.01 tgt=-0.074/0.420 pstd=0.403 gen=0.1s train=0.5s
[t=  39.3s] greedy ep 61 games=  96 dec= 18540 rows= 17702 horizon=0.29 L=0.00223 L/var=0.01 tgt=-0.091/0.405 pstd=0.399 gen=0.1s train=0.5s
[t=  39.9s] greedy ep 62 games=  96 dec= 18001 rows= 17295 horizon=0.25 L=0.00159 L/var=0.01 tgt=-0.074/0.405 pstd=0.403 gen=0.1s train=0.4s
[t=  40.6s] greedy ep 63 games=  96 dec= 18958 rows= 18242 horizon=0.34 L=0.00146 L/var=0.01 tgt=-0.087/0.408 pstd=0.402 gen=0.1s train=0.4s
[t=  41.2s] greedy ep 64 games=  96 dec= 18157 rows= 17293 horizon=0.25 L=0.00142 L/var=0.01 tgt=-0.084/0.393 pstd=0.408 gen=0.1s train=0.4s
[t=  41.8s] greedy ep 65 games=  96 dec= 18505 rows= 17709 horizon=0.29 L=0.00127 L/var=0.01 tgt=-0.072/0.418 pstd=0.405 gen=0.1s train=0.4s
[t=  42.4s] greedy ep 66 games=  96 dec= 18653 rows= 17831 horizon=0.27 L=0.00139 L/var=0.01 tgt=-0.085/0.402 pstd=0.404 gen=0.1s train=0.4s
[t=  43.0s] greedy ep 67 games=  96 dec= 17216 rows= 16551 horizon=0.23 L=0.00172 L/var=0.01 tgt=-0.083/0.420 pstd=0.408 gen=0.1s train=0.4s
[t=  43.6s] greedy ep 68 games=  96 dec= 18556 rows= 17741 horizon=0.31 L=0.00170 L/var=0.01 tgt=-0.077/0.393 pstd=0.406 gen=0.1s train=0.4s
[t=  44.3s] greedy ep 69 games=  96 dec= 18597 rows= 17795 horizon=0.28 L=0.00179 L/var=0.01 tgt=-0.063/0.383 pstd=0.407 gen=0.1s train=0.4s
[t=  44.9s] greedy ep 70 games=  96 dec= 18590 rows= 17770 horizon=0.28 L=0.00132 L/var=0.01 tgt=-0.064/0.396 pstd=0.408 gen=0.1s train=0.4s
[t=  45.5s] greedy ep 71 games=  96 dec= 18543 rows= 17705 horizon=0.25 L=0.00134 L/var=0.01 tgt=-0.107/0.427 pstd=0.410 gen=0.1s train=0.4s
[t=  46.1s] greedy ep 72 games=  96 dec= 17762 rows= 17003 horizon=0.23 L=0.00136 L/var=0.01 tgt=-0.076/0.399 pstd=0.405 gen=0.1s train=0.4s
[t=  46.8s] greedy ep 73 games=  96 dec= 18826 rows= 18067 horizon=0.38 L=0.00141 L/var=0.01 tgt=-0.088/0.418 pstd=0.409 gen=0.1s train=0.5s
[t=  47.4s] greedy ep 74 games=  96 dec= 18147 rows= 17353 horizon=0.25 L=0.00137 L/var=0.01 tgt=-0.068/0.378 pstd=0.405 gen=0.1s train=0.4s
[t=  48.0s] greedy ep 75 games=  96 dec= 18552 rows= 17756 horizon=0.32 L=0.00157 L/var=0.01 tgt=-0.063/0.404 pstd=0.401 gen=0.1s train=0.4s
[t=  48.7s] greedy ep 76 games=  96 dec= 19012 rows= 18181 horizon=0.35 L=0.00136 L/var=0.01 tgt=-0.059/0.381 pstd=0.410 gen=0.1s train=0.4s
[t=  49.3s] greedy ep 77 games=  96 dec= 18643 rows= 17923 horizon=0.32 L=0.00139 L/var=0.01 tgt=-0.085/0.408 pstd=0.404 gen=0.1s train=0.4s
[t=  49.9s] greedy ep 78 games=  96 dec= 18201 rows= 17340 horizon=0.26 L=0.00159 L/var=0.01 tgt=-0.101/0.395 pstd=0.407 gen=0.1s train=0.4s
[t=  50.6s] greedy ep 79 games=  96 dec= 18659 rows= 17962 horizon=0.33 L=0.00122 L/var=0.01 tgt=-0.108/0.399 pstd=0.409 gen=0.1s train=0.4s
[t=  51.2s] greedy ep 80 games=  96 dec= 18496 rows= 17694 horizon=0.29 L=0.00117 L/var=0.01 tgt=-0.065/0.406 pstd=0.406 gen=0.1s train=0.4s
[t=  51.8s] greedy ep 81 games=  96 dec= 18194 rows= 17544 horizon=0.31 L=0.00142 L/var=0.01 tgt=-0.074/0.417 pstd=0.403 gen=0.1s train=0.4s
[t=  52.5s] greedy ep 82 games=  96 dec= 19298 rows= 18488 horizon=0.39 L=0.00133 L/var=0.01 tgt=-0.061/0.417 pstd=0.407 gen=0.1s train=0.4s
[t=  53.1s] greedy ep 83 games=  96 dec= 19408 rows= 18481 horizon=0.33 L=0.00178 L/var=0.01 tgt=-0.084/0.417 pstd=0.406 gen=0.1s train=0.4s
[t=  53.7s] greedy ep 84 games=  96 dec= 18613 rows= 17886 horizon=0.31 L=0.00166 L/var=0.01 tgt=-0.059/0.417 pstd=0.407 gen=0.1s train=0.4s
[t=  54.3s] greedy ep 85 games=  96 dec= 18451 rows= 17681 horizon=0.27 L=0.00121 L/var=0.01 tgt=-0.073/0.387 pstd=0.409 gen=0.1s train=0.4s
[t=  55.0s] greedy ep 86 games=  96 dec= 18492 rows= 17775 horizon=0.34 L=0.00104 L/var=0.01 tgt=-0.060/0.388 pstd=0.406 gen=0.1s train=0.4s
[t=  55.6s] greedy ep 87 games=  96 dec= 19243 rows= 18447 horizon=0.34 L=0.00103 L/var=0.01 tgt=-0.080/0.419 pstd=0.403 gen=0.1s train=0.4s
[t=  56.2s] greedy ep 88 games=  96 dec= 18624 rows= 17839 horizon=0.31 L=0.00108 L/var=0.01 tgt=-0.077/0.415 pstd=0.402 gen=0.1s train=0.4s
[t=  56.9s] greedy ep 89 games=  96 dec= 17969 rows= 17239 horizon=0.28 L=0.00117 L/var=0.01 tgt=-0.077/0.394 pstd=0.406 gen=0.1s train=0.4s
[t=  57.5s] greedy ep 90 games=  96 dec= 19350 rows= 18553 horizon=0.30 L=0.00106 L/var=0.01 tgt=-0.080/0.413 pstd=0.403 gen=0.1s train=0.4s
[t=  58.1s] greedy ep 91 games=  96 dec= 18787 rows= 18064 horizon=0.36 L=0.00156 L/var=0.01 tgt=-0.070/0.391 pstd=0.405 gen=0.1s train=0.4s
[t=  58.8s] greedy ep 92 games=  96 dec= 19150 rows= 18333 horizon=0.30 L=0.00131 L/var=0.01 tgt=-0.075/0.393 pstd=0.405 gen=0.1s train=0.4s
[t=  59.4s] greedy ep 93 games=  96 dec= 18292 rows= 17544 horizon=0.26 L=0.00109 L/var=0.01 tgt=-0.039/0.361 pstd=0.407 gen=0.1s train=0.4s
[t=  60.1s] greedy ep 94 games=  96 dec= 18755 rows= 17947 horizon=0.29 L=0.00105 L/var=0.01 tgt=-0.053/0.394 pstd=0.408 gen=0.1s train=0.5s
[t=  60.7s] greedy ep 95 games=  96 dec= 18068 rows= 17259 horizon=0.19 L=0.00114 L/var=0.01 tgt=-0.092/0.423 pstd=0.406 gen=0.1s train=0.4s
[t=  61.3s] greedy ep 96 games=  96 dec= 17923 rows= 17216 horizon=0.29 L=0.00215 L/var=0.01 tgt=-0.080/0.415 pstd=0.409 gen=0.1s train=0.4s
[t=  62.0s] greedy ep 97 games=  96 dec= 18500 rows= 17661 horizon=0.27 L=0.00116 L/var=0.01 tgt=-0.079/0.400 pstd=0.401 gen=0.1s train=0.4s
[t=  62.6s] greedy ep 98 games=  96 dec= 17875 rows= 17160 horizon=0.25 L=0.00098 L/var=0.01 tgt=-0.082/0.433 pstd=0.411 gen=0.1s train=0.4s
[t=  63.2s] greedy ep 99 games=  96 dec= 17982 rows= 17319 horizon=0.27 L=0.00090 L/var=0.01 tgt=-0.068/0.404 pstd=0.405 gen=0.1s train=0.4s
[t=  63.9s] greedy ep100 games=  96 dec= 18999 rows= 18183 horizon=0.33 L=0.00134 L/var=0.01 tgt=-0.089/0.378 pstd=0.406 gen=0.1s train=0.5s
[t=  64.5s] greedy ep101 games=  96 dec= 17976 rows= 17203 horizon=0.24 L=0.00131 L/var=0.01 tgt=-0.079/0.416 pstd=0.409 gen=0.1s train=0.5s
[t=  65.2s] greedy ep102 games=  96 dec= 18874 rows= 18050 horizon=0.31 L=0.00122 L/var=0.01 tgt=-0.044/0.396 pstd=0.400 gen=0.1s train=0.5s
[t=  65.9s] greedy ep103 games=  96 dec= 18058 rows= 17215 horizon=0.28 L=0.00105 L/var=0.01 tgt=-0.080/0.419 pstd=0.405 gen=0.1s train=0.4s
[t=  66.5s] greedy ep104 games=  96 dec= 18728 rows= 17886 horizon=0.35 L=0.00095 L/var=0.01 tgt=-0.082/0.398 pstd=0.407 gen=0.1s train=0.4s
[t=  67.2s] greedy ep105 games=  96 dec= 19417 rows= 18615 horizon=0.32 L=0.00098 L/var=0.01 tgt=-0.072/0.394 pstd=0.402 gen=0.1s train=0.5s
[t=  67.9s] greedy ep106 games=  96 dec= 19607 rows= 18713 horizon=0.35 L=0.00097 L/var=0.01 tgt=-0.073/0.385 pstd=0.402 gen=0.1s train=0.4s
[t=  68.5s] greedy ep107 games=  96 dec= 17715 rows= 16989 horizon=0.25 L=0.00077 L/var=0.00 tgt=-0.090/0.405 pstd=0.407 gen=0.1s train=0.4s
[t=  69.1s] greedy ep108 games=  96 dec= 18729 rows= 17849 horizon=0.33 L=0.00074 L/var=0.00 tgt=-0.070/0.402 pstd=0.411 gen=0.1s train=0.4s
[t=  69.7s] greedy ep109 games=  96 dec= 17877 rows= 17221 horizon=0.28 L=0.00153 L/var=0.01 tgt=-0.082/0.402 pstd=0.406 gen=0.1s train=0.4s
[t=  70.4s] greedy ep110 games=  96 dec= 18460 rows= 17649 horizon=0.23 L=0.00084 L/var=0.01 tgt=-0.076/0.406 pstd=0.404 gen=0.1s train=0.4s
[t=  71.0s] greedy ep111 games=  96 dec= 19257 rows= 18400 horizon=0.35 L=0.00076 L/var=0.00 tgt=-0.083/0.404 pstd=0.406 gen=0.1s train=0.4s
[t=  71.6s] greedy ep112 games=  96 dec= 18343 rows= 17560 horizon=0.28 L=0.00066 L/var=0.00 tgt=-0.082/0.438 pstd=0.404 gen=0.1s train=0.4s
[t=  72.3s] greedy ep113 games=  96 dec= 17951 rows= 17153 horizon=0.25 L=0.00128 L/var=0.01 tgt=-0.080/0.394 pstd=0.414 gen=0.1s train=0.4s
[t=  72.9s] greedy ep114 games=  96 dec= 18065 rows= 17286 horizon=0.27 L=0.00098 L/var=0.01 tgt=-0.070/0.408 pstd=0.404 gen=0.1s train=0.4s
[t=  73.5s] greedy ep115 games=  96 dec= 18145 rows= 17345 horizon=0.25 L=0.00065 L/var=0.00 tgt=-0.082/0.393 pstd=0.412 gen=0.1s train=0.4s
[t=  74.2s] greedy ep116 games=  96 dec= 19394 rows= 18612 horizon=0.35 L=0.00083 L/var=0.01 tgt=-0.072/0.402 pstd=0.406 gen=0.1s train=0.4s
[t=  74.8s] greedy ep117 games=  96 dec= 19132 rows= 18313 horizon=0.35 L=0.00079 L/var=0.01 tgt=-0.070/0.388 pstd=0.406 gen=0.1s train=0.4s
[t=  75.4s] greedy ep118 games=  96 dec= 18372 rows= 17668 horizon=0.29 L=0.00073 L/var=0.01 tgt=-0.053/0.379 pstd=0.407 gen=0.1s train=0.4s
[t=  76.0s] greedy ep119 games=  96 dec= 17890 rows= 17088 horizon=0.22 L=0.00086 L/var=0.01 tgt=-0.080/0.399 pstd=0.404 gen=0.1s train=0.4s
[t=  76.6s] greedy ep120 games=  96 dec= 17902 rows= 17130 horizon=0.28 L=0.00078 L/var=0.00 tgt=-0.080/0.397 pstd=0.408 gen=0.1s train=0.4s
[t=  77.2s] greedy ep121 games=  96 dec= 16794 rows= 16089 horizon=0.19 L=0.00072 L/var=0.00 tgt=-0.063/0.394 pstd=0.401 gen=0.1s train=0.4s
[t=  77.8s] greedy ep122 games=  96 dec= 17779 rows= 17030 horizon=0.25 L=0.00078 L/var=0.00 tgt=-0.057/0.396 pstd=0.407 gen=0.1s train=0.4s
[t=  78.5s] greedy ep123 games=  96 dec= 18305 rows= 17472 horizon=0.25 L=0.00069 L/var=0.00 tgt=-0.055/0.389 pstd=0.405 gen=0.1s train=0.4s
[t=  79.1s] greedy ep124 games=  96 dec= 17700 rows= 16970 horizon=0.23 L=0.00083 L/var=0.00 tgt=-0.101/0.414 pstd=0.408 gen=0.1s train=0.4s
[t=  79.8s] greedy ep125 games=  96 dec= 18476 rows= 17655 horizon=0.31 L=0.00082 L/var=0.01 tgt=-0.073/0.401 pstd=0.410 gen=0.1s train=0.4s
[t=  80.4s] greedy ep126 games=  96 dec= 18814 rows= 18035 horizon=0.29 L=0.00076 L/var=0.01 tgt=-0.052/0.367 pstd=0.408 gen=0.1s train=0.4s
[t=  81.0s] greedy ep127 games=  96 dec= 18489 rows= 17729 horizon=0.25 L=0.00078 L/var=0.00 tgt=-0.065/0.406 pstd=0.410 gen=0.1s train=0.4s
[t=  81.7s] greedy ep128 games=  96 dec= 18147 rows= 17356 horizon=0.24 L=0.00069 L/var=0.00 tgt=-0.070/0.384 pstd=0.407 gen=0.1s train=0.4s
[t=  82.3s] greedy ep129 games=  96 dec= 18428 rows= 17605 horizon=0.29 L=0.00081 L/var=0.00 tgt=-0.093/0.406 pstd=0.403 gen=0.1s train=0.4s
[t=  82.9s] greedy ep130 games=  96 dec= 18168 rows= 17309 horizon=0.24 L=0.00064 L/var=0.00 tgt=-0.057/0.397 pstd=0.405 gen=0.1s train=0.4s
[t=  83.5s] greedy ep131 games=  96 dec= 18163 rows= 17414 horizon=0.28 L=0.00053 L/var=0.00 tgt=-0.083/0.423 pstd=0.401 gen=0.1s train=0.4s
[t=  84.2s] greedy ep132 games=  96 dec= 18319 rows= 17453 horizon=0.30 L=0.00050 L/var=0.00 tgt=-0.106/0.412 pstd=0.402 gen=0.1s train=0.4s
[t=  84.8s] greedy ep133 games=  96 dec= 18831 rows= 18110 horizon=0.33 L=0.00216 L/var=0.02 tgt=-0.069/0.379 pstd=0.382 gen=0.1s train=0.4s
[t=  85.5s] greedy ep134 games=  96 dec= 19036 rows= 18233 horizon=0.34 L=0.00733 L/var=0.05 tgt=-0.086/0.401 pstd=0.413 gen=0.1s train=0.4s
[t=  86.1s] greedy ep135 games=  96 dec= 18379 rows= 17546 horizon=0.26 L=0.01595 L/var=0.10 tgt=-0.075/0.405 pstd=0.367 gen=0.1s train=0.4s
[t=  86.7s] greedy ep136 games=  96 dec= 18755 rows= 17916 horizon=0.29 L=0.00410 L/var=0.03 tgt=-0.084/0.398 pstd=0.404 gen=0.1s train=0.4s
[t=  87.4s] greedy ep137 games=  96 dec= 18361 rows= 17604 horizon=0.27 L=0.00234 L/var=0.01 tgt=-0.070/0.405 pstd=0.408 gen=0.1s train=0.4s
[t=  88.0s] greedy ep138 games=  96 dec= 18641 rows= 17847 horizon=0.29 L=0.00149 L/var=0.01 tgt=-0.067/0.401 pstd=0.410 gen=0.1s train=0.4s
[t=  88.7s] greedy ep139 games=  96 dec= 18894 rows= 18088 horizon=0.31 L=0.00109 L/var=0.01 tgt=-0.069/0.395 pstd=0.402 gen=0.1s train=0.4s
[t=  89.3s] greedy ep140 games=  96 dec= 17802 rows= 17015 horizon=0.28 L=0.00310 L/var=0.02 tgt=-0.059/0.411 pstd=0.399 gen=0.1s train=0.4s
[t=  89.9s] greedy ep141 games=  96 dec= 18018 rows= 17180 horizon=0.28 L=0.00160 L/var=0.01 tgt=-0.104/0.400 pstd=0.400 gen=0.1s train=0.4s
[t=  90.5s] greedy ep142 games=  96 dec= 18378 rows= 17614 horizon=0.31 L=0.00106 L/var=0.01 tgt=-0.065/0.378 pstd=0.407 gen=0.1s train=0.4s
[t=  91.1s] greedy ep143 games=  96 dec= 18345 rows= 17562 horizon=0.31 L=0.00087 L/var=0.01 tgt=-0.064/0.379 pstd=0.408 gen=0.1s train=0.4s
[t=  91.8s] greedy ep144 games=  96 dec= 18650 rows= 17825 horizon=0.28 L=0.00074 L/var=0.00 tgt=-0.088/0.410 pstd=0.403 gen=0.1s train=0.4s
[t=  92.4s] greedy ep145 games=  96 dec= 17814 rows= 17026 horizon=0.28 L=0.00065 L/var=0.00 tgt=-0.081/0.426 pstd=0.399 gen=0.1s train=0.4s
[t=  93.1s] greedy ep146 games=  96 dec= 19402 rows= 18554 horizon=0.31 L=0.00058 L/var=0.00 tgt=-0.077/0.400 pstd=0.406 gen=0.1s train=0.4s
[t=  93.6s] greedy ep147 games=  96 dec= 17545 rows= 16798 horizon=0.21 L=0.00054 L/var=0.00 tgt=-0.075/0.396 pstd=0.405 gen=0.1s train=0.4s
[t=  94.3s] greedy ep148 games=  96 dec= 19260 rows= 18511 horizon=0.39 L=0.00058 L/var=0.00 tgt=-0.081/0.392 pstd=0.404 gen=0.1s train=0.4s
[t=  95.0s] greedy ep149 games=  96 dec= 18696 rows= 17942 horizon=0.27 L=0.00055 L/var=0.00 tgt=-0.105/0.417 pstd=0.405 gen=0.1s train=0.4s
[t=  95.6s] greedy ep150 games=  96 dec= 18510 rows= 17744 horizon=0.28 L=0.00048 L/var=0.00 tgt=-0.050/0.374 pstd=0.404 gen=0.1s train=0.4s
[t=  96.3s] greedy ep151 games=  96 dec= 19454 rows= 18692 horizon=0.34 L=0.00049 L/var=0.00 tgt=-0.072/0.396 pstd=0.406 gen=0.1s train=0.4s
[t=  96.9s] greedy ep152 games=  96 dec= 18728 rows= 17835 horizon=0.26 L=0.00046 L/var=0.00 tgt=-0.078/0.407 pstd=0.404 gen=0.1s train=0.4s
[t=  97.5s] greedy ep153 games=  96 dec= 18784 rows= 17964 horizon=0.27 L=0.00046 L/var=0.00 tgt=-0.072/0.380 pstd=0.407 gen=0.1s train=0.4s
[t=  98.2s] greedy ep154 games=  96 dec= 19478 rows= 18551 horizon=0.32 L=0.00046 L/var=0.00 tgt=-0.087/0.414 pstd=0.406 gen=0.1s train=0.4s
[t=  98.8s] greedy ep155 games=  96 dec= 17515 rows= 16793 horizon=0.24 L=0.00050 L/var=0.00 tgt=-0.113/0.438 pstd=0.404 gen=0.1s train=0.4s
[t=  99.4s] greedy ep156 games=  96 dec= 18416 rows= 17620 horizon=0.26 L=0.00051 L/var=0.00 tgt=-0.073/0.372 pstd=0.409 gen=0.1s train=0.4s
[t= 100.0s] greedy ep157 games=  96 dec= 17148 rows= 16394 horizon=0.23 L=0.00048 L/var=0.00 tgt=-0.065/0.383 pstd=0.403 gen=0.1s train=0.4s
[t= 100.6s] greedy ep158 games=  96 dec= 18076 rows= 17253 horizon=0.28 L=0.00045 L/var=0.00 tgt=-0.096/0.403 pstd=0.407 gen=0.1s train=0.4s
[t= 101.2s] greedy ep159 games=  96 dec= 18086 rows= 17307 horizon=0.31 L=0.00041 L/var=0.00 tgt=-0.059/0.406 pstd=0.406 gen=0.1s train=0.4s
[t= 101.9s] greedy ep160 games=  96 dec= 18451 rows= 17701 horizon=0.32 L=0.00038 L/var=0.00 tgt=-0.076/0.410 pstd=0.405 gen=0.1s train=0.4s
[t= 102.5s] greedy ep161 games=  96 dec= 18486 rows= 17603 horizon=0.27 L=0.00037 L/var=0.00 tgt=-0.072/0.392 pstd=0.407 gen=0.1s train=0.4s
[t= 103.1s] greedy ep162 games=  96 dec= 18431 rows= 17691 horizon=0.27 L=0.00045 L/var=0.00 tgt=-0.079/0.428 pstd=0.405 gen=0.1s train=0.4s
[t= 103.8s] greedy ep163 games=  96 dec= 17699 rows= 17005 horizon=0.28 L=0.00048 L/var=0.00 tgt=-0.068/0.402 pstd=0.404 gen=0.1s train=0.4s
[t= 104.4s] greedy ep164 games=  96 dec= 17426 rows= 16720 horizon=0.24 L=0.00046 L/var=0.00 tgt=-0.091/0.423 pstd=0.406 gen=0.1s train=0.4s
[t= 105.0s] greedy ep165 games=  96 dec= 18419 rows= 17583 horizon=0.27 L=0.00040 L/var=0.00 tgt=-0.086/0.376 pstd=0.409 gen=0.1s train=0.4s
[t= 105.6s] greedy ep166 games=  96 dec= 18422 rows= 17615 horizon=0.25 L=0.00038 L/var=0.00 tgt=-0.064/0.391 pstd=0.404 gen=0.1s train=0.4s
[t= 106.3s] greedy ep167 games=  96 dec= 19166 rows= 18362 horizon=0.32 L=0.00036 L/var=0.00 tgt=-0.066/0.418 pstd=0.406 gen=0.1s train=0.4s
[t= 106.9s] greedy ep168 games=  96 dec= 18027 rows= 17230 horizon=0.22 L=0.00101 L/var=0.01 tgt=-0.089/0.443 pstd=0.411 gen=0.1s train=0.4s
[t= 107.6s] greedy ep169 games=  96 dec= 17974 rows= 17231 horizon=0.23 L=0.00069 L/var=0.00 tgt=-0.074/0.411 pstd=0.408 gen=0.1s train=0.4s
[t= 108.2s] greedy ep170 games=  96 dec= 18649 rows= 17876 horizon=0.28 L=0.00043 L/var=0.00 tgt=-0.077/0.380 pstd=0.404 gen=0.1s train=0.4s
[t= 108.8s] greedy ep171 games=  96 dec= 17995 rows= 17264 horizon=0.27 L=0.00036 L/var=0.00 tgt=-0.077/0.409 pstd=0.405 gen=0.1s train=0.4s
[t= 109.5s] greedy ep172 games=  96 dec= 18773 rows= 17958 horizon=0.31 L=0.00033 L/var=0.00 tgt=-0.066/0.388 pstd=0.405 gen=0.1s train=0.4s
[t= 110.1s] greedy ep173 games=  96 dec= 17201 rows= 16432 horizon=0.25 L=0.00033 L/var=0.00 tgt=-0.073/0.408 pstd=0.406 gen=0.1s train=0.4s
[t= 110.7s] greedy ep174 games=  96 dec= 18850 rows= 18057 horizon=0.34 L=0.00037 L/var=0.00 tgt=-0.061/0.373 pstd=0.405 gen=0.1s train=0.4s
[t= 111.4s] greedy ep175 games=  96 dec= 17669 rows= 16905 horizon=0.26 L=0.00039 L/var=0.00 tgt=-0.081/0.412 pstd=0.405 gen=0.1s train=0.4s
[t= 112.0s] greedy ep176 games=  96 dec= 19291 rows= 18483 horizon=0.41 L=0.00042 L/var=0.00 tgt=-0.073/0.401 pstd=0.404 gen=0.1s train=0.4s
[t= 112.6s] greedy ep177 games=  96 dec= 17846 rows= 17017 horizon=0.20 L=0.00033 L/var=0.00 tgt=-0.059/0.391 pstd=0.406 gen=0.1s train=0.4s
[t= 113.3s] greedy ep178 games=  96 dec= 18593 rows= 17798 horizon=0.26 L=0.00035 L/var=0.00 tgt=-0.078/0.390 pstd=0.405 gen=0.1s train=0.4s
[t= 113.9s] greedy ep179 games=  96 dec= 17986 rows= 17303 horizon=0.31 L=0.00058 L/var=0.00 tgt=-0.077/0.398 pstd=0.405 gen=0.1s train=0.4s
[t= 114.5s] greedy ep180 games=  96 dec= 18731 rows= 17875 horizon=0.26 L=0.00042 L/var=0.00 tgt=-0.080/0.406 pstd=0.403 gen=0.1s train=0.4s
[t= 115.1s] greedy ep181 games=  96 dec= 17904 rows= 17119 horizon=0.28 L=0.00040 L/var=0.00 tgt=-0.078/0.386 pstd=0.405 gen=0.1s train=0.4s
[t= 115.8s] greedy ep182 games=  96 dec= 17932 rows= 17054 horizon=0.22 L=0.00032 L/var=0.00 tgt=-0.088/0.416 pstd=0.406 gen=0.1s train=0.4s
[t= 116.4s] greedy ep183 games=  96 dec= 18341 rows= 17561 horizon=0.28 L=0.00035 L/var=0.00 tgt=-0.072/0.389 pstd=0.405 gen=0.1s train=0.4s
[t= 117.0s] greedy ep184 games=  96 dec= 18269 rows= 17514 horizon=0.30 L=0.00045 L/var=0.00 tgt=-0.084/0.393 pstd=0.405 gen=0.1s train=0.4s
[t= 117.7s] greedy ep185 games=  96 dec= 18680 rows= 17875 horizon=0.28 L=0.00046 L/var=0.00 tgt=-0.064/0.407 pstd=0.407 gen=0.1s train=0.4s
[t= 118.3s] greedy ep186 games=  96 dec= 18327 rows= 17580 horizon=0.27 L=0.00033 L/var=0.00 tgt=-0.043/0.396 pstd=0.404 gen=0.1s train=0.4s
[t= 118.9s] greedy ep187 games=  96 dec= 17995 rows= 17222 horizon=0.22 L=0.00029 L/var=0.00 tgt=-0.084/0.425 pstd=0.401 gen=0.1s train=0.4s
[t= 119.5s] greedy ep188 games=  96 dec= 17498 rows= 16715 horizon=0.18 L=0.00028 L/var=0.00 tgt=-0.079/0.413 pstd=0.405 gen=0.1s train=0.4s
[t= 120.1s] greedy ep189 games=  96 dec= 18551 rows= 17799 horizon=0.33 L=0.00047 L/var=0.00 tgt=-0.065/0.370 pstd=0.403 gen=0.1s train=0.4s
[t= 120.7s] greedy ep190 games=  96 dec= 18615 rows= 17873 horizon=0.26 L=0.00050 L/var=0.00 tgt=-0.103/0.423 pstd=0.404 gen=0.1s train=0.4s
[t= 121.4s] greedy ep191 games=  96 dec= 19339 rows= 18494 horizon=0.32 L=0.00037 L/var=0.00 tgt=-0.087/0.403 pstd=0.407 gen=0.1s train=0.4s
[t= 122.0s] greedy ep192 games=  96 dec= 18301 rows= 17487 horizon=0.28 L=0.00031 L/var=0.00 tgt=-0.056/0.406 pstd=0.405 gen=0.1s train=0.4s
[t= 122.6s] greedy ep193 games=  96 dec= 17578 rows= 16822 horizon=0.22 L=0.00037 L/var=0.00 tgt=-0.055/0.393 pstd=0.406 gen=0.1s train=0.4s
[t= 123.2s] greedy ep194 games=  96 dec= 18527 rows= 17788 horizon=0.31 L=0.00045 L/var=0.00 tgt=-0.119/0.433 pstd=0.404 gen=0.1s train=0.4s
[t= 123.9s] greedy ep195 games=  96 dec= 18237 rows= 17548 horizon=0.29 L=0.00039 L/var=0.00 tgt=-0.073/0.395 pstd=0.404 gen=0.1s train=0.4s
[t= 124.7s] greedy ep196 games=  96 dec= 18316 rows= 17577 horizon=0.30 L=0.00038 L/var=0.00 tgt=-0.082/0.408 pstd=0.405 gen=0.1s train=0.5s
[t= 125.5s] greedy ep197 games=  96 dec= 18194 rows= 17416 horizon=0.25 L=0.00034 L/var=0.00 tgt=-0.076/0.407 pstd=0.408 gen=0.1s train=0.5s
[t= 126.3s] greedy ep198 games=  96 dec= 19279 rows= 18461 horizon=0.35 L=0.00033 L/var=0.00 tgt=-0.093/0.417 pstd=0.406 gen=0.1s train=0.6s
[t= 127.1s] greedy ep199 games=  96 dec= 18614 rows= 17850 horizon=0.31 L=0.00039 L/var=0.00 tgt=-0.073/0.382 pstd=0.405 gen=0.1s train=0.5s
[t= 128.0s] greedy ep200 games=  96 dec= 19131 rows= 18291 horizon=0.30 L=0.00040 L/var=0.00 tgt=-0.058/0.428 pstd=0.407 gen=0.1s train=0.6s
[t= 128.8s] greedy ep201 games=  96 dec= 18873 rows= 18068 horizon=0.33 L=0.00029 L/var=0.00 tgt=-0.074/0.389 pstd=0.406 gen=0.1s train=0.6s
[t= 129.7s] greedy ep202 games=  96 dec= 19305 rows= 18541 horizon=0.31 L=0.00036 L/var=0.00 tgt=-0.081/0.402 pstd=0.406 gen=0.1s train=0.6s
[t= 130.5s] greedy ep203 games=  96 dec= 18857 rows= 17957 horizon=0.29 L=0.00043 L/var=0.00 tgt=-0.074/0.407 pstd=0.404 gen=0.1s train=0.6s
[t= 131.3s] greedy ep204 games=  96 dec= 17984 rows= 17268 horizon=0.29 L=0.00026 L/var=0.00 tgt=-0.084/0.402 pstd=0.407 gen=0.1s train=0.5s
[t= 132.1s] greedy ep205 games=  96 dec= 18264 rows= 17540 horizon=0.26 L=0.00029 L/var=0.00 tgt=-0.078/0.414 pstd=0.403 gen=0.1s train=0.5s
[t= 132.9s] greedy ep206 games=  96 dec= 18535 rows= 17725 horizon=0.25 L=0.00029 L/var=0.00 tgt=-0.101/0.413 pstd=0.408 gen=0.1s train=0.5s
[t= 133.8s] greedy ep207 games=  96 dec= 18900 rows= 18078 horizon=0.31 L=0.00081 L/var=0.00 tgt=-0.085/0.410 pstd=0.404 gen=0.1s train=0.6s
[t= 134.5s] greedy ep208 games=  96 dec= 18543 rows= 17804 horizon=0.33 L=0.00037 L/var=0.00 tgt=-0.078/0.404 pstd=0.406 gen=0.1s train=0.5s
[t= 135.3s] greedy ep209 games=  96 dec= 19214 rows= 18375 horizon=0.35 L=0.00029 L/var=0.00 tgt=-0.075/0.384 pstd=0.406 gen=0.1s train=0.5s
[t= 136.1s] greedy ep210 games=  96 dec= 19478 rows= 18645 horizon=0.38 L=0.00025 L/var=0.00 tgt=-0.077/0.398 pstd=0.404 gen=0.1s train=0.5s
[t= 136.8s] greedy ep211 games=  96 dec= 18534 rows= 17753 horizon=0.31 L=0.00027 L/var=0.00 tgt=-0.053/0.375 pstd=0.408 gen=0.1s train=0.5s
[t= 137.6s] greedy ep212 games=  96 dec= 18453 rows= 17657 horizon=0.29 L=0.00040 L/var=0.00 tgt=-0.079/0.402 pstd=0.404 gen=0.1s train=0.5s
[t= 138.4s] greedy ep213 games=  96 dec= 19155 rows= 18323 horizon=0.33 L=0.00032 L/var=0.00 tgt=-0.069/0.393 pstd=0.406 gen=0.1s train=0.5s
[t= 139.1s] greedy ep214 games=  96 dec= 18603 rows= 17788 horizon=0.31 L=0.00028 L/var=0.00 tgt=-0.098/0.392 pstd=0.407 gen=0.1s train=0.5s
[t= 139.9s] greedy ep215 games=  96 dec= 18159 rows= 17382 horizon=0.24 L=0.00031 L/var=0.00 tgt=-0.078/0.406 pstd=0.404 gen=0.1s train=0.5s
[t= 140.6s] greedy ep216 games=  96 dec= 18068 rows= 17369 horizon=0.28 L=0.00033 L/var=0.00 tgt=-0.052/0.394 pstd=0.404 gen=0.1s train=0.5s
[t= 141.4s] greedy ep217 games=  96 dec= 18513 rows= 17761 horizon=0.26 L=0.00025 L/var=0.00 tgt=-0.078/0.396 pstd=0.409 gen=0.1s train=0.5s
[t= 142.1s] greedy ep218 games=  96 dec= 18616 rows= 17737 horizon=0.32 L=0.00060 L/var=0.00 tgt=-0.060/0.387 pstd=0.405 gen=0.1s train=0.5s
[t= 142.9s] greedy ep219 games=  96 dec= 17788 rows= 17116 horizon=0.22 L=0.00040 L/var=0.00 tgt=-0.066/0.416 pstd=0.408 gen=0.1s train=0.5s
[t= 143.6s] greedy ep220 games=  96 dec= 17901 rows= 17179 horizon=0.22 L=0.00031 L/var=0.00 tgt=-0.076/0.418 pstd=0.406 gen=0.1s train=0.5s
[t= 144.4s] greedy ep221 games=  96 dec= 18426 rows= 17664 horizon=0.34 L=0.00023 L/var=0.00 tgt=-0.098/0.408 pstd=0.406 gen=0.1s train=0.5s
[t= 145.2s] greedy ep222 games=  96 dec= 18287 rows= 17556 horizon=0.29 L=0.00023 L/var=0.00 tgt=-0.079/0.408 pstd=0.404 gen=0.1s train=0.5s
[t= 145.9s] greedy ep223 games=  96 dec= 17705 rows= 16941 horizon=0.21 L=0.00031 L/var=0.00 tgt=-0.057/0.404 pstd=0.405 gen=0.1s train=0.5s
[t= 146.7s] greedy ep224 games=  96 dec= 18269 rows= 17502 horizon=0.27 L=0.00031 L/var=0.00 tgt=-0.062/0.390 pstd=0.404 gen=0.1s train=0.5s
[t= 147.4s] greedy ep225 games=  96 dec= 18335 rows= 17531 horizon=0.24 L=0.00026 L/var=0.00 tgt=-0.085/0.388 pstd=0.403 gen=0.1s train=0.5s
[t= 148.2s] greedy ep226 games=  96 dec= 19478 rows= 18687 horizon=0.36 L=0.00042 L/var=0.00 tgt=-0.067/0.400 pstd=0.407 gen=0.1s train=0.5s
[t= 149.0s] greedy ep227 games=  96 dec= 18713 rows= 17992 horizon=0.31 L=0.00025 L/var=0.00 tgt=-0.065/0.386 pstd=0.406 gen=0.1s train=0.5s
[t= 149.7s] greedy ep228 games=  96 dec= 18508 rows= 17710 horizon=0.30 L=0.00044 L/var=0.00 tgt=-0.089/0.402 pstd=0.407 gen=0.1s train=0.5s
[t= 150.3s] greedy ep229 games=  96 dec= 18139 rows= 17351 horizon=0.25 L=0.00045 L/var=0.00 tgt=-0.062/0.381 pstd=0.404 gen=0.1s train=0.4s
[t= 151.0s] greedy ep230 games=  96 dec= 18362 rows= 17580 horizon=0.32 L=0.00034 L/var=0.00 tgt=-0.063/0.380 pstd=0.406 gen=0.1s train=0.4s
[t= 151.6s] greedy ep231 games=  96 dec= 19163 rows= 18346 horizon=0.32 L=0.00024 L/var=0.00 tgt=-0.060/0.389 pstd=0.405 gen=0.1s train=0.5s
[t= 152.3s] greedy ep232 games=  96 dec= 18616 rows= 17803 horizon=0.27 L=0.00023 L/var=0.00 tgt=-0.068/0.391 pstd=0.405 gen=0.1s train=0.4s
[t= 152.9s] greedy ep233 games=  96 dec= 17838 rows= 17161 horizon=0.27 L=0.00026 L/var=0.00 tgt=-0.079/0.396 pstd=0.407 gen=0.1s train=0.4s
[t= 153.6s] greedy ep234 games=  96 dec= 17910 rows= 17216 horizon=0.25 L=0.00025 L/var=0.00 tgt=-0.077/0.385 pstd=0.405 gen=0.1s train=0.4s
[t= 154.2s] greedy ep235 games=  96 dec= 18387 rows= 17712 horizon=0.30 L=0.00029 L/var=0.00 tgt=-0.082/0.397 pstd=0.405 gen=0.1s train=0.4s
[t= 154.8s] greedy ep236 games=  96 dec= 18367 rows= 17653 horizon=0.32 L=0.00036 L/var=0.00 tgt=-0.076/0.440 pstd=0.405 gen=0.1s train=0.4s
[t= 155.4s] greedy ep237 games=  96 dec= 18236 rows= 17474 horizon=0.27 L=0.00030 L/var=0.00 tgt=-0.095/0.431 pstd=0.406 gen=0.1s train=0.4s
[t= 156.1s] greedy ep238 games=  96 dec= 18147 rows= 17402 horizon=0.31 L=0.00021 L/var=0.00 tgt=-0.080/0.412 pstd=0.405 gen=0.1s train=0.4s
[t= 156.7s] greedy ep239 games=  96 dec= 18621 rows= 17771 horizon=0.28 L=0.00032 L/var=0.00 tgt=-0.096/0.400 pstd=0.405 gen=0.1s train=0.4s
[t= 157.3s] greedy ep240 games=  96 dec= 18131 rows= 17428 horizon=0.29 L=0.00035 L/var=0.00 tgt=-0.075/0.405 pstd=0.406 gen=0.1s train=0.4s
[t= 158.0s] greedy ep241 games=  96 dec= 17930 rows= 17179 horizon=0.28 L=0.00020 L/var=0.00 tgt=-0.053/0.396 pstd=0.405 gen=0.1s train=0.4s
[t= 158.6s] greedy ep242 games=  96 dec= 18420 rows= 17740 horizon=0.27 L=0.00034 L/var=0.00 tgt=-0.063/0.403 pstd=0.404 gen=0.1s train=0.4s
[t= 159.2s] greedy ep243 games=  96 dec= 18700 rows= 17837 horizon=0.31 L=0.00057 L/var=0.00 tgt=-0.087/0.412 pstd=0.406 gen=0.1s train=0.4s
[t= 159.8s] greedy ep244 games=  96 dec= 18465 rows= 17709 horizon=0.32 L=0.00021 L/var=0.00 tgt=-0.084/0.398 pstd=0.408 gen=0.1s train=0.4s
[t= 160.5s] greedy ep245 games=  96 dec= 17537 rows= 16771 horizon=0.22 L=0.00020 L/var=0.00 tgt=-0.069/0.407 pstd=0.404 gen=0.1s train=0.5s
[t= 161.3s] greedy ep246 games=  96 dec= 19052 rows= 18251 horizon=0.30 L=0.00019 L/var=0.00 tgt=-0.055/0.419 pstd=0.405 gen=0.1s train=0.5s
[t= 162.1s] greedy ep247 games=  96 dec= 18289 rows= 17550 horizon=0.29 L=0.00017 L/var=0.00 tgt=-0.087/0.417 pstd=0.405 gen=0.1s train=0.5s
[t= 162.8s] greedy ep248 games=  96 dec= 19439 rows= 18624 horizon=0.34 L=0.00072 L/var=0.00 tgt=-0.057/0.386 pstd=0.408 gen=0.1s train=0.5s
[t= 163.6s] greedy ep249 games=  96 dec= 18253 rows= 17553 horizon=0.23 L=0.00051 L/var=0.00 tgt=-0.081/0.419 pstd=0.408 gen=0.1s train=0.5s
[t= 164.4s] greedy ep250 games=  96 dec= 18966 rows= 18201 horizon=0.33 L=0.00026 L/var=0.00 tgt=-0.069/0.404 pstd=0.409 gen=0.1s train=0.5s
[t= 165.1s] greedy ep251 games=  96 dec= 18619 rows= 17724 horizon=0.33 L=0.00020 L/var=0.00 tgt=-0.048/0.383 pstd=0.406 gen=0.1s train=0.5s
[t= 165.9s] greedy ep252 games=  96 dec= 18601 rows= 17774 horizon=0.30 L=0.00018 L/var=0.00 tgt=-0.104/0.428 pstd=0.406 gen=0.1s train=0.5s
[t= 166.6s] greedy ep253 games=  96 dec= 18536 rows= 17775 horizon=0.30 L=0.00021 L/var=0.00 tgt=-0.065/0.416 pstd=0.405 gen=0.1s train=0.5s
[t= 167.4s] greedy ep254 games=  96 dec= 18169 rows= 17445 horizon=0.33 L=0.00023 L/var=0.00 tgt=-0.081/0.399 pstd=0.403 gen=0.1s train=0.5s
[t= 168.2s] greedy ep255 games=  96 dec= 18435 rows= 17644 horizon=0.26 L=0.00019 L/var=0.00 tgt=-0.056/0.390 pstd=0.406 gen=0.1s train=0.5s
[t= 168.9s] greedy ep256 games=  96 dec= 17884 rows= 17208 horizon=0.25 L=0.00019 L/var=0.00 tgt=-0.091/0.424 pstd=0.407 gen=0.1s train=0.5s
[t= 169.7s] greedy ep257 games=  96 dec= 18545 rows= 17699 horizon=0.32 L=0.00019 L/var=0.00 tgt=-0.089/0.390 pstd=0.403 gen=0.1s train=0.5s
[t= 170.4s] greedy ep258 games=  96 dec= 18079 rows= 17320 horizon=0.27 L=0.00028 L/var=0.00 tgt=-0.050/0.383 pstd=0.404 gen=0.1s train=0.5s
[t= 171.2s] greedy ep259 games=  96 dec= 18339 rows= 17601 horizon=0.25 L=0.00025 L/var=0.00 tgt=-0.069/0.402 pstd=0.409 gen=0.1s train=0.5s
[t= 172.0s] greedy ep260 games=  96 dec= 18758 rows= 17939 horizon=0.27 L=0.00026 L/var=0.00 tgt=-0.088/0.399 pstd=0.405 gen=0.1s train=0.5s
[t= 172.7s] greedy ep261 games=  96 dec= 19083 rows= 18271 horizon=0.32 L=0.00063 L/var=0.00 tgt=-0.084/0.418 pstd=0.405 gen=0.1s train=0.5s
[t= 173.5s] greedy ep262 games=  96 dec= 17866 rows= 17099 horizon=0.25 L=0.00023 L/var=0.00 tgt=-0.091/0.385 pstd=0.405 gen=0.1s train=0.5s
[t= 174.3s] greedy ep263 games=  96 dec= 19155 rows= 18363 horizon=0.32 L=0.00017 L/var=0.00 tgt=-0.084/0.383 pstd=0.406 gen=0.1s train=0.5s
[t= 175.0s] greedy ep264 games=  96 dec= 17625 rows= 16858 horizon=0.22 L=0.00016 L/var=0.00 tgt=-0.100/0.421 pstd=0.409 gen=0.1s train=0.5s
[t= 175.8s] greedy ep265 games=  96 dec= 18486 rows= 17656 horizon=0.22 L=0.00025 L/var=0.00 tgt=-0.085/0.413 pstd=0.404 gen=0.1s train=0.5s
[t= 176.5s] greedy ep266 games=  96 dec= 18350 rows= 17523 horizon=0.26 L=0.00024 L/var=0.00 tgt=-0.050/0.387 pstd=0.405 gen=0.1s train=0.5s
[t= 177.3s] greedy ep267 games=  96 dec= 18090 rows= 17334 horizon=0.24 L=0.00020 L/var=0.00 tgt=-0.072/0.388 pstd=0.402 gen=0.1s train=0.5s
[t= 177.9s] greedy ep268 games=  96 dec= 17597 rows= 16954 horizon=0.26 L=0.00024 L/var=0.00 tgt=-0.083/0.405 pstd=0.405 gen=0.1s train=0.4s
[t= 178.6s] greedy ep269 games=  96 dec= 18584 rows= 17804 horizon=0.27 L=0.00018 L/var=0.00 tgt=-0.066/0.391 pstd=0.407 gen=0.1s train=0.4s
[t= 179.2s] greedy ep270 games=  96 dec= 18226 rows= 17364 horizon=0.25 L=0.00028 L/var=0.00 tgt=-0.083/0.403 pstd=0.402 gen=0.1s train=0.4s
[t= 179.9s] greedy ep271 games=  96 dec= 18908 rows= 18072 horizon=0.29 L=0.00024 L/var=0.00 tgt=-0.070/0.365 pstd=0.405 gen=0.1s train=0.5s
[t= 180.6s] greedy ep272 games=  96 dec= 18709 rows= 17933 horizon=0.30 L=0.00015 L/var=0.00 tgt=-0.077/0.396 pstd=0.406 gen=0.1s train=0.5s
[t= 181.2s] greedy ep273 games=  96 dec= 18588 rows= 17825 horizon=0.30 L=0.00046 L/var=0.00 tgt=-0.065/0.392 pstd=0.406 gen=0.1s train=0.4s
[t= 181.9s] greedy ep274 games=  96 dec= 18758 rows= 17890 horizon=0.29 L=0.00027 L/var=0.00 tgt=-0.086/0.405 pstd=0.408 gen=0.1s train=0.4s
[t= 182.5s] greedy ep275 games=  96 dec= 18589 rows= 17789 horizon=0.28 L=0.00021 L/var=0.00 tgt=-0.078/0.422 pstd=0.403 gen=0.1s train=0.4s
[t= 183.2s] greedy ep276 games=  96 dec= 18115 rows= 17264 horizon=0.24 L=0.00018 L/var=0.00 tgt=-0.069/0.417 pstd=0.407 gen=0.1s train=0.4s
[t= 183.8s] greedy ep277 games=  96 dec= 18593 rows= 17823 horizon=0.29 L=0.00017 L/var=0.00 tgt=-0.094/0.412 pstd=0.408 gen=0.1s train=0.4s
[t= 184.5s] greedy ep278 games=  96 dec= 18062 rows= 17230 horizon=0.28 L=0.00038 L/var=0.00 tgt=-0.067/0.407 pstd=0.402 gen=0.1s train=0.4s
[t= 185.1s] greedy ep279 games=  96 dec= 18444 rows= 17699 horizon=0.28 L=0.00017 L/var=0.00 tgt=-0.099/0.410 pstd=0.405 gen=0.1s train=0.4s
[t= 185.8s] greedy ep280 games=  96 dec= 19160 rows= 18288 horizon=0.34 L=0.00019 L/var=0.00 tgt=-0.052/0.377 pstd=0.405 gen=0.1s train=0.5s
[t= 186.5s] greedy ep281 games=  96 dec= 18833 rows= 17994 horizon=0.31 L=0.00030 L/var=0.00 tgt=-0.071/0.403 pstd=0.406 gen=0.1s train=0.5s
[t= 187.1s] greedy ep282 games=  96 dec= 18372 rows= 17593 horizon=0.27 L=0.00027 L/var=0.00 tgt=-0.078/0.393 pstd=0.405 gen=0.1s train=0.4s
[t= 187.7s] greedy ep283 games=  96 dec= 17847 rows= 17148 horizon=0.27 L=0.00023 L/var=0.00 tgt=-0.065/0.408 pstd=0.403 gen=0.1s train=0.4s
[t= 188.4s] greedy ep284 games=  96 dec= 18773 rows= 18027 horizon=0.27 L=0.00018 L/var=0.00 tgt=-0.076/0.427 pstd=0.404 gen=0.1s train=0.5s
[t= 189.1s] greedy ep285 games=  96 dec= 18899 rows= 18077 horizon=0.34 L=0.00018 L/var=0.00 tgt=-0.081/0.403 pstd=0.403 gen=0.1s train=0.5s
[t= 189.7s] greedy ep286 games=  96 dec= 18679 rows= 17913 horizon=0.36 L=0.00021 L/var=0.00 tgt=-0.100/0.427 pstd=0.408 gen=0.1s train=0.4s
[t= 190.4s] greedy ep287 games=  96 dec= 19085 rows= 18316 horizon=0.36 L=0.00016 L/var=0.00 tgt=-0.082/0.408 pstd=0.404 gen=0.1s train=0.5s
[t= 191.1s] greedy ep288 games=  96 dec= 18212 rows= 17548 horizon=0.32 L=0.00044 L/var=0.00 tgt=-0.088/0.398 pstd=0.406 gen=0.1s train=0.4s
[t= 191.7s] greedy ep289 games=  96 dec= 18682 rows= 17906 horizon=0.31 L=0.00024 L/var=0.00 tgt=-0.069/0.386 pstd=0.405 gen=0.1s train=0.4s
[t= 192.3s] greedy ep290 games=  96 dec= 17651 rows= 16875 horizon=0.24 L=0.00019 L/var=0.00 tgt=-0.084/0.405 pstd=0.403 gen=0.1s train=0.4s
[t= 193.0s] greedy ep291 games=  96 dec= 18991 rows= 18180 horizon=0.35 L=0.00017 L/var=0.00 tgt=-0.056/0.392 pstd=0.404 gen=0.1s train=0.5s
[t= 193.7s] greedy ep292 games=  96 dec= 18663 rows= 17910 horizon=0.30 L=0.00013 L/var=0.00 tgt=-0.058/0.380 pstd=0.405 gen=0.1s train=0.4s
[t= 194.3s] greedy ep293 games=  96 dec= 18390 rows= 17587 horizon=0.29 L=0.00044 L/var=0.00 tgt=-0.067/0.394 pstd=0.406 gen=0.1s train=0.4s
[t= 195.0s] greedy ep294 games=  96 dec= 19131 rows= 18389 horizon=0.32 L=0.00020 L/var=0.00 tgt=-0.075/0.376 pstd=0.404 gen=0.1s train=0.5s
[t= 195.7s] greedy ep295 games=  96 dec= 18781 rows= 17947 horizon=0.32 L=0.00017 L/var=0.00 tgt=-0.060/0.385 pstd=0.407 gen=0.1s train=0.5s
[t= 196.4s] greedy ep296 games=  96 dec= 19410 rows= 18578 horizon=0.36 L=0.00015 L/var=0.00 tgt=-0.075/0.410 pstd=0.405 gen=0.1s train=0.5s
[t= 197.0s] greedy ep297 games=  96 dec= 17708 rows= 16885 horizon=0.28 L=0.00019 L/var=0.00 tgt=-0.085/0.391 pstd=0.408 gen=0.1s train=0.4s
[t= 197.7s] greedy ep298 games=  96 dec= 18321 rows= 17536 horizon=0.30 L=0.00018 L/var=0.00 tgt=-0.061/0.402 pstd=0.404 gen=0.1s train=0.4s
[t= 198.3s] greedy ep299 games=  96 dec= 17796 rows= 17020 horizon=0.25 L=0.00015 L/var=0.00 tgt=-0.065/0.425 pstd=0.408 gen=0.1s train=0.4s
[t= 199.0s] greedy ep300 games=  96 dec= 19047 rows= 18348 horizon=0.36 L=0.00023 L/var=0.00 tgt=-0.063/0.399 pstd=0.401 gen=0.1s train=0.5s
[t= 199.7s] greedy ep301 games=  96 dec= 18832 rows= 18068 horizon=0.30 L=0.00021 L/var=0.00 tgt=-0.079/0.407 pstd=0.406 gen=0.1s train=0.5s
[t= 200.3s] greedy ep302 games=  96 dec= 18885 rows= 18055 horizon=0.33 L=0.00012 L/var=0.00 tgt=-0.050/0.387 pstd=0.404 gen=0.1s train=0.5s
[t= 201.0s] greedy ep303 games=  96 dec= 17827 rows= 17132 horizon=0.27 L=0.00015 L/var=0.00 tgt=-0.082/0.384 pstd=0.407 gen=0.1s train=0.4s
[t= 201.7s] greedy ep304 games=  96 dec= 18868 rows= 18075 horizon=0.31 L=0.00028 L/var=0.00 tgt=-0.057/0.402 pstd=0.403 gen=0.1s train=0.5s
[t= 202.4s] greedy ep305 games=  96 dec= 19344 rows= 18520 horizon=0.34 L=0.00014 L/var=0.00 tgt=-0.081/0.427 pstd=0.406 gen=0.1s train=0.5s
[t= 203.2s] greedy ep306 games=  96 dec= 18304 rows= 17536 horizon=0.28 L=0.00017 L/var=0.00 tgt=-0.076/0.404 pstd=0.404 gen=0.1s train=0.5s
[t= 203.8s] greedy ep307 games=  96 dec= 18545 rows= 17808 horizon=0.32 L=0.00024 L/var=0.00 tgt=-0.088/0.400 pstd=0.406 gen=0.1s train=0.5s
[t= 204.6s] greedy ep308 games=  96 dec= 17924 rows= 17253 horizon=0.30 L=0.00013 L/var=0.00 tgt=-0.084/0.412 pstd=0.404 gen=0.1s train=0.5s
[t= 205.4s] greedy ep309 games=  96 dec= 17922 rows= 17126 horizon=0.24 L=0.00028 L/var=0.00 tgt=-0.083/0.387 pstd=0.405 gen=0.1s train=0.5s
[t= 206.1s] greedy ep310 games=  96 dec= 17947 rows= 17221 horizon=0.24 L=0.00017 L/var=0.00 tgt=-0.084/0.390 pstd=0.406 gen=0.1s train=0.5s
[t= 206.9s] greedy ep311 games=  96 dec= 18834 rows= 18079 horizon=0.28 L=0.00021 L/var=0.00 tgt=-0.077/0.388 pstd=0.405 gen=0.1s train=0.5s
[t= 207.7s] greedy ep312 games=  96 dec= 18721 rows= 17995 horizon=0.34 L=0.00022 L/var=0.00 tgt=-0.077/0.397 pstd=0.404 gen=0.1s train=0.5s
[t= 208.4s] greedy ep313 games=  96 dec= 18181 rows= 17394 horizon=0.28 L=0.00012 L/var=0.00 tgt=-0.054/0.393 pstd=0.408 gen=0.1s train=0.5s
[t= 209.2s] greedy ep314 games=  96 dec= 18317 rows= 17654 horizon=0.31 L=0.00020 L/var=0.00 tgt=-0.073/0.400 pstd=0.404 gen=0.1s train=0.5s
[t= 209.9s] greedy ep315 games=  96 dec= 17707 rows= 16932 horizon=0.21 L=0.00016 L/var=0.00 tgt=-0.062/0.383 pstd=0.404 gen=0.1s train=0.5s
[t= 210.7s] greedy ep316 games=  96 dec= 18185 rows= 17456 horizon=0.28 L=0.00031 L/var=0.00 tgt=-0.057/0.409 pstd=0.403 gen=0.1s train=0.5s
[t= 211.4s] greedy ep317 games=  96 dec= 18109 rows= 17315 horizon=0.26 L=0.00024 L/var=0.00 tgt=-0.061/0.370 pstd=0.401 gen=0.1s train=0.5s
[t= 212.2s] greedy ep318 games=  96 dec= 19771 rows= 18883 horizon=0.35 L=0.00016 L/var=0.00 tgt=-0.074/0.390 pstd=0.408 gen=0.1s train=0.5s
[t= 213.0s] greedy ep319 games=  96 dec= 17734 rows= 16988 horizon=0.22 L=0.00011 L/var=0.00 tgt=-0.066/0.418 pstd=0.406 gen=0.1s train=0.5s
[t= 213.7s] greedy ep320 games=  96 dec= 17862 rows= 17009 horizon=0.25 L=0.00021 L/var=0.00 tgt=-0.077/0.401 pstd=0.409 gen=0.1s train=0.5s
[t= 214.5s] greedy ep321 games=  96 dec= 18026 rows= 17209 horizon=0.25 L=0.00015 L/var=0.00 tgt=-0.061/0.396 pstd=0.408 gen=0.1s train=0.5s
[t= 215.2s] greedy ep322 games=  96 dec= 17868 rows= 17072 horizon=0.25 L=0.00012 L/var=0.00 tgt=-0.067/0.424 pstd=0.406 gen=0.1s train=0.5s
[t= 216.0s] greedy ep323 games=  96 dec= 18397 rows= 17654 horizon=0.27 L=0.00029 L/var=0.00 tgt=-0.062/0.384 pstd=0.406 gen=0.1s train=0.5s
[t= 216.6s] greedy ep324 games=  96 dec= 19009 rows= 18243 horizon=0.33 L=0.00021 L/var=0.00 tgt=-0.047/0.370 pstd=0.407 gen=0.1s train=0.4s
[t= 217.3s] greedy ep325 games=  96 dec= 17613 rows= 16937 horizon=0.24 L=0.00011 L/var=0.00 tgt=-0.056/0.418 pstd=0.409 gen=0.1s train=0.4s
[t= 217.9s] greedy ep326 games=  96 dec= 17639 rows= 16828 horizon=0.24 L=0.00015 L/var=0.00 tgt=-0.073/0.390 pstd=0.409 gen=0.1s train=0.4s
[t= 218.5s] greedy ep327 games=  96 dec= 19190 rows= 18373 horizon=0.34 L=0.00020 L/var=0.00 tgt=-0.072/0.379 pstd=0.409 gen=0.1s train=0.4s
[t= 219.2s] greedy ep328 games=  96 dec= 18537 rows= 17792 horizon=0.27 L=0.00014 L/var=0.00 tgt=-0.048/0.372 pstd=0.406 gen=0.1s train=0.4s
[t= 219.8s] greedy ep329 games=  96 dec= 19202 rows= 18442 horizon=0.39 L=0.00011 L/var=0.00 tgt=-0.046/0.371 pstd=0.409 gen=0.1s train=0.4s
[t= 220.5s] greedy ep330 games=  96 dec= 18595 rows= 17832 horizon=0.34 L=0.00045 L/var=0.00 tgt=-0.075/0.397 pstd=0.407 gen=0.1s train=0.4s
[t= 221.1s] greedy ep331 games=  96 dec= 17414 rows= 16638 horizon=0.21 L=0.00052 L/var=0.00 tgt=-0.073/0.418 pstd=0.406 gen=0.1s train=0.4s
[t= 221.7s] greedy ep332 games=  96 dec= 17404 rows= 16685 horizon=0.27 L=0.00026 L/var=0.00 tgt=-0.073/0.408 pstd=0.406 gen=0.1s train=0.4s
[t= 222.3s] greedy ep333 games=  96 dec= 18826 rows= 18044 horizon=0.33 L=0.00014 L/var=0.00 tgt=-0.058/0.404 pstd=0.405 gen=0.1s train=0.4s
[t= 223.0s] greedy ep334 games=  96 dec= 19238 rows= 18409 horizon=0.32 L=0.00011 L/var=0.00 tgt=-0.073/0.373 pstd=0.407 gen=0.1s train=0.4s
[t= 223.7s] greedy ep335 games=  96 dec= 20238 rows= 19375 horizon=0.40 L=0.00010 L/var=0.00 tgt=-0.056/0.380 pstd=0.404 gen=0.1s train=0.5s
[t= 224.3s] greedy ep336 games=  96 dec= 18431 rows= 17670 horizon=0.23 L=0.00008 L/var=0.00 tgt=-0.100/0.412 pstd=0.409 gen=0.1s train=0.4s
[t= 225.0s] greedy ep337 games=  96 dec= 19006 rows= 18221 horizon=0.34 L=0.00013 L/var=0.00 tgt=-0.080/0.398 pstd=0.404 gen=0.1s train=0.4s
[t= 225.6s] greedy ep338 games=  96 dec= 18739 rows= 17993 horizon=0.32 L=0.00018 L/var=0.00 tgt=-0.054/0.396 pstd=0.406 gen=0.1s train=0.4s
[t= 226.3s] greedy ep339 games=  96 dec= 19019 rows= 18194 horizon=0.27 L=0.00013 L/var=0.00 tgt=-0.104/0.403 pstd=0.407 gen=0.1s train=0.5s
[t= 227.0s] greedy ep340 games=  96 dec= 18416 rows= 17594 horizon=0.28 L=0.00010 L/var=0.00 tgt=-0.060/0.397 pstd=0.404 gen=0.1s train=0.5s
[t= 227.7s] greedy ep341 games=  96 dec= 18195 rows= 17412 horizon=0.27 L=0.00009 L/var=0.00 tgt=-0.068/0.415 pstd=0.404 gen=0.1s train=0.5s
[t= 228.4s] greedy ep342 games=  96 dec= 18608 rows= 17790 horizon=0.33 L=0.00032 L/var=0.00 tgt=-0.056/0.402 pstd=0.407 gen=0.1s train=0.5s
[t= 229.1s] greedy ep343 games=  96 dec= 17587 rows= 16841 horizon=0.22 L=0.00023 L/var=0.00 tgt=-0.071/0.426 pstd=0.407 gen=0.1s train=0.5s
[t= 229.9s] greedy ep344 games=  96 dec= 17145 rows= 16469 horizon=0.24 L=0.00013 L/var=0.00 tgt=-0.076/0.408 pstd=0.404 gen=0.1s train=0.5s
[t= 230.6s] greedy ep345 games=  96 dec= 18343 rows= 17529 horizon=0.29 L=0.00009 L/var=0.00 tgt=-0.068/0.403 pstd=0.403 gen=0.1s train=0.5s
[t= 231.4s] greedy ep346 games=  96 dec= 18352 rows= 17631 horizon=0.32 L=0.00010 L/var=0.00 tgt=-0.067/0.412 pstd=0.407 gen=0.1s train=0.5s
[t= 232.2s] greedy ep347 games=  96 dec= 19213 rows= 18428 horizon=0.34 L=0.00015 L/var=0.00 tgt=-0.076/0.394 pstd=0.407 gen=0.1s train=0.5s
[t= 232.9s] greedy ep348 games=  96 dec= 18304 rows= 17454 horizon=0.26 L=0.00013 L/var=0.00 tgt=-0.097/0.388 pstd=0.406 gen=0.1s train=0.4s
[t= 233.5s] greedy ep349 games=  96 dec= 19090 rows= 18275 horizon=0.32 L=0.00009 L/var=0.00 tgt=-0.085/0.394 pstd=0.406 gen=0.1s train=0.5s
[t= 234.2s] greedy ep350 games=  96 dec= 18998 rows= 18199 horizon=0.32 L=0.00029 L/var=0.00 tgt=-0.044/0.360 pstd=0.403 gen=0.1s train=0.5s
[t= 234.8s] greedy ep351 games=  96 dec= 17356 rows= 16646 horizon=0.26 L=0.00015 L/var=0.00 tgt=-0.072/0.407 pstd=0.404 gen=0.1s train=0.4s
[t= 235.5s] greedy ep352 games=  96 dec= 18096 rows= 17293 horizon=0.25 L=0.00009 L/var=0.00 tgt=-0.064/0.391 pstd=0.408 gen=0.1s train=0.4s
[t= 236.1s] greedy ep353 games=  96 dec= 18039 rows= 17205 horizon=0.25 L=0.00012 L/var=0.00 tgt=-0.085/0.400 pstd=0.409 gen=0.1s train=0.4s
[t= 236.8s] greedy ep354 games=  96 dec= 19211 rows= 18343 horizon=0.33 L=0.00019 L/var=0.00 tgt=-0.078/0.372 pstd=0.406 gen=0.1s train=0.5s
[t= 237.5s] greedy ep355 games=  96 dec= 18688 rows= 17934 horizon=0.31 L=0.00014 L/var=0.00 tgt=-0.081/0.420 pstd=0.405 gen=0.1s train=0.5s
[t= 238.1s] greedy ep356 games=  96 dec= 18564 rows= 17710 horizon=0.30 L=0.00011 L/var=0.00 tgt=-0.084/0.410 pstd=0.407 gen=0.1s train=0.4s
[t= 238.7s] greedy ep357 games=  96 dec= 18522 rows= 17731 horizon=0.25 L=0.00013 L/var=0.00 tgt=-0.081/0.404 pstd=0.403 gen=0.1s train=0.4s
[t= 239.4s] greedy ep358 games=  96 dec= 18458 rows= 17820 horizon=0.33 L=0.00013 L/var=0.00 tgt=-0.070/0.406 pstd=0.408 gen=0.1s train=0.4s
[t= 240.0s] greedy ep359 games=  96 dec= 18292 rows= 17539 horizon=0.29 L=0.00022 L/var=0.00 tgt=-0.072/0.385 pstd=0.405 gen=0.1s train=0.4s
[t= 240.7s] greedy ep360 games=  96 dec= 18119 rows= 17257 horizon=0.25 L=0.00021 L/var=0.00 tgt=-0.097/0.424 pstd=0.407 gen=0.1s train=0.4s
[t= 241.3s] greedy ep361 games=  96 dec= 18217 rows= 17511 horizon=0.30 L=0.00017 L/var=0.00 tgt=-0.082/0.408 pstd=0.406 gen=0.1s train=0.4s
[t= 242.0s] greedy ep362 games=  96 dec= 18429 rows= 17714 horizon=0.32 L=0.00011 L/var=0.00 tgt=-0.070/0.405 pstd=0.405 gen=0.1s train=0.4s
[t= 242.6s] greedy ep363 games=  96 dec= 19493 rows= 18706 horizon=0.39 L=0.00011 L/var=0.00 tgt=-0.079/0.404 pstd=0.406 gen=0.1s train=0.5s
[t= 243.3s] greedy ep364 games=  96 dec= 18466 rows= 17696 horizon=0.33 L=0.00009 L/var=0.00 tgt=-0.083/0.396 pstd=0.410 gen=0.1s train=0.4s
[t= 244.0s] greedy ep365 games=  96 dec= 19293 rows= 18464 horizon=0.32 L=0.00019 L/var=0.00 tgt=-0.091/0.397 pstd=0.406 gen=0.1s train=0.5s
[t= 244.6s] greedy ep366 games=  96 dec= 19433 rows= 18664 horizon=0.40 L=0.00014 L/var=0.00 tgt=-0.071/0.393 pstd=0.408 gen=0.1s train=0.5s
[t= 245.3s] greedy ep367 games=  96 dec= 18030 rows= 17243 horizon=0.25 L=0.00009 L/var=0.00 tgt=-0.086/0.397 pstd=0.408 gen=0.1s train=0.4s
[t= 245.9s] greedy ep368 games=  96 dec= 18211 rows= 17482 horizon=0.26 L=0.00008 L/var=0.00 tgt=-0.072/0.431 pstd=0.403 gen=0.1s train=0.4s
[t= 246.6s] greedy ep369 games=  96 dec= 19219 rows= 18401 horizon=0.38 L=0.00030 L/var=0.00 tgt=-0.107/0.438 pstd=0.403 gen=0.1s train=0.5s
[t= 247.2s] greedy ep370 games=  96 dec= 17736 rows= 16949 horizon=0.22 L=0.00023 L/var=0.00 tgt=-0.106/0.417 pstd=0.405 gen=0.1s train=0.4s
[t= 247.9s] greedy ep371 games=  96 dec= 18571 rows= 17828 horizon=0.25 L=0.00011 L/var=0.00 tgt=-0.067/0.386 pstd=0.407 gen=0.1s train=0.4s
[t= 248.5s] greedy ep372 games=  96 dec= 17807 rows= 17024 horizon=0.25 L=0.00010 L/var=0.00 tgt=-0.079/0.385 pstd=0.408 gen=0.1s train=0.4s
[t= 249.2s] greedy ep373 games=  96 dec= 18551 rows= 17773 horizon=0.27 L=0.00013 L/var=0.00 tgt=-0.080/0.390 pstd=0.405 gen=0.1s train=0.4s
[t= 249.8s] greedy ep374 games=  96 dec= 18726 rows= 17943 horizon=0.36 L=0.00014 L/var=0.00 tgt=-0.080/0.409 pstd=0.406 gen=0.1s train=0.5s
[t= 250.5s] greedy ep375 games=  96 dec= 18741 rows= 17868 horizon=0.27 L=0.00013 L/var=0.00 tgt=-0.078/0.409 pstd=0.402 gen=0.1s train=0.4s
[t= 251.1s] greedy ep376 games=  96 dec= 18584 rows= 17752 horizon=0.26 L=0.00027 L/var=0.00 tgt=-0.059/0.414 pstd=0.406 gen=0.1s train=0.4s
[t= 251.7s] greedy ep377 games=  96 dec= 17418 rows= 16672 horizon=0.20 L=0.00012 L/var=0.00 tgt=-0.063/0.438 pstd=0.406 gen=0.1s train=0.4s
[t= 252.4s] greedy ep378 games=  96 dec= 18850 rows= 18022 horizon=0.29 L=0.00008 L/var=0.00 tgt=-0.066/0.392 pstd=0.404 gen=0.1s train=0.5s
[t= 253.1s] greedy ep379 games=  96 dec= 18844 rows= 18042 horizon=0.30 L=0.00009 L/var=0.00 tgt=-0.096/0.417 pstd=0.407 gen=0.1s train=0.5s
[t= 253.7s] greedy ep380 games=  96 dec= 17578 rows= 16798 horizon=0.24 L=0.00006 L/var=0.00 tgt=-0.075/0.398 pstd=0.407 gen=0.1s train=0.4s
[t= 254.4s] greedy ep381 games=  96 dec= 18250 rows= 17519 horizon=0.30 L=0.00018 L/var=0.00 tgt=-0.085/0.404 pstd=0.403 gen=0.1s train=0.5s
[t= 255.1s] greedy ep382 games=  96 dec= 18376 rows= 17592 horizon=0.28 L=0.00011 L/var=0.00 tgt=-0.049/0.396 pstd=0.403 gen=0.1s train=0.5s
[t= 255.9s] greedy ep383 games=  96 dec= 19097 rows= 18243 horizon=0.31 L=0.00010 L/var=0.00 tgt=-0.060/0.377 pstd=0.404 gen=0.1s train=0.5s
[t= 256.6s] greedy ep384 games=  96 dec= 18336 rows= 17524 horizon=0.24 L=0.00022 L/var=0.00 tgt=-0.082/0.402 pstd=0.410 gen=0.1s train=0.5s
[t= 257.4s] greedy ep385 games=  96 dec= 18996 rows= 18248 horizon=0.30 L=0.00012 L/var=0.00 tgt=-0.070/0.410 pstd=0.408 gen=0.1s train=0.5s
[t= 258.2s] greedy ep386 games=  96 dec= 18936 rows= 18205 horizon=0.30 L=0.00008 L/var=0.00 tgt=-0.070/0.389 pstd=0.408 gen=0.1s train=0.5s
[t= 259.0s] greedy ep387 games=  96 dec= 19390 rows= 18671 horizon=0.35 L=0.00020 L/var=0.00 tgt=-0.064/0.394 pstd=0.407 gen=0.1s train=0.5s
[t= 259.7s] greedy ep388 games=  96 dec= 18257 rows= 17535 horizon=0.31 L=0.00014 L/var=0.00 tgt=-0.103/0.421 pstd=0.406 gen=0.1s train=0.5s
[t= 260.4s] greedy ep389 games=  96 dec= 17519 rows= 16749 horizon=0.23 L=0.00010 L/var=0.00 tgt=-0.097/0.424 pstd=0.405 gen=0.1s train=0.4s
[t= 261.2s] greedy ep390 games=  96 dec= 18882 rows= 18073 horizon=0.34 L=0.00010 L/var=0.00 tgt=-0.075/0.393 pstd=0.406 gen=0.1s train=0.5s
[t= 261.9s] greedy ep391 games=  96 dec= 18218 rows= 17513 horizon=0.27 L=0.00010 L/var=0.00 tgt=-0.057/0.388 pstd=0.407 gen=0.1s train=0.5s
[t= 262.7s] greedy ep392 games=  96 dec= 17877 rows= 17100 horizon=0.27 L=0.00007 L/var=0.00 tgt=-0.062/0.401 pstd=0.404 gen=0.1s train=0.5s
[t= 263.4s] greedy ep393 games=  96 dec= 18059 rows= 17169 horizon=0.23 L=0.00015 L/var=0.00 tgt=-0.065/0.423 pstd=0.411 gen=0.1s train=0.5s
[t= 264.1s] greedy ep394 games=  96 dec= 18007 rows= 17237 horizon=0.25 L=0.00007 L/var=0.00 tgt=-0.065/0.379 pstd=0.406 gen=0.1s train=0.5s
[t= 264.9s] greedy ep395 games=  96 dec= 18592 rows= 17734 horizon=0.25 L=0.00018 L/var=0.00 tgt=-0.061/0.378 pstd=0.404 gen=0.1s train=0.5s
[t= 265.6s] greedy ep396 games=  96 dec= 19387 rows= 18581 horizon=0.40 L=0.00019 L/var=0.00 tgt=-0.093/0.400 pstd=0.403 gen=0.1s train=0.5s
[t= 266.4s] greedy ep397 games=  96 dec= 18742 rows= 18042 horizon=0.28 L=0.00013 L/var=0.00 tgt=-0.064/0.408 pstd=0.408 gen=0.1s train=0.5s
[t= 267.1s] greedy ep398 games=  96 dec= 17699 rows= 16872 horizon=0.25 L=0.00008 L/var=0.00 tgt=-0.075/0.417 pstd=0.407 gen=0.1s train=0.5s
[t= 267.9s] greedy ep399 games=  96 dec= 18618 rows= 17814 horizon=0.30 L=0.00009 L/var=0.00 tgt=-0.072/0.375 pstd=0.405 gen=0.1s train=0.5s
[t= 268.6s] greedy ep400 games=  96 dec= 18062 rows= 17309 horizon=0.24 L=0.00009 L/var=0.00 tgt=-0.106/0.415 pstd=0.406 gen=0.1s train=0.5s
[t= 269.4s] greedy ep401 games=  96 dec= 19432 rows= 18539 horizon=0.33 L=0.00018 L/var=0.00 tgt=-0.077/0.387 pstd=0.409 gen=0.1s train=0.5s
[t= 270.1s] greedy ep402 games=  96 dec= 18818 rows= 18064 horizon=0.39 L=0.00012 L/var=0.00 tgt=-0.058/0.399 pstd=0.406 gen=0.1s train=0.5s
[t= 270.9s] greedy ep403 games=  96 dec= 18523 rows= 17676 horizon=0.25 L=0.00007 L/var=0.00 tgt=-0.065/0.398 pstd=0.406 gen=0.1s train=0.5s
[t= 271.6s] greedy ep404 games=  96 dec= 18033 rows= 17289 horizon=0.29 L=0.00014 L/var=0.00 tgt=-0.071/0.383 pstd=0.404 gen=0.1s train=0.5s
[t= 272.4s] greedy ep405 games=  96 dec= 17991 rows= 17198 horizon=0.25 L=0.00009 L/var=0.00 tgt=-0.055/0.397 pstd=0.405 gen=0.1s train=0.5s
[t= 273.1s] greedy ep406 games=  96 dec= 18954 rows= 18147 horizon=0.31 L=0.00015 L/var=0.00 tgt=-0.065/0.410 pstd=0.405 gen=0.1s train=0.5s
[t= 273.8s] greedy ep407 games=  96 dec= 19058 rows= 18228 horizon=0.32 L=0.00028 L/var=0.00 tgt=-0.081/0.409 pstd=0.400 gen=0.1s train=0.5s
[t= 274.4s] greedy ep408 games=  96 dec= 18532 rows= 17751 horizon=0.30 L=0.00010 L/var=0.00 tgt=-0.097/0.409 pstd=0.403 gen=0.1s train=0.4s
[t= 275.1s] greedy ep409 games=  96 dec= 18869 rows= 18063 horizon=0.31 L=0.00007 L/var=0.00 tgt=-0.074/0.385 pstd=0.407 gen=0.1s train=0.5s
[t= 275.8s] greedy ep410 games=  96 dec= 18442 rows= 17623 horizon=0.32 L=0.00014 L/var=0.00 tgt=-0.067/0.400 pstd=0.399 gen=0.1s train=0.4s
[t= 276.4s] greedy ep411 games=  96 dec= 18738 rows= 17894 horizon=0.28 L=0.00015 L/var=0.00 tgt=-0.094/0.417 pstd=0.411 gen=0.1s train=0.4s
[t= 277.1s] greedy ep412 games=  96 dec= 17049 rows= 16344 horizon=0.21 L=0.00012 L/var=0.00 tgt=-0.064/0.399 pstd=0.408 gen=0.1s train=0.4s
[t= 277.7s] greedy ep413 games=  96 dec= 18174 rows= 17399 horizon=0.24 L=0.00007 L/var=0.00 tgt=-0.112/0.429 pstd=0.400 gen=0.1s train=0.4s
[t= 278.4s] greedy ep414 games=  96 dec= 18742 rows= 17944 horizon=0.30 L=0.00022 L/var=0.00 tgt=-0.080/0.401 pstd=0.402 gen=0.1s train=0.5s
[t= 279.1s] greedy ep415 games=  96 dec= 17999 rows= 17195 horizon=0.24 L=0.00010 L/var=0.00 tgt=-0.071/0.412 pstd=0.405 gen=0.1s train=0.4s
[t= 279.7s] greedy ep416 games=  96 dec= 18164 rows= 17388 horizon=0.27 L=0.00008 L/var=0.00 tgt=-0.062/0.387 pstd=0.408 gen=0.1s train=0.4s
[t= 280.4s] greedy ep417 games=  96 dec= 18709 rows= 17910 horizon=0.28 L=0.00010 L/var=0.00 tgt=-0.062/0.386 pstd=0.406 gen=0.1s train=0.4s
[t= 281.1s] greedy ep418 games=  96 dec= 19362 rows= 18512 horizon=0.29 L=0.00443 L/var=0.03 tgt=-0.067/0.398 pstd=0.364 gen=0.1s train=0.5s
[t= 281.7s] greedy ep419 games=  96 dec= 17028 rows= 16360 horizon=0.25 L=0.00666 L/var=0.04 tgt=-0.090/0.419 pstd=0.421 gen=0.1s train=0.4s
[t= 282.3s] greedy ep420 games=  96 dec= 18650 rows= 17888 horizon=0.33 L=0.00301 L/var=0.02 tgt=-0.086/0.409 pstd=0.403 gen=0.1s train=0.4s
[t= 283.0s] greedy ep421 games=  96 dec= 18864 rows= 17994 horizon=0.29 L=0.00076 L/var=0.00 tgt=-0.057/0.400 pstd=0.404 gen=0.1s train=0.5s
[t= 283.7s] greedy ep422 games=  96 dec= 17597 rows= 16851 horizon=0.30 L=0.00031 L/var=0.00 tgt=-0.111/0.423 pstd=0.406 gen=0.1s train=0.4s
[t= 284.3s] greedy ep423 games=  96 dec= 17404 rows= 16657 horizon=0.26 L=0.00018 L/var=0.00 tgt=-0.064/0.399 pstd=0.407 gen=0.1s train=0.4s
[t= 284.9s] greedy ep424 games=  96 dec= 18129 rows= 17447 horizon=0.28 L=0.00014 L/var=0.00 tgt=-0.077/0.409 pstd=0.405 gen=0.1s train=0.4s
[t= 285.6s] greedy ep425 games=  96 dec= 18651 rows= 17925 horizon=0.29 L=0.00011 L/var=0.00 tgt=-0.070/0.381 pstd=0.407 gen=0.1s train=0.5s
[t= 286.3s] greedy ep426 games=  96 dec= 17966 rows= 17218 horizon=0.24 L=0.00010 L/var=0.00 tgt=-0.099/0.418 pstd=0.406 gen=0.1s train=0.4s
[t= 286.9s] greedy ep427 games=  96 dec= 18083 rows= 17412 horizon=0.31 L=0.00009 L/var=0.00 tgt=-0.077/0.405 pstd=0.407 gen=0.1s train=0.4s
[t= 287.6s] greedy ep428 games=  96 dec= 19869 rows= 19018 horizon=0.43 L=0.00008 L/var=0.00 tgt=-0.073/0.402 pstd=0.405 gen=0.1s train=0.5s
[t= 288.3s] greedy ep429 games=  96 dec= 18812 rows= 18023 horizon=0.26 L=0.00008 L/var=0.00 tgt=-0.106/0.416 pstd=0.404 gen=0.1s train=0.5s
[t= 289.0s] greedy ep430 games=  96 dec= 19432 rows= 18602 horizon=0.31 L=0.00007 L/var=0.00 tgt=-0.087/0.387 pstd=0.406 gen=0.1s train=0.5s
[t= 289.7s] greedy ep431 games=  96 dec= 18294 rows= 17484 horizon=0.28 L=0.00007 L/var=0.00 tgt=-0.077/0.406 pstd=0.407 gen=0.1s train=0.4s
[t= 290.3s] greedy ep432 games=  96 dec= 18968 rows= 18114 horizon=0.30 L=0.00007 L/var=0.00 tgt=-0.100/0.429 pstd=0.407 gen=0.1s train=0.5s
[t= 291.0s] greedy ep433 games=  96 dec= 19141 rows= 18384 horizon=0.32 L=0.00006 L/var=0.00 tgt=-0.079/0.407 pstd=0.406 gen=0.1s train=0.5s
[t= 291.7s] greedy ep434 games=  96 dec= 18957 rows= 18190 horizon=0.30 L=0.00007 L/var=0.00 tgt=-0.068/0.403 pstd=0.405 gen=0.1s train=0.5s
[t= 292.4s] greedy ep435 games=  96 dec= 18180 rows= 17390 horizon=0.25 L=0.00006 L/var=0.00 tgt=-0.093/0.421 pstd=0.405 gen=0.1s train=0.4s
[t= 293.1s] greedy ep436 games=  96 dec= 18950 rows= 18178 horizon=0.34 L=0.00007 L/var=0.00 tgt=-0.075/0.398 pstd=0.406 gen=0.1s train=0.5s
[t= 293.7s] greedy ep437 games=  96 dec= 18143 rows= 17344 horizon=0.24 L=0.00008 L/var=0.00 tgt=-0.060/0.389 pstd=0.406 gen=0.1s train=0.4s
[t= 294.4s] greedy ep438 games=  96 dec= 18033 rows= 17303 horizon=0.30 L=0.00006 L/var=0.00 tgt=-0.100/0.418 pstd=0.406 gen=0.1s train=0.4s
[t= 295.0s] greedy ep439 games=  96 dec= 18592 rows= 17810 horizon=0.31 L=0.00007 L/var=0.00 tgt=-0.089/0.404 pstd=0.406 gen=0.1s train=0.4s
[t= 295.7s] greedy ep440 games=  96 dec= 18922 rows= 18160 horizon=0.31 L=0.00006 L/var=0.00 tgt=-0.074/0.398 pstd=0.405 gen=0.1s train=0.5s
[t= 296.4s] greedy ep441 games=  96 dec= 18729 rows= 17885 horizon=0.29 L=0.00006 L/var=0.00 tgt=-0.083/0.411 pstd=0.405 gen=0.1s train=0.4s
[t= 297.1s] greedy ep442 games=  96 dec= 18376 rows= 17542 horizon=0.25 L=0.00005 L/var=0.00 tgt=-0.065/0.406 pstd=0.405 gen=0.1s train=0.4s
[t= 297.7s] greedy ep443 games=  96 dec= 17496 rows= 16754 horizon=0.19 L=0.00009 L/var=0.00 tgt=-0.073/0.373 pstd=0.406 gen=0.1s train=0.4s
[t= 298.5s] greedy ep444 games=  96 dec= 18585 rows= 17824 horizon=0.35 L=0.00007 L/var=0.00 tgt=-0.056/0.406 pstd=0.405 gen=0.1s train=0.5s
[t= 299.1s] greedy ep445 games=  96 dec= 17481 rows= 16757 horizon=0.21 L=0.00007 L/var=0.00 tgt=-0.052/0.402 pstd=0.406 gen=0.1s train=0.4s
[t= 299.8s] greedy ep446 games=  96 dec= 18337 rows= 17534 horizon=0.28 L=0.00007 L/var=0.00 tgt=-0.074/0.420 pstd=0.407 gen=0.1s train=0.4s
[t= 300.4s] greedy ep447 games=  96 dec= 18854 rows= 18135 horizon=0.38 L=0.00006 L/var=0.00 tgt=-0.079/0.395 pstd=0.406 gen=0.1s train=0.5s
[t= 300.5s] --- snapshot snap_00.pt (init) ---
[t= 300.5s] --- switching to ReBeL ---
[t= 310.5s] rebel stream solves=13312 raw=1325/s balanced=1325/s debt=0 rows steps=52 horizon=0.00 games=0 over=0 card=0 drop=0 L=0.00393 L/var=0.50 tgt=-0.023/0.089 cfg/b=39772 prep=0.27s gpu=0.00s conv=0.01s add=0.46s train=2.57s
[t= 320.6s] rebel stream solves=20480 raw=1021/s balanced=1021/s debt=0 rows steps=80 horizon=0.00 games=0 over=0 card=0 drop=0 L=0.00110 L/var=0.46 tgt=-0.018/0.049 cfg/b=26908 prep=0.17s gpu=0.00s conv=0.00s add=0.19s train=0.91s
[t= 330.6s] rebel stream solves=27648 raw=919/s balanced=919/s debt=0 rows steps=108 horizon=0.00 games=2 over=0 card=0 drop=0 L=0.00070 L/var=0.27 tgt=-0.006/0.051 cfg/b=18498 prep=0.17s gpu=0.00s conv=0.00s add=0.10s train=0.96s
[t= 340.1s] --- lr -> 5.00e-04 ---
[t= 340.6s] rebel stream solves=34816 raw=868/s balanced=868/s debt=0 rows steps=136 horizon=0.00 games=15 over=0 card=0 drop=0 L=0.00088 L/var=0.19 tgt=+0.005/0.067 cfg/b=15505 prep=0.19s gpu=0.00s conv=0.00s add=0.09s train=0.94s
[t= 350.6s] rebel stream solves=39936 raw=797/s balanced=797/s debt=0 rows steps=156 horizon=0.00 games=17 over=0 card=0 drop=0 L=0.00225 L/var=0.30 tgt=+0.011/0.086 cfg/b=14137 prep=0.11s gpu=0.00s conv=0.00s add=0.06s train=0.62s
[t= 360.6s] rebel stream solves=45056 raw=749/s balanced=749/s debt=0 rows steps=176 horizon=0.00 games=46 over=0 card=0 drop=0 L=0.00355 L/var=0.34 tgt=+0.024/0.102 cfg/b=13468 prep=0.11s gpu=0.00s conv=0.00s add=0.06s train=0.64s
[t= 370.7s] rebel stream solves=50176 raw=715/s balanced=715/s debt=0 rows steps=196 horizon=0.00 games=72 over=0 card=0 drop=0 L=0.00575 L/var=0.46 tgt=+0.018/0.112 cfg/b=14064 prep=0.12s gpu=0.00s conv=0.00s add=0.07s train=0.66s
[t= 381.1s] --- lr -> 2.50e-04 ---
[t= 381.1s] rebel stream solves=57344 raw=711/s balanced=711/s debt=0 rows steps=224 horizon=0.00 games=170 over=0 card=0 drop=0 L=0.00919 L/var=0.44 tgt=+0.019/0.144 cfg/b=14315 prep=0.17s gpu=0.00s conv=0.00s add=0.11s train=0.92s
[t= 391.2s] rebel stream solves=64512 raw=711/s balanced=711/s debt=0 rows steps=252 horizon=0.00 games=218 over=0 card=0 drop=0 L=0.01155 L/var=0.58 tgt=+0.005/0.141 cfg/b=15225 prep=0.15s gpu=0.00s conv=0.00s add=0.12s train=0.90s
[t= 400.0s] --- stopping GPU admission; draining ---
[t= 401.2s] rebel stream solves=73728 raw=732/s balanced=732/s debt=0 rows steps=288 horizon=0.00 games=220 over=0 card=0 drop=0 L=0.01279 L/var=0.78 tgt=-0.010/0.128 cfg/b=15943 prep=0.19s gpu=0.00s conv=0.00s add=0.20s train=1.19s
[t= 401.4s] rebel stream solves=74583 raw=739/s balanced=738/s debt=348 rows steps=291 horizon=0.00 games=0 over=0 card=0 drop=0 L=0.01205 L/var=0.98 tgt=-0.006/0.111 cfg/b=17532 prep=0.01s gpu=0.00s conv=0.00s add=0.01s train=0.09s
[gpu-summary] solves=74583 optimizer_rows=297984 debt=348 raw=624.1/s balanced=623.3/s horizon=0.00 games=760 over=0 card=0 exact=0 censored=1152 dropped=0 overrun=0.00s
[t= 420.0s] --- snapshot snap_01.pt (final) ---
[report] runs/sw_32_98/report.html
