[train] runs/ratio_4 at 6eee99b+dirty seed=95 {'minutes': 20.0, 'warm_minutes': 5.0, 'snapshot_every': 5.0, 'ladder_games': 200, 'depth': 2, 'iters': 64, 'cfr': 'dcfr', 'seed': 95, 'train_gen_ratio': 4.0, 'note': 'train-gen-ratio-4'}
[train] train-gen-ratio-4
[cpu] pinned to 36 physical cores
[train] CUDA stream priority -1
[gpu] solve services up on [0, 1]
[cfg] PUBFEAT=897 CFEAT=15 architecture=v4 depth=2 iters=64 budget=1200s warm=300s snapshot_every=5min device=cuda:1 draft=random train_gen_ratio=4.0 recent_mix=0.5/0.2 canonical_views=2 cap=2000000 matmul=high
[t=   1.2s] greedy ep  0 games=  96 dec= 18853 rows= 18069 horizon=0.29 L=0.12851 L/var=0.83 tgt=-0.043/0.394 pstd=0.347 gen=0.1s train=1.0s
[t=   1.8s] greedy ep  1 games=  96 dec= 19648 rows= 18830 horizon=0.34 L=0.08046 L/var=0.49 tgt=-0.090/0.406 pstd=0.351 gen=0.1s train=0.4s
[t=   2.5s] greedy ep  2 games=  96 dec= 19176 rows= 18356 horizon=0.35 L=0.05831 L/var=0.34 tgt=-0.088/0.415 pstd=0.361 gen=0.1s train=0.5s
[t=   3.2s] greedy ep  3 games=  96 dec= 18652 rows= 17858 horizon=0.29 L=0.04511 L/var=0.24 tgt=-0.096/0.436 pstd=0.365 gen=0.1s train=0.5s
[t=   3.9s] greedy ep  4 games=  96 dec= 19078 rows= 18228 horizon=0.35 L=0.03164 L/var=0.18 tgt=-0.093/0.414 pstd=0.369 gen=0.1s train=0.5s
[t=   4.7s] greedy ep  5 games=  96 dec= 18818 rows= 18043 horizon=0.35 L=0.02214 L/var=0.12 tgt=-0.089/0.427 pstd=0.394 gen=0.1s train=0.6s
[t=   5.5s] greedy ep  6 games=  96 dec= 18874 rows= 18050 horizon=0.28 L=0.01673 L/var=0.11 tgt=-0.083/0.391 pstd=0.372 gen=0.1s train=0.6s
[t=   6.2s] greedy ep  7 games=  96 dec= 18496 rows= 17707 horizon=0.27 L=0.01070 L/var=0.08 tgt=-0.094/0.372 pstd=0.390 gen=0.1s train=0.5s
[t=   7.0s] greedy ep  8 games=  96 dec= 18882 rows= 18018 horizon=0.28 L=0.01188 L/var=0.09 tgt=-0.063/0.368 pstd=0.369 gen=0.1s train=0.6s
[t=   7.7s] greedy ep  9 games=  96 dec= 18567 rows= 17820 horizon=0.30 L=0.01055 L/var=0.07 tgt=-0.059/0.398 pstd=0.405 gen=0.1s train=0.5s
[t=   8.5s] greedy ep 10 games=  96 dec= 18793 rows= 18035 horizon=0.29 L=0.00679 L/var=0.04 tgt=-0.092/0.393 pstd=0.393 gen=0.1s train=0.6s
[t=   9.3s] greedy ep 11 games=  96 dec= 18170 rows= 17446 horizon=0.32 L=0.00607 L/var=0.04 tgt=-0.053/0.410 pstd=0.386 gen=0.1s train=0.5s
[t=  10.1s] greedy ep 12 games=  96 dec= 17686 rows= 16974 horizon=0.27 L=0.00543 L/var=0.03 tgt=-0.071/0.394 pstd=0.394 gen=0.1s train=0.5s
[t=  10.8s] greedy ep 13 games=  96 dec= 19259 rows= 18477 horizon=0.39 L=0.00655 L/var=0.05 tgt=-0.042/0.373 pstd=0.402 gen=0.1s train=0.6s
[t=  11.6s] greedy ep 14 games=  96 dec= 18669 rows= 17882 horizon=0.30 L=0.01104 L/var=0.07 tgt=-0.086/0.392 pstd=0.355 gen=0.1s train=0.5s
[t=  12.4s] greedy ep 15 games=  96 dec= 18379 rows= 17558 horizon=0.27 L=0.00746 L/var=0.05 tgt=-0.082/0.400 pstd=0.379 gen=0.1s train=0.5s
[t=  13.1s] greedy ep 16 games=  96 dec= 17832 rows= 17106 horizon=0.24 L=0.00525 L/var=0.03 tgt=-0.081/0.418 pstd=0.390 gen=0.1s train=0.5s
[t=  13.9s] greedy ep 17 games=  96 dec= 19410 rows= 18581 horizon=0.32 L=0.00464 L/var=0.03 tgt=-0.081/0.416 pstd=0.402 gen=0.1s train=0.6s
[t=  14.7s] greedy ep 18 games=  96 dec= 18273 rows= 17416 horizon=0.23 L=0.00416 L/var=0.03 tgt=-0.070/0.393 pstd=0.396 gen=0.1s train=0.5s
[t=  15.4s] greedy ep 19 games=  96 dec= 17525 rows= 16824 horizon=0.25 L=0.00388 L/var=0.03 tgt=-0.059/0.385 pstd=0.387 gen=0.1s train=0.5s
[t=  16.2s] greedy ep 20 games=  96 dec= 17691 rows= 16922 horizon=0.22 L=0.00516 L/var=0.03 tgt=-0.087/0.399 pstd=0.361 gen=0.1s train=0.5s
[t=  16.9s] greedy ep 21 games=  96 dec= 19033 rows= 18205 horizon=0.35 L=0.01204 L/var=0.08 tgt=-0.058/0.382 pstd=0.388 gen=0.1s train=0.5s
[t=  17.6s] greedy ep 22 games=  96 dec= 18692 rows= 17986 horizon=0.33 L=0.00534 L/var=0.03 tgt=-0.077/0.410 pstd=0.402 gen=0.1s train=0.5s
[t=  18.3s] greedy ep 23 games=  96 dec= 18345 rows= 17557 horizon=0.27 L=0.00409 L/var=0.03 tgt=-0.071/0.392 pstd=0.396 gen=0.1s train=0.5s
[t=  18.9s] greedy ep 24 games=  96 dec= 17545 rows= 16862 horizon=0.24 L=0.00370 L/var=0.02 tgt=-0.075/0.391 pstd=0.395 gen=0.1s train=0.4s
[t=  19.6s] greedy ep 25 games=  96 dec= 18771 rows= 17942 horizon=0.35 L=0.00333 L/var=0.02 tgt=-0.039/0.399 pstd=0.394 gen=0.1s train=0.5s
[t=  20.2s] greedy ep 26 games=  96 dec= 18524 rows= 17729 horizon=0.31 L=0.00300 L/var=0.02 tgt=-0.078/0.401 pstd=0.398 gen=0.1s train=0.4s
[t=  20.8s] greedy ep 27 games=  96 dec= 18467 rows= 17765 horizon=0.29 L=0.00314 L/var=0.02 tgt=-0.075/0.418 pstd=0.391 gen=0.1s train=0.4s
[t=  21.5s] greedy ep 28 games=  96 dec= 18349 rows= 17482 horizon=0.28 L=0.00344 L/var=0.02 tgt=-0.078/0.393 pstd=0.391 gen=0.1s train=0.4s
[t=  22.1s] greedy ep 29 games=  96 dec= 17979 rows= 17287 horizon=0.27 L=0.00341 L/var=0.02 tgt=-0.080/0.383 pstd=0.385 gen=0.1s train=0.4s
[t=  22.7s] greedy ep 30 games=  96 dec= 19069 rows= 18180 horizon=0.31 L=0.00340 L/var=0.02 tgt=-0.067/0.404 pstd=0.389 gen=0.1s train=0.5s
[t=  23.4s] greedy ep 31 games=  96 dec= 18861 rows= 18112 horizon=0.34 L=0.00344 L/var=0.02 tgt=-0.102/0.425 pstd=0.388 gen=0.1s train=0.5s
[t=  24.0s] greedy ep 32 games=  96 dec= 19129 rows= 18332 horizon=0.34 L=0.00352 L/var=0.02 tgt=-0.086/0.394 pstd=0.397 gen=0.1s train=0.5s
[t=  24.7s] greedy ep 33 games=  96 dec= 18913 rows= 17958 horizon=0.27 L=0.00756 L/var=0.05 tgt=-0.095/0.398 pstd=0.413 gen=0.1s train=0.5s
[t=  25.3s] greedy ep 34 games=  96 dec= 17630 rows= 16913 horizon=0.21 L=0.00540 L/var=0.03 tgt=-0.083/0.414 pstd=0.379 gen=0.1s train=0.4s
[t=  25.9s] greedy ep 35 games=  96 dec= 18569 rows= 17779 horizon=0.31 L=0.00318 L/var=0.02 tgt=-0.066/0.408 pstd=0.387 gen=0.1s train=0.4s
[t=  26.5s] greedy ep 36 games=  96 dec= 18706 rows= 17959 horizon=0.30 L=0.00254 L/var=0.02 tgt=-0.095/0.408 pstd=0.394 gen=0.1s train=0.5s
[t=  27.2s] greedy ep 37 games=  96 dec= 19117 rows= 18316 horizon=0.33 L=0.00241 L/var=0.02 tgt=-0.068/0.390 pstd=0.392 gen=0.1s train=0.5s
[t=  27.8s] greedy ep 38 games=  96 dec= 18646 rows= 17879 horizon=0.28 L=0.00260 L/var=0.02 tgt=-0.077/0.406 pstd=0.395 gen=0.1s train=0.4s
[t=  28.4s] greedy ep 39 games=  96 dec= 18107 rows= 17347 horizon=0.28 L=0.00245 L/var=0.01 tgt=-0.068/0.419 pstd=0.391 gen=0.1s train=0.4s
[t=  29.1s] greedy ep 40 games=  96 dec= 18950 rows= 18159 horizon=0.33 L=0.00292 L/var=0.02 tgt=-0.068/0.378 pstd=0.396 gen=0.1s train=0.4s
[t=  29.7s] greedy ep 41 games=  96 dec= 18590 rows= 17770 horizon=0.28 L=0.00406 L/var=0.03 tgt=-0.059/0.387 pstd=0.395 gen=0.1s train=0.4s
[t=  30.3s] greedy ep 42 games=  96 dec= 18858 rows= 17987 horizon=0.28 L=0.00310 L/var=0.02 tgt=-0.082/0.395 pstd=0.388 gen=0.1s train=0.5s
[t=  31.0s] greedy ep 43 games=  96 dec= 17876 rows= 17106 horizon=0.27 L=0.00226 L/var=0.01 tgt=-0.093/0.428 pstd=0.399 gen=0.1s train=0.4s
[t=  31.6s] greedy ep 44 games=  96 dec= 18395 rows= 17544 horizon=0.26 L=0.00209 L/var=0.01 tgt=-0.059/0.411 pstd=0.390 gen=0.1s train=0.4s
[t=  32.2s] greedy ep 45 games=  96 dec= 18304 rows= 17541 horizon=0.27 L=0.00195 L/var=0.01 tgt=-0.086/0.400 pstd=0.396 gen=0.1s train=0.4s
[t=  32.8s] greedy ep 46 games=  96 dec= 18963 rows= 18276 horizon=0.36 L=0.00198 L/var=0.01 tgt=-0.057/0.400 pstd=0.389 gen=0.1s train=0.5s
[t=  33.4s] greedy ep 47 games=  96 dec= 17323 rows= 16593 horizon=0.24 L=0.00186 L/var=0.01 tgt=-0.099/0.413 pstd=0.392 gen=0.1s train=0.4s
[t=  34.1s] greedy ep 48 games=  96 dec= 19310 rows= 18515 horizon=0.32 L=0.00188 L/var=0.01 tgt=-0.070/0.402 pstd=0.394 gen=0.1s train=0.5s
[t=  34.7s] greedy ep 49 games=  96 dec= 18285 rows= 17559 horizon=0.26 L=0.00174 L/var=0.01 tgt=-0.076/0.382 pstd=0.391 gen=0.1s train=0.4s
[t=  35.3s] greedy ep 50 games=  96 dec= 18926 rows= 18168 horizon=0.30 L=0.00172 L/var=0.01 tgt=-0.079/0.416 pstd=0.397 gen=0.1s train=0.5s
[t=  36.1s] greedy ep 51 games=  96 dec= 18443 rows= 17663 horizon=0.29 L=0.00162 L/var=0.01 tgt=-0.068/0.388 pstd=0.398 gen=0.1s train=0.5s
[t=  36.8s] greedy ep 52 games=  96 dec= 18192 rows= 17487 horizon=0.27 L=0.00169 L/var=0.01 tgt=-0.086/0.395 pstd=0.392 gen=0.1s train=0.5s
[t=  37.6s] greedy ep 53 games=  96 dec= 18972 rows= 18164 horizon=0.32 L=0.00175 L/var=0.01 tgt=-0.068/0.407 pstd=0.392 gen=0.1s train=0.6s
[t=  38.4s] greedy ep 54 games=  96 dec= 18781 rows= 18082 horizon=0.35 L=0.00264 L/var=0.02 tgt=-0.067/0.406 pstd=0.385 gen=0.1s train=0.6s
[t=  39.2s] greedy ep 55 games=  96 dec= 18170 rows= 17299 horizon=0.23 L=0.00445 L/var=0.03 tgt=-0.070/0.385 pstd=0.390 gen=0.1s train=0.5s
[t=  40.0s] greedy ep 56 games=  96 dec= 18827 rows= 18033 horizon=0.31 L=0.00337 L/var=0.02 tgt=-0.056/0.392 pstd=0.395 gen=0.1s train=0.6s
[t=  40.8s] greedy ep 57 games=  96 dec= 18588 rows= 17840 horizon=0.33 L=0.00193 L/var=0.01 tgt=-0.078/0.393 pstd=0.386 gen=0.1s train=0.5s
[t=  41.5s] greedy ep 58 games=  96 dec= 18407 rows= 17575 horizon=0.28 L=0.00161 L/var=0.01 tgt=-0.055/0.393 pstd=0.392 gen=0.1s train=0.5s
[t=  42.2s] greedy ep 59 games=  96 dec= 18148 rows= 17468 horizon=0.25 L=0.00150 L/var=0.01 tgt=-0.079/0.397 pstd=0.396 gen=0.1s train=0.5s
[t=  42.9s] greedy ep 60 games=  96 dec= 19240 rows= 18506 horizon=0.39 L=0.00151 L/var=0.01 tgt=-0.058/0.394 pstd=0.393 gen=0.1s train=0.5s
[t=  43.4s] greedy ep 61 games=  96 dec= 17480 rows= 16650 horizon=0.21 L=0.00146 L/var=0.01 tgt=-0.082/0.415 pstd=0.394 gen=0.1s train=0.4s
[t=  44.1s] greedy ep 62 games=  96 dec= 17696 rows= 16904 horizon=0.23 L=0.00148 L/var=0.01 tgt=-0.078/0.393 pstd=0.394 gen=0.1s train=0.4s
[t=  44.7s] greedy ep 63 games=  96 dec= 18115 rows= 17315 horizon=0.25 L=0.00145 L/var=0.01 tgt=-0.074/0.425 pstd=0.392 gen=0.1s train=0.4s
[t=  45.3s] greedy ep 64 games=  96 dec= 17961 rows= 17228 horizon=0.30 L=0.00139 L/var=0.01 tgt=-0.081/0.430 pstd=0.391 gen=0.1s train=0.4s
[t=  45.9s] greedy ep 65 games=  96 dec= 19091 rows= 18359 horizon=0.33 L=0.00136 L/var=0.01 tgt=-0.054/0.380 pstd=0.391 gen=0.1s train=0.4s
[t=  46.6s] greedy ep 66 games=  96 dec= 18892 rows= 18141 horizon=0.34 L=0.00131 L/var=0.01 tgt=-0.083/0.425 pstd=0.389 gen=0.1s train=0.4s
[t=  47.2s] greedy ep 67 games=  96 dec= 18700 rows= 17909 horizon=0.33 L=0.00141 L/var=0.01 tgt=-0.068/0.402 pstd=0.391 gen=0.1s train=0.4s
[t=  47.9s] greedy ep 68 games=  96 dec= 17768 rows= 16989 horizon=0.26 L=0.00132 L/var=0.01 tgt=-0.080/0.398 pstd=0.388 gen=0.1s train=0.5s
[t=  48.5s] greedy ep 69 games=  96 dec= 18920 rows= 18066 horizon=0.31 L=0.00136 L/var=0.01 tgt=-0.081/0.373 pstd=0.390 gen=0.1s train=0.4s
[t=  49.2s] greedy ep 70 games=  96 dec= 18272 rows= 17482 horizon=0.23 L=0.00155 L/var=0.01 tgt=-0.079/0.393 pstd=0.392 gen=0.1s train=0.4s
[t=  49.8s] greedy ep 71 games=  96 dec= 19474 rows= 18684 horizon=0.42 L=0.00150 L/var=0.01 tgt=-0.081/0.388 pstd=0.397 gen=0.1s train=0.4s
[t=  50.4s] greedy ep 72 games=  96 dec= 18516 rows= 17831 horizon=0.32 L=0.00176 L/var=0.01 tgt=-0.063/0.392 pstd=0.394 gen=0.1s train=0.4s
[t=  51.0s] greedy ep 73 games=  96 dec= 18517 rows= 17766 horizon=0.31 L=0.00155 L/var=0.01 tgt=-0.085/0.409 pstd=0.392 gen=0.1s train=0.4s
[t=  51.6s] greedy ep 74 games=  96 dec= 18370 rows= 17557 horizon=0.25 L=0.00151 L/var=0.01 tgt=-0.051/0.375 pstd=0.387 gen=0.1s train=0.4s
[t=  52.2s] greedy ep 75 games=  96 dec= 18616 rows= 17846 horizon=0.31 L=0.00127 L/var=0.01 tgt=-0.054/0.385 pstd=0.395 gen=0.1s train=0.4s
[t=  52.9s] greedy ep 76 games=  96 dec= 18935 rows= 18095 horizon=0.31 L=0.00130 L/var=0.01 tgt=-0.087/0.404 pstd=0.396 gen=0.1s train=0.4s
[t=  53.5s] greedy ep 77 games=  96 dec= 18457 rows= 17724 horizon=0.29 L=0.00153 L/var=0.01 tgt=-0.071/0.393 pstd=0.389 gen=0.1s train=0.4s
[t=  54.1s] greedy ep 78 games=  96 dec= 17709 rows= 17003 horizon=0.25 L=0.00140 L/var=0.01 tgt=-0.063/0.403 pstd=0.389 gen=0.1s train=0.4s
[t=  54.7s] greedy ep 79 games=  96 dec= 18236 rows= 17407 horizon=0.22 L=0.00158 L/var=0.01 tgt=-0.070/0.392 pstd=0.385 gen=0.1s train=0.4s
[t=  55.3s] greedy ep 80 games=  96 dec= 18576 rows= 17800 horizon=0.31 L=0.00139 L/var=0.01 tgt=-0.085/0.414 pstd=0.391 gen=0.1s train=0.4s
[t=  55.9s] greedy ep 81 games=  96 dec= 17602 rows= 16911 horizon=0.23 L=0.00133 L/var=0.01 tgt=-0.088/0.416 pstd=0.396 gen=0.1s train=0.4s
[t=  56.6s] greedy ep 82 games=  96 dec= 18011 rows= 17307 horizon=0.28 L=0.00153 L/var=0.01 tgt=-0.110/0.422 pstd=0.395 gen=0.1s train=0.4s
[t=  57.2s] greedy ep 83 games=  96 dec= 19229 rows= 18365 horizon=0.28 L=0.00133 L/var=0.01 tgt=-0.096/0.384 pstd=0.396 gen=0.1s train=0.4s
[t=  57.8s] greedy ep 84 games=  96 dec= 17370 rows= 16534 horizon=0.22 L=0.00136 L/var=0.01 tgt=-0.078/0.400 pstd=0.387 gen=0.1s train=0.4s
[t=  58.4s] greedy ep 85 games=  96 dec= 18514 rows= 17718 horizon=0.31 L=0.00157 L/var=0.01 tgt=-0.067/0.409 pstd=0.395 gen=0.1s train=0.4s
[t=  59.0s] greedy ep 86 games=  96 dec= 18400 rows= 17629 horizon=0.30 L=0.00122 L/var=0.01 tgt=-0.054/0.416 pstd=0.392 gen=0.1s train=0.4s
[t=  59.6s] greedy ep 87 games=  96 dec= 18328 rows= 17540 horizon=0.28 L=0.00166 L/var=0.01 tgt=-0.057/0.416 pstd=0.392 gen=0.1s train=0.4s
[t=  60.3s] greedy ep 88 games=  96 dec= 18836 rows= 18104 horizon=0.34 L=0.00140 L/var=0.01 tgt=-0.069/0.451 pstd=0.393 gen=0.1s train=0.4s
[t=  60.9s] greedy ep 89 games=  96 dec= 18112 rows= 17376 horizon=0.29 L=0.00134 L/var=0.01 tgt=-0.099/0.422 pstd=0.392 gen=0.1s train=0.4s
[t=  61.5s] greedy ep 90 games=  96 dec= 18009 rows= 17292 horizon=0.29 L=0.00120 L/var=0.01 tgt=-0.067/0.396 pstd=0.396 gen=0.1s train=0.4s
[t=  62.2s] greedy ep 91 games=  96 dec= 19007 rows= 18272 horizon=0.31 L=0.00127 L/var=0.01 tgt=-0.071/0.393 pstd=0.390 gen=0.1s train=0.4s
[t=  62.8s] greedy ep 92 games=  96 dec= 18386 rows= 17545 horizon=0.28 L=0.00104 L/var=0.01 tgt=-0.079/0.427 pstd=0.393 gen=0.1s train=0.4s
[t=  63.4s] greedy ep 93 games=  96 dec= 17611 rows= 16917 horizon=0.24 L=0.00109 L/var=0.01 tgt=-0.089/0.416 pstd=0.389 gen=0.1s train=0.4s
[t=  64.0s] greedy ep 94 games=  96 dec= 18028 rows= 17248 horizon=0.23 L=0.00116 L/var=0.01 tgt=-0.088/0.397 pstd=0.391 gen=0.1s train=0.4s
[t=  64.6s] greedy ep 95 games=  96 dec= 18694 rows= 17878 horizon=0.30 L=0.00106 L/var=0.01 tgt=-0.061/0.389 pstd=0.389 gen=0.1s train=0.4s
[t=  65.3s] greedy ep 96 games=  96 dec= 18817 rows= 18070 horizon=0.31 L=0.00137 L/var=0.01 tgt=-0.091/0.405 pstd=0.391 gen=0.1s train=0.4s
[t=  65.9s] greedy ep 97 games=  96 dec= 17744 rows= 16965 horizon=0.22 L=0.00107 L/var=0.01 tgt=-0.087/0.408 pstd=0.397 gen=0.1s train=0.4s
[t=  66.5s] greedy ep 98 games=  96 dec= 18854 rows= 18081 horizon=0.32 L=0.00131 L/var=0.01 tgt=-0.075/0.405 pstd=0.389 gen=0.1s train=0.4s
[t=  67.1s] greedy ep 99 games=  96 dec= 18115 rows= 17468 horizon=0.29 L=0.00101 L/var=0.01 tgt=-0.088/0.402 pstd=0.395 gen=0.1s train=0.4s
[t=  67.8s] greedy ep100 games=  96 dec= 17901 rows= 17067 horizon=0.24 L=0.00101 L/var=0.01 tgt=-0.064/0.404 pstd=0.390 gen=0.1s train=0.4s
[t=  68.4s] greedy ep101 games=  96 dec= 17329 rows= 16564 horizon=0.18 L=0.00110 L/var=0.01 tgt=-0.094/0.419 pstd=0.391 gen=0.1s train=0.4s
[t=  69.0s] greedy ep102 games=  96 dec= 19175 rows= 18365 horizon=0.30 L=0.00154 L/var=0.01 tgt=-0.085/0.413 pstd=0.386 gen=0.1s train=0.4s
[t=  69.7s] greedy ep103 games=  96 dec= 19349 rows= 18446 horizon=0.34 L=0.00113 L/var=0.01 tgt=-0.090/0.408 pstd=0.392 gen=0.1s train=0.4s
[t=  70.4s] greedy ep104 games=  96 dec= 18780 rows= 17994 horizon=0.29 L=0.00107 L/var=0.01 tgt=-0.043/0.400 pstd=0.396 gen=0.1s train=0.5s
[t=  71.0s] greedy ep105 games=  96 dec= 18193 rows= 17415 horizon=0.31 L=0.00089 L/var=0.01 tgt=-0.064/0.394 pstd=0.391 gen=0.1s train=0.4s
[t=  71.6s] greedy ep106 games=  96 dec= 18319 rows= 17592 horizon=0.30 L=0.00089 L/var=0.00 tgt=-0.074/0.433 pstd=0.388 gen=0.1s train=0.4s
[t=  72.3s] greedy ep107 games=  96 dec= 18453 rows= 17669 horizon=0.27 L=0.00106 L/var=0.01 tgt=-0.065/0.402 pstd=0.399 gen=0.1s train=0.4s
[t=  72.9s] greedy ep108 games=  96 dec= 19645 rows= 18855 horizon=0.39 L=0.00122 L/var=0.01 tgt=-0.073/0.414 pstd=0.395 gen=0.1s train=0.4s
[t=  73.6s] greedy ep109 games=  96 dec= 18220 rows= 17470 horizon=0.26 L=0.00110 L/var=0.01 tgt=-0.051/0.395 pstd=0.391 gen=0.1s train=0.4s
[t=  74.2s] greedy ep110 games=  96 dec= 19366 rows= 18466 horizon=0.34 L=0.00113 L/var=0.01 tgt=-0.074/0.395 pstd=0.388 gen=0.1s train=0.5s
[t=  74.8s] greedy ep111 games=  96 dec= 17474 rows= 16655 horizon=0.23 L=0.00103 L/var=0.01 tgt=-0.093/0.413 pstd=0.393 gen=0.1s train=0.4s
[t=  75.4s] greedy ep112 games=  96 dec= 18454 rows= 17765 horizon=0.29 L=0.00079 L/var=0.01 tgt=-0.070/0.392 pstd=0.389 gen=0.1s train=0.4s
[t=  76.1s] greedy ep113 games=  96 dec= 18390 rows= 17620 horizon=0.32 L=0.00079 L/var=0.00 tgt=-0.084/0.412 pstd=0.392 gen=0.1s train=0.4s
[t=  76.8s] greedy ep114 games=  96 dec= 18074 rows= 17390 horizon=0.25 L=0.00087 L/var=0.01 tgt=-0.077/0.413 pstd=0.391 gen=0.1s train=0.5s
[t=  77.5s] greedy ep115 games=  96 dec= 18082 rows= 17334 horizon=0.27 L=0.00116 L/var=0.01 tgt=-0.064/0.378 pstd=0.394 gen=0.1s train=0.5s
[t=  78.2s] greedy ep116 games=  96 dec= 18772 rows= 18031 horizon=0.34 L=0.00087 L/var=0.01 tgt=-0.053/0.378 pstd=0.393 gen=0.1s train=0.5s
[t=  78.9s] greedy ep117 games=  96 dec= 18903 rows= 18078 horizon=0.28 L=0.00069 L/var=0.00 tgt=-0.055/0.409 pstd=0.389 gen=0.1s train=0.5s
[t=  79.6s] greedy ep118 games=  96 dec= 18299 rows= 17525 horizon=0.24 L=0.00071 L/var=0.00 tgt=-0.101/0.393 pstd=0.385 gen=0.1s train=0.5s
[t=  80.3s] greedy ep119 games=  96 dec= 18037 rows= 17324 horizon=0.27 L=0.00193 L/var=0.01 tgt=-0.113/0.423 pstd=0.393 gen=0.1s train=0.4s
[t=  80.9s] greedy ep120 games=  96 dec= 18139 rows= 17418 horizon=0.25 L=0.00088 L/var=0.01 tgt=-0.078/0.408 pstd=0.390 gen=0.1s train=0.4s
[t=  81.5s] greedy ep121 games=  96 dec= 19044 rows= 18264 horizon=0.32 L=0.00068 L/var=0.00 tgt=-0.083/0.400 pstd=0.390 gen=0.1s train=0.4s
[t=  82.1s] greedy ep122 games=  96 dec= 17722 rows= 16951 horizon=0.26 L=0.00063 L/var=0.00 tgt=-0.079/0.397 pstd=0.391 gen=0.1s train=0.4s
[t=  82.8s] greedy ep123 games=  96 dec= 17658 rows= 16990 horizon=0.23 L=0.00059 L/var=0.00 tgt=-0.073/0.403 pstd=0.387 gen=0.1s train=0.4s
[t=  83.4s] greedy ep124 games=  96 dec= 19187 rows= 18459 horizon=0.35 L=0.00086 L/var=0.01 tgt=-0.053/0.403 pstd=0.391 gen=0.1s train=0.4s
[t=  84.1s] greedy ep125 games=  96 dec= 19478 rows= 18670 horizon=0.38 L=0.00058 L/var=0.00 tgt=-0.061/0.383 pstd=0.391 gen=0.1s train=0.4s
[t=  84.7s] greedy ep126 games=  96 dec= 18706 rows= 18051 horizon=0.31 L=0.00051 L/var=0.00 tgt=-0.057/0.386 pstd=0.396 gen=0.1s train=0.4s
[t=  85.3s] greedy ep127 games=  96 dec= 17748 rows= 16959 horizon=0.21 L=0.00204 L/var=0.01 tgt=-0.058/0.397 pstd=0.394 gen=0.1s train=0.4s
[t=  86.0s] greedy ep128 games=  96 dec= 18849 rows= 18000 horizon=0.25 L=0.00499 L/var=0.03 tgt=-0.092/0.412 pstd=0.421 gen=0.1s train=0.4s
[t=  86.6s] greedy ep129 games=  96 dec= 19027 rows= 18186 horizon=0.33 L=0.00603 L/var=0.04 tgt=-0.073/0.401 pstd=0.402 gen=0.1s train=0.4s
[t=  87.3s] greedy ep130 games=  96 dec= 18257 rows= 17535 horizon=0.29 L=0.00178 L/var=0.01 tgt=-0.063/0.385 pstd=0.388 gen=0.1s train=0.4s
[t=  87.9s] greedy ep131 games=  96 dec= 18325 rows= 17546 horizon=0.30 L=0.00085 L/var=0.01 tgt=-0.071/0.397 pstd=0.391 gen=0.1s train=0.4s
[t=  88.5s] greedy ep132 games=  96 dec= 17681 rows= 16849 horizon=0.23 L=0.00061 L/var=0.00 tgt=-0.080/0.417 pstd=0.392 gen=0.1s train=0.4s
[t=  89.1s] greedy ep133 games=  96 dec= 19329 rows= 18584 horizon=0.39 L=0.00054 L/var=0.00 tgt=-0.086/0.389 pstd=0.393 gen=0.1s train=0.4s
[t=  89.8s] greedy ep134 games=  96 dec= 18581 rows= 17770 horizon=0.26 L=0.00051 L/var=0.00 tgt=-0.083/0.394 pstd=0.392 gen=0.1s train=0.4s
[t=  90.5s] greedy ep135 games=  96 dec= 17697 rows= 16960 horizon=0.21 L=0.00048 L/var=0.00 tgt=-0.098/0.429 pstd=0.392 gen=0.1s train=0.5s
[t=  91.2s] greedy ep136 games=  96 dec= 18737 rows= 17959 horizon=0.27 L=0.00047 L/var=0.00 tgt=-0.075/0.405 pstd=0.391 gen=0.1s train=0.5s
[t=  92.0s] greedy ep137 games=  96 dec= 18130 rows= 17349 horizon=0.26 L=0.00044 L/var=0.00 tgt=-0.093/0.412 pstd=0.395 gen=0.1s train=0.5s
[t=  92.7s] greedy ep138 games=  96 dec= 17758 rows= 17071 horizon=0.23 L=0.00060 L/var=0.00 tgt=-0.087/0.413 pstd=0.390 gen=0.1s train=0.5s
[t=  93.5s] greedy ep139 games=  96 dec= 18995 rows= 18206 horizon=0.36 L=0.00044 L/var=0.00 tgt=-0.088/0.398 pstd=0.395 gen=0.1s train=0.5s
[t=  94.2s] greedy ep140 games=  96 dec= 18262 rows= 17544 horizon=0.30 L=0.00047 L/var=0.00 tgt=-0.089/0.395 pstd=0.394 gen=0.1s train=0.5s
[t=  95.0s] greedy ep141 games=  96 dec= 18842 rows= 18025 horizon=0.29 L=0.00048 L/var=0.00 tgt=-0.054/0.383 pstd=0.393 gen=0.1s train=0.5s
[t=  95.7s] greedy ep142 games=  96 dec= 18683 rows= 17902 horizon=0.27 L=0.00051 L/var=0.00 tgt=-0.071/0.395 pstd=0.395 gen=0.1s train=0.5s
[t=  96.4s] greedy ep143 games=  96 dec= 18305 rows= 17550 horizon=0.29 L=0.00048 L/var=0.00 tgt=-0.040/0.379 pstd=0.392 gen=0.1s train=0.5s
[t=  97.0s] greedy ep144 games=  96 dec= 18099 rows= 17296 horizon=0.22 L=0.00061 L/var=0.00 tgt=-0.065/0.408 pstd=0.393 gen=0.1s train=0.4s
[t=  97.7s] greedy ep145 games=  96 dec= 18425 rows= 17718 horizon=0.29 L=0.00059 L/var=0.00 tgt=-0.061/0.367 pstd=0.391 gen=0.1s train=0.4s
[t=  98.3s] greedy ep146 games=  96 dec= 17807 rows= 17049 horizon=0.26 L=0.00049 L/var=0.00 tgt=-0.075/0.398 pstd=0.391 gen=0.1s train=0.4s
[t=  98.9s] greedy ep147 games=  96 dec= 18780 rows= 17959 horizon=0.33 L=0.00044 L/var=0.00 tgt=-0.048/0.388 pstd=0.393 gen=0.1s train=0.4s
[t=  99.6s] greedy ep148 games=  96 dec= 18264 rows= 17519 horizon=0.30 L=0.00050 L/var=0.00 tgt=-0.073/0.411 pstd=0.395 gen=0.1s train=0.4s
[t= 100.2s] greedy ep149 games=  96 dec= 18573 rows= 17775 horizon=0.31 L=0.00050 L/var=0.00 tgt=-0.057/0.404 pstd=0.394 gen=0.1s train=0.4s
[t= 100.8s] greedy ep150 games=  96 dec= 18706 rows= 17863 horizon=0.28 L=0.00049 L/var=0.00 tgt=-0.076/0.408 pstd=0.391 gen=0.1s train=0.4s
[t= 101.5s] greedy ep151 games=  96 dec= 18756 rows= 17995 horizon=0.36 L=0.00058 L/var=0.00 tgt=-0.080/0.400 pstd=0.394 gen=0.1s train=0.4s
[t= 102.1s] greedy ep152 games=  96 dec= 19514 rows= 18734 horizon=0.36 L=0.00041 L/var=0.00 tgt=-0.071/0.393 pstd=0.391 gen=0.1s train=0.4s
[t= 102.8s] greedy ep153 games=  96 dec= 18649 rows= 17892 horizon=0.33 L=0.00038 L/var=0.00 tgt=-0.084/0.403 pstd=0.393 gen=0.1s train=0.4s
[t= 103.4s] greedy ep154 games=  96 dec= 19354 rows= 18483 horizon=0.32 L=0.00050 L/var=0.00 tgt=-0.081/0.402 pstd=0.390 gen=0.1s train=0.4s
[t= 104.0s] greedy ep155 games=  96 dec= 17944 rows= 17191 horizon=0.25 L=0.00065 L/var=0.00 tgt=-0.059/0.382 pstd=0.392 gen=0.1s train=0.4s
[t= 104.7s] greedy ep156 games=  96 dec= 17976 rows= 17152 horizon=0.21 L=0.00041 L/var=0.00 tgt=-0.061/0.405 pstd=0.391 gen=0.1s train=0.4s
[t= 105.3s] greedy ep157 games=  96 dec= 17368 rows= 16647 horizon=0.20 L=0.00041 L/var=0.00 tgt=-0.100/0.424 pstd=0.391 gen=0.1s train=0.4s
[t= 105.9s] greedy ep158 games=  96 dec= 19134 rows= 18369 horizon=0.33 L=0.00038 L/var=0.00 tgt=-0.067/0.401 pstd=0.388 gen=0.1s train=0.4s
[t= 106.6s] greedy ep159 games=  96 dec= 18687 rows= 17865 horizon=0.25 L=0.00085 L/var=0.01 tgt=-0.058/0.404 pstd=0.394 gen=0.1s train=0.4s
[t= 107.2s] greedy ep160 games=  96 dec= 19087 rows= 18332 horizon=0.33 L=0.00047 L/var=0.00 tgt=-0.043/0.409 pstd=0.393 gen=0.1s train=0.4s
[t= 107.8s] greedy ep161 games=  96 dec= 18271 rows= 17508 horizon=0.26 L=0.00036 L/var=0.00 tgt=-0.092/0.408 pstd=0.390 gen=0.1s train=0.4s
[t= 108.5s] greedy ep162 games=  96 dec= 18957 rows= 18136 horizon=0.35 L=0.00035 L/var=0.00 tgt=-0.067/0.398 pstd=0.394 gen=0.1s train=0.4s
[t= 109.1s] greedy ep163 games=  96 dec= 19329 rows= 18496 horizon=0.39 L=0.00051 L/var=0.00 tgt=-0.059/0.385 pstd=0.390 gen=0.1s train=0.4s
[t= 109.8s] greedy ep164 games=  96 dec= 18683 rows= 17902 horizon=0.33 L=0.00038 L/var=0.00 tgt=-0.062/0.401 pstd=0.392 gen=0.1s train=0.4s
[t= 110.4s] greedy ep165 games=  96 dec= 18194 rows= 17393 horizon=0.25 L=0.00047 L/var=0.00 tgt=-0.080/0.404 pstd=0.394 gen=0.1s train=0.4s
[t= 111.0s] greedy ep166 games=  96 dec= 18226 rows= 17440 horizon=0.25 L=0.00055 L/var=0.00 tgt=-0.069/0.385 pstd=0.391 gen=0.1s train=0.4s
[t= 111.7s] greedy ep167 games=  96 dec= 18250 rows= 17416 horizon=0.23 L=0.00046 L/var=0.00 tgt=-0.080/0.419 pstd=0.393 gen=0.1s train=0.4s
[t= 112.3s] greedy ep168 games=  96 dec= 17832 rows= 17162 horizon=0.30 L=0.00039 L/var=0.00 tgt=-0.082/0.395 pstd=0.393 gen=0.1s train=0.4s
[t= 112.9s] greedy ep169 games=  96 dec= 18265 rows= 17512 horizon=0.28 L=0.00034 L/var=0.00 tgt=-0.060/0.388 pstd=0.395 gen=0.1s train=0.4s
[t= 113.5s] greedy ep170 games=  96 dec= 18535 rows= 17809 horizon=0.32 L=0.00049 L/var=0.00 tgt=-0.082/0.441 pstd=0.393 gen=0.1s train=0.4s
[t= 114.1s] greedy ep171 games=  96 dec= 18681 rows= 17918 horizon=0.34 L=0.00210 L/var=0.01 tgt=-0.056/0.398 pstd=0.390 gen=0.1s train=0.4s
[t= 114.8s] greedy ep172 games=  96 dec= 19139 rows= 18372 horizon=0.33 L=0.00133 L/var=0.01 tgt=-0.081/0.390 pstd=0.397 gen=0.1s train=0.4s
[t= 115.4s] greedy ep173 games=  96 dec= 18084 rows= 17272 horizon=0.25 L=0.00066 L/var=0.00 tgt=-0.069/0.401 pstd=0.391 gen=0.1s train=0.4s
[t= 116.1s] greedy ep174 games=  96 dec= 18780 rows= 17953 horizon=0.29 L=0.00042 L/var=0.00 tgt=-0.096/0.421 pstd=0.389 gen=0.1s train=0.4s
[t= 116.7s] greedy ep175 games=  96 dec= 18203 rows= 17456 horizon=0.27 L=0.00035 L/var=0.00 tgt=-0.072/0.417 pstd=0.396 gen=0.1s train=0.4s
[t= 117.3s] greedy ep176 games=  96 dec= 18609 rows= 17781 horizon=0.29 L=0.00033 L/var=0.00 tgt=-0.075/0.403 pstd=0.391 gen=0.1s train=0.4s
[t= 118.0s] greedy ep177 games=  96 dec= 17843 rows= 17052 horizon=0.28 L=0.00031 L/var=0.00 tgt=-0.066/0.396 pstd=0.393 gen=0.1s train=0.4s
[t= 118.6s] greedy ep178 games=  96 dec= 18053 rows= 17258 horizon=0.23 L=0.00036 L/var=0.00 tgt=-0.064/0.394 pstd=0.392 gen=0.1s train=0.4s
[t= 119.2s] greedy ep179 games=  96 dec= 17899 rows= 17155 horizon=0.26 L=0.00035 L/var=0.00 tgt=-0.096/0.411 pstd=0.396 gen=0.1s train=0.4s
[t= 119.9s] greedy ep180 games=  96 dec= 18344 rows= 17539 horizon=0.27 L=0.00034 L/var=0.00 tgt=-0.068/0.398 pstd=0.391 gen=0.1s train=0.5s
[t= 120.5s] greedy ep181 games=  96 dec= 19487 rows= 18628 horizon=0.31 L=0.00033 L/var=0.00 tgt=-0.079/0.393 pstd=0.394 gen=0.1s train=0.4s
[t= 121.2s] greedy ep182 games=  96 dec= 19581 rows= 18743 horizon=0.34 L=0.00030 L/var=0.00 tgt=-0.056/0.400 pstd=0.395 gen=0.1s train=0.4s
[t= 121.9s] greedy ep183 games=  96 dec= 18980 rows= 18170 horizon=0.35 L=0.00050 L/var=0.00 tgt=-0.071/0.414 pstd=0.394 gen=0.1s train=0.5s
[t= 122.5s] greedy ep184 games=  96 dec= 17880 rows= 17121 horizon=0.29 L=0.00036 L/var=0.00 tgt=-0.058/0.393 pstd=0.392 gen=0.1s train=0.4s
[t= 123.2s] greedy ep185 games=  96 dec= 18714 rows= 17979 horizon=0.36 L=0.00029 L/var=0.00 tgt=-0.069/0.408 pstd=0.392 gen=0.1s train=0.4s
[t= 123.8s] greedy ep186 games=  96 dec= 18926 rows= 18148 horizon=0.36 L=0.00030 L/var=0.00 tgt=-0.090/0.418 pstd=0.391 gen=0.1s train=0.5s
[t= 124.5s] greedy ep187 games=  96 dec= 19039 rows= 18250 horizon=0.34 L=0.00048 L/var=0.00 tgt=-0.073/0.399 pstd=0.392 gen=0.1s train=0.4s
[t= 125.2s] greedy ep188 games=  96 dec= 18807 rows= 18097 horizon=0.35 L=0.00036 L/var=0.00 tgt=-0.071/0.398 pstd=0.391 gen=0.1s train=0.4s
[t= 125.8s] greedy ep189 games=  96 dec= 18526 rows= 17715 horizon=0.27 L=0.00027 L/var=0.00 tgt=-0.073/0.378 pstd=0.390 gen=0.1s train=0.4s
[t= 126.5s] greedy ep190 games=  96 dec= 19300 rows= 18503 horizon=0.30 L=0.00025 L/var=0.00 tgt=-0.069/0.408 pstd=0.390 gen=0.1s train=0.5s
[t= 127.1s] greedy ep191 games=  96 dec= 18595 rows= 17867 horizon=0.30 L=0.00084 L/var=0.01 tgt=-0.052/0.368 pstd=0.384 gen=0.1s train=0.4s
[t= 127.7s] greedy ep192 games=  96 dec= 17815 rows= 17118 horizon=0.26 L=0.00110 L/var=0.01 tgt=-0.096/0.403 pstd=0.401 gen=0.1s train=0.4s
[t= 128.4s] greedy ep193 games=  96 dec= 18241 rows= 17519 horizon=0.27 L=0.00138 L/var=0.01 tgt=-0.070/0.392 pstd=0.390 gen=0.1s train=0.4s
[t= 129.0s] greedy ep194 games=  96 dec= 18375 rows= 17595 horizon=0.31 L=0.00150 L/var=0.01 tgt=-0.091/0.388 pstd=0.387 gen=0.1s train=0.4s
[t= 129.6s] greedy ep195 games=  96 dec= 18343 rows= 17542 horizon=0.25 L=0.00050 L/var=0.00 tgt=-0.061/0.389 pstd=0.388 gen=0.1s train=0.4s
[t= 130.2s] greedy ep196 games=  96 dec= 18699 rows= 17846 horizon=0.27 L=0.00033 L/var=0.00 tgt=-0.064/0.393 pstd=0.393 gen=0.1s train=0.4s
[t= 130.9s] greedy ep197 games=  96 dec= 18400 rows= 17624 horizon=0.22 L=0.00026 L/var=0.00 tgt=-0.058/0.381 pstd=0.392 gen=0.1s train=0.4s
[t= 131.5s] greedy ep198 games=  96 dec= 18763 rows= 17973 horizon=0.30 L=0.00025 L/var=0.00 tgt=-0.050/0.399 pstd=0.393 gen=0.1s train=0.5s
[t= 132.2s] greedy ep199 games=  96 dec= 17769 rows= 16975 horizon=0.21 L=0.00024 L/var=0.00 tgt=-0.055/0.399 pstd=0.393 gen=0.1s train=0.4s
[t= 132.8s] greedy ep200 games=  96 dec= 18099 rows= 17317 horizon=0.21 L=0.00024 L/var=0.00 tgt=-0.079/0.411 pstd=0.394 gen=0.1s train=0.4s
[t= 133.5s] greedy ep201 games=  96 dec= 19401 rows= 18629 horizon=0.35 L=0.00024 L/var=0.00 tgt=-0.085/0.388 pstd=0.389 gen=0.1s train=0.5s
[t= 134.2s] greedy ep202 games=  96 dec= 19269 rows= 18381 horizon=0.31 L=0.00023 L/var=0.00 tgt=-0.063/0.390 pstd=0.393 gen=0.1s train=0.4s
[t= 134.8s] greedy ep203 games=  96 dec= 18076 rows= 17302 horizon=0.24 L=0.00023 L/var=0.00 tgt=-0.081/0.394 pstd=0.393 gen=0.1s train=0.4s
[t= 135.4s] greedy ep204 games=  96 dec= 18394 rows= 17607 horizon=0.30 L=0.00037 L/var=0.00 tgt=-0.068/0.396 pstd=0.392 gen=0.1s train=0.4s
[t= 136.0s] greedy ep205 games=  96 dec= 18305 rows= 17526 horizon=0.26 L=0.00037 L/var=0.00 tgt=-0.080/0.419 pstd=0.393 gen=0.1s train=0.4s
[t= 136.7s] greedy ep206 games=  96 dec= 18763 rows= 17956 horizon=0.31 L=0.00029 L/var=0.00 tgt=-0.075/0.395 pstd=0.392 gen=0.1s train=0.5s
[t= 137.3s] greedy ep207 games=  96 dec= 16846 rows= 16080 horizon=0.20 L=0.00023 L/var=0.00 tgt=-0.094/0.436 pstd=0.392 gen=0.1s train=0.4s
[t= 138.0s] greedy ep208 games=  96 dec= 19273 rows= 18493 horizon=0.42 L=0.00026 L/var=0.00 tgt=-0.064/0.415 pstd=0.395 gen=0.1s train=0.4s
[t= 138.6s] greedy ep209 games=  96 dec= 18178 rows= 17433 horizon=0.29 L=0.00032 L/var=0.00 tgt=-0.060/0.388 pstd=0.390 gen=0.1s train=0.4s
[t= 139.3s] greedy ep210 games=  96 dec= 18645 rows= 17902 horizon=0.26 L=0.00055 L/var=0.00 tgt=-0.063/0.397 pstd=0.395 gen=0.1s train=0.4s
[t= 139.9s] greedy ep211 games=  96 dec= 18462 rows= 17542 horizon=0.28 L=0.00031 L/var=0.00 tgt=-0.060/0.390 pstd=0.393 gen=0.1s train=0.4s
[t= 140.6s] greedy ep212 games=  96 dec= 18386 rows= 17654 horizon=0.28 L=0.00025 L/var=0.00 tgt=-0.065/0.406 pstd=0.393 gen=0.1s train=0.4s
[t= 141.2s] greedy ep213 games=  96 dec= 18949 rows= 18154 horizon=0.31 L=0.00024 L/var=0.00 tgt=-0.065/0.388 pstd=0.394 gen=0.1s train=0.4s
[t= 141.9s] greedy ep214 games=  96 dec= 18514 rows= 17719 horizon=0.26 L=0.00029 L/var=0.00 tgt=-0.070/0.388 pstd=0.394 gen=0.1s train=0.4s
[t= 142.5s] greedy ep215 games=  96 dec= 18792 rows= 18037 horizon=0.34 L=0.00043 L/var=0.00 tgt=-0.099/0.409 pstd=0.392 gen=0.1s train=0.4s
[t= 143.2s] greedy ep216 games=  96 dec= 17946 rows= 17150 horizon=0.26 L=0.00028 L/var=0.00 tgt=-0.054/0.381 pstd=0.393 gen=0.1s train=0.4s
[t= 143.8s] greedy ep217 games=  96 dec= 17498 rows= 16838 horizon=0.28 L=0.00026 L/var=0.00 tgt=-0.058/0.390 pstd=0.390 gen=0.1s train=0.4s
[t= 144.4s] greedy ep218 games=  96 dec= 17952 rows= 17223 horizon=0.26 L=0.00020 L/var=0.00 tgt=-0.074/0.397 pstd=0.391 gen=0.1s train=0.4s
[t= 145.1s] greedy ep219 games=  96 dec= 19368 rows= 18591 horizon=0.38 L=0.00077 L/var=0.01 tgt=-0.064/0.372 pstd=0.392 gen=0.1s train=0.4s
[t= 145.7s] greedy ep220 games=  96 dec= 17976 rows= 17256 horizon=0.28 L=0.00063 L/var=0.00 tgt=-0.075/0.416 pstd=0.393 gen=0.1s train=0.4s
[t= 146.4s] greedy ep221 games=  96 dec= 17686 rows= 16924 horizon=0.27 L=0.00033 L/var=0.00 tgt=-0.069/0.384 pstd=0.392 gen=0.1s train=0.4s
[t= 147.0s] greedy ep222 games=  96 dec= 18382 rows= 17598 horizon=0.26 L=0.00024 L/var=0.00 tgt=-0.075/0.390 pstd=0.393 gen=0.1s train=0.4s
[t= 147.6s] greedy ep223 games=  96 dec= 18096 rows= 17390 horizon=0.26 L=0.00022 L/var=0.00 tgt=-0.066/0.394 pstd=0.393 gen=0.1s train=0.4s
[t= 148.3s] greedy ep224 games=  96 dec= 19163 rows= 18302 horizon=0.29 L=0.00020 L/var=0.00 tgt=-0.090/0.415 pstd=0.390 gen=0.1s train=0.5s
[t= 148.9s] greedy ep225 games=  96 dec= 18415 rows= 17705 horizon=0.32 L=0.00022 L/var=0.00 tgt=-0.060/0.408 pstd=0.391 gen=0.1s train=0.4s
[t= 149.5s] greedy ep226 games=  96 dec= 18477 rows= 17640 horizon=0.29 L=0.00028 L/var=0.00 tgt=-0.054/0.403 pstd=0.393 gen=0.1s train=0.4s
[t= 150.2s] greedy ep227 games=  96 dec= 18652 rows= 17859 horizon=0.34 L=0.00022 L/var=0.00 tgt=-0.072/0.416 pstd=0.398 gen=0.1s train=0.4s
[t= 150.8s] greedy ep228 games=  96 dec= 18021 rows= 17273 horizon=0.27 L=0.00034 L/var=0.00 tgt=-0.076/0.385 pstd=0.393 gen=0.1s train=0.4s
[t= 151.4s] greedy ep229 games=  96 dec= 18549 rows= 17770 horizon=0.29 L=0.00030 L/var=0.00 tgt=-0.082/0.411 pstd=0.394 gen=0.1s train=0.4s
[t= 152.2s] greedy ep230 games=  96 dec= 19141 rows= 18308 horizon=0.33 L=0.00025 L/var=0.00 tgt=-0.067/0.397 pstd=0.390 gen=0.1s train=0.5s
[t= 153.0s] greedy ep231 games=  96 dec= 18527 rows= 17619 horizon=0.27 L=0.00026 L/var=0.00 tgt=-0.060/0.413 pstd=0.389 gen=0.1s train=0.5s
[t= 153.7s] greedy ep232 games=  96 dec= 17714 rows= 16837 horizon=0.20 L=0.00045 L/var=0.00 tgt=-0.070/0.407 pstd=0.395 gen=0.1s train=0.5s
[t= 154.4s] greedy ep233 games=  96 dec= 18674 rows= 17880 horizon=0.35 L=0.00026 L/var=0.00 tgt=-0.062/0.401 pstd=0.393 gen=0.1s train=0.5s
[t= 155.1s] greedy ep234 games=  96 dec= 18391 rows= 17655 horizon=0.31 L=0.00022 L/var=0.00 tgt=-0.072/0.411 pstd=0.392 gen=0.1s train=0.5s
[t= 155.8s] greedy ep235 games=  96 dec= 19394 rows= 18616 horizon=0.34 L=0.00021 L/var=0.00 tgt=-0.066/0.388 pstd=0.397 gen=0.1s train=0.4s
[t= 156.4s] greedy ep236 games=  96 dec= 19038 rows= 18211 horizon=0.32 L=0.00030 L/var=0.00 tgt=-0.058/0.383 pstd=0.391 gen=0.1s train=0.4s
[t= 157.1s] greedy ep237 games=  96 dec= 18922 rows= 18125 horizon=0.33 L=0.00037 L/var=0.00 tgt=-0.088/0.408 pstd=0.389 gen=0.1s train=0.4s
[t= 157.7s] greedy ep238 games=  96 dec= 18876 rows= 18057 horizon=0.33 L=0.00024 L/var=0.00 tgt=-0.102/0.407 pstd=0.394 gen=0.1s train=0.4s
[t= 158.3s] greedy ep239 games=  96 dec= 17188 rows= 16394 horizon=0.17 L=0.00023 L/var=0.00 tgt=-0.084/0.424 pstd=0.393 gen=0.1s train=0.4s
[t= 158.9s] greedy ep240 games=  96 dec= 17419 rows= 16701 horizon=0.23 L=0.00032 L/var=0.00 tgt=-0.094/0.405 pstd=0.391 gen=0.1s train=0.4s
[t= 159.5s] greedy ep241 games=  96 dec= 18485 rows= 17642 horizon=0.33 L=0.00020 L/var=0.00 tgt=-0.080/0.453 pstd=0.393 gen=0.1s train=0.4s
[t= 160.1s] greedy ep242 games=  96 dec= 17475 rows= 16653 horizon=0.24 L=0.00018 L/var=0.00 tgt=-0.096/0.403 pstd=0.393 gen=0.1s train=0.4s
[t= 160.7s] greedy ep243 games=  96 dec= 18678 rows= 17868 horizon=0.30 L=0.00063 L/var=0.00 tgt=-0.095/0.397 pstd=0.393 gen=0.1s train=0.4s
[t= 161.4s] greedy ep244 games=  96 dec= 19023 rows= 18252 horizon=0.31 L=0.00045 L/var=0.00 tgt=-0.074/0.389 pstd=0.393 gen=0.1s train=0.4s
[t= 162.0s] greedy ep245 games=  96 dec= 18759 rows= 17955 horizon=0.29 L=0.00023 L/var=0.00 tgt=-0.069/0.383 pstd=0.393 gen=0.1s train=0.4s
[t= 162.6s] greedy ep246 games=  96 dec= 17255 rows= 16598 horizon=0.24 L=0.00019 L/var=0.00 tgt=-0.078/0.405 pstd=0.390 gen=0.1s train=0.4s
[t= 163.3s] greedy ep247 games=  96 dec= 19005 rows= 18166 horizon=0.32 L=0.00018 L/var=0.00 tgt=-0.084/0.404 pstd=0.391 gen=0.1s train=0.4s
[t= 163.9s] greedy ep248 games=  96 dec= 17091 rows= 16380 horizon=0.23 L=0.00020 L/var=0.00 tgt=-0.072/0.405 pstd=0.392 gen=0.1s train=0.4s
[t= 164.5s] greedy ep249 games=  96 dec= 18065 rows= 17269 horizon=0.29 L=0.00016 L/var=0.00 tgt=-0.060/0.387 pstd=0.395 gen=0.1s train=0.4s
[t= 165.2s] greedy ep250 games=  96 dec= 18790 rows= 17962 horizon=0.33 L=0.00047 L/var=0.00 tgt=-0.106/0.416 pstd=0.392 gen=0.1s train=0.4s
[t= 165.9s] greedy ep251 games=  96 dec= 18893 rows= 18047 horizon=0.31 L=0.00025 L/var=0.00 tgt=-0.075/0.379 pstd=0.392 gen=0.1s train=0.5s
[t= 166.6s] greedy ep252 games=  96 dec= 18898 rows= 18101 horizon=0.33 L=0.00019 L/var=0.00 tgt=-0.072/0.400 pstd=0.393 gen=0.1s train=0.5s
[t= 167.3s] greedy ep253 games=  96 dec= 17806 rows= 17010 horizon=0.21 L=0.00022 L/var=0.00 tgt=-0.081/0.410 pstd=0.394 gen=0.1s train=0.5s
[t= 167.9s] greedy ep254 games=  96 dec= 18065 rows= 17292 horizon=0.26 L=0.00016 L/var=0.00 tgt=-0.063/0.385 pstd=0.393 gen=0.1s train=0.5s
[t= 168.6s] greedy ep255 games=  96 dec= 18331 rows= 17565 horizon=0.31 L=0.00040 L/var=0.00 tgt=-0.082/0.408 pstd=0.391 gen=0.1s train=0.5s
[t= 169.4s] greedy ep256 games=  96 dec= 18288 rows= 17561 horizon=0.33 L=0.00030 L/var=0.00 tgt=-0.086/0.415 pstd=0.392 gen=0.1s train=0.5s
[t= 170.1s] greedy ep257 games=  96 dec= 18579 rows= 17783 horizon=0.35 L=0.00026 L/var=0.00 tgt=-0.073/0.409 pstd=0.390 gen=0.1s train=0.5s
[t= 170.8s] greedy ep258 games=  96 dec= 18191 rows= 17404 horizon=0.27 L=0.00016 L/var=0.00 tgt=-0.078/0.411 pstd=0.391 gen=0.1s train=0.5s
[t= 171.4s] greedy ep259 games=  96 dec= 17620 rows= 16859 horizon=0.24 L=0.00034 L/var=0.00 tgt=-0.065/0.396 pstd=0.389 gen=0.1s train=0.4s
[t= 172.1s] greedy ep260 games=  96 dec= 18246 rows= 17406 horizon=0.25 L=0.00025 L/var=0.00 tgt=-0.071/0.399 pstd=0.395 gen=0.1s train=0.4s
[t= 172.7s] greedy ep261 games=  96 dec= 18642 rows= 17836 horizon=0.30 L=0.00019 L/var=0.00 tgt=-0.058/0.397 pstd=0.394 gen=0.1s train=0.4s
[t= 173.3s] greedy ep262 games=  96 dec= 17750 rows= 17010 horizon=0.26 L=0.00020 L/var=0.00 tgt=-0.081/0.407 pstd=0.394 gen=0.1s train=0.4s
[t= 174.0s] greedy ep263 games=  96 dec= 18911 rows= 18084 horizon=0.32 L=0.00021 L/var=0.00 tgt=-0.084/0.390 pstd=0.394 gen=0.1s train=0.4s
[t= 174.7s] greedy ep264 games=  96 dec= 18850 rows= 18036 horizon=0.34 L=0.00028 L/var=0.00 tgt=-0.076/0.391 pstd=0.394 gen=0.1s train=0.4s
[t= 175.3s] greedy ep265 games=  96 dec= 18337 rows= 17535 horizon=0.25 L=0.00017 L/var=0.00 tgt=-0.071/0.397 pstd=0.392 gen=0.1s train=0.4s
[t= 176.0s] greedy ep266 games=  96 dec= 19113 rows= 18345 horizon=0.35 L=0.00015 L/var=0.00 tgt=-0.091/0.416 pstd=0.393 gen=0.1s train=0.5s
[t= 176.6s] greedy ep267 games=  96 dec= 17967 rows= 17274 horizon=0.29 L=0.00056 L/var=0.00 tgt=-0.077/0.404 pstd=0.390 gen=0.1s train=0.4s
[t= 177.2s] greedy ep268 games=  96 dec= 18711 rows= 17974 horizon=0.33 L=0.00047 L/var=0.00 tgt=-0.051/0.384 pstd=0.392 gen=0.1s train=0.4s
[t= 177.9s] greedy ep269 games=  96 dec= 18476 rows= 17630 horizon=0.28 L=0.00021 L/var=0.00 tgt=-0.052/0.403 pstd=0.392 gen=0.1s train=0.4s
[t= 178.5s] greedy ep270 games=  96 dec= 18663 rows= 17870 horizon=0.27 L=0.00016 L/var=0.00 tgt=-0.089/0.380 pstd=0.394 gen=0.1s train=0.4s
[t= 179.2s] greedy ep271 games=  96 dec= 18415 rows= 17684 horizon=0.33 L=0.00013 L/var=0.00 tgt=-0.078/0.401 pstd=0.392 gen=0.1s train=0.4s
[t= 179.8s] greedy ep272 games=  96 dec= 19191 rows= 18415 horizon=0.36 L=0.00018 L/var=0.00 tgt=-0.080/0.426 pstd=0.393 gen=0.1s train=0.4s
[t= 180.4s] greedy ep273 games=  96 dec= 17681 rows= 16895 horizon=0.21 L=0.00016 L/var=0.00 tgt=-0.084/0.390 pstd=0.393 gen=0.1s train=0.4s
[t= 181.1s] greedy ep274 games=  96 dec= 18921 rows= 18114 horizon=0.34 L=0.00025 L/var=0.00 tgt=-0.102/0.410 pstd=0.394 gen=0.1s train=0.4s
[t= 181.7s] greedy ep275 games=  96 dec= 18307 rows= 17627 horizon=0.33 L=0.00014 L/var=0.00 tgt=-0.078/0.402 pstd=0.396 gen=0.1s train=0.4s
[t= 182.4s] greedy ep276 games=  96 dec= 17876 rows= 17086 horizon=0.21 L=0.00014 L/var=0.00 tgt=-0.080/0.405 pstd=0.391 gen=0.1s train=0.4s
[t= 183.0s] greedy ep277 games=  96 dec= 19460 rows= 18556 horizon=0.35 L=0.00038 L/var=0.00 tgt=-0.067/0.367 pstd=0.391 gen=0.1s train=0.4s
[t= 183.6s] greedy ep278 games=  96 dec= 18698 rows= 17871 horizon=0.29 L=0.00033 L/var=0.00 tgt=-0.070/0.406 pstd=0.390 gen=0.1s train=0.4s
[t= 184.3s] greedy ep279 games=  96 dec= 17687 rows= 16935 horizon=0.23 L=0.00021 L/var=0.00 tgt=-0.103/0.440 pstd=0.391 gen=0.1s train=0.4s
[t= 185.0s] greedy ep280 games=  96 dec= 18749 rows= 17966 horizon=0.31 L=0.00013 L/var=0.00 tgt=-0.069/0.396 pstd=0.394 gen=0.1s train=0.5s
[t= 185.6s] greedy ep281 games=  96 dec= 19248 rows= 18434 horizon=0.40 L=0.00022 L/var=0.00 tgt=-0.061/0.386 pstd=0.393 gen=0.1s train=0.4s
[t= 186.3s] greedy ep282 games=  96 dec= 18189 rows= 17424 horizon=0.26 L=0.00014 L/var=0.00 tgt=-0.079/0.390 pstd=0.393 gen=0.1s train=0.4s
[t= 186.9s] greedy ep283 games=  96 dec= 17317 rows= 16572 horizon=0.19 L=0.00014 L/var=0.00 tgt=-0.090/0.416 pstd=0.392 gen=0.1s train=0.4s
[t= 187.5s] greedy ep284 games=  96 dec= 17890 rows= 17175 horizon=0.26 L=0.00046 L/var=0.00 tgt=-0.082/0.407 pstd=0.396 gen=0.1s train=0.4s
[t= 188.1s] greedy ep285 games=  96 dec= 17932 rows= 17090 horizon=0.18 L=0.00017 L/var=0.00 tgt=-0.100/0.404 pstd=0.395 gen=0.1s train=0.4s
[t= 188.8s] greedy ep286 games=  96 dec= 18097 rows= 17240 horizon=0.27 L=0.00014 L/var=0.00 tgt=-0.081/0.392 pstd=0.393 gen=0.1s train=0.4s
[t= 189.4s] greedy ep287 games=  96 dec= 19456 rows= 18660 horizon=0.39 L=0.00012 L/var=0.00 tgt=-0.075/0.398 pstd=0.394 gen=0.1s train=0.5s
[t= 190.0s] greedy ep288 games=  96 dec= 17718 rows= 16878 horizon=0.21 L=0.00042 L/var=0.00 tgt=-0.044/0.393 pstd=0.393 gen=0.1s train=0.4s
[t= 190.7s] greedy ep289 games=  96 dec= 18086 rows= 17378 horizon=0.29 L=0.00032 L/var=0.00 tgt=-0.074/0.407 pstd=0.389 gen=0.1s train=0.4s
[t= 191.3s] greedy ep290 games=  96 dec= 17860 rows= 17125 horizon=0.26 L=0.00020 L/var=0.00 tgt=-0.081/0.418 pstd=0.396 gen=0.1s train=0.4s
[t= 192.0s] greedy ep291 games=  96 dec= 18322 rows= 17523 horizon=0.30 L=0.00014 L/var=0.00 tgt=-0.058/0.390 pstd=0.397 gen=0.1s train=0.4s
[t= 192.6s] greedy ep292 games=  96 dec= 18659 rows= 18001 horizon=0.38 L=0.00012 L/var=0.00 tgt=-0.099/0.432 pstd=0.395 gen=0.1s train=0.5s
[t= 193.3s] greedy ep293 games=  96 dec= 18892 rows= 18020 horizon=0.33 L=0.00024 L/var=0.00 tgt=-0.057/0.378 pstd=0.388 gen=0.1s train=0.5s
[t= 193.9s] greedy ep294 games=  96 dec= 17676 rows= 16850 horizon=0.25 L=0.00037 L/var=0.00 tgt=-0.067/0.392 pstd=0.393 gen=0.1s train=0.4s
[t= 194.5s] greedy ep295 games=  96 dec= 17626 rows= 16870 horizon=0.23 L=0.00016 L/var=0.00 tgt=-0.068/0.402 pstd=0.391 gen=0.1s train=0.4s
[t= 195.2s] greedy ep296 games=  96 dec= 18062 rows= 17301 horizon=0.27 L=0.00016 L/var=0.00 tgt=-0.083/0.402 pstd=0.393 gen=0.1s train=0.4s
[t= 195.8s] greedy ep297 games=  96 dec= 18381 rows= 17563 horizon=0.25 L=0.00014 L/var=0.00 tgt=-0.068/0.380 pstd=0.392 gen=0.1s train=0.4s
[t= 196.4s] greedy ep298 games=  96 dec= 18443 rows= 17630 horizon=0.32 L=0.00017 L/var=0.00 tgt=-0.069/0.398 pstd=0.393 gen=0.1s train=0.4s
[t= 197.1s] greedy ep299 games=  96 dec= 18880 rows= 18048 horizon=0.33 L=0.00013 L/var=0.00 tgt=-0.069/0.419 pstd=0.391 gen=0.1s train=0.5s
[t= 197.8s] greedy ep300 games=  96 dec= 17665 rows= 16906 horizon=0.23 L=0.00011 L/var=0.00 tgt=-0.087/0.407 pstd=0.395 gen=0.1s train=0.4s
[t= 198.4s] greedy ep301 games=  96 dec= 17213 rows= 16387 horizon=0.20 L=0.00014 L/var=0.00 tgt=-0.099/0.444 pstd=0.392 gen=0.1s train=0.4s
[t= 199.0s] greedy ep302 games=  96 dec= 18057 rows= 17273 horizon=0.28 L=0.00039 L/var=0.00 tgt=-0.096/0.370 pstd=0.390 gen=0.1s train=0.4s
[t= 199.6s] greedy ep303 games=  96 dec= 18472 rows= 17674 horizon=0.27 L=0.00019 L/var=0.00 tgt=-0.067/0.387 pstd=0.393 gen=0.1s train=0.4s
[t= 200.3s] greedy ep304 games=  96 dec= 18765 rows= 17911 horizon=0.28 L=0.00014 L/var=0.00 tgt=-0.079/0.402 pstd=0.394 gen=0.1s train=0.4s
[t= 200.9s] greedy ep305 games=  96 dec= 18920 rows= 18063 horizon=0.30 L=0.00016 L/var=0.00 tgt=-0.080/0.411 pstd=0.392 gen=0.1s train=0.5s
[t= 201.6s] greedy ep306 games=  96 dec= 17774 rows= 17037 horizon=0.28 L=0.00012 L/var=0.00 tgt=-0.069/0.396 pstd=0.393 gen=0.1s train=0.4s
[t= 202.3s] greedy ep307 games=  96 dec= 18984 rows= 18227 horizon=0.30 L=0.00010 L/var=0.00 tgt=-0.070/0.396 pstd=0.391 gen=0.1s train=0.5s
[t= 203.0s] greedy ep308 games=  96 dec= 17980 rows= 17203 horizon=0.27 L=0.00031 L/var=0.00 tgt=-0.059/0.416 pstd=0.389 gen=0.1s train=0.5s
[t= 203.6s] greedy ep309 games=  96 dec= 17823 rows= 17014 horizon=0.24 L=0.00021 L/var=0.00 tgt=-0.072/0.376 pstd=0.396 gen=0.1s train=0.4s
[t= 204.3s] greedy ep310 games=  96 dec= 17653 rows= 16923 horizon=0.24 L=0.00017 L/var=0.00 tgt=-0.064/0.388 pstd=0.391 gen=0.1s train=0.4s
[t= 204.9s] greedy ep311 games=  96 dec= 18583 rows= 17799 horizon=0.32 L=0.00016 L/var=0.00 tgt=-0.053/0.393 pstd=0.392 gen=0.1s train=0.4s
[t= 205.5s] greedy ep312 games=  96 dec= 17339 rows= 16557 horizon=0.25 L=0.00012 L/var=0.00 tgt=-0.063/0.407 pstd=0.393 gen=0.1s train=0.4s
[t= 206.2s] greedy ep313 games=  96 dec= 19183 rows= 18295 horizon=0.31 L=0.00025 L/var=0.00 tgt=-0.071/0.392 pstd=0.397 gen=0.1s train=0.4s
[t= 206.8s] greedy ep314 games=  96 dec= 18273 rows= 17523 horizon=0.25 L=0.00016 L/var=0.00 tgt=-0.099/0.423 pstd=0.393 gen=0.1s train=0.4s
[t= 207.5s] greedy ep315 games=  96 dec= 19164 rows= 18350 horizon=0.39 L=0.00019 L/var=0.00 tgt=-0.084/0.426 pstd=0.392 gen=0.1s train=0.4s
[t= 208.1s] greedy ep316 games=  96 dec= 18059 rows= 17362 horizon=0.28 L=0.00016 L/var=0.00 tgt=-0.065/0.405 pstd=0.394 gen=0.1s train=0.4s
[t= 208.7s] greedy ep317 games=  96 dec= 18294 rows= 17503 horizon=0.27 L=0.00015 L/var=0.00 tgt=-0.064/0.411 pstd=0.393 gen=0.1s train=0.4s
[t= 209.4s] greedy ep318 games=  96 dec= 18946 rows= 18170 horizon=0.26 L=0.00016 L/var=0.00 tgt=-0.054/0.402 pstd=0.393 gen=0.1s train=0.4s
[t= 210.1s] greedy ep319 games=  96 dec= 18853 rows= 18071 horizon=0.30 L=0.00019 L/var=0.00 tgt=-0.051/0.386 pstd=0.392 gen=0.1s train=0.4s
[t= 210.7s] greedy ep320 games=  96 dec= 18675 rows= 17899 horizon=0.34 L=0.00016 L/var=0.00 tgt=-0.071/0.401 pstd=0.393 gen=0.1s train=0.4s
[t= 211.4s] greedy ep321 games=  96 dec= 18684 rows= 17954 horizon=0.33 L=0.00010 L/var=0.00 tgt=-0.088/0.408 pstd=0.394 gen=0.1s train=0.4s
[t= 212.0s] greedy ep322 games=  96 dec= 17956 rows= 17155 horizon=0.22 L=0.00036 L/var=0.00 tgt=-0.061/0.403 pstd=0.390 gen=0.1s train=0.4s
[t= 212.6s] greedy ep323 games=  96 dec= 18463 rows= 17696 horizon=0.33 L=0.00017 L/var=0.00 tgt=-0.068/0.419 pstd=0.393 gen=0.1s train=0.4s
[t= 213.3s] greedy ep324 games=  96 dec= 17979 rows= 17183 horizon=0.27 L=0.00010 L/var=0.00 tgt=-0.071/0.372 pstd=0.394 gen=0.1s train=0.4s
[t= 213.9s] greedy ep325 games=  96 dec= 18502 rows= 17753 horizon=0.28 L=0.00013 L/var=0.00 tgt=-0.062/0.415 pstd=0.394 gen=0.1s train=0.4s
[t= 214.6s] greedy ep326 games=  96 dec= 18799 rows= 17939 horizon=0.31 L=0.00011 L/var=0.00 tgt=-0.066/0.407 pstd=0.393 gen=0.1s train=0.4s
[t= 215.2s] greedy ep327 games=  96 dec= 18593 rows= 17675 horizon=0.25 L=0.00019 L/var=0.00 tgt=-0.079/0.406 pstd=0.393 gen=0.1s train=0.4s
[t= 215.9s] greedy ep328 games=  96 dec= 18833 rows= 17945 horizon=0.30 L=0.00018 L/var=0.00 tgt=-0.076/0.392 pstd=0.394 gen=0.1s train=0.4s
[t= 216.5s] greedy ep329 games=  96 dec= 17863 rows= 17140 horizon=0.28 L=0.00017 L/var=0.00 tgt=-0.076/0.382 pstd=0.390 gen=0.1s train=0.4s
[t= 217.1s] greedy ep330 games=  96 dec= 17917 rows= 17202 horizon=0.22 L=0.00014 L/var=0.00 tgt=-0.078/0.379 pstd=0.395 gen=0.1s train=0.4s
[t= 217.8s] greedy ep331 games=  96 dec= 19048 rows= 18299 horizon=0.30 L=0.00012 L/var=0.00 tgt=-0.065/0.407 pstd=0.393 gen=0.1s train=0.4s
[t= 218.5s] greedy ep332 games=  96 dec= 19421 rows= 18605 horizon=0.41 L=0.00033 L/var=0.00 tgt=-0.081/0.407 pstd=0.394 gen=0.1s train=0.4s
[t= 219.2s] greedy ep333 games=  96 dec= 18794 rows= 18006 horizon=0.29 L=0.00016 L/var=0.00 tgt=-0.083/0.395 pstd=0.388 gen=0.1s train=0.4s
[t= 219.8s] greedy ep334 games=  96 dec= 18745 rows= 17964 horizon=0.32 L=0.00015 L/var=0.00 tgt=-0.050/0.414 pstd=0.394 gen=0.1s train=0.4s
[t= 220.4s] greedy ep335 games=  96 dec= 18224 rows= 17513 horizon=0.28 L=0.00010 L/var=0.00 tgt=-0.065/0.401 pstd=0.392 gen=0.1s train=0.4s
[t= 221.1s] greedy ep336 games=  96 dec= 18089 rows= 17361 horizon=0.29 L=0.00035 L/var=0.00 tgt=-0.083/0.383 pstd=0.393 gen=0.1s train=0.4s
[t= 221.7s] greedy ep337 games=  96 dec= 18070 rows= 17224 horizon=0.23 L=0.00022 L/var=0.00 tgt=-0.064/0.395 pstd=0.396 gen=0.1s train=0.4s
[t= 222.3s] greedy ep338 games=  96 dec= 17719 rows= 16938 horizon=0.21 L=0.00011 L/var=0.00 tgt=-0.083/0.412 pstd=0.391 gen=0.1s train=0.4s
[t= 223.0s] greedy ep339 games=  96 dec= 18859 rows= 18081 horizon=0.34 L=0.00020 L/var=0.00 tgt=-0.085/0.416 pstd=0.392 gen=0.1s train=0.4s
[t= 223.6s] greedy ep340 games=  96 dec= 18567 rows= 17767 horizon=0.29 L=0.00014 L/var=0.00 tgt=-0.059/0.386 pstd=0.393 gen=0.1s train=0.4s
[t= 224.2s] greedy ep341 games=  96 dec= 18208 rows= 17504 horizon=0.29 L=0.00009 L/var=0.00 tgt=-0.104/0.415 pstd=0.391 gen=0.1s train=0.4s
[t= 224.9s] greedy ep342 games=  96 dec= 18150 rows= 17456 horizon=0.29 L=0.00010 L/var=0.00 tgt=-0.063/0.404 pstd=0.395 gen=0.1s train=0.4s
[t= 225.5s] greedy ep343 games=  96 dec= 18854 rows= 18135 horizon=0.30 L=0.00014 L/var=0.00 tgt=-0.072/0.406 pstd=0.389 gen=0.1s train=0.4s
[t= 226.1s] greedy ep344 games=  96 dec= 17494 rows= 16776 horizon=0.24 L=0.00012 L/var=0.00 tgt=-0.105/0.435 pstd=0.391 gen=0.1s train=0.4s
[t= 226.8s] greedy ep345 games=  96 dec= 19433 rows= 18651 horizon=0.36 L=0.00011 L/var=0.00 tgt=-0.101/0.411 pstd=0.393 gen=0.1s train=0.4s
[t= 227.4s] greedy ep346 games=  96 dec= 17823 rows= 17051 horizon=0.29 L=0.00046 L/var=0.00 tgt=-0.069/0.404 pstd=0.390 gen=0.1s train=0.4s
[t= 228.0s] greedy ep347 games=  96 dec= 18564 rows= 17742 horizon=0.30 L=0.00018 L/var=0.00 tgt=-0.088/0.433 pstd=0.391 gen=0.1s train=0.4s
[t= 228.7s] greedy ep348 games=  96 dec= 18245 rows= 17521 horizon=0.29 L=0.00012 L/var=0.00 tgt=-0.082/0.405 pstd=0.395 gen=0.1s train=0.4s
[t= 229.3s] greedy ep349 games=  96 dec= 19112 rows= 18344 horizon=0.31 L=0.00032 L/var=0.00 tgt=-0.070/0.397 pstd=0.392 gen=0.1s train=0.4s
[t= 229.9s] greedy ep350 games=  96 dec= 18516 rows= 17848 horizon=0.31 L=0.00029 L/var=0.00 tgt=-0.062/0.408 pstd=0.393 gen=0.1s train=0.4s
[t= 230.5s] greedy ep351 games=  96 dec= 17948 rows= 17243 horizon=0.28 L=0.00018 L/var=0.00 tgt=-0.079/0.409 pstd=0.391 gen=0.1s train=0.4s
[t= 231.2s] greedy ep352 games=  96 dec= 18477 rows= 17743 horizon=0.29 L=0.00012 L/var=0.00 tgt=-0.067/0.378 pstd=0.393 gen=0.1s train=0.4s
[t= 231.8s] greedy ep353 games=  96 dec= 18129 rows= 17317 horizon=0.28 L=0.00008 L/var=0.00 tgt=-0.078/0.427 pstd=0.393 gen=0.1s train=0.4s
[t= 232.4s] greedy ep354 games=  96 dec= 18145 rows= 17391 horizon=0.29 L=0.00009 L/var=0.00 tgt=-0.098/0.427 pstd=0.395 gen=0.1s train=0.4s
[t= 233.1s] greedy ep355 games=  96 dec= 19174 rows= 18396 horizon=0.35 L=0.00008 L/var=0.00 tgt=-0.089/0.435 pstd=0.393 gen=0.1s train=0.4s
[t= 233.7s] greedy ep356 games=  96 dec= 17628 rows= 16879 horizon=0.22 L=0.00007 L/var=0.00 tgt=-0.091/0.417 pstd=0.393 gen=0.1s train=0.4s
[t= 234.3s] greedy ep357 games=  96 dec= 18292 rows= 17458 horizon=0.28 L=0.00009 L/var=0.00 tgt=-0.061/0.397 pstd=0.394 gen=0.1s train=0.4s
[t= 234.9s] greedy ep358 games=  96 dec= 17705 rows= 16980 horizon=0.22 L=0.00012 L/var=0.00 tgt=-0.060/0.415 pstd=0.393 gen=0.1s train=0.4s
[t= 235.6s] greedy ep359 games=  96 dec= 17753 rows= 16946 horizon=0.22 L=0.00011 L/var=0.00 tgt=-0.073/0.421 pstd=0.394 gen=0.1s train=0.4s
[t= 236.2s] greedy ep360 games=  96 dec= 17360 rows= 16588 horizon=0.22 L=0.00018 L/var=0.00 tgt=-0.089/0.402 pstd=0.393 gen=0.1s train=0.4s
[t= 236.8s] greedy ep361 games=  96 dec= 18083 rows= 17331 horizon=0.29 L=0.00010 L/var=0.00 tgt=-0.087/0.415 pstd=0.395 gen=0.1s train=0.4s
[t= 237.4s] greedy ep362 games=  96 dec= 18592 rows= 17769 horizon=0.20 L=0.00013 L/var=0.00 tgt=-0.090/0.405 pstd=0.393 gen=0.1s train=0.4s
[t= 238.1s] greedy ep363 games=  96 dec= 17865 rows= 17109 horizon=0.18 L=0.00012 L/var=0.00 tgt=-0.071/0.398 pstd=0.390 gen=0.1s train=0.4s
[t= 238.7s] greedy ep364 games=  96 dec= 18647 rows= 17823 horizon=0.31 L=0.00016 L/var=0.00 tgt=-0.080/0.407 pstd=0.394 gen=0.1s train=0.4s
[t= 239.3s] greedy ep365 games=  96 dec= 18671 rows= 17859 horizon=0.28 L=0.00008 L/var=0.00 tgt=-0.082/0.396 pstd=0.393 gen=0.1s train=0.4s
[t= 240.0s] greedy ep366 games=  96 dec= 18873 rows= 18140 horizon=0.32 L=0.00013 L/var=0.00 tgt=-0.070/0.406 pstd=0.394 gen=0.1s train=0.4s
[t= 240.6s] greedy ep367 games=  96 dec= 18622 rows= 17895 horizon=0.29 L=0.00010 L/var=0.00 tgt=-0.074/0.431 pstd=0.394 gen=0.1s train=0.4s
[t= 241.3s] greedy ep368 games=  96 dec= 17915 rows= 17116 horizon=0.26 L=0.00016 L/var=0.00 tgt=-0.076/0.406 pstd=0.390 gen=0.1s train=0.4s
[t= 241.9s] greedy ep369 games=  96 dec= 18958 rows= 18188 horizon=0.36 L=0.00021 L/var=0.00 tgt=-0.068/0.401 pstd=0.389 gen=0.1s train=0.4s
[t= 242.6s] greedy ep370 games=  96 dec= 18740 rows= 17982 horizon=0.34 L=0.00014 L/var=0.00 tgt=-0.062/0.397 pstd=0.396 gen=0.1s train=0.4s
[t= 243.2s] greedy ep371 games=  96 dec= 18730 rows= 17930 horizon=0.32 L=0.00012 L/var=0.00 tgt=-0.070/0.396 pstd=0.394 gen=0.1s train=0.4s
[t= 243.9s] greedy ep372 games=  96 dec= 18305 rows= 17536 horizon=0.28 L=0.00007 L/var=0.00 tgt=-0.080/0.403 pstd=0.395 gen=0.1s train=0.4s
[t= 244.6s] greedy ep373 games=  96 dec= 18752 rows= 17976 horizon=0.35 L=0.00016 L/var=0.00 tgt=-0.070/0.391 pstd=0.395 gen=0.1s train=0.5s
[t= 245.3s] greedy ep374 games=  96 dec= 18772 rows= 17932 horizon=0.26 L=0.00009 L/var=0.00 tgt=-0.080/0.382 pstd=0.395 gen=0.1s train=0.4s
[t= 245.9s] greedy ep375 games=  96 dec= 18531 rows= 17777 horizon=0.26 L=0.00008 L/var=0.00 tgt=-0.073/0.379 pstd=0.390 gen=0.1s train=0.4s
[t= 246.5s] greedy ep376 games=  96 dec= 17605 rows= 16845 horizon=0.24 L=0.00024 L/var=0.00 tgt=-0.071/0.388 pstd=0.393 gen=0.1s train=0.4s
[t= 247.1s] greedy ep377 games=  96 dec= 18241 rows= 17463 horizon=0.32 L=0.00020 L/var=0.00 tgt=-0.087/0.422 pstd=0.392 gen=0.1s train=0.4s
[t= 247.8s] greedy ep378 games=  96 dec= 19633 rows= 18744 horizon=0.29 L=0.00008 L/var=0.00 tgt=-0.062/0.378 pstd=0.392 gen=0.1s train=0.4s
[t= 248.5s] greedy ep379 games=  96 dec= 18003 rows= 17258 horizon=0.26 L=0.00009 L/var=0.00 tgt=-0.055/0.379 pstd=0.392 gen=0.1s train=0.4s
[t= 249.2s] greedy ep380 games=  96 dec= 19317 rows= 18491 horizon=0.36 L=0.00007 L/var=0.00 tgt=-0.064/0.416 pstd=0.393 gen=0.1s train=0.4s
[t= 249.8s] greedy ep381 games=  96 dec= 17310 rows= 16536 horizon=0.18 L=0.00027 L/var=0.00 tgt=-0.061/0.399 pstd=0.397 gen=0.1s train=0.4s
[t= 250.4s] greedy ep382 games=  96 dec= 17866 rows= 17236 horizon=0.29 L=0.00010 L/var=0.00 tgt=-0.056/0.401 pstd=0.393 gen=0.1s train=0.4s
[t= 251.0s] greedy ep383 games=  96 dec= 18965 rows= 18169 horizon=0.33 L=0.00006 L/var=0.00 tgt=-0.071/0.364 pstd=0.394 gen=0.1s train=0.4s
[t= 251.7s] greedy ep384 games=  96 dec= 18936 rows= 18080 horizon=0.31 L=0.00012 L/var=0.00 tgt=-0.087/0.398 pstd=0.391 gen=0.1s train=0.4s
[t= 252.4s] greedy ep385 games=  96 dec= 19401 rows= 18676 horizon=0.40 L=0.00010 L/var=0.00 tgt=-0.087/0.391 pstd=0.394 gen=0.1s train=0.4s
[t= 253.0s] greedy ep386 games=  96 dec= 17838 rows= 17042 horizon=0.25 L=0.00007 L/var=0.00 tgt=-0.075/0.394 pstd=0.395 gen=0.1s train=0.4s
[t= 253.6s] greedy ep387 games=  96 dec= 18027 rows= 17288 horizon=0.28 L=0.00032 L/var=0.00 tgt=-0.072/0.401 pstd=0.392 gen=0.1s train=0.4s
[t= 254.2s] greedy ep388 games=  96 dec= 18295 rows= 17455 horizon=0.23 L=0.00029 L/var=0.00 tgt=-0.087/0.378 pstd=0.401 gen=0.1s train=0.4s
[t= 254.9s] greedy ep389 games=  96 dec= 18497 rows= 17811 horizon=0.29 L=0.00019 L/var=0.00 tgt=-0.079/0.406 pstd=0.396 gen=0.1s train=0.4s
[t= 255.5s] greedy ep390 games=  96 dec= 18738 rows= 17942 horizon=0.33 L=0.00011 L/var=0.00 tgt=-0.061/0.402 pstd=0.390 gen=0.1s train=0.4s
[t= 256.2s] greedy ep391 games=  96 dec= 17933 rows= 17136 horizon=0.26 L=0.00014 L/var=0.00 tgt=-0.077/0.432 pstd=0.393 gen=0.1s train=0.4s
[t= 256.8s] greedy ep392 games=  96 dec= 18767 rows= 17978 horizon=0.31 L=0.00012 L/var=0.00 tgt=-0.086/0.405 pstd=0.395 gen=0.1s train=0.4s
[t= 257.5s] greedy ep393 games=  96 dec= 18988 rows= 18120 horizon=0.28 L=0.00009 L/var=0.00 tgt=-0.072/0.407 pstd=0.389 gen=0.1s train=0.4s
[t= 258.1s] greedy ep394 games=  96 dec= 17842 rows= 17060 horizon=0.20 L=0.00006 L/var=0.00 tgt=-0.081/0.401 pstd=0.394 gen=0.1s train=0.4s
[t= 258.7s] greedy ep395 games=  96 dec= 18414 rows= 17709 horizon=0.30 L=0.00009 L/var=0.00 tgt=-0.083/0.411 pstd=0.394 gen=0.1s train=0.4s
[t= 259.3s] greedy ep396 games=  96 dec= 18295 rows= 17490 horizon=0.32 L=0.00006 L/var=0.00 tgt=-0.064/0.377 pstd=0.393 gen=0.1s train=0.4s
[t= 259.9s] greedy ep397 games=  96 dec= 17385 rows= 16674 horizon=0.23 L=0.00007 L/var=0.00 tgt=-0.071/0.420 pstd=0.394 gen=0.1s train=0.4s
[t= 260.6s] greedy ep398 games=  96 dec= 18658 rows= 17776 horizon=0.25 L=0.00025 L/var=0.00 tgt=-0.080/0.409 pstd=0.390 gen=0.1s train=0.4s
[t= 261.3s] greedy ep399 games=  96 dec= 19280 rows= 18500 horizon=0.34 L=0.00016 L/var=0.00 tgt=-0.079/0.396 pstd=0.394 gen=0.1s train=0.4s
[t= 261.9s] greedy ep400 games=  96 dec= 17764 rows= 17024 horizon=0.26 L=0.00008 L/var=0.00 tgt=-0.063/0.376 pstd=0.392 gen=0.1s train=0.4s
[t= 262.6s] greedy ep401 games=  96 dec= 19315 rows= 18447 horizon=0.33 L=0.00006 L/var=0.00 tgt=-0.073/0.408 pstd=0.395 gen=0.1s train=0.4s
[t= 263.2s] greedy ep402 games=  96 dec= 18268 rows= 17507 horizon=0.30 L=0.00007 L/var=0.00 tgt=-0.073/0.398 pstd=0.391 gen=0.1s train=0.4s
[t= 263.9s] greedy ep403 games=  96 dec= 19240 rows= 18453 horizon=0.35 L=0.00007 L/var=0.00 tgt=-0.103/0.402 pstd=0.392 gen=0.1s train=0.4s
[t= 264.5s] greedy ep404 games=  96 dec= 17712 rows= 16959 horizon=0.26 L=0.00009 L/var=0.00 tgt=-0.072/0.392 pstd=0.392 gen=0.1s train=0.4s
[t= 265.1s] greedy ep405 games=  96 dec= 17806 rows= 17031 horizon=0.27 L=0.00008 L/var=0.00 tgt=-0.078/0.394 pstd=0.395 gen=0.1s train=0.4s
[t= 265.8s] greedy ep406 games=  96 dec= 17745 rows= 17044 horizon=0.29 L=0.00013 L/var=0.00 tgt=-0.077/0.406 pstd=0.393 gen=0.1s train=0.4s
[t= 266.4s] greedy ep407 games=  96 dec= 17948 rows= 17147 horizon=0.25 L=0.00009 L/var=0.00 tgt=-0.063/0.388 pstd=0.390 gen=0.1s train=0.4s
[t= 267.0s] greedy ep408 games=  96 dec= 17971 rows= 17197 horizon=0.26 L=0.00008 L/var=0.00 tgt=-0.099/0.418 pstd=0.394 gen=0.1s train=0.4s
[t= 267.7s] greedy ep409 games=  96 dec= 18268 rows= 17498 horizon=0.28 L=0.00006 L/var=0.00 tgt=-0.070/0.407 pstd=0.392 gen=0.1s train=0.4s
[t= 268.3s] greedy ep410 games=  96 dec= 18248 rows= 17468 horizon=0.28 L=0.00020 L/var=0.00 tgt=-0.061/0.386 pstd=0.392 gen=0.1s train=0.4s
[t= 269.0s] greedy ep411 games=  96 dec= 19358 rows= 18504 horizon=0.31 L=0.00021 L/var=0.00 tgt=-0.086/0.412 pstd=0.390 gen=0.1s train=0.4s
[t= 269.6s] greedy ep412 games=  96 dec= 18607 rows= 17766 horizon=0.28 L=0.00013 L/var=0.00 tgt=-0.075/0.409 pstd=0.399 gen=0.1s train=0.4s
[t= 270.3s] greedy ep413 games=  96 dec= 18979 rows= 18245 horizon=0.27 L=0.00012 L/var=0.00 tgt=-0.075/0.408 pstd=0.396 gen=0.1s train=0.4s
[t= 270.9s] greedy ep414 games=  96 dec= 17985 rows= 17145 horizon=0.25 L=0.00008 L/var=0.00 tgt=-0.073/0.420 pstd=0.391 gen=0.1s train=0.4s
[t= 271.5s] greedy ep415 games=  96 dec= 17919 rows= 17151 horizon=0.26 L=0.00006 L/var=0.00 tgt=-0.062/0.385 pstd=0.395 gen=0.1s train=0.4s
[t= 272.2s] greedy ep416 games=  96 dec= 19259 rows= 18406 horizon=0.35 L=0.00008 L/var=0.00 tgt=-0.086/0.378 pstd=0.390 gen=0.1s train=0.4s
[t= 272.8s] greedy ep417 games=  96 dec= 17874 rows= 17144 horizon=0.24 L=0.00015 L/var=0.00 tgt=-0.066/0.389 pstd=0.394 gen=0.1s train=0.4s
[t= 273.5s] greedy ep418 games=  96 dec= 18434 rows= 17741 horizon=0.28 L=0.00030 L/var=0.00 tgt=-0.089/0.394 pstd=0.392 gen=0.1s train=0.4s
[t= 274.1s] greedy ep419 games=  96 dec= 17755 rows= 16946 horizon=0.24 L=0.00009 L/var=0.00 tgt=-0.070/0.387 pstd=0.393 gen=0.1s train=0.4s
[t= 274.8s] greedy ep420 games=  96 dec= 18209 rows= 17479 horizon=0.27 L=0.00006 L/var=0.00 tgt=-0.136/0.426 pstd=0.390 gen=0.1s train=0.4s
[t= 275.4s] greedy ep421 games=  96 dec= 18894 rows= 18069 horizon=0.29 L=0.00005 L/var=0.00 tgt=-0.092/0.386 pstd=0.393 gen=0.1s train=0.4s
[t= 276.1s] greedy ep422 games=  96 dec= 18993 rows= 18159 horizon=0.28 L=0.00007 L/var=0.00 tgt=-0.079/0.390 pstd=0.392 gen=0.1s train=0.4s
[t= 276.8s] greedy ep423 games=  96 dec= 18857 rows= 18127 horizon=0.34 L=0.00009 L/var=0.00 tgt=-0.072/0.389 pstd=0.395 gen=0.1s train=0.4s
[t= 277.4s] greedy ep424 games=  96 dec= 18095 rows= 17311 horizon=0.26 L=0.00007 L/var=0.00 tgt=-0.057/0.402 pstd=0.392 gen=0.1s train=0.4s
[t= 278.0s] greedy ep425 games=  96 dec= 18555 rows= 17676 horizon=0.25 L=0.00005 L/var=0.00 tgt=-0.088/0.406 pstd=0.391 gen=0.1s train=0.4s
[t= 278.7s] greedy ep426 games=  96 dec= 17883 rows= 17050 horizon=0.30 L=0.00005 L/var=0.00 tgt=-0.084/0.425 pstd=0.393 gen=0.1s train=0.4s
[t= 279.3s] greedy ep427 games=  96 dec= 18471 rows= 17775 horizon=0.29 L=0.00025 L/var=0.00 tgt=-0.100/0.420 pstd=0.394 gen=0.1s train=0.4s
[t= 279.9s] greedy ep428 games=  96 dec= 18081 rows= 17315 horizon=0.27 L=0.00011 L/var=0.00 tgt=-0.089/0.421 pstd=0.391 gen=0.1s train=0.4s
[t= 280.5s] greedy ep429 games=  96 dec= 18482 rows= 17686 horizon=0.32 L=0.00006 L/var=0.00 tgt=-0.080/0.397 pstd=0.393 gen=0.1s train=0.4s
[t= 281.2s] greedy ep430 games=  96 dec= 17868 rows= 17160 horizon=0.28 L=0.00008 L/var=0.00 tgt=-0.086/0.400 pstd=0.395 gen=0.1s train=0.4s
[t= 281.9s] greedy ep431 games=  96 dec= 19091 rows= 18326 horizon=0.33 L=0.00016 L/var=0.00 tgt=-0.069/0.386 pstd=0.391 gen=0.1s train=0.4s
[t= 282.5s] greedy ep432 games=  96 dec= 19122 rows= 18278 horizon=0.34 L=0.00007 L/var=0.00 tgt=-0.071/0.423 pstd=0.391 gen=0.1s train=0.4s
[t= 283.2s] greedy ep433 games=  96 dec= 18484 rows= 17644 horizon=0.28 L=0.00007 L/var=0.00 tgt=-0.047/0.381 pstd=0.395 gen=0.1s train=0.4s
[t= 283.8s] greedy ep434 games=  96 dec= 19637 rows= 18722 horizon=0.29 L=0.00010 L/var=0.00 tgt=-0.076/0.412 pstd=0.395 gen=0.1s train=0.4s
[t= 284.5s] greedy ep435 games=  96 dec= 18821 rows= 18046 horizon=0.32 L=0.00011 L/var=0.00 tgt=-0.076/0.436 pstd=0.391 gen=0.1s train=0.4s
[t= 285.2s] greedy ep436 games=  96 dec= 19156 rows= 18407 horizon=0.35 L=0.00006 L/var=0.00 tgt=-0.072/0.410 pstd=0.394 gen=0.1s train=0.4s
[t= 285.8s] greedy ep437 games=  96 dec= 18757 rows= 17984 horizon=0.30 L=0.00008 L/var=0.00 tgt=-0.070/0.394 pstd=0.395 gen=0.1s train=0.4s
[t= 286.5s] greedy ep438 games=  96 dec= 18690 rows= 17995 horizon=0.39 L=0.00040 L/var=0.00 tgt=-0.064/0.399 pstd=0.386 gen=0.1s train=0.4s
[t= 287.1s] greedy ep439 games=  96 dec= 18599 rows= 17834 horizon=0.30 L=0.00017 L/var=0.00 tgt=-0.072/0.387 pstd=0.391 gen=0.1s train=0.4s
[t= 287.8s] greedy ep440 games=  96 dec= 19210 rows= 18361 horizon=0.30 L=0.00013 L/var=0.00 tgt=-0.078/0.387 pstd=0.394 gen=0.1s train=0.4s
[t= 288.4s] greedy ep441 games=  96 dec= 18465 rows= 17674 horizon=0.30 L=0.00005 L/var=0.00 tgt=-0.066/0.387 pstd=0.393 gen=0.1s train=0.4s
[t= 289.0s] greedy ep442 games=  96 dec= 18445 rows= 17750 horizon=0.31 L=0.00005 L/var=0.00 tgt=-0.067/0.390 pstd=0.394 gen=0.1s train=0.4s
[t= 289.7s] greedy ep443 games=  96 dec= 18245 rows= 17477 horizon=0.28 L=0.00008 L/var=0.00 tgt=-0.061/0.408 pstd=0.391 gen=0.1s train=0.4s
[t= 290.3s] greedy ep444 games=  96 dec= 18441 rows= 17776 horizon=0.33 L=0.00005 L/var=0.00 tgt=-0.061/0.386 pstd=0.394 gen=0.1s train=0.4s
[t= 290.9s] greedy ep445 games=  96 dec= 18031 rows= 17185 horizon=0.22 L=0.00007 L/var=0.00 tgt=-0.096/0.418 pstd=0.392 gen=0.1s train=0.4s
[t= 291.6s] greedy ep446 games=  96 dec= 18550 rows= 17736 horizon=0.31 L=0.00004 L/var=0.00 tgt=-0.077/0.388 pstd=0.393 gen=0.1s train=0.4s
[t= 292.3s] greedy ep447 games=  96 dec= 19386 rows= 18553 horizon=0.34 L=0.00009 L/var=0.00 tgt=-0.074/0.432 pstd=0.391 gen=0.1s train=0.4s
[t= 292.9s] greedy ep448 games=  96 dec= 17939 rows= 17128 horizon=0.24 L=0.00008 L/var=0.00 tgt=-0.073/0.415 pstd=0.392 gen=0.1s train=0.4s
[t= 293.5s] greedy ep449 games=  96 dec= 18155 rows= 17334 horizon=0.31 L=0.00006 L/var=0.00 tgt=-0.066/0.382 pstd=0.392 gen=0.1s train=0.4s
[t= 294.1s] greedy ep450 games=  96 dec= 18219 rows= 17514 horizon=0.31 L=0.00018 L/var=0.00 tgt=-0.091/0.432 pstd=0.392 gen=0.1s train=0.4s
[t= 294.8s] greedy ep451 games=  96 dec= 18143 rows= 17359 horizon=0.23 L=0.00009 L/var=0.00 tgt=-0.086/0.412 pstd=0.391 gen=0.1s train=0.4s
[t= 295.4s] greedy ep452 games=  96 dec= 19031 rows= 18176 horizon=0.34 L=0.00005 L/var=0.00 tgt=-0.111/0.442 pstd=0.397 gen=0.1s train=0.4s
[t= 296.1s] greedy ep453 games=  96 dec= 18718 rows= 18008 horizon=0.28 L=0.00009 L/var=0.00 tgt=-0.069/0.401 pstd=0.393 gen=0.1s train=0.4s
[t= 296.8s] greedy ep454 games=  96 dec= 18994 rows= 18162 horizon=0.29 L=0.00012 L/var=0.00 tgt=-0.074/0.384 pstd=0.390 gen=0.1s train=0.4s
[t= 297.4s] greedy ep455 games=  96 dec= 17945 rows= 17150 horizon=0.28 L=0.00012 L/var=0.00 tgt=-0.082/0.409 pstd=0.395 gen=0.1s train=0.4s
[t= 298.1s] greedy ep456 games=  96 dec= 18494 rows= 17648 horizon=0.29 L=0.00007 L/var=0.00 tgt=-0.059/0.404 pstd=0.394 gen=0.1s train=0.4s
[t= 298.7s] greedy ep457 games=  96 dec= 18397 rows= 17540 horizon=0.21 L=0.00006 L/var=0.00 tgt=-0.060/0.403 pstd=0.394 gen=0.1s train=0.4s
[t= 299.4s] greedy ep458 games=  96 dec= 18842 rows= 18049 horizon=0.33 L=0.00006 L/var=0.00 tgt=-0.080/0.372 pstd=0.395 gen=0.1s train=0.4s
[t= 300.0s] greedy ep459 games=  96 dec= 18644 rows= 17822 horizon=0.27 L=0.00009 L/var=0.00 tgt=-0.081/0.386 pstd=0.392 gen=0.1s train=0.4s
[t= 300.0s] --- snapshot snap_00.pt (init) ---
[t= 300.1s] --- switching to ReBeL ---
[t= 310.1s] rebel stream solves=12288 raw=1223/s balanced=1223/s debt=0 rows steps=48 horizon=0.00 games=0 over=0 card=0 drop=0 L=0.00483 L/var=0.48 tgt=-0.037/0.101 cfg/b=40138 prep=0.29s gpu=0.00s conv=0.01s add=0.43s train=1.79s
[t= 320.1s] rebel stream solves=19456 raw=970/s balanced=970/s debt=0 rows steps=76 horizon=0.00 games=0 over=0 card=0 drop=0 L=0.00185 L/var=0.13 tgt=+0.016/0.118 cfg/b=31264 prep=0.14s gpu=0.00s conv=0.00s add=0.25s train=0.85s
[t= 330.2s] rebel stream solves=25600 raw=850/s balanced=850/s debt=0 rows steps=100 horizon=0.00 games=3 over=0 card=0 drop=0 L=0.00148 L/var=0.12 tgt=+0.030/0.113 cfg/b=25358 prep=0.18s gpu=0.00s conv=0.00s add=0.14s train=0.81s
[t= 340.2s] rebel stream solves=31744 raw=791/s balanced=791/s debt=0 rows steps=124 horizon=0.00 games=21 over=0 card=0 drop=0 L=0.00179 L/var=0.14 tgt=+0.011/0.113 cfg/b=25537 prep=0.12s gpu=0.00s conv=0.00s add=0.19s train=0.73s
[t= 350.2s] rebel stream solves=38912 raw=776/s balanced=776/s debt=0 rows steps=152 horizon=0.00 games=91 over=0 card=0 drop=0 L=0.00385 L/var=0.21 tgt=+0.008/0.134 cfg/b=26818 prep=0.16s gpu=0.00s conv=0.00s add=0.22s train=0.89s
[t= 360.2s] rebel stream solves=47104 raw=783/s balanced=783/s debt=0 rows steps=184 horizon=0.00 games=277 over=0 card=0 drop=0 L=0.00941 L/var=0.14 tgt=-0.067/0.256 cfg/b=25637 prep=0.19s gpu=0.00s conv=0.01s add=0.23s train=1.02s
[t= 370.2s] rebel stream solves=56320 raw=803/s balanced=803/s debt=0 rows steps=220 horizon=0.00 games=280 over=0 card=0 drop=0 L=0.01081 L/var=0.15 tgt=-0.037/0.269 cfg/b=27034 prep=0.18s gpu=0.00s conv=0.00s add=0.25s train=1.12s
[t= 380.2s] rebel stream solves=64512 raw=805/s balanced=805/s debt=0 rows steps=252 horizon=0.00 games=169 over=0 card=0 drop=0 L=0.00939 L/var=0.16 tgt=-0.002/0.241 cfg/b=25411 prep=0.17s gpu=0.00s conv=0.01s add=0.24s train=1.02s
[t= 390.3s] rebel stream solves=71680 raw=795/s balanced=795/s debt=0 rows steps=280 horizon=0.00 games=176 over=0 card=0 drop=0 L=0.00871 L/var=0.16 tgt=+0.049/0.232 cfg/b=24446 prep=0.14s gpu=0.00s conv=0.00s add=0.17s train=0.86s
[t= 400.3s] rebel stream solves=79872 raw=797/s balanced=797/s debt=0 rows steps=312 horizon=0.00 games=159 over=0 card=0 drop=0 L=0.00873 L/var=0.12 tgt=+0.037/0.267 cfg/b=24449 prep=0.21s gpu=0.00s conv=0.00s add=0.23s train=1.06s
[t= 410.3s] rebel stream solves=87040 raw=789/s balanced=789/s debt=0 rows steps=340 horizon=0.00 games=160 over=0 card=0 drop=0 L=0.00982 L/var=0.12 tgt=+0.073/0.287 cfg/b=24366 prep=0.13s gpu=0.00s conv=0.00s add=0.21s train=0.86s
[t= 420.3s] rebel stream solves=95232 raw=792/s balanced=792/s debt=0 rows steps=372 horizon=0.00 games=176 over=0 card=0 drop=0 L=0.01017 L/var=0.15 tgt=+0.065/0.261 cfg/b=25448 prep=0.17s gpu=0.00s conv=0.01s add=0.26s train=0.99s
[t= 430.3s] rebel stream solves=101376 raw=778/s balanced=778/s debt=0 rows steps=396 horizon=0.00 games=123 over=0 card=0 drop=0 L=0.01070 L/var=0.11 tgt=+0.072/0.307 cfg/b=25959 prep=0.12s gpu=0.00s conv=0.00s add=0.19s train=0.74s
[t= 440.3s] rebel stream solves=108544 raw=774/s balanced=774/s debt=0 rows steps=424 horizon=0.00 games=173 over=0 card=0 drop=0 L=0.00999 L/var=0.11 tgt=+0.080/0.303 cfg/b=26201 prep=0.14s gpu=0.00s conv=0.00s add=0.23s train=0.86s
[t= 450.4s] rebel stream solves=115712 raw=770/s balanced=770/s debt=0 rows steps=452 horizon=0.00 games=147 over=0 card=0 drop=0 L=0.01034 L/var=0.12 tgt=+0.104/0.291 cfg/b=26156 prep=0.13s gpu=0.00s conv=0.00s add=0.22s train=0.84s
[t= 460.4s] rebel stream solves=122880 raw=766/s balanced=766/s debt=0 rows steps=480 horizon=0.01 games=160 over=0 card=0 drop=0 L=0.01042 L/var=0.11 tgt=+0.099/0.311 cfg/b=26772 prep=0.14s gpu=0.00s conv=0.00s add=0.24s train=0.84s
[t= 470.8s] rebel stream solves=131072 raw=768/s balanced=768/s debt=0 rows steps=512 horizon=0.16 games=192 over=0 card=0 drop=0 L=0.01018 L/var=0.10 tgt=+0.097/0.322 cfg/b=26787 prep=0.16s gpu=0.00s conv=0.01s add=0.26s train=1.00s
[t= 480.8s] rebel stream solves=138240 raw=765/s balanced=765/s debt=0 rows steps=540 horizon=0.16 games=165 over=0 card=0 drop=0 L=0.01047 L/var=0.09 tgt=+0.094/0.334 cfg/b=26966 prep=0.14s gpu=0.00s conv=0.00s add=0.24s train=0.86s
[t= 490.8s] rebel stream solves=146432 raw=768/s balanced=768/s debt=0 rows steps=572 horizon=0.03 games=176 over=0 card=0 drop=0 L=0.01038 L/var=0.12 tgt=+0.124/0.299 cfg/b=27319 prep=0.16s gpu=0.00s conv=0.01s add=0.30s train=0.98s
[t= 501.0s] rebel stream solves=153600 raw=764/s balanced=764/s debt=0 rows steps=600 horizon=0.01 games=143 over=0 card=0 drop=0 L=0.01105 L/var=0.11 tgt=+0.130/0.316 cfg/b=27398 prep=0.13s gpu=0.00s conv=0.00s add=0.24s train=0.83s
[t= 511.0s] rebel stream solves=160768 raw=762/s balanced=762/s debt=0 rows steps=628 horizon=0.03 games=153 over=0 card=0 drop=0 L=0.01116 L/var=0.11 tgt=+0.130/0.321 cfg/b=28371 prep=0.15s gpu=0.00s conv=0.00s add=0.27s train=0.86s
[t= 521.8s] rebel stream solves=167936 raw=758/s balanced=758/s debt=0 rows steps=656 horizon=0.02 games=142 over=0 card=0 drop=0 L=0.01135 L/var=0.11 tgt=+0.128/0.314 cfg/b=28999 prep=0.13s gpu=0.00s conv=0.00s add=0.28s train=0.84s
[t= 531.8s] rebel stream solves=174080 raw=751/s balanced=751/s debt=0 rows steps=680 horizon=0.01 games=135 over=0 card=0 drop=0 L=0.01120 L/var=0.12 tgt=+0.121/0.312 cfg/b=29201 prep=0.11s gpu=0.00s conv=0.01s add=0.23s train=0.70s
[t= 541.8s] rebel stream solves=179200 raw=741/s balanced=741/s debt=0 rows steps=700 horizon=0.02 games=127 over=0 card=0 drop=0 L=0.01114 L/var=0.12 tgt=+0.132/0.309 cfg/b=29000 prep=0.10s gpu=0.00s conv=0.00s add=0.20s train=0.62s
[t= 551.8s] rebel stream solves=185344 raw=736/s balanced=736/s debt=0 rows steps=724 horizon=0.04 games=139 over=0 card=0 drop=0 L=0.01131 L/var=0.12 tgt=+0.143/0.301 cfg/b=28772 prep=0.10s gpu=0.00s conv=0.00s add=0.23s train=0.68s
[t= 561.8s] rebel stream solves=192512 raw=735/s balanced=735/s debt=0 rows steps=752 horizon=0.03 games=150 over=0 card=0 drop=0 L=0.01110 L/var=0.12 tgt=+0.142/0.306 cfg/b=29566 prep=0.12s gpu=0.00s conv=0.00s add=0.25s train=0.82s
[t= 571.8s] rebel stream solves=199680 raw=735/s balanced=735/s debt=0 rows steps=780 horizon=0.03 games=157 over=0 card=0 drop=0 L=0.01150 L/var=0.13 tgt=+0.142/0.296 cfg/b=29345 prep=0.13s gpu=0.00s conv=0.00s add=0.28s train=0.83s
[t= 581.8s] rebel stream solves=205824 raw=730/s balanced=730/s debt=0 rows steps=804 horizon=0.02 games=142 over=0 card=0 drop=0 L=0.01086 L/var=0.13 tgt=+0.140/0.293 cfg/b=29283 prep=0.11s gpu=0.00s conv=0.01s add=0.24s train=0.73s
[t= 591.8s] rebel stream solves=212992 raw=730/s balanced=730/s debt=0 rows steps=832 horizon=0.03 games=161 over=0 card=0 drop=0 L=0.01105 L/var=0.12 tgt=+0.141/0.302 cfg/b=29832 prep=0.14s gpu=0.00s conv=0.00s add=0.27s train=0.85s
[t= 597.1s] --- lr -> 5.00e-04 ---
[t= 600.1s] --- snapshot snap_01.pt (s1) ---
[t= 601.9s] rebel stream solves=220160 raw=729/s balanced=729/s debt=0 rows steps=860 horizon=0.03 games=147 over=0 card=0 drop=0 L=0.01138 L/var=0.12 tgt=+0.141/0.311 cfg/b=29273 prep=0.14s gpu=0.00s conv=0.00s add=0.27s train=0.86s
[t= 611.9s] rebel stream solves=227328 raw=729/s balanced=729/s debt=0 rows steps=888 horizon=0.01 games=149 over=0 card=0 drop=0 L=0.01072 L/var=0.11 tgt=+0.134/0.318 cfg/b=29487 prep=0.14s gpu=0.00s conv=0.00s add=0.23s train=0.86s
[t= 621.9s] rebel stream solves=234496 raw=728/s balanced=728/s debt=0 rows steps=916 horizon=0.04 games=173 over=0 card=0 drop=0 L=0.01061 L/var=0.11 tgt=+0.144/0.306 cfg/b=29396 prep=0.15s gpu=0.00s conv=0.00s add=0.28s train=0.86s
[t= 632.0s] rebel stream solves=241664 raw=728/s balanced=728/s debt=0 rows steps=944 horizon=0.01 games=148 over=0 card=0 drop=0 L=0.01054 L/var=0.10 tgt=+0.138/0.331 cfg/b=29029 prep=0.14s gpu=0.00s conv=0.00s add=0.28s train=0.84s
[t= 642.0s] rebel stream solves=248832 raw=728/s balanced=728/s debt=0 rows steps=972 horizon=0.02 games=158 over=0 card=0 drop=0 L=0.01096 L/var=0.10 tgt=+0.136/0.331 cfg/b=29630 prep=0.12s gpu=0.00s conv=0.00s add=0.29s train=0.81s
[t= 652.1s] rebel stream solves=256000 raw=727/s balanced=727/s debt=0 rows steps=1000 horizon=0.02 games=174 over=0 card=0 drop=0 L=0.01118 L/var=0.10 tgt=+0.136/0.327 cfg/b=29299 prep=0.13s gpu=0.00s conv=0.00s add=0.28s train=0.85s
[t= 662.1s] rebel stream solves=263168 raw=727/s balanced=727/s debt=0 rows steps=1028 horizon=0.02 games=136 over=0 card=0 drop=0 L=0.01064 L/var=0.11 tgt=+0.123/0.308 cfg/b=29423 prep=0.14s gpu=0.00s conv=0.00s add=0.26s train=0.84s
[t= 672.7s] rebel stream solves=270336 raw=726/s balanced=726/s debt=0 rows steps=1056 horizon=0.02 games=159 over=0 card=0 drop=0 L=0.01111 L/var=0.11 tgt=+0.129/0.320 cfg/b=29489 prep=0.13s gpu=0.00s conv=0.00s add=0.26s train=0.84s
[t= 682.7s] rebel stream solves=277504 raw=725/s balanced=725/s debt=0 rows steps=1084 horizon=0.01 games=162 over=0 card=0 drop=0 L=0.01109 L/var=0.11 tgt=+0.145/0.324 cfg/b=29427 prep=0.13s gpu=0.00s conv=0.00s add=0.28s train=0.83s
[t= 692.7s] rebel stream solves=283648 raw=722/s balanced=722/s debt=0 rows steps=1108 horizon=0.01 games=137 over=0 card=0 drop=0 L=0.01163 L/var=0.11 tgt=+0.139/0.319 cfg/b=29500 prep=0.11s gpu=0.00s conv=0.00s add=0.26s train=0.71s
[t= 703.5s] rebel stream solves=290816 raw=721/s balanced=721/s debt=0 rows steps=1136 horizon=0.02 games=169 over=0 card=0 drop=0 L=0.01148 L/var=0.11 tgt=+0.139/0.324 cfg/b=29607 prep=0.13s gpu=0.00s conv=0.01s add=0.25s train=0.81s
[t= 713.5s] rebel stream solves=296960 raw=718/s balanced=718/s debt=0 rows steps=1160 horizon=0.01 games=140 over=0 card=0 drop=0 L=0.01166 L/var=0.11 tgt=+0.141/0.324 cfg/b=29866 prep=0.10s gpu=0.00s conv=0.00s add=0.25s train=0.72s
[t= 723.5s] rebel stream solves=303104 raw=716/s balanced=716/s debt=0 rows steps=1184 horizon=0.02 games=151 over=0 card=0 drop=0 L=0.01139 L/var=0.10 tgt=+0.139/0.334 cfg/b=29640 prep=0.11s gpu=0.00s conv=0.00s add=0.24s train=0.71s
[t= 733.5s] rebel stream solves=310272 raw=716/s balanced=716/s debt=0 rows steps=1212 horizon=0.03 games=149 over=0 card=0 drop=0 L=0.01135 L/var=0.11 tgt=+0.130/0.314 cfg/b=29864 prep=0.12s gpu=0.00s conv=0.01s add=0.30s train=0.79s
[t= 743.5s] rebel stream solves=316416 raw=713/s balanced=713/s debt=0 rows steps=1236 horizon=0.02 games=125 over=0 card=0 drop=0 L=0.01190 L/var=0.13 tgt=+0.156/0.307 cfg/b=29723 prep=0.10s gpu=0.00s conv=0.00s add=0.26s train=0.70s
[t= 753.5s] rebel stream solves=322560 raw=711/s balanced=711/s debt=0 rows steps=1260 horizon=0.02 games=134 over=0 card=0 drop=0 L=0.01119 L/var=0.12 tgt=+0.147/0.305 cfg/b=30728 prep=0.12s gpu=0.00s conv=0.00s add=0.24s train=0.72s
[t= 763.6s] rebel stream solves=328704 raw=709/s balanced=709/s debt=0 rows steps=1284 horizon=0.01 games=140 over=0 card=0 drop=0 L=0.01153 L/var=0.12 tgt=+0.158/0.315 cfg/b=30234 prep=0.12s gpu=0.00s conv=0.00s add=0.25s train=0.72s
[t= 773.6s] rebel stream solves=334848 raw=707/s balanced=707/s debt=0 rows steps=1308 horizon=0.01 games=149 over=0 card=0 drop=0 L=0.01164 L/var=0.11 tgt=+0.140/0.332 cfg/b=31000 prep=0.10s gpu=0.00s conv=0.00s add=0.23s train=0.69s
[t= 783.6s] rebel stream solves=342016 raw=707/s balanced=707/s debt=0 rows steps=1336 horizon=0.01 games=178 over=0 card=0 drop=0 L=0.01181 L/var=0.11 tgt=+0.138/0.325 cfg/b=31163 prep=0.12s gpu=0.00s conv=0.00s add=0.32s train=0.82s
[t= 793.6s] rebel stream solves=348160 raw=705/s balanced=705/s debt=0 rows steps=1360 horizon=0.01 games=151 over=0 card=0 drop=0 L=0.01227 L/var=0.12 tgt=+0.145/0.326 cfg/b=31385 prep=0.11s gpu=0.00s conv=0.00s add=0.29s train=0.72s
[t= 803.6s] rebel stream solves=354304 raw=704/s balanced=704/s debt=0 rows steps=1384 horizon=0.00 games=126 over=0 card=0 drop=0 L=0.01197 L/var=0.11 tgt=+0.142/0.323 cfg/b=31961 prep=0.15s gpu=0.00s conv=0.00s add=0.25s train=0.78s
[t= 813.7s] rebel stream solves=360448 raw=702/s balanced=702/s debt=0 rows steps=1408 horizon=0.03 games=134 over=0 card=0 drop=0 L=0.01153 L/var=0.11 tgt=+0.141/0.327 cfg/b=31894 prep=0.10s gpu=0.00s conv=0.01s add=0.26s train=0.70s
[t= 823.7s] rebel stream solves=366592 raw=700/s balanced=700/s debt=0 rows steps=1432 horizon=0.01 games=152 over=0 card=0 drop=0 L=0.01163 L/var=0.11 tgt=+0.128/0.330 cfg/b=31754 prep=0.14s gpu=0.00s conv=0.01s add=0.27s train=0.77s
[t= 833.7s] rebel stream solves=372736 raw=698/s balanced=698/s debt=0 rows steps=1456 horizon=0.03 games=163 over=0 card=0 drop=0 L=0.01186 L/var=0.11 tgt=+0.132/0.334 cfg/b=31425 prep=0.11s gpu=0.00s conv=0.00s add=0.27s train=0.73s
[t= 843.7s] rebel stream solves=378880 raw=697/s balanced=697/s debt=0 rows steps=1480 horizon=0.01 games=137 over=0 card=0 drop=0 L=0.01142 L/var=0.11 tgt=+0.143/0.315 cfg/b=32149 prep=0.11s gpu=0.00s conv=0.01s add=0.29s train=0.70s
[t= 853.7s] rebel stream solves=385024 raw=695/s balanced=695/s debt=0 rows steps=1504 horizon=0.01 games=124 over=0 card=0 drop=0 L=0.01162 L/var=0.10 tgt=+0.137/0.338 cfg/b=31990 prep=0.11s gpu=0.00s conv=0.00s add=0.28s train=0.72s
[t= 863.8s] rebel stream solves=391168 raw=694/s balanced=694/s debt=0 rows steps=1528 horizon=0.00 games=144 over=0 card=0 drop=0 L=0.01110 L/var=0.10 tgt=+0.129/0.330 cfg/b=32199 prep=0.11s gpu=0.00s conv=0.00s add=0.26s train=0.72s
[t= 873.8s] rebel stream solves=397312 raw=693/s balanced=693/s debt=0 rows steps=1552 horizon=0.00 games=139 over=0 card=0 drop=0 L=0.01103 L/var=0.10 tgt=+0.132/0.327 cfg/b=31764 prep=0.11s gpu=0.00s conv=0.00s add=0.28s train=0.73s
[t= 883.8s] rebel stream solves=404480 raw=693/s balanced=693/s debt=0 rows steps=1580 horizon=0.02 games=178 over=0 card=0 drop=0 L=0.01152 L/var=0.11 tgt=+0.146/0.331 cfg/b=32266 prep=0.13s gpu=0.00s conv=0.00s add=0.30s train=0.83s
[t= 893.9s] rebel stream solves=411648 raw=693/s balanced=693/s debt=0 rows steps=1608 horizon=0.01 games=166 over=0 card=0 drop=0 L=0.01130 L/var=0.11 tgt=+0.130/0.323 cfg/b=32398 prep=0.13s gpu=0.00s conv=0.01s add=0.31s train=0.83s
[t= 900.1s] --- snapshot snap_02.pt (s2) ---
[t= 903.4s] --- lr -> 2.50e-04 ---
[t= 903.9s] rebel stream solves=417792 raw=692/s balanced=692/s debt=0 rows steps=1632 horizon=0.01 games=145 over=0 card=0 drop=0 L=0.01188 L/var=0.11 tgt=+0.120/0.328 cfg/b=32486 prep=0.11s gpu=0.00s conv=0.00s add=0.29s train=0.72s
[t= 914.0s] rebel stream solves=423936 raw=691/s balanced=691/s debt=0 rows steps=1656 horizon=0.01 games=125 over=0 card=0 drop=0 L=0.01125 L/var=0.10 tgt=+0.131/0.336 cfg/b=32768 prep=0.11s gpu=0.00s conv=0.01s add=0.28s train=0.69s
[t= 924.1s] rebel stream solves=429056 raw=688/s balanced=688/s debt=0 rows steps=1676 horizon=0.01 games=117 over=0 card=0 drop=0 L=0.01109 L/var=0.09 tgt=+0.135/0.353 cfg/b=32508 prep=0.09s gpu=0.00s conv=0.00s add=0.23s train=0.60s
[t= 934.1s] rebel stream solves=435200 raw=686/s balanced=686/s debt=0 rows steps=1700 horizon=0.00 games=160 over=0 card=0 drop=0 L=0.01167 L/var=0.10 tgt=+0.124/0.340 cfg/b=32634 prep=0.09s gpu=0.00s conv=0.01s add=0.24s train=0.67s
[t= 944.4s] rebel stream solves=442368 raw=687/s balanced=687/s debt=0 rows steps=1728 horizon=0.01 games=171 over=0 card=0 drop=0 L=0.01083 L/var=0.10 tgt=+0.127/0.331 cfg/b=32795 prep=0.13s gpu=0.00s conv=0.00s add=0.33s train=0.84s
[t= 954.4s] rebel stream solves=448512 raw=685/s balanced=685/s debt=0 rows steps=1752 horizon=0.00 games=131 over=0 card=0 drop=0 L=0.01124 L/var=0.10 tgt=+0.128/0.329 cfg/b=32798 prep=0.10s gpu=0.00s conv=0.00s add=0.26s train=0.71s
[t= 964.4s] rebel stream solves=454656 raw=684/s balanced=684/s debt=0 rows steps=1776 horizon=0.01 games=165 over=0 card=0 drop=0 L=0.01165 L/var=0.09 tgt=+0.110/0.351 cfg/b=32700 prep=0.13s gpu=0.00s conv=0.00s add=0.25s train=0.74s
[t= 974.4s] rebel stream solves=459776 raw=682/s balanced=682/s debt=0 rows steps=1796 horizon=0.01 games=121 over=0 card=0 drop=0 L=0.01148 L/var=0.09 tgt=+0.118/0.355 cfg/b=32170 prep=0.09s gpu=0.00s conv=0.00s add=0.23s train=0.59s
[t= 984.4s] rebel stream solves=465920 raw=681/s balanced=681/s debt=0 rows steps=1820 horizon=0.01 games=160 over=0 card=0 drop=0 L=0.01098 L/var=0.10 tgt=+0.127/0.323 cfg/b=32622 prep=0.10s gpu=0.00s conv=0.00s add=0.26s train=0.69s
[t= 994.4s] rebel stream solves=472064 raw=680/s balanced=680/s debt=0 rows steps=1844 horizon=0.02 games=137 over=0 card=0 drop=0 L=0.01163 L/var=0.12 tgt=+0.122/0.309 cfg/b=31768 prep=0.11s gpu=0.00s conv=0.00s add=0.26s train=0.71s
[t=1004.5s] rebel stream solves=478208 raw=679/s balanced=679/s debt=0 rows steps=1868 horizon=0.00 games=143 over=0 card=0 drop=0 L=0.01188 L/var=0.11 tgt=+0.126/0.329 cfg/b=32109 prep=0.13s gpu=0.00s conv=0.00s add=0.28s train=0.78s
[t=1014.8s] rebel stream solves=483328 raw=676/s balanced=676/s debt=0 rows steps=1888 horizon=0.00 games=105 over=0 card=0 drop=0 L=0.01100 L/var=0.10 tgt=+0.126/0.332 cfg/b=32005 prep=0.08s gpu=0.00s conv=0.00s add=0.22s train=0.60s
[t=1024.9s] rebel stream solves=488448 raw=674/s balanced=674/s debt=0 rows steps=1908 horizon=0.01 games=118 over=0 card=0 drop=0 L=0.01153 L/var=0.10 tgt=+0.125/0.342 cfg/b=32019 prep=0.09s gpu=0.00s conv=0.00s add=0.23s train=0.60s
[t=1034.9s] rebel stream solves=494592 raw=673/s balanced=673/s debt=0 rows steps=1932 horizon=0.02 games=179 over=0 card=0 drop=0 L=0.01119 L/var=0.09 tgt=+0.118/0.357 cfg/b=32086 prep=0.10s gpu=0.00s conv=0.01s add=0.27s train=0.70s
[t=1044.9s] rebel stream solves=500736 raw=672/s balanced=672/s debt=0 rows steps=1956 horizon=0.01 games=174 over=0 card=0 drop=0 L=0.01128 L/var=0.10 tgt=+0.134/0.341 cfg/b=32568 prep=0.10s gpu=0.00s conv=0.00s add=0.26s train=0.70s
[t=1054.9s] rebel stream solves=506880 raw=671/s balanced=671/s debt=0 rows steps=1980 horizon=0.02 games=142 over=0 card=0 drop=0 L=0.01167 L/var=0.11 tgt=+0.131/0.329 cfg/b=32021 prep=0.11s gpu=0.00s conv=0.00s add=0.29s train=0.72s
[t=1065.0s] rebel stream solves=513024 raw=671/s balanced=671/s debt=0 rows steps=2004 horizon=0.01 games=143 over=0 card=0 drop=0 L=0.01138 L/var=0.11 tgt=+0.141/0.322 cfg/b=32363 prep=0.10s gpu=0.00s conv=0.00s add=0.26s train=0.70s
[t=1075.0s] rebel stream solves=518144 raw=669/s balanced=669/s debt=0 rows steps=2024 horizon=0.01 games=125 over=0 card=0 drop=0 L=0.01154 L/var=0.10 tgt=+0.127/0.335 cfg/b=32366 prep=0.14s gpu=0.00s conv=0.00s add=0.22s train=0.65s
[t=1085.0s] rebel stream solves=523264 raw=667/s balanced=667/s debt=0 rows steps=2044 horizon=0.01 games=112 over=0 card=0 drop=0 L=0.01156 L/var=0.11 tgt=+0.127/0.328 cfg/b=32584 prep=0.10s gpu=0.00s conv=0.00s add=0.20s train=0.62s
[t=1095.1s] rebel stream solves=529408 raw=666/s balanced=666/s debt=0 rows steps=2068 horizon=0.01 games=130 over=0 card=0 drop=0 L=0.01143 L/var=0.10 tgt=+0.137/0.343 cfg/b=33019 prep=0.12s gpu=0.00s conv=0.00s add=0.26s train=0.74s
[t=1105.1s] rebel stream solves=534528 raw=664/s balanced=664/s debt=0 rows steps=2088 horizon=0.00 games=141 over=0 card=0 drop=0 L=0.01158 L/var=0.10 tgt=+0.136/0.342 cfg/b=32612 prep=0.09s gpu=0.00s conv=0.00s add=0.23s train=0.61s
[t=1115.7s] rebel stream solves=540672 raw=663/s balanced=663/s debt=0 rows steps=2112 horizon=0.00 games=180 over=0 card=0 drop=0 L=0.01120 L/var=0.10 tgt=+0.135/0.336 cfg/b=32432 prep=0.15s gpu=0.00s conv=0.01s add=0.28s train=0.77s
[t=1125.7s] rebel stream solves=546816 raw=662/s balanced=662/s debt=0 rows steps=2136 horizon=0.02 games=149 over=0 card=0 drop=0 L=0.01116 L/var=0.10 tgt=+0.124/0.334 cfg/b=33052 prep=0.11s gpu=0.00s conv=0.00s add=0.28s train=0.73s
[t=1135.7s] rebel stream solves=551936 raw=660/s balanced=660/s debt=0 rows steps=2156 horizon=0.00 games=115 over=0 card=0 drop=0 L=0.01166 L/var=0.10 tgt=+0.126/0.334 cfg/b=33216 prep=0.09s gpu=0.00s conv=0.01s add=0.22s train=0.60s
[t=1145.8s] rebel stream solves=557056 raw=659/s balanced=659/s debt=0 rows steps=2176 horizon=0.01 games=104 over=0 card=0 drop=0 L=0.01149 L/var=0.10 tgt=+0.133/0.347 cfg/b=33153 prep=0.09s gpu=0.00s conv=0.01s add=0.23s train=0.58s
[t=1155.8s] rebel stream solves=562176 raw=657/s balanced=657/s debt=0 rows steps=2196 horizon=0.01 games=131 over=0 card=0 drop=0 L=0.01136 L/var=0.08 tgt=+0.126/0.366 cfg/b=32907 prep=0.10s gpu=0.00s conv=0.00s add=0.21s train=0.62s
[t=1165.9s] rebel stream solves=568320 raw=656/s balanced=656/s debt=0 rows steps=2220 horizon=0.00 games=152 over=0 card=0 drop=0 L=0.01173 L/var=0.09 tgt=+0.126/0.352 cfg/b=33097 prep=0.11s gpu=0.00s conv=0.00s add=0.27s train=0.72s
[t=1175.9s] rebel stream solves=573440 raw=655/s balanced=655/s debt=0 rows steps=2240 horizon=0.00 games=107 over=0 card=0 drop=0 L=0.01153 L/var=0.09 tgt=+0.137/0.365 cfg/b=33455 prep=0.12s gpu=0.00s conv=0.00s add=0.18s train=0.65s
[t=1180.0s] --- stopping GPU admission; draining ---
[t=1185.9s] rebel stream solves=576512 raw=651/s balanced=651/s debt=0 rows steps=2252 horizon=0.00 games=79 over=0 card=0 drop=0 L=0.01199 L/var=0.09 tgt=+0.134/0.358 cfg/b=32717 prep=0.05s gpu=0.00s conv=0.00s add=0.10s train=0.37s
[t=1189.7s] rebel stream solves=577507 raw=649/s balanced=649/s debt=908 rows steps=2255 horizon=0.00 games=0 over=0 card=0 drop=0 L=0.01154 L/var=0.09 tgt=+0.126/0.364 cfg/b=33158 prep=0.01s gpu=0.00s conv=0.00s add=0.05s train=0.08s
[gpu-summary] solves=577507 optimizer_rows=2309120 debt=908 raw=641.7/s balanced=641.5/s horizon=0.02 games=12550 over=0 card=0 exact=0 censored=1152 dropped=0 overrun=0.00s
[t=1200.0s] --- snapshot snap_03.pt (final) ---
[ladder] 5 players, 800 games (20/batch, cap 200/pair)
  seed                    greedy vs ratio_4.init             W  7 L  6 D  7  n= 20  score 0.525
  seed                    greedy vs ratio_4.final            W  0 L 20 D  0  n= 20  score 0.000  stop
  seed              ratio_4.init vs ratio_4.s1               W  0 L 19 D  1  n= 20  score 0.025  stop
  seed                ratio_4.s1 vs ratio_4.s2               W 10 L 10 D  0  n= 20  score 0.500
  seed                ratio_4.s2 vs ratio_4.final            W  6 L 13 D  1  n= 20  score 0.325
  swiss               ratio_4.s1 vs ratio_4.s2               W 10 L 10 D  0  n= 40  score 0.500
  swiss               ratio_4.s1 vs ratio_4.s2               W  4 L 16 D  0  n= 60  score 0.400
  swiss                   greedy vs ratio_4.init             W  6 L  4 D 10  n= 40  score 0.537
  swiss                   greedy vs ratio_4.init             W 10 L  5 D  5  n= 60  score 0.567
  swiss                   greedy vs ratio_4.init             W  7 L  3 D 10  n= 80  score 0.575
  swiss                   greedy vs ratio_4.init             W  3 L  7 D 10  n=100  score 0.540
  swiss                   greedy vs ratio_4.init             W  8 L  6 D  6  n=120  score 0.542
  swiss                   greedy vs ratio_4.init             W  6 L  2 D 12  n=140  score 0.550
  swiss                   greedy vs ratio_4.init             W  6 L  5 D  9  n=160  score 0.547
  swiss                   greedy vs ratio_4.init             W  8 L  1 D 11  n=180  score 0.561
  swiss                   greedy vs ratio_4.init             W  8 L  5 D  7  n=200  score 0.562
  swiss               ratio_4.s1 vs ratio_4.s2               W  4 L 15 D  1  n= 80  score 0.356
  swiss               ratio_4.s1 vs ratio_4.s2               W  5 L 15 D  0  n=100  score 0.335
  swiss               ratio_4.s2 vs ratio_4.final            W  6 L 14 D  0  n= 40  score 0.312
  swiss               ratio_4.s1 vs ratio_4.s2               W  3 L 17 D  0  n=120  score 0.304
  swiss               ratio_4.s2 vs ratio_4.final            W 11 L  9 D  0  n= 60  score 0.392
  swiss               ratio_4.s2 vs ratio_4.final            W  6 L 14 D  0  n= 80  score 0.369
  swiss               ratio_4.s2 vs ratio_4.final            W  9 L 11 D  0  n=100  score 0.385
  swiss               ratio_4.s2 vs ratio_4.final            W  5 L 14 D  1  n=120  score 0.367
  swiss               ratio_4.s2 vs ratio_4.final            W  7 L 13 D  0  n=140  score 0.364
  swiss               ratio_4.s2 vs ratio_4.final            W  7 L 13 D  0  n=160  score 0.362
  swiss               ratio_4.s2 vs ratio_4.final            W  7 L 13 D  0  n=180  score 0.361
  swiss               ratio_4.s2 vs ratio_4.final            W  9 L 11 D  0  n=200  score 0.370
  swiss               ratio_4.s1 vs ratio_4.s2               W  8 L 11 D  1  n=140  score 0.321
  swiss               ratio_4.s1 vs ratio_4.s2               W  9 L 11 D  0  n=160  score 0.338
  swiss               ratio_4.s1 vs ratio_4.s2               W  5 L 15 D  0  n=180  score 0.328
  swiss               ratio_4.s1 vs ratio_4.s2               W  5 L 15 D  0  n=200  score 0.320
  swiss               ratio_4.s1 vs ratio_4.final            W  5 L 15 D  0  n= 20  score 0.250
  swiss               ratio_4.s1 vs ratio_4.final            W  4 L 16 D  0  n= 40  score 0.225
  swiss               ratio_4.s1 vs ratio_4.final            W  3 L 17 D  0  n= 60  score 0.200
  swiss               ratio_4.s1 vs ratio_4.final            W  3 L 17 D  0  n= 80  score 0.188  stop
  swiss                   greedy vs ratio_4.s1               W  0 L 20 D  0  n= 20  score 0.000  stop
  swiss                   greedy vs ratio_4.s2               W  0 L 20 D  0  n= 20  score 0.000  stop
  swiss             ratio_4.init vs ratio_4.s2               W  1 L 19 D  0  n= 20  score 0.050  stop
  swiss             ratio_4.init vs ratio_4.final            W  2 L 18 D  0  n= 20  score 0.100  stop

=== Elo (runs/ratio_4, greedy = 0) ===
                      player   trained     elo   95%   score
               ratio_4.final   20.0min     615    44   0.716
                  ratio_4.s2   15.0min     522    35   0.566
                  ratio_4.s1   10.0min     392    44   0.370
                      greedy         -       0    47   0.433
                ratio_4.init    5.0min     -36    47   0.350
[report] runs/ratio_4/report.html
