[train] CUDA stream priority -1
[gpu] solve services up on [0, 1]
[cfg] PUBFEAT=897 CFEAT=16 hidden=384 head=384 dg=64 rank=64 depth=2 iters=64 budget=600s warm=300s device=cuda:1 draft=random snapshots=1 (every 5.0min) train_gen_ratio=0.5 recent_mix=0.5 recent_rows=400000 augment=True cap=2000000 matmul=high
[t=   2.3s] greedy ep  0 games=  96 dec= 18365 rows= 17600 horizon=0.28 nodecap=0 over=0 card=0 drop=0 cfgs= 26.9 L=0.03543 P=nan old=nan new=nan tgt=-0.045/0.524 pstd=0.515 capv=0.040 lr=1.0e-03 gen=0.1s conv=0.0s add=0.1s train=2.1s
[t=   4.1s] greedy ep  1 games=  96 dec= 17607 rows= 16901 horizon=0.28 nodecap=0 over=0 card=0 drop=0 cfgs= 24.7 L=0.02862 P=nan old=nan new=nan tgt=-0.053/0.512 pstd=0.516 capv=0.040 lr=1.0e-03 gen=0.1s conv=0.0s add=0.1s train=1.6s
[t=   6.0s] greedy ep  2 games=  96 dec= 18676 rows= 17882 horizon=0.32 nodecap=0 over=0 card=0 drop=0 cfgs= 25.2 L=0.02036 P=nan old=nan new=nan tgt=-0.066/0.510 pstd=0.513 capv=0.040 lr=1.0e-03 gen=0.1s conv=0.0s add=0.1s train=1.7s
[t=   7.9s] greedy ep  3 games=  96 dec= 17957 rows= 17144 horizon=0.28 nodecap=0 over=0 card=0 drop=0 cfgs= 25.6 L=0.01710 P=nan old=nan new=nan tgt=-0.041/0.501 pstd=0.524 capv=0.040 lr=1.0e-03 gen=0.1s conv=0.0s add=0.1s train=1.7s
[t=   9.7s] greedy ep  4 games=  96 dec= 18438 rows= 17624 horizon=0.32 nodecap=0 over=0 card=0 drop=0 cfgs= 25.4 L=0.01443 P=nan old=nan new=nan tgt=-0.041/0.489 pstd=0.512 capv=0.040 lr=1.0e-03 gen=0.1s conv=0.0s add=0.1s train=1.7s
[t=  11.6s] greedy ep  5 games=  96 dec= 17931 rows= 17125 horizon=0.27 nodecap=0 over=0 card=0 drop=0 cfgs= 25.8 L=0.01346 P=nan old=nan new=nan tgt=-0.046/0.499 pstd=0.507 capv=0.040 lr=1.0e-03 gen=0.1s conv=0.0s add=0.1s train=1.6s
[t=  13.5s] greedy ep  6 games=  96 dec= 18811 rows= 18040 horizon=0.36 nodecap=0 over=0 card=0 drop=0 cfgs= 24.1 L=0.01232 P=nan old=nan new=nan tgt=-0.004/0.485 pstd=0.518 capv=0.040 lr=1.0e-03 gen=0.1s conv=0.0s add=0.1s train=1.7s
[t=  15.3s] greedy ep  7 games=  96 dec= 18209 rows= 17426 horizon=0.33 nodecap=0 over=0 card=0 drop=0 cfgs= 26.4 L=0.01188 P=nan old=nan new=nan tgt=-0.020/0.488 pstd=0.510 capv=0.040 lr=1.0e-03 gen=0.1s conv=0.0s add=0.1s train=1.7s
[t=  17.1s] greedy ep  8 games=  96 dec= 17214 rows= 16442 horizon=0.25 nodecap=0 over=0 card=0 drop=0 cfgs= 26.2 L=0.01281 P=nan old=nan new=nan tgt=-0.061/0.512 pstd=0.519 capv=0.040 lr=1.0e-03 gen=0.1s conv=0.0s add=0.1s train=1.6s
[t=  19.0s] greedy ep  9 games=  96 dec= 18914 rows= 18217 horizon=0.39 nodecap=0 over=0 card=0 drop=0 cfgs= 25.6 L=0.01157 P=nan old=nan new=nan tgt=-0.037/0.491 pstd=0.507 capv=0.040 lr=1.0e-03 gen=0.1s conv=0.0s add=0.1s train=1.8s
[t=  20.8s] greedy ep 10 games=  96 dec= 17137 rows= 16488 horizon=0.28 nodecap=0 over=0 card=0 drop=0 cfgs= 25.8 L=0.01196 P=nan old=nan new=nan tgt=-0.051/0.508 pstd=0.524 capv=0.040 lr=1.0e-03 gen=0.1s conv=0.0s add=0.1s train=1.6s
[t=  22.6s] greedy ep 11 games=  96 dec= 17649 rows= 16802 horizon=0.23 nodecap=0 over=0 card=0 drop=0 cfgs= 24.1 L=0.01359 P=nan old=nan new=nan tgt=-0.034/0.519 pstd=0.521 capv=0.040 lr=1.0e-03 gen=0.1s conv=0.0s add=0.1s train=1.6s
[t=  24.6s] greedy ep 12 games=  96 dec= 18164 rows= 17456 horizon=0.28 nodecap=0 over=0 card=0 drop=0 cfgs= 25.9 L=0.01238 P=nan old=nan new=nan tgt=-0.032/0.499 pstd=0.515 capv=0.040 lr=1.0e-03 gen=0.1s conv=0.0s add=0.1s train=1.7s
[t=  26.4s] greedy ep 13 games=  96 dec= 18034 rows= 17244 horizon=0.30 nodecap=0 over=0 card=0 drop=0 cfgs= 25.3 L=0.01309 P=nan old=nan new=nan tgt=-0.022/0.486 pstd=0.535 capv=0.040 lr=1.0e-03 gen=0.1s conv=0.0s add=0.1s train=1.7s
[t=  28.2s] greedy ep 14 games=  96 dec= 17170 rows= 16504 horizon=0.26 nodecap=0 over=0 card=0 drop=0 cfgs= 26.9 L=0.01266 P=nan old=nan new=nan tgt=-0.056/0.514 pstd=0.512 capv=0.040 lr=1.0e-03 gen=0.1s conv=0.0s add=0.1s train=1.6s
[t=  30.1s] greedy ep 15 games=  96 dec= 17699 rows= 16988 horizon=0.27 nodecap=0 over=0 card=0 drop=0 cfgs= 25.5 L=0.01432 P=nan old=nan new=nan tgt=-0.057/0.498 pstd=0.507 capv=0.040 lr=1.0e-03 gen=0.1s conv=0.0s add=0.1s train=1.7s
[t=  32.0s] greedy ep 16 games=  96 dec= 18200 rows= 17399 horizon=0.30 nodecap=0 over=0 card=0 drop=0 cfgs= 24.1 L=0.01330 P=nan old=nan new=nan tgt=-0.029/0.482 pstd=0.502 capv=0.040 lr=1.0e-03 gen=0.1s conv=0.0s add=0.1s train=1.7s
[t=  33.9s] greedy ep 17 games=  96 dec= 18160 rows= 17424 horizon=0.30 nodecap=0 over=0 card=0 drop=0 cfgs= 24.9 L=0.01293 P=nan old=nan new=nan tgt=-0.040/0.495 pstd=0.519 capv=0.040 lr=1.0e-03 gen=0.1s conv=0.0s add=0.1s train=1.7s
[t=  35.8s] greedy ep 18 games=  96 dec= 17849 rows= 17069 horizon=0.30 nodecap=0 over=0 card=0 drop=0 cfgs= 27.1 L=0.01243 P=nan old=nan new=nan tgt=-0.045/0.524 pstd=0.525 capv=0.040 lr=1.0e-03 gen=0.1s conv=0.0s add=0.1s train=1.7s
[t=  37.6s] greedy ep 19 games=  96 dec= 17556 rows= 16848 horizon=0.27 nodecap=0 over=0 card=0 drop=0 cfgs= 26.0 L=0.01215 P=nan old=nan new=nan tgt=-0.024/0.499 pstd=0.527 capv=0.040 lr=1.0e-03 gen=0.1s conv=0.0s add=0.1s train=1.7s
[t=  39.5s] greedy ep 20 games=  96 dec= 18219 rows= 17545 horizon=0.34 nodecap=0 over=0 card=0 drop=0 cfgs= 24.2 L=0.01228 P=nan old=nan new=nan tgt=-0.014/0.463 pstd=0.518 capv=0.040 lr=1.0e-03 gen=0.1s conv=0.0s add=0.1s train=1.8s
[t=  41.4s] greedy ep 21 games=  96 dec= 17563 rows= 16832 horizon=0.28 nodecap=0 over=0 card=0 drop=0 cfgs= 27.2 L=0.01231 P=nan old=nan new=nan tgt=-0.031/0.508 pstd=0.513 capv=0.040 lr=1.0e-03 gen=0.1s conv=0.0s add=0.1s train=1.7s
[t=  43.3s] greedy ep 22 games=  96 dec= 17960 rows= 17251 horizon=0.27 nodecap=0 over=0 card=0 drop=0 cfgs= 24.7 L=0.01254 P=nan old=nan new=nan tgt=-0.014/0.505 pstd=0.512 capv=0.040 lr=1.0e-03 gen=0.1s conv=0.0s add=0.1s train=1.7s
[t=  45.3s] greedy ep 23 games=  96 dec= 19048 rows= 18180 horizon=0.36 nodecap=0 over=0 card=0 drop=0 cfgs= 23.7 L=0.01260 P=nan old=0.00845 new=0.00921 tgt=-0.044/0.480 pstd=0.520 capv=0.040 lr=1.0e-03 gen=0.1s conv=0.0s add=0.1s train=1.8s
[t=  47.1s] greedy ep 24 games=  96 dec= 17237 rows= 16499 horizon=0.23 nodecap=0 over=0 card=0 drop=0 cfgs= 25.9 L=0.01236 P=nan old=0.00894 new=0.00986 tgt=-0.030/0.523 pstd=0.518 capv=0.040 lr=1.0e-03 gen=0.1s conv=0.0s add=0.1s train=1.6s
[t=  49.0s] greedy ep 25 games=  96 dec= 17481 rows= 16718 horizon=0.24 nodecap=0 over=0 card=0 drop=0 cfgs= 25.7 L=0.01314 P=nan old=0.00963 new=0.00977 tgt=-0.025/0.512 pstd=0.501 capv=0.040 lr=1.0e-03 gen=0.1s conv=0.0s add=0.1s train=1.6s
[t=  50.9s] greedy ep 26 games=  96 dec= 18214 rows= 17502 horizon=0.31 nodecap=0 over=0 card=0 drop=0 cfgs= 26.0 L=0.01212 P=nan old=0.00867 new=0.00935 tgt=-0.031/0.499 pstd=0.498 capv=0.040 lr=1.0e-03 gen=0.1s conv=0.0s add=0.1s train=1.7s
[t=  52.9s] greedy ep 27 games=  96 dec= 18752 rows= 17910 horizon=0.33 nodecap=0 over=0 card=0 drop=0 cfgs= 24.2 L=0.01224 P=nan old=0.00980 new=0.01086 tgt=-0.025/0.477 pstd=0.505 capv=0.040 lr=1.0e-03 gen=0.1s conv=0.0s add=0.1s train=1.8s
[t=  54.8s] greedy ep 28 games=  96 dec= 17860 rows= 17118 horizon=0.33 nodecap=0 over=0 card=0 drop=0 cfgs= 25.0 L=0.01255 P=nan old=0.00958 new=0.00979 tgt=-0.052/0.488 pstd=0.487 capv=0.040 lr=1.0e-03 gen=0.1s conv=0.0s add=0.1s train=1.7s
[t=  56.6s] greedy ep 29 games=  96 dec= 17881 rows= 17112 horizon=0.26 nodecap=0 over=0 card=0 drop=0 cfgs= 25.8 L=0.01288 P=nan old=0.00984 new=0.01108 tgt=-0.072/0.534 pstd=0.493 capv=0.040 lr=1.0e-03 gen=0.1s conv=0.0s add=0.1s train=1.6s
[t=  58.5s] greedy ep 30 games=  96 dec= 18021 rows= 17251 horizon=0.27 nodecap=0 over=0 card=0 drop=0 cfgs= 24.5 L=0.01353 P=nan old=0.01025 new=0.01166 tgt=-0.024/0.507 pstd=0.509 capv=0.040 lr=1.0e-03 gen=0.1s conv=0.0s add=0.1s train=1.7s
[t=  60.4s] greedy ep 31 games=  96 dec= 18116 rows= 17401 horizon=0.28 nodecap=0 over=0 card=0 drop=0 cfgs= 26.1 L=0.01324 P=nan old=0.01062 new=0.00959 tgt=-0.069/0.515 pstd=0.514 capv=0.040 lr=1.0e-03 gen=0.1s conv=0.0s add=0.1s train=1.7s
[t=  62.3s] greedy ep 32 games=  96 dec= 18126 rows= 17381 horizon=0.29 nodecap=0 over=0 card=0 drop=0 cfgs= 24.5 L=0.01265 P=nan old=0.00963 new=0.00947 tgt=-0.038/0.495 pstd=0.491 capv=0.040 lr=1.0e-03 gen=0.1s conv=0.0s add=0.1s train=1.7s
[t=  64.3s] greedy ep 33 games=  96 dec= 18287 rows= 17493 horizon=0.24 nodecap=0 over=0 card=0 drop=0 cfgs= 24.6 L=0.01266 P=nan old=0.01076 new=0.00897 tgt=-0.039/0.536 pstd=0.500 capv=0.040 lr=1.0e-03 gen=0.1s conv=0.0s add=0.1s train=1.7s
[t=  66.1s] greedy ep 34 games=  96 dec= 17370 rows= 16641 horizon=0.26 nodecap=0 over=0 card=0 drop=0 cfgs= 27.1 L=0.01387 P=nan old=0.01185 new=0.01233 tgt=-0.066/0.502 pstd=0.504 capv=0.040 lr=1.0e-03 gen=0.1s conv=0.0s add=0.1s train=1.6s
[t=  67.9s] greedy ep 35 games=  96 dec= 17644 rows= 16960 horizon=0.26 nodecap=0 over=0 card=0 drop=0 cfgs= 25.1 L=0.01379 P=nan old=0.01046 new=0.00949 tgt=-0.024/0.515 pstd=0.507 capv=0.040 lr=1.0e-03 gen=0.1s conv=0.0s add=0.1s train=1.6s
[t=  69.8s] greedy ep 36 games=  96 dec= 18084 rows= 17349 horizon=0.28 nodecap=0 over=0 card=0 drop=0 cfgs= 26.6 L=0.01310 P=nan old=0.01095 new=0.00877 tgt=-0.036/0.499 pstd=0.491 capv=0.040 lr=1.0e-03 gen=0.1s conv=0.0s add=0.1s train=1.7s
[t=  71.7s] greedy ep 37 games=  96 dec= 17454 rows= 16675 horizon=0.23 nodecap=0 over=0 card=0 drop=0 cfgs= 27.5 L=0.01312 P=nan old=0.01105 new=0.00952 tgt=-0.046/0.531 pstd=0.496 capv=0.040 lr=1.0e-03 gen=0.1s conv=0.0s add=0.1s train=1.7s
[t=  73.6s] greedy ep 38 games=  96 dec= 18174 rows= 17442 horizon=0.34 nodecap=0 over=0 card=0 drop=0 cfgs= 24.8 L=0.01278 P=nan old=0.01084 new=0.01093 tgt=-0.030/0.486 pstd=0.499 capv=0.040 lr=1.0e-03 gen=0.1s conv=0.0s add=0.1s train=1.7s
[t=  75.4s] greedy ep 39 games=  96 dec= 17522 rows= 16731 horizon=0.26 nodecap=0 over=0 card=0 drop=0 cfgs= 25.1 L=0.01297 P=nan old=0.01113 new=0.01010 tgt=-0.041/0.515 pstd=0.505 capv=0.040 lr=1.0e-03 gen=0.1s conv=0.0s add=0.1s train=1.6s
[t=  77.3s] greedy ep 40 games=  96 dec= 18442 rows= 17655 horizon=0.30 nodecap=0 over=0 card=0 drop=0 cfgs= 24.9 L=0.01382 P=nan old=0.01180 new=0.01160 tgt=-0.032/0.495 pstd=0.517 capv=0.040 lr=1.0e-03 gen=0.1s conv=0.0s add=0.1s train=1.7s
[t=  79.2s] greedy ep 41 games=  96 dec= 18317 rows= 17485 horizon=0.25 nodecap=0 over=0 card=0 drop=0 cfgs= 25.9 L=0.01318 P=nan old=0.01227 new=0.01115 tgt=-0.060/0.504 pstd=0.519 capv=0.040 lr=1.0e-03 gen=0.1s conv=0.0s add=0.1s train=1.7s
[t=  81.2s] greedy ep 42 games=  96 dec= 18325 rows= 17570 horizon=0.31 nodecap=0 over=0 card=0 drop=0 cfgs= 27.0 L=0.01387 P=nan old=0.01216 new=0.01191 tgt=-0.045/0.506 pstd=0.519 capv=0.040 lr=1.0e-03 gen=0.1s conv=0.0s add=0.1s train=1.7s
[t=  82.9s] greedy ep 43 games=  96 dec= 17412 rows= 16598 horizon=0.21 nodecap=0 over=0 card=0 drop=0 cfgs= 26.0 L=0.01415 P=nan old=0.01122 new=0.01046 tgt=-0.036/0.535 pstd=0.530 capv=0.040 lr=1.0e-03 gen=0.1s conv=0.0s add=0.1s train=1.6s
[t=  84.9s] greedy ep 44 games=  96 dec= 18884 rows= 18138 horizon=0.39 nodecap=0 over=0 card=0 drop=0 cfgs= 24.1 L=0.01332 P=nan old=0.01386 new=0.01069 tgt=-0.049/0.477 pstd=0.513 capv=0.040 lr=1.0e-03 gen=0.1s conv=0.0s add=0.1s train=1.8s
[t=  86.8s] greedy ep 45 games=  96 dec= 18285 rows= 17478 horizon=0.30 nodecap=0 over=0 card=0 drop=0 cfgs= 25.1 L=0.01350 P=nan old=0.01157 new=0.00962 tgt=-0.054/0.498 pstd=0.515 capv=0.040 lr=1.0e-03 gen=0.1s conv=0.0s add=0.1s train=1.7s
[t=  88.7s] greedy ep 46 games=  96 dec= 18167 rows= 17491 horizon=0.30 nodecap=0 over=0 card=0 drop=0 cfgs= 25.4 L=0.01282 P=nan old=0.01181 new=0.01072 tgt=-0.017/0.467 pstd=0.522 capv=0.040 lr=1.0e-03 gen=0.1s conv=0.0s add=0.1s train=1.7s
[t=  90.6s] greedy ep 47 games=  96 dec= 17835 rows= 17051 horizon=0.25 nodecap=0 over=0 card=0 drop=0 cfgs= 27.1 L=0.01262 P=nan old=0.01164 new=0.01094 tgt=-0.033/0.519 pstd=0.505 capv=0.040 lr=1.0e-03 gen=0.1s conv=0.0s add=0.1s train=1.7s
[t=  92.4s] greedy ep 48 games=  96 dec= 17391 rows= 16749 horizon=0.28 nodecap=0 over=0 card=0 drop=0 cfgs= 26.5 L=0.01372 P=nan old=0.01350 new=0.01023 tgt=-0.055/0.502 pstd=0.510 capv=0.040 lr=1.0e-03 gen=0.1s conv=0.0s add=0.1s train=1.6s
[t=  94.2s] greedy ep 49 games=  96 dec= 17341 rows= 16662 horizon=0.24 nodecap=0 over=0 card=0 drop=0 cfgs= 26.3 L=0.01299 P=nan old=0.01269 new=0.01133 tgt=-0.029/0.537 pstd=0.507 capv=0.040 lr=1.0e-03 gen=0.1s conv=0.0s add=0.1s train=1.6s
[t=  96.1s] greedy ep 50 games=  96 dec= 17611 rows= 16856 horizon=0.24 nodecap=0 over=0 card=0 drop=0 cfgs= 26.0 L=0.01311 P=nan old=0.01276 new=0.00947 tgt=-0.037/0.526 pstd=0.500 capv=0.040 lr=1.0e-03 gen=0.1s conv=0.0s add=0.1s train=1.6s
[t=  98.0s] greedy ep 51 games=  96 dec= 18677 rows= 17885 horizon=0.28 nodecap=0 over=0 card=0 drop=0 cfgs= 24.3 L=0.01274 P=nan old=0.01176 new=0.01094 tgt=-0.033/0.511 pstd=0.530 capv=0.040 lr=1.0e-03 gen=0.1s conv=0.0s add=0.1s train=1.8s
[t=  99.9s] greedy ep 52 games=  96 dec= 17587 rows= 16856 horizon=0.23 nodecap=0 over=0 card=0 drop=0 cfgs= 27.3 L=0.01258 P=nan old=0.01208 new=0.00892 tgt=-0.068/0.514 pstd=0.524 capv=0.040 lr=1.0e-03 gen=0.1s conv=0.0s add=0.1s train=1.7s
[t= 101.8s] greedy ep 53 games=  96 dec= 18106 rows= 17370 horizon=0.26 nodecap=0 over=0 card=0 drop=0 cfgs= 25.9 L=0.01259 P=nan old=0.01155 new=0.00973 tgt=-0.053/0.533 pstd=0.506 capv=0.040 lr=1.0e-03 gen=0.1s conv=0.0s add=0.1s train=1.7s
[t= 103.8s] greedy ep 54 games=  96 dec= 18472 rows= 17652 horizon=0.30 nodecap=0 over=0 card=0 drop=0 cfgs= 25.4 L=0.01244 P=nan old=0.01305 new=0.00928 tgt=-0.009/0.471 pstd=0.497 capv=0.040 lr=1.0e-03 gen=0.1s conv=0.0s add=0.1s train=1.7s
[t= 105.7s] greedy ep 55 games=  96 dec= 18146 rows= 17347 horizon=0.28 nodecap=0 over=0 card=0 drop=0 cfgs= 25.6 L=0.01274 P=nan old=0.01180 new=0.01066 tgt=-0.023/0.510 pstd=0.511 capv=0.040 lr=1.0e-03 gen=0.1s conv=0.0s add=0.1s train=1.7s
[t= 107.4s] greedy ep 56 games=  96 dec= 16131 rows= 15376 horizon=0.16 nodecap=0 over=0 card=0 drop=0 cfgs= 26.7 L=0.01297 P=nan old=0.01338 new=0.01043 tgt=-0.065/0.536 pstd=0.504 capv=0.040 lr=1.0e-03 gen=0.1s conv=0.0s add=0.1s train=1.5s
[t= 109.4s] greedy ep 57 games=  96 dec= 18231 rows= 17502 horizon=0.30 nodecap=0 over=0 card=0 drop=0 cfgs= 27.4 L=0.01287 P=nan old=0.01205 new=0.01077 tgt=-0.072/0.496 pstd=0.511 capv=0.040 lr=1.0e-03 gen=0.1s conv=0.0s add=0.1s train=1.7s
[t= 111.2s] greedy ep 58 games=  96 dec= 17724 rows= 16937 horizon=0.24 nodecap=0 over=0 card=0 drop=0 cfgs= 26.5 L=0.01352 P=nan old=0.01209 new=0.00991 tgt=-0.017/0.527 pstd=0.532 capv=0.040 lr=1.0e-03 gen=0.1s conv=0.0s add=0.1s train=1.7s
[t= 113.3s] greedy ep 59 games=  96 dec= 19079 rows= 18344 horizon=0.39 nodecap=0 over=0 card=0 drop=0 cfgs= 24.2 L=0.01203 P=nan old=0.01214 new=0.00992 tgt=-0.015/0.451 pstd=0.525 capv=0.040 lr=1.0e-03 gen=0.1s conv=0.0s add=0.1s train=1.8s
[t= 115.1s] greedy ep 60 games=  96 dec= 17559 rows= 16745 horizon=0.22 nodecap=0 over=0 card=0 drop=0 cfgs= 26.2 L=0.01281 P=nan old=0.01192 new=0.01074 tgt=-0.047/0.523 pstd=0.500 capv=0.040 lr=1.0e-03 gen=0.1s conv=0.0s add=0.1s train=1.7s
[t= 116.9s] greedy ep 61 games=  96 dec= 17056 rows= 16339 horizon=0.24 nodecap=0 over=0 card=0 drop=0 cfgs= 25.6 L=0.01238 P=nan old=0.01124 new=0.01187 tgt=-0.050/0.528 pstd=0.508 capv=0.040 lr=1.0e-03 gen=0.1s conv=0.0s add=0.1s train=1.6s
[t= 118.9s] greedy ep 62 games=  96 dec= 18271 rows= 17476 horizon=0.29 nodecap=0 over=0 card=0 drop=0 cfgs= 26.1 L=0.01303 P=nan old=0.01249 new=0.01053 tgt=-0.042/0.502 pstd=0.505 capv=0.040 lr=1.0e-03 gen=0.1s conv=0.0s add=0.1s train=1.7s
[t= 120.8s] greedy ep 63 games=  96 dec= 17999 rows= 17247 horizon=0.30 nodecap=0 over=0 card=0 drop=0 cfgs= 23.8 L=0.01200 P=nan old=0.01212 new=0.00912 tgt=-0.048/0.498 pstd=0.503 capv=0.040 lr=1.0e-03 gen=0.1s conv=0.0s add=0.1s train=1.7s
[t= 122.8s] greedy ep 64 games=  96 dec= 17857 rows= 17056 horizon=0.25 nodecap=0 over=0 card=0 drop=0 cfgs= 26.4 L=0.01258 P=nan old=0.01083 new=0.01013 tgt=-0.038/0.513 pstd=0.501 capv=0.040 lr=1.0e-03 gen=0.1s conv=0.0s add=0.1s train=1.7s
[t= 124.8s] greedy ep 65 games=  96 dec= 18496 rows= 17796 horizon=0.31 nodecap=0 over=0 card=0 drop=0 cfgs= 25.2 L=0.01220 P=nan old=0.01279 new=0.00952 tgt=-0.005/0.457 pstd=0.518 capv=0.040 lr=1.0e-03 gen=0.1s conv=0.0s add=0.1s train=1.7s
[t= 126.6s] greedy ep 66 games=  96 dec= 17203 rows= 16525 horizon=0.27 nodecap=0 over=0 card=0 drop=0 cfgs= 25.5 L=0.01262 P=nan old=0.01223 new=0.00905 tgt=-0.051/0.527 pstd=0.519 capv=0.040 lr=1.0e-03 gen=0.1s conv=0.0s add=0.1s train=1.6s
[t= 128.5s] greedy ep 67 games=  96 dec= 17285 rows= 16558 horizon=0.22 nodecap=0 over=0 card=0 drop=0 cfgs= 26.7 L=0.01315 P=nan old=0.01264 new=0.00944 tgt=-0.055/0.521 pstd=0.515 capv=0.040 lr=1.0e-03 gen=0.1s conv=0.0s add=0.1s train=1.7s
[t= 130.3s] greedy ep 68 games=  96 dec= 17378 rows= 16556 horizon=0.24 nodecap=0 over=0 card=0 drop=0 cfgs= 26.4 L=0.01282 P=nan old=0.01336 new=0.00895 tgt=-0.024/0.519 pstd=0.508 capv=0.040 lr=1.0e-03 gen=0.1s conv=0.0s add=0.1s train=1.7s
[t= 132.3s] greedy ep 69 games=  96 dec= 17742 rows= 16952 horizon=0.28 nodecap=0 over=0 card=0 drop=0 cfgs= 26.0 L=0.01298 P=nan old=0.01245 new=0.00990 tgt=-0.027/0.500 pstd=0.498 capv=0.040 lr=1.0e-03 gen=0.1s conv=0.0s add=0.1s train=1.7s
[t= 134.1s] greedy ep 70 games=  96 dec= 17238 rows= 16501 horizon=0.21 nodecap=0 over=0 card=0 drop=0 cfgs= 24.1 L=0.01293 P=nan old=0.01182 new=0.00991 tgt=-0.028/0.497 pstd=0.501 capv=0.040 lr=1.0e-03 gen=0.1s conv=0.0s add=0.1s train=1.6s
[t= 135.9s] greedy ep 71 games=  96 dec= 16790 rows= 16081 horizon=0.24 nodecap=0 over=0 card=0 drop=0 cfgs= 24.2 L=0.01261 P=nan old=0.01313 new=0.00938 tgt=-0.024/0.519 pstd=0.501 capv=0.040 lr=1.0e-03 gen=0.1s conv=0.0s add=0.1s train=1.6s
[t= 137.8s] greedy ep 72 games=  96 dec= 18266 rows= 17551 horizon=0.30 nodecap=0 over=0 card=0 drop=0 cfgs= 24.5 L=0.01303 P=nan old=0.01272 new=0.00978 tgt=-0.020/0.478 pstd=0.502 capv=0.040 lr=1.0e-03 gen=0.1s conv=0.0s add=0.1s train=1.7s
[t= 139.6s] greedy ep 73 games=  96 dec= 16874 rows= 16129 horizon=0.18 nodecap=0 over=0 card=0 drop=0 cfgs= 27.6 L=0.01337 P=nan old=0.01380 new=0.00996 tgt=-0.022/0.533 pstd=0.519 capv=0.040 lr=1.0e-03 gen=0.1s conv=0.0s add=0.1s train=1.6s
[t= 141.5s] greedy ep 74 games=  96 dec= 18151 rows= 17365 horizon=0.30 nodecap=0 over=0 card=0 drop=0 cfgs= 26.5 L=0.01234 P=nan old=0.01251 new=0.01025 tgt=-0.042/0.519 pstd=0.501 capv=0.040 lr=1.0e-03 gen=0.1s conv=0.0s add=0.1s train=1.7s
[t= 143.3s] greedy ep 75 games=  96 dec= 17803 rows= 16996 horizon=0.28 nodecap=0 over=0 card=0 drop=0 cfgs= 24.2 L=0.01188 P=nan old=0.01221 new=0.00957 tgt=-0.038/0.504 pstd=0.502 capv=0.040 lr=1.0e-03 gen=0.1s conv=0.0s add=0.1s train=1.6s
[t= 145.1s] greedy ep 76 games=  96 dec= 17047 rows= 16227 horizon=0.20 nodecap=0 over=0 card=0 drop=0 cfgs= 26.7 L=0.01295 P=nan old=0.01169 new=0.00904 tgt=-0.066/0.537 pstd=0.528 capv=0.040 lr=1.0e-03 gen=0.1s conv=0.0s add=0.1s train=1.6s
[t= 147.0s] greedy ep 77 games=  96 dec= 18040 rows= 17274 horizon=0.30 nodecap=0 over=0 card=0 drop=0 cfgs= 27.0 L=0.01269 P=nan old=0.01275 new=0.01064 tgt=-0.104/0.535 pstd=0.513 capv=0.040 lr=1.0e-03 gen=0.1s conv=0.0s add=0.1s train=1.7s
[t= 148.9s] greedy ep 78 games=  96 dec= 17991 rows= 17227 horizon=0.26 nodecap=0 over=0 card=0 drop=0 cfgs= 25.5 L=0.01260 P=nan old=0.01215 new=0.00935 tgt=-0.025/0.492 pstd=0.503 capv=0.040 lr=1.0e-03 gen=0.1s conv=0.0s add=0.1s train=1.7s
[t= 150.8s] greedy ep 79 games=  96 dec= 17626 rows= 16897 horizon=0.27 nodecap=0 over=0 card=0 drop=0 cfgs= 25.6 L=0.01220 P=nan old=0.01156 new=0.00895 tgt=-0.007/0.505 pstd=0.501 capv=0.040 lr=1.0e-03 gen=0.1s conv=0.0s add=0.1s train=1.7s
[t= 152.7s] greedy ep 80 games=  96 dec= 17885 rows= 17173 horizon=0.30 nodecap=0 over=0 card=0 drop=0 cfgs= 25.9 L=0.01229 P=nan old=0.01329 new=0.00973 tgt=-0.036/0.489 pstd=0.497 capv=0.040 lr=1.0e-03 gen=0.1s conv=0.0s add=0.1s train=1.7s
[t= 154.7s] greedy ep 81 games=  96 dec= 18559 rows= 17808 horizon=0.33 nodecap=0 over=0 card=0 drop=0 cfgs= 26.2 L=0.01194 P=nan old=0.01284 new=0.00893 tgt=-0.039/0.491 pstd=0.490 capv=0.040 lr=1.0e-03 gen=0.1s conv=0.0s add=0.1s train=1.8s
[t= 156.6s] greedy ep 82 games=  96 dec= 17713 rows= 17078 horizon=0.32 nodecap=0 over=0 card=0 drop=0 cfgs= 25.1 L=0.01206 P=nan old=0.01106 new=0.00936 tgt=-0.025/0.478 pstd=0.492 capv=0.040 lr=1.0e-03 gen=0.1s conv=0.0s add=0.1s train=1.7s
[t= 158.5s] greedy ep 83 games=  96 dec= 17875 rows= 17133 horizon=0.29 nodecap=0 over=0 card=0 drop=0 cfgs= 24.4 L=0.01177 P=nan old=0.01186 new=0.00863 tgt=-0.066/0.508 pstd=0.510 capv=0.040 lr=1.0e-03 gen=0.1s conv=0.0s add=0.1s train=1.7s
[t= 160.4s] greedy ep 84 games=  96 dec= 17794 rows= 17079 horizon=0.31 nodecap=0 over=0 card=0 drop=0 cfgs= 26.7 L=0.01189 P=nan old=0.01062 new=0.00862 tgt=-0.004/0.490 pstd=0.511 capv=0.040 lr=1.0e-03 gen=0.1s conv=0.0s add=0.1s train=1.7s
[t= 162.3s] greedy ep 85 games=  96 dec= 18277 rows= 17523 horizon=0.32 nodecap=0 over=0 card=0 drop=0 cfgs= 24.6 L=0.01159 P=nan old=0.01168 new=0.00855 tgt=+0.006/0.466 pstd=0.498 capv=0.040 lr=1.0e-03 gen=0.1s conv=0.0s add=0.1s train=1.7s
[t= 164.2s] greedy ep 86 games=  96 dec= 17640 rows= 16816 horizon=0.25 nodecap=0 over=0 card=0 drop=0 cfgs= 27.1 L=0.01214 P=nan old=0.01297 new=0.00854 tgt=-0.039/0.514 pstd=0.508 capv=0.040 lr=1.0e-03 gen=0.1s conv=0.0s add=0.1s train=1.7s
[t= 166.1s] greedy ep 87 games=  96 dec= 18112 rows= 17403 horizon=0.32 nodecap=0 over=0 card=0 drop=0 cfgs= 24.9 L=0.01115 P=nan old=0.01147 new=0.00775 tgt=-0.035/0.482 pstd=0.504 capv=0.040 lr=1.0e-03 gen=0.1s conv=0.0s add=0.1s train=1.7s
[t= 167.9s] greedy ep 88 games=  96 dec= 17512 rows= 16741 horizon=0.23 nodecap=0 over=0 card=0 drop=0 cfgs= 25.7 L=0.01219 P=nan old=0.01184 new=0.00829 tgt=-0.045/0.545 pstd=0.496 capv=0.040 lr=1.0e-03 gen=0.1s conv=0.0s add=0.1s train=1.6s
[t= 169.6s] greedy ep 89 games=  96 dec= 17218 rows= 16441 horizon=0.23 nodecap=0 over=0 card=0 drop=0 cfgs= 26.0 L=0.01216 P=nan old=0.01161 new=0.00890 tgt=-0.027/0.525 pstd=0.491 capv=0.040 lr=1.0e-03 gen=0.1s conv=0.0s add=0.1s train=1.6s
[t= 171.4s] greedy ep 90 games=  96 dec= 16942 rows= 16148 horizon=0.19 nodecap=0 over=0 card=0 drop=0 cfgs= 27.8 L=0.01211 P=nan old=0.01307 new=0.00901 tgt=-0.033/0.530 pstd=0.504 capv=0.040 lr=1.0e-03 gen=0.1s conv=0.0s add=0.1s train=1.6s
[t= 173.2s] greedy ep 91 games=  96 dec= 17723 rows= 17006 horizon=0.28 nodecap=0 over=0 card=0 drop=0 cfgs= 22.9 L=0.01175 P=nan old=0.01168 new=0.00838 tgt=-0.012/0.478 pstd=0.502 capv=0.040 lr=1.0e-03 gen=0.1s conv=0.0s add=0.1s train=1.6s
[t= 175.2s] greedy ep 92 games=  96 dec= 18746 rows= 18032 horizon=0.38 nodecap=0 over=0 card=0 drop=0 cfgs= 24.1 L=0.01134 P=nan old=0.01102 new=0.00921 tgt=-0.030/0.476 pstd=0.508 capv=0.040 lr=1.0e-03 gen=0.1s conv=0.0s add=0.1s train=1.7s
[t= 177.1s] greedy ep 93 games=  96 dec= 18613 rows= 17900 horizon=0.33 nodecap=0 over=0 card=0 drop=0 cfgs= 24.8 L=0.01164 P=nan old=0.01105 new=0.00951 tgt=-0.037/0.499 pstd=0.509 capv=0.040 lr=1.0e-03 gen=0.1s conv=0.0s add=0.1s train=1.7s
[t= 178.9s] greedy ep 94 games=  96 dec= 17092 rows= 16290 horizon=0.21 nodecap=0 over=0 card=0 drop=0 cfgs= 26.0 L=0.01191 P=nan old=0.01135 new=0.00861 tgt=-0.007/0.503 pstd=0.509 capv=0.040 lr=1.0e-03 gen=0.1s conv=0.0s add=0.1s train=1.6s
[t= 180.9s] greedy ep 95 games=  96 dec= 18709 rows= 17916 horizon=0.29 nodecap=0 over=0 card=0 drop=0 cfgs= 25.8 L=0.01200 P=nan old=0.01171 new=0.01071 tgt=-0.045/0.492 pstd=0.517 capv=0.040 lr=1.0e-03 gen=0.1s conv=0.0s add=0.1s train=1.7s
[t= 183.1s] greedy ep 96 games=  96 dec= 17772 rows= 17029 horizon=0.29 nodecap=0 over=0 card=0 drop=0 cfgs= 23.4 L=0.01213 P=nan old=0.01135 new=0.00951 tgt=-0.035/0.530 pstd=0.495 capv=0.040 lr=1.0e-03 gen=0.1s conv=0.0s add=0.1s train=2.0s
[t= 185.3s] greedy ep 97 games=  96 dec= 17587 rows= 16911 horizon=0.28 nodecap=0 over=0 card=0 drop=0 cfgs= 26.5 L=0.01177 P=nan old=0.01198 new=0.00849 tgt=-0.055/0.511 pstd=0.503 capv=0.040 lr=1.0e-03 gen=0.1s conv=0.0s add=0.1s train=2.0s
[t= 187.3s] greedy ep 98 games=  96 dec= 17679 rows= 16976 horizon=0.31 nodecap=0 over=0 card=0 drop=0 cfgs= 24.3 L=0.01176 P=nan old=0.01221 new=0.00887 tgt=+0.003/0.470 pstd=0.502 capv=0.040 lr=1.0e-03 gen=0.1s conv=0.0s add=0.1s train=1.8s
[t= 189.2s] greedy ep 99 games=  96 dec= 17482 rows= 16756 horizon=0.25 nodecap=0 over=0 card=0 drop=0 cfgs= 27.0 L=0.01217 P=nan old=0.01291 new=0.00834 tgt=-0.036/0.524 pstd=0.496 capv=0.040 lr=1.0e-03 gen=0.1s conv=0.0s add=0.1s train=1.7s
[t= 191.1s] greedy ep100 games=  96 dec= 17693 rows= 16922 horizon=0.26 nodecap=0 over=0 card=0 drop=0 cfgs= 25.9 L=0.01246 P=nan old=0.01279 new=0.00909 tgt=-0.071/0.514 pstd=0.498 capv=0.040 lr=1.0e-03 gen=0.1s conv=0.0s add=0.1s train=1.7s
[t= 193.1s] greedy ep101 games=  96 dec= 18145 rows= 17414 horizon=0.32 nodecap=0 over=0 card=0 drop=0 cfgs= 25.7 L=0.01198 P=nan old=0.01097 new=0.00735 tgt=-0.055/0.493 pstd=0.504 capv=0.040 lr=1.0e-03 gen=0.1s conv=0.0s add=0.1s train=1.8s
[t= 195.0s] greedy ep102 games=  96 dec= 17648 rows= 16860 horizon=0.25 nodecap=0 over=0 card=0 drop=0 cfgs= 24.8 L=0.01214 P=nan old=0.01229 new=0.00941 tgt=-0.025/0.509 pstd=0.508 capv=0.040 lr=1.0e-03 gen=0.1s conv=0.0s add=0.1s train=1.7s
[t= 196.9s] greedy ep103 games=  96 dec= 17998 rows= 17270 horizon=0.26 nodecap=0 over=0 card=0 drop=0 cfgs= 25.6 L=0.01162 P=nan old=0.01208 new=0.00922 tgt=-0.042/0.495 pstd=0.498 capv=0.040 lr=1.0e-03 gen=0.1s conv=0.0s add=0.1s train=1.7s
[t= 198.9s] greedy ep104 games=  96 dec= 17925 rows= 17111 horizon=0.23 nodecap=0 over=0 card=0 drop=0 cfgs= 26.0 L=0.01169 P=nan old=0.01292 new=0.00820 tgt=-0.040/0.525 pstd=0.500 capv=0.040 lr=1.0e-03 gen=0.1s conv=0.0s add=0.1s train=1.7s
[t= 200.9s] greedy ep105 games=  96 dec= 18427 rows= 17752 horizon=0.31 nodecap=0 over=0 card=0 drop=0 cfgs= 25.4 L=0.01160 P=nan old=0.01272 new=0.00770 tgt=-0.027/0.492 pstd=0.495 capv=0.040 lr=1.0e-03 gen=0.1s conv=0.0s add=0.1s train=1.8s
[t= 202.8s] greedy ep106 games=  96 dec= 18120 rows= 17433 horizon=0.31 nodecap=0 over=0 card=0 drop=0 cfgs= 26.4 L=0.01224 P=nan old=0.01271 new=0.00946 tgt=-0.053/0.477 pstd=0.509 capv=0.040 lr=1.0e-03 gen=0.1s conv=0.0s add=0.1s train=1.7s
[t= 204.7s] greedy ep107 games=  96 dec= 18860 rows= 18044 horizon=0.34 nodecap=0 over=0 card=0 drop=0 cfgs= 23.8 L=0.01158 P=nan old=0.01052 new=0.00827 tgt=-0.031/0.487 pstd=0.512 capv=0.040 lr=1.0e-03 gen=0.1s conv=0.0s add=0.1s train=1.8s
[t= 206.7s] greedy ep108 games=  96 dec= 18331 rows= 17552 horizon=0.32 nodecap=0 over=0 card=0 drop=0 cfgs= 26.3 L=0.01172 P=nan old=0.01210 new=0.00919 tgt=-0.046/0.514 pstd=0.509 capv=0.040 lr=1.0e-03 gen=0.1s conv=0.0s add=0.1s train=1.7s
[t= 208.4s] greedy ep109 games=  96 dec= 17217 rows= 16494 horizon=0.25 nodecap=0 over=0 card=0 drop=0 cfgs= 26.2 L=0.01126 P=nan old=0.01187 new=0.00752 tgt=-0.062/0.517 pstd=0.508 capv=0.040 lr=1.0e-03 gen=0.1s conv=0.0s add=0.1s train=1.5s
[t= 210.3s] greedy ep110 games=  96 dec= 18112 rows= 17357 horizon=0.34 nodecap=0 over=0 card=0 drop=0 cfgs= 24.4 L=0.01133 P=nan old=0.01206 new=0.00761 tgt=-0.055/0.480 pstd=0.497 capv=0.040 lr=1.0e-03 gen=0.1s conv=0.0s add=0.1s train=1.7s
[t= 212.3s] greedy ep111 games=  96 dec= 18099 rows= 17322 horizon=0.30 nodecap=0 over=0 card=0 drop=0 cfgs= 23.7 L=0.01122 P=nan old=0.01038 new=0.00812 tgt=-0.059/0.493 pstd=0.512 capv=0.040 lr=1.0e-03 gen=0.1s conv=0.0s add=0.1s train=1.7s
[t= 214.3s] greedy ep112 games=  96 dec= 18852 rows= 18123 horizon=0.33 nodecap=0 over=0 card=0 drop=0 cfgs= 24.0 L=0.01101 P=nan old=0.01052 new=0.00739 tgt=-0.018/0.496 pstd=0.487 capv=0.040 lr=1.0e-03 gen=0.1s conv=0.0s add=0.1s train=1.8s
[t= 216.3s] greedy ep113 games=  96 dec= 18334 rows= 17543 horizon=0.35 nodecap=0 over=0 card=0 drop=0 cfgs= 24.8 L=0.01118 P=nan old=0.01115 new=0.00791 tgt=-0.056/0.498 pstd=0.510 capv=0.040 lr=1.0e-03 gen=0.1s conv=0.0s add=0.1s train=1.7s
[t= 218.2s] greedy ep114 games=  96 dec= 17993 rows= 17167 horizon=0.25 nodecap=0 over=0 card=0 drop=0 cfgs= 27.0 L=0.01203 P=nan old=0.01159 new=0.00871 tgt=-0.037/0.490 pstd=0.487 capv=0.040 lr=1.0e-03 gen=0.1s conv=0.0s add=0.1s train=1.7s
[t= 220.0s] greedy ep115 games=  96 dec= 16911 rows= 16238 horizon=0.17 nodecap=0 over=0 card=0 drop=0 cfgs= 29.0 L=0.01233 P=nan old=0.01221 new=0.00843 tgt=-0.042/0.541 pstd=0.497 capv=0.040 lr=1.0e-03 gen=0.1s conv=0.0s add=0.1s train=1.6s
[t= 221.9s] greedy ep116 games=  96 dec= 18267 rows= 17412 horizon=0.30 nodecap=0 over=0 card=0 drop=0 cfgs= 25.4 L=0.01165 P=nan old=0.01139 new=0.00770 tgt=-0.017/0.474 pstd=0.506 capv=0.040 lr=1.0e-03 gen=0.1s conv=0.0s add=0.1s train=1.8s
[t= 223.9s] greedy ep117 games=  96 dec= 18040 rows= 17229 horizon=0.27 nodecap=0 over=0 card=0 drop=0 cfgs= 24.5 L=0.01151 P=nan old=0.01187 new=0.00869 tgt=-0.039/0.519 pstd=0.503 capv=0.040 lr=1.0e-03 gen=0.1s conv=0.0s add=0.1s train=1.7s
[t= 225.8s] greedy ep118 games=  96 dec= 17601 rows= 16890 horizon=0.30 nodecap=0 over=0 card=0 drop=0 cfgs= 26.6 L=0.01126 P=nan old=0.01115 new=0.00775 tgt=-0.030/0.485 pstd=0.495 capv=0.040 lr=1.0e-03 gen=0.1s conv=0.0s add=0.1s train=1.7s
[t= 227.7s] greedy ep119 games=  96 dec= 17672 rows= 16875 horizon=0.27 nodecap=0 over=0 card=0 drop=0 cfgs= 26.3 L=0.01132 P=nan old=0.01212 new=0.00724 tgt=-0.025/0.510 pstd=0.493 capv=0.040 lr=1.0e-03 gen=0.1s conv=0.0s add=0.1s train=1.7s
[t= 229.7s] greedy ep120 games=  96 dec= 18448 rows= 17712 horizon=0.33 nodecap=0 over=0 card=0 drop=0 cfgs= 25.8 L=0.01129 P=nan old=0.01211 new=0.00810 tgt=-0.030/0.485 pstd=0.499 capv=0.040 lr=1.0e-03 gen=0.1s conv=0.0s add=0.1s train=1.7s
[t= 231.5s] greedy ep121 games=  96 dec= 16905 rows= 16152 horizon=0.20 nodecap=0 over=0 card=0 drop=0 cfgs= 26.9 L=0.01173 P=nan old=0.01203 new=0.00814 tgt=-0.018/0.507 pstd=0.495 capv=0.040 lr=1.0e-03 gen=0.1s conv=0.0s add=0.1s train=1.6s
[t= 233.4s] greedy ep122 games=  96 dec= 18008 rows= 17165 horizon=0.23 nodecap=0 over=0 card=0 drop=0 cfgs= 26.0 L=0.01157 P=nan old=0.01092 new=0.00767 tgt=-0.028/0.532 pstd=0.497 capv=0.040 lr=1.0e-03 gen=0.1s conv=0.0s add=0.1s train=1.7s
[t= 235.5s] greedy ep123 games=  96 dec= 18308 rows= 17590 horizon=0.35 nodecap=0 over=0 card=0 drop=0 cfgs= 26.0 L=0.01096 P=nan old=0.01220 new=0.00821 tgt=-0.033/0.465 pstd=0.482 capv=0.040 lr=1.0e-03 gen=0.1s conv=0.0s add=0.1s train=1.8s
[t= 237.5s] greedy ep124 games=  96 dec= 18350 rows= 17605 horizon=0.31 nodecap=0 over=0 card=0 drop=0 cfgs= 25.2 L=0.01055 P=nan old=0.01091 new=0.00756 tgt=-0.033/0.503 pstd=0.485 capv=0.040 lr=1.0e-03 gen=0.1s conv=0.0s add=0.1s train=1.8s
[t= 239.4s] greedy ep125 games=  96 dec= 17861 rows= 17114 horizon=0.30 nodecap=0 over=0 card=0 drop=0 cfgs= 26.3 L=0.01126 P=nan old=0.01173 new=0.00775 tgt=-0.043/0.506 pstd=0.461 capv=0.040 lr=1.0e-03 gen=0.1s conv=0.0s add=0.1s train=1.7s
[t= 241.3s] greedy ep126 games=  96 dec= 17136 rows= 16405 horizon=0.25 nodecap=0 over=0 card=0 drop=0 cfgs= 26.3 L=0.01133 P=nan old=0.01011 new=0.00811 tgt=-0.043/0.509 pstd=0.461 capv=0.040 lr=1.0e-03 gen=0.1s conv=0.0s add=0.1s train=1.7s
[t= 243.3s] greedy ep127 games=  96 dec= 18546 rows= 17684 horizon=0.26 nodecap=0 over=0 card=0 drop=0 cfgs= 25.2 L=0.01073 P=nan old=0.01072 new=0.00700 tgt=+0.000/0.481 pstd=0.463 capv=0.040 lr=1.0e-03 gen=0.1s conv=0.0s add=0.1s train=1.8s
[t= 245.3s] greedy ep128 games=  96 dec= 18090 rows= 17324 horizon=0.27 nodecap=0 over=0 card=0 drop=0 cfgs= 25.7 L=0.01097 P=nan old=0.01154 new=0.00746 tgt=-0.037/0.498 pstd=0.457 capv=0.040 lr=1.0e-03 gen=0.1s conv=0.0s add=0.1s train=1.8s
[t= 247.5s] greedy ep129 games=  96 dec= 17712 rows= 17032 horizon=0.28 nodecap=0 over=0 card=0 drop=0 cfgs= 25.2 L=0.01101 P=nan old=0.01083 new=0.00688 tgt=-0.048/0.516 pstd=0.457 capv=0.040 lr=1.0e-03 gen=0.1s conv=0.0s add=0.1s train=2.0s
[t= 249.8s] greedy ep130 games=  96 dec= 18271 rows= 17535 horizon=0.29 nodecap=0 over=0 card=0 drop=0 cfgs= 25.3 L=0.01049 P=nan old=0.01072 new=0.00715 tgt=-0.038/0.493 pstd=0.450 capv=0.040 lr=1.0e-03 gen=0.1s conv=0.0s add=0.1s train=2.1s
[t= 252.2s] greedy ep131 games=  96 dec= 18299 rows= 17567 horizon=0.33 nodecap=0 over=0 card=0 drop=0 cfgs= 24.7 L=0.01071 P=nan old=0.01032 new=0.00671 tgt=-0.023/0.488 pstd=0.459 capv=0.040 lr=1.0e-03 gen=0.1s conv=0.0s add=0.1s train=2.1s
[t= 254.4s] greedy ep132 games=  96 dec= 18040 rows= 17211 horizon=0.26 nodecap=0 over=0 card=0 drop=0 cfgs= 25.2 L=0.00982 P=nan old=0.01097 new=0.00752 tgt=-0.060/0.513 pstd=0.461 capv=0.040 lr=1.0e-03 gen=0.1s conv=0.0s add=0.1s train=2.0s
[t= 256.5s] greedy ep133 games=  96 dec= 17501 rows= 16761 horizon=0.23 nodecap=0 over=0 card=0 drop=0 cfgs= 27.1 L=0.01090 P=nan old=0.01114 new=0.00623 tgt=-0.060/0.505 pstd=0.452 capv=0.040 lr=1.0e-03 gen=0.1s conv=0.0s add=0.1s train=1.9s
[t= 258.4s] greedy ep134 games=  96 dec= 17353 rows= 16639 horizon=0.28 nodecap=0 over=0 card=0 drop=0 cfgs= 25.4 L=0.01091 P=nan old=0.01168 new=0.00710 tgt=-0.046/0.503 pstd=0.426 capv=0.040 lr=1.0e-03 gen=0.1s conv=0.0s add=0.1s train=1.7s
[t= 260.3s] greedy ep135 games=  96 dec= 17684 rows= 16946 horizon=0.28 nodecap=0 over=0 card=0 drop=0 cfgs= 25.3 L=0.01040 P=nan old=0.01084 new=0.00637 tgt=-0.045/0.515 pstd=0.429 capv=0.040 lr=1.0e-03 gen=0.1s conv=0.0s add=0.1s train=1.7s
[t= 262.3s] greedy ep136 games=  96 dec= 18501 rows= 17667 horizon=0.30 nodecap=0 over=0 card=0 drop=0 cfgs= 24.4 L=0.01032 P=nan old=0.01071 new=0.00725 tgt=-0.046/0.499 pstd=0.435 capv=0.040 lr=1.0e-03 gen=0.1s conv=0.0s add=0.1s train=1.8s
[t= 264.2s] greedy ep137 games=  96 dec= 17514 rows= 16807 horizon=0.23 nodecap=0 over=0 card=0 drop=0 cfgs= 27.0 L=0.00987 P=nan old=0.00985 new=0.00711 tgt=-0.051/0.531 pstd=0.442 capv=0.040 lr=1.0e-03 gen=0.1s conv=0.0s add=0.1s train=1.7s
[t= 266.1s] greedy ep138 games=  96 dec= 17670 rows= 16915 horizon=0.24 nodecap=0 over=0 card=0 drop=0 cfgs= 27.9 L=0.00999 P=nan old=0.00944 new=0.00682 tgt=-0.063/0.508 pstd=0.443 capv=0.040 lr=1.0e-03 gen=0.1s conv=0.0s add=0.1s train=1.7s
[t= 268.0s] greedy ep139 games=  96 dec= 17589 rows= 16899 horizon=0.30 nodecap=0 over=0 card=0 drop=0 cfgs= 26.1 L=0.00951 P=nan old=0.00884 new=0.00723 tgt=-0.017/0.495 pstd=0.416 capv=0.040 lr=1.0e-03 gen=0.1s conv=0.0s add=0.1s train=1.7s
[t= 269.8s] greedy ep140 games=  96 dec= 16949 rows= 16231 horizon=0.22 nodecap=0 over=0 card=0 drop=0 cfgs= 26.3 L=0.01051 P=nan old=0.01070 new=0.00778 tgt=-0.015/0.497 pstd=0.419 capv=0.040 lr=1.0e-03 gen=0.1s conv=0.0s add=0.1s train=1.6s
[t= 271.8s] greedy ep141 games=  96 dec= 18291 rows= 17499 horizon=0.34 nodecap=0 over=0 card=0 drop=0 cfgs= 25.2 L=0.01012 P=nan old=0.01047 new=0.00715 tgt=-0.040/0.497 pstd=0.437 capv=0.040 lr=1.0e-03 gen=0.1s conv=0.0s add=0.1s train=1.7s
[t= 273.7s] greedy ep142 games=  96 dec= 18539 rows= 17805 horizon=0.36 nodecap=0 over=0 card=0 drop=0 cfgs= 22.6 L=0.00965 P=nan old=0.01080 new=0.00672 tgt=-0.039/0.494 pstd=0.427 capv=0.040 lr=1.0e-03 gen=0.1s conv=0.0s add=0.1s train=1.8s
[t= 275.6s] greedy ep143 games=  96 dec= 17142 rows= 16381 horizon=0.17 nodecap=0 over=0 card=0 drop=0 cfgs= 26.0 L=0.01018 P=nan old=0.00942 new=0.00787 tgt=-0.036/0.539 pstd=0.437 capv=0.040 lr=1.0e-03 gen=0.1s conv=0.0s add=0.1s train=1.6s
[t= 277.6s] greedy ep144 games=  96 dec= 18517 rows= 17786 horizon=0.35 nodecap=0 over=0 card=0 drop=0 cfgs= 26.4 L=0.00960 P=nan old=0.01006 new=0.00710 tgt=-0.054/0.492 pstd=0.439 capv=0.040 lr=1.0e-03 gen=0.1s conv=0.0s add=0.1s train=1.8s
[t= 279.4s] greedy ep145 games=  96 dec= 17532 rows= 16806 horizon=0.28 nodecap=0 over=0 card=0 drop=0 cfgs= 25.2 L=0.00990 P=nan old=0.00933 new=0.00574 tgt=-0.034/0.507 pstd=0.426 capv=0.040 lr=1.0e-03 gen=0.1s conv=0.0s add=0.1s train=1.7s
[t= 281.4s] greedy ep146 games=  96 dec= 18214 rows= 17444 horizon=0.29 nodecap=0 over=0 card=0 drop=0 cfgs= 25.2 L=0.00921 P=nan old=0.00999 new=0.00636 tgt=-0.021/0.506 pstd=0.433 capv=0.040 lr=1.0e-03 gen=0.1s conv=0.0s add=0.1s train=1.7s
[t= 283.3s] greedy ep147 games=  96 dec= 17659 rows= 16905 horizon=0.25 nodecap=0 over=0 card=0 drop=0 cfgs= 25.6 L=0.00995 P=nan old=0.01044 new=0.00631 tgt=-0.021/0.494 pstd=0.433 capv=0.040 lr=1.0e-03 gen=0.1s conv=0.0s add=0.1s train=1.7s
[t= 285.1s] greedy ep148 games=  96 dec= 17057 rows= 16313 horizon=0.23 nodecap=0 over=0 card=0 drop=0 cfgs= 26.9 L=0.01033 P=nan old=0.00931 new=0.00604 tgt=-0.053/0.534 pstd=0.446 capv=0.040 lr=1.0e-03 gen=0.1s conv=0.0s add=0.1s train=1.6s
[t= 287.1s] greedy ep149 games=  96 dec= 18150 rows= 17444 horizon=0.31 nodecap=0 over=0 card=0 drop=0 cfgs= 25.9 L=0.00954 P=nan old=0.00940 new=0.00660 tgt=-0.034/0.494 pstd=0.428 capv=0.040 lr=1.0e-03 gen=0.1s conv=0.0s add=0.1s train=1.7s
[t= 289.0s] greedy ep150 games=  96 dec= 17633 rows= 16889 horizon=0.28 nodecap=0 over=0 card=0 drop=0 cfgs= 27.0 L=0.00934 P=nan old=0.00938 new=0.00659 tgt=-0.022/0.486 pstd=0.443 capv=0.040 lr=1.0e-03 gen=0.1s conv=0.0s add=0.1s train=1.6s
[t= 290.9s] greedy ep151 games=  96 dec= 17778 rows= 17028 horizon=0.26 nodecap=0 over=0 card=0 drop=0 cfgs= 27.8 L=0.00982 P=nan old=0.00950 new=0.00731 tgt=-0.031/0.503 pstd=0.442 capv=0.040 lr=1.0e-03 gen=0.1s conv=0.0s add=0.1s train=1.7s
[t= 292.9s] greedy ep152 games=  96 dec= 18697 rows= 17982 horizon=0.38 nodecap=0 over=0 card=0 drop=0 cfgs= 24.3 L=0.00912 P=nan old=0.00863 new=0.00588 tgt=-0.016/0.467 pstd=0.425 capv=0.040 lr=1.0e-03 gen=0.1s conv=0.0s add=0.1s train=1.8s
[t= 294.8s] greedy ep153 games=  96 dec= 17563 rows= 16778 horizon=0.21 nodecap=0 over=0 card=0 drop=0 cfgs= 25.6 L=0.00970 P=nan old=0.01009 new=0.00725 tgt=-0.044/0.510 pstd=0.431 capv=0.040 lr=1.0e-03 gen=0.1s conv=0.0s add=0.1s train=1.7s
[t= 296.7s] greedy ep154 games=  96 dec= 18373 rows= 17558 horizon=0.30 nodecap=0 over=0 card=0 drop=0 cfgs= 25.3 L=0.00909 P=nan old=0.00910 new=0.00596 tgt=-0.025/0.476 pstd=0.426 capv=0.040 lr=1.0e-03 gen=0.1s conv=0.0s add=0.1s train=1.7s
[t= 298.6s] greedy ep155 games=  96 dec= 16679 rows= 15889 horizon=0.19 nodecap=0 over=0 card=0 drop=0 cfgs= 28.4 L=0.00953 P=nan old=0.00904 new=0.00665 tgt=-0.017/0.524 pstd=0.419 capv=0.040 lr=1.0e-03 gen=0.1s conv=0.0s add=0.1s train=1.6s
[t= 300.5s] greedy ep156 games=  96 dec= 18369 rows= 17544 horizon=0.28 nodecap=0 over=0 card=0 drop=0 cfgs= 25.7 L=0.00944 P=nan old=0.00897 new=0.00588 tgt=-0.015/0.500 pstd=0.420 capv=0.040 lr=1.0e-03 gen=0.1s conv=0.0s add=0.1s train=1.8s
[t= 300.6s] --- snapshot snap_00.pt (init) ---
[t= 300.6s] --- switching to ReBeL ---
v5 GEMM compute=fast-f16
[t= 310.6s] rebel stream solves=15360 solves=1529/s rows=9021/s balanced_rows=8970/s debt=256 rows steps=44 over=0 card=0 drop=0 L=0.02374 tgt=-0.016/0.320 cfg/b=38006 prep=0.23s gpu=0.00s conv=0.00s add=0.47s train=1.44s
[t= 320.7s] rebel stream solves=41984 solves=2090/s rows=15114/s balanced_rows=15089/s debt=256 rows steps=148 over=0 card=0 drop=0 L=0.00728 tgt=-0.017/0.303 cfg/b=54593 prep=0.50s gpu=0.00s conv=0.04s add=1.10s train=2.98s
[t= 330.9s] rebel stream solves=58368 solves=1927/s rows=14347/s balanced_rows=14331/s debt=252 rows steps=212 over=0 card=0 drop=0 L=0.00513 tgt=-0.013/0.322 cfg/b=39134 prep=0.33s gpu=0.00s conv=0.00s add=0.46s train=1.93s
[t= 340.9s] rebel stream solves=75776 solves=1880/s rows=14238/s balanced_rows=14226/s debt=242 rows steps=280 over=0 card=0 drop=0 L=0.00441 tgt=-0.019/0.331 cfg/b=32797 prep=0.35s gpu=0.00s conv=0.00s add=0.42s train=2.06s
[t= 350.9s] rebel stream solves=89088 solves=1771/s rows=13522/s balanced_rows=13514/s debt=204 rows steps=332 over=0 card=0 drop=0 L=0.00412 tgt=-0.034/0.344 cfg/b=25232 prep=0.32s gpu=0.00s conv=0.01s add=0.24s train=1.64s
[t= 360.9s] rebel stream solves=101376 solves=1681/s rows=12906/s balanced_rows=12903/s debt=102 rows steps=380 over=0 card=0 drop=0 L=0.00401 tgt=-0.040/0.349 cfg/b=23912 prep=0.25s gpu=0.00s conv=0.00s add=0.21s train=1.49s
[t= 370.9s] rebel stream solves=112640 solves=1602/s rows=12347/s balanced_rows=12318/s debt=1010 rows steps=423 over=0 card=0 drop=0 L=0.00387 tgt=-0.039/0.354 cfg/b=21268 prep=0.27s gpu=0.00s conv=0.00s add=0.16s train=1.45s
[t= 380.9s] rebel stream solves=123904 solves=1542/s rows=11927/s balanced_rows=11906/s debt=842 rows steps=467 over=0 card=0 drop=0 L=0.00388 tgt=-0.062/0.362 cfg/b=19374 prep=0.28s gpu=0.00s conv=0.00s add=0.17s train=1.44s
[t= 390.9s] rebel stream solves=135168 solves=1496/s rows=11597/s balanced_rows=11582/s debt=657 rows steps=511 over=0 card=0 drop=0 L=0.00390 tgt=-0.039/0.359 cfg/b=18241 prep=0.28s gpu=0.00s conv=0.00s add=0.15s train=1.43s
[t= 399.7s] --- lr -> 5.00e-04 ---
[t= 401.0s] rebel stream solves=146432 solves=1458/s rows=11328/s balanced_rows=11321/s debt=360 rows steps=555 over=0 card=0 drop=0 L=0.00390 tgt=-0.021/0.355 cfg/b=16515 prep=0.24s gpu=0.00s conv=0.00s add=0.14s train=1.34s
[t= 411.0s] rebel stream solves=158720 solves=1437/s rows=11180/s balanced_rows=11162/s debt=1002 rows steps=602 over=0 card=0 drop=0 L=0.00360 tgt=-0.013/0.363 cfg/b=15662 prep=0.28s gpu=0.00s conv=0.00s add=0.16s train=1.48s
[t= 421.1s] rebel stream solves=167936 solves=1394/s rows=10856/s balanced_rows=10846/s debt=606 rows steps=638 over=0 card=0 drop=0 L=0.00371 tgt=+0.008/0.374 cfg/b=15020 prep=0.20s gpu=0.00s conv=0.00s add=0.12s train=1.10s
[t= 431.1s] rebel stream solves=179200 solves=1373/s rows=10706/s balanced_rows=10705/s debt=32 rows steps=682 over=0 card=0 drop=0 L=0.00450 tgt=+0.021/0.380 cfg/b=14439 prep=0.30s gpu=0.00s conv=0.00s add=0.14s train=1.45s
[t= 441.1s] rebel stream solves=190464 solves=1356/s rows=10573/s balanced_rows=10568/s debt=356 rows steps=725 over=0 card=0 drop=0 L=0.00530 tgt=+0.032/0.354 cfg/b=14174 prep=0.30s gpu=0.00s conv=0.00s add=0.15s train=1.37s
[t= 451.2s] rebel stream solves=204800 solves=1360/s rows=10614/s balanced_rows=10607/s debt=526 rows steps=780 over=0 card=0 drop=0 L=0.00591 tgt=+0.023/0.350 cfg/b=14061 prep=0.29s gpu=0.00s conv=0.00s add=0.21s train=1.70s
[t= 461.2s] rebel stream solves=218112 solves=1358/s rows=10602/s balanced_rows=10594/s debt=696 rows steps=831 over=0 card=0 drop=0 L=0.00653 tgt=+0.019/0.337 cfg/b=14184 prep=0.29s gpu=0.00s conv=0.00s add=0.21s train=1.59s
[t= 471.3s] rebel stream solves=231424 solves=1356/s rows=10591/s balanced_rows=10582/s debt=810 rows steps=882 over=0 card=0 drop=0 L=0.00723 tgt=+0.017/0.336 cfg/b=14400 prep=0.28s gpu=0.00s conv=0.00s add=0.22s train=1.55s
[t= 481.3s] rebel stream solves=244736 solves=1354/s rows=10581/s balanced_rows=10572/s debt=792 rows steps=933 over=0 card=0 drop=0 L=0.00797 tgt=+0.005/0.336 cfg/b=14784 prep=0.29s gpu=0.00s conv=0.00s add=0.24s train=1.59s
[t= 491.4s] rebel stream solves=259072 solves=1358/s rows=10613/s balanced_rows=10606/s debt=685 rows steps=988 over=0 card=0 drop=0 L=0.00822 tgt=+0.001/0.329 cfg/b=14902 prep=0.31s gpu=0.00s conv=0.00s add=0.27s train=1.69s
[t= 501.4s] rebel stream solves=274432 solves=1367/s rows=10684/s balanced_rows=10677/s debt=634 rows steps=1047 over=0 card=0 drop=0 L=0.00893 tgt=+0.007/0.318 cfg/b=14711 prep=0.31s gpu=0.00s conv=0.00s add=0.29s train=1.74s
[t= 501.6s] --- lr -> 2.50e-04 ---
[t= 511.4s] rebel stream solves=288768 solves=1370/s rows=10711/s balanced_rows=10704/s debt=668 rows steps=1102 over=0 card=0 drop=0 L=0.00827 tgt=-0.002/0.309 cfg/b=13849 prep=0.29s gpu=0.00s conv=0.00s add=0.30s train=1.62s
[t= 521.4s] rebel stream solves=303104 solves=1372/s rows=10736/s balanced_rows=10729/s debt=842 rows steps=1157 over=0 card=0 drop=0 L=0.00836 tgt=+0.001/0.312 cfg/b=14083 prep=0.28s gpu=0.00s conv=0.00s add=0.30s train=1.65s
[t= 531.5s] rebel stream solves=317440 solves=1375/s rows=10759/s balanced_rows=10759/s debt=5 rows steps=1213 over=0 card=0 drop=0 L=0.00811 tgt=+0.006/0.305 cfg/b=13999 prep=0.27s gpu=0.00s conv=0.00s add=0.30s train=1.68s
[t= 541.5s] rebel stream solves=331776 solves=1377/s rows=10780/s balanced_rows=10778/s debt=175 rows steps=1268 over=0 card=0 drop=0 L=0.00788 tgt=-0.003/0.302 cfg/b=14204 prep=0.29s gpu=0.00s conv=0.00s add=0.32s train=1.65s
[t= 551.6s] rebel stream solves=346112 solves=1379/s rows=10800/s balanced_rows=10796/s debt=482 rows steps=1323 over=0 card=0 drop=0 L=0.00803 tgt=+0.002/0.301 cfg/b=14213 prep=0.28s gpu=0.00s conv=0.00s add=0.31s train=1.64s
[t= 561.6s] rebel stream solves=360448 solves=1381/s rows=10820/s balanced_rows=10814/s debt=798 rows steps=1378 over=0 card=0 drop=0 L=0.00745 tgt=+0.001/0.296 cfg/b=14438 prep=0.31s gpu=0.00s conv=0.00s add=0.28s train=1.63s
[t= 571.6s] rebel stream solves=373760 solves=1379/s rows=10807/s balanced_rows=10807/s debt=106 rows steps=1430 over=0 card=0 drop=0 L=0.00800 tgt=+0.005/0.297 cfg/b=14936 prep=0.31s gpu=0.00s conv=0.00s add=0.31s train=1.63s
[t= 580.0s] --- stopping GPU admission; draining ---
[t= 581.6s] rebel stream solves=385024 solves=1370/s rows=10740/s balanced_rows=10735/s debt=601 rows steps=1473 over=0 card=0 drop=0 L=0.00779 tgt=-0.003/0.303 cfg/b=14805 prep=0.23s gpu=0.00s conv=0.00s add=0.28s train=1.30s
[t= 585.1s] rebel stream solves=385937 solves=1357/s rows=10633/s balanced_rows=10632/s debt=112 rows steps=1477 over=0 card=0 drop=0 L=0.00824 tgt=-0.018/0.296 cfg/b=14908 prep=0.02s gpu=0.00s conv=0.00s add=0.02s train=0.11s
[gpu-summary] solves=385937 rows=3025119 optimizer_rows=1512448 ratio=0.500 debt=112 solves=1289.0/s rows=10103.4/s balanced_rows=10102.6/s over=0 card=0 censored=4608 dropped=0 overrun=0.00s
[t= 600.0s] --- snapshot snap_01.pt (final) ---
[report] /workspace/warchest-v5/runs/warmfix/report.html
