[train] CUDA stream priority -1
[gpu] solve services up on [0, 1]
[cfg] PUBFEAT=897 CFEAT=16 hidden=384 head=384 dg=64 rank=64 depth=2 iters=64 budget=1500s warm=300s device=cuda:1 draft=random snapshots=3 (every 6.7min) train_gen_ratio=4.0 recent_mix=0.5/0.2 augment=True cap=2000000 matmul=high
[t=   2.5s] greedy ep  0 games=  96 dec= 19020 rows= 18171 horizon=0.30 nodecap=0 over=0 card=0 exact=0 drop=0 cfgs= 27.4 L=0.03487 P=nan old=0.00964 new=0.00293 tgt=-0.023/0.480 pstd=0.471 capv=0.040 lr=1.0e-03 gen=0.1s conv=0.0s add=0.1s train=2.3s sps=0
[t=   4.4s] greedy ep  1 games=  96 dec= 18777 rows= 17977 horizon=0.32 nodecap=0 over=0 card=0 exact=0 drop=0 cfgs= 26.6 L=0.03104 P=nan old=0.01287 new=0.00400 tgt=-0.059/0.493 pstd=0.474 capv=0.040 lr=1.0e-03 gen=0.1s conv=0.0s add=0.1s train=1.7s sps=0
[t=   6.3s] greedy ep  2 games=  96 dec= 18179 rows= 17397 horizon=0.26 nodecap=0 over=0 card=0 exact=0 drop=0 cfgs= 27.9 L=0.02840 P=nan old=0.00967 new=0.00396 tgt=-0.018/0.516 pstd=0.472 capv=0.040 lr=1.0e-03 gen=0.1s conv=0.0s add=0.1s train=1.7s sps=0
[t=   8.2s] greedy ep  3 games=  96 dec= 17876 rows= 17033 horizon=0.26 nodecap=0 over=0 card=0 exact=0 drop=0 cfgs= 26.4 L=0.02421 P=nan old=0.00929 new=0.00419 tgt=-0.027/0.498 pstd=0.471 capv=0.040 lr=1.0e-03 gen=0.1s conv=0.0s add=0.1s train=1.7s sps=0
[t=  10.3s] greedy ep  4 games=  96 dec= 19004 rows= 18249 horizon=0.31 nodecap=0 over=0 card=0 exact=0 drop=0 cfgs= 28.3 L=0.02337 P=nan old=0.00858 new=0.00457 tgt=-0.025/0.465 pstd=0.464 capv=0.040 lr=1.0e-03 gen=0.1s conv=0.0s add=0.1s train=1.8s sps=0
[t=  12.4s] greedy ep  5 games=  96 dec= 19345 rows= 18536 horizon=0.35 nodecap=0 over=0 card=0 exact=0 drop=0 cfgs= 26.4 L=0.02064 P=nan old=0.00901 new=0.00388 tgt=-0.026/0.492 pstd=0.471 capv=0.040 lr=1.0e-03 gen=0.1s conv=0.0s add=0.1s train=2.0s sps=0
[t=  14.7s] greedy ep  6 games=  96 dec= 17785 rows= 17102 horizon=0.28 nodecap=0 over=0 card=0 exact=0 drop=0 cfgs= 26.9 L=0.02253 P=nan old=0.00923 new=0.00584 tgt=-0.040/0.500 pstd=0.475 capv=0.040 lr=1.0e-03 gen=0.1s conv=0.0s add=0.1s train=2.0s sps=0
[t=  17.0s] greedy ep  7 games=  96 dec= 18319 rows= 17483 horizon=0.32 nodecap=0 over=0 card=0 exact=0 drop=0 cfgs= 27.7 L=0.02087 P=nan old=0.00980 new=0.00514 tgt=-0.059/0.503 pstd=0.477 capv=0.040 lr=1.0e-03 gen=0.1s conv=0.0s add=0.1s train=2.1s sps=0
[t=  19.3s] greedy ep  8 games=  96 dec= 18824 rows= 18083 horizon=0.34 nodecap=0 over=0 card=0 exact=0 drop=0 cfgs= 26.1 L=0.01764 P=nan old=0.01294 new=0.00606 tgt=-0.018/0.491 pstd=0.472 capv=0.040 lr=1.0e-03 gen=0.1s conv=0.0s add=0.1s train=2.1s sps=0
[t=  21.5s] greedy ep  9 games=  96 dec= 18100 rows= 17381 horizon=0.26 nodecap=0 over=0 card=0 exact=0 drop=0 cfgs= 26.3 L=0.01766 P=nan old=0.01048 new=0.00520 tgt=-0.043/0.522 pstd=0.465 capv=0.040 lr=1.0e-03 gen=0.1s conv=0.0s add=0.1s train=2.0s sps=0
[t=  23.8s] greedy ep 10 games=  96 dec= 17757 rows= 17029 horizon=0.23 nodecap=0 over=0 card=0 exact=0 drop=0 cfgs= 28.7 L=0.01834 P=nan old=0.01144 new=0.00808 tgt=-0.035/0.525 pstd=0.480 capv=0.040 lr=1.0e-03 gen=0.1s conv=0.0s add=0.1s train=2.0s sps=0
[t=  26.0s] greedy ep 11 games=  96 dec= 18043 rows= 17250 horizon=0.28 nodecap=0 over=0 card=0 exact=0 drop=0 cfgs= 27.7 L=0.01740 P=nan old=0.00967 new=0.00718 tgt=-0.047/0.493 pstd=0.495 capv=0.040 lr=1.0e-03 gen=0.1s conv=0.0s add=0.1s train=2.0s sps=0
[t=  28.2s] greedy ep 12 games=  96 dec= 17420 rows= 16700 horizon=0.25 nodecap=0 over=0 card=0 exact=0 drop=0 cfgs= 27.9 L=0.01877 P=nan old=0.01170 new=0.00682 tgt=-0.028/0.502 pstd=0.481 capv=0.040 lr=1.0e-03 gen=0.1s conv=0.0s add=0.1s train=2.0s sps=0
[t=  30.5s] greedy ep 13 games=  96 dec= 18339 rows= 17564 horizon=0.29 nodecap=0 over=0 card=0 exact=0 drop=0 cfgs= 27.2 L=0.01720 P=nan old=0.01077 new=0.00688 tgt=-0.034/0.497 pstd=0.480 capv=0.040 lr=1.0e-03 gen=0.1s conv=0.0s add=0.1s train=2.1s sps=0
[t=  32.8s] greedy ep 14 games=  96 dec= 17985 rows= 17266 horizon=0.25 nodecap=0 over=0 card=0 exact=0 drop=0 cfgs= 27.8 L=0.01695 P=nan old=0.01046 new=0.00668 tgt=-0.037/0.515 pstd=0.481 capv=0.040 lr=1.0e-03 gen=0.1s conv=0.0s add=0.1s train=2.0s sps=0
[t=  35.0s] greedy ep 15 games=  96 dec= 18309 rows= 17520 horizon=0.30 nodecap=0 over=0 card=0 exact=0 drop=0 cfgs= 26.8 L=0.01612 P=nan old=0.01082 new=0.00728 tgt=-0.021/0.493 pstd=0.469 capv=0.040 lr=1.0e-03 gen=0.1s conv=0.0s add=0.1s train=2.1s sps=0
[t=  37.4s] greedy ep 16 games=  96 dec= 19097 rows= 18291 horizon=0.33 nodecap=0 over=0 card=0 exact=0 drop=0 cfgs= 27.3 L=0.01567 P=nan old=0.01081 new=0.00717 tgt=+0.006/0.479 pstd=0.476 capv=0.040 lr=1.0e-03 gen=0.1s conv=0.0s add=0.1s train=2.2s sps=0
[t=  39.7s] greedy ep 17 games=  96 dec= 18142 rows= 17461 horizon=0.26 nodecap=0 over=0 card=0 exact=0 drop=0 cfgs= 27.3 L=0.01517 P=nan old=0.00901 new=0.00714 tgt=-0.054/0.518 pstd=0.476 capv=0.040 lr=1.0e-03 gen=0.1s conv=0.0s add=0.1s train=2.1s sps=0
[t=  41.9s] greedy ep 18 games=  96 dec= 17690 rows= 16896 horizon=0.22 nodecap=0 over=0 card=0 exact=0 drop=0 cfgs= 26.3 L=0.01645 P=nan old=0.01311 new=0.00681 tgt=-0.021/0.516 pstd=0.479 capv=0.040 lr=1.0e-03 gen=0.1s conv=0.0s add=0.1s train=2.0s sps=0
[t=  44.1s] greedy ep 19 games=  96 dec= 17806 rows= 17037 horizon=0.25 nodecap=0 over=0 card=0 exact=0 drop=0 cfgs= 27.5 L=0.01696 P=nan old=0.01257 new=0.00793 tgt=-0.059/0.527 pstd=0.467 capv=0.040 lr=1.0e-03 gen=0.1s conv=0.0s add=0.1s train=2.0s sps=0
[t=  46.3s] greedy ep 20 games=  96 dec= 17813 rows= 17128 horizon=0.28 nodecap=0 over=0 card=0 exact=0 drop=0 cfgs= 27.0 L=0.01529 P=nan old=0.01211 new=0.00654 tgt=-0.068/0.519 pstd=0.467 capv=0.040 lr=1.0e-03 gen=0.1s conv=0.0s add=0.1s train=2.0s sps=0
[t=  48.5s] greedy ep 21 games=  96 dec= 17800 rows= 17085 horizon=0.25 nodecap=0 over=0 card=0 exact=0 drop=0 cfgs= 28.0 L=0.01494 P=nan old=0.01410 new=0.00867 tgt=-0.054/0.513 pstd=0.464 capv=0.040 lr=1.0e-03 gen=0.1s conv=0.0s add=0.1s train=2.0s sps=0
[t=  50.8s] greedy ep 22 games=  96 dec= 18528 rows= 17771 horizon=0.31 nodecap=0 over=0 card=0 exact=0 drop=0 cfgs= 26.7 L=0.01409 P=nan old=0.01100 new=0.00837 tgt=-0.028/0.488 pstd=0.462 capv=0.040 lr=1.0e-03 gen=0.1s conv=0.0s add=0.1s train=2.1s sps=0
[t=  53.1s] greedy ep 23 games=  96 dec= 18486 rows= 17685 horizon=0.28 nodecap=0 over=0 card=0 exact=0 drop=0 cfgs= 25.6 L=0.01346 P=nan old=0.01038 new=0.00664 tgt=-0.008/0.478 pstd=0.480 capv=0.040 lr=1.0e-03 gen=0.1s conv=0.0s add=0.1s train=2.1s sps=0
[t=  55.3s] greedy ep 24 games=  96 dec= 19060 rows= 18394 horizon=0.35 nodecap=0 over=0 card=0 exact=0 drop=0 cfgs= 25.6 L=0.01496 P=nan old=0.01369 new=0.00773 tgt=-0.011/0.480 pstd=0.473 capv=0.040 lr=1.0e-03 gen=0.1s conv=0.0s add=0.1s train=2.0s sps=0
[t=  57.3s] greedy ep 25 games=  96 dec= 18086 rows= 17335 horizon=0.23 nodecap=0 over=0 card=0 exact=0 drop=0 cfgs= 27.3 L=0.01487 P=nan old=0.01203 new=0.00711 tgt=-0.026/0.520 pstd=0.477 capv=0.040 lr=1.0e-03 gen=0.1s conv=0.0s add=0.1s train=1.8s sps=0
[t=  59.4s] greedy ep 26 games=  96 dec= 19692 rows= 18851 horizon=0.33 nodecap=0 over=0 card=0 exact=0 drop=0 cfgs= 26.5 L=0.01347 P=nan old=0.01000 new=0.00611 tgt=-0.031/0.495 pstd=0.462 capv=0.040 lr=1.0e-03 gen=0.1s conv=0.0s add=0.1s train=1.9s sps=0
[t=  61.4s] greedy ep 27 games=  96 dec= 18267 rows= 17486 horizon=0.26 nodecap=0 over=0 card=0 exact=0 drop=0 cfgs= 28.3 L=0.01360 P=nan old=0.01230 new=0.00688 tgt=-0.023/0.486 pstd=0.485 capv=0.040 lr=1.0e-03 gen=0.1s conv=0.0s add=0.1s train=1.8s sps=0
[t=  63.5s] greedy ep 28 games=  96 dec= 19074 rows= 18289 horizon=0.30 nodecap=0 over=0 card=0 exact=0 drop=0 cfgs= 27.0 L=0.01533 P=nan old=0.01252 new=0.00784 tgt=-0.044/0.496 pstd=0.466 capv=0.040 lr=1.0e-03 gen=0.1s conv=0.0s add=0.1s train=1.9s sps=0
[t=  65.9s] greedy ep 29 games=  96 dec= 18686 rows= 17929 horizon=0.26 nodecap=0 over=0 card=0 exact=0 drop=0 cfgs= 28.4 L=0.01498 P=nan old=0.01117 new=0.00765 tgt=-0.052/0.512 pstd=0.477 capv=0.040 lr=1.0e-03 gen=0.1s conv=0.0s add=0.1s train=2.1s sps=0
[t=  68.2s] greedy ep 30 games=  96 dec= 19082 rows= 18260 horizon=0.30 nodecap=0 over=0 card=0 exact=0 drop=0 cfgs= 27.4 L=0.01509 P=nan old=0.01317 new=0.00768 tgt=-0.028/0.480 pstd=0.476 capv=0.040 lr=1.0e-03 gen=0.1s conv=0.0s add=0.1s train=2.1s sps=0
[t=  70.5s] greedy ep 31 games=  96 dec= 18482 rows= 17679 horizon=0.27 nodecap=0 over=0 card=0 exact=0 drop=0 cfgs= 28.1 L=0.01420 P=nan old=0.01100 new=0.00719 tgt=-0.042/0.504 pstd=0.470 capv=0.040 lr=1.0e-03 gen=0.1s conv=0.0s add=0.1s train=2.1s sps=0
[t=  72.7s] greedy ep 32 games=  96 dec= 18699 rows= 17926 horizon=0.32 nodecap=0 over=0 card=0 exact=0 drop=0 cfgs= 26.5 L=0.01391 P=nan old=0.01276 new=0.00762 tgt=-0.012/0.483 pstd=0.463 capv=0.040 lr=1.0e-03 gen=0.1s conv=0.0s add=0.1s train=1.9s sps=0
[t=  74.7s] greedy ep 33 games=  96 dec= 18814 rows= 17970 horizon=0.31 nodecap=0 over=0 card=0 exact=0 drop=0 cfgs= 27.4 L=0.01348 P=nan old=0.01023 new=0.00772 tgt=-0.000/0.514 pstd=0.466 capv=0.040 lr=1.0e-03 gen=0.1s conv=0.0s add=0.1s train=1.8s sps=0
[t=  76.7s] greedy ep 34 games=  96 dec= 18975 rows= 18126 horizon=0.32 nodecap=0 over=0 card=0 exact=0 drop=0 cfgs= 26.1 L=0.01443 P=nan old=0.01285 new=0.00852 tgt=+0.015/0.454 pstd=0.478 capv=0.040 lr=1.0e-03 gen=0.1s conv=0.0s add=0.1s train=1.8s sps=0
[t=  78.7s] greedy ep 35 games=  96 dec= 17981 rows= 17250 horizon=0.25 nodecap=0 over=0 card=0 exact=0 drop=0 cfgs= 27.3 L=0.01421 P=nan old=0.01239 new=0.00702 tgt=-0.035/0.521 pstd=0.467 capv=0.040 lr=1.0e-03 gen=0.1s conv=0.0s add=0.1s train=1.7s sps=0
[t=  80.7s] greedy ep 36 games=  96 dec= 19092 rows= 18239 horizon=0.28 nodecap=0 over=0 card=0 exact=0 drop=0 cfgs= 26.9 L=0.01430 P=nan old=0.01225 new=0.00969 tgt=-0.049/0.487 pstd=0.474 capv=0.040 lr=1.0e-03 gen=0.1s conv=0.0s add=0.1s train=1.8s sps=0
[t=  82.7s] greedy ep 37 games=  96 dec= 18212 rows= 17370 horizon=0.32 nodecap=0 over=0 card=0 exact=0 drop=0 cfgs= 27.9 L=0.01316 P=nan old=0.01192 new=0.00821 tgt=-0.034/0.532 pstd=0.475 capv=0.040 lr=1.0e-03 gen=0.1s conv=0.0s add=0.1s train=1.8s sps=0
[t=  84.8s] greedy ep 38 games=  96 dec= 19351 rows= 18505 horizon=0.33 nodecap=0 over=0 card=0 exact=0 drop=0 cfgs= 26.4 L=0.01375 P=nan old=0.01135 new=0.00883 tgt=-0.019/0.471 pstd=0.473 capv=0.040 lr=1.0e-03 gen=0.1s conv=0.0s add=0.1s train=1.9s sps=0
[t=  86.8s] greedy ep 39 games=  96 dec= 18608 rows= 17838 horizon=0.27 nodecap=0 over=0 card=0 exact=0 drop=0 cfgs= 27.1 L=0.01407 P=nan old=0.01146 new=0.00889 tgt=-0.038/0.510 pstd=0.490 capv=0.040 lr=1.0e-03 gen=0.1s conv=0.0s add=0.1s train=1.8s sps=0
[t=  88.8s] greedy ep 40 games=  96 dec= 18599 rows= 17855 horizon=0.32 nodecap=0 over=0 card=0 exact=0 drop=0 cfgs= 28.4 L=0.01375 P=nan old=0.01343 new=0.00821 tgt=+0.005/0.467 pstd=0.458 capv=0.040 lr=1.0e-03 gen=0.1s conv=0.0s add=0.1s train=1.8s sps=0
[t=  90.8s] greedy ep 41 games=  96 dec= 18879 rows= 18021 horizon=0.30 nodecap=0 over=0 card=0 exact=0 drop=0 cfgs= 28.3 L=0.01372 P=nan old=0.01247 new=0.00789 tgt=-0.041/0.500 pstd=0.458 capv=0.040 lr=1.0e-03 gen=0.1s conv=0.0s add=0.1s train=1.8s sps=0
[t=  92.9s] greedy ep 42 games=  96 dec= 18947 rows= 18147 horizon=0.34 nodecap=0 over=0 card=0 exact=0 drop=0 cfgs= 28.4 L=0.01365 P=nan old=0.01231 new=0.00711 tgt=-0.025/0.504 pstd=0.459 capv=0.040 lr=1.0e-03 gen=0.1s conv=0.0s add=0.1s train=1.8s sps=0
[t=  95.0s] greedy ep 43 games=  96 dec= 19299 rows= 18456 horizon=0.33 nodecap=0 over=0 card=0 exact=0 drop=0 cfgs= 26.1 L=0.01348 P=nan old=0.01250 new=0.00696 tgt=-0.062/0.468 pstd=0.468 capv=0.040 lr=1.0e-03 gen=0.1s conv=0.0s add=0.1s train=1.9s sps=0
[t=  96.9s] greedy ep 44 games=  96 dec= 18356 rows= 17540 horizon=0.27 nodecap=0 over=0 card=0 exact=0 drop=0 cfgs= 28.6 L=0.01345 P=nan old=0.01284 new=0.00837 tgt=-0.013/0.488 pstd=0.465 capv=0.040 lr=1.0e-03 gen=0.1s conv=0.0s add=0.1s train=1.8s sps=0
[t=  98.9s] greedy ep 45 games=  96 dec= 17718 rows= 17069 horizon=0.27 nodecap=0 over=0 card=0 exact=0 drop=0 cfgs= 28.9 L=0.01439 P=nan old=0.01413 new=0.00899 tgt=-0.085/0.518 pstd=0.468 capv=0.040 lr=1.0e-03 gen=0.1s conv=0.0s add=0.1s train=1.7s sps=0
[t= 100.8s] greedy ep 46 games=  96 dec= 18039 rows= 17287 horizon=0.28 nodecap=0 over=0 card=0 exact=0 drop=0 cfgs= 28.7 L=0.01397 P=nan old=0.01327 new=0.00832 tgt=-0.014/0.496 pstd=0.475 capv=0.040 lr=1.0e-03 gen=0.1s conv=0.0s add=0.1s train=1.8s sps=0
[t= 102.9s] greedy ep 47 games=  96 dec= 18992 rows= 18184 horizon=0.29 nodecap=0 over=0 card=0 exact=0 drop=0 cfgs= 27.2 L=0.01374 P=nan old=0.01186 new=0.00800 tgt=-0.022/0.475 pstd=0.462 capv=0.040 lr=1.0e-03 gen=0.1s conv=0.0s add=0.1s train=1.8s sps=0
[t= 104.8s] greedy ep 48 games=  96 dec= 18106 rows= 17409 horizon=0.29 nodecap=0 over=0 card=0 exact=0 drop=0 cfgs= 27.3 L=0.01318 P=nan old=0.01098 new=0.00738 tgt=-0.037/0.510 pstd=0.480 capv=0.040 lr=1.0e-03 gen=0.1s conv=0.0s add=0.1s train=1.7s sps=0
[t= 106.9s] greedy ep 49 games=  96 dec= 19697 rows= 18918 horizon=0.41 nodecap=0 over=0 card=0 exact=0 drop=0 cfgs= 25.9 L=0.01261 P=nan old=0.01295 new=0.00693 tgt=-0.000/0.452 pstd=0.476 capv=0.040 lr=1.0e-03 gen=0.1s conv=0.0s add=0.1s train=1.9s sps=0
[t= 108.8s] greedy ep 50 games=  96 dec= 17764 rows= 16989 horizon=0.24 nodecap=0 over=0 card=0 exact=0 drop=0 cfgs= 28.3 L=0.01331 P=nan old=0.01240 new=0.00939 tgt=-0.058/0.549 pstd=0.471 capv=0.040 lr=1.0e-03 gen=0.1s conv=0.0s add=0.1s train=1.7s sps=0
[t= 110.8s] greedy ep 51 games=  96 dec= 17871 rows= 17065 horizon=0.25 nodecap=0 over=0 card=0 exact=0 drop=0 cfgs= 28.4 L=0.01333 P=nan old=0.01354 new=0.00817 tgt=-0.026/0.525 pstd=0.477 capv=0.040 lr=1.0e-03 gen=0.1s conv=0.0s add=0.1s train=1.7s sps=0
[t= 112.8s] greedy ep 52 games=  96 dec= 18957 rows= 18241 horizon=0.34 nodecap=0 over=0 card=0 exact=0 drop=0 cfgs= 28.0 L=0.01339 P=nan old=0.01307 new=0.00830 tgt=-0.040/0.470 pstd=0.470 capv=0.040 lr=1.0e-03 gen=0.1s conv=0.0s add=0.1s train=1.8s sps=0
[t= 114.8s] greedy ep 53 games=  96 dec= 17594 rows= 16819 horizon=0.21 nodecap=0 over=0 card=0 exact=0 drop=0 cfgs= 28.1 L=0.01263 P=nan old=0.01210 new=0.00802 tgt=-0.032/0.511 pstd=0.466 capv=0.040 lr=1.0e-03 gen=0.1s conv=0.0s add=0.1s train=1.7s sps=0
[t= 116.7s] greedy ep 54 games=  96 dec= 17878 rows= 17181 horizon=0.24 nodecap=0 over=0 card=0 exact=0 drop=0 cfgs= 30.5 L=0.01369 P=nan old=0.01293 new=0.00856 tgt=-0.006/0.496 pstd=0.465 capv=0.040 lr=1.0e-03 gen=0.1s conv=0.0s add=0.1s train=1.7s sps=0
[t= 118.8s] greedy ep 55 games=  96 dec= 17837 rows= 16988 horizon=0.25 nodecap=0 over=0 card=0 exact=0 drop=0 cfgs= 27.0 L=0.01356 P=nan old=0.01339 new=0.00949 tgt=-0.005/0.470 pstd=0.476 capv=0.040 lr=1.0e-03 gen=0.1s conv=0.0s add=0.1s train=1.8s sps=0
[t= 121.1s] greedy ep 56 games=  96 dec= 18409 rows= 17611 horizon=0.27 nodecap=0 over=0 card=0 exact=0 drop=0 cfgs= 28.1 L=0.01392 P=nan old=0.01368 new=0.00927 tgt=-0.028/0.483 pstd=0.481 capv=0.040 lr=1.0e-03 gen=0.1s conv=0.0s add=0.1s train=2.1s sps=0
[t= 123.4s] greedy ep 57 games=  96 dec= 18651 rows= 17847 horizon=0.27 nodecap=0 over=0 card=0 exact=0 drop=0 cfgs= 26.4 L=0.01384 P=nan old=0.01347 new=0.00866 tgt=-0.015/0.515 pstd=0.468 capv=0.040 lr=1.0e-03 gen=0.1s conv=0.0s add=0.1s train=2.1s sps=0
[t= 125.9s] greedy ep 58 games=  96 dec= 19562 rows= 18696 horizon=0.35 nodecap=0 over=0 card=0 exact=0 drop=0 cfgs= 25.2 L=0.01343 P=nan old=0.01325 new=0.00890 tgt=-0.048/0.493 pstd=0.463 capv=0.040 lr=1.0e-03 gen=0.1s conv=0.0s add=0.1s train=2.2s sps=0
[t= 127.9s] greedy ep 59 games=  96 dec= 19397 rows= 18534 horizon=0.34 nodecap=0 over=0 card=0 exact=0 drop=0 cfgs= 25.2 L=0.01295 P=nan old=0.01206 new=0.00688 tgt=-0.046/0.466 pstd=0.459 capv=0.040 lr=1.0e-03 gen=0.1s conv=0.0s add=0.1s train=1.8s sps=0
[t= 130.3s] greedy ep 60 games=  96 dec= 18865 rows= 17960 horizon=0.31 nodecap=0 over=0 card=0 exact=0 drop=0 cfgs= 26.1 L=0.01322 P=nan old=0.01236 new=0.00894 tgt=-0.032/0.477 pstd=0.467 capv=0.040 lr=1.0e-03 gen=0.1s conv=0.0s add=0.1s train=2.1s sps=0
[t= 132.6s] greedy ep 61 games=  96 dec= 18309 rows= 17564 horizon=0.24 nodecap=0 over=0 card=0 exact=0 drop=0 cfgs= 29.6 L=0.01262 P=nan old=0.01222 new=0.00745 tgt=-0.007/0.527 pstd=0.453 capv=0.040 lr=1.0e-03 gen=0.1s conv=0.0s add=0.1s train=2.1s sps=0
[t= 134.9s] greedy ep 62 games=  96 dec= 18751 rows= 17895 horizon=0.29 nodecap=0 over=0 card=0 exact=0 drop=0 cfgs= 26.6 L=0.01311 P=nan old=0.01224 new=0.00876 tgt=-0.034/0.506 pstd=0.472 capv=0.040 lr=1.0e-03 gen=0.1s conv=0.0s add=0.1s train=2.1s sps=0
[t= 137.4s] greedy ep 63 games=  96 dec= 19579 rows= 18798 horizon=0.32 nodecap=0 over=0 card=0 exact=0 drop=0 cfgs= 26.5 L=0.01283 P=nan old=0.01229 new=0.00820 tgt=-0.007/0.477 pstd=0.461 capv=0.040 lr=1.0e-03 gen=0.1s conv=0.0s add=0.1s train=2.2s sps=0
[t= 139.7s] greedy ep 64 games=  96 dec= 18159 rows= 17393 horizon=0.27 nodecap=0 over=0 card=0 exact=0 drop=0 cfgs= 27.6 L=0.01280 P=nan old=0.01330 new=0.00821 tgt=-0.058/0.514 pstd=0.475 capv=0.040 lr=1.0e-03 gen=0.1s conv=0.0s add=0.1s train=2.1s sps=0
[t= 142.0s] greedy ep 65 games=  96 dec= 18155 rows= 17405 horizon=0.28 nodecap=0 over=0 card=0 exact=0 drop=0 cfgs= 30.4 L=0.01268 P=nan old=0.01173 new=0.00818 tgt=-0.026/0.503 pstd=0.469 capv=0.040 lr=1.0e-03 gen=0.1s conv=0.0s add=0.1s train=2.1s sps=0
[t= 144.3s] greedy ep 66 games=  96 dec= 18370 rows= 17668 horizon=0.30 nodecap=0 over=0 card=0 exact=0 drop=0 cfgs= 27.4 L=0.01268 P=nan old=0.01319 new=0.00823 tgt=-0.038/0.493 pstd=0.466 capv=0.040 lr=1.0e-03 gen=0.1s conv=0.0s add=0.1s train=2.1s sps=0
[t= 146.6s] greedy ep 67 games=  96 dec= 18765 rows= 17982 horizon=0.33 nodecap=0 over=0 card=0 exact=0 drop=0 cfgs= 28.7 L=0.01245 P=nan old=0.01332 new=0.00789 tgt=-0.023/0.513 pstd=0.465 capv=0.040 lr=1.0e-03 gen=0.1s conv=0.0s add=0.1s train=2.1s sps=0
[t= 148.9s] greedy ep 68 games=  96 dec= 18374 rows= 17494 horizon=0.26 nodecap=0 over=0 card=0 exact=0 drop=0 cfgs= 28.3 L=0.01305 P=nan old=0.01417 new=0.00928 tgt=-0.023/0.498 pstd=0.463 capv=0.040 lr=1.0e-03 gen=0.1s conv=0.0s add=0.1s train=2.1s sps=0
[t= 151.2s] greedy ep 69 games=  96 dec= 18297 rows= 17504 horizon=0.27 nodecap=0 over=0 card=0 exact=0 drop=0 cfgs= 27.7 L=0.01179 P=nan old=0.01150 new=0.00810 tgt=-0.056/0.516 pstd=0.468 capv=0.040 lr=1.0e-03 gen=0.1s conv=0.0s add=0.1s train=2.1s sps=0
[t= 153.6s] greedy ep 70 games=  96 dec= 18939 rows= 18157 horizon=0.34 nodecap=0 over=0 card=0 exact=0 drop=0 cfgs= 25.9 L=0.01239 P=nan old=0.01286 new=0.00879 tgt=-0.037/0.479 pstd=0.473 capv=0.040 lr=1.0e-03 gen=0.1s conv=0.0s add=0.1s train=2.2s sps=0
[t= 155.9s] greedy ep 71 games=  96 dec= 18073 rows= 17354 horizon=0.26 nodecap=0 over=0 card=0 exact=0 drop=0 cfgs= 29.8 L=0.01302 P=nan old=0.01251 new=0.00793 tgt=-0.025/0.513 pstd=0.475 capv=0.040 lr=1.0e-03 gen=0.1s conv=0.0s add=0.1s train=2.0s sps=0
[t= 158.3s] greedy ep 72 games=  96 dec= 19252 rows= 18480 horizon=0.35 nodecap=0 over=0 card=0 exact=0 drop=0 cfgs= 27.7 L=0.01172 P=nan old=0.01309 new=0.00724 tgt=-0.069/0.494 pstd=0.469 capv=0.040 lr=1.0e-03 gen=0.1s conv=0.0s add=0.1s train=2.2s sps=0
[t= 160.5s] greedy ep 73 games=  96 dec= 17654 rows= 16887 horizon=0.21 nodecap=0 over=0 card=0 exact=0 drop=0 cfgs= 27.9 L=0.01243 P=nan old=0.01324 new=0.00918 tgt=-0.039/0.521 pstd=0.474 capv=0.040 lr=1.0e-03 gen=0.1s conv=0.0s add=0.1s train=2.0s sps=0
[t= 162.8s] greedy ep 74 games=  96 dec= 18653 rows= 17839 horizon=0.28 nodecap=0 over=0 card=0 exact=0 drop=0 cfgs= 26.6 L=0.01208 P=nan old=0.01202 new=0.00817 tgt=-0.062/0.527 pstd=0.475 capv=0.040 lr=1.0e-03 gen=0.1s conv=0.0s add=0.1s train=2.1s sps=0
[t= 165.3s] greedy ep 75 games=  96 dec= 19581 rows= 18815 horizon=0.40 nodecap=0 over=0 card=0 exact=0 drop=0 cfgs= 24.2 L=0.01141 P=nan old=0.01010 new=0.00782 tgt=+0.011/0.466 pstd=0.477 capv=0.040 lr=1.0e-03 gen=0.1s conv=0.0s add=0.1s train=2.2s sps=0
[t= 167.6s] greedy ep 76 games=  96 dec= 18751 rows= 17915 horizon=0.24 nodecap=0 over=0 card=0 exact=0 drop=0 cfgs= 25.7 L=0.01304 P=nan old=0.01368 new=0.00830 tgt=-0.030/0.490 pstd=0.479 capv=0.040 lr=1.0e-03 gen=0.1s conv=0.0s add=0.1s train=2.1s sps=0
[t= 169.7s] greedy ep 77 games=  96 dec= 18346 rows= 17518 horizon=0.25 nodecap=0 over=0 card=0 exact=0 drop=0 cfgs= 27.1 L=0.01316 P=nan old=0.01321 new=0.00935 tgt=-0.053/0.521 pstd=0.459 capv=0.040 lr=1.0e-03 gen=0.1s conv=0.0s add=0.1s train=1.9s sps=0
[t= 171.7s] greedy ep 78 games=  96 dec= 17947 rows= 17157 horizon=0.25 nodecap=0 over=0 card=0 exact=0 drop=0 cfgs= 26.8 L=0.01257 P=nan old=0.01284 new=0.00904 tgt=-0.047/0.514 pstd=0.465 capv=0.040 lr=1.0e-03 gen=0.1s conv=0.0s add=0.1s train=1.7s sps=0
[t= 173.7s] greedy ep 79 games=  96 dec= 18509 rows= 17723 horizon=0.30 nodecap=0 over=0 card=0 exact=0 drop=0 cfgs= 28.3 L=0.01171 P=nan old=0.01223 new=0.00791 tgt=-0.004/0.488 pstd=0.475 capv=0.040 lr=1.0e-03 gen=0.1s conv=0.0s add=0.1s train=1.8s sps=0
[t= 176.0s] greedy ep 80 games=  96 dec= 18005 rows= 17281 horizon=0.26 nodecap=0 over=0 card=0 exact=0 drop=0 cfgs= 28.7 L=0.01203 P=nan old=0.01254 new=0.00933 tgt=-0.025/0.514 pstd=0.469 capv=0.040 lr=1.0e-03 gen=0.1s conv=0.0s add=0.1s train=2.1s sps=0
[t= 178.2s] greedy ep 81 games=  96 dec= 17458 rows= 16682 horizon=0.25 nodecap=0 over=0 card=0 exact=0 drop=0 cfgs= 28.7 L=0.01295 P=nan old=0.01294 new=0.00774 tgt=-0.024/0.534 pstd=0.475 capv=0.040 lr=1.0e-03 gen=0.1s conv=0.0s add=0.1s train=2.0s sps=0
[t= 180.4s] greedy ep 82 games=  96 dec= 17724 rows= 16956 horizon=0.25 nodecap=0 over=0 card=0 exact=0 drop=0 cfgs= 28.6 L=0.01203 P=nan old=0.01299 new=0.00819 tgt=-0.035/0.507 pstd=0.462 capv=0.040 lr=1.0e-03 gen=0.1s conv=0.0s add=0.1s train=2.0s sps=0
[t= 182.6s] greedy ep 83 games=  96 dec= 16961 rows= 16184 horizon=0.19 nodecap=0 over=0 card=0 exact=0 drop=0 cfgs= 30.2 L=0.01230 P=nan old=0.01396 new=0.00835 tgt=-0.027/0.537 pstd=0.466 capv=0.040 lr=1.0e-03 gen=0.1s conv=0.0s add=0.1s train=1.9s sps=0
[t= 184.9s] greedy ep 84 games=  96 dec= 19354 rows= 18540 horizon=0.39 nodecap=0 over=0 card=0 exact=0 drop=0 cfgs= 25.4 L=0.01199 P=nan old=0.01398 new=0.00791 tgt=-0.046/0.473 pstd=0.462 capv=0.040 lr=1.0e-03 gen=0.1s conv=0.0s add=0.1s train=2.1s sps=0
[t= 187.3s] greedy ep 85 games=  96 dec= 18656 rows= 17880 horizon=0.29 nodecap=0 over=0 card=0 exact=0 drop=0 cfgs= 27.6 L=0.01195 P=nan old=0.01356 new=0.00874 tgt=-0.043/0.499 pstd=0.460 capv=0.040 lr=1.0e-03 gen=0.1s conv=0.0s add=0.1s train=2.1s sps=0
[t= 189.6s] greedy ep 86 games=  96 dec= 18285 rows= 17486 horizon=0.26 nodecap=0 over=0 card=0 exact=0 drop=0 cfgs= 28.0 L=0.01226 P=nan old=0.01270 new=0.00807 tgt=-0.025/0.501 pstd=0.457 capv=0.040 lr=1.0e-03 gen=0.1s conv=0.0s add=0.1s train=2.1s sps=0
[t= 191.8s] greedy ep 87 games=  96 dec= 17389 rows= 16649 horizon=0.25 nodecap=0 over=0 card=0 exact=0 drop=0 cfgs= 28.5 L=0.01191 P=nan old=0.01266 new=0.01061 tgt=-0.037/0.504 pstd=0.461 capv=0.040 lr=1.0e-03 gen=0.1s conv=0.0s add=0.1s train=2.0s sps=0
[t= 194.2s] greedy ep 88 games=  96 dec= 18703 rows= 17828 horizon=0.27 nodecap=0 over=0 card=0 exact=0 drop=0 cfgs= 25.5 L=0.01287 P=nan old=0.01237 new=0.00857 tgt=-0.028/0.509 pstd=0.472 capv=0.040 lr=1.0e-03 gen=0.1s conv=0.0s add=0.1s train=2.1s sps=0
[t= 196.1s] greedy ep 89 games=  96 dec= 17445 rows= 16716 horizon=0.25 nodecap=0 over=0 card=0 exact=0 drop=0 cfgs= 28.9 L=0.01237 P=nan old=0.01267 new=0.00775 tgt=-0.056/0.523 pstd=0.460 capv=0.040 lr=1.0e-03 gen=0.1s conv=0.0s add=0.1s train=1.7s sps=0
[t= 198.2s] greedy ep 90 games=  96 dec= 18622 rows= 17824 horizon=0.30 nodecap=0 over=0 card=0 exact=0 drop=0 cfgs= 28.3 L=0.01176 P=nan old=0.01119 new=0.00854 tgt=-0.052/0.508 pstd=0.458 capv=0.040 lr=1.0e-03 gen=0.1s conv=0.0s add=0.1s train=1.8s sps=0
[t= 200.2s] greedy ep 91 games=  96 dec= 19065 rows= 18324 horizon=0.34 nodecap=0 over=0 card=0 exact=0 drop=0 cfgs= 26.2 L=0.01218 P=nan old=0.01178 new=0.00837 tgt=-0.025/0.461 pstd=0.453 capv=0.040 lr=1.0e-03 gen=0.1s conv=0.0s add=0.1s train=1.8s sps=0
[t= 202.2s] greedy ep 92 games=  96 dec= 18963 rows= 18229 horizon=0.31 nodecap=0 over=0 card=0 exact=0 drop=0 cfgs= 24.1 L=0.01197 P=nan old=0.01133 new=0.00721 tgt=-0.041/0.481 pstd=0.469 capv=0.040 lr=1.0e-03 gen=0.1s conv=0.0s add=0.1s train=1.8s sps=0
[t= 204.3s] greedy ep 93 games=  96 dec= 18277 rows= 17540 horizon=0.33 nodecap=0 over=0 card=0 exact=0 drop=0 cfgs= 26.8 L=0.01154 P=nan old=0.01104 new=0.00761 tgt=-0.073/0.495 pstd=0.475 capv=0.040 lr=1.0e-03 gen=0.1s conv=0.0s add=0.1s train=1.8s sps=0
[t= 206.3s] greedy ep 94 games=  96 dec= 18603 rows= 17822 horizon=0.32 nodecap=0 over=0 card=0 exact=0 drop=0 cfgs= 25.2 L=0.01150 P=nan old=0.01104 new=0.00849 tgt=-0.047/0.488 pstd=0.476 capv=0.040 lr=1.0e-03 gen=0.1s conv=0.0s add=0.1s train=1.8s sps=0
[t= 208.3s] greedy ep 95 games=  96 dec= 19081 rows= 18248 horizon=0.26 nodecap=0 over=0 card=0 exact=0 drop=0 cfgs= 27.4 L=0.01169 P=nan old=0.01195 new=0.00861 tgt=-0.044/0.504 pstd=0.465 capv=0.040 lr=1.0e-03 gen=0.1s conv=0.0s add=0.1s train=1.8s sps=0
[t= 210.3s] greedy ep 96 games=  96 dec= 17938 rows= 17156 horizon=0.24 nodecap=0 over=0 card=0 exact=0 drop=0 cfgs= 28.8 L=0.01165 P=nan old=0.01192 new=0.00876 tgt=-0.034/0.506 pstd=0.477 capv=0.040 lr=1.0e-03 gen=0.1s conv=0.0s add=0.1s train=1.7s sps=0
[t= 212.2s] greedy ep 97 games=  96 dec= 17223 rows= 16545 horizon=0.23 nodecap=0 over=0 card=0 exact=0 drop=0 cfgs= 27.7 L=0.01249 P=nan old=0.01172 new=0.00732 tgt=-0.036/0.520 pstd=0.473 capv=0.040 lr=1.0e-03 gen=0.1s conv=0.0s add=0.1s train=1.7s sps=0
[t= 214.2s] greedy ep 98 games=  96 dec= 18276 rows= 17527 horizon=0.31 nodecap=0 over=0 card=0 exact=0 drop=0 cfgs= 27.9 L=0.01195 P=nan old=0.01214 new=0.00880 tgt=-0.037/0.487 pstd=0.453 capv=0.040 lr=1.0e-03 gen=0.1s conv=0.0s add=0.1s train=1.8s sps=0
[t= 216.2s] greedy ep 99 games=  96 dec= 18883 rows= 18017 horizon=0.28 nodecap=0 over=0 card=0 exact=0 drop=0 cfgs= 26.9 L=0.01244 P=nan old=0.01241 new=0.00753 tgt=-0.005/0.487 pstd=0.453 capv=0.040 lr=1.0e-03 gen=0.1s conv=0.0s add=0.1s train=1.8s sps=0
[t= 218.2s] greedy ep100 games=  96 dec= 18125 rows= 17397 horizon=0.29 nodecap=0 over=0 card=0 exact=0 drop=0 cfgs= 28.4 L=0.01147 P=nan old=0.01129 new=0.00751 tgt=-0.037/0.513 pstd=0.466 capv=0.040 lr=1.0e-03 gen=0.1s conv=0.0s add=0.1s train=1.7s sps=0
[t= 220.2s] greedy ep101 games=  96 dec= 18105 rows= 17321 horizon=0.27 nodecap=0 over=0 card=0 exact=0 drop=0 cfgs= 28.4 L=0.01166 P=nan old=0.01195 new=0.00809 tgt=-0.041/0.507 pstd=0.452 capv=0.040 lr=1.0e-03 gen=0.1s conv=0.0s add=0.1s train=1.8s sps=0
[t= 222.1s] greedy ep102 games=  96 dec= 17331 rows= 16510 horizon=0.19 nodecap=0 over=0 card=0 exact=0 drop=0 cfgs= 28.9 L=0.01188 P=nan old=0.01205 new=0.00798 tgt=-0.068/0.530 pstd=0.475 capv=0.040 lr=1.0e-03 gen=0.1s conv=0.0s add=0.1s train=1.7s sps=0
[t= 224.0s] greedy ep103 games=  96 dec= 17633 rows= 16824 horizon=0.23 nodecap=0 over=0 card=0 exact=0 drop=0 cfgs= 26.9 L=0.01199 P=nan old=0.01344 new=0.00917 tgt=-0.065/0.514 pstd=0.466 capv=0.040 lr=1.0e-03 gen=0.1s conv=0.0s add=0.1s train=1.7s sps=0
[t= 226.0s] greedy ep104 games=  96 dec= 18563 rows= 17702 horizon=0.24 nodecap=0 over=0 card=0 exact=0 drop=0 cfgs= 27.6 L=0.01207 P=nan old=0.01179 new=0.00821 tgt=-0.027/0.505 pstd=0.463 capv=0.040 lr=1.0e-03 gen=0.1s conv=0.0s add=0.1s train=1.8s sps=0
[t= 228.0s] greedy ep105 games=  96 dec= 18582 rows= 17738 horizon=0.27 nodecap=0 over=0 card=0 exact=0 drop=0 cfgs= 27.1 L=0.01171 P=nan old=0.01085 new=0.00871 tgt=-0.034/0.514 pstd=0.451 capv=0.040 lr=1.0e-03 gen=0.1s conv=0.0s add=0.1s train=1.8s sps=0
[t= 230.0s] greedy ep106 games=  96 dec= 18088 rows= 17403 horizon=0.26 nodecap=0 over=0 card=0 exact=0 drop=0 cfgs= 27.4 L=0.01162 P=nan old=0.01224 new=0.00738 tgt=-0.052/0.503 pstd=0.467 capv=0.040 lr=1.0e-03 gen=0.1s conv=0.0s add=0.1s train=1.8s sps=0
[t= 232.0s] greedy ep107 games=  96 dec= 18041 rows= 17276 horizon=0.30 nodecap=0 over=0 card=0 exact=0 drop=0 cfgs= 27.1 L=0.01159 P=nan old=0.01092 new=0.00832 tgt=-0.053/0.485 pstd=0.477 capv=0.040 lr=1.0e-03 gen=0.1s conv=0.0s add=0.1s train=1.8s sps=0
[t= 234.1s] greedy ep108 games=  96 dec= 18150 rows= 17355 horizon=0.26 nodecap=0 over=0 card=0 exact=0 drop=0 cfgs= 27.5 L=0.01153 P=nan old=0.01049 new=0.00703 tgt=-0.008/0.496 pstd=0.463 capv=0.040 lr=1.0e-03 gen=0.1s conv=0.0s add=0.1s train=1.8s sps=0
[t= 236.1s] greedy ep109 games=  96 dec= 18283 rows= 17484 horizon=0.25 nodecap=0 over=0 card=0 exact=0 drop=0 cfgs= 27.7 L=0.01166 P=nan old=0.01236 new=0.00848 tgt=-0.026/0.495 pstd=0.478 capv=0.040 lr=1.0e-03 gen=0.1s conv=0.0s add=0.1s train=1.7s sps=0
[t= 237.9s] greedy ep110 games=  96 dec= 17390 rows= 16648 horizon=0.23 nodecap=0 over=0 card=0 exact=0 drop=0 cfgs= 25.7 L=0.01184 P=nan old=0.01142 new=0.00786 tgt=-0.053/0.529 pstd=0.466 capv=0.040 lr=1.0e-03 gen=0.1s conv=0.0s add=0.1s train=1.7s sps=0
[t= 240.0s] greedy ep111 games=  96 dec= 19431 rows= 18629 horizon=0.38 nodecap=0 over=0 card=0 exact=0 drop=0 cfgs= 26.4 L=0.01159 P=nan old=0.01175 new=0.00836 tgt=-0.035/0.475 pstd=0.454 capv=0.040 lr=1.0e-03 gen=0.1s conv=0.0s add=0.1s train=1.9s sps=0
[t= 242.0s] greedy ep112 games=  96 dec= 18006 rows= 17317 horizon=0.29 nodecap=0 over=0 card=0 exact=0 drop=0 cfgs= 26.2 L=0.01091 P=nan old=0.01148 new=0.00668 tgt=-0.006/0.487 pstd=0.448 capv=0.040 lr=1.0e-03 gen=0.1s conv=0.0s add=0.1s train=1.7s sps=0
[t= 244.0s] greedy ep113 games=  96 dec= 18270 rows= 17487 horizon=0.29 nodecap=0 over=0 card=0 exact=0 drop=0 cfgs= 26.4 L=0.01120 P=nan old=0.01080 new=0.00801 tgt=-0.031/0.524 pstd=0.447 capv=0.040 lr=1.0e-03 gen=0.1s conv=0.0s add=0.1s train=1.7s sps=0
[t= 246.0s] greedy ep114 games=  96 dec= 19126 rows= 18338 horizon=0.35 nodecap=0 over=0 card=0 exact=0 drop=0 cfgs= 26.4 L=0.01178 P=nan old=0.01149 new=0.00811 tgt=-0.045/0.492 pstd=0.446 capv=0.040 lr=1.0e-03 gen=0.1s conv=0.0s add=0.1s train=1.9s sps=0
[t= 247.9s] greedy ep115 games=  96 dec= 17661 rows= 16911 horizon=0.16 nodecap=0 over=0 card=0 exact=0 drop=0 cfgs= 28.4 L=0.01208 P=nan old=0.01139 new=0.00667 tgt=-0.005/0.519 pstd=0.433 capv=0.040 lr=1.0e-03 gen=0.1s conv=0.0s add=0.1s train=1.7s sps=0
[t= 249.9s] greedy ep116 games=  96 dec= 18378 rows= 17513 horizon=0.28 nodecap=0 over=0 card=0 exact=0 drop=0 cfgs= 29.8 L=0.01123 P=nan old=0.01282 new=0.00694 tgt=-0.016/0.485 pstd=0.434 capv=0.040 lr=1.0e-03 gen=0.1s conv=0.0s add=0.1s train=1.7s sps=0
[t= 251.9s] greedy ep117 games=  96 dec= 17969 rows= 17144 horizon=0.28 nodecap=0 over=0 card=0 exact=0 drop=0 cfgs= 26.2 L=0.01156 P=nan old=0.01185 new=0.00791 tgt=-0.027/0.511 pstd=0.446 capv=0.040 lr=1.0e-03 gen=0.1s conv=0.0s add=0.1s train=1.7s sps=0
[t= 253.9s] greedy ep118 games=  96 dec= 19031 rows= 18297 horizon=0.38 nodecap=0 over=0 card=0 exact=0 drop=0 cfgs= 28.1 L=0.01152 P=nan old=0.01170 new=0.00826 tgt=-0.095/0.498 pstd=0.432 capv=0.040 lr=1.0e-03 gen=0.1s conv=0.0s add=0.1s train=1.9s sps=0
[t= 256.0s] greedy ep119 games=  96 dec= 18724 rows= 17931 horizon=0.27 nodecap=0 over=0 card=0 exact=0 drop=0 cfgs= 26.8 L=0.01131 P=nan old=0.01164 new=0.00749 tgt=-0.051/0.498 pstd=0.433 capv=0.040 lr=1.0e-03 gen=0.1s conv=0.0s add=0.1s train=1.8s sps=0
[t= 258.0s] greedy ep120 games=  96 dec= 18952 rows= 18033 horizon=0.28 nodecap=0 over=0 card=0 exact=0 drop=0 cfgs= 25.5 L=0.01088 P=nan old=0.01128 new=0.00852 tgt=-0.039/0.480 pstd=0.435 capv=0.040 lr=1.0e-03 gen=0.1s conv=0.0s add=0.1s train=1.8s sps=0
[t= 260.1s] greedy ep121 games=  96 dec= 18610 rows= 17842 horizon=0.31 nodecap=0 over=0 card=0 exact=0 drop=0 cfgs= 26.4 L=0.01095 P=nan old=0.01201 new=0.00779 tgt=-0.010/0.467 pstd=0.432 capv=0.040 lr=1.0e-03 gen=0.1s conv=0.0s add=0.1s train=1.8s sps=0
[t= 262.2s] greedy ep122 games=  96 dec= 19327 rows= 18551 horizon=0.38 nodecap=0 over=0 card=0 exact=0 drop=0 cfgs= 26.0 L=0.01067 P=nan old=0.00986 new=0.00739 tgt=-0.032/0.468 pstd=0.420 capv=0.040 lr=1.0e-03 gen=0.1s conv=0.0s add=0.1s train=1.9s sps=0
[t= 264.2s] greedy ep123 games=  96 dec= 18773 rows= 17922 horizon=0.27 nodecap=0 over=0 card=0 exact=0 drop=0 cfgs= 27.1 L=0.01049 P=nan old=0.01138 new=0.00755 tgt=-0.018/0.516 pstd=0.415 capv=0.040 lr=1.0e-03 gen=0.1s conv=0.0s add=0.1s train=1.8s sps=0
[t= 266.3s] greedy ep124 games=  96 dec= 18792 rows= 17985 horizon=0.31 nodecap=0 over=0 card=0 exact=0 drop=0 cfgs= 28.7 L=0.01059 P=nan old=0.01169 new=0.00663 tgt=-0.053/0.492 pstd=0.422 capv=0.040 lr=1.0e-03 gen=0.1s conv=0.0s add=0.1s train=1.8s sps=0
[t= 268.4s] greedy ep125 games=  96 dec= 18881 rows= 18013 horizon=0.27 nodecap=0 over=0 card=0 exact=0 drop=0 cfgs= 26.8 L=0.01063 P=nan old=0.01161 new=0.00702 tgt=-0.011/0.486 pstd=0.408 capv=0.040 lr=1.0e-03 gen=0.1s conv=0.0s add=0.1s train=1.8s sps=0
[t= 270.5s] greedy ep126 games=  96 dec= 19520 rows= 18707 horizon=0.34 nodecap=0 over=0 card=0 exact=0 drop=0 cfgs= 27.0 L=0.01055 P=nan old=0.01096 new=0.00679 tgt=-0.016/0.480 pstd=0.390 capv=0.040 lr=1.0e-03 gen=0.1s conv=0.0s add=0.1s train=1.9s sps=0
[t= 272.4s] greedy ep127 games=  96 dec= 17220 rows= 16519 horizon=0.18 nodecap=0 over=0 card=0 exact=0 drop=0 cfgs= 30.1 L=0.01086 P=nan old=0.00975 new=0.00739 tgt=-0.010/0.537 pstd=0.402 capv=0.040 lr=1.0e-03 gen=0.1s conv=0.0s add=0.1s train=1.7s sps=0
[t= 274.6s] greedy ep128 games=  96 dec= 19220 rows= 18541 horizon=0.38 nodecap=0 over=0 card=0 exact=0 drop=0 cfgs= 25.2 L=0.01076 P=nan old=0.01043 new=0.00719 tgt=-0.043/0.470 pstd=0.404 capv=0.040 lr=1.0e-03 gen=0.1s conv=0.0s add=0.1s train=1.9s sps=0
[t= 276.6s] greedy ep129 games=  96 dec= 18267 rows= 17549 horizon=0.30 nodecap=0 over=0 card=0 exact=0 drop=0 cfgs= 26.8 L=0.01008 P=nan old=0.01118 new=0.00680 tgt=-0.018/0.469 pstd=0.409 capv=0.040 lr=1.0e-03 gen=0.1s conv=0.0s add=0.1s train=1.8s sps=0
[t= 278.6s] greedy ep130 games=  96 dec= 18111 rows= 17341 horizon=0.27 nodecap=0 over=0 card=0 exact=0 drop=0 cfgs= 28.1 L=0.01035 P=nan old=0.01027 new=0.00706 tgt=-0.048/0.487 pstd=0.392 capv=0.040 lr=1.0e-03 gen=0.1s conv=0.0s add=0.1s train=1.8s sps=0
[t= 280.5s] greedy ep131 games=  96 dec= 17369 rows= 16572 horizon=0.18 nodecap=0 over=0 card=0 exact=0 drop=0 cfgs= 28.7 L=0.01064 P=nan old=0.01164 new=0.00658 tgt=-0.047/0.529 pstd=0.397 capv=0.040 lr=1.0e-03 gen=0.1s conv=0.0s add=0.1s train=1.7s sps=0
[t= 282.6s] greedy ep132 games=  96 dec= 18942 rows= 18118 horizon=0.28 nodecap=0 over=0 card=0 exact=0 drop=0 cfgs= 25.9 L=0.01066 P=nan old=0.01007 new=0.00706 tgt=-0.025/0.490 pstd=0.389 capv=0.040 lr=1.0e-03 gen=0.1s conv=0.0s add=0.1s train=1.8s sps=0
[t= 284.7s] greedy ep133 games=  96 dec= 18303 rows= 17559 horizon=0.31 nodecap=0 over=0 card=0 exact=0 drop=0 cfgs= 28.8 L=0.00996 P=nan old=0.01031 new=0.00647 tgt=-0.065/0.522 pstd=0.390 capv=0.040 lr=1.0e-03 gen=0.1s conv=0.0s add=0.1s train=1.8s sps=0
[t= 286.5s] greedy ep134 games=  96 dec= 17224 rows= 16483 horizon=0.23 nodecap=0 over=0 card=0 exact=0 drop=0 cfgs= 27.3 L=0.01024 P=nan old=0.01042 new=0.00734 tgt=-0.008/0.505 pstd=0.402 capv=0.040 lr=1.0e-03 gen=0.1s conv=0.0s add=0.1s train=1.6s sps=0
[t= 288.4s] greedy ep135 games=  96 dec= 17667 rows= 16876 horizon=0.20 nodecap=0 over=0 card=0 exact=0 drop=0 cfgs= 28.8 L=0.01054 P=nan old=0.00960 new=0.00683 tgt=-0.045/0.534 pstd=0.390 capv=0.040 lr=1.0e-03 gen=0.1s conv=0.0s add=0.1s train=1.7s sps=0
[t= 290.4s] greedy ep136 games=  96 dec= 17728 rows= 16967 horizon=0.21 nodecap=0 over=0 card=0 exact=0 drop=0 cfgs= 30.7 L=0.01091 P=nan old=0.01133 new=0.00763 tgt=-0.055/0.531 pstd=0.405 capv=0.040 lr=1.0e-03 gen=0.1s conv=0.0s add=0.1s train=1.7s sps=0
[t= 292.4s] greedy ep137 games=  96 dec= 18877 rows= 18184 horizon=0.33 nodecap=0 over=0 card=0 exact=0 drop=0 cfgs= 25.5 L=0.01002 P=nan old=0.00965 new=0.00679 tgt=-0.049/0.496 pstd=0.394 capv=0.040 lr=1.0e-03 gen=0.1s conv=0.0s add=0.1s train=1.8s sps=0
[t= 294.5s] greedy ep138 games=  96 dec= 18602 rows= 17715 horizon=0.25 nodecap=0 over=0 card=0 exact=0 drop=0 cfgs= 29.2 L=0.00999 P=nan old=0.00969 new=0.00585 tgt=-0.009/0.503 pstd=0.399 capv=0.040 lr=1.0e-03 gen=0.1s conv=0.0s add=0.1s train=1.8s sps=0
[t= 296.6s] greedy ep139 games=  96 dec= 19305 rows= 18517 horizon=0.35 nodecap=0 over=0 card=0 exact=0 drop=0 cfgs= 26.5 L=0.01000 P=nan old=0.00979 new=0.00735 tgt=-0.025/0.475 pstd=0.401 capv=0.040 lr=1.0e-03 gen=0.1s conv=0.0s add=0.1s train=1.8s sps=0
[t= 298.5s] greedy ep140 games=  96 dec= 18226 rows= 17475 horizon=0.29 nodecap=0 over=0 card=0 exact=0 drop=0 cfgs= 27.6 L=0.00956 P=nan old=0.01003 new=0.00670 tgt=-0.066/0.504 pstd=0.396 capv=0.040 lr=1.0e-03 gen=0.1s conv=0.0s add=0.1s train=1.7s sps=0
[t= 300.6s] greedy ep141 games=  96 dec= 19035 rows= 18235 horizon=0.30 nodecap=0 over=0 card=0 exact=0 drop=0 cfgs= 26.1 L=0.00971 P=nan old=0.00963 new=0.00643 tgt=-0.002/0.470 pstd=0.396 capv=0.040 lr=1.0e-03 gen=0.1s conv=0.0s add=0.1s train=1.8s sps=0
[t= 300.6s] --- snapshot snap_00.pt (init) ---
[t= 300.6s] --- switching to ReBeL ---
v5 GEMM compute=fast-f16
[t= 310.7s] rebel stream solves=15360 raw=1530/s balanced=1530/s debt=0 rows steps=60 over=0 card=0 drop=0 L=0.02466 tgt=-0.002/0.276 cfg/b=41239 prep=0.31s gpu=0.00s conv=0.02s add=0.51s train=1.86s
[t= 320.7s] rebel stream solves=43008 raw=2143/s balanced=2143/s debt=0 rows steps=168 over=0 card=0 drop=0 L=0.00519 tgt=-0.005/0.245 cfg/b=50444 prep=0.49s gpu=0.00s conv=0.05s add=1.17s train=3.37s
[t= 330.9s] rebel stream solves=60416 raw=1998/s balanced=1998/s debt=0 rows steps=236 over=0 card=0 drop=0 L=0.00279 tgt=-0.010/0.251 cfg/b=30160 prep=0.35s gpu=0.00s conv=0.01s add=0.54s train=2.13s
[t= 340.9s] rebel stream solves=79872 raw=1985/s balanced=1985/s debt=0 rows steps=312 over=0 card=0 drop=0 L=0.00242 tgt=-0.012/0.258 cfg/b=26979 prep=0.42s gpu=0.00s conv=0.01s add=0.40s train=2.43s
[t= 351.0s] rebel stream solves=96256 raw=1912/s balanced=1912/s debt=0 rows steps=376 over=0 card=0 drop=0 L=0.00224 tgt=-0.023/0.273 cfg/b=21521 prep=0.34s gpu=0.00s conv=0.01s add=0.27s train=1.99s
[t= 361.0s] rebel stream solves=109568 raw=1815/s balanced=1815/s debt=0 rows steps=428 over=0 card=0 drop=0 L=0.00214 tgt=-0.019/0.284 cfg/b=19624 prep=0.27s gpu=0.00s conv=0.01s add=0.24s train=1.66s
[t= 371.4s] rebel stream solves=122880 raw=1737/s balanced=1737/s debt=0 rows steps=480 over=0 card=0 drop=0 L=0.00231 tgt=-0.031/0.296 cfg/b=17834 prep=0.32s gpu=0.00s conv=0.01s add=0.19s train=1.70s
[t= 381.4s] rebel stream solves=135168 raw=1673/s balanced=1673/s debt=0 rows steps=528 over=0 card=0 drop=0 L=0.00245 tgt=-0.026/0.307 cfg/b=16862 prep=0.27s gpu=0.00s conv=0.00s add=0.15s train=1.55s
[t= 391.4s] rebel stream solves=146432 raw=1612/s balanced=1612/s debt=0 rows steps=572 over=0 card=0 drop=0 L=0.00259 tgt=-0.031/0.314 cfg/b=16062 prep=0.26s gpu=0.00s conv=0.01s add=0.16s train=1.41s
[t= 401.5s] rebel stream solves=156672 raw=1553/s balanced=1553/s debt=0 rows steps=612 over=0 card=0 drop=0 L=0.00293 tgt=-0.054/0.348 cfg/b=15452 prep=0.25s gpu=0.00s conv=0.00s add=0.14s train=1.35s
[t= 411.5s] rebel stream solves=167936 raw=1514/s balanced=1514/s debt=0 rows steps=656 over=0 card=0 drop=0 L=0.00366 tgt=-0.015/0.313 cfg/b=14808 prep=0.25s gpu=0.00s conv=0.01s add=0.14s train=1.40s
[t= 421.8s] rebel stream solves=180224 raw=1487/s balanced=1487/s debt=0 rows steps=704 over=0 card=0 drop=0 L=0.00429 tgt=-0.027/0.322 cfg/b=14709 prep=0.28s gpu=0.00s conv=0.01s add=0.19s train=1.53s
[t= 431.8s] rebel stream solves=193536 raw=1475/s balanced=1475/s debt=0 rows steps=756 over=0 card=0 drop=0 L=0.00514 tgt=-0.010/0.328 cfg/b=14664 prep=0.30s gpu=0.00s conv=0.01s add=0.18s train=1.62s
[t= 441.8s] rebel stream solves=205824 raw=1457/s balanced=1457/s debt=0 rows steps=804 over=0 card=0 drop=0 L=0.00552 tgt=-0.012/0.312 cfg/b=14714 prep=0.26s gpu=0.00s conv=0.01s add=0.24s train=1.50s
[t= 451.9s] rebel stream solves=221184 raw=1462/s balanced=1462/s debt=0 rows steps=864 over=0 card=0 drop=0 L=0.00660 tgt=-0.008/0.303 cfg/b=14757 prep=0.30s gpu=0.00s conv=0.01s add=0.32s train=1.82s
[t= 462.0s] rebel stream solves=237568 raw=1472/s balanced=1472/s debt=0 rows steps=928 over=0 card=0 drop=0 L=0.00721 tgt=+0.002/0.291 cfg/b=15056 prep=0.34s gpu=0.00s conv=0.01s add=0.34s train=1.93s
[t= 472.0s] rebel stream solves=251904 raw=1469/s balanced=1469/s debt=0 rows steps=984 over=0 card=0 drop=0 L=0.00791 tgt=+0.005/0.285 cfg/b=15831 prep=0.28s gpu=0.00s conv=0.01s add=0.33s train=1.67s
[t= 482.1s] rebel stream solves=267264 raw=1473/s balanced=1473/s debt=0 rows steps=1044 over=0 card=0 drop=0 L=0.00790 tgt=-0.001/0.281 cfg/b=16436 prep=0.28s gpu=0.00s conv=0.01s add=0.37s train=1.75s
[t= 492.1s] rebel stream solves=282624 raw=1476/s balanced=1476/s debt=0 rows steps=1104 over=0 card=0 drop=0 L=0.00827 tgt=-0.007/0.281 cfg/b=15971 prep=0.34s gpu=0.00s conv=0.02s add=0.42s train=1.88s
[t= 502.1s] rebel stream solves=296960 raw=1474/s balanced=1474/s debt=0 rows steps=1160 over=0 card=0 drop=0 L=0.00847 tgt=-0.001/0.268 cfg/b=16381 prep=0.30s gpu=0.00s conv=0.01s add=0.43s train=1.72s
[t= 512.2s] rebel stream solves=311296 raw=1472/s balanced=1472/s debt=0 rows steps=1216 over=0 card=0 drop=0 L=0.00819 tgt=-0.008/0.266 cfg/b=17225 prep=0.32s gpu=0.00s conv=0.02s add=0.44s train=1.75s
[t= 522.3s] rebel stream solves=325632 raw=1469/s balanced=1469/s debt=0 rows steps=1272 over=0 card=0 drop=0 L=0.00808 tgt=-0.002/0.268 cfg/b=18355 prep=0.30s gpu=0.00s conv=0.01s add=0.49s train=1.66s
[t= 532.4s] rebel stream solves=337920 raw=1458/s balanced=1458/s debt=0 rows steps=1320 over=0 card=0 drop=0 L=0.00839 tgt=-0.017/0.267 cfg/b=19398 prep=0.27s gpu=0.00s conv=0.01s add=0.44s train=1.45s
[t= 542.4s] rebel stream solves=348160 raw=1440/s balanced=1440/s debt=0 rows steps=1360 over=0 card=0 drop=0 L=0.00804 tgt=-0.019/0.262 cfg/b=20694 prep=0.19s gpu=0.00s conv=0.01s add=0.38s train=1.12s
[t= 552.4s] rebel stream solves=360448 raw=1431/s balanced=1431/s debt=0 rows steps=1408 over=0 card=0 drop=0 L=0.00814 tgt=-0.012/0.262 cfg/b=21563 prep=0.23s gpu=0.00s conv=0.01s add=0.51s train=1.37s
[t= 562.4s] rebel stream solves=371712 raw=1420/s balanced=1420/s debt=0 rows steps=1452 over=0 card=0 drop=0 L=0.00825 tgt=-0.016/0.257 cfg/b=22333 prep=0.21s gpu=0.00s conv=0.01s add=0.43s train=1.26s
[t= 572.5s] rebel stream solves=384000 raw=1412/s balanced=1412/s debt=0 rows steps=1500 over=0 card=0 drop=0 L=0.00893 tgt=-0.025/0.258 cfg/b=24053 prep=0.23s gpu=0.00s conv=0.01s add=0.53s train=1.33s
[t= 582.5s] rebel stream solves=395264 raw=1402/s balanced=1402/s debt=0 rows steps=1544 over=0 card=0 drop=0 L=0.00808 tgt=-0.027/0.261 cfg/b=24716 prep=0.21s gpu=0.00s conv=0.01s add=0.51s train=1.22s
[t= 592.5s] rebel stream solves=406528 raw=1393/s balanced=1393/s debt=0 rows steps=1588 over=0 card=0 drop=0 L=0.00854 tgt=-0.030/0.262 cfg/b=25584 prep=0.22s gpu=0.00s conv=0.01s add=0.46s train=1.27s
[t= 602.5s] rebel stream solves=416768 raw=1380/s balanced=1380/s debt=0 rows steps=1628 over=0 card=0 drop=0 L=0.00851 tgt=-0.033/0.261 cfg/b=26574 prep=0.19s gpu=0.00s conv=0.02s add=0.44s train=1.14s
[t= 612.7s] rebel stream solves=427008 raw=1368/s balanced=1368/s debt=0 rows steps=1668 over=0 card=0 drop=0 L=0.00850 tgt=-0.031/0.269 cfg/b=27148 prep=0.19s gpu=0.00s conv=0.01s add=0.51s train=1.11s
[t= 622.7s] rebel stream solves=437248 raw=1358/s balanced=1358/s debt=0 rows steps=1708 over=0 card=0 drop=0 L=0.00924 tgt=-0.033/0.274 cfg/b=27998 prep=0.21s gpu=0.00s conv=0.01s add=0.49s train=1.13s
[t= 632.7s] rebel stream solves=447488 raw=1348/s balanced=1348/s debt=0 rows steps=1748 over=0 card=0 drop=0 L=0.00863 tgt=-0.031/0.268 cfg/b=28671 prep=0.19s gpu=0.00s conv=0.01s add=0.42s train=1.18s
[t= 642.7s] rebel stream solves=457728 raw=1338/s balanced=1338/s debt=0 rows steps=1788 over=0 card=0 drop=0 L=0.00875 tgt=-0.031/0.265 cfg/b=29542 prep=0.19s gpu=0.00s conv=0.01s add=0.48s train=1.08s
[t= 652.8s] rebel stream solves=468992 raw=1332/s balanced=1332/s debt=0 rows steps=1832 over=0 card=0 drop=0 L=0.00898 tgt=-0.034/0.269 cfg/b=30006 prep=0.21s gpu=0.00s conv=0.01s add=0.53s train=1.23s
[t= 662.8s] rebel stream solves=478208 raw=1320/s balanced=1320/s debt=0 rows steps=1868 over=1 card=0 drop=0 L=0.00908 tgt=-0.020/0.262 cfg/b=30491 prep=0.17s gpu=0.00s conv=0.01s add=0.46s train=1.06s
[t= 672.8s] rebel stream solves=488448 raw=1312/s balanced=1312/s debt=0 rows steps=1908 over=1 card=0 drop=0 L=0.00873 tgt=-0.024/0.261 cfg/b=31174 prep=0.23s gpu=0.00s conv=0.01s add=0.47s train=1.09s
[t= 682.9s] rebel stream solves=499712 raw=1307/s balanced=1307/s debt=0 rows steps=1952 over=1 card=0 drop=0 L=0.00857 tgt=-0.033/0.264 cfg/b=32145 prep=0.20s gpu=0.00s conv=0.02s add=0.58s train=1.23s
[t= 693.0s] rebel stream solves=510976 raw=1302/s balanced=1302/s debt=0 rows steps=1996 over=1 card=0 drop=0 L=0.00897 tgt=-0.029/0.262 cfg/b=32368 prep=0.21s gpu=0.00s conv=0.01s add=0.53s train=1.30s
[t= 696.7s] --- lr -> 5.00e-04 ---
[t= 700.6s] --- snapshot snap_01.pt (s1) ---
[t= 703.1s] rebel stream solves=520192 raw=1292/s balanced=1292/s debt=0 rows steps=2032 over=1 card=0 drop=0 L=0.00902 tgt=-0.028/0.262 cfg/b=33126 prep=0.17s gpu=0.00s conv=0.01s add=0.37s train=0.98s
[t= 713.1s] rebel stream solves=529408 raw=1283/s balanced=1283/s debt=0 rows steps=2068 over=1 card=0 drop=0 L=0.00908 tgt=-0.032/0.267 cfg/b=33700 prep=0.17s gpu=0.00s conv=0.01s add=0.47s train=1.06s
[t= 723.3s] rebel stream solves=540672 raw=1279/s balanced=1279/s debt=0 rows steps=2112 over=1 card=0 drop=0 L=0.00894 tgt=-0.031/0.266 cfg/b=34802 prep=0.20s gpu=0.00s conv=0.01s add=0.59s train=1.25s
[t= 733.4s] rebel stream solves=550912 raw=1273/s balanced=1273/s debt=0 rows steps=2152 over=1 card=0 drop=0 L=0.00911 tgt=-0.039/0.271 cfg/b=35725 prep=0.19s gpu=0.00s conv=0.01s add=0.56s train=1.17s
[t= 743.5s] rebel stream solves=560128 raw=1265/s balanced=1265/s debt=0 rows steps=2188 over=1 card=0 drop=0 L=0.00949 tgt=-0.033/0.258 cfg/b=37247 prep=0.15s gpu=0.00s conv=0.01s add=0.54s train=0.98s
[t= 753.5s] rebel stream solves=570368 raw=1259/s balanced=1259/s debt=0 rows steps=2228 over=1 card=0 drop=0 L=0.00874 tgt=-0.033/0.269 cfg/b=38653 prep=0.19s gpu=0.00s conv=0.02s add=0.52s train=1.17s
[t= 763.5s] rebel stream solves=578560 raw=1250/s balanced=1250/s debt=0 rows steps=2260 over=1 card=0 drop=0 L=0.00898 tgt=-0.025/0.274 cfg/b=38556 prep=0.14s gpu=0.00s conv=0.02s add=0.42s train=0.90s
[t= 773.6s] rebel stream solves=586752 raw=1241/s balanced=1241/s debt=0 rows steps=2292 over=1 card=0 drop=0 L=0.00864 tgt=-0.025/0.269 cfg/b=40364 prep=0.14s gpu=0.00s conv=0.01s add=0.52s train=0.91s
[t= 783.6s] rebel stream solves=595968 raw=1234/s balanced=1234/s debt=0 rows steps=2328 over=1 card=0 drop=0 L=0.00886 tgt=-0.022/0.264 cfg/b=41050 prep=0.18s gpu=0.00s conv=0.02s add=0.54s train=1.05s
[t= 793.6s] rebel stream solves=604160 raw=1225/s balanced=1225/s debt=0 rows steps=2360 over=1 card=0 drop=0 L=0.00834 tgt=-0.028/0.273 cfg/b=41246 prep=0.15s gpu=0.00s conv=0.01s add=0.51s train=0.95s
[t= 803.6s] rebel stream solves=612352 raw=1217/s balanced=1217/s debt=0 rows steps=2392 over=1 card=0 drop=0 L=0.00814 tgt=-0.033/0.276 cfg/b=41888 prep=0.14s gpu=0.00s conv=0.01s add=0.48s train=0.92s
[t= 813.6s] rebel stream solves=620544 raw=1210/s balanced=1210/s debt=0 rows steps=2424 over=1 card=0 drop=0 L=0.00873 tgt=-0.028/0.278 cfg/b=41734 prep=0.15s gpu=0.00s conv=0.01s add=0.46s train=0.94s
[t= 823.7s] rebel stream solves=628736 raw=1202/s balanced=1202/s debt=0 rows steps=2456 over=1 card=0 drop=0 L=0.00866 tgt=-0.030/0.276 cfg/b=42317 prep=0.15s gpu=0.00s conv=0.02s add=0.50s train=0.93s
[t= 833.7s] rebel stream solves=635904 raw=1193/s balanced=1193/s debt=0 rows steps=2484 over=1 card=0 drop=0 L=0.00895 tgt=-0.032/0.281 cfg/b=42736 prep=0.13s gpu=0.00s conv=0.01s add=0.44s train=0.79s
[t= 843.7s] rebel stream solves=644096 raw=1186/s balanced=1186/s debt=0 rows steps=2516 over=1 card=0 drop=0 L=0.00877 tgt=-0.036/0.283 cfg/b=42978 prep=0.21s gpu=0.00s conv=0.01s add=0.50s train=1.00s
[t= 853.7s] rebel stream solves=651264 raw=1177/s balanced=1177/s debt=0 rows steps=2544 over=1 card=0 drop=0 L=0.00864 tgt=-0.034/0.281 cfg/b=43589 prep=0.13s gpu=0.00s conv=0.01s add=0.41s train=0.74s
[t= 863.7s] rebel stream solves=657408 raw=1167/s balanced=1167/s debt=0 rows steps=2568 over=1 card=0 drop=0 L=0.00894 tgt=-0.027/0.282 cfg/b=42772 prep=0.20s gpu=0.00s conv=0.01s add=0.36s train=0.81s
[t= 873.8s] rebel stream solves=664576 raw=1160/s balanced=1160/s debt=0 rows steps=2596 over=1 card=0 drop=0 L=0.00849 tgt=-0.032/0.278 cfg/b=44230 prep=0.15s gpu=0.00s conv=0.02s add=0.42s train=0.86s
[t= 883.8s] rebel stream solves=671744 raw=1152/s balanced=1152/s debt=0 rows steps=2624 over=1 card=0 drop=0 L=0.00935 tgt=-0.043/0.286 cfg/b=43847 prep=0.15s gpu=0.00s conv=0.02s add=0.44s train=0.82s
[t= 893.8s] rebel stream solves=678912 raw=1144/s balanced=1144/s debt=0 rows steps=2652 over=1 card=0 drop=0 L=0.00875 tgt=-0.044/0.285 cfg/b=44256 prep=0.16s gpu=0.00s conv=0.02s add=0.46s train=0.87s
[t= 903.8s] rebel stream solves=685056 raw=1136/s balanced=1136/s debt=0 rows steps=2676 over=1 card=0 drop=0 L=0.00876 tgt=-0.046/0.292 cfg/b=44896 prep=0.11s gpu=0.00s conv=0.02s add=0.39s train=0.72s
[t= 913.8s] rebel stream solves=693248 raw=1130/s balanced=1130/s debt=0 rows steps=2708 over=1 card=0 drop=0 L=0.00902 tgt=-0.043/0.293 cfg/b=44241 prep=0.14s gpu=0.00s conv=0.02s add=0.49s train=0.88s
[t= 923.9s] rebel stream solves=701440 raw=1125/s balanced=1125/s debt=0 rows steps=2740 over=1 card=0 drop=0 L=0.00911 tgt=-0.038/0.290 cfg/b=44625 prep=0.16s gpu=0.00s conv=0.01s add=0.45s train=0.97s
[t= 933.9s] rebel stream solves=709632 raw=1121/s balanced=1121/s debt=0 rows steps=2772 over=1 card=0 drop=0 L=0.00877 tgt=-0.047/0.293 cfg/b=44933 prep=0.20s gpu=0.00s conv=0.01s add=0.43s train=1.02s
[t= 944.1s] rebel stream solves=717824 raw=1116/s balanced=1116/s debt=0 rows steps=2804 over=1 card=0 drop=0 L=0.00917 tgt=-0.043/0.298 cfg/b=44626 prep=0.17s gpu=0.00s conv=0.02s add=0.43s train=0.98s
[t= 954.1s] rebel stream solves=726016 raw=1111/s balanced=1111/s debt=0 rows steps=2836 over=1 card=0 drop=0 L=0.00905 tgt=-0.037/0.289 cfg/b=45247 prep=0.22s gpu=0.00s conv=0.02s add=0.49s train=1.01s
[t= 964.1s] rebel stream solves=735232 raw=1108/s balanced=1108/s debt=0 rows steps=2872 over=1 card=0 drop=0 L=0.00952 tgt=-0.036/0.289 cfg/b=45310 prep=0.16s gpu=0.00s conv=0.01s add=0.56s train=1.05s
[t= 974.1s] rebel stream solves=743424 raw=1104/s balanced=1104/s debt=0 rows steps=2904 over=1 card=0 drop=0 L=0.00910 tgt=-0.043/0.293 cfg/b=45574 prep=0.14s gpu=0.00s conv=0.01s add=0.44s train=0.92s
[t= 984.2s] rebel stream solves=752640 raw=1101/s balanced=1101/s debt=0 rows steps=2940 over=1 card=0 drop=0 L=0.00930 tgt=-0.044/0.298 cfg/b=45205 prep=0.15s gpu=0.00s conv=0.03s add=0.54s train=0.98s
[t= 994.2s] rebel stream solves=760832 raw=1097/s balanced=1097/s debt=0 rows steps=2972 over=1 card=0 drop=0 L=0.00893 tgt=-0.043/0.305 cfg/b=45569 prep=0.19s gpu=0.00s conv=0.01s add=0.39s train=0.95s
[t=1004.2s] rebel stream solves=768000 raw=1092/s balanced=1092/s debt=0 rows steps=3000 over=1 card=0 drop=0 L=0.00905 tgt=-0.050/0.306 cfg/b=46293 prep=0.14s gpu=0.00s conv=0.01s add=0.39s train=0.86s
[t=1014.2s] rebel stream solves=776192 raw=1088/s balanced=1088/s debt=0 rows steps=3032 over=1 card=0 drop=0 L=0.00938 tgt=-0.038/0.303 cfg/b=45628 prep=0.16s gpu=0.00s conv=0.02s add=0.45s train=0.99s
[t=1024.2s] rebel stream solves=785408 raw=1085/s balanced=1085/s debt=0 rows steps=3068 over=1 card=0 drop=0 L=0.00949 tgt=-0.039/0.309 cfg/b=46203 prep=0.21s gpu=0.00s conv=0.02s add=0.55s train=1.11s
[t=1034.3s] rebel stream solves=793600 raw=1082/s balanced=1082/s debt=0 rows steps=3100 over=1 card=0 drop=0 L=0.00925 tgt=-0.036/0.303 cfg/b=45544 prep=0.20s gpu=0.00s conv=0.01s add=0.46s train=1.00s
[t=1044.3s] rebel stream solves=802816 raw=1080/s balanced=1080/s debt=0 rows steps=3136 over=1 card=0 drop=0 L=0.00995 tgt=-0.035/0.307 cfg/b=45704 prep=0.18s gpu=0.00s conv=0.02s add=0.54s train=1.07s
[t=1054.3s] rebel stream solves=812032 raw=1077/s balanced=1077/s debt=0 rows steps=3172 over=1 card=0 drop=0 L=0.00936 tgt=-0.034/0.314 cfg/b=45627 prep=0.20s gpu=0.00s conv=0.01s add=0.52s train=1.10s
[t=1064.4s] rebel stream solves=822272 raw=1077/s balanced=1077/s debt=0 rows steps=3212 over=1 card=0 drop=0 L=0.00955 tgt=-0.031/0.303 cfg/b=45350 prep=0.23s gpu=0.00s conv=0.02s add=0.57s train=1.23s
[t=1074.9s] rebel stream solves=831488 raw=1074/s balanced=1074/s debt=0 rows steps=3248 over=1 card=0 drop=0 L=0.01051 tgt=-0.031/0.301 cfg/b=44954 prep=0.21s gpu=0.00s conv=0.01s add=0.44s train=1.04s
[t=1084.9s] rebel stream solves=840704 raw=1072/s balanced=1072/s debt=0 rows steps=3284 over=1 card=0 drop=0 L=0.00937 tgt=-0.029/0.298 cfg/b=45904 prep=0.18s gpu=0.00s conv=0.02s add=0.51s train=1.05s
[t=1094.9s] rebel stream solves=849920 raw=1070/s balanced=1070/s debt=0 rows steps=3320 over=1 card=0 drop=0 L=0.00983 tgt=-0.023/0.306 cfg/b=44692 prep=0.18s gpu=0.00s conv=0.01s add=0.47s train=1.08s
[t=1100.6s] --- snapshot snap_02.pt (s2) ---
[t=1104.7s] --- lr -> 2.50e-04 ---
[t=1105.0s] rebel stream solves=859136 raw=1068/s balanced=1068/s debt=0 rows steps=3356 over=1 card=0 drop=0 L=0.01042 tgt=-0.025/0.304 cfg/b=44023 prep=0.15s gpu=0.00s conv=0.01s add=0.51s train=1.02s
[t=1115.0s] rebel stream solves=869376 raw=1068/s balanced=1068/s debt=0 rows steps=3396 over=1 card=0 drop=0 L=0.00941 tgt=-0.027/0.308 cfg/b=44256 prep=0.20s gpu=0.00s conv=0.01s add=0.50s train=1.23s
[t=1125.0s] rebel stream solves=879616 raw=1067/s balanced=1067/s debt=0 rows steps=3436 over=1 card=0 drop=0 L=0.00963 tgt=-0.025/0.312 cfg/b=43650 prep=0.22s gpu=0.00s conv=0.02s add=0.55s train=1.17s
[t=1135.0s] rebel stream solves=889856 raw=1066/s balanced=1066/s debt=0 rows steps=3476 over=1 card=0 drop=0 L=0.00990 tgt=-0.029/0.309 cfg/b=43355 prep=0.22s gpu=0.00s conv=0.01s add=0.50s train=1.22s
[t=1145.0s] rebel stream solves=900096 raw=1066/s balanced=1066/s debt=0 rows steps=3516 over=1 card=0 drop=0 L=0.00979 tgt=-0.030/0.304 cfg/b=43634 prep=0.18s gpu=0.00s conv=0.01s add=0.53s train=1.16s
[t=1155.1s] rebel stream solves=910336 raw=1065/s balanced=1065/s debt=0 rows steps=3556 over=1 card=0 drop=0 L=0.00956 tgt=-0.033/0.311 cfg/b=42770 prep=0.19s gpu=0.00s conv=0.02s add=0.59s train=1.16s
[t=1165.1s] rebel stream solves=920576 raw=1065/s balanced=1065/s debt=0 rows steps=3596 over=1 card=0 drop=0 L=0.00955 tgt=-0.034/0.320 cfg/b=43553 prep=0.20s gpu=0.00s conv=0.02s add=0.57s train=1.13s
[t=1175.1s] rebel stream solves=929792 raw=1063/s balanced=1063/s debt=0 rows steps=3632 over=1 card=0 drop=0 L=0.01009 tgt=-0.038/0.319 cfg/b=43355 prep=0.16s gpu=0.00s conv=0.02s add=0.53s train=1.02s
[t=1185.2s] rebel stream solves=940032 raw=1063/s balanced=1063/s debt=0 rows steps=3672 over=1 card=0 drop=0 L=0.01019 tgt=-0.039/0.314 cfg/b=42804 prep=0.17s gpu=0.00s conv=0.01s add=0.56s train=1.16s
[t=1195.2s] rebel stream solves=950272 raw=1062/s balanced=1062/s debt=0 rows steps=3712 over=1 card=0 drop=0 L=0.00995 tgt=-0.038/0.322 cfg/b=43481 prep=0.18s gpu=0.00s conv=0.01s add=0.58s train=1.15s
[t=1205.2s] rebel stream solves=960512 raw=1062/s balanced=1062/s debt=0 rows steps=3752 over=1 card=0 drop=0 L=0.01033 tgt=-0.025/0.322 cfg/b=42578 prep=0.17s gpu=0.00s conv=0.01s add=0.53s train=1.12s
[t=1215.2s] rebel stream solves=971776 raw=1063/s balanced=1063/s debt=0 rows steps=3796 over=1 card=0 drop=0 L=0.01004 tgt=-0.027/0.318 cfg/b=42270 prep=0.20s gpu=0.00s conv=0.01s add=0.56s train=1.26s
[t=1225.3s] rebel stream solves=982016 raw=1062/s balanced=1062/s debt=0 rows steps=3836 over=1 card=0 drop=0 L=0.01019 tgt=-0.030/0.314 cfg/b=42286 prep=0.17s gpu=0.00s conv=0.01s add=0.56s train=1.07s
[t=1235.3s] rebel stream solves=992256 raw=1062/s balanced=1062/s debt=0 rows steps=3876 over=1 card=0 drop=0 L=0.00990 tgt=-0.033/0.318 cfg/b=42613 prep=0.18s gpu=0.00s conv=0.02s add=0.50s train=1.15s
[t=1245.3s] rebel stream solves=1001472 raw=1060/s balanced=1060/s debt=0 rows steps=3912 over=1 card=0 drop=0 L=0.00984 tgt=-0.040/0.325 cfg/b=41483 prep=0.16s gpu=0.00s conv=0.01s add=0.51s train=1.05s
[t=1255.6s] rebel stream solves=1011712 raw=1059/s balanced=1059/s debt=0 rows steps=3952 over=1 card=0 drop=0 L=0.00978 tgt=-0.032/0.329 cfg/b=42194 prep=0.18s gpu=0.00s conv=0.01s add=0.56s train=1.17s
[t=1265.6s] rebel stream solves=1019904 raw=1057/s balanced=1057/s debt=0 rows steps=3984 over=1 card=0 drop=0 L=0.00986 tgt=-0.020/0.321 cfg/b=41321 prep=0.16s gpu=0.00s conv=0.01s add=0.40s train=0.96s
[t=1275.7s] rebel stream solves=1030144 raw=1056/s balanced=1056/s debt=0 rows steps=4024 over=1 card=0 drop=0 L=0.00968 tgt=-0.027/0.335 cfg/b=41414 prep=0.19s gpu=0.00s conv=0.02s add=0.47s train=1.11s
[t=1285.7s] rebel stream solves=1040384 raw=1056/s balanced=1056/s debt=0 rows steps=4064 over=1 card=0 drop=0 L=0.00987 tgt=-0.038/0.334 cfg/b=40536 prep=0.22s gpu=0.00s conv=0.01s add=0.51s train=1.21s
[t=1295.7s] rebel stream solves=1050624 raw=1056/s balanced=1056/s debt=0 rows steps=4104 over=1 card=0 drop=0 L=0.01034 tgt=-0.034/0.333 cfg/b=41083 prep=0.17s gpu=0.00s conv=0.02s add=0.51s train=1.17s
[t=1305.7s] rebel stream solves=1060864 raw=1055/s balanced=1055/s debt=0 rows steps=4144 over=1 card=0 drop=0 L=0.00979 tgt=-0.026/0.331 cfg/b=40558 prep=0.20s gpu=0.00s conv=0.01s add=0.51s train=1.18s
[t=1315.7s] rebel stream solves=1071104 raw=1055/s balanced=1055/s debt=0 rows steps=4184 over=1 card=0 drop=0 L=0.01005 tgt=-0.025/0.326 cfg/b=40414 prep=0.18s gpu=0.00s conv=0.01s add=0.53s train=1.16s
[t=1325.8s] rebel stream solves=1081344 raw=1055/s balanced=1055/s debt=0 rows steps=4224 over=1 card=0 drop=0 L=0.01048 tgt=-0.025/0.326 cfg/b=40409 prep=0.20s gpu=0.00s conv=0.01s add=0.54s train=1.21s
[t=1335.9s] rebel stream solves=1091584 raw=1054/s balanced=1054/s debt=0 rows steps=4264 over=1 card=0 drop=0 L=0.01066 tgt=-0.026/0.326 cfg/b=40144 prep=0.22s gpu=0.00s conv=0.01s add=0.49s train=1.18s
[t=1345.9s] rebel stream solves=1100800 raw=1053/s balanced=1053/s debt=0 rows steps=4300 over=1 card=0 drop=0 L=0.00997 tgt=-0.030/0.323 cfg/b=40164 prep=0.18s gpu=0.00s conv=0.01s add=0.42s train=1.04s
[t=1355.9s] rebel stream solves=1110016 raw=1052/s balanced=1052/s debt=0 rows steps=4336 over=1 card=0 drop=0 L=0.01044 tgt=-0.027/0.323 cfg/b=39598 prep=0.16s gpu=0.00s conv=0.01s add=0.48s train=1.04s
[t=1365.9s] rebel stream solves=1120256 raw=1052/s balanced=1052/s debt=0 rows steps=4376 over=1 card=0 drop=0 L=0.01018 tgt=-0.025/0.322 cfg/b=40022 prep=0.18s gpu=0.00s conv=0.02s add=0.50s train=1.15s
[t=1375.9s] rebel stream solves=1128448 raw=1049/s balanced=1049/s debt=0 rows steps=4408 over=1 card=0 drop=0 L=0.00996 tgt=-0.023/0.331 cfg/b=39568 prep=0.13s gpu=0.00s conv=0.01s add=0.45s train=0.91s
[t=1385.9s] rebel stream solves=1138688 raw=1049/s balanced=1049/s debt=0 rows steps=4448 over=1 card=0 drop=0 L=0.00985 tgt=-0.023/0.333 cfg/b=39020 prep=0.18s gpu=0.00s conv=0.01s add=0.50s train=1.15s
[t=1396.0s] rebel stream solves=1147904 raw=1048/s balanced=1048/s debt=0 rows steps=4484 over=1 card=0 drop=0 L=0.01028 tgt=-0.030/0.328 cfg/b=38782 prep=0.17s gpu=0.00s conv=0.01s add=0.44s train=1.04s
[t=1406.0s] rebel stream solves=1158144 raw=1048/s balanced=1048/s debt=0 rows steps=4524 over=1 card=0 drop=0 L=0.01058 tgt=-0.026/0.326 cfg/b=39182 prep=0.18s gpu=0.00s conv=0.01s add=0.50s train=1.19s
[t=1416.1s] rebel stream solves=1167360 raw=1047/s balanced=1047/s debt=0 rows steps=4560 over=1 card=0 drop=0 L=0.01066 tgt=-0.026/0.332 cfg/b=38614 prep=0.17s gpu=0.00s conv=0.01s add=0.43s train=1.04s
[t=1426.1s] rebel stream solves=1176576 raw=1045/s balanced=1045/s debt=0 rows steps=4596 over=1 card=0 drop=0 L=0.00999 tgt=-0.023/0.332 cfg/b=38787 prep=0.18s gpu=0.00s conv=0.01s add=0.42s train=1.10s
[t=1436.1s] rebel stream solves=1184768 raw=1043/s balanced=1043/s debt=0 rows steps=4628 over=1 card=0 drop=0 L=0.00991 tgt=-0.027/0.329 cfg/b=38326 prep=0.16s gpu=0.00s conv=0.01s add=0.43s train=0.92s
[t=1446.1s] rebel stream solves=1192960 raw=1041/s balanced=1041/s debt=0 rows steps=4660 over=1 card=0 drop=0 L=0.00983 tgt=-0.027/0.335 cfg/b=37886 prep=0.17s gpu=0.00s conv=0.01s add=0.44s train=0.99s
[t=1456.1s] rebel stream solves=1202176 raw=1040/s balanced=1040/s debt=0 rows steps=4696 over=1 card=0 drop=0 L=0.01011 tgt=-0.018/0.339 cfg/b=37955 prep=0.17s gpu=0.00s conv=0.01s add=0.43s train=1.08s
[t=1466.1s] rebel stream solves=1212416 raw=1040/s balanced=1040/s debt=0 rows steps=4736 over=1 card=0 drop=0 L=0.00988 tgt=-0.030/0.344 cfg/b=38063 prep=0.21s gpu=0.00s conv=0.01s add=0.46s train=1.19s
[t=1476.2s] rebel stream solves=1222656 raw=1040/s balanced=1040/s debt=0 rows steps=4776 over=1 card=0 drop=0 L=0.01009 tgt=-0.032/0.339 cfg/b=37366 prep=0.20s gpu=0.00s conv=0.01s add=0.50s train=1.19s
[t=1480.0s] --- stopping GPU admission; draining ---
[t=1486.2s] rebel stream solves=1227776 raw=1036/s balanced=1036/s debt=0 rows steps=4796 over=1 card=0 drop=0 L=0.00994 tgt=-0.037/0.348 cfg/b=37219 prep=0.10s gpu=0.00s conv=0.01s add=0.23s train=0.62s
[t=1491.9s] rebel stream solves=1228756 raw=1031/s balanced=1031/s debt=848 rows steps=4799 over=1 card=0 drop=0 L=0.01234 tgt=-0.016/0.343 cfg/b=36499 prep=0.01s gpu=0.00s conv=0.00s add=0.05s train=0.08s
[gpu-summary] solves=1228756 optimizer_rows=4914176 debt=848 raw=1024.5/s balanced=1024.3/s over=1 card=0 exact=0 censored=4608 dropped=0 overrun=0.00s
[t=1500.0s] --- snapshot snap_03.pt (final) ---
[report] runs/projection-base-s1/report.html
