[train] runs/sw_32_96 at 6eee99b+dirty seed=96 {'minutes': 7.0, 'warm_minutes': 5.0, 'ladder_games': 0, 'depth': 2, 'iters': 64, 'cfr': 'dcfr', 'gpu_actors': 32, 'seed': 96, 'note': 'seed-sweep'}
[train] seed-sweep
[cpu] pinned to 36 physical cores
[train] CUDA stream priority -1
[gpu] solve services up on [0, 1]
[cfg] PUBFEAT=897 CFEAT=15 architecture=v4 depth=2 iters=64 budget=420s warm=300s snapshot_every=6min device=cuda:1 draft=random train_gen_ratio=4.0 recent_mix=0.5/0.2 canonical_views=2 cap=2000000 matmul=high
[t=   1.1s] greedy ep  0 games=  96 dec= 18016 rows= 17267 horizon=0.27 L=0.12943 L/var=0.83 tgt=-0.081/0.395 pstd=0.345 gen=0.1s train=0.9s
[t=   1.8s] greedy ep  1 games=  96 dec= 18464 rows= 17615 horizon=0.25 L=0.09390 L/var=0.63 tgt=-0.061/0.385 pstd=0.393 gen=0.1s train=0.4s
[t=   2.4s] greedy ep  2 games=  96 dec= 18080 rows= 17300 horizon=0.28 L=0.07104 L/var=0.47 tgt=-0.068/0.389 pstd=0.396 gen=0.1s train=0.4s
[t=   3.0s] greedy ep  3 games=  96 dec= 19285 rows= 18559 horizon=0.30 L=0.04915 L/var=0.33 tgt=-0.060/0.385 pstd=0.376 gen=0.1s train=0.4s
[t=   3.5s] greedy ep  4 games=  96 dec= 18420 rows= 17537 horizon=0.26 L=0.04578 L/var=0.30 tgt=-0.061/0.390 pstd=0.378 gen=0.1s train=0.4s
[t=   4.2s] greedy ep  5 games=  96 dec= 19363 rows= 18468 horizon=0.28 L=0.02668 L/var=0.17 tgt=-0.066/0.400 pstd=0.394 gen=0.1s train=0.4s
[t=   4.7s] greedy ep  6 games=  96 dec= 17549 rows= 16777 horizon=0.22 L=0.01538 L/var=0.10 tgt=-0.050/0.395 pstd=0.413 gen=0.1s train=0.4s
[t=   5.3s] greedy ep  7 games=  96 dec= 19299 rows= 18457 horizon=0.34 L=0.01108 L/var=0.06 tgt=-0.083/0.416 pstd=0.399 gen=0.1s train=0.4s
[t=   5.9s] greedy ep  8 games=  96 dec= 18530 rows= 17762 horizon=0.30 L=0.00988 L/var=0.06 tgt=-0.057/0.398 pstd=0.395 gen=0.1s train=0.4s
[t=   6.5s] greedy ep  9 games=  96 dec= 19272 rows= 18353 horizon=0.32 L=0.00901 L/var=0.06 tgt=-0.069/0.380 pstd=0.404 gen=0.1s train=0.4s
[t=   7.1s] greedy ep 10 games=  96 dec= 18292 rows= 17521 horizon=0.30 L=0.01191 L/var=0.08 tgt=-0.075/0.390 pstd=0.413 gen=0.1s train=0.4s
[t=   7.7s] greedy ep 11 games=  96 dec= 18633 rows= 17834 horizon=0.31 L=0.01060 L/var=0.06 tgt=-0.083/0.418 pstd=0.422 gen=0.1s train=0.4s
[t=   8.3s] greedy ep 12 games=  96 dec= 19061 rows= 18310 horizon=0.34 L=0.00681 L/var=0.04 tgt=-0.092/0.415 pstd=0.418 gen=0.1s train=0.4s
[t=   9.0s] greedy ep 13 games=  96 dec= 19068 rows= 18251 horizon=0.28 L=0.00561 L/var=0.04 tgt=-0.079/0.392 pstd=0.404 gen=0.1s train=0.4s
[t=   9.5s] greedy ep 14 games=  96 dec= 18530 rows= 17706 horizon=0.29 L=0.00486 L/var=0.03 tgt=-0.076/0.409 pstd=0.402 gen=0.1s train=0.4s
[t=  10.2s] greedy ep 15 games=  96 dec= 18714 rows= 17953 horizon=0.30 L=0.00446 L/var=0.03 tgt=-0.067/0.384 pstd=0.410 gen=0.1s train=0.4s
[t=  10.8s] greedy ep 16 games=  96 dec= 18323 rows= 17507 horizon=0.26 L=0.00492 L/var=0.03 tgt=-0.063/0.413 pstd=0.405 gen=0.1s train=0.4s
[t=  11.4s] greedy ep 17 games=  96 dec= 18395 rows= 17617 horizon=0.28 L=0.00476 L/var=0.03 tgt=-0.074/0.409 pstd=0.399 gen=0.1s train=0.4s
[t=  11.9s] greedy ep 18 games=  96 dec= 18085 rows= 17295 horizon=0.26 L=0.00457 L/var=0.03 tgt=-0.079/0.402 pstd=0.410 gen=0.1s train=0.4s
[t=  12.5s] greedy ep 19 games=  96 dec= 17336 rows= 16541 horizon=0.22 L=0.00615 L/var=0.04 tgt=-0.072/0.393 pstd=0.411 gen=0.1s train=0.4s
[t=  13.2s] greedy ep 20 games=  96 dec= 19412 rows= 18551 horizon=0.33 L=0.00662 L/var=0.04 tgt=-0.094/0.391 pstd=0.400 gen=0.1s train=0.4s
[t=  13.7s] greedy ep 21 games=  96 dec= 17424 rows= 16701 horizon=0.26 L=0.00448 L/var=0.03 tgt=-0.068/0.398 pstd=0.414 gen=0.1s train=0.4s
[t=  14.4s] greedy ep 22 games=  96 dec= 19253 rows= 18315 horizon=0.32 L=0.00395 L/var=0.02 tgt=-0.069/0.409 pstd=0.401 gen=0.1s train=0.4s
[t=  15.0s] greedy ep 23 games=  96 dec= 18918 rows= 18110 horizon=0.33 L=0.00402 L/var=0.03 tgt=-0.082/0.387 pstd=0.410 gen=0.1s train=0.4s
[t=  15.6s] greedy ep 24 games=  96 dec= 18517 rows= 17730 horizon=0.28 L=0.00411 L/var=0.03 tgt=-0.061/0.366 pstd=0.396 gen=0.1s train=0.4s
[t=  16.2s] greedy ep 25 games=  96 dec= 19068 rows= 18269 horizon=0.34 L=0.00402 L/var=0.02 tgt=-0.065/0.413 pstd=0.407 gen=0.1s train=0.4s
[t=  16.8s] greedy ep 26 games=  96 dec= 18836 rows= 18110 horizon=0.31 L=0.00373 L/var=0.02 tgt=-0.081/0.419 pstd=0.405 gen=0.1s train=0.4s
[t=  17.4s] greedy ep 27 games=  96 dec= 18612 rows= 17895 horizon=0.34 L=0.00394 L/var=0.02 tgt=-0.056/0.399 pstd=0.397 gen=0.1s train=0.4s
[t=  18.0s] greedy ep 28 games=  96 dec= 18229 rows= 17480 horizon=0.28 L=0.00358 L/var=0.02 tgt=-0.081/0.397 pstd=0.390 gen=0.1s train=0.4s
[t=  18.7s] greedy ep 29 games=  96 dec= 18280 rows= 17513 horizon=0.28 L=0.00459 L/var=0.03 tgt=-0.072/0.371 pstd=0.404 gen=0.1s train=0.5s
[t=  19.4s] greedy ep 30 games=  96 dec= 18786 rows= 18068 horizon=0.29 L=0.00372 L/var=0.02 tgt=-0.075/0.386 pstd=0.403 gen=0.1s train=0.5s
[t=  20.1s] greedy ep 31 games=  96 dec= 18486 rows= 17717 horizon=0.29 L=0.00312 L/var=0.02 tgt=-0.057/0.402 pstd=0.405 gen=0.1s train=0.5s
[t=  20.8s] greedy ep 32 games=  96 dec= 18963 rows= 18139 horizon=0.28 L=0.00340 L/var=0.02 tgt=-0.079/0.412 pstd=0.396 gen=0.1s train=0.5s
[t=  21.5s] greedy ep 33 games=  96 dec= 18605 rows= 17803 horizon=0.28 L=0.00408 L/var=0.02 tgt=-0.082/0.415 pstd=0.403 gen=0.1s train=0.5s
[t=  22.1s] greedy ep 34 games=  96 dec= 19345 rows= 18563 horizon=0.34 L=0.00310 L/var=0.02 tgt=-0.082/0.389 pstd=0.406 gen=0.1s train=0.4s
[t=  22.7s] greedy ep 35 games=  96 dec= 18494 rows= 17684 horizon=0.28 L=0.00237 L/var=0.01 tgt=-0.074/0.405 pstd=0.408 gen=0.1s train=0.4s
[t=  23.3s] greedy ep 36 games=  96 dec= 17278 rows= 16445 horizon=0.16 L=0.00556 L/var=0.03 tgt=-0.104/0.405 pstd=0.420 gen=0.1s train=0.4s
[t=  23.9s] greedy ep 37 games=  96 dec= 18563 rows= 17786 horizon=0.31 L=0.00999 L/var=0.06 tgt=-0.056/0.393 pstd=0.385 gen=0.1s train=0.4s
[t=  24.5s] greedy ep 38 games=  96 dec= 19482 rows= 18617 horizon=0.31 L=0.00384 L/var=0.02 tgt=-0.053/0.408 pstd=0.417 gen=0.1s train=0.4s
[t=  25.2s] greedy ep 39 games=  96 dec= 19275 rows= 18465 horizon=0.38 L=0.00274 L/var=0.02 tgt=-0.066/0.384 pstd=0.404 gen=0.1s train=0.4s
[t=  25.8s] greedy ep 40 games=  96 dec= 19863 rows= 19034 horizon=0.34 L=0.00237 L/var=0.01 tgt=-0.072/0.405 pstd=0.407 gen=0.1s train=0.5s
[t=  26.4s] greedy ep 41 games=  96 dec= 17945 rows= 17119 horizon=0.23 L=0.00220 L/var=0.01 tgt=-0.061/0.416 pstd=0.405 gen=0.1s train=0.4s
[t=  27.0s] greedy ep 42 games=  96 dec= 18851 rows= 17962 horizon=0.34 L=0.00207 L/var=0.01 tgt=-0.070/0.401 pstd=0.409 gen=0.1s train=0.4s
[t=  27.7s] greedy ep 43 games=  96 dec= 19458 rows= 18620 horizon=0.34 L=0.00201 L/var=0.01 tgt=-0.083/0.401 pstd=0.404 gen=0.1s train=0.4s
[t=  28.2s] greedy ep 44 games=  96 dec= 18452 rows= 17672 horizon=0.26 L=0.00201 L/var=0.01 tgt=-0.062/0.387 pstd=0.404 gen=0.1s train=0.4s
[t=  28.8s] greedy ep 45 games=  96 dec= 18420 rows= 17693 horizon=0.29 L=0.00194 L/var=0.01 tgt=-0.063/0.371 pstd=0.411 gen=0.1s train=0.4s
[t=  29.4s] greedy ep 46 games=  96 dec= 18088 rows= 17348 horizon=0.24 L=0.00193 L/var=0.01 tgt=-0.082/0.412 pstd=0.402 gen=0.1s train=0.4s
[t=  30.0s] greedy ep 47 games=  96 dec= 18206 rows= 17362 horizon=0.25 L=0.00193 L/var=0.01 tgt=-0.100/0.430 pstd=0.409 gen=0.1s train=0.4s
[t=  30.6s] greedy ep 48 games=  96 dec= 17969 rows= 17182 horizon=0.27 L=0.00181 L/var=0.01 tgt=-0.075/0.406 pstd=0.403 gen=0.1s train=0.4s
[t=  31.2s] greedy ep 49 games=  96 dec= 18338 rows= 17544 horizon=0.28 L=0.00167 L/var=0.01 tgt=-0.093/0.410 pstd=0.410 gen=0.1s train=0.4s
[t=  31.8s] greedy ep 50 games=  96 dec= 18508 rows= 17706 horizon=0.30 L=0.00246 L/var=0.02 tgt=-0.090/0.402 pstd=0.407 gen=0.1s train=0.4s
[t=  32.4s] greedy ep 51 games=  96 dec= 18334 rows= 17548 horizon=0.30 L=0.00196 L/var=0.01 tgt=-0.088/0.400 pstd=0.404 gen=0.1s train=0.4s
[t=  33.0s] greedy ep 52 games=  96 dec= 18506 rows= 17722 horizon=0.31 L=0.00178 L/var=0.01 tgt=-0.058/0.406 pstd=0.399 gen=0.1s train=0.4s
[t=  33.6s] greedy ep 53 games=  96 dec= 18312 rows= 17498 horizon=0.28 L=0.00175 L/var=0.01 tgt=-0.081/0.418 pstd=0.403 gen=0.1s train=0.4s
[t=  34.2s] greedy ep 54 games=  96 dec= 18215 rows= 17461 horizon=0.30 L=0.00167 L/var=0.01 tgt=-0.061/0.377 pstd=0.401 gen=0.1s train=0.4s
[t=  34.9s] greedy ep 55 games=  96 dec= 19239 rows= 18434 horizon=0.35 L=0.00194 L/var=0.01 tgt=-0.073/0.410 pstd=0.390 gen=0.1s train=0.4s
[t=  35.5s] greedy ep 56 games=  96 dec= 18634 rows= 17880 horizon=0.29 L=0.00311 L/var=0.02 tgt=-0.090/0.395 pstd=0.400 gen=0.1s train=0.4s
[t=  36.2s] greedy ep 57 games=  96 dec= 19244 rows= 18397 horizon=0.31 L=0.00325 L/var=0.02 tgt=-0.054/0.382 pstd=0.420 gen=0.1s train=0.5s
[t=  36.8s] greedy ep 58 games=  96 dec= 18405 rows= 17647 horizon=0.31 L=0.00317 L/var=0.02 tgt=-0.084/0.397 pstd=0.406 gen=0.1s train=0.4s
[t=  37.4s] greedy ep 59 games=  96 dec= 19045 rows= 18290 horizon=0.32 L=0.00208 L/var=0.01 tgt=-0.069/0.397 pstd=0.411 gen=0.1s train=0.4s
[t=  38.0s] greedy ep 60 games=  96 dec= 18993 rows= 18168 horizon=0.31 L=0.00171 L/var=0.01 tgt=-0.072/0.390 pstd=0.405 gen=0.1s train=0.4s
[t=  38.6s] greedy ep 61 games=  96 dec= 18000 rows= 17156 horizon=0.20 L=0.00161 L/var=0.01 tgt=-0.084/0.377 pstd=0.404 gen=0.1s train=0.4s
[t=  39.3s] greedy ep 62 games=  96 dec= 18945 rows= 18082 horizon=0.29 L=0.00151 L/var=0.01 tgt=-0.093/0.423 pstd=0.400 gen=0.1s train=0.4s
[t=  39.9s] greedy ep 63 games=  96 dec= 18794 rows= 18067 horizon=0.34 L=0.00143 L/var=0.01 tgt=-0.088/0.378 pstd=0.402 gen=0.1s train=0.4s
[t=  40.5s] greedy ep 64 games=  96 dec= 17748 rows= 16972 horizon=0.29 L=0.00149 L/var=0.01 tgt=-0.065/0.397 pstd=0.401 gen=0.1s train=0.4s
[t=  41.1s] greedy ep 65 games=  96 dec= 18388 rows= 17647 horizon=0.32 L=0.00136 L/var=0.01 tgt=-0.071/0.408 pstd=0.406 gen=0.1s train=0.4s
[t=  41.7s] greedy ep 66 games=  96 dec= 19301 rows= 18528 horizon=0.34 L=0.00141 L/var=0.01 tgt=-0.062/0.371 pstd=0.398 gen=0.1s train=0.4s
[t=  42.3s] greedy ep 67 games=  96 dec= 18742 rows= 17900 horizon=0.26 L=0.00141 L/var=0.01 tgt=-0.108/0.415 pstd=0.401 gen=0.1s train=0.4s
[t=  42.9s] greedy ep 68 games=  96 dec= 17389 rows= 16617 horizon=0.21 L=0.00135 L/var=0.01 tgt=-0.070/0.399 pstd=0.404 gen=0.1s train=0.4s
[t=  43.5s] greedy ep 69 games=  96 dec= 17882 rows= 17118 horizon=0.27 L=0.00295 L/var=0.02 tgt=-0.075/0.408 pstd=0.402 gen=0.1s train=0.4s
[t=  44.1s] greedy ep 70 games=  96 dec= 18577 rows= 17668 horizon=0.28 L=0.00215 L/var=0.01 tgt=-0.056/0.419 pstd=0.398 gen=0.1s train=0.4s
[t=  44.8s] greedy ep 71 games=  96 dec= 18508 rows= 17725 horizon=0.28 L=0.00171 L/var=0.01 tgt=-0.077/0.392 pstd=0.399 gen=0.1s train=0.4s
[t=  45.4s] greedy ep 72 games=  96 dec= 18022 rows= 17261 horizon=0.26 L=0.00135 L/var=0.01 tgt=-0.061/0.390 pstd=0.404 gen=0.1s train=0.4s
[t=  46.0s] greedy ep 73 games=  96 dec= 19076 rows= 18287 horizon=0.28 L=0.00127 L/var=0.01 tgt=-0.081/0.422 pstd=0.408 gen=0.1s train=0.4s
[t=  46.6s] greedy ep 74 games=  96 dec= 18347 rows= 17639 horizon=0.29 L=0.00120 L/var=0.01 tgt=-0.070/0.427 pstd=0.406 gen=0.1s train=0.4s
[t=  47.2s] greedy ep 75 games=  96 dec= 18108 rows= 17386 horizon=0.27 L=0.00119 L/var=0.01 tgt=-0.086/0.411 pstd=0.404 gen=0.1s train=0.4s
[t=  47.8s] greedy ep 76 games=  96 dec= 18431 rows= 17627 horizon=0.25 L=0.00126 L/var=0.01 tgt=-0.059/0.411 pstd=0.407 gen=0.1s train=0.4s
[t=  48.4s] greedy ep 77 games=  96 dec= 17487 rows= 16762 horizon=0.22 L=0.00118 L/var=0.01 tgt=-0.104/0.419 pstd=0.404 gen=0.1s train=0.4s
[t=  49.0s] greedy ep 78 games=  96 dec= 17458 rows= 16759 horizon=0.24 L=0.00163 L/var=0.01 tgt=-0.091/0.398 pstd=0.399 gen=0.1s train=0.4s
[t=  49.6s] greedy ep 79 games=  96 dec= 17792 rows= 16985 horizon=0.20 L=0.00157 L/var=0.01 tgt=-0.103/0.416 pstd=0.408 gen=0.1s train=0.4s
[t=  50.3s] greedy ep 80 games=  96 dec= 18873 rows= 18110 horizon=0.30 L=0.00123 L/var=0.01 tgt=-0.082/0.387 pstd=0.403 gen=0.1s train=0.4s
[t=  50.9s] greedy ep 81 games=  96 dec= 18923 rows= 18171 horizon=0.30 L=0.00128 L/var=0.01 tgt=-0.073/0.394 pstd=0.404 gen=0.1s train=0.4s
[t=  51.5s] greedy ep 82 games=  96 dec= 16784 rows= 16065 horizon=0.20 L=0.00148 L/var=0.01 tgt=-0.068/0.399 pstd=0.404 gen=0.1s train=0.4s
[t=  52.1s] greedy ep 83 games=  96 dec= 19356 rows= 18622 horizon=0.40 L=0.00123 L/var=0.01 tgt=-0.061/0.392 pstd=0.408 gen=0.1s train=0.4s
[t=  52.7s] greedy ep 84 games=  96 dec= 17968 rows= 17126 horizon=0.22 L=0.00129 L/var=0.01 tgt=-0.067/0.404 pstd=0.404 gen=0.1s train=0.4s
[t=  53.4s] greedy ep 85 games=  96 dec= 18803 rows= 18072 horizon=0.34 L=0.00151 L/var=0.01 tgt=-0.065/0.375 pstd=0.401 gen=0.1s train=0.4s
[t=  54.0s] greedy ep 86 games=  96 dec= 18237 rows= 17515 horizon=0.29 L=0.00143 L/var=0.01 tgt=-0.074/0.377 pstd=0.409 gen=0.1s train=0.4s
[t=  54.6s] greedy ep 87 games=  96 dec= 18652 rows= 17897 horizon=0.33 L=0.00119 L/var=0.01 tgt=-0.075/0.400 pstd=0.403 gen=0.1s train=0.4s
[t=  55.2s] greedy ep 88 games=  96 dec= 18331 rows= 17598 horizon=0.28 L=0.00110 L/var=0.01 tgt=-0.089/0.380 pstd=0.405 gen=0.1s train=0.4s
[t=  55.8s] greedy ep 89 games=  96 dec= 17416 rows= 16684 horizon=0.21 L=0.00116 L/var=0.01 tgt=-0.080/0.399 pstd=0.401 gen=0.1s train=0.4s
[t=  56.4s] greedy ep 90 games=  96 dec= 18007 rows= 17240 horizon=0.25 L=0.00112 L/var=0.01 tgt=-0.070/0.393 pstd=0.402 gen=0.1s train=0.4s
[t=  57.0s] greedy ep 91 games=  96 dec= 18405 rows= 17689 horizon=0.28 L=0.00233 L/var=0.01 tgt=-0.074/0.418 pstd=0.402 gen=0.1s train=0.4s
[t=  57.6s] greedy ep 92 games=  96 dec= 18610 rows= 17877 horizon=0.29 L=0.00119 L/var=0.01 tgt=-0.049/0.381 pstd=0.409 gen=0.1s train=0.4s
[t=  58.2s] greedy ep 93 games=  96 dec= 18146 rows= 17357 horizon=0.25 L=0.00113 L/var=0.01 tgt=-0.063/0.375 pstd=0.402 gen=0.1s train=0.4s
[t=  58.8s] greedy ep 94 games=  96 dec= 19042 rows= 18255 horizon=0.31 L=0.00111 L/var=0.01 tgt=-0.065/0.400 pstd=0.407 gen=0.1s train=0.4s
[t=  59.4s] greedy ep 95 games=  96 dec= 18103 rows= 17313 horizon=0.26 L=0.00122 L/var=0.01 tgt=-0.079/0.406 pstd=0.396 gen=0.1s train=0.4s
[t=  60.0s] greedy ep 96 games=  96 dec= 18486 rows= 17741 horizon=0.34 L=0.00116 L/var=0.01 tgt=-0.074/0.391 pstd=0.406 gen=0.1s train=0.4s
[t=  60.6s] greedy ep 97 games=  96 dec= 18344 rows= 17499 horizon=0.28 L=0.00123 L/var=0.01 tgt=-0.084/0.422 pstd=0.400 gen=0.1s train=0.4s
[t=  61.2s] greedy ep 98 games=  96 dec= 17935 rows= 17206 horizon=0.27 L=0.00105 L/var=0.01 tgt=-0.067/0.391 pstd=0.405 gen=0.1s train=0.4s
[t=  61.9s] greedy ep 99 games=  96 dec= 18492 rows= 17814 horizon=0.31 L=0.00097 L/var=0.01 tgt=-0.077/0.397 pstd=0.399 gen=0.1s train=0.4s
[t=  62.4s] greedy ep100 games=  96 dec= 17439 rows= 16667 horizon=0.22 L=0.00157 L/var=0.01 tgt=-0.077/0.412 pstd=0.400 gen=0.1s train=0.4s
[t=  63.0s] greedy ep101 games=  96 dec= 18720 rows= 17832 horizon=0.25 L=0.00108 L/var=0.01 tgt=-0.040/0.395 pstd=0.402 gen=0.1s train=0.4s
[t=  63.7s] greedy ep102 games=  96 dec= 18285 rows= 17520 horizon=0.26 L=0.00108 L/var=0.01 tgt=-0.065/0.395 pstd=0.405 gen=0.1s train=0.4s
[t=  64.3s] greedy ep103 games=  96 dec= 17111 rows= 16303 horizon=0.19 L=0.00094 L/var=0.01 tgt=-0.071/0.397 pstd=0.399 gen=0.1s train=0.4s
[t=  64.9s] greedy ep104 games=  96 dec= 19412 rows= 18636 horizon=0.38 L=0.00101 L/var=0.01 tgt=-0.050/0.366 pstd=0.404 gen=0.1s train=0.4s
[t=  65.5s] greedy ep105 games=  96 dec= 17304 rows= 16672 horizon=0.19 L=0.00145 L/var=0.01 tgt=-0.074/0.402 pstd=0.395 gen=0.1s train=0.4s
[t=  66.1s] greedy ep106 games=  96 dec= 18337 rows= 17506 horizon=0.24 L=0.00119 L/var=0.01 tgt=-0.057/0.397 pstd=0.408 gen=0.1s train=0.4s
[t=  66.7s] greedy ep107 games=  96 dec= 18331 rows= 17550 horizon=0.26 L=0.00103 L/var=0.01 tgt=-0.093/0.391 pstd=0.403 gen=0.1s train=0.4s
[t=  67.3s] greedy ep108 games=  96 dec= 17579 rows= 16833 horizon=0.23 L=0.00081 L/var=0.00 tgt=-0.062/0.418 pstd=0.410 gen=0.1s train=0.4s
[t=  67.9s] greedy ep109 games=  96 dec= 18934 rows= 18105 horizon=0.28 L=0.00130 L/var=0.01 tgt=-0.053/0.393 pstd=0.399 gen=0.1s train=0.4s
[t=  68.6s] greedy ep110 games=  96 dec= 18449 rows= 17682 horizon=0.31 L=0.00104 L/var=0.01 tgt=-0.067/0.383 pstd=0.401 gen=0.1s train=0.4s
[t=  69.2s] greedy ep111 games=  96 dec= 18466 rows= 17787 horizon=0.31 L=0.00097 L/var=0.01 tgt=-0.095/0.423 pstd=0.405 gen=0.1s train=0.4s
[t=  69.8s] greedy ep112 games=  96 dec= 17426 rows= 16734 horizon=0.26 L=0.00077 L/var=0.00 tgt=-0.078/0.406 pstd=0.405 gen=0.1s train=0.5s
[t=  70.5s] greedy ep113 games=  96 dec= 18942 rows= 18172 horizon=0.30 L=0.00091 L/var=0.01 tgt=-0.070/0.384 pstd=0.405 gen=0.1s train=0.4s
[t=  71.2s] greedy ep114 games=  96 dec= 18006 rows= 17292 horizon=0.25 L=0.00110 L/var=0.01 tgt=-0.069/0.405 pstd=0.405 gen=0.1s train=0.5s
[t=  71.8s] greedy ep115 games=  96 dec= 19021 rows= 18184 horizon=0.33 L=0.00085 L/var=0.01 tgt=-0.075/0.379 pstd=0.404 gen=0.1s train=0.4s
[t=  72.4s] greedy ep116 games=  96 dec= 18244 rows= 17445 horizon=0.31 L=0.00106 L/var=0.01 tgt=-0.058/0.395 pstd=0.403 gen=0.1s train=0.4s
[t=  73.0s] greedy ep117 games=  96 dec= 18051 rows= 17259 horizon=0.24 L=0.00082 L/var=0.00 tgt=-0.068/0.411 pstd=0.406 gen=0.1s train=0.4s
[t=  73.6s] greedy ep118 games=  96 dec= 17381 rows= 16762 horizon=0.24 L=0.00098 L/var=0.01 tgt=-0.053/0.374 pstd=0.396 gen=0.1s train=0.4s
[t=  74.2s] greedy ep119 games=  96 dec= 19082 rows= 18355 horizon=0.32 L=0.00131 L/var=0.01 tgt=-0.100/0.417 pstd=0.400 gen=0.1s train=0.4s
[t=  74.8s] greedy ep120 games=  96 dec= 17897 rows= 17224 horizon=0.26 L=0.00084 L/var=0.01 tgt=-0.068/0.386 pstd=0.403 gen=0.1s train=0.4s
[t=  75.4s] greedy ep121 games=  96 dec= 17043 rows= 16321 horizon=0.21 L=0.00078 L/var=0.01 tgt=-0.074/0.375 pstd=0.403 gen=0.1s train=0.4s
[t=  76.0s] greedy ep122 games=  96 dec= 18647 rows= 17903 horizon=0.29 L=0.00065 L/var=0.00 tgt=-0.086/0.400 pstd=0.403 gen=0.1s train=0.4s
[t=  76.6s] greedy ep123 games=  96 dec= 18686 rows= 17909 horizon=0.33 L=0.00057 L/var=0.00 tgt=-0.059/0.401 pstd=0.406 gen=0.1s train=0.4s
[t=  77.2s] greedy ep124 games=  96 dec= 18909 rows= 18156 horizon=0.36 L=0.00135 L/var=0.01 tgt=-0.078/0.404 pstd=0.403 gen=0.1s train=0.4s
[t=  77.9s] greedy ep125 games=  96 dec= 18284 rows= 17514 horizon=0.24 L=0.00081 L/var=0.00 tgt=-0.077/0.410 pstd=0.400 gen=0.1s train=0.4s
[t=  78.5s] greedy ep126 games=  96 dec= 18368 rows= 17563 horizon=0.28 L=0.00063 L/var=0.00 tgt=-0.054/0.412 pstd=0.404 gen=0.1s train=0.4s
[t=  79.1s] greedy ep127 games=  96 dec= 18018 rows= 17315 horizon=0.29 L=0.00060 L/var=0.00 tgt=-0.065/0.405 pstd=0.402 gen=0.1s train=0.5s
[t=  79.7s] greedy ep128 games=  96 dec= 17948 rows= 17148 horizon=0.24 L=0.00062 L/var=0.00 tgt=-0.065/0.402 pstd=0.403 gen=0.1s train=0.4s
[t=  80.4s] greedy ep129 games=  96 dec= 18760 rows= 18067 horizon=0.31 L=0.00152 L/var=0.01 tgt=-0.082/0.431 pstd=0.396 gen=0.1s train=0.4s
[t=  81.0s] greedy ep130 games=  96 dec= 18594 rows= 17855 horizon=0.32 L=0.00114 L/var=0.01 tgt=-0.085/0.405 pstd=0.404 gen=0.1s train=0.4s
[t=  81.6s] greedy ep131 games=  96 dec= 19356 rows= 18608 horizon=0.32 L=0.00069 L/var=0.00 tgt=-0.068/0.410 pstd=0.407 gen=0.1s train=0.4s
[t=  82.2s] greedy ep132 games=  96 dec= 18577 rows= 17784 horizon=0.28 L=0.00054 L/var=0.00 tgt=-0.068/0.426 pstd=0.405 gen=0.1s train=0.4s
[t=  82.8s] greedy ep133 games=  96 dec= 17912 rows= 17186 horizon=0.24 L=0.00051 L/var=0.00 tgt=-0.090/0.393 pstd=0.401 gen=0.1s train=0.4s
[t=  83.4s] greedy ep134 games=  96 dec= 18039 rows= 17255 horizon=0.27 L=0.00052 L/var=0.00 tgt=-0.075/0.401 pstd=0.399 gen=0.1s train=0.4s
[t=  84.0s] greedy ep135 games=  96 dec= 17385 rows= 16625 horizon=0.20 L=0.00063 L/var=0.00 tgt=-0.094/0.413 pstd=0.407 gen=0.1s train=0.4s
[t=  84.6s] greedy ep136 games=  96 dec= 17957 rows= 17117 horizon=0.20 L=0.00081 L/var=0.01 tgt=-0.087/0.400 pstd=0.407 gen=0.1s train=0.4s
[t=  85.2s] greedy ep137 games=  96 dec= 18350 rows= 17549 horizon=0.28 L=0.00064 L/var=0.00 tgt=-0.081/0.402 pstd=0.402 gen=0.1s train=0.4s
[t=  85.9s] greedy ep138 games=  96 dec= 19345 rows= 18560 horizon=0.32 L=0.00053 L/var=0.00 tgt=-0.083/0.404 pstd=0.407 gen=0.1s train=0.4s
[t=  86.5s] greedy ep139 games=  96 dec= 18542 rows= 17780 horizon=0.31 L=0.00054 L/var=0.00 tgt=-0.070/0.377 pstd=0.400 gen=0.1s train=0.4s
[t=  87.1s] greedy ep140 games=  96 dec= 18647 rows= 17781 horizon=0.28 L=0.00091 L/var=0.01 tgt=-0.071/0.393 pstd=0.403 gen=0.1s train=0.4s
[t=  87.7s] greedy ep141 games=  96 dec= 18846 rows= 18026 horizon=0.29 L=0.00062 L/var=0.00 tgt=-0.097/0.423 pstd=0.405 gen=0.1s train=0.4s
[t=  88.3s] greedy ep142 games=  96 dec= 18517 rows= 17664 horizon=0.24 L=0.00047 L/var=0.00 tgt=-0.076/0.407 pstd=0.401 gen=0.1s train=0.4s
[t=  88.9s] greedy ep143 games=  96 dec= 18326 rows= 17457 horizon=0.23 L=0.00072 L/var=0.00 tgt=-0.075/0.387 pstd=0.403 gen=0.1s train=0.4s
[t=  89.5s] greedy ep144 games=  96 dec= 18555 rows= 17861 horizon=0.33 L=0.00052 L/var=0.00 tgt=-0.075/0.411 pstd=0.403 gen=0.1s train=0.4s
[t=  90.2s] greedy ep145 games=  96 dec= 18454 rows= 17723 horizon=0.30 L=0.00042 L/var=0.00 tgt=-0.067/0.427 pstd=0.401 gen=0.1s train=0.4s
[t=  90.7s] greedy ep146 games=  96 dec= 18654 rows= 17837 horizon=0.31 L=0.00095 L/var=0.01 tgt=-0.110/0.413 pstd=0.395 gen=0.1s train=0.4s
[t=  91.4s] greedy ep147 games=  96 dec= 18692 rows= 17960 horizon=0.33 L=0.00107 L/var=0.01 tgt=-0.086/0.415 pstd=0.402 gen=0.1s train=0.4s
[t=  92.0s] greedy ep148 games=  96 dec= 17764 rows= 17084 horizon=0.28 L=0.00066 L/var=0.00 tgt=-0.101/0.437 pstd=0.405 gen=0.1s train=0.4s
[t=  92.6s] greedy ep149 games=  96 dec= 18282 rows= 17453 horizon=0.25 L=0.00045 L/var=0.00 tgt=-0.084/0.394 pstd=0.401 gen=0.1s train=0.4s
[t=  93.2s] greedy ep150 games=  96 dec= 17148 rows= 16518 horizon=0.25 L=0.00043 L/var=0.00 tgt=-0.064/0.379 pstd=0.402 gen=0.1s train=0.4s
[t=  93.8s] greedy ep151 games=  96 dec= 18408 rows= 17691 horizon=0.30 L=0.00043 L/var=0.00 tgt=-0.054/0.399 pstd=0.404 gen=0.1s train=0.4s
[t=  94.4s] greedy ep152 games=  96 dec= 18841 rows= 18135 horizon=0.39 L=0.00106 L/var=0.01 tgt=-0.069/0.385 pstd=0.394 gen=0.1s train=0.4s
[t=  95.0s] greedy ep153 games=  96 dec= 18122 rows= 17272 horizon=0.25 L=0.00241 L/var=0.01 tgt=-0.078/0.418 pstd=0.412 gen=0.1s train=0.4s
[t=  95.6s] greedy ep154 games=  96 dec= 17810 rows= 17004 horizon=0.28 L=0.00188 L/var=0.01 tgt=-0.076/0.398 pstd=0.410 gen=0.1s train=0.4s
[t=  96.2s] greedy ep155 games=  96 dec= 18336 rows= 17482 horizon=0.21 L=0.00106 L/var=0.01 tgt=-0.097/0.404 pstd=0.400 gen=0.1s train=0.4s
[t=  96.9s] greedy ep156 games=  96 dec= 19466 rows= 18641 horizon=0.34 L=0.00056 L/var=0.00 tgt=-0.081/0.404 pstd=0.401 gen=0.1s train=0.4s
[t=  97.5s] greedy ep157 games=  96 dec= 18003 rows= 17183 horizon=0.26 L=0.00042 L/var=0.00 tgt=-0.090/0.424 pstd=0.406 gen=0.1s train=0.4s
[t=  98.1s] greedy ep158 games=  96 dec= 18802 rows= 17973 horizon=0.31 L=0.00039 L/var=0.00 tgt=-0.072/0.400 pstd=0.403 gen=0.1s train=0.4s
[t=  98.7s] greedy ep159 games=  96 dec= 18169 rows= 17417 horizon=0.26 L=0.00034 L/var=0.00 tgt=-0.066/0.395 pstd=0.403 gen=0.1s train=0.4s
[t=  99.4s] greedy ep160 games=  96 dec= 18775 rows= 17948 horizon=0.31 L=0.00035 L/var=0.00 tgt=-0.070/0.413 pstd=0.406 gen=0.1s train=0.4s
[t= 100.0s] greedy ep161 games=  96 dec= 18351 rows= 17598 horizon=0.27 L=0.00045 L/var=0.00 tgt=-0.087/0.448 pstd=0.406 gen=0.1s train=0.4s
[t= 100.6s] greedy ep162 games=  96 dec= 18603 rows= 17837 horizon=0.32 L=0.00038 L/var=0.00 tgt=-0.075/0.429 pstd=0.404 gen=0.1s train=0.4s
[t= 101.2s] greedy ep163 games=  96 dec= 18729 rows= 17980 horizon=0.32 L=0.00035 L/var=0.00 tgt=-0.068/0.381 pstd=0.403 gen=0.1s train=0.4s
[t= 101.9s] greedy ep164 games=  96 dec= 18086 rows= 17308 horizon=0.25 L=0.00039 L/var=0.00 tgt=-0.078/0.406 pstd=0.405 gen=0.1s train=0.4s
[t= 102.5s] greedy ep165 games=  96 dec= 18100 rows= 17351 horizon=0.29 L=0.00037 L/var=0.00 tgt=-0.090/0.429 pstd=0.403 gen=0.1s train=0.4s
[t= 103.1s] greedy ep166 games=  96 dec= 18769 rows= 17934 horizon=0.30 L=0.00040 L/var=0.00 tgt=-0.078/0.393 pstd=0.404 gen=0.1s train=0.4s
[t= 103.7s] greedy ep167 games=  96 dec= 18128 rows= 17291 horizon=0.27 L=0.00068 L/var=0.00 tgt=-0.081/0.399 pstd=0.404 gen=0.1s train=0.4s
[t= 104.3s] greedy ep168 games=  96 dec= 18623 rows= 17855 horizon=0.31 L=0.00044 L/var=0.00 tgt=-0.059/0.374 pstd=0.403 gen=0.1s train=0.4s
[t= 104.9s] greedy ep169 games=  96 dec= 18188 rows= 17406 horizon=0.29 L=0.00033 L/var=0.00 tgt=-0.066/0.391 pstd=0.406 gen=0.1s train=0.4s
[t= 105.5s] greedy ep170 games=  96 dec= 18068 rows= 17362 horizon=0.27 L=0.00032 L/var=0.00 tgt=-0.083/0.415 pstd=0.406 gen=0.1s train=0.4s
[t= 106.1s] greedy ep171 games=  96 dec= 19005 rows= 18200 horizon=0.29 L=0.00051 L/var=0.00 tgt=-0.066/0.389 pstd=0.403 gen=0.1s train=0.4s
[t= 106.8s] greedy ep172 games=  96 dec= 19500 rows= 18709 horizon=0.35 L=0.00039 L/var=0.00 tgt=-0.087/0.410 pstd=0.406 gen=0.1s train=0.4s
[t= 107.4s] greedy ep173 games=  96 dec= 18450 rows= 17711 horizon=0.31 L=0.00032 L/var=0.00 tgt=-0.075/0.394 pstd=0.405 gen=0.1s train=0.4s
[t= 108.0s] greedy ep174 games=  96 dec= 18237 rows= 17422 horizon=0.26 L=0.00030 L/var=0.00 tgt=-0.074/0.411 pstd=0.403 gen=0.1s train=0.4s
[t= 108.6s] greedy ep175 games=  96 dec= 18192 rows= 17478 horizon=0.30 L=0.00056 L/var=0.00 tgt=-0.075/0.379 pstd=0.403 gen=0.1s train=0.4s
[t= 109.2s] greedy ep176 games=  96 dec= 18258 rows= 17481 horizon=0.25 L=0.00040 L/var=0.00 tgt=-0.075/0.410 pstd=0.406 gen=0.1s train=0.4s
[t= 109.9s] greedy ep177 games=  96 dec= 18779 rows= 17983 horizon=0.30 L=0.00033 L/var=0.00 tgt=-0.104/0.410 pstd=0.406 gen=0.1s train=0.4s
[t= 110.5s] greedy ep178 games=  96 dec= 17752 rows= 17027 horizon=0.20 L=0.00040 L/var=0.00 tgt=-0.064/0.402 pstd=0.401 gen=0.1s train=0.4s
[t= 111.1s] greedy ep179 games=  96 dec= 18448 rows= 17738 horizon=0.30 L=0.00034 L/var=0.00 tgt=-0.064/0.397 pstd=0.406 gen=0.1s train=0.4s
[t= 111.8s] greedy ep180 games=  96 dec= 17816 rows= 17031 horizon=0.23 L=0.00030 L/var=0.00 tgt=-0.057/0.397 pstd=0.405 gen=0.1s train=0.5s
[t= 112.4s] greedy ep181 games=  96 dec= 18264 rows= 17539 horizon=0.30 L=0.00105 L/var=0.01 tgt=-0.099/0.426 pstd=0.404 gen=0.1s train=0.4s
[t= 113.0s] greedy ep182 games=  96 dec= 17992 rows= 17259 horizon=0.23 L=0.00051 L/var=0.00 tgt=-0.059/0.388 pstd=0.402 gen=0.1s train=0.4s
[t= 113.7s] greedy ep183 games=  96 dec= 18822 rows= 17989 horizon=0.33 L=0.00032 L/var=0.00 tgt=-0.059/0.391 pstd=0.404 gen=0.1s train=0.4s
[t= 114.3s] greedy ep184 games=  96 dec= 18722 rows= 17912 horizon=0.29 L=0.00028 L/var=0.00 tgt=-0.086/0.409 pstd=0.405 gen=0.1s train=0.4s
[t= 114.9s] greedy ep185 games=  96 dec= 18258 rows= 17534 horizon=0.25 L=0.00033 L/var=0.00 tgt=-0.054/0.385 pstd=0.405 gen=0.1s train=0.4s
[t= 115.6s] greedy ep186 games=  96 dec= 18394 rows= 17582 horizon=0.31 L=0.00029 L/var=0.00 tgt=-0.067/0.389 pstd=0.405 gen=0.1s train=0.4s
[t= 116.2s] greedy ep187 games=  96 dec= 18573 rows= 17731 horizon=0.26 L=0.00041 L/var=0.00 tgt=-0.065/0.389 pstd=0.404 gen=0.1s train=0.4s
[t= 116.8s] greedy ep188 games=  96 dec= 17402 rows= 16680 horizon=0.23 L=0.00032 L/var=0.00 tgt=-0.064/0.362 pstd=0.408 gen=0.1s train=0.4s
[t= 117.4s] greedy ep189 games=  96 dec= 17993 rows= 17210 horizon=0.27 L=0.00037 L/var=0.00 tgt=-0.089/0.422 pstd=0.397 gen=0.1s train=0.4s
[t= 118.0s] greedy ep190 games=  96 dec= 18394 rows= 17597 horizon=0.29 L=0.00064 L/var=0.00 tgt=-0.065/0.390 pstd=0.403 gen=0.1s train=0.4s
[t= 118.7s] greedy ep191 games=  96 dec= 18943 rows= 18210 horizon=0.35 L=0.00034 L/var=0.00 tgt=-0.081/0.399 pstd=0.403 gen=0.1s train=0.4s
[t= 119.4s] greedy ep192 games=  96 dec= 19197 rows= 18467 horizon=0.34 L=0.00034 L/var=0.00 tgt=-0.072/0.407 pstd=0.401 gen=0.1s train=0.5s
[t= 120.1s] greedy ep193 games=  96 dec= 17920 rows= 17193 horizon=0.26 L=0.00051 L/var=0.00 tgt=-0.077/0.411 pstd=0.406 gen=0.1s train=0.5s
[t= 120.9s] greedy ep194 games=  96 dec= 18081 rows= 17245 horizon=0.23 L=0.00038 L/var=0.00 tgt=-0.075/0.407 pstd=0.402 gen=0.1s train=0.5s
[t= 121.6s] greedy ep195 games=  96 dec= 19231 rows= 18468 horizon=0.30 L=0.00026 L/var=0.00 tgt=-0.083/0.401 pstd=0.402 gen=0.1s train=0.5s
[t= 122.2s] greedy ep196 games=  96 dec= 18539 rows= 17860 horizon=0.29 L=0.00032 L/var=0.00 tgt=-0.079/0.379 pstd=0.407 gen=0.1s train=0.4s
[t= 122.8s] greedy ep197 games=  96 dec= 18332 rows= 17607 horizon=0.31 L=0.00028 L/var=0.00 tgt=-0.072/0.400 pstd=0.405 gen=0.1s train=0.4s
[t= 123.4s] greedy ep198 games=  96 dec= 17658 rows= 16882 horizon=0.26 L=0.00048 L/var=0.00 tgt=-0.060/0.375 pstd=0.398 gen=0.1s train=0.4s
[t= 124.0s] greedy ep199 games=  96 dec= 18707 rows= 17860 horizon=0.28 L=0.00065 L/var=0.00 tgt=-0.059/0.398 pstd=0.402 gen=0.1s train=0.4s
[t= 124.7s] greedy ep200 games=  96 dec= 18657 rows= 17885 horizon=0.30 L=0.00031 L/var=0.00 tgt=-0.095/0.402 pstd=0.404 gen=0.1s train=0.4s
[t= 125.3s] greedy ep201 games=  96 dec= 18844 rows= 17977 horizon=0.31 L=0.00028 L/var=0.00 tgt=-0.081/0.384 pstd=0.404 gen=0.1s train=0.4s
[t= 125.9s] greedy ep202 games=  96 dec= 19180 rows= 18340 horizon=0.35 L=0.00028 L/var=0.00 tgt=-0.070/0.399 pstd=0.404 gen=0.1s train=0.4s
[t= 126.5s] greedy ep203 games=  96 dec= 17996 rows= 17212 horizon=0.28 L=0.00040 L/var=0.00 tgt=-0.078/0.397 pstd=0.402 gen=0.1s train=0.4s
[t= 127.2s] greedy ep204 games=  96 dec= 18179 rows= 17394 horizon=0.23 L=0.00032 L/var=0.00 tgt=-0.067/0.395 pstd=0.403 gen=0.1s train=0.4s
[t= 127.8s] greedy ep205 games=  96 dec= 17732 rows= 16962 horizon=0.28 L=0.00029 L/var=0.00 tgt=-0.061/0.396 pstd=0.404 gen=0.1s train=0.4s
[t= 128.4s] greedy ep206 games=  96 dec= 18477 rows= 17703 horizon=0.33 L=0.00032 L/var=0.00 tgt=-0.078/0.400 pstd=0.403 gen=0.1s train=0.4s
[t= 129.0s] greedy ep207 games=  96 dec= 18774 rows= 17961 horizon=0.28 L=0.00028 L/var=0.00 tgt=-0.066/0.389 pstd=0.404 gen=0.1s train=0.4s
[t= 129.6s] greedy ep208 games=  96 dec= 17436 rows= 16683 horizon=0.23 L=0.00027 L/var=0.00 tgt=-0.075/0.399 pstd=0.406 gen=0.1s train=0.4s
[t= 130.2s] greedy ep209 games=  96 dec= 17944 rows= 17142 horizon=0.24 L=0.00062 L/var=0.00 tgt=-0.071/0.400 pstd=0.400 gen=0.1s train=0.4s
[t= 130.9s] greedy ep210 games=  96 dec= 18344 rows= 17462 horizon=0.25 L=0.00032 L/var=0.00 tgt=-0.091/0.388 pstd=0.408 gen=0.1s train=0.4s
[t= 131.5s] greedy ep211 games=  96 dec= 19007 rows= 18200 horizon=0.27 L=0.00028 L/var=0.00 tgt=-0.081/0.406 pstd=0.405 gen=0.1s train=0.4s
[t= 132.1s] greedy ep212 games=  96 dec= 17869 rows= 17032 horizon=0.24 L=0.00032 L/var=0.00 tgt=-0.039/0.367 pstd=0.405 gen=0.1s train=0.4s
[t= 132.7s] greedy ep213 games=  96 dec= 17438 rows= 16646 horizon=0.23 L=0.00025 L/var=0.00 tgt=-0.093/0.415 pstd=0.404 gen=0.1s train=0.4s
[t= 133.4s] greedy ep214 games=  96 dec= 18686 rows= 17832 horizon=0.30 L=0.00032 L/var=0.00 tgt=-0.086/0.425 pstd=0.400 gen=0.1s train=0.4s
[t= 134.0s] greedy ep215 games=  96 dec= 18904 rows= 18087 horizon=0.32 L=0.00028 L/var=0.00 tgt=-0.041/0.383 pstd=0.400 gen=0.1s train=0.4s
[t= 134.7s] greedy ep216 games=  96 dec= 18922 rows= 18112 horizon=0.33 L=0.00089 L/var=0.01 tgt=-0.076/0.404 pstd=0.398 gen=0.1s train=0.4s
[t= 135.3s] greedy ep217 games=  96 dec= 17791 rows= 17076 horizon=0.28 L=0.00034 L/var=0.00 tgt=-0.088/0.437 pstd=0.404 gen=0.1s train=0.4s
[t= 135.9s] greedy ep218 games=  96 dec= 18310 rows= 17519 horizon=0.27 L=0.00023 L/var=0.00 tgt=-0.081/0.408 pstd=0.406 gen=0.1s train=0.4s
[t= 136.4s] greedy ep219 games=  96 dec= 17255 rows= 16515 horizon=0.22 L=0.00021 L/var=0.00 tgt=-0.075/0.403 pstd=0.403 gen=0.1s train=0.4s
[t= 137.1s] greedy ep220 games=  96 dec= 17935 rows= 17181 horizon=0.25 L=0.00024 L/var=0.00 tgt=-0.076/0.413 pstd=0.404 gen=0.1s train=0.4s
[t= 137.7s] greedy ep221 games=  96 dec= 17846 rows= 17096 horizon=0.22 L=0.00048 L/var=0.00 tgt=-0.065/0.418 pstd=0.405 gen=0.1s train=0.4s
[t= 138.4s] greedy ep222 games=  96 dec= 17732 rows= 17005 horizon=0.29 L=0.00026 L/var=0.00 tgt=-0.074/0.406 pstd=0.399 gen=0.1s train=0.4s
[t= 139.1s] greedy ep223 games=  96 dec= 17990 rows= 17221 horizon=0.23 L=0.00019 L/var=0.00 tgt=-0.058/0.421 pstd=0.405 gen=0.1s train=0.5s
[t= 139.7s] greedy ep224 games=  96 dec= 19279 rows= 18471 horizon=0.30 L=0.00020 L/var=0.00 tgt=-0.073/0.391 pstd=0.406 gen=0.1s train=0.4s
[t= 140.4s] greedy ep225 games=  96 dec= 19609 rows= 18789 horizon=0.29 L=0.00094 L/var=0.01 tgt=-0.089/0.424 pstd=0.407 gen=0.1s train=0.4s
[t= 141.0s] greedy ep226 games=  96 dec= 18482 rows= 17759 horizon=0.27 L=0.00044 L/var=0.00 tgt=-0.081/0.417 pstd=0.402 gen=0.1s train=0.4s
[t= 141.6s] greedy ep227 games=  96 dec= 18018 rows= 17254 horizon=0.23 L=0.00023 L/var=0.00 tgt=-0.073/0.364 pstd=0.404 gen=0.1s train=0.4s
[t= 142.2s] greedy ep228 games=  96 dec= 19454 rows= 18712 horizon=0.39 L=0.00020 L/var=0.00 tgt=-0.063/0.411 pstd=0.406 gen=0.1s train=0.4s
[t= 142.8s] greedy ep229 games=  96 dec= 18452 rows= 17590 horizon=0.31 L=0.00021 L/var=0.00 tgt=-0.067/0.406 pstd=0.402 gen=0.1s train=0.4s
[t= 143.4s] greedy ep230 games=  96 dec= 18298 rows= 17510 horizon=0.27 L=0.00028 L/var=0.00 tgt=-0.081/0.413 pstd=0.406 gen=0.1s train=0.4s
[t= 144.0s] greedy ep231 games=  96 dec= 17724 rows= 17006 horizon=0.23 L=0.00023 L/var=0.00 tgt=-0.086/0.397 pstd=0.404 gen=0.1s train=0.4s
[t= 144.6s] greedy ep232 games=  96 dec= 17518 rows= 16719 horizon=0.20 L=0.00022 L/var=0.00 tgt=-0.075/0.404 pstd=0.403 gen=0.1s train=0.4s
[t= 145.3s] greedy ep233 games=  96 dec= 19291 rows= 18437 horizon=0.34 L=0.00023 L/var=0.00 tgt=-0.085/0.418 pstd=0.406 gen=0.1s train=0.4s
[t= 145.9s] greedy ep234 games=  96 dec= 17723 rows= 16977 horizon=0.25 L=0.00026 L/var=0.00 tgt=-0.072/0.392 pstd=0.401 gen=0.1s train=0.4s
[t= 146.5s] greedy ep235 games=  96 dec= 18630 rows= 17903 horizon=0.29 L=0.00028 L/var=0.00 tgt=-0.060/0.382 pstd=0.401 gen=0.1s train=0.4s
[t= 147.1s] greedy ep236 games=  96 dec= 18040 rows= 17297 horizon=0.24 L=0.00031 L/var=0.00 tgt=-0.075/0.390 pstd=0.401 gen=0.1s train=0.4s
[t= 147.7s] greedy ep237 games=  96 dec= 18233 rows= 17503 horizon=0.29 L=0.00029 L/var=0.00 tgt=-0.088/0.382 pstd=0.402 gen=0.1s train=0.4s
[t= 148.3s] greedy ep238 games=  96 dec= 18584 rows= 17795 horizon=0.31 L=0.00026 L/var=0.00 tgt=-0.076/0.402 pstd=0.404 gen=0.1s train=0.4s
[t= 148.9s] greedy ep239 games=  96 dec= 18687 rows= 17879 horizon=0.27 L=0.00022 L/var=0.00 tgt=-0.075/0.394 pstd=0.401 gen=0.1s train=0.4s
[t= 149.6s] greedy ep240 games=  96 dec= 18341 rows= 17532 horizon=0.27 L=0.00035 L/var=0.00 tgt=-0.069/0.384 pstd=0.401 gen=0.1s train=0.4s
[t= 150.2s] greedy ep241 games=  96 dec= 18826 rows= 18052 horizon=0.31 L=0.00032 L/var=0.00 tgt=-0.086/0.412 pstd=0.402 gen=0.1s train=0.4s
[t= 150.8s] greedy ep242 games=  96 dec= 18477 rows= 17721 horizon=0.24 L=0.00026 L/var=0.00 tgt=-0.077/0.399 pstd=0.402 gen=0.1s train=0.4s
[t= 151.4s] greedy ep243 games=  96 dec= 17756 rows= 16930 horizon=0.22 L=0.00023 L/var=0.00 tgt=-0.105/0.412 pstd=0.401 gen=0.1s train=0.4s
[t= 152.0s] greedy ep244 games=  96 dec= 17760 rows= 17037 horizon=0.23 L=0.00029 L/var=0.00 tgt=-0.069/0.384 pstd=0.401 gen=0.1s train=0.4s
[t= 152.7s] greedy ep245 games=  96 dec= 18482 rows= 17614 horizon=0.30 L=0.00040 L/var=0.00 tgt=-0.094/0.423 pstd=0.403 gen=0.1s train=0.4s
[t= 153.3s] greedy ep246 games=  96 dec= 18679 rows= 17969 horizon=0.33 L=0.00021 L/var=0.00 tgt=-0.056/0.371 pstd=0.402 gen=0.1s train=0.4s
[t= 153.9s] greedy ep247 games=  96 dec= 18396 rows= 17537 horizon=0.24 L=0.00020 L/var=0.00 tgt=-0.063/0.403 pstd=0.404 gen=0.1s train=0.4s
[t= 154.5s] greedy ep248 games=  96 dec= 18446 rows= 17609 horizon=0.28 L=0.00027 L/var=0.00 tgt=-0.081/0.405 pstd=0.404 gen=0.1s train=0.4s
[t= 155.1s] greedy ep249 games=  96 dec= 18018 rows= 17290 horizon=0.27 L=0.00023 L/var=0.00 tgt=-0.082/0.399 pstd=0.404 gen=0.1s train=0.4s
[t= 155.7s] greedy ep250 games=  96 dec= 18519 rows= 17582 horizon=0.30 L=0.00016 L/var=0.00 tgt=-0.057/0.395 pstd=0.404 gen=0.1s train=0.4s
[t= 156.3s] greedy ep251 games=  96 dec= 18496 rows= 17683 horizon=0.27 L=0.00047 L/var=0.00 tgt=-0.091/0.416 pstd=0.404 gen=0.1s train=0.4s
[t= 157.0s] greedy ep252 games=  96 dec= 19244 rows= 18413 horizon=0.31 L=0.00037 L/var=0.00 tgt=-0.057/0.401 pstd=0.406 gen=0.1s train=0.4s
[t= 157.5s] greedy ep253 games=  96 dec= 17560 rows= 16842 horizon=0.25 L=0.00022 L/var=0.00 tgt=-0.063/0.412 pstd=0.400 gen=0.1s train=0.4s
[t= 158.2s] greedy ep254 games=  96 dec= 18374 rows= 17657 horizon=0.28 L=0.00019 L/var=0.00 tgt=-0.076/0.407 pstd=0.405 gen=0.1s train=0.4s
[t= 158.8s] greedy ep255 games=  96 dec= 18791 rows= 18097 horizon=0.36 L=0.00018 L/var=0.00 tgt=-0.064/0.388 pstd=0.402 gen=0.1s train=0.4s
[t= 159.4s] greedy ep256 games=  96 dec= 18780 rows= 17986 horizon=0.29 L=0.00026 L/var=0.00 tgt=-0.095/0.410 pstd=0.401 gen=0.1s train=0.4s
[t= 160.0s] greedy ep257 games=  96 dec= 18145 rows= 17401 horizon=0.26 L=0.00026 L/var=0.00 tgt=-0.081/0.405 pstd=0.403 gen=0.1s train=0.4s
[t= 160.6s] greedy ep258 games=  96 dec= 17506 rows= 16740 horizon=0.22 L=0.00018 L/var=0.00 tgt=-0.055/0.385 pstd=0.403 gen=0.1s train=0.4s
[t= 161.2s] greedy ep259 games=  96 dec= 19129 rows= 18359 horizon=0.36 L=0.00016 L/var=0.00 tgt=-0.079/0.394 pstd=0.403 gen=0.1s train=0.4s
[t= 161.8s] greedy ep260 games=  96 dec= 18615 rows= 17800 horizon=0.31 L=0.00042 L/var=0.00 tgt=-0.058/0.359 pstd=0.402 gen=0.1s train=0.4s
[t= 162.5s] greedy ep261 games=  96 dec= 18104 rows= 17277 horizon=0.24 L=0.00022 L/var=0.00 tgt=-0.069/0.392 pstd=0.410 gen=0.1s train=0.4s
[t= 163.1s] greedy ep262 games=  96 dec= 18712 rows= 17991 horizon=0.33 L=0.00016 L/var=0.00 tgt=-0.103/0.421 pstd=0.401 gen=0.1s train=0.4s
[t= 163.7s] greedy ep263 games=  96 dec= 18077 rows= 17294 horizon=0.28 L=0.00037 L/var=0.00 tgt=-0.085/0.408 pstd=0.404 gen=0.1s train=0.4s
[t= 164.3s] greedy ep264 games=  96 dec= 17330 rows= 16611 horizon=0.26 L=0.00027 L/var=0.00 tgt=-0.094/0.422 pstd=0.401 gen=0.1s train=0.4s
[t= 164.9s] greedy ep265 games=  96 dec= 18103 rows= 17242 horizon=0.27 L=0.00019 L/var=0.00 tgt=-0.063/0.410 pstd=0.405 gen=0.1s train=0.4s
[t= 165.5s] greedy ep266 games=  96 dec= 16936 rows= 16169 horizon=0.23 L=0.00015 L/var=0.00 tgt=-0.073/0.401 pstd=0.404 gen=0.1s train=0.4s
[t= 166.2s] greedy ep267 games=  96 dec= 19577 rows= 18816 horizon=0.35 L=0.00020 L/var=0.00 tgt=-0.072/0.414 pstd=0.401 gen=0.1s train=0.4s
[t= 166.8s] greedy ep268 games=  96 dec= 17601 rows= 16830 horizon=0.23 L=0.00017 L/var=0.00 tgt=-0.097/0.408 pstd=0.405 gen=0.1s train=0.4s
[t= 167.5s] greedy ep269 games=  96 dec= 18858 rows= 18157 horizon=0.32 L=0.00051 L/var=0.00 tgt=-0.059/0.390 pstd=0.400 gen=0.1s train=0.4s
[t= 168.1s] greedy ep270 games=  96 dec= 19185 rows= 18302 horizon=0.31 L=0.00031 L/var=0.00 tgt=-0.069/0.389 pstd=0.402 gen=0.1s train=0.4s
[t= 168.7s] greedy ep271 games=  96 dec= 18270 rows= 17481 horizon=0.28 L=0.00016 L/var=0.00 tgt=-0.058/0.411 pstd=0.401 gen=0.1s train=0.4s
[t= 169.4s] greedy ep272 games=  96 dec= 18642 rows= 17862 horizon=0.29 L=0.00016 L/var=0.00 tgt=-0.054/0.386 pstd=0.400 gen=0.1s train=0.4s
[t= 170.0s] greedy ep273 games=  96 dec= 18361 rows= 17605 horizon=0.25 L=0.00021 L/var=0.00 tgt=-0.079/0.396 pstd=0.403 gen=0.1s train=0.4s
[t= 170.6s] greedy ep274 games=  96 dec= 17808 rows= 17062 horizon=0.23 L=0.00016 L/var=0.00 tgt=-0.091/0.429 pstd=0.404 gen=0.1s train=0.4s
[t= 171.2s] greedy ep275 games=  96 dec= 18489 rows= 17717 horizon=0.30 L=0.00014 L/var=0.00 tgt=-0.069/0.389 pstd=0.400 gen=0.1s train=0.4s
[t= 171.8s] greedy ep276 games=  96 dec= 17256 rows= 16532 horizon=0.23 L=0.00072 L/var=0.00 tgt=-0.083/0.400 pstd=0.402 gen=0.1s train=0.4s
[t= 172.4s] greedy ep277 games=  96 dec= 17926 rows= 17133 horizon=0.27 L=0.00045 L/var=0.00 tgt=-0.075/0.415 pstd=0.403 gen=0.1s train=0.4s
[t= 173.1s] greedy ep278 games=  96 dec= 19386 rows= 18700 horizon=0.40 L=0.00023 L/var=0.00 tgt=-0.119/0.402 pstd=0.400 gen=0.1s train=0.4s
[t= 173.7s] greedy ep279 games=  96 dec= 19218 rows= 18425 horizon=0.38 L=0.00019 L/var=0.00 tgt=-0.074/0.394 pstd=0.404 gen=0.1s train=0.4s
[t= 174.4s] greedy ep280 games=  96 dec= 18778 rows= 17949 horizon=0.32 L=0.00019 L/var=0.00 tgt=-0.071/0.391 pstd=0.406 gen=0.1s train=0.4s
[t= 175.0s] greedy ep281 games=  96 dec= 17608 rows= 16863 horizon=0.28 L=0.00015 L/var=0.00 tgt=-0.111/0.430 pstd=0.402 gen=0.1s train=0.4s
[t= 175.6s] greedy ep282 games=  96 dec= 18084 rows= 17329 horizon=0.31 L=0.00013 L/var=0.00 tgt=-0.067/0.389 pstd=0.400 gen=0.1s train=0.4s
[t= 176.2s] greedy ep283 games=  96 dec= 18594 rows= 17743 horizon=0.27 L=0.00016 L/var=0.00 tgt=-0.054/0.406 pstd=0.405 gen=0.1s train=0.4s
[t= 176.8s] greedy ep284 games=  96 dec= 18575 rows= 17881 horizon=0.31 L=0.00013 L/var=0.00 tgt=-0.062/0.387 pstd=0.404 gen=0.1s train=0.4s
[t= 177.4s] greedy ep285 games=  96 dec= 18104 rows= 17375 horizon=0.29 L=0.00020 L/var=0.00 tgt=-0.045/0.370 pstd=0.402 gen=0.1s train=0.4s
[t= 178.1s] greedy ep286 games=  96 dec= 18214 rows= 17369 horizon=0.23 L=0.00103 L/var=0.01 tgt=-0.074/0.387 pstd=0.398 gen=0.1s train=0.4s
[t= 178.7s] greedy ep287 games=  96 dec= 18781 rows= 17995 horizon=0.28 L=0.00044 L/var=0.00 tgt=-0.056/0.383 pstd=0.414 gen=0.1s train=0.4s
[t= 179.3s] greedy ep288 games=  96 dec= 18461 rows= 17743 horizon=0.31 L=0.00028 L/var=0.00 tgt=-0.079/0.406 pstd=0.399 gen=0.1s train=0.4s
[t= 179.9s] greedy ep289 games=  96 dec= 18375 rows= 17503 horizon=0.26 L=0.00019 L/var=0.00 tgt=-0.064/0.376 pstd=0.404 gen=0.1s train=0.4s
[t= 180.6s] greedy ep290 games=  96 dec= 18682 rows= 17890 horizon=0.34 L=0.00012 L/var=0.00 tgt=-0.070/0.397 pstd=0.401 gen=0.1s train=0.4s
[t= 181.2s] greedy ep291 games=  96 dec= 18065 rows= 17298 horizon=0.25 L=0.00015 L/var=0.00 tgt=-0.070/0.406 pstd=0.408 gen=0.1s train=0.4s
[t= 181.8s] greedy ep292 games=  96 dec= 17687 rows= 16962 horizon=0.24 L=0.00014 L/var=0.00 tgt=-0.101/0.410 pstd=0.401 gen=0.1s train=0.4s
[t= 182.5s] greedy ep293 games=  96 dec= 19217 rows= 18382 horizon=0.32 L=0.00014 L/var=0.00 tgt=-0.093/0.387 pstd=0.402 gen=0.1s train=0.5s
[t= 183.3s] greedy ep294 games=  96 dec= 18979 rows= 18249 horizon=0.34 L=0.00011 L/var=0.00 tgt=-0.092/0.401 pstd=0.402 gen=0.1s train=0.5s
[t= 183.9s] greedy ep295 games=  96 dec= 18446 rows= 17654 horizon=0.28 L=0.00015 L/var=0.00 tgt=-0.083/0.399 pstd=0.404 gen=0.1s train=0.4s
[t= 184.6s] greedy ep296 games=  96 dec= 18078 rows= 17321 horizon=0.27 L=0.00014 L/var=0.00 tgt=-0.093/0.398 pstd=0.400 gen=0.1s train=0.5s
[t= 185.2s] greedy ep297 games=  96 dec= 18274 rows= 17496 horizon=0.32 L=0.00030 L/var=0.00 tgt=-0.063/0.391 pstd=0.404 gen=0.1s train=0.4s
[t= 185.9s] greedy ep298 games=  96 dec= 17771 rows= 17090 horizon=0.26 L=0.00015 L/var=0.00 tgt=-0.066/0.425 pstd=0.402 gen=0.1s train=0.4s
[t= 186.5s] greedy ep299 games=  96 dec= 18056 rows= 17293 horizon=0.26 L=0.00011 L/var=0.00 tgt=-0.077/0.402 pstd=0.403 gen=0.1s train=0.4s
[t= 187.1s] greedy ep300 games=  96 dec= 18281 rows= 17534 horizon=0.30 L=0.00013 L/var=0.00 tgt=-0.061/0.388 pstd=0.405 gen=0.1s train=0.4s
[t= 187.8s] greedy ep301 games=  96 dec= 18901 rows= 18021 horizon=0.30 L=0.00051 L/var=0.00 tgt=-0.079/0.392 pstd=0.398 gen=0.1s train=0.4s
[t= 188.4s] greedy ep302 games=  96 dec= 18465 rows= 17704 horizon=0.30 L=0.00021 L/var=0.00 tgt=-0.089/0.404 pstd=0.401 gen=0.1s train=0.4s
[t= 189.0s] greedy ep303 games=  96 dec= 18871 rows= 18121 horizon=0.31 L=0.00015 L/var=0.00 tgt=-0.084/0.393 pstd=0.403 gen=0.1s train=0.4s
[t= 189.7s] greedy ep304 games=  96 dec= 17770 rows= 16915 horizon=0.24 L=0.00011 L/var=0.00 tgt=-0.081/0.406 pstd=0.402 gen=0.1s train=0.5s
[t= 190.3s] greedy ep305 games=  96 dec= 17376 rows= 16646 horizon=0.22 L=0.00011 L/var=0.00 tgt=-0.051/0.405 pstd=0.405 gen=0.1s train=0.4s
[t= 191.0s] greedy ep306 games=  96 dec= 18454 rows= 17722 horizon=0.31 L=0.00011 L/var=0.00 tgt=-0.093/0.400 pstd=0.404 gen=0.1s train=0.4s
[t= 191.6s] greedy ep307 games=  96 dec= 18406 rows= 17615 horizon=0.30 L=0.00032 L/var=0.00 tgt=-0.064/0.396 pstd=0.403 gen=0.1s train=0.4s
[t= 192.2s] greedy ep308 games=  96 dec= 17937 rows= 17207 horizon=0.24 L=0.00015 L/var=0.00 tgt=-0.083/0.421 pstd=0.402 gen=0.1s train=0.4s
[t= 192.8s] greedy ep309 games=  96 dec= 18998 rows= 18232 horizon=0.30 L=0.00011 L/var=0.00 tgt=-0.100/0.421 pstd=0.401 gen=0.1s train=0.4s
[t= 193.5s] greedy ep310 games=  96 dec= 18944 rows= 18093 horizon=0.35 L=0.00017 L/var=0.00 tgt=-0.112/0.426 pstd=0.406 gen=0.1s train=0.4s
[t= 194.1s] greedy ep311 games=  96 dec= 17838 rows= 17098 horizon=0.24 L=0.00012 L/var=0.00 tgt=-0.090/0.409 pstd=0.401 gen=0.1s train=0.4s
[t= 194.7s] greedy ep312 games=  96 dec= 17465 rows= 16725 horizon=0.20 L=0.00011 L/var=0.00 tgt=-0.054/0.409 pstd=0.399 gen=0.1s train=0.4s
[t= 195.3s] greedy ep313 games=  96 dec= 18389 rows= 17667 horizon=0.33 L=0.00055 L/var=0.00 tgt=-0.050/0.397 pstd=0.407 gen=0.1s train=0.4s
[t= 195.9s] greedy ep314 games=  96 dec= 18115 rows= 17389 horizon=0.27 L=0.00025 L/var=0.00 tgt=-0.060/0.403 pstd=0.402 gen=0.1s train=0.4s
[t= 196.6s] greedy ep315 games=  96 dec= 18298 rows= 17518 horizon=0.28 L=0.00019 L/var=0.00 tgt=-0.085/0.391 pstd=0.406 gen=0.1s train=0.4s
[t= 197.2s] greedy ep316 games=  96 dec= 18170 rows= 17465 horizon=0.31 L=0.00013 L/var=0.00 tgt=-0.078/0.403 pstd=0.400 gen=0.1s train=0.4s
[t= 197.8s] greedy ep317 games=  96 dec= 18672 rows= 17879 horizon=0.24 L=0.00012 L/var=0.00 tgt=-0.073/0.383 pstd=0.404 gen=0.1s train=0.4s
[t= 198.5s] greedy ep318 games=  96 dec= 19787 rows= 19005 horizon=0.41 L=0.00016 L/var=0.00 tgt=-0.077/0.419 pstd=0.405 gen=0.1s train=0.5s
[t= 199.2s] greedy ep319 games=  96 dec= 17373 rows= 16610 horizon=0.20 L=0.00015 L/var=0.00 tgt=-0.074/0.399 pstd=0.404 gen=0.1s train=0.4s
[t= 199.9s] greedy ep320 games=  96 dec= 19137 rows= 18296 horizon=0.33 L=0.00020 L/var=0.00 tgt=-0.084/0.394 pstd=0.404 gen=0.1s train=0.5s
[t= 200.6s] greedy ep321 games=  96 dec= 18578 rows= 17845 horizon=0.28 L=0.00011 L/var=0.00 tgt=-0.102/0.416 pstd=0.406 gen=0.1s train=0.5s
[t= 201.4s] greedy ep322 games=  96 dec= 18902 rows= 18078 horizon=0.32 L=0.00011 L/var=0.00 tgt=-0.068/0.411 pstd=0.405 gen=0.1s train=0.5s
[t= 202.2s] greedy ep323 games=  96 dec= 18841 rows= 18025 horizon=0.29 L=0.00022 L/var=0.00 tgt=-0.086/0.398 pstd=0.401 gen=0.1s train=0.5s
[t= 202.9s] greedy ep324 games=  96 dec= 18272 rows= 17457 horizon=0.24 L=0.00013 L/var=0.00 tgt=-0.060/0.398 pstd=0.403 gen=0.1s train=0.5s
[t= 203.5s] greedy ep325 games=  96 dec= 19264 rows= 18460 horizon=0.31 L=0.00019 L/var=0.00 tgt=-0.086/0.400 pstd=0.399 gen=0.1s train=0.4s
[t= 204.2s] greedy ep326 games=  96 dec= 18038 rows= 17372 horizon=0.27 L=0.00012 L/var=0.00 tgt=-0.085/0.413 pstd=0.404 gen=0.1s train=0.4s
[t= 204.8s] greedy ep327 games=  96 dec= 17930 rows= 17193 horizon=0.28 L=0.00019 L/var=0.00 tgt=-0.082/0.408 pstd=0.405 gen=0.1s train=0.4s
[t= 205.4s] greedy ep328 games=  96 dec= 18470 rows= 17708 horizon=0.29 L=0.00016 L/var=0.00 tgt=-0.055/0.383 pstd=0.402 gen=0.1s train=0.4s
[t= 206.0s] greedy ep329 games=  96 dec= 18673 rows= 17893 horizon=0.31 L=0.00012 L/var=0.00 tgt=-0.094/0.395 pstd=0.404 gen=0.1s train=0.4s
[t= 206.7s] greedy ep330 games=  96 dec= 19461 rows= 18607 horizon=0.33 L=0.00037 L/var=0.00 tgt=-0.081/0.424 pstd=0.402 gen=0.1s train=0.4s
[t= 207.3s] greedy ep331 games=  96 dec= 18318 rows= 17506 horizon=0.25 L=0.00036 L/var=0.00 tgt=-0.072/0.403 pstd=0.401 gen=0.1s train=0.4s
[t= 207.9s] greedy ep332 games=  96 dec= 19201 rows= 18415 horizon=0.34 L=0.00016 L/var=0.00 tgt=-0.090/0.392 pstd=0.403 gen=0.1s train=0.4s
[t= 208.6s] greedy ep333 games=  96 dec= 18807 rows= 18185 horizon=0.35 L=0.00013 L/var=0.00 tgt=-0.068/0.384 pstd=0.404 gen=0.1s train=0.4s
[t= 209.2s] greedy ep334 games=  96 dec= 18029 rows= 17216 horizon=0.27 L=0.00010 L/var=0.00 tgt=-0.072/0.406 pstd=0.400 gen=0.1s train=0.4s
[t= 209.8s] greedy ep335 games=  96 dec= 19469 rows= 18617 horizon=0.39 L=0.00011 L/var=0.00 tgt=-0.086/0.399 pstd=0.402 gen=0.1s train=0.4s
[t= 210.5s] greedy ep336 games=  96 dec= 18409 rows= 17614 horizon=0.28 L=0.00012 L/var=0.00 tgt=-0.084/0.369 pstd=0.404 gen=0.1s train=0.4s
[t= 211.1s] greedy ep337 games=  96 dec= 18901 rows= 18172 horizon=0.32 L=0.00029 L/var=0.00 tgt=-0.075/0.407 pstd=0.405 gen=0.1s train=0.4s
[t= 211.7s] greedy ep338 games=  96 dec= 18644 rows= 17915 horizon=0.34 L=0.00014 L/var=0.00 tgt=-0.071/0.401 pstd=0.401 gen=0.1s train=0.4s
[t= 212.3s] greedy ep339 games=  96 dec= 19234 rows= 18409 horizon=0.40 L=0.00012 L/var=0.00 tgt=-0.067/0.381 pstd=0.399 gen=0.1s train=0.4s
[t= 213.0s] greedy ep340 games=  96 dec= 18878 rows= 17990 horizon=0.31 L=0.00009 L/var=0.00 tgt=-0.058/0.404 pstd=0.406 gen=0.1s train=0.4s
[t= 213.6s] greedy ep341 games=  96 dec= 17634 rows= 16912 horizon=0.27 L=0.00022 L/var=0.00 tgt=-0.068/0.390 pstd=0.402 gen=0.1s train=0.4s
[t= 214.2s] greedy ep342 games=  96 dec= 18272 rows= 17486 horizon=0.28 L=0.00023 L/var=0.00 tgt=-0.070/0.400 pstd=0.401 gen=0.1s train=0.4s
[t= 214.8s] greedy ep343 games=  96 dec= 17912 rows= 17113 horizon=0.24 L=0.00014 L/var=0.00 tgt=-0.060/0.366 pstd=0.406 gen=0.1s train=0.4s
[t= 215.4s] greedy ep344 games=  96 dec= 18976 rows= 18185 horizon=0.34 L=0.00012 L/var=0.00 tgt=-0.072/0.403 pstd=0.403 gen=0.1s train=0.4s
[t= 216.1s] greedy ep345 games=  96 dec= 19270 rows= 18499 horizon=0.40 L=0.00009 L/var=0.00 tgt=-0.086/0.414 pstd=0.403 gen=0.1s train=0.4s
[t= 216.7s] greedy ep346 games=  96 dec= 18344 rows= 17555 horizon=0.28 L=0.00036 L/var=0.00 tgt=-0.073/0.410 pstd=0.410 gen=0.1s train=0.4s
[t= 217.3s] greedy ep347 games=  96 dec= 18489 rows= 17814 horizon=0.35 L=0.00017 L/var=0.00 tgt=-0.073/0.416 pstd=0.399 gen=0.1s train=0.4s
[t= 217.9s] greedy ep348 games=  96 dec= 18406 rows= 17642 horizon=0.25 L=0.00014 L/var=0.00 tgt=-0.058/0.392 pstd=0.404 gen=0.1s train=0.4s
[t= 218.5s] greedy ep349 games=  96 dec= 17464 rows= 16815 horizon=0.27 L=0.00011 L/var=0.00 tgt=-0.087/0.419 pstd=0.404 gen=0.1s train=0.4s
[t= 219.1s] greedy ep350 games=  96 dec= 18196 rows= 17345 horizon=0.21 L=0.00009 L/var=0.00 tgt=-0.104/0.436 pstd=0.401 gen=0.1s train=0.4s
[t= 219.7s] greedy ep351 games=  96 dec= 18252 rows= 17381 horizon=0.24 L=0.00028 L/var=0.00 tgt=-0.074/0.411 pstd=0.408 gen=0.1s train=0.4s
[t= 220.4s] greedy ep352 games=  96 dec= 18005 rows= 17205 horizon=0.22 L=0.00021 L/var=0.00 tgt=-0.109/0.431 pstd=0.401 gen=0.1s train=0.4s
[t= 221.0s] greedy ep353 games=  96 dec= 18146 rows= 17403 horizon=0.28 L=0.00011 L/var=0.00 tgt=-0.087/0.403 pstd=0.403 gen=0.1s train=0.4s
[t= 221.6s] greedy ep354 games=  96 dec= 16945 rows= 16273 horizon=0.23 L=0.00010 L/var=0.00 tgt=-0.054/0.413 pstd=0.405 gen=0.1s train=0.4s
[t= 222.2s] greedy ep355 games=  96 dec= 19133 rows= 18277 horizon=0.32 L=0.00014 L/var=0.00 tgt=-0.088/0.420 pstd=0.409 gen=0.1s train=0.4s
[t= 222.8s] greedy ep356 games=  96 dec= 19600 rows= 18731 horizon=0.39 L=0.00016 L/var=0.00 tgt=-0.051/0.412 pstd=0.406 gen=0.1s train=0.4s
[t= 223.4s] greedy ep357 games=  96 dec= 18295 rows= 17597 horizon=0.31 L=0.00011 L/var=0.00 tgt=-0.065/0.382 pstd=0.403 gen=0.1s train=0.4s
[t= 224.1s] greedy ep358 games=  96 dec= 18445 rows= 17663 horizon=0.28 L=0.00012 L/var=0.00 tgt=-0.077/0.370 pstd=0.403 gen=0.1s train=0.4s
[t= 224.7s] greedy ep359 games=  96 dec= 17954 rows= 17081 horizon=0.24 L=0.00017 L/var=0.00 tgt=-0.073/0.403 pstd=0.403 gen=0.1s train=0.4s
[t= 225.3s] greedy ep360 games=  96 dec= 18490 rows= 17728 horizon=0.27 L=0.00011 L/var=0.00 tgt=-0.063/0.407 pstd=0.404 gen=0.1s train=0.4s
[t= 225.9s] greedy ep361 games=  96 dec= 18897 rows= 18066 horizon=0.28 L=0.00011 L/var=0.00 tgt=-0.053/0.398 pstd=0.402 gen=0.1s train=0.4s
[t= 226.6s] greedy ep362 games=  96 dec= 18795 rows= 18055 horizon=0.36 L=0.00012 L/var=0.00 tgt=-0.081/0.404 pstd=0.403 gen=0.1s train=0.4s
[t= 227.2s] greedy ep363 games=  96 dec= 18637 rows= 17789 horizon=0.27 L=0.00010 L/var=0.00 tgt=-0.081/0.411 pstd=0.401 gen=0.1s train=0.4s
[t= 227.8s] greedy ep364 games=  96 dec= 18040 rows= 17349 horizon=0.26 L=0.00026 L/var=0.00 tgt=-0.071/0.373 pstd=0.406 gen=0.1s train=0.4s
[t= 228.4s] greedy ep365 games=  96 dec= 18116 rows= 17381 horizon=0.29 L=0.00012 L/var=0.00 tgt=-0.078/0.413 pstd=0.403 gen=0.1s train=0.4s
[t= 229.0s] greedy ep366 games=  96 dec= 19091 rows= 18208 horizon=0.35 L=0.00014 L/var=0.00 tgt=-0.090/0.383 pstd=0.400 gen=0.1s train=0.4s
[t= 229.6s] greedy ep367 games=  96 dec= 18445 rows= 17724 horizon=0.28 L=0.00011 L/var=0.00 tgt=-0.081/0.398 pstd=0.407 gen=0.1s train=0.4s
[t= 230.3s] greedy ep368 games=  96 dec= 19305 rows= 18435 horizon=0.38 L=0.00036 L/var=0.00 tgt=-0.078/0.407 pstd=0.404 gen=0.1s train=0.4s
[t= 230.9s] greedy ep369 games=  96 dec= 17966 rows= 17251 horizon=0.30 L=0.00027 L/var=0.00 tgt=-0.076/0.401 pstd=0.402 gen=0.1s train=0.4s
[t= 231.5s] greedy ep370 games=  96 dec= 18589 rows= 17818 horizon=0.30 L=0.00011 L/var=0.00 tgt=-0.081/0.416 pstd=0.404 gen=0.1s train=0.4s
[t= 232.2s] greedy ep371 games=  96 dec= 18225 rows= 17420 horizon=0.27 L=0.00010 L/var=0.00 tgt=-0.054/0.387 pstd=0.405 gen=0.1s train=0.4s
[t= 232.8s] greedy ep372 games=  96 dec= 19111 rows= 18405 horizon=0.36 L=0.00008 L/var=0.00 tgt=-0.075/0.413 pstd=0.401 gen=0.1s train=0.4s
[t= 233.5s] greedy ep373 games=  96 dec= 18854 rows= 18060 horizon=0.29 L=0.00008 L/var=0.00 tgt=-0.062/0.407 pstd=0.404 gen=0.1s train=0.4s
[t= 234.1s] greedy ep374 games=  96 dec= 18619 rows= 17792 horizon=0.29 L=0.00016 L/var=0.00 tgt=-0.098/0.425 pstd=0.407 gen=0.1s train=0.4s
[t= 234.8s] greedy ep375 games=  96 dec= 18767 rows= 17989 horizon=0.27 L=0.00009 L/var=0.00 tgt=-0.065/0.387 pstd=0.405 gen=0.1s train=0.4s
[t= 235.5s] greedy ep376 games=  96 dec= 18913 rows= 18216 horizon=0.34 L=0.00009 L/var=0.00 tgt=-0.079/0.400 pstd=0.401 gen=0.1s train=0.5s
[t= 236.3s] greedy ep377 games=  96 dec= 19064 rows= 18253 horizon=0.35 L=0.00010 L/var=0.00 tgt=-0.076/0.404 pstd=0.404 gen=0.1s train=0.5s
[t= 237.0s] greedy ep378 games=  96 dec= 18586 rows= 17763 horizon=0.24 L=0.00014 L/var=0.00 tgt=-0.060/0.390 pstd=0.407 gen=0.1s train=0.5s
[t= 237.7s] greedy ep379 games=  96 dec= 18140 rows= 17333 horizon=0.25 L=0.00009 L/var=0.00 tgt=-0.077/0.419 pstd=0.403 gen=0.1s train=0.5s
[t= 238.5s] greedy ep380 games=  96 dec= 18294 rows= 17547 horizon=0.26 L=0.00016 L/var=0.00 tgt=-0.085/0.401 pstd=0.404 gen=0.1s train=0.5s
[t= 239.2s] greedy ep381 games=  96 dec= 18684 rows= 17948 horizon=0.33 L=0.00013 L/var=0.00 tgt=-0.047/0.399 pstd=0.403 gen=0.1s train=0.5s
[t= 240.0s] greedy ep382 games=  96 dec= 18754 rows= 17906 horizon=0.32 L=0.00008 L/var=0.00 tgt=-0.087/0.407 pstd=0.403 gen=0.1s train=0.5s
[t= 240.6s] greedy ep383 games=  96 dec= 19016 rows= 18220 horizon=0.33 L=0.00045 L/var=0.00 tgt=-0.083/0.412 pstd=0.405 gen=0.1s train=0.4s
[t= 241.3s] greedy ep384 games=  96 dec= 18463 rows= 17637 horizon=0.27 L=0.00023 L/var=0.00 tgt=-0.083/0.379 pstd=0.399 gen=0.1s train=0.4s
[t= 241.9s] greedy ep385 games=  96 dec= 18982 rows= 18315 horizon=0.35 L=0.00014 L/var=0.00 tgt=-0.076/0.384 pstd=0.405 gen=0.1s train=0.4s
[t= 242.5s] greedy ep386 games=  96 dec= 17342 rows= 16576 horizon=0.20 L=0.00007 L/var=0.00 tgt=-0.081/0.386 pstd=0.404 gen=0.1s train=0.4s
[t= 243.1s] greedy ep387 games=  96 dec= 18379 rows= 17577 horizon=0.28 L=0.00007 L/var=0.00 tgt=-0.062/0.382 pstd=0.400 gen=0.1s train=0.4s
[t= 243.8s] greedy ep388 games=  96 dec= 18795 rows= 18042 horizon=0.31 L=0.00007 L/var=0.00 tgt=-0.075/0.398 pstd=0.402 gen=0.1s train=0.4s
[t= 244.4s] greedy ep389 games=  96 dec= 18297 rows= 17536 horizon=0.28 L=0.00020 L/var=0.00 tgt=-0.059/0.415 pstd=0.400 gen=0.1s train=0.4s
[t= 245.0s] greedy ep390 games=  96 dec= 17988 rows= 17197 horizon=0.27 L=0.00013 L/var=0.00 tgt=-0.064/0.389 pstd=0.405 gen=0.1s train=0.4s
[t= 245.6s] greedy ep391 games=  96 dec= 18257 rows= 17471 horizon=0.20 L=0.00008 L/var=0.00 tgt=-0.100/0.417 pstd=0.401 gen=0.1s train=0.4s
[t= 246.3s] greedy ep392 games=  96 dec= 17700 rows= 16940 horizon=0.23 L=0.00008 L/var=0.00 tgt=-0.064/0.405 pstd=0.402 gen=0.1s train=0.4s
[t= 246.9s] greedy ep393 games=  96 dec= 19256 rows= 18474 horizon=0.39 L=0.00007 L/var=0.00 tgt=-0.091/0.403 pstd=0.402 gen=0.1s train=0.4s
[t= 247.5s] greedy ep394 games=  96 dec= 18702 rows= 17872 horizon=0.26 L=0.00025 L/var=0.00 tgt=-0.075/0.377 pstd=0.407 gen=0.1s train=0.4s
[t= 248.2s] greedy ep395 games=  96 dec= 18307 rows= 17610 horizon=0.25 L=0.00017 L/var=0.00 tgt=-0.068/0.382 pstd=0.400 gen=0.1s train=0.4s
[t= 248.8s] greedy ep396 games=  96 dec= 18387 rows= 17563 horizon=0.31 L=0.00012 L/var=0.00 tgt=-0.072/0.399 pstd=0.405 gen=0.1s train=0.4s
[t= 249.4s] greedy ep397 games=  96 dec= 19266 rows= 18399 horizon=0.32 L=0.00011 L/var=0.00 tgt=-0.087/0.372 pstd=0.403 gen=0.1s train=0.4s
[t= 250.1s] greedy ep398 games=  96 dec= 18520 rows= 17798 horizon=0.28 L=0.00008 L/var=0.00 tgt=-0.048/0.377 pstd=0.404 gen=0.1s train=0.4s
[t= 250.7s] greedy ep399 games=  96 dec= 17698 rows= 16928 horizon=0.25 L=0.00006 L/var=0.00 tgt=-0.078/0.399 pstd=0.403 gen=0.1s train=0.4s
[t= 251.3s] greedy ep400 games=  96 dec= 18367 rows= 17641 horizon=0.29 L=0.00015 L/var=0.00 tgt=-0.079/0.408 pstd=0.402 gen=0.1s train=0.4s
[t= 251.9s] greedy ep401 games=  96 dec= 18231 rows= 17435 horizon=0.26 L=0.00012 L/var=0.00 tgt=-0.082/0.410 pstd=0.406 gen=0.1s train=0.4s
[t= 252.5s] greedy ep402 games=  96 dec= 19031 rows= 18152 horizon=0.31 L=0.00010 L/var=0.00 tgt=-0.067/0.393 pstd=0.402 gen=0.1s train=0.4s
[t= 253.2s] greedy ep403 games=  96 dec= 18742 rows= 17947 horizon=0.28 L=0.00007 L/var=0.00 tgt=-0.070/0.403 pstd=0.401 gen=0.1s train=0.4s
[t= 253.8s] greedy ep404 games=  96 dec= 19375 rows= 18682 horizon=0.35 L=0.00012 L/var=0.00 tgt=-0.057/0.402 pstd=0.406 gen=0.1s train=0.4s
[t= 254.5s] greedy ep405 games=  96 dec= 18464 rows= 17644 horizon=0.24 L=0.00028 L/var=0.00 tgt=-0.088/0.418 pstd=0.405 gen=0.1s train=0.4s
[t= 255.1s] greedy ep406 games=  96 dec= 18193 rows= 17494 horizon=0.30 L=0.00011 L/var=0.00 tgt=-0.090/0.425 pstd=0.404 gen=0.1s train=0.4s
[t= 255.7s] greedy ep407 games=  96 dec= 18440 rows= 17681 horizon=0.28 L=0.00011 L/var=0.00 tgt=-0.055/0.404 pstd=0.401 gen=0.1s train=0.4s
[t= 256.4s] greedy ep408 games=  96 dec= 18896 rows= 18147 horizon=0.29 L=0.00008 L/var=0.00 tgt=-0.060/0.391 pstd=0.400 gen=0.1s train=0.4s
[t= 257.0s] greedy ep409 games=  96 dec= 18600 rows= 17878 horizon=0.29 L=0.00007 L/var=0.00 tgt=-0.058/0.397 pstd=0.405 gen=0.1s train=0.4s
[t= 257.6s] greedy ep410 games=  96 dec= 19383 rows= 18571 horizon=0.32 L=0.00012 L/var=0.00 tgt=-0.076/0.381 pstd=0.406 gen=0.1s train=0.4s
[t= 258.3s] greedy ep411 games=  96 dec= 17842 rows= 17071 horizon=0.21 L=0.00008 L/var=0.00 tgt=-0.098/0.424 pstd=0.404 gen=0.1s train=0.4s
[t= 258.9s] greedy ep412 games=  96 dec= 18637 rows= 17849 horizon=0.30 L=0.00015 L/var=0.00 tgt=-0.064/0.397 pstd=0.401 gen=0.1s train=0.4s
[t= 259.6s] greedy ep413 games=  96 dec= 17711 rows= 16901 horizon=0.18 L=0.00013 L/var=0.00 tgt=-0.047/0.370 pstd=0.405 gen=0.1s train=0.4s
[t= 260.1s] greedy ep414 games=  96 dec= 17352 rows= 16591 horizon=0.25 L=0.00009 L/var=0.00 tgt=-0.089/0.393 pstd=0.406 gen=0.1s train=0.4s
[t= 260.8s] greedy ep415 games=  96 dec= 19043 rows= 18276 horizon=0.36 L=0.00007 L/var=0.00 tgt=-0.113/0.418 pstd=0.404 gen=0.1s train=0.4s
[t= 261.4s] greedy ep416 games=  96 dec= 17972 rows= 17229 horizon=0.25 L=0.00006 L/var=0.00 tgt=-0.076/0.408 pstd=0.404 gen=0.1s train=0.4s
[t= 262.1s] greedy ep417 games=  96 dec= 19476 rows= 18684 horizon=0.34 L=0.00022 L/var=0.00 tgt=-0.075/0.427 pstd=0.403 gen=0.1s train=0.5s
[t= 262.9s] greedy ep418 games=  96 dec= 19180 rows= 18365 horizon=0.35 L=0.00011 L/var=0.00 tgt=-0.086/0.420 pstd=0.400 gen=0.1s train=0.5s
[t= 263.5s] greedy ep419 games=  96 dec= 18410 rows= 17656 horizon=0.31 L=0.00006 L/var=0.00 tgt=-0.047/0.376 pstd=0.402 gen=0.1s train=0.4s
[t= 264.1s] greedy ep420 games=  96 dec= 18005 rows= 17227 horizon=0.24 L=0.00010 L/var=0.00 tgt=-0.058/0.403 pstd=0.403 gen=0.1s train=0.4s
[t= 264.8s] greedy ep421 games=  96 dec= 19536 rows= 18656 horizon=0.35 L=0.00008 L/var=0.00 tgt=-0.076/0.390 pstd=0.401 gen=0.1s train=0.4s
[t= 265.4s] greedy ep422 games=  96 dec= 18776 rows= 17871 horizon=0.28 L=0.00014 L/var=0.00 tgt=-0.082/0.389 pstd=0.404 gen=0.1s train=0.4s
[t= 266.1s] greedy ep423 games=  96 dec= 18387 rows= 17685 horizon=0.30 L=0.00009 L/var=0.00 tgt=-0.082/0.392 pstd=0.404 gen=0.1s train=0.4s
[t= 266.7s] greedy ep424 games=  96 dec= 18417 rows= 17620 horizon=0.27 L=0.00016 L/var=0.00 tgt=-0.072/0.397 pstd=0.400 gen=0.1s train=0.4s
[t= 267.3s] greedy ep425 games=  96 dec= 19137 rows= 18294 horizon=0.31 L=0.00015 L/var=0.00 tgt=-0.078/0.389 pstd=0.402 gen=0.1s train=0.4s
[t= 268.0s] greedy ep426 games=  96 dec= 18401 rows= 17624 horizon=0.23 L=0.00007 L/var=0.00 tgt=-0.076/0.409 pstd=0.405 gen=0.1s train=0.4s
[t= 268.6s] greedy ep427 games=  96 dec= 19381 rows= 18485 horizon=0.35 L=0.00009 L/var=0.00 tgt=-0.062/0.385 pstd=0.401 gen=0.1s train=0.4s
[t= 269.2s] greedy ep428 games=  96 dec= 17979 rows= 17258 horizon=0.25 L=0.00017 L/var=0.00 tgt=-0.095/0.423 pstd=0.407 gen=0.1s train=0.4s
[t= 269.9s] greedy ep429 games=  96 dec= 17213 rows= 16607 horizon=0.27 L=0.00013 L/var=0.00 tgt=-0.072/0.397 pstd=0.405 gen=0.1s train=0.4s
[t= 270.5s] greedy ep430 games=  96 dec= 18914 rows= 18077 horizon=0.32 L=0.00012 L/var=0.00 tgt=-0.081/0.404 pstd=0.405 gen=0.1s train=0.4s
[t= 271.1s] greedy ep431 games=  96 dec= 17896 rows= 17025 horizon=0.22 L=0.00012 L/var=0.00 tgt=-0.053/0.416 pstd=0.401 gen=0.1s train=0.4s
[t= 271.8s] greedy ep432 games=  96 dec= 18331 rows= 17646 horizon=0.32 L=0.00019 L/var=0.00 tgt=-0.083/0.391 pstd=0.405 gen=0.1s train=0.4s
[t= 272.4s] greedy ep433 games=  96 dec= 18438 rows= 17668 horizon=0.26 L=0.00010 L/var=0.00 tgt=-0.085/0.397 pstd=0.404 gen=0.1s train=0.4s
[t= 273.0s] greedy ep434 games=  96 dec= 18409 rows= 17569 horizon=0.25 L=0.00006 L/var=0.00 tgt=-0.049/0.398 pstd=0.404 gen=0.1s train=0.4s
[t= 273.6s] greedy ep435 games=  96 dec= 17725 rows= 17035 horizon=0.22 L=0.00007 L/var=0.00 tgt=-0.072/0.418 pstd=0.403 gen=0.1s train=0.4s
[t= 274.3s] greedy ep436 games=  96 dec= 18076 rows= 17304 horizon=0.23 L=0.00010 L/var=0.00 tgt=-0.068/0.389 pstd=0.404 gen=0.1s train=0.4s
[t= 274.9s] greedy ep437 games=  96 dec= 18093 rows= 17336 horizon=0.27 L=0.00011 L/var=0.00 tgt=-0.077/0.390 pstd=0.406 gen=0.1s train=0.4s
[t= 275.6s] greedy ep438 games=  96 dec= 19146 rows= 18289 horizon=0.36 L=0.00009 L/var=0.00 tgt=-0.064/0.397 pstd=0.407 gen=0.1s train=0.4s
[t= 276.2s] greedy ep439 games=  96 dec= 17324 rows= 16613 horizon=0.21 L=0.00043 L/var=0.00 tgt=-0.059/0.394 pstd=0.395 gen=0.1s train=0.4s
[t= 276.8s] greedy ep440 games=  96 dec= 18171 rows= 17436 horizon=0.33 L=0.01143 L/var=0.08 tgt=-0.050/0.375 pstd=0.267 gen=0.1s train=0.4s
[t= 277.5s] greedy ep441 games=  96 dec= 19223 rows= 18430 horizon=0.34 L=0.04329 L/var=0.28 tgt=-0.069/0.394 pstd=0.310 gen=0.1s train=0.4s
[t= 278.1s] greedy ep442 games=  96 dec= 17204 rows= 16560 horizon=0.21 L=0.01226 L/var=0.07 tgt=-0.104/0.406 pstd=0.424 gen=0.1s train=0.4s
[t= 278.7s] greedy ep443 games=  96 dec= 19229 rows= 18431 horizon=0.39 L=0.00275 L/var=0.02 tgt=-0.069/0.369 pstd=0.399 gen=0.1s train=0.4s
[t= 279.4s] greedy ep444 games=  96 dec= 18017 rows= 17240 horizon=0.25 L=0.00150 L/var=0.01 tgt=-0.101/0.405 pstd=0.404 gen=0.1s train=0.4s
[t= 280.0s] greedy ep445 games=  96 dec= 19088 rows= 18255 horizon=0.40 L=0.00098 L/var=0.01 tgt=-0.064/0.393 pstd=0.402 gen=0.1s train=0.4s
[t= 280.7s] greedy ep446 games=  96 dec= 17935 rows= 17143 horizon=0.23 L=0.00060 L/var=0.00 tgt=-0.055/0.384 pstd=0.399 gen=0.1s train=0.4s
[t= 281.3s] greedy ep447 games=  96 dec= 18969 rows= 18232 horizon=0.34 L=0.00045 L/var=0.00 tgt=-0.063/0.388 pstd=0.402 gen=0.1s train=0.4s
[t= 281.9s] greedy ep448 games=  96 dec= 18478 rows= 17694 horizon=0.31 L=0.00033 L/var=0.00 tgt=-0.084/0.427 pstd=0.402 gen=0.1s train=0.4s
[t= 282.5s] greedy ep449 games=  96 dec= 18176 rows= 17417 horizon=0.23 L=0.00025 L/var=0.00 tgt=-0.068/0.403 pstd=0.403 gen=0.1s train=0.4s
[t= 283.2s] greedy ep450 games=  96 dec= 18842 rows= 18024 horizon=0.31 L=0.00022 L/var=0.00 tgt=-0.065/0.383 pstd=0.403 gen=0.1s train=0.4s
[t= 283.8s] greedy ep451 games=  96 dec= 19895 rows= 19056 horizon=0.33 L=0.00021 L/var=0.00 tgt=-0.068/0.394 pstd=0.401 gen=0.1s train=0.5s
[t= 284.5s] greedy ep452 games=  96 dec= 18915 rows= 18067 horizon=0.25 L=0.00019 L/var=0.00 tgt=-0.064/0.401 pstd=0.402 gen=0.1s train=0.4s
[t= 285.1s] greedy ep453 games=  96 dec= 18594 rows= 17812 horizon=0.24 L=0.00028 L/var=0.00 tgt=-0.067/0.385 pstd=0.405 gen=0.1s train=0.4s
[t= 285.7s] greedy ep454 games=  96 dec= 18927 rows= 18103 horizon=0.32 L=0.00018 L/var=0.00 tgt=-0.055/0.387 pstd=0.402 gen=0.1s train=0.4s
[t= 286.3s] greedy ep455 games=  96 dec= 18000 rows= 17262 horizon=0.26 L=0.00015 L/var=0.00 tgt=-0.077/0.404 pstd=0.402 gen=0.1s train=0.4s
[t= 287.0s] greedy ep456 games=  96 dec= 17803 rows= 17108 horizon=0.28 L=0.00012 L/var=0.00 tgt=-0.057/0.414 pstd=0.403 gen=0.1s train=0.5s
[t= 287.8s] greedy ep457 games=  96 dec= 18553 rows= 17747 horizon=0.33 L=0.00011 L/var=0.00 tgt=-0.065/0.396 pstd=0.403 gen=0.1s train=0.5s
[t= 288.5s] greedy ep458 games=  96 dec= 18567 rows= 17758 horizon=0.25 L=0.00010 L/var=0.00 tgt=-0.078/0.393 pstd=0.403 gen=0.1s train=0.5s
[t= 289.2s] greedy ep459 games=  96 dec= 18622 rows= 17872 horizon=0.31 L=0.00010 L/var=0.00 tgt=-0.073/0.415 pstd=0.403 gen=0.1s train=0.5s
[t= 290.0s] greedy ep460 games=  96 dec= 19053 rows= 18227 horizon=0.34 L=0.00009 L/var=0.00 tgt=-0.092/0.389 pstd=0.402 gen=0.1s train=0.5s
[t= 290.7s] greedy ep461 games=  96 dec= 18376 rows= 17604 horizon=0.31 L=0.00009 L/var=0.00 tgt=-0.085/0.409 pstd=0.403 gen=0.1s train=0.5s
[t= 291.5s] greedy ep462 games=  96 dec= 19140 rows= 18419 horizon=0.31 L=0.00008 L/var=0.00 tgt=-0.079/0.397 pstd=0.403 gen=0.1s train=0.5s
[t= 292.2s] greedy ep463 games=  96 dec= 18631 rows= 17920 horizon=0.28 L=0.00008 L/var=0.00 tgt=-0.058/0.410 pstd=0.403 gen=0.1s train=0.5s
[t= 293.0s] greedy ep464 games=  96 dec= 19401 rows= 18612 horizon=0.35 L=0.00008 L/var=0.00 tgt=-0.086/0.394 pstd=0.404 gen=0.1s train=0.5s
[t= 293.8s] greedy ep465 games=  96 dec= 18238 rows= 17540 horizon=0.29 L=0.00010 L/var=0.00 tgt=-0.071/0.400 pstd=0.401 gen=0.1s train=0.5s
[t= 294.5s] greedy ep466 games=  96 dec= 17972 rows= 17205 horizon=0.30 L=0.00012 L/var=0.00 tgt=-0.098/0.407 pstd=0.403 gen=0.1s train=0.5s
[t= 295.3s] greedy ep467 games=  96 dec= 19028 rows= 18220 horizon=0.30 L=0.00008 L/var=0.00 tgt=-0.068/0.382 pstd=0.403 gen=0.1s train=0.5s
[t= 296.0s] greedy ep468 games=  96 dec= 18757 rows= 17931 horizon=0.27 L=0.00007 L/var=0.00 tgt=-0.048/0.383 pstd=0.403 gen=0.1s train=0.5s
[t= 296.8s] greedy ep469 games=  96 dec= 17921 rows= 17138 horizon=0.20 L=0.00007 L/var=0.00 tgt=-0.078/0.415 pstd=0.403 gen=0.1s train=0.5s
[t= 297.6s] greedy ep470 games=  96 dec= 19042 rows= 18251 horizon=0.31 L=0.00007 L/var=0.00 tgt=-0.088/0.397 pstd=0.404 gen=0.1s train=0.5s
[t= 298.3s] greedy ep471 games=  96 dec= 19132 rows= 18298 horizon=0.35 L=0.00008 L/var=0.00 tgt=-0.078/0.418 pstd=0.402 gen=0.1s train=0.5s
[t= 299.0s] greedy ep472 games=  96 dec= 17941 rows= 17201 horizon=0.28 L=0.00007 L/var=0.00 tgt=-0.060/0.400 pstd=0.403 gen=0.1s train=0.5s
[t= 299.8s] greedy ep473 games=  96 dec= 18741 rows= 17850 horizon=0.29 L=0.00007 L/var=0.00 tgt=-0.064/0.383 pstd=0.403 gen=0.1s train=0.5s
[t= 300.5s] greedy ep474 games=  96 dec= 18796 rows= 17954 horizon=0.25 L=0.00008 L/var=0.00 tgt=-0.078/0.389 pstd=0.403 gen=0.1s train=0.5s
[t= 300.5s] --- snapshot snap_00.pt (init) ---
[t= 300.6s] --- switching to ReBeL ---
[t= 310.8s] rebel stream solves=12288 raw=1197/s balanced=1197/s debt=0 rows steps=48 horizon=0.00 games=0 over=0 card=0 drop=0 L=0.00607 L/var=0.86 tgt=-0.029/0.084 cfg/b=40515 prep=0.30s gpu=0.00s conv=0.01s add=0.42s train=1.75s
[t= 320.9s] rebel stream solves=18432 raw=909/s balanced=909/s debt=0 rows steps=72 horizon=0.00 games=0 over=0 card=0 drop=0 L=0.00137 L/var=1.47 tgt=-0.032/0.031 cfg/b=28329 prep=0.12s gpu=0.00s conv=0.00s add=0.16s train=0.72s
[t= 330.9s] rebel stream solves=24576 raw=811/s balanced=811/s debt=0 rows steps=96 horizon=0.00 games=0 over=0 card=0 drop=0 L=0.00087 L/var=0.63 tgt=-0.033/0.037 cfg/b=21226 prep=0.14s gpu=0.00s conv=0.00s add=0.08s train=0.79s
[t= 340.3s] --- lr -> 5.00e-04 ---
[t= 340.9s] rebel stream solves=31744 raw=787/s balanced=787/s debt=0 rows steps=124 horizon=0.00 games=6 over=0 card=0 drop=0 L=0.00091 L/var=0.41 tgt=-0.030/0.047 cfg/b=16036 prep=0.15s gpu=0.00s conv=0.00s add=0.07s train=0.88s
[t= 351.2s] rebel stream solves=40960 raw=809/s balanced=809/s debt=0 rows steps=160 horizon=0.00 games=29 over=0 card=0 drop=0 L=0.00152 L/var=0.32 tgt=-0.026/0.069 cfg/b=13018 prep=0.19s gpu=0.00s conv=0.00s add=0.08s train=1.10s
[t= 361.2s] rebel stream solves=51200 raw=844/s balanced=844/s debt=0 rows steps=200 horizon=0.00 games=94 over=0 card=0 drop=0 L=0.00325 L/var=0.30 tgt=-0.023/0.104 cfg/b=11228 prep=0.23s gpu=0.00s conv=0.01s add=0.09s train=1.24s
[t= 371.3s] rebel stream solves=63488 raw=898/s balanced=898/s debt=0 rows steps=248 horizon=0.00 games=257 over=0 card=0 drop=0 L=0.00675 L/var=0.43 tgt=-0.021/0.125 cfg/b=11547 prep=0.23s gpu=0.00s conv=0.00s add=0.15s train=1.43s
[t= 381.0s] --- lr -> 2.50e-04 ---
[t= 381.4s] rebel stream solves=73728 raw=912/s balanced=912/s debt=0 rows steps=288 horizon=0.00 games=263 over=0 card=0 drop=0 L=0.01046 L/var=0.62 tgt=-0.025/0.130 cfg/b=13311 prep=0.21s gpu=0.00s conv=0.00s add=0.19s train=1.23s
[t= 391.4s] rebel stream solves=80896 raw=890/s balanced=890/s debt=0 rows steps=316 horizon=0.00 games=114 over=0 card=0 drop=0 L=0.00895 L/var=0.82 tgt=-0.012/0.104 cfg/b=14932 prep=0.18s gpu=0.00s conv=0.00s add=0.15s train=0.91s
[t= 400.2s] --- stopping GPU admission; draining ---
[t= 401.5s] rebel stream solves=88064 raw=873/s balanced=873/s debt=0 rows steps=344 horizon=0.00 games=94 over=0 card=0 drop=0 L=0.00898 L/var=0.66 tgt=-0.014/0.116 cfg/b=15327 prep=0.15s gpu=0.00s conv=0.00s add=0.14s train=0.87s
[t= 411.5s] rebel stream solves=89088 raw=803/s balanced=803/s debt=0 rows steps=348 horizon=0.00 games=1 over=0 card=0 drop=0 L=0.00717 L/var=0.42 tgt=-0.025/0.130 cfg/b=15329 prep=0.02s gpu=0.00s conv=0.00s add=0.02s train=0.11s
[t= 421.5s] rebel stream solves=89088 raw=737/s balanced=737/s debt=0 rows steps=348 horizon=0.00 games=0 over=0 card=0 drop=0 L=0.00000 L/var=0.00 tgt=+0.000/0.000 cfg/b=0 prep=0.00s gpu=0.00s conv=0.00s add=0.00s train=0.00s
[t= 422.2s] rebel stream solves=89290 raw=734/s balanced=733/s debt=808 rows steps=348 horizon=0.00 games=0 over=0 card=0 drop=0 L=0.00000 L/var=0.00 tgt=-0.010/0.165 cfg/b=0 prep=0.00s gpu=0.00s conv=0.00s add=0.00s train=0.00s
[gpu-summary] solves=89290 optimizer_rows=356352 debt=808 raw=734.0/s balanced=732.4/s horizon=0.00 games=858 over=0 card=0 exact=0 censored=1152 dropped=0 overrun=2.23s
[t= 422.2s] --- snapshot snap_01.pt (final) ---
[report] runs/sw_32_96/report.html
