[train] runs/gt_v9_cap64 at 1feb485+dirty seed=1 {'minutes': 1.0, 'warm_minutes': 0.2, 'snapshot_every': 1.0, 'ladder_games': 0, 'nodes': 64, 'expand': 1, 'iters': 8, 'config_cap': 64, 'gen_workers': 36, 'gen_solves': 1, 'gpu_inference': False, 'note': 'v9-cpu-config-cap64'}
[train] v9-cpu-config-cap64
[cpu] pinned to 36 physical cores
[train] CUDA stream priority -1
[train] search inference on CPU
[cfg] PUBFEAT=897 CFEAT=15 architecture=gt-cfr nodes=64 expand=1 iters=8 budget=60s warm=12s snapshot_every=1min device=cuda:1 draft=random train_gen_ratio=64.0 recent_mix=0.5/0.2 canonical_views=2 cap=2000000 matmul=high
[t=   1.4s] greedy ep  0 games=  96 dec= 18968 rows= 18118 horizon=0.30 L=1.21879 L/var=8.28 tgt=-0.065/0.384 pstd=0.027 gen=0.1s train=1.1s
[t=   2.2s] greedy ep  1 games=  96 dec= 18844 rows= 18051 horizon=0.33 L=0.22416 L/var=1.29 tgt=-0.083/0.417 pstd=0.102 gen=0.1s train=0.6s
[t=   3.0s] greedy ep  2 games=  96 dec= 18181 rows= 17414 horizon=0.27 L=0.24170 L/var=1.53 tgt=-0.076/0.397 pstd=0.107 gen=0.1s train=0.6s
[t=   3.9s] greedy ep  3 games=  96 dec= 17989 rows= 17120 horizon=0.26 L=0.25510 L/var=1.68 tgt=-0.077/0.389 pstd=0.072 gen=0.1s train=0.7s
[t=   4.8s] greedy ep  4 games=  96 dec= 18823 rows= 18078 horizon=0.29 L=0.22036 L/var=1.43 tgt=-0.064/0.392 pstd=0.071 gen=0.1s train=0.7s
[t=   5.8s] greedy ep  5 games=  96 dec= 18924 rows= 18146 horizon=0.33 L=0.21848 L/var=1.48 tgt=-0.051/0.384 pstd=0.072 gen=0.1s train=0.7s
[t=   6.6s] greedy ep  6 games=  96 dec= 17615 rows= 16921 horizon=0.26 L=0.22362 L/var=1.39 tgt=-0.082/0.402 pstd=0.095 gen=0.1s train=0.7s
[t=   7.5s] greedy ep  7 games=  96 dec= 18608 rows= 17786 horizon=0.36 L=0.21754 L/var=1.25 tgt=-0.092/0.417 pstd=0.113 gen=0.1s train=0.7s
[t=   8.5s] greedy ep  8 games=  96 dec= 19040 rows= 18296 horizon=0.36 L=0.21357 L/var=1.35 tgt=-0.064/0.398 pstd=0.144 gen=0.1s train=0.7s
[t=   9.4s] greedy ep  9 games=  96 dec= 18200 rows= 17459 horizon=0.27 L=0.21192 L/var=1.25 tgt=-0.090/0.411 pstd=0.145 gen=0.1s train=0.7s
[t=  10.2s] greedy ep 10 games=  96 dec= 17927 rows= 17200 horizon=0.24 L=0.19326 L/var=1.18 tgt=-0.082/0.404 pstd=0.369 gen=0.1s train=0.7s
[t=  11.2s] greedy ep 11 games=  96 dec= 17941 rows= 17162 horizon=0.28 L=0.27901 L/var=1.75 tgt=-0.100/0.400 pstd=0.060 gen=0.1s train=0.7s
[t=  12.0s] greedy ep 12 games=  96 dec= 17384 rows= 16648 horizon=0.25 L=0.22516 L/var=1.65 tgt=-0.053/0.370 pstd=0.090 gen=0.1s train=0.7s
[t=  12.0s] --- snapshot snap_00.pt (init) ---
[t=  12.0s] --- switching to GT-CFR ---
[t=  22.1s] GT-CFR solves=3952 rate=393.6/s rows=4 games=0 caps=614 L=0.00173 L/var=0.61 tgt=-0.000/0.053 gen=0.04s train=0.03s gpu=0.00s
[t=  27.9s] --- lr -> 5.00e-04 ---
[t=  32.1s] GT-CFR solves=7390 rate=368.7/s rows=3 games=0 caps=631 L=0.00091 L/var=0.95 tgt=-0.002/0.031 gen=0.06s train=0.04s gpu=0.00s
[t=  42.1s] GT-CFR solves=10912 rate=363.2/s rows=4 games=0 caps=1083 L=0.00087 L/var=0.26 tgt=+0.018/0.058 gen=0.04s train=0.03s gpu=0.00s
[t=  44.2s] --- lr -> 2.50e-04 ---
[t=  52.1s] GT-CFR solves=14640 rate=365.3/s rows=7 games=0 caps=1129 L=0.00071 L/var=2.21 tgt=+0.022/0.018 gen=0.05s train=0.04s gpu=0.00s
[GT-CFR-summary] solves=17296 optimizer_rows=1106944 rate=359.2/s horizon=0.95 games=57 caps=1454
[t=  60.2s] --- snapshot snap_01.pt (final) ---
