[train] runs/oddperf3 at a9b3044+dirty seed=1 {'minutes': 9.0, 'warm_minutes': 3.0, 'ladder_games': 0, 'note': 'throughput after halving the mean GEMM'}
[train] throughput after halving the mean GEMM
[cpu] pinned to 36 physical cores
[train] CUDA stream priority -1
[gpu] solve services up on [0, 1]
[cfg] PUBFEAT=897 CFEAT=16 hidden=384 head=384 dg=64 rank=64 depth=2 iters=64 budget=540s warm=180s snapshot_every=6min device=cuda:1 draft=random train_gen_ratio=4.0 recent_mix=0.5/0.2 augment=True cap=2000000 matmul=high
[t=   2.6s] greedy ep  0 games=  96 dec= 18968 rows= 18118 horizon=0.30 L=0.20599 L/var=0.89 tgt=-0.023/0.482 pstd=0.441 gen=0.1s train=2.3s
[t=   4.6s] greedy ep  1 games=  96 dec= 18844 rows= 18051 horizon=0.33 L=0.04780 L/var=0.20 tgt=-0.058/0.494 pstd=0.477 gen=0.1s train=1.8s
[t=   6.6s] greedy ep  2 games=  96 dec= 18181 rows= 17414 horizon=0.27 L=0.03537 L/var=0.14 tgt=-0.025/0.512 pstd=0.489 gen=0.1s train=1.8s
[t=   8.6s] greedy ep  3 games=  96 dec= 17989 rows= 17120 horizon=0.26 L=0.03103 L/var=0.13 tgt=-0.029/0.495 pstd=0.479 gen=0.1s train=1.8s
[t=  10.7s] greedy ep  4 games=  96 dec= 18823 rows= 18078 horizon=0.29 L=0.02820 L/var=0.13 tgt=-0.022/0.471 pstd=0.479 gen=0.1s train=1.9s
[t=  12.7s] greedy ep  5 games=  96 dec= 18924 rows= 18146 horizon=0.33 L=0.02678 L/var=0.11 tgt=-0.029/0.496 pstd=0.487 gen=0.1s train=1.9s
[t=  14.7s] greedy ep  6 games=  96 dec= 17615 rows= 16921 horizon=0.26 L=0.02664 L/var=0.10 tgt=-0.041/0.511 pstd=0.495 gen=0.1s train=1.7s
[t=  16.7s] greedy ep  7 games=  96 dec= 18608 rows= 17786 horizon=0.36 L=0.02435 L/var=0.10 tgt=-0.065/0.495 pstd=0.494 gen=0.1s train=1.8s
[t=  18.7s] greedy ep  8 games=  96 dec= 19040 rows= 18296 horizon=0.36 L=0.02307 L/var=0.10 tgt=-0.019/0.484 pstd=0.480 gen=0.1s train=1.8s
[t=  20.7s] greedy ep  9 games=  96 dec= 18200 rows= 17459 horizon=0.27 L=0.02451 L/var=0.09 tgt=-0.034/0.513 pstd=0.493 gen=0.1s train=1.8s
[t=  22.7s] greedy ep 10 games=  96 dec= 17927 rows= 17200 horizon=0.24 L=0.02421 L/var=0.09 tgt=-0.036/0.524 pstd=0.482 gen=0.1s train=1.8s
[t=  24.6s] greedy ep 11 games=  96 dec= 17941 rows= 17162 horizon=0.28 L=0.02272 L/var=0.10 tgt=-0.044/0.477 pstd=0.487 gen=0.1s train=1.8s
[t=  26.5s] greedy ep 12 games=  96 dec= 17384 rows= 16648 horizon=0.25 L=0.02160 L/var=0.09 tgt=-0.023/0.503 pstd=0.464 gen=0.1s train=1.7s
[t=  28.5s] greedy ep 13 games=  96 dec= 18153 rows= 17377 horizon=0.28 L=0.02086 L/var=0.08 tgt=-0.027/0.502 pstd=0.514 gen=0.1s train=1.8s
[t=  30.5s] greedy ep 14 games=  96 dec= 18097 rows= 17377 horizon=0.26 L=0.02088 L/var=0.08 tgt=-0.037/0.511 pstd=0.511 gen=0.1s train=1.8s
[t=  32.5s] greedy ep 15 games=  96 dec= 18356 rows= 17581 horizon=0.30 L=0.02110 L/var=0.09 tgt=-0.023/0.496 pstd=0.496 gen=0.1s train=1.8s
[t=  34.7s] greedy ep 16 games=  96 dec= 19141 rows= 18328 horizon=0.32 L=0.01969 L/var=0.09 tgt=+0.010/0.479 pstd=0.468 gen=0.1s train=1.9s
[t=  36.8s] greedy ep 17 games=  96 dec= 18885 rows= 18173 horizon=0.30 L=0.01890 L/var=0.07 tgt=-0.054/0.508 pstd=0.499 gen=0.1s train=1.9s
[t=  38.7s] greedy ep 18 games=  96 dec= 17886 rows= 17103 horizon=0.25 L=0.02045 L/var=0.08 tgt=-0.021/0.507 pstd=0.485 gen=0.1s train=1.8s
[t=  40.6s] greedy ep 19 games=  96 dec= 17738 rows= 16961 horizon=0.23 L=0.02046 L/var=0.07 tgt=-0.065/0.530 pstd=0.471 gen=0.1s train=1.7s
[t=  42.6s] greedy ep 20 games=  96 dec= 17716 rows= 17039 horizon=0.28 L=0.01886 L/var=0.07 tgt=-0.071/0.515 pstd=0.480 gen=0.1s train=1.7s
[t=  44.5s] greedy ep 21 games=  96 dec= 17777 rows= 17032 horizon=0.23 L=0.01977 L/var=0.07 tgt=-0.051/0.520 pstd=0.484 gen=0.1s train=1.7s
[t=  46.5s] greedy ep 22 games=  96 dec= 18472 rows= 17732 horizon=0.33 L=0.01792 L/var=0.08 tgt=-0.019/0.474 pstd=0.491 gen=0.1s train=1.8s
[t=  48.4s] greedy ep 23 games=  96 dec= 18429 rows= 17627 horizon=0.27 L=0.01798 L/var=0.08 tgt=-0.006/0.478 pstd=0.475 gen=0.1s train=1.6s
[t=  50.4s] greedy ep 24 games=  96 dec= 18992 rows= 18327 horizon=0.35 L=0.01844 L/var=0.08 tgt=-0.014/0.487 pstd=0.490 gen=0.1s train=1.8s
[t=  52.4s] greedy ep 25 games=  96 dec= 18039 rows= 17262 horizon=0.23 L=0.01910 L/var=0.07 tgt=-0.025/0.517 pstd=0.489 gen=0.1s train=1.7s
[t=  54.5s] greedy ep 26 games=  96 dec= 19627 rows= 18805 horizon=0.33 L=0.01883 L/var=0.07 tgt=-0.037/0.501 pstd=0.485 gen=0.1s train=1.9s
[t=  56.5s] greedy ep 27 games=  96 dec= 18752 rows= 17930 horizon=0.27 L=0.01884 L/var=0.08 tgt=-0.031/0.485 pstd=0.487 gen=0.1s train=1.8s
[t=  58.6s] greedy ep 28 games=  96 dec= 19116 rows= 18327 horizon=0.31 L=0.01894 L/var=0.08 tgt=-0.035/0.484 pstd=0.475 gen=0.1s train=1.9s
[t=  60.6s] greedy ep 29 games=  96 dec= 18708 rows= 17952 horizon=0.27 L=0.01930 L/var=0.08 tgt=-0.051/0.503 pstd=0.501 gen=0.1s train=1.8s
[t=  62.7s] greedy ep 30 games=  96 dec= 19066 rows= 18248 horizon=0.31 L=0.01914 L/var=0.08 tgt=-0.032/0.479 pstd=0.488 gen=0.1s train=1.8s
[t=  64.6s] greedy ep 31 games=  96 dec= 18369 rows= 17570 horizon=0.26 L=0.01853 L/var=0.07 tgt=-0.041/0.509 pstd=0.489 gen=0.1s train=1.7s
[t=  66.7s] greedy ep 32 games=  96 dec= 18567 rows= 17800 horizon=0.30 L=0.01816 L/var=0.08 tgt=+0.001/0.480 pstd=0.489 gen=0.1s train=1.8s
[t=  68.7s] greedy ep 33 games=  96 dec= 18636 rows= 17813 horizon=0.31 L=0.01727 L/var=0.07 tgt=-0.002/0.514 pstd=0.461 gen=0.1s train=1.8s
[t=  70.8s] greedy ep 34 games=  96 dec= 18664 rows= 17825 horizon=0.29 L=0.01802 L/var=0.08 tgt=+0.020/0.463 pstd=0.476 gen=0.1s train=1.9s
[t=  72.7s] greedy ep 35 games=  96 dec= 17787 rows= 17046 horizon=0.22 L=0.01847 L/var=0.06 tgt=-0.039/0.539 pstd=0.487 gen=0.1s train=1.8s
[t=  74.8s] greedy ep 36 games=  96 dec= 19279 rows= 18442 horizon=0.33 L=0.01866 L/var=0.08 tgt=-0.046/0.480 pstd=0.488 gen=0.1s train=1.9s
[t=  76.8s] greedy ep 37 games=  96 dec= 18316 rows= 17468 horizon=0.32 L=0.01853 L/var=0.07 tgt=-0.034/0.532 pstd=0.492 gen=0.1s train=1.7s
[t=  78.8s] greedy ep 38 games=  96 dec= 19158 rows= 18321 horizon=0.32 L=0.01852 L/var=0.08 tgt=-0.020/0.472 pstd=0.480 gen=0.1s train=1.9s
[t=  80.8s] greedy ep 39 games=  96 dec= 18549 rows= 17774 horizon=0.26 L=0.01847 L/var=0.07 tgt=-0.037/0.514 pstd=0.461 gen=0.1s train=1.7s
[t=  82.8s] greedy ep 40 games=  96 dec= 18971 rows= 18211 horizon=0.34 L=0.01779 L/var=0.08 tgt=-0.007/0.461 pstd=0.478 gen=0.1s train=1.8s
[t=  84.9s] greedy ep 41 games=  96 dec= 18692 rows= 17843 horizon=0.28 L=0.01739 L/var=0.07 tgt=-0.044/0.507 pstd=0.477 gen=0.1s train=1.8s
[t=  87.0s] greedy ep 42 games=  96 dec= 19162 rows= 18375 horizon=0.38 L=0.01729 L/var=0.07 tgt=-0.035/0.494 pstd=0.481 gen=0.1s train=1.9s
[t=  89.1s] greedy ep 43 games=  96 dec= 19468 rows= 18602 horizon=0.35 L=0.01837 L/var=0.09 tgt=-0.058/0.456 pstd=0.467 gen=0.1s train=1.9s
[t=  91.1s] greedy ep 44 games=  96 dec= 18443 rows= 17624 horizon=0.28 L=0.01752 L/var=0.08 tgt=-0.009/0.479 pstd=0.499 gen=0.1s train=1.8s
[t=  93.0s] greedy ep 45 games=  96 dec= 17350 rows= 16706 horizon=0.25 L=0.02002 L/var=0.07 tgt=-0.084/0.527 pstd=0.488 gen=0.1s train=1.7s
[t=  94.9s] greedy ep 46 games=  96 dec= 17993 rows= 17239 horizon=0.28 L=0.01996 L/var=0.08 tgt=-0.013/0.495 pstd=0.479 gen=0.1s train=1.7s
[t=  96.9s] greedy ep 47 games=  96 dec= 18984 rows= 18180 horizon=0.29 L=0.01899 L/var=0.09 tgt=-0.024/0.472 pstd=0.499 gen=0.1s train=1.8s
[t=  98.9s] greedy ep 48 games=  96 dec= 18071 rows= 17405 horizon=0.30 L=0.01781 L/var=0.07 tgt=-0.041/0.510 pstd=0.495 gen=0.1s train=1.8s
[t= 101.1s] greedy ep 49 games=  96 dec= 19599 rows= 18844 horizon=0.40 L=0.01754 L/var=0.08 tgt=-0.000/0.457 pstd=0.478 gen=0.1s train=1.9s
[t= 103.1s] greedy ep 50 games=  96 dec= 17856 rows= 17099 horizon=0.25 L=0.01828 L/var=0.06 tgt=-0.060/0.543 pstd=0.485 gen=0.1s train=1.7s
[t= 105.0s] greedy ep 51 games=  96 dec= 17858 rows= 17043 horizon=0.24 L=0.01853 L/var=0.07 tgt=-0.027/0.530 pstd=0.478 gen=0.1s train=1.7s
[t= 107.1s] greedy ep 52 games=  96 dec= 18973 rows= 18262 horizon=0.35 L=0.01872 L/var=0.09 tgt=-0.041/0.460 pstd=0.471 gen=0.1s train=1.8s
[t= 109.0s] greedy ep 53 games=  96 dec= 17565 rows= 16777 horizon=0.19 L=0.01828 L/var=0.07 tgt=-0.031/0.511 pstd=0.469 gen=0.1s train=1.7s
[t= 111.0s] greedy ep 54 games=  96 dec= 17835 rows= 17151 horizon=0.25 L=0.01894 L/var=0.08 tgt=-0.001/0.492 pstd=0.486 gen=0.1s train=1.8s
[t= 112.9s] greedy ep 55 games=  96 dec= 17927 rows= 17096 horizon=0.25 L=0.01806 L/var=0.08 tgt=-0.008/0.470 pstd=0.489 gen=0.1s train=1.7s
[t= 114.9s] greedy ep 56 games=  96 dec= 18561 rows= 17765 horizon=0.28 L=0.01918 L/var=0.08 tgt=-0.036/0.484 pstd=0.473 gen=0.1s train=1.8s
[t= 117.0s] greedy ep 57 games=  96 dec= 18688 rows= 17872 horizon=0.25 L=0.01940 L/var=0.07 tgt=-0.014/0.515 pstd=0.483 gen=0.1s train=1.8s
[t= 119.1s] greedy ep 58 games=  96 dec= 19251 rows= 18414 horizon=0.34 L=0.01885 L/var=0.08 tgt=-0.060/0.493 pstd=0.486 gen=0.1s train=1.9s
[t= 121.2s] greedy ep 59 games=  96 dec= 19596 rows= 18724 horizon=0.36 L=0.01830 L/var=0.09 tgt=-0.050/0.460 pstd=0.471 gen=0.1s train=1.9s
[t= 123.3s] greedy ep 60 games=  96 dec= 18869 rows= 17979 horizon=0.30 L=0.01830 L/var=0.08 tgt=-0.032/0.484 pstd=0.468 gen=0.1s train=1.8s
[t= 125.3s] greedy ep 61 games=  96 dec= 18419 rows= 17673 horizon=0.25 L=0.01729 L/var=0.06 tgt=-0.009/0.517 pstd=0.484 gen=0.1s train=1.8s
[t= 127.4s] greedy ep 62 games=  96 dec= 19032 rows= 18186 horizon=0.32 L=0.01789 L/var=0.07 tgt=-0.036/0.503 pstd=0.489 gen=0.1s train=1.8s
[t= 129.4s] greedy ep 63 games=  96 dec= 19220 rows= 18443 horizon=0.29 L=0.01853 L/var=0.08 tgt=-0.008/0.491 pstd=0.466 gen=0.1s train=1.8s
[t= 131.4s] greedy ep 64 games=  96 dec= 17814 rows= 17050 horizon=0.25 L=0.01830 L/var=0.07 tgt=-0.045/0.519 pstd=0.473 gen=0.1s train=1.7s
[t= 133.4s] greedy ep 65 games=  96 dec= 18244 rows= 17509 horizon=0.28 L=0.01822 L/var=0.07 tgt=-0.026/0.503 pstd=0.484 gen=0.1s train=1.8s
[t= 135.4s] greedy ep 66 games=  96 dec= 18182 rows= 17491 horizon=0.29 L=0.01816 L/var=0.07 tgt=-0.037/0.498 pstd=0.475 gen=0.1s train=1.8s
[t= 137.4s] greedy ep 67 games=  96 dec= 18981 rows= 18182 horizon=0.35 L=0.01846 L/var=0.07 tgt=-0.023/0.511 pstd=0.469 gen=0.1s train=1.8s
[t= 139.4s] greedy ep 68 games=  96 dec= 18200 rows= 17313 horizon=0.25 L=0.01932 L/var=0.08 tgt=-0.016/0.502 pstd=0.486 gen=0.1s train=1.7s
[t= 141.4s] greedy ep 69 games=  96 dec= 18393 rows= 17591 horizon=0.28 L=0.01796 L/var=0.07 tgt=-0.053/0.510 pstd=0.482 gen=0.1s train=1.8s
[t= 143.4s] greedy ep 70 games=  96 dec= 18464 rows= 17707 horizon=0.33 L=0.01806 L/var=0.08 tgt=-0.039/0.486 pstd=0.488 gen=0.1s train=1.8s
[t= 145.4s] greedy ep 71 games=  96 dec= 18120 rows= 17396 horizon=0.26 L=0.01912 L/var=0.07 tgt=-0.031/0.525 pstd=0.485 gen=0.1s train=1.7s
[t= 147.5s] greedy ep 72 games=  96 dec= 19113 rows= 18368 horizon=0.34 L=0.01777 L/var=0.07 tgt=-0.075/0.504 pstd=0.489 gen=0.1s train=1.9s
[t= 149.5s] greedy ep 73 games=  96 dec= 17603 rows= 16838 horizon=0.20 L=0.01928 L/var=0.07 tgt=-0.037/0.525 pstd=0.503 gen=0.1s train=1.7s
[t= 151.5s] greedy ep 74 games=  96 dec= 18477 rows= 17679 horizon=0.27 L=0.01901 L/var=0.07 tgt=-0.065/0.534 pstd=0.486 gen=0.1s train=1.8s
[t= 153.7s] greedy ep 75 games=  96 dec= 19740 rows= 18936 horizon=0.40 L=0.01776 L/var=0.08 tgt=+0.013/0.468 pstd=0.497 gen=0.1s train=1.9s
[t= 155.7s] greedy ep 76 games=  96 dec= 18307 rows= 17464 horizon=0.20 L=0.01966 L/var=0.08 tgt=-0.020/0.496 pstd=0.494 gen=0.1s train=1.8s
[t= 157.7s] greedy ep 77 games=  96 dec= 18119 rows= 17313 horizon=0.25 L=0.01987 L/var=0.08 tgt=-0.031/0.501 pstd=0.486 gen=0.1s train=1.8s
[t= 159.7s] greedy ep 78 games=  96 dec= 18056 rows= 17283 horizon=0.26 L=0.01868 L/var=0.07 tgt=-0.041/0.514 pstd=0.472 gen=0.1s train=1.8s
[t= 161.7s] greedy ep 79 games=  96 dec= 18309 rows= 17527 horizon=0.28 L=0.01803 L/var=0.07 tgt=-0.007/0.493 pstd=0.486 gen=0.1s train=1.8s
[t= 163.7s] greedy ep 80 games=  96 dec= 18361 rows= 17605 horizon=0.29 L=0.01842 L/var=0.07 tgt=-0.024/0.508 pstd=0.479 gen=0.1s train=1.8s
[t= 165.6s] greedy ep 81 games=  96 dec= 17527 rows= 16734 horizon=0.25 L=0.01918 L/var=0.07 tgt=-0.020/0.532 pstd=0.468 gen=0.1s train=1.7s
[t= 167.5s] greedy ep 82 games=  96 dec= 17529 rows= 16756 horizon=0.23 L=0.01882 L/var=0.07 tgt=-0.028/0.509 pstd=0.480 gen=0.1s train=1.7s
[t= 169.3s] greedy ep 83 games=  96 dec= 16779 rows= 15994 horizon=0.18 L=0.01936 L/var=0.07 tgt=-0.021/0.539 pstd=0.477 gen=0.1s train=1.6s
[t= 171.4s] greedy ep 84 games=  96 dec= 19106 rows= 18300 horizon=0.35 L=0.01950 L/var=0.08 tgt=-0.045/0.483 pstd=0.467 gen=0.1s train=1.8s
[t= 173.5s] greedy ep 85 games=  96 dec= 18736 rows= 17960 horizon=0.29 L=0.01845 L/var=0.07 tgt=-0.044/0.501 pstd=0.479 gen=0.1s train=1.9s
[t= 175.5s] greedy ep 86 games=  96 dec= 18107 rows= 17332 horizon=0.26 L=0.01908 L/var=0.08 tgt=-0.020/0.485 pstd=0.471 gen=0.1s train=1.8s
[t= 177.4s] greedy ep 87 games=  96 dec= 17330 rows= 16586 horizon=0.24 L=0.01868 L/var=0.07 tgt=-0.048/0.503 pstd=0.474 gen=0.1s train=1.6s
[t= 179.4s] greedy ep 88 games=  96 dec= 18635 rows= 17758 horizon=0.27 L=0.01884 L/var=0.07 tgt=-0.026/0.514 pstd=0.478 gen=0.1s train=1.8s
[t= 181.3s] greedy ep 89 games=  96 dec= 17378 rows= 16633 horizon=0.24 L=0.01910 L/var=0.07 tgt=-0.051/0.525 pstd=0.480 gen=0.1s train=1.7s
[t= 181.3s] --- snapshot snap_00.pt (init) ---
[t= 181.3s] --- switching to ReBeL ---
[t= 191.3s] rebel stream solves=15360 raw=1536/s balanced=1536/s debt=0 rows steps=60 horizon=0.00 games=0 over=0 card=0 drop=0 L=0.03423 L/var=0.70 tgt=-0.013/0.221 cfg/b=42605 prep=0.28s gpu=0.00s conv=0.01s add=0.54s train=1.85s
[t= 201.3s] rebel stream solves=38912 raw=1945/s balanced=1945/s debt=0 rows steps=152 horizon=0.00 games=0 over=0 card=0 drop=0 L=0.00693 L/var=0.18 tgt=-0.019/0.198 cfg/b=63166 prep=0.41s gpu=0.00s conv=0.05s add=1.28s train=2.79s
[t= 211.3s] rebel stream solves=50176 raw=1671/s balanced=1671/s debt=0 rows steps=196 horizon=0.00 games=0 over=0 card=0 drop=0 L=0.00419 L/var=0.10 tgt=-0.005/0.205 cfg/b=33668 prep=0.20s gpu=0.00s conv=0.01s add=0.34s train=1.29s
[t= 221.4s] rebel stream solves=58368 raw=1458/s balanced=1458/s debt=0 rows steps=228 horizon=0.00 games=0 over=0 card=0 drop=0 L=0.00358 L/var=0.08 tgt=-0.024/0.209 cfg/b=40618 prep=0.17s gpu=0.00s conv=0.01s add=0.42s train=0.95s
[t= 231.4s] rebel stream solves=68608 raw=1371/s balanced=1371/s debt=0 rows steps=268 horizon=0.00 games=0 over=0 card=0 drop=0 L=0.00327 L/var=0.08 tgt=-0.027/0.208 cfg/b=47102 prep=0.20s gpu=0.00s conv=0.02s add=0.50s train=1.24s
[t= 241.4s] rebel stream solves=76800 raw=1278/s balanced=1278/s debt=0 rows steps=300 horizon=0.00 games=0 over=0 card=0 drop=0 L=0.00304 L/var=0.07 tgt=-0.020/0.207 cfg/b=40062 prep=0.17s gpu=0.00s conv=0.01s add=0.28s train=1.03s
[t= 251.5s] rebel stream solves=83968 raw=1197/s balanced=1197/s debt=0 rows steps=328 horizon=0.00 games=0 over=0 card=0 drop=0 L=0.00295 L/var=0.07 tgt=-0.014/0.207 cfg/b=32994 prep=0.17s gpu=0.00s conv=0.00s add=0.18s train=0.95s
[t= 261.5s] rebel stream solves=89088 raw=1112/s balanced=1112/s debt=0 rows steps=348 horizon=0.00 games=0 over=0 card=0 drop=0 L=0.00277 L/var=0.06 tgt=-0.008/0.207 cfg/b=31728 prep=0.12s gpu=0.00s conv=0.00s add=0.10s train=0.62s
[t= 271.5s] rebel stream solves=94208 raw=1044/s balanced=1044/s debt=0 rows steps=368 horizon=0.00 games=1 over=0 card=0 drop=0 L=0.00266 L/var=0.06 tgt=-0.005/0.209 cfg/b=30708 prep=0.15s gpu=0.00s conv=0.00s add=0.15s train=0.70s
[t= 281.5s] rebel stream solves=99328 raw=991/s balanced=991/s debt=0 rows steps=388 horizon=0.00 games=1 over=0 card=0 drop=0 L=0.00261 L/var=0.06 tgt=-0.003/0.211 cfg/b=30304 prep=0.14s gpu=0.00s conv=0.00s add=0.12s train=0.65s
[t= 291.6s] rebel stream solves=104448 raw=947/s balanced=947/s debt=0 rows steps=408 horizon=0.00 games=0 over=0 card=0 drop=0 L=0.00250 L/var=0.06 tgt=-0.002/0.207 cfg/b=29959 prep=0.13s gpu=0.00s conv=0.00s add=0.15s train=0.68s
[t= 300.1s] --- lr -> 5.00e-04 ---
[t= 301.6s] rebel stream solves=109568 raw=911/s balanced=911/s debt=0 rows steps=428 horizon=0.00 games=1 over=0 card=0 drop=0 L=0.00247 L/var=0.06 tgt=+0.005/0.209 cfg/b=29204 prep=0.11s gpu=0.00s conv=0.00s add=0.12s train=0.60s
[t= 312.2s] rebel stream solves=114688 raw=876/s balanced=876/s debt=0 rows steps=448 horizon=0.00 games=1 over=0 card=0 drop=0 L=0.00244 L/var=0.06 tgt=-0.003/0.209 cfg/b=27986 prep=0.20s gpu=0.00s conv=0.00s add=0.11s train=0.74s
[t= 322.2s] rebel stream solves=119808 raw=850/s balanced=850/s debt=0 rows steps=468 horizon=0.00 games=4 over=0 card=0 drop=0 L=0.00245 L/var=0.06 tgt=+0.005/0.205 cfg/b=27642 prep=0.13s gpu=0.00s conv=0.00s add=0.10s train=0.65s
[t= 332.2s] rebel stream solves=123904 raw=821/s balanced=821/s debt=0 rows steps=484 horizon=0.00 games=3 over=0 card=0 drop=0 L=0.00258 L/var=0.06 tgt=+0.011/0.211 cfg/b=26920 prep=0.10s gpu=0.00s conv=0.00s add=0.09s train=0.50s
[t= 342.2s] rebel stream solves=128000 raw=795/s balanced=795/s debt=0 rows steps=500 horizon=0.00 games=3 over=0 card=0 drop=0 L=0.00255 L/var=0.06 tgt=+0.001/0.213 cfg/b=26462 prep=0.07s gpu=0.00s conv=0.00s add=0.10s train=0.47s
[t= 352.2s] rebel stream solves=132096 raw=773/s balanced=773/s debt=0 rows steps=516 horizon=0.00 games=5 over=0 card=0 drop=0 L=0.00252 L/var=0.06 tgt=+0.004/0.213 cfg/b=25795 prep=0.10s gpu=0.00s conv=0.00s add=0.08s train=0.51s
[t= 362.3s] rebel stream solves=136192 raw=753/s balanced=753/s debt=0 rows steps=532 horizon=0.00 games=7 over=0 card=0 drop=0 L=0.00254 L/var=0.05 tgt=+0.005/0.215 cfg/b=25126 prep=0.14s gpu=0.00s conv=0.00s add=0.08s train=0.55s
[t= 372.3s] rebel stream solves=141312 raw=740/s balanced=740/s debt=0 rows steps=552 horizon=0.00 games=13 over=0 card=0 drop=0 L=0.00271 L/var=0.06 tgt=+0.014/0.214 cfg/b=24804 prep=0.15s gpu=0.00s conv=0.00s add=0.10s train=0.68s
[t= 382.3s] rebel stream solves=145408 raw=723/s balanced=723/s debt=0 rows steps=568 horizon=0.00 games=15 over=0 card=0 drop=0 L=0.00310 L/var=0.07 tgt=+0.011/0.217 cfg/b=24190 prep=0.09s gpu=0.00s conv=0.00s add=0.07s train=0.51s
[t= 392.4s] rebel stream solves=149504 raw=708/s balanced=708/s debt=0 rows steps=584 horizon=0.00 games=17 over=0 card=0 drop=0 L=0.00287 L/var=0.06 tgt=+0.014/0.225 cfg/b=24044 prep=0.08s gpu=0.00s conv=0.00s add=0.08s train=0.47s
[t= 402.4s] rebel stream solves=154624 raw=699/s balanced=699/s debt=0 rows steps=604 horizon=0.00 games=24 over=0 card=0 drop=0 L=0.00304 L/var=0.06 tgt=+0.019/0.221 cfg/b=23482 prep=0.11s gpu=0.00s conv=0.00s add=0.07s train=0.57s
[t= 412.5s] rebel stream solves=159744 raw=691/s balanced=691/s debt=0 rows steps=624 horizon=0.00 games=22 over=0 card=0 drop=0 L=0.00358 L/var=0.07 tgt=+0.018/0.219 cfg/b=22552 prep=0.20s gpu=0.00s conv=0.00s add=0.11s train=0.73s
[t= 422.5s] rebel stream solves=164864 raw=684/s balanced=684/s debt=0 rows steps=644 horizon=0.00 games=25 over=0 card=0 drop=0 L=0.00366 L/var=0.07 tgt=+0.018/0.223 cfg/b=22120 prep=0.13s gpu=0.00s conv=0.00s add=0.10s train=0.68s
[t= 422.6s] --- lr -> 2.50e-04 ---
[t= 432.5s] rebel stream solves=169984 raw=677/s balanced=677/s debt=0 rows steps=664 horizon=0.00 games=38 over=0 card=0 drop=0 L=0.00393 L/var=0.08 tgt=+0.016/0.220 cfg/b=21781 prep=0.16s gpu=0.00s conv=0.00s add=0.10s train=0.71s
[t= 442.5s] rebel stream solves=175104 raw=670/s balanced=670/s debt=0 rows steps=684 horizon=0.00 games=40 over=0 card=0 drop=0 L=0.00392 L/var=0.08 tgt=+0.018/0.222 cfg/b=21966 prep=0.14s gpu=0.00s conv=0.00s add=0.09s train=0.65s
[t= 452.6s] rebel stream solves=180224 raw=664/s balanced=664/s debt=0 rows steps=704 horizon=0.00 games=38 over=0 card=0 drop=0 L=0.00403 L/var=0.07 tgt=+0.016/0.232 cfg/b=21530 prep=0.10s gpu=0.00s conv=0.00s add=0.10s train=0.65s
[t= 462.6s] rebel stream solves=186368 raw=663/s balanced=663/s debt=0 rows steps=728 horizon=0.00 games=56 over=0 card=0 drop=0 L=0.00470 L/var=0.09 tgt=+0.021/0.235 cfg/b=20889 prep=0.15s gpu=0.00s conv=0.00s add=0.12s train=0.83s
[t= 472.6s] rebel stream solves=192512 raw=661/s balanced=661/s debt=0 rows steps=752 horizon=0.00 games=59 over=0 card=0 drop=0 L=0.00503 L/var=0.09 tgt=+0.020/0.231 cfg/b=20268 prep=0.13s gpu=0.00s conv=0.00s add=0.10s train=0.73s
[t= 482.6s] rebel stream solves=197632 raw=656/s balanced=656/s debt=0 rows steps=772 horizon=0.00 games=47 over=0 card=0 drop=0 L=0.00483 L/var=0.09 tgt=+0.021/0.233 cfg/b=20268 prep=0.12s gpu=0.00s conv=0.00s add=0.10s train=0.68s
[t= 492.7s] rebel stream solves=204800 raw=658/s balanced=658/s debt=0 rows steps=800 horizon=0.00 games=100 over=0 card=0 drop=0 L=0.00530 L/var=0.09 tgt=+0.021/0.238 cfg/b=20496 prep=0.17s gpu=0.00s conv=0.00s add=0.13s train=0.91s
[t= 502.8s] rebel stream solves=211968 raw=659/s balanced=659/s debt=0 rows steps=828 horizon=0.00 games=79 over=0 card=0 drop=0 L=0.00581 L/var=0.11 tgt=+0.026/0.235 cfg/b=20219 prep=0.15s gpu=0.00s conv=0.00s add=0.15s train=0.91s
[t= 512.8s] rebel stream solves=218112 raw=658/s balanced=658/s debt=0 rows steps=852 horizon=0.00 games=86 over=0 card=0 drop=0 L=0.00612 L/var=0.10 tgt=+0.017/0.243 cfg/b=19978 prep=0.15s gpu=0.00s conv=0.00s add=0.12s train=0.78s
[t= 520.0s] --- stopping GPU admission; draining ---
[t= 522.8s] rebel stream solves=224256 raw=657/s balanced=657/s debt=0 rows steps=876 horizon=0.00 games=82 over=0 card=0 drop=0 L=0.00643 L/var=0.11 tgt=+0.010/0.242 cfg/b=19981 prep=0.16s gpu=0.00s conv=0.00s add=0.15s train=0.82s
[t= 532.8s] rebel stream solves=224256 raw=638/s balanced=638/s debt=0 rows steps=876 horizon=0.00 games=0 over=0 card=0 drop=0 L=0.00000 L/var=0.00 tgt=+0.000/0.000 cfg/b=0 prep=0.00s gpu=0.00s conv=0.00s add=0.00s train=0.00s
[t= 541.3s] --- snapshot snap_01.pt (s1) ---
[t= 542.9s] rebel stream solves=224256 raw=620/s balanced=620/s debt=0 rows steps=876 horizon=0.00 games=0 over=0 card=0 drop=0 L=0.00000 L/var=0.00 tgt=+0.000/0.000 cfg/b=0 prep=0.00s gpu=0.00s conv=0.00s add=0.00s train=0.00s
[t= 551.0s] rebel stream solves=224801 raw=608/s balanced=608/s debt=132 rows steps=878 horizon=0.00 games=6 over=0 card=0 drop=0 L=0.00680 L/var=0.12 tgt=+0.013/0.237 cfg/b=19624 prep=0.01s gpu=0.00s conv=0.00s add=0.01s train=0.06s
[gpu-summary] solves=224801 optimizer_rows=899072 debt=132 raw=608.1/s balanced=608.0/s horizon=0.00 games=773 over=0 card=0 exact=0 censored=4608 dropped=0 overrun=11.01s
Traceback (most recent call last):
  File "/workspace/warchest-engine/train/train.py", line 952, in <module>
    main()
  File "/workspace/warchest-engine/train/train.py", line 947, in main
    ladder.run([args.out], games=args.ladder_games, gpu=True)
  File "/workspace/warchest-engine/train/ladder.py", line 142, in run
    raise ValueError("games must be a positive even count")
ValueError: games must be a positive even count
