[train] runs/gt_nodes64 at 1feb485+dirty seed=1 {'minutes': 2.0, 'warm_minutes': 0.5, 'snapshot_every': 1.0, 'ladder_games': 0, 'nodes': 64, 'note': 'v6-hybrid-64-node-budget'}
[train] v6-hybrid-64-node-budget
[cpu] pinned to 36 physical cores
[train] CUDA stream priority -1
[train] search inference on cuda:0
[cfg] PUBFEAT=897 CFEAT=15 architecture=gt-cfr nodes=64 expand=4 iters=16 budget=120s warm=30s snapshot_every=1min device=cuda:1 draft=random train_gen_ratio=64.0 recent_mix=0.5/0.2 canonical_views=2 cap=2000000 matmul=high
[t=   1.6s] greedy ep  0 games=  96 dec= 18968 rows= 18118 horizon=0.30 L=1.25648 L/var=8.53 tgt=-0.065/0.384 pstd=0.032 gen=0.1s train=1.3s
[t=   2.6s] greedy ep  1 games=  96 dec= 18844 rows= 18051 horizon=0.33 L=0.26854 L/var=1.55 tgt=-0.083/0.417 pstd=0.099 gen=0.1s train=0.9s
[t=   3.7s] greedy ep  2 games=  96 dec= 18181 rows= 17414 horizon=0.27 L=0.23753 L/var=1.50 tgt=-0.076/0.397 pstd=0.091 gen=0.1s train=0.8s
[t=   4.7s] greedy ep  3 games=  96 dec= 17989 rows= 17120 horizon=0.26 L=0.22119 L/var=1.46 tgt=-0.077/0.389 pstd=0.084 gen=0.1s train=0.8s
[t=   5.8s] greedy ep  4 games=  96 dec= 18823 rows= 18078 horizon=0.29 L=0.21247 L/var=1.38 tgt=-0.064/0.392 pstd=0.090 gen=0.1s train=0.9s
[t=   6.9s] greedy ep  5 games=  96 dec= 18924 rows= 18146 horizon=0.33 L=0.21222 L/var=1.44 tgt=-0.051/0.384 pstd=0.093 gen=0.1s train=0.9s
[t=   7.9s] greedy ep  6 games=  96 dec= 17615 rows= 16921 horizon=0.26 L=0.21989 L/var=1.36 tgt=-0.082/0.402 pstd=0.113 gen=0.1s train=0.8s
[t=   9.0s] greedy ep  7 games=  96 dec= 18608 rows= 17786 horizon=0.36 L=0.21458 L/var=1.24 tgt=-0.092/0.417 pstd=0.146 gen=0.1s train=0.8s
[t=  10.0s] greedy ep  8 games=  96 dec= 19040 rows= 18296 horizon=0.36 L=0.22049 L/var=1.39 tgt=-0.064/0.398 pstd=0.130 gen=0.1s train=0.9s
[t=  11.1s] greedy ep  9 games=  96 dec= 18200 rows= 17459 horizon=0.27 L=0.23247 L/var=1.37 tgt=-0.090/0.411 pstd=0.113 gen=0.1s train=0.8s
[t=  12.1s] greedy ep 10 games=  96 dec= 17927 rows= 17200 horizon=0.24 L=0.21480 L/var=1.32 tgt=-0.082/0.404 pstd=0.157 gen=0.1s train=0.8s
[t=  13.2s] greedy ep 11 games=  96 dec= 17941 rows= 17162 horizon=0.28 L=0.20571 L/var=1.29 tgt=-0.100/0.400 pstd=0.152 gen=0.1s train=0.8s
[t=  14.2s] greedy ep 12 games=  96 dec= 17384 rows= 16648 horizon=0.25 L=0.20134 L/var=1.47 tgt=-0.053/0.370 pstd=0.134 gen=0.1s train=0.8s
[t=  15.2s] greedy ep 13 games=  96 dec= 18153 rows= 17377 horizon=0.28 L=0.21326 L/var=1.34 tgt=-0.090/0.400 pstd=0.181 gen=0.1s train=0.8s
[t=  16.2s] greedy ep 14 games=  96 dec= 18097 rows= 17377 horizon=0.26 L=0.20165 L/var=1.34 tgt=-0.061/0.388 pstd=0.146 gen=0.1s train=0.8s
[t=  17.3s] greedy ep 15 games=  96 dec= 18356 rows= 17581 horizon=0.30 L=0.26508 L/var=1.60 tgt=-0.075/0.407 pstd=0.169 gen=0.1s train=0.8s
[t=  18.4s] greedy ep 16 games=  96 dec= 19141 rows= 18328 horizon=0.32 L=0.24660 L/var=1.54 tgt=-0.060/0.400 pstd=0.111 gen=0.1s train=0.9s
[t=  19.5s] greedy ep 17 games=  96 dec= 18885 rows= 18173 horizon=0.30 L=0.21114 L/var=1.26 tgt=-0.075/0.410 pstd=0.195 gen=0.1s train=0.9s
[t=  20.5s] greedy ep 18 games=  96 dec= 17886 rows= 17103 horizon=0.25 L=0.23142 L/var=1.55 tgt=-0.064/0.386 pstd=0.081 gen=0.1s train=0.8s
[t=  21.6s] greedy ep 19 games=  96 dec= 17738 rows= 16961 horizon=0.23 L=0.23786 L/var=1.27 tgt=-0.108/0.433 pstd=0.082 gen=0.1s train=0.8s
[t=  22.6s] greedy ep 20 games=  96 dec= 17716 rows= 17039 horizon=0.28 L=0.21326 L/var=1.16 tgt=-0.090/0.429 pstd=0.127 gen=0.1s train=0.8s
[t=  23.7s] greedy ep 21 games=  96 dec= 17777 rows= 17032 horizon=0.23 L=0.19284 L/var=1.20 tgt=-0.097/0.401 pstd=0.225 gen=0.1s train=0.8s
[t=  24.7s] greedy ep 22 games=  96 dec= 18472 rows= 17732 horizon=0.33 L=0.23318 L/var=1.48 tgt=-0.079/0.396 pstd=0.102 gen=0.1s train=0.8s
[t=  25.7s] greedy ep 23 games=  96 dec= 18429 rows= 17627 horizon=0.27 L=0.20659 L/var=1.35 tgt=-0.079/0.391 pstd=0.171 gen=0.1s train=0.8s
[t=  26.8s] greedy ep 24 games=  96 dec= 18992 rows= 18327 horizon=0.35 L=0.20196 L/var=1.19 tgt=-0.080/0.412 pstd=0.156 gen=0.1s train=0.9s
[t=  27.9s] greedy ep 25 games=  96 dec= 18039 rows= 17262 horizon=0.23 L=0.25597 L/var=1.46 tgt=-0.097/0.418 pstd=0.064 gen=0.1s train=0.8s
[t=  29.0s] greedy ep 26 games=  96 dec= 19627 rows= 18805 horizon=0.33 L=0.19752 L/var=1.16 tgt=-0.078/0.412 pstd=0.234 gen=0.1s train=0.9s
[t=  30.1s] greedy ep 27 games=  96 dec= 18752 rows= 17930 horizon=0.27 L=0.15986 L/var=0.99 tgt=-0.057/0.401 pstd=0.258 gen=0.1s train=0.9s
[t=  30.1s] --- snapshot snap_00.pt (init) ---
[t=  30.1s] --- switching to GT-CFR ---
[t=  40.2s] GT-CFR solves=1360 rate=135.1/s rows=25 games=0 caps=222 L=0.00018 L/var=1.56 tgt=-0.008/0.011 gen=0.64s train=0.11s gpu=0.00s
[t=  50.2s] GT-CFR solves=2864 rate=142.2/s rows=26 games=0 caps=841 L=0.00011 L/var=1.62 tgt=-0.007/0.008 gen=0.62s train=0.10s gpu=0.00s
[t=  59.9s] --- lr -> 5.00e-04 ---
[t=  60.3s] GT-CFR solves=4480 rate=148.5/s rows=8 games=0 caps=1254 L=0.00009 L/var=1.44 tgt=+0.006/0.008 gen=0.47s train=0.10s gpu=0.00s
[t=  70.3s] GT-CFR solves=6080 rate=151.2/s rows=29 games=0 caps=1345 L=0.00008 L/var=1.43 tgt=+0.006/0.007 gen=0.75s train=0.09s gpu=0.00s
[t=  80.4s] GT-CFR solves=7648 rate=152.1/s rows=26 games=0 caps=1394 L=0.00008 L/var=0.99 tgt=+0.007/0.009 gen=0.55s train=0.09s gpu=0.00s
[t=  90.2s] --- snapshot snap_01.pt (s1) ---
[t=  90.4s] --- lr -> 2.50e-04 ---
[t=  90.4s] GT-CFR solves=9184 rate=152.2/s rows=46 games=0 caps=1424 L=0.00008 L/var=0.33 tgt=+0.017/0.016 gen=0.55s train=0.11s gpu=0.00s
[t= 100.5s] GT-CFR solves=10672 rate=151.6/s rows=28 games=0 caps=1457 L=0.00010 L/var=0.45 tgt=+0.020/0.015 gen=0.59s train=0.15s gpu=0.00s
[t= 110.6s] GT-CFR solves=12256 rate=152.3/s rows=69 games=0 caps=1476 L=0.00009 L/var=0.45 tgt=+0.017/0.014 gen=1.25s train=0.09s gpu=0.00s
