[train] runs/odd at a9b3044+dirty seed=1 {'minutes': 30.0, 'warm_minutes': 5.0, 'note': 'antisymmetric readout: zero-sum by construction'}
[train] antisymmetric readout: zero-sum by construction
[cpu] pinned to 36 physical cores
[train] CUDA stream priority -1
[gpu] solve services up on [0, 1]
[cfg] PUBFEAT=897 CFEAT=16 hidden=384 head=384 dg=64 rank=64 depth=2 iters=64 budget=1800s warm=300s snapshot_every=6min device=cuda:1 draft=random train_gen_ratio=4.0 recent_mix=0.5/0.2 augment=True cap=2000000 matmul=high
[t=   2.7s] greedy ep  0 games=  96 dec= 18968 rows= 18118 horizon=0.30 L=0.20167 L/var=0.87 tgt=-0.023/0.482 pstd=0.452 gen=0.1s train=2.4s
[t=   4.8s] greedy ep  1 games=  96 dec= 18844 rows= 18051 horizon=0.33 L=0.04677 L/var=0.19 tgt=-0.058/0.494 pstd=0.485 gen=0.1s train=1.9s
[t=   6.8s] greedy ep  2 games=  96 dec= 18181 rows= 17414 horizon=0.27 L=0.03511 L/var=0.13 tgt=-0.025/0.512 pstd=0.488 gen=0.1s train=1.8s
[t=   8.8s] greedy ep  3 games=  96 dec= 17989 rows= 17120 horizon=0.26 L=0.03107 L/var=0.13 tgt=-0.029/0.495 pstd=0.474 gen=0.1s train=1.8s
[t=  10.9s] greedy ep  4 games=  96 dec= 18823 rows= 18078 horizon=0.29 L=0.02860 L/var=0.13 tgt=-0.022/0.471 pstd=0.479 gen=0.1s train=1.9s
[t=  13.0s] greedy ep  5 games=  96 dec= 18924 rows= 18146 horizon=0.33 L=0.02639 L/var=0.11 tgt=-0.029/0.496 pstd=0.493 gen=0.1s train=1.9s
[t=  15.0s] greedy ep  6 games=  96 dec= 17615 rows= 16921 horizon=0.26 L=0.02619 L/var=0.10 tgt=-0.041/0.511 pstd=0.495 gen=0.1s train=1.8s
[t=  17.1s] greedy ep  7 games=  96 dec= 18608 rows= 17786 horizon=0.36 L=0.02462 L/var=0.10 tgt=-0.065/0.495 pstd=0.487 gen=0.1s train=1.9s
[t=  19.2s] greedy ep  8 games=  96 dec= 19040 rows= 18296 horizon=0.36 L=0.02198 L/var=0.09 tgt=-0.019/0.484 pstd=0.492 gen=0.1s train=1.9s
[t=  21.2s] greedy ep  9 games=  96 dec= 18200 rows= 17459 horizon=0.27 L=0.02408 L/var=0.09 tgt=-0.034/0.513 pstd=0.484 gen=0.1s train=1.8s
[t=  23.2s] greedy ep 10 games=  96 dec= 17927 rows= 17200 horizon=0.24 L=0.02335 L/var=0.09 tgt=-0.036/0.524 pstd=0.491 gen=0.1s train=1.8s
[t=  25.3s] greedy ep 11 games=  96 dec= 17941 rows= 17162 horizon=0.28 L=0.02342 L/var=0.10 tgt=-0.044/0.477 pstd=0.497 gen=0.1s train=1.8s
[t=  27.2s] greedy ep 12 games=  96 dec= 17384 rows= 16648 horizon=0.25 L=0.02178 L/var=0.09 tgt=-0.023/0.503 pstd=0.484 gen=0.1s train=1.7s
[t=  29.3s] greedy ep 13 games=  96 dec= 18153 rows= 17377 horizon=0.28 L=0.02181 L/var=0.09 tgt=-0.027/0.502 pstd=0.500 gen=0.1s train=1.8s
[t=  31.3s] greedy ep 14 games=  96 dec= 18097 rows= 17377 horizon=0.26 L=0.02138 L/var=0.08 tgt=-0.037/0.511 pstd=0.492 gen=0.1s train=1.8s
[t=  33.4s] greedy ep 15 games=  96 dec= 18356 rows= 17581 horizon=0.30 L=0.01991 L/var=0.08 tgt=-0.023/0.496 pstd=0.487 gen=0.1s train=1.9s
[t=  35.5s] greedy ep 16 games=  96 dec= 19141 rows= 18328 horizon=0.32 L=0.01885 L/var=0.08 tgt=+0.010/0.479 pstd=0.475 gen=0.1s train=1.9s
[t=  37.7s] greedy ep 17 games=  96 dec= 18885 rows= 18173 horizon=0.30 L=0.01836 L/var=0.07 tgt=-0.054/0.508 pstd=0.493 gen=0.1s train=1.9s
[t=  39.7s] greedy ep 18 games=  96 dec= 17886 rows= 17103 horizon=0.25 L=0.02021 L/var=0.08 tgt=-0.021/0.507 pstd=0.465 gen=0.1s train=1.8s
[t=  41.7s] greedy ep 19 games=  96 dec= 17738 rows= 16961 horizon=0.23 L=0.02019 L/var=0.07 tgt=-0.065/0.530 pstd=0.458 gen=0.1s train=1.8s
[t=  43.7s] greedy ep 20 games=  96 dec= 17716 rows= 17039 horizon=0.28 L=0.01858 L/var=0.07 tgt=-0.071/0.515 pstd=0.476 gen=0.1s train=1.8s
[t=  45.7s] greedy ep 21 games=  96 dec= 17777 rows= 17032 horizon=0.23 L=0.01838 L/var=0.07 tgt=-0.051/0.520 pstd=0.489 gen=0.1s train=1.8s
[t=  47.8s] greedy ep 22 games=  96 dec= 18472 rows= 17732 horizon=0.33 L=0.01773 L/var=0.08 tgt=-0.019/0.474 pstd=0.480 gen=0.1s train=1.9s
[t=  49.9s] greedy ep 23 games=  96 dec= 18429 rows= 17627 horizon=0.27 L=0.01711 L/var=0.07 tgt=-0.006/0.478 pstd=0.479 gen=0.1s train=1.9s
[t=  52.1s] greedy ep 24 games=  96 dec= 18992 rows= 18327 horizon=0.35 L=0.01737 L/var=0.07 tgt=-0.014/0.487 pstd=0.463 gen=0.1s train=2.0s
[t=  54.1s] greedy ep 25 games=  96 dec= 18039 rows= 17262 horizon=0.23 L=0.01938 L/var=0.07 tgt=-0.025/0.517 pstd=0.480 gen=0.1s train=1.8s
[t=  56.2s] greedy ep 26 games=  96 dec= 19627 rows= 18805 horizon=0.33 L=0.01825 L/var=0.07 tgt=-0.037/0.501 pstd=0.472 gen=0.1s train=2.0s
[t=  58.4s] greedy ep 27 games=  96 dec= 18752 rows= 17930 horizon=0.27 L=0.01781 L/var=0.08 tgt=-0.031/0.485 pstd=0.484 gen=0.1s train=1.9s
[t=  60.5s] greedy ep 28 games=  96 dec= 19116 rows= 18327 horizon=0.31 L=0.01794 L/var=0.08 tgt=-0.035/0.484 pstd=0.477 gen=0.1s train=1.9s
[t=  62.6s] greedy ep 29 games=  96 dec= 18708 rows= 17952 horizon=0.27 L=0.01781 L/var=0.07 tgt=-0.051/0.503 pstd=0.502 gen=0.1s train=1.9s
[t=  64.7s] greedy ep 30 games=  96 dec= 19066 rows= 18248 horizon=0.31 L=0.01787 L/var=0.08 tgt=-0.032/0.479 pstd=0.474 gen=0.1s train=1.9s
[t=  66.7s] greedy ep 31 games=  96 dec= 18369 rows= 17570 horizon=0.26 L=0.01726 L/var=0.07 tgt=-0.041/0.509 pstd=0.485 gen=0.1s train=1.9s
[t=  68.8s] greedy ep 32 games=  96 dec= 18567 rows= 17800 horizon=0.30 L=0.01685 L/var=0.07 tgt=+0.001/0.480 pstd=0.473 gen=0.1s train=1.8s
[t=  70.9s] greedy ep 33 games=  96 dec= 18636 rows= 17813 horizon=0.31 L=0.01707 L/var=0.06 tgt=-0.002/0.514 pstd=0.473 gen=0.1s train=1.9s
[t=  72.9s] greedy ep 34 games=  96 dec= 18664 rows= 17825 horizon=0.29 L=0.01761 L/var=0.08 tgt=+0.020/0.463 pstd=0.478 gen=0.1s train=1.9s
[t=  74.9s] greedy ep 35 games=  96 dec= 17787 rows= 17046 horizon=0.22 L=0.01986 L/var=0.07 tgt=-0.039/0.539 pstd=0.484 gen=0.1s train=1.8s
[t=  77.4s] greedy ep 36 games=  96 dec= 19279 rows= 18442 horizon=0.33 L=0.01869 L/var=0.08 tgt=-0.046/0.480 pstd=0.488 gen=0.1s train=2.3s
[t=  79.8s] greedy ep 37 games=  96 dec= 18316 rows= 17468 horizon=0.32 L=0.01730 L/var=0.06 tgt=-0.034/0.532 pstd=0.484 gen=0.1s train=2.2s
[t=  82.4s] greedy ep 38 games=  96 dec= 19158 rows= 18321 horizon=0.32 L=0.01785 L/var=0.08 tgt=-0.020/0.472 pstd=0.484 gen=0.1s train=2.3s
[t=  84.8s] greedy ep 39 games=  96 dec= 18549 rows= 17774 horizon=0.26 L=0.01810 L/var=0.07 tgt=-0.037/0.514 pstd=0.470 gen=0.1s train=2.2s
[t=  87.0s] greedy ep 40 games=  96 dec= 18971 rows= 18211 horizon=0.34 L=0.01748 L/var=0.08 tgt=-0.007/0.461 pstd=0.480 gen=0.1s train=2.0s
[t=  89.1s] greedy ep 41 games=  96 dec= 18692 rows= 17843 horizon=0.28 L=0.01769 L/var=0.07 tgt=-0.044/0.507 pstd=0.466 gen=0.1s train=1.8s
[t=  91.2s] greedy ep 42 games=  96 dec= 19162 rows= 18375 horizon=0.38 L=0.01822 L/var=0.07 tgt=-0.035/0.494 pstd=0.470 gen=0.1s train=1.9s
[t=  93.3s] greedy ep 43 games=  96 dec= 19468 rows= 18602 horizon=0.35 L=0.01815 L/var=0.09 tgt=-0.058/0.456 pstd=0.462 gen=0.1s train=1.9s
[t=  95.4s] greedy ep 44 games=  96 dec= 18443 rows= 17624 horizon=0.28 L=0.01705 L/var=0.07 tgt=-0.009/0.479 pstd=0.484 gen=0.1s train=1.8s
[t=  97.3s] greedy ep 45 games=  96 dec= 17350 rows= 16706 horizon=0.25 L=0.01895 L/var=0.07 tgt=-0.084/0.527 pstd=0.508 gen=0.1s train=1.7s
[t=  99.3s] greedy ep 46 games=  96 dec= 17993 rows= 17239 horizon=0.28 L=0.01955 L/var=0.08 tgt=-0.013/0.495 pstd=0.487 gen=0.1s train=1.8s
[t= 101.4s] greedy ep 47 games=  96 dec= 18984 rows= 18180 horizon=0.29 L=0.01857 L/var=0.08 tgt=-0.024/0.472 pstd=0.477 gen=0.1s train=1.9s
[t= 103.4s] greedy ep 48 games=  96 dec= 18071 rows= 17405 horizon=0.30 L=0.01762 L/var=0.07 tgt=-0.041/0.510 pstd=0.482 gen=0.1s train=1.8s
[t= 105.6s] greedy ep 49 games=  96 dec= 19599 rows= 18844 horizon=0.40 L=0.01722 L/var=0.08 tgt=-0.000/0.457 pstd=0.468 gen=0.1s train=1.9s
[t= 107.6s] greedy ep 50 games=  96 dec= 17856 rows= 17099 horizon=0.25 L=0.01784 L/var=0.06 tgt=-0.060/0.543 pstd=0.478 gen=0.1s train=1.8s
[t= 109.6s] greedy ep 51 games=  96 dec= 17858 rows= 17043 horizon=0.24 L=0.01776 L/var=0.06 tgt=-0.027/0.530 pstd=0.474 gen=0.1s train=1.8s
[t= 111.7s] greedy ep 52 games=  96 dec= 18973 rows= 18262 horizon=0.35 L=0.01737 L/var=0.08 tgt=-0.041/0.460 pstd=0.466 gen=0.1s train=1.9s
[t= 113.7s] greedy ep 53 games=  96 dec= 17565 rows= 16777 horizon=0.19 L=0.01765 L/var=0.07 tgt=-0.031/0.511 pstd=0.478 gen=0.1s train=1.7s
[t= 115.7s] greedy ep 54 games=  96 dec= 17835 rows= 17151 horizon=0.25 L=0.01853 L/var=0.08 tgt=-0.001/0.492 pstd=0.481 gen=0.1s train=1.8s
[t= 117.7s] greedy ep 55 games=  96 dec= 17927 rows= 17096 horizon=0.25 L=0.01766 L/var=0.08 tgt=-0.008/0.470 pstd=0.487 gen=0.1s train=1.8s
[t= 119.7s] greedy ep 56 games=  96 dec= 18561 rows= 17765 horizon=0.28 L=0.01839 L/var=0.08 tgt=-0.036/0.484 pstd=0.476 gen=0.1s train=1.8s
[t= 121.8s] greedy ep 57 games=  96 dec= 18688 rows= 17872 horizon=0.25 L=0.01828 L/var=0.07 tgt=-0.014/0.515 pstd=0.475 gen=0.1s train=1.9s
[t= 124.0s] greedy ep 58 games=  96 dec= 19251 rows= 18414 horizon=0.34 L=0.01756 L/var=0.07 tgt=-0.060/0.493 pstd=0.475 gen=0.1s train=1.9s
[t= 126.1s] greedy ep 59 games=  96 dec= 19596 rows= 18724 horizon=0.36 L=0.01740 L/var=0.08 tgt=-0.050/0.460 pstd=0.463 gen=0.1s train=1.9s
[t= 128.5s] greedy ep 60 games=  96 dec= 18869 rows= 17979 horizon=0.30 L=0.01693 L/var=0.07 tgt=-0.032/0.484 pstd=0.469 gen=0.1s train=2.2s
[t= 130.9s] greedy ep 61 games=  96 dec= 18419 rows= 17673 horizon=0.25 L=0.01634 L/var=0.06 tgt=-0.009/0.517 pstd=0.503 gen=0.1s train=2.2s
[t= 133.4s] greedy ep 62 games=  96 dec= 19032 rows= 18186 horizon=0.32 L=0.01801 L/var=0.07 tgt=-0.036/0.503 pstd=0.493 gen=0.1s train=2.3s
[t= 135.5s] greedy ep 63 games=  96 dec= 19220 rows= 18443 horizon=0.29 L=0.01804 L/var=0.07 tgt=-0.008/0.491 pstd=0.477 gen=0.1s train=1.9s
[t= 137.5s] greedy ep 64 games=  96 dec= 17814 rows= 17050 horizon=0.25 L=0.01785 L/var=0.07 tgt=-0.045/0.519 pstd=0.465 gen=0.1s train=1.8s
[t= 139.6s] greedy ep 65 games=  96 dec= 18244 rows= 17509 horizon=0.28 L=0.01756 L/var=0.07 tgt=-0.026/0.503 pstd=0.460 gen=0.1s train=1.8s
[t= 141.6s] greedy ep 66 games=  96 dec= 18182 rows= 17491 horizon=0.29 L=0.01749 L/var=0.07 tgt=-0.037/0.498 pstd=0.483 gen=0.1s train=1.8s
[t= 143.7s] greedy ep 67 games=  96 dec= 18981 rows= 18182 horizon=0.35 L=0.01785 L/var=0.07 tgt=-0.023/0.511 pstd=0.473 gen=0.1s train=1.9s
[t= 145.7s] greedy ep 68 games=  96 dec= 18200 rows= 17313 horizon=0.25 L=0.01849 L/var=0.07 tgt=-0.016/0.502 pstd=0.482 gen=0.1s train=1.8s
[t= 147.8s] greedy ep 69 games=  96 dec= 18393 rows= 17591 horizon=0.28 L=0.01756 L/var=0.07 tgt=-0.053/0.510 pstd=0.469 gen=0.1s train=1.8s
[t= 149.8s] greedy ep 70 games=  96 dec= 18464 rows= 17707 horizon=0.33 L=0.01739 L/var=0.07 tgt=-0.039/0.486 pstd=0.460 gen=0.1s train=1.8s
[t= 151.9s] greedy ep 71 games=  96 dec= 18120 rows= 17396 horizon=0.26 L=0.01760 L/var=0.06 tgt=-0.031/0.525 pstd=0.474 gen=0.1s train=1.8s
[t= 154.0s] greedy ep 72 games=  96 dec= 19113 rows= 18368 horizon=0.34 L=0.01664 L/var=0.07 tgt=-0.075/0.504 pstd=0.468 gen=0.1s train=1.9s
[t= 155.9s] greedy ep 73 games=  96 dec= 17603 rows= 16838 horizon=0.20 L=0.01861 L/var=0.07 tgt=-0.037/0.525 pstd=0.469 gen=0.1s train=1.7s
[t= 158.0s] greedy ep 74 games=  96 dec= 18477 rows= 17679 horizon=0.27 L=0.01724 L/var=0.06 tgt=-0.065/0.534 pstd=0.476 gen=0.1s train=1.8s
[t= 160.2s] greedy ep 75 games=  96 dec= 19740 rows= 18936 horizon=0.40 L=0.01662 L/var=0.08 tgt=+0.013/0.468 pstd=0.478 gen=0.1s train=2.0s
[t= 162.2s] greedy ep 76 games=  96 dec= 18307 rows= 17464 horizon=0.20 L=0.01809 L/var=0.07 tgt=-0.020/0.496 pstd=0.483 gen=0.1s train=1.8s
[t= 164.6s] greedy ep 77 games=  96 dec= 18119 rows= 17313 horizon=0.25 L=0.01871 L/var=0.07 tgt=-0.031/0.501 pstd=0.471 gen=0.1s train=2.2s
[t= 167.0s] greedy ep 78 games=  96 dec= 18056 rows= 17283 horizon=0.26 L=0.01803 L/var=0.07 tgt=-0.041/0.514 pstd=0.489 gen=0.1s train=2.2s
[t= 169.4s] greedy ep 79 games=  96 dec= 18309 rows= 17527 horizon=0.28 L=0.01757 L/var=0.07 tgt=-0.007/0.493 pstd=0.482 gen=0.1s train=2.2s
[t= 171.9s] greedy ep 80 games=  96 dec= 18361 rows= 17605 horizon=0.29 L=0.01761 L/var=0.07 tgt=-0.024/0.508 pstd=0.475 gen=0.1s train=2.2s
[t= 174.1s] greedy ep 81 games=  96 dec= 17527 rows= 16734 horizon=0.25 L=0.01867 L/var=0.07 tgt=-0.020/0.532 pstd=0.477 gen=0.1s train=2.0s
[t= 176.4s] greedy ep 82 games=  96 dec= 17529 rows= 16756 horizon=0.23 L=0.01831 L/var=0.07 tgt=-0.028/0.509 pstd=0.475 gen=0.1s train=2.0s
[t= 178.6s] greedy ep 83 games=  96 dec= 16779 rows= 15994 horizon=0.18 L=0.01834 L/var=0.06 tgt=-0.021/0.539 pstd=0.493 gen=0.1s train=1.9s
[t= 181.1s] greedy ep 84 games=  96 dec= 19106 rows= 18300 horizon=0.35 L=0.01854 L/var=0.08 tgt=-0.045/0.483 pstd=0.470 gen=0.1s train=2.2s
[t= 183.2s] greedy ep 85 games=  96 dec= 18736 rows= 17960 horizon=0.29 L=0.01817 L/var=0.07 tgt=-0.044/0.501 pstd=0.467 gen=0.1s train=1.9s
[t= 185.2s] greedy ep 86 games=  96 dec= 18107 rows= 17332 horizon=0.26 L=0.01883 L/var=0.08 tgt=-0.020/0.485 pstd=0.484 gen=0.1s train=1.8s
[t= 187.2s] greedy ep 87 games=  96 dec= 17330 rows= 16586 horizon=0.24 L=0.01821 L/var=0.07 tgt=-0.048/0.503 pstd=0.471 gen=0.1s train=1.7s
[t= 189.2s] greedy ep 88 games=  96 dec= 18635 rows= 17758 horizon=0.27 L=0.01744 L/var=0.07 tgt=-0.026/0.514 pstd=0.483 gen=0.1s train=1.8s
[t= 191.1s] greedy ep 89 games=  96 dec= 17378 rows= 16633 horizon=0.24 L=0.01781 L/var=0.06 tgt=-0.051/0.525 pstd=0.475 gen=0.1s train=1.7s
[t= 193.2s] greedy ep 90 games=  96 dec= 18682 rows= 17886 horizon=0.31 L=0.01752 L/var=0.07 tgt=-0.059/0.505 pstd=0.496 gen=0.1s train=1.8s
[t= 195.3s] greedy ep 91 games=  96 dec= 18758 rows= 18046 horizon=0.32 L=0.01781 L/var=0.08 tgt=-0.021/0.471 pstd=0.467 gen=0.1s train=1.8s
[t= 197.4s] greedy ep 92 games=  96 dec= 18910 rows= 18161 horizon=0.30 L=0.01788 L/var=0.08 tgt=-0.051/0.484 pstd=0.479 gen=0.1s train=1.9s
[t= 199.4s] greedy ep 93 games=  96 dec= 18404 rows= 17653 horizon=0.34 L=0.01843 L/var=0.07 tgt=-0.078/0.496 pstd=0.487 gen=0.1s train=1.8s
[t= 201.5s] greedy ep 94 games=  96 dec= 18792 rows= 18006 horizon=0.33 L=0.01792 L/var=0.08 tgt=-0.046/0.481 pstd=0.465 gen=0.1s train=1.9s
[t= 203.6s] greedy ep 95 games=  96 dec= 18762 rows= 17940 horizon=0.24 L=0.01874 L/var=0.07 tgt=-0.044/0.515 pstd=0.469 gen=0.1s train=1.9s
[t= 205.6s] greedy ep 96 games=  96 dec= 17651 rows= 16892 horizon=0.24 L=0.01913 L/var=0.07 tgt=-0.034/0.512 pstd=0.472 gen=0.1s train=1.8s
[t= 207.6s] greedy ep 97 games=  96 dec= 17701 rows= 17006 horizon=0.27 L=0.01840 L/var=0.07 tgt=-0.034/0.509 pstd=0.472 gen=0.1s train=1.8s
[t= 209.7s] greedy ep 98 games=  96 dec= 18691 rows= 17958 horizon=0.35 L=0.01860 L/var=0.08 tgt=-0.032/0.471 pstd=0.461 gen=0.1s train=1.9s
[t= 211.8s] greedy ep 99 games=  96 dec= 19149 rows= 18268 horizon=0.29 L=0.01940 L/var=0.08 tgt=-0.001/0.483 pstd=0.494 gen=0.1s train=1.9s
[t= 213.8s] greedy ep100 games=  96 dec= 17996 rows= 17268 horizon=0.27 L=0.01770 L/var=0.07 tgt=-0.027/0.517 pstd=0.497 gen=0.1s train=1.8s
[t= 215.9s] greedy ep101 games=  96 dec= 17954 rows= 17173 horizon=0.26 L=0.01757 L/var=0.07 tgt=-0.045/0.510 pstd=0.493 gen=0.1s train=1.8s
[t= 217.8s] greedy ep102 games=  96 dec= 17228 rows= 16426 horizon=0.19 L=0.01791 L/var=0.06 tgt=-0.074/0.531 pstd=0.489 gen=0.1s train=1.7s
[t= 219.8s] greedy ep103 games=  96 dec= 17794 rows= 16980 horizon=0.24 L=0.01864 L/var=0.07 tgt=-0.069/0.518 pstd=0.495 gen=0.1s train=1.8s
[t= 221.9s] greedy ep104 games=  96 dec= 18854 rows= 17982 horizon=0.26 L=0.01867 L/var=0.07 tgt=-0.026/0.499 pstd=0.482 gen=0.1s train=1.9s
[t= 224.0s] greedy ep105 games=  96 dec= 18802 rows= 17936 horizon=0.30 L=0.01815 L/var=0.07 tgt=-0.031/0.509 pstd=0.468 gen=0.1s train=1.9s
[t= 226.0s] greedy ep106 games=  96 dec= 18161 rows= 17476 horizon=0.27 L=0.01793 L/var=0.07 tgt=-0.050/0.503 pstd=0.492 gen=0.1s train=1.8s
[t= 228.0s] greedy ep107 games=  96 dec= 17916 rows= 17157 horizon=0.27 L=0.01853 L/var=0.07 tgt=-0.050/0.499 pstd=0.483 gen=0.1s train=1.8s
[t= 230.1s] greedy ep108 games=  96 dec= 18149 rows= 17352 horizon=0.26 L=0.01797 L/var=0.07 tgt=-0.012/0.500 pstd=0.486 gen=0.1s train=1.8s
[t= 232.1s] greedy ep109 games=  96 dec= 18197 rows= 17400 horizon=0.24 L=0.01804 L/var=0.07 tgt=-0.026/0.496 pstd=0.466 gen=0.1s train=1.8s
[t= 234.1s] greedy ep110 games=  96 dec= 17538 rows= 16803 horizon=0.24 L=0.01898 L/var=0.07 tgt=-0.056/0.526 pstd=0.482 gen=0.1s train=1.7s
[t= 236.2s] greedy ep111 games=  96 dec= 19361 rows= 18532 horizon=0.36 L=0.01857 L/var=0.08 tgt=-0.045/0.483 pstd=0.459 gen=0.1s train=1.9s
[t= 238.4s] greedy ep112 games=  96 dec= 18029 rows= 17317 horizon=0.30 L=0.01821 L/var=0.08 tgt=-0.018/0.483 pstd=0.462 gen=0.1s train=1.9s
[t= 240.8s] greedy ep113 games=  96 dec= 18174 rows= 17387 horizon=0.28 L=0.01840 L/var=0.07 tgt=-0.033/0.531 pstd=0.477 gen=0.1s train=2.2s
[t= 243.3s] greedy ep114 games=  96 dec= 19319 rows= 18518 horizon=0.36 L=0.01850 L/var=0.08 tgt=-0.034/0.490 pstd=0.474 gen=0.1s train=2.3s
[t= 245.6s] greedy ep115 games=  96 dec= 17729 rows= 16977 horizon=0.17 L=0.01937 L/var=0.07 tgt=-0.002/0.516 pstd=0.448 gen=0.1s train=2.1s
[t= 248.1s] greedy ep116 games=  96 dec= 18403 rows= 17543 horizon=0.28 L=0.01833 L/var=0.08 tgt=-0.022/0.494 pstd=0.447 gen=0.1s train=2.2s
[t= 250.5s] greedy ep117 games=  96 dec= 17865 rows= 17051 horizon=0.27 L=0.01782 L/var=0.07 tgt=-0.033/0.509 pstd=0.461 gen=0.1s train=2.2s
[t= 253.0s] greedy ep118 games=  96 dec= 18550 rows= 17822 horizon=0.36 L=0.01893 L/var=0.07 tgt=-0.095/0.506 pstd=0.446 gen=0.1s train=2.2s
[t= 255.4s] greedy ep119 games=  96 dec= 18440 rows= 17650 horizon=0.26 L=0.01834 L/var=0.07 tgt=-0.045/0.500 pstd=0.447 gen=0.1s train=2.2s
[t= 257.8s] greedy ep120 games=  96 dec= 18888 rows= 17947 horizon=0.27 L=0.01814 L/var=0.08 tgt=-0.039/0.484 pstd=0.462 gen=0.1s train=2.2s
[t= 260.2s] greedy ep121 games=  96 dec= 18400 rows= 17640 horizon=0.29 L=0.01790 L/var=0.08 tgt=-0.014/0.473 pstd=0.444 gen=0.1s train=2.2s
[t= 262.6s] greedy ep122 games=  96 dec= 19500 rows= 18715 horizon=0.40 L=0.01767 L/var=0.08 tgt=-0.048/0.473 pstd=0.433 gen=0.1s train=2.2s
[t= 264.9s] greedy ep123 games=  96 dec= 18513 rows= 17694 horizon=0.27 L=0.01732 L/var=0.07 tgt=-0.021/0.514 pstd=0.454 gen=0.1s train=2.0s
[t= 267.3s] greedy ep124 games=  96 dec= 18892 rows= 18073 horizon=0.33 L=0.01738 L/var=0.08 tgt=-0.059/0.481 pstd=0.452 gen=0.1s train=2.2s
[t= 269.8s] greedy ep125 games=  96 dec= 18520 rows= 17651 horizon=0.25 L=0.01759 L/var=0.07 tgt=-0.025/0.500 pstd=0.450 gen=0.1s train=2.2s
[t= 272.4s] greedy ep126 games=  96 dec= 19645 rows= 18833 horizon=0.36 L=0.01716 L/var=0.08 tgt=-0.015/0.474 pstd=0.413 gen=0.1s train=2.4s
[t= 274.7s] greedy ep127 games=  96 dec= 17395 rows= 16683 horizon=0.19 L=0.01770 L/var=0.06 tgt=-0.006/0.530 pstd=0.430 gen=0.1s train=2.0s
[t= 277.2s] greedy ep128 games=  96 dec= 19317 rows= 18624 horizon=0.38 L=0.01742 L/var=0.08 tgt=-0.039/0.471 pstd=0.434 gen=0.1s train=2.3s
[t= 279.6s] greedy ep129 games=  96 dec= 18062 rows= 17333 horizon=0.27 L=0.01707 L/var=0.07 tgt=-0.022/0.483 pstd=0.412 gen=0.1s train=2.2s
[t= 281.9s] greedy ep130 games=  96 dec= 17908 rows= 17168 horizon=0.25 L=0.01755 L/var=0.07 tgt=-0.041/0.492 pstd=0.416 gen=0.1s train=2.1s
[t= 284.2s] greedy ep131 games=  96 dec= 17598 rows= 16794 horizon=0.20 L=0.01716 L/var=0.06 tgt=-0.048/0.526 pstd=0.412 gen=0.1s train=2.1s
[t= 286.7s] greedy ep132 games=  96 dec= 18760 rows= 17930 horizon=0.29 L=0.01773 L/var=0.08 tgt=-0.019/0.485 pstd=0.402 gen=0.1s train=2.2s
[t= 289.0s] greedy ep133 games=  96 dec= 18381 rows= 17624 horizon=0.30 L=0.01734 L/var=0.06 tgt=-0.062/0.524 pstd=0.398 gen=0.1s train=2.1s
[t= 291.4s] greedy ep134 games=  96 dec= 17570 rows= 16816 horizon=0.25 L=0.01698 L/var=0.07 tgt=-0.013/0.504 pstd=0.409 gen=0.1s train=2.1s
[t= 293.7s] greedy ep135 games=  96 dec= 17880 rows= 17050 horizon=0.19 L=0.01710 L/var=0.06 tgt=-0.041/0.536 pstd=0.395 gen=0.1s train=2.1s
[t= 296.0s] greedy ep136 games=  96 dec= 17693 rows= 16931 horizon=0.20 L=0.01734 L/var=0.06 tgt=-0.051/0.536 pstd=0.392 gen=0.1s train=2.1s
[t= 298.2s] greedy ep137 games=  96 dec= 18829 rows= 18139 horizon=0.33 L=0.01719 L/var=0.07 tgt=-0.050/0.495 pstd=0.393 gen=0.1s train=1.9s
[t= 300.1s] greedy ep138 games=  96 dec= 18667 rows= 17798 horizon=0.27 L=0.01663 L/var=0.07 tgt=-0.006/0.489 pstd=0.385 gen=0.1s train=1.7s
[t= 300.1s] --- snapshot snap_00.pt (init) ---
[t= 300.2s] --- switching to ReBeL ---
[t= 310.2s] rebel stream solves=15360 raw=1529/s balanced=1529/s debt=0 rows steps=60 horizon=0.00 games=0 over=0 card=0 drop=0 L=0.03483 L/var=0.54 tgt=-0.011/0.255 cfg/b=42056 prep=0.27s gpu=0.00s conv=0.01s add=0.48s train=1.87s
[t= 320.2s] rebel stream solves=40960 raw=2040/s balanced=2040/s debt=0 rows steps=160 horizon=0.00 games=0 over=0 card=0 drop=0 L=0.00830 L/var=0.15 tgt=-0.019/0.239 cfg/b=57619 prep=0.50s gpu=0.00s conv=0.05s add=1.16s train=3.12s
[t= 330.3s] rebel stream solves=52224 raw=1734/s balanced=1734/s debt=0 rows steps=204 horizon=0.00 games=0 over=0 card=0 drop=0 L=0.00475 L/var=0.07 tgt=-0.004/0.253 cfg/b=33433 prep=0.18s gpu=0.00s conv=0.01s add=0.32s train=1.29s
[t= 340.3s] rebel stream solves=62464 raw=1556/s balanced=1556/s debt=0 rows steps=244 horizon=0.00 games=0 over=0 card=0 drop=0 L=0.00411 L/var=0.06 tgt=-0.027/0.266 cfg/b=39135 prep=0.17s gpu=0.00s conv=0.01s add=0.52s train=1.16s
[t= 350.3s] rebel stream solves=74752 raw=1490/s balanced=1490/s debt=0 rows steps=292 horizon=0.00 games=0 over=0 card=0 drop=0 L=0.00376 L/var=0.05 tgt=-0.025/0.269 cfg/b=38214 prep=0.22s gpu=0.00s conv=0.01s add=0.37s train=1.49s
[t= 360.4s] rebel stream solves=84992 raw=1412/s balanced=1412/s debt=0 rows steps=332 horizon=0.00 games=0 over=0 card=0 drop=0 L=0.00355 L/var=0.05 tgt=-0.024/0.271 cfg/b=30106 prep=0.21s gpu=0.00s conv=0.00s add=0.25s train=1.27s
[t= 370.4s] rebel stream solves=95232 raw=1356/s balanced=1356/s debt=0 rows steps=372 horizon=0.00 games=1 over=0 card=0 drop=0 L=0.00339 L/var=0.04 tgt=-0.024/0.276 cfg/b=27976 prep=0.19s gpu=0.00s conv=0.00s add=0.26s train=1.23s
[t= 380.4s] rebel stream solves=103424 raw=1289/s balanced=1289/s debt=0 rows steps=404 horizon=0.00 games=0 over=0 card=0 drop=0 L=0.00331 L/var=0.04 tgt=-0.032/0.284 cfg/b=27445 prep=0.17s gpu=0.00s conv=0.00s add=0.20s train=1.00s
[t= 390.4s] rebel stream solves=112640 raw=1248/s balanced=1248/s debt=0 rows steps=440 horizon=0.00 games=4 over=0 card=0 drop=0 L=0.00326 L/var=0.04 tgt=-0.030/0.278 cfg/b=26028 prep=0.27s gpu=0.00s conv=0.00s add=0.20s train=1.25s
[t= 400.4s] rebel stream solves=121856 raw=1215/s balanced=1215/s debt=0 rows steps=476 horizon=0.00 games=8 over=0 card=0 drop=0 L=0.00315 L/var=0.04 tgt=-0.018/0.275 cfg/b=24721 prep=0.20s gpu=0.00s conv=0.00s add=0.17s train=1.19s
[t= 410.8s] rebel stream solves=131072 raw=1185/s balanced=1185/s debt=0 rows steps=512 horizon=0.00 games=15 over=0 card=0 drop=0 L=0.00330 L/var=0.04 tgt=+0.002/0.279 cfg/b=23283 prep=0.23s gpu=0.00s conv=0.00s add=0.16s train=1.17s
[t= 420.9s] rebel stream solves=139264 raw=1154/s balanced=1154/s debt=0 rows steps=544 horizon=0.00 games=14 over=0 card=0 drop=0 L=0.00334 L/var=0.04 tgt=-0.008/0.281 cfg/b=22421 prep=0.17s gpu=0.00s conv=0.00s add=0.15s train=1.09s
[t= 430.9s] rebel stream solves=147456 raw=1128/s balanced=1128/s debt=0 rows steps=576 horizon=0.00 games=23 over=0 card=0 drop=0 L=0.00357 L/var=0.04 tgt=-0.006/0.288 cfg/b=21501 prep=0.19s gpu=0.00s conv=0.00s add=0.16s train=1.07s
[t= 441.1s] rebel stream solves=155648 raw=1105/s balanced=1105/s debt=0 rows steps=608 horizon=0.00 games=30 over=0 card=0 drop=0 L=0.00373 L/var=0.04 tgt=-0.002/0.305 cfg/b=21132 prep=0.18s gpu=0.00s conv=0.00s add=0.16s train=1.09s
[t= 451.2s] rebel stream solves=164864 raw=1092/s balanced=1092/s debt=0 rows steps=644 horizon=0.00 games=42 over=0 card=0 drop=0 L=0.00415 L/var=0.05 tgt=-0.003/0.303 cfg/b=20582 prep=0.19s gpu=0.00s conv=0.00s add=0.16s train=1.17s
[t= 461.2s] rebel stream solves=173056 raw=1075/s balanced=1075/s debt=0 rows steps=676 horizon=0.00 games=62 over=0 card=0 drop=0 L=0.00450 L/var=0.05 tgt=+0.013/0.297 cfg/b=19910 prep=0.20s gpu=0.00s conv=0.00s add=0.15s train=1.08s
[t= 471.2s] rebel stream solves=183296 raw=1072/s balanced=1072/s debt=0 rows steps=716 horizon=0.00 games=93 over=0 card=0 drop=0 L=0.00497 L/var=0.06 tgt=+0.007/0.293 cfg/b=19423 prep=0.21s gpu=0.00s conv=0.00s add=0.17s train=1.32s
[t= 481.3s] rebel stream solves=193536 raw=1069/s balanced=1069/s debt=0 rows steps=756 horizon=0.00 games=104 over=0 card=0 drop=0 L=0.00544 L/var=0.06 tgt=+0.013/0.296 cfg/b=18599 prep=0.23s gpu=0.00s conv=0.01s add=0.19s train=1.31s
[t= 491.3s] rebel stream solves=203776 raw=1066/s balanced=1066/s debt=0 rows steps=796 horizon=0.00 games=141 over=0 card=0 drop=0 L=0.00608 L/var=0.07 tgt=+0.017/0.303 cfg/b=18498 prep=0.21s gpu=0.00s conv=0.00s add=0.18s train=1.31s
[t= 501.3s] rebel stream solves=215040 raw=1069/s balanced=1069/s debt=0 rows steps=840 horizon=0.00 games=184 over=0 card=0 drop=0 L=0.00703 L/var=0.08 tgt=+0.015/0.296 cfg/b=18417 prep=0.23s gpu=0.00s conv=0.01s add=0.21s train=1.46s
[t= 511.3s] rebel stream solves=227328 raw=1076/s balanced=1076/s debt=0 rows steps=888 horizon=0.00 games=247 over=0 card=0 drop=0 L=0.00795 L/var=0.09 tgt=+0.020/0.304 cfg/b=18164 prep=0.24s gpu=0.00s conv=0.01s add=0.23s train=1.54s
[t= 521.4s] rebel stream solves=239616 raw=1083/s balanced=1083/s debt=0 rows steps=936 horizon=0.00 games=252 over=0 card=0 drop=0 L=0.00856 L/var=0.10 tgt=+0.015/0.297 cfg/b=18571 prep=0.27s gpu=0.00s conv=0.01s add=0.26s train=1.55s
[t= 531.4s] rebel stream solves=251904 raw=1089/s balanced=1089/s debt=0 rows steps=984 horizon=0.00 games=258 over=0 card=0 drop=0 L=0.00959 L/var=0.11 tgt=+0.010/0.293 cfg/b=18528 prep=0.25s gpu=0.00s conv=0.01s add=0.30s train=1.51s
[t= 541.4s] rebel stream solves=264192 raw=1095/s balanced=1095/s debt=0 rows steps=1032 horizon=0.00 games=258 over=0 card=0 drop=0 L=0.00948 L/var=0.12 tgt=+0.006/0.285 cfg/b=19221 prep=0.23s gpu=0.00s conv=0.01s add=0.31s train=1.46s
[t= 551.5s] rebel stream solves=276480 raw=1100/s balanced=1100/s debt=0 rows steps=1080 horizon=0.00 games=268 over=0 card=0 drop=0 L=0.01006 L/var=0.12 tgt=+0.003/0.285 cfg/b=18599 prep=0.25s gpu=0.00s conv=0.01s add=0.33s train=1.47s
[t= 561.5s] rebel stream solves=287744 raw=1101/s balanced=1101/s debt=0 rows steps=1124 horizon=0.00 games=254 over=0 card=0 drop=0 L=0.01018 L/var=0.12 tgt=+0.001/0.287 cfg/b=18198 prep=0.22s gpu=0.00s conv=0.01s add=0.32s train=1.35s
[t= 571.5s] rebel stream solves=300032 raw=1106/s balanced=1106/s debt=0 rows steps=1172 horizon=0.00 games=216 over=0 card=0 drop=0 L=0.00992 L/var=0.14 tgt=+0.001/0.270 cfg/b=18977 prep=0.28s gpu=0.00s conv=0.01s add=0.36s train=1.52s
[t= 581.5s] rebel stream solves=311296 raw=1106/s balanced=1106/s debt=0 rows steps=1216 horizon=0.00 games=218 over=0 card=0 drop=0 L=0.00998 L/var=0.13 tgt=-0.005/0.275 cfg/b=19357 prep=0.18s gpu=0.00s conv=0.01s add=0.33s train=1.28s
[t= 591.5s] rebel stream solves=321536 raw=1104/s balanced=1104/s debt=0 rows steps=1256 horizon=0.00 games=179 over=0 card=0 drop=0 L=0.00951 L/var=0.13 tgt=-0.008/0.274 cfg/b=19606 prep=0.19s gpu=0.00s conv=0.01s add=0.31s train=1.22s
[t= 601.6s] rebel stream solves=331776 raw=1101/s balanced=1101/s debt=0 rows steps=1296 horizon=0.00 games=174 over=0 card=0 drop=0 L=0.00928 L/var=0.12 tgt=-0.014/0.276 cfg/b=19788 prep=0.23s gpu=0.00s conv=0.01s add=0.31s train=1.27s
[t= 611.6s] rebel stream solves=342016 raw=1098/s balanced=1098/s debt=0 rows steps=1336 horizon=0.00 games=154 over=0 card=0 drop=0 L=0.00907 L/var=0.13 tgt=-0.010/0.261 cfg/b=20089 prep=0.17s gpu=0.00s conv=0.01s add=0.31s train=1.19s
[t= 621.6s] rebel stream solves=351232 raw=1093/s balanced=1093/s debt=0 rows steps=1372 horizon=0.00 games=124 over=0 card=0 drop=0 L=0.00919 L/var=0.13 tgt=-0.007/0.265 cfg/b=20477 prep=0.20s gpu=0.00s conv=0.01s add=0.28s train=1.13s
[t= 631.6s] rebel stream solves=360448 raw=1087/s balanced=1087/s debt=0 rows steps=1408 horizon=0.00 games=113 over=0 card=0 drop=0 L=0.00920 L/var=0.13 tgt=-0.009/0.269 cfg/b=20582 prep=0.15s gpu=0.00s conv=0.01s add=0.28s train=1.05s
[t= 641.7s] rebel stream solves=369664 raw=1083/s balanced=1083/s debt=0 rows steps=1444 horizon=0.00 games=135 over=0 card=0 drop=0 L=0.00892 L/var=0.12 tgt=-0.015/0.270 cfg/b=20885 prep=0.17s gpu=0.00s conv=0.01s add=0.32s train=1.11s
[t= 651.7s] rebel stream solves=378880 raw=1078/s balanced=1078/s debt=0 rows steps=1480 horizon=0.00 games=121 over=0 card=0 drop=0 L=0.00876 L/var=0.12 tgt=-0.019/0.271 cfg/b=20989 prep=0.21s gpu=0.00s conv=0.01s add=0.30s train=1.15s
[t= 660.3s] --- snapshot snap_01.pt (s1) ---
[t= 661.7s] rebel stream solves=387072 raw=1071/s balanced=1071/s debt=0 rows steps=1512 horizon=0.00 games=121 over=0 card=0 drop=0 L=0.00853 L/var=0.12 tgt=-0.016/0.268 cfg/b=21276 prep=0.17s gpu=0.00s conv=0.00s add=0.24s train=0.98s
[t= 671.8s] rebel stream solves=395264 raw=1064/s balanced=1064/s debt=0 rows steps=1544 horizon=0.00 games=119 over=0 card=0 drop=0 L=0.00900 L/var=0.12 tgt=-0.025/0.273 cfg/b=21446 prep=0.14s gpu=0.00s conv=0.01s add=0.24s train=0.95s
[t= 681.8s] rebel stream solves=403456 raw=1057/s balanced=1057/s debt=0 rows steps=1576 horizon=0.00 games=96 over=0 card=0 drop=0 L=0.00924 L/var=0.12 tgt=-0.020/0.274 cfg/b=21286 prep=0.20s gpu=0.00s conv=0.01s add=0.28s train=1.01s
[t= 691.8s] rebel stream solves=411648 raw=1051/s balanced=1051/s debt=0 rows steps=1608 horizon=0.00 games=97 over=0 card=0 drop=0 L=0.00920 L/var=0.11 tgt=-0.012/0.286 cfg/b=21161 prep=0.30s gpu=0.00s conv=0.00s add=0.27s train=1.13s
[t= 701.8s] rebel stream solves=419840 raw=1045/s balanced=1045/s debt=0 rows steps=1640 horizon=0.00 games=100 over=0 card=0 drop=0 L=0.00883 L/var=0.12 tgt=-0.012/0.269 cfg/b=21514 prep=0.17s gpu=0.00s conv=0.00s add=0.26s train=1.01s
[t= 711.8s] rebel stream solves=428032 raw=1040/s balanced=1040/s debt=0 rows steps=1672 horizon=0.00 games=105 over=0 card=0 drop=0 L=0.00928 L/var=0.12 tgt=-0.013/0.278 cfg/b=21734 prep=0.14s gpu=0.00s conv=0.01s add=0.25s train=0.95s
[t= 721.9s] rebel stream solves=436224 raw=1034/s balanced=1034/s debt=0 rows steps=1704 horizon=0.00 games=103 over=0 card=0 drop=0 L=0.00902 L/var=0.11 tgt=-0.023/0.283 cfg/b=22108 prep=0.17s gpu=0.00s conv=0.01s add=0.27s train=1.00s
[t= 731.9s] rebel stream solves=444416 raw=1029/s balanced=1029/s debt=0 rows steps=1736 horizon=0.00 games=129 over=0 card=0 drop=0 L=0.00929 L/var=0.11 tgt=-0.021/0.287 cfg/b=22481 prep=0.15s gpu=0.00s conv=0.01s add=0.27s train=0.99s
[t= 742.1s] rebel stream solves=452608 raw=1024/s balanced=1024/s debt=0 rows steps=1768 horizon=0.00 games=130 over=0 card=0 drop=0 L=0.00964 L/var=0.11 tgt=-0.026/0.291 cfg/b=22688 prep=0.29s gpu=0.00s conv=0.00s add=0.27s train=1.13s
[t= 752.1s] rebel stream solves=460800 raw=1020/s balanced=1020/s debt=0 rows steps=1800 horizon=0.00 games=123 over=0 card=0 drop=0 L=0.00897 L/var=0.11 tgt=-0.023/0.287 cfg/b=22752 prep=0.15s gpu=0.00s conv=0.00s add=0.28s train=0.98s
[t= 762.1s] rebel stream solves=467968 raw=1013/s balanced=1013/s debt=0 rows steps=1828 horizon=0.00 games=115 over=0 card=0 drop=0 L=0.00935 L/var=0.12 tgt=-0.023/0.284 cfg/b=23373 prep=0.11s gpu=0.00s conv=0.00s add=0.24s train=0.82s
[t= 772.2s] rebel stream solves=476160 raw=1009/s balanced=1009/s debt=0 rows steps=1860 horizon=0.18 games=145 over=0 card=0 drop=0 L=0.00911 L/var=0.11 tgt=-0.025/0.288 cfg/b=23540 prep=0.14s gpu=0.00s conv=0.00s add=0.29s train=0.94s
[t= 782.2s] rebel stream solves=483328 raw=1003/s balanced=1003/s debt=0 rows steps=1888 horizon=0.00 games=105 over=0 card=0 drop=0 L=0.00960 L/var=0.12 tgt=-0.021/0.286 cfg/b=23682 prep=0.14s gpu=0.00s conv=0.01s add=0.26s train=0.85s
[t= 792.2s] rebel stream solves=491520 raw=999/s balanced=999/s debt=0 rows steps=1920 horizon=0.18 games=124 over=0 card=0 drop=0 L=0.00916 L/var=0.11 tgt=-0.024/0.288 cfg/b=23842 prep=0.16s gpu=0.00s conv=0.01s add=0.29s train=1.00s
[t= 795.3s] --- lr -> 5.00e-04 ---
[t= 802.3s] rebel stream solves=500736 raw=997/s balanced=997/s debt=0 rows steps=1956 horizon=0.03 games=132 over=0 card=0 drop=0 L=0.00928 L/var=0.11 tgt=-0.018/0.292 cfg/b=24264 prep=0.17s gpu=0.00s conv=0.01s add=0.33s train=1.11s
[t= 812.3s] rebel stream solves=508928 raw=994/s balanced=994/s debt=0 rows steps=1988 horizon=0.30 games=167 over=0 card=0 drop=0 L=0.00897 L/var=0.11 tgt=-0.019/0.286 cfg/b=24775 prep=0.15s gpu=0.00s conv=0.01s add=0.28s train=0.95s
[t= 822.5s] rebel stream solves=518144 raw=992/s balanced=992/s debt=0 rows steps=2024 horizon=0.13 games=154 over=0 card=0 drop=0 L=0.00917 L/var=0.11 tgt=-0.020/0.294 cfg/b=24714 prep=0.20s gpu=0.00s conv=0.01s add=0.33s train=1.12s
[t= 832.5s] rebel stream solves=526336 raw=989/s balanced=989/s debt=0 rows steps=2056 horizon=0.14 games=148 over=0 card=0 drop=0 L=0.00915 L/var=0.11 tgt=-0.019/0.295 cfg/b=25361 prep=0.17s gpu=0.00s conv=0.01s add=0.28s train=0.99s
[t= 842.5s] rebel stream solves=534528 raw=986/s balanced=986/s debt=0 rows steps=2088 horizon=0.10 games=148 over=0 card=0 drop=0 L=0.00883 L/var=0.10 tgt=-0.025/0.302 cfg/b=25875 prep=0.14s gpu=0.00s conv=0.01s add=0.29s train=0.94s
[t= 852.5s] rebel stream solves=542720 raw=983/s balanced=983/s debt=0 rows steps=2120 horizon=0.21 games=159 over=0 card=0 drop=0 L=0.00939 L/var=0.11 tgt=-0.021/0.288 cfg/b=26082 prep=0.14s gpu=0.00s conv=0.01s add=0.32s train=0.96s
[t= 862.5s] rebel stream solves=550912 raw=980/s balanced=980/s debt=0 rows steps=2152 horizon=0.07 games=123 over=0 card=0 drop=0 L=0.00887 L/var=0.11 tgt=-0.021/0.285 cfg/b=26438 prep=0.19s gpu=0.00s conv=0.01s add=0.32s train=0.98s
[t= 872.6s] rebel stream solves=558080 raw=975/s balanced=975/s debt=0 rows steps=2180 horizon=0.21 games=128 over=0 card=0 drop=0 L=0.00927 L/var=0.11 tgt=-0.017/0.287 cfg/b=27072 prep=0.15s gpu=0.00s conv=0.00s add=0.30s train=0.88s
[t= 882.6s] rebel stream solves=566272 raw=972/s balanced=972/s debt=0 rows steps=2212 horizon=0.24 games=163 over=0 card=0 drop=0 L=0.00932 L/var=0.11 tgt=-0.023/0.296 cfg/b=27666 prep=0.14s gpu=0.00s conv=0.00s add=0.29s train=0.96s
[t= 892.6s] rebel stream solves=575488 raw=971/s balanced=971/s debt=0 rows steps=2248 horizon=0.06 games=160 over=0 card=0 drop=0 L=0.00893 L/var=0.10 tgt=-0.020/0.294 cfg/b=28106 prep=0.18s gpu=0.00s conv=0.01s add=0.38s train=1.13s
[t= 902.6s] rebel stream solves=584704 raw=971/s balanced=971/s debt=0 rows steps=2284 horizon=0.18 games=159 over=0 card=0 drop=0 L=0.00954 L/var=0.11 tgt=-0.021/0.295 cfg/b=27945 prep=0.18s gpu=0.00s conv=0.01s add=0.39s train=1.10s
[t= 912.6s] rebel stream solves=591872 raw=966/s balanced=966/s debt=0 rows steps=2312 horizon=0.00 games=94 over=0 card=0 drop=0 L=0.00949 L/var=0.10 tgt=-0.032/0.307 cfg/b=28438 prep=0.13s gpu=0.00s conv=0.01s add=0.30s train=0.85s
[t= 922.7s] rebel stream solves=600064 raw=964/s balanced=964/s debt=0 rows steps=2344 horizon=0.01 games=132 over=0 card=0 drop=0 L=0.00922 L/var=0.10 tgt=-0.028/0.303 cfg/b=28597 prep=0.14s gpu=0.00s conv=0.01s add=0.31s train=0.92s
[t= 932.7s] rebel stream solves=608256 raw=962/s balanced=962/s debt=0 rows steps=2376 horizon=0.28 games=133 over=0 card=0 drop=0 L=0.00896 L/var=0.10 tgt=-0.029/0.300 cfg/b=29174 prep=0.18s gpu=0.00s conv=0.01s add=0.33s train=0.99s
[t= 942.7s] rebel stream solves=613376 raw=955/s balanced=955/s debt=0 rows steps=2396 horizon=0.03 games=93 over=1 card=0 drop=0 L=0.00905 L/var=0.10 tgt=-0.030/0.304 cfg/b=29162 prep=0.24s gpu=0.00s conv=0.00s add=0.21s train=0.78s
[t= 952.8s] rebel stream solves=620544 raw=951/s balanced=951/s debt=0 rows steps=2424 horizon=0.35 games=165 over=1 card=0 drop=0 L=0.00981 L/var=0.11 tgt=-0.020/0.296 cfg/b=28940 prep=0.13s gpu=0.00s conv=0.01s add=0.26s train=0.82s
[t= 962.8s] rebel stream solves=627712 raw=947/s balanced=947/s debt=0 rows steps=2452 horizon=0.13 games=122 over=1 card=0 drop=0 L=0.00936 L/var=0.10 tgt=-0.030/0.304 cfg/b=29098 prep=0.13s gpu=0.00s conv=0.01s add=0.30s train=0.81s
[t= 972.8s] rebel stream solves=633856 raw=942/s balanced=942/s debt=0 rows steps=2476 horizon=0.14 games=126 over=1 card=0 drop=0 L=0.00926 L/var=0.10 tgt=-0.023/0.308 cfg/b=29682 prep=0.12s gpu=0.00s conv=0.01s add=0.22s train=0.68s
[t= 982.8s] rebel stream solves=641024 raw=939/s balanced=939/s debt=0 rows steps=2504 horizon=0.01 games=117 over=1 card=0 drop=0 L=0.00970 L/var=0.11 tgt=-0.028/0.299 cfg/b=29925 prep=0.14s gpu=0.00s conv=0.01s add=0.28s train=0.82s
[t= 992.8s] rebel stream solves=647168 raw=934/s balanced=934/s debt=0 rows steps=2528 horizon=0.16 games=113 over=1 card=0 drop=0 L=0.00935 L/var=0.10 tgt=-0.031/0.306 cfg/b=30132 prep=0.18s gpu=0.00s conv=0.00s add=0.25s train=0.76s
[t=1002.9s] rebel stream solves=654336 raw=931/s balanced=931/s debt=0 rows steps=2556 horizon=0.02 games=117 over=1 card=0 drop=0 L=0.00912 L/var=0.10 tgt=-0.033/0.309 cfg/b=30593 prep=0.13s gpu=0.00s conv=0.01s add=0.32s train=0.84s
[t=1012.9s] rebel stream solves=661504 raw=928/s balanced=928/s debt=0 rows steps=2584 horizon=0.04 games=107 over=1 card=0 drop=0 L=0.00970 L/var=0.11 tgt=-0.027/0.301 cfg/b=30834 prep=0.16s gpu=0.00s conv=0.01s add=0.34s train=0.85s
[t=1020.3s] --- snapshot snap_02.pt (s2) ---
[t=1022.9s] rebel stream solves=668672 raw=925/s balanced=925/s debt=0 rows steps=2612 horizon=0.00 games=108 over=1 card=0 drop=0 L=0.00957 L/var=0.10 tgt=-0.031/0.308 cfg/b=31596 prep=0.10s gpu=0.00s conv=0.00s add=0.28s train=0.75s
[t=1032.9s] rebel stream solves=675840 raw=922/s balanced=922/s debt=0 rows steps=2640 horizon=0.12 games=131 over=1 card=0 drop=0 L=0.00917 L/var=0.10 tgt=-0.029/0.306 cfg/b=32064 prep=0.15s gpu=0.00s conv=0.01s add=0.31s train=0.88s
[t=1042.9s] rebel stream solves=680960 raw=917/s balanced=917/s debt=0 rows steps=2660 horizon=0.00 games=84 over=1 card=0 drop=0 L=0.00975 L/var=0.10 tgt=-0.020/0.307 cfg/b=31689 prep=0.10s gpu=0.00s conv=0.01s add=0.23s train=0.62s
[t=1053.0s] rebel stream solves=687104 raw=913/s balanced=913/s debt=0 rows steps=2684 horizon=0.00 games=99 over=1 card=0 drop=0 L=0.00923 L/var=0.10 tgt=-0.021/0.305 cfg/b=31933 prep=0.11s gpu=0.00s conv=0.01s add=0.28s train=0.71s
[t=1063.0s] rebel stream solves=693248 raw=909/s balanced=909/s debt=0 rows steps=2708 horizon=0.14 games=99 over=2 card=0 drop=0 L=0.00980 L/var=0.11 tgt=-0.029/0.304 cfg/b=32361 prep=0.15s gpu=0.00s conv=0.01s add=0.28s train=0.75s
[t=1073.0s] rebel stream solves=701440 raw=908/s balanced=908/s debt=0 rows steps=2740 horizon=0.21 games=150 over=2 card=0 drop=0 L=0.00920 L/var=0.10 tgt=-0.027/0.308 cfg/b=32077 prep=0.17s gpu=0.00s conv=0.01s add=0.36s train=1.01s
[t=1083.1s] rebel stream solves=708608 raw=905/s balanced=905/s debt=0 rows steps=2768 horizon=0.04 games=104 over=2 card=0 drop=0 L=0.00938 L/var=0.10 tgt=-0.027/0.312 cfg/b=32032 prep=0.12s gpu=0.00s conv=0.01s add=0.30s train=0.81s
[t=1093.1s] rebel stream solves=716800 raw=904/s balanced=904/s debt=0 rows steps=2800 horizon=0.02 games=118 over=2 card=0 drop=0 L=0.00912 L/var=0.09 tgt=-0.023/0.321 cfg/b=32194 prep=0.14s gpu=0.00s conv=0.01s add=0.31s train=0.92s
[t=1103.1s] rebel stream solves=724992 raw=903/s balanced=903/s debt=0 rows steps=2832 horizon=0.12 games=153 over=2 card=0 drop=0 L=0.00908 L/var=0.09 tgt=-0.022/0.323 cfg/b=32622 prep=0.13s gpu=0.00s conv=0.01s add=0.33s train=0.91s
[t=1113.1s] rebel stream solves=732160 raw=901/s balanced=901/s debt=0 rows steps=2860 horizon=0.02 games=128 over=2 card=0 drop=0 L=0.00918 L/var=0.09 tgt=-0.030/0.326 cfg/b=32214 prep=0.14s gpu=0.00s conv=0.01s add=0.34s train=0.83s
[t=1123.1s] rebel stream solves=739328 raw=898/s balanced=898/s debt=0 rows steps=2888 horizon=0.04 games=140 over=2 card=0 drop=0 L=0.00940 L/var=0.09 tgt=-0.037/0.322 cfg/b=32556 prep=0.13s gpu=0.00s conv=0.01s add=0.33s train=0.81s
[t=1133.2s] rebel stream solves=747520 raw=897/s balanced=897/s debt=0 rows steps=2920 horizon=0.05 games=130 over=2 card=0 drop=0 L=0.00917 L/var=0.09 tgt=-0.030/0.314 cfg/b=33371 prep=0.17s gpu=0.00s conv=0.01s add=0.35s train=1.00s
[t=1143.2s] rebel stream solves=754688 raw=895/s balanced=895/s debt=0 rows steps=2948 horizon=0.05 games=104 over=2 card=0 drop=0 L=0.00940 L/var=0.09 tgt=-0.023/0.318 cfg/b=33548 prep=0.12s gpu=0.00s conv=0.01s add=0.35s train=0.81s
[t=1153.2s] rebel stream solves=761856 raw=893/s balanced=893/s debt=0 rows steps=2976 horizon=0.17 games=132 over=2 card=0 drop=0 L=0.00954 L/var=0.09 tgt=-0.027/0.322 cfg/b=33482 prep=0.14s gpu=0.00s conv=0.01s add=0.36s train=0.83s
[t=1163.7s] rebel stream solves=770048 raw=892/s balanced=892/s debt=0 rows steps=3008 horizon=0.11 games=140 over=2 card=0 drop=0 L=0.00944 L/var=0.09 tgt=-0.023/0.325 cfg/b=34003 prep=0.16s gpu=0.00s conv=0.01s add=0.36s train=0.96s
[t=1173.9s] rebel stream solves=778240 raw=891/s balanced=891/s debt=0 rows steps=3040 horizon=0.06 games=143 over=2 card=0 drop=0 L=0.00936 L/var=0.09 tgt=-0.024/0.319 cfg/b=34469 prep=0.17s gpu=0.00s conv=0.01s add=0.33s train=0.97s
[t=1183.9s] rebel stream solves=785408 raw=889/s balanced=889/s debt=0 rows steps=3068 horizon=0.03 games=118 over=2 card=0 drop=0 L=0.00922 L/var=0.09 tgt=-0.027/0.325 cfg/b=33989 prep=0.15s gpu=0.00s conv=0.01s add=0.28s train=0.84s
[t=1193.9s] rebel stream solves=792576 raw=887/s balanced=887/s debt=0 rows steps=3096 horizon=0.04 games=140 over=2 card=0 drop=0 L=0.00937 L/var=0.09 tgt=-0.022/0.319 cfg/b=34401 prep=0.13s gpu=0.00s conv=0.01s add=0.32s train=0.85s
[t=1203.9s] rebel stream solves=800768 raw=886/s balanced=886/s debt=0 rows steps=3128 horizon=0.06 games=120 over=2 card=0 drop=0 L=0.00904 L/var=0.09 tgt=-0.021/0.320 cfg/b=34752 prep=0.19s gpu=0.00s conv=0.01s add=0.34s train=1.00s
[t=1214.0s] rebel stream solves=807936 raw=884/s balanced=884/s debt=0 rows steps=3156 horizon=0.04 games=142 over=2 card=0 drop=0 L=0.00987 L/var=0.09 tgt=-0.024/0.328 cfg/b=34616 prep=0.14s gpu=0.00s conv=0.01s add=0.31s train=0.84s
[t=1224.0s] rebel stream solves=816128 raw=883/s balanced=883/s debt=0 rows steps=3188 horizon=0.05 games=136 over=2 card=0 drop=0 L=0.00953 L/var=0.09 tgt=-0.027/0.333 cfg/b=34798 prep=0.15s gpu=0.00s conv=0.01s add=0.32s train=0.94s
[t=1234.0s] rebel stream solves=823296 raw=882/s balanced=882/s debt=0 rows steps=3216 horizon=0.07 games=140 over=2 card=0 drop=0 L=0.01013 L/var=0.09 tgt=-0.027/0.335 cfg/b=35341 prep=0.12s gpu=0.00s conv=0.01s add=0.29s train=0.82s
[t=1244.0s] rebel stream solves=831488 raw=881/s balanced=881/s debt=0 rows steps=3248 horizon=0.04 games=138 over=2 card=0 drop=0 L=0.00994 L/var=0.09 tgt=-0.031/0.329 cfg/b=34911 prep=0.18s gpu=0.00s conv=0.01s add=0.35s train=0.98s
[t=1254.0s] rebel stream solves=838656 raw=879/s balanced=879/s debt=0 rows steps=3276 horizon=0.06 games=137 over=2 card=0 drop=0 L=0.01025 L/var=0.09 tgt=-0.027/0.331 cfg/b=35252 prep=0.12s gpu=0.00s conv=0.01s add=0.36s train=0.82s
[t=1264.1s] rebel stream solves=846848 raw=879/s balanced=879/s debt=0 rows steps=3308 horizon=0.07 games=155 over=2 card=0 drop=0 L=0.01007 L/var=0.09 tgt=-0.023/0.326 cfg/b=34834 prep=0.19s gpu=0.00s conv=0.01s add=0.37s train=1.01s
[t=1274.1s] rebel stream solves=854016 raw=877/s balanced=877/s debt=0 rows steps=3336 horizon=0.07 games=114 over=2 card=0 drop=0 L=0.00998 L/var=0.09 tgt=-0.023/0.327 cfg/b=35967 prep=0.11s gpu=0.00s conv=0.01s add=0.33s train=0.81s
[t=1284.1s] rebel stream solves=861184 raw=875/s balanced=875/s debt=0 rows steps=3364 horizon=0.06 games=110 over=2 card=0 drop=0 L=0.00988 L/var=0.09 tgt=-0.028/0.331 cfg/b=35368 prep=0.11s gpu=0.00s conv=0.01s add=0.31s train=0.82s
[t=1294.2s] rebel stream solves=868352 raw=874/s balanced=874/s debt=0 rows steps=3392 horizon=0.06 games=119 over=2 card=0 drop=0 L=0.00953 L/var=0.08 tgt=-0.028/0.337 cfg/b=35757 prep=0.13s gpu=0.00s conv=0.01s add=0.30s train=0.84s
[t=1304.2s] rebel stream solves=876544 raw=873/s balanced=873/s debt=0 rows steps=3424 horizon=0.04 games=131 over=2 card=0 drop=0 L=0.00992 L/var=0.08 tgt=-0.026/0.342 cfg/b=34700 prep=0.15s gpu=0.00s conv=0.01s add=0.35s train=0.92s
[t=1305.2s] --- lr -> 2.50e-04 ---
[t=1314.2s] rebel stream solves=884736 raw=872/s balanced=872/s debt=0 rows steps=3456 horizon=0.08 games=134 over=2 card=0 drop=0 L=0.00932 L/var=0.08 tgt=-0.019/0.339 cfg/b=35742 prep=0.18s gpu=0.00s conv=0.01s add=0.38s train=0.98s
[t=1324.3s] rebel stream solves=892928 raw=872/s balanced=872/s debt=0 rows steps=3488 horizon=0.05 games=149 over=2 card=0 drop=0 L=0.00921 L/var=0.08 tgt=-0.022/0.345 cfg/b=35417 prep=0.15s gpu=0.00s conv=0.01s add=0.37s train=0.95s
[t=1334.3s] rebel stream solves=901120 raw=871/s balanced=871/s debt=0 rows steps=3520 horizon=0.10 games=143 over=2 card=0 drop=0 L=0.01012 L/var=0.08 tgt=-0.022/0.347 cfg/b=36336 prep=0.16s gpu=0.00s conv=0.01s add=0.37s train=0.97s
[t=1344.3s] rebel stream solves=908288 raw=870/s balanced=870/s debt=0 rows steps=3548 horizon=0.05 games=143 over=2 card=0 drop=0 L=0.00995 L/var=0.08 tgt=-0.015/0.345 cfg/b=36042 prep=0.12s gpu=0.00s conv=0.01s add=0.35s train=0.82s
[t=1354.3s] rebel stream solves=916480 raw=869/s balanced=869/s debt=0 rows steps=3580 horizon=0.08 games=136 over=2 card=0 drop=0 L=0.00977 L/var=0.08 tgt=-0.018/0.347 cfg/b=36275 prep=0.14s gpu=0.00s conv=0.01s add=0.36s train=0.94s
[t=1364.3s] rebel stream solves=924672 raw=869/s balanced=869/s debt=0 rows steps=3612 horizon=0.04 games=158 over=2 card=0 drop=0 L=0.00992 L/var=0.08 tgt=-0.027/0.344 cfg/b=35930 prep=0.19s gpu=0.00s conv=0.01s add=0.34s train=1.00s
[t=1374.3s] rebel stream solves=932864 raw=868/s balanced=868/s debt=0 rows steps=3644 horizon=0.04 games=140 over=2 card=0 drop=0 L=0.01001 L/var=0.09 tgt=-0.022/0.339 cfg/b=35790 prep=0.16s gpu=0.00s conv=0.01s add=0.38s train=0.99s
[t=1380.3s] --- snapshot snap_03.pt (s3) ---
[t=1384.4s] rebel stream solves=940032 raw=867/s balanced=867/s debt=0 rows steps=3672 horizon=0.04 games=137 over=2 card=0 drop=0 L=0.01001 L/var=0.08 tgt=-0.024/0.346 cfg/b=35924 prep=0.12s gpu=0.00s conv=0.01s add=0.29s train=0.79s
[t=1394.4s] rebel stream solves=947200 raw=866/s balanced=866/s debt=0 rows steps=3700 horizon=0.06 games=125 over=2 card=0 drop=0 L=0.01024 L/var=0.09 tgt=-0.021/0.343 cfg/b=35963 prep=0.13s gpu=0.00s conv=0.01s add=0.31s train=0.83s
[t=1404.6s] rebel stream solves=954368 raw=864/s balanced=864/s debt=0 rows steps=3728 horizon=0.03 games=108 over=3 card=0 drop=0 L=0.01000 L/var=0.08 tgt=-0.033/0.345 cfg/b=36185 prep=0.14s gpu=0.00s conv=0.01s add=0.37s train=0.88s
[t=1414.6s] rebel stream solves=960512 raw=862/s balanced=862/s debt=0 rows steps=3752 horizon=0.04 games=109 over=3 card=0 drop=0 L=0.00927 L/var=0.08 tgt=-0.028/0.348 cfg/b=36213 prep=0.12s gpu=0.00s conv=0.01s add=0.30s train=0.74s
[t=1424.9s] rebel stream solves=966656 raw=859/s balanced=859/s debt=0 rows steps=3776 horizon=0.07 games=120 over=3 card=0 drop=0 L=0.00999 L/var=0.08 tgt=-0.037/0.352 cfg/b=36521 prep=0.11s gpu=0.00s conv=0.01s add=0.31s train=0.70s
[t=1434.9s] rebel stream solves=972800 raw=857/s balanced=857/s debt=0 rows steps=3800 horizon=0.07 games=121 over=3 card=0 drop=0 L=0.00973 L/var=0.08 tgt=-0.023/0.346 cfg/b=36493 prep=0.11s gpu=0.00s conv=0.01s add=0.29s train=0.72s
[t=1445.0s] rebel stream solves=979968 raw=856/s balanced=856/s debt=0 rows steps=3828 horizon=0.05 games=112 over=3 card=0 drop=0 L=0.00976 L/var=0.08 tgt=-0.031/0.350 cfg/b=36113 prep=0.17s gpu=0.00s conv=0.01s add=0.34s train=0.86s
[t=1455.0s] rebel stream solves=987136 raw=855/s balanced=855/s debt=0 rows steps=3856 horizon=0.09 games=130 over=3 card=0 drop=0 L=0.00981 L/var=0.08 tgt=-0.036/0.347 cfg/b=36625 prep=0.13s gpu=0.00s conv=0.01s add=0.33s train=0.81s
[t=1465.0s] rebel stream solves=994304 raw=854/s balanced=854/s debt=0 rows steps=3884 horizon=0.06 games=129 over=3 card=0 drop=0 L=0.00981 L/var=0.08 tgt=-0.027/0.344 cfg/b=36062 prep=0.13s gpu=0.00s conv=0.01s add=0.38s train=0.83s
[t=1475.0s] rebel stream solves=1001472 raw=852/s balanced=852/s debt=0 rows steps=3912 horizon=0.04 games=128 over=3 card=0 drop=0 L=0.01018 L/var=0.08 tgt=-0.036/0.349 cfg/b=36362 prep=0.13s gpu=0.00s conv=0.01s add=0.35s train=0.85s
[t=1485.1s] rebel stream solves=1008640 raw=851/s balanced=851/s debt=0 rows steps=3940 horizon=0.06 games=127 over=3 card=0 drop=0 L=0.01014 L/var=0.08 tgt=-0.028/0.348 cfg/b=36886 prep=0.12s gpu=0.00s conv=0.01s add=0.35s train=0.81s
[t=1495.1s] rebel stream solves=1015808 raw=850/s balanced=850/s debt=0 rows steps=3968 horizon=0.08 games=139 over=3 card=0 drop=0 L=0.00998 L/var=0.08 tgt=-0.027/0.346 cfg/b=35933 prep=0.11s gpu=0.00s conv=0.01s add=0.30s train=0.78s
[t=1505.2s] rebel stream solves=1024000 raw=850/s balanced=850/s debt=0 rows steps=4000 horizon=0.08 games=142 over=3 card=0 drop=0 L=0.00994 L/var=0.08 tgt=-0.028/0.357 cfg/b=36392 prep=0.13s gpu=0.00s conv=0.01s add=0.37s train=0.93s
[t=1515.3s] rebel stream solves=1032192 raw=849/s balanced=849/s debt=0 rows steps=4032 horizon=0.06 games=141 over=3 card=0 drop=0 L=0.01012 L/var=0.08 tgt=-0.028/0.353 cfg/b=36578 prep=0.14s gpu=0.00s conv=0.01s add=0.34s train=0.92s
[t=1525.4s] rebel stream solves=1040384 raw=849/s balanced=849/s debt=0 rows steps=4064 horizon=0.06 games=153 over=3 card=0 drop=0 L=0.01054 L/var=0.09 tgt=-0.025/0.351 cfg/b=36251 prep=0.13s gpu=0.00s conv=0.01s add=0.32s train=0.93s
[t=1535.4s] rebel stream solves=1047552 raw=848/s balanced=848/s debt=0 rows steps=4092 horizon=0.09 games=118 over=3 card=0 drop=0 L=0.01003 L/var=0.08 tgt=-0.019/0.360 cfg/b=35972 prep=0.18s gpu=0.00s conv=0.01s add=0.33s train=0.90s
[t=1545.4s] rebel stream solves=1054720 raw=847/s balanced=847/s debt=0 rows steps=4120 horizon=0.08 games=121 over=3 card=0 drop=0 L=0.01032 L/var=0.08 tgt=-0.021/0.360 cfg/b=36394 prep=0.13s gpu=0.00s conv=0.00s add=0.34s train=0.84s
[t=1555.5s] rebel stream solves=1062912 raw=847/s balanced=847/s debt=0 rows steps=4152 horizon=0.08 games=141 over=3 card=0 drop=0 L=0.00940 L/var=0.07 tgt=-0.023/0.365 cfg/b=35580 prep=0.15s gpu=0.00s conv=0.01s add=0.35s train=0.97s
[t=1565.5s] rebel stream solves=1071104 raw=847/s balanced=847/s debt=0 rows steps=4184 horizon=0.04 games=139 over=3 card=0 drop=0 L=0.00964 L/var=0.08 tgt=-0.025/0.355 cfg/b=36071 prep=0.13s gpu=0.00s conv=0.01s add=0.38s train=0.93s
[t=1575.5s] rebel stream solves=1080320 raw=847/s balanced=847/s debt=0 rows steps=4220 horizon=0.07 games=169 over=3 card=0 drop=0 L=0.00966 L/var=0.08 tgt=-0.026/0.358 cfg/b=35676 prep=0.18s gpu=0.00s conv=0.01s add=0.40s train=1.11s
[t=1585.5s] rebel stream solves=1088512 raw=847/s balanced=847/s debt=0 rows steps=4252 horizon=0.06 games=122 over=3 card=0 drop=0 L=0.00908 L/var=0.07 tgt=-0.024/0.368 cfg/b=36087 prep=0.15s gpu=0.00s conv=0.01s add=0.38s train=0.95s
[t=1595.5s] rebel stream solves=1095680 raw=846/s balanced=846/s debt=0 rows steps=4280 horizon=0.08 games=141 over=3 card=0 drop=0 L=0.00980 L/var=0.07 tgt=-0.018/0.365 cfg/b=35548 prep=0.12s gpu=0.00s conv=0.01s add=0.36s train=0.83s
[t=1605.6s] rebel stream solves=1102848 raw=845/s balanced=845/s debt=0 rows steps=4308 horizon=0.07 games=111 over=3 card=0 drop=0 L=0.00975 L/var=0.07 tgt=-0.019/0.366 cfg/b=36176 prep=0.20s gpu=0.00s conv=0.01s add=0.32s train=0.92s
[t=1615.6s] rebel stream solves=1111040 raw=845/s balanced=845/s debt=0 rows steps=4340 horizon=0.06 games=144 over=3 card=0 drop=0 L=0.00960 L/var=0.07 tgt=-0.019/0.368 cfg/b=35980 prep=0.14s gpu=0.00s conv=0.01s add=0.35s train=0.94s
[t=1625.6s] rebel stream solves=1119232 raw=844/s balanced=844/s debt=0 rows steps=4372 horizon=0.05 games=149 over=3 card=0 drop=0 L=0.01012 L/var=0.07 tgt=-0.024/0.378 cfg/b=35771 prep=0.14s gpu=0.00s conv=0.01s add=0.40s train=0.95s
[t=1635.6s] rebel stream solves=1127424 raw=844/s balanced=844/s debt=0 rows steps=4404 horizon=0.09 games=138 over=3 card=0 drop=0 L=0.00980 L/var=0.07 tgt=-0.019/0.373 cfg/b=36419 prep=0.13s gpu=0.00s conv=0.01s add=0.41s train=0.95s
[t=1645.7s] rebel stream solves=1135616 raw=844/s balanced=844/s debt=0 rows steps=4436 horizon=0.05 games=149 over=3 card=0 drop=0 L=0.00972 L/var=0.07 tgt=-0.021/0.370 cfg/b=35699 prep=0.17s gpu=0.00s conv=0.01s add=0.35s train=0.99s
[t=1655.7s] rebel stream solves=1143808 raw=844/s balanced=844/s debt=0 rows steps=4468 horizon=0.06 games=163 over=3 card=0 drop=0 L=0.01002 L/var=0.07 tgt=-0.024/0.377 cfg/b=35973 prep=0.13s gpu=0.00s conv=0.01s add=0.35s train=0.93s
[t=1665.7s] rebel stream solves=1152000 raw=844/s balanced=844/s debt=0 rows steps=4500 horizon=0.07 games=108 over=3 card=0 drop=0 L=0.00996 L/var=0.07 tgt=-0.024/0.374 cfg/b=35944 prep=0.16s gpu=0.00s conv=0.01s add=0.38s train=1.01s
[t=1675.7s] rebel stream solves=1160192 raw=843/s balanced=843/s debt=0 rows steps=4532 horizon=0.04 games=133 over=3 card=0 drop=0 L=0.00992 L/var=0.07 tgt=-0.025/0.380 cfg/b=36200 prep=0.15s gpu=0.00s conv=0.01s add=0.38s train=0.97s
[t=1685.8s] rebel stream solves=1168384 raw=843/s balanced=843/s debt=0 rows steps=4564 horizon=0.05 games=152 over=3 card=0 drop=0 L=0.00964 L/var=0.06 tgt=-0.035/0.395 cfg/b=35909 prep=0.18s gpu=0.00s conv=0.01s add=0.33s train=0.97s
[t=1695.8s] rebel stream solves=1176576 raw=843/s balanced=843/s debt=0 rows steps=4596 horizon=0.05 games=125 over=3 card=0 drop=0 L=0.00999 L/var=0.06 tgt=-0.024/0.395 cfg/b=36037 prep=0.17s gpu=0.00s conv=0.01s add=0.38s train=0.97s
[t=1705.8s] rebel stream solves=1185792 raw=844/s balanced=844/s debt=0 rows steps=4632 horizon=0.10 games=188 over=3 card=0 drop=0 L=0.01006 L/var=0.06 tgt=-0.016/0.394 cfg/b=36111 prep=0.18s gpu=0.00s conv=0.01s add=0.40s train=1.11s
[t=1715.8s] rebel stream solves=1193984 raw=843/s balanced=843/s debt=0 rows steps=4664 horizon=0.05 games=135 over=3 card=0 drop=0 L=0.00972 L/var=0.06 tgt=-0.022/0.398 cfg/b=35898 prep=0.16s gpu=0.00s conv=0.01s add=0.33s train=0.96s
[t=1725.8s] rebel stream solves=1203200 raw=844/s balanced=844/s debt=0 rows steps=4700 horizon=0.04 games=167 over=3 card=0 drop=0 L=0.00990 L/var=0.06 tgt=-0.021/0.399 cfg/b=36615 prep=0.19s gpu=0.00s conv=0.01s add=0.45s train=1.09s
[t=1735.8s] rebel stream solves=1211392 raw=844/s balanced=844/s debt=0 rows steps=4732 horizon=0.06 games=161 over=3 card=0 drop=0 L=0.00983 L/var=0.06 tgt=-0.016/0.397 cfg/b=36440 prep=0.14s gpu=0.00s conv=0.01s add=0.39s train=0.95s
[t=1740.4s] --- snapshot snap_04.pt (s4) ---
[t=1745.9s] rebel stream solves=1219584 raw=844/s balanced=844/s debt=0 rows steps=4764 horizon=0.04 games=132 over=3 card=0 drop=0 L=0.01002 L/var=0.07 tgt=-0.017/0.387 cfg/b=36214 prep=0.14s gpu=0.00s conv=0.01s add=0.39s train=0.95s
[t=1756.0s] rebel stream solves=1228800 raw=844/s balanced=844/s debt=0 rows steps=4800 horizon=0.04 games=156 over=3 card=0 drop=0 L=0.01046 L/var=0.07 tgt=-0.011/0.382 cfg/b=36364 prep=0.18s gpu=0.00s conv=0.01s add=0.44s train=1.07s
[t=1766.0s] rebel stream solves=1236992 raw=844/s balanced=844/s debt=0 rows steps=4832 horizon=0.09 games=166 over=3 card=0 drop=0 L=0.00980 L/var=0.07 tgt=-0.003/0.384 cfg/b=36015 prep=0.14s gpu=0.00s conv=0.01s add=0.38s train=0.94s
[t=1776.0s] rebel stream solves=1246208 raw=844/s balanced=844/s debt=0 rows steps=4868 horizon=0.08 games=150 over=3 card=0 drop=0 L=0.01019 L/var=0.07 tgt=-0.011/0.382 cfg/b=35914 prep=0.15s gpu=0.00s conv=0.01s add=0.39s train=1.04s
[t=1780.2s] --- stopping GPU admission; draining ---
[t=1783.3s] rebel stream solves=1251579 raw=844/s balanced=844/s debt=1004 rows steps=4888 horizon=0.06 games=114 over=3 card=0 drop=0 L=0.00964 L/var=0.07 tgt=-0.009/0.383 cfg/b=35817 prep=0.11s gpu=0.00s conv=0.01s add=0.23s train=0.67s
[gpu-summary] solves=1251579 optimizer_rows=5005312 debt=1004 raw=834.5/s balanced=834.3/s horizon=0.06 games=18543 over=3 card=0 exact=0 censored=4608 dropped=0 overrun=0.00s
[ladder] 6 players, 200 games (20/batch, cap 40/pair)
  seed                    greedy vs odd.init                 W  7 L  4 D  9  n= 20  score 0.575
  seed                    greedy vs odd.final                W  0 L 19 D  1  n= 20  score 0.025  stop
  seed                  odd.init vs odd.s1                   W  3 L 14 D  3  n= 20  score 0.225
  seed                    odd.s1 vs odd.s2                   W  3 L 17 D  0  n= 20  score 0.150  stop
  seed                    odd.s2 vs odd.s3                   W  7 L 12 D  1  n= 20  score 0.375
  seed                    odd.s3 vs odd.final                W  8 L 10 D  2  n= 20  score 0.450
  swiss                   odd.s3 vs odd.final                W  6 L  8 D  6  n= 40  score 0.450
  swiss                   greedy vs odd.init                 W 12 L  3 D  5  n= 40  score 0.650
  swiss                   odd.s2 vs odd.s3                   W  4 L 13 D  3  n= 40  score 0.325
  swiss                   greedy vs odd.s1                   W  2 L 14 D  4  n= 20  score 0.200

=== Elo (runs/odd, greedy = 0) ===
                      player   trained     elo   95%   score
                   odd.final   29.0min     578   105   0.692
                      odd.s3   23.0min     549    78   0.562
                      odd.s2   17.0min     431    99   0.500
                      odd.s1   11.0min     167   108   0.575
                      greedy         -       0    91   0.381
                    odd.init    5.0min     -86    96   0.308
[report] runs/odd/report.html
