v5 GEMM compute=fast-f16
{"phase": "live", "seconds": 10.065, "solves": 18432, "solves_per_s": 1831.2, "oversize_routes": 0, "card_exclusive_routes": 0}
{"phase": "live", "seconds": 20.189, "solves": 44032, "solves_per_s": 2181.0, "oversize_routes": 0, "card_exclusive_routes": 0}
v5_arena_guard device=0 lane=0 helper=4 mutable_mib=4096.0 table_mib=128.0 reserved_mib=4224.0 drain_ms=1197.8 trim_ms=0.2 solve_ms=564.1
{"phase": "live", "seconds": 30.194, "solves": 52224, "solves_per_s": 1729.6, "oversize_routes": 1, "card_exclusive_routes": 0}
v5_arena_guard device=0 lane=0 helper=2 mutable_mib=4096.0 table_mib=256.0 reserved_mib=4352.0 drain_ms=1996.0 trim_ms=0.2 solve_ms=694.9
v5_arena_guard device=1 lane=0 helper=2 mutable_mib=4096.0 table_mib=256.0 reserved_mib=4352.0 drain_ms=2203.0 trim_ms=0.2 solve_ms=871.2
{"phase": "live", "seconds": 40.109, "solves": 56320, "solves_per_s": 1404.2, "oversize_routes": 3, "card_exclusive_routes": 0}
{"phase": "live", "seconds": 50.062, "solves": 64512, "solves_per_s": 1288.6, "oversize_routes": 3, "card_exclusive_routes": 0}
v5_arena_guard device=1 lane=0 helper=1 mutable_mib=4096.0 table_mib=64.0 reserved_mib=4160.0 drain_ms=1195.4 trim_ms=0.2 solve_ms=413.5
v5_arena_guard device=1 lane=0 helper=1 mutable_mib=4096.0 table_mib=128.0 reserved_mib=4224.0 drain_ms=1667.0 trim_ms=0.2 solve_ms=334.2
v5_arena_guard device=0 lane=0 helper=4 mutable_mib=4096.0 table_mib=128.0 reserved_mib=4224.0 drain_ms=1921.7 trim_ms=0.2 solve_ms=458.2
{"phase": "live", "seconds": 60.142, "solves": 71680, "solves_per_s": 1191.8, "oversize_routes": 5, "card_exclusive_routes": 0}
v5_arena_guard device=0 lane=0 helper=4 mutable_mib=4096.0 table_mib=64.0 reserved_mib=4160.0 drain_ms=1461.7 trim_ms=0.6 solve_ms=266.3
v5_arena_guard device=0 lane=0 helper=1 mutable_mib=4096.0 table_mib=64.0 reserved_mib=4160.0 drain_ms=350.8 trim_ms=2.2 solve_ms=219.7
v5_arena_guard device=1 lane=0 helper=1 mutable_mib=4096.0 table_mib=64.0 reserved_mib=4160.0 drain_ms=1263.2 trim_ms=1.8 solve_ms=279.2
v5_arena_guard device=1 lane=0 helper=1 mutable_mib=4096.0 table_mib=128.0 reserved_mib=4224.0 drain_ms=912.5 trim_ms=0.2 solve_ms=564.0
v5_arena_guard device=0 lane=0 helper=4 mutable_mib=4096.0 table_mib=64.0 reserved_mib=4160.0 drain_ms=1286.2 trim_ms=0.2 solve_ms=280.6
v5_arena_guard device=1 lane=0 helper=1 mutable_mib=4096.0 table_mib=64.0 reserved_mib=4160.0 drain_ms=1222.3 trim_ms=1.6 solve_ms=255.3
{"phase": "live", "seconds": 70.035, "solves": 77824, "solves_per_s": 1111.2, "oversize_routes": 10, "card_exclusive_routes": 0}
v5_arena_guard device=1 lane=0 helper=3 mutable_mib=4096.0 table_mib=64.0 reserved_mib=4160.0 drain_ms=942.8 trim_ms=0.2 solve_ms=352.5
v5_arena_guard device=1 lane=0 helper=1 mutable_mib=4096.0 table_mib=128.0 reserved_mib=4224.0 drain_ms=1409.1 trim_ms=0.2 solve_ms=575.3
{"phase": "live", "seconds": 80.052, "solves": 84992, "solves_per_s": 1061.7, "oversize_routes": 13, "card_exclusive_routes": 0}
{"phase": "live", "seconds": 90.115, "solves": 91136, "solves_per_s": 1011.3, "oversize_routes": 13, "card_exclusive_routes": 0}
{"phase": "prestop", "solves": 91136, "games": 10, "decisions": 282697, "oversize_routes": 13, "card_exclusive_routes": 0, "exact_fallbacks": 0, "censored_games": 0, "dropped": 0, "node_caps": 33, "seconds": 90.11546943697613, "solves_per_s": 1011.3}
{"phase": "drained", "solves": 92681, "games": 21, "decisions": 296814, "oversize_routes": 14, "card_exclusive_routes": 0, "exact_fallbacks": 0, "censored_games": 4608, "dropped": 0, "node_caps": 216, "seconds": 114.044, "solves_per_s": 812.7}
