[train] runs/gt_v9_target at 1feb485+dirty seed=1 {'minutes': 1.0, 'warm_minutes': 0.2, 'snapshot_every': 1.0, 'ladder_games': 0, 'nodes': 64, 'expand': 1, 'iters': 8, 'gen_workers': 36, 'gen_solves': 1, 'gpu_inference': False, 'note': 'v9-cpu-eight-iteration-target'}
[train] v9-cpu-eight-iteration-target
[cpu] pinned to 36 physical cores
[train] CUDA stream priority -1
[train] search inference on CPU
[cfg] PUBFEAT=897 CFEAT=15 architecture=gt-cfr nodes=64 expand=1 iters=8 budget=60s warm=12s snapshot_every=1min device=cuda:1 draft=random train_gen_ratio=64.0 recent_mix=0.5/0.2 canonical_views=2 cap=2000000 matmul=high
[t=   1.3s] greedy ep  0 games=  96 dec= 18968 rows= 18118 horizon=0.30 L=1.21879 L/var=8.28 tgt=-0.065/0.384 pstd=0.027 gen=0.1s train=1.1s
[t=   2.2s] greedy ep  1 games=  96 dec= 18844 rows= 18051 horizon=0.33 L=0.22443 L/var=1.29 tgt=-0.083/0.417 pstd=0.101 gen=0.1s train=0.6s
[t=   3.0s] greedy ep  2 games=  96 dec= 18181 rows= 17414 horizon=0.27 L=0.22551 L/var=1.43 tgt=-0.076/0.397 pstd=0.148 gen=0.1s train=0.6s
[t=   3.9s] greedy ep  3 games=  96 dec= 17989 rows= 17120 horizon=0.26 L=0.25729 L/var=1.70 tgt=-0.077/0.389 pstd=0.085 gen=0.1s train=0.7s
[t=   4.8s] greedy ep  4 games=  96 dec= 18823 rows= 18078 horizon=0.29 L=0.25948 L/var=1.69 tgt=-0.064/0.392 pstd=0.077 gen=0.1s train=0.7s
[t=   5.8s] greedy ep  5 games=  96 dec= 18924 rows= 18146 horizon=0.33 L=0.22258 L/var=1.51 tgt=-0.051/0.384 pstd=0.086 gen=0.1s train=0.7s
[t=   6.6s] greedy ep  6 games=  96 dec= 17615 rows= 16921 horizon=0.26 L=0.21609 L/var=1.34 tgt=-0.082/0.402 pstd=0.140 gen=0.1s train=0.7s
[t=   7.6s] greedy ep  7 games=  96 dec= 18608 rows= 17786 horizon=0.36 L=0.22864 L/var=1.32 tgt=-0.092/0.417 pstd=0.126 gen=0.1s train=0.7s
[t=   8.5s] greedy ep  8 games=  96 dec= 19040 rows= 18296 horizon=0.36 L=0.22959 L/var=1.45 tgt=-0.064/0.398 pstd=0.189 gen=0.1s train=0.7s
[t=   9.4s] greedy ep  9 games=  96 dec= 18200 rows= 17459 horizon=0.27 L=0.23360 L/var=1.38 tgt=-0.090/0.411 pstd=0.087 gen=0.1s train=0.7s
[t=  10.3s] greedy ep 10 games=  96 dec= 17927 rows= 17200 horizon=0.24 L=0.23525 L/var=1.44 tgt=-0.082/0.404 pstd=0.171 gen=0.1s train=0.7s
[t=  11.3s] greedy ep 11 games=  96 dec= 17941 rows= 17162 horizon=0.28 L=0.21471 L/var=1.34 tgt=-0.100/0.400 pstd=0.162 gen=0.1s train=0.7s
[t=  12.1s] greedy ep 12 games=  96 dec= 17384 rows= 16648 horizon=0.25 L=0.18557 L/var=1.36 tgt=-0.053/0.370 pstd=0.175 gen=0.1s train=0.7s
[t=  12.1s] --- snapshot snap_00.pt (init) ---
[t=  12.1s] --- switching to GT-CFR ---
[t=  22.1s] GT-CFR solves=3744 rate=373.7/s rows=3 games=0 caps=11 L=0.00737 L/var=0.54 tgt=+0.179/0.117 gen=0.05s train=0.03s gpu=0.00s
[t=  28.0s] --- lr -> 5.00e-04 ---
[t=  32.2s] GT-CFR solves=7136 rate=356.3/s rows=3 games=0 caps=14 L=0.00905 L/var=1.20 tgt=+0.136/0.087 gen=0.05s train=0.05s gpu=0.00s
[t=  42.2s] GT-CFR solves=11024 rate=367.0/s rows=2 games=0 caps=17 L=0.00864 L/var=1.75 tgt=+0.223/0.070 gen=0.02s train=0.04s gpu=0.00s
[t=  44.3s] --- lr -> 2.50e-04 ---
[t=  52.2s] GT-CFR solves=14768 rate=368.8/s rows=9 games=0 caps=24 L=0.00873 L/var=1.75 tgt=+0.077/0.071 gen=0.03s train=0.03s gpu=0.00s
[GT-CFR-summary] solves=17904 optimizer_rows=1145856 rate=332.3/s horizon=0.16 games=96 caps=27
[t=  66.0s] --- snapshot snap_01.pt (final) ---
