[train] runs/perf_fastgemm at 9a85700+dirty seed=91 {'minutes': 4.0, 'warm_minutes': 0.0, 'init_weights': 'runs/value_v4_fullwarm30/snap_04.pt', 'ladder_games': 0, 'cap_value': 0.0, 'seed': 91, 'note': 'tensor-core-gemm-control'}
[train] tensor-core-gemm-control
[cpu] pinned to 36 physical cores
[train] CUDA stream priority -1
[gpu] solve services up on [0, 1]
[cfg] PUBFEAT=897 CFEAT=15 architecture=v4 depth=2 iters=32 budget=240s warm=0s snapshot_every=6min device=cuda:1 draft=random train_gen_ratio=4.0 recent_mix=0.5/0.2 canonical_views=2 cap=2000000 matmul=high
[t=   0.0s] --- snapshot snap_00.pt (init) ---
[t=   0.0s] --- switching to ReBeL ---
[t=  10.3s] rebel stream solves=15360 raw=1495/s balanced=1495/s debt=0 rows steps=60 horizon=0.00 games=0 over=0 card=0 drop=0 L=0.00037 L/var=9.23 tgt=+0.020/0.006 cfg/b=47658 prep=0.40s gpu=0.00s conv=0.01s add=0.49s train=3.54s
[t=  20.4s] rebel stream solves=30720 raw=1506/s balanced=1506/s debt=0 rows steps=120 horizon=0.00 games=0 over=0 card=0 drop=0 L=0.00001 L/var=3.35 tgt=+0.023/0.002 cfg/b=102693 prep=0.44s gpu=0.00s conv=0.06s add=1.17s train=2.83s
[t=  30.6s] rebel stream solves=48128 raw=1577/s balanced=1577/s debt=0 rows steps=188 horizon=0.00 games=0 over=0 card=0 drop=0 L=0.00001 L/var=1.33 tgt=+0.024/0.003 cfg/b=44007 prep=0.39s gpu=0.00s conv=0.01s add=0.39s train=2.29s
[t=  40.6s] rebel stream solves=55296 raw=1363/s balanced=1363/s debt=0 rows steps=216 horizon=0.00 games=0 over=0 card=0 drop=0 L=0.00001 L/var=2.69 tgt=+0.025/0.002 cfg/b=53538 prep=0.17s gpu=0.00s conv=0.01s add=0.28s train=0.96s
[t=  50.6s] rebel stream solves=62464 raw=1235/s balanced=1235/s debt=0 rows steps=244 horizon=0.00 games=0 over=0 card=0 drop=0 L=0.00001 L/var=3.26 tgt=+0.025/0.001 cfg/b=71830 prep=0.16s gpu=0.00s conv=0.03s add=0.73s train=1.01s
[t=  60.6s] rebel stream solves=70656 raw=1166/s balanced=1166/s debt=0 rows steps=276 horizon=0.00 games=0 over=2 card=0 drop=0 L=0.00001 L/var=2.54 tgt=+0.025/0.002 cfg/b=82573 prep=0.22s gpu=0.00s conv=0.02s add=0.47s train=1.26s
[t=  70.7s] rebel stream solves=79872 raw=1131/s balanced=1131/s debt=0 rows steps=312 horizon=0.00 games=0 over=2 card=0 drop=0 L=0.00001 L/var=2.90 tgt=+0.025/0.002 cfg/b=65155 prep=0.21s gpu=0.00s conv=0.01s add=0.41s train=1.31s
[t=  79.3s] --- lr -> 5.00e-04 ---
[t=  80.7s] rebel stream solves=87040 raw=1079/s balanced=1079/s debt=0 rows steps=340 horizon=0.00 games=0 over=3 card=0 drop=0 L=0.00002 L/var=2.11 tgt=+0.026/0.003 cfg/b=52386 prep=0.16s gpu=0.00s conv=0.01s add=0.23s train=0.96s
[t=  90.7s] rebel stream solves=94208 raw=1039/s balanced=1039/s debt=0 rows steps=368 horizon=0.00 games=0 over=5 card=0 drop=0 L=0.00002 L/var=6.39 tgt=+0.026/0.002 cfg/b=47283 prep=0.17s gpu=0.00s conv=0.00s add=0.19s train=1.01s
[t= 100.7s] rebel stream solves=99328 raw=986/s balanced=986/s debt=0 rows steps=388 horizon=0.00 games=0 over=5 card=0 drop=0 L=0.00001 L/var=6.79 tgt=+0.027/0.001 cfg/b=42728 prep=0.12s gpu=0.00s conv=0.00s add=0.19s train=0.69s
[t= 110.8s] rebel stream solves=104448 raw=943/s balanced=943/s debt=0 rows steps=408 horizon=0.00 games=0 over=11 card=0 drop=0 L=0.00001 L/var=1.29 tgt=+0.026/0.002 cfg/b=43220 prep=0.10s gpu=0.00s conv=0.00s add=0.16s train=0.67s
[t= 120.8s] rebel stream solves=108544 raw=899/s balanced=899/s debt=0 rows steps=424 horizon=0.00 games=0 over=14 card=2 drop=0 L=0.00001 L/var=1.15 tgt=+0.027/0.002 cfg/b=42237 prep=0.10s gpu=0.00s conv=0.00s add=0.11s train=0.56s
[t= 130.8s] rebel stream solves=112640 raw=861/s balanced=861/s debt=0 rows steps=440 horizon=0.00 games=0 over=26 card=2 drop=0 L=0.00000 L/var=4.42 tgt=+0.026/0.001 cfg/b=40894 prep=0.10s gpu=0.00s conv=0.00s add=0.14s train=0.56s
[t= 141.0s] rebel stream solves=118784 raw=842/s balanced=842/s debt=0 rows steps=464 horizon=0.00 games=0 over=35 card=2 drop=0 L=0.00000 L/var=1.93 tgt=+0.027/0.002 cfg/b=40935 prep=0.18s gpu=0.00s conv=0.00s add=0.16s train=0.88s
[t= 151.1s] rebel stream solves=122880 raw=814/s balanced=814/s debt=0 rows steps=480 horizon=0.00 games=0 over=39 card=2 drop=0 L=0.00001 L/var=5.70 tgt=+0.027/0.001 cfg/b=39636 prep=0.11s gpu=0.00s conv=0.00s add=0.09s train=0.59s
[t= 160.8s] --- lr -> 2.50e-04 ---
[t= 161.6s] rebel stream solves=126976 raw=786/s balanced=786/s debt=0 rows steps=496 horizon=0.00 games=0 over=54 card=2 drop=0 L=0.00000 L/var=2.65 tgt=+0.027/0.001 cfg/b=36572 prep=0.11s gpu=0.00s conv=0.01s add=0.09s train=0.58s
[t= 171.7s] rebel stream solves=131072 raw=764/s balanced=764/s debt=0 rows steps=512 horizon=0.00 games=0 over=67 card=2 drop=0 L=0.00004 L/var=0.43 tgt=+0.027/0.010 cfg/b=35360 prep=0.10s gpu=0.00s conv=0.00s add=0.08s train=0.57s
[t= 181.7s] rebel stream solves=134144 raw=738/s balanced=738/s debt=0 rows steps=524 horizon=0.00 games=1 over=77 card=2 drop=0 L=0.00006 L/var=7.91 tgt=+0.027/0.003 cfg/b=34660 prep=0.09s gpu=0.00s conv=0.00s add=0.05s train=0.45s
[t= 191.7s] rebel stream solves=137216 raw=716/s balanced=716/s debt=0 rows steps=536 horizon=0.00 games=0 over=92 card=2 drop=0 L=0.00000 L/var=0.11 tgt=+0.027/0.006 cfg/b=34264 prep=0.13s gpu=0.00s conv=0.00s add=0.05s train=0.48s
[t= 201.7s] rebel stream solves=140288 raw=695/s balanced=695/s debt=0 rows steps=548 horizon=0.00 games=1 over=102 card=2 drop=0 L=0.00002 L/var=0.03 tgt=+0.028/0.023 cfg/b=33040 prep=0.09s gpu=0.00s conv=0.00s add=0.06s train=0.46s
[t= 211.8s] rebel stream solves=144384 raw=682/s balanced=682/s debt=0 rows steps=564 horizon=0.00 games=1 over=123 card=2 drop=0 L=0.00009 L/var=0.11 tgt=+0.029/0.028 cfg/b=31156 prep=0.12s gpu=0.00s conv=0.00s add=0.07s train=0.59s
[t= 220.0s] --- stopping GPU admission; draining ---
[t= 222.2s] rebel stream solves=147456 raw=664/s balanced=664/s debt=0 rows steps=576 horizon=0.00 games=3 over=144 card=3 drop=0 L=0.00013 L/var=0.10 tgt=+0.029/0.037 cfg/b=31224 prep=0.10s gpu=0.00s conv=0.00s add=0.06s train=0.45s
[t= 226.6s] rebel stream solves=148182 raw=654/s balanced=653/s debt=856 rows steps=578 horizon=0.00 games=0 over=148 card=3 drop=0 L=0.00017 L/var=0.09 tgt=+0.033/0.043 cfg/b=30614 prep=0.01s gpu=0.00s conv=0.00s add=0.01s train=0.07s
[gpu-summary] solves=148182 optimizer_rows=591872 debt=856 raw=617.5/s balanced=616.6/s horizon=0.00 games=6 over=148 card=3 exact=0 censored=4608 dropped=0 overrun=0.00s
[t= 240.0s] --- snapshot snap_01.pt (final) ---
[report] runs/perf_fastgemm/report.html
