[train] runs/v5_box_smoke6b at 3971e3e+dirty seed=1 {'minutes': 6.0, 'warm_minutes': 2.0, 'snapshot_every': 2.0, 'depth': 2, 'iters': 64, 'cfr': 'dcfr', 'ladder_games': 0, 'note': 'v5-box-throughput-smoke'}
[train] v5-box-throughput-smoke
[cpu] pinned to 36 physical cores
[train] CUDA stream priority -1
[gpu] solve services up on [0, 1]
[cfg] PUBFEAT=897 CFEAT=15 architecture=v5 depth=2 iters=64 budget=360s warm=120s snapshot_every=2min device=cuda:1 draft=random train_gen_ratio=4.0 recent_mix=0.5/0.2 canonical_views=2 cap=2000000 aux_weight=0.15 matmul=high
[t=   2.1s] greedy ep  0 games=  96 dec= 18968 rows= 18118 horizon=0.30 L=2.03089 L/var=13.79 tgt=-0.065/0.384 pstd=0.146 aux=0.9044/0.631 gen=0.1s train=1.8s
[t=   3.6s] greedy ep  1 games=  96 dec= 18844 rows= 18051 horizon=0.33 L=1.35310 L/var=7.80 tgt=-0.083/0.417 pstd=0.033 aux=0.8310/0.703 gen=0.1s train=1.2s
[t=   5.0s] greedy ep  2 games=  96 dec= 18181 rows= 17414 horizon=0.27 L=0.52975 L/var=3.35 tgt=-0.076/0.397 pstd=0.030 aux=0.8034/0.702 gen=0.1s train=1.1s
[t=   6.3s] greedy ep  3 games=  96 dec= 17989 rows= 17120 horizon=0.26 L=0.38101 L/var=2.51 tgt=-0.077/0.389 pstd=0.054 aux=0.7271/0.716 gen=0.1s train=1.1s
[t=   7.8s] greedy ep  4 games=  96 dec= 18823 rows= 18078 horizon=0.29 L=0.25329 L/var=1.65 tgt=-0.064/0.392 pstd=0.059 aux=0.6683/0.722 gen=0.1s train=1.2s
[t=   9.2s] greedy ep  5 games=  96 dec= 18924 rows= 18146 horizon=0.33 L=0.17343 L/var=1.18 tgt=-0.051/0.384 pstd=0.233 aux=0.6139/0.742 gen=0.1s train=1.2s
[t=  10.6s] greedy ep  6 games=  96 dec= 17615 rows= 16921 horizon=0.26 L=0.11070 L/var=0.69 tgt=-0.082/0.402 pstd=0.301 aux=0.5984/0.750 gen=0.1s train=1.1s
[t=  12.0s] greedy ep  7 games=  96 dec= 18608 rows= 17786 horizon=0.36 L=0.08494 L/var=0.49 tgt=-0.092/0.417 pstd=0.314 aux=0.5876/0.752 gen=0.1s train=1.1s
[t=  13.4s] greedy ep  8 games=  96 dec= 19040 rows= 18296 horizon=0.36 L=0.06669 L/var=0.42 tgt=-0.064/0.398 pstd=0.330 aux=0.5820/0.754 gen=0.1s train=1.2s
[t=  14.8s] greedy ep  9 games=  96 dec= 18200 rows= 17459 horizon=0.27 L=0.05590 L/var=0.33 tgt=-0.090/0.411 pstd=0.342 aux=0.5785/0.755 gen=0.1s train=1.1s
[t=  16.2s] greedy ep 10 games=  96 dec= 17927 rows= 17200 horizon=0.24 L=0.05102 L/var=0.31 tgt=-0.082/0.404 pstd=0.349 aux=0.5943/0.747 gen=0.1s train=1.1s
[t=  17.6s] greedy ep 11 games=  96 dec= 17941 rows= 17162 horizon=0.28 L=0.04738 L/var=0.30 tgt=-0.100/0.400 pstd=0.354 aux=0.5864/0.751 gen=0.1s train=1.1s
[t=  18.9s] greedy ep 12 games=  96 dec= 17384 rows= 16648 horizon=0.25 L=0.04371 L/var=0.32 tgt=-0.053/0.370 pstd=0.352 aux=0.5755/0.755 gen=0.1s train=1.1s
[t=  20.3s] greedy ep 13 games=  96 dec= 18153 rows= 17377 horizon=0.28 L=0.04317 L/var=0.27 tgt=-0.090/0.400 pstd=0.352 aux=0.5588/0.765 gen=0.1s train=1.1s
[t=  21.7s] greedy ep 14 games=  96 dec= 18097 rows= 17377 horizon=0.26 L=0.04193 L/var=0.28 tgt=-0.061/0.388 pstd=0.357 aux=0.5464/0.776 gen=0.1s train=1.1s
[t=  23.1s] greedy ep 15 games=  96 dec= 18356 rows= 17581 horizon=0.30 L=0.03694 L/var=0.22 tgt=-0.075/0.407 pstd=0.363 aux=0.5355/0.786 gen=0.1s train=1.1s
[t=  24.5s] greedy ep 16 games=  96 dec= 19141 rows= 18328 horizon=0.32 L=0.03492 L/var=0.22 tgt=-0.060/0.400 pstd=0.364 aux=0.5235/0.794 gen=0.1s train=1.2s
[t=  26.0s] greedy ep 17 games=  96 dec= 18885 rows= 18173 horizon=0.30 L=0.03212 L/var=0.19 tgt=-0.075/0.410 pstd=0.355 aux=0.5130/0.797 gen=0.1s train=1.2s
[t=  27.4s] greedy ep 18 games=  96 dec= 17886 rows= 17103 horizon=0.25 L=0.03044 L/var=0.20 tgt=-0.064/0.386 pstd=0.365 aux=0.5134/0.793 gen=0.1s train=1.1s
[t=  28.7s] greedy ep 19 games=  96 dec= 17738 rows= 16961 horizon=0.23 L=0.02922 L/var=0.16 tgt=-0.108/0.433 pstd=0.360 aux=0.5250/0.786 gen=0.1s train=1.1s
[t=  30.1s] greedy ep 20 games=  96 dec= 17716 rows= 17039 horizon=0.28 L=0.02729 L/var=0.15 tgt=-0.090/0.429 pstd=0.365 aux=0.5083/0.796 gen=0.1s train=1.1s
[t=  31.5s] greedy ep 21 games=  96 dec= 17777 rows= 17032 horizon=0.23 L=0.02556 L/var=0.16 tgt=-0.097/0.401 pstd=0.372 aux=0.5058/0.795 gen=0.1s train=1.1s
[t=  32.9s] greedy ep 22 games=  96 dec= 18472 rows= 17732 horizon=0.33 L=0.02425 L/var=0.15 tgt=-0.079/0.396 pstd=0.373 aux=0.4978/0.797 gen=0.1s train=1.1s
[t=  34.3s] greedy ep 23 games=  96 dec= 18429 rows= 17627 horizon=0.27 L=0.02289 L/var=0.15 tgt=-0.079/0.391 pstd=0.362 aux=0.5002/0.796 gen=0.1s train=1.1s
[t=  35.7s] greedy ep 24 games=  96 dec= 18992 rows= 18327 horizon=0.35 L=0.02136 L/var=0.13 tgt=-0.080/0.412 pstd=0.367 aux=0.4886/0.801 gen=0.1s train=1.2s
[t=  37.1s] greedy ep 25 games=  96 dec= 18039 rows= 17262 horizon=0.23 L=0.01997 L/var=0.11 tgt=-0.097/0.418 pstd=0.363 aux=0.4873/0.800 gen=0.1s train=1.1s
[t=  38.6s] greedy ep 26 games=  96 dec= 19627 rows= 18805 horizon=0.33 L=0.01874 L/var=0.11 tgt=-0.078/0.412 pstd=0.363 aux=0.4808/0.802 gen=0.1s train=1.2s
[t=  40.0s] greedy ep 27 games=  96 dec= 18752 rows= 17930 horizon=0.27 L=0.01759 L/var=0.11 tgt=-0.057/0.401 pstd=0.367 aux=0.4889/0.797 gen=0.1s train=1.2s
[t=  41.5s] greedy ep 28 games=  96 dec= 19116 rows= 18327 horizon=0.31 L=0.01668 L/var=0.10 tgt=-0.078/0.412 pstd=0.378 aux=0.4885/0.796 gen=0.1s train=1.2s
[t=  43.0s] greedy ep 29 games=  96 dec= 18708 rows= 17952 horizon=0.27 L=0.01595 L/var=0.10 tgt=-0.080/0.407 pstd=0.386 aux=0.4949/0.793 gen=0.1s train=1.2s
[t=  44.4s] greedy ep 30 games=  96 dec= 19066 rows= 18248 horizon=0.31 L=0.01467 L/var=0.09 tgt=-0.075/0.397 pstd=0.375 aux=0.4893/0.796 gen=0.1s train=1.2s
[t=  45.8s] greedy ep 31 games=  96 dec= 18369 rows= 17570 horizon=0.26 L=0.01349 L/var=0.09 tgt=-0.085/0.397 pstd=0.392 aux=0.4855/0.797 gen=0.1s train=1.1s
[t=  47.2s] greedy ep 32 games=  96 dec= 18567 rows= 17800 horizon=0.30 L=0.01304 L/var=0.08 tgt=-0.065/0.405 pstd=0.371 aux=0.4833/0.798 gen=0.1s train=1.1s
[t=  48.6s] greedy ep 33 games=  96 dec= 18636 rows= 17813 horizon=0.31 L=0.01254 L/var=0.08 tgt=-0.050/0.400 pstd=0.383 aux=0.4805/0.798 gen=0.1s train=1.1s
[t=  50.0s] greedy ep 34 games=  96 dec= 18664 rows= 17825 horizon=0.29 L=0.01257 L/var=0.09 tgt=-0.077/0.378 pstd=0.393 aux=0.4776/0.799 gen=0.1s train=1.1s
[t=  51.4s] greedy ep 35 games=  96 dec= 17787 rows= 17046 horizon=0.22 L=0.01161 L/var=0.07 tgt=-0.058/0.413 pstd=0.384 aux=0.4766/0.800 gen=0.1s train=1.1s
[t=  52.9s] greedy ep 36 games=  96 dec= 19279 rows= 18442 horizon=0.33 L=0.01119 L/var=0.07 tgt=-0.083/0.403 pstd=0.376 aux=0.4735/0.801 gen=0.1s train=1.2s
[t=  54.3s] greedy ep 37 games=  96 dec= 18316 rows= 17468 horizon=0.32 L=0.01131 L/var=0.07 tgt=-0.082/0.413 pstd=0.425 aux=0.4673/0.804 gen=0.1s train=1.1s
[t=  55.7s] greedy ep 38 games=  96 dec= 19158 rows= 18321 horizon=0.32 L=0.02161 L/var=0.16 tgt=-0.052/0.371 pstd=0.313 aux=0.4896/0.794 gen=0.1s train=1.2s
[t=  57.1s] greedy ep 39 games=  96 dec= 18549 rows= 17774 horizon=0.26 L=0.21887 L/var=1.24 tgt=-0.066/0.419 pstd=0.321 aux=0.6046/0.751 gen=0.1s train=1.1s
[t=  58.6s] greedy ep 40 games=  96 dec= 18971 rows= 18211 horizon=0.34 L=0.26253 L/var=1.84 tgt=-0.061/0.378 pstd=0.423 aux=0.5655/0.756 gen=0.1s train=1.2s
[t=  60.0s] greedy ep 41 games=  96 dec= 18692 rows= 17843 horizon=0.28 L=0.11481 L/var=0.74 tgt=-0.060/0.393 pstd=0.366 aux=0.5428/0.772 gen=0.1s train=1.1s
[t=  61.5s] greedy ep 42 games=  96 dec= 19162 rows= 18375 horizon=0.38 L=0.07338 L/var=0.42 tgt=-0.081/0.417 pstd=0.350 aux=0.5274/0.781 gen=0.1s train=1.2s
[t=  63.0s] greedy ep 43 games=  96 dec= 19468 rows= 18602 horizon=0.35 L=0.03424 L/var=0.23 tgt=-0.093/0.389 pstd=0.380 aux=0.5176/0.789 gen=0.1s train=1.2s
[t=  64.4s] greedy ep 44 games=  96 dec= 18443 rows= 17624 horizon=0.28 L=0.12842 L/var=0.91 tgt=-0.068/0.375 pstd=0.356 aux=0.5044/0.792 gen=0.1s train=1.1s
[t=  65.7s] greedy ep 45 games=  96 dec= 17350 rows= 16706 horizon=0.25 L=0.05645 L/var=0.38 tgt=-0.069/0.383 pstd=0.357 aux=0.4926/0.797 gen=0.1s train=1.1s
[t=  67.1s] greedy ep 46 games=  96 dec= 17993 rows= 17239 horizon=0.28 L=0.05724 L/var=0.36 tgt=-0.095/0.400 pstd=0.384 aux=0.4840/0.802 gen=0.1s train=1.1s
[t=  68.6s] greedy ep 47 games=  96 dec= 18984 rows= 18180 horizon=0.29 L=0.03415 L/var=0.24 tgt=-0.069/0.381 pstd=0.290 aux=0.4843/0.800 gen=0.1s train=1.2s
[t=  70.0s] greedy ep 48 games=  96 dec= 18071 rows= 17405 horizon=0.30 L=0.12817 L/var=0.76 tgt=-0.064/0.410 pstd=0.250 aux=0.5046/0.790 gen=0.1s train=1.1s
[t=  71.4s] greedy ep 49 games=  96 dec= 19599 rows= 18844 horizon=0.40 L=0.03889 L/var=0.23 tgt=-0.053/0.408 pstd=0.356 aux=0.5228/0.782 gen=0.1s train=1.2s
[t=  72.8s] greedy ep 50 games=  96 dec= 17856 rows= 17099 horizon=0.25 L=0.01859 L/var=0.11 tgt=-0.078/0.412 pstd=0.359 aux=0.4972/0.795 gen=0.1s train=1.1s
[t=  74.3s] greedy ep 51 games=  96 dec= 17858 rows= 17043 horizon=0.24 L=0.10372 L/var=0.55 tgt=-0.083/0.433 pstd=0.383 aux=0.5033/0.792 gen=0.1s train=1.1s
[t=  75.7s] greedy ep 52 games=  96 dec= 18973 rows= 18262 horizon=0.35 L=0.04055 L/var=0.26 tgt=-0.080/0.397 pstd=0.307 aux=0.4846/0.800 gen=0.1s train=1.2s
[t=  77.1s] greedy ep 53 games=  96 dec= 17565 rows= 16777 horizon=0.19 L=0.06038 L/var=0.38 tgt=-0.076/0.397 pstd=0.308 aux=0.4911/0.795 gen=0.1s train=1.1s
[t=  78.5s] greedy ep 54 games=  96 dec= 17835 rows= 17151 horizon=0.25 L=0.01833 L/var=0.12 tgt=-0.070/0.384 pstd=0.393 aux=0.4902/0.795 gen=0.1s train=1.1s
[t=  79.9s] greedy ep 55 games=  96 dec= 17927 rows= 17096 horizon=0.25 L=0.03020 L/var=0.23 tgt=-0.069/0.363 pstd=0.368 aux=0.4858/0.797 gen=0.1s train=1.1s
[t=  81.3s] greedy ep 56 games=  96 dec= 18561 rows= 17765 horizon=0.28 L=0.01847 L/var=0.13 tgt=-0.062/0.381 pstd=0.367 aux=0.4812/0.799 gen=0.1s train=1.1s
[t=  82.7s] greedy ep 57 games=  96 dec= 18688 rows= 17872 horizon=0.25 L=0.01834 L/var=0.10 tgt=-0.082/0.422 pstd=0.401 aux=0.4840/0.798 gen=0.1s train=1.1s
[t=  84.2s] greedy ep 58 games=  96 dec= 19251 rows= 18414 horizon=0.34 L=0.05268 L/var=0.31 tgt=-0.092/0.413 pstd=0.401 aux=0.4791/0.800 gen=0.1s train=1.2s
[t=  85.7s] greedy ep 59 games=  96 dec= 19596 rows= 18724 horizon=0.36 L=0.03197 L/var=0.21 tgt=-0.071/0.392 pstd=0.380 aux=0.4815/0.799 gen=0.1s train=1.2s
[t=  87.1s] greedy ep 60 games=  96 dec= 18869 rows= 17979 horizon=0.30 L=0.06309 L/var=0.40 tgt=-0.087/0.395 pstd=0.306 aux=0.4836/0.797 gen=0.1s train=1.2s
[t=  88.6s] greedy ep 61 games=  96 dec= 18419 rows= 17673 horizon=0.25 L=0.06308 L/var=0.38 tgt=-0.071/0.408 pstd=0.348 aux=0.4891/0.796 gen=0.1s train=1.1s
[t=  90.0s] greedy ep 62 games=  96 dec= 19032 rows= 18186 horizon=0.32 L=0.01124 L/var=0.06 tgt=-0.082/0.423 pstd=0.387 aux=0.4836/0.798 gen=0.1s train=1.2s
[t=  91.5s] greedy ep 63 games=  96 dec= 19220 rows= 18443 horizon=0.29 L=0.01258 L/var=0.08 tgt=-0.067/0.401 pstd=0.348 aux=0.4761/0.800 gen=0.1s train=1.2s
[t=  92.9s] greedy ep 64 games=  96 dec= 17814 rows= 17050 horizon=0.25 L=0.05666 L/var=0.34 tgt=-0.077/0.407 pstd=0.340 aux=0.4797/0.800 gen=0.1s train=1.1s
[t=  94.4s] greedy ep 65 games=  96 dec= 18244 rows= 17509 horizon=0.28 L=0.03309 L/var=0.22 tgt=-0.079/0.389 pstd=0.391 aux=0.4892/0.795 gen=0.1s train=1.1s
[t=  95.8s] greedy ep 66 games=  96 dec= 18182 rows= 17491 horizon=0.29 L=0.01488 L/var=0.09 tgt=-0.084/0.400 pstd=0.386 aux=0.4757/0.802 gen=0.1s train=1.1s
[t=  97.3s] greedy ep 67 games=  96 dec= 18981 rows= 18182 horizon=0.35 L=0.02555 L/var=0.14 tgt=-0.087/0.426 pstd=0.394 aux=0.4732/0.801 gen=0.1s train=1.2s
[t=  98.7s] greedy ep 68 games=  96 dec= 18200 rows= 17313 horizon=0.25 L=0.00758 L/var=0.05 tgt=-0.057/0.399 pstd=0.377 aux=0.4735/0.801 gen=0.1s train=1.1s
[t= 100.1s] greedy ep 69 games=  96 dec= 18393 rows= 17591 horizon=0.28 L=0.00513 L/var=0.03 tgt=-0.084/0.390 pstd=0.387 aux=0.4670/0.804 gen=0.1s train=1.1s
[t= 101.5s] greedy ep 70 games=  96 dec= 18464 rows= 17707 horizon=0.33 L=0.00383 L/var=0.02 tgt=-0.094/0.424 pstd=0.390 aux=0.4701/0.802 gen=0.1s train=1.1s
[t= 103.0s] greedy ep 71 games=  96 dec= 18120 rows= 17396 horizon=0.26 L=0.00455 L/var=0.03 tgt=-0.064/0.411 pstd=0.391 aux=0.4672/0.803 gen=0.1s train=1.1s
[t= 104.4s] greedy ep 72 games=  96 dec= 19113 rows= 18368 horizon=0.34 L=0.00503 L/var=0.03 tgt=-0.105/0.413 pstd=0.392 aux=0.4636/0.804 gen=0.1s train=1.2s
[t= 105.8s] greedy ep 73 games=  96 dec= 17603 rows= 16838 horizon=0.20 L=0.00549 L/var=0.03 tgt=-0.097/0.416 pstd=0.381 aux=0.4636/0.804 gen=0.1s train=1.1s
[t= 107.2s] greedy ep 74 games=  96 dec= 18477 rows= 17679 horizon=0.27 L=0.00437 L/var=0.02 tgt=-0.080/0.425 pstd=0.389 aux=0.4671/0.802 gen=0.1s train=1.1s
[t= 108.7s] greedy ep 75 games=  96 dec= 19740 rows= 18936 horizon=0.40 L=0.00376 L/var=0.03 tgt=-0.051/0.381 pstd=0.388 aux=0.4645/0.804 gen=0.1s train=1.2s
[t= 110.1s] greedy ep 76 games=  96 dec= 18307 rows= 17464 horizon=0.20 L=0.00448 L/var=0.03 tgt=-0.073/0.386 pstd=0.387 aux=0.4669/0.803 gen=0.1s train=1.1s
[t= 111.5s] greedy ep 77 games=  96 dec= 18119 rows= 17313 horizon=0.25 L=0.00488 L/var=0.03 tgt=-0.096/0.418 pstd=0.385 aux=0.4659/0.803 gen=0.1s train=1.1s
[t= 112.9s] greedy ep 78 games=  96 dec= 18056 rows= 17283 horizon=0.26 L=0.00301 L/var=0.02 tgt=-0.067/0.398 pstd=0.385 aux=0.4680/0.801 gen=0.1s train=1.1s
[t= 114.3s] greedy ep 79 games=  96 dec= 18309 rows= 17527 horizon=0.28 L=0.01283 L/var=0.08 tgt=-0.048/0.403 pstd=0.354 aux=0.4701/0.801 gen=0.1s train=1.1s
[t= 115.8s] greedy ep 80 games=  96 dec= 18361 rows= 17605 horizon=0.29 L=0.00766 L/var=0.04 tgt=-0.092/0.423 pstd=0.384 aux=0.4719/0.802 gen=0.1s train=1.1s
[t= 117.1s] greedy ep 81 games=  96 dec= 17527 rows= 16734 horizon=0.25 L=0.00325 L/var=0.02 tgt=-0.065/0.398 pstd=0.396 aux=0.4667/0.803 gen=0.1s train=1.1s
[t= 118.5s] greedy ep 82 games=  96 dec= 17529 rows= 16756 horizon=0.23 L=0.00328 L/var=0.02 tgt=-0.061/0.397 pstd=0.387 aux=0.4666/0.802 gen=0.1s train=1.1s
[t= 119.8s] greedy ep 83 games=  96 dec= 16779 rows= 15994 horizon=0.18 L=0.00321 L/var=0.02 tgt=-0.050/0.399 pstd=0.391 aux=0.4683/0.802 gen=0.1s train=1.1s
[t= 121.4s] greedy ep 84 games=  96 dec= 19106 rows= 18300 horizon=0.35 L=0.00314 L/var=0.02 tgt=-0.060/0.405 pstd=0.373 aux=0.4672/0.802 gen=0.1s train=1.2s
[t= 121.4s] --- snapshot snap_00.pt (init) ---
[t= 121.4s] --- switching to ReBeL ---
[t= 131.4s] rebel stream solves=5120 raw=511/s balanced=511/s debt=0 rows steps=20 horizon=0.00 games=0 over=0 card=0 drop=0 L=0.04075 L/var=6.03 tgt=-0.083/0.082 aux=0.0648/0.970 cfg/b=49573 prep=0.22s gpu=0.00s conv=0.01s add=0.25s train=1.66s
[t= 141.4s] rebel stream solves=12288 raw=613/s balanced=613/s debt=0 rows steps=48 horizon=0.00 games=0 over=0 card=0 drop=0 L=0.00328 L/var=0.70 tgt=-0.032/0.068 aux=0.0019/1.000 cfg/b=35851 prep=0.30s gpu=0.00s conv=0.01s add=0.21s train=2.27s
[t= 151.5s] rebel stream solves=18432 raw=613/s balanced=613/s debt=0 rows steps=72 horizon=0.00 games=0 over=0 card=0 drop=0 L=0.00113 L/var=1.58 tgt=-0.037/0.027 aux=0.0015/1.000 cfg/b=29961 prep=0.27s gpu=0.00s conv=0.00s add=0.22s train=2.08s
[t= 161.5s] rebel stream solves=22528 raw=562/s balanced=562/s debt=0 rows steps=88 horizon=0.00 games=0 over=0 card=0 drop=0 L=0.00078 L/var=0.72 tgt=-0.030/0.033 aux=0.0004/1.000 cfg/b=23590 prep=0.19s gpu=0.00s conv=0.00s add=0.07s train=1.30s
[t= 171.5s] rebel stream solves=25600 raw=511/s balanced=511/s debt=0 rows steps=100 horizon=0.00 games=0 over=0 card=0 drop=0 L=0.00065 L/var=0.58 tgt=-0.023/0.034 aux=0.0003/1.000 cfg/b=20537 prep=0.17s gpu=0.00s conv=0.00s add=0.05s train=0.99s
[t= 181.5s] rebel stream solves=28672 raw=477/s balanced=477/s debt=0 rows steps=112 horizon=0.00 games=0 over=0 card=0 drop=0 L=0.00058 L/var=0.35 tgt=-0.026/0.041 aux=0.0002/1.000 cfg/b=18853 prep=0.12s gpu=0.00s conv=0.00s add=0.06s train=0.96s
[t= 191.5s] rebel stream solves=31744 raw=453/s balanced=453/s debt=0 rows steps=124 horizon=0.00 games=0 over=0 card=0 drop=0 L=0.00055 L/var=0.29 tgt=-0.028/0.043 aux=0.0002/1.000 cfg/b=18254 prep=0.11s gpu=0.00s conv=0.00s add=0.06s train=0.94s
[t= 200.6s] --- lr -> 5.00e-04 ---
[t= 201.8s] rebel stream solves=34816 raw=433/s balanced=433/s debt=0 rows steps=136 horizon=0.00 games=0 over=0 card=0 drop=0 L=0.00045 L/var=0.19 tgt=-0.034/0.048 aux=0.0002/1.000 cfg/b=16917 prep=0.14s gpu=0.00s conv=0.00s add=0.05s train=0.96s
[t= 211.9s] rebel stream solves=36864 raw=407/s balanced=407/s debt=0 rows steps=144 horizon=0.00 games=1 over=0 card=0 drop=0 L=0.00046 L/var=0.15 tgt=-0.023/0.056 aux=0.0002/1.000 cfg/b=16250 prep=0.09s gpu=0.00s conv=0.00s add=0.03s train=0.65s
[t= 221.9s] rebel stream solves=38912 raw=387/s balanced=387/s debt=0 rows steps=152 horizon=0.00 games=0 over=0 card=0 drop=0 L=0.00045 L/var=0.16 tgt=-0.027/0.054 aux=0.0002/1.000 cfg/b=15646 prep=0.10s gpu=0.00s conv=0.00s add=0.03s train=0.65s
[t= 231.9s] rebel stream solves=40960 raw=371/s balanced=371/s debt=0 rows steps=160 horizon=0.00 games=2 over=0 card=0 drop=0 L=0.00068 L/var=0.18 tgt=-0.019/0.062 aux=0.0003/1.000 cfg/b=14898 prep=0.10s gpu=0.00s conv=0.00s add=0.02s train=0.66s
[t= 241.4s] --- snapshot snap_01.pt (s1) ---
[t= 241.9s] rebel stream solves=44032 raw=365/s balanced=365/s debt=0 rows steps=172 horizon=0.00 games=10 over=0 card=0 drop=0 L=0.00086 L/var=0.14 tgt=-0.014/0.078 aux=0.0003/1.000 cfg/b=13257 prep=0.13s gpu=0.00s conv=0.00s add=0.03s train=0.95s
[t= 252.0s] rebel stream solves=46080 raw=353/s balanced=353/s debt=0 rows steps=180 horizon=0.00 games=8 over=0 card=0 drop=0 L=0.00139 L/var=0.19 tgt=-0.010/0.086 aux=0.0002/1.000 cfg/b=12846 prep=0.11s gpu=0.00s conv=0.00s add=0.02s train=0.66s
[t= 262.0s] rebel stream solves=48128 raw=342/s balanced=342/s debt=0 rows steps=188 horizon=0.00 games=6 over=0 card=0 drop=0 L=0.00204 L/var=0.35 tgt=-0.012/0.076 aux=0.0002/1.000 cfg/b=12399 prep=0.08s gpu=0.00s conv=0.00s add=0.02s train=0.64s
[t= 272.0s] rebel stream solves=51200 raw=340/s balanced=340/s debt=0 rows steps=200 horizon=0.00 games=19 over=0 card=0 drop=0 L=0.00209 L/var=0.14 tgt=-0.013/0.121 aux=0.0003/1.000 cfg/b=11929 prep=0.18s gpu=0.00s conv=0.00s add=0.03s train=1.20s
[t= 282.0s] rebel stream solves=53248 raw=331/s balanced=331/s debt=0 rows steps=208 horizon=0.00 games=18 over=0 card=0 drop=0 L=0.00308 L/var=0.20 tgt=-0.015/0.125 aux=0.0002/1.000 cfg/b=11561 prep=0.09s gpu=0.00s conv=0.00s add=0.02s train=0.64s
[t= 282.2s] --- lr -> 2.50e-04 ---
[t= 292.0s] rebel stream solves=56320 raw=330/s balanced=330/s debt=0 rows steps=220 horizon=0.00 games=43 over=0 card=0 drop=0 L=0.00413 L/var=0.23 tgt=-0.008/0.133 aux=0.0002/1.000 cfg/b=11129 prep=0.15s gpu=0.00s conv=0.00s add=0.04s train=0.95s
[t= 302.0s] rebel stream solves=58368 raw=323/s balanced=323/s debt=0 rows steps=228 horizon=0.00 games=25 over=0 card=0 drop=0 L=0.00543 L/var=0.43 tgt=-0.012/0.112 aux=0.0002/1.000 cfg/b=10435 prep=0.08s gpu=0.00s conv=0.00s add=0.03s train=0.63s
[t= 312.1s] rebel stream solves=61440 raw=322/s balanced=322/s debt=0 rows steps=240 horizon=0.00 games=61 over=0 card=0 drop=0 L=0.00701 L/var=0.44 tgt=-0.012/0.126 aux=0.0003/1.000 cfg/b=10894 prep=0.14s gpu=0.00s conv=0.00s add=0.05s train=0.95s
[t= 322.1s] rebel stream solves=64512 raw=321/s balanced=321/s debt=0 rows steps=252 horizon=0.00 games=49 over=0 card=0 drop=0 L=0.00669 L/var=0.54 tgt=-0.014/0.111 aux=0.0003/1.000 cfg/b=11426 prep=0.15s gpu=0.00s conv=0.00s add=0.05s train=0.96s
[t= 332.1s] rebel stream solves=67584 raw=321/s balanced=321/s debt=0 rows steps=264 horizon=0.00 games=72 over=0 card=0 drop=0 L=0.00851 L/var=0.56 tgt=-0.012/0.123 aux=0.0003/1.000 cfg/b=11706 prep=0.12s gpu=0.00s conv=0.00s add=0.05s train=0.94s
[t= 340.0s] --- stopping GPU admission; draining ---
[t= 342.1s] rebel stream solves=70656 raw=320/s balanced=320/s debt=0 rows steps=276 horizon=0.00 games=72 over=0 card=0 drop=0 L=0.00968 L/var=0.66 tgt=-0.011/0.121 aux=0.0003/1.000 cfg/b=12125 prep=0.13s gpu=0.00s conv=0.00s add=0.05s train=0.95s
[t= 343.0s] rebel stream solves=72030 raw=325/s balanced=325/s debt=376 rows steps=281 horizon=0.00 games=7 over=0 card=0 drop=0 L=0.00893 L/var=0.78 tgt=-0.008/0.107 aux=0.0003/1.000 cfg/b=12769 prep=0.03s gpu=0.00s conv=0.00s add=0.03s train=0.36s
[gpu-summary] solves=72030 optimizer_rows=287744 debt=376 raw=301.9/s balanced=301.5/s horizon=0.00 games=393 over=0 card=0 exact=0 censored=1152 dropped=0 overrun=0.00s
[t= 360.0s] --- snapshot snap_02.pt (final) ---
