[train] runs/v5_fused4096_3m at 00b77da+dirty seed=212 {'minutes': 3.0, 'warm_minutes': 0.0, 'init_weights': 'runs/v5_arch_30m/snap_04.pt', 'snapshot_every': 15.0, 'depth': 2, 'iters': 64, 'cfr': 'dcfr', 'ladder_games': 0, 'gpu_drain_seconds': 5.0, 'seed': 212}
[cpu] pinned to 36 physical cores
[train] CUDA stream priority -1
[gpu] solve services up on [0, 1]
[cfg] PUBFEAT=897 CFEAT=15 architecture=v5 depth=2 iters=64 budget=180s warm=0s snapshot_every=15min device=cuda:1 draft=random train_gen_ratio=4.0 recent_mix=0.5/0.2 canonical_views=2 cap=2000000 aux_weight=0.15 matmul=high
[t=   0.0s] --- snapshot snap_00.pt (init) ---
[t=   0.0s] --- switching to ReBeL ---
[t=  10.5s] rebel stream solves=5120 raw=491/s balanced=491/s debt=0 rows steps=20 horizon=0.00 games=0 over=0 card=0 drop=0 L=0.02215 L/var=19.55 tgt=-0.021/0.034 aux=0.0019/1.000 cfg/b=49788 prep=0.52s gpu=0.00s conv=0.01s add=0.18s train=8.66s
[t=  20.5s] rebel stream solves=11264 raw=551/s balanced=551/s debt=0 rows steps=44 horizon=0.00 games=0 over=0 card=0 drop=0 L=0.00111 L/var=0.67 tgt=-0.019/0.041 aux=0.0011/1.000 cfg/b=40894 prep=0.27s gpu=0.00s conv=0.01s add=0.15s train=2.58s
[t=  30.5s] rebel stream solves=14336 raw=470/s balanced=470/s debt=0 rows steps=56 horizon=0.00 games=0 over=0 card=0 drop=0 L=0.00043 L/var=2.72 tgt=+0.009/0.013 aux=0.0003/1.000 cfg/b=31039 prep=0.13s gpu=0.00s conv=0.00s add=0.11s train=0.97s
[t=  40.6s] rebel stream solves=17408 raw=429/s balanced=429/s debt=0 rows steps=68 horizon=0.00 games=0 over=0 card=0 drop=0 L=0.00030 L/var=0.82 tgt=+0.005/0.019 aux=0.0002/1.000 cfg/b=32918 prep=0.15s gpu=0.00s conv=0.00s add=0.12s train=0.97s
[t=  50.6s] rebel stream solves=19456 raw=385/s balanced=385/s debt=0 rows steps=76 horizon=0.00 games=0 over=0 card=0 drop=0 L=0.00024 L/var=0.51 tgt=+0.007/0.021 aux=0.0002/1.000 cfg/b=28118 prep=0.09s gpu=0.00s conv=0.00s add=0.05s train=0.65s
[t=  59.5s] --- lr -> 5.00e-04 ---
[t=  60.7s] rebel stream solves=21504 raw=355/s balanced=355/s debt=0 rows steps=84 horizon=0.00 games=1 over=0 card=0 drop=0 L=0.00024 L/var=0.18 tgt=+0.007/0.036 aux=0.0001/1.000 cfg/b=24865 prep=0.60s gpu=0.00s conv=0.00s add=0.04s train=1.70s
[t=  70.7s] rebel stream solves=23552 raw=333/s balanced=333/s debt=0 rows steps=92 horizon=0.00 games=2 over=0 card=0 drop=0 L=0.00061 L/var=0.23 tgt=+0.010/0.051 aux=0.0001/1.000 cfg/b=22854 prep=0.10s gpu=0.00s conv=0.00s add=0.04s train=0.65s
[t=  80.7s] rebel stream solves=25600 raw=317/s balanced=317/s debt=0 rows steps=100 horizon=0.00 games=25 over=0 card=0 drop=0 L=0.00184 L/var=0.26 tgt=+0.014/0.084 aux=0.0001/1.000 cfg/b=21487 prep=0.08s gpu=0.00s conv=0.00s add=0.04s train=0.64s
[t=  90.7s] rebel stream solves=26624 raw=294/s balanced=294/s debt=0 rows steps=104 horizon=0.00 games=13 over=0 card=0 drop=0 L=0.00325 L/var=0.33 tgt=+0.015/0.099 aux=0.0001/1.000 cfg/b=22415 prep=0.04s gpu=0.00s conv=0.00s add=0.02s train=0.33s
[t= 101.1s] rebel stream solves=28672 raw=284/s balanced=284/s debt=0 rows steps=112 horizon=0.00 games=37 over=0 card=0 drop=0 L=0.00559 L/var=0.26 tgt=+0.013/0.145 aux=0.0001/1.000 cfg/b=19969 prep=0.09s gpu=0.00s conv=0.00s add=0.04s train=0.64s
[t= 111.2s] rebel stream solves=29696 raw=267/s balanced=267/s debt=0 rows steps=116 horizon=0.00 games=19 over=0 card=0 drop=0 L=0.00778 L/var=0.26 tgt=-0.005/0.173 aux=0.0001/1.000 cfg/b=19250 prep=0.05s gpu=0.00s conv=0.00s add=0.02s train=0.32s
[t= 120.6s] --- lr -> 2.50e-04 ---
[t= 121.2s] rebel stream solves=31744 raw=262/s balanced=262/s debt=0 rows steps=124 horizon=0.00 games=63 over=0 card=0 drop=0 L=0.00867 L/var=0.19 tgt=-0.003/0.211 aux=0.0001/1.000 cfg/b=19565 prep=0.09s gpu=0.00s conv=0.00s add=0.04s train=0.64s
[t= 131.2s] rebel stream solves=33792 raw=258/s balanced=258/s debt=0 rows steps=132 horizon=0.00 games=66 over=0 card=0 drop=0 L=0.01189 L/var=0.38 tgt=+0.005/0.177 aux=0.0001/1.000 cfg/b=19646 prep=0.10s gpu=0.00s conv=0.00s add=0.05s train=0.64s
[t= 141.2s] rebel stream solves=35840 raw=254/s balanced=254/s debt=0 rows steps=140 horizon=0.00 games=84 over=0 card=0 drop=0 L=0.01277 L/var=0.26 tgt=-0.006/0.221 aux=0.0001/1.000 cfg/b=20253 prep=0.09s gpu=0.00s conv=0.00s add=0.05s train=0.65s
[t= 151.3s] rebel stream solves=38912 raw=257/s balanced=257/s debt=0 rows steps=152 horizon=0.00 games=135 over=0 card=0 drop=0 L=0.01361 L/var=0.31 tgt=+0.000/0.210 aux=0.0002/1.000 cfg/b=20663 prep=0.16s gpu=0.00s conv=0.00s add=0.07s train=0.93s
[t= 161.3s] rebel stream solves=41984 raw=260/s balanced=260/s debt=0 rows steps=164 horizon=0.00 games=137 over=0 card=0 drop=0 L=0.01389 L/var=0.40 tgt=+0.005/0.187 aux=0.0002/1.000 cfg/b=21682 prep=0.14s gpu=0.00s conv=0.00s add=0.08s train=0.95s
[t= 171.3s] rebel stream solves=45056 raw=263/s balanced=263/s debt=0 rows steps=176 horizon=0.00 games=125 over=0 card=0 drop=0 L=0.01331 L/var=0.33 tgt=-0.022/0.199 aux=0.0002/1.000 cfg/b=22230 prep=0.14s gpu=0.00s conv=0.00s add=0.09s train=0.96s
[t= 175.0s] --- stopping GPU admission; draining ---
[t= 178.3s] rebel stream solves=48499 raw=272/s balanced=271/s debt=460 rows steps=189 horizon=0.00 games=83 over=0 card=0 drop=0 L=0.01295 L/var=0.36 tgt=-0.005/0.190 aux=0.0003/1.000 cfg/b=23913 prep=0.14s gpu=0.00s conv=0.00s add=0.10s train=1.03s
[gpu-summary] solves=48499 optimizer_rows=193536 debt=460 raw=269.5/s balanced=268.8/s horizon=0.00 games=790 over=0 card=0 exact=0 censored=1152 dropped=0 overrun=0.00s
[t= 180.0s] --- snapshot snap_01.pt (final) ---
