[train] runs/gt_dual_gpu2 at 1feb485+dirty seed=1 {'minutes': 2.0, 'warm_minutes': 0.5, 'snapshot_every': 1.0, 'ladder_games': 0, 'note': 'dual-gpu-fp16-two-streams-per-core'}
[train] dual-gpu-fp16-two-streams-per-core
[cpu] pinned to 36 physical cores
[train] CUDA stream priority -1
[train] search inference on cuda:0,cuda:1
[cfg] PUBFEAT=897 CFEAT=15 architecture=gt-cfr nodes=256 expand=4 iters=16 budget=120s warm=30s snapshot_every=1min device=cuda:1 draft=random train_gen_ratio=64.0 recent_mix=0.5/0.2 canonical_views=2 cap=2000000 matmul=high
[t=   1.6s] greedy ep  0 games=  96 dec= 18968 rows= 18118 horizon=0.30 L=2.22064 L/var=15.08 tgt=-0.065/0.384 pstd=0.088 gen=0.1s train=1.4s
[t=   2.7s] greedy ep  1 games=  96 dec= 18844 rows= 18051 horizon=0.33 L=0.54236 L/var=3.13 tgt=-0.083/0.417 pstd=0.061 gen=0.1s train=0.9s
[t=   3.7s] greedy ep  2 games=  96 dec= 18181 rows= 17414 horizon=0.27 L=0.44993 L/var=2.85 tgt=-0.076/0.397 pstd=0.043 gen=0.1s train=0.8s
[t=   4.8s] greedy ep  3 games=  96 dec= 17989 rows= 17120 horizon=0.26 L=0.33692 L/var=2.22 tgt=-0.077/0.389 pstd=0.041 gen=0.1s train=0.8s
[t=   5.9s] greedy ep  4 games=  96 dec= 18823 rows= 18078 horizon=0.29 L=0.29786 L/var=1.94 tgt=-0.064/0.392 pstd=0.034 gen=0.1s train=0.9s
[t=   7.0s] greedy ep  5 games=  96 dec= 18924 rows= 18146 horizon=0.33 L=0.26933 L/var=1.83 tgt=-0.051/0.384 pstd=0.062 gen=0.1s train=0.9s
[t=   8.0s] greedy ep  6 games=  96 dec= 17615 rows= 16921 horizon=0.26 L=0.26466 L/var=1.64 tgt=-0.082/0.402 pstd=0.076 gen=0.1s train=0.8s
[t=   9.1s] greedy ep  7 games=  96 dec= 18608 rows= 17786 horizon=0.36 L=0.22988 L/var=1.32 tgt=-0.092/0.417 pstd=0.097 gen=0.1s train=0.9s
[t=  10.2s] greedy ep  8 games=  96 dec= 19040 rows= 18296 horizon=0.36 L=0.23961 L/var=1.51 tgt=-0.064/0.398 pstd=0.096 gen=0.1s train=0.9s
[t=  11.2s] greedy ep  9 games=  96 dec= 18200 rows= 17459 horizon=0.27 L=0.24209 L/var=1.43 tgt=-0.090/0.411 pstd=0.105 gen=0.1s train=0.8s
[t=  12.3s] greedy ep 10 games=  96 dec= 17927 rows= 17200 horizon=0.24 L=0.24771 L/var=1.52 tgt=-0.082/0.404 pstd=0.079 gen=0.1s train=0.9s
[t=  13.4s] greedy ep 11 games=  96 dec= 17941 rows= 17162 horizon=0.28 L=0.21374 L/var=1.34 tgt=-0.100/0.400 pstd=0.142 gen=0.1s train=0.9s
[t=  14.4s] greedy ep 12 games=  96 dec= 17384 rows= 16648 horizon=0.25 L=0.20764 L/var=1.52 tgt=-0.053/0.370 pstd=0.129 gen=0.1s train=0.8s
[t=  15.5s] greedy ep 13 games=  96 dec= 18153 rows= 17377 horizon=0.28 L=0.20743 L/var=1.30 tgt=-0.090/0.400 pstd=0.155 gen=0.1s train=0.9s
[t=  16.5s] greedy ep 14 games=  96 dec= 18097 rows= 17377 horizon=0.26 L=0.20560 L/var=1.37 tgt=-0.061/0.388 pstd=0.164 gen=0.1s train=0.9s
[t=  17.6s] greedy ep 15 games=  96 dec= 18356 rows= 17581 horizon=0.30 L=0.20797 L/var=1.26 tgt=-0.075/0.407 pstd=0.151 gen=0.1s train=0.9s
[t=  18.7s] greedy ep 16 games=  96 dec= 19141 rows= 18328 horizon=0.32 L=0.20441 L/var=1.28 tgt=-0.060/0.400 pstd=0.142 gen=0.1s train=0.9s
[t=  19.8s] greedy ep 17 games=  96 dec= 18885 rows= 18173 horizon=0.30 L=0.21889 L/var=1.30 tgt=-0.075/0.410 pstd=0.141 gen=0.1s train=0.9s
[t=  20.9s] greedy ep 18 games=  96 dec= 17886 rows= 17103 horizon=0.25 L=0.25957 L/var=1.74 tgt=-0.064/0.386 pstd=0.175 gen=0.1s train=0.8s
[t=  22.0s] greedy ep 19 games=  96 dec= 17738 rows= 16961 horizon=0.23 L=0.20827 L/var=1.11 tgt=-0.108/0.433 pstd=0.158 gen=0.1s train=0.9s
[t=  23.0s] greedy ep 20 games=  96 dec= 17716 rows= 17039 horizon=0.28 L=0.20113 L/var=1.09 tgt=-0.090/0.429 pstd=0.182 gen=0.1s train=0.8s
[t=  24.1s] greedy ep 21 games=  96 dec= 17777 rows= 17032 horizon=0.23 L=0.21762 L/var=1.35 tgt=-0.097/0.401 pstd=0.164 gen=0.1s train=0.9s
[t=  25.2s] greedy ep 22 games=  96 dec= 18472 rows= 17732 horizon=0.33 L=0.25417 L/var=1.62 tgt=-0.079/0.396 pstd=0.225 gen=0.1s train=0.9s
[t=  26.2s] greedy ep 23 games=  96 dec= 18429 rows= 17627 horizon=0.27 L=0.19953 L/var=1.30 tgt=-0.079/0.391 pstd=0.222 gen=0.1s train=0.9s
[t=  27.3s] greedy ep 24 games=  96 dec= 18992 rows= 18327 horizon=0.35 L=0.32617 L/var=1.92 tgt=-0.080/0.412 pstd=0.058 gen=0.1s train=0.9s
[t=  28.4s] greedy ep 25 games=  96 dec= 18039 rows= 17262 horizon=0.23 L=0.28822 L/var=1.65 tgt=-0.097/0.418 pstd=0.073 gen=0.1s train=0.9s
[t=  29.5s] greedy ep 26 games=  96 dec= 19627 rows= 18805 horizon=0.33 L=0.21687 L/var=1.28 tgt=-0.078/0.412 pstd=0.110 gen=0.1s train=0.9s
[t=  30.6s] greedy ep 27 games=  96 dec= 18752 rows= 17930 horizon=0.27 L=0.20891 L/var=1.30 tgt=-0.057/0.401 pstd=0.147 gen=0.1s train=0.9s
[t=  30.6s] --- snapshot snap_00.pt (init) ---
[t=  30.7s] --- switching to GT-CFR ---
[t=  41.4s] GT-CFR solves=80 rate=7.4/s rows=115 games=0 caps=12 L=0.41520 L/var=172.37 tgt=-0.054/0.049 gen=9.66s train=1.06s gpu=0.00s
[t=  51.6s] GT-CFR solves=816 rate=39.1/s rows=130 games=0 caps=79 L=0.00699 L/var=2.22 tgt=-0.063/0.056 gen=4.67s train=0.24s gpu=0.00s
[t=  60.6s] --- lr -> 5.00e-04 ---
[t=  61.8s] GT-CFR solves=1360 rate=43.6/s rows=99 games=0 caps=103 L=0.00240 L/var=1.30 tgt=-0.039/0.043 gen=6.85s train=0.29s gpu=0.00s
[t=  72.0s] GT-CFR solves=1920 rate=46.5/s rows=100 games=0 caps=175 L=0.00222 L/var=1.04 tgt=-0.041/0.046 gen=6.21s train=0.27s gpu=0.00s
[t=  82.1s] GT-CFR solves=2480 rate=48.2/s rows=79 games=0 caps=235 L=0.00193 L/var=1.01 tgt=-0.044/0.044 gen=6.01s train=0.28s gpu=0.00s
[t=  90.7s] --- snapshot snap_01.pt (s1) ---
[t=  91.1s] --- lr -> 2.50e-04 ---
[t=  92.4s] GT-CFR solves=3040 rate=49.2/s rows=60 games=0 caps=253 L=0.00178 L/var=0.66 tgt=-0.073/0.052 gen=6.24s train=0.33s gpu=0.00s
[t= 102.4s] GT-CFR solves=3552 rate=49.5/s rows=90 games=0 caps=315 L=0.00180 L/var=0.70 tgt=-0.057/0.051 gen=7.63s train=0.29s gpu=0.00s
[t= 112.6s] GT-CFR solves=4112 rate=50.2/s rows=33 games=0 caps=351 L=0.00171 L/var=1.34 tgt=-0.057/0.036 gen=6.15s train=0.32s gpu=0.00s
[GT-CFR-summary] solves=4544 optimizer_rows=290816 rate=49.1/s horizon=0.00 games=0 caps=371
[inference] board=9567 rows/s 610 rows/batch 9.7 req/batch 31.3 ms/batch config=25601 rows/s 1896 rows/batch 9.4 req/batch 7.0 ms/batch join=157175 rows/s 2537 rows/batch 12.5 req/batch 6.9 ms/batch
[t= 123.1s] --- snapshot snap_02.pt (final) ---
