[train] runs/gt30 at f5f4c05 seed=1 {'minutes': 35.0, 'warm_minutes': 5.0, 'snapshot_every': 10.0, 'ladder_games': 40, 'note': 'first full GT-CFR run on the cuda driver'}
[train] first full GT-CFR run on the cuda driver
[train] CUDA stream priority -1
[train] search inference on CPU
[cfg] PUBFEAT=897 CFEAT=15 architecture=gt-cfr nodes=256 expand=4 iters=16 budget=2100s warm=300s snapshot_every=10min device=cuda:1 draft=random replay_ratio=8.0 recent_mix=0.5/0.2 canonical_views=2 cap=1000000 matmul=high
[t=   1.7s] greedy ep  0 games=  96 dec= 18968 rows= 18118 horizon=0.30 L=2.22086 L/var=15.08 tgt=-0.065/0.384 pstd=0.088 gen=0.1s train=1.4s
[t=   2.8s] greedy ep  1 games=  96 dec= 18844 rows= 18051 horizon=0.33 L=0.54192 L/var=3.12 tgt=-0.083/0.417 pstd=0.060 gen=0.1s train=0.9s
[t=   3.9s] greedy ep  2 games=  96 dec= 18181 rows= 17414 horizon=0.27 L=0.45017 L/var=2.85 tgt=-0.076/0.397 pstd=0.044 gen=0.1s train=0.9s
[t=   4.9s] greedy ep  3 games=  96 dec= 17989 rows= 17120 horizon=0.26 L=0.33689 L/var=2.22 tgt=-0.077/0.389 pstd=0.041 gen=0.1s train=0.9s
[t=   6.1s] greedy ep  4 games=  96 dec= 18823 rows= 18078 horizon=0.29 L=0.29773 L/var=1.93 tgt=-0.064/0.392 pstd=0.033 gen=0.1s train=0.9s
[t=   7.2s] greedy ep  5 games=  96 dec= 18924 rows= 18146 horizon=0.33 L=0.29471 L/var=2.00 tgt=-0.051/0.384 pstd=0.060 gen=0.1s train=0.9s
[t=   8.3s] greedy ep  6 games=  96 dec= 17615 rows= 16921 horizon=0.26 L=0.27025 L/var=1.68 tgt=-0.082/0.402 pstd=0.064 gen=0.1s train=0.9s
[t=   9.4s] greedy ep  7 games=  96 dec= 18608 rows= 17786 horizon=0.36 L=0.22297 L/var=1.28 tgt=-0.092/0.417 pstd=0.105 gen=0.1s train=0.9s
[t=  10.5s] greedy ep  8 games=  96 dec= 19040 rows= 18296 horizon=0.36 L=0.22745 L/var=1.44 tgt=-0.064/0.398 pstd=0.069 gen=0.1s train=0.9s
[t=  11.6s] greedy ep  9 games=  96 dec= 18200 rows= 17459 horizon=0.27 L=0.22540 L/var=1.33 tgt=-0.090/0.411 pstd=0.084 gen=0.1s train=0.9s
[t=  12.6s] greedy ep 10 games=  96 dec= 17927 rows= 17200 horizon=0.24 L=0.22632 L/var=1.39 tgt=-0.082/0.404 pstd=0.081 gen=0.1s train=0.9s
[t=  13.7s] greedy ep 11 games=  96 dec= 17941 rows= 17162 horizon=0.28 L=0.22228 L/var=1.39 tgt=-0.100/0.400 pstd=0.091 gen=0.1s train=0.9s
[t=  14.7s] greedy ep 12 games=  96 dec= 17384 rows= 16648 horizon=0.25 L=0.21618 L/var=1.58 tgt=-0.053/0.370 pstd=0.097 gen=0.1s train=0.8s
[t=  15.8s] greedy ep 13 games=  96 dec= 18153 rows= 17377 horizon=0.28 L=0.22171 L/var=1.39 tgt=-0.090/0.400 pstd=0.181 gen=0.1s train=0.9s
[t=  16.9s] greedy ep 14 games=  96 dec= 18097 rows= 17377 horizon=0.26 L=0.22887 L/var=1.52 tgt=-0.061/0.388 pstd=0.118 gen=0.1s train=0.9s
[t=  18.0s] greedy ep 15 games=  96 dec= 18356 rows= 17581 horizon=0.30 L=0.22063 L/var=1.33 tgt=-0.075/0.407 pstd=0.132 gen=0.1s train=0.9s
[t=  19.1s] greedy ep 16 games=  96 dec= 19141 rows= 18328 horizon=0.32 L=0.21234 L/var=1.33 tgt=-0.060/0.400 pstd=0.142 gen=0.1s train=0.9s
[t=  20.3s] greedy ep 17 games=  96 dec= 18885 rows= 18173 horizon=0.30 L=0.21441 L/var=1.27 tgt=-0.075/0.410 pstd=0.085 gen=0.1s train=0.9s
[t=  21.3s] greedy ep 18 games=  96 dec= 17886 rows= 17103 horizon=0.25 L=0.21933 L/var=1.47 tgt=-0.064/0.386 pstd=0.114 gen=0.1s train=0.9s
[t=  22.4s] greedy ep 19 games=  96 dec= 17738 rows= 16961 horizon=0.23 L=0.21255 L/var=1.13 tgt=-0.108/0.433 pstd=0.143 gen=0.1s train=0.9s
[t=  23.5s] greedy ep 20 games=  96 dec= 17716 rows= 17039 horizon=0.28 L=0.20671 L/var=1.12 tgt=-0.090/0.429 pstd=0.145 gen=0.1s train=0.9s
[t=  24.6s] greedy ep 21 games=  96 dec= 17777 rows= 17032 horizon=0.23 L=0.20386 L/var=1.27 tgt=-0.097/0.401 pstd=0.159 gen=0.1s train=0.9s
[t=  25.7s] greedy ep 22 games=  96 dec= 18472 rows= 17732 horizon=0.33 L=0.20518 L/var=1.31 tgt=-0.079/0.396 pstd=0.204 gen=0.1s train=0.9s
[t=  26.7s] greedy ep 23 games=  96 dec= 18429 rows= 17627 horizon=0.27 L=0.20395 L/var=1.33 tgt=-0.079/0.391 pstd=0.160 gen=0.1s train=0.9s
[t=  27.9s] greedy ep 24 games=  96 dec= 18992 rows= 18327 horizon=0.35 L=0.20144 L/var=1.19 tgt=-0.080/0.412 pstd=0.164 gen=0.1s train=0.9s
[t=  28.9s] greedy ep 25 games=  96 dec= 18039 rows= 17262 horizon=0.23 L=0.21464 L/var=1.23 tgt=-0.097/0.418 pstd=0.143 gen=0.1s train=0.9s
[t=  30.1s] greedy ep 26 games=  96 dec= 19627 rows= 18805 horizon=0.33 L=0.20180 L/var=1.19 tgt=-0.078/0.412 pstd=0.193 gen=0.1s train=0.9s
[t=  31.2s] greedy ep 27 games=  96 dec= 18752 rows= 17930 horizon=0.27 L=0.23374 L/var=1.45 tgt=-0.057/0.401 pstd=0.149 gen=0.1s train=0.9s
[t=  32.4s] greedy ep 28 games=  96 dec= 19116 rows= 18327 horizon=0.31 L=0.20785 L/var=1.22 tgt=-0.078/0.412 pstd=0.230 gen=0.1s train=0.9s
[t=  33.5s] greedy ep 29 games=  96 dec= 18708 rows= 17952 horizon=0.27 L=0.31980 L/var=1.93 tgt=-0.080/0.407 pstd=0.090 gen=0.1s train=0.9s
[t=  34.7s] greedy ep 30 games=  96 dec= 19066 rows= 18248 horizon=0.31 L=0.21670 L/var=1.38 tgt=-0.075/0.397 pstd=0.111 gen=0.1s train=0.9s
[t=  35.8s] greedy ep 31 games=  96 dec= 18369 rows= 17570 horizon=0.26 L=0.20559 L/var=1.31 tgt=-0.085/0.397 pstd=0.144 gen=0.1s train=0.9s
[t=  36.8s] greedy ep 32 games=  96 dec= 18567 rows= 17800 horizon=0.30 L=0.19730 L/var=1.20 tgt=-0.065/0.405 pstd=0.168 gen=0.1s train=0.9s
[t=  37.9s] greedy ep 33 games=  96 dec= 18636 rows= 17813 horizon=0.31 L=0.19628 L/var=1.23 tgt=-0.050/0.400 pstd=0.150 gen=0.1s train=0.9s
[t=  39.0s] greedy ep 34 games=  96 dec= 18664 rows= 17825 horizon=0.29 L=0.23617 L/var=1.65 tgt=-0.077/0.378 pstd=0.162 gen=0.1s train=0.9s
[t=  40.1s] greedy ep 35 games=  96 dec= 17787 rows= 17046 horizon=0.22 L=0.20137 L/var=1.18 tgt=-0.058/0.413 pstd=0.160 gen=0.1s train=0.9s
[t=  41.3s] greedy ep 36 games=  96 dec= 19279 rows= 18442 horizon=0.33 L=0.19560 L/var=1.21 tgt=-0.083/0.403 pstd=0.115 gen=0.1s train=0.9s
[t=  42.3s] greedy ep 37 games=  96 dec= 18316 rows= 17468 horizon=0.32 L=0.21008 L/var=1.23 tgt=-0.082/0.413 pstd=0.164 gen=0.1s train=0.9s
[t=  43.5s] greedy ep 38 games=  96 dec= 19158 rows= 18321 horizon=0.32 L=0.20115 L/var=1.46 tgt=-0.052/0.371 pstd=0.199 gen=0.1s train=0.9s
[t=  44.6s] greedy ep 39 games=  96 dec= 18549 rows= 17774 horizon=0.26 L=0.21495 L/var=1.22 tgt=-0.066/0.419 pstd=0.194 gen=0.1s train=0.9s
[t=  45.7s] greedy ep 40 games=  96 dec= 18971 rows= 18211 horizon=0.34 L=0.21417 L/var=1.50 tgt=-0.061/0.378 pstd=0.142 gen=0.1s train=0.9s
[t=  46.8s] greedy ep 41 games=  96 dec= 18692 rows= 17843 horizon=0.28 L=0.18881 L/var=1.22 tgt=-0.060/0.393 pstd=0.088 gen=0.1s train=0.9s
[t=  48.0s] greedy ep 42 games=  96 dec= 19162 rows= 18375 horizon=0.38 L=0.16344 L/var=0.94 tgt=-0.081/0.417 pstd=0.334 gen=0.1s train=0.9s
[t=  49.1s] greedy ep 43 games=  96 dec= 19468 rows= 18602 horizon=0.35 L=0.08322 L/var=0.55 tgt=-0.093/0.389 pstd=0.343 gen=0.1s train=0.9s
[t=  50.2s] greedy ep 44 games=  96 dec= 18443 rows= 17624 horizon=0.28 L=0.05914 L/var=0.42 tgt=-0.068/0.375 pstd=0.356 gen=0.1s train=0.9s
[t=  51.3s] greedy ep 45 games=  96 dec= 17350 rows= 16706 horizon=0.25 L=0.07633 L/var=0.52 tgt=-0.069/0.383 pstd=0.411 gen=0.1s train=0.8s
[t=  52.4s] greedy ep 46 games=  96 dec= 17993 rows= 17239 horizon=0.28 L=0.04739 L/var=0.30 tgt=-0.095/0.400 pstd=0.381 gen=0.1s train=0.9s
[t=  53.5s] greedy ep 47 games=  96 dec= 18984 rows= 18180 horizon=0.29 L=0.04096 L/var=0.28 tgt=-0.069/0.381 pstd=0.368 gen=0.1s train=0.9s
[t=  54.6s] greedy ep 48 games=  96 dec= 18071 rows= 17405 horizon=0.30 L=0.03760 L/var=0.22 tgt=-0.064/0.410 pstd=0.371 gen=0.1s train=0.9s
[t=  55.7s] greedy ep 49 games=  96 dec= 19599 rows= 18844 horizon=0.40 L=0.03487 L/var=0.21 tgt=-0.053/0.408 pstd=0.382 gen=0.1s train=0.9s
[t=  56.8s] greedy ep 50 games=  96 dec= 17856 rows= 17099 horizon=0.25 L=0.03455 L/var=0.20 tgt=-0.078/0.412 pstd=0.381 gen=0.1s train=0.9s
[t=  57.9s] greedy ep 51 games=  96 dec= 17858 rows= 17043 horizon=0.24 L=0.05610 L/var=0.30 tgt=-0.083/0.433 pstd=0.398 gen=0.1s train=0.9s
[t=  59.0s] greedy ep 52 games=  96 dec= 18973 rows= 18262 horizon=0.35 L=0.04682 L/var=0.30 tgt=-0.080/0.397 pstd=0.373 gen=0.1s train=0.9s
[t=  60.1s] greedy ep 53 games=  96 dec= 17565 rows= 16777 horizon=0.19 L=0.02990 L/var=0.19 tgt=-0.076/0.397 pstd=0.380 gen=0.1s train=0.8s
[t=  61.2s] greedy ep 54 games=  96 dec= 17835 rows= 17151 horizon=0.25 L=0.02299 L/var=0.16 tgt=-0.070/0.384 pstd=0.355 gen=0.1s train=0.9s
[t=  62.3s] greedy ep 55 games=  96 dec= 17927 rows= 17096 horizon=0.25 L=0.02172 L/var=0.16 tgt=-0.069/0.363 pstd=0.363 gen=0.1s train=0.9s
[t=  63.4s] greedy ep 56 games=  96 dec= 18561 rows= 17765 horizon=0.28 L=0.01574 L/var=0.11 tgt=-0.062/0.381 pstd=0.389 gen=0.1s train=0.9s
[t=  64.5s] greedy ep 57 games=  96 dec= 18688 rows= 17872 horizon=0.25 L=0.01086 L/var=0.06 tgt=-0.082/0.422 pstd=0.368 gen=0.1s train=0.9s
[t=  65.6s] greedy ep 58 games=  96 dec= 19251 rows= 18414 horizon=0.34 L=0.00968 L/var=0.06 tgt=-0.092/0.413 pstd=0.371 gen=0.1s train=0.9s
[t=  66.8s] greedy ep 59 games=  96 dec= 19596 rows= 18724 horizon=0.36 L=0.00723 L/var=0.05 tgt=-0.071/0.392 pstd=0.374 gen=0.1s train=0.9s
[t=  67.9s] greedy ep 60 games=  96 dec= 18869 rows= 17979 horizon=0.30 L=0.00624 L/var=0.04 tgt=-0.087/0.395 pstd=0.369 gen=0.1s train=0.9s
[t=  69.0s] greedy ep 61 games=  96 dec= 18419 rows= 17673 horizon=0.25 L=0.00632 L/var=0.04 tgt=-0.071/0.408 pstd=0.371 gen=0.1s train=0.9s
[t=  70.2s] greedy ep 62 games=  96 dec= 19032 rows= 18186 horizon=0.32 L=0.00573 L/var=0.03 tgt=-0.082/0.423 pstd=0.386 gen=0.1s train=0.9s
[t=  71.3s] greedy ep 63 games=  96 dec= 19220 rows= 18443 horizon=0.29 L=0.00656 L/var=0.04 tgt=-0.067/0.401 pstd=0.384 gen=0.1s train=0.9s
[t=  72.4s] greedy ep 64 games=  96 dec= 17814 rows= 17050 horizon=0.25 L=0.00432 L/var=0.03 tgt=-0.077/0.407 pstd=0.381 gen=0.1s train=0.9s
[t=  73.5s] greedy ep 65 games=  96 dec= 18244 rows= 17509 horizon=0.28 L=0.00583 L/var=0.04 tgt=-0.079/0.389 pstd=0.389 gen=0.1s train=0.9s
[t=  74.6s] greedy ep 66 games=  96 dec= 18182 rows= 17491 horizon=0.29 L=0.00483 L/var=0.03 tgt=-0.084/0.400 pstd=0.385 gen=0.1s train=0.9s
[t=  75.8s] greedy ep 67 games=  96 dec= 18981 rows= 18182 horizon=0.35 L=0.00291 L/var=0.02 tgt=-0.087/0.426 pstd=0.389 gen=0.1s train=0.9s
[t=  76.8s] greedy ep 68 games=  96 dec= 18200 rows= 17313 horizon=0.25 L=0.00276 L/var=0.02 tgt=-0.057/0.399 pstd=0.381 gen=0.1s train=0.9s
[t=  77.9s] greedy ep 69 games=  96 dec= 18393 rows= 17591 horizon=0.28 L=0.00505 L/var=0.03 tgt=-0.084/0.390 pstd=0.377 gen=0.1s train=0.9s
[t=  79.0s] greedy ep 70 games=  96 dec= 18464 rows= 17707 horizon=0.33 L=0.00459 L/var=0.03 tgt=-0.094/0.424 pstd=0.377 gen=0.1s train=0.9s
[t=  80.1s] greedy ep 71 games=  96 dec= 18120 rows= 17396 horizon=0.26 L=0.00343 L/var=0.02 tgt=-0.064/0.411 pstd=0.392 gen=0.1s train=0.9s
[t=  81.3s] greedy ep 72 games=  96 dec= 19113 rows= 18368 horizon=0.34 L=0.00279 L/var=0.02 tgt=-0.105/0.413 pstd=0.392 gen=0.1s train=0.9s
[t=  82.3s] greedy ep 73 games=  96 dec= 17603 rows= 16838 horizon=0.20 L=0.00265 L/var=0.02 tgt=-0.097/0.416 pstd=0.383 gen=0.1s train=0.8s
[t=  83.4s] greedy ep 74 games=  96 dec= 18477 rows= 17679 horizon=0.27 L=0.00247 L/var=0.01 tgt=-0.080/0.425 pstd=0.385 gen=0.1s train=0.9s
[t=  84.6s] greedy ep 75 games=  96 dec= 19740 rows= 18936 horizon=0.40 L=0.00243 L/var=0.02 tgt=-0.051/0.381 pstd=0.381 gen=0.1s train=0.9s
[t=  85.7s] greedy ep 76 games=  96 dec= 18307 rows= 17464 horizon=0.20 L=0.00235 L/var=0.02 tgt=-0.073/0.386 pstd=0.394 gen=0.1s train=0.9s
[t=  86.8s] greedy ep 77 games=  96 dec= 18119 rows= 17313 horizon=0.25 L=0.00255 L/var=0.01 tgt=-0.096/0.418 pstd=0.388 gen=0.1s train=0.9s
[t=  87.9s] greedy ep 78 games=  96 dec= 18056 rows= 17283 horizon=0.26 L=0.00187 L/var=0.01 tgt=-0.067/0.398 pstd=0.398 gen=0.1s train=0.9s
[t=  89.0s] greedy ep 79 games=  96 dec= 18309 rows= 17527 horizon=0.28 L=0.00199 L/var=0.01 tgt=-0.048/0.403 pstd=0.381 gen=0.1s train=0.9s
[t=  90.1s] greedy ep 80 games=  96 dec= 18361 rows= 17605 horizon=0.29 L=0.00226 L/var=0.01 tgt=-0.092/0.423 pstd=0.383 gen=0.1s train=0.9s
[t=  91.1s] greedy ep 81 games=  96 dec= 17527 rows= 16734 horizon=0.25 L=0.00381 L/var=0.02 tgt=-0.065/0.398 pstd=0.383 gen=0.1s train=0.8s
[t=  92.2s] greedy ep 82 games=  96 dec= 17529 rows= 16756 horizon=0.23 L=0.00321 L/var=0.02 tgt=-0.061/0.397 pstd=0.383 gen=0.1s train=0.8s
[t=  93.2s] greedy ep 83 games=  96 dec= 16779 rows= 15994 horizon=0.18 L=0.00292 L/var=0.02 tgt=-0.050/0.399 pstd=0.388 gen=0.1s train=0.8s
[t=  94.4s] greedy ep 84 games=  96 dec= 19106 rows= 18300 horizon=0.35 L=0.00224 L/var=0.01 tgt=-0.060/0.405 pstd=0.390 gen=0.1s train=0.9s
[t=  95.6s] greedy ep 85 games=  96 dec= 18736 rows= 17960 horizon=0.29 L=0.00203 L/var=0.01 tgt=-0.082/0.405 pstd=0.384 gen=0.1s train=0.9s
[t=  96.7s] greedy ep 86 games=  96 dec= 18107 rows= 17332 horizon=0.26 L=0.00192 L/var=0.01 tgt=-0.063/0.393 pstd=0.393 gen=0.1s train=0.9s
[t=  97.7s] greedy ep 87 games=  96 dec= 17330 rows= 16586 horizon=0.24 L=0.00154 L/var=0.01 tgt=-0.085/0.395 pstd=0.386 gen=0.1s train=0.8s
[t=  98.9s] greedy ep 88 games=  96 dec= 18635 rows= 17758 horizon=0.27 L=0.00121 L/var=0.01 tgt=-0.061/0.389 pstd=0.390 gen=0.1s train=0.9s
[t= 100.1s] greedy ep 89 games=  96 dec= 17378 rows= 16633 horizon=0.24 L=0.00113 L/var=0.01 tgt=-0.079/0.397 pstd=0.395 gen=0.1s train=0.9s
[t= 101.4s] greedy ep 90 games=  96 dec= 18682 rows= 17886 horizon=0.31 L=0.00145 L/var=0.01 tgt=-0.098/0.418 pstd=0.379 gen=0.1s train=1.0s
[t= 102.7s] greedy ep 91 games=  96 dec= 18758 rows= 18046 horizon=0.32 L=0.00118 L/var=0.01 tgt=-0.077/0.383 pstd=0.388 gen=0.1s train=1.0s
[t= 104.0s] greedy ep 92 games=  96 dec= 18910 rows= 18161 horizon=0.30 L=0.00131 L/var=0.01 tgt=-0.080/0.401 pstd=0.394 gen=0.1s train=1.0s
[t= 105.3s] greedy ep 93 games=  96 dec= 18404 rows= 17653 horizon=0.34 L=0.00143 L/var=0.01 tgt=-0.102/0.417 pstd=0.381 gen=0.1s train=1.0s
[t= 106.6s] greedy ep 94 games=  96 dec= 18792 rows= 18006 horizon=0.33 L=0.00133 L/var=0.01 tgt=-0.081/0.391 pstd=0.396 gen=0.1s train=1.0s
[t= 107.9s] greedy ep 95 games=  96 dec= 18762 rows= 17940 horizon=0.24 L=0.00264 L/var=0.02 tgt=-0.088/0.399 pstd=0.372 gen=0.1s train=1.0s
[t= 109.1s] greedy ep 96 games=  96 dec= 17651 rows= 16892 horizon=0.24 L=0.00153 L/var=0.01 tgt=-0.080/0.418 pstd=0.390 gen=0.1s train=0.9s
[t= 110.3s] greedy ep 97 games=  96 dec= 17701 rows= 17006 horizon=0.27 L=0.00109 L/var=0.01 tgt=-0.090/0.413 pstd=0.390 gen=0.1s train=1.0s
[t= 111.6s] greedy ep 98 games=  96 dec= 18691 rows= 17958 horizon=0.35 L=0.00104 L/var=0.01 tgt=-0.069/0.364 pstd=0.392 gen=0.1s train=1.0s
[t= 112.8s] greedy ep 99 games=  96 dec= 19149 rows= 18268 horizon=0.29 L=0.00121 L/var=0.01 tgt=-0.083/0.398 pstd=0.389 gen=0.1s train=1.0s
[t= 114.0s] greedy ep100 games=  96 dec= 17996 rows= 17268 horizon=0.27 L=0.00146 L/var=0.01 tgt=-0.047/0.415 pstd=0.399 gen=0.1s train=0.9s
[t= 115.2s] greedy ep101 games=  96 dec= 17954 rows= 17173 horizon=0.26 L=0.00210 L/var=0.01 tgt=-0.101/0.429 pstd=0.396 gen=0.1s train=0.9s
[t= 116.3s] greedy ep102 games=  96 dec= 17228 rows= 16426 horizon=0.19 L=0.00155 L/var=0.01 tgt=-0.107/0.415 pstd=0.386 gen=0.1s train=0.8s
[t= 117.5s] greedy ep103 games=  96 dec= 17794 rows= 16980 horizon=0.24 L=0.00130 L/var=0.01 tgt=-0.076/0.398 pstd=0.387 gen=0.1s train=0.9s
[t= 118.7s] greedy ep104 games=  96 dec= 18854 rows= 17982 horizon=0.26 L=0.00080 L/var=0.00 tgt=-0.080/0.409 pstd=0.391 gen=0.1s train=1.0s
[t= 119.9s] greedy ep105 games=  96 dec= 18802 rows= 17936 horizon=0.30 L=0.00083 L/var=0.00 tgt=-0.084/0.410 pstd=0.390 gen=0.1s train=0.9s
[t= 121.0s] greedy ep106 games=  96 dec= 18161 rows= 17476 horizon=0.27 L=0.00098 L/var=0.01 tgt=-0.058/0.388 pstd=0.389 gen=0.1s train=0.9s
[t= 122.2s] greedy ep107 games=  96 dec= 17916 rows= 17157 horizon=0.27 L=0.00258 L/var=0.02 tgt=-0.081/0.408 pstd=0.380 gen=0.1s train=0.9s
[t= 123.3s] greedy ep108 games=  96 dec= 18149 rows= 17352 horizon=0.26 L=0.00196 L/var=0.01 tgt=-0.060/0.382 pstd=0.390 gen=0.1s train=0.9s
[t= 124.5s] greedy ep109 games=  96 dec= 18197 rows= 17400 horizon=0.24 L=0.00126 L/var=0.01 tgt=-0.067/0.387 pstd=0.383 gen=0.1s train=0.9s
[t= 125.6s] greedy ep110 games=  96 dec= 17538 rows= 16803 horizon=0.24 L=0.00123 L/var=0.01 tgt=-0.087/0.410 pstd=0.392 gen=0.1s train=0.9s
[t= 126.8s] greedy ep111 games=  96 dec= 19361 rows= 18532 horizon=0.36 L=0.00077 L/var=0.00 tgt=-0.073/0.400 pstd=0.389 gen=0.1s train=1.0s
[t= 127.9s] greedy ep112 games=  96 dec= 18029 rows= 17317 horizon=0.30 L=0.00070 L/var=0.00 tgt=-0.083/0.417 pstd=0.390 gen=0.1s train=0.9s
[t= 129.1s] greedy ep113 games=  96 dec= 18174 rows= 17387 horizon=0.28 L=0.00069 L/var=0.00 tgt=-0.042/0.413 pstd=0.390 gen=0.1s train=0.9s
[t= 130.3s] greedy ep114 games=  96 dec= 19319 rows= 18518 horizon=0.36 L=0.00076 L/var=0.00 tgt=-0.073/0.406 pstd=0.392 gen=0.1s train=0.9s
[t= 131.4s] greedy ep115 games=  96 dec= 17729 rows= 16977 horizon=0.17 L=0.00100 L/var=0.01 tgt=-0.043/0.407 pstd=0.383 gen=0.1s train=0.9s
[t= 132.6s] greedy ep116 games=  96 dec= 18403 rows= 17543 horizon=0.28 L=0.00075 L/var=0.00 tgt=-0.071/0.395 pstd=0.392 gen=0.1s train=0.9s
[t= 133.7s] greedy ep117 games=  96 dec= 17865 rows= 17051 horizon=0.27 L=0.00069 L/var=0.00 tgt=-0.067/0.406 pstd=0.389 gen=0.1s train=0.9s
[t= 134.9s] greedy ep118 games=  96 dec= 18550 rows= 17822 horizon=0.36 L=0.00159 L/var=0.01 tgt=-0.103/0.431 pstd=0.401 gen=0.1s train=0.9s
[t= 136.0s] greedy ep119 games=  96 dec= 18440 rows= 17650 horizon=0.26 L=0.00102 L/var=0.01 tgt=-0.088/0.406 pstd=0.391 gen=0.1s train=0.9s
[t= 137.2s] greedy ep120 games=  96 dec= 18888 rows= 17947 horizon=0.27 L=0.00119 L/var=0.01 tgt=-0.074/0.397 pstd=0.378 gen=0.1s train=0.9s
[t= 138.3s] greedy ep121 games=  96 dec= 18400 rows= 17640 horizon=0.29 L=0.00109 L/var=0.01 tgt=-0.074/0.377 pstd=0.389 gen=0.1s train=0.9s
[t= 139.5s] greedy ep122 games=  96 dec= 19500 rows= 18715 horizon=0.40 L=0.00072 L/var=0.01 tgt=-0.065/0.377 pstd=0.391 gen=0.1s train=0.9s
[t= 140.7s] greedy ep123 games=  96 dec= 18513 rows= 17694 horizon=0.27 L=0.00135 L/var=0.01 tgt=-0.071/0.405 pstd=0.387 gen=0.1s train=0.9s
[t= 141.9s] greedy ep124 games=  96 dec= 18892 rows= 18073 horizon=0.33 L=0.00082 L/var=0.01 tgt=-0.113/0.403 pstd=0.396 gen=0.1s train=0.9s
[t= 143.1s] greedy ep125 games=  96 dec= 18520 rows= 17651 horizon=0.25 L=0.00070 L/var=0.00 tgt=-0.076/0.404 pstd=0.388 gen=0.1s train=0.9s
[t= 144.3s] greedy ep126 games=  96 dec= 19645 rows= 18833 horizon=0.36 L=0.00087 L/var=0.01 tgt=-0.071/0.385 pstd=0.390 gen=0.1s train=1.0s
[t= 145.4s] greedy ep127 games=  96 dec= 17395 rows= 16683 horizon=0.19 L=0.00077 L/var=0.01 tgt=-0.067/0.378 pstd=0.383 gen=0.1s train=0.8s
[t= 146.6s] greedy ep128 games=  96 dec= 19317 rows= 18624 horizon=0.38 L=0.00106 L/var=0.01 tgt=-0.070/0.400 pstd=0.384 gen=0.1s train=1.0s
[t= 147.7s] greedy ep129 games=  96 dec= 18062 rows= 17333 horizon=0.27 L=0.00079 L/var=0.01 tgt=-0.067/0.388 pstd=0.387 gen=0.1s train=0.9s
[t= 148.9s] greedy ep130 games=  96 dec= 17908 rows= 17168 horizon=0.25 L=0.00124 L/var=0.01 tgt=-0.072/0.388 pstd=0.389 gen=0.1s train=0.9s
[t= 150.0s] greedy ep131 games=  96 dec= 17598 rows= 16794 horizon=0.20 L=0.00079 L/var=0.00 tgt=-0.072/0.400 pstd=0.393 gen=0.1s train=0.8s
[t= 151.1s] greedy ep132 games=  96 dec= 18760 rows= 17930 horizon=0.29 L=0.00088 L/var=0.01 tgt=-0.046/0.400 pstd=0.384 gen=0.1s train=0.9s
[t= 152.3s] greedy ep133 games=  96 dec= 18381 rows= 17624 horizon=0.30 L=0.00098 L/var=0.01 tgt=-0.085/0.417 pstd=0.394 gen=0.1s train=0.9s
[t= 153.4s] greedy ep134 games=  96 dec= 17570 rows= 16816 horizon=0.25 L=0.00075 L/var=0.00 tgt=-0.072/0.415 pstd=0.396 gen=0.1s train=0.9s
[t= 154.5s] greedy ep135 games=  96 dec= 17880 rows= 17050 horizon=0.19 L=0.00082 L/var=0.00 tgt=-0.097/0.429 pstd=0.384 gen=0.1s train=0.9s
[t= 155.7s] greedy ep136 games=  96 dec= 17693 rows= 16931 horizon=0.20 L=0.00075 L/var=0.00 tgt=-0.082/0.393 pstd=0.389 gen=0.1s train=0.9s
[t= 156.9s] greedy ep137 games=  96 dec= 18829 rows= 18139 horizon=0.33 L=0.00091 L/var=0.01 tgt=-0.103/0.413 pstd=0.387 gen=0.1s train=0.9s
[t= 158.0s] greedy ep138 games=  96 dec= 18667 rows= 17798 horizon=0.27 L=0.00112 L/var=0.01 tgt=-0.085/0.387 pstd=0.398 gen=0.1s train=0.9s
[t= 159.2s] greedy ep139 games=  96 dec= 19019 rows= 18235 horizon=0.33 L=0.00269 L/var=0.02 tgt=-0.078/0.391 pstd=0.382 gen=0.1s train=0.9s
[t= 160.4s] greedy ep140 games=  96 dec= 18185 rows= 17445 horizon=0.30 L=0.00162 L/var=0.01 tgt=-0.095/0.405 pstd=0.396 gen=0.1s train=0.9s
[t= 161.5s] greedy ep141 games=  96 dec= 19133 rows= 18326 horizon=0.31 L=0.00053 L/var=0.00 tgt=-0.072/0.412 pstd=0.389 gen=0.1s train=0.9s
[t= 162.7s] greedy ep142 games=  96 dec= 18194 rows= 17427 horizon=0.24 L=0.00045 L/var=0.00 tgt=-0.097/0.420 pstd=0.390 gen=0.1s train=0.9s
[t= 163.9s] greedy ep143 games=  96 dec= 18830 rows= 18028 horizon=0.30 L=0.00044 L/var=0.00 tgt=-0.073/0.412 pstd=0.391 gen=0.1s train=0.9s
[t= 165.0s] greedy ep144 games=  96 dec= 18909 rows= 18097 horizon=0.32 L=0.00088 L/var=0.01 tgt=-0.078/0.383 pstd=0.394 gen=0.1s train=0.9s
[t= 166.1s] greedy ep145 games=  96 dec= 17688 rows= 16849 horizon=0.23 L=0.00087 L/var=0.01 tgt=-0.083/0.391 pstd=0.392 gen=0.1s train=0.8s
[t= 167.0s] greedy ep146 games=  96 dec= 18242 rows= 17520 horizon=0.29 L=0.00078 L/var=0.00 tgt=-0.067/0.406 pstd=0.396 gen=0.1s train=0.7s
[t= 167.9s] greedy ep147 games=  96 dec= 17543 rows= 16790 horizon=0.23 L=0.00066 L/var=0.00 tgt=-0.072/0.389 pstd=0.396 gen=0.1s train=0.7s
[t= 168.9s] greedy ep148 games=  96 dec= 18707 rows= 17901 horizon=0.26 L=0.00068 L/var=0.00 tgt=-0.069/0.414 pstd=0.385 gen=0.1s train=0.8s
[t= 169.9s] greedy ep149 games=  96 dec= 18841 rows= 17963 horizon=0.30 L=0.00068 L/var=0.00 tgt=-0.078/0.397 pstd=0.385 gen=0.1s train=0.8s
[t= 170.9s] greedy ep150 games=  96 dec= 18647 rows= 17871 horizon=0.29 L=0.00049 L/var=0.00 tgt=-0.085/0.416 pstd=0.392 gen=0.1s train=0.7s
[t= 171.9s] greedy ep151 games=  96 dec= 19437 rows= 18611 horizon=0.34 L=0.00058 L/var=0.00 tgt=-0.093/0.413 pstd=0.390 gen=0.1s train=0.8s
[t= 172.9s] greedy ep152 games=  96 dec= 18772 rows= 17991 horizon=0.31 L=0.00105 L/var=0.01 tgt=-0.081/0.408 pstd=0.388 gen=0.1s train=0.8s
[t= 173.9s] greedy ep153 games=  96 dec= 19646 rows= 18733 horizon=0.40 L=0.00122 L/var=0.01 tgt=-0.050/0.394 pstd=0.399 gen=0.1s train=0.8s
[t= 174.8s] greedy ep154 games=  96 dec= 17859 rows= 17126 horizon=0.26 L=0.00232 L/var=0.01 tgt=-0.064/0.401 pstd=0.418 gen=0.1s train=0.7s
[t= 175.7s] greedy ep155 games=  96 dec= 18131 rows= 17315 horizon=0.25 L=0.00188 L/var=0.01 tgt=-0.060/0.383 pstd=0.392 gen=0.1s train=0.7s
[t= 176.9s] greedy ep156 games=  96 dec= 17706 rows= 16969 horizon=0.27 L=0.00080 L/var=0.00 tgt=-0.083/0.405 pstd=0.386 gen=0.1s train=0.9s
[t= 178.0s] greedy ep157 games=  96 dec= 18532 rows= 17740 horizon=0.27 L=0.00048 L/var=0.00 tgt=-0.059/0.387 pstd=0.386 gen=0.1s train=0.9s
[t= 179.0s] greedy ep158 games=  96 dec= 18583 rows= 17821 horizon=0.26 L=0.00043 L/var=0.00 tgt=-0.088/0.404 pstd=0.388 gen=0.1s train=0.9s
[t= 180.1s] greedy ep159 games=  96 dec= 17891 rows= 17137 horizon=0.25 L=0.00055 L/var=0.00 tgt=-0.074/0.421 pstd=0.390 gen=0.1s train=0.8s
[t= 181.1s] greedy ep160 games=  96 dec= 17495 rows= 16742 horizon=0.23 L=0.00080 L/var=0.00 tgt=-0.077/0.416 pstd=0.389 gen=0.1s train=0.8s
[t= 182.2s] greedy ep161 games=  96 dec= 18032 rows= 17292 horizon=0.27 L=0.00055 L/var=0.00 tgt=-0.099/0.425 pstd=0.396 gen=0.1s train=0.8s
[t= 183.4s] greedy ep162 games=  96 dec= 18829 rows= 17998 horizon=0.34 L=0.00041 L/var=0.00 tgt=-0.084/0.395 pstd=0.388 gen=0.1s train=0.9s
[t= 184.4s] greedy ep163 games=  96 dec= 17690 rows= 17013 horizon=0.27 L=0.00044 L/var=0.00 tgt=-0.079/0.414 pstd=0.391 gen=0.1s train=0.9s
[t= 185.5s] greedy ep164 games=  96 dec= 18087 rows= 17234 horizon=0.26 L=0.00071 L/var=0.00 tgt=-0.083/0.416 pstd=0.389 gen=0.1s train=0.8s
[t= 186.6s] greedy ep165 games=  96 dec= 17535 rows= 16843 horizon=0.26 L=0.00051 L/var=0.00 tgt=-0.065/0.375 pstd=0.391 gen=0.1s train=0.9s
[t= 187.8s] greedy ep166 games=  96 dec= 17688 rows= 17002 horizon=0.26 L=0.00091 L/var=0.00 tgt=-0.094/0.432 pstd=0.391 gen=0.1s train=0.9s
[t= 189.0s] greedy ep167 games=  96 dec= 18619 rows= 17846 horizon=0.27 L=0.00042 L/var=0.00 tgt=-0.074/0.392 pstd=0.394 gen=0.1s train=0.9s
[t= 190.3s] greedy ep168 games=  96 dec= 18966 rows= 18106 horizon=0.35 L=0.00053 L/var=0.00 tgt=-0.055/0.408 pstd=0.389 gen=0.1s train=1.1s
[t= 191.5s] greedy ep169 games=  96 dec= 18474 rows= 17685 horizon=0.25 L=0.00083 L/var=0.01 tgt=-0.048/0.401 pstd=0.392 gen=0.1s train=0.9s
[t= 192.6s] greedy ep170 games=  96 dec= 18654 rows= 17872 horizon=0.33 L=0.00046 L/var=0.00 tgt=-0.070/0.414 pstd=0.388 gen=0.1s train=0.9s
[t= 193.7s] greedy ep171 games=  96 dec= 18926 rows= 18108 horizon=0.35 L=0.00070 L/var=0.00 tgt=-0.065/0.395 pstd=0.391 gen=0.1s train=0.9s
[t= 194.8s] greedy ep172 games=  96 dec= 18321 rows= 17443 horizon=0.24 L=0.00047 L/var=0.00 tgt=-0.084/0.421 pstd=0.393 gen=0.1s train=0.9s
[t= 195.9s] greedy ep173 games=  96 dec= 17635 rows= 16989 horizon=0.26 L=0.00042 L/var=0.00 tgt=-0.076/0.388 pstd=0.393 gen=0.1s train=0.9s
[t= 197.1s] greedy ep174 games=  96 dec= 18731 rows= 18037 horizon=0.29 L=0.00062 L/var=0.00 tgt=-0.088/0.396 pstd=0.390 gen=0.1s train=0.9s
[t= 198.2s] greedy ep175 games=  96 dec= 18265 rows= 17503 horizon=0.28 L=0.00059 L/var=0.00 tgt=-0.052/0.433 pstd=0.390 gen=0.1s train=0.8s
[t= 199.3s] greedy ep176 games=  96 dec= 18586 rows= 17793 horizon=0.31 L=0.00059 L/var=0.00 tgt=-0.079/0.405 pstd=0.389 gen=0.1s train=0.9s
[t= 200.5s] greedy ep177 games=  96 dec= 18693 rows= 17924 horizon=0.29 L=0.00063 L/var=0.00 tgt=-0.073/0.407 pstd=0.389 gen=0.1s train=0.9s
[t= 201.6s] greedy ep178 games=  96 dec= 18086 rows= 17261 horizon=0.25 L=0.00040 L/var=0.00 tgt=-0.091/0.408 pstd=0.393 gen=0.1s train=0.9s
[t= 202.8s] greedy ep179 games=  96 dec= 18364 rows= 17611 horizon=0.29 L=0.00092 L/var=0.01 tgt=-0.077/0.396 pstd=0.378 gen=0.1s train=0.9s
[t= 203.9s] greedy ep180 games=  96 dec= 18541 rows= 17811 horizon=0.34 L=0.00134 L/var=0.01 tgt=-0.049/0.385 pstd=0.376 gen=0.1s train=0.9s
[t= 205.0s] greedy ep181 games=  96 dec= 18495 rows= 17722 horizon=0.27 L=0.00138 L/var=0.01 tgt=-0.056/0.381 pstd=0.400 gen=0.1s train=0.9s
[t= 206.2s] greedy ep182 games=  96 dec= 18701 rows= 17873 horizon=0.32 L=0.00181 L/var=0.01 tgt=-0.049/0.383 pstd=0.370 gen=0.1s train=0.9s
[t= 207.3s] greedy ep183 games=  96 dec= 18658 rows= 17824 horizon=0.28 L=0.00119 L/var=0.01 tgt=-0.057/0.396 pstd=0.388 gen=0.1s train=0.9s
[t= 208.4s] greedy ep184 games=  96 dec= 17446 rows= 16664 horizon=0.22 L=0.00040 L/var=0.00 tgt=-0.088/0.419 pstd=0.387 gen=0.1s train=0.8s
[t= 209.6s] greedy ep185 games=  96 dec= 18512 rows= 17646 horizon=0.19 L=0.00030 L/var=0.00 tgt=-0.067/0.400 pstd=0.388 gen=0.1s train=0.9s
[t= 210.7s] greedy ep186 games=  96 dec= 17733 rows= 16951 horizon=0.24 L=0.00049 L/var=0.00 tgt=-0.060/0.402 pstd=0.393 gen=0.1s train=0.9s
[t= 211.8s] greedy ep187 games=  96 dec= 18260 rows= 17505 horizon=0.25 L=0.00041 L/var=0.00 tgt=-0.072/0.412 pstd=0.391 gen=0.1s train=0.9s
[t= 213.0s] greedy ep188 games=  96 dec= 19257 rows= 18441 horizon=0.34 L=0.00040 L/var=0.00 tgt=-0.063/0.389 pstd=0.385 gen=0.1s train=0.9s
[t= 214.1s] greedy ep189 games=  96 dec= 17488 rows= 16786 horizon=0.21 L=0.00047 L/var=0.00 tgt=-0.067/0.393 pstd=0.395 gen=0.1s train=0.8s
[t= 215.3s] greedy ep190 games=  96 dec= 18535 rows= 17759 horizon=0.26 L=0.00039 L/var=0.00 tgt=-0.057/0.393 pstd=0.387 gen=0.1s train=0.9s
[t= 216.5s] greedy ep191 games=  96 dec= 18892 rows= 18148 horizon=0.34 L=0.00073 L/var=0.00 tgt=-0.084/0.423 pstd=0.398 gen=0.1s train=0.9s
[t= 217.6s] greedy ep192 games=  96 dec= 18407 rows= 17646 horizon=0.30 L=0.00053 L/var=0.00 tgt=-0.066/0.395 pstd=0.389 gen=0.1s train=0.9s
[t= 218.8s] greedy ep193 games=  96 dec= 18526 rows= 17805 horizon=0.32 L=0.00039 L/var=0.00 tgt=-0.081/0.397 pstd=0.392 gen=0.1s train=0.9s
[t= 220.0s] greedy ep194 games=  96 dec= 19108 rows= 18335 horizon=0.26 L=0.00072 L/var=0.00 tgt=-0.072/0.388 pstd=0.390 gen=0.1s train=0.9s
[t= 221.2s] greedy ep195 games=  96 dec= 18923 rows= 18165 horizon=0.34 L=0.00060 L/var=0.00 tgt=-0.084/0.396 pstd=0.396 gen=0.1s train=0.9s
[t= 222.4s] greedy ep196 games=  96 dec= 18700 rows= 17930 horizon=0.34 L=0.00033 L/var=0.00 tgt=-0.062/0.388 pstd=0.394 gen=0.1s train=1.0s
[t= 223.6s] greedy ep197 games=  96 dec= 17869 rows= 17051 horizon=0.27 L=0.00075 L/var=0.00 tgt=-0.075/0.411 pstd=0.395 gen=0.1s train=0.9s
[t= 224.8s] greedy ep198 games=  96 dec= 18673 rows= 17989 horizon=0.30 L=0.00064 L/var=0.00 tgt=-0.085/0.371 pstd=0.386 gen=0.1s train=1.0s
[t= 225.9s] greedy ep199 games=  96 dec= 18500 rows= 17710 horizon=0.31 L=0.00075 L/var=0.01 tgt=-0.082/0.388 pstd=0.386 gen=0.1s train=0.9s
[t= 227.1s] greedy ep200 games=  96 dec= 18359 rows= 17614 horizon=0.29 L=0.00060 L/var=0.00 tgt=-0.068/0.378 pstd=0.390 gen=0.1s train=0.9s
[t= 228.3s] greedy ep201 games=  96 dec= 19112 rows= 18296 horizon=0.33 L=0.00038 L/var=0.00 tgt=-0.081/0.380 pstd=0.389 gen=0.1s train=1.0s
[t= 229.5s] greedy ep202 games=  96 dec= 18445 rows= 17609 horizon=0.26 L=0.00085 L/var=0.01 tgt=-0.073/0.405 pstd=0.392 gen=0.1s train=0.9s
[t= 230.7s] greedy ep203 games=  96 dec= 18886 rows= 18165 horizon=0.32 L=0.00087 L/var=0.01 tgt=-0.096/0.415 pstd=0.383 gen=0.1s train=0.9s
[t= 231.8s] greedy ep204 games=  96 dec= 18285 rows= 17611 horizon=0.28 L=0.00047 L/var=0.00 tgt=-0.066/0.381 pstd=0.392 gen=0.1s train=0.9s
[t= 233.1s] greedy ep205 games=  96 dec= 18966 rows= 18250 horizon=0.36 L=0.00042 L/var=0.00 tgt=-0.103/0.430 pstd=0.392 gen=0.1s train=0.9s
[t= 234.3s] greedy ep206 games=  96 dec= 18906 rows= 18099 horizon=0.30 L=0.00044 L/var=0.00 tgt=-0.051/0.393 pstd=0.389 gen=0.1s train=0.9s
[t= 235.4s] greedy ep207 games=  96 dec= 19183 rows= 18413 horizon=0.35 L=0.00055 L/var=0.00 tgt=-0.060/0.400 pstd=0.386 gen=0.1s train=0.9s
[t= 236.6s] greedy ep208 games=  96 dec= 19656 rows= 18753 horizon=0.33 L=0.00058 L/var=0.00 tgt=-0.075/0.403 pstd=0.391 gen=0.1s train=0.9s
[t= 237.7s] greedy ep209 games=  96 dec= 17520 rows= 16789 horizon=0.24 L=0.00055 L/var=0.00 tgt=-0.074/0.422 pstd=0.385 gen=0.1s train=0.8s
[t= 238.9s] greedy ep210 games=  96 dec= 19496 rows= 18751 horizon=0.34 L=0.00061 L/var=0.00 tgt=-0.076/0.390 pstd=0.385 gen=0.1s train=0.9s
[t= 240.0s] greedy ep211 games=  96 dec= 17605 rows= 16885 horizon=0.23 L=0.00050 L/var=0.00 tgt=-0.094/0.423 pstd=0.389 gen=0.1s train=0.8s
[t= 241.1s] greedy ep212 games=  96 dec= 18604 rows= 17721 horizon=0.33 L=0.00043 L/var=0.00 tgt=-0.090/0.395 pstd=0.392 gen=0.1s train=0.9s
[t= 242.3s] greedy ep213 games=  96 dec= 17827 rows= 17072 horizon=0.26 L=0.00074 L/var=0.00 tgt=-0.093/0.411 pstd=0.392 gen=0.1s train=0.9s
[t= 243.4s] greedy ep214 games=  96 dec= 18416 rows= 17589 horizon=0.26 L=0.00063 L/var=0.00 tgt=-0.067/0.394 pstd=0.393 gen=0.1s train=0.9s
[t= 244.6s] greedy ep215 games=  96 dec= 19264 rows= 18546 horizon=0.36 L=0.00040 L/var=0.00 tgt=-0.046/0.377 pstd=0.392 gen=0.1s train=0.9s
[t= 245.8s] greedy ep216 games=  96 dec= 19120 rows= 18269 horizon=0.33 L=0.00031 L/var=0.00 tgt=-0.070/0.420 pstd=0.388 gen=0.1s train=0.9s
[t= 247.1s] greedy ep217 games=  96 dec= 19050 rows= 18266 horizon=0.29 L=0.00045 L/var=0.00 tgt=-0.076/0.394 pstd=0.394 gen=0.1s train=0.9s
[t= 248.3s] greedy ep218 games=  96 dec= 18825 rows= 18063 horizon=0.30 L=0.00076 L/var=0.00 tgt=-0.056/0.400 pstd=0.393 gen=0.1s train=1.0s
[t= 249.5s] greedy ep219 games=  96 dec= 18703 rows= 17856 horizon=0.28 L=0.00037 L/var=0.00 tgt=-0.062/0.409 pstd=0.391 gen=0.1s train=0.9s
[t= 250.6s] greedy ep220 games=  96 dec= 18305 rows= 17492 horizon=0.28 L=0.00051 L/var=0.00 tgt=-0.092/0.403 pstd=0.393 gen=0.1s train=0.9s
[t= 251.7s] greedy ep221 games=  96 dec= 18309 rows= 17558 horizon=0.30 L=0.00047 L/var=0.00 tgt=-0.085/0.395 pstd=0.388 gen=0.1s train=0.8s
[t= 252.7s] greedy ep222 games=  96 dec= 18300 rows= 17585 horizon=0.30 L=0.00053 L/var=0.00 tgt=-0.053/0.384 pstd=0.392 gen=0.1s train=0.8s
[t= 253.8s] greedy ep223 games=  96 dec= 19099 rows= 18311 horizon=0.28 L=0.00095 L/var=0.01 tgt=-0.085/0.410 pstd=0.396 gen=0.1s train=0.9s
[t= 254.9s] greedy ep224 games=  96 dec= 18062 rows= 17352 horizon=0.26 L=0.00049 L/var=0.00 tgt=-0.062/0.400 pstd=0.391 gen=0.1s train=0.9s
[t= 256.0s] greedy ep225 games=  96 dec= 18595 rows= 17877 horizon=0.29 L=0.00032 L/var=0.00 tgt=-0.067/0.377 pstd=0.393 gen=0.1s train=0.9s
[t= 257.1s] greedy ep226 games=  96 dec= 19011 rows= 18269 horizon=0.38 L=0.00064 L/var=0.00 tgt=-0.079/0.408 pstd=0.394 gen=0.1s train=0.9s
[t= 258.2s] greedy ep227 games=  96 dec= 18548 rows= 17730 horizon=0.26 L=0.00077 L/var=0.00 tgt=-0.081/0.405 pstd=0.385 gen=0.1s train=0.9s
[t= 259.3s] greedy ep228 games=  96 dec= 18037 rows= 17284 horizon=0.28 L=0.00052 L/var=0.00 tgt=-0.058/0.386 pstd=0.391 gen=0.1s train=0.9s
[t= 260.4s] greedy ep229 games=  96 dec= 18300 rows= 17549 horizon=0.28 L=0.00043 L/var=0.00 tgt=-0.080/0.402 pstd=0.395 gen=0.1s train=0.9s
[t= 261.5s] greedy ep230 games=  96 dec= 18962 rows= 18183 horizon=0.33 L=0.00055 L/var=0.00 tgt=-0.058/0.390 pstd=0.392 gen=0.1s train=0.9s
[t= 262.6s] greedy ep231 games=  96 dec= 18540 rows= 17738 horizon=0.33 L=0.00035 L/var=0.00 tgt=-0.087/0.406 pstd=0.388 gen=0.1s train=0.9s
[t= 263.7s] greedy ep232 games=  96 dec= 17744 rows= 16971 horizon=0.20 L=0.00037 L/var=0.00 tgt=-0.077/0.413 pstd=0.388 gen=0.1s train=0.9s
[t= 264.8s] greedy ep233 games=  96 dec= 18009 rows= 17294 horizon=0.27 L=0.00029 L/var=0.00 tgt=-0.071/0.430 pstd=0.392 gen=0.1s train=0.9s
[t= 265.8s] greedy ep234 games=  96 dec= 17201 rows= 16436 horizon=0.22 L=0.00104 L/var=0.01 tgt=-0.090/0.411 pstd=0.377 gen=0.1s train=0.8s
[t= 267.0s] greedy ep235 games=  96 dec= 19081 rows= 18239 horizon=0.35 L=0.00113 L/var=0.01 tgt=-0.099/0.389 pstd=0.390 gen=0.1s train=0.9s
[t= 268.1s] greedy ep236 games=  96 dec= 18176 rows= 17457 horizon=0.29 L=0.00039 L/var=0.00 tgt=-0.067/0.408 pstd=0.393 gen=0.1s train=0.9s
[t= 269.3s] greedy ep237 games=  96 dec= 18847 rows= 17999 horizon=0.30 L=0.00037 L/var=0.00 tgt=-0.061/0.381 pstd=0.394 gen=0.1s train=0.9s
[t= 270.4s] greedy ep238 games=  96 dec= 18787 rows= 18087 horizon=0.32 L=0.00036 L/var=0.00 tgt=-0.075/0.395 pstd=0.393 gen=0.1s train=0.9s
[t= 271.5s] greedy ep239 games=  96 dec= 18208 rows= 17509 horizon=0.29 L=0.00038 L/var=0.00 tgt=-0.083/0.427 pstd=0.390 gen=0.1s train=0.9s
[t= 272.6s] greedy ep240 games=  96 dec= 17967 rows= 17246 horizon=0.27 L=0.00032 L/var=0.00 tgt=-0.087/0.404 pstd=0.385 gen=0.1s train=0.9s
[t= 273.6s] greedy ep241 games=  96 dec= 17584 rows= 16887 horizon=0.21 L=0.00044 L/var=0.00 tgt=-0.052/0.402 pstd=0.391 gen=0.1s train=0.8s
[t= 274.7s] greedy ep242 games=  96 dec= 18165 rows= 17312 horizon=0.25 L=0.00039 L/var=0.00 tgt=-0.088/0.407 pstd=0.388 gen=0.1s train=0.9s
[t= 275.9s] greedy ep243 games=  96 dec= 18428 rows= 17656 horizon=0.27 L=0.00036 L/var=0.00 tgt=-0.080/0.417 pstd=0.391 gen=0.1s train=0.9s
[t= 277.0s] greedy ep244 games=  96 dec= 18032 rows= 17167 horizon=0.26 L=0.00069 L/var=0.00 tgt=-0.063/0.411 pstd=0.399 gen=0.1s train=0.9s
[t= 278.2s] greedy ep245 games=  96 dec= 19028 rows= 18257 horizon=0.32 L=0.00041 L/var=0.00 tgt=-0.061/0.401 pstd=0.388 gen=0.1s train=1.0s
[t= 279.4s] greedy ep246 games=  96 dec= 17136 rows= 16439 horizon=0.17 L=0.00059 L/var=0.00 tgt=-0.077/0.394 pstd=0.397 gen=0.1s train=0.9s
[t= 280.6s] greedy ep247 games=  96 dec= 18481 rows= 17616 horizon=0.30 L=0.00070 L/var=0.00 tgt=-0.064/0.404 pstd=0.391 gen=0.1s train=0.9s
[t= 281.8s] greedy ep248 games=  96 dec= 18375 rows= 17611 horizon=0.28 L=0.00046 L/var=0.00 tgt=-0.051/0.402 pstd=0.391 gen=0.1s train=0.9s
[t= 282.9s] greedy ep249 games=  96 dec= 17139 rows= 16458 horizon=0.21 L=0.00029 L/var=0.00 tgt=-0.058/0.400 pstd=0.390 gen=0.1s train=0.9s
[t= 284.2s] greedy ep250 games=  96 dec= 19159 rows= 18268 horizon=0.27 L=0.00058 L/var=0.00 tgt=-0.078/0.430 pstd=0.390 gen=0.1s train=1.0s
[t= 285.4s] greedy ep251 games=  96 dec= 18229 rows= 17515 horizon=0.24 L=0.00044 L/var=0.00 tgt=-0.062/0.391 pstd=0.394 gen=0.1s train=0.9s
[t= 286.6s] greedy ep252 games=  96 dec= 18340 rows= 17539 horizon=0.25 L=0.00041 L/var=0.00 tgt=-0.089/0.423 pstd=0.386 gen=0.1s train=1.0s
[t= 287.9s] greedy ep253 games=  96 dec= 18659 rows= 17905 horizon=0.36 L=0.00055 L/var=0.00 tgt=-0.092/0.401 pstd=0.391 gen=0.1s train=0.9s
[t= 289.1s] greedy ep254 games=  96 dec= 18404 rows= 17679 horizon=0.31 L=0.00026 L/var=0.00 tgt=-0.071/0.395 pstd=0.394 gen=0.1s train=0.9s
[t= 290.3s] greedy ep255 games=  96 dec= 18537 rows= 17691 horizon=0.25 L=0.00113 L/var=0.01 tgt=-0.062/0.418 pstd=0.398 gen=0.1s train=1.0s
[t= 291.5s] greedy ep256 games=  96 dec= 18996 rows= 18207 horizon=0.35 L=0.00149 L/var=0.01 tgt=-0.082/0.406 pstd=0.390 gen=0.1s train=1.0s
[t= 292.8s] greedy ep257 games=  96 dec= 18780 rows= 18051 horizon=0.29 L=0.00048 L/var=0.00 tgt=-0.057/0.402 pstd=0.384 gen=0.1s train=1.0s
[t= 294.0s] greedy ep258 games=  96 dec= 18877 rows= 18052 horizon=0.34 L=0.00022 L/var=0.00 tgt=-0.077/0.385 pstd=0.393 gen=0.1s train=1.0s
[t= 295.1s] greedy ep259 games=  96 dec= 18072 rows= 17311 horizon=0.29 L=0.00024 L/var=0.00 tgt=-0.064/0.394 pstd=0.392 gen=0.1s train=0.9s
[t= 296.2s] greedy ep260 games=  96 dec= 17925 rows= 17094 horizon=0.25 L=0.00062 L/var=0.00 tgt=-0.104/0.405 pstd=0.381 gen=0.1s train=0.9s
[t= 297.2s] greedy ep261 games=  96 dec= 18110 rows= 17326 horizon=0.26 L=0.00042 L/var=0.00 tgt=-0.079/0.386 pstd=0.391 gen=0.1s train=0.9s
[t= 298.3s] greedy ep262 games=  96 dec= 17705 rows= 16987 horizon=0.26 L=0.00025 L/var=0.00 tgt=-0.065/0.397 pstd=0.388 gen=0.1s train=0.9s
[t= 299.4s] greedy ep263 games=  96 dec= 18054 rows= 17245 horizon=0.31 L=0.00036 L/var=0.00 tgt=-0.080/0.398 pstd=0.393 gen=0.1s train=0.9s
[t= 300.5s] greedy ep264 games=  96 dec= 18642 rows= 17860 horizon=0.31 L=0.00067 L/var=0.00 tgt=-0.070/0.389 pstd=0.395 gen=0.1s train=0.9s
[t= 300.5s] --- snapshot snap_00.pt (init) ---
[t= 300.5s] --- switching to GT-CFR ---
[t= 310.8s] GT-CFR solves=592 rate=57.6/s rows=592 games=0 qrows=280 caps=0 L=0.00000 L/var=0.00 tgt=-0.015/0.132 gen=0.18s train=0.00s gpu=0.00s
[t= 320.8s] GT-CFR solves=1352 rate=66.6/s rows=760 games=0 qrows=369 caps=0 L=0.03929 L/var=0.74 tgt=-0.014/0.230 gen=0.11s train=0.71s gpu=0.00s
[t= 331.2s] GT-CFR solves=1944 rate=63.4/s rows=592 games=0 qrows=292 caps=4 L=0.05552 L/var=0.34 tgt=-0.095/0.402 gen=0.14s train=0.43s gpu=0.00s
[t= 341.2s] GT-CFR solves=2504 rate=61.5/s rows=560 games=0 qrows=277 caps=7 L=0.05109 L/var=0.24 tgt=-0.220/0.460 gen=0.14s train=0.38s gpu=0.00s
[t= 351.2s] GT-CFR solves=3072 rate=60.6/s rows=568 games=0 qrows=281 caps=7 L=0.04132 L/var=0.22 tgt=-0.058/0.434 gen=0.14s train=0.42s gpu=0.00s
[t= 361.2s] GT-CFR solves=3624 rate=59.7/s rows=552 games=0 qrows=270 caps=24 L=0.02938 L/var=0.13 tgt=-0.236/0.476 gen=0.15s train=0.32s gpu=0.00s
[t= 371.4s] GT-CFR solves=4048 rate=57.1/s rows=424 games=0 qrows=209 caps=28 L=0.02818 L/var=0.11 tgt=-0.177/0.516 gen=0.20s train=0.24s gpu=0.00s
[t= 381.6s] GT-CFR solves=4440 rate=54.8/s rows=392 games=1 qrows=192 caps=28 L=0.02932 L/var=0.10 tgt=-0.322/0.529 gen=0.20s train=0.23s gpu=0.00s
[t= 391.7s] GT-CFR solves=4776 rate=52.4/s rows=336 games=0 qrows=168 caps=28 L=0.02774 L/var=0.12 tgt=-0.148/0.491 gen=0.26s train=0.23s gpu=0.00s
[t= 401.7s] GT-CFR solves=5184 rate=51.2/s rows=408 games=1 qrows=202 caps=28 L=0.01904 L/var=0.08 tgt=-0.134/0.484 gen=0.21s train=0.21s gpu=0.00s
[t= 411.8s] GT-CFR solves=5728 rate=51.5/s rows=544 games=1 qrows=267 caps=28 L=0.01892 L/var=0.08 tgt=-0.117/0.478 gen=0.15s train=0.33s gpu=0.00s
[t= 421.8s] GT-CFR solves=6328 rate=52.2/s rows=600 games=0 qrows=296 caps=28 L=0.01783 L/var=0.07 tgt=-0.113/0.492 gen=0.14s train=0.38s gpu=0.00s
[t= 431.9s] GT-CFR solves=7032 rate=53.5/s rows=704 games=3 qrows=350 caps=28 L=0.01972 L/var=0.08 tgt=-0.014/0.501 gen=0.12s train=0.40s gpu=0.00s
[t= 442.0s] GT-CFR solves=7704 rate=54.4/s rows=672 games=2 qrows=335 caps=28 L=0.01874 L/var=0.10 tgt=-0.001/0.426 gen=0.12s train=0.49s gpu=0.00s
[t= 452.0s] GT-CFR solves=8424 rate=55.6/s rows=720 games=2 qrows=357 caps=28 L=0.01906 L/var=0.10 tgt=+0.018/0.447 gen=0.12s train=0.39s gpu=0.00s
[t= 462.0s] GT-CFR solves=9216 rate=57.0/s rows=792 games=2 qrows=394 caps=28 L=0.01617 L/var=0.10 tgt=+0.001/0.399 gen=0.10s train=0.56s gpu=0.00s
[t= 472.1s] GT-CFR solves=10096 rate=58.8/s rows=880 games=3 qrows=439 caps=28 L=0.01543 L/var=0.09 tgt=-0.082/0.406 gen=0.09s train=0.49s gpu=0.00s
[t= 482.1s] GT-CFR solves=11024 rate=60.7/s rows=928 games=2 qrows=464 caps=28 L=0.01560 L/var=0.09 tgt=-0.052/0.421 gen=0.09s train=0.65s gpu=0.00s
[t= 492.1s] GT-CFR solves=11968 rate=62.4/s rows=944 games=1 qrows=471 caps=28 L=0.01662 L/var=0.07 tgt=-0.077/0.505 gen=0.08s train=0.57s gpu=0.00s
[t= 502.1s] GT-CFR solves=13016 rate=64.5/s rows=1048 games=2 qrows=519 caps=28 L=0.01345 L/var=0.06 tgt=-0.046/0.483 gen=0.07s train=0.64s gpu=0.00s
[t= 512.3s] GT-CFR solves=14048 rate=66.3/s rows=1032 games=1 qrows=512 caps=28 L=0.01137 L/var=0.04 tgt=-0.006/0.519 gen=0.08s train=0.62s gpu=0.00s
[t= 522.3s] GT-CFR solves=15008 rate=67.7/s rows=960 games=1 qrows=478 caps=28 L=0.00900 L/var=0.03 tgt=-0.035/0.533 gen=0.08s train=0.64s gpu=0.00s
[t= 532.4s] GT-CFR solves=15688 rate=67.6/s rows=680 games=1 qrows=340 caps=28 L=0.00955 L/var=0.03 tgt=+0.047/0.586 gen=0.12s train=0.40s gpu=0.00s
[t= 542.6s] GT-CFR solves=16576 rate=68.5/s rows=888 games=3 qrows=442 caps=28 L=0.00947 L/var=0.02 tgt=+0.132/0.632 gen=0.09s train=0.56s gpu=0.00s
[t= 552.6s] GT-CFR solves=17328 rate=68.7/s rows=752 games=2 qrows=374 caps=28 L=0.01546 L/var=0.07 tgt=-0.041/0.481 gen=0.11s train=0.48s gpu=0.00s
[t= 563.0s] GT-CFR solves=18192 rate=69.3/s rows=864 games=6 qrows=431 caps=28 L=0.03061 L/var=0.25 tgt=-0.037/0.351 gen=0.09s train=0.56s gpu=0.00s
[t= 573.1s] GT-CFR solves=19048 rate=69.9/s rows=856 games=9 qrows=425 caps=30 L=0.04556 L/var=0.49 tgt=-0.050/0.305 gen=0.10s train=0.47s gpu=0.00s
[t= 583.2s] GT-CFR solves=19848 rate=70.2/s rows=800 games=4 qrows=397 caps=31 L=0.04637 L/var=0.51 tgt=-0.038/0.303 gen=0.10s train=0.56s gpu=0.00s
[t= 593.4s] GT-CFR solves=20400 rate=69.6/s rows=552 games=1 qrows=275 caps=31 L=0.04405 L/var=0.31 tgt=-0.113/0.376 gen=0.15s train=0.29s gpu=0.00s
[t= 600.6s] --- target network refresh ---
[t= 603.5s] GT-CFR solves=20824 rate=68.7/s rows=424 games=0 qrows=212 caps=31 L=0.04267 L/var=0.24 tgt=-0.111/0.419 gen=0.21s train=0.22s gpu=0.00s
[t= 614.0s] GT-CFR solves=21312 rate=68.0/s rows=488 games=1 qrows=244 caps=31 L=0.03767 L/var=0.17 tgt=-0.089/0.469 gen=0.18s train=0.31s gpu=0.00s
[t= 624.2s] GT-CFR solves=21640 rate=66.9/s rows=328 games=0 qrows=163 caps=33 L=0.03477 L/var=0.10 tgt=-0.163/0.590 gen=0.27s train=0.21s gpu=0.00s
[t= 634.3s] GT-CFR solves=21944 rate=65.7/s rows=304 games=0 qrows=151 caps=40 L=0.03640 L/var=0.09 tgt=-0.177/0.626 gen=0.27s train=0.14s gpu=0.00s
[t= 644.3s] GT-CFR solves=22280 rate=64.8/s rows=336 games=2 qrows=166 caps=40 L=0.03050 L/var=0.08 tgt=-0.188/0.601 gen=0.26s train=0.22s gpu=0.00s
[t= 654.3s] GT-CFR solves=22616 rate=63.9/s rows=336 games=0 qrows=167 caps=41 L=0.02882 L/var=0.08 tgt=-0.195/0.589 gen=0.26s train=0.14s gpu=0.00s
[t= 664.4s] GT-CFR solves=22920 rate=63.0/s rows=304 games=0 qrows=150 caps=42 L=0.02691 L/var=0.06 tgt=-0.135/0.647 gen=0.28s train=0.22s gpu=0.00s
[t= 674.5s] GT-CFR solves=23320 rate=62.4/s rows=400 games=3 qrows=200 caps=42 L=0.02569 L/var=0.07 tgt=-0.056/0.602 gen=0.20s train=0.22s gpu=0.00s
[t= 684.7s] GT-CFR solves=23560 rate=61.3/s rows=240 games=0 qrows=119 caps=42 L=0.02442 L/var=0.10 tgt=+0.081/0.489 gen=0.37s train=0.13s gpu=0.00s
[t= 694.7s] GT-CFR solves=23840 rate=60.5/s rows=280 games=0 qrows=139 caps=43 L=0.02283 L/var=0.07 tgt=-0.009/0.583 gen=0.31s train=0.12s gpu=0.00s
[t= 705.3s] GT-CFR solves=24104 rate=59.5/s rows=264 games=0 qrows=132 caps=43 L=0.02380 L/var=0.09 tgt=+0.067/0.526 gen=0.33s train=0.14s gpu=0.00s
[t= 715.9s] GT-CFR solves=24352 rate=58.6/s rows=248 games=3 qrows=123 caps=48 L=0.02100 L/var=0.04 tgt=-0.015/0.689 gen=0.36s train=0.15s gpu=0.00s
[t= 726.0s] GT-CFR solves=24664 rate=58.0/s rows=312 games=1 qrows=155 caps=53 L=0.02110 L/var=0.06 tgt=-0.166/0.612 gen=0.28s train=0.14s gpu=0.00s
[t= 736.3s] GT-CFR solves=24952 rate=57.3/s rows=288 games=1 qrows=144 caps=53 L=0.02148 L/var=0.08 tgt=-0.197/0.512 gen=0.29s train=0.14s gpu=0.00s
[t= 746.3s] GT-CFR solves=25456 rate=57.1/s rows=504 games=1 qrows=249 caps=59 L=0.01940 L/var=0.07 tgt=+0.057/0.532 gen=0.17s train=0.31s gpu=0.00s
[t= 756.4s] GT-CFR solves=26240 rate=57.6/s rows=784 games=4 qrows=391 caps=59 L=0.01979 L/var=0.07 tgt=+0.017/0.517 gen=0.10s train=0.58s gpu=0.00s
[t= 766.5s] GT-CFR solves=26984 rate=57.9/s rows=744 games=5 qrows=371 caps=59 L=0.01909 L/var=0.08 tgt=-0.065/0.475 gen=0.11s train=0.40s gpu=0.00s
[t= 776.7s] GT-CFR solves=27672 rate=58.1/s rows=688 games=0 qrows=342 caps=59 L=0.01916 L/var=0.10 tgt=-0.016/0.444 gen=0.12s train=0.47s gpu=0.00s
[t= 787.0s] GT-CFR solves=28264 rate=58.1/s rows=592 games=6 qrows=293 caps=59 L=0.02025 L/var=0.08 tgt=-0.097/0.513 gen=0.15s train=0.31s gpu=0.00s
[t= 797.6s] GT-CFR solves=28744 rate=57.8/s rows=480 games=2 qrows=240 caps=59 L=0.02223 L/var=0.14 tgt=-0.043/0.397 gen=0.19s train=0.29s gpu=0.00s
[t= 808.0s] GT-CFR solves=29208 rate=57.6/s rows=464 games=3 qrows=232 caps=59 L=0.02354 L/var=0.12 tgt=-0.033/0.437 gen=0.18s train=0.28s gpu=0.00s
[t= 818.0s] GT-CFR solves=29728 rate=57.4/s rows=520 games=0 qrows=259 caps=59 L=0.02160 L/var=0.11 tgt=+0.003/0.437 gen=0.15s train=0.28s gpu=0.00s
[t= 828.1s] GT-CFR solves=30240 rate=57.3/s rows=512 games=3 qrows=255 caps=59 L=0.02324 L/var=0.12 tgt=-0.027/0.447 gen=0.16s train=0.32s gpu=0.00s
[t= 838.2s] GT-CFR solves=30648 rate=57.0/s rows=408 games=0 qrows=201 caps=60 L=0.02234 L/var=0.10 tgt=-0.026/0.462 gen=0.20s train=0.23s gpu=0.00s
[t= 849.0s] GT-CFR solves=30960 rate=56.4/s rows=312 games=3 qrows=156 caps=60 L=0.02039 L/var=0.12 tgt=-0.027/0.415 gen=0.30s train=0.14s gpu=0.00s
[t= 859.1s] GT-CFR solves=31424 rate=56.3/s rows=464 games=3 qrows=232 caps=60 L=0.02036 L/var=0.09 tgt=-0.046/0.483 gen=0.17s train=0.29s gpu=0.00s
[t= 869.1s] GT-CFR solves=32008 rate=56.3/s rows=584 games=2 qrows=290 caps=61 L=0.02037 L/var=0.13 tgt=-0.037/0.402 gen=0.13s train=0.40s gpu=0.00s
[t= 879.2s] GT-CFR solves=32776 rate=56.6/s rows=768 games=5 qrows=382 caps=61 L=0.02123 L/var=0.13 tgt=-0.040/0.400 gen=0.11s train=0.48s gpu=0.00s
[t= 889.4s] GT-CFR solves=33568 rate=57.0/s rows=792 games=1 qrows=395 caps=61 L=0.01980 L/var=0.09 tgt=+0.065/0.471 gen=0.10s train=0.45s gpu=0.00s
[t= 894.5s] --- lr -> 5.00e-04 ---
[t= 899.5s] GT-CFR solves=34336 rate=57.3/s rows=768 games=4 qrows=382 caps=61 L=0.02037 L/var=0.09 tgt=+0.055/0.473 gen=0.10s train=0.48s gpu=0.00s
[t= 900.5s] --- target network refresh ---
[t= 900.5s] --- snapshot snap_01.pt (s1) ---
[t= 909.5s] GT-CFR solves=35072 rate=57.6/s rows=736 games=1 qrows=366 caps=64 L=0.01929 L/var=0.09 tgt=+0.088/0.464 gen=0.11s train=0.48s gpu=0.00s
[t= 919.7s] GT-CFR solves=35856 rate=57.9/s rows=784 games=5 qrows=390 caps=71 L=0.01800 L/var=0.08 tgt=+0.046/0.476 gen=0.10s train=0.49s gpu=0.00s
[t= 929.8s] GT-CFR solves=36568 rate=58.1/s rows=712 games=9 qrows=352 caps=73 L=0.01871 L/var=0.08 tgt=-0.018/0.472 gen=0.11s train=0.41s gpu=0.00s
[t= 939.8s] GT-CFR solves=37240 rate=58.3/s rows=672 games=3 qrows=335 caps=73 L=0.01816 L/var=0.09 tgt=+0.013/0.447 gen=0.12s train=0.41s gpu=0.00s
[t= 949.8s] GT-CFR solves=38032 rate=58.6/s rows=792 games=2 qrows=396 caps=73 L=0.01729 L/var=0.09 tgt=+0.023/0.434 gen=0.10s train=0.54s gpu=0.00s
[t= 960.0s] GT-CFR solves=38760 rate=58.8/s rows=728 games=3 qrows=363 caps=78 L=0.01651 L/var=0.07 tgt=-0.027/0.487 gen=0.11s train=0.34s gpu=0.00s
[t= 970.4s] GT-CFR solves=39080 rate=58.3/s rows=320 games=1 qrows=159 caps=78 L=0.01506 L/var=0.05 tgt=+0.043/0.530 gen=0.26s train=0.22s gpu=0.00s
[t= 980.8s] GT-CFR solves=39448 rate=58.0/s rows=368 games=3 qrows=183 caps=79 L=0.01459 L/var=0.05 tgt=-0.062/0.519 gen=0.22s train=0.20s gpu=0.00s
[t= 990.8s] GT-CFR solves=39848 rate=57.7/s rows=400 games=2 qrows=199 caps=80 L=0.01432 L/var=0.05 tgt=-0.053/0.521 gen=0.21s train=0.20s gpu=0.00s
[t=1001.2s] GT-CFR solves=40328 rate=57.6/s rows=480 games=1 qrows=240 caps=80 L=0.01635 L/var=0.09 tgt=-0.033/0.427 gen=0.19s train=0.28s gpu=0.00s
[t=1012.2s] GT-CFR solves=40840 rate=57.4/s rows=512 games=4 qrows=256 caps=80 L=0.01495 L/var=0.09 tgt=+0.026/0.407 gen=0.18s train=0.30s gpu=0.00s
[t=1022.2s] GT-CFR solves=41392 rate=57.4/s rows=552 games=0 qrows=274 caps=80 L=0.01584 L/var=0.10 tgt=-0.032/0.402 gen=0.15s train=0.31s gpu=0.00s
[t=1032.5s] GT-CFR solves=41800 rate=57.1/s rows=408 games=4 qrows=204 caps=80 L=0.01609 L/var=0.08 tgt=+0.006/0.460 gen=0.21s train=0.22s gpu=0.00s
[t=1042.6s] GT-CFR solves=42352 rate=57.1/s rows=552 games=3 qrows=275 caps=80 L=0.01585 L/var=0.08 tgt=-0.053/0.453 gen=0.16s train=0.29s gpu=0.00s
[t=1052.7s] GT-CFR solves=42864 rate=57.0/s rows=512 games=5 qrows=256 caps=80 L=0.01587 L/var=0.07 tgt=+0.017/0.468 gen=0.16s train=0.28s gpu=0.00s
[t=1062.8s] GT-CFR solves=43288 rate=56.8/s rows=424 games=4 qrows=212 caps=80 L=0.01458 L/var=0.08 tgt=-0.056/0.436 gen=0.18s train=0.28s gpu=0.00s
[t=1072.9s] GT-CFR solves=43728 rate=56.6/s rows=440 games=1 qrows=219 caps=80 L=0.01492 L/var=0.09 tgt=-0.010/0.417 gen=0.20s train=0.22s gpu=0.00s
[t=1083.1s] GT-CFR solves=44224 rate=56.5/s rows=496 games=3 qrows=248 caps=80 L=0.01667 L/var=0.08 tgt=+0.019/0.462 gen=0.16s train=0.30s gpu=0.00s
[t=1093.1s] GT-CFR solves=44728 rate=56.4/s rows=504 games=2 qrows=251 caps=80 L=0.01626 L/var=0.07 tgt=+0.070/0.473 gen=0.17s train=0.30s gpu=0.00s
[t=1103.3s] GT-CFR solves=45184 rate=56.3/s rows=456 games=2 qrows=228 caps=80 L=0.01581 L/var=0.07 tgt=-0.052/0.470 gen=0.18s train=0.31s gpu=0.00s
[t=1113.4s] GT-CFR solves=45664 rate=56.2/s rows=480 games=1 qrows=240 caps=83 L=0.01429 L/var=0.06 tgt=-0.042/0.508 gen=0.17s train=0.21s gpu=0.00s
[t=1123.9s] GT-CFR solves=46080 rate=56.0/s rows=416 games=0 qrows=207 caps=85 L=0.01389 L/var=0.04 tgt=-0.041/0.574 gen=0.21s train=0.24s gpu=0.00s
[t=1133.9s] GT-CFR solves=46544 rate=55.8/s rows=464 games=2 qrows=232 caps=85 L=0.01401 L/var=0.05 tgt=-0.082/0.545 gen=0.18s train=0.19s gpu=0.00s
[t=1144.0s] GT-CFR solves=47032 rate=55.8/s rows=488 games=1 qrows=243 caps=85 L=0.01386 L/var=0.05 tgt=-0.111/0.507 gen=0.17s train=0.25s gpu=0.00s
[t=1154.0s] GT-CFR solves=47576 rate=55.7/s rows=544 games=0 qrows=272 caps=85 L=0.01348 L/var=0.05 tgt=-0.020/0.541 gen=0.15s train=0.27s gpu=0.00s
[t=1164.5s] GT-CFR solves=48056 rate=55.6/s rows=480 games=0 qrows=240 caps=85 L=0.01284 L/var=0.04 tgt=+0.001/0.603 gen=0.19s train=0.31s gpu=0.00s
[t=1174.6s] GT-CFR solves=48544 rate=55.5/s rows=488 games=1 qrows=243 caps=85 L=0.01223 L/var=0.03 tgt=+0.042/0.645 gen=0.17s train=0.28s gpu=0.00s
[t=1184.8s] GT-CFR solves=49056 rate=55.5/s rows=512 games=5 qrows=256 caps=85 L=0.01225 L/var=0.03 tgt=+0.052/0.640 gen=0.17s train=0.29s gpu=0.00s
[t=1194.8s] GT-CFR solves=49632 rate=55.5/s rows=576 games=4 qrows=283 caps=94 L=0.01210 L/var=0.03 tgt=-0.078/0.616 gen=0.14s train=0.31s gpu=0.00s
[t=1200.9s] --- target network refresh ---
[t=1205.9s] GT-CFR solves=50080 rate=55.3/s rows=448 games=2 qrows=223 caps=94 L=0.01224 L/var=0.04 tgt=-0.109/0.588 gen=0.20s train=0.31s gpu=0.00s
[t=1216.0s] GT-CFR solves=50752 rate=55.4/s rows=672 games=5 qrows=336 caps=94 L=0.01193 L/var=0.04 tgt=-0.067/0.562 gen=0.12s train=0.42s gpu=0.00s
[t=1226.3s] GT-CFR solves=51336 rate=55.4/s rows=584 games=3 qrows=291 caps=94 L=0.01321 L/var=0.05 tgt=-0.076/0.506 gen=0.15s train=0.42s gpu=0.00s
[t=1236.4s] GT-CFR solves=51840 rate=55.4/s rows=504 games=2 qrows=251 caps=94 L=0.01321 L/var=0.05 tgt=-0.109/0.499 gen=0.17s train=0.33s gpu=0.00s
[t=1246.5s] GT-CFR solves=52632 rate=55.6/s rows=792 games=5 qrows=394 caps=95 L=0.01247 L/var=0.05 tgt=-0.096/0.492 gen=0.10s train=0.49s gpu=0.00s
[t=1256.6s] GT-CFR solves=53440 rate=55.9/s rows=808 games=3 qrows=403 caps=95 L=0.01247 L/var=0.06 tgt=-0.059/0.472 gen=0.10s train=0.54s gpu=0.00s
[t=1266.6s] GT-CFR solves=54216 rate=56.1/s rows=776 games=4 qrows=388 caps=95 L=0.01226 L/var=0.07 tgt=-0.078/0.423 gen=0.11s train=0.53s gpu=0.00s
[t=1276.7s] GT-CFR solves=55000 rate=56.3/s rows=784 games=4 qrows=389 caps=95 L=0.01144 L/var=0.07 tgt=-0.011/0.404 gen=0.11s train=0.53s gpu=0.00s
[t=1286.8s] GT-CFR solves=55808 rate=56.6/s rows=808 games=8 qrows=404 caps=95 L=0.01162 L/var=0.07 tgt=-0.018/0.421 gen=0.10s train=0.59s gpu=0.00s
[t=1296.8s] GT-CFR solves=56616 rate=56.8/s rows=808 games=3 qrows=402 caps=96 L=0.01056 L/var=0.07 tgt=-0.007/0.394 gen=0.10s train=0.50s gpu=0.00s
[t=1306.8s] GT-CFR solves=57328 rate=57.0/s rows=712 games=0 qrows=353 caps=97 L=0.01100 L/var=0.06 tgt=-0.030/0.420 gen=0.11s train=0.42s gpu=0.00s
[t=1317.0s] GT-CFR solves=58112 rate=57.2/s rows=784 games=8 qrows=391 caps=98 L=0.01154 L/var=0.04 tgt=-0.092/0.510 gen=0.10s train=0.60s gpu=0.00s
[t=1327.1s] GT-CFR solves=58880 rate=57.4/s rows=768 games=3 qrows=384 caps=98 L=0.01266 L/var=0.06 tgt=-0.081/0.474 gen=0.10s train=0.52s gpu=0.00s
[t=1337.1s] GT-CFR solves=59576 rate=57.5/s rows=696 games=5 qrows=346 caps=99 L=0.01367 L/var=0.07 tgt=-0.019/0.455 gen=0.11s train=0.43s gpu=0.00s
[t=1347.2s] GT-CFR solves=60320 rate=57.6/s rows=744 games=4 qrows=372 caps=104 L=0.01419 L/var=0.07 tgt=-0.127/0.460 gen=0.11s train=0.50s gpu=0.00s
[t=1357.3s] GT-CFR solves=61024 rate=57.7/s rows=704 games=5 qrows=352 caps=104 L=0.01425 L/var=0.08 tgt=-0.085/0.434 gen=0.11s train=0.42s gpu=0.00s
[t=1367.5s] GT-CFR solves=61744 rate=57.9/s rows=720 games=3 qrows=358 caps=106 L=0.01315 L/var=0.05 tgt=-0.173/0.493 gen=0.11s train=0.50s gpu=0.00s
[t=1377.7s] GT-CFR solves=62488 rate=58.0/s rows=744 games=0 qrows=372 caps=110 L=0.01326 L/var=0.07 tgt=-0.054/0.431 gen=0.10s train=0.49s gpu=0.00s
[t=1387.8s] GT-CFR solves=63216 rate=58.1/s rows=728 games=6 qrows=362 caps=113 L=0.01201 L/var=0.04 tgt=-0.137/0.519 gen=0.12s train=0.40s gpu=0.00s
[t=1398.0s] GT-CFR solves=63912 rate=58.2/s rows=696 games=3 qrows=348 caps=115 L=0.01114 L/var=0.05 tgt=+0.003/0.459 gen=0.11s train=0.48s gpu=0.00s
[t=1408.1s] GT-CFR solves=64424 rate=58.2/s rows=512 games=4 qrows=255 caps=115 L=0.01185 L/var=0.05 tgt=+0.023/0.478 gen=0.16s train=0.32s gpu=0.00s
[t=1418.4s] GT-CFR solves=64856 rate=58.0/s rows=432 games=1 qrows=216 caps=115 L=0.01226 L/var=0.05 tgt=-0.032/0.487 gen=0.20s train=0.20s gpu=0.00s
[t=1428.6s] GT-CFR solves=65400 rate=58.0/s rows=544 games=3 qrows=270 caps=116 L=0.01109 L/var=0.05 tgt=-0.044/0.449 gen=0.16s train=0.29s gpu=0.00s
[t=1439.1s] GT-CFR solves=65880 rate=57.9/s rows=480 games=4 qrows=240 caps=116 L=0.01236 L/var=0.08 tgt=-0.044/0.401 gen=0.17s train=0.30s gpu=0.00s
[t=1449.5s] GT-CFR solves=66400 rate=57.8/s rows=520 games=6 qrows=260 caps=116 L=0.01301 L/var=0.09 tgt=-0.050/0.382 gen=0.16s train=0.30s gpu=0.00s
[t=1459.5s] GT-CFR solves=66872 rate=57.7/s rows=472 games=1 qrows=235 caps=116 L=0.01403 L/var=0.08 tgt=-0.114/0.416 gen=0.17s train=0.29s gpu=0.00s
[t=1469.5s] GT-CFR solves=67416 rate=57.7/s rows=544 games=3 qrows=272 caps=116 L=0.01272 L/var=0.09 tgt=-0.048/0.385 gen=0.15s train=0.29s gpu=0.00s
[t=1479.6s] GT-CFR solves=67856 rate=57.5/s rows=440 games=3 qrows=220 caps=116 L=0.01227 L/var=0.09 tgt=-0.084/0.375 gen=0.20s train=0.29s gpu=0.00s
[t=1489.6s] GT-CFR solves=68328 rate=57.5/s rows=472 games=0 qrows=236 caps=116 L=0.01395 L/var=0.10 tgt=-0.070/0.373 gen=0.19s train=0.22s gpu=0.00s
[t=1499.7s] GT-CFR solves=68744 rate=57.3/s rows=416 games=1 qrows=208 caps=116 L=0.01245 L/var=0.10 tgt=-0.041/0.355 gen=0.21s train=0.30s gpu=0.00s
[t=1501.0s] --- target network refresh ---
[t=1501.0s] --- snapshot snap_02.pt (s2) ---
[t=1506.7s] --- lr -> 2.50e-04 ---
[t=1510.1s] GT-CFR solves=69144 rate=57.2/s rows=400 games=2 qrows=200 caps=116 L=0.01348 L/var=0.08 tgt=-0.063/0.400 gen=0.21s train=0.23s gpu=0.00s
[t=1520.3s] GT-CFR solves=69680 rate=57.1/s rows=536 games=2 qrows=268 caps=116 L=0.01301 L/var=0.13 tgt=-0.030/0.322 gen=0.15s train=0.29s gpu=0.00s
[t=1531.2s] GT-CFR solves=70184 rate=57.0/s rows=504 games=5 qrows=252 caps=116 L=0.01130 L/var=0.09 tgt=-0.063/0.357 gen=0.18s train=0.28s gpu=0.00s
[t=1541.2s] GT-CFR solves=70472 rate=56.8/s rows=288 games=0 qrows=144 caps=116 L=0.01294 L/var=0.08 tgt=-0.101/0.406 gen=0.30s train=0.14s gpu=0.00s
[t=1551.4s] GT-CFR solves=70680 rate=56.5/s rows=208 games=1 qrows=104 caps=116 L=0.01441 L/var=0.13 tgt=-0.016/0.335 gen=0.43s train=0.14s gpu=0.00s
[t=1562.5s] GT-CFR solves=70952 rate=56.2/s rows=272 games=2 qrows=136 caps=120 L=0.01295 L/var=0.09 tgt=-0.051/0.378 gen=0.33s train=0.14s gpu=0.00s
[t=1572.8s] GT-CFR solves=71296 rate=56.0/s rows=344 games=3 qrows=170 caps=121 L=0.01218 L/var=0.06 tgt=-0.020/0.435 gen=0.26s train=0.21s gpu=0.00s
[t=1582.8s] GT-CFR solves=71616 rate=55.8/s rows=320 games=1 qrows=159 caps=122 L=0.01332 L/var=0.08 tgt=-0.020/0.419 gen=0.25s train=0.14s gpu=0.00s
[t=1593.0s] GT-CFR solves=71864 rate=55.6/s rows=248 games=2 qrows=124 caps=122 L=0.01227 L/var=0.08 tgt=+0.004/0.381 gen=0.32s train=0.14s gpu=0.00s
[t=1603.3s] GT-CFR solves=72112 rate=55.3/s rows=248 games=1 qrows=124 caps=122 L=0.01313 L/var=0.08 tgt=-0.006/0.399 gen=0.37s train=0.14s gpu=0.00s
[t=1613.5s] GT-CFR solves=72336 rate=55.1/s rows=224 games=1 qrows=112 caps=122 L=0.01250 L/var=0.10 tgt=-0.009/0.357 gen=0.38s train=0.14s gpu=0.00s
[t=1623.5s] GT-CFR solves=72568 rate=54.9/s rows=232 games=2 qrows=115 caps=123 L=0.01181 L/var=0.04 tgt=-0.090/0.516 gen=0.36s train=0.07s gpu=0.00s
[t=1633.6s] GT-CFR solves=72800 rate=54.6/s rows=232 games=0 qrows=116 caps=123 L=0.01292 L/var=0.10 tgt=-0.010/0.357 gen=0.35s train=0.13s gpu=0.00s
[t=1643.9s] GT-CFR solves=72952 rate=54.3/s rows=152 games=1 qrows=75 caps=124 L=0.01309 L/var=0.06 tgt=-0.146/0.481 gen=0.54s train=0.06s gpu=0.00s
[t=1654.1s] GT-CFR solves=73296 rate=54.1/s rows=344 games=2 qrows=172 caps=124 L=0.01210 L/var=0.08 tgt=-0.023/0.396 gen=0.25s train=0.21s gpu=0.00s
[t=1664.2s] GT-CFR solves=73608 rate=54.0/s rows=312 games=3 qrows=156 caps=124 L=0.01148 L/var=0.05 tgt=-0.062/0.473 gen=0.26s train=0.22s gpu=0.00s
[t=1674.3s] GT-CFR solves=73904 rate=53.8/s rows=296 games=3 qrows=148 caps=124 L=0.01192 L/var=0.06 tgt=-0.007/0.432 gen=0.27s train=0.14s gpu=0.00s
[t=1684.3s] GT-CFR solves=74200 rate=53.6/s rows=296 games=2 qrows=148 caps=124 L=0.01210 L/var=0.07 tgt=-0.035/0.421 gen=0.26s train=0.15s gpu=0.00s
[t=1694.4s] GT-CFR solves=74496 rate=53.4/s rows=296 games=4 qrows=148 caps=124 L=0.01140 L/var=0.05 tgt=-0.095/0.473 gen=0.28s train=0.22s gpu=0.00s
[t=1704.9s] GT-CFR solves=75120 rate=53.5/s rows=624 games=7 qrows=312 caps=124 L=0.01245 L/var=0.09 tgt=-0.033/0.374 gen=0.13s train=0.32s gpu=0.00s
[t=1715.1s] GT-CFR solves=75576 rate=53.4/s rows=456 games=1 qrows=227 caps=124 L=0.01340 L/var=0.10 tgt=-0.029/0.361 gen=0.19s train=0.30s gpu=0.00s
[t=1725.2s] GT-CFR solves=76024 rate=53.4/s rows=448 games=2 qrows=224 caps=124 L=0.01436 L/var=0.10 tgt=-0.036/0.382 gen=0.18s train=0.23s gpu=0.00s
[t=1735.8s] GT-CFR solves=76544 rate=53.3/s rows=520 games=3 qrows=260 caps=124 L=0.01238 L/var=0.07 tgt=-0.048/0.428 gen=0.16s train=0.38s gpu=0.00s
[t=1745.8s] GT-CFR solves=76920 rate=53.2/s rows=376 games=3 qrows=188 caps=124 L=0.01321 L/var=0.07 tgt=-0.036/0.437 gen=0.22s train=0.13s gpu=0.00s
[t=1755.9s] GT-CFR solves=77448 rate=53.2/s rows=528 games=0 qrows=264 caps=124 L=0.01376 L/var=0.07 tgt=-0.044/0.445 gen=0.15s train=0.41s gpu=0.00s
[t=1766.2s] GT-CFR solves=78000 rate=53.2/s rows=552 games=5 qrows=276 caps=124 L=0.01320 L/var=0.06 tgt=-0.006/0.471 gen=0.15s train=0.31s gpu=0.00s
[t=1776.2s] GT-CFR solves=78576 rate=53.2/s rows=576 games=4 qrows=287 caps=128 L=0.01299 L/var=0.06 tgt=-0.105/0.470 gen=0.15s train=0.32s gpu=0.00s
[t=1786.3s] GT-CFR solves=78880 rate=53.1/s rows=304 games=3 qrows=152 caps=130 L=0.01213 L/var=0.06 tgt=-0.075/0.433 gen=0.27s train=0.21s gpu=0.00s
[t=1796.4s] GT-CFR solves=79440 rate=53.1/s rows=560 games=0 qrows=280 caps=130 L=0.01218 L/var=0.07 tgt=-0.038/0.429 gen=0.15s train=0.34s gpu=0.00s
[t=1800.6s] --- target network refresh ---
[t=1806.5s] GT-CFR solves=79960 rate=53.1/s rows=520 games=3 qrows=260 caps=130 L=0.01322 L/var=0.05 tgt=-0.098/0.499 gen=0.16s train=0.34s gpu=0.00s
[t=1816.6s] GT-CFR solves=80640 rate=53.2/s rows=680 games=4 qrows=339 caps=131 L=0.01243 L/var=0.06 tgt=-0.119/0.461 gen=0.12s train=0.50s gpu=0.00s
[t=1826.6s] GT-CFR solves=81336 rate=53.3/s rows=696 games=4 qrows=347 caps=132 L=0.01320 L/var=0.06 tgt=-0.042/0.472 gen=0.12s train=0.42s gpu=0.00s
[t=1836.7s] GT-CFR solves=82064 rate=53.4/s rows=728 games=3 qrows=364 caps=132 L=0.01197 L/var=0.06 tgt=-0.063/0.460 gen=0.11s train=0.48s gpu=0.00s
[t=1846.9s] GT-CFR solves=82840 rate=53.6/s rows=776 games=5 qrows=387 caps=132 L=0.01150 L/var=0.05 tgt=-0.018/0.472 gen=0.11s train=0.50s gpu=0.00s
[t=1856.9s] GT-CFR solves=83528 rate=53.7/s rows=688 games=6 qrows=344 caps=132 L=0.01292 L/var=0.07 tgt=-0.042/0.436 gen=0.12s train=0.43s gpu=0.00s
[t=1867.0s] GT-CFR solves=84272 rate=53.8/s rows=744 games=4 qrows=371 caps=132 L=0.01276 L/var=0.08 tgt=-0.024/0.401 gen=0.11s train=0.50s gpu=0.00s
[t=1877.0s] GT-CFR solves=85008 rate=53.9/s rows=736 games=7 qrows=368 caps=132 L=0.01290 L/var=0.06 tgt=-0.028/0.459 gen=0.11s train=0.50s gpu=0.00s
[t=1887.1s] GT-CFR solves=85744 rate=54.0/s rows=736 games=2 qrows=368 caps=132 L=0.01259 L/var=0.07 tgt=-0.049/0.417 gen=0.12s train=0.42s gpu=0.00s
[t=1897.2s] GT-CFR solves=86416 rate=54.1/s rows=672 games=4 qrows=336 caps=132 L=0.01178 L/var=0.08 tgt=-0.062/0.379 gen=0.11s train=0.50s gpu=0.00s
[t=1907.2s] GT-CFR solves=87104 rate=54.2/s rows=688 games=4 qrows=344 caps=132 L=0.01126 L/var=0.08 tgt=-0.024/0.367 gen=0.11s train=0.42s gpu=0.00s
[t=1917.2s] GT-CFR solves=87800 rate=54.3/s rows=696 games=2 qrows=348 caps=132 L=0.01131 L/var=0.07 tgt=-0.032/0.401 gen=0.11s train=0.43s gpu=0.00s
[t=1927.3s] GT-CFR solves=88560 rate=54.4/s rows=760 games=6 qrows=379 caps=132 L=0.01200 L/var=0.07 tgt=+0.024/0.413 gen=0.11s train=0.48s gpu=0.00s
[t=1937.3s] GT-CFR solves=89216 rate=54.5/s rows=656 games=4 qrows=328 caps=134 L=0.01119 L/var=0.06 tgt=-0.030/0.436 gen=0.12s train=0.50s gpu=0.00s
[t=1947.6s] GT-CFR solves=89952 rate=54.6/s rows=736 games=6 qrows=367 caps=134 L=0.01184 L/var=0.06 tgt=-0.025/0.430 gen=0.11s train=0.41s gpu=0.00s
[t=1957.7s] GT-CFR solves=90704 rate=54.7/s rows=752 games=6 qrows=376 caps=134 L=0.01163 L/var=0.06 tgt=-0.043/0.435 gen=0.11s train=0.50s gpu=0.00s
[t=1967.9s] GT-CFR solves=91336 rate=54.8/s rows=632 games=4 qrows=315 caps=134 L=0.01222 L/var=0.06 tgt=-0.020/0.436 gen=0.13s train=0.42s gpu=0.00s
[t=1978.0s] GT-CFR solves=92064 rate=54.9/s rows=728 games=2 qrows=364 caps=135 L=0.01178 L/var=0.07 tgt=+0.014/0.412 gen=0.11s train=0.50s gpu=0.00s
[t=1988.3s] GT-CFR solves=92800 rate=55.0/s rows=736 games=4 qrows=366 caps=135 L=0.01204 L/var=0.08 tgt=+0.070/0.389 gen=0.11s train=0.49s gpu=0.00s
[t=1998.3s] GT-CFR solves=93416 rate=55.0/s rows=616 games=1 qrows=307 caps=136 L=0.01203 L/var=0.09 tgt=+0.025/0.370 gen=0.13s train=0.32s gpu=0.00s
[t=2008.6s] GT-CFR solves=93824 rate=54.9/s rows=408 games=2 qrows=204 caps=136 L=0.01161 L/var=0.07 tgt=+0.034/0.410 gen=0.21s train=0.30s gpu=0.00s
[t=2018.7s] GT-CFR solves=94368 rate=54.9/s rows=544 games=7 qrows=272 caps=136 L=0.01233 L/var=0.08 tgt=+0.009/0.403 gen=0.15s train=0.34s gpu=0.00s
[t=2028.7s] GT-CFR solves=94736 rate=54.8/s rows=368 games=5 qrows=184 caps=136 L=0.01306 L/var=0.07 tgt=-0.016/0.425 gen=0.23s train=0.23s gpu=0.00s
[t=2039.3s] GT-CFR solves=95208 rate=54.8/s rows=472 games=3 qrows=235 caps=137 L=0.01132 L/var=0.08 tgt=-0.008/0.377 gen=0.19s train=0.23s gpu=0.00s
[t=2049.4s] GT-CFR solves=95864 rate=54.8/s rows=656 games=3 qrows=324 caps=138 L=0.01129 L/var=0.08 tgt=-0.017/0.374 gen=0.13s train=0.41s gpu=0.00s
[t=2059.5s] GT-CFR solves=96528 rate=54.9/s rows=664 games=3 qrows=331 caps=138 L=0.01061 L/var=0.07 tgt=-0.034/0.380 gen=0.13s train=0.49s gpu=0.00s
[t=2069.5s] GT-CFR solves=97280 rate=55.0/s rows=752 games=2 qrows=376 caps=138 L=0.01186 L/var=0.08 tgt=-0.033/0.385 gen=0.11s train=0.46s gpu=0.00s
[t=2079.5s] GT-CFR solves=98080 rate=55.1/s rows=800 games=6 qrows=400 caps=138 L=0.01225 L/var=0.09 tgt=-0.004/0.377 gen=0.10s train=0.50s gpu=0.00s
[t=2089.6s] GT-CFR solves=98776 rate=55.2/s rows=696 games=4 qrows=348 caps=138 L=0.01154 L/var=0.07 tgt=+0.008/0.394 gen=0.12s train=0.41s gpu=0.00s
[t=2099.6s] GT-CFR solves=99512 rate=55.3/s rows=736 games=5 qrows=367 caps=139 L=0.01230 L/var=0.08 tgt=-0.000/0.392 gen=0.10s train=0.49s gpu=0.00s
[GT-CFR-summary] solves=99544 optimizer_rows=795648 rate=55.3/s horizon=0.06 games=463 caps=139
[t=2104.2s] --- snapshot snap_03.pt (final) ---
Traceback (most recent call last):
  File "/workspace/warchest-engine/train/train.py", line 887, in <module>
    subprocess.run(arena + ["ladder", *anchor, *bots,
^^^^^^
  File "/workspace/warchest-engine/train/train.py", line 881, in main
    tag = pathlib.Path(args.out).name
  File "/venv/main/lib/python3.12/subprocess.py", line 571, in run
    raise CalledProcessError(retcode, process.args,
subprocess.CalledProcessError: Command '['/venv/main/bin/python', '/workspace/warchest-engine/tools/arena.py', 'ladder', '/workspace/warchest-engine/bots/greedy', '/workspace/warchest-engine/bots/gt30.final', '/workspace/warchest-engine/bots/gt30.init', '/workspace/warchest-engine/bots/gt30.s1', '/workspace/warchest-engine/bots/gt30.s2', '--games', '40', '--out', 'runs/gt30/ladder.json']' died with <Signals.SIGTERM: 15>.
