[train] runs/perf_d2i64_sweep21 at 0002265+dirty seed=101 {'minutes': 4.0, 'warm_minutes': 0.0, 'init_weights': 'runs/value_v4_depth1_precise30/snap_04.pt', 'ladder_games': 0, 'cap_value': 0.0, 'depth': 2, 'iters': 64, 'cfr': 'dcfr', 'gpu_actors': 32, 'seed': 101, 'note': 'depth2-64-dcfr-sweep-blocks-2-1'}
[train] depth2-64-dcfr-sweep-blocks-2-1
[cpu] pinned to 36 physical cores
[train] CUDA stream priority -1
[gpu] solve services up on [0, 1]
[cfg] PUBFEAT=897 CFEAT=15 architecture=v4 depth=2 iters=64 budget=240s warm=0s snapshot_every=6min device=cuda:1 draft=random train_gen_ratio=4.0 recent_mix=0.5/0.2 canonical_views=2 cap=2000000 matmul=high
[t=   0.0s] --- snapshot snap_00.pt (init) ---
[t=   0.0s] --- switching to ReBeL ---
[t=  10.0s] rebel stream solves=10240 raw=1023/s balanced=1023/s debt=0 rows steps=40 horizon=0.00 games=0 over=0 card=0 drop=0 L=0.18549 L/var=1.76 tgt=+0.306/0.324 cfg/b=49177 prep=0.22s gpu=0.00s conv=0.01s add=0.44s train=5.27s
[t=  20.1s] rebel stream solves=13312 raw=665/s balanced=665/s debt=0 rows steps=52 horizon=0.00 games=0 over=0 card=0 drop=0 L=0.00637 L/var=0.10 tgt=+0.386/0.248 cfg/b=35357 prep=0.06s gpu=0.00s conv=0.00s add=0.11s train=0.37s
[t=  30.1s] rebel stream solves=17408 raw=580/s balanced=580/s debt=0 rows steps=68 horizon=0.00 games=0 over=0 card=0 drop=0 L=0.00509 L/var=0.06 tgt=+0.340/0.282 cfg/b=34726 prep=0.07s gpu=0.00s conv=0.00s add=0.16s train=0.47s
[t=  40.1s] rebel stream solves=19456 raw=486/s balanced=486/s debt=0 rows steps=76 horizon=0.00 games=1 over=0 card=0 drop=0 L=0.00433 L/var=0.04 tgt=+0.355/0.317 cfg/b=29536 prep=0.05s gpu=0.00s conv=0.00s add=0.06s train=1.60s
[t=  50.1s] rebel stream solves=22528 raw=450/s balanced=450/s debt=0 rows steps=88 horizon=0.00 games=6 over=0 card=0 drop=0 L=0.00451 L/var=0.04 tgt=+0.342/0.354 cfg/b=26784 prep=0.07s gpu=0.00s conv=0.00s add=0.08s train=0.42s
[t=  60.1s] rebel stream solves=24576 raw=409/s balanced=409/s debt=0 rows steps=96 horizon=0.00 games=9 over=0 card=0 drop=0 L=0.00480 L/var=0.03 tgt=+0.305/0.381 cfg/b=25490 prep=0.05s gpu=0.00s conv=0.00s add=0.05s train=0.26s
[t=  70.2s] rebel stream solves=26624 raw=380/s balanced=380/s debt=0 rows steps=104 horizon=0.00 games=12 over=0 card=0 drop=0 L=0.00468 L/var=0.03 tgt=+0.277/0.419 cfg/b=24602 prep=0.06s gpu=0.00s conv=0.00s add=0.06s train=0.27s
[t=  79.2s] --- lr -> 5.00e-04 ---
[t=  80.2s] rebel stream solves=29696 raw=370/s balanced=370/s debt=0 rows steps=116 horizon=0.00 games=27 over=0 card=0 drop=0 L=0.00517 L/var=0.03 tgt=+0.262/0.449 cfg/b=24236 prep=0.07s gpu=0.00s conv=0.00s add=0.08s train=0.39s
[t=  90.3s] rebel stream solves=31744 raw=352/s balanced=352/s debt=0 rows steps=124 horizon=0.00 games=39 over=0 card=0 drop=0 L=0.00560 L/var=0.03 tgt=+0.256/0.467 cfg/b=22926 prep=0.04s gpu=0.00s conv=0.00s add=0.04s train=0.25s
[t= 100.4s] rebel stream solves=34816 raw=347/s balanced=347/s debt=0 rows steps=136 horizon=0.00 games=68 over=0 card=0 drop=0 L=0.00630 L/var=0.03 tgt=+0.237/0.477 cfg/b=22421 prep=0.06s gpu=0.00s conv=0.00s add=0.08s train=0.37s
[t= 110.4s] rebel stream solves=37888 raw=343/s balanced=343/s debt=0 rows steps=148 horizon=0.00 games=84 over=0 card=0 drop=0 L=0.00696 L/var=0.03 tgt=+0.238/0.474 cfg/b=22517 prep=0.07s gpu=0.00s conv=0.00s add=0.09s train=0.39s
[t= 120.4s] rebel stream solves=39936 raw=332/s balanced=332/s debt=0 rows steps=156 horizon=0.00 games=53 over=0 card=0 drop=0 L=0.00733 L/var=0.03 tgt=+0.241/0.470 cfg/b=22668 prep=0.05s gpu=0.00s conv=0.00s add=0.06s train=0.26s
[t= 130.5s] rebel stream solves=44032 raw=338/s balanced=338/s debt=0 rows steps=172 horizon=0.00 games=115 over=0 card=0 drop=0 L=0.00786 L/var=0.03 tgt=+0.243/0.476 cfg/b=23811 prep=0.08s gpu=0.00s conv=0.00s add=0.12s train=0.47s
[t= 140.5s] rebel stream solves=48128 raw=343/s balanced=343/s debt=0 rows steps=188 horizon=0.00 games=121 over=0 card=0 drop=0 L=0.00756 L/var=0.04 tgt=+0.261/0.460 cfg/b=23862 prep=0.08s gpu=0.00s conv=0.00s add=0.13s train=0.48s
[t= 150.5s] rebel stream solves=52224 raw=347/s balanced=347/s debt=0 rows steps=204 horizon=0.00 games=109 over=0 card=0 drop=0 L=0.00786 L/var=0.04 tgt=+0.283/0.437 cfg/b=24277 prep=0.08s gpu=0.00s conv=0.00s add=0.13s train=0.49s
[t= 160.6s] rebel stream solves=56320 raw=351/s balanced=351/s debt=0 rows steps=220 horizon=0.00 games=95 over=0 card=0 drop=0 L=0.00784 L/var=0.04 tgt=+0.294/0.433 cfg/b=24178 prep=0.08s gpu=0.00s conv=0.00s add=0.14s train=0.48s
[t= 160.8s] --- lr -> 2.50e-04 ---
[t= 170.6s] rebel stream solves=60416 raw=354/s balanced=354/s debt=0 rows steps=236 horizon=0.00 games=98 over=0 card=0 drop=0 L=0.00797 L/var=0.04 tgt=+0.295/0.429 cfg/b=24185 prep=0.08s gpu=0.00s conv=0.00s add=0.13s train=0.48s
[t= 180.6s] rebel stream solves=64512 raw=357/s balanced=357/s debt=0 rows steps=252 horizon=0.00 games=83 over=0 card=0 drop=0 L=0.00783 L/var=0.05 tgt=+0.300/0.406 cfg/b=24024 prep=0.09s gpu=0.00s conv=0.00s add=0.12s train=0.49s
[t= 190.7s] rebel stream solves=68608 raw=360/s balanced=360/s debt=0 rows steps=268 horizon=0.00 games=82 over=0 card=0 drop=0 L=0.00757 L/var=0.04 tgt=+0.298/0.412 cfg/b=23762 prep=0.09s gpu=0.00s conv=0.00s add=0.13s train=0.50s
[t= 200.7s] rebel stream solves=71680 raw=357/s balanced=357/s debt=0 rows steps=280 horizon=0.00 games=59 over=0 card=0 drop=0 L=0.00753 L/var=0.04 tgt=+0.293/0.424 cfg/b=23854 prep=0.06s gpu=0.00s conv=0.00s add=0.08s train=0.37s
[t= 210.7s] rebel stream solves=74752 raw=355/s balanced=355/s debt=0 rows steps=292 horizon=0.00 games=63 over=0 card=0 drop=0 L=0.00751 L/var=0.04 tgt=+0.286/0.429 cfg/b=24065 prep=0.05s gpu=0.00s conv=0.00s add=0.08s train=0.34s
[t= 220.0s] --- stopping GPU admission; draining ---
[t= 220.7s] rebel stream solves=78848 raw=357/s balanced=357/s debt=0 rows steps=308 horizon=0.00 games=73 over=0 card=0 drop=0 L=0.00771 L/var=0.05 tgt=+0.297/0.407 cfg/b=23540 prep=0.09s gpu=0.00s conv=0.00s add=0.12s train=0.51s
[t= 230.8s] rebel stream solves=79872 raw=346/s balanced=346/s debt=0 rows steps=312 horizon=0.00 games=9 over=0 card=0 drop=0 L=0.00770 L/var=0.04 tgt=+0.284/0.427 cfg/b=23198 prep=0.02s gpu=0.00s conv=0.00s add=0.03s train=0.12s
[t= 240.8s] rebel stream solves=79872 raw=332/s balanced=332/s debt=0 rows steps=312 horizon=0.00 games=0 over=0 card=0 drop=0 L=0.00000 L/var=0.00 tgt=+0.000/0.000 cfg/b=0 prep=0.00s gpu=0.00s conv=0.00s add=0.00s train=0.00s
[t= 245.4s] rebel stream solves=80357 raw=328/s balanced=327/s debt=916 rows steps=313 horizon=0.00 games=0 over=0 card=0 drop=0 L=0.00681 L/var=0.04 tgt=+0.299/0.399 cfg/b=24411 prep=0.01s gpu=0.00s conv=0.00s add=0.02s train=0.03s
[gpu-summary] solves=80357 optimizer_rows=320512 debt=916 raw=327.5/s balanced=326.6/s horizon=0.00 games=1206 over=0 card=0 exact=0 censored=1152 dropped=0 overrun=5.39s
[t= 245.4s] --- snapshot snap_01.pt (final) ---
[report] runs/perf_d2i64_sweep21/report.html
