[train] runs/perf_d2i64_chunk1 at 0002265+dirty seed=101 {'minutes': 4.0, 'warm_minutes': 0.0, 'init_weights': 'runs/value_v4_depth1_precise30/snap_04.pt', 'ladder_games': 0, 'cap_value': 0.0, 'depth': 2, 'iters': 64, 'cfr': 'dcfr', 'seed': 101, 'note': 'chunked-tower-plus-kernel-traffic'}
[train] chunked-tower-plus-kernel-traffic
[cpu] pinned to 36 physical cores
[train] CUDA stream priority -1
[gpu] solve services up on [0, 1]
[cfg] PUBFEAT=897 CFEAT=15 architecture=v4 depth=2 iters=64 budget=240s warm=0s snapshot_every=6min device=cuda:1 draft=random train_gen_ratio=4.0 recent_mix=0.5/0.2 canonical_views=2 cap=2000000 matmul=high
[t=   0.0s] --- snapshot snap_00.pt (init) ---
[t=   0.0s] --- switching to ReBeL ---
[t=  10.1s] rebel stream solves=11264 raw=1123/s balanced=1123/s debt=0 rows steps=44 horizon=0.00 games=0 over=0 card=0 drop=0 L=0.15767 L/var=2.13 tgt=+0.393/0.272 cfg/b=43855 prep=0.29s gpu=0.00s conv=0.01s add=0.27s train=4.40s
[t=  20.4s] rebel stream solves=20480 raw=1006/s balanced=1006/s debt=0 rows steps=80 horizon=0.00 games=0 over=0 card=0 drop=0 L=0.00380 L/var=0.06 tgt=+0.389/0.242 cfg/b=62167 prep=0.21s gpu=0.00s conv=0.03s add=0.73s train=1.53s
[t=  30.5s] rebel stream solves=34816 raw=1142/s balanced=1142/s debt=0 rows steps=136 horizon=0.00 games=0 over=0 card=0 drop=0 L=0.00203 L/var=0.03 tgt=+0.383/0.256 cfg/b=49637 prep=0.27s gpu=0.00s conv=0.02s add=0.63s train=2.10s
[t=  40.6s] rebel stream solves=43008 raw=1061/s balanced=1061/s debt=0 rows steps=168 horizon=0.00 games=0 over=0 card=0 drop=0 L=0.00146 L/var=0.03 tgt=+0.430/0.238 cfg/b=26213 prep=0.17s gpu=0.00s conv=0.00s add=0.13s train=1.02s
[t=  50.6s] rebel stream solves=46080 raw=911/s balanced=911/s debt=0 rows steps=180 horizon=0.00 games=0 over=0 card=0 drop=0 L=0.00133 L/var=0.02 tgt=+0.445/0.236 cfg/b=28970 prep=0.06s gpu=0.00s conv=0.00s add=0.11s train=0.37s
[t=  60.6s] rebel stream solves=49152 raw=811/s balanced=811/s debt=0 rows steps=192 horizon=0.00 games=0 over=0 card=0 drop=0 L=0.00118 L/var=0.03 tgt=+0.452/0.215 cfg/b=33751 prep=0.06s gpu=0.00s conv=0.00s add=0.10s train=0.38s
[t=  70.7s] rebel stream solves=52224 raw=739/s balanced=739/s debt=0 rows steps=204 horizon=0.00 games=0 over=0 card=0 drop=0 L=0.00109 L/var=0.02 tgt=+0.446/0.227 cfg/b=36656 prep=0.06s gpu=0.00s conv=0.00s add=0.09s train=0.36s
[t=  79.3s] --- lr -> 5.00e-04 ---
[t=  80.7s] rebel stream solves=54272 raw=673/s balanced=673/s debt=0 rows steps=212 horizon=0.00 games=0 over=0 card=0 drop=0 L=0.00112 L/var=0.02 tgt=+0.433/0.236 cfg/b=35501 prep=0.04s gpu=0.00s conv=0.00s add=0.06s train=0.27s
[t=  90.7s] rebel stream solves=57344 raw=632/s balanced=632/s debt=0 rows steps=224 horizon=0.00 games=0 over=0 card=0 drop=0 L=0.00120 L/var=0.02 tgt=+0.391/0.260 cfg/b=33991 prep=0.06s gpu=0.00s conv=0.00s add=0.15s train=0.38s
[t= 100.7s] rebel stream solves=60416 raw=600/s balanced=600/s debt=0 rows steps=236 horizon=0.00 games=0 over=0 card=0 drop=0 L=0.00118 L/var=0.02 tgt=+0.374/0.273 cfg/b=34527 prep=0.06s gpu=0.00s conv=0.00s add=0.15s train=0.38s
[t= 110.7s] rebel stream solves=62464 raw=564/s balanced=564/s debt=0 rows steps=244 horizon=0.00 games=0 over=0 card=0 drop=0 L=0.00120 L/var=0.02 tgt=+0.362/0.279 cfg/b=33945 prep=0.03s gpu=0.00s conv=0.00s add=0.09s train=0.24s
[t= 120.8s] rebel stream solves=65536 raw=543/s balanced=543/s debt=0 rows steps=256 horizon=0.00 games=0 over=0 card=0 drop=0 L=0.00129 L/var=0.02 tgt=+0.376/0.277 cfg/b=33092 prep=0.06s gpu=0.00s conv=0.00s add=0.11s train=0.37s
[t= 130.8s] rebel stream solves=68608 raw=525/s balanced=525/s debt=0 rows steps=268 horizon=0.00 games=0 over=0 card=0 drop=0 L=0.00139 L/var=0.02 tgt=+0.372/0.296 cfg/b=32100 prep=0.07s gpu=0.00s conv=0.00s add=0.09s train=0.40s
[t= 140.8s] rebel stream solves=69632 raw=495/s balanced=495/s debt=0 rows steps=272 horizon=0.00 games=0 over=0 card=0 drop=0 L=0.00135 L/var=0.01 tgt=+0.364/0.305 cfg/b=32053 prep=0.03s gpu=0.00s conv=0.00s add=0.03s train=0.14s
[t= 150.8s] rebel stream solves=70656 raw=469/s balanced=469/s debt=0 rows steps=276 horizon=0.00 games=0 over=0 card=0 drop=0 L=0.00153 L/var=0.02 tgt=+0.383/0.298 cfg/b=30594 prep=0.02s gpu=0.00s conv=0.00s add=0.03s train=0.15s
[t= 160.8s] --- lr -> 2.50e-04 ---
[t= 160.8s] rebel stream solves=72704 raw=452/s balanced=452/s debt=0 rows steps=284 horizon=0.00 games=0 over=0 card=0 drop=0 L=0.00151 L/var=0.02 tgt=+0.395/0.298 cfg/b=29052 prep=0.05s gpu=0.00s conv=0.00s add=0.07s train=0.28s
[t= 170.9s] rebel stream solves=73728 raw=432/s balanced=432/s debt=0 rows steps=288 horizon=0.00 games=1 over=0 card=0 drop=0 L=0.00157 L/var=0.02 tgt=+0.357/0.311 cfg/b=28792 prep=0.02s gpu=0.00s conv=0.00s add=0.04s train=0.13s
[t= 180.9s] rebel stream solves=74752 raw=413/s balanced=413/s debt=0 rows steps=292 horizon=0.00 games=0 over=0 card=0 drop=0 L=0.00165 L/var=0.02 tgt=+0.350/0.327 cfg/b=28395 prep=0.02s gpu=0.00s conv=0.00s add=0.02s train=0.13s
[t= 191.0s] rebel stream solves=76800 raw=402/s balanced=402/s debt=0 rows steps=300 horizon=0.00 games=2 over=0 card=0 drop=0 L=0.00168 L/var=0.02 tgt=+0.376/0.311 cfg/b=28242 prep=0.05s gpu=0.00s conv=0.00s add=0.07s train=0.27s
[t= 201.1s] rebel stream solves=77824 raw=387/s balanced=387/s debt=0 rows steps=304 horizon=0.00 games=0 over=0 card=0 drop=0 L=0.00167 L/var=0.02 tgt=+0.370/0.305 cfg/b=27509 prep=0.02s gpu=0.00s conv=0.00s add=0.03s train=0.14s
[t= 211.1s] rebel stream solves=79872 raw=378/s balanced=378/s debt=0 rows steps=312 horizon=0.00 games=1 over=0 card=0 drop=0 L=0.00185 L/var=0.02 tgt=+0.365/0.324 cfg/b=26421 prep=0.05s gpu=0.00s conv=0.00s add=0.04s train=0.29s
[t= 220.0s] --- stopping GPU admission; draining ---
[t= 221.1s] rebel stream solves=80896 raw=366/s balanced=366/s debt=0 rows steps=316 horizon=0.00 games=0 over=0 card=0 drop=0 L=0.00195 L/var=0.02 tgt=+0.348/0.337 cfg/b=26059 prep=0.03s gpu=0.00s conv=0.00s add=0.03s train=0.14s
[t= 231.1s] rebel stream solves=81920 raw=354/s balanced=354/s debt=0 rows steps=320 horizon=0.00 games=0 over=0 card=0 drop=0 L=0.00199 L/var=0.02 tgt=+0.355/0.340 cfg/b=25181 prep=0.02s gpu=0.00s conv=0.00s add=0.02s train=0.12s
[t= 241.2s] rebel stream solves=81920 raw=340/s balanced=340/s debt=0 rows steps=320 horizon=0.00 games=0 over=0 card=0 drop=0 L=0.00000 L/var=0.00 tgt=+0.000/0.000 cfg/b=0 prep=0.00s gpu=0.00s conv=0.00s add=0.00s train=0.00s
[t= 251.2s] rebel stream solves=81920 raw=326/s balanced=326/s debt=0 rows steps=320 horizon=0.00 games=0 over=0 card=0 drop=0 L=0.00000 L/var=0.00 tgt=+0.000/0.000 cfg/b=0 prep=0.00s gpu=0.00s conv=0.00s add=0.00s train=0.00s
[t= 261.2s] rebel stream solves=81920 raw=314/s balanced=314/s debt=0 rows steps=320 horizon=0.00 games=0 over=0 card=0 drop=0 L=0.00000 L/var=0.00 tgt=+0.000/0.000 cfg/b=0 prep=0.00s gpu=0.00s conv=0.00s add=0.00s train=0.00s
[t= 271.3s] rebel stream solves=81920 raw=302/s balanced=302/s debt=0 rows steps=320 horizon=0.00 games=0 over=0 card=0 drop=0 L=0.00000 L/var=0.00 tgt=+0.000/0.000 cfg/b=0 prep=0.00s gpu=0.00s conv=0.00s add=0.00s train=0.00s
[t= 278.3s] rebel stream solves=82497 raw=296/s balanced=296/s debt=260 rows steps=322 horizon=0.00 games=0 over=0 card=0 drop=0 L=0.00200 L/var=0.02 tgt=+0.357/0.333 cfg/b=26726 prep=0.01s gpu=0.00s conv=0.00s add=0.02s train=0.07s
[gpu-summary] solves=82497 optimizer_rows=329728 debt=260 raw=296.4/s balanced=296.2/s horizon=0.00 games=4 over=0 card=0 exact=0 censored=4608 dropped=0 overrun=38.33s
[t= 278.3s] --- snapshot snap_01.pt (final) ---
[report] runs/perf_d2i64_chunk1/report.html
