[train] runs//tmp/nsys_f16 at 0002265+dirty seed=101 {'minutes': 3.0, 'warm_minutes': 0.0, 'init_weights': 'runs/value_v4_depth1_precise30/snap_04.pt', 'ladder_games': 0, 'cap_value': 0.0, 'depth': 2, 'iters': 64, 'cfr': 'dcfr', 'gpu_actors': 32, 'seed': 101}
[cpu] pinned to 36 physical cores
[train] CUDA stream priority -1
[gpu] solve services up on [0, 1]
[cfg] PUBFEAT=897 CFEAT=15 architecture=v4 depth=2 iters=64 budget=180s warm=0s snapshot_every=6min device=cuda:1 draft=random train_gen_ratio=4.0 recent_mix=0.5/0.2 canonical_views=2 cap=2000000 matmul=high
[t=   0.0s] --- snapshot snap_00.pt (init) ---
[t=   0.0s] --- switching to ReBeL ---
[t=  10.1s] rebel stream solves=11264 raw=1121/s balanced=1121/s debt=0 rows steps=44 horizon=0.00 games=0 over=0 card=0 drop=0 L=0.14851 L/var=1.54 tgt=+0.312/0.310 cfg/b=47150 prep=0.22s gpu=0.00s conv=0.02s add=0.46s train=4.35s
[t=  20.1s] rebel stream solves=16384 raw=817/s balanced=817/s debt=0 rows steps=64 horizon=0.00 games=0 over=0 card=0 drop=0 L=0.00399 L/var=0.06 tgt=+0.369/0.252 cfg/b=34850 prep=0.09s gpu=0.00s conv=0.00s add=0.21s train=0.73s
[t=  30.3s] rebel stream solves=21504 raw=711/s balanced=711/s debt=0 rows steps=84 horizon=0.00 games=5 over=0 card=0 drop=0 L=0.00331 L/var=0.04 tgt=+0.367/0.290 cfg/b=29770 prep=0.11s gpu=0.00s conv=0.00s add=0.16s train=0.81s
[t=  40.3s] rebel stream solves=24576 raw=610/s balanced=610/s debt=0 rows steps=96 horizon=0.00 games=10 over=0 card=0 drop=0 L=0.00343 L/var=0.03 tgt=+0.351/0.315 cfg/b=25751 prep=0.08s gpu=0.00s conv=0.00s add=0.09s train=1.05s
[t=  50.4s] rebel stream solves=27648 raw=549/s balanced=549/s debt=0 rows steps=108 horizon=0.00 games=23 over=0 card=0 drop=0 L=0.00394 L/var=0.03 tgt=+0.328/0.368 cfg/b=25211 prep=0.07s gpu=0.00s conv=0.00s add=0.08s train=0.48s
[t=  59.5s] --- lr -> 5.00e-04 ---
[t=  60.4s] rebel stream solves=30720 raw=509/s balanced=509/s debt=0 rows steps=120 horizon=0.00 games=48 over=0 card=0 drop=0 L=0.00447 L/var=0.03 tgt=+0.292/0.406 cfg/b=24187 prep=0.08s gpu=0.00s conv=0.00s add=0.08s train=0.50s
[t=  70.4s] rebel stream solves=34816 raw=495/s balanced=495/s debt=0 rows steps=136 horizon=0.00 games=97 over=0 card=0 drop=0 L=0.00573 L/var=0.03 tgt=+0.283/0.423 cfg/b=23117 prep=0.09s gpu=0.00s conv=0.01s add=0.10s train=0.65s
[t=  80.4s] rebel stream solves=38912 raw=484/s balanced=484/s debt=0 rows steps=152 horizon=0.00 games=99 over=0 card=0 drop=0 L=0.00628 L/var=0.03 tgt=+0.278/0.428 cfg/b=23256 prep=0.09s gpu=0.00s conv=0.00s add=0.12s train=0.62s
[t=  90.4s] rebel stream solves=44032 raw=487/s balanced=487/s debt=0 rows steps=172 horizon=0.00 games=136 over=0 card=0 drop=0 L=0.00724 L/var=0.04 tgt=+0.269/0.439 cfg/b=23623 prep=0.14s gpu=0.00s conv=0.00s add=0.17s train=0.81s
[t= 100.5s] rebel stream solves=50176 raw=499/s balanced=499/s debt=0 rows steps=196 horizon=0.00 games=159 over=0 card=0 drop=0 L=0.00750 L/var=0.04 tgt=+0.286/0.426 cfg/b=24167 prep=0.13s gpu=0.00s conv=0.00s add=0.19s train=0.92s
[t= 110.5s] rebel stream solves=56320 raw=510/s balanced=510/s debt=0 rows steps=220 horizon=0.00 games=166 over=0 card=0 drop=0 L=0.00755 L/var=0.04 tgt=+0.311/0.413 cfg/b=24454 prep=0.12s gpu=0.00s conv=0.00s add=0.20s train=0.89s
[t= 120.6s] rebel stream solves=62464 raw=518/s balanced=518/s debt=0 rows steps=244 horizon=0.00 games=137 over=0 card=0 drop=0 L=0.00723 L/var=0.05 tgt=+0.323/0.380 cfg/b=24074 prep=0.13s gpu=0.00s conv=0.00s add=0.19s train=0.91s
[t= 120.7s] --- lr -> 2.50e-04 ---
[t= 130.6s] rebel stream solves=68608 raw=526/s balanced=526/s debt=0 rows steps=268 horizon=0.00 games=123 over=0 card=0 drop=0 L=0.00689 L/var=0.05 tgt=+0.327/0.370 cfg/b=23618 prep=0.15s gpu=0.00s conv=0.00s add=0.18s train=0.93s
[t= 140.6s] rebel stream solves=73728 raw=525/s balanced=525/s debt=0 rows steps=288 horizon=0.00 games=112 over=0 card=0 drop=0 L=0.00690 L/var=0.05 tgt=+0.322/0.380 cfg/b=23028 prep=0.10s gpu=0.00s conv=0.00s add=0.14s train=0.74s
[t= 150.6s] rebel stream solves=78848 raw=524/s balanced=524/s debt=0 rows steps=308 horizon=0.00 games=95 over=1 card=0 drop=0 L=0.00697 L/var=0.04 tgt=+0.312/0.397 cfg/b=23468 prep=0.11s gpu=0.00s conv=0.00s add=0.15s train=0.77s
[t= 160.1s] --- stopping GPU admission; draining ---
[t= 160.6s] rebel stream solves=84992 raw=529/s balanced=529/s debt=0 rows steps=332 horizon=0.00 games=143 over=1 card=0 drop=0 L=0.00725 L/var=0.04 tgt=+0.308/0.412 cfg/b=22758 prep=0.14s gpu=0.00s conv=0.00s add=0.18s train=0.97s
[t= 170.6s] rebel stream solves=86016 raw=504/s balanced=504/s debt=0 rows steps=336 horizon=0.00 games=2 over=1 card=0 drop=0 L=0.00756 L/var=0.04 tgt=+0.286/0.445 cfg/b=22818 prep=0.02s gpu=0.00s conv=0.00s add=0.04s train=0.14s
[t= 180.6s] rebel stream solves=86016 raw=476/s balanced=476/s debt=0 rows steps=336 horizon=0.00 games=0 over=1 card=0 drop=0 L=0.00000 L/var=0.00 tgt=+0.000/0.000 cfg/b=0 prep=0.00s gpu=0.00s conv=0.00s add=0.00s train=0.00s
[t= 190.7s] rebel stream solves=86016 raw=451/s balanced=451/s debt=0 rows steps=336 horizon=0.00 games=0 over=1 card=0 drop=0 L=0.00000 L/var=0.00 tgt=+0.000/0.000 cfg/b=0 prep=0.00s gpu=0.00s conv=0.00s add=0.00s train=0.00s
[t= 192.9s] rebel stream solves=86241 raw=447/s balanced=446/s debt=900 rows steps=336 horizon=0.00 games=0 over=1 card=0 drop=0 L=0.00000 L/var=0.00 tgt=+0.284/0.424 cfg/b=0 prep=0.00s gpu=0.00s conv=0.00s add=0.01s train=0.00s
[gpu-summary] solves=86241 optimizer_rows=344064 debt=900 raw=447.0/s balanced=445.8/s horizon=0.00 games=1355 over=1 card=0 exact=0 censored=1152 dropped=0 overrun=12.97s
[t= 193.0s] --- snapshot snap_01.pt (final) ---
[report] runs//tmp/nsys_f16/report.html
