[train] runs/value_v4_rebel_clean3b at d47dc82+dirty seed=1 {'minutes': 3.0, 'warm_minutes': 0.0, 'snapshot_every': 3.0, 'ladder_games': 0, 'train_gen_ratio': 12.0, 'init_weights': 'runs/value_v4_warm3_clean/snap_00.pt', 'seed': 1, 'note': 'clean-warm-bootstrap-sanity'}
[train] clean-warm-bootstrap-sanity
[cpu] pinned to 36 physical cores
[train] CUDA stream priority -1
[gpu] solve services up on [0, 1]
[cfg] PUBFEAT=897 CFEAT=15 architecture=v4 depth=2 iters=64 budget=180s warm=0s snapshot_every=3min device=cuda:1 draft=random train_gen_ratio=12.0 recent_mix=0.5/0.2 canonical_views=2 cap=2000000 matmul=high
[t=   0.0s] --- snapshot snap_00.pt (init) ---
[t=   0.0s] --- switching to ReBeL ---
[t=  10.0s] rebel stream solves=7168 raw=717/s balanced=683/s debt=4096 rows steps=80 horizon=0.00 games=0 over=0 card=0 drop=0 L=0.00510 L/var=0.74 tgt=-0.029/0.083 cfg/b=47668 prep=0.33s gpu=0.00s conv=0.00s add=0.10s train=7.37s
[t=  20.0s] rebel stream solves=13312 raw=665/s balanced=665/s debt=0 rows steps=156 horizon=0.00 games=0 over=0 card=0 drop=0 L=0.00165 L/var=0.56 tgt=-0.010/0.054 cfg/b=30605 prep=0.42s gpu=0.00s conv=0.00s add=0.15s train=3.19s
[t=  30.5s] rebel stream solves=18432 raw=605/s balanced=582/s debt=8192 rows steps=208 horizon=0.00 games=0 over=0 card=0 drop=0 L=0.00109 L/var=1.23 tgt=+0.001/0.030 cfg/b=64712 prep=0.27s gpu=0.00s conv=0.02s add=0.43s train=3.06s
[t=  40.7s] rebel stream solves=28672 raw=704/s balanced=704/s debt=0 rows steps=336 horizon=0.00 games=0 over=0 card=0 drop=0 L=0.00063 L/var=0.37 tgt=-0.003/0.041 cfg/b=66909 prep=0.60s gpu=0.00s conv=0.02s add=0.52s train=4.49s
[t=  50.7s] rebel stream solves=41984 raw=828/s balanced=828/s debt=0 rows steps=492 horizon=0.00 games=0 over=0 card=0 drop=0 L=0.00046 L/var=0.17 tgt=-0.005/0.052 cfg/b=33018 prep=0.86s gpu=0.00s conv=0.00s add=0.18s train=4.89s
[t=  59.7s] --- lr -> 5.00e-04 ---
[t=  60.8s] rebel stream solves=45056 raw=742/s balanced=742/s debt=0 rows steps=528 horizon=0.00 games=0 over=0 card=0 drop=0 L=0.00036 L/var=0.12 tgt=+0.009/0.055 cfg/b=27537 prep=0.17s gpu=0.00s conv=0.00s add=0.09s train=1.05s
[t=  70.8s] rebel stream solves=48128 raw=680/s balanced=680/s debt=0 rows steps=564 horizon=0.00 games=0 over=0 card=0 drop=0 L=0.00034 L/var=0.10 tgt=+0.016/0.060 cfg/b=30786 prep=0.18s gpu=0.00s conv=0.00s add=0.10s train=1.12s
[t=  82.0s] rebel stream solves=52224 raw=637/s balanced=633/s debt=4096 rows steps=608 horizon=0.00 games=0 over=0 card=0 drop=0 L=0.00031 L/var=0.08 tgt=+0.017/0.062 cfg/b=33580 prep=0.22s gpu=0.00s conv=0.00s add=0.13s train=1.39s
[t=  93.1s] rebel stream solves=55296 raw=594/s balanced=587/s debt=8192 rows steps=640 horizon=0.00 games=0 over=1 card=0 drop=0 L=0.00029 L/var=0.07 tgt=+0.016/0.063 cfg/b=33503 prep=0.15s gpu=0.00s conv=0.00s add=0.11s train=1.06s
[t= 103.1s] rebel stream solves=58368 raw=566/s balanced=566/s debt=0 rows steps=684 horizon=0.00 games=0 over=1 card=0 drop=0 L=0.00030 L/var=0.08 tgt=+0.010/0.059 cfg/b=34043 prep=0.19s gpu=0.00s conv=0.00s add=0.16s train=1.33s
[t= 113.2s] rebel stream solves=60416 raw=534/s balanced=534/s debt=0 rows steps=708 horizon=0.00 games=0 over=2 card=0 drop=0 L=0.00030 L/var=0.09 tgt=+0.013/0.059 cfg/b=36326 prep=0.12s gpu=0.00s conv=0.00s add=0.10s train=0.75s
[t= 120.7s] --- lr -> 2.50e-04 ---
[t= 123.3s] rebel stream solves=64512 raw=523/s balanced=523/s debt=0 rows steps=756 horizon=0.00 games=0 over=3 card=0 drop=0 L=0.00029 L/var=0.07 tgt=+0.023/0.062 cfg/b=36125 prep=0.21s gpu=0.00s conv=0.00s add=0.13s train=1.48s
[t= 133.5s] rebel stream solves=68608 raw=514/s balanced=512/s debt=4096 rows steps=800 horizon=0.00 games=0 over=5 card=0 drop=0 L=0.00028 L/var=0.07 tgt=+0.029/0.062 cfg/b=35171 prep=0.23s gpu=0.00s conv=0.00s add=0.11s train=1.46s
[t= 143.5s] rebel stream solves=69632 raw=485/s balanced=485/s debt=0 rows steps=816 horizon=0.00 games=0 over=15 card=0 drop=0 L=0.00026 L/var=0.07 tgt=+0.037/0.060 cfg/b=33176 prep=0.08s gpu=0.00s conv=0.00s add=0.03s train=0.50s
[t= 153.5s] rebel stream solves=70656 raw=460/s balanced=460/s debt=0 rows steps=828 horizon=0.00 games=0 over=17 card=0 drop=0 L=0.00026 L/var=0.08 tgt=+0.037/0.059 cfg/b=32447 prep=0.06s gpu=0.00s conv=0.00s add=0.03s train=0.38s
[t= 160.0s] --- stopping GPU admission; draining ---
[t= 164.0s] rebel stream solves=72704 raw=443/s balanced=441/s debt=4096 rows steps=848 horizon=0.00 games=0 over=21 card=0 drop=0 L=0.00026 L/var=0.07 tgt=+0.037/0.060 cfg/b=31894 prep=0.10s gpu=0.00s conv=0.00s add=0.07s train=0.64s
[t= 174.0s] rebel stream solves=72704 raw=418/s balanced=418/s debt=0 rows steps=852 horizon=0.00 games=0 over=21 card=0 drop=0 L=0.00025 L/var=251495.63 tgt=+0.000/0.000 cfg/b=32136 prep=0.01s gpu=0.00s conv=0.00s add=0.00s train=0.11s
[t= 180.0s] --- snapshot snap_01.pt (s1) ---
[t= 183.2s] rebel stream solves=73436 raw=401/s balanced=401/s debt=592 rows steps=860 horizon=0.00 games=0 over=24 card=0 drop=0 L=0.00027 L/var=0.07 tgt=+0.044/0.061 cfg/b=31024 prep=0.04s gpu=0.00s conv=0.00s add=0.03s train=0.25s
[gpu-summary] solves=73436 optimizer_rows=880640 debt=592 raw=400.8/s balanced=400.6/s horizon=0.00 games=0 over=24 card=0 exact=0 censored=4608 dropped=0 overrun=3.24s
[report] runs/value_v4_rebel_clean3b/report.html
