[gpu] solve services up on [0, 1]
[cfg] PUBFEAT=897 CFEAT=16 hidden=384 head=384 dg=64 rank=64 depth=2 iters=64 budget=1800s warm=300s device=cuda:1 draft=random snapshot_every=6.0min train_gen_ratio=4.0 recent_mix=0.5/0.2 augment=True cap=2000000 matmul=high
[t=   2.3s] greedy ep  0 games=  96 dec= 19020 rows= 18171 horizon=0.30 nodecap=0 over=0 card=0 exact=0 drop=0 cfgs= 27.4 L=0.07847 P=nan old=0.01386 new=0.00390 tgt=-0.023/0.480 pstd=0.464 capv=0.040 lr=1.0e-03 gen=0.1s conv=0.0s add=0.1s train=2.1s sps=0
[t=   4.1s] greedy ep  1 games=  96 dec= 18777 rows= 17977 horizon=0.32 nodecap=0 over=0 card=0 exact=0 drop=0 cfgs= 26.6 L=0.03379 P=nan old=0.01333 new=0.00366 tgt=-0.059/0.493 pstd=0.477 capv=0.040 lr=1.0e-03 gen=0.1s conv=0.0s add=0.1s train=1.6s sps=0
[t=   5.9s] greedy ep  2 games=  96 dec= 18179 rows= 17397 horizon=0.26 nodecap=0 over=0 card=0 exact=0 drop=0 cfgs= 27.9 L=0.02988 P=nan old=0.01018 new=0.00395 tgt=-0.018/0.516 pstd=0.476 capv=0.040 lr=1.0e-03 gen=0.1s conv=0.0s add=0.1s train=1.6s sps=0
[t=   7.7s] greedy ep  3 games=  96 dec= 17876 rows= 17033 horizon=0.26 nodecap=0 over=0 card=0 exact=0 drop=0 cfgs= 26.4 L=0.02656 P=nan old=0.01142 new=0.00439 tgt=-0.027/0.498 pstd=0.467 capv=0.040 lr=1.0e-03 gen=0.1s conv=0.0s add=0.1s train=1.6s sps=0
[t=   9.5s] greedy ep  4 games=  96 dec= 19004 rows= 18249 horizon=0.31 nodecap=0 over=0 card=0 exact=0 drop=0 cfgs= 28.3 L=0.02321 P=nan old=0.00894 new=0.00472 tgt=-0.025/0.465 pstd=0.468 capv=0.040 lr=1.0e-03 gen=0.1s conv=0.0s add=0.1s train=1.6s sps=0
[t=  11.4s] greedy ep  5 games=  96 dec= 19345 rows= 18536 horizon=0.35 nodecap=0 over=0 card=0 exact=0 drop=0 cfgs= 26.4 L=0.02059 P=nan old=0.00984 new=0.00461 tgt=-0.026/0.492 pstd=0.477 capv=0.040 lr=1.0e-03 gen=0.1s conv=0.0s add=0.1s train=1.6s sps=0
[t=  13.1s] greedy ep  6 games=  96 dec= 17785 rows= 17102 horizon=0.28 nodecap=0 over=0 card=0 exact=0 drop=0 cfgs= 26.9 L=0.02237 P=nan old=0.01040 new=0.00662 tgt=-0.040/0.500 pstd=0.477 capv=0.040 lr=1.0e-03 gen=0.1s conv=0.0s add=0.1s train=1.5s sps=0
[t=  14.9s] greedy ep  7 games=  96 dec= 18319 rows= 17483 horizon=0.32 nodecap=0 over=0 card=0 exact=0 drop=0 cfgs= 27.7 L=0.02001 P=nan old=0.01164 new=0.00594 tgt=-0.059/0.503 pstd=0.472 capv=0.040 lr=1.0e-03 gen=0.1s conv=0.0s add=0.1s train=1.6s sps=0
[t=  16.7s] greedy ep  8 games=  96 dec= 18824 rows= 18083 horizon=0.34 nodecap=0 over=0 card=0 exact=0 drop=0 cfgs= 26.1 L=0.01802 P=nan old=0.01175 new=0.00607 tgt=-0.018/0.491 pstd=0.475 capv=0.040 lr=1.0e-03 gen=0.1s conv=0.0s add=0.1s train=1.6s sps=0
[t=  18.5s] greedy ep  9 games=  96 dec= 18100 rows= 17381 horizon=0.26 nodecap=0 over=0 card=0 exact=0 drop=0 cfgs= 26.3 L=0.01794 P=nan old=0.01090 new=0.00610 tgt=-0.043/0.522 pstd=0.471 capv=0.040 lr=1.0e-03 gen=0.1s conv=0.0s add=0.1s train=1.6s sps=0
[t=  20.3s] greedy ep 10 games=  96 dec= 17757 rows= 17029 horizon=0.23 nodecap=0 over=0 card=0 exact=0 drop=0 cfgs= 28.7 L=0.01860 P=nan old=0.01194 new=0.00812 tgt=-0.035/0.525 pstd=0.468 capv=0.040 lr=1.0e-03 gen=0.1s conv=0.0s add=0.1s train=1.6s sps=0
[t=  21.9s] greedy ep 11 games=  96 dec= 18043 rows= 17250 horizon=0.28 nodecap=0 over=0 card=0 exact=0 drop=0 cfgs= 27.7 L=0.01809 P=nan old=0.01343 new=0.00847 tgt=-0.047/0.493 pstd=0.466 capv=0.040 lr=1.0e-03 gen=0.1s conv=0.0s add=0.1s train=1.4s sps=0
[t=  23.7s] greedy ep 12 games=  96 dec= 17420 rows= 16700 horizon=0.25 nodecap=0 over=0 card=0 exact=0 drop=0 cfgs= 27.9 L=0.01874 P=nan old=0.01093 new=0.00705 tgt=-0.028/0.502 pstd=0.461 capv=0.040 lr=1.0e-03 gen=0.1s conv=0.0s add=0.1s train=1.5s sps=0
[t=  25.5s] greedy ep 13 games=  96 dec= 18339 rows= 17564 horizon=0.29 nodecap=0 over=0 card=0 exact=0 drop=0 cfgs= 27.2 L=0.01763 P=nan old=0.01184 new=0.00786 tgt=-0.034/0.497 pstd=0.472 capv=0.040 lr=1.0e-03 gen=0.1s conv=0.0s add=0.1s train=1.6s sps=0
[t=  27.2s] greedy ep 14 games=  96 dec= 17985 rows= 17266 horizon=0.25 nodecap=0 over=0 card=0 exact=0 drop=0 cfgs= 27.8 L=0.01848 P=nan old=0.01292 new=0.00700 tgt=-0.037/0.515 pstd=0.461 capv=0.040 lr=1.0e-03 gen=0.1s conv=0.0s add=0.1s train=1.5s sps=0
[t=  29.0s] greedy ep 15 games=  96 dec= 18309 rows= 17520 horizon=0.30 nodecap=0 over=0 card=0 exact=0 drop=0 cfgs= 26.8 L=0.01732 P=nan old=0.01281 new=0.00811 tgt=-0.021/0.493 pstd=0.461 capv=0.040 lr=1.0e-03 gen=0.1s conv=0.0s add=0.1s train=1.6s sps=0
[t=  30.9s] greedy ep 16 games=  96 dec= 19097 rows= 18291 horizon=0.33 nodecap=0 over=0 card=0 exact=0 drop=0 cfgs= 27.3 L=0.01684 P=nan old=0.01255 new=0.00811 tgt=+0.006/0.479 pstd=0.478 capv=0.040 lr=1.0e-03 gen=0.1s conv=0.0s add=0.1s train=1.6s sps=0
[t=  32.6s] greedy ep 17 games=  96 dec= 18142 rows= 17461 horizon=0.26 nodecap=0 over=0 card=0 exact=0 drop=0 cfgs= 27.3 L=0.01653 P=nan old=0.01193 new=0.00837 tgt=-0.054/0.518 pstd=0.464 capv=0.040 lr=1.0e-03 gen=0.1s conv=0.0s add=0.1s train=1.6s sps=0
[t=  34.4s] greedy ep 18 games=  96 dec= 17690 rows= 16896 horizon=0.22 nodecap=0 over=0 card=0 exact=0 drop=0 cfgs= 26.3 L=0.01798 P=nan old=0.01304 new=0.00787 tgt=-0.021/0.516 pstd=0.460 capv=0.040 lr=1.0e-03 gen=0.1s conv=0.0s add=0.1s train=1.5s sps=0
[t=  36.1s] greedy ep 19 games=  96 dec= 17806 rows= 17037 horizon=0.25 nodecap=0 over=0 card=0 exact=0 drop=0 cfgs= 27.5 L=0.01845 P=nan old=0.01444 new=0.00895 tgt=-0.059/0.527 pstd=0.456 capv=0.040 lr=1.0e-03 gen=0.1s conv=0.0s add=0.1s train=1.6s sps=0
[t=  37.9s] greedy ep 20 games=  96 dec= 17813 rows= 17128 horizon=0.28 nodecap=0 over=0 card=0 exact=0 drop=0 cfgs= 27.0 L=0.01655 P=nan old=0.01423 new=0.00837 tgt=-0.068/0.519 pstd=0.469 capv=0.040 lr=1.0e-03 gen=0.1s conv=0.0s add=0.1s train=1.6s sps=0
[t=  39.7s] greedy ep 21 games=  96 dec= 17800 rows= 17085 horizon=0.25 nodecap=0 over=0 card=0 exact=0 drop=0 cfgs= 28.0 L=0.01757 P=nan old=0.01362 new=0.00865 tgt=-0.054/0.513 pstd=0.458 capv=0.040 lr=1.0e-03 gen=0.1s conv=0.0s add=0.1s train=1.6s sps=0
[t=  41.4s] greedy ep 22 games=  96 dec= 18528 rows= 17771 horizon=0.31 nodecap=0 over=0 card=0 exact=0 drop=0 cfgs= 26.7 L=0.01533 P=nan old=0.01203 new=0.00911 tgt=-0.028/0.488 pstd=0.464 capv=0.040 lr=1.0e-03 gen=0.1s conv=0.0s add=0.1s train=1.6s sps=0
[t=  43.3s] greedy ep 23 games=  96 dec= 18486 rows= 17685 horizon=0.28 nodecap=0 over=0 card=0 exact=0 drop=0 cfgs= 25.6 L=0.01599 P=nan old=0.01271 new=0.00895 tgt=-0.008/0.478 pstd=0.467 capv=0.040 lr=1.0e-03 gen=0.1s conv=0.0s add=0.1s train=1.6s sps=0
[t=  45.2s] greedy ep 24 games=  96 dec= 19060 rows= 18394 horizon=0.35 nodecap=0 over=0 card=0 exact=0 drop=0 cfgs= 25.6 L=0.01711 P=nan old=0.01652 new=0.00926 tgt=-0.011/0.480 pstd=0.471 capv=0.040 lr=1.0e-03 gen=0.1s conv=0.0s add=0.1s train=1.7s sps=0
[t=  47.0s] greedy ep 25 games=  96 dec= 18086 rows= 17335 horizon=0.23 nodecap=0 over=0 card=0 exact=0 drop=0 cfgs= 27.3 L=0.01896 P=nan old=0.01386 new=0.00899 tgt=-0.026/0.520 pstd=0.464 capv=0.040 lr=1.0e-03 gen=0.1s conv=0.0s add=0.1s train=1.6s sps=0
[t=  48.9s] greedy ep 26 games=  96 dec= 19692 rows= 18851 horizon=0.33 nodecap=0 over=0 card=0 exact=0 drop=0 cfgs= 26.5 L=0.01638 P=nan old=0.01400 new=0.00891 tgt=-0.031/0.495 pstd=0.460 capv=0.040 lr=1.0e-03 gen=0.1s conv=0.0s add=0.1s train=1.7s sps=0
[t=  50.8s] greedy ep 27 games=  96 dec= 18267 rows= 17486 horizon=0.26 nodecap=0 over=0 card=0 exact=0 drop=0 cfgs= 28.3 L=0.01642 P=nan old=0.01577 new=0.00883 tgt=-0.023/0.486 pstd=0.476 capv=0.040 lr=1.0e-03 gen=0.1s conv=0.0s add=0.1s train=1.6s sps=0
[t=  52.6s] greedy ep 28 games=  96 dec= 19074 rows= 18289 horizon=0.30 nodecap=0 over=0 card=0 exact=0 drop=0 cfgs= 27.0 L=0.01803 P=nan old=0.01739 new=0.00932 tgt=-0.044/0.496 pstd=0.465 capv=0.040 lr=1.0e-03 gen=0.1s conv=0.0s add=0.1s train=1.7s sps=0
[t=  54.4s] greedy ep 29 games=  96 dec= 18686 rows= 17929 horizon=0.26 nodecap=0 over=0 card=0 exact=0 drop=0 cfgs= 28.4 L=0.01806 P=nan old=0.01476 new=0.00990 tgt=-0.052/0.512 pstd=0.455 capv=0.040 lr=1.0e-03 gen=0.1s conv=0.0s add=0.1s train=1.6s sps=0
[t=  56.3s] greedy ep 30 games=  96 dec= 19082 rows= 18260 horizon=0.30 nodecap=0 over=0 card=0 exact=0 drop=0 cfgs= 27.4 L=0.01862 P=nan old=0.01780 new=0.01185 tgt=-0.028/0.480 pstd=0.460 capv=0.040 lr=1.0e-03 gen=0.1s conv=0.0s add=0.1s train=1.7s sps=0
[t=  58.1s] greedy ep 31 games=  96 dec= 18482 rows= 17679 horizon=0.27 nodecap=0 over=0 card=0 exact=0 drop=0 cfgs= 28.1 L=0.01681 P=nan old=0.01380 new=0.00952 tgt=-0.042/0.504 pstd=0.464 capv=0.040 lr=1.0e-03 gen=0.1s conv=0.0s add=0.1s train=1.6s sps=0
[t=  60.0s] greedy ep 32 games=  96 dec= 18699 rows= 17926 horizon=0.32 nodecap=0 over=0 card=0 exact=0 drop=0 cfgs= 26.5 L=0.01676 P=nan old=0.01570 new=0.01021 tgt=-0.012/0.483 pstd=0.452 capv=0.040 lr=1.0e-03 gen=0.1s conv=0.0s add=0.1s train=1.6s sps=0
[t=  61.8s] greedy ep 33 games=  96 dec= 18814 rows= 17970 horizon=0.31 nodecap=0 over=0 card=0 exact=0 drop=0 cfgs= 27.4 L=0.01666 P=nan old=0.01637 new=0.01122 tgt=-0.000/0.514 pstd=0.471 capv=0.040 lr=1.0e-03 gen=0.1s conv=0.0s add=0.1s train=1.6s sps=0
[t=  63.7s] greedy ep 34 games=  96 dec= 18975 rows= 18126 horizon=0.32 nodecap=0 over=0 card=0 exact=0 drop=0 cfgs= 26.1 L=0.01655 P=nan old=0.01627 new=0.01073 tgt=+0.015/0.454 pstd=0.460 capv=0.040 lr=1.0e-03 gen=0.1s conv=0.0s add=0.1s train=1.7s sps=0
[t=  65.5s] greedy ep 35 games=  96 dec= 17981 rows= 17250 horizon=0.25 nodecap=0 over=0 card=0 exact=0 drop=0 cfgs= 27.3 L=0.01755 P=nan old=0.01542 new=0.00937 tgt=-0.035/0.521 pstd=0.452 capv=0.040 lr=1.0e-03 gen=0.1s conv=0.0s add=0.1s train=1.6s sps=0
[t=  67.4s] greedy ep 36 games=  96 dec= 19092 rows= 18239 horizon=0.28 nodecap=0 over=0 card=0 exact=0 drop=0 cfgs= 26.9 L=0.01764 P=nan old=0.01472 new=0.01035 tgt=-0.049/0.487 pstd=0.457 capv=0.040 lr=1.0e-03 gen=0.1s conv=0.0s add=0.1s train=1.7s sps=0
[t=  69.2s] greedy ep 37 games=  96 dec= 18212 rows= 17370 horizon=0.32 nodecap=0 over=0 card=0 exact=0 drop=0 cfgs= 27.9 L=0.01594 P=nan old=0.01595 new=0.01137 tgt=-0.034/0.532 pstd=0.468 capv=0.040 lr=1.0e-03 gen=0.1s conv=0.0s add=0.1s train=1.6s sps=0
[t=  71.2s] greedy ep 38 games=  96 dec= 19351 rows= 18505 horizon=0.33 nodecap=0 over=0 card=0 exact=0 drop=0 cfgs= 26.4 L=0.01751 P=nan old=0.01585 new=0.01034 tgt=-0.019/0.471 pstd=0.466 capv=0.040 lr=1.0e-03 gen=0.1s conv=0.0s add=0.1s train=1.7s sps=0
[t=  73.1s] greedy ep 39 games=  96 dec= 18608 rows= 17838 horizon=0.27 nodecap=0 over=0 card=0 exact=0 drop=0 cfgs= 27.1 L=0.01788 P=nan old=0.01681 new=0.01222 tgt=-0.038/0.510 pstd=0.467 capv=0.040 lr=1.0e-03 gen=0.1s conv=0.0s add=0.1s train=1.7s sps=0
[t=  75.1s] greedy ep 40 games=  96 dec= 18599 rows= 17855 horizon=0.32 nodecap=0 over=0 card=0 exact=0 drop=0 cfgs= 28.4 L=0.01770 P=nan old=0.01705 new=0.01097 tgt=+0.005/0.467 pstd=0.474 capv=0.040 lr=1.0e-03 gen=0.1s conv=0.0s add=0.1s train=1.7s sps=0
[t=  77.0s] greedy ep 41 games=  96 dec= 18879 rows= 18021 horizon=0.30 nodecap=0 over=0 card=0 exact=0 drop=0 cfgs= 28.3 L=0.01725 P=nan old=0.01791 new=0.01122 tgt=-0.041/0.500 pstd=0.458 capv=0.040 lr=1.0e-03 gen=0.1s conv=0.0s add=0.1s train=1.7s sps=0
[t=  78.9s] greedy ep 42 games=  96 dec= 18947 rows= 18147 horizon=0.34 nodecap=0 over=0 card=0 exact=0 drop=0 cfgs= 28.4 L=0.01757 P=nan old=0.01694 new=0.01009 tgt=-0.025/0.504 pstd=0.464 capv=0.040 lr=1.0e-03 gen=0.1s conv=0.0s add=0.1s train=1.7s sps=0
[t=  80.9s] greedy ep 43 games=  96 dec= 19299 rows= 18456 horizon=0.33 nodecap=0 over=0 card=0 exact=0 drop=0 cfgs= 26.1 L=0.01717 P=nan old=0.01608 new=0.00981 tgt=-0.062/0.468 pstd=0.465 capv=0.040 lr=1.0e-03 gen=0.1s conv=0.0s add=0.1s train=1.7s sps=0
[t=  82.7s] greedy ep 44 games=  96 dec= 18356 rows= 17540 horizon=0.27 nodecap=0 over=0 card=0 exact=0 drop=0 cfgs= 28.6 L=0.01678 P=nan old=0.01618 new=0.01017 tgt=-0.013/0.488 pstd=0.457 capv=0.040 lr=1.0e-03 gen=0.1s conv=0.0s add=0.1s train=1.7s sps=0
[t=  84.5s] greedy ep 45 games=  96 dec= 17718 rows= 17069 horizon=0.27 nodecap=0 over=0 card=0 exact=0 drop=0 cfgs= 28.9 L=0.01763 P=nan old=0.01786 new=0.01126 tgt=-0.085/0.518 pstd=0.462 capv=0.040 lr=1.0e-03 gen=0.1s conv=0.0s add=0.1s train=1.6s sps=0
[t=  86.4s] greedy ep 46 games=  96 dec= 18039 rows= 17287 horizon=0.28 nodecap=0 over=0 card=0 exact=0 drop=0 cfgs= 28.7 L=0.01733 P=nan old=0.01607 new=0.01025 tgt=-0.014/0.496 pstd=0.457 capv=0.040 lr=1.0e-03 gen=0.1s conv=0.0s add=0.1s train=1.6s sps=0
[t=  88.2s] greedy ep 47 games=  96 dec= 18992 rows= 18184 horizon=0.29 nodecap=0 over=0 card=0 exact=0 drop=0 cfgs= 27.2 L=0.01769 P=nan old=0.01667 new=0.01236 tgt=-0.022/0.475 pstd=0.460 capv=0.040 lr=1.0e-03 gen=0.1s conv=0.0s add=0.1s train=1.6s sps=0
[t=  90.0s] greedy ep 48 games=  96 dec= 18106 rows= 17409 horizon=0.29 nodecap=0 over=0 card=0 exact=0 drop=0 cfgs= 27.3 L=0.01681 P=nan old=0.01690 new=0.01105 tgt=-0.037/0.510 pstd=0.458 capv=0.040 lr=1.0e-03 gen=0.1s conv=0.0s add=0.1s train=1.6s sps=0
[t=  91.9s] greedy ep 49 games=  96 dec= 19697 rows= 18918 horizon=0.41 nodecap=0 over=0 card=0 exact=0 drop=0 cfgs= 25.9 L=0.01631 P=nan old=0.01670 new=0.01018 tgt=-0.000/0.452 pstd=0.476 capv=0.040 lr=1.0e-03 gen=0.1s conv=0.0s add=0.1s train=1.7s sps=0
[t=  93.7s] greedy ep 50 games=  96 dec= 17764 rows= 16989 horizon=0.24 nodecap=0 over=0 card=0 exact=0 drop=0 cfgs= 28.3 L=0.01630 P=nan old=0.01911 new=0.01357 tgt=-0.058/0.549 pstd=0.482 capv=0.040 lr=1.0e-03 gen=0.1s conv=0.0s add=0.1s train=1.5s sps=0
[t=  95.4s] greedy ep 51 games=  96 dec= 17871 rows= 17065 horizon=0.25 nodecap=0 over=0 card=0 exact=0 drop=0 cfgs= 28.4 L=0.01658 P=nan old=0.01582 new=0.00938 tgt=-0.026/0.525 pstd=0.470 capv=0.040 lr=1.0e-03 gen=0.1s conv=0.0s add=0.1s train=1.5s sps=0
[t=  97.3s] greedy ep 52 games=  96 dec= 18957 rows= 18241 horizon=0.34 nodecap=0 over=0 card=0 exact=0 drop=0 cfgs= 28.0 L=0.01667 P=nan old=0.01612 new=0.01089 tgt=-0.040/0.470 pstd=0.466 capv=0.040 lr=1.0e-03 gen=0.1s conv=0.0s add=0.1s train=1.6s sps=0
[t=  99.0s] greedy ep 53 games=  96 dec= 17594 rows= 16819 horizon=0.21 nodecap=0 over=0 card=0 exact=0 drop=0 cfgs= 28.1 L=0.01691 P=nan old=0.01991 new=0.01260 tgt=-0.032/0.511 pstd=0.463 capv=0.040 lr=1.0e-03 gen=0.1s conv=0.0s add=0.1s train=1.5s sps=0
[t= 100.8s] greedy ep 54 games=  96 dec= 17878 rows= 17181 horizon=0.24 nodecap=0 over=0 card=0 exact=0 drop=0 cfgs= 30.5 L=0.01742 P=nan old=0.01859 new=0.01096 tgt=-0.006/0.496 pstd=0.450 capv=0.040 lr=1.0e-03 gen=0.1s conv=0.0s add=0.1s train=1.6s sps=0
[t= 102.5s] greedy ep 55 games=  96 dec= 17837 rows= 16988 horizon=0.25 nodecap=0 over=0 card=0 exact=0 drop=0 cfgs= 27.0 L=0.01739 P=nan old=0.01939 new=0.01309 tgt=-0.005/0.470 pstd=0.486 capv=0.040 lr=1.0e-03 gen=0.1s conv=0.0s add=0.1s train=1.5s sps=0
[t= 104.4s] greedy ep 56 games=  96 dec= 18409 rows= 17611 horizon=0.27 nodecap=0 over=0 card=0 exact=0 drop=0 cfgs= 28.1 L=0.01824 P=nan old=0.01841 new=0.01205 tgt=-0.028/0.483 pstd=0.474 capv=0.040 lr=1.0e-03 gen=0.1s conv=0.0s add=0.1s train=1.6s sps=0
[t= 106.2s] greedy ep 57 games=  96 dec= 18651 rows= 17847 horizon=0.27 nodecap=0 over=0 card=0 exact=0 drop=0 cfgs= 26.4 L=0.01741 P=nan old=0.01655 new=0.01128 tgt=-0.015/0.515 pstd=0.470 capv=0.040 lr=1.0e-03 gen=0.1s conv=0.0s add=0.1s train=1.6s sps=0
[t= 108.2s] greedy ep 58 games=  96 dec= 19562 rows= 18696 horizon=0.35 nodecap=0 over=0 card=0 exact=0 drop=0 cfgs= 25.2 L=0.01659 P=nan old=0.01694 new=0.01128 tgt=-0.048/0.493 pstd=0.464 capv=0.040 lr=1.0e-03 gen=0.1s conv=0.0s add=0.1s train=1.7s sps=0
[t= 110.1s] greedy ep 59 games=  96 dec= 19397 rows= 18534 horizon=0.34 nodecap=0 over=0 card=0 exact=0 drop=0 cfgs= 25.2 L=0.01692 P=nan old=0.01695 new=0.00995 tgt=-0.046/0.466 pstd=0.461 capv=0.040 lr=1.0e-03 gen=0.1s conv=0.0s add=0.1s train=1.7s sps=0
[t= 111.9s] greedy ep 60 games=  96 dec= 18865 rows= 17960 horizon=0.31 nodecap=0 over=0 card=0 exact=0 drop=0 cfgs= 26.1 L=0.01638 P=nan old=0.01771 new=0.01064 tgt=-0.032/0.477 pstd=0.460 capv=0.040 lr=1.0e-03 gen=0.1s conv=0.0s add=0.1s train=1.6s sps=0
[t= 113.7s] greedy ep 61 games=  96 dec= 18309 rows= 17564 horizon=0.24 nodecap=0 over=0 card=0 exact=0 drop=0 cfgs= 29.6 L=0.01689 P=nan old=0.01766 new=0.01141 tgt=-0.007/0.527 pstd=0.458 capv=0.040 lr=1.0e-03 gen=0.1s conv=0.0s add=0.1s train=1.6s sps=0
[t= 115.6s] greedy ep 62 games=  96 dec= 18751 rows= 17895 horizon=0.29 nodecap=0 over=0 card=0 exact=0 drop=0 cfgs= 26.6 L=0.01645 P=nan old=0.01972 new=0.01301 tgt=-0.034/0.506 pstd=0.453 capv=0.040 lr=1.0e-03 gen=0.1s conv=0.0s add=0.1s train=1.6s sps=0
[t= 117.5s] greedy ep 63 games=  96 dec= 19579 rows= 18798 horizon=0.32 nodecap=0 over=0 card=0 exact=0 drop=0 cfgs= 26.5 L=0.01728 P=nan old=0.01683 new=0.01110 tgt=-0.007/0.477 pstd=0.452 capv=0.040 lr=1.0e-03 gen=0.1s conv=0.0s add=0.1s train=1.7s sps=0
[t= 119.4s] greedy ep 64 games=  96 dec= 18159 rows= 17393 horizon=0.27 nodecap=0 over=0 card=0 exact=0 drop=0 cfgs= 27.6 L=0.01700 P=nan old=0.01824 new=0.01100 tgt=-0.058/0.514 pstd=0.470 capv=0.040 lr=1.0e-03 gen=0.1s conv=0.0s add=0.1s train=1.6s sps=0
[t= 121.2s] greedy ep 65 games=  96 dec= 18155 rows= 17405 horizon=0.28 nodecap=0 over=0 card=0 exact=0 drop=0 cfgs= 30.4 L=0.01616 P=nan old=0.01660 new=0.01206 tgt=-0.026/0.503 pstd=0.474 capv=0.040 lr=1.0e-03 gen=0.1s conv=0.0s add=0.1s train=1.6s sps=0
[t= 123.0s] greedy ep 66 games=  96 dec= 18370 rows= 17668 horizon=0.30 nodecap=0 over=0 card=0 exact=0 drop=0 cfgs= 27.4 L=0.01629 P=nan old=0.01764 new=0.01283 tgt=-0.038/0.493 pstd=0.478 capv=0.040 lr=1.0e-03 gen=0.1s conv=0.0s add=0.1s train=1.6s sps=0
[t= 124.8s] greedy ep 67 games=  96 dec= 18765 rows= 17982 horizon=0.33 nodecap=0 over=0 card=0 exact=0 drop=0 cfgs= 28.7 L=0.01604 P=nan old=0.01726 new=0.01033 tgt=-0.023/0.513 pstd=0.482 capv=0.040 lr=1.0e-03 gen=0.1s conv=0.0s add=0.1s train=1.6s sps=0
[t= 126.6s] greedy ep 68 games=  96 dec= 18374 rows= 17494 horizon=0.26 nodecap=0 over=0 card=0 exact=0 drop=0 cfgs= 28.3 L=0.01765 P=nan old=0.01923 new=0.01289 tgt=-0.023/0.498 pstd=0.473 capv=0.040 lr=1.0e-03 gen=0.1s conv=0.0s add=0.1s train=1.6s sps=0
[t= 128.4s] greedy ep 69 games=  96 dec= 18297 rows= 17504 horizon=0.27 nodecap=0 over=0 card=0 exact=0 drop=0 cfgs= 27.7 L=0.01621 P=nan old=0.01664 new=0.01108 tgt=-0.056/0.516 pstd=0.473 capv=0.040 lr=1.0e-03 gen=0.1s conv=0.0s add=0.1s train=1.5s sps=0
[t= 130.2s] greedy ep 70 games=  96 dec= 18939 rows= 18157 horizon=0.34 nodecap=0 over=0 card=0 exact=0 drop=0 cfgs= 25.9 L=0.01628 P=nan old=0.01646 new=0.01217 tgt=-0.037/0.479 pstd=0.464 capv=0.040 lr=1.0e-03 gen=0.1s conv=0.0s add=0.1s train=1.6s sps=0
[t= 132.0s] greedy ep 71 games=  96 dec= 18073 rows= 17354 horizon=0.26 nodecap=0 over=0 card=0 exact=0 drop=0 cfgs= 29.8 L=0.01688 P=nan old=0.01787 new=0.01123 tgt=-0.025/0.513 pstd=0.468 capv=0.040 lr=1.0e-03 gen=0.1s conv=0.0s add=0.1s train=1.6s sps=0
[t= 133.9s] greedy ep 72 games=  96 dec= 19252 rows= 18480 horizon=0.35 nodecap=0 over=0 card=0 exact=0 drop=0 cfgs= 27.7 L=0.01534 P=nan old=0.01687 new=0.00936 tgt=-0.069/0.494 pstd=0.472 capv=0.040 lr=1.0e-03 gen=0.1s conv=0.0s add=0.1s train=1.7s sps=0
[t= 135.7s] greedy ep 73 games=  96 dec= 17654 rows= 16887 horizon=0.21 nodecap=0 over=0 card=0 exact=0 drop=0 cfgs= 27.9 L=0.01716 P=nan old=0.01823 new=0.01014 tgt=-0.039/0.521 pstd=0.470 capv=0.040 lr=1.0e-03 gen=0.1s conv=0.0s add=0.1s train=1.5s sps=0
[t= 137.5s] greedy ep 74 games=  96 dec= 18653 rows= 17839 horizon=0.28 nodecap=0 over=0 card=0 exact=0 drop=0 cfgs= 26.6 L=0.01563 P=nan old=0.01749 new=0.01236 tgt=-0.062/0.527 pstd=0.467 capv=0.040 lr=1.0e-03 gen=0.1s conv=0.0s add=0.1s train=1.6s sps=0
[t= 139.4s] greedy ep 75 games=  96 dec= 19581 rows= 18815 horizon=0.40 nodecap=0 over=0 card=0 exact=0 drop=0 cfgs= 24.2 L=0.01579 P=nan old=0.01636 new=0.01021 tgt=+0.011/0.466 pstd=0.480 capv=0.040 lr=1.0e-03 gen=0.1s conv=0.0s add=0.1s train=1.7s sps=0
[t= 141.2s] greedy ep 76 games=  96 dec= 18751 rows= 17915 horizon=0.24 nodecap=0 over=0 card=0 exact=0 drop=0 cfgs= 25.7 L=0.01727 P=nan old=0.01739 new=0.01096 tgt=-0.030/0.490 pstd=0.481 capv=0.040 lr=1.0e-03 gen=0.1s conv=0.0s add=0.1s train=1.6s sps=0
[t= 143.0s] greedy ep 77 games=  96 dec= 18346 rows= 17518 horizon=0.25 nodecap=0 over=0 card=0 exact=0 drop=0 cfgs= 27.1 L=0.01637 P=nan old=0.01602 new=0.01215 tgt=-0.053/0.521 pstd=0.472 capv=0.040 lr=1.0e-03 gen=0.1s conv=0.0s add=0.1s train=1.6s sps=0
[t= 144.8s] greedy ep 78 games=  96 dec= 17947 rows= 17157 horizon=0.25 nodecap=0 over=0 card=0 exact=0 drop=0 cfgs= 26.8 L=0.01604 P=nan old=0.01701 new=0.01110 tgt=-0.047/0.514 pstd=0.459 capv=0.040 lr=1.0e-03 gen=0.1s conv=0.0s add=0.1s train=1.5s sps=0
[t= 146.6s] greedy ep 79 games=  96 dec= 18509 rows= 17723 horizon=0.30 nodecap=0 over=0 card=0 exact=0 drop=0 cfgs= 28.3 L=0.01617 P=nan old=0.01595 new=0.01176 tgt=-0.004/0.488 pstd=0.459 capv=0.040 lr=1.0e-03 gen=0.1s conv=0.0s add=0.1s train=1.6s sps=0
[t= 148.4s] greedy ep 80 games=  96 dec= 18005 rows= 17281 horizon=0.26 nodecap=0 over=0 card=0 exact=0 drop=0 cfgs= 28.7 L=0.01667 P=nan old=0.02029 new=0.01219 tgt=-0.025/0.514 pstd=0.468 capv=0.040 lr=1.0e-03 gen=0.1s conv=0.0s add=0.1s train=1.6s sps=0
[t= 150.1s] greedy ep 81 games=  96 dec= 17458 rows= 16682 horizon=0.25 nodecap=0 over=0 card=0 exact=0 drop=0 cfgs= 28.7 L=0.01743 P=nan old=0.01733 new=0.01220 tgt=-0.024/0.534 pstd=0.471 capv=0.040 lr=1.0e-03 gen=0.1s conv=0.0s add=0.1s train=1.5s sps=0
[t= 151.9s] greedy ep 82 games=  96 dec= 17724 rows= 16956 horizon=0.25 nodecap=0 over=0 card=0 exact=0 drop=0 cfgs= 28.6 L=0.01636 P=nan old=0.01814 new=0.01102 tgt=-0.035/0.507 pstd=0.453 capv=0.040 lr=1.0e-03 gen=0.1s conv=0.0s add=0.1s train=1.6s sps=0
[t= 153.6s] greedy ep 83 games=  96 dec= 16961 rows= 16184 horizon=0.19 nodecap=0 over=0 card=0 exact=0 drop=0 cfgs= 30.2 L=0.01705 P=nan old=0.01655 new=0.01185 tgt=-0.027/0.537 pstd=0.447 capv=0.040 lr=1.0e-03 gen=0.1s conv=0.0s add=0.1s train=1.4s sps=0
[t= 155.4s] greedy ep 84 games=  96 dec= 19354 rows= 18540 horizon=0.39 nodecap=0 over=0 card=0 exact=0 drop=0 cfgs= 25.4 L=0.01669 P=nan old=0.01889 new=0.01096 tgt=-0.046/0.473 pstd=0.459 capv=0.040 lr=1.0e-03 gen=0.1s conv=0.0s add=0.1s train=1.6s sps=0
[t= 157.3s] greedy ep 85 games=  96 dec= 18656 rows= 17880 horizon=0.29 nodecap=0 over=0 card=0 exact=0 drop=0 cfgs= 27.6 L=0.01645 P=nan old=0.01744 new=0.01133 tgt=-0.043/0.499 pstd=0.447 capv=0.040 lr=1.0e-03 gen=0.1s conv=0.0s add=0.1s train=1.6s sps=0
[t= 159.0s] greedy ep 86 games=  96 dec= 18285 rows= 17486 horizon=0.26 nodecap=0 over=0 card=0 exact=0 drop=0 cfgs= 28.0 L=0.01660 P=nan old=0.01949 new=0.01157 tgt=-0.025/0.501 pstd=0.461 capv=0.040 lr=1.0e-03 gen=0.1s conv=0.0s add=0.1s train=1.5s sps=0
[t= 160.5s] greedy ep 87 games=  96 dec= 17389 rows= 16649 horizon=0.25 nodecap=0 over=0 card=0 exact=0 drop=0 cfgs= 28.5 L=0.01676 P=nan old=0.01917 new=0.01631 tgt=-0.037/0.504 pstd=0.439 capv=0.040 lr=1.0e-03 gen=0.1s conv=0.0s add=0.1s train=1.4s sps=0
[t= 162.4s] greedy ep 88 games=  96 dec= 18703 rows= 17828 horizon=0.27 nodecap=0 over=0 card=0 exact=0 drop=0 cfgs= 25.5 L=0.01661 P=nan old=0.01742 new=0.01230 tgt=-0.028/0.509 pstd=0.457 capv=0.040 lr=1.0e-03 gen=0.1s conv=0.0s add=0.1s train=1.7s sps=0
[t= 164.2s] greedy ep 89 games=  96 dec= 17445 rows= 16716 horizon=0.25 nodecap=0 over=0 card=0 exact=0 drop=0 cfgs= 28.9 L=0.01684 P=nan old=0.01685 new=0.01242 tgt=-0.056/0.523 pstd=0.442 capv=0.040 lr=1.0e-03 gen=0.1s conv=0.0s add=0.1s train=1.5s sps=0
[t= 166.0s] greedy ep 90 games=  96 dec= 18622 rows= 17824 horizon=0.30 nodecap=0 over=0 card=0 exact=0 drop=0 cfgs= 28.3 L=0.01581 P=nan old=0.01834 new=0.01152 tgt=-0.052/0.508 pstd=0.447 capv=0.040 lr=1.0e-03 gen=0.1s conv=0.0s add=0.1s train=1.6s sps=0
[t= 167.9s] greedy ep 91 games=  96 dec= 19065 rows= 18324 horizon=0.34 nodecap=0 over=0 card=0 exact=0 drop=0 cfgs= 26.2 L=0.01580 P=nan old=0.01603 new=0.01129 tgt=-0.025/0.461 pstd=0.458 capv=0.040 lr=1.0e-03 gen=0.1s conv=0.0s add=0.1s train=1.7s sps=0
[t= 169.7s] greedy ep 92 games=  96 dec= 18963 rows= 18229 horizon=0.31 nodecap=0 over=0 card=0 exact=0 drop=0 cfgs= 24.1 L=0.01610 P=nan old=0.01648 new=0.01024 tgt=-0.041/0.481 pstd=0.459 capv=0.040 lr=1.0e-03 gen=0.1s conv=0.0s add=0.1s train=1.6s sps=0
[t= 171.5s] greedy ep 93 games=  96 dec= 18277 rows= 17540 horizon=0.33 nodecap=0 over=0 card=0 exact=0 drop=0 cfgs= 26.8 L=0.01570 P=nan old=0.01870 new=0.01048 tgt=-0.073/0.495 pstd=0.452 capv=0.040 lr=1.0e-03 gen=0.1s conv=0.0s add=0.1s train=1.6s sps=0
[t= 173.4s] greedy ep 94 games=  96 dec= 18603 rows= 17822 horizon=0.32 nodecap=0 over=0 card=0 exact=0 drop=0 cfgs= 25.2 L=0.01575 P=nan old=0.01669 new=0.01111 tgt=-0.047/0.488 pstd=0.452 capv=0.040 lr=1.0e-03 gen=0.1s conv=0.0s add=0.1s train=1.7s sps=0
[t= 175.5s] greedy ep 95 games=  96 dec= 19081 rows= 18248 horizon=0.26 nodecap=0 over=0 card=0 exact=0 drop=0 cfgs= 27.4 L=0.01657 P=nan old=0.01596 new=0.01213 tgt=-0.044/0.504 pstd=0.473 capv=0.040 lr=1.0e-03 gen=0.1s conv=0.0s add=0.1s train=1.9s sps=0
[t= 177.3s] greedy ep 96 games=  96 dec= 17938 rows= 17156 horizon=0.24 nodecap=0 over=0 card=0 exact=0 drop=0 cfgs= 28.8 L=0.01560 P=nan old=0.01870 new=0.01305 tgt=-0.034/0.506 pstd=0.462 capv=0.040 lr=1.0e-03 gen=0.1s conv=0.0s add=0.1s train=1.6s sps=0
[t= 179.0s] greedy ep 97 games=  96 dec= 17223 rows= 16545 horizon=0.23 nodecap=0 over=0 card=0 exact=0 drop=0 cfgs= 27.7 L=0.01625 P=nan old=0.01786 new=0.01025 tgt=-0.036/0.520 pstd=0.465 capv=0.040 lr=1.0e-03 gen=0.1s conv=0.0s add=0.1s train=1.5s sps=0
[t= 180.8s] greedy ep 98 games=  96 dec= 18276 rows= 17527 horizon=0.31 nodecap=0 over=0 card=0 exact=0 drop=0 cfgs= 27.9 L=0.01582 P=nan old=0.01712 new=0.01118 tgt=-0.037/0.487 pstd=0.469 capv=0.040 lr=1.0e-03 gen=0.1s conv=0.0s add=0.1s train=1.6s sps=0
[t= 182.7s] greedy ep 99 games=  96 dec= 18883 rows= 18017 horizon=0.28 nodecap=0 over=0 card=0 exact=0 drop=0 cfgs= 26.9 L=0.01680 P=nan old=0.01748 new=0.01286 tgt=-0.005/0.487 pstd=0.478 capv=0.040 lr=1.0e-03 gen=0.1s conv=0.0s add=0.1s train=1.6s sps=0
[t= 184.5s] greedy ep100 games=  96 dec= 18125 rows= 17397 horizon=0.29 nodecap=0 over=0 card=0 exact=0 drop=0 cfgs= 28.4 L=0.01600 P=nan old=0.01886 new=0.01170 tgt=-0.037/0.513 pstd=0.459 capv=0.040 lr=1.0e-03 gen=0.1s conv=0.0s add=0.1s train=1.6s sps=0
[t= 186.3s] greedy ep101 games=  96 dec= 18105 rows= 17321 horizon=0.27 nodecap=0 over=0 card=0 exact=0 drop=0 cfgs= 28.4 L=0.01640 P=nan old=0.01657 new=0.01255 tgt=-0.041/0.507 pstd=0.456 capv=0.040 lr=1.0e-03 gen=0.1s conv=0.0s add=0.1s train=1.6s sps=0
[t= 188.0s] greedy ep102 games=  96 dec= 17331 rows= 16510 horizon=0.19 nodecap=0 over=0 card=0 exact=0 drop=0 cfgs= 28.9 L=0.01682 P=nan old=0.01732 new=0.01110 tgt=-0.068/0.530 pstd=0.481 capv=0.040 lr=1.0e-03 gen=0.1s conv=0.0s add=0.1s train=1.5s sps=0
[t= 189.7s] greedy ep103 games=  96 dec= 17633 rows= 16824 horizon=0.23 nodecap=0 over=0 card=0 exact=0 drop=0 cfgs= 26.9 L=0.01651 P=nan old=0.01965 new=0.01427 tgt=-0.065/0.514 pstd=0.446 capv=0.040 lr=1.0e-03 gen=0.1s conv=0.0s add=0.1s train=1.5s sps=0
[t= 191.6s] greedy ep104 games=  96 dec= 18563 rows= 17702 horizon=0.24 nodecap=0 over=0 card=0 exact=0 drop=0 cfgs= 27.6 L=0.01706 P=nan old=0.01634 new=0.01181 tgt=-0.027/0.505 pstd=0.445 capv=0.040 lr=1.0e-03 gen=0.1s conv=0.0s add=0.1s train=1.6s sps=0
[t= 193.6s] greedy ep105 games=  96 dec= 18582 rows= 17738 horizon=0.27 nodecap=0 over=0 card=0 exact=0 drop=0 cfgs= 27.1 L=0.01603 P=nan old=0.01611 new=0.01155 tgt=-0.034/0.514 pstd=0.454 capv=0.040 lr=1.0e-03 gen=0.1s conv=0.0s add=0.1s train=1.8s sps=0
[t= 195.4s] greedy ep106 games=  96 dec= 18088 rows= 17403 horizon=0.26 nodecap=0 over=0 card=0 exact=0 drop=0 cfgs= 27.4 L=0.01582 P=nan old=0.01799 new=0.01178 tgt=-0.052/0.503 pstd=0.455 capv=0.040 lr=1.0e-03 gen=0.1s conv=0.0s add=0.1s train=1.6s sps=0
[t= 197.3s] greedy ep107 games=  96 dec= 18041 rows= 17276 horizon=0.30 nodecap=0 over=0 card=0 exact=0 drop=0 cfgs= 27.1 L=0.01640 P=nan old=0.01684 new=0.01118 tgt=-0.053/0.485 pstd=0.446 capv=0.040 lr=1.0e-03 gen=0.1s conv=0.0s add=0.1s train=1.6s sps=0
[t= 199.1s] greedy ep108 games=  96 dec= 18150 rows= 17355 horizon=0.26 nodecap=0 over=0 card=0 exact=0 drop=0 cfgs= 27.5 L=0.01584 P=nan old=0.01578 new=0.01190 tgt=-0.008/0.496 pstd=0.442 capv=0.040 lr=1.0e-03 gen=0.1s conv=0.0s add=0.1s train=1.6s sps=0
[t= 200.9s] greedy ep109 games=  96 dec= 18283 rows= 17484 horizon=0.25 nodecap=0 over=0 card=0 exact=0 drop=0 cfgs= 27.7 L=0.01596 P=nan old=0.01650 new=0.01122 tgt=-0.026/0.495 pstd=0.448 capv=0.040 lr=1.0e-03 gen=0.1s conv=0.0s add=0.1s train=1.6s sps=0
[t= 202.6s] greedy ep110 games=  96 dec= 17390 rows= 16648 horizon=0.23 nodecap=0 over=0 card=0 exact=0 drop=0 cfgs= 25.7 L=0.01627 P=nan old=0.01721 new=0.01193 tgt=-0.053/0.529 pstd=0.460 capv=0.040 lr=1.0e-03 gen=0.1s conv=0.0s add=0.1s train=1.5s sps=0
[t= 204.6s] greedy ep111 games=  96 dec= 19431 rows= 18629 horizon=0.38 nodecap=0 over=0 card=0 exact=0 drop=0 cfgs= 26.4 L=0.01606 P=nan old=0.01742 new=0.01114 tgt=-0.035/0.475 pstd=0.434 capv=0.040 lr=1.0e-03 gen=0.1s conv=0.0s add=0.1s train=1.7s sps=0
[t= 206.4s] greedy ep112 games=  96 dec= 18006 rows= 17317 horizon=0.29 nodecap=0 over=0 card=0 exact=0 drop=0 cfgs= 26.2 L=0.01553 P=nan old=0.01601 new=0.01164 tgt=-0.006/0.487 pstd=0.431 capv=0.040 lr=1.0e-03 gen=0.1s conv=0.0s add=0.1s train=1.6s sps=0
[t= 208.2s] greedy ep113 games=  96 dec= 18270 rows= 17487 horizon=0.29 nodecap=0 over=0 card=0 exact=0 drop=0 cfgs= 26.4 L=0.01598 P=nan old=0.01624 new=0.01161 tgt=-0.031/0.524 pstd=0.440 capv=0.040 lr=1.0e-03 gen=0.1s conv=0.0s add=0.1s train=1.6s sps=0
[t= 210.2s] greedy ep114 games=  96 dec= 19126 rows= 18338 horizon=0.35 nodecap=0 over=0 card=0 exact=0 drop=0 cfgs= 26.4 L=0.01574 P=nan old=0.01574 new=0.01205 tgt=-0.045/0.492 pstd=0.420 capv=0.040 lr=1.0e-03 gen=0.1s conv=0.0s add=0.1s train=1.7s sps=0
[t= 212.0s] greedy ep115 games=  96 dec= 17661 rows= 16911 horizon=0.16 nodecap=0 over=0 card=0 exact=0 drop=0 cfgs= 28.4 L=0.01652 P=nan old=0.01768 new=0.01111 tgt=-0.005/0.519 pstd=0.421 capv=0.040 lr=1.0e-03 gen=0.1s conv=0.0s add=0.1s train=1.6s sps=0
[t= 213.8s] greedy ep116 games=  96 dec= 18378 rows= 17513 horizon=0.28 nodecap=0 over=0 card=0 exact=0 drop=0 cfgs= 29.8 L=0.01649 P=nan old=0.01727 new=0.01104 tgt=-0.016/0.485 pstd=0.422 capv=0.040 lr=1.0e-03 gen=0.1s conv=0.0s add=0.1s train=1.6s sps=0
[t= 215.6s] greedy ep117 games=  96 dec= 17969 rows= 17144 horizon=0.28 nodecap=0 over=0 card=0 exact=0 drop=0 cfgs= 26.2 L=0.01559 P=nan old=0.01628 new=0.01013 tgt=-0.027/0.511 pstd=0.413 capv=0.040 lr=1.0e-03 gen=0.1s conv=0.0s add=0.1s train=1.5s sps=0
[t= 217.5s] greedy ep118 games=  96 dec= 19031 rows= 18297 horizon=0.38 nodecap=0 over=0 card=0 exact=0 drop=0 cfgs= 28.1 L=0.01559 P=nan old=0.01662 new=0.01040 tgt=-0.095/0.498 pstd=0.413 capv=0.040 lr=1.0e-03 gen=0.1s conv=0.0s add=0.1s train=1.7s sps=0
[t= 219.4s] greedy ep119 games=  96 dec= 18724 rows= 17931 horizon=0.27 nodecap=0 over=0 card=0 exact=0 drop=0 cfgs= 26.8 L=0.01574 P=nan old=0.01585 new=0.01252 tgt=-0.051/0.498 pstd=0.438 capv=0.040 lr=1.0e-03 gen=0.1s conv=0.0s add=0.1s train=1.6s sps=0
[t= 221.3s] greedy ep120 games=  96 dec= 18952 rows= 18033 horizon=0.28 nodecap=0 over=0 card=0 exact=0 drop=0 cfgs= 25.5 L=0.01546 P=nan old=0.01521 new=0.01081 tgt=-0.039/0.480 pstd=0.414 capv=0.040 lr=1.0e-03 gen=0.1s conv=0.0s add=0.1s train=1.7s sps=0
[t= 223.1s] greedy ep121 games=  96 dec= 18610 rows= 17842 horizon=0.31 nodecap=0 over=0 card=0 exact=0 drop=0 cfgs= 26.4 L=0.01610 P=nan old=0.01569 new=0.01106 tgt=-0.010/0.467 pstd=0.432 capv=0.040 lr=1.0e-03 gen=0.1s conv=0.0s add=0.1s train=1.6s sps=0
[t= 225.1s] greedy ep122 games=  96 dec= 19327 rows= 18551 horizon=0.38 nodecap=0 over=0 card=0 exact=0 drop=0 cfgs= 26.0 L=0.01454 P=nan old=0.01681 new=0.01052 tgt=-0.032/0.468 pstd=0.405 capv=0.040 lr=1.0e-03 gen=0.1s conv=0.0s add=0.1s train=1.7s sps=0
[t= 226.9s] greedy ep123 games=  96 dec= 18773 rows= 17922 horizon=0.27 nodecap=0 over=0 card=0 exact=0 drop=0 cfgs= 27.1 L=0.01487 P=nan old=0.01602 new=0.01154 tgt=-0.018/0.516 pstd=0.397 capv=0.040 lr=1.0e-03 gen=0.1s conv=0.0s add=0.1s train=1.7s sps=0
[t= 228.8s] greedy ep124 games=  96 dec= 18792 rows= 17985 horizon=0.31 nodecap=0 over=0 card=0 exact=0 drop=0 cfgs= 28.7 L=0.01508 P=nan old=0.01615 new=0.00992 tgt=-0.053/0.492 pstd=0.415 capv=0.040 lr=1.0e-03 gen=0.1s conv=0.0s add=0.1s train=1.6s sps=0
[t= 230.7s] greedy ep125 games=  96 dec= 18881 rows= 18013 horizon=0.27 nodecap=0 over=0 card=0 exact=0 drop=0 cfgs= 26.8 L=0.01438 P=nan old=0.01747 new=0.01144 tgt=-0.011/0.486 pstd=0.406 capv=0.040 lr=1.0e-03 gen=0.1s conv=0.0s add=0.1s train=1.7s sps=0
[t= 232.7s] greedy ep126 games=  96 dec= 19520 rows= 18707 horizon=0.34 nodecap=0 over=0 card=0 exact=0 drop=0 cfgs= 27.0 L=0.01462 P=nan old=0.01770 new=0.01004 tgt=-0.016/0.480 pstd=0.400 capv=0.040 lr=1.0e-03 gen=0.1s conv=0.0s add=0.1s train=1.7s sps=0
[t= 234.4s] greedy ep127 games=  96 dec= 17220 rows= 16519 horizon=0.18 nodecap=0 over=0 card=0 exact=0 drop=0 cfgs= 30.1 L=0.01548 P=nan old=0.01620 new=0.01229 tgt=-0.010/0.537 pstd=0.401 capv=0.040 lr=1.0e-03 gen=0.1s conv=0.0s add=0.1s train=1.5s sps=0
[t= 236.4s] greedy ep128 games=  96 dec= 19220 rows= 18541 horizon=0.38 nodecap=0 over=0 card=0 exact=0 drop=0 cfgs= 25.2 L=0.01468 P=nan old=0.01455 new=0.00963 tgt=-0.043/0.470 pstd=0.393 capv=0.040 lr=1.0e-03 gen=0.1s conv=0.0s add=0.1s train=1.7s sps=0
[t= 238.2s] greedy ep129 games=  96 dec= 18267 rows= 17549 horizon=0.30 nodecap=0 over=0 card=0 exact=0 drop=0 cfgs= 26.8 L=0.01403 P=nan old=0.01648 new=0.01123 tgt=-0.018/0.469 pstd=0.416 capv=0.040 lr=1.0e-03 gen=0.1s conv=0.0s add=0.1s train=1.6s sps=0
[t= 240.1s] greedy ep130 games=  96 dec= 18111 rows= 17341 horizon=0.27 nodecap=0 over=0 card=0 exact=0 drop=0 cfgs= 28.1 L=0.01430 P=nan old=0.01513 new=0.01012 tgt=-0.048/0.487 pstd=0.386 capv=0.040 lr=1.0e-03 gen=0.1s conv=0.0s add=0.1s train=1.6s sps=0
[t= 241.8s] greedy ep131 games=  96 dec= 17369 rows= 16572 horizon=0.18 nodecap=0 over=0 card=0 exact=0 drop=0 cfgs= 28.7 L=0.01468 P=nan old=0.01607 new=0.01043 tgt=-0.047/0.529 pstd=0.385 capv=0.040 lr=1.0e-03 gen=0.1s conv=0.0s add=0.1s train=1.5s sps=0
[t= 243.7s] greedy ep132 games=  96 dec= 18942 rows= 18118 horizon=0.28 nodecap=0 over=0 card=0 exact=0 drop=0 cfgs= 25.9 L=0.01452 P=nan old=0.01489 new=0.01123 tgt=-0.025/0.490 pstd=0.398 capv=0.040 lr=1.0e-03 gen=0.1s conv=0.0s add=0.1s train=1.7s sps=0
[t= 245.5s] greedy ep133 games=  96 dec= 18303 rows= 17559 horizon=0.31 nodecap=0 over=0 card=0 exact=0 drop=0 cfgs= 28.8 L=0.01444 P=nan old=0.01544 new=0.01130 tgt=-0.065/0.522 pstd=0.415 capv=0.040 lr=1.0e-03 gen=0.1s conv=0.0s add=0.1s train=1.6s sps=0
[t= 247.3s] greedy ep134 games=  96 dec= 17224 rows= 16483 horizon=0.23 nodecap=0 over=0 card=0 exact=0 drop=0 cfgs= 27.3 L=0.01394 P=nan old=0.01465 new=0.00872 tgt=-0.008/0.505 pstd=0.403 capv=0.040 lr=1.0e-03 gen=0.1s conv=0.0s add=0.1s train=1.5s sps=0
[t= 249.1s] greedy ep135 games=  96 dec= 17667 rows= 16876 horizon=0.20 nodecap=0 over=0 card=0 exact=0 drop=0 cfgs= 28.8 L=0.01458 P=nan old=0.01487 new=0.00929 tgt=-0.045/0.534 pstd=0.390 capv=0.040 lr=1.0e-03 gen=0.1s conv=0.0s add=0.1s train=1.6s sps=0
[t= 250.9s] greedy ep136 games=  96 dec= 17728 rows= 16967 horizon=0.21 nodecap=0 over=0 card=0 exact=0 drop=0 cfgs= 30.7 L=0.01471 P=nan old=0.01661 new=0.01023 tgt=-0.055/0.531 pstd=0.391 capv=0.040 lr=1.0e-03 gen=0.1s conv=0.0s add=0.1s train=1.6s sps=0
[t= 252.8s] greedy ep137 games=  96 dec= 18877 rows= 18184 horizon=0.33 nodecap=0 over=0 card=0 exact=0 drop=0 cfgs= 25.5 L=0.01400 P=nan old=0.01475 new=0.01074 tgt=-0.049/0.496 pstd=0.398 capv=0.040 lr=1.0e-03 gen=0.1s conv=0.0s add=0.1s train=1.7s sps=0
[t= 254.6s] greedy ep138 games=  96 dec= 18602 rows= 17715 horizon=0.25 nodecap=0 over=0 card=0 exact=0 drop=0 cfgs= 29.2 L=0.01375 P=nan old=0.01460 new=0.00906 tgt=-0.009/0.503 pstd=0.398 capv=0.040 lr=1.0e-03 gen=0.1s conv=0.0s add=0.1s train=1.6s sps=0
[t= 256.6s] greedy ep139 games=  96 dec= 19305 rows= 18517 horizon=0.35 nodecap=0 over=0 card=0 exact=0 drop=0 cfgs= 26.5 L=0.01352 P=nan old=0.01381 new=0.00809 tgt=-0.025/0.475 pstd=0.412 capv=0.040 lr=1.0e-03 gen=0.1s conv=0.0s add=0.1s train=1.7s sps=0
[t= 258.5s] greedy ep140 games=  96 dec= 18226 rows= 17475 horizon=0.29 nodecap=0 over=0 card=0 exact=0 drop=0 cfgs= 27.6 L=0.01315 P=nan old=0.01377 new=0.00956 tgt=-0.066/0.504 pstd=0.413 capv=0.040 lr=1.0e-03 gen=0.1s conv=0.0s add=0.1s train=1.7s sps=0
[t= 260.7s] greedy ep141 games=  96 dec= 19035 rows= 18235 horizon=0.30 nodecap=0 over=0 card=0 exact=0 drop=0 cfgs= 26.1 L=0.01394 P=nan old=0.01543 new=0.01070 tgt=-0.002/0.470 pstd=0.411 capv=0.040 lr=1.0e-03 gen=0.1s conv=0.0s add=0.1s train=2.0s sps=0
[t= 262.5s] greedy ep142 games=  96 dec= 18470 rows= 17713 horizon=0.26 nodecap=0 over=0 card=0 exact=0 drop=0 cfgs= 26.3 L=0.01378 P=nan old=0.01361 new=0.01020 tgt=-0.063/0.516 pstd=0.412 capv=0.040 lr=1.0e-03 gen=0.1s conv=0.0s add=0.1s train=1.6s sps=0
[t= 264.4s] greedy ep143 games=  96 dec= 18596 rows= 17790 horizon=0.27 nodecap=0 over=0 card=0 exact=0 drop=0 cfgs= 25.5 L=0.01338 P=nan old=0.01290 new=0.00863 tgt=-0.021/0.508 pstd=0.400 capv=0.040 lr=1.0e-03 gen=0.1s conv=0.0s add=0.1s train=1.6s sps=0
[t= 266.3s] greedy ep144 games=  96 dec= 18889 rows= 18076 horizon=0.32 nodecap=0 over=0 card=0 exact=0 drop=0 cfgs= 28.6 L=0.01357 P=nan old=0.01262 new=0.01052 tgt=-0.053/0.496 pstd=0.412 capv=0.040 lr=1.0e-03 gen=0.1s conv=0.0s add=0.1s train=1.7s sps=0
[t= 268.1s] greedy ep145 games=  96 dec= 17677 rows= 16862 horizon=0.23 nodecap=0 over=0 card=0 exact=0 drop=0 cfgs= 29.6 L=0.01332 P=nan old=0.01350 new=0.01021 tgt=-0.032/0.506 pstd=0.403 capv=0.040 lr=1.0e-03 gen=0.1s conv=0.0s add=0.1s train=1.6s sps=0
[t= 270.0s] greedy ep146 games=  96 dec= 18448 rows= 17699 horizon=0.30 nodecap=0 over=0 card=0 exact=0 drop=0 cfgs= 26.6 L=0.01286 P=nan old=0.01375 new=0.00923 tgt=-0.013/0.485 pstd=0.392 capv=0.040 lr=1.0e-03 gen=0.1s conv=0.0s add=0.1s train=1.6s sps=0
[t= 271.7s] greedy ep147 games=  96 dec= 17426 rows= 16673 horizon=0.22 nodecap=0 over=0 card=0 exact=0 drop=0 cfgs= 29.1 L=0.01327 P=nan old=0.01392 new=0.00854 tgt=-0.043/0.511 pstd=0.395 capv=0.040 lr=1.0e-03 gen=0.1s conv=0.0s add=0.1s train=1.5s sps=0
[t= 273.6s] greedy ep148 games=  96 dec= 18915 rows= 18108 horizon=0.28 nodecap=0 over=0 card=0 exact=0 drop=0 cfgs= 25.8 L=0.01307 P=nan old=0.01360 new=0.00819 tgt=-0.035/0.534 pstd=0.391 capv=0.040 lr=1.0e-03 gen=0.1s conv=0.0s add=0.1s train=1.7s sps=0
[t= 275.5s] greedy ep149 games=  96 dec= 18639 rows= 17753 horizon=0.28 nodecap=0 over=0 card=0 exact=0 drop=0 cfgs= 26.8 L=0.01309 P=nan old=0.01309 new=0.00908 tgt=-0.005/0.479 pstd=0.410 capv=0.040 lr=1.0e-03 gen=0.1s conv=0.0s add=0.1s train=1.6s sps=0
[t= 277.3s] greedy ep150 games=  96 dec= 18776 rows= 18003 horizon=0.31 nodecap=0 over=0 card=0 exact=0 drop=0 cfgs= 27.7 L=0.01278 P=nan old=0.01370 new=0.00781 tgt=-0.036/0.491 pstd=0.396 capv=0.040 lr=1.0e-03 gen=0.1s conv=0.0s add=0.1s train=1.6s sps=0
[t= 279.3s] greedy ep151 games=  96 dec= 19367 rows= 18525 horizon=0.35 nodecap=0 over=0 card=0 exact=0 drop=0 cfgs= 26.8 L=0.01222 P=nan old=0.01455 new=0.01018 tgt=-0.055/0.486 pstd=0.391 capv=0.040 lr=1.0e-03 gen=0.1s conv=0.0s add=0.1s train=1.7s sps=0
[t= 281.1s] greedy ep152 games=  96 dec= 18370 rows= 17585 horizon=0.28 nodecap=0 over=0 card=0 exact=0 drop=0 cfgs= 27.0 L=0.01214 P=nan old=0.01234 new=0.00845 tgt=-0.042/0.519 pstd=0.388 capv=0.040 lr=1.0e-03 gen=0.1s conv=0.0s add=0.1s train=1.6s sps=0
[t= 283.1s] greedy ep153 games=  96 dec= 19458 rows= 18558 horizon=0.38 nodecap=0 over=0 card=0 exact=0 drop=0 cfgs= 26.1 L=0.01172 P=nan old=0.01102 new=0.00832 tgt=-0.021/0.493 pstd=0.388 capv=0.040 lr=1.0e-03 gen=0.1s conv=0.0s add=0.1s train=1.7s sps=0
[t= 284.9s] greedy ep154 games=  96 dec= 18177 rows= 17428 horizon=0.26 nodecap=0 over=0 card=0 exact=0 drop=0 cfgs= 27.6 L=0.01163 P=nan old=0.01139 new=0.00749 tgt=-0.029/0.515 pstd=0.391 capv=0.040 lr=1.0e-03 gen=0.1s conv=0.0s add=0.1s train=1.6s sps=0
[t= 286.7s] greedy ep155 games=  96 dec= 18096 rows= 17273 horizon=0.25 nodecap=0 over=0 card=0 exact=0 drop=0 cfgs= 27.5 L=0.01189 P=nan old=0.01148 new=0.00878 tgt=+0.008/0.500 pstd=0.387 capv=0.040 lr=1.0e-03 gen=0.1s conv=0.0s add=0.1s train=1.6s sps=0
[t= 288.5s] greedy ep156 games=  96 dec= 17280 rows= 16532 horizon=0.21 nodecap=0 over=0 card=0 exact=0 drop=0 cfgs= 27.2 L=0.01294 P=nan old=0.01455 new=0.00903 tgt=-0.013/0.519 pstd=0.387 capv=0.040 lr=1.0e-03 gen=0.1s conv=0.0s add=0.1s train=1.5s sps=0
[t= 290.3s] greedy ep157 games=  96 dec= 18516 rows= 17728 horizon=0.27 nodecap=0 over=0 card=0 exact=0 drop=0 cfgs= 28.6 L=0.01270 P=nan old=0.01261 new=0.00833 tgt=-0.034/0.505 pstd=0.391 capv=0.040 lr=1.0e-03 gen=0.1s conv=0.0s add=0.1s train=1.6s sps=0
[t= 292.3s] greedy ep158 games=  96 dec= 18809 rows= 18049 horizon=0.29 nodecap=0 over=0 card=0 exact=0 drop=0 cfgs= 27.2 L=0.01123 P=nan old=0.01163 new=0.00734 tgt=-0.057/0.504 pstd=0.375 capv=0.040 lr=1.0e-03 gen=0.1s conv=0.0s add=0.1s train=1.8s sps=0
[t= 294.4s] greedy ep159 games=  96 dec= 18025 rows= 17288 horizon=0.26 nodecap=0 over=0 card=0 exact=0 drop=0 cfgs= 27.3 L=0.01133 P=nan old=0.01205 new=0.00708 tgt=-0.048/0.530 pstd=0.384 capv=0.040 lr=1.0e-03 gen=0.1s conv=0.0s add=0.1s train=1.9s sps=0
[t= 296.5s] greedy ep160 games=  96 dec= 17543 rows= 16807 horizon=0.24 nodecap=0 over=0 card=0 exact=0 drop=0 cfgs= 28.6 L=0.01187 P=nan old=0.01229 new=0.00839 tgt=-0.038/0.505 pstd=0.376 capv=0.040 lr=1.0e-03 gen=0.1s conv=0.0s add=0.1s train=1.8s sps=0
[t= 298.2s] greedy ep161 games=  96 dec= 17549 rows= 16825 horizon=0.23 nodecap=0 over=0 card=0 exact=0 drop=0 cfgs= 30.4 L=0.01199 P=nan old=0.01243 new=0.00804 tgt=-0.055/0.541 pstd=0.372 capv=0.040 lr=1.0e-03 gen=0.1s conv=0.0s add=0.1s train=1.5s sps=0
[t= 300.1s] greedy ep162 games=  96 dec= 18822 rows= 17980 horizon=0.34 nodecap=0 over=0 card=0 exact=0 drop=0 cfgs= 28.1 L=0.01132 P=nan old=0.01283 new=0.00786 tgt=-0.041/0.489 pstd=0.365 capv=0.040 lr=1.0e-03 gen=0.1s conv=0.0s add=0.1s train=1.6s sps=0
[t= 300.1s] --- snapshot snap_00.pt (init) ---
[t= 300.1s] --- switching to ReBeL ---
v5 GEMM compute=fast-f16
[t= 310.2s] rebel stream solves=15360 raw=1524/s balanced=1524/s debt=0 rows steps=60 over=0 card=0 drop=0 L=0.03036 tgt=-0.011/0.285 cfg/b=41361 prep=2.51s gpu=0.00s conv=0.02s add=1.03s train=8.12s
[t= 320.4s] rebel stream solves=39936 raw=1977/s balanced=1977/s debt=0 rows steps=156 over=0 card=0 drop=0 L=0.01018 tgt=-0.010/0.252 cfg/b=52926 prep=2.45s gpu=0.00s conv=0.05s add=1.92s train=7.75s
[t= 330.4s] rebel stream solves=56320 raw=1860/s balanced=1860/s debt=0 rows steps=220 over=0 card=0 drop=0 L=0.00510 tgt=+0.000/0.246 cfg/b=29604 prep=2.03s gpu=0.00s conv=0.01s add=1.01s train=8.54s
[t= 340.5s] rebel stream solves=72704 raw=1801/s balanced=1801/s debt=0 rows steps=284 over=0 card=0 drop=0 L=0.00416 tgt=-0.005/0.255 cfg/b=29729 prep=3.08s gpu=0.00s conv=0.01s add=1.12s train=8.62s
[t= 350.8s] rebel stream solves=88064 raw=1739/s balanced=1739/s debt=0 rows steps=344 over=0 card=0 drop=0 L=0.00375 tgt=+0.001/0.273 cfg/b=24623 prep=2.43s gpu=0.00s conv=0.01s add=1.00s train=8.73s
[t= 360.9s] rebel stream solves=101376 raw=1668/s balanced=1668/s debt=0 rows steps=396 over=0 card=0 drop=0 L=0.00352 tgt=+0.007/0.279 cfg/b=21601 prep=2.02s gpu=0.00s conv=0.01s add=0.91s train=8.74s
[t= 371.1s] rebel stream solves=114688 raw=1617/s balanced=1617/s debt=0 rows steps=448 over=0 card=0 drop=0 L=0.00349 tgt=+0.024/0.306 cfg/b=20010 prep=2.87s gpu=0.00s conv=0.01s add=1.05s train=8.29s
[t= 381.8s] rebel stream solves=126976 raw=1556/s balanced=1556/s debt=0 rows steps=496 over=0 card=0 drop=0 L=0.00354 tgt=+0.032/0.322 cfg/b=18530 prep=3.70s gpu=0.00s conv=0.01s add=0.90s train=9.06s
[t= 392.2s] rebel stream solves=139264 raw=1513/s balanced=1513/s debt=0 rows steps=544 over=0 card=0 drop=0 L=0.00373 tgt=+0.049/0.333 cfg/b=17605 prep=2.27s gpu=0.00s conv=0.00s add=0.99s train=8.92s
[t= 402.9s] rebel stream solves=151552 raw=1475/s balanced=1475/s debt=0 rows steps=592 over=0 card=0 drop=0 L=0.00430 tgt=+0.081/0.358 cfg/b=16795 prep=3.23s gpu=0.00s conv=0.01s add=1.15s train=8.65s
[t= 413.0s] rebel stream solves=163840 raw=1452/s balanced=1452/s debt=0 rows steps=640 over=0 card=0 drop=0 L=0.00496 tgt=+0.103/0.349 cfg/b=16421 prep=2.64s gpu=0.00s conv=0.01s add=1.14s train=8.49s
[t= 423.4s] rebel stream solves=177152 raw=1437/s balanced=1437/s debt=0 rows steps=692 over=0 card=0 drop=0 L=0.00564 tgt=+0.083/0.348 cfg/b=16463 prep=1.62s gpu=0.00s conv=0.01s add=1.28s train=8.42s
[t= 434.1s] rebel stream solves=190464 raw=1422/s balanced=1422/s debt=0 rows steps=744 over=0 card=0 drop=0 L=0.00663 tgt=+0.087/0.338 cfg/b=16422 prep=2.81s gpu=0.00s conv=0.01s add=1.28s train=9.11s
[t= 444.6s] rebel stream solves=203776 raw=1410/s balanced=1410/s debt=0 rows steps=796 over=0 card=0 drop=0 L=0.00693 tgt=+0.060/0.336 cfg/b=16651 prep=3.50s gpu=0.00s conv=0.01s add=1.05s train=9.18s
[t= 455.6s] rebel stream solves=218112 raw=1403/s balanced=1403/s debt=0 rows steps=852 over=0 card=0 drop=0 L=0.00720 tgt=+0.065/0.333 cfg/b=16936 prep=4.07s gpu=0.00s conv=0.01s add=1.41s train=8.72s
[t= 466.6s] rebel stream solves=236544 raw=1421/s balanced=1421/s debt=0 rows steps=924 over=0 card=0 drop=0 L=0.00703 tgt=+0.047/0.323 cfg/b=16569 prep=3.14s gpu=0.00s conv=0.01s add=1.50s train=7.60s
[t= 477.0s] rebel stream solves=248832 raw=1407/s balanced=1407/s debt=0 rows steps=972 over=0 card=0 drop=0 L=0.00686 tgt=+0.043/0.314 cfg/b=16415 prep=2.95s gpu=0.00s conv=0.01s add=1.21s train=8.69s
[t= 487.5s] rebel stream solves=264192 raw=1410/s balanced=1410/s debt=0 rows steps=1032 over=0 card=0 drop=0 L=0.00703 tgt=+0.048/0.312 cfg/b=16660 prep=2.86s gpu=0.00s conv=0.01s add=1.22s train=8.99s
[t= 498.4s] rebel stream solves=280576 raw=1416/s balanced=1416/s debt=0 rows steps=1096 over=0 card=0 drop=0 L=0.00738 tgt=+0.035/0.302 cfg/b=15353 prep=2.51s gpu=0.00s conv=0.02s add=1.45s train=8.93s
[t= 508.6s] rebel stream solves=295936 raw=1420/s balanced=1420/s debt=0 rows steps=1156 over=0 card=0 drop=0 L=0.00774 tgt=+0.033/0.287 cfg/b=15219 prep=2.97s gpu=0.00s conv=0.02s add=1.31s train=8.38s
[t= 518.6s] rebel stream solves=311296 raw=1425/s balanced=1425/s debt=0 rows steps=1216 over=0 card=0 drop=0 L=0.00788 tgt=+0.031/0.278 cfg/b=15715 prep=2.11s gpu=0.00s conv=0.01s add=1.37s train=8.22s
[t= 529.6s] rebel stream solves=327680 raw=1428/s balanced=1428/s debt=0 rows steps=1280 over=0 card=0 drop=0 L=0.00800 tgt=+0.017/0.288 cfg/b=16202 prep=3.71s gpu=0.00s conv=0.01s add=1.42s train=9.15s
[t= 539.8s] rebel stream solves=343040 raw=1432/s balanced=1432/s debt=0 rows steps=1340 over=0 card=0 drop=0 L=0.00801 tgt=+0.011/0.280 cfg/b=16641 prep=2.00s gpu=0.00s conv=0.02s add=1.20s train=8.72s
[t= 550.4s] rebel stream solves=358400 raw=1432/s balanced=1432/s debt=0 rows steps=1400 over=0 card=0 drop=0 L=0.00823 tgt=+0.014/0.264 cfg/b=17383 prep=3.07s gpu=0.00s conv=0.01s add=1.35s train=8.94s
[t= 561.3s] rebel stream solves=372736 raw=1427/s balanced=1427/s debt=0 rows steps=1456 over=0 card=0 drop=0 L=0.00848 tgt=+0.009/0.263 cfg/b=18545 prep=3.00s gpu=0.00s conv=0.02s add=1.37s train=9.28s
[t= 571.5s] rebel stream solves=386048 raw=1423/s balanced=1423/s debt=0 rows steps=1508 over=0 card=0 drop=0 L=0.00860 tgt=+0.005/0.261 cfg/b=19203 prep=2.66s gpu=0.00s conv=0.02s add=1.24s train=8.71s
[t= 581.6s] rebel stream solves=397312 raw=1412/s balanced=1412/s debt=0 rows steps=1552 over=0 card=0 drop=0 L=0.00848 tgt=-0.004/0.270 cfg/b=21189 prep=3.38s gpu=0.00s conv=0.01s add=1.20s train=8.35s
[t= 591.8s] rebel stream solves=410624 raw=1408/s balanced=1408/s debt=0 rows steps=1604 over=0 card=0 drop=0 L=0.00871 tgt=-0.010/0.265 cfg/b=22054 prep=3.18s gpu=0.00s conv=0.01s add=1.48s train=8.25s
[t= 602.8s] rebel stream solves=422912 raw=1397/s balanced=1397/s debt=0 rows steps=1652 over=0 card=0 drop=0 L=0.00904 tgt=-0.002/0.262 cfg/b=23082 prep=3.71s gpu=0.00s conv=0.01s add=1.33s train=9.13s
[t= 612.8s] rebel stream solves=434176 raw=1389/s balanced=1389/s debt=0 rows steps=1696 over=0 card=0 drop=0 L=0.00894 tgt=-0.024/0.264 cfg/b=24006 prep=1.78s gpu=0.00s conv=0.03s add=1.21s train=8.43s
[t= 623.2s] rebel stream solves=444416 raw=1376/s balanced=1376/s debt=0 rows steps=1736 over=0 card=0 drop=0 L=0.00885 tgt=-0.017/0.269 cfg/b=24814 prep=4.01s gpu=0.00s conv=0.03s add=1.13s train=8.83s
[t= 633.6s] rebel stream solves=454656 raw=1363/s balanced=1363/s debt=0 rows steps=1776 over=0 card=0 drop=0 L=0.00897 tgt=-0.018/0.279 cfg/b=25618 prep=2.01s gpu=0.00s conv=0.01s add=1.29s train=8.89s
[t= 643.7s] rebel stream solves=463872 raw=1350/s balanced=1350/s debt=0 rows steps=1812 over=0 card=0 drop=0 L=0.00871 tgt=-0.017/0.282 cfg/b=25525 prep=2.34s gpu=0.00s conv=0.01s add=1.05s train=8.72s
[t= 655.3s] rebel stream solves=474112 raw=1335/s balanced=1335/s debt=0 rows steps=1852 over=0 card=0 drop=0 L=0.00876 tgt=-0.015/0.266 cfg/b=27678 prep=4.76s gpu=0.00s conv=0.02s add=1.25s train=10.14s
[t= 660.5s] --- snapshot snap_01.pt (s1) ---
[t= 665.5s] rebel stream solves=484352 raw=1326/s balanced=1326/s debt=0 rows steps=1892 over=0 card=0 drop=0 L=0.00929 tgt=-0.029/0.275 cfg/b=27839 prep=3.39s gpu=0.00s conv=0.01s add=1.18s train=8.75s
[t= 675.9s] rebel stream solves=493568 raw=1313/s balanced=1313/s debt=0 rows steps=1928 over=0 card=0 drop=0 L=0.00910 tgt=-0.035/0.269 cfg/b=29033 prep=2.75s gpu=0.00s conv=0.01s add=1.06s train=9.13s
[t= 686.2s] rebel stream solves=502784 raw=1302/s balanced=1302/s debt=0 rows steps=1964 over=0 card=0 drop=0 L=0.00935 tgt=-0.026/0.272 cfg/b=30055 prep=1.97s gpu=0.00s conv=0.02s add=1.03s train=8.50s
[t= 697.2s] rebel stream solves=513024 raw=1292/s balanced=1292/s debt=0 rows steps=2004 over=0 card=0 drop=0 L=0.00901 tgt=-0.016/0.273 cfg/b=31286 prep=2.24s gpu=0.00s conv=0.02s add=1.31s train=9.20s
[t= 708.1s] rebel stream solves=523264 raw=1283/s balanced=1283/s debt=0 rows steps=2044 over=0 card=0 drop=0 L=0.00908 tgt=-0.025/0.278 cfg/b=32463 prep=3.66s gpu=0.00s conv=0.01s add=1.36s train=9.36s
[t= 718.1s] rebel stream solves=532480 raw=1274/s balanced=1274/s debt=0 rows steps=2080 over=0 card=0 drop=0 L=0.00940 tgt=-0.033/0.277 cfg/b=31911 prep=3.56s gpu=0.00s conv=0.03s add=1.10s train=8.58s
[t= 729.1s] rebel stream solves=540672 raw=1260/s balanced=1260/s debt=0 rows steps=2112 over=0 card=0 drop=0 L=0.00930 tgt=-0.030/0.272 cfg/b=33361 prep=1.90s gpu=0.00s conv=0.01s add=1.05s train=8.83s
[t= 740.4s] rebel stream solves=549888 raw=1249/s balanced=1249/s debt=0 rows steps=2148 over=0 card=0 drop=0 L=0.00948 tgt=-0.037/0.277 cfg/b=33917 prep=1.15s gpu=0.00s conv=0.03s add=1.16s train=9.78s
[t= 751.1s] rebel stream solves=559104 raw=1240/s balanced=1240/s debt=0 rows steps=2184 over=0 card=0 drop=0 L=0.00930 tgt=-0.043/0.280 cfg/b=35490 prep=1.41s gpu=0.00s conv=0.01s add=1.11s train=8.60s
[t= 762.0s] rebel stream solves=567296 raw=1228/s balanced=1228/s debt=0 rows steps=2216 over=0 card=0 drop=0 L=0.00963 tgt=-0.032/0.281 cfg/b=36241 prep=3.24s gpu=0.00s conv=0.01s add=0.97s train=9.72s
[t= 772.9s] rebel stream solves=576512 raw=1219/s balanced=1219/s debt=0 rows steps=2252 over=0 card=0 drop=0 L=0.00954 tgt=-0.030/0.279 cfg/b=36589 prep=2.04s gpu=0.00s conv=0.01s add=1.29s train=8.99s
[t= 783.8s] rebel stream solves=585728 raw=1211/s balanced=1211/s debt=0 rows steps=2288 over=0 card=0 drop=0 L=0.00959 tgt=-0.028/0.277 cfg/b=36946 prep=4.74s gpu=0.00s conv=0.02s add=1.25s train=9.20s
[t= 794.4s] rebel stream solves=594944 raw=1204/s balanced=1204/s debt=0 rows steps=2324 over=0 card=0 drop=0 L=0.00906 tgt=-0.033/0.275 cfg/b=38894 prep=3.19s gpu=0.00s conv=0.02s add=1.28s train=8.95s
[t= 795.8s] --- lr -> 5.00e-04 ---
[t= 806.0s] rebel stream solves=604160 raw=1194/s balanced=1194/s debt=0 rows steps=2360 over=0 card=0 drop=0 L=0.00915 tgt=-0.037/0.285 cfg/b=39759 prep=3.00s gpu=0.00s conv=0.01s add=1.20s train=10.16s
[t= 816.6s] rebel stream solves=613376 raw=1188/s balanced=1188/s debt=0 rows steps=2396 over=0 card=0 drop=0 L=0.00920 tgt=-0.028/0.277 cfg/b=39490 prep=1.80s gpu=0.00s conv=0.02s add=1.19s train=9.25s
[t= 827.1s] rebel stream solves=621568 raw=1180/s balanced=1180/s debt=0 rows steps=2428 over=0 card=0 drop=0 L=0.00935 tgt=-0.028/0.284 cfg/b=39886 prep=2.48s gpu=0.00s conv=0.02s add=1.18s train=8.47s
[t= 837.8s] rebel stream solves=629760 raw=1171/s balanced=1171/s debt=0 rows steps=2460 over=0 card=0 drop=0 L=0.00890 tgt=-0.026/0.282 cfg/b=40891 prep=4.45s gpu=0.00s conv=0.02s add=0.99s train=9.52s
[t= 849.8s] rebel stream solves=638976 raw=1163/s balanced=1163/s debt=0 rows steps=2496 over=0 card=0 drop=0 L=0.00938 tgt=-0.025/0.281 cfg/b=41097 prep=4.27s gpu=0.00s conv=0.02s add=0.97s train=10.69s
[t= 860.0s] rebel stream solves=647168 raw=1156/s balanced=1156/s debt=0 rows steps=2528 over=0 card=0 drop=0 L=0.00916 tgt=-0.027/0.280 cfg/b=40616 prep=2.75s gpu=0.00s conv=0.02s add=1.04s train=8.72s
[t= 874.0s] rebel stream solves=660480 raw=1151/s balanced=1151/s debt=0 rows steps=2580 over=0 card=0 drop=0 L=0.00895 tgt=-0.028/0.292 cfg/b=41135 prep=2.34s gpu=0.00s conv=0.04s add=1.50s train=10.31s
[t= 884.9s] rebel stream solves=667648 raw=1142/s balanced=1142/s debt=0 rows steps=2608 over=1 card=0 drop=0 L=0.00912 tgt=-0.042/0.296 cfg/b=41724 prep=6.10s gpu=0.00s conv=0.02s add=0.78s train=9.88s
[t= 895.1s] rebel stream solves=675840 raw=1136/s balanced=1136/s debt=0 rows steps=2640 over=1 card=0 drop=0 L=0.00923 tgt=-0.048/0.298 cfg/b=42345 prep=3.32s gpu=0.00s conv=0.02s add=1.27s train=8.63s
[t= 905.2s] rebel stream solves=684032 raw=1131/s balanced=1131/s debt=0 rows steps=2672 over=1 card=0 drop=0 L=0.00875 tgt=-0.043/0.313 cfg/b=42473 prep=1.57s gpu=0.00s conv=0.01s add=1.18s train=8.64s
[t= 915.6s] rebel stream solves=693248 raw=1126/s balanced=1126/s debt=0 rows steps=2708 over=1 card=0 drop=0 L=0.00919 tgt=-0.030/0.303 cfg/b=42092 prep=3.04s gpu=0.00s conv=0.02s add=1.07s train=8.86s
[t= 926.5s] rebel stream solves=701440 raw=1120/s balanced=1120/s debt=0 rows steps=2740 over=1 card=0 drop=0 L=0.00948 tgt=-0.025/0.305 cfg/b=42352 prep=3.37s gpu=0.00s conv=0.01s add=1.18s train=8.90s
[t= 937.3s] rebel stream solves=708608 raw=1112/s balanced=1112/s debt=0 rows steps=2768 over=1 card=0 drop=0 L=0.00906 tgt=-0.028/0.306 cfg/b=42193 prep=3.46s gpu=0.00s conv=0.01s add=0.76s train=9.82s
[t= 947.7s] rebel stream solves=716800 raw=1107/s balanced=1107/s debt=0 rows steps=2800 over=2 card=1 drop=0 L=0.01007 tgt=-0.037/0.317 cfg/b=41926 prep=2.72s gpu=0.00s conv=0.02s add=0.93s train=9.27s
[t= 957.7s] rebel stream solves=724992 raw=1103/s balanced=1103/s debt=0 rows steps=2832 over=2 card=1 drop=0 L=0.00961 tgt=-0.042/0.326 cfg/b=41872 prep=1.55s gpu=0.00s conv=0.01s add=0.83s train=8.85s
[t= 967.8s] rebel stream solves=734208 raw=1100/s balanced=1100/s debt=0 rows steps=2868 over=2 card=1 drop=0 L=0.00992 tgt=-0.036/0.323 cfg/b=41413 prep=4.31s gpu=0.00s conv=0.01s add=0.94s train=8.80s
[t= 978.5s] rebel stream solves=743424 raw=1096/s balanced=1096/s debt=0 rows steps=2904 over=2 card=1 drop=0 L=0.00942 tgt=-0.035/0.311 cfg/b=41437 prep=2.28s gpu=0.00s conv=0.01s add=1.24s train=8.75s
[t= 989.2s] rebel stream solves=753664 raw=1094/s balanced=1094/s debt=0 rows steps=2944 over=2 card=1 drop=0 L=0.00947 tgt=-0.032/0.316 cfg/b=41894 prep=2.17s gpu=0.00s conv=0.01s add=1.47s train=9.00s
[t=1000.3s] rebel stream solves=763904 raw=1091/s balanced=1091/s debt=0 rows steps=2984 over=2 card=1 drop=0 L=0.00991 tgt=-0.024/0.300 cfg/b=41342 prep=2.17s gpu=0.00s conv=0.02s add=1.32s train=9.58s
[t=1011.5s] rebel stream solves=774144 raw=1088/s balanced=1088/s debt=0 rows steps=3024 over=2 card=1 drop=0 L=0.00982 tgt=-0.019/0.295 cfg/b=40806 prep=2.66s gpu=0.00s conv=0.01s add=1.41s train=9.45s
[t=1020.9s] --- snapshot snap_02.pt (s2) ---
[t=1023.4s] rebel stream solves=784384 raw=1085/s balanced=1085/s debt=0 rows steps=3064 over=2 card=1 drop=0 L=0.00997 tgt=-0.022/0.302 cfg/b=40639 prep=1.99s gpu=0.00s conv=0.02s add=1.26s train=10.00s
[t=1033.6s] rebel stream solves=793600 raw=1082/s balanced=1082/s debt=0 rows steps=3100 over=2 card=1 drop=0 L=0.00981 tgt=-0.026/0.312 cfg/b=40816 prep=2.31s gpu=0.00s conv=0.01s add=1.27s train=8.73s
[t=1044.5s] rebel stream solves=803840 raw=1080/s balanced=1080/s debt=0 rows steps=3140 over=2 card=1 drop=0 L=0.01009 tgt=-0.023/0.305 cfg/b=41456 prep=3.13s gpu=0.00s conv=0.01s add=1.16s train=9.46s
[t=1054.6s] rebel stream solves=813056 raw=1078/s balanced=1078/s debt=0 rows steps=3176 over=2 card=1 drop=0 L=0.00976 tgt=-0.026/0.302 cfg/b=41631 prep=2.62s gpu=0.00s conv=0.01s add=1.15s train=8.31s
[t=1067.0s] rebel stream solves=824320 raw=1075/s balanced=1075/s debt=0 rows steps=3220 over=2 card=1 drop=0 L=0.01033 tgt=-0.030/0.313 cfg/b=41061 prep=3.64s gpu=0.00s conv=0.01s add=1.43s train=10.59s
[t=1078.0s] rebel stream solves=834560 raw=1073/s balanced=1073/s debt=0 rows steps=3260 over=2 card=1 drop=0 L=0.00958 tgt=-0.025/0.310 cfg/b=40932 prep=2.31s gpu=0.00s conv=0.02s add=1.36s train=9.38s
[t=1089.0s] rebel stream solves=844800 raw=1071/s balanced=1071/s debt=0 rows steps=3300 over=2 card=1 drop=0 L=0.01006 tgt=-0.040/0.321 cfg/b=41119 prep=2.86s gpu=0.00s conv=0.02s add=1.31s train=9.15s
[t=1100.1s] rebel stream solves=856064 raw=1070/s balanced=1070/s debt=0 rows steps=3344 over=2 card=1 drop=0 L=0.01002 tgt=-0.036/0.324 cfg/b=40641 prep=3.62s gpu=0.00s conv=0.02s add=1.40s train=9.32s
[t=1110.2s] rebel stream solves=866304 raw=1069/s balanced=1069/s debt=0 rows steps=3384 over=2 card=1 drop=0 L=0.01009 tgt=-0.033/0.310 cfg/b=40292 prep=2.69s gpu=0.00s conv=0.02s add=1.23s train=8.60s
[t=1121.0s] rebel stream solves=876544 raw=1068/s balanced=1068/s debt=0 rows steps=3424 over=2 card=1 drop=0 L=0.01019 tgt=-0.039/0.327 cfg/b=40664 prep=3.09s gpu=0.00s conv=0.01s add=1.31s train=8.43s
[t=1131.4s] rebel stream solves=885760 raw=1066/s balanced=1066/s debt=0 rows steps=3460 over=2 card=1 drop=0 L=0.00994 tgt=-0.040/0.320 cfg/b=39609 prep=2.59s gpu=0.00s conv=0.02s add=1.04s train=9.13s
[t=1141.9s] rebel stream solves=894976 raw=1063/s balanced=1063/s debt=0 rows steps=3496 over=2 card=1 drop=0 L=0.00963 tgt=-0.059/0.335 cfg/b=39218 prep=2.83s gpu=0.00s conv=0.01s add=1.33s train=8.85s
[t=1152.0s] rebel stream solves=905216 raw=1063/s balanced=1063/s debt=0 rows steps=3536 over=2 card=1 drop=0 L=0.01001 tgt=-0.046/0.330 cfg/b=40115 prep=2.75s gpu=0.00s conv=0.01s add=1.12s train=8.71s
[t=1162.5s] rebel stream solves=914432 raw=1060/s balanced=1060/s debt=0 rows steps=3572 over=2 card=1 drop=0 L=0.01026 tgt=-0.031/0.329 cfg/b=39980 prep=3.47s gpu=0.00s conv=0.01s add=1.19s train=7.65s
[t=1174.1s] rebel stream solves=924672 raw=1058/s balanced=1058/s debt=0 rows steps=3612 over=2 card=1 drop=0 L=0.00978 tgt=-0.038/0.340 cfg/b=39011 prep=3.57s gpu=0.00s conv=0.01s add=1.27s train=9.90s
[t=1184.3s] rebel stream solves=933888 raw=1056/s balanced=1056/s debt=0 rows steps=3648 over=2 card=1 drop=0 L=0.01009 tgt=-0.040/0.336 cfg/b=39053 prep=1.66s gpu=0.00s conv=0.02s add=0.98s train=8.30s
[t=1194.5s] rebel stream solves=943104 raw=1055/s balanced=1055/s debt=0 rows steps=3684 over=2 card=1 drop=0 L=0.01038 tgt=-0.036/0.339 cfg/b=38335 prep=1.92s gpu=0.00s conv=0.01s add=0.96s train=8.99s
[t=1205.5s] rebel stream solves=953344 raw=1053/s balanced=1053/s debt=0 rows steps=3724 over=2 card=1 drop=0 L=0.01027 tgt=-0.032/0.335 cfg/b=38530 prep=3.43s gpu=0.00s conv=0.01s add=1.23s train=9.56s
[t=1216.5s] rebel stream solves=963584 raw=1052/s balanced=1052/s debt=0 rows steps=3764 over=2 card=1 drop=0 L=0.01041 tgt=-0.026/0.338 cfg/b=38094 prep=2.39s gpu=0.00s conv=0.01s add=1.18s train=8.75s
[t=1227.2s] rebel stream solves=973824 raw=1050/s balanced=1050/s debt=0 rows steps=3804 over=2 card=1 drop=0 L=0.01048 tgt=-0.024/0.332 cfg/b=37602 prep=3.32s gpu=0.00s conv=0.02s add=1.31s train=9.09s
[t=1237.2s] rebel stream solves=983040 raw=1049/s balanced=1049/s debt=0 rows steps=3840 over=2 card=1 drop=0 L=0.01070 tgt=-0.021/0.329 cfg/b=37093 prep=2.89s gpu=0.00s conv=0.02s add=1.13s train=8.48s
[t=1247.6s] rebel stream solves=992256 raw=1047/s balanced=1047/s debt=0 rows steps=3876 over=2 card=1 drop=0 L=0.01026 tgt=-0.026/0.330 cfg/b=37504 prep=2.77s gpu=0.00s conv=0.01s add=0.91s train=8.72s
[t=1258.8s] rebel stream solves=1002496 raw=1046/s balanced=1046/s debt=0 rows steps=3916 over=2 card=1 drop=0 L=0.01045 tgt=-0.029/0.329 cfg/b=36954 prep=3.46s gpu=0.00s conv=0.01s add=1.10s train=9.89s
[t=1269.9s] rebel stream solves=1012736 raw=1044/s balanced=1044/s debt=0 rows steps=3956 over=2 card=1 drop=0 L=0.00993 tgt=-0.023/0.325 cfg/b=36623 prep=4.39s gpu=0.00s conv=0.02s add=1.16s train=9.66s
[t=1280.6s] rebel stream solves=1022976 raw=1043/s balanced=1043/s debt=0 rows steps=3996 over=2 card=1 drop=0 L=0.01020 tgt=-0.025/0.334 cfg/b=37306 prep=3.61s gpu=0.00s conv=0.01s add=1.42s train=9.02s
[t=1290.7s] rebel stream solves=1033216 raw=1043/s balanced=1043/s debt=0 rows steps=4036 over=2 card=1 drop=0 L=0.01029 tgt=-0.028/0.347 cfg/b=36609 prep=2.70s gpu=0.00s conv=0.01s add=1.18s train=8.63s
[t=1301.6s] rebel stream solves=1042432 raw=1041/s balanced=1041/s debt=0 rows steps=4072 over=2 card=1 drop=0 L=0.01050 tgt=-0.022/0.335 cfg/b=36227 prep=2.82s gpu=0.00s conv=0.01s add=1.09s train=9.10s
[t=1305.9s] --- lr -> 2.50e-04 ---
[t=1311.7s] rebel stream solves=1052672 raw=1041/s balanced=1041/s debt=0 rows steps=4112 over=2 card=1 drop=0 L=0.01018 tgt=-0.034/0.339 cfg/b=36603 prep=1.89s gpu=0.00s conv=0.03s add=1.32s train=8.05s
[t=1322.4s] rebel stream solves=1062912 raw=1040/s balanced=1040/s debt=0 rows steps=4152 over=2 card=1 drop=0 L=0.01053 tgt=-0.018/0.328 cfg/b=36440 prep=2.26s gpu=0.00s conv=0.02s add=1.27s train=9.10s
[t=1334.5s] rebel stream solves=1072128 raw=1036/s balanced=1036/s debt=0 rows steps=4188 over=2 card=1 drop=0 L=0.01052 tgt=-0.018/0.331 cfg/b=36118 prep=1.23s gpu=0.00s conv=0.01s add=1.18s train=9.61s
[t=1344.8s] rebel stream solves=1082368 raw=1036/s balanced=1036/s debt=0 rows steps=4228 over=2 card=1 drop=0 L=0.01024 tgt=-0.032/0.342 cfg/b=36244 prep=1.95s gpu=0.00s conv=0.01s add=1.31s train=8.68s
[t=1355.4s] rebel stream solves=1091584 raw=1034/s balanced=1034/s debt=0 rows steps=4264 over=2 card=1 drop=0 L=0.01062 tgt=-0.015/0.330 cfg/b=36576 prep=4.00s gpu=0.00s conv=0.01s add=1.09s train=9.19s
[t=1367.0s] rebel stream solves=1101824 raw=1033/s balanced=1033/s debt=0 rows steps=4304 over=2 card=1 drop=0 L=0.01047 tgt=-0.017/0.331 cfg/b=35403 prep=3.60s gpu=0.00s conv=0.01s add=1.37s train=9.34s
[t=1377.8s] rebel stream solves=1112064 raw=1032/s balanced=1032/s debt=0 rows steps=4344 over=2 card=1 drop=0 L=0.01061 tgt=-0.025/0.340 cfg/b=36042 prep=1.96s gpu=0.00s conv=0.01s add=1.36s train=9.24s
[t=1382.2s] --- snapshot snap_03.pt (s3) ---
[t=1388.3s] rebel stream solves=1122304 raw=1031/s balanced=1031/s debt=0 rows steps=4384 over=2 card=1 drop=0 L=0.01060 tgt=-0.019/0.332 cfg/b=35529 prep=4.61s gpu=0.00s conv=0.01s add=1.03s train=9.13s
[t=1398.6s] rebel stream solves=1132544 raw=1031/s balanced=1031/s debt=0 rows steps=4424 over=2 card=1 drop=0 L=0.01047 tgt=-0.013/0.327 cfg/b=34826 prep=2.46s gpu=0.00s conv=0.01s add=1.28s train=8.82s
[t=1409.5s] rebel stream solves=1143808 raw=1031/s balanced=1031/s debt=0 rows steps=4468 over=2 card=1 drop=0 L=0.01066 tgt=-0.019/0.330 cfg/b=35463 prep=2.40s gpu=0.00s conv=0.01s add=1.43s train=9.23s
[t=1419.7s] rebel stream solves=1153024 raw=1030/s balanced=1030/s debt=0 rows steps=4504 over=2 card=1 drop=0 L=0.01049 tgt=-0.027/0.331 cfg/b=34617 prep=2.16s gpu=0.00s conv=0.02s add=1.05s train=8.89s
[t=1430.7s] rebel stream solves=1164288 raw=1030/s balanced=1030/s debt=0 rows steps=4548 over=2 card=1 drop=0 L=0.01043 tgt=-0.025/0.341 cfg/b=34438 prep=3.53s gpu=0.00s conv=0.01s add=1.29s train=9.01s
[t=1441.0s] rebel stream solves=1175552 raw=1030/s balanced=1030/s debt=0 rows steps=4592 over=2 card=1 drop=0 L=0.01013 tgt=-0.019/0.343 cfg/b=34593 prep=3.22s gpu=0.00s conv=0.01s add=1.46s train=8.53s
[t=1451.4s] rebel stream solves=1185792 raw=1030/s balanced=1030/s debt=0 rows steps=4632 over=2 card=1 drop=0 L=0.01039 tgt=-0.022/0.351 cfg/b=34200 prep=2.55s gpu=0.00s conv=0.02s add=1.24s train=8.22s
[t=1461.5s] rebel stream solves=1197056 raw=1031/s balanced=1031/s debt=0 rows steps=4676 over=2 card=1 drop=0 L=0.01011 tgt=-0.021/0.347 cfg/b=34094 prep=3.04s gpu=0.00s conv=0.01s add=1.47s train=8.37s
[t=1471.6s] rebel stream solves=1206272 raw=1030/s balanced=1030/s debt=0 rows steps=4712 over=2 card=1 drop=0 L=0.01053 tgt=-0.021/0.341 cfg/b=34642 prep=3.95s gpu=0.00s conv=0.02s add=1.13s train=8.65s
[t=1482.4s] rebel stream solves=1217536 raw=1030/s balanced=1030/s debt=0 rows steps=4756 over=2 card=1 drop=0 L=0.01063 tgt=-0.021/0.350 cfg/b=33596 prep=3.73s gpu=0.00s conv=0.01s add=1.33s train=9.16s
[t=1493.0s] rebel stream solves=1228800 raw=1030/s balanced=1030/s debt=0 rows steps=4800 over=2 card=1 drop=0 L=0.01049 tgt=-0.016/0.349 cfg/b=33979 prep=2.15s gpu=0.00s conv=0.02s add=1.33s train=9.05s
[t=1503.8s] rebel stream solves=1241088 raw=1031/s balanced=1031/s debt=0 rows steps=4848 over=2 card=1 drop=0 L=0.01050 tgt=-0.022/0.354 cfg/b=33087 prep=4.82s gpu=0.00s conv=0.01s add=1.59s train=8.58s
[t=1514.1s] rebel stream solves=1252352 raw=1032/s balanced=1032/s debt=0 rows steps=4892 over=2 card=1 drop=0 L=0.01024 tgt=-0.024/0.353 cfg/b=33687 prep=3.79s gpu=0.00s conv=0.01s add=1.26s train=8.71s
[t=1524.5s] rebel stream solves=1263616 raw=1032/s balanced=1032/s debt=0 rows steps=4936 over=2 card=1 drop=0 L=0.01074 tgt=-0.011/0.349 cfg/b=33355 prep=1.86s gpu=0.00s conv=0.01s add=1.22s train=8.97s
[t=1534.6s] rebel stream solves=1274880 raw=1033/s balanced=1033/s debt=0 rows steps=4980 over=2 card=1 drop=0 L=0.01037 tgt=-0.013/0.349 cfg/b=33200 prep=3.76s gpu=0.00s conv=0.02s add=1.16s train=8.61s
[t=1546.2s] rebel stream solves=1287168 raw=1033/s balanced=1033/s debt=0 rows steps=5028 over=2 card=1 drop=0 L=0.01074 tgt=-0.009/0.348 cfg/b=32923 prep=2.83s gpu=0.00s conv=0.01s add=1.58s train=9.68s
[t=1556.6s] rebel stream solves=1297408 raw=1033/s balanced=1033/s debt=0 rows steps=5068 over=2 card=1 drop=0 L=0.01032 tgt=-0.018/0.353 cfg/b=32744 prep=1.82s gpu=0.00s conv=0.01s add=1.25s train=8.95s
[t=1567.1s] rebel stream solves=1307648 raw=1032/s balanced=1032/s debt=0 rows steps=5108 over=2 card=1 drop=0 L=0.01075 tgt=-0.004/0.345 cfg/b=32058 prep=1.96s gpu=0.00s conv=0.02s add=1.25s train=8.55s
[t=1578.1s] rebel stream solves=1318912 raw=1032/s balanced=1032/s debt=0 rows steps=5152 over=2 card=1 drop=0 L=0.01046 tgt=-0.019/0.358 cfg/b=32274 prep=2.07s gpu=0.00s conv=0.01s add=1.57s train=9.03s
[t=1589.4s] rebel stream solves=1331200 raw=1033/s balanced=1033/s debt=0 rows steps=5200 over=2 card=1 drop=0 L=0.01021 tgt=-0.001/0.352 cfg/b=31544 prep=4.48s gpu=0.00s conv=0.01s add=1.29s train=9.80s
[t=1600.1s] rebel stream solves=1342464 raw=1033/s balanced=1033/s debt=0 rows steps=5244 over=2 card=1 drop=0 L=0.01036 tgt=-0.005/0.353 cfg/b=31420 prep=3.32s gpu=0.00s conv=0.01s add=1.15s train=8.91s
[t=1611.5s] rebel stream solves=1353728 raw=1032/s balanced=1032/s debt=0 rows steps=5288 over=2 card=1 drop=0 L=0.01030 tgt=-0.008/0.357 cfg/b=31757 prep=3.96s gpu=0.00s conv=0.01s add=1.30s train=9.86s
[t=1622.3s] rebel stream solves=1364992 raw=1032/s balanced=1032/s debt=0 rows steps=5332 over=2 card=1 drop=0 L=0.01049 tgt=-0.014/0.358 cfg/b=31149 prep=1.96s gpu=0.00s conv=0.01s add=1.24s train=9.23s
[t=1632.3s] rebel stream solves=1375232 raw=1032/s balanced=1032/s debt=0 rows steps=5372 over=2 card=1 drop=0 L=0.01063 tgt=-0.002/0.351 cfg/b=30825 prep=2.67s gpu=0.00s conv=0.01s add=1.13s train=8.67s
[t=1642.6s] rebel stream solves=1384448 raw=1031/s balanced=1031/s debt=0 rows steps=5408 over=2 card=1 drop=0 L=0.01052 tgt=+0.000/0.353 cfg/b=31167 prep=1.89s gpu=0.00s conv=0.01s add=1.20s train=8.93s
[t=1652.7s] rebel stream solves=1394688 raw=1031/s balanced=1031/s debt=0 rows steps=5448 over=2 card=1 drop=0 L=0.01039 tgt=-0.000/0.367 cfg/b=31338 prep=3.52s gpu=0.00s conv=0.01s add=1.16s train=8.55s
[t=1663.5s] rebel stream solves=1405952 raw=1031/s balanced=1031/s debt=0 rows steps=5492 over=2 card=1 drop=0 L=0.01072 tgt=-0.007/0.355 cfg/b=31315 prep=2.93s gpu=0.00s conv=0.01s add=1.16s train=9.27s
[t=1673.7s] rebel stream solves=1417216 raw=1032/s balanced=1032/s debt=0 rows steps=5536 over=2 card=1 drop=0 L=0.01018 tgt=+0.001/0.356 cfg/b=31369 prep=3.60s gpu=0.00s conv=0.01s add=1.24s train=8.72s
[t=1684.4s] rebel stream solves=1429504 raw=1033/s balanced=1033/s debt=0 rows steps=5584 over=2 card=1 drop=0 L=0.01060 tgt=-0.005/0.356 cfg/b=31261 prep=2.83s gpu=0.00s conv=0.01s add=1.35s train=8.74s
[t=1694.7s] rebel stream solves=1441792 raw=1034/s balanced=1034/s debt=0 rows steps=5632 over=2 card=1 drop=0 L=0.01012 tgt=-0.008/0.351 cfg/b=31092 prep=2.42s gpu=0.00s conv=0.01s add=1.30s train=8.72s
[t=1705.5s] rebel stream solves=1454080 raw=1035/s balanced=1035/s debt=0 rows steps=5680 over=2 card=1 drop=0 L=0.01011 tgt=-0.005/0.362 cfg/b=31310 prep=2.69s gpu=0.00s conv=0.01s add=1.35s train=9.21s
[t=1716.3s] rebel stream solves=1465344 raw=1035/s balanced=1035/s debt=0 rows steps=5724 over=2 card=1 drop=0 L=0.01022 tgt=-0.025/0.372 cfg/b=30596 prep=3.25s gpu=0.00s conv=0.01s add=1.35s train=8.84s
[t=1727.4s] rebel stream solves=1477632 raw=1035/s balanced=1035/s debt=0 rows steps=5772 over=2 card=1 drop=0 L=0.01043 tgt=-0.011/0.374 cfg/b=30728 prep=2.34s gpu=0.00s conv=0.01s add=1.66s train=9.02s
[t=1738.5s] rebel stream solves=1488896 raw=1035/s balanced=1035/s debt=0 rows steps=5816 over=2 card=1 drop=0 L=0.01041 tgt=-0.015/0.360 cfg/b=30681 prep=3.43s gpu=0.00s conv=0.01s add=1.37s train=9.44s
[t=1742.6s] --- snapshot snap_04.pt (s4) ---
[t=1749.3s] rebel stream solves=1499136 raw=1034/s balanced=1034/s debt=0 rows steps=5856 over=2 card=1 drop=0 L=0.01045 tgt=-0.002/0.371 cfg/b=30444 prep=3.10s gpu=0.00s conv=0.03s add=1.32s train=9.27s
[t=1759.8s] rebel stream solves=1510400 raw=1035/s balanced=1035/s debt=0 rows steps=5900 over=2 card=1 drop=0 L=0.01072 tgt=-0.003/0.365 cfg/b=30436 prep=3.18s gpu=0.00s conv=0.01s add=1.43s train=8.81s
[t=1770.0s] rebel stream solves=1521664 raw=1035/s balanced=1035/s debt=0 rows steps=5944 over=2 card=1 drop=0 L=0.01095 tgt=-0.007/0.364 cfg/b=30468 prep=2.38s gpu=0.00s conv=0.01s add=1.40s train=8.55s
[t=1780.1s] rebel stream solves=1531904 raw=1035/s balanced=1035/s debt=0 rows steps=5984 over=2 card=1 drop=0 L=0.01045 tgt=-0.008/0.362 cfg/b=30857 prep=2.68s gpu=0.00s conv=0.02s add=1.44s train=7.96s
[t=1780.2s] --- stopping GPU admission; draining ---
[t=1790.1s] rebel stream solves=1539072 raw=1033/s balanced=1033/s debt=0 rows steps=6012 over=2 card=1 drop=0 L=0.01054 tgt=-0.002/0.365 cfg/b=30793 prep=0.09s gpu=0.00s conv=0.01s add=0.54s train=0.66s
[t=1800.1s] rebel stream solves=1539072 raw=1026/s balanced=1026/s debt=0 rows steps=6012 over=2 card=1 drop=0 L=0.00000 tgt=+0.000/0.000 cfg/b=0 prep=0.00s gpu=0.00s conv=0.00s add=0.00s train=0.00s
[t=1805.8s] rebel stream solves=1539465 raw=1022/s balanced=1022/s debt=548 rows steps=6013 over=2 card=1 drop=0 L=0.00983 tgt=-0.020/0.368 cfg/b=32414 prep=0.00s gpu=0.00s conv=0.00s add=0.07s train=0.02s
[gpu-summary] solves=1539465 optimizer_rows=6157312 debt=548 raw=1022.5/s balanced=1022.4/s over=2 card=1 exact=0 censored=4608 dropped=0 overrun=5.80s
