[ladder] 14 players, 91 pairings, 40 paired games each (depth=2 iters=64)
                        random vs greedy                       W   0 L  29 D  11  score 0.138
                        random vs t64_turbo_s14.init           W   0 L  26 D  14  score 0.175
                        random vs t64_turbo_s14.s1             W   0 L  37 D   3  score 0.037
                        random vs t64_turbo_s14.s2             W   0 L  40 D   0  score 0.000
                        random vs t64_turbo_s14.s3             W   0 L  40 D   0  score 0.000
                        random vs t64_turbo_s14.s4             W   0 L  39 D   1  score 0.013
                        random vs t64_turbo_s14.final          W   0 L  40 D   0  score 0.000
                        random vs t512_turbo_s15.init          W   0 L  31 D   9  score 0.113
                        random vs t512_turbo_s15.s1            W   0 L  40 D   0  score 0.000
                        random vs t512_turbo_s15.s2            W   0 L  37 D   3  score 0.037
                        random vs t512_turbo_s15.s3            W   0 L  40 D   0  score 0.000
                        random vs t512_turbo_s15.s4            W   0 L  39 D   1  score 0.013
                        random vs t512_turbo_s15.final         W   0 L  40 D   0  score 0.000
                        greedy vs t64_turbo_s14.init           W   2 L  30 D   8  score 0.150
                        greedy vs t64_turbo_s14.s1             W   0 L  39 D   1  score 0.013
                        greedy vs t64_turbo_s14.s2             W   0 L  39 D   1  score 0.013
                        greedy vs t64_turbo_s14.s3             W   0 L  39 D   1  score 0.013
                        greedy vs t64_turbo_s14.s4             W   0 L  38 D   2  score 0.025
                        greedy vs t64_turbo_s14.final          W   0 L  40 D   0  score 0.000
                        greedy vs t512_turbo_s15.init          W   2 L  34 D   4  score 0.100
                        greedy vs t512_turbo_s15.s1            W   0 L  39 D   1  score 0.013
                        greedy vs t512_turbo_s15.s2            W   0 L  40 D   0  score 0.000
                        greedy vs t512_turbo_s15.s3            W   0 L  37 D   3  score 0.037
                        greedy vs t512_turbo_s15.s4            W   0 L  38 D   2  score 0.025
                        greedy vs t512_turbo_s15.final         W   0 L  40 D   0  score 0.000
            t64_turbo_s14.init vs t64_turbo_s14.s1             W   1 L  37 D   2  score 0.050
            t64_turbo_s14.init vs t64_turbo_s14.s2             W   0 L  39 D   1  score 0.013
            t64_turbo_s14.init vs t64_turbo_s14.s3             W   0 L  40 D   0  score 0.000
            t64_turbo_s14.init vs t64_turbo_s14.s4             W   0 L  40 D   0  score 0.000
            t64_turbo_s14.init vs t64_turbo_s14.final          W   0 L  40 D   0  score 0.000
            t64_turbo_s14.init vs t512_turbo_s15.init          W  10 L  26 D   4  score 0.300
            t64_turbo_s14.init vs t512_turbo_s15.s1            W   3 L  36 D   1  score 0.087
            t64_turbo_s14.init vs t512_turbo_s15.s2            W   2 L  36 D   2  score 0.075
            t64_turbo_s14.init vs t512_turbo_s15.s3            W   0 L  40 D   0  score 0.000
            t64_turbo_s14.init vs t512_turbo_s15.s4            W   5 L  35 D   0  score 0.125
            t64_turbo_s14.init vs t512_turbo_s15.final         W   1 L  38 D   1  score 0.037
              t64_turbo_s14.s1 vs t64_turbo_s14.s2             W  11 L  25 D   4  score 0.325
              t64_turbo_s14.s1 vs t64_turbo_s14.s3             W  11 L  27 D   2  score 0.300
              t64_turbo_s14.s1 vs t64_turbo_s14.s4             W  10 L  30 D   0  score 0.250
              t64_turbo_s14.s1 vs t64_turbo_s14.final          W   6 L  32 D   2  score 0.175
              t64_turbo_s14.s1 vs t512_turbo_s15.init          W  38 L   2 D   0  score 0.950
              t64_turbo_s14.s1 vs t512_turbo_s15.s1            W  28 L  11 D   1  score 0.713
              t64_turbo_s14.s1 vs t512_turbo_s15.s2            W  32 L   7 D   1  score 0.812
              t64_turbo_s14.s1 vs t512_turbo_s15.s3            W  26 L  12 D   2  score 0.675
              t64_turbo_s14.s1 vs t512_turbo_s15.s4            W  26 L  14 D   0  score 0.650
              t64_turbo_s14.s1 vs t512_turbo_s15.final         W  27 L  12 D   1  score 0.688
              t64_turbo_s14.s2 vs t64_turbo_s14.s3             W  11 L  29 D   0  score 0.275
              t64_turbo_s14.s2 vs t64_turbo_s14.s4             W  14 L  26 D   0  score 0.350
              t64_turbo_s14.s2 vs t64_turbo_s14.final          W  13 L  27 D   0  score 0.325
              t64_turbo_s14.s2 vs t512_turbo_s15.init          W  38 L   2 D   0  score 0.950
              t64_turbo_s14.s2 vs t512_turbo_s15.s1            W  39 L   1 D   0  score 0.975
              t64_turbo_s14.s2 vs t512_turbo_s15.s2            W  34 L   4 D   2  score 0.875
              t64_turbo_s14.s2 vs t512_turbo_s15.s3            W  34 L   5 D   1  score 0.863
              t64_turbo_s14.s2 vs t512_turbo_s15.s4            W  34 L   6 D   0  score 0.850
              t64_turbo_s14.s2 vs t512_turbo_s15.final         W  33 L   7 D   0  score 0.825
              t64_turbo_s14.s3 vs t64_turbo_s14.s4             W  23 L  17 D   0  score 0.575
              t64_turbo_s14.s3 vs t64_turbo_s14.final          W  12 L  27 D   1  score 0.312
              t64_turbo_s14.s3 vs t512_turbo_s15.init          W  40 L   0 D   0  score 1.000
              t64_turbo_s14.s3 vs t512_turbo_s15.s1            W  37 L   2 D   1  score 0.938
              t64_turbo_s14.s3 vs t512_turbo_s15.s2            W  32 L   7 D   1  score 0.812
              t64_turbo_s14.s3 vs t512_turbo_s15.s3            W  35 L   5 D   0  score 0.875
              t64_turbo_s14.s3 vs t512_turbo_s15.s4            W  34 L   6 D   0  score 0.850
              t64_turbo_s14.s3 vs t512_turbo_s15.final         W  35 L   4 D   1  score 0.887
              t64_turbo_s14.s4 vs t64_turbo_s14.final          W  21 L  17 D   2  score 0.550
              t64_turbo_s14.s4 vs t512_turbo_s15.init          W  39 L   0 D   1  score 0.988
              t64_turbo_s14.s4 vs t512_turbo_s15.s1            W  34 L   5 D   1  score 0.863
              t64_turbo_s14.s4 vs t512_turbo_s15.s2            W  37 L   2 D   1  score 0.938
              t64_turbo_s14.s4 vs t512_turbo_s15.s3            W  35 L   5 D   0  score 0.875
              t64_turbo_s14.s4 vs t512_turbo_s15.s4            W  31 L   5 D   4  score 0.825
              t64_turbo_s14.s4 vs t512_turbo_s15.final         W  33 L   5 D   2  score 0.850
           t64_turbo_s14.final vs t512_turbo_s15.init          W  38 L   0 D   2  score 0.975
           t64_turbo_s14.final vs t512_turbo_s15.s1            W  37 L   2 D   1  score 0.938
           t64_turbo_s14.final vs t512_turbo_s15.s2            W  36 L   3 D   1  score 0.912
           t64_turbo_s14.final vs t512_turbo_s15.s3            W  36 L   4 D   0  score 0.900
           t64_turbo_s14.final vs t512_turbo_s15.s4            W  39 L   0 D   1  score 0.988
           t64_turbo_s14.final vs t512_turbo_s15.final         W  32 L   7 D   1  score 0.812
           t512_turbo_s15.init vs t512_turbo_s15.s1            W   4 L  36 D   0  score 0.100
           t512_turbo_s15.init vs t512_turbo_s15.s2            W   3 L  36 D   1  score 0.087
           t512_turbo_s15.init vs t512_turbo_s15.s3            W   2 L  38 D   0  score 0.050
           t512_turbo_s15.init vs t512_turbo_s15.s4            W   2 L  38 D   0  score 0.050
           t512_turbo_s15.init vs t512_turbo_s15.final         W   2 L  37 D   1  score 0.062
             t512_turbo_s15.s1 vs t512_turbo_s15.s2            W  15 L  24 D   1  score 0.388
             t512_turbo_s15.s1 vs t512_turbo_s15.s3            W   7 L  32 D   1  score 0.188
             t512_turbo_s15.s1 vs t512_turbo_s15.s4            W  14 L  25 D   1  score 0.362
             t512_turbo_s15.s1 vs t512_turbo_s15.final         W  13 L  27 D   0  score 0.325
             t512_turbo_s15.s2 vs t512_turbo_s15.s3            W  19 L  20 D   1  score 0.487
             t512_turbo_s15.s2 vs t512_turbo_s15.s4            W  16 L  22 D   2  score 0.425
             t512_turbo_s15.s2 vs t512_turbo_s15.final         W  11 L  28 D   1  score 0.287
             t512_turbo_s15.s3 vs t512_turbo_s15.s4            W  21 L  18 D   1  score 0.537
             t512_turbo_s15.s3 vs t512_turbo_s15.final         W  18 L  21 D   1  score 0.463
             t512_turbo_s15.s4 vs t512_turbo_s15.final         W  22 L  17 D   1  score 0.562

=== Elo (/Users/filip/Code/warchest-engine/runs/ladder_turbo, random = 0) ===
                      player   trained     elo    +-   score
         t64_turbo_s14.final  270.1min    1099    24   0.859
            t64_turbo_s14.s4  245.9min    1051    22   0.821
            t64_turbo_s14.s3  185.8min    1050    22   0.820
            t64_turbo_s14.s2  125.4min     984    21   0.764
            t64_turbo_s14.s1   65.4min     863    20   0.649
        t512_turbo_s15.final  270.0min     767    20   0.554
           t512_turbo_s15.s3  189.8min     755    20   0.542
           t512_turbo_s15.s4  251.0min     740    20   0.528
           t512_turbo_s15.s2  127.8min     693    20   0.482
           t512_turbo_s15.s1   65.0min     641    21   0.434
         t512_turbo_s15.init    5.0min     374    26   0.229
          t64_turbo_s14.init    5.0min     297    27   0.182
                      greedy         -     135    31   0.096
                      random         -       0    38   0.040
