[train] runs/value_v4_gate10 at d47dc82 seed=1 {'minutes': 10.0, 'warm_minutes': 3.0, 'snapshot_every': 4.0, 'ladder_games': 40, 'note': '3m greedy + 7m ReBeL learning gate; one midpoint; full self ladder'}
[train] 3m greedy + 7m ReBeL learning gate; one midpoint; full self ladder
[cpu] pinned to 36 physical cores
[train] CUDA stream priority -1
[gpu] solve services up on [0, 1]
[cfg] PUBFEAT=897 CFEAT=15 architecture=v4 depth=2 iters=64 budget=600s warm=180s snapshot_every=4min device=cuda:1 draft=random train_gen_ratio=4.0 recent_mix=0.5/0.2 canonical_views=2 cap=2000000 matmul=high
[t=   2.5s] greedy ep  0 games=  96 dec= 18968 rows= 18118 horizon=0.30 L=0.03173 L/var=0.14 tgt=-0.023/0.482 pstd=0.503 gen=0.1s train=2.3s
[t=   4.6s] greedy ep  1 games=  96 dec= 18844 rows= 18051 horizon=0.33 L=0.02759 L/var=0.11 tgt=-0.058/0.494 pstd=0.496 gen=0.1s train=1.9s
[t=   6.7s] greedy ep  2 games=  96 dec= 18181 rows= 17414 horizon=0.27 L=0.01873 L/var=0.07 tgt=-0.025/0.512 pstd=0.494 gen=0.1s train=1.8s
[t=   8.7s] greedy ep  3 games=  96 dec= 17989 rows= 17120 horizon=0.26 L=0.01810 L/var=0.07 tgt=-0.029/0.495 pstd=0.505 gen=0.1s train=1.8s
[t=  10.8s] greedy ep  4 games=  96 dec= 18823 rows= 18078 horizon=0.29 L=0.01564 L/var=0.07 tgt=-0.022/0.471 pstd=0.499 gen=0.1s train=1.9s
[t=  12.9s] greedy ep  5 games=  96 dec= 18924 rows= 18146 horizon=0.33 L=0.01230 L/var=0.05 tgt=-0.029/0.496 pstd=0.508 gen=0.1s train=1.9s
[t=  14.9s] greedy ep  6 games=  96 dec= 17615 rows= 16921 horizon=0.26 L=0.01208 L/var=0.05 tgt=-0.041/0.511 pstd=0.507 gen=0.1s train=1.8s
[t=  17.0s] greedy ep  7 games=  96 dec= 18608 rows= 17786 horizon=0.36 L=0.01111 L/var=0.05 tgt=-0.065/0.495 pstd=0.490 gen=0.1s train=1.9s
[t=  19.2s] greedy ep  8 games=  96 dec= 19040 rows= 18296 horizon=0.36 L=0.00987 L/var=0.04 tgt=-0.019/0.484 pstd=0.508 gen=0.1s train=1.9s
[t=  21.2s] greedy ep  9 games=  96 dec= 18200 rows= 17459 horizon=0.27 L=0.00892 L/var=0.03 tgt=-0.034/0.513 pstd=0.499 gen=0.1s train=1.8s
[t=  23.3s] greedy ep 10 games=  96 dec= 17927 rows= 17200 horizon=0.24 L=0.00929 L/var=0.03 tgt=-0.036/0.524 pstd=0.500 gen=0.1s train=1.8s
[t=  25.3s] greedy ep 11 games=  96 dec= 17941 rows= 17162 horizon=0.28 L=0.00818 L/var=0.04 tgt=-0.044/0.477 pstd=0.506 gen=0.1s train=1.8s
[t=  27.3s] greedy ep 12 games=  96 dec= 17384 rows= 16648 horizon=0.25 L=0.00952 L/var=0.04 tgt=-0.023/0.503 pstd=0.496 gen=0.1s train=1.8s
[t=  29.4s] greedy ep 13 games=  96 dec= 18153 rows= 17377 horizon=0.28 L=0.00797 L/var=0.03 tgt=-0.027/0.502 pstd=0.502 gen=0.1s train=1.9s
[t=  31.5s] greedy ep 14 games=  96 dec= 18097 rows= 17377 horizon=0.26 L=0.00799 L/var=0.03 tgt=-0.037/0.511 pstd=0.503 gen=0.1s train=1.9s
[t=  33.6s] greedy ep 15 games=  96 dec= 18356 rows= 17581 horizon=0.30 L=0.00716 L/var=0.03 tgt=-0.023/0.496 pstd=0.502 gen=0.1s train=1.9s
[t=  35.8s] greedy ep 16 games=  96 dec= 19141 rows= 18328 horizon=0.32 L=0.00626 L/var=0.03 tgt=+0.010/0.479 pstd=0.504 gen=0.1s train=1.9s
[t=  37.9s] greedy ep 17 games=  96 dec= 18885 rows= 18173 horizon=0.30 L=0.00629 L/var=0.02 tgt=-0.054/0.508 pstd=0.507 gen=0.1s train=1.9s
[t=  39.9s] greedy ep 18 games=  96 dec= 17886 rows= 17103 horizon=0.25 L=0.00821 L/var=0.03 tgt=-0.021/0.507 pstd=0.497 gen=0.1s train=1.8s
[t=  41.9s] greedy ep 19 games=  96 dec= 17738 rows= 16961 horizon=0.23 L=0.00788 L/var=0.03 tgt=-0.065/0.530 pstd=0.507 gen=0.1s train=1.8s
[t=  43.8s] greedy ep 20 games=  96 dec= 17716 rows= 17039 horizon=0.28 L=0.00723 L/var=0.03 tgt=-0.071/0.515 pstd=0.497 gen=0.1s train=1.7s
[t=  45.8s] greedy ep 21 games=  96 dec= 17777 rows= 17032 horizon=0.23 L=0.00676 L/var=0.03 tgt=-0.051/0.520 pstd=0.500 gen=0.1s train=1.8s
[t=  47.9s] greedy ep 22 games=  96 dec= 18472 rows= 17732 horizon=0.33 L=0.00631 L/var=0.03 tgt=-0.019/0.474 pstd=0.500 gen=0.1s train=1.8s
[t=  50.2s] greedy ep 23 games=  96 dec= 18429 rows= 17627 horizon=0.27 L=0.00687 L/var=0.03 tgt=-0.006/0.478 pstd=0.500 gen=0.1s train=2.1s
[t=  52.7s] greedy ep 24 games=  96 dec= 18992 rows= 18327 horizon=0.35 L=0.00635 L/var=0.03 tgt=-0.014/0.487 pstd=0.500 gen=0.1s train=2.3s
[t=  55.1s] greedy ep 25 games=  96 dec= 18039 rows= 17262 horizon=0.23 L=0.00694 L/var=0.03 tgt=-0.025/0.517 pstd=0.501 gen=0.1s train=2.2s
[t=  57.7s] greedy ep 26 games=  96 dec= 19627 rows= 18805 horizon=0.33 L=0.00648 L/var=0.03 tgt=-0.037/0.501 pstd=0.502 gen=0.1s train=2.3s
[t=  60.1s] greedy ep 27 games=  96 dec= 18752 rows= 17930 horizon=0.27 L=0.00528 L/var=0.02 tgt=-0.031/0.485 pstd=0.508 gen=0.1s train=2.2s
[t=  62.6s] greedy ep 28 games=  96 dec= 19116 rows= 18327 horizon=0.31 L=0.00628 L/var=0.03 tgt=-0.035/0.484 pstd=0.494 gen=0.1s train=2.3s
[t=  65.1s] greedy ep 29 games=  96 dec= 18708 rows= 17952 horizon=0.27 L=0.00642 L/var=0.03 tgt=-0.051/0.503 pstd=0.504 gen=0.1s train=2.2s
[t=  67.6s] greedy ep 30 games=  96 dec= 19066 rows= 18248 horizon=0.31 L=0.00535 L/var=0.02 tgt=-0.032/0.479 pstd=0.499 gen=0.1s train=2.3s
[t=  70.0s] greedy ep 31 games=  96 dec= 18369 rows= 17570 horizon=0.26 L=0.00493 L/var=0.02 tgt=-0.041/0.509 pstd=0.499 gen=0.1s train=2.2s
[t=  72.5s] greedy ep 32 games=  96 dec= 18567 rows= 17800 horizon=0.30 L=0.00543 L/var=0.02 tgt=+0.001/0.480 pstd=0.502 gen=0.1s train=2.3s
[t=  75.0s] greedy ep 33 games=  96 dec= 18636 rows= 17813 horizon=0.31 L=0.00524 L/var=0.02 tgt=-0.002/0.514 pstd=0.499 gen=0.1s train=2.2s
[t=  77.5s] greedy ep 34 games=  96 dec= 18664 rows= 17825 horizon=0.29 L=0.00596 L/var=0.03 tgt=+0.020/0.463 pstd=0.501 gen=0.1s train=2.2s
[t=  79.8s] greedy ep 35 games=  96 dec= 17787 rows= 17046 horizon=0.22 L=0.00611 L/var=0.02 tgt=-0.039/0.539 pstd=0.501 gen=0.1s train=2.1s
[t=  82.4s] greedy ep 36 games=  96 dec= 19279 rows= 18442 horizon=0.33 L=0.00632 L/var=0.03 tgt=-0.046/0.480 pstd=0.506 gen=0.1s train=2.3s
[t=  84.8s] greedy ep 37 games=  96 dec= 18316 rows= 17468 horizon=0.32 L=0.00508 L/var=0.02 tgt=-0.034/0.532 pstd=0.500 gen=0.1s train=2.2s
[t=  87.3s] greedy ep 38 games=  96 dec= 19158 rows= 18321 horizon=0.32 L=0.00601 L/var=0.03 tgt=-0.020/0.472 pstd=0.503 gen=0.1s train=2.3s
[t=  89.7s] greedy ep 39 games=  96 dec= 18549 rows= 17774 horizon=0.26 L=0.00485 L/var=0.02 tgt=-0.037/0.514 pstd=0.503 gen=0.1s train=2.2s
[t=  92.2s] greedy ep 40 games=  96 dec= 18971 rows= 18211 horizon=0.34 L=0.00563 L/var=0.03 tgt=-0.007/0.461 pstd=0.500 gen=0.1s train=2.3s
[t=  94.8s] greedy ep 41 games=  96 dec= 18692 rows= 17843 horizon=0.28 L=0.00537 L/var=0.02 tgt=-0.044/0.507 pstd=0.503 gen=0.1s train=2.3s
[t=  97.3s] greedy ep 42 games=  96 dec= 19162 rows= 18375 horizon=0.38 L=0.00546 L/var=0.02 tgt=-0.035/0.494 pstd=0.502 gen=0.1s train=2.3s
[t=  99.9s] greedy ep 43 games=  96 dec= 19468 rows= 18602 horizon=0.35 L=0.00483 L/var=0.02 tgt=-0.058/0.456 pstd=0.510 gen=0.1s train=2.3s
[t= 102.3s] greedy ep 44 games=  96 dec= 18443 rows= 17624 horizon=0.28 L=0.00463 L/var=0.02 tgt=-0.009/0.479 pstd=0.502 gen=0.1s train=2.2s
[t= 104.6s] greedy ep 45 games=  96 dec= 17350 rows= 16706 horizon=0.25 L=0.00595 L/var=0.02 tgt=-0.084/0.527 pstd=0.497 gen=0.1s train=2.1s
[t= 106.8s] greedy ep 46 games=  96 dec= 17993 rows= 17239 horizon=0.28 L=0.00541 L/var=0.02 tgt=-0.013/0.495 pstd=0.503 gen=0.1s train=2.0s
[t= 108.9s] greedy ep 47 games=  96 dec= 18984 rows= 18180 horizon=0.29 L=0.00521 L/var=0.02 tgt=-0.024/0.472 pstd=0.488 gen=0.1s train=1.8s
[t= 110.8s] greedy ep 48 games=  96 dec= 18071 rows= 17405 horizon=0.30 L=0.00459 L/var=0.02 tgt=-0.041/0.510 pstd=0.501 gen=0.1s train=1.8s
[t= 112.9s] greedy ep 49 games=  96 dec= 19599 rows= 18844 horizon=0.40 L=0.00412 L/var=0.02 tgt=-0.000/0.457 pstd=0.500 gen=0.1s train=1.9s
[t= 114.9s] greedy ep 50 games=  96 dec= 17856 rows= 17099 horizon=0.25 L=0.00464 L/var=0.02 tgt=-0.060/0.543 pstd=0.512 gen=0.1s train=1.8s
[t= 116.8s] greedy ep 51 games=  96 dec= 17858 rows= 17043 horizon=0.24 L=0.00515 L/var=0.02 tgt=-0.027/0.530 pstd=0.502 gen=0.1s train=1.7s
[t= 118.9s] greedy ep 52 games=  96 dec= 18973 rows= 18262 horizon=0.35 L=0.00542 L/var=0.03 tgt=-0.041/0.460 pstd=0.500 gen=0.1s train=1.9s
[t= 120.8s] greedy ep 53 games=  96 dec= 17565 rows= 16777 horizon=0.19 L=0.00506 L/var=0.02 tgt=-0.031/0.511 pstd=0.501 gen=0.1s train=1.7s
[t= 122.7s] greedy ep 54 games=  96 dec= 17835 rows= 17151 horizon=0.25 L=0.00528 L/var=0.02 tgt=-0.001/0.492 pstd=0.500 gen=0.1s train=1.7s
[t= 124.8s] greedy ep 55 games=  96 dec= 17927 rows= 17096 horizon=0.25 L=0.00463 L/var=0.02 tgt=-0.008/0.470 pstd=0.506 gen=0.1s train=1.8s
[t= 127.2s] greedy ep 56 games=  96 dec= 18561 rows= 17765 horizon=0.28 L=0.00490 L/var=0.02 tgt=-0.036/0.484 pstd=0.500 gen=0.1s train=2.2s
[t= 129.5s] greedy ep 57 games=  96 dec= 18688 rows= 17872 horizon=0.25 L=0.00509 L/var=0.02 tgt=-0.014/0.515 pstd=0.507 gen=0.1s train=2.0s
[t= 131.8s] greedy ep 58 games=  96 dec= 19251 rows= 18414 horizon=0.34 L=0.00460 L/var=0.02 tgt=-0.060/0.493 pstd=0.496 gen=0.1s train=2.1s
[t= 134.1s] greedy ep 59 games=  96 dec= 19596 rows= 18724 horizon=0.36 L=0.00445 L/var=0.02 tgt=-0.050/0.460 pstd=0.511 gen=0.1s train=2.1s
[t= 136.4s] greedy ep 60 games=  96 dec= 18869 rows= 17979 horizon=0.30 L=0.00463 L/var=0.02 tgt=-0.032/0.484 pstd=0.510 gen=0.1s train=2.0s
[t= 138.7s] greedy ep 61 games=  96 dec= 18419 rows= 17673 horizon=0.25 L=0.00416 L/var=0.02 tgt=-0.009/0.517 pstd=0.499 gen=0.1s train=2.0s
[t= 140.9s] greedy ep 62 games=  96 dec= 19032 rows= 18186 horizon=0.32 L=0.00428 L/var=0.02 tgt=-0.036/0.503 pstd=0.500 gen=0.1s train=2.0s
[t= 142.9s] greedy ep 63 games=  96 dec= 19220 rows= 18443 horizon=0.29 L=0.00495 L/var=0.02 tgt=-0.008/0.491 pstd=0.498 gen=0.1s train=1.9s
[t= 144.9s] greedy ep 64 games=  96 dec= 17814 rows= 17050 horizon=0.25 L=0.00471 L/var=0.02 tgt=-0.045/0.519 pstd=0.497 gen=0.1s train=1.7s
[t= 146.9s] greedy ep 65 games=  96 dec= 18244 rows= 17509 horizon=0.28 L=0.00411 L/var=0.02 tgt=-0.026/0.503 pstd=0.503 gen=0.1s train=1.8s
[t= 148.8s] greedy ep 66 games=  96 dec= 18182 rows= 17491 horizon=0.29 L=0.00480 L/var=0.02 tgt=-0.037/0.498 pstd=0.501 gen=0.1s train=1.8s
[t= 150.9s] greedy ep 67 games=  96 dec= 18981 rows= 18182 horizon=0.35 L=0.00359 L/var=0.01 tgt=-0.023/0.511 pstd=0.503 gen=0.1s train=1.8s
[t= 152.8s] greedy ep 68 games=  96 dec= 18200 rows= 17313 horizon=0.25 L=0.00418 L/var=0.02 tgt=-0.016/0.502 pstd=0.501 gen=0.1s train=1.7s
[t= 154.8s] greedy ep 69 games=  96 dec= 18393 rows= 17591 horizon=0.28 L=0.00438 L/var=0.02 tgt=-0.053/0.510 pstd=0.495 gen=0.1s train=1.8s
[t= 156.8s] greedy ep 70 games=  96 dec= 18464 rows= 17707 horizon=0.33 L=0.00481 L/var=0.02 tgt=-0.039/0.486 pstd=0.493 gen=0.1s train=1.8s
[t= 158.8s] greedy ep 71 games=  96 dec= 18120 rows= 17396 horizon=0.26 L=0.00453 L/var=0.02 tgt=-0.031/0.525 pstd=0.496 gen=0.1s train=1.8s
[t= 160.9s] greedy ep 72 games=  96 dec= 19113 rows= 18368 horizon=0.34 L=0.00421 L/var=0.02 tgt=-0.075/0.504 pstd=0.498 gen=0.1s train=1.8s
[t= 162.8s] greedy ep 73 games=  96 dec= 17603 rows= 16838 horizon=0.20 L=0.00425 L/var=0.02 tgt=-0.037/0.525 pstd=0.501 gen=0.1s train=1.7s
[t= 164.8s] greedy ep 74 games=  96 dec= 18477 rows= 17679 horizon=0.27 L=0.00386 L/var=0.01 tgt=-0.065/0.534 pstd=0.496 gen=0.1s train=1.8s
[t= 166.9s] greedy ep 75 games=  96 dec= 19740 rows= 18936 horizon=0.40 L=0.00399 L/var=0.02 tgt=+0.013/0.468 pstd=0.497 gen=0.1s train=1.9s
[t= 168.8s] greedy ep 76 games=  96 dec= 18307 rows= 17464 horizon=0.20 L=0.00454 L/var=0.02 tgt=-0.020/0.496 pstd=0.491 gen=0.1s train=1.7s
[t= 170.8s] greedy ep 77 games=  96 dec= 18119 rows= 17313 horizon=0.25 L=0.00466 L/var=0.02 tgt=-0.031/0.501 pstd=0.500 gen=0.1s train=1.8s
[t= 172.8s] greedy ep 78 games=  96 dec= 18056 rows= 17283 horizon=0.26 L=0.00384 L/var=0.01 tgt=-0.041/0.514 pstd=0.495 gen=0.1s train=1.8s
[t= 174.8s] greedy ep 79 games=  96 dec= 18309 rows= 17527 horizon=0.28 L=0.00427 L/var=0.02 tgt=-0.007/0.493 pstd=0.494 gen=0.1s train=1.8s
[t= 176.8s] greedy ep 80 games=  96 dec= 18361 rows= 17605 horizon=0.29 L=0.00420 L/var=0.02 tgt=-0.024/0.508 pstd=0.499 gen=0.1s train=1.8s
[t= 178.7s] greedy ep 81 games=  96 dec= 17527 rows= 16734 horizon=0.25 L=0.00439 L/var=0.02 tgt=-0.020/0.532 pstd=0.501 gen=0.1s train=1.7s
[t= 180.6s] greedy ep 82 games=  96 dec= 17529 rows= 16756 horizon=0.23 L=0.00407 L/var=0.02 tgt=-0.028/0.509 pstd=0.503 gen=0.1s train=1.7s
[t= 180.6s] --- snapshot snap_00.pt (init) ---
[t= 180.6s] --- switching to ReBeL ---
[t= 190.6s] rebel stream solves=8192 raw=818/s balanced=818/s debt=0 rows steps=32 horizon=0.00 games=0 over=0 card=0 drop=0 L=0.03033 L/var=0.29 tgt=+0.065/0.322 cfg/b=46219 prep=0.16s gpu=0.00s conv=0.00s add=0.13s train=1.04s
[t= 200.7s] rebel stream solves=12288 raw=613/s balanced=613/s debt=0 rows steps=48 horizon=0.00 games=0 over=0 card=0 drop=0 L=0.00794 L/var=0.09 tgt=+0.110/0.297 cfg/b=32686 prep=0.08s gpu=0.00s conv=0.00s add=0.11s train=1.03s
[t= 210.7s] rebel stream solves=16384 raw=545/s balanced=545/s debt=0 rows steps=64 horizon=0.00 games=0 over=0 card=0 drop=0 L=0.00562 L/var=0.07 tgt=+0.133/0.287 cfg/b=66583 prep=0.11s gpu=0.00s conv=0.02s add=0.38s train=1.75s
[t= 220.7s] rebel stream solves=21504 raw=536/s balanced=536/s debt=0 rows steps=84 horizon=0.00 games=0 over=0 card=0 drop=0 L=0.00440 L/var=0.06 tgt=+0.152/0.278 cfg/b=114789 prep=0.17s gpu=0.00s conv=0.03s add=0.58s train=1.20s
[t= 230.7s] rebel stream solves=30720 raw=613/s balanced=613/s debt=0 rows steps=120 horizon=0.00 games=0 over=0 card=0 drop=0 L=0.00306 L/var=0.04 tgt=+0.172/0.270 cfg/b=83704 prep=0.22s gpu=0.00s conv=0.03s add=0.59s train=1.42s
[t= 240.8s] rebel stream solves=41984 raw=697/s balanced=697/s debt=0 rows steps=164 horizon=0.00 games=0 over=0 card=0 drop=0 L=0.00264 L/var=0.04 tgt=+0.202/0.257 cfg/b=42244 prep=0.24s gpu=0.00s conv=0.00s add=0.16s train=1.48s
[t= 250.9s] rebel stream solves=45056 raw=641/s balanced=641/s debt=0 rows steps=176 horizon=0.00 games=0 over=0 card=0 drop=0 L=0.00248 L/var=0.04 tgt=+0.202/0.251 cfg/b=37623 prep=0.06s gpu=0.00s conv=0.00s add=0.14s train=0.38s
[t= 260.9s] rebel stream solves=48128 raw=600/s balanced=600/s debt=0 rows steps=188 horizon=0.00 games=0 over=0 card=0 drop=0 L=0.00239 L/var=0.04 tgt=+0.211/0.248 cfg/b=44108 prep=0.05s gpu=0.00s conv=0.01s add=0.16s train=0.37s
[t= 270.9s] rebel stream solves=51200 raw=567/s balanced=567/s debt=0 rows steps=200 horizon=0.00 games=0 over=0 card=0 drop=0 L=0.00216 L/var=0.04 tgt=+0.223/0.242 cfg/b=51012 prep=0.15s gpu=0.00s conv=0.01s add=0.17s train=0.51s
[t= 281.0s] rebel stream solves=52224 raw=520/s balanced=520/s debt=0 rows steps=204 horizon=0.00 games=0 over=0 card=0 drop=0 L=0.00213 L/var=0.04 tgt=+0.222/0.239 cfg/b=55652 prep=0.03s gpu=0.00s conv=0.00s add=0.04s train=0.15s
[t= 291.0s] rebel stream solves=54272 raw=492/s balanced=492/s debt=0 rows steps=212 horizon=0.00 games=0 over=0 card=0 drop=0 L=0.00213 L/var=0.04 tgt=+0.227/0.233 cfg/b=54877 prep=0.06s gpu=0.00s conv=0.00s add=0.13s train=0.30s
[t= 301.0s] rebel stream solves=55296 raw=459/s balanced=459/s debt=0 rows steps=216 horizon=0.00 games=0 over=0 card=0 drop=0 L=0.00203 L/var=0.04 tgt=+0.221/0.237 cfg/b=57483 prep=0.03s gpu=0.00s conv=0.00s add=0.09s train=0.16s
[t= 311.0s] rebel stream solves=56320 raw=432/s balanced=432/s debt=0 rows steps=220 horizon=0.00 games=0 over=1 card=0 drop=0 L=0.00211 L/var=0.04 tgt=+0.242/0.227 cfg/b=66868 prep=0.06s gpu=0.00s conv=0.01s add=0.17s train=0.20s
[t= 319.3s] --- lr -> 5.00e-04 ---
[t= 321.1s] rebel stream solves=58368 raw=416/s balanced=416/s debt=0 rows steps=228 horizon=0.00 games=0 over=1 card=0 drop=0 L=0.00196 L/var=0.04 tgt=+0.251/0.221 cfg/b=83822 prep=0.10s gpu=0.00s conv=0.04s add=0.45s train=0.39s
[t= 331.1s] rebel stream solves=59392 raw=395/s balanced=395/s debt=0 rows steps=232 horizon=0.00 games=0 over=1 card=0 drop=0 L=0.00197 L/var=0.04 tgt=+0.254/0.224 cfg/b=109086 prep=0.03s gpu=0.00s conv=0.03s add=0.25s train=1.13s
[t= 341.1s] rebel stream solves=61440 raw=383/s balanced=383/s debt=0 rows steps=240 horizon=0.00 games=0 over=1 card=0 drop=0 L=0.00173 L/var=0.04 tgt=+0.259/0.218 cfg/b=113037 prep=0.07s gpu=0.00s conv=0.04s add=0.34s train=0.41s
[t= 351.1s] rebel stream solves=63488 raw=372/s balanced=372/s debt=0 rows steps=248 horizon=0.00 games=0 over=1 card=0 drop=0 L=0.00178 L/var=0.04 tgt=+0.264/0.212 cfg/b=124760 prep=0.10s gpu=0.00s conv=0.03s add=0.32s train=0.44s
[t= 361.3s] rebel stream solves=65536 raw=363/s balanced=363/s debt=0 rows steps=256 horizon=0.00 games=0 over=3 card=0 drop=0 L=0.00160 L/var=0.03 tgt=+0.256/0.217 cfg/b=134494 prep=0.14s gpu=0.00s conv=0.02s add=0.26s train=0.50s
[t= 371.3s] rebel stream solves=66560 raw=349/s balanced=349/s debt=0 rows steps=260 horizon=0.00 games=0 over=4 card=0 drop=0 L=0.00167 L/var=0.04 tgt=+0.272/0.208 cfg/b=137130 prep=0.07s gpu=0.00s conv=0.00s add=0.10s train=0.25s
[t= 381.3s] rebel stream solves=67584 raw=337/s balanced=337/s debt=0 rows steps=264 horizon=0.00 games=0 over=4 card=0 drop=0 L=0.00143 L/var=0.03 tgt=+0.264/0.208 cfg/b=136746 prep=0.04s gpu=0.00s conv=0.00s add=0.10s train=0.22s
[t= 391.3s] rebel stream solves=69632 raw=330/s balanced=330/s debt=0 rows steps=272 horizon=0.00 games=0 over=5 card=0 drop=0 L=0.00159 L/var=0.04 tgt=+0.265/0.210 cfg/b=137748 prep=0.09s gpu=0.00s conv=0.01s add=0.22s train=0.45s
[t= 401.4s] rebel stream solves=70656 raw=320/s balanced=320/s debt=0 rows steps=276 horizon=0.00 games=0 over=7 card=0 drop=0 L=0.00142 L/var=0.04 tgt=+0.282/0.200 cfg/b=135560 prep=0.06s gpu=0.00s conv=0.01s add=0.17s train=0.23s
[t= 411.4s] rebel stream solves=71680 raw=311/s balanced=311/s debt=0 rows steps=280 horizon=0.00 games=0 over=7 card=0 drop=0 L=0.00152 L/var=0.04 tgt=+0.289/0.194 cfg/b=135736 prep=0.05s gpu=0.00s conv=0.02s add=0.18s train=0.25s
[t= 420.6s] --- snapshot snap_01.pt (s1) ---
[t= 421.6s] rebel stream solves=72704 raw=302/s balanced=302/s debt=0 rows steps=284 horizon=0.00 games=0 over=7 card=0 drop=0 L=0.00143 L/var=0.04 tgt=+0.280/0.198 cfg/b=134964 prep=0.05s gpu=0.00s conv=0.02s add=0.20s train=0.23s
[t= 431.6s] rebel stream solves=74752 raw=298/s balanced=298/s debt=0 rows steps=292 horizon=0.00 games=0 over=10 card=0 drop=0 L=0.00139 L/var=0.04 tgt=+0.289/0.196 cfg/b=131616 prep=0.08s gpu=0.00s conv=0.02s add=0.30s train=0.46s
[t= 441.7s] rebel stream solves=76800 raw=294/s balanced=294/s debt=0 rows steps=300 horizon=0.00 games=0 over=11 card=1 drop=0 L=0.00136 L/var=0.04 tgt=+0.292/0.193 cfg/b=127828 prep=0.08s gpu=0.00s conv=0.02s add=0.23s train=0.42s
[t= 451.7s] rebel stream solves=78848 raw=291/s balanced=291/s debt=0 rows steps=308 horizon=0.00 games=0 over=14 card=1 drop=0 L=0.00135 L/var=0.04 tgt=+0.289/0.193 cfg/b=123069 prep=0.08s gpu=0.00s conv=0.02s add=0.19s train=0.41s
[t= 461.7s] rebel stream solves=79872 raw=284/s balanced=284/s debt=0 rows steps=312 horizon=0.00 games=0 over=14 card=1 drop=0 L=0.00123 L/var=0.03 tgt=+0.289/0.194 cfg/b=122786 prep=0.05s gpu=0.00s conv=0.01s add=0.08s train=0.23s
[t= 462.0s] --- lr -> 2.50e-04 ---
[t= 471.7s] rebel stream solves=81920 raw=281/s balanced=281/s debt=0 rows steps=320 horizon=0.00 games=0 over=19 card=1 drop=0 L=0.00123 L/var=0.03 tgt=+0.279/0.200 cfg/b=120574 prep=0.10s gpu=0.00s conv=0.01s add=0.17s train=0.46s
[t= 481.7s] rebel stream solves=82944 raw=275/s balanced=275/s debt=0 rows steps=324 horizon=0.00 games=0 over=24 card=1 drop=0 L=0.00112 L/var=0.03 tgt=+0.283/0.199 cfg/b=120799 prep=0.04s gpu=0.00s conv=0.01s add=0.09s train=0.22s
[t= 491.7s] rebel stream solves=83968 raw=270/s balanced=270/s debt=0 rows steps=328 horizon=0.00 games=0 over=25 card=1 drop=0 L=0.00122 L/var=0.03 tgt=+0.269/0.204 cfg/b=117515 prep=0.04s gpu=0.00s conv=0.01s add=0.11s train=0.21s
[t= 501.8s] rebel stream solves=84992 raw=265/s balanced=265/s debt=0 rows steps=332 horizon=0.00 games=0 over=26 card=1 drop=0 L=0.00122 L/var=0.03 tgt=+0.273/0.198 cfg/b=114120 prep=0.04s gpu=0.00s conv=0.01s add=0.11s train=0.19s
[t= 511.8s] rebel stream solves=86016 raw=260/s balanced=260/s debt=0 rows steps=336 horizon=0.00 games=0 over=29 card=1 drop=0 L=0.00110 L/var=0.03 tgt=+0.258/0.207 cfg/b=116765 prep=0.04s gpu=0.00s conv=0.01s add=0.13s train=0.20s
[t= 521.8s] rebel stream solves=87040 raw=255/s balanced=255/s debt=0 rows steps=340 horizon=0.00 games=0 over=33 card=2 drop=0 L=0.00124 L/var=0.03 tgt=+0.275/0.198 cfg/b=117943 prep=0.04s gpu=0.00s conv=0.01s add=0.11s train=0.21s
[t= 531.8s] rebel stream solves=89088 raw=254/s balanced=254/s debt=0 rows steps=348 horizon=0.00 games=0 over=37 card=2 drop=0 L=0.00110 L/var=0.03 tgt=+0.267/0.201 cfg/b=107848 prep=0.08s gpu=0.00s conv=0.01s add=0.18s train=0.40s
[t= 541.9s] rebel stream solves=90112 raw=249/s balanced=249/s debt=0 rows steps=352 horizon=0.00 games=0 over=39 card=2 drop=0 L=0.00112 L/var=0.03 tgt=+0.274/0.197 cfg/b=102243 prep=0.04s gpu=0.00s conv=0.00s add=0.08s train=0.19s
[t= 551.9s] rebel stream solves=91136 raw=245/s balanced=245/s debt=0 rows steps=356 horizon=0.00 games=0 over=42 card=2 drop=0 L=0.00103 L/var=0.03 tgt=+0.273/0.198 cfg/b=102664 prep=0.03s gpu=0.00s conv=0.00s add=0.08s train=0.41s
[t= 561.9s] rebel stream solves=92160 raw=242/s balanced=242/s debt=0 rows steps=360 horizon=0.00 games=0 over=44 card=2 drop=0 L=0.00101 L/var=0.03 tgt=+0.272/0.200 cfg/b=97826 prep=0.07s gpu=0.00s conv=0.00s add=0.07s train=0.23s
[t= 572.0s] rebel stream solves=93184 raw=238/s balanced=238/s debt=0 rows steps=364 horizon=0.00 games=0 over=49 card=2 drop=0 L=0.00108 L/var=0.03 tgt=+0.268/0.203 cfg/b=95219 prep=0.03s gpu=0.00s conv=0.00s add=0.08s train=0.17s
[t= 580.0s] --- stopping GPU admission; draining ---
[t= 582.0s] rebel stream solves=93184 raw=232/s balanced=232/s debt=0 rows steps=364 horizon=0.00 games=0 over=49 card=2 drop=0 L=0.00000 L/var=0.00 tgt=+0.000/0.000 cfg/b=0 prep=0.00s gpu=0.00s conv=0.00s add=0.00s train=0.00s
[t= 592.0s] rebel stream solves=94208 raw=229/s balanced=229/s debt=0 rows steps=368 horizon=0.00 games=0 over=51 card=3 drop=0 L=0.00107 L/var=0.03 tgt=+0.271/0.200 cfg/b=94400 prep=0.04s gpu=0.00s conv=0.01s add=0.10s train=0.19s
[t= 596.6s] rebel stream solves=95127 raw=229/s balanced=228/s debt=604 rows steps=371 horizon=0.00 games=0 over=51 card=3 drop=0 L=0.00106 L/var=0.03 tgt=+0.266/0.193 cfg/b=91174 prep=0.02s gpu=0.00s conv=0.00s add=0.07s train=0.12s
[gpu-summary] solves=95127 optimizer_rows=379904 debt=604 raw=226.8/s balanced=226.5/s horizon=0.00 games=0 over=51 card=3 exact=0 censored=4608 dropped=0 overrun=0.00s
[t= 600.0s] --- snapshot snap_02.pt (final) ---
[ladder] 4 players, 120 games (20/batch, cap 40/pair)
  seed                    greedy vs value_v4_gate10.init     W 12 L  5 D  3  n= 20  score 0.675
  seed                    greedy vs value_v4_gate10.final    W 10 L  1 D  9  n= 20  score 0.725
  seed      value_v4_gate10.init vs value_v4_gate10.s1       W  4 L  2 D 14  n= 20  score 0.550
  seed        value_v4_gate10.s1 vs value_v4_gate10.final    W  0 L  0 D 20  n= 20  score 0.500
  swiss       value_v4_gate10.s1 vs value_v4_gate10.final    W  1 L  2 D 17  n= 40  score 0.487
  swiss     value_v4_gate10.init vs value_v4_gate10.final    W  2 L  5 D 13  n= 20  score 0.425

=== Elo (runs/value_v4_gate10, greedy = 0) ===
                      player   trained     elo   95%   score
                      greedy         -       0   116   0.700
       value_v4_gate10.final   10.0min    -135    78   0.469
        value_v4_gate10.init    3.0min    -143    90   0.433
          value_v4_gate10.s1    7.0min    -155    88   0.475
[report] runs/value_v4_gate10/report.html
