[train] runs/v6_c96_d1_30m_final at ea3238e+dirty seed=216 {'note': 'production-v6-c96-depth1-30m', 'minutes': 30.0, 'warm_minutes': 2.0, 'snapshot_every': 15.0, 'depth': 1, 'iters': 64, 'cfr': 'dcfr', 'ladder_games': 200, 'gpu_drain_seconds': 5.0, 'seed': 216}
[train] production-v6-c96-depth1-30m
[cpu] pinned to 36 physical cores
[train] CUDA stream priority -1
[gpu] solve services up on [0, 1]
[cfg] PUBFEAT=897 CFEAT=15 architecture=v6 depth=1 iters=64 budget=1800s warm=120s snapshot_every=15min device=cuda:1 draft=random train_gen_ratio=4.0 recent_mix=0.5/0.2 canonical_views=2 cap=2000000 aux_weight=0.15 matmul=high
[t=   1.6s] greedy ep  0 games=  96 dec= 18342 rows= 17608 horizon=0.29 L=2.66590 L/var=15.27 tgt=-0.079/0.418 pstd=0.312 aux=0.9968/0.473 gen=0.1s train=1.4s
[t=   2.8s] greedy ep  1 games=  96 dec= 18396 rows= 17677 horizon=0.27 L=0.47093 L/var=3.01 tgt=-0.066/0.396 pstd=0.057 aux=0.8945/0.639 gen=0.1s train=0.9s
[t=   3.9s] greedy ep  2 games=  96 dec= 18377 rows= 17583 horizon=0.26 L=0.33255 L/var=1.91 tgt=-0.078/0.417 pstd=0.089 aux=0.7941/0.723 gen=0.1s train=0.9s
[t=   5.2s] greedy ep  3 games=  96 dec= 18947 rows= 18171 horizon=0.32 L=0.29987 L/var=1.96 tgt=-0.057/0.391 pstd=0.093 aux=0.6947/0.733 gen=0.1s train=1.0s
[t=   6.4s] greedy ep  4 games=  96 dec= 18547 rows= 17732 horizon=0.30 L=0.23046 L/var=1.29 tgt=-0.112/0.422 pstd=0.102 aux=0.7425/0.681 gen=0.1s train=1.0s
[t=   7.6s] greedy ep  5 games=  96 dec= 18901 rows= 18097 horizon=0.34 L=0.33590 L/var=2.01 tgt=-0.082/0.409 pstd=0.072 aux=0.6577/0.725 gen=0.1s train=1.0s
[t=   8.8s] greedy ep  6 games=  96 dec= 18387 rows= 17547 horizon=0.30 L=0.23014 L/var=1.47 tgt=-0.076/0.396 pstd=0.075 aux=0.6099/0.741 gen=0.1s train=0.9s
[t=  10.0s] greedy ep  7 games=  96 dec= 18528 rows= 17793 horizon=0.27 L=0.23200 L/var=1.39 tgt=-0.088/0.408 pstd=0.098 aux=0.6276/0.732 gen=0.1s train=1.0s
[t=  11.1s] greedy ep  8 games=  96 dec= 18394 rows= 17655 horizon=0.29 L=0.22963 L/var=1.27 tgt=-0.092/0.425 pstd=0.094 aux=0.6189/0.739 gen=0.1s train=0.9s
[t=  12.2s] greedy ep  9 games=  96 dec= 17563 rows= 16745 horizon=0.21 L=0.23083 L/var=1.26 tgt=-0.120/0.429 pstd=0.110 aux=0.5941/0.751 gen=0.1s train=0.8s
[t=  13.3s] greedy ep 10 games=  96 dec= 18069 rows= 17384 horizon=0.29 L=0.22930 L/var=1.30 tgt=-0.085/0.419 pstd=0.111 aux=0.5706/0.763 gen=0.1s train=0.9s
[t=  14.4s] greedy ep 11 games=  96 dec= 18176 rows= 17372 horizon=0.23 L=0.22277 L/var=1.55 tgt=-0.056/0.379 pstd=0.106 aux=0.5424/0.779 gen=0.1s train=0.9s
[t=  15.7s] greedy ep 12 games=  96 dec= 19741 rows= 18986 horizon=0.35 L=0.23280 L/var=1.47 tgt=-0.068/0.398 pstd=0.117 aux=0.6275/0.752 gen=0.1s train=1.0s
[t=  16.7s] greedy ep 13 games=  96 dec= 18238 rows= 17467 horizon=0.29 L=0.23433 L/var=1.30 tgt=-0.083/0.425 pstd=0.108 aux=0.5984/0.755 gen=0.1s train=0.9s
[t=  18.0s] greedy ep 14 games=  96 dec= 18696 rows= 17927 horizon=0.31 L=0.22549 L/var=1.37 tgt=-0.088/0.406 pstd=0.104 aux=0.5682/0.759 gen=0.1s train=1.0s
[t=  19.1s] greedy ep 15 games=  96 dec= 18933 rows= 18158 horizon=0.35 L=0.22472 L/var=1.39 tgt=-0.095/0.402 pstd=0.123 aux=0.5490/0.767 gen=0.1s train=0.9s
[t=  20.3s] greedy ep 16 games=  96 dec= 18762 rows= 17955 horizon=0.32 L=0.23141 L/var=1.47 tgt=-0.079/0.396 pstd=0.129 aux=0.5414/0.771 gen=0.1s train=0.9s
[t=  21.3s] greedy ep 17 games=  96 dec= 18245 rows= 17407 horizon=0.27 L=0.22162 L/var=1.37 tgt=-0.104/0.402 pstd=0.157 aux=0.5265/0.781 gen=0.1s train=0.9s
[t=  22.4s] greedy ep 18 games=  96 dec= 18022 rows= 17241 horizon=0.26 L=0.20405 L/var=1.23 tgt=-0.092/0.408 pstd=0.162 aux=0.4989/0.796 gen=0.1s train=0.9s
[t=  23.5s] greedy ep 19 games=  96 dec= 18196 rows= 17360 horizon=0.22 L=0.20872 L/var=1.44 tgt=-0.064/0.381 pstd=0.110 aux=0.4865/0.800 gen=0.1s train=0.9s
[t=  24.6s] greedy ep 20 games=  96 dec= 18279 rows= 17498 horizon=0.29 L=0.21657 L/var=1.28 tgt=-0.105/0.412 pstd=0.163 aux=0.5279/0.775 gen=0.1s train=0.9s
[t=  25.7s] greedy ep 21 games=  96 dec= 18301 rows= 17570 horizon=0.27 L=0.23105 L/var=1.48 tgt=-0.064/0.395 pstd=0.162 aux=0.5528/0.764 gen=0.1s train=0.9s
[t=  26.7s] greedy ep 22 games=  96 dec= 18621 rows= 17801 horizon=0.28 L=0.38381 L/var=2.44 tgt=-0.060/0.397 pstd=0.100 aux=0.6334/0.730 gen=0.1s train=0.9s
[t=  27.9s] greedy ep 23 games=  96 dec= 18753 rows= 17971 horizon=0.31 L=0.24870 L/var=1.55 tgt=-0.082/0.400 pstd=0.075 aux=0.5740/0.768 gen=0.1s train=0.9s
[t=  29.0s] greedy ep 24 games=  96 dec= 18088 rows= 17373 horizon=0.27 L=0.22745 L/var=1.30 tgt=-0.089/0.418 pstd=0.109 aux=0.5263/0.788 gen=0.1s train=0.9s
[t=  30.1s] greedy ep 25 games=  96 dec= 18349 rows= 17726 horizon=0.30 L=0.21069 L/var=1.16 tgt=-0.113/0.426 pstd=0.145 aux=0.5003/0.797 gen=0.1s train=0.9s
[t=  31.2s] greedy ep 26 games=  96 dec= 18477 rows= 17641 horizon=0.29 L=0.21054 L/var=1.29 tgt=-0.083/0.404 pstd=0.152 aux=0.4910/0.798 gen=0.1s train=0.9s
[t=  32.3s] greedy ep 27 games=  96 dec= 18477 rows= 17659 horizon=0.27 L=0.20893 L/var=1.38 tgt=-0.083/0.390 pstd=0.112 aux=0.4865/0.799 gen=0.1s train=0.9s
[t=  33.3s] greedy ep 28 games=  96 dec= 17496 rows= 16729 horizon=0.25 L=0.21848 L/var=1.35 tgt=-0.073/0.402 pstd=0.121 aux=0.4965/0.791 gen=0.1s train=0.8s
[t=  34.5s] greedy ep 29 games=  96 dec= 19429 rows= 18607 horizon=0.35 L=0.20520 L/var=1.34 tgt=-0.056/0.391 pstd=0.203 aux=0.4883/0.796 gen=0.1s train=0.9s
[t=  35.6s] greedy ep 30 games=  96 dec= 18237 rows= 17408 horizon=0.26 L=0.24516 L/var=1.59 tgt=-0.061/0.393 pstd=0.092 aux=0.6072/0.735 gen=0.1s train=0.9s
[t=  36.7s] greedy ep 31 games=  96 dec= 18073 rows= 17303 horizon=0.25 L=0.21231 L/var=1.26 tgt=-0.083/0.410 pstd=0.147 aux=0.5225/0.785 gen=0.1s train=0.9s
[t=  37.9s] greedy ep 32 games=  96 dec= 18210 rows= 17484 horizon=0.31 L=0.20093 L/var=1.14 tgt=-0.096/0.420 pstd=0.165 aux=0.4940/0.798 gen=0.1s train=0.9s
[t=  39.0s] greedy ep 33 games=  96 dec= 17956 rows= 17191 horizon=0.22 L=0.19963 L/var=1.08 tgt=-0.080/0.431 pstd=0.163 aux=0.4841/0.799 gen=0.1s train=0.9s
[t=  40.1s] greedy ep 34 games=  96 dec= 18181 rows= 17435 horizon=0.27 L=0.20764 L/var=1.29 tgt=-0.075/0.401 pstd=0.166 aux=0.4847/0.799 gen=0.1s train=0.9s
[t=  41.2s] greedy ep 35 games=  96 dec= 18033 rows= 17209 horizon=0.25 L=0.20206 L/var=1.29 tgt=-0.077/0.395 pstd=0.170 aux=0.4862/0.799 gen=0.1s train=0.9s
[t=  42.4s] greedy ep 36 games=  96 dec= 18846 rows= 18065 horizon=0.30 L=0.25105 L/var=1.66 tgt=-0.049/0.389 pstd=0.072 aux=0.5086/0.787 gen=0.1s train=1.0s
[t=  43.6s] greedy ep 37 games=  96 dec= 18927 rows= 18102 horizon=0.32 L=0.23400 L/var=1.51 tgt=-0.089/0.394 pstd=0.081 aux=0.5100/0.783 gen=0.1s train=1.0s
[t=  44.7s] greedy ep 38 games=  96 dec= 18515 rows= 17716 horizon=0.28 L=0.20920 L/var=1.44 tgt=-0.049/0.381 pstd=0.136 aux=0.4904/0.798 gen=0.1s train=0.9s
[t=  45.8s] greedy ep 39 games=  96 dec= 17680 rows= 16853 horizon=0.21 L=0.20470 L/var=1.11 tgt=-0.081/0.429 pstd=0.158 aux=0.4847/0.800 gen=0.1s train=0.8s
[t=  46.9s] greedy ep 40 games=  96 dec= 17851 rows= 17124 horizon=0.28 L=0.18490 L/var=1.14 tgt=-0.087/0.402 pstd=0.197 aux=0.4896/0.798 gen=0.1s train=0.9s
[t=  48.0s] greedy ep 41 games=  96 dec= 18117 rows= 17374 horizon=0.31 L=0.21232 L/var=1.32 tgt=-0.093/0.401 pstd=0.106 aux=0.5126/0.784 gen=0.1s train=0.9s
[t=  49.1s] greedy ep 42 games=  96 dec= 18144 rows= 17387 horizon=0.25 L=0.22400 L/var=1.30 tgt=-0.078/0.415 pstd=0.105 aux=0.5046/0.791 gen=0.1s train=0.9s
[t=  50.3s] greedy ep 43 games=  96 dec= 19105 rows= 18300 horizon=0.29 L=0.21978 L/var=1.37 tgt=-0.057/0.401 pstd=0.099 aux=0.4896/0.799 gen=0.1s train=1.0s
[t=  51.4s] greedy ep 44 games=  96 dec= 18233 rows= 17345 horizon=0.24 L=0.20830 L/var=1.11 tgt=-0.091/0.433 pstd=0.162 aux=0.4867/0.798 gen=0.1s train=0.9s
[t=  52.6s] greedy ep 45 games=  96 dec= 19501 rows= 18734 horizon=0.35 L=0.20368 L/var=1.14 tgt=-0.082/0.423 pstd=0.170 aux=0.4845/0.799 gen=0.1s train=0.9s
[t=  53.7s] greedy ep 46 games=  96 dec= 18501 rows= 17741 horizon=0.28 L=0.20553 L/var=1.09 tgt=-0.103/0.434 pstd=0.196 aux=0.4763/0.803 gen=0.1s train=0.9s
[t=  54.9s] greedy ep 47 games=  96 dec= 19120 rows= 18338 horizon=0.30 L=0.19615 L/var=1.29 tgt=-0.061/0.390 pstd=0.271 aux=0.4844/0.800 gen=0.1s train=1.0s
[t=  56.0s] greedy ep 48 games=  96 dec= 18379 rows= 17641 horizon=0.31 L=0.18584 L/var=1.14 tgt=-0.085/0.404 pstd=0.278 aux=0.5032/0.792 gen=0.1s train=0.9s
[t=  57.1s] greedy ep 49 games=  96 dec= 17834 rows= 17093 horizon=0.25 L=0.18574 L/var=1.30 tgt=-0.058/0.378 pstd=0.266 aux=0.5177/0.784 gen=0.1s train=0.9s
[t=  58.2s] greedy ep 50 games=  96 dec= 18505 rows= 17744 horizon=0.27 L=0.12849 L/var=0.83 tgt=-0.072/0.394 pstd=0.292 aux=0.4991/0.795 gen=0.1s train=0.9s
[t=  59.4s] greedy ep 51 games=  96 dec= 18575 rows= 17864 horizon=0.34 L=0.14879 L/var=0.87 tgt=-0.094/0.413 pstd=0.309 aux=0.5002/0.794 gen=0.1s train=0.9s
[t=  60.5s] greedy ep 52 games=  96 dec= 18519 rows= 17765 horizon=0.28 L=0.19009 L/var=1.26 tgt=-0.082/0.388 pstd=0.306 aux=0.5067/0.791 gen=0.1s train=0.9s
[t=  61.6s] greedy ep 53 games=  96 dec= 18241 rows= 17411 horizon=0.21 L=0.11142 L/var=0.72 tgt=-0.085/0.393 pstd=0.316 aux=0.5081/0.794 gen=0.1s train=0.9s
[t=  62.8s] greedy ep 54 games=  96 dec= 18265 rows= 17474 horizon=0.24 L=0.06261 L/var=0.45 tgt=-0.070/0.375 pstd=0.376 aux=0.4991/0.795 gen=0.1s train=0.9s
[t=  63.9s] greedy ep 55 games=  96 dec= 17706 rows= 16961 horizon=0.22 L=0.03478 L/var=0.23 tgt=-0.073/0.390 pstd=0.397 aux=0.4958/0.795 gen=0.1s train=0.9s
[t=  65.0s] greedy ep 56 games=  96 dec= 18256 rows= 17443 horizon=0.21 L=0.02528 L/var=0.18 tgt=-0.066/0.377 pstd=0.393 aux=0.4938/0.796 gen=0.1s train=0.9s
[t=  66.1s] greedy ep 57 games=  96 dec= 19059 rows= 18210 horizon=0.29 L=0.02388 L/var=0.15 tgt=-0.039/0.403 pstd=0.392 aux=0.4977/0.794 gen=0.1s train=1.0s
[t=  67.3s] greedy ep 58 games=  96 dec= 18736 rows= 17949 horizon=0.34 L=0.02180 L/var=0.15 tgt=-0.050/0.381 pstd=0.413 aux=0.4941/0.795 gen=0.1s train=0.9s
[t=  68.4s] greedy ep 59 games=  96 dec= 18803 rows= 18019 horizon=0.29 L=0.01662 L/var=0.11 tgt=-0.073/0.385 pstd=0.407 aux=0.4920/0.795 gen=0.1s train=0.9s
[t=  69.5s] greedy ep 60 games=  96 dec= 19352 rows= 18531 horizon=0.35 L=0.02497 L/var=0.17 tgt=-0.063/0.384 pstd=0.393 aux=0.4926/0.795 gen=0.1s train=0.9s
[t=  70.7s] greedy ep 61 games=  96 dec= 18644 rows= 17768 horizon=0.24 L=0.01532 L/var=0.09 tgt=-0.077/0.406 pstd=0.409 aux=0.4957/0.793 gen=0.1s train=0.9s
[t=  71.7s] greedy ep 62 games=  96 dec= 18205 rows= 17443 horizon=0.27 L=0.01276 L/var=0.08 tgt=-0.046/0.401 pstd=0.391 aux=0.4927/0.794 gen=0.1s train=0.9s
[t=  72.9s] greedy ep 63 games=  96 dec= 18871 rows= 18073 horizon=0.36 L=0.01146 L/var=0.07 tgt=-0.089/0.418 pstd=0.398 aux=0.4885/0.796 gen=0.1s train=0.9s
[t=  74.0s] greedy ep 64 games=  96 dec= 18863 rows= 18105 horizon=0.32 L=0.01058 L/var=0.06 tgt=-0.096/0.410 pstd=0.410 aux=0.4876/0.797 gen=0.1s train=0.9s
[t=  75.2s] greedy ep 65 games=  96 dec= 18484 rows= 17703 horizon=0.28 L=0.01013 L/var=0.06 tgt=-0.061/0.399 pstd=0.402 aux=0.4852/0.797 gen=0.1s train=1.0s
[t=  76.5s] greedy ep 66 games=  96 dec= 17839 rows= 17058 horizon=0.21 L=0.00741 L/var=0.04 tgt=-0.064/0.410 pstd=0.405 aux=0.4854/0.796 gen=0.1s train=1.0s
[t=  77.8s] greedy ep 67 games=  96 dec= 18703 rows= 17907 horizon=0.28 L=0.01154 L/var=0.08 tgt=-0.070/0.377 pstd=0.393 aux=0.4867/0.796 gen=0.1s train=1.0s
[t=  79.1s] greedy ep 68 games=  96 dec= 18689 rows= 17884 horizon=0.27 L=0.00855 L/var=0.05 tgt=-0.068/0.407 pstd=0.422 aux=0.4803/0.799 gen=0.1s train=1.0s
[t=  80.4s] greedy ep 69 games=  96 dec= 18772 rows= 17946 horizon=0.27 L=0.00643 L/var=0.04 tgt=-0.075/0.404 pstd=0.405 aux=0.4820/0.798 gen=0.1s train=1.1s
[t=  81.8s] greedy ep 70 games=  96 dec= 18735 rows= 18015 horizon=0.30 L=0.00916 L/var=0.05 tgt=-0.071/0.414 pstd=0.397 aux=0.4825/0.797 gen=0.1s train=1.1s
[t=  83.1s] greedy ep 71 games=  96 dec= 18090 rows= 17413 horizon=0.27 L=0.00612 L/var=0.04 tgt=-0.064/0.396 pstd=0.411 aux=0.4761/0.801 gen=0.1s train=1.0s
[t=  84.4s] greedy ep 72 games=  96 dec= 18291 rows= 17487 horizon=0.26 L=0.00579 L/var=0.04 tgt=-0.084/0.398 pstd=0.406 aux=0.4874/0.795 gen=0.1s train=1.0s
[t=  85.7s] greedy ep 73 games=  96 dec= 17664 rows= 16964 horizon=0.26 L=0.00553 L/var=0.04 tgt=-0.072/0.390 pstd=0.414 aux=0.4811/0.798 gen=0.1s train=1.0s
[t=  86.9s] greedy ep 74 games=  96 dec= 18249 rows= 17462 horizon=0.31 L=0.01002 L/var=0.07 tgt=-0.060/0.388 pstd=0.371 aux=0.4777/0.800 gen=0.1s train=1.0s
[t=  88.2s] greedy ep 75 games=  96 dec= 17683 rows= 16966 horizon=0.26 L=0.00897 L/var=0.06 tgt=-0.068/0.402 pstd=0.414 aux=0.4814/0.797 gen=0.1s train=1.0s
[t=  89.5s] greedy ep 76 games=  96 dec= 17799 rows= 17015 horizon=0.22 L=0.00554 L/var=0.03 tgt=-0.079/0.411 pstd=0.410 aux=0.4789/0.799 gen=0.1s train=1.0s
[t=  90.8s] greedy ep 77 games=  96 dec= 18045 rows= 17287 horizon=0.20 L=0.00486 L/var=0.03 tgt=-0.093/0.407 pstd=0.409 aux=0.4790/0.798 gen=0.1s train=1.0s
[t=  92.1s] greedy ep 78 games=  96 dec= 18358 rows= 17493 horizon=0.23 L=0.00489 L/var=0.03 tgt=-0.071/0.399 pstd=0.415 aux=0.4774/0.799 gen=0.1s train=1.0s
[t=  93.4s] greedy ep 79 games=  96 dec= 19131 rows= 18362 horizon=0.36 L=0.00457 L/var=0.03 tgt=-0.081/0.407 pstd=0.414 aux=0.4778/0.799 gen=0.1s train=1.1s
[t=  94.8s] greedy ep 80 games=  96 dec= 19813 rows= 18976 horizon=0.38 L=0.00780 L/var=0.05 tgt=-0.064/0.411 pstd=0.378 aux=0.4806/0.797 gen=0.1s train=1.1s
[t=  95.9s] greedy ep 81 games=  96 dec= 18546 rows= 17798 horizon=0.33 L=0.00758 L/var=0.05 tgt=-0.074/0.403 pstd=0.422 aux=0.4769/0.798 gen=0.1s train=0.9s
[t=  97.0s] greedy ep 82 games=  96 dec= 18268 rows= 17462 horizon=0.23 L=0.00651 L/var=0.04 tgt=-0.067/0.400 pstd=0.406 aux=0.4756/0.799 gen=0.1s train=0.9s
[t=  98.2s] greedy ep 83 games=  96 dec= 18167 rows= 17390 horizon=0.22 L=0.00455 L/var=0.03 tgt=-0.058/0.399 pstd=0.416 aux=0.4788/0.798 gen=0.1s train=0.9s
[t=  99.3s] greedy ep 84 games=  96 dec= 17604 rows= 16957 horizon=0.23 L=0.00433 L/var=0.03 tgt=-0.070/0.396 pstd=0.409 aux=0.4783/0.798 gen=0.1s train=0.9s
[t= 100.5s] greedy ep 85 games=  96 dec= 19947 rows= 19175 horizon=0.38 L=0.00466 L/var=0.03 tgt=-0.079/0.407 pstd=0.414 aux=0.4723/0.800 gen=0.1s train=1.0s
[t= 101.6s] greedy ep 86 games=  96 dec= 17721 rows= 16998 horizon=0.24 L=0.00368 L/var=0.02 tgt=-0.085/0.405 pstd=0.414 aux=0.4777/0.797 gen=0.1s train=0.9s
[t= 102.7s] greedy ep 87 games=  96 dec= 16992 rows= 16201 horizon=0.22 L=0.00399 L/var=0.02 tgt=-0.101/0.412 pstd=0.415 aux=0.4747/0.799 gen=0.1s train=0.8s
[t= 103.9s] greedy ep 88 games=  96 dec= 18932 rows= 18142 horizon=0.31 L=0.00377 L/var=0.02 tgt=-0.084/0.427 pstd=0.415 aux=0.4720/0.799 gen=0.1s train=0.9s
[t= 105.1s] greedy ep 89 games=  96 dec= 19271 rows= 18554 horizon=0.33 L=0.00588 L/var=0.04 tgt=-0.088/0.395 pstd=0.412 aux=0.4758/0.798 gen=0.1s train=0.9s
[t= 106.1s] greedy ep 90 games=  96 dec= 17357 rows= 16547 horizon=0.25 L=0.00484 L/var=0.03 tgt=-0.104/0.432 pstd=0.415 aux=0.4714/0.800 gen=0.1s train=0.8s
[t= 107.3s] greedy ep 91 games=  96 dec= 18249 rows= 17452 horizon=0.26 L=0.00389 L/var=0.02 tgt=-0.085/0.422 pstd=0.409 aux=0.4768/0.798 gen=0.1s train=0.9s
[t= 108.5s] greedy ep 92 games=  96 dec= 19046 rows= 18289 horizon=0.34 L=0.00362 L/var=0.02 tgt=-0.069/0.397 pstd=0.408 aux=0.4746/0.799 gen=0.1s train=1.0s
[t= 109.6s] greedy ep 93 games=  96 dec= 18803 rows= 18013 horizon=0.31 L=0.00499 L/var=0.03 tgt=-0.090/0.427 pstd=0.406 aux=0.4728/0.799 gen=0.1s train=1.0s
[t= 110.7s] greedy ep 94 games=  96 dec= 16948 rows= 16193 horizon=0.18 L=0.00355 L/var=0.02 tgt=-0.085/0.417 pstd=0.416 aux=0.4756/0.798 gen=0.1s train=0.8s
[t= 111.8s] greedy ep 95 games=  96 dec= 17032 rows= 16311 horizon=0.23 L=0.00324 L/var=0.02 tgt=-0.063/0.397 pstd=0.417 aux=0.4719/0.799 gen=0.1s train=0.8s
[t= 113.0s] greedy ep 96 games=  96 dec= 19604 rows= 18811 horizon=0.36 L=0.00375 L/var=0.02 tgt=-0.080/0.391 pstd=0.399 aux=0.4743/0.798 gen=0.1s train=1.0s
[t= 114.1s] greedy ep 97 games=  96 dec= 18284 rows= 17453 horizon=0.28 L=0.00462 L/var=0.03 tgt=-0.037/0.402 pstd=0.394 aux=0.4728/0.799 gen=0.1s train=0.9s
[t= 115.2s] greedy ep 98 games=  96 dec= 17682 rows= 16986 horizon=0.24 L=0.00367 L/var=0.02 tgt=-0.037/0.384 pstd=0.407 aux=0.4727/0.798 gen=0.1s train=0.9s
[t= 116.4s] greedy ep 99 games=  96 dec= 19368 rows= 18539 horizon=0.34 L=0.00406 L/var=0.03 tgt=-0.075/0.400 pstd=0.397 aux=0.4702/0.800 gen=0.1s train=1.0s
[t= 117.5s] greedy ep100 games=  96 dec= 17893 rows= 17172 horizon=0.25 L=0.00442 L/var=0.03 tgt=-0.059/0.381 pstd=0.416 aux=0.4746/0.798 gen=0.1s train=0.9s
[t= 118.7s] greedy ep101 games=  96 dec= 18085 rows= 17399 horizon=0.31 L=0.00388 L/var=0.02 tgt=-0.079/0.402 pstd=0.406 aux=0.4672/0.801 gen=0.1s train=0.9s
[t= 119.8s] greedy ep102 games=  96 dec= 18457 rows= 17605 horizon=0.26 L=0.00299 L/var=0.02 tgt=-0.071/0.397 pstd=0.409 aux=0.4742/0.798 gen=0.1s train=0.9s
[t= 120.9s] greedy ep103 games=  96 dec= 18581 rows= 17720 horizon=0.24 L=0.00320 L/var=0.02 tgt=-0.061/0.376 pstd=0.418 aux=0.4729/0.798 gen=0.1s train=0.9s
[t= 120.9s] --- snapshot snap_00.pt (init) ---
[t= 120.9s] --- switching to ReBeL ---
[t= 131.1s] rebel stream solves=41984 raw=4115/s balanced=4115/s debt=0 rows steps=164 horizon=0.00 games=0 over=0 card=0 drop=0 L=0.01481 L/var=1.13 tgt=-0.037/0.115 aux=0.0103/0.996 cfg/b=32393 prep=0.59s gpu=0.00s conv=0.03s add=0.80s train=8.96s
[t= 141.2s] rebel stream solves=82944 raw=4097/s balanced=4097/s debt=0 rows steps=324 horizon=0.00 games=4 over=0 card=0 drop=0 L=0.00188 L/var=0.23 tgt=+0.002/0.090 aux=0.0002/1.000 cfg/b=15876 prep=0.59s gpu=0.00s conv=0.01s add=0.37s train=8.83s
[t= 151.2s] rebel stream solves=124928 raw=4125/s balanced=4125/s debt=0 rows steps=488 horizon=0.00 games=73 over=0 card=0 drop=0 L=0.00164 L/var=0.15 tgt=+0.058/0.105 aux=0.0001/1.000 cfg/b=9814 prep=0.58s gpu=0.00s conv=0.01s add=0.23s train=8.97s
[t= 161.4s] rebel stream solves=167936 raw=4149/s balanced=4149/s debt=0 rows steps=656 horizon=0.00 games=99 over=0 card=0 drop=0 L=0.00218 L/var=0.21 tgt=+0.048/0.102 aux=0.0001/1.000 cfg/b=7933 prep=0.58s gpu=0.00s conv=0.01s add=0.24s train=9.23s
[t= 171.5s] rebel stream solves=212992 raw=4213/s balanced=4213/s debt=0 rows steps=832 horizon=0.00 games=47 over=0 card=0 drop=0 L=0.00143 L/var=0.15 tgt=+0.062/0.099 aux=0.0001/1.000 cfg/b=7112 prep=0.58s gpu=0.00s conv=0.01s add=0.23s train=9.36s
[t= 181.6s] rebel stream solves=259072 raw=4274/s balanced=4274/s debt=0 rows steps=1012 horizon=0.00 games=52 over=0 card=0 drop=0 L=0.00106 L/var=0.11 tgt=+0.080/0.099 aux=0.0001/1.000 cfg/b=6034 prep=0.57s gpu=0.00s conv=0.01s add=0.22s train=9.48s
[t= 191.8s] rebel stream solves=305152 raw=4309/s balanced=4309/s debt=0 rows steps=1192 horizon=0.94 games=891 over=0 card=0 drop=0 L=0.00121 L/var=0.21 tgt=+0.011/0.075 aux=0.0001/1.000 cfg/b=5107 prep=0.55s gpu=0.00s conv=0.01s add=0.45s train=9.39s
[t= 202.0s] rebel stream solves=348160 raw=4295/s balanced=4295/s debt=0 rows steps=1360 horizon=0.58 games=165 over=0 card=0 drop=0 L=0.00126 L/var=0.25 tgt=+0.034/0.071 aux=0.0001/1.000 cfg/b=10463 prep=0.56s gpu=0.00s conv=0.01s add=0.52s train=9.09s
[t= 212.2s] rebel stream solves=392192 raw=4299/s balanced=4299/s debt=0 rows steps=1532 horizon=0.02 games=469 over=0 card=0 drop=0 L=0.00301 L/var=0.10 tgt=+0.067/0.176 aux=0.0001/1.000 cfg/b=8753 prep=0.56s gpu=0.00s conv=0.01s add=0.44s train=9.21s
[t= 222.2s] rebel stream solves=436224 raw=4307/s balanced=4307/s debt=0 rows steps=1704 horizon=0.12 games=470 over=0 card=0 drop=0 L=0.00449 L/var=0.12 tgt=+0.092/0.195 aux=0.0001/1.000 cfg/b=10637 prep=0.55s gpu=0.00s conv=0.01s add=0.57s train=9.06s
[t= 232.5s] rebel stream solves=479232 raw=4296/s balanced=4296/s debt=0 rows steps=1872 horizon=0.08 games=399 over=0 card=0 drop=0 L=0.00352 L/var=0.07 tgt=+0.123/0.221 aux=0.0001/1.000 cfg/b=12567 prep=0.57s gpu=0.00s conv=0.01s add=0.58s train=9.02s
[t= 242.6s] rebel stream solves=520192 raw=4275/s balanced=4275/s debt=0 rows steps=2032 horizon=0.01 games=401 over=0 card=0 drop=0 L=0.00405 L/var=0.07 tgt=+0.140/0.239 aux=0.0001/1.000 cfg/b=13944 prep=0.55s gpu=0.00s conv=0.02s add=0.62s train=8.62s
[t= 252.7s] rebel stream solves=561152 raw=4260/s balanced=4260/s debt=0 rows steps=2192 horizon=0.01 games=420 over=0 card=0 drop=0 L=0.00426 L/var=0.08 tgt=+0.137/0.230 aux=0.0001/1.000 cfg/b=15237 prep=0.57s gpu=0.00s conv=0.01s add=0.57s train=8.55s
[t= 262.8s] rebel stream solves=601088 raw=4236/s balanced=4236/s debt=0 rows steps=2348 horizon=0.08 games=393 over=0 card=0 drop=0 L=0.00491 L/var=0.10 tgt=+0.131/0.223 aux=0.0001/1.000 cfg/b=15597 prep=0.58s gpu=0.00s conv=0.01s add=0.62s train=8.69s
[t= 273.0s] rebel stream solves=641024 raw=4215/s balanced=4215/s debt=0 rows steps=2504 horizon=0.03 games=411 over=0 card=0 drop=0 L=0.00501 L/var=0.11 tgt=+0.124/0.214 aux=0.0001/1.000 cfg/b=16563 prep=0.58s gpu=0.00s conv=0.01s add=0.66s train=8.66s
[t= 283.3s] rebel stream solves=684032 raw=4214/s balanced=4214/s debt=0 rows steps=2672 horizon=0.02 games=574 over=0 card=0 drop=0 L=0.00579 L/var=0.12 tgt=+0.121/0.224 aux=0.0001/1.000 cfg/b=17528 prep=0.58s gpu=0.00s conv=0.01s add=0.68s train=8.98s
[t= 293.3s] rebel stream solves=724992 raw=4207/s balanced=4207/s debt=0 rows steps=2832 horizon=0.02 games=519 over=0 card=0 drop=0 L=0.00563 L/var=0.10 tgt=+0.109/0.235 aux=0.0001/1.000 cfg/b=18514 prep=0.56s gpu=0.00s conv=0.01s add=0.69s train=8.67s
[t= 303.4s] rebel stream solves=765952 raw=4198/s balanced=4198/s debt=0 rows steps=2992 horizon=0.00 games=535 over=0 card=0 drop=0 L=0.00619 L/var=0.11 tgt=+0.102/0.241 aux=0.0001/1.000 cfg/b=19081 prep=0.57s gpu=0.00s conv=0.01s add=0.71s train=8.75s
[t= 313.5s] rebel stream solves=809984 raw=4208/s balanced=4208/s debt=0 rows steps=3164 horizon=0.00 games=560 over=0 card=0 drop=0 L=0.00605 L/var=0.11 tgt=+0.098/0.238 aux=0.0001/1.000 cfg/b=19611 prep=0.57s gpu=0.00s conv=0.01s add=0.64s train=8.97s
[t= 323.5s] rebel stream solves=852992 raw=4212/s balanced=4212/s debt=0 rows steps=3332 horizon=0.00 games=545 over=0 card=0 drop=0 L=0.00616 L/var=0.10 tgt=+0.102/0.247 aux=0.0001/1.000 cfg/b=19673 prep=0.54s gpu=0.00s conv=0.01s add=0.65s train=8.81s
[t= 333.6s] rebel stream solves=894976 raw=4209/s balanced=4209/s debt=0 rows steps=3496 horizon=0.00 games=580 over=0 card=0 drop=0 L=0.00651 L/var=0.10 tgt=+0.105/0.256 aux=0.0001/1.000 cfg/b=20010 prep=0.56s gpu=0.00s conv=0.01s add=0.72s train=8.89s
[t= 343.7s] rebel stream solves=935936 raw=4202/s balanced=4202/s debt=0 rows steps=3656 horizon=0.00 games=550 over=0 card=0 drop=0 L=0.00612 L/var=0.09 tgt=+0.093/0.256 aux=0.0001/1.000 cfg/b=20957 prep=0.58s gpu=0.00s conv=0.01s add=0.74s train=8.85s
[t= 353.7s] rebel stream solves=975872 raw=4193/s balanced=4193/s debt=0 rows steps=3812 horizon=0.00 games=540 over=0 card=0 drop=0 L=0.00610 L/var=0.10 tgt=+0.088/0.252 aux=0.0001/1.000 cfg/b=21084 prep=0.57s gpu=0.00s conv=0.01s add=0.75s train=8.77s
[t= 363.9s] rebel stream solves=1017856 raw=4189/s balanced=4189/s debt=0 rows steps=3976 horizon=0.00 games=554 over=0 card=0 drop=0 L=0.00628 L/var=0.09 tgt=+0.088/0.265 aux=0.0001/1.000 cfg/b=20943 prep=0.57s gpu=0.00s conv=0.02s add=0.78s train=8.96s
[t= 374.0s] rebel stream solves=1060864 raw=4192/s balanced=4192/s debt=0 rows steps=4144 horizon=0.00 games=567 over=0 card=0 drop=0 L=0.00611 L/var=0.09 tgt=+0.090/0.267 aux=0.0001/1.000 cfg/b=21171 prep=0.56s gpu=0.00s conv=0.02s add=0.72s train=8.76s
[t= 384.0s] rebel stream solves=1102848 raw=4192/s balanced=4192/s debt=0 rows steps=4308 horizon=0.00 games=556 over=0 card=0 drop=0 L=0.00631 L/var=0.08 tgt=+0.083/0.281 aux=0.0000/1.000 cfg/b=21505 prep=0.56s gpu=0.00s conv=0.02s add=0.75s train=8.67s
[t= 394.1s] rebel stream solves=1146880 raw=4199/s balanced=4199/s debt=0 rows steps=4480 horizon=0.00 games=610 over=0 card=0 drop=0 L=0.00656 L/var=0.07 tgt=+0.078/0.297 aux=0.0001/1.000 cfg/b=21896 prep=0.54s gpu=0.00s conv=0.02s add=0.74s train=8.82s
[t= 404.1s] rebel stream solves=1190912 raw=4206/s balanced=4206/s debt=0 rows steps=4652 horizon=0.00 games=586 over=0 card=0 drop=0 L=0.00630 L/var=0.07 tgt=+0.081/0.291 aux=0.0001/1.000 cfg/b=22069 prep=0.53s gpu=0.00s conv=0.01s add=0.76s train=8.83s
[t= 414.2s] rebel stream solves=1235968 raw=4214/s balanced=4214/s debt=0 rows steps=4828 horizon=0.00 games=601 over=0 card=0 drop=0 L=0.00613 L/var=0.07 tgt=+0.080/0.302 aux=0.0000/1.000 cfg/b=22549 prep=0.54s gpu=0.00s conv=0.01s add=0.79s train=8.92s
[t= 424.3s] rebel stream solves=1277952 raw=4213/s balanced=4213/s debt=0 rows steps=4992 horizon=0.00 games=583 over=0 card=0 drop=0 L=0.00653 L/var=0.07 tgt=+0.082/0.305 aux=0.0000/1.000 cfg/b=22537 prep=0.55s gpu=0.00s conv=0.01s add=0.75s train=8.74s
[t= 434.5s] rebel stream solves=1323008 raw=4220/s balanced=4220/s debt=0 rows steps=5168 horizon=0.00 games=580 over=0 card=0 drop=0 L=0.00629 L/var=0.07 tgt=+0.075/0.302 aux=0.0000/1.000 cfg/b=22915 prep=0.54s gpu=0.00s conv=0.01s add=0.77s train=9.01s
[t= 444.6s] rebel stream solves=1367040 raw=4224/s balanced=4224/s debt=0 rows steps=5340 horizon=0.00 games=617 over=0 card=0 drop=0 L=0.00623 L/var=0.07 tgt=+0.073/0.309 aux=0.0000/1.000 cfg/b=23362 prep=0.53s gpu=0.00s conv=0.02s add=0.78s train=8.87s
[t= 454.7s] rebel stream solves=1406976 raw=4216/s balanced=4216/s debt=0 rows steps=5496 horizon=0.00 games=535 over=0 card=0 drop=0 L=0.00631 L/var=0.06 tgt=+0.078/0.318 aux=0.0000/1.000 cfg/b=23613 prep=0.57s gpu=0.00s conv=0.01s add=0.84s train=8.80s
[t= 464.8s] rebel stream solves=1446912 raw=4208/s balanced=4208/s debt=0 rows steps=5652 horizon=0.00 games=526 over=0 card=0 drop=0 L=0.00653 L/var=0.07 tgt=+0.076/0.313 aux=0.0000/1.000 cfg/b=23723 prep=0.55s gpu=0.00s conv=0.02s add=0.85s train=8.81s
[t= 475.0s] rebel stream solves=1488896 raw=4205/s balanced=4205/s debt=0 rows steps=5816 horizon=0.00 games=542 over=0 card=0 drop=0 L=0.00653 L/var=0.06 tgt=+0.070/0.331 aux=0.0000/1.000 cfg/b=23838 prep=0.54s gpu=0.00s conv=0.02s add=0.86s train=8.84s
[t= 485.2s] rebel stream solves=1531904 raw=4205/s balanced=4205/s debt=0 rows steps=5984 horizon=0.00 games=563 over=0 card=0 drop=0 L=0.00649 L/var=0.06 tgt=+0.073/0.333 aux=0.0000/1.000 cfg/b=24026 prep=0.52s gpu=0.00s conv=0.02s add=0.84s train=8.78s
[t= 495.4s] rebel stream solves=1572864 raw=4200/s balanced=4200/s debt=0 rows steps=6144 horizon=0.00 games=540 over=0 card=0 drop=0 L=0.00665 L/var=0.06 tgt=+0.068/0.333 aux=0.0000/1.000 cfg/b=24390 prep=0.55s gpu=0.00s conv=0.02s add=0.81s train=8.72s
[t= 505.5s] rebel stream solves=1611776 raw=4192/s balanced=4192/s debt=0 rows steps=6296 horizon=0.00 games=499 over=0 card=0 drop=0 L=0.00636 L/var=0.06 tgt=+0.077/0.325 aux=0.0000/1.000 cfg/b=24296 prep=0.56s gpu=0.00s conv=0.02s add=0.81s train=8.59s
[t= 515.5s] rebel stream solves=1653760 raw=4191/s balanced=4191/s debt=0 rows steps=6460 horizon=0.00 games=559 over=0 card=0 drop=0 L=0.00619 L/var=0.05 tgt=+0.073/0.338 aux=0.0000/1.000 cfg/b=24326 prep=0.55s gpu=0.00s conv=0.02s add=0.83s train=8.71s
[t= 525.7s] rebel stream solves=1694720 raw=4188/s balanced=4188/s debt=0 rows steps=6620 horizon=0.00 games=511 over=0 card=0 drop=0 L=0.00604 L/var=0.05 tgt=+0.076/0.337 aux=0.0000/1.000 cfg/b=24504 prep=0.54s gpu=0.00s conv=0.02s add=0.85s train=8.81s
[t= 535.9s] rebel stream solves=1738752 raw=4191/s balanced=4191/s debt=0 rows steps=6792 horizon=0.00 games=557 over=0 card=0 drop=0 L=0.00590 L/var=0.05 tgt=+0.067/0.337 aux=0.0000/1.000 cfg/b=24780 prep=0.51s gpu=0.00s conv=0.02s add=0.85s train=8.87s
[t= 545.9s] rebel stream solves=1781760 raw=4192/s balanced=4192/s debt=0 rows steps=6960 horizon=0.00 games=570 over=0 card=0 drop=0 L=0.00631 L/var=0.05 tgt=+0.068/0.342 aux=0.0000/1.000 cfg/b=24842 prep=0.51s gpu=0.00s conv=0.01s add=0.85s train=8.71s
[t= 556.0s] rebel stream solves=1822720 raw=4190/s balanced=4190/s debt=0 rows steps=7120 horizon=0.00 games=533 over=0 card=0 drop=0 L=0.00600 L/var=0.05 tgt=+0.076/0.343 aux=0.0000/1.000 cfg/b=24896 prep=0.55s gpu=0.00s conv=0.02s add=0.81s train=8.78s
[t= 566.1s] rebel stream solves=1862656 raw=4185/s balanced=4185/s debt=0 rows steps=7276 horizon=0.00 games=511 over=0 card=0 drop=0 L=0.00597 L/var=0.04 tgt=+0.066/0.365 aux=0.0000/1.000 cfg/b=24845 prep=0.57s gpu=0.00s conv=0.02s add=0.86s train=8.83s
[t= 576.3s] rebel stream solves=1902592 raw=4179/s balanced=4179/s debt=0 rows steps=7432 horizon=0.00 games=524 over=0 card=0 drop=0 L=0.00581 L/var=0.04 tgt=+0.062/0.366 aux=0.0000/1.000 cfg/b=24930 prep=0.51s gpu=0.00s conv=0.02s add=0.85s train=8.48s
[t= 586.4s] rebel stream solves=1945600 raw=4180/s balanced=4180/s debt=0 rows steps=7600 horizon=0.00 games=586 over=0 card=0 drop=0 L=0.00607 L/var=0.05 tgt=+0.063/0.351 aux=0.0000/1.000 cfg/b=25053 prep=0.51s gpu=0.00s conv=0.02s add=0.86s train=8.86s
[t= 596.5s] rebel stream solves=1986560 raw=4178/s balanced=4178/s debt=0 rows steps=7760 horizon=0.00 games=512 over=0 card=0 drop=0 L=0.00608 L/var=0.05 tgt=+0.057/0.367 aux=0.0000/1.000 cfg/b=25146 prep=0.53s gpu=0.00s conv=0.02s add=0.87s train=8.72s
[t= 606.6s] rebel stream solves=2027520 raw=4175/s balanced=4175/s debt=0 rows steps=7920 horizon=0.00 games=515 over=0 card=0 drop=0 L=0.00577 L/var=0.04 tgt=+0.064/0.369 aux=0.0000/1.000 cfg/b=24968 prep=0.52s gpu=0.00s conv=0.01s add=0.88s train=8.64s
[t= 616.6s] rebel stream solves=2066432 raw=4169/s balanced=4169/s debt=0 rows steps=8072 horizon=0.00 games=506 over=0 card=0 drop=0 L=0.00562 L/var=0.04 tgt=+0.069/0.369 aux=0.0000/1.000 cfg/b=24814 prep=0.55s gpu=0.00s conv=0.02s add=0.83s train=8.77s
[t= 626.6s] rebel stream solves=2105344 raw=4164/s balanced=4164/s debt=0 rows steps=8224 horizon=0.00 games=464 over=0 card=0 drop=0 L=0.00575 L/var=0.04 tgt=+0.057/0.383 aux=0.0000/1.000 cfg/b=24849 prep=0.55s gpu=0.00s conv=0.02s add=0.83s train=8.76s
[t= 636.7s] rebel stream solves=2146304 raw=4161/s balanced=4161/s debt=0 rows steps=8384 horizon=0.00 games=557 over=0 card=0 drop=0 L=0.00633 L/var=0.04 tgt=+0.060/0.387 aux=0.0000/1.000 cfg/b=24726 prep=0.54s gpu=0.00s conv=0.02s add=0.85s train=8.80s
[t= 646.8s] rebel stream solves=2187264 raw=4159/s balanced=4159/s debt=0 rows steps=8544 horizon=0.00 games=530 over=0 card=0 drop=0 L=0.00624 L/var=0.04 tgt=+0.064/0.377 aux=0.0000/1.000 cfg/b=24866 prep=0.52s gpu=0.00s conv=0.02s add=0.86s train=8.71s
[t= 656.8s] rebel stream solves=2226176 raw=4154/s balanced=4154/s debt=0 rows steps=8696 horizon=0.00 games=514 over=0 card=0 drop=0 L=0.00648 L/var=0.04 tgt=+0.051/0.402 aux=0.0000/1.000 cfg/b=24936 prep=0.55s gpu=0.00s conv=0.02s add=0.87s train=8.66s
[t= 667.0s] rebel stream solves=2268160 raw=4154/s balanced=4154/s debt=0 rows steps=8860 horizon=0.00 games=543 over=0 card=0 drop=0 L=0.00643 L/var=0.04 tgt=+0.063/0.390 aux=0.0000/1.000 cfg/b=24520 prep=0.56s gpu=0.00s conv=0.02s add=0.84s train=8.89s
[t= 675.5s] --- lr -> 5.00e-04 ---
[t= 677.2s] rebel stream solves=2308096 raw=4149/s balanced=4149/s debt=0 rows steps=9016 horizon=0.00 games=486 over=0 card=0 drop=0 L=0.00612 L/var=0.04 tgt=+0.050/0.403 aux=0.0000/1.000 cfg/b=24676 prep=0.57s gpu=0.00s conv=0.02s add=0.87s train=8.68s
[t= 687.4s] rebel stream solves=2349056 raw=4147/s balanced=4147/s debt=0 rows steps=9176 horizon=0.00 games=568 over=0 card=0 drop=0 L=0.00566 L/var=0.03 tgt=+0.048/0.412 aux=0.0000/1.000 cfg/b=24778 prep=0.55s gpu=0.00s conv=0.02s add=0.84s train=8.54s
[t= 697.6s] rebel stream solves=2390016 raw=4145/s balanced=4145/s debt=0 rows steps=9336 horizon=0.00 games=510 over=0 card=0 drop=0 L=0.00545 L/var=0.03 tgt=+0.045/0.418 aux=0.0000/1.000 cfg/b=25304 prep=0.56s gpu=0.00s conv=0.02s add=0.87s train=8.53s
[t= 707.6s] rebel stream solves=2430976 raw=4144/s balanced=4144/s debt=0 rows steps=9496 horizon=0.00 games=508 over=0 card=0 drop=0 L=0.00555 L/var=0.03 tgt=+0.060/0.418 aux=0.0000/1.000 cfg/b=24898 prep=0.56s gpu=0.00s conv=0.02s add=0.82s train=8.56s
[t= 717.7s] rebel stream solves=2468864 raw=4137/s balanced=4137/s debt=0 rows steps=9644 horizon=0.00 games=510 over=0 card=0 drop=0 L=0.00547 L/var=0.03 tgt=+0.064/0.414 aux=0.0000/1.000 cfg/b=24702 prep=0.56s gpu=0.00s conv=0.02s add=0.84s train=8.42s
[t= 727.7s] rebel stream solves=2508800 raw=4135/s balanced=4135/s debt=0 rows steps=9800 horizon=0.00 games=513 over=0 card=0 drop=0 L=0.00569 L/var=0.03 tgt=+0.063/0.412 aux=0.0000/1.000 cfg/b=24757 prep=0.53s gpu=0.00s conv=0.02s add=0.89s train=8.35s
[t= 737.8s] rebel stream solves=2548736 raw=4132/s balanced=4132/s debt=0 rows steps=9956 horizon=0.00 games=492 over=0 card=0 drop=0 L=0.00582 L/var=0.04 tgt=+0.064/0.402 aux=0.0000/1.000 cfg/b=24862 prep=0.56s gpu=0.00s conv=0.02s add=0.86s train=8.81s
[t= 748.0s] rebel stream solves=2588672 raw=4128/s balanced=4128/s debt=0 rows steps=10112 horizon=0.00 games=492 over=0 card=0 drop=0 L=0.00573 L/var=0.03 tgt=+0.048/0.426 aux=0.0000/1.000 cfg/b=24604 prep=0.56s gpu=0.00s conv=0.02s add=0.83s train=8.87s
[t= 758.0s] rebel stream solves=2627584 raw=4124/s balanced=4124/s debt=0 rows steps=10264 horizon=0.00 games=488 over=0 card=0 drop=0 L=0.00610 L/var=0.03 tgt=+0.057/0.420 aux=0.0000/1.000 cfg/b=24596 prep=0.56s gpu=0.00s conv=0.02s add=0.85s train=8.71s
[t= 768.1s] rebel stream solves=2669568 raw=4125/s balanced=4125/s debt=0 rows steps=10428 horizon=0.00 games=507 over=0 card=0 drop=0 L=0.00580 L/var=0.03 tgt=+0.050/0.428 aux=0.0000/1.000 cfg/b=24670 prep=0.54s gpu=0.00s conv=0.02s add=0.85s train=8.70s
[t= 778.2s] rebel stream solves=2711552 raw=4125/s balanced=4125/s debt=0 rows steps=10592 horizon=0.00 games=573 over=0 card=0 drop=0 L=0.00581 L/var=0.03 tgt=+0.050/0.442 aux=0.0000/1.000 cfg/b=24805 prep=0.53s gpu=0.00s conv=0.02s add=0.85s train=8.75s
[t= 788.3s] rebel stream solves=2751488 raw=4123/s balanced=4123/s debt=0 rows steps=10748 horizon=0.00 games=470 over=0 card=0 drop=0 L=0.00592 L/var=0.03 tgt=+0.041/0.439 aux=0.0000/1.000 cfg/b=24646 prep=0.56s gpu=0.00s conv=0.01s add=0.84s train=8.65s
[t= 798.5s] rebel stream solves=2792448 raw=4121/s balanced=4121/s debt=0 rows steps=10908 horizon=0.01 games=519 over=0 card=0 drop=0 L=0.00612 L/var=0.03 tgt=+0.057/0.431 aux=0.0000/1.000 cfg/b=24338 prep=0.57s gpu=0.00s conv=0.02s add=0.82s train=8.67s
[t= 808.7s] rebel stream solves=2832384 raw=4118/s balanced=4118/s debt=0 rows steps=11064 horizon=0.00 games=490 over=0 card=0 drop=0 L=0.00629 L/var=0.03 tgt=+0.052/0.427 aux=0.0000/1.000 cfg/b=24333 prep=0.58s gpu=0.00s conv=0.02s add=0.83s train=8.72s
[t= 818.8s] rebel stream solves=2873344 raw=4118/s balanced=4118/s debt=0 rows steps=11224 horizon=0.00 games=500 over=0 card=0 drop=0 L=0.00605 L/var=0.03 tgt=+0.053/0.453 aux=0.0000/1.000 cfg/b=24403 prep=0.55s gpu=0.00s conv=0.02s add=0.82s train=8.71s
[t= 828.9s] rebel stream solves=2913280 raw=4115/s balanced=4115/s debt=0 rows steps=11380 horizon=0.00 games=523 over=0 card=0 drop=0 L=0.00598 L/var=0.03 tgt=+0.055/0.442 aux=0.0000/1.000 cfg/b=24526 prep=0.58s gpu=0.00s conv=0.02s add=0.86s train=8.86s
[t= 839.1s] rebel stream solves=2956288 raw=4116/s balanced=4116/s debt=0 rows steps=11548 horizon=0.00 games=521 over=0 card=0 drop=0 L=0.00608 L/var=0.03 tgt=+0.044/0.446 aux=0.0000/1.000 cfg/b=24491 prep=0.55s gpu=0.00s conv=0.02s add=0.82s train=8.87s
[t= 849.1s] rebel stream solves=2995200 raw=4113/s balanced=4113/s debt=0 rows steps=11700 horizon=0.01 games=500 over=0 card=0 drop=0 L=0.00602 L/var=0.03 tgt=+0.062/0.444 aux=0.0000/1.000 cfg/b=24502 prep=0.55s gpu=0.00s conv=0.01s add=0.82s train=8.54s
[t= 859.3s] rebel stream solves=3037184 raw=4114/s balanced=4114/s debt=0 rows steps=11864 horizon=0.00 games=535 over=0 card=0 drop=0 L=0.00614 L/var=0.03 tgt=+0.057/0.467 aux=0.0000/1.000 cfg/b=24342 prep=0.55s gpu=0.00s conv=0.01s add=0.83s train=8.86s
[t= 869.5s] rebel stream solves=3076096 raw=4110/s balanced=4110/s debt=0 rows steps=12016 horizon=0.01 games=442 over=0 card=0 drop=0 L=0.00599 L/var=0.03 tgt=+0.069/0.449 aux=0.0000/1.000 cfg/b=24682 prep=0.55s gpu=0.00s conv=0.02s add=0.84s train=8.49s
[t= 879.5s] rebel stream solves=3117056 raw=4109/s balanced=4109/s debt=0 rows steps=12176 horizon=0.01 games=517 over=0 card=0 drop=0 L=0.00622 L/var=0.03 tgt=+0.074/0.455 aux=0.0000/1.000 cfg/b=24649 prep=0.55s gpu=0.00s conv=0.02s add=0.79s train=8.59s
[t= 889.5s] rebel stream solves=3158016 raw=4109/s balanced=4109/s debt=0 rows steps=12336 horizon=0.00 games=529 over=0 card=0 drop=0 L=0.00617 L/var=0.03 tgt=+0.072/0.441 aux=0.0000/1.000 cfg/b=24898 prep=0.56s gpu=0.00s conv=0.02s add=0.81s train=8.72s
[t= 899.6s] rebel stream solves=3196928 raw=4106/s balanced=4106/s debt=0 rows steps=12488 horizon=0.00 games=448 over=0 card=0 drop=0 L=0.00635 L/var=0.03 tgt=+0.062/0.469 aux=0.0000/1.000 cfg/b=24739 prep=0.52s gpu=0.00s conv=0.02s add=0.83s train=8.39s
[t= 909.7s] rebel stream solves=3236864 raw=4104/s balanced=4104/s debt=0 rows steps=12644 horizon=0.00 games=473 over=0 card=0 drop=0 L=0.00639 L/var=0.03 tgt=+0.062/0.478 aux=0.0000/1.000 cfg/b=24520 prep=0.53s gpu=0.00s conv=0.02s add=0.86s train=8.63s
[t= 919.8s] rebel stream solves=3275776 raw=4101/s balanced=4101/s debt=0 rows steps=12796 horizon=0.00 games=482 over=0 card=0 drop=0 L=0.00638 L/var=0.03 tgt=+0.069/0.476 aux=0.0000/1.000 cfg/b=24522 prep=0.51s gpu=0.00s conv=0.01s add=0.89s train=8.37s
[t= 929.9s] rebel stream solves=3314688 raw=4098/s balanced=4098/s debt=0 rows steps=12948 horizon=0.00 games=492 over=0 card=0 drop=0 L=0.00662 L/var=0.03 tgt=+0.054/0.479 aux=0.0000/1.000 cfg/b=24767 prep=0.52s gpu=0.00s conv=0.01s add=0.85s train=8.33s
[t= 940.0s] rebel stream solves=3356672 raw=4098/s balanced=4098/s debt=0 rows steps=13112 horizon=0.01 games=487 over=0 card=0 drop=0 L=0.00662 L/var=0.03 tgt=+0.055/0.469 aux=0.0000/1.000 cfg/b=24805 prep=0.54s gpu=0.00s conv=0.02s add=0.83s train=8.74s
[t= 950.2s] rebel stream solves=3397632 raw=4097/s balanced=4097/s debt=0 rows steps=13272 horizon=0.01 games=487 over=0 card=0 drop=0 L=0.00663 L/var=0.03 tgt=+0.077/0.476 aux=0.0000/1.000 cfg/b=24568 prep=0.53s gpu=0.00s conv=0.01s add=0.83s train=8.80s
[t= 960.4s] rebel stream solves=3437568 raw=4095/s balanced=4095/s debt=0 rows steps=13428 horizon=0.00 games=503 over=0 card=0 drop=0 L=0.00685 L/var=0.03 tgt=+0.076/0.474 aux=0.0000/1.000 cfg/b=24523 prep=0.53s gpu=0.00s conv=0.02s add=0.88s train=8.42s
[t= 970.6s] rebel stream solves=3477504 raw=4093/s balanced=4093/s debt=0 rows steps=13584 horizon=0.00 games=488 over=0 card=0 drop=0 L=0.00645 L/var=0.03 tgt=+0.075/0.470 aux=0.0000/1.000 cfg/b=25223 prep=0.57s gpu=0.00s conv=0.01s add=0.93s train=8.52s
[t= 980.8s] rebel stream solves=3519488 raw=4093/s balanced=4093/s debt=0 rows steps=13748 horizon=0.01 games=497 over=0 card=0 drop=0 L=0.00633 L/var=0.03 tgt=+0.062/0.492 aux=0.0000/1.000 cfg/b=25356 prep=0.55s gpu=0.00s conv=0.01s add=0.87s train=8.69s
[t= 991.0s] rebel stream solves=3558400 raw=4090/s balanced=4090/s debt=0 rows steps=13900 horizon=0.00 games=464 over=0 card=0 drop=0 L=0.00638 L/var=0.03 tgt=+0.072/0.490 aux=0.0000/1.000 cfg/b=24882 prep=0.57s gpu=0.00s conv=0.01s add=0.84s train=8.65s
[t=1001.1s] rebel stream solves=3597312 raw=4087/s balanced=4087/s debt=0 rows steps=14052 horizon=0.01 games=464 over=0 card=0 drop=0 L=0.00648 L/var=0.03 tgt=+0.070/0.484 aux=0.0000/1.000 cfg/b=24639 prep=0.57s gpu=0.00s conv=0.02s add=0.80s train=8.59s
[t=1011.1s] rebel stream solves=3635200 raw=4084/s balanced=4084/s debt=0 rows steps=14200 horizon=0.01 games=465 over=0 card=0 drop=0 L=0.00637 L/var=0.02 tgt=+0.067/0.516 aux=0.0000/1.000 cfg/b=24654 prep=0.55s gpu=0.00s conv=0.01s add=0.80s train=8.40s
[t=1021.0s] --- snapshot snap_01.pt (s1) ---
[t=1021.4s] rebel stream solves=3675136 raw=4081/s balanced=4081/s debt=0 rows steps=14356 horizon=0.00 games=470 over=0 card=0 drop=0 L=0.00642 L/var=0.03 tgt=+0.065/0.491 aux=0.0000/1.000 cfg/b=24860 prep=0.57s gpu=0.00s conv=0.02s add=0.87s train=8.70s
[t=1031.6s] rebel stream solves=3716096 raw=4081/s balanced=4081/s debt=0 rows steps=14516 horizon=0.01 games=487 over=0 card=0 drop=0 L=0.00636 L/var=0.02 tgt=+0.059/0.508 aux=0.0000/1.000 cfg/b=24840 prep=0.56s gpu=0.00s conv=0.02s add=0.85s train=8.75s
[t=1041.7s] rebel stream solves=3755008 raw=4078/s balanced=4078/s debt=0 rows steps=14668 horizon=0.01 games=478 over=0 card=0 drop=0 L=0.00648 L/var=0.02 tgt=+0.063/0.509 aux=0.0000/1.000 cfg/b=24824 prep=0.55s gpu=0.00s conv=0.01s add=0.91s train=8.53s
[t=1051.8s] rebel stream solves=3794944 raw=4077/s balanced=4077/s debt=0 rows steps=14824 horizon=0.00 games=454 over=0 card=0 drop=0 L=0.00634 L/var=0.03 tgt=+0.069/0.499 aux=0.0000/1.000 cfg/b=25000 prep=0.55s gpu=0.00s conv=0.01s add=0.82s train=8.50s
[t=1061.9s] rebel stream solves=3833856 raw=4075/s balanced=4075/s debt=0 rows steps=14976 horizon=0.00 games=473 over=0 card=0 drop=0 L=0.00641 L/var=0.02 tgt=+0.064/0.507 aux=0.0000/1.000 cfg/b=24597 prep=0.56s gpu=0.00s conv=0.02s add=0.76s train=8.58s
[t=1071.9s] rebel stream solves=3871744 raw=4071/s balanced=4071/s debt=0 rows steps=15124 horizon=0.02 games=445 over=0 card=0 drop=0 L=0.00687 L/var=0.03 tgt=+0.077/0.494 aux=0.0000/1.000 cfg/b=24458 prep=0.54s gpu=0.00s conv=0.02s add=0.83s train=8.26s
[t=1082.0s] rebel stream solves=3910656 raw=4069/s balanced=4069/s debt=0 rows steps=15276 horizon=0.01 games=456 over=0 card=0 drop=0 L=0.00663 L/var=0.03 tgt=+0.087/0.500 aux=0.0000/1.000 cfg/b=24339 prep=0.57s gpu=0.00s conv=0.02s add=0.80s train=8.68s
[t=1092.3s] rebel stream solves=3948544 raw=4065/s balanced=4065/s debt=0 rows steps=15424 horizon=0.01 games=469 over=0 card=0 drop=0 L=0.00673 L/var=0.03 tgt=+0.073/0.510 aux=0.0000/1.000 cfg/b=24401 prep=0.56s gpu=0.00s conv=0.01s add=0.85s train=8.53s
[t=1102.6s] rebel stream solves=3986432 raw=4061/s balanced=4061/s debt=0 rows steps=15572 horizon=0.01 games=422 over=0 card=0 drop=0 L=0.00663 L/var=0.03 tgt=+0.075/0.511 aux=0.0000/1.000 cfg/b=24641 prep=0.55s gpu=0.00s conv=0.02s add=0.81s train=8.35s
[t=1112.8s] rebel stream solves=4023296 raw=4056/s balanced=4056/s debt=0 rows steps=15716 horizon=0.01 games=430 over=0 card=0 drop=0 L=0.00641 L/var=0.02 tgt=+0.043/0.533 aux=0.0000/1.000 cfg/b=24526 prep=0.55s gpu=0.00s conv=0.02s add=0.86s train=8.22s
[t=1122.8s] rebel stream solves=4063232 raw=4056/s balanced=4056/s debt=0 rows steps=15872 horizon=0.01 games=480 over=0 card=0 drop=0 L=0.00670 L/var=0.02 tgt=+0.055/0.529 aux=0.0000/1.000 cfg/b=24725 prep=0.52s gpu=0.00s conv=0.02s add=0.85s train=8.31s
[t=1133.0s] rebel stream solves=4103168 raw=4054/s balanced=4054/s debt=0 rows steps=16028 horizon=0.01 games=479 over=0 card=0 drop=0 L=0.00642 L/var=0.02 tgt=+0.045/0.534 aux=0.0000/1.000 cfg/b=24729 prep=0.57s gpu=0.00s conv=0.02s add=0.78s train=8.63s
[t=1143.0s] rebel stream solves=4142080 raw=4053/s balanced=4053/s debt=0 rows steps=16180 horizon=0.01 games=430 over=0 card=0 drop=0 L=0.00646 L/var=0.02 tgt=+0.061/0.531 aux=0.0000/1.000 cfg/b=24723 prep=0.52s gpu=0.00s conv=0.01s add=0.85s train=8.28s
[t=1153.2s] rebel stream solves=4179968 raw=4049/s balanced=4049/s debt=0 rows steps=16328 horizon=0.01 games=460 over=0 card=0 drop=0 L=0.00634 L/var=0.02 tgt=+0.070/0.526 aux=0.0000/1.000 cfg/b=24440 prep=0.55s gpu=0.00s conv=0.02s add=0.81s train=8.35s
[t=1163.2s] rebel stream solves=4214784 raw=4044/s balanced=4044/s debt=0 rows steps=16464 horizon=0.01 games=380 over=0 card=0 drop=0 L=0.00652 L/var=0.02 tgt=+0.066/0.526 aux=0.0000/1.000 cfg/b=24583 prep=0.54s gpu=0.00s conv=0.02s add=0.82s train=7.84s
[t=1173.4s] rebel stream solves=4247552 raw=4036/s balanced=4036/s debt=0 rows steps=16592 horizon=0.01 games=381 over=0 card=0 drop=0 L=0.00633 L/var=0.02 tgt=+0.070/0.541 aux=0.0000/1.000 cfg/b=24150 prep=0.51s gpu=0.00s conv=0.02s add=0.79s train=7.49s
[t=1183.5s] rebel stream solves=4285440 raw=4033/s balanced=4033/s debt=0 rows steps=16740 horizon=0.02 games=458 over=0 card=0 drop=0 L=0.00638 L/var=0.02 tgt=+0.075/0.513 aux=0.0000/1.000 cfg/b=24406 prep=0.57s gpu=0.00s conv=0.02s add=0.84s train=8.45s
[t=1193.6s] rebel stream solves=4325376 raw=4032/s balanced=4032/s debt=0 rows steps=16896 horizon=0.01 games=457 over=0 card=0 drop=0 L=0.00619 L/var=0.02 tgt=+0.070/0.525 aux=0.0000/1.000 cfg/b=24213 prep=0.53s gpu=0.00s conv=0.02s add=0.82s train=8.52s
[t=1203.7s] rebel stream solves=4368384 raw=4034/s balanced=4034/s debt=0 rows steps=17064 horizon=0.01 games=508 over=0 card=0 drop=0 L=0.00638 L/var=0.02 tgt=+0.072/0.518 aux=0.0000/1.000 cfg/b=24100 prep=0.53s gpu=0.00s conv=0.02s add=0.80s train=8.77s
[t=1213.9s] rebel stream solves=4408320 raw=4033/s balanced=4033/s debt=0 rows steps=17220 horizon=0.01 games=462 over=0 card=0 drop=0 L=0.00623 L/var=0.02 tgt=+0.087/0.514 aux=0.0000/1.000 cfg/b=24100 prep=0.56s gpu=0.00s conv=0.02s add=0.83s train=8.60s
[t=1224.0s] rebel stream solves=4447232 raw=4032/s balanced=4032/s debt=0 rows steps=17372 horizon=0.01 games=438 over=0 card=0 drop=0 L=0.00640 L/var=0.02 tgt=+0.074/0.522 aux=0.0000/1.000 cfg/b=23743 prep=0.58s gpu=0.00s conv=0.01s add=0.79s train=8.67s
[t=1234.3s] rebel stream solves=4485120 raw=4029/s balanced=4029/s debt=0 rows steps=17520 horizon=0.01 games=457 over=0 card=0 drop=0 L=0.00669 L/var=0.02 tgt=+0.065/0.529 aux=0.0000/1.000 cfg/b=23810 prep=0.57s gpu=0.00s conv=0.01s add=0.87s train=8.40s
[t=1244.3s] rebel stream solves=4523008 raw=4026/s balanced=4026/s debt=0 rows steps=17668 horizon=0.01 games=443 over=0 card=0 drop=0 L=0.00663 L/var=0.02 tgt=+0.091/0.534 aux=0.0000/1.000 cfg/b=24112 prep=0.55s gpu=0.00s conv=0.02s add=0.85s train=8.42s
[t=1246.7s] --- lr -> 2.50e-04 ---
[t=1254.4s] rebel stream solves=4563968 raw=4027/s balanced=4027/s debt=0 rows steps=17828 horizon=0.00 games=471 over=0 card=0 drop=0 L=0.00631 L/var=0.02 tgt=+0.078/0.533 aux=0.0000/1.000 cfg/b=23909 prep=0.55s gpu=0.00s conv=0.02s add=0.83s train=8.57s
[t=1264.4s] rebel stream solves=4602880 raw=4025/s balanced=4025/s debt=0 rows steps=17980 horizon=0.01 games=446 over=0 card=0 drop=0 L=0.00605 L/var=0.02 tgt=+0.080/0.524 aux=0.0000/1.000 cfg/b=24083 prep=0.53s gpu=0.00s conv=0.01s add=0.79s train=8.29s
[t=1274.6s] rebel stream solves=4643840 raw=4025/s balanced=4025/s debt=0 rows steps=18140 horizon=0.01 games=472 over=0 card=0 drop=0 L=0.00607 L/var=0.02 tgt=+0.082/0.528 aux=0.0000/1.000 cfg/b=23975 prep=0.55s gpu=0.00s conv=0.02s add=0.81s train=8.69s
[t=1284.6s] rebel stream solves=4681728 raw=4023/s balanced=4023/s debt=0 rows steps=18288 horizon=0.01 games=440 over=0 card=0 drop=0 L=0.00615 L/var=0.02 tgt=+0.087/0.524 aux=0.0000/1.000 cfg/b=23669 prep=0.55s gpu=0.00s conv=0.02s add=0.79s train=8.28s
[t=1294.7s] rebel stream solves=4719616 raw=4021/s balanced=4021/s debt=0 rows steps=18436 horizon=0.02 games=431 over=0 card=0 drop=0 L=0.00626 L/var=0.02 tgt=+0.077/0.531 aux=0.0000/1.000 cfg/b=23678 prep=0.55s gpu=0.00s conv=0.02s add=0.78s train=8.33s
[t=1305.1s] rebel stream solves=4759552 raw=4019/s balanced=4019/s debt=0 rows steps=18592 horizon=0.01 games=455 over=0 card=0 drop=0 L=0.00631 L/var=0.02 tgt=+0.091/0.535 aux=0.0000/1.000 cfg/b=23615 prep=0.55s gpu=0.00s conv=0.02s add=0.83s train=8.68s
[t=1315.2s] rebel stream solves=4795392 raw=4015/s balanced=4015/s debt=0 rows steps=18732 horizon=0.01 games=396 over=0 card=0 drop=0 L=0.00626 L/var=0.02 tgt=+0.082/0.538 aux=0.0000/1.000 cfg/b=23490 prep=0.54s gpu=0.00s conv=0.01s add=0.76s train=8.01s
[t=1325.4s] rebel stream solves=4833280 raw=4013/s balanced=4013/s debt=0 rows steps=18880 horizon=0.01 games=414 over=0 card=0 drop=0 L=0.00630 L/var=0.02 tgt=+0.087/0.545 aux=0.0000/1.000 cfg/b=23388 prep=0.57s gpu=0.00s conv=0.02s add=0.80s train=8.59s
[t=1335.5s] rebel stream solves=4872192 raw=4011/s balanced=4011/s debt=0 rows steps=19032 horizon=0.01 games=454 over=0 card=0 drop=0 L=0.00634 L/var=0.02 tgt=+0.072/0.547 aux=0.0000/1.000 cfg/b=23290 prep=0.56s gpu=0.00s conv=0.02s add=0.75s train=8.61s
[t=1345.9s] rebel stream solves=4911104 raw=4009/s balanced=4009/s debt=0 rows steps=19184 horizon=0.01 games=437 over=0 card=0 drop=0 L=0.00614 L/var=0.02 tgt=+0.088/0.552 aux=0.0000/1.000 cfg/b=23438 prep=0.57s gpu=0.00s conv=0.01s add=0.76s train=8.56s
[t=1355.9s] rebel stream solves=4948992 raw=4007/s balanced=4007/s debt=0 rows steps=19332 horizon=0.01 games=434 over=0 card=0 drop=0 L=0.00630 L/var=0.02 tgt=+0.088/0.543 aux=0.0000/1.000 cfg/b=23019 prep=0.54s gpu=0.00s conv=0.02s add=0.79s train=8.43s
[t=1366.0s] rebel stream solves=4986880 raw=4005/s balanced=4005/s debt=0 rows steps=19480 horizon=0.01 games=403 over=0 card=0 drop=0 L=0.00625 L/var=0.02 tgt=+0.098/0.557 aux=0.0000/1.000 cfg/b=22950 prep=0.53s gpu=0.00s conv=0.01s add=0.80s train=8.22s
[t=1376.2s] rebel stream solves=5026816 raw=4005/s balanced=4005/s debt=0 rows steps=19636 horizon=0.01 games=450 over=0 card=0 drop=0 L=0.00638 L/var=0.02 tgt=+0.096/0.558 aux=0.0000/1.000 cfg/b=22933 prep=0.57s gpu=0.00s conv=0.02s add=0.77s train=8.72s
[t=1386.3s] rebel stream solves=5059584 raw=3998/s balanced=3998/s debt=0 rows steps=19764 horizon=0.01 games=357 over=0 card=0 drop=0 L=0.00633 L/var=0.02 tgt=+0.102/0.563 aux=0.0000/1.000 cfg/b=22986 prep=0.52s gpu=0.00s conv=0.02s add=0.78s train=7.37s
[t=1396.5s] rebel stream solves=5095424 raw=3995/s balanced=3995/s debt=0 rows steps=19904 horizon=0.03 games=408 over=0 card=0 drop=0 L=0.00633 L/var=0.02 tgt=+0.096/0.546 aux=0.0000/1.000 cfg/b=23010 prep=0.53s gpu=0.00s conv=0.01s add=0.75s train=8.04s
[t=1406.7s] rebel stream solves=5134336 raw=3993/s balanced=3993/s debt=0 rows steps=20056 horizon=0.01 games=441 over=0 card=0 drop=0 L=0.00639 L/var=0.02 tgt=+0.105/0.542 aux=0.0000/1.000 cfg/b=23007 prep=0.60s gpu=0.00s conv=0.02s add=0.78s train=8.67s
[t=1416.9s] rebel stream solves=5175296 raw=3993/s balanced=3993/s debt=0 rows steps=20216 horizon=0.01 games=472 over=0 card=0 drop=0 L=0.00629 L/var=0.02 tgt=+0.096/0.545 aux=0.0000/1.000 cfg/b=22919 prep=0.57s gpu=0.00s conv=0.02s add=0.81s train=8.79s
[t=1427.0s] rebel stream solves=5212160 raw=3991/s balanced=3991/s debt=0 rows steps=20360 horizon=0.01 games=372 over=0 card=0 drop=0 L=0.00626 L/var=0.02 tgt=+0.086/0.560 aux=0.0000/1.000 cfg/b=23145 prep=0.54s gpu=0.00s conv=0.02s add=0.82s train=8.25s
[t=1437.1s] rebel stream solves=5250048 raw=3989/s balanced=3989/s debt=0 rows steps=20508 horizon=0.02 games=446 over=0 card=0 drop=0 L=0.00638 L/var=0.02 tgt=+0.098/0.558 aux=0.0000/1.000 cfg/b=22736 prep=0.56s gpu=0.00s conv=0.02s add=0.80s train=8.36s
[t=1447.3s] rebel stream solves=5287936 raw=3987/s balanced=3987/s debt=0 rows steps=20656 horizon=0.01 games=425 over=0 card=0 drop=0 L=0.00631 L/var=0.02 tgt=+0.119/0.544 aux=0.0000/1.000 cfg/b=23021 prep=0.52s gpu=0.00s conv=0.01s add=0.80s train=8.04s
[t=1457.4s] rebel stream solves=5327872 raw=3987/s balanced=3987/s debt=0 rows steps=20812 horizon=0.02 games=449 over=0 card=0 drop=0 L=0.00632 L/var=0.02 tgt=+0.094/0.551 aux=0.0000/1.000 cfg/b=22879 prep=0.57s gpu=0.00s conv=0.01s add=0.77s train=8.64s
[t=1467.5s] rebel stream solves=5366784 raw=3986/s balanced=3986/s debt=0 rows steps=20964 horizon=0.01 games=412 over=0 card=0 drop=0 L=0.00646 L/var=0.02 tgt=+0.093/0.557 aux=0.0000/1.000 cfg/b=22748 prep=0.55s gpu=0.00s conv=0.02s add=0.79s train=8.47s
[t=1477.6s] rebel stream solves=5406720 raw=3985/s balanced=3985/s debt=0 rows steps=21120 horizon=0.01 games=456 over=0 card=0 drop=0 L=0.00647 L/var=0.02 tgt=+0.112/0.545 aux=0.0000/1.000 cfg/b=23005 prep=0.55s gpu=0.00s conv=0.02s add=0.78s train=8.52s
[t=1487.6s] rebel stream solves=5446656 raw=3986/s balanced=3986/s debt=0 rows steps=21276 horizon=0.02 games=441 over=0 card=0 drop=0 L=0.00665 L/var=0.02 tgt=+0.108/0.555 aux=0.0000/1.000 cfg/b=22913 prep=0.56s gpu=0.00s conv=0.02s add=0.81s train=8.68s
[t=1497.7s] rebel stream solves=5487616 raw=3986/s balanced=3986/s debt=0 rows steps=21436 horizon=0.01 games=460 over=0 card=0 drop=0 L=0.00660 L/var=0.02 tgt=+0.094/0.559 aux=0.0000/1.000 cfg/b=22945 prep=0.56s gpu=0.00s conv=0.02s add=0.81s train=8.65s
[t=1508.0s] rebel stream solves=5526528 raw=3984/s balanced=3984/s debt=0 rows steps=21588 horizon=0.01 games=427 over=0 card=0 drop=0 L=0.00637 L/var=0.02 tgt=+0.078/0.578 aux=0.0000/1.000 cfg/b=23249 prep=0.56s gpu=0.00s conv=0.02s add=0.80s train=8.50s
[t=1518.0s] rebel stream solves=5563392 raw=3982/s balanced=3982/s debt=0 rows steps=21732 horizon=0.01 games=430 over=0 card=0 drop=0 L=0.00650 L/var=0.02 tgt=+0.097/0.571 aux=0.0000/1.000 cfg/b=23335 prep=0.56s gpu=0.00s conv=0.02s add=0.81s train=8.25s
[t=1528.0s] rebel stream solves=5602304 raw=3981/s balanced=3981/s debt=0 rows steps=21884 horizon=0.01 games=415 over=0 card=0 drop=0 L=0.00659 L/var=0.02 tgt=+0.104/0.573 aux=0.0000/1.000 cfg/b=23226 prep=0.55s gpu=0.00s conv=0.02s add=0.77s train=8.49s
[t=1538.3s] rebel stream solves=5640192 raw=3979/s balanced=3979/s debt=0 rows steps=22032 horizon=0.02 games=426 over=0 card=0 drop=0 L=0.00626 L/var=0.02 tgt=+0.074/0.579 aux=0.0000/1.000 cfg/b=23033 prep=0.54s gpu=0.00s conv=0.02s add=0.75s train=8.33s
[t=1548.5s] rebel stream solves=5678080 raw=3978/s balanced=3978/s debt=0 rows steps=22180 horizon=0.01 games=415 over=0 card=0 drop=0 L=0.00621 L/var=0.02 tgt=+0.079/0.577 aux=0.0000/1.000 cfg/b=23244 prep=0.53s gpu=0.00s conv=0.01s add=0.78s train=8.32s
[t=1558.7s] rebel stream solves=5718016 raw=3977/s balanced=3977/s debt=0 rows steps=22336 horizon=0.01 games=415 over=0 card=0 drop=0 L=0.00653 L/var=0.02 tgt=+0.077/0.582 aux=0.0000/1.000 cfg/b=23138 prep=0.57s gpu=0.00s conv=0.02s add=0.84s train=8.76s
[t=1568.9s] rebel stream solves=5756928 raw=3976/s balanced=3976/s debt=0 rows steps=22488 horizon=0.01 games=447 over=0 card=0 drop=0 L=0.00669 L/var=0.02 tgt=+0.072/0.585 aux=0.0000/1.000 cfg/b=23018 prep=0.55s gpu=0.00s conv=0.02s add=0.80s train=8.43s
[t=1578.9s] rebel stream solves=5794816 raw=3975/s balanced=3975/s debt=0 rows steps=22636 horizon=0.01 games=403 over=0 card=0 drop=0 L=0.00652 L/var=0.02 tgt=+0.078/0.571 aux=0.0000/1.000 cfg/b=22939 prep=0.54s gpu=0.00s conv=0.01s add=0.78s train=8.24s
[t=1589.1s] rebel stream solves=5832704 raw=3973/s balanced=3973/s debt=0 rows steps=22784 horizon=0.02 games=439 over=0 card=0 drop=0 L=0.00691 L/var=0.02 tgt=+0.092/0.577 aux=0.0000/1.000 cfg/b=22859 prep=0.56s gpu=0.00s conv=0.01s add=0.77s train=8.50s
[t=1599.3s] rebel stream solves=5872640 raw=3972/s balanced=3972/s debt=0 rows steps=22940 horizon=0.02 games=432 over=0 card=0 drop=0 L=0.00652 L/var=0.02 tgt=+0.091/0.559 aux=0.0000/1.000 cfg/b=22878 prep=0.55s gpu=0.00s conv=0.02s add=0.75s train=8.61s
[t=1609.5s] rebel stream solves=5913600 raw=3973/s balanced=3973/s debt=0 rows steps=23100 horizon=0.01 games=475 over=0 card=0 drop=0 L=0.00677 L/var=0.02 tgt=+0.084/0.570 aux=0.0000/1.000 cfg/b=22875 prep=0.55s gpu=0.00s conv=0.01s add=0.82s train=8.77s
[t=1619.6s] rebel stream solves=5954560 raw=3973/s balanced=3973/s debt=0 rows steps=23260 horizon=0.01 games=441 over=0 card=0 drop=0 L=0.00634 L/var=0.02 tgt=+0.081/0.560 aux=0.0000/1.000 cfg/b=22846 prep=0.54s gpu=0.00s conv=0.02s add=0.77s train=8.52s
[t=1629.6s] rebel stream solves=5992448 raw=3972/s balanced=3972/s debt=0 rows steps=23408 horizon=0.01 games=378 over=0 card=0 drop=0 L=0.00649 L/var=0.02 tgt=+0.073/0.579 aux=0.0000/1.000 cfg/b=22692 prep=0.56s gpu=0.00s conv=0.02s add=0.79s train=8.41s
[t=1639.6s] rebel stream solves=6032384 raw=3972/s balanced=3972/s debt=0 rows steps=23564 horizon=0.01 games=461 over=0 card=0 drop=0 L=0.00659 L/var=0.02 tgt=+0.069/0.585 aux=0.0000/1.000 cfg/b=22537 prep=0.53s gpu=0.00s conv=0.02s add=0.82s train=8.42s
[t=1649.7s] rebel stream solves=6071296 raw=3971/s balanced=3971/s debt=0 rows steps=23716 horizon=0.01 games=419 over=0 card=0 drop=0 L=0.00645 L/var=0.02 tgt=+0.087/0.572 aux=0.0000/1.000 cfg/b=22685 prep=0.58s gpu=0.00s conv=0.01s add=0.77s train=8.60s
[t=1659.8s] rebel stream solves=6110208 raw=3971/s balanced=3971/s debt=0 rows steps=23868 horizon=0.02 games=380 over=0 card=0 drop=0 L=0.00652 L/var=0.02 tgt=+0.102/0.578 aux=0.0000/1.000 cfg/b=22162 prep=0.58s gpu=0.00s conv=0.02s add=0.76s train=8.55s
[t=1669.8s] rebel stream solves=6148096 raw=3969/s balanced=3969/s debt=0 rows steps=24016 horizon=0.01 games=448 over=0 card=0 drop=0 L=0.00641 L/var=0.02 tgt=+0.086/0.581 aux=0.0000/1.000 cfg/b=22243 prep=0.55s gpu=0.00s conv=0.02s add=0.75s train=8.15s
[t=1679.9s] rebel stream solves=6185984 raw=3968/s balanced=3968/s debt=0 rows steps=24164 horizon=0.02 games=397 over=0 card=0 drop=0 L=0.00650 L/var=0.02 tgt=+0.054/0.592 aux=0.0000/1.000 cfg/b=22763 prep=0.55s gpu=0.00s conv=0.02s add=0.80s train=8.32s
[t=1689.9s] rebel stream solves=6222848 raw=3966/s balanced=3966/s debt=0 rows steps=24308 horizon=0.03 games=388 over=0 card=0 drop=0 L=0.00644 L/var=0.02 tgt=+0.077/0.588 aux=0.0000/1.000 cfg/b=22784 prep=0.54s gpu=0.00s conv=0.01s add=0.80s train=8.27s
[t=1699.9s] rebel stream solves=6261760 raw=3966/s balanced=3966/s debt=0 rows steps=24460 horizon=0.03 games=406 over=0 card=0 drop=0 L=0.00656 L/var=0.02 tgt=+0.099/0.588 aux=0.0000/1.000 cfg/b=22470 prep=0.51s gpu=0.00s conv=0.02s add=0.77s train=8.49s
[t=1710.1s] rebel stream solves=6299648 raw=3964/s balanced=3964/s debt=0 rows steps=24608 horizon=0.02 games=449 over=0 card=0 drop=0 L=0.00653 L/var=0.02 tgt=+0.093/0.585 aux=0.0000/1.000 cfg/b=22440 prep=0.56s gpu=0.00s conv=0.01s add=0.82s train=8.56s
[t=1720.2s] rebel stream solves=6339584 raw=3964/s balanced=3964/s debt=0 rows steps=24764 horizon=0.02 games=445 over=0 card=0 drop=0 L=0.00649 L/var=0.02 tgt=+0.087/0.577 aux=0.0000/1.000 cfg/b=22585 prep=0.55s gpu=0.00s conv=0.01s add=0.81s train=8.58s
[t=1730.2s] rebel stream solves=6378496 raw=3964/s balanced=3964/s debt=0 rows steps=24916 horizon=0.00 games=383 over=0 card=0 drop=0 L=0.00647 L/var=0.02 tgt=+0.090/0.586 aux=0.0000/1.000 cfg/b=22634 prep=0.55s gpu=0.00s conv=0.01s add=0.79s train=8.57s
[t=1740.5s] rebel stream solves=6418432 raw=3963/s balanced=3963/s debt=0 rows steps=25072 horizon=0.01 games=447 over=0 card=0 drop=0 L=0.00651 L/var=0.02 tgt=+0.068/0.591 aux=0.0000/1.000 cfg/b=22438 prep=0.55s gpu=0.00s conv=0.01s add=0.79s train=8.55s
[t=1750.7s] rebel stream solves=6458368 raw=3963/s balanced=3963/s debt=0 rows steps=25228 horizon=0.02 games=440 over=0 card=0 drop=0 L=0.00656 L/var=0.02 tgt=+0.080/0.584 aux=0.0000/1.000 cfg/b=22829 prep=0.55s gpu=0.00s conv=0.02s add=0.83s train=8.51s
[t=1761.0s] rebel stream solves=6496256 raw=3961/s balanced=3961/s debt=0 rows steps=25376 horizon=0.01 games=414 over=0 card=0 drop=0 L=0.00632 L/var=0.02 tgt=+0.093/0.577 aux=0.0000/1.000 cfg/b=22531 prep=0.56s gpu=0.00s conv=0.01s add=0.76s train=8.43s
[t=1771.3s] rebel stream solves=6533120 raw=3959/s balanced=3959/s debt=0 rows steps=25520 horizon=0.02 games=392 over=0 card=0 drop=0 L=0.00628 L/var=0.02 tgt=+0.085/0.596 aux=0.0000/1.000 cfg/b=22457 prep=0.55s gpu=0.00s conv=0.01s add=0.79s train=8.32s
[t=1781.4s] rebel stream solves=6572032 raw=3958/s balanced=3958/s debt=0 rows steps=25672 horizon=0.02 games=448 over=0 card=0 drop=0 L=0.00641 L/var=0.02 tgt=+0.088/0.602 aux=0.0000/1.000 cfg/b=22713 prep=0.56s gpu=0.00s conv=0.01s add=0.81s train=8.49s
[t=1791.7s] rebel stream solves=6610944 raw=3957/s balanced=3957/s debt=0 rows steps=25824 horizon=0.01 games=397 over=0 card=0 drop=0 L=0.00640 L/var=0.02 tgt=+0.089/0.599 aux=0.0000/1.000 cfg/b=22463 prep=0.57s gpu=0.00s conv=0.02s add=0.75s train=8.58s
[t=1795.2s] --- stopping GPU admission; draining ---
[t=1796.1s] rebel stream solves=6627874 raw=3957/s balanced=3957/s debt=136 rows steps=25890 horizon=0.02 games=174 over=0 card=0 drop=0 L=0.00643 L/var=0.02 tgt=+0.110/0.596 aux=0.0000/1.000 cfg/b=22156 prep=0.22s gpu=0.00s conv=0.01s add=0.32s train=3.67s
[gpu-summary] solves=6627874 optimizer_rows=26511360 debt=136 raw=3947.4/s balanced=3947.4/s horizon=0.02 games=76281 over=0 card=0 exact=0 censored=1152 dropped=0 overrun=0.00s
[t=1800.0s] --- snapshot snap_02.pt (final) ---
[ladder] 4 players, 600 games (20/batch, cap 200/pair)
  seed                    greedy vs v6_c96_d1_30m_final.init W 10 L  2 D  8  n= 20  score 0.700
  seed                    greedy vs v6_c96_d1_30m_final.final W  0 L 20 D  0  n= 20  score 0.000  stop
  seed  v6_c96_d1_30m_final.init vs v6_c96_d1_30m_final.s1   W  0 L 19 D  1  n= 20  score 0.025  stop
  seed    v6_c96_d1_30m_final.s1 vs v6_c96_d1_30m_final.final W  5 L 15 D  0  n= 20  score 0.250
  swiss                   greedy vs v6_c96_d1_30m_final.init W 11 L  0 D  9  n= 40  score 0.738
  swiss                   greedy vs v6_c96_d1_30m_final.init W  9 L  1 D 10  n= 60  score 0.725
  swiss                   greedy vs v6_c96_d1_30m_final.init W 11 L  3 D  6  n= 80  score 0.719
  swiss                   greedy vs v6_c96_d1_30m_final.init W 11 L  0 D  9  n=100  score 0.730
  swiss                   greedy vs v6_c96_d1_30m_final.init W 10 L  0 D 10  n=120  score 0.733
  swiss                   greedy vs v6_c96_d1_30m_final.init W 11 L  1 D  8  n=140  score 0.736
  swiss                   greedy vs v6_c96_d1_30m_final.init W  9 L  1 D 10  n=160  score 0.731
  swiss                   greedy vs v6_c96_d1_30m_final.init W 10 L  1 D  9  n=180  score 0.731
  swiss                   greedy vs v6_c96_d1_30m_final.init W  7 L  4 D  9  n=200  score 0.715
  swiss   v6_c96_d1_30m_final.s1 vs v6_c96_d1_30m_final.final W  8 L 12 D  0  n= 40  score 0.325
  swiss   v6_c96_d1_30m_final.s1 vs v6_c96_d1_30m_final.final W  7 L 10 D  3  n= 60  score 0.358
  swiss   v6_c96_d1_30m_final.s1 vs v6_c96_d1_30m_final.final W  7 L 12 D  1  n= 80  score 0.362
  swiss   v6_c96_d1_30m_final.s1 vs v6_c96_d1_30m_final.final W  5 L 15 D  0  n=100  score 0.340
  swiss   v6_c96_d1_30m_final.s1 vs v6_c96_d1_30m_final.final W  3 L 17 D  0  n=120  score 0.308
  swiss   v6_c96_d1_30m_final.s1 vs v6_c96_d1_30m_final.final W  5 L 15 D  0  n=140  score 0.300
  swiss   v6_c96_d1_30m_final.s1 vs v6_c96_d1_30m_final.final W  5 L 15 D  0  n=160  score 0.294
  swiss   v6_c96_d1_30m_final.s1 vs v6_c96_d1_30m_final.final W  4 L 16 D  0  n=180  score 0.283
  swiss   v6_c96_d1_30m_final.s1 vs v6_c96_d1_30m_final.final W  6 L 14 D  0  n=200  score 0.285
  swiss                   greedy vs v6_c96_d1_30m_final.s1   W  0 L 20 D  0  n= 20  score 0.000  stop
  swiss v6_c96_d1_30m_final.init vs v6_c96_d1_30m_final.final W  0 L 19 D  1  n= 20  score 0.025  stop

=== Elo (runs/v6_c96_d1_30m_final, greedy = 0) ===
                      player   trained     elo   95%   score
   v6_c96_d1_30m_final.final   30.0min     605    53   0.760
      v6_c96_d1_30m_final.s1   17.0min     448    52   0.402
                      greedy         -       0    52   0.596
    v6_c96_d1_30m_final.init    2.0min    -154    53   0.242
