[train] runs/ratio_16 at 6eee99b+dirty seed=95 {'minutes': 20.0, 'warm_minutes': 5.0, 'snapshot_every': 5.0, 'ladder_games': 200, 'depth': 2, 'iters': 64, 'cfr': 'dcfr', 'seed': 95, 'train_gen_ratio': 16.0, 'note': 'train-gen-ratio-16'}
[train] train-gen-ratio-16
[cpu] pinned to 36 physical cores
[train] CUDA stream priority -1
[gpu] solve services up on [0, 1]
[cfg] PUBFEAT=897 CFEAT=15 architecture=v4 depth=2 iters=64 budget=1200s warm=300s snapshot_every=5min device=cuda:1 draft=random train_gen_ratio=16.0 recent_mix=0.5/0.2 canonical_views=2 cap=2000000 matmul=high
[t=   1.1s] greedy ep  0 games=  96 dec= 18853 rows= 18069 horizon=0.29 L=0.12851 L/var=0.83 tgt=-0.043/0.394 pstd=0.347 gen=0.1s train=0.9s
[t=   1.7s] greedy ep  1 games=  96 dec= 19648 rows= 18830 horizon=0.34 L=0.08045 L/var=0.49 tgt=-0.090/0.406 pstd=0.351 gen=0.1s train=0.4s
[t=   2.4s] greedy ep  2 games=  96 dec= 19176 rows= 18356 horizon=0.35 L=0.05838 L/var=0.34 tgt=-0.088/0.415 pstd=0.361 gen=0.1s train=0.4s
[t=   2.9s] greedy ep  3 games=  96 dec= 18652 rows= 17858 horizon=0.29 L=0.04407 L/var=0.23 tgt=-0.096/0.436 pstd=0.370 gen=0.1s train=0.4s
[t=   3.6s] greedy ep  4 games=  96 dec= 19078 rows= 18228 horizon=0.35 L=0.03345 L/var=0.19 tgt=-0.093/0.414 pstd=0.376 gen=0.1s train=0.5s
[t=   4.3s] greedy ep  5 games=  96 dec= 18818 rows= 18043 horizon=0.35 L=0.01868 L/var=0.10 tgt=-0.089/0.427 pstd=0.400 gen=0.1s train=0.5s
[t=   5.0s] greedy ep  6 games=  96 dec= 18874 rows= 18050 horizon=0.28 L=0.01937 L/var=0.13 tgt=-0.083/0.391 pstd=0.383 gen=0.1s train=0.5s
[t=   5.7s] greedy ep  7 games=  96 dec= 18496 rows= 17707 horizon=0.27 L=0.01134 L/var=0.08 tgt=-0.094/0.372 pstd=0.408 gen=0.1s train=0.5s
[t=   6.4s] greedy ep  8 games=  96 dec= 18882 rows= 18018 horizon=0.28 L=0.00933 L/var=0.07 tgt=-0.063/0.368 pstd=0.403 gen=0.1s train=0.5s
[t=   7.1s] greedy ep  9 games=  96 dec= 18567 rows= 17820 horizon=0.30 L=0.01002 L/var=0.06 tgt=-0.059/0.398 pstd=0.383 gen=0.1s train=0.4s
[t=   7.8s] greedy ep 10 games=  96 dec= 18793 rows= 18035 horizon=0.29 L=0.01021 L/var=0.07 tgt=-0.092/0.393 pstd=0.406 gen=0.1s train=0.5s
[t=   8.4s] greedy ep 11 games=  96 dec= 18170 rows= 17446 horizon=0.32 L=0.00655 L/var=0.04 tgt=-0.053/0.410 pstd=0.400 gen=0.1s train=0.5s
[t=   9.1s] greedy ep 12 games=  96 dec= 17686 rows= 16974 horizon=0.27 L=0.00580 L/var=0.04 tgt=-0.071/0.394 pstd=0.382 gen=0.1s train=0.5s
[t=   9.8s] greedy ep 13 games=  96 dec= 19259 rows= 18477 horizon=0.39 L=0.00720 L/var=0.05 tgt=-0.042/0.373 pstd=0.410 gen=0.1s train=0.5s
[t=  10.5s] greedy ep 14 games=  96 dec= 18669 rows= 17882 horizon=0.30 L=0.00637 L/var=0.04 tgt=-0.086/0.392 pstd=0.395 gen=0.1s train=0.5s
[t=  11.2s] greedy ep 15 games=  96 dec= 18379 rows= 17558 horizon=0.27 L=0.00456 L/var=0.03 tgt=-0.082/0.400 pstd=0.388 gen=0.1s train=0.5s
[t=  11.9s] greedy ep 16 games=  96 dec= 17832 rows= 17106 horizon=0.24 L=0.00444 L/var=0.03 tgt=-0.081/0.418 pstd=0.400 gen=0.1s train=0.5s
[t=  12.6s] greedy ep 17 games=  96 dec= 19410 rows= 18581 horizon=0.32 L=0.00953 L/var=0.06 tgt=-0.081/0.416 pstd=0.403 gen=0.1s train=0.5s
[t=  13.3s] greedy ep 18 games=  96 dec= 18273 rows= 17416 horizon=0.23 L=0.00960 L/var=0.06 tgt=-0.070/0.393 pstd=0.385 gen=0.1s train=0.5s
[t=  13.9s] greedy ep 19 games=  96 dec= 17525 rows= 16824 horizon=0.25 L=0.00539 L/var=0.04 tgt=-0.059/0.385 pstd=0.402 gen=0.1s train=0.4s
[t=  14.6s] greedy ep 20 games=  96 dec= 17691 rows= 16922 horizon=0.22 L=0.00405 L/var=0.03 tgt=-0.087/0.399 pstd=0.394 gen=0.1s train=0.5s
[t=  15.3s] greedy ep 21 games=  96 dec= 19033 rows= 18205 horizon=0.35 L=0.00358 L/var=0.02 tgt=-0.058/0.382 pstd=0.390 gen=0.1s train=0.5s
[t=  16.0s] greedy ep 22 games=  96 dec= 18692 rows= 17986 horizon=0.33 L=0.00345 L/var=0.02 tgt=-0.077/0.410 pstd=0.390 gen=0.1s train=0.5s
[t=  16.7s] greedy ep 23 games=  96 dec= 18345 rows= 17557 horizon=0.27 L=0.00380 L/var=0.02 tgt=-0.071/0.392 pstd=0.390 gen=0.1s train=0.5s
[t=  17.3s] greedy ep 24 games=  96 dec= 17545 rows= 16862 horizon=0.24 L=0.00431 L/var=0.03 tgt=-0.075/0.391 pstd=0.382 gen=0.1s train=0.4s
[t=  18.0s] greedy ep 25 games=  96 dec= 18771 rows= 17942 horizon=0.35 L=0.00625 L/var=0.04 tgt=-0.039/0.399 pstd=0.409 gen=0.1s train=0.5s
[t=  18.6s] greedy ep 26 games=  96 dec= 18524 rows= 17729 horizon=0.31 L=0.00397 L/var=0.02 tgt=-0.078/0.401 pstd=0.394 gen=0.1s train=0.4s
[t=  19.2s] greedy ep 27 games=  96 dec= 18467 rows= 17765 horizon=0.29 L=0.00307 L/var=0.02 tgt=-0.075/0.418 pstd=0.391 gen=0.1s train=0.4s
[t=  19.8s] greedy ep 28 games=  96 dec= 18349 rows= 17482 horizon=0.28 L=0.00293 L/var=0.02 tgt=-0.078/0.393 pstd=0.394 gen=0.1s train=0.4s
[t=  20.4s] greedy ep 29 games=  96 dec= 17979 rows= 17287 horizon=0.27 L=0.00295 L/var=0.02 tgt=-0.080/0.383 pstd=0.381 gen=0.1s train=0.4s
[t=  21.0s] greedy ep 30 games=  96 dec= 19069 rows= 18180 horizon=0.31 L=0.00380 L/var=0.02 tgt=-0.067/0.404 pstd=0.388 gen=0.1s train=0.4s
[t=  21.6s] greedy ep 31 games=  96 dec= 18861 rows= 18112 horizon=0.34 L=0.00395 L/var=0.02 tgt=-0.102/0.425 pstd=0.374 gen=0.1s train=0.4s
[t=  22.2s] greedy ep 32 games=  96 dec= 19129 rows= 18332 horizon=0.34 L=0.00802 L/var=0.05 tgt=-0.086/0.394 pstd=0.421 gen=0.1s train=0.4s
[t=  22.9s] greedy ep 33 games=  96 dec= 18913 rows= 17958 horizon=0.27 L=0.00476 L/var=0.03 tgt=-0.095/0.398 pstd=0.380 gen=0.1s train=0.5s
[t=  23.6s] greedy ep 34 games=  96 dec= 17630 rows= 16913 horizon=0.21 L=0.00326 L/var=0.02 tgt=-0.083/0.414 pstd=0.381 gen=0.1s train=0.5s
[t=  24.2s] greedy ep 35 games=  96 dec= 18569 rows= 17779 horizon=0.31 L=0.00288 L/var=0.02 tgt=-0.066/0.408 pstd=0.391 gen=0.1s train=0.5s
[t=  24.9s] greedy ep 36 games=  96 dec= 18706 rows= 17959 horizon=0.30 L=0.00271 L/var=0.02 tgt=-0.095/0.408 pstd=0.392 gen=0.1s train=0.5s
[t=  25.6s] greedy ep 37 games=  96 dec= 19117 rows= 18316 horizon=0.33 L=0.00250 L/var=0.02 tgt=-0.068/0.390 pstd=0.391 gen=0.1s train=0.5s
[t=  26.2s] greedy ep 38 games=  96 dec= 18646 rows= 17879 horizon=0.28 L=0.00262 L/var=0.02 tgt=-0.077/0.406 pstd=0.393 gen=0.1s train=0.4s
[t=  26.8s] greedy ep 39 games=  96 dec= 18107 rows= 17347 horizon=0.28 L=0.00307 L/var=0.02 tgt=-0.068/0.419 pstd=0.389 gen=0.1s train=0.4s
[t=  27.4s] greedy ep 40 games=  96 dec= 18950 rows= 18159 horizon=0.33 L=0.00230 L/var=0.02 tgt=-0.068/0.378 pstd=0.397 gen=0.1s train=0.4s
[t=  28.0s] greedy ep 41 games=  96 dec= 18590 rows= 17770 horizon=0.28 L=0.00230 L/var=0.02 tgt=-0.059/0.387 pstd=0.392 gen=0.1s train=0.4s
[t=  28.6s] greedy ep 42 games=  96 dec= 18858 rows= 17987 horizon=0.28 L=0.00251 L/var=0.02 tgt=-0.082/0.395 pstd=0.386 gen=0.1s train=0.4s
[t=  29.2s] greedy ep 43 games=  96 dec= 17876 rows= 17106 horizon=0.27 L=0.00220 L/var=0.01 tgt=-0.093/0.428 pstd=0.397 gen=0.1s train=0.4s
[t=  29.8s] greedy ep 44 games=  96 dec= 18395 rows= 17544 horizon=0.26 L=0.00199 L/var=0.01 tgt=-0.059/0.411 pstd=0.392 gen=0.1s train=0.4s
[t=  30.4s] greedy ep 45 games=  96 dec= 18304 rows= 17541 horizon=0.27 L=0.00201 L/var=0.01 tgt=-0.086/0.400 pstd=0.396 gen=0.1s train=0.4s
[t=  31.1s] greedy ep 46 games=  96 dec= 18963 rows= 18276 horizon=0.36 L=0.00274 L/var=0.02 tgt=-0.057/0.400 pstd=0.382 gen=0.1s train=0.4s
[t=  31.6s] greedy ep 47 games=  96 dec= 17323 rows= 16593 horizon=0.24 L=0.00226 L/var=0.01 tgt=-0.099/0.413 pstd=0.397 gen=0.1s train=0.4s
[t=  32.3s] greedy ep 48 games=  96 dec= 19310 rows= 18515 horizon=0.32 L=0.00233 L/var=0.01 tgt=-0.070/0.402 pstd=0.393 gen=0.1s train=0.4s
[t=  32.9s] greedy ep 49 games=  96 dec= 18285 rows= 17559 horizon=0.26 L=0.00224 L/var=0.02 tgt=-0.076/0.382 pstd=0.386 gen=0.1s train=0.4s
[t=  33.5s] greedy ep 50 games=  96 dec= 18926 rows= 18168 horizon=0.30 L=0.00200 L/var=0.01 tgt=-0.079/0.416 pstd=0.394 gen=0.1s train=0.4s
[t=  34.1s] greedy ep 51 games=  96 dec= 18443 rows= 17663 horizon=0.29 L=0.00169 L/var=0.01 tgt=-0.068/0.388 pstd=0.398 gen=0.1s train=0.4s
[t=  34.7s] greedy ep 52 games=  96 dec= 18192 rows= 17487 horizon=0.27 L=0.00161 L/var=0.01 tgt=-0.086/0.395 pstd=0.392 gen=0.1s train=0.4s
[t=  35.3s] greedy ep 53 games=  96 dec= 18972 rows= 18164 horizon=0.32 L=0.00152 L/var=0.01 tgt=-0.068/0.407 pstd=0.393 gen=0.1s train=0.4s
[t=  35.9s] greedy ep 54 games=  96 dec= 18781 rows= 18082 horizon=0.35 L=0.00180 L/var=0.01 tgt=-0.067/0.406 pstd=0.392 gen=0.1s train=0.4s
[t=  36.5s] greedy ep 55 games=  96 dec= 18170 rows= 17299 horizon=0.23 L=0.00169 L/var=0.01 tgt=-0.070/0.385 pstd=0.390 gen=0.1s train=0.4s
[t=  37.2s] greedy ep 56 games=  96 dec= 18827 rows= 18033 horizon=0.31 L=0.00163 L/var=0.01 tgt=-0.056/0.392 pstd=0.392 gen=0.1s train=0.4s
[t=  37.8s] greedy ep 57 games=  96 dec= 18588 rows= 17840 horizon=0.33 L=0.00163 L/var=0.01 tgt=-0.078/0.393 pstd=0.387 gen=0.1s train=0.4s
[t=  38.4s] greedy ep 58 games=  96 dec= 18407 rows= 17575 horizon=0.28 L=0.00186 L/var=0.01 tgt=-0.055/0.393 pstd=0.391 gen=0.1s train=0.4s
[t=  39.0s] greedy ep 59 games=  96 dec= 18148 rows= 17468 horizon=0.25 L=0.00153 L/var=0.01 tgt=-0.079/0.397 pstd=0.390 gen=0.1s train=0.4s
[t=  39.6s] greedy ep 60 games=  96 dec= 19240 rows= 18506 horizon=0.39 L=0.00205 L/var=0.01 tgt=-0.058/0.394 pstd=0.387 gen=0.1s train=0.4s
[t=  40.2s] greedy ep 61 games=  96 dec= 17480 rows= 16650 horizon=0.21 L=0.00159 L/var=0.01 tgt=-0.082/0.415 pstd=0.393 gen=0.1s train=0.4s
[t=  40.8s] greedy ep 62 games=  96 dec= 17696 rows= 16904 horizon=0.23 L=0.00209 L/var=0.01 tgt=-0.078/0.393 pstd=0.387 gen=0.1s train=0.4s
[t=  41.4s] greedy ep 63 games=  96 dec= 18115 rows= 17315 horizon=0.25 L=0.00236 L/var=0.01 tgt=-0.074/0.425 pstd=0.390 gen=0.1s train=0.4s
[t=  42.0s] greedy ep 64 games=  96 dec= 17961 rows= 17228 horizon=0.30 L=0.00172 L/var=0.01 tgt=-0.081/0.430 pstd=0.391 gen=0.1s train=0.4s
[t=  42.7s] greedy ep 65 games=  96 dec= 19091 rows= 18359 horizon=0.33 L=0.00142 L/var=0.01 tgt=-0.054/0.380 pstd=0.392 gen=0.1s train=0.5s
[t=  43.4s] greedy ep 66 games=  96 dec= 18892 rows= 18141 horizon=0.34 L=0.00131 L/var=0.01 tgt=-0.083/0.425 pstd=0.390 gen=0.1s train=0.5s
[t=  44.1s] greedy ep 67 games=  96 dec= 18700 rows= 17909 horizon=0.33 L=0.00140 L/var=0.01 tgt=-0.068/0.402 pstd=0.392 gen=0.1s train=0.4s
[t=  44.8s] greedy ep 68 games=  96 dec= 17768 rows= 16989 horizon=0.26 L=0.00133 L/var=0.01 tgt=-0.080/0.398 pstd=0.387 gen=0.1s train=0.5s
[t=  45.4s] greedy ep 69 games=  96 dec= 18920 rows= 18066 horizon=0.31 L=0.00265 L/var=0.02 tgt=-0.081/0.373 pstd=0.385 gen=0.1s train=0.4s
[t=  46.0s] greedy ep 70 games=  96 dec= 18272 rows= 17482 horizon=0.23 L=0.00248 L/var=0.02 tgt=-0.079/0.393 pstd=0.398 gen=0.1s train=0.4s
[t=  46.6s] greedy ep 71 games=  96 dec= 19474 rows= 18684 horizon=0.42 L=0.00181 L/var=0.01 tgt=-0.081/0.388 pstd=0.395 gen=0.1s train=0.4s
[t=  47.2s] greedy ep 72 games=  96 dec= 18516 rows= 17831 horizon=0.32 L=0.00159 L/var=0.01 tgt=-0.063/0.392 pstd=0.390 gen=0.1s train=0.4s
[t=  47.8s] greedy ep 73 games=  96 dec= 18517 rows= 17766 horizon=0.31 L=0.00136 L/var=0.01 tgt=-0.085/0.409 pstd=0.389 gen=0.1s train=0.4s
[t=  48.5s] greedy ep 74 games=  96 dec= 18370 rows= 17557 horizon=0.25 L=0.00132 L/var=0.01 tgt=-0.051/0.375 pstd=0.386 gen=0.1s train=0.4s
[t=  49.1s] greedy ep 75 games=  96 dec= 18616 rows= 17846 horizon=0.31 L=0.00128 L/var=0.01 tgt=-0.054/0.385 pstd=0.396 gen=0.1s train=0.4s
[t=  49.7s] greedy ep 76 games=  96 dec= 18935 rows= 18095 horizon=0.31 L=0.00124 L/var=0.01 tgt=-0.087/0.404 pstd=0.395 gen=0.1s train=0.4s
[t=  50.3s] greedy ep 77 games=  96 dec= 18457 rows= 17724 horizon=0.29 L=0.00116 L/var=0.01 tgt=-0.071/0.393 pstd=0.389 gen=0.1s train=0.4s
[t=  50.9s] greedy ep 78 games=  96 dec= 17709 rows= 17003 horizon=0.25 L=0.00150 L/var=0.01 tgt=-0.063/0.403 pstd=0.391 gen=0.1s train=0.4s
[t=  51.6s] greedy ep 79 games=  96 dec= 18236 rows= 17407 horizon=0.22 L=0.00169 L/var=0.01 tgt=-0.070/0.392 pstd=0.384 gen=0.1s train=0.5s
[t=  52.2s] greedy ep 80 games=  96 dec= 18576 rows= 17800 horizon=0.31 L=0.00142 L/var=0.01 tgt=-0.085/0.414 pstd=0.390 gen=0.1s train=0.4s
[t=  52.8s] greedy ep 81 games=  96 dec= 17602 rows= 16911 horizon=0.23 L=0.00149 L/var=0.01 tgt=-0.088/0.416 pstd=0.394 gen=0.1s train=0.4s
[t=  53.5s] greedy ep 82 games=  96 dec= 18011 rows= 17307 horizon=0.28 L=0.00124 L/var=0.01 tgt=-0.110/0.422 pstd=0.395 gen=0.1s train=0.4s
[t=  54.1s] greedy ep 83 games=  96 dec= 19229 rows= 18365 horizon=0.28 L=0.00119 L/var=0.01 tgt=-0.096/0.384 pstd=0.396 gen=0.1s train=0.4s
[t=  54.7s] greedy ep 84 games=  96 dec= 17370 rows= 16534 horizon=0.22 L=0.00115 L/var=0.01 tgt=-0.078/0.400 pstd=0.388 gen=0.1s train=0.4s
[t=  55.3s] greedy ep 85 games=  96 dec= 18514 rows= 17718 horizon=0.31 L=0.00217 L/var=0.01 tgt=-0.067/0.409 pstd=0.395 gen=0.1s train=0.4s
[t=  55.9s] greedy ep 86 games=  96 dec= 18400 rows= 17629 horizon=0.30 L=0.00126 L/var=0.01 tgt=-0.054/0.416 pstd=0.392 gen=0.1s train=0.4s
[t=  56.6s] greedy ep 87 games=  96 dec= 18328 rows= 17540 horizon=0.28 L=0.00117 L/var=0.01 tgt=-0.057/0.416 pstd=0.395 gen=0.1s train=0.4s
[t=  57.2s] greedy ep 88 games=  96 dec= 18836 rows= 18104 horizon=0.34 L=0.00129 L/var=0.01 tgt=-0.069/0.451 pstd=0.393 gen=0.1s train=0.4s
[t=  57.8s] greedy ep 89 games=  96 dec= 18112 rows= 17376 horizon=0.29 L=0.00105 L/var=0.01 tgt=-0.099/0.422 pstd=0.393 gen=0.1s train=0.4s
[t=  58.4s] greedy ep 90 games=  96 dec= 18009 rows= 17292 horizon=0.29 L=0.00135 L/var=0.01 tgt=-0.067/0.396 pstd=0.392 gen=0.1s train=0.4s
[t=  59.1s] greedy ep 91 games=  96 dec= 19007 rows= 18272 horizon=0.31 L=0.00168 L/var=0.01 tgt=-0.071/0.393 pstd=0.390 gen=0.1s train=0.4s
[t=  59.7s] greedy ep 92 games=  96 dec= 18386 rows= 17545 horizon=0.28 L=0.00117 L/var=0.01 tgt=-0.079/0.427 pstd=0.392 gen=0.1s train=0.4s
[t=  60.3s] greedy ep 93 games=  96 dec= 17611 rows= 16917 horizon=0.24 L=0.00121 L/var=0.01 tgt=-0.089/0.416 pstd=0.389 gen=0.1s train=0.4s
[t=  60.9s] greedy ep 94 games=  96 dec= 18028 rows= 17248 horizon=0.23 L=0.00109 L/var=0.01 tgt=-0.088/0.397 pstd=0.391 gen=0.1s train=0.4s
[t=  61.6s] greedy ep 95 games=  96 dec= 18694 rows= 17878 horizon=0.30 L=0.00113 L/var=0.01 tgt=-0.061/0.389 pstd=0.390 gen=0.1s train=0.4s
[t=  62.2s] greedy ep 96 games=  96 dec= 18817 rows= 18070 horizon=0.31 L=0.00102 L/var=0.01 tgt=-0.091/0.405 pstd=0.392 gen=0.1s train=0.4s
[t=  62.8s] greedy ep 97 games=  96 dec= 17744 rows= 16965 horizon=0.22 L=0.00101 L/var=0.01 tgt=-0.087/0.408 pstd=0.395 gen=0.1s train=0.4s
[t=  63.5s] greedy ep 98 games=  96 dec= 18854 rows= 18081 horizon=0.32 L=0.00119 L/var=0.01 tgt=-0.075/0.405 pstd=0.389 gen=0.1s train=0.4s
[t=  64.1s] greedy ep 99 games=  96 dec= 18115 rows= 17468 horizon=0.29 L=0.00102 L/var=0.01 tgt=-0.088/0.402 pstd=0.394 gen=0.1s train=0.4s
[t=  64.7s] greedy ep100 games=  96 dec= 17901 rows= 17067 horizon=0.24 L=0.00102 L/var=0.01 tgt=-0.064/0.404 pstd=0.389 gen=0.1s train=0.4s
[t=  65.3s] greedy ep101 games=  96 dec= 17329 rows= 16564 horizon=0.18 L=0.00200 L/var=0.01 tgt=-0.094/0.419 pstd=0.390 gen=0.1s train=0.4s
[t=  66.0s] greedy ep102 games=  96 dec= 19175 rows= 18365 horizon=0.30 L=0.00113 L/var=0.01 tgt=-0.085/0.413 pstd=0.388 gen=0.1s train=0.4s
[t=  66.6s] greedy ep103 games=  96 dec= 19349 rows= 18446 horizon=0.34 L=0.00089 L/var=0.01 tgt=-0.090/0.408 pstd=0.393 gen=0.1s train=0.5s
[t=  67.3s] greedy ep104 games=  96 dec= 18780 rows= 17994 horizon=0.29 L=0.00091 L/var=0.01 tgt=-0.043/0.400 pstd=0.395 gen=0.1s train=0.4s
[t=  67.9s] greedy ep105 games=  96 dec= 18193 rows= 17415 horizon=0.31 L=0.00102 L/var=0.01 tgt=-0.064/0.394 pstd=0.391 gen=0.1s train=0.4s
[t=  68.5s] greedy ep106 games=  96 dec= 18319 rows= 17592 horizon=0.30 L=0.00140 L/var=0.01 tgt=-0.074/0.433 pstd=0.388 gen=0.1s train=0.4s
[t=  69.1s] greedy ep107 games=  96 dec= 18453 rows= 17669 horizon=0.27 L=0.00109 L/var=0.01 tgt=-0.065/0.402 pstd=0.396 gen=0.1s train=0.4s
[t=  69.8s] greedy ep108 games=  96 dec= 19645 rows= 18855 horizon=0.39 L=0.00100 L/var=0.01 tgt=-0.073/0.414 pstd=0.394 gen=0.1s train=0.4s
[t=  70.4s] greedy ep109 games=  96 dec= 18220 rows= 17470 horizon=0.26 L=0.00077 L/var=0.00 tgt=-0.051/0.395 pstd=0.393 gen=0.1s train=0.4s
[t=  71.1s] greedy ep110 games=  96 dec= 19366 rows= 18466 horizon=0.34 L=0.00073 L/var=0.00 tgt=-0.074/0.395 pstd=0.389 gen=0.1s train=0.5s
[t=  71.7s] greedy ep111 games=  96 dec= 17474 rows= 16655 horizon=0.23 L=0.00102 L/var=0.01 tgt=-0.093/0.413 pstd=0.386 gen=0.1s train=0.4s
[t=  72.3s] greedy ep112 games=  96 dec= 18454 rows= 17765 horizon=0.29 L=0.00409 L/var=0.03 tgt=-0.070/0.392 pstd=0.367 gen=0.1s train=0.4s
[t=  72.9s] greedy ep113 games=  96 dec= 18390 rows= 17620 horizon=0.32 L=0.00670 L/var=0.04 tgt=-0.084/0.412 pstd=0.360 gen=0.1s train=0.4s
[t=  73.6s] greedy ep114 games=  96 dec= 18074 rows= 17390 horizon=0.25 L=0.00316 L/var=0.02 tgt=-0.077/0.413 pstd=0.390 gen=0.1s train=0.4s
[t=  74.2s] greedy ep115 games=  96 dec= 18082 rows= 17334 horizon=0.27 L=0.00134 L/var=0.01 tgt=-0.064/0.378 pstd=0.394 gen=0.1s train=0.4s
[t=  74.9s] greedy ep116 games=  96 dec= 18772 rows= 18031 horizon=0.34 L=0.00086 L/var=0.01 tgt=-0.053/0.378 pstd=0.393 gen=0.1s train=0.4s
[t=  75.5s] greedy ep117 games=  96 dec= 18903 rows= 18078 horizon=0.28 L=0.00068 L/var=0.00 tgt=-0.055/0.409 pstd=0.393 gen=0.1s train=0.4s
[t=  76.1s] greedy ep118 games=  96 dec= 18299 rows= 17525 horizon=0.24 L=0.00065 L/var=0.00 tgt=-0.101/0.393 pstd=0.395 gen=0.1s train=0.4s
[t=  76.8s] greedy ep119 games=  96 dec= 18037 rows= 17324 horizon=0.27 L=0.00061 L/var=0.00 tgt=-0.113/0.423 pstd=0.391 gen=0.1s train=0.4s
[t=  77.4s] greedy ep120 games=  96 dec= 18139 rows= 17418 horizon=0.25 L=0.00058 L/var=0.00 tgt=-0.078/0.408 pstd=0.390 gen=0.1s train=0.4s
[t=  78.0s] greedy ep121 games=  96 dec= 19044 rows= 18264 horizon=0.32 L=0.00059 L/var=0.00 tgt=-0.083/0.400 pstd=0.390 gen=0.1s train=0.4s
[t=  78.6s] greedy ep122 games=  96 dec= 17722 rows= 16951 horizon=0.26 L=0.00108 L/var=0.01 tgt=-0.079/0.397 pstd=0.392 gen=0.1s train=0.4s
[t=  79.2s] greedy ep123 games=  96 dec= 17658 rows= 16990 horizon=0.23 L=0.00064 L/var=0.00 tgt=-0.073/0.403 pstd=0.391 gen=0.1s train=0.4s
[t=  79.9s] greedy ep124 games=  96 dec= 19187 rows= 18459 horizon=0.35 L=0.00061 L/var=0.00 tgt=-0.053/0.403 pstd=0.390 gen=0.1s train=0.4s
[t=  80.5s] greedy ep125 games=  96 dec= 19478 rows= 18670 horizon=0.38 L=0.00063 L/var=0.00 tgt=-0.061/0.383 pstd=0.392 gen=0.1s train=0.4s
[t=  81.2s] greedy ep126 games=  96 dec= 18706 rows= 18051 horizon=0.31 L=0.00057 L/var=0.00 tgt=-0.057/0.386 pstd=0.388 gen=0.1s train=0.4s
[t=  81.8s] greedy ep127 games=  96 dec= 17748 rows= 16959 horizon=0.21 L=0.00057 L/var=0.00 tgt=-0.058/0.397 pstd=0.391 gen=0.1s train=0.4s
[t=  82.5s] greedy ep128 games=  96 dec= 18849 rows= 18000 horizon=0.25 L=0.00059 L/var=0.00 tgt=-0.092/0.412 pstd=0.393 gen=0.1s train=0.4s
[t=  83.1s] greedy ep129 games=  96 dec= 19027 rows= 18186 horizon=0.33 L=0.00055 L/var=0.00 tgt=-0.073/0.401 pstd=0.396 gen=0.1s train=0.4s
[t=  83.7s] greedy ep130 games=  96 dec= 18257 rows= 17535 horizon=0.29 L=0.00050 L/var=0.00 tgt=-0.063/0.385 pstd=0.392 gen=0.1s train=0.4s
[t=  84.3s] greedy ep131 games=  96 dec= 18325 rows= 17546 horizon=0.30 L=0.00115 L/var=0.01 tgt=-0.071/0.397 pstd=0.396 gen=0.1s train=0.4s
[t=  84.9s] greedy ep132 games=  96 dec= 17681 rows= 16849 horizon=0.23 L=0.00057 L/var=0.00 tgt=-0.080/0.417 pstd=0.393 gen=0.1s train=0.4s
[t=  85.6s] greedy ep133 games=  96 dec= 19329 rows= 18584 horizon=0.39 L=0.00052 L/var=0.00 tgt=-0.086/0.389 pstd=0.395 gen=0.1s train=0.4s
[t=  86.2s] greedy ep134 games=  96 dec= 18581 rows= 17770 horizon=0.26 L=0.00053 L/var=0.00 tgt=-0.083/0.394 pstd=0.394 gen=0.1s train=0.4s
[t=  86.8s] greedy ep135 games=  96 dec= 17697 rows= 16960 horizon=0.21 L=0.00055 L/var=0.00 tgt=-0.098/0.429 pstd=0.394 gen=0.1s train=0.4s
[t=  87.5s] greedy ep136 games=  96 dec= 18737 rows= 17959 horizon=0.27 L=0.00054 L/var=0.00 tgt=-0.075/0.405 pstd=0.390 gen=0.1s train=0.4s
[t=  88.1s] greedy ep137 games=  96 dec= 18130 rows= 17349 horizon=0.26 L=0.00048 L/var=0.00 tgt=-0.093/0.412 pstd=0.397 gen=0.1s train=0.4s
[t=  88.7s] greedy ep138 games=  96 dec= 17758 rows= 17071 horizon=0.23 L=0.00057 L/var=0.00 tgt=-0.087/0.413 pstd=0.390 gen=0.1s train=0.4s
[t=  89.3s] greedy ep139 games=  96 dec= 18995 rows= 18206 horizon=0.36 L=0.00051 L/var=0.00 tgt=-0.088/0.398 pstd=0.391 gen=0.1s train=0.4s
[t=  90.0s] greedy ep140 games=  96 dec= 18262 rows= 17544 horizon=0.30 L=0.00049 L/var=0.00 tgt=-0.089/0.395 pstd=0.392 gen=0.1s train=0.4s
[t=  90.6s] greedy ep141 games=  96 dec= 18842 rows= 18025 horizon=0.29 L=0.00047 L/var=0.00 tgt=-0.054/0.383 pstd=0.391 gen=0.1s train=0.4s
[t=  91.2s] greedy ep142 games=  96 dec= 18683 rows= 17902 horizon=0.27 L=0.00104 L/var=0.01 tgt=-0.071/0.395 pstd=0.392 gen=0.1s train=0.4s
[t=  91.9s] greedy ep143 games=  96 dec= 18305 rows= 17550 horizon=0.29 L=0.00055 L/var=0.00 tgt=-0.040/0.379 pstd=0.392 gen=0.1s train=0.4s
[t=  92.5s] greedy ep144 games=  96 dec= 18099 rows= 17296 horizon=0.22 L=0.00048 L/var=0.00 tgt=-0.065/0.408 pstd=0.391 gen=0.1s train=0.4s
[t=  93.1s] greedy ep145 games=  96 dec= 18425 rows= 17718 horizon=0.29 L=0.00044 L/var=0.00 tgt=-0.061/0.367 pstd=0.391 gen=0.1s train=0.4s
[t=  93.7s] greedy ep146 games=  96 dec= 17807 rows= 17049 horizon=0.26 L=0.00087 L/var=0.01 tgt=-0.075/0.398 pstd=0.391 gen=0.1s train=0.4s
[t=  94.4s] greedy ep147 games=  96 dec= 18780 rows= 17959 horizon=0.33 L=0.00059 L/var=0.00 tgt=-0.048/0.388 pstd=0.393 gen=0.1s train=0.4s
[t=  95.0s] greedy ep148 games=  96 dec= 18264 rows= 17519 horizon=0.30 L=0.00048 L/var=0.00 tgt=-0.073/0.411 pstd=0.393 gen=0.1s train=0.4s
[t=  95.6s] greedy ep149 games=  96 dec= 18573 rows= 17775 horizon=0.31 L=0.00042 L/var=0.00 tgt=-0.057/0.404 pstd=0.393 gen=0.1s train=0.4s
[t=  96.3s] greedy ep150 games=  96 dec= 18706 rows= 17863 horizon=0.28 L=0.00051 L/var=0.00 tgt=-0.076/0.408 pstd=0.388 gen=0.1s train=0.4s
[t=  96.9s] greedy ep151 games=  96 dec= 18756 rows= 17995 horizon=0.36 L=0.00055 L/var=0.00 tgt=-0.080/0.400 pstd=0.392 gen=0.1s train=0.4s
[t=  97.6s] greedy ep152 games=  96 dec= 19514 rows= 18734 horizon=0.36 L=0.00047 L/var=0.00 tgt=-0.071/0.393 pstd=0.394 gen=0.1s train=0.4s
[t=  98.2s] greedy ep153 games=  96 dec= 18649 rows= 17892 horizon=0.33 L=0.00049 L/var=0.00 tgt=-0.084/0.403 pstd=0.391 gen=0.1s train=0.4s
[t=  98.8s] greedy ep154 games=  96 dec= 19354 rows= 18483 horizon=0.32 L=0.00040 L/var=0.00 tgt=-0.081/0.402 pstd=0.391 gen=0.1s train=0.4s
[t=  99.5s] greedy ep155 games=  96 dec= 17944 rows= 17191 horizon=0.25 L=0.00107 L/var=0.01 tgt=-0.059/0.382 pstd=0.392 gen=0.1s train=0.4s
[t= 100.1s] greedy ep156 games=  96 dec= 17976 rows= 17152 horizon=0.21 L=0.00084 L/var=0.01 tgt=-0.061/0.405 pstd=0.390 gen=0.1s train=0.4s
[t= 100.7s] greedy ep157 games=  96 dec= 17368 rows= 16647 horizon=0.20 L=0.00051 L/var=0.00 tgt=-0.100/0.424 pstd=0.388 gen=0.1s train=0.4s
[t= 101.3s] greedy ep158 games=  96 dec= 19134 rows= 18369 horizon=0.33 L=0.00041 L/var=0.00 tgt=-0.067/0.401 pstd=0.385 gen=0.1s train=0.4s
[t= 101.9s] greedy ep159 games=  96 dec= 18687 rows= 17865 horizon=0.25 L=0.00040 L/var=0.00 tgt=-0.058/0.404 pstd=0.394 gen=0.1s train=0.4s
[t= 102.5s] greedy ep160 games=  96 dec= 19087 rows= 18332 horizon=0.33 L=0.00041 L/var=0.00 tgt=-0.043/0.409 pstd=0.398 gen=0.1s train=0.4s
[t= 103.2s] greedy ep161 games=  96 dec= 18271 rows= 17508 horizon=0.26 L=0.00041 L/var=0.00 tgt=-0.092/0.408 pstd=0.389 gen=0.1s train=0.4s
[t= 103.8s] greedy ep162 games=  96 dec= 18957 rows= 18136 horizon=0.35 L=0.00092 L/var=0.01 tgt=-0.067/0.398 pstd=0.392 gen=0.1s train=0.4s
[t= 104.5s] greedy ep163 games=  96 dec= 19329 rows= 18496 horizon=0.39 L=0.00048 L/var=0.00 tgt=-0.059/0.385 pstd=0.391 gen=0.1s train=0.4s
[t= 105.1s] greedy ep164 games=  96 dec= 18683 rows= 17902 horizon=0.33 L=0.00038 L/var=0.00 tgt=-0.062/0.401 pstd=0.392 gen=0.1s train=0.4s
[t= 105.7s] greedy ep165 games=  96 dec= 18194 rows= 17393 horizon=0.25 L=0.00040 L/var=0.00 tgt=-0.080/0.404 pstd=0.393 gen=0.1s train=0.4s
[t= 106.3s] greedy ep166 games=  96 dec= 18226 rows= 17440 horizon=0.25 L=0.00048 L/var=0.00 tgt=-0.069/0.385 pstd=0.393 gen=0.1s train=0.4s
[t= 106.9s] greedy ep167 games=  96 dec= 18250 rows= 17416 horizon=0.23 L=0.00044 L/var=0.00 tgt=-0.080/0.419 pstd=0.397 gen=0.1s train=0.4s
[t= 107.6s] greedy ep168 games=  96 dec= 17832 rows= 17162 horizon=0.30 L=0.00044 L/var=0.00 tgt=-0.082/0.395 pstd=0.396 gen=0.1s train=0.4s
[t= 108.2s] greedy ep169 games=  96 dec= 18265 rows= 17512 horizon=0.28 L=0.00042 L/var=0.00 tgt=-0.060/0.388 pstd=0.393 gen=0.1s train=0.4s
[t= 108.8s] greedy ep170 games=  96 dec= 18535 rows= 17809 horizon=0.32 L=0.00045 L/var=0.00 tgt=-0.082/0.441 pstd=0.393 gen=0.1s train=0.4s
[t= 109.4s] greedy ep171 games=  96 dec= 18681 rows= 17918 horizon=0.34 L=0.00071 L/var=0.00 tgt=-0.056/0.398 pstd=0.391 gen=0.1s train=0.4s
[t= 110.1s] greedy ep172 games=  96 dec= 19139 rows= 18372 horizon=0.33 L=0.00039 L/var=0.00 tgt=-0.081/0.390 pstd=0.393 gen=0.1s train=0.4s
[t= 110.7s] greedy ep173 games=  96 dec= 18084 rows= 17272 horizon=0.25 L=0.00046 L/var=0.00 tgt=-0.069/0.401 pstd=0.398 gen=0.1s train=0.4s
[t= 111.3s] greedy ep174 games=  96 dec= 18780 rows= 17953 horizon=0.29 L=0.00057 L/var=0.00 tgt=-0.096/0.421 pstd=0.392 gen=0.1s train=0.4s
[t= 111.9s] greedy ep175 games=  96 dec= 18203 rows= 17456 horizon=0.27 L=0.00043 L/var=0.00 tgt=-0.072/0.417 pstd=0.396 gen=0.1s train=0.4s
[t= 112.5s] greedy ep176 games=  96 dec= 18609 rows= 17781 horizon=0.29 L=0.00034 L/var=0.00 tgt=-0.075/0.403 pstd=0.395 gen=0.1s train=0.4s
[t= 113.2s] greedy ep177 games=  96 dec= 17843 rows= 17052 horizon=0.28 L=0.00032 L/var=0.00 tgt=-0.066/0.396 pstd=0.392 gen=0.1s train=0.4s
[t= 113.8s] greedy ep178 games=  96 dec= 18053 rows= 17258 horizon=0.23 L=0.00065 L/var=0.00 tgt=-0.064/0.394 pstd=0.392 gen=0.1s train=0.4s
[t= 114.4s] greedy ep179 games=  96 dec= 17899 rows= 17155 horizon=0.26 L=0.00287 L/var=0.02 tgt=-0.096/0.411 pstd=0.360 gen=0.1s train=0.4s
[t= 115.0s] greedy ep180 games=  96 dec= 18344 rows= 17539 horizon=0.27 L=0.00397 L/var=0.03 tgt=-0.068/0.398 pstd=0.405 gen=0.1s train=0.4s
[t= 115.7s] greedy ep181 games=  96 dec= 19487 rows= 18628 horizon=0.31 L=0.00268 L/var=0.02 tgt=-0.079/0.393 pstd=0.397 gen=0.1s train=0.4s
[t= 116.3s] greedy ep182 games=  96 dec= 19581 rows= 18743 horizon=0.34 L=0.00101 L/var=0.01 tgt=-0.056/0.400 pstd=0.394 gen=0.1s train=0.4s
[t= 117.0s] greedy ep183 games=  96 dec= 18980 rows= 18170 horizon=0.35 L=0.00075 L/var=0.00 tgt=-0.071/0.414 pstd=0.393 gen=0.1s train=0.4s
[t= 117.6s] greedy ep184 games=  96 dec= 17880 rows= 17121 horizon=0.29 L=0.00042 L/var=0.00 tgt=-0.058/0.393 pstd=0.394 gen=0.1s train=0.4s
[t= 118.2s] greedy ep185 games=  96 dec= 18714 rows= 17979 horizon=0.36 L=0.00034 L/var=0.00 tgt=-0.069/0.408 pstd=0.389 gen=0.1s train=0.4s
[t= 118.9s] greedy ep186 games=  96 dec= 18926 rows= 18148 horizon=0.36 L=0.00031 L/var=0.00 tgt=-0.090/0.418 pstd=0.394 gen=0.1s train=0.4s
[t= 119.5s] greedy ep187 games=  96 dec= 19039 rows= 18250 horizon=0.34 L=0.00030 L/var=0.00 tgt=-0.073/0.399 pstd=0.394 gen=0.1s train=0.4s
[t= 120.2s] greedy ep188 games=  96 dec= 18807 rows= 18097 horizon=0.35 L=0.00036 L/var=0.00 tgt=-0.071/0.398 pstd=0.391 gen=0.1s train=0.4s
[t= 120.8s] greedy ep189 games=  96 dec= 18526 rows= 17715 horizon=0.27 L=0.00030 L/var=0.00 tgt=-0.073/0.378 pstd=0.392 gen=0.1s train=0.4s
[t= 121.5s] greedy ep190 games=  96 dec= 19300 rows= 18503 horizon=0.30 L=0.00029 L/var=0.00 tgt=-0.069/0.408 pstd=0.392 gen=0.1s train=0.4s
[t= 122.2s] greedy ep191 games=  96 dec= 18595 rows= 17867 horizon=0.30 L=0.00033 L/var=0.00 tgt=-0.052/0.368 pstd=0.393 gen=0.1s train=0.5s
[t= 122.8s] greedy ep192 games=  96 dec= 17815 rows= 17118 horizon=0.26 L=0.00030 L/var=0.00 tgt=-0.096/0.403 pstd=0.391 gen=0.1s train=0.4s
[t= 123.4s] greedy ep193 games=  96 dec= 18241 rows= 17519 horizon=0.27 L=0.00040 L/var=0.00 tgt=-0.070/0.392 pstd=0.391 gen=0.1s train=0.4s
[t= 124.1s] greedy ep194 games=  96 dec= 18375 rows= 17595 horizon=0.31 L=0.00039 L/var=0.00 tgt=-0.091/0.388 pstd=0.393 gen=0.1s train=0.4s
[t= 124.7s] greedy ep195 games=  96 dec= 18343 rows= 17542 horizon=0.25 L=0.00038 L/var=0.00 tgt=-0.061/0.389 pstd=0.391 gen=0.1s train=0.4s
[t= 125.3s] greedy ep196 games=  96 dec= 18699 rows= 17846 horizon=0.27 L=0.00030 L/var=0.00 tgt=-0.064/0.393 pstd=0.393 gen=0.1s train=0.4s
[t= 126.0s] greedy ep197 games=  96 dec= 18400 rows= 17624 horizon=0.22 L=0.00029 L/var=0.00 tgt=-0.058/0.381 pstd=0.392 gen=0.1s train=0.4s
[t= 126.6s] greedy ep198 games=  96 dec= 18763 rows= 17973 horizon=0.30 L=0.00029 L/var=0.00 tgt=-0.050/0.399 pstd=0.393 gen=0.1s train=0.4s
[t= 127.3s] greedy ep199 games=  96 dec= 17769 rows= 16975 horizon=0.21 L=0.00031 L/var=0.00 tgt=-0.055/0.399 pstd=0.394 gen=0.1s train=0.5s
[t= 128.0s] greedy ep200 games=  96 dec= 18099 rows= 17317 horizon=0.21 L=0.00035 L/var=0.00 tgt=-0.079/0.411 pstd=0.394 gen=0.1s train=0.4s
[t= 128.6s] greedy ep201 games=  96 dec= 19401 rows= 18629 horizon=0.35 L=0.00031 L/var=0.00 tgt=-0.085/0.388 pstd=0.390 gen=0.1s train=0.4s
[t= 129.2s] greedy ep202 games=  96 dec= 19269 rows= 18381 horizon=0.31 L=0.00025 L/var=0.00 tgt=-0.063/0.390 pstd=0.393 gen=0.1s train=0.4s
[t= 129.9s] greedy ep203 games=  96 dec= 18076 rows= 17302 horizon=0.24 L=0.00028 L/var=0.00 tgt=-0.081/0.394 pstd=0.394 gen=0.1s train=0.4s
[t= 130.5s] greedy ep204 games=  96 dec= 18394 rows= 17607 horizon=0.30 L=0.00041 L/var=0.00 tgt=-0.068/0.396 pstd=0.391 gen=0.1s train=0.4s
[t= 131.1s] greedy ep205 games=  96 dec= 18305 rows= 17526 horizon=0.26 L=0.00043 L/var=0.00 tgt=-0.080/0.419 pstd=0.394 gen=0.1s train=0.4s
[t= 131.9s] greedy ep206 games=  96 dec= 18763 rows= 17956 horizon=0.31 L=0.00030 L/var=0.00 tgt=-0.075/0.395 pstd=0.393 gen=0.1s train=0.5s
[t= 132.6s] greedy ep207 games=  96 dec= 16846 rows= 16080 horizon=0.20 L=0.00023 L/var=0.00 tgt=-0.094/0.436 pstd=0.392 gen=0.1s train=0.4s
[t= 133.2s] greedy ep208 games=  96 dec= 19273 rows= 18493 horizon=0.42 L=0.00027 L/var=0.00 tgt=-0.064/0.415 pstd=0.395 gen=0.1s train=0.4s
[t= 133.9s] greedy ep209 games=  96 dec= 18178 rows= 17433 horizon=0.29 L=0.00042 L/var=0.00 tgt=-0.060/0.388 pstd=0.390 gen=0.1s train=0.4s
[t= 134.5s] greedy ep210 games=  96 dec= 18645 rows= 17902 horizon=0.26 L=0.00032 L/var=0.00 tgt=-0.063/0.397 pstd=0.394 gen=0.1s train=0.4s
[t= 135.1s] greedy ep211 games=  96 dec= 18462 rows= 17542 horizon=0.28 L=0.00027 L/var=0.00 tgt=-0.060/0.390 pstd=0.394 gen=0.1s train=0.4s
[t= 135.7s] greedy ep212 games=  96 dec= 18386 rows= 17654 horizon=0.28 L=0.00030 L/var=0.00 tgt=-0.065/0.406 pstd=0.392 gen=0.1s train=0.4s
[t= 136.5s] greedy ep213 games=  96 dec= 18949 rows= 18154 horizon=0.31 L=0.00036 L/var=0.00 tgt=-0.065/0.388 pstd=0.394 gen=0.1s train=0.5s
[t= 137.1s] greedy ep214 games=  96 dec= 18514 rows= 17719 horizon=0.26 L=0.00031 L/var=0.00 tgt=-0.070/0.388 pstd=0.394 gen=0.1s train=0.4s
[t= 137.8s] greedy ep215 games=  96 dec= 18792 rows= 18037 horizon=0.34 L=0.00033 L/var=0.00 tgt=-0.099/0.409 pstd=0.394 gen=0.1s train=0.4s
[t= 138.4s] greedy ep216 games=  96 dec= 17946 rows= 17150 horizon=0.26 L=0.00029 L/var=0.00 tgt=-0.054/0.381 pstd=0.394 gen=0.1s train=0.4s
[t= 139.0s] greedy ep217 games=  96 dec= 17498 rows= 16838 horizon=0.28 L=0.00025 L/var=0.00 tgt=-0.058/0.390 pstd=0.389 gen=0.1s train=0.4s
[t= 139.6s] greedy ep218 games=  96 dec= 17952 rows= 17223 horizon=0.26 L=0.00040 L/var=0.00 tgt=-0.074/0.397 pstd=0.390 gen=0.1s train=0.4s
[t= 140.3s] greedy ep219 games=  96 dec= 19368 rows= 18591 horizon=0.38 L=0.00037 L/var=0.00 tgt=-0.064/0.372 pstd=0.390 gen=0.1s train=0.4s
[t= 140.9s] greedy ep220 games=  96 dec= 17976 rows= 17256 horizon=0.28 L=0.00030 L/var=0.00 tgt=-0.075/0.416 pstd=0.390 gen=0.1s train=0.4s
[t= 141.5s] greedy ep221 games=  96 dec= 17686 rows= 16924 horizon=0.27 L=0.00024 L/var=0.00 tgt=-0.069/0.384 pstd=0.389 gen=0.1s train=0.4s
[t= 142.3s] greedy ep222 games=  96 dec= 18382 rows= 17598 horizon=0.26 L=0.00021 L/var=0.00 tgt=-0.075/0.390 pstd=0.392 gen=0.1s train=0.5s
[t= 142.9s] greedy ep223 games=  96 dec= 18096 rows= 17390 horizon=0.26 L=0.00089 L/var=0.01 tgt=-0.066/0.394 pstd=0.392 gen=0.1s train=0.4s
[t= 143.5s] greedy ep224 games=  96 dec= 19163 rows= 18302 horizon=0.29 L=0.00042 L/var=0.00 tgt=-0.090/0.415 pstd=0.390 gen=0.1s train=0.4s
[t= 144.1s] greedy ep225 games=  96 dec= 18415 rows= 17705 horizon=0.32 L=0.00028 L/var=0.00 tgt=-0.060/0.408 pstd=0.392 gen=0.1s train=0.4s
[t= 144.9s] greedy ep226 games=  96 dec= 18477 rows= 17640 horizon=0.29 L=0.00026 L/var=0.00 tgt=-0.054/0.403 pstd=0.392 gen=0.1s train=0.5s
[t= 145.5s] greedy ep227 games=  96 dec= 18652 rows= 17859 horizon=0.34 L=0.00021 L/var=0.00 tgt=-0.072/0.416 pstd=0.395 gen=0.1s train=0.4s
[t= 146.1s] greedy ep228 games=  96 dec= 18021 rows= 17273 horizon=0.27 L=0.00021 L/var=0.00 tgt=-0.076/0.385 pstd=0.394 gen=0.1s train=0.4s
[t= 146.7s] greedy ep229 games=  96 dec= 18549 rows= 17770 horizon=0.29 L=0.00019 L/var=0.00 tgt=-0.082/0.411 pstd=0.395 gen=0.1s train=0.4s
[t= 147.4s] greedy ep230 games=  96 dec= 19141 rows= 18308 horizon=0.33 L=0.00043 L/var=0.00 tgt=-0.067/0.397 pstd=0.390 gen=0.1s train=0.4s
[t= 148.0s] greedy ep231 games=  96 dec= 18527 rows= 17619 horizon=0.27 L=0.00039 L/var=0.00 tgt=-0.060/0.413 pstd=0.390 gen=0.1s train=0.4s
[t= 148.6s] greedy ep232 games=  96 dec= 17714 rows= 16837 horizon=0.20 L=0.00021 L/var=0.00 tgt=-0.070/0.407 pstd=0.394 gen=0.1s train=0.4s
[t= 149.2s] greedy ep233 games=  96 dec= 18674 rows= 17880 horizon=0.35 L=0.00020 L/var=0.00 tgt=-0.062/0.401 pstd=0.393 gen=0.1s train=0.4s
[t= 149.8s] greedy ep234 games=  96 dec= 18391 rows= 17655 horizon=0.31 L=0.00021 L/var=0.00 tgt=-0.072/0.411 pstd=0.393 gen=0.1s train=0.4s
[t= 150.4s] greedy ep235 games=  96 dec= 19394 rows= 18616 horizon=0.34 L=0.00031 L/var=0.00 tgt=-0.066/0.388 pstd=0.395 gen=0.1s train=0.4s
[t= 151.1s] greedy ep236 games=  96 dec= 19038 rows= 18211 horizon=0.32 L=0.00021 L/var=0.00 tgt=-0.058/0.383 pstd=0.392 gen=0.1s train=0.4s
[t= 151.7s] greedy ep237 games=  96 dec= 18922 rows= 18125 horizon=0.33 L=0.00029 L/var=0.00 tgt=-0.088/0.408 pstd=0.391 gen=0.1s train=0.4s
[t= 152.3s] greedy ep238 games=  96 dec= 18876 rows= 18057 horizon=0.33 L=0.00025 L/var=0.00 tgt=-0.102/0.407 pstd=0.394 gen=0.1s train=0.4s
[t= 152.9s] greedy ep239 games=  96 dec= 17188 rows= 16394 horizon=0.17 L=0.00038 L/var=0.00 tgt=-0.084/0.424 pstd=0.394 gen=0.1s train=0.4s
[t= 153.5s] greedy ep240 games=  96 dec= 17419 rows= 16701 horizon=0.23 L=0.00031 L/var=0.00 tgt=-0.094/0.405 pstd=0.393 gen=0.1s train=0.4s
[t= 154.1s] greedy ep241 games=  96 dec= 18485 rows= 17642 horizon=0.33 L=0.00024 L/var=0.00 tgt=-0.080/0.453 pstd=0.392 gen=0.1s train=0.4s
[t= 154.7s] greedy ep242 games=  96 dec= 17475 rows= 16653 horizon=0.24 L=0.00024 L/var=0.00 tgt=-0.096/0.403 pstd=0.393 gen=0.1s train=0.4s
[t= 155.3s] greedy ep243 games=  96 dec= 18678 rows= 17868 horizon=0.30 L=0.00023 L/var=0.00 tgt=-0.095/0.397 pstd=0.393 gen=0.1s train=0.4s
[t= 156.0s] greedy ep244 games=  96 dec= 19023 rows= 18252 horizon=0.31 L=0.00031 L/var=0.00 tgt=-0.074/0.389 pstd=0.392 gen=0.1s train=0.4s
[t= 156.6s] greedy ep245 games=  96 dec= 18759 rows= 17955 horizon=0.29 L=0.00024 L/var=0.00 tgt=-0.069/0.383 pstd=0.394 gen=0.1s train=0.4s
[t= 157.2s] greedy ep246 games=  96 dec= 17255 rows= 16598 horizon=0.24 L=0.00027 L/var=0.00 tgt=-0.078/0.405 pstd=0.390 gen=0.1s train=0.4s
[t= 157.9s] greedy ep247 games=  96 dec= 19005 rows= 18166 horizon=0.32 L=0.00042 L/var=0.00 tgt=-0.084/0.404 pstd=0.390 gen=0.1s train=0.5s
[t= 158.5s] greedy ep248 games=  96 dec= 17091 rows= 16380 horizon=0.23 L=0.00029 L/var=0.00 tgt=-0.072/0.405 pstd=0.391 gen=0.1s train=0.4s
[t= 159.3s] greedy ep249 games=  96 dec= 18065 rows= 17269 horizon=0.29 L=0.00019 L/var=0.00 tgt=-0.060/0.387 pstd=0.395 gen=0.1s train=0.5s
[t= 160.1s] greedy ep250 games=  96 dec= 18790 rows= 17962 horizon=0.33 L=0.00026 L/var=0.00 tgt=-0.106/0.416 pstd=0.392 gen=0.1s train=0.6s
[t= 160.9s] greedy ep251 games=  96 dec= 18893 rows= 18047 horizon=0.31 L=0.00038 L/var=0.00 tgt=-0.075/0.379 pstd=0.392 gen=0.1s train=0.6s
[t= 161.7s] greedy ep252 games=  96 dec= 18898 rows= 18101 horizon=0.33 L=0.00022 L/var=0.00 tgt=-0.072/0.400 pstd=0.393 gen=0.1s train=0.6s
[t= 162.5s] greedy ep253 games=  96 dec= 17806 rows= 17010 horizon=0.21 L=0.00019 L/var=0.00 tgt=-0.081/0.410 pstd=0.393 gen=0.1s train=0.5s
[t= 163.2s] greedy ep254 games=  96 dec= 18065 rows= 17292 horizon=0.26 L=0.00020 L/var=0.00 tgt=-0.063/0.385 pstd=0.392 gen=0.1s train=0.5s
[t= 164.0s] greedy ep255 games=  96 dec= 18331 rows= 17565 horizon=0.31 L=0.00033 L/var=0.00 tgt=-0.082/0.408 pstd=0.390 gen=0.1s train=0.5s
[t= 164.8s] greedy ep256 games=  96 dec= 18288 rows= 17561 horizon=0.33 L=0.00043 L/var=0.00 tgt=-0.086/0.415 pstd=0.393 gen=0.1s train=0.5s
[t= 165.6s] greedy ep257 games=  96 dec= 18579 rows= 17783 horizon=0.35 L=0.00029 L/var=0.00 tgt=-0.073/0.409 pstd=0.389 gen=0.1s train=0.5s
[t= 166.3s] greedy ep258 games=  96 dec= 18191 rows= 17404 horizon=0.27 L=0.00022 L/var=0.00 tgt=-0.078/0.411 pstd=0.391 gen=0.1s train=0.5s
[t= 167.1s] greedy ep259 games=  96 dec= 17620 rows= 16859 horizon=0.24 L=0.00017 L/var=0.00 tgt=-0.065/0.396 pstd=0.391 gen=0.1s train=0.5s
[t= 167.8s] greedy ep260 games=  96 dec= 18246 rows= 17406 horizon=0.25 L=0.00017 L/var=0.00 tgt=-0.071/0.399 pstd=0.397 gen=0.1s train=0.5s
[t= 168.6s] greedy ep261 games=  96 dec= 18642 rows= 17836 horizon=0.30 L=0.00035 L/var=0.00 tgt=-0.058/0.397 pstd=0.393 gen=0.1s train=0.5s
[t= 169.3s] greedy ep262 games=  96 dec= 17750 rows= 17010 horizon=0.26 L=0.00024 L/var=0.00 tgt=-0.081/0.407 pstd=0.394 gen=0.1s train=0.5s
[t= 170.1s] greedy ep263 games=  96 dec= 18911 rows= 18084 horizon=0.32 L=0.00023 L/var=0.00 tgt=-0.084/0.390 pstd=0.395 gen=0.1s train=0.6s
[t= 170.9s] greedy ep264 games=  96 dec= 18850 rows= 18036 horizon=0.34 L=0.00017 L/var=0.00 tgt=-0.076/0.391 pstd=0.393 gen=0.1s train=0.5s
[t= 171.7s] greedy ep265 games=  96 dec= 18337 rows= 17535 horizon=0.25 L=0.00015 L/var=0.00 tgt=-0.071/0.397 pstd=0.393 gen=0.1s train=0.5s
[t= 172.5s] greedy ep266 games=  96 dec= 19113 rows= 18345 horizon=0.35 L=0.00103 L/var=0.01 tgt=-0.091/0.416 pstd=0.396 gen=0.1s train=0.6s
[t= 173.2s] greedy ep267 games=  96 dec= 17967 rows= 17274 horizon=0.29 L=0.00044 L/var=0.00 tgt=-0.077/0.404 pstd=0.391 gen=0.1s train=0.5s
[t= 174.0s] greedy ep268 games=  96 dec= 18711 rows= 17974 horizon=0.33 L=0.00024 L/var=0.00 tgt=-0.051/0.384 pstd=0.391 gen=0.1s train=0.6s
[t= 174.8s] greedy ep269 games=  96 dec= 18476 rows= 17630 horizon=0.28 L=0.00016 L/var=0.00 tgt=-0.052/0.403 pstd=0.393 gen=0.1s train=0.5s
[t= 175.6s] greedy ep270 games=  96 dec= 18663 rows= 17870 horizon=0.27 L=0.00014 L/var=0.00 tgt=-0.089/0.380 pstd=0.392 gen=0.1s train=0.5s
[t= 176.4s] greedy ep271 games=  96 dec= 18415 rows= 17684 horizon=0.33 L=0.00014 L/var=0.00 tgt=-0.078/0.401 pstd=0.392 gen=0.1s train=0.5s
[t= 177.2s] greedy ep272 games=  96 dec= 19191 rows= 18415 horizon=0.36 L=0.00013 L/var=0.00 tgt=-0.080/0.426 pstd=0.394 gen=0.1s train=0.6s
[t= 177.9s] greedy ep273 games=  96 dec= 17681 rows= 16895 horizon=0.21 L=0.00030 L/var=0.00 tgt=-0.084/0.390 pstd=0.391 gen=0.1s train=0.5s
[t= 178.8s] greedy ep274 games=  96 dec= 18921 rows= 18114 horizon=0.34 L=0.00021 L/var=0.00 tgt=-0.102/0.410 pstd=0.392 gen=0.1s train=0.6s
[t= 179.5s] greedy ep275 games=  96 dec= 18307 rows= 17627 horizon=0.33 L=0.00014 L/var=0.00 tgt=-0.078/0.402 pstd=0.394 gen=0.1s train=0.5s
[t= 180.3s] greedy ep276 games=  96 dec= 17876 rows= 17086 horizon=0.21 L=0.00018 L/var=0.00 tgt=-0.080/0.405 pstd=0.392 gen=0.1s train=0.5s
[t= 181.2s] greedy ep277 games=  96 dec= 19460 rows= 18556 horizon=0.35 L=0.00022 L/var=0.00 tgt=-0.067/0.367 pstd=0.391 gen=0.1s train=0.6s
[t= 182.0s] greedy ep278 games=  96 dec= 18698 rows= 17871 horizon=0.29 L=0.00014 L/var=0.00 tgt=-0.070/0.406 pstd=0.393 gen=0.1s train=0.5s
[t= 182.8s] greedy ep279 games=  96 dec= 17687 rows= 16935 horizon=0.23 L=0.00059 L/var=0.00 tgt=-0.103/0.440 pstd=0.393 gen=0.1s train=0.5s
[t= 183.6s] greedy ep280 games=  96 dec= 18749 rows= 17966 horizon=0.31 L=0.00055 L/var=0.00 tgt=-0.069/0.396 pstd=0.395 gen=0.1s train=0.6s
[t= 184.4s] greedy ep281 games=  96 dec= 19248 rows= 18434 horizon=0.40 L=0.00034 L/var=0.00 tgt=-0.061/0.386 pstd=0.396 gen=0.1s train=0.6s
[t= 185.2s] greedy ep282 games=  96 dec= 18189 rows= 17424 horizon=0.26 L=0.00019 L/var=0.00 tgt=-0.079/0.390 pstd=0.395 gen=0.1s train=0.5s
[t= 186.0s] greedy ep283 games=  96 dec= 17317 rows= 16572 horizon=0.19 L=0.00016 L/var=0.00 tgt=-0.090/0.416 pstd=0.390 gen=0.1s train=0.5s
[t= 186.7s] greedy ep284 games=  96 dec= 17890 rows= 17175 horizon=0.26 L=0.00018 L/var=0.00 tgt=-0.082/0.407 pstd=0.397 gen=0.1s train=0.5s
[t= 187.5s] greedy ep285 games=  96 dec= 17932 rows= 17090 horizon=0.18 L=0.00016 L/var=0.00 tgt=-0.100/0.404 pstd=0.394 gen=0.1s train=0.5s
[t= 188.3s] greedy ep286 games=  96 dec= 18097 rows= 17240 horizon=0.27 L=0.00014 L/var=0.00 tgt=-0.081/0.392 pstd=0.391 gen=0.1s train=0.5s
[t= 189.1s] greedy ep287 games=  96 dec= 19456 rows= 18660 horizon=0.39 L=0.00013 L/var=0.00 tgt=-0.075/0.398 pstd=0.389 gen=0.1s train=0.5s
[t= 189.8s] greedy ep288 games=  96 dec= 17718 rows= 16878 horizon=0.21 L=0.00029 L/var=0.00 tgt=-0.044/0.393 pstd=0.391 gen=0.1s train=0.5s
[t= 190.6s] greedy ep289 games=  96 dec= 18086 rows= 17378 horizon=0.29 L=0.00031 L/var=0.00 tgt=-0.074/0.407 pstd=0.390 gen=0.1s train=0.5s
[t= 191.4s] greedy ep290 games=  96 dec= 17860 rows= 17125 horizon=0.26 L=0.00018 L/var=0.00 tgt=-0.081/0.418 pstd=0.395 gen=0.1s train=0.5s
[t= 192.2s] greedy ep291 games=  96 dec= 18322 rows= 17523 horizon=0.30 L=0.00017 L/var=0.00 tgt=-0.058/0.390 pstd=0.389 gen=0.1s train=0.5s
[t= 193.0s] greedy ep292 games=  96 dec= 18659 rows= 18001 horizon=0.38 L=0.00013 L/var=0.00 tgt=-0.099/0.432 pstd=0.391 gen=0.1s train=0.6s
[t= 193.8s] greedy ep293 games=  96 dec= 18892 rows= 18020 horizon=0.33 L=0.00014 L/var=0.00 tgt=-0.057/0.378 pstd=0.391 gen=0.1s train=0.6s
[t= 194.6s] greedy ep294 games=  96 dec= 17676 rows= 16850 horizon=0.25 L=0.00016 L/var=0.00 tgt=-0.067/0.392 pstd=0.393 gen=0.1s train=0.5s
[t= 195.3s] greedy ep295 games=  96 dec= 17626 rows= 16870 horizon=0.23 L=0.00018 L/var=0.00 tgt=-0.068/0.402 pstd=0.392 gen=0.1s train=0.5s
[t= 196.1s] greedy ep296 games=  96 dec= 18062 rows= 17301 horizon=0.27 L=0.00015 L/var=0.00 tgt=-0.083/0.402 pstd=0.394 gen=0.1s train=0.5s
[t= 196.9s] greedy ep297 games=  96 dec= 18381 rows= 17563 horizon=0.25 L=0.00038 L/var=0.00 tgt=-0.068/0.380 pstd=0.392 gen=0.1s train=0.5s
[t= 197.7s] greedy ep298 games=  96 dec= 18443 rows= 17630 horizon=0.32 L=0.00022 L/var=0.00 tgt=-0.069/0.398 pstd=0.393 gen=0.1s train=0.5s
[t= 198.5s] greedy ep299 games=  96 dec= 18880 rows= 18048 horizon=0.33 L=0.00014 L/var=0.00 tgt=-0.069/0.419 pstd=0.393 gen=0.1s train=0.5s
[t= 199.3s] greedy ep300 games=  96 dec= 17665 rows= 16906 horizon=0.23 L=0.00016 L/var=0.00 tgt=-0.087/0.407 pstd=0.393 gen=0.1s train=0.5s
[t= 200.1s] greedy ep301 games=  96 dec= 17213 rows= 16387 horizon=0.20 L=0.00030 L/var=0.00 tgt=-0.099/0.444 pstd=0.392 gen=0.1s train=0.5s
[t= 200.9s] greedy ep302 games=  96 dec= 18057 rows= 17273 horizon=0.28 L=0.00020 L/var=0.00 tgt=-0.096/0.370 pstd=0.391 gen=0.1s train=0.5s
[t= 201.6s] greedy ep303 games=  96 dec= 18472 rows= 17674 horizon=0.27 L=0.00013 L/var=0.00 tgt=-0.067/0.387 pstd=0.393 gen=0.1s train=0.5s
[t= 202.4s] greedy ep304 games=  96 dec= 18765 rows= 17911 horizon=0.28 L=0.00017 L/var=0.00 tgt=-0.079/0.402 pstd=0.394 gen=0.1s train=0.5s
[t= 203.3s] greedy ep305 games=  96 dec= 18920 rows= 18063 horizon=0.30 L=0.00025 L/var=0.00 tgt=-0.080/0.411 pstd=0.391 gen=0.1s train=0.6s
[t= 204.0s] greedy ep306 games=  96 dec= 17774 rows= 17037 horizon=0.28 L=0.00020 L/var=0.00 tgt=-0.069/0.396 pstd=0.392 gen=0.1s train=0.5s
[t= 204.9s] greedy ep307 games=  96 dec= 18984 rows= 18227 horizon=0.30 L=0.00014 L/var=0.00 tgt=-0.070/0.396 pstd=0.392 gen=0.1s train=0.5s
[t= 205.6s] greedy ep308 games=  96 dec= 17980 rows= 17203 horizon=0.27 L=0.00017 L/var=0.00 tgt=-0.059/0.416 pstd=0.393 gen=0.1s train=0.5s
[t= 206.4s] greedy ep309 games=  96 dec= 17823 rows= 17014 horizon=0.24 L=0.00015 L/var=0.00 tgt=-0.072/0.376 pstd=0.392 gen=0.1s train=0.5s
[t= 207.2s] greedy ep310 games=  96 dec= 17653 rows= 16923 horizon=0.24 L=0.00016 L/var=0.00 tgt=-0.064/0.388 pstd=0.392 gen=0.1s train=0.5s
[t= 207.9s] greedy ep311 games=  96 dec= 18583 rows= 17799 horizon=0.32 L=0.00013 L/var=0.00 tgt=-0.053/0.393 pstd=0.393 gen=0.1s train=0.5s
[t= 208.6s] greedy ep312 games=  96 dec= 17339 rows= 16557 horizon=0.25 L=0.00020 L/var=0.00 tgt=-0.063/0.407 pstd=0.393 gen=0.1s train=0.4s
[t= 209.3s] greedy ep313 games=  96 dec= 19183 rows= 18295 horizon=0.31 L=0.00032 L/var=0.00 tgt=-0.071/0.392 pstd=0.396 gen=0.1s train=0.4s
[t= 209.9s] greedy ep314 games=  96 dec= 18273 rows= 17523 horizon=0.25 L=0.00014 L/var=0.00 tgt=-0.099/0.423 pstd=0.394 gen=0.1s train=0.4s
[t= 210.5s] greedy ep315 games=  96 dec= 19164 rows= 18350 horizon=0.39 L=0.00018 L/var=0.00 tgt=-0.084/0.426 pstd=0.391 gen=0.1s train=0.4s
[t= 211.2s] greedy ep316 games=  96 dec= 18059 rows= 17362 horizon=0.28 L=0.00018 L/var=0.00 tgt=-0.065/0.405 pstd=0.393 gen=0.1s train=0.4s
[t= 211.8s] greedy ep317 games=  96 dec= 18294 rows= 17503 horizon=0.27 L=0.00011 L/var=0.00 tgt=-0.064/0.411 pstd=0.393 gen=0.1s train=0.4s
[t= 212.4s] greedy ep318 games=  96 dec= 18946 rows= 18170 horizon=0.26 L=0.00037 L/var=0.00 tgt=-0.054/0.402 pstd=0.393 gen=0.1s train=0.4s
[t= 213.1s] greedy ep319 games=  96 dec= 18853 rows= 18071 horizon=0.30 L=0.00033 L/var=0.00 tgt=-0.051/0.386 pstd=0.390 gen=0.1s train=0.4s
[t= 213.7s] greedy ep320 games=  96 dec= 18675 rows= 17899 horizon=0.34 L=0.00015 L/var=0.00 tgt=-0.071/0.401 pstd=0.392 gen=0.1s train=0.4s
[t= 214.4s] greedy ep321 games=  96 dec= 18684 rows= 17954 horizon=0.33 L=0.00011 L/var=0.00 tgt=-0.088/0.408 pstd=0.392 gen=0.1s train=0.4s
[t= 215.0s] greedy ep322 games=  96 dec= 17956 rows= 17155 horizon=0.22 L=0.00010 L/var=0.00 tgt=-0.061/0.403 pstd=0.392 gen=0.1s train=0.4s
[t= 215.6s] greedy ep323 games=  96 dec= 18463 rows= 17696 horizon=0.33 L=0.00023 L/var=0.00 tgt=-0.068/0.419 pstd=0.394 gen=0.1s train=0.4s
[t= 216.2s] greedy ep324 games=  96 dec= 17979 rows= 17183 horizon=0.27 L=0.00018 L/var=0.00 tgt=-0.071/0.372 pstd=0.394 gen=0.1s train=0.4s
[t= 216.9s] greedy ep325 games=  96 dec= 18502 rows= 17753 horizon=0.28 L=0.00011 L/var=0.00 tgt=-0.062/0.415 pstd=0.391 gen=0.1s train=0.4s
[t= 217.5s] greedy ep326 games=  96 dec= 18799 rows= 17939 horizon=0.31 L=0.00010 L/var=0.00 tgt=-0.066/0.407 pstd=0.392 gen=0.1s train=0.4s
[t= 218.1s] greedy ep327 games=  96 dec= 18593 rows= 17675 horizon=0.25 L=0.00010 L/var=0.00 tgt=-0.079/0.406 pstd=0.392 gen=0.1s train=0.4s
[t= 218.8s] greedy ep328 games=  96 dec= 18833 rows= 17945 horizon=0.30 L=0.00043 L/var=0.00 tgt=-0.076/0.392 pstd=0.391 gen=0.1s train=0.4s
[t= 219.4s] greedy ep329 games=  96 dec= 17863 rows= 17140 horizon=0.28 L=0.00017 L/var=0.00 tgt=-0.076/0.382 pstd=0.395 gen=0.1s train=0.4s
[t= 220.0s] greedy ep330 games=  96 dec= 17917 rows= 17202 horizon=0.22 L=0.00011 L/var=0.00 tgt=-0.078/0.379 pstd=0.396 gen=0.1s train=0.4s
[t= 220.7s] greedy ep331 games=  96 dec= 19048 rows= 18299 horizon=0.30 L=0.00011 L/var=0.00 tgt=-0.065/0.407 pstd=0.392 gen=0.1s train=0.4s
[t= 221.4s] greedy ep332 games=  96 dec= 19421 rows= 18605 horizon=0.41 L=0.00012 L/var=0.00 tgt=-0.081/0.407 pstd=0.394 gen=0.1s train=0.4s
[t= 222.0s] greedy ep333 games=  96 dec= 18794 rows= 18006 horizon=0.29 L=0.00018 L/var=0.00 tgt=-0.083/0.395 pstd=0.391 gen=0.1s train=0.4s
[t= 222.7s] greedy ep334 games=  96 dec= 18745 rows= 17964 horizon=0.32 L=0.00011 L/var=0.00 tgt=-0.050/0.414 pstd=0.391 gen=0.1s train=0.4s
[t= 223.3s] greedy ep335 games=  96 dec= 18224 rows= 17513 horizon=0.28 L=0.00018 L/var=0.00 tgt=-0.065/0.401 pstd=0.394 gen=0.1s train=0.4s
[t= 223.9s] greedy ep336 games=  96 dec= 18089 rows= 17361 horizon=0.29 L=0.00015 L/var=0.00 tgt=-0.083/0.383 pstd=0.392 gen=0.1s train=0.4s
[t= 224.5s] greedy ep337 games=  96 dec= 18070 rows= 17224 horizon=0.23 L=0.00011 L/var=0.00 tgt=-0.064/0.395 pstd=0.396 gen=0.1s train=0.4s
[t= 225.2s] greedy ep338 games=  96 dec= 17719 rows= 16938 horizon=0.21 L=0.00017 L/var=0.00 tgt=-0.083/0.412 pstd=0.389 gen=0.1s train=0.4s
[t= 225.8s] greedy ep339 games=  96 dec= 18859 rows= 18081 horizon=0.34 L=0.00021 L/var=0.00 tgt=-0.085/0.416 pstd=0.390 gen=0.1s train=0.4s
[t= 226.4s] greedy ep340 games=  96 dec= 18567 rows= 17767 horizon=0.29 L=0.00015 L/var=0.00 tgt=-0.059/0.386 pstd=0.393 gen=0.1s train=0.4s
[t= 227.0s] greedy ep341 games=  96 dec= 18208 rows= 17504 horizon=0.29 L=0.00012 L/var=0.00 tgt=-0.104/0.415 pstd=0.392 gen=0.1s train=0.4s
[t= 227.6s] greedy ep342 games=  96 dec= 18150 rows= 17456 horizon=0.29 L=0.00009 L/var=0.00 tgt=-0.063/0.404 pstd=0.394 gen=0.1s train=0.4s
[t= 228.3s] greedy ep343 games=  96 dec= 18854 rows= 18135 horizon=0.30 L=0.00023 L/var=0.00 tgt=-0.072/0.406 pstd=0.392 gen=0.1s train=0.4s
[t= 228.9s] greedy ep344 games=  96 dec= 17494 rows= 16776 horizon=0.24 L=0.00019 L/var=0.00 tgt=-0.105/0.435 pstd=0.396 gen=0.1s train=0.4s
[t= 229.5s] greedy ep345 games=  96 dec= 19433 rows= 18651 horizon=0.36 L=0.00014 L/var=0.00 tgt=-0.101/0.411 pstd=0.395 gen=0.1s train=0.4s
[t= 230.1s] greedy ep346 games=  96 dec= 17823 rows= 17051 horizon=0.29 L=0.00014 L/var=0.00 tgt=-0.069/0.404 pstd=0.391 gen=0.1s train=0.4s
[t= 230.7s] greedy ep347 games=  96 dec= 18564 rows= 17742 horizon=0.30 L=0.00015 L/var=0.00 tgt=-0.088/0.433 pstd=0.392 gen=0.1s train=0.4s
[t= 231.4s] greedy ep348 games=  96 dec= 18245 rows= 17521 horizon=0.29 L=0.00016 L/var=0.00 tgt=-0.082/0.405 pstd=0.393 gen=0.1s train=0.4s
[t= 232.1s] greedy ep349 games=  96 dec= 19112 rows= 18344 horizon=0.31 L=0.00013 L/var=0.00 tgt=-0.070/0.397 pstd=0.390 gen=0.1s train=0.5s
[t= 232.7s] greedy ep350 games=  96 dec= 18516 rows= 17848 horizon=0.31 L=0.00009 L/var=0.00 tgt=-0.062/0.408 pstd=0.393 gen=0.1s train=0.5s
[t= 233.4s] greedy ep351 games=  96 dec= 17948 rows= 17243 horizon=0.28 L=0.00019 L/var=0.00 tgt=-0.079/0.409 pstd=0.390 gen=0.1s train=0.5s
[t= 234.1s] greedy ep352 games=  96 dec= 18477 rows= 17743 horizon=0.29 L=0.00013 L/var=0.00 tgt=-0.067/0.378 pstd=0.395 gen=0.1s train=0.5s
[t= 234.7s] greedy ep353 games=  96 dec= 18129 rows= 17317 horizon=0.28 L=0.00017 L/var=0.00 tgt=-0.078/0.427 pstd=0.392 gen=0.1s train=0.5s
[t= 235.4s] greedy ep354 games=  96 dec= 18145 rows= 17391 horizon=0.29 L=0.00011 L/var=0.00 tgt=-0.098/0.427 pstd=0.396 gen=0.1s train=0.5s
[t= 236.1s] greedy ep355 games=  96 dec= 19174 rows= 18396 horizon=0.35 L=0.00015 L/var=0.00 tgt=-0.089/0.435 pstd=0.396 gen=0.1s train=0.5s
[t= 236.8s] greedy ep356 games=  96 dec= 17628 rows= 16879 horizon=0.22 L=0.00015 L/var=0.00 tgt=-0.091/0.417 pstd=0.396 gen=0.1s train=0.4s
[t= 237.4s] greedy ep357 games=  96 dec= 18292 rows= 17458 horizon=0.28 L=0.00013 L/var=0.00 tgt=-0.061/0.397 pstd=0.391 gen=0.1s train=0.5s
[t= 238.1s] greedy ep358 games=  96 dec= 17705 rows= 16980 horizon=0.22 L=0.00022 L/var=0.00 tgt=-0.060/0.415 pstd=0.395 gen=0.1s train=0.5s
[t= 238.8s] greedy ep359 games=  96 dec= 17753 rows= 16946 horizon=0.22 L=0.00017 L/var=0.00 tgt=-0.073/0.421 pstd=0.393 gen=0.1s train=0.5s
[t= 239.4s] greedy ep360 games=  96 dec= 17360 rows= 16588 horizon=0.22 L=0.00009 L/var=0.00 tgt=-0.089/0.402 pstd=0.393 gen=0.1s train=0.4s
[t= 240.1s] greedy ep361 games=  96 dec= 18083 rows= 17331 horizon=0.29 L=0.00012 L/var=0.00 tgt=-0.087/0.415 pstd=0.395 gen=0.1s train=0.4s
[t= 240.7s] greedy ep362 games=  96 dec= 18592 rows= 17769 horizon=0.20 L=0.00011 L/var=0.00 tgt=-0.090/0.405 pstd=0.394 gen=0.1s train=0.5s
[t= 241.4s] greedy ep363 games=  96 dec= 17865 rows= 17109 horizon=0.18 L=0.00032 L/var=0.00 tgt=-0.071/0.398 pstd=0.389 gen=0.1s train=0.5s
[t= 242.1s] greedy ep364 games=  96 dec= 18647 rows= 17823 horizon=0.31 L=0.00015 L/var=0.00 tgt=-0.080/0.407 pstd=0.396 gen=0.1s train=0.5s
[t= 242.7s] greedy ep365 games=  96 dec= 18671 rows= 17859 horizon=0.28 L=0.00012 L/var=0.00 tgt=-0.082/0.396 pstd=0.392 gen=0.1s train=0.5s
[t= 243.4s] greedy ep366 games=  96 dec= 18873 rows= 18140 horizon=0.32 L=0.00010 L/var=0.00 tgt=-0.070/0.406 pstd=0.393 gen=0.1s train=0.5s
[t= 244.1s] greedy ep367 games=  96 dec= 18622 rows= 17895 horizon=0.29 L=0.00007 L/var=0.00 tgt=-0.074/0.431 pstd=0.393 gen=0.1s train=0.5s
[t= 244.8s] greedy ep368 games=  96 dec= 17915 rows= 17116 horizon=0.26 L=0.00009 L/var=0.00 tgt=-0.076/0.406 pstd=0.391 gen=0.1s train=0.5s
[t= 245.5s] greedy ep369 games=  96 dec= 18958 rows= 18188 horizon=0.36 L=0.00013 L/var=0.00 tgt=-0.068/0.401 pstd=0.391 gen=0.1s train=0.5s
[t= 246.2s] greedy ep370 games=  96 dec= 18740 rows= 17982 horizon=0.34 L=0.00012 L/var=0.00 tgt=-0.062/0.397 pstd=0.396 gen=0.1s train=0.5s
[t= 246.9s] greedy ep371 games=  96 dec= 18730 rows= 17930 horizon=0.32 L=0.00017 L/var=0.00 tgt=-0.070/0.396 pstd=0.393 gen=0.1s train=0.5s
[t= 247.6s] greedy ep372 games=  96 dec= 18305 rows= 17536 horizon=0.28 L=0.00012 L/var=0.00 tgt=-0.080/0.403 pstd=0.397 gen=0.1s train=0.5s
[t= 248.3s] greedy ep373 games=  96 dec= 18752 rows= 17976 horizon=0.35 L=0.00010 L/var=0.00 tgt=-0.070/0.391 pstd=0.395 gen=0.1s train=0.5s
[t= 249.0s] greedy ep374 games=  96 dec= 18772 rows= 17932 horizon=0.26 L=0.00024 L/var=0.00 tgt=-0.080/0.382 pstd=0.394 gen=0.1s train=0.5s
[t= 249.6s] greedy ep375 games=  96 dec= 18531 rows= 17777 horizon=0.26 L=0.00011 L/var=0.00 tgt=-0.073/0.379 pstd=0.390 gen=0.1s train=0.5s
[t= 250.3s] greedy ep376 games=  96 dec= 17605 rows= 16845 horizon=0.24 L=0.00009 L/var=0.00 tgt=-0.071/0.388 pstd=0.395 gen=0.1s train=0.4s
[t= 251.0s] greedy ep377 games=  96 dec= 18241 rows= 17463 horizon=0.32 L=0.00018 L/var=0.00 tgt=-0.087/0.422 pstd=0.392 gen=0.1s train=0.5s
[t= 251.7s] greedy ep378 games=  96 dec= 19633 rows= 18744 horizon=0.29 L=0.00016 L/var=0.00 tgt=-0.062/0.378 pstd=0.390 gen=0.1s train=0.5s
[t= 252.4s] greedy ep379 games=  96 dec= 18003 rows= 17258 horizon=0.26 L=0.00009 L/var=0.00 tgt=-0.055/0.379 pstd=0.393 gen=0.1s train=0.5s
[t= 253.1s] greedy ep380 games=  96 dec= 19317 rows= 18491 horizon=0.36 L=0.00011 L/var=0.00 tgt=-0.064/0.416 pstd=0.393 gen=0.1s train=0.5s
[t= 253.7s] greedy ep381 games=  96 dec= 17310 rows= 16536 horizon=0.18 L=0.00020 L/var=0.00 tgt=-0.061/0.399 pstd=0.397 gen=0.1s train=0.4s
[t= 254.4s] greedy ep382 games=  96 dec= 17866 rows= 17236 horizon=0.29 L=0.00008 L/var=0.00 tgt=-0.056/0.401 pstd=0.394 gen=0.1s train=0.4s
[t= 255.1s] greedy ep383 games=  96 dec= 18965 rows= 18169 horizon=0.33 L=0.00010 L/var=0.00 tgt=-0.071/0.364 pstd=0.395 gen=0.1s train=0.5s
[t= 255.8s] greedy ep384 games=  96 dec= 18936 rows= 18080 horizon=0.31 L=0.00014 L/var=0.00 tgt=-0.087/0.398 pstd=0.392 gen=0.1s train=0.5s
[t= 256.5s] greedy ep385 games=  96 dec= 19401 rows= 18676 horizon=0.40 L=0.00007 L/var=0.00 tgt=-0.087/0.391 pstd=0.394 gen=0.1s train=0.5s
[t= 257.3s] greedy ep386 games=  96 dec= 17838 rows= 17042 horizon=0.25 L=0.00009 L/var=0.00 tgt=-0.075/0.394 pstd=0.395 gen=0.1s train=0.5s
[t= 258.0s] greedy ep387 games=  96 dec= 18027 rows= 17288 horizon=0.28 L=0.00034 L/var=0.00 tgt=-0.072/0.401 pstd=0.393 gen=0.1s train=0.5s
[t= 258.7s] greedy ep388 games=  96 dec= 18295 rows= 17455 horizon=0.23 L=0.00028 L/var=0.00 tgt=-0.087/0.378 pstd=0.398 gen=0.1s train=0.5s
[t= 259.3s] greedy ep389 games=  96 dec= 18497 rows= 17811 horizon=0.29 L=0.00023 L/var=0.00 tgt=-0.079/0.406 pstd=0.388 gen=0.1s train=0.5s
[t= 260.0s] greedy ep390 games=  96 dec= 18738 rows= 17942 horizon=0.33 L=0.00011 L/var=0.00 tgt=-0.061/0.402 pstd=0.393 gen=0.1s train=0.5s
[t= 260.7s] greedy ep391 games=  96 dec= 17933 rows= 17136 horizon=0.26 L=0.00009 L/var=0.00 tgt=-0.077/0.432 pstd=0.396 gen=0.1s train=0.5s
[t= 261.4s] greedy ep392 games=  96 dec= 18767 rows= 17978 horizon=0.31 L=0.00007 L/var=0.00 tgt=-0.086/0.405 pstd=0.397 gen=0.1s train=0.5s
[t= 262.1s] greedy ep393 games=  96 dec= 18988 rows= 18120 horizon=0.28 L=0.00008 L/var=0.00 tgt=-0.072/0.407 pstd=0.392 gen=0.1s train=0.5s
[t= 262.8s] greedy ep394 games=  96 dec= 17842 rows= 17060 horizon=0.20 L=0.00007 L/var=0.00 tgt=-0.081/0.401 pstd=0.396 gen=0.1s train=0.5s
[t= 263.5s] greedy ep395 games=  96 dec= 18414 rows= 17709 horizon=0.30 L=0.00008 L/var=0.00 tgt=-0.083/0.411 pstd=0.389 gen=0.1s train=0.5s
[t= 264.1s] greedy ep396 games=  96 dec= 18295 rows= 17490 horizon=0.32 L=0.00008 L/var=0.00 tgt=-0.064/0.377 pstd=0.395 gen=0.1s train=0.5s
[t= 264.8s] greedy ep397 games=  96 dec= 17385 rows= 16674 horizon=0.23 L=0.00009 L/var=0.00 tgt=-0.071/0.420 pstd=0.392 gen=0.1s train=0.4s
[t= 265.5s] greedy ep398 games=  96 dec= 18658 rows= 17776 horizon=0.25 L=0.00025 L/var=0.00 tgt=-0.080/0.409 pstd=0.390 gen=0.1s train=0.5s
[t= 266.2s] greedy ep399 games=  96 dec= 19280 rows= 18500 horizon=0.34 L=0.00011 L/var=0.00 tgt=-0.079/0.396 pstd=0.395 gen=0.1s train=0.5s
[t= 266.8s] greedy ep400 games=  96 dec= 17764 rows= 17024 horizon=0.26 L=0.00006 L/var=0.00 tgt=-0.063/0.376 pstd=0.393 gen=0.1s train=0.5s
[t= 267.6s] greedy ep401 games=  96 dec= 19315 rows= 18447 horizon=0.33 L=0.00005 L/var=0.00 tgt=-0.073/0.408 pstd=0.394 gen=0.1s train=0.5s
[t= 268.2s] greedy ep402 games=  96 dec= 18268 rows= 17507 horizon=0.30 L=0.00010 L/var=0.00 tgt=-0.073/0.398 pstd=0.397 gen=0.1s train=0.5s
[t= 268.9s] greedy ep403 games=  96 dec= 19240 rows= 18453 horizon=0.35 L=0.00023 L/var=0.00 tgt=-0.103/0.402 pstd=0.393 gen=0.1s train=0.5s
[t= 269.6s] greedy ep404 games=  96 dec= 17712 rows= 16959 horizon=0.26 L=0.00007 L/var=0.00 tgt=-0.072/0.392 pstd=0.393 gen=0.1s train=0.5s
[t= 270.3s] greedy ep405 games=  96 dec= 17806 rows= 17031 horizon=0.27 L=0.00007 L/var=0.00 tgt=-0.078/0.394 pstd=0.394 gen=0.1s train=0.5s
[t= 271.0s] greedy ep406 games=  96 dec= 17745 rows= 17044 horizon=0.29 L=0.00015 L/var=0.00 tgt=-0.077/0.406 pstd=0.394 gen=0.1s train=0.5s
[t= 271.7s] greedy ep407 games=  96 dec= 17948 rows= 17147 horizon=0.25 L=0.00011 L/var=0.00 tgt=-0.063/0.388 pstd=0.389 gen=0.1s train=0.5s
[t= 272.3s] greedy ep408 games=  96 dec= 17971 rows= 17197 horizon=0.26 L=0.00015 L/var=0.00 tgt=-0.099/0.418 pstd=0.394 gen=0.1s train=0.5s
[t= 273.0s] greedy ep409 games=  96 dec= 18268 rows= 17498 horizon=0.28 L=0.00007 L/var=0.00 tgt=-0.070/0.407 pstd=0.390 gen=0.1s train=0.5s
[t= 273.7s] greedy ep410 games=  96 dec= 18248 rows= 17468 horizon=0.28 L=0.00005 L/var=0.00 tgt=-0.061/0.386 pstd=0.393 gen=0.1s train=0.5s
[t= 274.4s] greedy ep411 games=  96 dec= 19358 rows= 18504 horizon=0.31 L=0.00023 L/var=0.00 tgt=-0.086/0.412 pstd=0.390 gen=0.1s train=0.5s
[t= 275.1s] greedy ep412 games=  96 dec= 18607 rows= 17766 horizon=0.28 L=0.00014 L/var=0.00 tgt=-0.075/0.409 pstd=0.401 gen=0.1s train=0.5s
[t= 275.8s] greedy ep413 games=  96 dec= 18979 rows= 18245 horizon=0.27 L=0.00016 L/var=0.00 tgt=-0.075/0.408 pstd=0.395 gen=0.1s train=0.5s
[t= 276.5s] greedy ep414 games=  96 dec= 17985 rows= 17145 horizon=0.25 L=0.00008 L/var=0.00 tgt=-0.073/0.420 pstd=0.392 gen=0.1s train=0.5s
[t= 277.1s] greedy ep415 games=  96 dec= 17919 rows= 17151 horizon=0.26 L=0.00009 L/var=0.00 tgt=-0.062/0.385 pstd=0.393 gen=0.1s train=0.4s
[t= 277.9s] greedy ep416 games=  96 dec= 19259 rows= 18406 horizon=0.35 L=0.00012 L/var=0.00 tgt=-0.086/0.378 pstd=0.388 gen=0.1s train=0.5s
[t= 278.5s] greedy ep417 games=  96 dec= 17874 rows= 17144 horizon=0.24 L=0.00008 L/var=0.00 tgt=-0.066/0.389 pstd=0.394 gen=0.1s train=0.5s
[t= 279.2s] greedy ep418 games=  96 dec= 18434 rows= 17741 horizon=0.28 L=0.00008 L/var=0.00 tgt=-0.089/0.394 pstd=0.393 gen=0.1s train=0.5s
[t= 279.9s] greedy ep419 games=  96 dec= 17755 rows= 16946 horizon=0.24 L=0.00012 L/var=0.00 tgt=-0.070/0.387 pstd=0.392 gen=0.1s train=0.5s
[t= 280.6s] greedy ep420 games=  96 dec= 18209 rows= 17479 horizon=0.27 L=0.00008 L/var=0.00 tgt=-0.136/0.426 pstd=0.390 gen=0.1s train=0.5s
[t= 281.3s] greedy ep421 games=  96 dec= 18894 rows= 18069 horizon=0.29 L=0.00013 L/var=0.00 tgt=-0.092/0.386 pstd=0.393 gen=0.1s train=0.5s
[t= 282.0s] greedy ep422 games=  96 dec= 18993 rows= 18159 horizon=0.28 L=0.00007 L/var=0.00 tgt=-0.079/0.390 pstd=0.392 gen=0.1s train=0.5s
[t= 282.7s] greedy ep423 games=  96 dec= 18857 rows= 18127 horizon=0.34 L=0.00009 L/var=0.00 tgt=-0.072/0.389 pstd=0.394 gen=0.1s train=0.5s
[t= 283.4s] greedy ep424 games=  96 dec= 18095 rows= 17311 horizon=0.26 L=0.00028 L/var=0.00 tgt=-0.057/0.402 pstd=0.393 gen=0.1s train=0.5s
[t= 284.0s] greedy ep425 games=  96 dec= 18555 rows= 17676 horizon=0.25 L=0.00011 L/var=0.00 tgt=-0.088/0.406 pstd=0.391 gen=0.1s train=0.5s
[t= 284.7s] greedy ep426 games=  96 dec= 17883 rows= 17050 horizon=0.30 L=0.00007 L/var=0.00 tgt=-0.084/0.425 pstd=0.393 gen=0.1s train=0.5s
[t= 285.4s] greedy ep427 games=  96 dec= 18471 rows= 17775 horizon=0.29 L=0.00005 L/var=0.00 tgt=-0.100/0.420 pstd=0.396 gen=0.1s train=0.5s
[t= 286.1s] greedy ep428 games=  96 dec= 18081 rows= 17315 horizon=0.27 L=0.00006 L/var=0.00 tgt=-0.089/0.421 pstd=0.392 gen=0.1s train=0.5s
[t= 286.8s] greedy ep429 games=  96 dec= 18482 rows= 17686 horizon=0.32 L=0.00014 L/var=0.00 tgt=-0.080/0.397 pstd=0.392 gen=0.1s train=0.5s
[t= 287.4s] greedy ep430 games=  96 dec= 17868 rows= 17160 horizon=0.28 L=0.00006 L/var=0.00 tgt=-0.086/0.400 pstd=0.394 gen=0.1s train=0.5s
[t= 288.1s] greedy ep431 games=  96 dec= 19091 rows= 18326 horizon=0.33 L=0.00016 L/var=0.00 tgt=-0.069/0.386 pstd=0.392 gen=0.1s train=0.5s
[t= 288.8s] greedy ep432 games=  96 dec= 19122 rows= 18278 horizon=0.34 L=0.00006 L/var=0.00 tgt=-0.071/0.423 pstd=0.392 gen=0.1s train=0.5s
[t= 289.5s] greedy ep433 games=  96 dec= 18484 rows= 17644 horizon=0.28 L=0.00008 L/var=0.00 tgt=-0.047/0.381 pstd=0.393 gen=0.1s train=0.5s
[t= 290.2s] greedy ep434 games=  96 dec= 19637 rows= 18722 horizon=0.29 L=0.00011 L/var=0.00 tgt=-0.076/0.412 pstd=0.394 gen=0.1s train=0.5s
[t= 290.9s] greedy ep435 games=  96 dec= 18821 rows= 18046 horizon=0.32 L=0.00009 L/var=0.00 tgt=-0.076/0.436 pstd=0.391 gen=0.1s train=0.5s
[t= 291.6s] greedy ep436 games=  96 dec= 19156 rows= 18407 horizon=0.35 L=0.00011 L/var=0.00 tgt=-0.072/0.410 pstd=0.395 gen=0.1s train=0.5s
[t= 292.3s] greedy ep437 games=  96 dec= 18757 rows= 17984 horizon=0.30 L=0.00013 L/var=0.00 tgt=-0.070/0.394 pstd=0.396 gen=0.1s train=0.5s
[t= 293.0s] greedy ep438 games=  96 dec= 18690 rows= 17995 horizon=0.39 L=0.00007 L/var=0.00 tgt=-0.064/0.399 pstd=0.389 gen=0.1s train=0.5s
[t= 293.6s] greedy ep439 games=  96 dec= 18599 rows= 17834 horizon=0.30 L=0.00009 L/var=0.00 tgt=-0.072/0.387 pstd=0.392 gen=0.1s train=0.4s
[t= 294.3s] greedy ep440 games=  96 dec= 19210 rows= 18361 horizon=0.30 L=0.00011 L/var=0.00 tgt=-0.078/0.387 pstd=0.392 gen=0.1s train=0.4s
[t= 294.9s] greedy ep441 games=  96 dec= 18465 rows= 17674 horizon=0.30 L=0.00018 L/var=0.00 tgt=-0.066/0.387 pstd=0.391 gen=0.1s train=0.4s
[t= 295.6s] greedy ep442 games=  96 dec= 18445 rows= 17750 horizon=0.31 L=0.00012 L/var=0.00 tgt=-0.067/0.390 pstd=0.393 gen=0.1s train=0.4s
[t= 296.2s] greedy ep443 games=  96 dec= 18245 rows= 17477 horizon=0.28 L=0.00007 L/var=0.00 tgt=-0.061/0.408 pstd=0.394 gen=0.1s train=0.4s
[t= 296.8s] greedy ep444 games=  96 dec= 18441 rows= 17776 horizon=0.33 L=0.00008 L/var=0.00 tgt=-0.061/0.386 pstd=0.394 gen=0.1s train=0.4s
[t= 297.4s] greedy ep445 games=  96 dec= 18031 rows= 17185 horizon=0.22 L=0.00005 L/var=0.00 tgt=-0.096/0.418 pstd=0.391 gen=0.1s train=0.4s
[t= 298.1s] greedy ep446 games=  96 dec= 18550 rows= 17736 horizon=0.31 L=0.00005 L/var=0.00 tgt=-0.077/0.388 pstd=0.394 gen=0.1s train=0.4s
[t= 298.9s] greedy ep447 games=  96 dec= 19386 rows= 18553 horizon=0.34 L=0.00046 L/var=0.00 tgt=-0.074/0.432 pstd=0.395 gen=0.1s train=0.5s
[t= 299.5s] greedy ep448 games=  96 dec= 17939 rows= 17128 horizon=0.24 L=0.00056 L/var=0.00 tgt=-0.073/0.415 pstd=0.394 gen=0.1s train=0.4s
[t= 300.2s] greedy ep449 games=  96 dec= 18155 rows= 17334 horizon=0.31 L=0.00114 L/var=0.01 tgt=-0.066/0.382 pstd=0.399 gen=0.1s train=0.5s
[t= 300.2s] --- snapshot snap_00.pt (init) ---
[t= 300.2s] --- switching to ReBeL ---
[t= 311.2s] rebel stream solves=12288 raw=1120/s balanced=1120/s debt=0 rows steps=192 horizon=0.00 games=0 over=0 card=0 drop=0 L=0.00169 L/var=0.61 tgt=-0.005/0.053 cfg/b=41709 prep=0.83s gpu=0.00s conv=0.01s add=0.33s train=6.18s
[t= 322.3s] rebel stream solves=22528 raw=1023/s balanced=1023/s debt=0 rows steps=352 horizon=0.00 games=0 over=0 card=0 drop=0 L=0.00056 L/var=0.18 tgt=+0.006/0.055 cfg/b=21070 prep=0.72s gpu=0.00s conv=0.00s add=0.14s train=4.49s
[t= 332.3s] rebel stream solves=28672 raw=894/s balanced=894/s debt=0 rows steps=448 horizon=0.00 games=4 over=0 card=0 drop=0 L=0.00039 L/var=0.07 tgt=-0.002/0.077 cfg/b=15712 prep=0.45s gpu=0.00s conv=0.00s add=0.07s train=2.72s
[t= 342.4s] rebel stream solves=35840 raw=851/s balanced=851/s debt=0 rows steps=560 horizon=0.00 games=24 over=0 card=0 drop=0 L=0.00104 L/var=0.11 tgt=-0.012/0.099 cfg/b=13308 prep=0.53s gpu=0.00s conv=0.00s add=0.08s train=3.15s
[t= 352.4s] rebel stream solves=43008 raw=825/s balanced=825/s debt=0 rows steps=672 horizon=0.00 games=111 over=0 card=0 drop=0 L=0.00370 L/var=0.11 tgt=+0.020/0.181 cfg/b=11826 prep=0.55s gpu=0.00s conv=0.00s add=0.07s train=3.28s
[t= 362.4s] rebel stream solves=51200 raw=824/s balanced=824/s debt=0 rows steps=800 horizon=0.00 games=215 over=0 card=0 drop=0 L=0.00589 L/var=0.13 tgt=+0.037/0.213 cfg/b=12377 prep=0.60s gpu=0.00s conv=0.00s add=0.12s train=3.69s
[t= 372.4s] rebel stream solves=57344 raw=794/s balanced=794/s debt=0 rows steps=896 horizon=0.00 games=177 over=0 card=0 drop=0 L=0.00659 L/var=0.10 tgt=+0.061/0.255 cfg/b=14102 prep=0.47s gpu=0.00s conv=0.00s add=0.11s train=2.82s
[t= 383.4s] rebel stream solves=64512 raw=776/s balanced=776/s debt=0 rows steps=1008 horizon=0.00 games=163 over=0 card=0 drop=0 L=0.00557 L/var=0.08 tgt=+0.074/0.261 cfg/b=15606 prep=0.49s gpu=0.00s conv=0.00s add=0.12s train=3.09s
[t= 393.4s] rebel stream solves=70656 raw=758/s balanced=758/s debt=0 rows steps=1104 horizon=0.00 games=98 over=0 card=0 drop=0 L=0.00540 L/var=0.06 tgt=+0.108/0.306 cfg/b=16647 prep=0.42s gpu=0.00s conv=0.00s add=0.13s train=2.65s
[t= 403.7s] rebel stream solves=76800 raw=743/s balanced=743/s debt=0 rows steps=1200 horizon=0.00 games=129 over=0 card=0 drop=0 L=0.00552 L/var=0.05 tgt=+0.140/0.329 cfg/b=18238 prep=0.45s gpu=0.00s conv=0.00s add=0.17s train=2.76s
[t= 413.7s] rebel stream solves=80896 raw=713/s balanced=713/s debt=0 rows steps=1264 horizon=0.00 games=68 over=0 card=0 drop=0 L=0.00575 L/var=0.04 tgt=+0.187/0.377 cfg/b=20240 prep=0.26s gpu=0.00s conv=0.00s add=0.16s train=1.70s
[t= 423.7s] rebel stream solves=86016 raw=697/s balanced=697/s debt=0 rows steps=1344 horizon=0.00 games=102 over=0 card=0 drop=0 L=0.00617 L/var=0.05 tgt=+0.252/0.362 cfg/b=22470 prep=0.41s gpu=0.00s conv=0.01s add=0.22s train=2.30s
[t= 433.7s] rebel stream solves=90112 raw=675/s balanced=675/s debt=0 rows steps=1408 horizon=0.00 games=61 over=0 card=0 drop=0 L=0.00630 L/var=0.05 tgt=+0.281/0.362 cfg/b=25421 prep=0.33s gpu=0.00s conv=0.00s add=0.20s train=1.87s
[t= 443.7s] rebel stream solves=94208 raw=656/s balanced=656/s debt=0 rows steps=1472 horizon=0.00 games=60 over=0 card=0 drop=0 L=0.00680 L/var=0.05 tgt=+0.298/0.378 cfg/b=28249 prep=0.27s gpu=0.00s conv=0.01s add=0.24s train=1.80s
[t= 454.4s] rebel stream solves=98304 raw=638/s balanced=638/s debt=0 rows steps=1536 horizon=0.00 games=77 over=0 card=0 drop=0 L=0.00717 L/var=0.05 tgt=+0.303/0.363 cfg/b=30268 prep=0.31s gpu=0.00s conv=0.01s add=0.19s train=1.83s
[t= 464.4s] rebel stream solves=102400 raw=624/s balanced=624/s debt=0 rows steps=1600 horizon=0.00 games=55 over=0 card=0 drop=0 L=0.00733 L/var=0.06 tgt=+0.307/0.360 cfg/b=33345 prep=0.29s gpu=0.00s conv=0.01s add=0.25s train=1.89s
[t= 474.5s] rebel stream solves=105472 raw=605/s balanced=605/s debt=0 rows steps=1648 horizon=0.00 games=56 over=0 card=0 drop=0 L=0.00753 L/var=0.06 tgt=+0.287/0.360 cfg/b=35602 prep=0.21s gpu=0.00s conv=0.01s add=0.19s train=1.37s
[t= 484.9s] rebel stream solves=109568 raw=593/s balanced=593/s debt=0 rows steps=1712 horizon=0.00 games=83 over=0 card=0 drop=0 L=0.00749 L/var=0.06 tgt=+0.305/0.358 cfg/b=37800 prep=0.35s gpu=0.00s conv=0.01s add=0.26s train=1.97s
[t= 495.0s] rebel stream solves=112640 raw=578/s balanced=578/s debt=0 rows steps=1760 horizon=0.00 games=44 over=0 card=0 drop=0 L=0.00755 L/var=0.07 tgt=+0.304/0.341 cfg/b=39021 prep=0.20s gpu=0.00s conv=0.01s add=0.23s train=1.40s
[t= 505.0s] rebel stream solves=116736 raw=570/s balanced=570/s debt=0 rows steps=1824 horizon=0.00 games=62 over=0 card=0 drop=0 L=0.00773 L/var=0.07 tgt=+0.307/0.337 cfg/b=40428 prep=0.35s gpu=0.00s conv=0.01s add=0.27s train=2.01s
[t= 515.0s] rebel stream solves=119808 raw=558/s balanced=558/s debt=0 rows steps=1872 horizon=0.00 games=62 over=0 card=0 drop=0 L=0.00765 L/var=0.06 tgt=+0.302/0.347 cfg/b=42376 prep=0.21s gpu=0.00s conv=0.01s add=0.19s train=1.56s
[t= 525.0s] rebel stream solves=122880 raw=547/s balanced=547/s debt=0 rows steps=1920 horizon=0.00 games=45 over=0 card=0 drop=0 L=0.00802 L/var=0.07 tgt=+0.300/0.345 cfg/b=43124 prep=0.22s gpu=0.00s conv=0.01s add=0.23s train=1.49s
[t= 535.0s] rebel stream solves=125952 raw=536/s balanced=536/s debt=0 rows steps=1968 horizon=0.04 games=50 over=0 card=0 drop=0 L=0.00800 L/var=0.06 tgt=+0.288/0.355 cfg/b=44572 prep=0.25s gpu=0.00s conv=0.01s add=0.21s train=1.55s
[t= 545.1s] rebel stream solves=130048 raw=531/s balanced=531/s debt=0 rows steps=2032 horizon=0.04 games=82 over=1 card=1 drop=0 L=0.00820 L/var=0.07 tgt=+0.302/0.339 cfg/b=46180 prep=0.30s gpu=0.00s conv=0.01s add=0.27s train=2.02s
[t= 555.1s] rebel stream solves=133120 raw=522/s balanced=522/s debt=0 rows steps=2080 horizon=0.07 games=68 over=1 card=1 drop=0 L=0.00838 L/var=0.08 tgt=+0.296/0.326 cfg/b=46564 prep=0.19s gpu=0.00s conv=0.01s add=0.20s train=1.46s
[t= 565.2s] rebel stream solves=136192 raw=514/s balanced=514/s debt=0 rows steps=2128 horizon=0.07 games=59 over=3 card=2 drop=0 L=0.00824 L/var=0.09 tgt=+0.305/0.297 cfg/b=48842 prep=0.28s gpu=0.00s conv=0.01s add=0.27s train=1.55s
[t= 575.3s] rebel stream solves=140288 raw=510/s balanced=510/s debt=0 rows steps=2192 horizon=0.09 games=70 over=3 card=2 drop=0 L=0.00869 L/var=0.10 tgt=+0.322/0.292 cfg/b=50061 prep=0.32s gpu=0.00s conv=0.01s add=0.37s train=2.05s
[t= 585.9s] rebel stream solves=144384 raw=505/s balanced=505/s debt=0 rows steps=2256 horizon=0.04 games=77 over=3 card=2 drop=0 L=0.00854 L/var=0.10 tgt=+0.339/0.287 cfg/b=54497 prep=0.33s gpu=0.00s conv=0.02s add=0.40s train=2.14s
[t= 595.9s] rebel stream solves=147456 raw=499/s balanced=499/s debt=0 rows steps=2304 horizon=0.07 games=55 over=3 card=2 drop=0 L=0.00855 L/var=0.12 tgt=+0.344/0.270 cfg/b=56722 prep=0.24s gpu=0.00s conv=0.01s add=0.32s train=1.57s
[t= 597.3s] --- lr -> 5.00e-04 ---
[t= 600.3s] --- snapshot snap_01.pt (s1) ---
[t= 606.0s] rebel stream solves=151552 raw=496/s balanced=496/s debt=0 rows steps=2368 horizon=0.03 games=59 over=3 card=2 drop=0 L=0.00804 L/var=0.10 tgt=+0.324/0.277 cfg/b=59049 prep=0.33s gpu=0.00s conv=0.02s add=0.41s train=2.15s
[t= 616.0s] rebel stream solves=154624 raw=490/s balanced=490/s debt=0 rows steps=2416 horizon=0.00 games=50 over=3 card=2 drop=0 L=0.00782 L/var=0.10 tgt=+0.328/0.279 cfg/b=61462 prep=0.27s gpu=0.00s conv=0.01s add=0.29s train=1.67s
[t= 626.1s] rebel stream solves=158720 raw=487/s balanced=487/s debt=0 rows steps=2480 horizon=0.00 games=65 over=3 card=2 drop=0 L=0.00745 L/var=0.09 tgt=+0.326/0.288 cfg/b=64720 prep=0.37s gpu=0.00s conv=0.02s add=0.38s train=2.31s
[t= 636.1s] rebel stream solves=161792 raw=482/s balanced=482/s debt=0 rows steps=2528 horizon=0.03 games=65 over=3 card=2 drop=0 L=0.00757 L/var=0.09 tgt=+0.336/0.291 cfg/b=66657 prep=0.30s gpu=0.00s conv=0.01s add=0.31s train=1.75s
[t= 646.6s] rebel stream solves=165888 raw=479/s balanced=479/s debt=0 rows steps=2592 horizon=0.00 games=70 over=3 card=2 drop=0 L=0.00760 L/var=0.08 tgt=+0.323/0.301 cfg/b=67865 prep=0.40s gpu=0.00s conv=0.02s add=0.40s train=2.85s
[t= 656.6s] rebel stream solves=168960 raw=474/s balanced=474/s debt=0 rows steps=2640 horizon=0.02 games=45 over=3 card=2 drop=0 L=0.00782 L/var=0.09 tgt=+0.327/0.294 cfg/b=69520 prep=0.28s gpu=0.00s conv=0.01s add=0.27s train=1.76s
[t= 666.7s] rebel stream solves=172032 raw=469/s balanced=469/s debt=0 rows steps=2688 horizon=0.06 games=63 over=3 card=2 drop=0 L=0.00773 L/var=0.09 tgt=+0.329/0.289 cfg/b=68850 prep=0.28s gpu=0.00s conv=0.01s add=0.27s train=1.72s
[t= 676.7s] rebel stream solves=176128 raw=468/s balanced=468/s debt=0 rows steps=2752 horizon=0.03 games=65 over=4 card=3 drop=0 L=0.00769 L/var=0.09 tgt=+0.320/0.299 cfg/b=69458 prep=0.35s gpu=0.00s conv=0.01s add=0.32s train=2.24s
[t= 686.7s] rebel stream solves=180224 raw=466/s balanced=466/s debt=0 rows steps=2816 horizon=0.04 games=76 over=4 card=3 drop=0 L=0.00790 L/var=0.09 tgt=+0.329/0.296 cfg/b=69318 prep=0.36s gpu=0.00s conv=0.02s add=0.41s train=2.34s
[t= 696.8s] rebel stream solves=184320 raw=465/s balanced=465/s debt=0 rows steps=2880 horizon=0.02 games=57 over=4 card=3 drop=0 L=0.00771 L/var=0.09 tgt=+0.330/0.301 cfg/b=69401 prep=0.44s gpu=0.00s conv=0.01s add=0.34s train=2.45s
[t= 707.0s] rebel stream solves=188416 raw=463/s balanced=463/s debt=0 rows steps=2944 horizon=0.03 games=69 over=4 card=3 drop=0 L=0.00778 L/var=0.07 tgt=+0.315/0.330 cfg/b=68926 prep=0.38s gpu=0.00s conv=0.01s add=0.38s train=2.38s
[t= 717.3s] rebel stream solves=192512 raw=462/s balanced=462/s debt=0 rows steps=3008 horizon=0.10 games=80 over=4 card=3 drop=0 L=0.00793 L/var=0.08 tgt=+0.319/0.325 cfg/b=68831 prep=0.37s gpu=0.00s conv=0.02s add=0.34s train=2.32s
[t= 727.3s] rebel stream solves=196608 raw=460/s balanced=460/s debt=0 rows steps=3072 horizon=0.09 games=77 over=4 card=3 drop=0 L=0.00822 L/var=0.08 tgt=+0.310/0.315 cfg/b=67756 prep=0.37s gpu=0.00s conv=0.01s add=0.31s train=2.34s
[t= 737.3s] rebel stream solves=200704 raw=459/s balanced=459/s debt=0 rows steps=3136 horizon=0.01 games=76 over=4 card=3 drop=0 L=0.00834 L/var=0.08 tgt=+0.302/0.328 cfg/b=67550 prep=0.35s gpu=0.00s conv=0.01s add=0.40s train=2.31s
[t= 747.4s] rebel stream solves=204800 raw=458/s balanced=458/s debt=0 rows steps=3200 horizon=0.06 games=63 over=4 card=3 drop=0 L=0.00799 L/var=0.08 tgt=+0.328/0.325 cfg/b=67895 prep=0.36s gpu=0.00s conv=0.01s add=0.32s train=2.29s
[t= 757.7s] rebel stream solves=209920 raw=459/s balanced=459/s debt=0 rows steps=3280 horizon=0.02 games=105 over=4 card=3 drop=0 L=0.00807 L/var=0.08 tgt=+0.325/0.324 cfg/b=66421 prep=0.43s gpu=0.00s conv=0.01s add=0.43s train=2.83s
[t= 768.3s] rebel stream solves=214016 raw=457/s balanced=457/s debt=0 rows steps=3344 horizon=0.06 games=68 over=4 card=3 drop=0 L=0.00800 L/var=0.08 tgt=+0.331/0.325 cfg/b=67250 prep=0.36s gpu=0.00s conv=0.01s add=0.33s train=2.34s
[t= 778.3s] rebel stream solves=217088 raw=454/s balanced=454/s debt=0 rows steps=3392 horizon=0.08 games=50 over=4 card=3 drop=0 L=0.00817 L/var=0.08 tgt=+0.323/0.326 cfg/b=67488 prep=0.26s gpu=0.00s conv=0.01s add=0.26s train=1.77s
[t= 788.8s] rebel stream solves=221184 raw=453/s balanced=453/s debt=0 rows steps=3456 horizon=0.06 games=71 over=4 card=3 drop=0 L=0.00812 L/var=0.08 tgt=+0.323/0.315 cfg/b=66786 prep=0.41s gpu=0.00s conv=0.02s add=0.36s train=2.33s
[t= 799.8s] rebel stream solves=225280 raw=451/s balanced=451/s debt=0 rows steps=3520 horizon=0.03 games=78 over=4 card=3 drop=0 L=0.00824 L/var=0.07 tgt=+0.315/0.341 cfg/b=66184 prep=0.38s gpu=0.00s conv=0.02s add=0.38s train=2.31s
[t= 809.8s] rebel stream solves=229376 raw=450/s balanced=450/s debt=0 rows steps=3584 horizon=0.05 games=74 over=4 card=3 drop=0 L=0.00813 L/var=0.08 tgt=+0.316/0.328 cfg/b=66036 prep=0.34s gpu=0.00s conv=0.01s add=0.28s train=2.26s
[t= 820.6s] rebel stream solves=233472 raw=449/s balanced=449/s debt=0 rows steps=3648 horizon=0.02 games=91 over=4 card=3 drop=0 L=0.00812 L/var=0.07 tgt=+0.320/0.334 cfg/b=66202 prep=0.46s gpu=0.00s conv=0.01s add=0.31s train=2.42s
[t= 830.6s] rebel stream solves=236544 raw=446/s balanced=446/s debt=0 rows steps=3696 horizon=0.04 games=67 over=4 card=3 drop=0 L=0.00811 L/var=0.07 tgt=+0.328/0.329 cfg/b=67151 prep=0.36s gpu=0.00s conv=0.01s add=0.28s train=1.83s
[t= 840.7s] rebel stream solves=240640 raw=445/s balanced=445/s debt=0 rows steps=3760 horizon=0.02 games=93 over=4 card=3 drop=0 L=0.00873 L/var=0.09 tgt=+0.336/0.314 cfg/b=70368 prep=0.35s gpu=0.00s conv=0.02s add=0.42s train=2.35s
[t= 850.7s] rebel stream solves=243712 raw=443/s balanced=443/s debt=0 rows steps=3808 horizon=0.04 games=71 over=4 card=3 drop=0 L=0.00882 L/var=0.08 tgt=+0.312/0.329 cfg/b=73698 prep=0.28s gpu=0.00s conv=0.01s add=0.33s train=1.82s
[t= 860.7s] rebel stream solves=247808 raw=442/s balanced=442/s debt=0 rows steps=3872 horizon=0.06 games=89 over=4 card=3 drop=0 L=0.00910 L/var=0.08 tgt=+0.321/0.329 cfg/b=75174 prep=0.37s gpu=0.00s conv=0.02s add=0.37s train=2.42s
[t= 870.7s] rebel stream solves=250880 raw=440/s balanced=440/s debt=0 rows steps=3920 horizon=0.04 games=49 over=4 card=3 drop=0 L=0.00885 L/var=0.09 tgt=+0.335/0.306 cfg/b=75859 prep=0.28s gpu=0.00s conv=0.01s add=0.27s train=1.81s
[t= 881.4s] rebel stream solves=254976 raw=439/s balanced=439/s debt=0 rows steps=3984 horizon=0.07 games=67 over=4 card=3 drop=0 L=0.00827 L/var=0.08 tgt=+0.328/0.314 cfg/b=77086 prep=0.42s gpu=0.00s conv=0.01s add=0.37s train=2.85s
[t= 891.5s] rebel stream solves=258048 raw=436/s balanced=436/s debt=0 rows steps=4032 horizon=0.00 games=44 over=4 card=3 drop=0 L=0.00839 L/var=0.07 tgt=+0.328/0.342 cfg/b=77736 prep=0.34s gpu=0.00s conv=0.01s add=0.29s train=1.95s
[t= 900.3s] --- snapshot snap_02.pt (s2) ---
[t= 901.5s] rebel stream solves=261120 raw=434/s balanced=434/s debt=0 rows steps=4080 horizon=0.07 games=56 over=4 card=3 drop=0 L=0.00827 L/var=0.07 tgt=+0.332/0.342 cfg/b=77688 prep=0.31s gpu=0.00s conv=0.01s add=0.23s train=1.87s
[t= 904.3s] --- lr -> 2.50e-04 ---
[t= 911.5s] rebel stream solves=264192 raw=432/s balanced=432/s debt=0 rows steps=4128 horizon=0.02 games=53 over=4 card=3 drop=0 L=0.00806 L/var=0.07 tgt=+0.346/0.334 cfg/b=78083 prep=0.30s gpu=0.00s conv=0.01s add=0.29s train=1.89s
[t= 921.5s] rebel stream solves=267264 raw=430/s balanced=430/s debt=0 rows steps=4176 horizon=0.04 games=68 over=4 card=3 drop=0 L=0.00818 L/var=0.07 tgt=+0.327/0.353 cfg/b=77018 prep=0.26s gpu=0.00s conv=0.01s add=0.23s train=1.84s
[t= 932.3s] rebel stream solves=271360 raw=429/s balanced=429/s debt=0 rows steps=4240 horizon=0.01 games=79 over=4 card=3 drop=0 L=0.00814 L/var=0.07 tgt=+0.330/0.347 cfg/b=77646 prep=0.40s gpu=0.00s conv=0.01s add=0.34s train=2.45s
[t= 942.4s] rebel stream solves=274432 raw=427/s balanced=427/s debt=0 rows steps=4288 horizon=0.01 games=66 over=4 card=3 drop=0 L=0.00805 L/var=0.07 tgt=+0.327/0.344 cfg/b=76161 prep=0.33s gpu=0.00s conv=0.01s add=0.27s train=1.87s
[t= 952.4s] rebel stream solves=277504 raw=426/s balanced=426/s debt=0 rows steps=4336 horizon=0.01 games=66 over=4 card=3 drop=0 L=0.00822 L/var=0.06 tgt=+0.321/0.361 cfg/b=75625 prep=0.26s gpu=0.00s conv=0.01s add=0.24s train=1.80s
[t= 962.4s] rebel stream solves=281600 raw=425/s balanced=425/s debt=0 rows steps=4400 horizon=0.04 games=72 over=4 card=3 drop=0 L=0.00852 L/var=0.06 tgt=+0.324/0.363 cfg/b=74791 prep=0.36s gpu=0.00s conv=0.01s add=0.33s train=2.40s
[t= 972.4s] rebel stream solves=285696 raw=425/s balanced=425/s debt=0 rows steps=4464 horizon=0.00 games=80 over=4 card=3 drop=0 L=0.00850 L/var=0.06 tgt=+0.320/0.379 cfg/b=74441 prep=0.34s gpu=0.00s conv=0.01s add=0.31s train=2.36s
[t= 982.8s] rebel stream solves=289792 raw=425/s balanced=425/s debt=0 rows steps=4528 horizon=0.01 games=89 over=4 card=3 drop=0 L=0.00843 L/var=0.06 tgt=+0.327/0.366 cfg/b=74232 prep=0.37s gpu=0.00s conv=0.01s add=0.31s train=2.35s
[t= 992.8s] rebel stream solves=292864 raw=423/s balanced=423/s debt=0 rows steps=4576 horizon=0.04 games=57 over=4 card=3 drop=0 L=0.00828 L/var=0.07 tgt=+0.341/0.349 cfg/b=73507 prep=0.34s gpu=0.00s conv=0.01s add=0.20s train=1.81s
[t=1002.8s] rebel stream solves=296960 raw=423/s balanced=423/s debt=0 rows steps=4640 horizon=0.01 games=75 over=4 card=3 drop=0 L=0.00835 L/var=0.07 tgt=+0.330/0.348 cfg/b=73042 prep=0.39s gpu=0.00s conv=0.01s add=0.29s train=2.39s
[t=1012.8s] rebel stream solves=301056 raw=422/s balanced=422/s debt=0 rows steps=4704 horizon=0.03 games=91 over=4 card=3 drop=0 L=0.00858 L/var=0.07 tgt=+0.332/0.358 cfg/b=71336 prep=0.38s gpu=0.00s conv=0.01s add=0.27s train=2.33s
[t=1023.2s] rebel stream solves=305152 raw=422/s balanced=422/s debt=0 rows steps=4768 horizon=0.01 games=92 over=4 card=3 drop=0 L=0.00832 L/var=0.06 tgt=+0.328/0.361 cfg/b=70645 prep=0.32s gpu=0.00s conv=0.01s add=0.29s train=2.22s
[t=1033.3s] rebel stream solves=308224 raw=420/s balanced=420/s debt=0 rows steps=4816 horizon=0.02 games=62 over=4 card=3 drop=0 L=0.00838 L/var=0.06 tgt=+0.330/0.363 cfg/b=69259 prep=0.30s gpu=0.00s conv=0.01s add=0.22s train=1.78s
[t=1043.3s] rebel stream solves=312320 raw=420/s balanced=420/s debt=0 rows steps=4880 horizon=0.01 games=65 over=4 card=3 drop=0 L=0.00839 L/var=0.06 tgt=+0.317/0.374 cfg/b=69384 prep=0.35s gpu=0.00s conv=0.01s add=0.27s train=2.27s
[t=1053.3s] rebel stream solves=316416 raw=420/s balanced=420/s debt=0 rows steps=4944 horizon=0.03 games=87 over=4 card=3 drop=0 L=0.00835 L/var=0.06 tgt=+0.329/0.378 cfg/b=68353 prep=0.30s gpu=0.00s conv=0.01s add=0.25s train=2.24s
[t=1064.2s] rebel stream solves=320512 raw=420/s balanced=420/s debt=0 rows steps=5008 horizon=0.00 games=78 over=4 card=3 drop=0 L=0.00811 L/var=0.06 tgt=+0.341/0.354 cfg/b=66650 prep=0.36s gpu=0.00s conv=0.01s add=0.25s train=2.27s
[t=1074.3s] rebel stream solves=323584 raw=418/s balanced=418/s debt=0 rows steps=5056 horizon=0.00 games=60 over=4 card=3 drop=0 L=0.00807 L/var=0.06 tgt=+0.336/0.381 cfg/b=66057 prep=0.24s gpu=0.00s conv=0.01s add=0.21s train=1.66s
[t=1084.3s] rebel stream solves=327680 raw=418/s balanced=418/s debt=0 rows steps=5120 horizon=0.00 games=78 over=4 card=3 drop=0 L=0.00798 L/var=0.06 tgt=+0.339/0.359 cfg/b=65871 prep=0.30s gpu=0.00s conv=0.01s add=0.25s train=2.15s
[t=1094.3s] rebel stream solves=331776 raw=418/s balanced=418/s debt=0 rows steps=5184 horizon=0.00 games=91 over=4 card=3 drop=0 L=0.00843 L/var=0.06 tgt=+0.317/0.389 cfg/b=64162 prep=0.28s gpu=0.00s conv=0.01s add=0.26s train=2.11s
[t=1104.4s] rebel stream solves=335872 raw=418/s balanced=418/s debt=0 rows steps=5248 horizon=0.00 games=93 over=4 card=3 drop=0 L=0.00819 L/var=0.06 tgt=+0.329/0.365 cfg/b=63976 prep=0.30s gpu=0.00s conv=0.01s add=0.28s train=2.18s
[t=1114.4s] rebel stream solves=339968 raw=418/s balanced=418/s debt=0 rows steps=5312 horizon=0.01 games=74 over=4 card=3 drop=0 L=0.00804 L/var=0.06 tgt=+0.331/0.368 cfg/b=63620 prep=0.31s gpu=0.00s conv=0.01s add=0.27s train=2.18s
[t=1124.5s] rebel stream solves=344064 raw=417/s balanced=417/s debt=0 rows steps=5376 horizon=0.01 games=79 over=4 card=3 drop=0 L=0.00823 L/var=0.06 tgt=+0.328/0.386 cfg/b=63059 prep=0.31s gpu=0.00s conv=0.01s add=0.28s train=2.20s
[t=1134.7s] rebel stream solves=348160 raw=417/s balanced=417/s debt=0 rows steps=5440 horizon=0.00 games=93 over=4 card=3 drop=0 L=0.00834 L/var=0.06 tgt=+0.327/0.380 cfg/b=62873 prep=0.31s gpu=0.00s conv=0.01s add=0.25s train=2.19s
[t=1145.2s] rebel stream solves=352256 raw=417/s balanced=417/s debt=0 rows steps=5504 horizon=0.00 games=75 over=4 card=3 drop=0 L=0.00819 L/var=0.06 tgt=+0.324/0.383 cfg/b=62390 prep=0.32s gpu=0.00s conv=0.01s add=0.25s train=2.23s
[t=1156.0s] rebel stream solves=356352 raw=416/s balanced=416/s debt=0 rows steps=5568 horizon=0.01 games=71 over=5 card=3 drop=0 L=0.00828 L/var=0.06 tgt=+0.336/0.380 cfg/b=61330 prep=0.32s gpu=0.00s conv=0.01s add=0.27s train=2.18s
[t=1166.1s] rebel stream solves=360448 raw=416/s balanced=416/s debt=0 rows steps=5632 horizon=0.00 games=90 over=5 card=3 drop=0 L=0.00810 L/var=0.05 tgt=+0.319/0.386 cfg/b=60925 prep=0.35s gpu=0.00s conv=0.01s add=0.25s train=2.18s
[t=1176.8s] rebel stream solves=364544 raw=416/s balanced=416/s debt=0 rows steps=5696 horizon=0.00 games=86 over=5 card=3 drop=0 L=0.00806 L/var=0.05 tgt=+0.319/0.392 cfg/b=60839 prep=0.29s gpu=0.00s conv=0.01s add=0.24s train=2.09s
[t=1180.0s] --- stopping GPU admission; draining ---
[t=1186.8s] rebel stream solves=366592 raw=413/s balanced=413/s debt=0 rows steps=5728 horizon=0.00 games=32 over=5 card=3 drop=0 L=0.00806 L/var=0.05 tgt=+0.318/0.406 cfg/b=59766 prep=0.14s gpu=0.00s conv=0.00s add=0.13s train=1.05s
[t=1190.4s] rebel stream solves=367542 raw=413/s balanced=413/s debt=864 rows steps=5742 horizon=0.00 games=0 over=5 card=3 drop=0 L=0.00803 L/var=0.05 tgt=+0.336/0.383 cfg/b=60248 prep=0.07s gpu=0.00s conv=0.00s add=0.06s train=0.45s
[gpu-summary] solves=367542 optimizer_rows=5879808 debt=864 raw=408.5/s balanced=408.4/s horizon=0.02 games=6312 over=5 card=3 exact=0 censored=1152 dropped=0 overrun=0.00s
[t=1200.0s] --- snapshot snap_03.pt (final) ---
[ladder] 5 players, 800 games (20/batch, cap 200/pair)
  seed                    greedy vs ratio_16.init            W 10 L  4 D  6  n= 20  score 0.650
  seed                    greedy vs ratio_16.final           W  0 L 20 D  0  n= 20  score 0.000  stop
  seed             ratio_16.init vs ratio_16.s1              W  0 L 15 D  5  n= 20  score 0.125  stop
  seed               ratio_16.s1 vs ratio_16.s2              W  5 L 13 D  2  n= 20  score 0.300
  seed               ratio_16.s2 vs ratio_16.final           W  5 L 13 D  2  n= 20  score 0.300
  swiss                   greedy vs ratio_16.init            W  7 L  1 D 12  n= 40  score 0.650
  swiss                   greedy vs ratio_16.init            W  8 L  3 D  9  n= 60  score 0.642
  swiss                   greedy vs ratio_16.init            W  7 L  4 D  9  n= 80  score 0.625
  swiss                   greedy vs ratio_16.init            W  6 L  4 D 10  n=100  score 0.610
  swiss                   greedy vs ratio_16.init            W  8 L  2 D 10  n=120  score 0.617
  swiss                   greedy vs ratio_16.init            W  6 L  2 D 12  n=140  score 0.614
  swiss                   greedy vs ratio_16.init            W  7 L  2 D 11  n=160  score 0.616
  swiss                   greedy vs ratio_16.init            W  8 L  2 D 10  n=180  score 0.619
  swiss                   greedy vs ratio_16.init            W  8 L  1 D 11  n=200  score 0.625
  swiss              ratio_16.s1 vs ratio_16.s2              W  4 L 16 D  0  n= 40  score 0.250
  swiss              ratio_16.s2 vs ratio_16.final           W  6 L 14 D  0  n= 40  score 0.300
  swiss              ratio_16.s2 vs ratio_16.final           W  4 L 15 D  1  n= 60  score 0.275
  swiss              ratio_16.s2 vs ratio_16.final           W  4 L 16 D  0  n= 80  score 0.256
  swiss              ratio_16.s2 vs ratio_16.final           W  5 L 14 D  1  n=100  score 0.260
  swiss              ratio_16.s2 vs ratio_16.final           W  6 L 14 D  0  n=120  score 0.267
  swiss              ratio_16.s2 vs ratio_16.final           W  7 L 12 D  1  n=140  score 0.282
  swiss              ratio_16.s2 vs ratio_16.final           W  5 L 14 D  1  n=160  score 0.281
  swiss              ratio_16.s2 vs ratio_16.final           W  4 L 15 D  1  n=180  score 0.275
  swiss              ratio_16.s2 vs ratio_16.final           W  5 L 15 D  0  n=200  score 0.273
  swiss              ratio_16.s1 vs ratio_16.s2              W  6 L 14 D  0  n= 60  score 0.267
  swiss              ratio_16.s1 vs ratio_16.s2              W  7 L 12 D  1  n= 80  score 0.294
  swiss              ratio_16.s1 vs ratio_16.s2              W  7 L 13 D  0  n=100  score 0.305
  swiss              ratio_16.s1 vs ratio_16.s2              W  2 L 17 D  1  n=120  score 0.275
  swiss              ratio_16.s1 vs ratio_16.s2              W  7 L 13 D  0  n=140  score 0.286
  swiss              ratio_16.s1 vs ratio_16.s2              W  4 L 15 D  1  n=160  score 0.278
  swiss              ratio_16.s1 vs ratio_16.s2              W  5 L 15 D  0  n=180  score 0.275
  swiss              ratio_16.s1 vs ratio_16.s2              W  5 L 14 D  1  n=200  score 0.275
  swiss                   greedy vs ratio_16.s1              W  0 L 17 D  3  n= 20  score 0.075  stop
  swiss              ratio_16.s1 vs ratio_16.final           W  1 L 19 D  0  n= 20  score 0.050  stop
  swiss                   greedy vs ratio_16.s2              W  0 L 20 D  0  n= 20  score 0.000  stop
  swiss            ratio_16.init vs ratio_16.s2              W  1 L 17 D  2  n= 20  score 0.100  stop
  swiss            ratio_16.init vs ratio_16.final           W  1 L 17 D  2  n= 20  score 0.100  stop

=== Elo (runs/ratio_16, greedy = 0) ===
                      player   trained     elo   95%   score
              ratio_16.final   20.0min     581    52   0.779
                 ratio_16.s2   15.0min     414    37   0.540
                 ratio_16.s1   10.0min     249    49   0.354
                      greedy         -       0    47   0.487
               ratio_16.init    5.0min     -75    47   0.313
[report] runs/ratio_16/report.html
