[train] runs/perf_v4_relu at cd4d730+dirty seed=11 {'minutes': 2.0, 'warm_minutes': 0.0, 'snapshot_every': 5.0, 'ladder_games': 0, 'train_gen_ratio': 0.001, 'init_weights': 'runs/value_v4_clean30/snap_06.pt', 'seed': 11, 'note': 'relu-joint-readout-throughput'}
[train] relu-joint-readout-throughput
[cpu] pinned to 36 physical cores
[train] CUDA stream priority -1
[gpu] solve services up on [0, 1]
[cfg] PUBFEAT=897 CFEAT=15 architecture=v4 depth=2 iters=64 budget=120s warm=0s snapshot_every=5min device=cuda:1 draft=random train_gen_ratio=0.001 recent_mix=0.5/0.2 canonical_views=2 cap=2000000 matmul=high
[t=   0.0s] --- snapshot snap_00.pt (init) ---
[t=   0.0s] --- switching to ReBeL ---
[t=  10.1s] rebel stream solves=10240 raw=1022/s balanced=0/s debt=10 rows steps=0 horizon=0.00 games=0 over=0 card=0 drop=0 L=0.00000 L/var=0.00 tgt=+0.061/0.024 cfg/b=0 prep=0.00s gpu=0.00s conv=0.02s add=0.34s train=0.00s
[t=  20.1s] rebel stream solves=16384 raw=818/s balanced=0/s debt=16 rows steps=0 horizon=0.00 games=0 over=0 card=0 drop=0 L=0.00000 L/var=0.00 tgt=+0.073/0.028 cfg/b=0 prep=0.00s gpu=0.00s conv=0.02s add=0.59s train=0.00s
[t=  30.1s] rebel stream solves=24576 raw=818/s balanced=0/s debt=25 rows steps=0 horizon=0.00 games=0 over=0 card=0 drop=0 L=0.00000 L/var=0.00 tgt=+0.073/0.031 cfg/b=0 prep=0.00s gpu=0.00s conv=0.05s add=1.02s train=0.00s
[t=  39.7s] --- lr -> 5.00e-04 ---
[t=  40.1s] rebel stream solves=38912 raw=971/s balanced=0/s debt=39 rows steps=0 horizon=0.00 games=0 over=0 card=0 drop=0 L=0.00000 L/var=0.00 tgt=+0.078/0.035 cfg/b=0 prep=0.00s gpu=0.00s conv=0.02s add=0.40s train=0.00s
[t=  50.1s] rebel stream solves=44032 raw=879/s balanced=0/s debt=44 rows steps=0 horizon=0.00 games=0 over=0 card=0 drop=0 L=0.00000 L/var=0.00 tgt=+0.104/0.035 cfg/b=0 prep=0.00s gpu=0.00s conv=0.00s add=0.13s train=0.00s
[t=  60.1s] rebel stream solves=47104 raw=784/s balanced=0/s debt=47 rows steps=0 horizon=0.00 games=0 over=0 card=0 drop=0 L=0.00000 L/var=0.00 tgt=+0.104/0.036 cfg/b=0 prep=0.00s gpu=0.00s conv=0.00s add=0.14s train=0.00s
[t=  70.2s] rebel stream solves=50176 raw=715/s balanced=0/s debt=50 rows steps=0 horizon=0.00 games=0 over=0 card=0 drop=0 L=0.00000 L/var=0.00 tgt=+0.104/0.037 cfg/b=0 prep=0.00s gpu=0.00s conv=0.01s add=0.15s train=0.00s
[t=  80.2s] rebel stream solves=52224 raw=651/s balanced=0/s debt=52 rows steps=0 horizon=0.00 games=0 over=2 card=0 drop=0 L=0.00000 L/var=0.00 tgt=+0.108/0.037 cfg/b=0 prep=0.00s gpu=0.00s conv=0.00s add=0.09s train=0.00s
[t=  80.5s] --- lr -> 2.50e-04 ---
[t=  90.2s] rebel stream solves=55296 raw=613/s balanced=0/s debt=55 rows steps=0 horizon=0.00 games=0 over=2 card=0 drop=0 L=0.00000 L/var=0.00 tgt=+0.110/0.037 cfg/b=0 prep=0.00s gpu=0.00s conv=0.00s add=0.11s train=0.00s
[t= 100.0s] --- stopping GPU admission; draining ---
[t= 100.2s] rebel stream solves=57344 raw=572/s balanced=0/s debt=57 rows steps=0 horizon=0.00 games=0 over=4 card=0 drop=0 L=0.00000 L/var=0.00 tgt=+0.105/0.042 cfg/b=0 prep=0.00s gpu=0.00s conv=0.01s add=0.17s train=0.00s
[t= 107.1s] rebel stream solves=58670 raw=548/s balanced=0/s debt=59 rows steps=0 horizon=0.00 games=0 over=5 card=0 drop=0 L=0.00000 L/var=0.00 tgt=+0.106/0.041 cfg/b=0 prep=0.00s gpu=0.00s conv=0.01s add=0.14s train=0.00s
[gpu-summary] solves=58670 optimizer_rows=0 debt=59 raw=489.0/s balanced=0.0/s horizon=0.00 games=0 over=5 card=0 exact=0 censored=4608 dropped=0 overrun=0.00s
[t= 120.0s] --- snapshot snap_01.pt (final) ---
[report] runs/perf_v4_relu/report.html
