[train] runs/gt_sharded_lean at 1feb485+dirty seed=1 {'minutes': 1.0, 'warm_minutes': 0.2, 'snapshot_every': 1.0, 'ladder_games': 0, 'nodes': 64, 'expand': 1, 'iters': 8, 'gen_workers': 72, 'gen_solves': 1, 'note': 'v7-dual-gpu-resident-lean'}
[train] v7-dual-gpu-resident-lean
[cpu] pinned to 36 physical cores
[train] CUDA stream priority -1
[train] search inference on cuda:0,cuda:1
[cfg] PUBFEAT=897 CFEAT=15 architecture=gt-cfr nodes=64 expand=1 iters=8 budget=60s warm=12s snapshot_every=1min device=cuda:1 draft=random train_gen_ratio=64.0 recent_mix=0.5/0.2 canonical_views=2 cap=2000000 matmul=high
[t=   1.4s] greedy ep  0 games=  96 dec= 18968 rows= 18118 horizon=0.30 L=1.21217 L/var=8.23 tgt=-0.065/0.384 pstd=0.033 gen=0.1s train=1.2s
[t=   2.2s] greedy ep  1 games=  96 dec= 18844 rows= 18051 horizon=0.33 L=0.29085 L/var=1.68 tgt=-0.083/0.417 pstd=0.072 gen=0.1s train=0.7s
[t=   3.1s] greedy ep  2 games=  96 dec= 18181 rows= 17414 horizon=0.27 L=0.24304 L/var=1.54 tgt=-0.076/0.397 pstd=0.099 gen=0.1s train=0.7s
[t=   4.1s] greedy ep  3 games=  96 dec= 17989 rows= 17120 horizon=0.26 L=0.23051 L/var=1.52 tgt=-0.077/0.389 pstd=0.104 gen=0.1s train=0.8s
[t=   5.2s] greedy ep  4 games=  96 dec= 18823 rows= 18078 horizon=0.29 L=0.30048 L/var=1.95 tgt=-0.064/0.392 pstd=0.034 gen=0.1s train=0.9s
[t=   6.3s] greedy ep  5 games=  96 dec= 18924 rows= 18146 horizon=0.33 L=0.21612 L/var=1.47 tgt=-0.051/0.384 pstd=0.077 gen=0.1s train=0.9s
[t=   7.3s] greedy ep  6 games=  96 dec= 17615 rows= 16921 horizon=0.26 L=0.22380 L/var=1.39 tgt=-0.082/0.402 pstd=0.093 gen=0.1s train=0.8s
[t=   8.4s] greedy ep  7 games=  96 dec= 18608 rows= 17786 horizon=0.36 L=0.21714 L/var=1.25 tgt=-0.092/0.417 pstd=0.100 gen=0.1s train=0.8s
[t=   9.4s] greedy ep  8 games=  96 dec= 19040 rows= 18296 horizon=0.36 L=0.21269 L/var=1.34 tgt=-0.064/0.398 pstd=0.106 gen=0.1s train=0.9s
[t=  10.5s] greedy ep  9 games=  96 dec= 18200 rows= 17459 horizon=0.27 L=0.21526 L/var=1.27 tgt=-0.090/0.411 pstd=0.137 gen=0.1s train=0.8s
[t=  11.5s] greedy ep 10 games=  96 dec= 17927 rows= 17200 horizon=0.24 L=0.22056 L/var=1.35 tgt=-0.082/0.404 pstd=0.131 gen=0.1s train=0.8s
[t=  12.5s] greedy ep 11 games=  96 dec= 17941 rows= 17162 horizon=0.28 L=0.21407 L/var=1.34 tgt=-0.100/0.400 pstd=0.160 gen=0.1s train=0.8s
[t=  12.5s] --- snapshot snap_00.pt (init) ---
[t=  12.6s] --- switching to GT-CFR ---
[t=  22.7s] GT-CFR solves=1232 rate=122.0/s rows=6 games=0 caps=190 L=0.00011 L/var=0.72 tgt=+0.010/0.013 gen=0.34s train=0.10s gpu=0.00s
[t=  28.4s] --- lr -> 5.00e-04 ---
[t=  32.7s] GT-CFR solves=2256 rate=111.8/s rows=3 games=0 caps=958 L=0.00013 L/var=36.39 tgt=+0.034/0.002 gen=0.37s train=0.14s gpu=0.00s
[t=  42.8s] GT-CFR solves=3184 rate=105.1/s rows=1 games=0 caps=1822 L=0.00013 L/var=1.81 tgt=-0.001/0.009 gen=0.23s train=0.13s gpu=0.00s
[t=  44.7s] --- lr -> 2.50e-04 ---
[t=  52.9s] GT-CFR solves=4320 rate=107.1/s rows=2 games=0 caps=2326 L=0.00013 L/var=1.07 tgt=+0.017/0.011 gen=0.25s train=0.13s gpu=0.00s
[GT-CFR-summary] solves=5088 optimizer_rows=325632 rate=106.7/s horizon=0.00 games=0 caps=2485
[inference] board=6150 rows/s 166 rows/batch 6.8 req/batch 12.2 ms/batch config=68916 rows/s 2483 rows/batch 7.0 req/batch 5.8 ms/batch values=55178 rows/s 488 rows/batch 7.7 req/batch 6.1 ms/batch
[t=  60.2s] --- snapshot snap_01.pt (final) ---
