[train] runs/gt_hybrid at 1feb485+dirty seed=1 {'minutes': 2.0, 'warm_minutes': 0.5, 'snapshot_every': 1.0, 'ladder_games': 0, 'note': 'fp16-trunk-config-gpu-cpu-join'}
[train] fp16-trunk-config-gpu-cpu-join
[cpu] pinned to 36 physical cores
[train] CUDA stream priority -1
[train] search inference on cuda:0
[cfg] PUBFEAT=897 CFEAT=15 architecture=gt-cfr nodes=256 expand=4 iters=16 budget=120s warm=30s snapshot_every=1min device=cuda:1 draft=random train_gen_ratio=64.0 recent_mix=0.5/0.2 canonical_views=2 cap=2000000 matmul=high
[t=   1.7s] greedy ep  0 games=  96 dec= 18968 rows= 18118 horizon=0.30 L=2.22047 L/var=15.08 tgt=-0.065/0.384 pstd=0.088 gen=0.1s train=1.4s
[t=   2.7s] greedy ep  1 games=  96 dec= 18844 rows= 18051 horizon=0.33 L=0.54276 L/var=3.13 tgt=-0.083/0.417 pstd=0.062 gen=0.1s train=0.9s
[t=   3.8s] greedy ep  2 games=  96 dec= 18181 rows= 17414 horizon=0.27 L=0.44974 L/var=2.85 tgt=-0.076/0.397 pstd=0.043 gen=0.1s train=0.8s
[t=   4.8s] greedy ep  3 games=  96 dec= 17989 rows= 17120 horizon=0.26 L=0.33695 L/var=2.22 tgt=-0.077/0.389 pstd=0.041 gen=0.1s train=0.8s
[t=   5.9s] greedy ep  4 games=  96 dec= 18823 rows= 18078 horizon=0.29 L=0.29795 L/var=1.94 tgt=-0.064/0.392 pstd=0.034 gen=0.1s train=0.9s
[t=   7.0s] greedy ep  5 games=  96 dec= 18924 rows= 18146 horizon=0.33 L=0.26400 L/var=1.79 tgt=-0.051/0.384 pstd=0.063 gen=0.1s train=0.9s
[t=   8.0s] greedy ep  6 games=  96 dec= 17615 rows= 16921 horizon=0.26 L=0.24359 L/var=1.51 tgt=-0.082/0.402 pstd=0.088 gen=0.1s train=0.8s
[t=   9.1s] greedy ep  7 games=  96 dec= 18608 rows= 17786 horizon=0.36 L=0.21729 L/var=1.25 tgt=-0.092/0.417 pstd=0.108 gen=0.1s train=0.9s
[t=  10.2s] greedy ep  8 games=  96 dec= 19040 rows= 18296 horizon=0.36 L=0.21459 L/var=1.35 tgt=-0.064/0.398 pstd=0.104 gen=0.1s train=0.9s
[t=  11.3s] greedy ep  9 games=  96 dec= 18200 rows= 17459 horizon=0.27 L=0.21872 L/var=1.29 tgt=-0.090/0.411 pstd=0.131 gen=0.1s train=0.8s
[t=  12.3s] greedy ep 10 games=  96 dec= 17927 rows= 17200 horizon=0.24 L=0.28045 L/var=1.72 tgt=-0.082/0.404 pstd=0.068 gen=0.1s train=0.8s
[t=  13.4s] greedy ep 11 games=  96 dec= 17941 rows= 17162 horizon=0.28 L=0.25851 L/var=1.62 tgt=-0.100/0.400 pstd=0.157 gen=0.1s train=0.9s
[t=  14.4s] greedy ep 12 games=  96 dec= 17384 rows= 16648 horizon=0.25 L=0.26520 L/var=1.94 tgt=-0.053/0.370 pstd=0.068 gen=0.1s train=0.8s
[t=  15.5s] greedy ep 13 games=  96 dec= 18153 rows= 17377 horizon=0.28 L=0.22211 L/var=1.39 tgt=-0.090/0.400 pstd=0.135 gen=0.1s train=0.8s
[t=  16.5s] greedy ep 14 games=  96 dec= 18097 rows= 17377 horizon=0.26 L=0.20918 L/var=1.39 tgt=-0.061/0.388 pstd=0.172 gen=0.1s train=0.8s
[t=  17.6s] greedy ep 15 games=  96 dec= 18356 rows= 17581 horizon=0.30 L=0.20920 L/var=1.27 tgt=-0.075/0.407 pstd=0.170 gen=0.1s train=0.8s
[t=  18.7s] greedy ep 16 games=  96 dec= 19141 rows= 18328 horizon=0.32 L=0.20408 L/var=1.27 tgt=-0.060/0.400 pstd=0.131 gen=0.1s train=0.9s
[t=  19.8s] greedy ep 17 games=  96 dec= 18885 rows= 18173 horizon=0.30 L=0.20626 L/var=1.23 tgt=-0.075/0.410 pstd=0.124 gen=0.1s train=0.9s
[t=  20.8s] greedy ep 18 games=  96 dec= 17886 rows= 17103 horizon=0.25 L=0.21860 L/var=1.47 tgt=-0.064/0.386 pstd=0.221 gen=0.1s train=0.8s
[t=  21.9s] greedy ep 19 games=  96 dec= 17738 rows= 16961 horizon=0.23 L=0.22110 L/var=1.18 tgt=-0.108/0.433 pstd=0.137 gen=0.1s train=0.9s
[t=  22.9s] greedy ep 20 games=  96 dec= 17716 rows= 17039 horizon=0.28 L=0.20185 L/var=1.10 tgt=-0.090/0.429 pstd=0.200 gen=0.1s train=0.8s
[t=  24.0s] greedy ep 21 games=  96 dec= 17777 rows= 17032 horizon=0.23 L=0.20939 L/var=1.30 tgt=-0.097/0.401 pstd=0.154 gen=0.1s train=0.8s
[t=  25.1s] greedy ep 22 games=  96 dec= 18472 rows= 17732 horizon=0.33 L=0.20423 L/var=1.30 tgt=-0.079/0.396 pstd=0.183 gen=0.1s train=0.9s
[t=  26.1s] greedy ep 23 games=  96 dec= 18429 rows= 17627 horizon=0.27 L=0.20327 L/var=1.33 tgt=-0.079/0.391 pstd=0.127 gen=0.1s train=0.9s
[t=  27.2s] greedy ep 24 games=  96 dec= 18992 rows= 18327 horizon=0.35 L=0.25296 L/var=1.49 tgt=-0.080/0.412 pstd=0.129 gen=0.1s train=0.9s
[t=  28.3s] greedy ep 25 games=  96 dec= 18039 rows= 17262 horizon=0.23 L=0.21316 L/var=1.22 tgt=-0.097/0.418 pstd=0.176 gen=0.1s train=0.8s
[t=  29.4s] greedy ep 26 games=  96 dec= 19627 rows= 18805 horizon=0.33 L=0.21156 L/var=1.24 tgt=-0.078/0.412 pstd=0.189 gen=0.1s train=0.9s
[t=  30.6s] greedy ep 27 games=  96 dec= 18752 rows= 17930 horizon=0.27 L=0.22008 L/var=1.37 tgt=-0.057/0.401 pstd=0.073 gen=0.1s train=1.0s
[t=  30.6s] --- snapshot snap_00.pt (init) ---
[t=  30.7s] --- switching to GT-CFR ---
[t=  40.7s] GT-CFR solves=768 rate=76.3/s rows=103 games=0 caps=107 L=0.00018 L/var=1.60 tgt=-0.010/0.011 gen=2.29s train=0.09s gpu=0.00s
[t=  50.8s] GT-CFR solves=2112 rate=104.8/s rows=141 games=0 caps=261 L=0.00014 L/var=0.22 tgt=-0.029/0.025 gen=3.15s train=0.14s gpu=0.00s
[t=  60.4s] --- lr -> 5.00e-04 ---
[t=  60.8s] GT-CFR solves=3552 rate=117.8/s rows=75 games=0 caps=380 L=0.00011 L/var=0.57 tgt=-0.009/0.014 gen=3.09s train=0.10s gpu=0.00s
[t=  70.9s] GT-CFR solves=5040 rate=125.4/s rows=21 games=0 caps=442 L=0.00012 L/var=1.12 tgt=-0.007/0.010 gen=1.95s train=0.11s gpu=0.00s
[t=  80.9s] GT-CFR solves=6560 rate=130.5/s rows=57 games=0 caps=455 L=0.00010 L/var=1.35 tgt=-0.012/0.009 gen=2.41s train=0.10s gpu=0.00s
[t=  90.7s] --- snapshot snap_01.pt (s1) ---
[t=  90.9s] GT-CFR solves=8112 rate=134.6/s rows=280 games=0 caps=459 L=0.00009 L/var=0.69 tgt=-0.011/0.011 gen=3.61s train=0.08s gpu=0.00s
[t=  91.0s] --- lr -> 2.50e-04 ---
[t= 101.0s] GT-CFR solves=9792 rate=139.3/s rows=520 games=0 caps=459 L=0.00008 L/var=2.48 tgt=-0.008/0.006 gen=4.38s train=0.11s gpu=0.00s
[t= 111.1s] GT-CFR solves=11456 rate=142.5/s rows=494 games=0 caps=459 L=0.00006 L/var=1.51 tgt=-0.007/0.006 gen=4.04s train=0.10s gpu=0.00s
[GT-CFR-summary] solves=12880 optimizer_rows=824320 rate=129.1/s horizon=0.00 games=1 caps=459
[inference] board=24657 rows/s 642 rows/batch 16.3 req/batch 10.5 ms/batch config=33542 rows/s 1402 rows/batch 13.3 req/batch 2.6 ms/batch join=0 rows/s 0 rows/batch 0.0 req/batch 0.0 ms/batch
[t= 130.4s] --- snapshot snap_02.pt (final) ---
