[train] runs/gt_scratch48x8 at 1feb485+dirty seed=1 {'minutes': 1.0, 'warm_minutes': 0.2, 'snapshot_every': 1.0, 'ladder_games': 0, 'nodes': 64, 'expand': 1, 'iters': 8, 'config_cap': 256, 'gen_workers': 48, 'gen_solves': 8, 'gpu_inference': False, 'note': 'v11-scratch-48-processes'}
[train] v11-scratch-48-processes
[train] CUDA stream priority -1
[train] search inference on CPU
[cfg] PUBFEAT=897 CFEAT=15 architecture=gt-cfr nodes=64 expand=1 iters=8 budget=60s warm=12s snapshot_every=1min device=cuda:1 draft=random train_gen_ratio=64.0 recent_mix=0.5/0.2 canonical_views=2 cap=2000000 matmul=high
[t=   1.3s] greedy ep  0 games=  96 dec= 18968 rows= 18118 horizon=0.30 L=0.34058 L/var=2.31 tgt=-0.065/0.384 pstd=0.038 gen=0.1s train=1.1s
[t=   2.1s] greedy ep  1 games=  96 dec= 18844 rows= 18051 horizon=0.33 L=0.20454 L/var=1.18 tgt=-0.083/0.417 pstd=0.086 gen=0.1s train=0.6s
[t=   2.8s] greedy ep  2 games=  96 dec= 18181 rows= 17414 horizon=0.27 L=0.21842 L/var=1.38 tgt=-0.076/0.397 pstd=0.160 gen=0.1s train=0.5s
[t=   3.6s] greedy ep  3 games=  96 dec= 17989 rows= 17120 horizon=0.26 L=0.18036 L/var=1.19 tgt=-0.077/0.389 pstd=0.444 gen=0.1s train=0.6s
[t=   4.5s] greedy ep  4 games=  96 dec= 18823 rows= 18078 horizon=0.29 L=0.15158 L/var=0.99 tgt=-0.064/0.392 pstd=0.419 gen=0.1s train=0.7s
[t=   5.4s] greedy ep  5 games=  96 dec= 18924 rows= 18146 horizon=0.33 L=0.09424 L/var=0.64 tgt=-0.051/0.384 pstd=0.336 gen=0.1s train=0.7s
[t=   6.2s] greedy ep  6 games=  96 dec= 17615 rows= 16921 horizon=0.26 L=0.04808 L/var=0.30 tgt=-0.082/0.402 pstd=0.355 gen=0.1s train=0.6s
[t=   7.0s] greedy ep  7 games=  96 dec= 18608 rows= 17786 horizon=0.36 L=0.03510 L/var=0.20 tgt=-0.092/0.417 pstd=0.379 gen=0.1s train=0.6s
[t=   7.8s] greedy ep  8 games=  96 dec= 19040 rows= 18296 horizon=0.36 L=0.02903 L/var=0.18 tgt=-0.064/0.398 pstd=0.361 gen=0.1s train=0.6s
[t=   8.6s] greedy ep  9 games=  96 dec= 18200 rows= 17459 horizon=0.27 L=0.02911 L/var=0.17 tgt=-0.090/0.411 pstd=0.358 gen=0.1s train=0.6s
[t=   9.5s] greedy ep 10 games=  96 dec= 17927 rows= 17200 horizon=0.24 L=0.02393 L/var=0.15 tgt=-0.082/0.404 pstd=0.373 gen=0.1s train=0.6s
[t=  10.2s] greedy ep 11 games=  96 dec= 17941 rows= 17162 horizon=0.28 L=0.02320 L/var=0.15 tgt=-0.100/0.400 pstd=0.383 gen=0.1s train=0.6s
[t=  11.0s] greedy ep 12 games=  96 dec= 17384 rows= 16648 horizon=0.25 L=0.01901 L/var=0.14 tgt=-0.053/0.370 pstd=0.379 gen=0.1s train=0.6s
[t=  11.8s] greedy ep 13 games=  96 dec= 18153 rows= 17377 horizon=0.28 L=0.01712 L/var=0.11 tgt=-0.090/0.400 pstd=0.390 gen=0.1s train=0.6s
[t=  12.6s] greedy ep 14 games=  96 dec= 18097 rows= 17377 horizon=0.26 L=0.01516 L/var=0.10 tgt=-0.061/0.388 pstd=0.380 gen=0.1s train=0.6s
[t=  12.6s] --- snapshot snap_00.pt (init) ---
[t=  12.6s] --- switching to GT-CFR ---
[t=  23.1s] GT-CFR solves=3424 rate=326.7/s rows=42 games=0 caps=44 L=0.03675 L/var=0.19 tgt=-0.100/0.445 gen=0.11s train=0.03s gpu=0.00s
[t=  28.5s] --- lr -> 5.00e-04 ---
[t=  33.1s] GT-CFR solves=8144 rate=397.6/s rows=56 games=0 caps=57 L=0.04220 L/var=0.09 tgt=+0.352/0.696 gen=0.05s train=0.03s gpu=0.00s
[t=  43.1s] GT-CFR solves=12896 rate=422.9/s rows=33 games=0 caps=71 L=0.04408 L/var=12.89 tgt=+0.021/0.058 gen=0.13s train=0.03s gpu=0.00s
[t=  44.8s] --- lr -> 2.50e-04 ---
[t=  53.1s] GT-CFR solves=17648 rate=435.8/s rows=72 games=0 caps=100 L=0.04792 L/var=0.09 tgt=-0.347/0.725 gen=0.03s train=0.03s gpu=0.00s
[GT-CFR-summary] solves=20816 optimizer_rows=1332224 rate=377.8/s horizon=0.53 games=73 caps=103
[t=  67.8s] --- snapshot snap_01.pt (final) ---
