[train] runs/fix_thirty at 1feb485+dirty seed=1 {'minutes': 30.0, 'warm_minutes': 2.0, 'snapshot_every': 10.0, 'nodes': 64, 'expand': 1, 'iters': 8, 'config_cap': 256, 'batch': 1024, 'replay_ratio': 8.0, 'cap': 1000000, 'cfgs_per_row': 48, 'explore': 0.1, 'query_rate': 0.9, 'recursive_rate': 0.1, 'gen_workers': 36, 'ladder_games': 200, 'seed': 1, 'note': 'root-only targets, straggler-tolerant rounds'}
[train] root-only targets, straggler-tolerant rounds
[train] CUDA stream priority -1
[train] search inference on CPU
[cfg] PUBFEAT=897 CFEAT=15 architecture=gt-cfr nodes=64 expand=1 iters=8 budget=1800s warm=120s snapshot_every=10min device=cuda:1 draft=random replay_ratio=8.0 recent_mix=0.5/0.2 canonical_views=2 cap=1000000 matmul=high
[t=   1.3s] greedy ep  0 games=  96 dec= 18968 rows= 18118 horizon=0.30 L=0.34058 L/var=2.31 tgt=-0.065/0.384 pstd=0.038 gen=0.1s train=1.1s
[t=   2.1s] greedy ep  1 games=  96 dec= 18844 rows= 18051 horizon=0.33 L=0.20454 L/var=1.18 tgt=-0.083/0.417 pstd=0.086 gen=0.1s train=0.6s
[t=   2.9s] greedy ep  2 games=  96 dec= 18181 rows= 17414 horizon=0.27 L=0.21842 L/var=1.38 tgt=-0.076/0.397 pstd=0.160 gen=0.1s train=0.6s
[t=   3.6s] greedy ep  3 games=  96 dec= 17989 rows= 17120 horizon=0.26 L=0.18713 L/var=1.23 tgt=-0.077/0.389 pstd=0.350 gen=0.1s train=0.6s
[t=   4.5s] greedy ep  4 games=  96 dec= 18823 rows= 18078 horizon=0.29 L=0.14464 L/var=0.94 tgt=-0.064/0.392 pstd=0.327 gen=0.1s train=0.6s
[t=   5.3s] greedy ep  5 games=  96 dec= 18924 rows= 18146 horizon=0.33 L=0.09321 L/var=0.63 tgt=-0.051/0.384 pstd=0.311 gen=0.1s train=0.6s
[t=   6.1s] greedy ep  6 games=  96 dec= 17615 rows= 16921 horizon=0.26 L=0.06455 L/var=0.40 tgt=-0.082/0.402 pstd=0.356 gen=0.1s train=0.6s
[t=   6.9s] greedy ep  7 games=  96 dec= 18608 rows= 17786 horizon=0.36 L=0.04022 L/var=0.23 tgt=-0.092/0.417 pstd=0.343 gen=0.1s train=0.6s
[t=   7.8s] greedy ep  8 games=  96 dec= 19040 rows= 18296 horizon=0.36 L=0.03139 L/var=0.20 tgt=-0.064/0.398 pstd=0.368 gen=0.1s train=0.6s
[t=   8.6s] greedy ep  9 games=  96 dec= 18200 rows= 17459 horizon=0.27 L=0.02993 L/var=0.18 tgt=-0.090/0.411 pstd=0.359 gen=0.1s train=0.6s
[t=   9.4s] greedy ep 10 games=  96 dec= 17927 rows= 17200 horizon=0.24 L=0.02360 L/var=0.14 tgt=-0.082/0.404 pstd=0.370 gen=0.1s train=0.6s
[t=  10.2s] greedy ep 11 games=  96 dec= 17941 rows= 17162 horizon=0.28 L=0.02290 L/var=0.14 tgt=-0.100/0.400 pstd=0.368 gen=0.1s train=0.6s
[t=  11.0s] greedy ep 12 games=  96 dec= 17384 rows= 16648 horizon=0.25 L=0.01923 L/var=0.14 tgt=-0.053/0.370 pstd=0.384 gen=0.1s train=0.6s
[t=  11.8s] greedy ep 13 games=  96 dec= 18153 rows= 17377 horizon=0.28 L=0.01663 L/var=0.10 tgt=-0.090/0.400 pstd=0.384 gen=0.1s train=0.6s
[t=  12.6s] greedy ep 14 games=  96 dec= 18097 rows= 17377 horizon=0.26 L=0.01482 L/var=0.10 tgt=-0.061/0.388 pstd=0.375 gen=0.1s train=0.6s
[t=  13.4s] greedy ep 15 games=  96 dec= 18356 rows= 17581 horizon=0.30 L=0.01394 L/var=0.08 tgt=-0.075/0.407 pstd=0.361 gen=0.1s train=0.6s
[t=  14.3s] greedy ep 16 games=  96 dec= 19141 rows= 18328 horizon=0.32 L=0.01242 L/var=0.08 tgt=-0.060/0.400 pstd=0.372 gen=0.1s train=0.6s
[t=  15.1s] greedy ep 17 games=  96 dec= 18885 rows= 18173 horizon=0.30 L=0.01178 L/var=0.07 tgt=-0.075/0.410 pstd=0.363 gen=0.1s train=0.6s
[t=  15.9s] greedy ep 18 games=  96 dec= 17886 rows= 17103 horizon=0.25 L=0.01269 L/var=0.09 tgt=-0.064/0.386 pstd=0.381 gen=0.1s train=0.6s
[t=  16.7s] greedy ep 19 games=  96 dec= 17738 rows= 16961 horizon=0.23 L=0.01149 L/var=0.06 tgt=-0.108/0.433 pstd=0.394 gen=0.1s train=0.6s
[t=  17.5s] greedy ep 20 games=  96 dec= 17716 rows= 17039 horizon=0.28 L=0.01033 L/var=0.06 tgt=-0.090/0.429 pstd=0.392 gen=0.1s train=0.6s
[t=  18.4s] greedy ep 21 games=  96 dec= 17777 rows= 17032 horizon=0.23 L=0.00863 L/var=0.05 tgt=-0.097/0.401 pstd=0.384 gen=0.1s train=0.6s
[t=  19.2s] greedy ep 22 games=  96 dec= 18472 rows= 17732 horizon=0.33 L=0.00882 L/var=0.06 tgt=-0.079/0.396 pstd=0.375 gen=0.1s train=0.6s
[t=  20.0s] greedy ep 23 games=  96 dec= 18429 rows= 17627 horizon=0.27 L=0.00802 L/var=0.05 tgt=-0.079/0.391 pstd=0.375 gen=0.1s train=0.6s
[t=  20.9s] greedy ep 24 games=  96 dec= 18992 rows= 18327 horizon=0.35 L=0.01033 L/var=0.06 tgt=-0.080/0.412 pstd=0.366 gen=0.1s train=0.6s
[t=  21.7s] greedy ep 25 games=  96 dec= 18039 rows= 17262 horizon=0.23 L=0.00890 L/var=0.05 tgt=-0.097/0.418 pstd=0.377 gen=0.1s train=0.6s
[t=  22.5s] greedy ep 26 games=  96 dec= 19627 rows= 18805 horizon=0.33 L=0.00744 L/var=0.04 tgt=-0.078/0.412 pstd=0.383 gen=0.1s train=0.6s
[t=  23.4s] greedy ep 27 games=  96 dec= 18752 rows= 17930 horizon=0.27 L=0.00808 L/var=0.05 tgt=-0.057/0.401 pstd=0.373 gen=0.1s train=0.6s
[t=  24.2s] greedy ep 28 games=  96 dec= 19116 rows= 18327 horizon=0.31 L=0.00751 L/var=0.04 tgt=-0.078/0.412 pstd=0.377 gen=0.1s train=0.6s
[t=  25.1s] greedy ep 29 games=  96 dec= 18708 rows= 17952 horizon=0.27 L=0.00652 L/var=0.04 tgt=-0.080/0.407 pstd=0.377 gen=0.1s train=0.6s
[t=  26.0s] greedy ep 30 games=  96 dec= 19066 rows= 18248 horizon=0.31 L=0.00610 L/var=0.04 tgt=-0.075/0.397 pstd=0.376 gen=0.1s train=0.6s
[t=  26.8s] greedy ep 31 games=  96 dec= 18369 rows= 17570 horizon=0.26 L=0.00683 L/var=0.04 tgt=-0.085/0.397 pstd=0.381 gen=0.1s train=0.6s
[t=  27.6s] greedy ep 32 games=  96 dec= 18567 rows= 17800 horizon=0.30 L=0.00618 L/var=0.04 tgt=-0.065/0.405 pstd=0.378 gen=0.1s train=0.6s
[t=  28.5s] greedy ep 33 games=  96 dec= 18636 rows= 17813 horizon=0.31 L=0.00614 L/var=0.04 tgt=-0.050/0.400 pstd=0.392 gen=0.1s train=0.6s
[t=  29.4s] greedy ep 34 games=  96 dec= 18664 rows= 17825 horizon=0.29 L=0.00644 L/var=0.04 tgt=-0.077/0.378 pstd=0.377 gen=0.1s train=0.6s
[t=  30.2s] greedy ep 35 games=  96 dec= 17787 rows= 17046 horizon=0.22 L=0.00569 L/var=0.03 tgt=-0.058/0.413 pstd=0.371 gen=0.1s train=0.6s
[t=  31.1s] greedy ep 36 games=  96 dec= 19279 rows= 18442 horizon=0.33 L=0.00548 L/var=0.03 tgt=-0.083/0.403 pstd=0.384 gen=0.1s train=0.7s
[t=  32.0s] greedy ep 37 games=  96 dec= 18316 rows= 17468 horizon=0.32 L=0.00556 L/var=0.03 tgt=-0.082/0.413 pstd=0.391 gen=0.1s train=0.6s
[t=  32.9s] greedy ep 38 games=  96 dec= 19158 rows= 18321 horizon=0.32 L=0.00874 L/var=0.06 tgt=-0.052/0.371 pstd=0.385 gen=0.1s train=0.7s
[t=  33.7s] greedy ep 39 games=  96 dec= 18549 rows= 17774 horizon=0.26 L=0.00705 L/var=0.04 tgt=-0.066/0.419 pstd=0.390 gen=0.1s train=0.6s
[t=  34.7s] greedy ep 40 games=  96 dec= 18971 rows= 18211 horizon=0.34 L=0.00596 L/var=0.04 tgt=-0.061/0.378 pstd=0.379 gen=0.1s train=0.7s
[t=  35.5s] greedy ep 41 games=  96 dec= 18692 rows= 17843 horizon=0.28 L=0.00497 L/var=0.03 tgt=-0.060/0.393 pstd=0.378 gen=0.1s train=0.6s
[t=  36.4s] greedy ep 42 games=  96 dec= 19162 rows= 18375 horizon=0.38 L=0.00538 L/var=0.03 tgt=-0.081/0.417 pstd=0.384 gen=0.1s train=0.6s
[t=  37.2s] greedy ep 43 games=  96 dec= 19468 rows= 18602 horizon=0.35 L=0.00480 L/var=0.03 tgt=-0.093/0.389 pstd=0.380 gen=0.1s train=0.6s
[t=  38.1s] greedy ep 44 games=  96 dec= 18443 rows= 17624 horizon=0.28 L=0.00540 L/var=0.04 tgt=-0.068/0.375 pstd=0.382 gen=0.1s train=0.6s
[t=  38.8s] greedy ep 45 games=  96 dec= 17350 rows= 16706 horizon=0.25 L=0.00477 L/var=0.03 tgt=-0.069/0.383 pstd=0.377 gen=0.1s train=0.6s
[t=  39.7s] greedy ep 46 games=  96 dec= 17993 rows= 17239 horizon=0.28 L=0.00493 L/var=0.03 tgt=-0.095/0.400 pstd=0.386 gen=0.1s train=0.6s
[t=  40.6s] greedy ep 47 games=  96 dec= 18984 rows= 18180 horizon=0.29 L=0.00454 L/var=0.03 tgt=-0.069/0.381 pstd=0.374 gen=0.1s train=0.6s
[t=  41.4s] greedy ep 48 games=  96 dec= 18071 rows= 17405 horizon=0.30 L=0.00523 L/var=0.03 tgt=-0.064/0.410 pstd=0.384 gen=0.1s train=0.6s
[t=  42.3s] greedy ep 49 games=  96 dec= 19599 rows= 18844 horizon=0.40 L=0.00608 L/var=0.04 tgt=-0.053/0.408 pstd=0.377 gen=0.1s train=0.6s
[t=  43.1s] greedy ep 50 games=  96 dec= 17856 rows= 17099 horizon=0.25 L=0.00492 L/var=0.03 tgt=-0.078/0.412 pstd=0.376 gen=0.1s train=0.6s
[t=  43.9s] greedy ep 51 games=  96 dec= 17858 rows= 17043 horizon=0.24 L=0.00486 L/var=0.03 tgt=-0.083/0.433 pstd=0.379 gen=0.1s train=0.6s
[t=  44.8s] greedy ep 52 games=  96 dec= 18973 rows= 18262 horizon=0.35 L=0.00547 L/var=0.03 tgt=-0.080/0.397 pstd=0.374 gen=0.1s train=0.6s
[t=  45.6s] greedy ep 53 games=  96 dec= 17565 rows= 16777 horizon=0.19 L=0.00480 L/var=0.03 tgt=-0.076/0.397 pstd=0.383 gen=0.1s train=0.6s
[t=  46.4s] greedy ep 54 games=  96 dec= 17835 rows= 17151 horizon=0.25 L=0.00425 L/var=0.03 tgt=-0.070/0.384 pstd=0.394 gen=0.1s train=0.6s
[t=  47.2s] greedy ep 55 games=  96 dec= 17927 rows= 17096 horizon=0.25 L=0.00406 L/var=0.03 tgt=-0.069/0.363 pstd=0.383 gen=0.1s train=0.6s
[t=  48.1s] greedy ep 56 games=  96 dec= 18561 rows= 17765 horizon=0.28 L=0.00409 L/var=0.03 tgt=-0.062/0.381 pstd=0.378 gen=0.1s train=0.6s
[t=  48.9s] greedy ep 57 games=  96 dec= 18688 rows= 17872 horizon=0.25 L=0.00608 L/var=0.03 tgt=-0.082/0.422 pstd=0.374 gen=0.1s train=0.6s
[t=  49.8s] greedy ep 58 games=  96 dec= 19251 rows= 18414 horizon=0.34 L=0.00540 L/var=0.03 tgt=-0.092/0.413 pstd=0.376 gen=0.1s train=0.6s
[t=  50.7s] greedy ep 59 games=  96 dec= 19596 rows= 18724 horizon=0.36 L=0.00519 L/var=0.03 tgt=-0.071/0.392 pstd=0.382 gen=0.1s train=0.7s
[t=  51.6s] greedy ep 60 games=  96 dec= 18869 rows= 17979 horizon=0.30 L=0.00402 L/var=0.03 tgt=-0.087/0.395 pstd=0.382 gen=0.1s train=0.7s
[t=  52.4s] greedy ep 61 games=  96 dec= 18419 rows= 17673 horizon=0.25 L=0.00420 L/var=0.03 tgt=-0.071/0.408 pstd=0.385 gen=0.1s train=0.6s
[t=  53.3s] greedy ep 62 games=  96 dec= 19032 rows= 18186 horizon=0.32 L=0.00421 L/var=0.02 tgt=-0.082/0.423 pstd=0.381 gen=0.1s train=0.7s
[t=  54.3s] greedy ep 63 games=  96 dec= 19220 rows= 18443 horizon=0.29 L=0.00485 L/var=0.03 tgt=-0.067/0.401 pstd=0.392 gen=0.1s train=0.7s
[t=  55.2s] greedy ep 64 games=  96 dec= 17814 rows= 17050 horizon=0.25 L=0.00395 L/var=0.02 tgt=-0.077/0.407 pstd=0.378 gen=0.1s train=0.6s
[t=  56.0s] greedy ep 65 games=  96 dec= 18244 rows= 17509 horizon=0.28 L=0.00587 L/var=0.04 tgt=-0.079/0.389 pstd=0.381 gen=0.1s train=0.6s
[t=  56.9s] greedy ep 66 games=  96 dec= 18182 rows= 17491 horizon=0.29 L=0.00413 L/var=0.03 tgt=-0.084/0.400 pstd=0.386 gen=0.1s train=0.6s
[t=  57.8s] greedy ep 67 games=  96 dec= 18981 rows= 18182 horizon=0.35 L=0.00405 L/var=0.02 tgt=-0.087/0.426 pstd=0.389 gen=0.1s train=0.7s
[t=  58.7s] greedy ep 68 games=  96 dec= 18200 rows= 17313 horizon=0.25 L=0.00454 L/var=0.03 tgt=-0.057/0.399 pstd=0.386 gen=0.1s train=0.6s
[t=  59.6s] greedy ep 69 games=  96 dec= 18393 rows= 17591 horizon=0.28 L=0.00402 L/var=0.03 tgt=-0.084/0.390 pstd=0.380 gen=0.1s train=0.6s
[t=  60.4s] greedy ep 70 games=  96 dec= 18464 rows= 17707 horizon=0.33 L=0.00390 L/var=0.02 tgt=-0.094/0.424 pstd=0.384 gen=0.1s train=0.6s
[t=  61.3s] greedy ep 71 games=  96 dec= 18120 rows= 17396 horizon=0.26 L=0.00536 L/var=0.03 tgt=-0.064/0.411 pstd=0.398 gen=0.1s train=0.6s
[t=  62.1s] greedy ep 72 games=  96 dec= 19113 rows= 18368 horizon=0.34 L=0.00437 L/var=0.03 tgt=-0.105/0.413 pstd=0.389 gen=0.1s train=0.6s
[t=  62.9s] greedy ep 73 games=  96 dec= 17603 rows= 16838 horizon=0.20 L=0.00409 L/var=0.02 tgt=-0.097/0.416 pstd=0.388 gen=0.1s train=0.5s
[t=  63.6s] greedy ep 74 games=  96 dec= 18477 rows= 17679 horizon=0.27 L=0.00386 L/var=0.02 tgt=-0.080/0.425 pstd=0.388 gen=0.1s train=0.5s
[t=  64.4s] greedy ep 75 games=  96 dec= 19740 rows= 18936 horizon=0.40 L=0.00407 L/var=0.03 tgt=-0.051/0.381 pstd=0.390 gen=0.1s train=0.6s
[t=  65.1s] greedy ep 76 games=  96 dec= 18307 rows= 17464 horizon=0.20 L=0.00365 L/var=0.02 tgt=-0.073/0.386 pstd=0.383 gen=0.1s train=0.6s
[t=  65.9s] greedy ep 77 games=  96 dec= 18119 rows= 17313 horizon=0.25 L=0.00351 L/var=0.02 tgt=-0.096/0.418 pstd=0.393 gen=0.1s train=0.6s
[t=  66.6s] greedy ep 78 games=  96 dec= 18056 rows= 17283 horizon=0.26 L=0.00437 L/var=0.03 tgt=-0.067/0.398 pstd=0.387 gen=0.1s train=0.6s
[t=  67.4s] greedy ep 79 games=  96 dec= 18309 rows= 17527 horizon=0.28 L=0.00398 L/var=0.02 tgt=-0.048/0.403 pstd=0.384 gen=0.1s train=0.6s
[t=  68.1s] greedy ep 80 games=  96 dec= 18361 rows= 17605 horizon=0.29 L=0.00350 L/var=0.02 tgt=-0.092/0.423 pstd=0.389 gen=0.1s train=0.6s
[t=  68.8s] greedy ep 81 games=  96 dec= 17527 rows= 16734 horizon=0.25 L=0.00413 L/var=0.03 tgt=-0.065/0.398 pstd=0.386 gen=0.1s train=0.5s
[t=  69.6s] greedy ep 82 games=  96 dec= 17529 rows= 16756 horizon=0.23 L=0.00381 L/var=0.02 tgt=-0.061/0.397 pstd=0.388 gen=0.1s train=0.5s
[t=  70.3s] greedy ep 83 games=  96 dec= 16779 rows= 15994 horizon=0.18 L=0.00445 L/var=0.03 tgt=-0.050/0.399 pstd=0.377 gen=0.1s train=0.5s
[t=  71.0s] greedy ep 84 games=  96 dec= 19106 rows= 18300 horizon=0.35 L=0.00426 L/var=0.03 tgt=-0.060/0.405 pstd=0.384 gen=0.1s train=0.6s
[t=  71.8s] greedy ep 85 games=  96 dec= 18736 rows= 17960 horizon=0.29 L=0.00395 L/var=0.02 tgt=-0.082/0.405 pstd=0.386 gen=0.1s train=0.6s
[t=  72.6s] greedy ep 86 games=  96 dec= 18107 rows= 17332 horizon=0.26 L=0.00495 L/var=0.03 tgt=-0.063/0.393 pstd=0.364 gen=0.1s train=0.6s
[t=  73.3s] greedy ep 87 games=  96 dec= 17330 rows= 16586 horizon=0.24 L=0.00502 L/var=0.03 tgt=-0.085/0.395 pstd=0.388 gen=0.1s train=0.5s
[t=  74.0s] greedy ep 88 games=  96 dec= 18635 rows= 17758 horizon=0.27 L=0.00398 L/var=0.03 tgt=-0.061/0.389 pstd=0.384 gen=0.1s train=0.6s
[t=  74.8s] greedy ep 89 games=  96 dec= 17378 rows= 16633 horizon=0.24 L=0.00402 L/var=0.03 tgt=-0.079/0.397 pstd=0.386 gen=0.1s train=0.5s
[t=  75.5s] greedy ep 90 games=  96 dec= 18682 rows= 17886 horizon=0.31 L=0.00311 L/var=0.02 tgt=-0.098/0.418 pstd=0.382 gen=0.1s train=0.5s
[t=  76.3s] greedy ep 91 games=  96 dec= 18758 rows= 18046 horizon=0.32 L=0.00337 L/var=0.02 tgt=-0.077/0.383 pstd=0.385 gen=0.1s train=0.6s
[t=  77.1s] greedy ep 92 games=  96 dec= 18910 rows= 18161 horizon=0.30 L=0.00373 L/var=0.02 tgt=-0.080/0.401 pstd=0.379 gen=0.1s train=0.6s
[t=  77.8s] greedy ep 93 games=  96 dec= 18404 rows= 17653 horizon=0.34 L=0.00334 L/var=0.02 tgt=-0.102/0.417 pstd=0.382 gen=0.1s train=0.6s
[t=  78.6s] greedy ep 94 games=  96 dec= 18792 rows= 18006 horizon=0.33 L=0.00512 L/var=0.03 tgt=-0.081/0.391 pstd=0.376 gen=0.1s train=0.6s
[t=  79.4s] greedy ep 95 games=  96 dec= 18762 rows= 17940 horizon=0.24 L=0.00503 L/var=0.03 tgt=-0.088/0.399 pstd=0.381 gen=0.1s train=0.6s
[t=  80.1s] greedy ep 96 games=  96 dec= 17651 rows= 16892 horizon=0.24 L=0.00375 L/var=0.02 tgt=-0.080/0.418 pstd=0.380 gen=0.1s train=0.5s
[t=  80.9s] greedy ep 97 games=  96 dec= 17701 rows= 17006 horizon=0.27 L=0.00312 L/var=0.02 tgt=-0.090/0.413 pstd=0.393 gen=0.1s train=0.6s
[t=  81.7s] greedy ep 98 games=  96 dec= 18691 rows= 17958 horizon=0.35 L=0.00378 L/var=0.03 tgt=-0.069/0.364 pstd=0.390 gen=0.1s train=0.6s
[t=  82.4s] greedy ep 99 games=  96 dec= 19149 rows= 18268 horizon=0.29 L=0.00417 L/var=0.03 tgt=-0.083/0.398 pstd=0.379 gen=0.1s train=0.6s
[t=  83.2s] greedy ep100 games=  96 dec= 17996 rows= 17268 horizon=0.27 L=0.00351 L/var=0.02 tgt=-0.047/0.415 pstd=0.395 gen=0.1s train=0.6s
[t=  83.9s] greedy ep101 games=  96 dec= 17954 rows= 17173 horizon=0.26 L=0.00367 L/var=0.02 tgt=-0.101/0.429 pstd=0.387 gen=0.1s train=0.6s
[t=  84.7s] greedy ep102 games=  96 dec= 17228 rows= 16426 horizon=0.19 L=0.00383 L/var=0.02 tgt=-0.107/0.415 pstd=0.382 gen=0.1s train=0.5s
[t=  85.4s] greedy ep103 games=  96 dec= 17794 rows= 16980 horizon=0.24 L=0.00303 L/var=0.02 tgt=-0.076/0.398 pstd=0.384 gen=0.1s train=0.6s
[t=  86.2s] greedy ep104 games=  96 dec= 18854 rows= 17982 horizon=0.26 L=0.00292 L/var=0.02 tgt=-0.080/0.409 pstd=0.384 gen=0.1s train=0.6s
[t=  87.0s] greedy ep105 games=  96 dec= 18802 rows= 17936 horizon=0.30 L=0.00356 L/var=0.02 tgt=-0.084/0.410 pstd=0.388 gen=0.1s train=0.6s
[t=  87.8s] greedy ep106 games=  96 dec= 18161 rows= 17476 horizon=0.27 L=0.00316 L/var=0.02 tgt=-0.058/0.388 pstd=0.392 gen=0.1s train=0.6s
[t=  88.5s] greedy ep107 games=  96 dec= 17916 rows= 17157 horizon=0.27 L=0.00349 L/var=0.02 tgt=-0.081/0.408 pstd=0.383 gen=0.1s train=0.5s
[t=  89.3s] greedy ep108 games=  96 dec= 18149 rows= 17352 horizon=0.26 L=0.00429 L/var=0.03 tgt=-0.060/0.382 pstd=0.399 gen=0.1s train=0.6s
[t=  90.0s] greedy ep109 games=  96 dec= 18197 rows= 17400 horizon=0.24 L=0.00415 L/var=0.03 tgt=-0.067/0.387 pstd=0.385 gen=0.1s train=0.6s
[t=  90.8s] greedy ep110 games=  96 dec= 17538 rows= 16803 horizon=0.24 L=0.00293 L/var=0.02 tgt=-0.087/0.410 pstd=0.382 gen=0.1s train=0.5s
[t=  91.6s] greedy ep111 games=  96 dec= 19361 rows= 18532 horizon=0.36 L=0.00301 L/var=0.02 tgt=-0.073/0.400 pstd=0.388 gen=0.1s train=0.6s
[t=  92.3s] greedy ep112 games=  96 dec= 18029 rows= 17317 horizon=0.30 L=0.00293 L/var=0.02 tgt=-0.083/0.417 pstd=0.390 gen=0.1s train=0.6s
[t=  93.0s] greedy ep113 games=  96 dec= 18174 rows= 17387 horizon=0.28 L=0.00296 L/var=0.02 tgt=-0.042/0.413 pstd=0.400 gen=0.1s train=0.6s
[t=  93.8s] greedy ep114 games=  96 dec= 19319 rows= 18518 horizon=0.36 L=0.00364 L/var=0.02 tgt=-0.073/0.406 pstd=0.387 gen=0.1s train=0.6s
[t=  94.6s] greedy ep115 games=  96 dec= 17729 rows= 16977 horizon=0.17 L=0.00314 L/var=0.02 tgt=-0.043/0.407 pstd=0.391 gen=0.1s train=0.6s
[t=  95.4s] greedy ep116 games=  96 dec= 18403 rows= 17543 horizon=0.28 L=0.00354 L/var=0.02 tgt=-0.071/0.395 pstd=0.384 gen=0.1s train=0.6s
[t=  96.1s] greedy ep117 games=  96 dec= 17865 rows= 17051 horizon=0.27 L=0.00333 L/var=0.02 tgt=-0.067/0.406 pstd=0.390 gen=0.1s train=0.6s
[t=  96.9s] greedy ep118 games=  96 dec= 18550 rows= 17822 horizon=0.36 L=0.00327 L/var=0.02 tgt=-0.103/0.431 pstd=0.375 gen=0.1s train=0.6s
[t=  97.6s] greedy ep119 games=  96 dec= 18440 rows= 17650 horizon=0.26 L=0.00334 L/var=0.02 tgt=-0.088/0.406 pstd=0.390 gen=0.1s train=0.6s
[t=  98.4s] greedy ep120 games=  96 dec= 18888 rows= 17947 horizon=0.27 L=0.00388 L/var=0.02 tgt=-0.074/0.397 pstd=0.382 gen=0.1s train=0.6s
[t=  99.2s] greedy ep121 games=  96 dec= 18400 rows= 17640 horizon=0.29 L=0.00307 L/var=0.02 tgt=-0.074/0.377 pstd=0.380 gen=0.1s train=0.6s
[t= 100.0s] greedy ep122 games=  96 dec= 19500 rows= 18715 horizon=0.40 L=0.00349 L/var=0.02 tgt=-0.065/0.377 pstd=0.393 gen=0.1s train=0.6s
[t= 100.7s] greedy ep123 games=  96 dec= 18513 rows= 17694 horizon=0.27 L=0.00364 L/var=0.02 tgt=-0.071/0.405 pstd=0.384 gen=0.1s train=0.5s
[t= 101.5s] greedy ep124 games=  96 dec= 18892 rows= 18073 horizon=0.33 L=0.00352 L/var=0.02 tgt=-0.113/0.403 pstd=0.386 gen=0.1s train=0.6s
[t= 102.3s] greedy ep125 games=  96 dec= 18520 rows= 17651 horizon=0.25 L=0.00346 L/var=0.02 tgt=-0.076/0.404 pstd=0.388 gen=0.1s train=0.5s
[t= 103.0s] greedy ep126 games=  96 dec= 19645 rows= 18833 horizon=0.36 L=0.00267 L/var=0.02 tgt=-0.071/0.385 pstd=0.387 gen=0.1s train=0.6s
[t= 103.8s] greedy ep127 games=  96 dec= 17395 rows= 16683 horizon=0.19 L=0.00262 L/var=0.02 tgt=-0.067/0.378 pstd=0.395 gen=0.1s train=0.5s
[t= 104.5s] greedy ep128 games=  96 dec= 19317 rows= 18624 horizon=0.38 L=0.00360 L/var=0.02 tgt=-0.070/0.400 pstd=0.388 gen=0.1s train=0.6s
[t= 105.3s] greedy ep129 games=  96 dec= 18062 rows= 17333 horizon=0.27 L=0.00328 L/var=0.02 tgt=-0.067/0.388 pstd=0.373 gen=0.1s train=0.5s
[t= 106.1s] greedy ep130 games=  96 dec= 17908 rows= 17168 horizon=0.25 L=0.00418 L/var=0.03 tgt=-0.072/0.388 pstd=0.378 gen=0.1s train=0.6s
[t= 106.8s] greedy ep131 games=  96 dec= 17598 rows= 16794 horizon=0.20 L=0.00332 L/var=0.02 tgt=-0.072/0.400 pstd=0.382 gen=0.1s train=0.5s
[t= 107.6s] greedy ep132 games=  96 dec= 18760 rows= 17930 horizon=0.29 L=0.00270 L/var=0.02 tgt=-0.046/0.400 pstd=0.384 gen=0.1s train=0.6s
[t= 108.3s] greedy ep133 games=  96 dec= 18381 rows= 17624 horizon=0.30 L=0.00304 L/var=0.02 tgt=-0.085/0.417 pstd=0.385 gen=0.1s train=0.6s
[t= 109.1s] greedy ep134 games=  96 dec= 17570 rows= 16816 horizon=0.25 L=0.00247 L/var=0.01 tgt=-0.072/0.415 pstd=0.388 gen=0.1s train=0.5s
[t= 109.8s] greedy ep135 games=  96 dec= 17880 rows= 17050 horizon=0.19 L=0.00312 L/var=0.02 tgt=-0.097/0.429 pstd=0.383 gen=0.1s train=0.6s
[t= 110.6s] greedy ep136 games=  96 dec= 17693 rows= 16931 horizon=0.20 L=0.00387 L/var=0.03 tgt=-0.082/0.393 pstd=0.389 gen=0.1s train=0.6s
[t= 111.4s] greedy ep137 games=  96 dec= 18829 rows= 18139 horizon=0.33 L=0.00261 L/var=0.02 tgt=-0.103/0.413 pstd=0.385 gen=0.1s train=0.6s
[t= 112.1s] greedy ep138 games=  96 dec= 18667 rows= 17798 horizon=0.27 L=0.00246 L/var=0.02 tgt=-0.085/0.387 pstd=0.387 gen=0.1s train=0.6s
[t= 112.9s] greedy ep139 games=  96 dec= 19019 rows= 18235 horizon=0.33 L=0.00294 L/var=0.02 tgt=-0.078/0.391 pstd=0.390 gen=0.1s train=0.6s
[t= 113.7s] greedy ep140 games=  96 dec= 18185 rows= 17445 horizon=0.30 L=0.00300 L/var=0.02 tgt=-0.095/0.405 pstd=0.379 gen=0.1s train=0.6s
[t= 114.5s] greedy ep141 games=  96 dec= 19133 rows= 18326 horizon=0.31 L=0.00261 L/var=0.02 tgt=-0.072/0.412 pstd=0.385 gen=0.1s train=0.6s
[t= 115.2s] greedy ep142 games=  96 dec= 18194 rows= 17427 horizon=0.24 L=0.00297 L/var=0.02 tgt=-0.097/0.420 pstd=0.400 gen=0.1s train=0.6s
[t= 116.0s] greedy ep143 games=  96 dec= 18830 rows= 18028 horizon=0.30 L=0.00347 L/var=0.02 tgt=-0.073/0.412 pstd=0.393 gen=0.1s train=0.6s
[t= 116.8s] greedy ep144 games=  96 dec= 18909 rows= 18097 horizon=0.32 L=0.00305 L/var=0.02 tgt=-0.078/0.383 pstd=0.385 gen=0.1s train=0.6s
[t= 117.5s] greedy ep145 games=  96 dec= 17688 rows= 16849 horizon=0.23 L=0.00279 L/var=0.02 tgt=-0.083/0.391 pstd=0.389 gen=0.1s train=0.5s
[t= 118.3s] greedy ep146 games=  96 dec= 18242 rows= 17520 horizon=0.29 L=0.00304 L/var=0.02 tgt=-0.067/0.406 pstd=0.388 gen=0.1s train=0.6s
[t= 119.0s] greedy ep147 games=  96 dec= 17543 rows= 16790 horizon=0.23 L=0.00336 L/var=0.02 tgt=-0.072/0.389 pstd=0.381 gen=0.1s train=0.5s
[t= 119.7s] greedy ep148 games=  96 dec= 18707 rows= 17901 horizon=0.26 L=0.00527 L/var=0.03 tgt=-0.069/0.414 pstd=0.378 gen=0.1s train=0.6s
[t= 120.5s] greedy ep149 games=  96 dec= 18841 rows= 17963 horizon=0.30 L=0.00451 L/var=0.03 tgt=-0.078/0.397 pstd=0.382 gen=0.1s train=0.6s
[t= 120.5s] --- snapshot snap_00.pt (init) ---
[t= 120.5s] --- switching to GT-CFR ---
Traceback (most recent call last):
  File "/workspace/warchest-engine/train/train.py", line 886, in <module>
    main()
  File "/workspace/warchest-engine/train/train.py", line 866, in main
    run_search_pipeline()
  File "/workspace/warchest-engine/train/train.py", line 541, in run_search_pipeline
    farm = warchest.SolveFarm(
           ^^^^^^^^^^^^^^^^^^^
RuntimeError: built without the `gpu` feature: there is no CPU inference path
